Running at /scratch/bgre/97031
Submitdir is /homevip/bgre/RTM
Number of nodes: 1
Number of tasks: 20
Making SLURM ready at  Fri Jan  9 16:34:14 CET 2026
Starting slurm job at  Fri Jan 9 16:35:36 CET 2026
Running Python file at Fri Jan  9 16:35:36 CET 2026
Run started at 2026-01-09T15:35:57.831947+00:00



=================================================================================================================
Nadir Pixel Index    =  151
SceneName            =  Orbit_07883D
Specs                =  montecarlo - 3D - _AllLevels_TEST_5x5 - TEST   Buffer (5 x 5)
shape  (5145, 5, 5, 249)
Latitudes            = 58.00 -> 57.20
shape  (5145, 5, 5, 249)
Latitudes            = 58.00 -> 57.20
shape  (5145, 5, 5, 249)
Latitudes            = 58.00 -> 57.20
shape  (5145, 5, 5, 249)
Latitudes            = 58.00 -> 57.20
shape  (5145, 5, 5, 249)
Latitudes            = 58.00 -> 57.20
shape  (5145, 5, 5, 249)
Latitudes            = 58.00 -> 57.20
shape  (5145, 5, 5, 249)
Latitudes            = 58.00 -> 57.20
shape  (5145, 5, 5, 249)
Latitudes            = 58.00 -> 57.20
shape  (5145, 5, 5, 249)
Latitudes            = 58.00 -> 57.20
shape  (5145, 5, 5, 249)
Latitudes            = 58.00 -> 57.20
shape  (5145, 5, 5, 249)
Latitudes            = 58.00 -> 57.20
shape  (5145, 5, 5, 249)
Latitudes            = 58.00 -> 57.20
shape  (5145, 5, 5, 249)
Latitudes            = 58.00 -> 57.20
shape  (5145, 5, 5, 249)
Latitudes            = 58.00 -> 57.20
shape  (5145, 5, 5, 249)
Latitudes            = 58.00 -> 57.20
shape  (5145, 5, 5, 249)
Latitudes            = 58.00 -> 57.20
shape  (5145, 5, 5, 249)
Latitudes            = 58.00 -> 57.20
shape  (5145, 5, 5, 249)
Latitudes            = 58.00 -> 57.20
shape  (5145, 5, 5, 249)
Latitudes            = 58.00 -> 57.20
shape  (5145, 5, 5, 249)
Latitudes            = 58.00 -> 57.20
--------------------------- ia=1173 --------------------------
  Mean flux (solar) +- std = 38.87 +- 10.30
--------------------------------------------------------------

--------------------------- ia=1176 --------------------------
  Mean flux (solar) +- std = 38.47 +- 10.30
--------------------------------------------------------------

--------------------------- ia=1168 --------------------------
  Mean flux (solar) +- std = 34.25 +- 9.07
--------------------------------------------------------------

--------------------------- ia=1175 --------------------------
  Mean flux (solar) +- std = 37.85 +- 10.01
--------------------------------------------------------------

--------------------------- ia=1170 --------------------------
  Mean flux (solar) +- std = 37.47 +- 9.72
--------------------------------------------------------------

--------------------------- ia=1169 --------------------------
  Mean flux (solar) +- std = 40.71 +- 10.45
--------------------------------------------------------------

--------------------------- ia=1171 --------------------------
  Mean flux (solar) +- std = 39.27 +- 10.06
--------------------------------------------------------------

--------------------------- ia=1178 --------------------------
  Mean flux (solar) +- std = 38.57 +- 10.06
--------------------------------------------------------------

--------------------------- ia=1184 --------------------------
  Mean flux (solar) +- std = 42.94 +- 10.12
--------------------------------------------------------------

--------------------------- ia=1179 --------------------------
  Mean flux (solar) +- std = 36.66 +- 9.67
--------------------------------------------------------------

--------------------------- ia=1177 --------------------------
  Mean flux (solar) +- std = 37.31 +- 9.68
--------------------------------------------------------------

--------------------------- ia=1182 --------------------------
  Mean flux (solar) +- std = 39.84 +- 10.47
--------------------------------------------------------------

--------------------------- ia=1180 --------------------------
  Mean flux (solar) +- std = 39.11 +- 9.50
--------------------------------------------------------------

--------------------------- ia=1183 --------------------------
  Mean flux (solar) +- std = 41.13 +- 10.32
--------------------------------------------------------------

--------------------------- ia=1181 --------------------------
  Mean flux (solar) +- std = 43.03 +- 10.52
--------------------------------------------------------------

--------------------------- ia=1167 --------------------------
  Mean flux (solar) +- std = 37.87 +- 9.82
--------------------------------------------------------------

--------------------------- ia=1166 --------------------------
  Mean flux (solar) +- std = 35.29 +- 9.46
--------------------------------------------------------------

--------------------------- ia=1174 --------------------------
  Mean flux (solar) +- std = 36.02 +- 9.59
--------------------------------------------------------------

--------------------------- ia=1172 --------------------------
  Mean flux (solar) +- std = 38.47 +- 10.26
--------------------------------------------------------------

--------------------------- ia=1173 --------------------------
  Mean flux (thermal) +- std = nan +- 28.45
--------------------------------------------------------------

--------------------------- ia=1176 --------------------------
  Mean flux (thermal) +- std = nan +- 28.43
--------------------------------------------------------------

--------------------------- ia=1168 --------------------------
  Mean flux (thermal) +- std = nan +- 28.30
--------------------------------------------------------------

--------------------------- ia=1175 --------------------------
  Mean flux (thermal) +- std = nan +- 28.46
--------------------------------------------------------------

--------------------------- ia=1169 --------------------------
  Mean flux (thermal) +- std = nan +- 28.42
--------------------------------------------------------------

--------------------------- ia=1171 --------------------------
  Mean flux (thermal) +- std = nan +- 28.37
--------------------------------------------------------------

--------------------------- ia=1178 --------------------------
  Mean flux (thermal) +- std = nan +- 28.44
--------------------------------------------------------------

--------------------------- ia=1170 --------------------------
  Mean flux (thermal) +- std = nan +- 28.41
--------------------------------------------------------------

--------------------------- ia=1177 --------------------------
  Mean flux (thermal) +- std = nan +- 28.45
--------------------------------------------------------------

--------------------------- ia=1184 --------------------------
  Mean flux (thermal) +- std = nan +- 28.48
--------------------------------------------------------------

--------------------------- ia=1179 --------------------------
  Mean flux (thermal) +- std = nan +- 28.47
--------------------------------------------------------------

--------------------------- ia=1167 --------------------------
  Mean flux (thermal) +- std = nan +- 28.37
--------------------------------------------------------------

--------------------------- ia=1174 --------------------------
  Mean flux (thermal) +- std = nan +- 28.48
--------------------------------------------------------------

--------------------------- ia=1182 --------------------------
  Mean flux (thermal) +- std = nan +- 28.44
--------------------------------------------------------------

--------------------------- ia=1180 --------------------------
  Mean flux (thermal) +- std = nan +- 28.54
--------------------------------------------------------------

--------------------------- ia=1183 --------------------------
  Mean flux (thermal) +- std = nan +- 28.50
--------------------------------------------------------------

--------------------------- ia=1166 --------------------------
  Mean flux (thermal) +- std = nan +- 28.51
--------------------------------------------------------------

--------------------------- ia=1181 --------------------------
  Mean flux (thermal) +- std = nan +- 28.54
--------------------------------------------------------------

--------------------------- ia=1172 --------------------------
  Mean flux (thermal) +- std = nan +- 28.43
--------------------------------------------------------------

