Running at /scratch/bgre/92827
Submitdir is /homevip/bgre/RTM
Number of nodes: 1
Number of tasks: 3
Making SLURM ready at  Thu Dec 11 17:01:51 CET 2025
Starting slurm job at  Thu Dec 11 17:02:14 CET 2025
Running Python file at Thu Dec 11 17:02:14 CET 2025
Run started at 2025-12-11T16:02:21.344729+00:00



=================================================================================================================
Nadir Pixel Index    =  151
SceneName            =  Orbit_06888C
Specs                =  montecarlo - 3D - _all_levels - Large  Buffer (25 x 21)
shape  (2319, 249)
shape  (2319, 249)
     Process 1 started calculating ia=1932
shape  (2319, 249)
     Process 2 started calculating ia=1933
[WORKER  2] ia=1933, solar    
zout=[ 0.        0.126     0.229     0.332     0.434     0.537     0.64
  0.743     0.846     0.949     1.052     1.155     1.258     1.36
  1.463     1.566     1.669     1.772     1.875     1.978     2.081
  2.184     2.286     2.389     2.492     2.595     2.698     2.801
  2.904     3.007     3.11      3.212     3.315     3.418     3.521
  3.624     3.727     3.83      3.933     4.036     4.139     4.241
  4.344     4.447     4.55      4.653     4.756     4.859     4.962
  5.065     5.167     5.27      5.373     5.476     5.579     5.682
  5.785     5.888     5.991     6.093     6.196     6.299     6.402
  6.505     6.608     6.711     6.814     6.917     7.019     7.122
  7.225     7.328     7.431     7.534     7.637     7.74      7.843
  7.945     8.048     8.151     8.254     8.357     8.46      8.563
  8.666     8.769     8.871     8.974     9.077     9.18      9.283
  9.386     9.489     9.592     9.695     9.798     9.9      10.003
 10.106    10.209    10.312    10.415    10.518    10.621    10.724
 10.826    10.929    11.032    11.135    11.238    11.341    11.444
 11.547    11.65     11.752    11.855    11.958    12.061    12.164
 12.267    12.37     12.473    12.576    12.678    12.781    12.884
 12.987    13.09     13.193    13.296    13.399    13.502    13.604
 13.707    13.81     13.913    14.016    14.119    14.222    14.325
 14.428    14.531    14.633    14.736    14.839    14.942    15.045
 15.148    15.251    15.354    15.457    15.559    15.662    15.765
 15.868    15.971    16.073999 16.177    16.280001 16.382999 16.485001
 16.587999 16.691    16.794001 16.896999 17.       17.103001 17.205999
 17.309    17.410999 17.514    17.617001 17.719999 17.823    17.926001
 18.028999 18.132    18.235001 18.337    18.440001 18.542999 18.646
 18.749001 18.851999 18.955    19.058001 19.160999 19.264    19.365999
 19.469    19.572001 19.674999 19.778    19.881001 19.983999 20.087
 20.190001 20.489    20.985001 21.48     21.976    22.472    22.968
 23.462999 23.959    24.455    24.951    25.445999 25.941999 26.438
 26.934    27.429001 27.924999 28.421    28.917    29.412001 29.908001
 30.403999 30.9      31.395    31.891001 32.387001 32.882999 33.377998
 33.874001 34.369999 34.866001 35.361    35.856998 36.353001 36.848999
 37.344002 37.84     38.335999 38.832001 39.327    39.823002 40.323002
 45.323002 50.323002 55.323002 60.323002 65.322998] 
eup=[  0.         8.366823   8.4781     8.60367    8.791688   9.074783
  12.79309   19.26661   24.23214   28.15503   30.11493   30.54759
  31.30276   32.46264   48.21764   87.99173  153.0786   211.1196
 265.5803   299.4326   303.4373   305.7749   307.9515   309.9984
 311.3305   311.7796   311.4818   311.5111   311.3911   311.2519
 311.1038   311.1804   311.122    311.2628   311.132    311.2542
 311.3436   311.3919   311.6728   311.946    312.0555   312.2342
 312.2953   312.3583   312.2465   312.3144   312.3942   312.4058
 312.5977   312.6734   312.8796   313.0548   313.2481   313.3466
 313.4824   313.7608   313.7768   313.9135   314.7278   314.6769
 314.8457   315.0372   315.1937   315.3751   315.9549   316.2339
 316.5693   316.7605   316.6573   316.9126   316.9123   317.1619
 317.3787   317.6817   317.3616   317.6525   317.8546   317.9785
 318.0936   318.183    318.3139   318.3425   318.6395   318.9731
 319.3811   319.5496   319.8621   320.2357   320.4022   320.6539
 320.831    320.8776   321.075    321.1919   321.2534   321.3503
 321.3065   321.4238   321.4325   321.5717   321.6331   321.6926
 321.6989   321.6502   321.8722   321.9887   322.0514   322.237
 322.2245   322.2281   322.2293   322.323    322.3021   322.41
 322.463    322.5698   322.6585   322.5804   322.6889   322.7471
 322.7765   322.8639   322.9125   323.0374   323.0109   323.1269
 322.998    322.97     322.9588   322.9534   323.0045   322.9528
 323.0111   322.9749   323.0859   323.0677   323.1003   322.985
 322.9993   323.0327   323.2089   323.2933   323.361    323.3367
 323.3163   323.2293   323.1998   323.2453   323.213    323.3157
 323.3741   323.4289   323.6064   323.562    323.6457   323.5687
 323.5607   323.5623   323.6517   323.5684   323.5536   323.5309
 323.5552   323.4668   323.4922   323.4885   323.5016   323.6127
 323.7097   323.688    323.6517   323.7022   323.6624   323.616
 323.5388   323.4308   323.3386   323.3831   323.3769   323.4896
 323.5295   323.5462   323.5648   323.5248   323.5222   323.4887
 323.4633   323.4631   323.4767   323.5717   323.5232   323.6067
 323.5728   323.5869   323.5552   323.5648   323.6063   323.5374
 323.4757   323.3869   323.2574   323.2624   323.1741   322.9328
 322.7714   322.5408   322.5121   322.4952   322.3795   322.3685
 322.3002   322.2072   322.2072   322.1456   322.0939   322.0156
 321.9778   321.9246   321.8334   321.8053   321.797    321.7113
 321.6244   321.6136   321.5909   321.5396   321.5466   321.4891
 321.5134   321.4015   321.3621   321.3226   321.3136   321.2887
 321.2724   321.2403   321.2376   321.227    321.1626   321.0939
 321.077    321.0807   321.0881  ]
---------------------------- INFO -------------------------
[ 0.        0.126     0.229     0.332     0.434     0.537     0.64
  0.743     0.846     0.949     1.052     1.155     1.258     1.36
  1.463     1.566     1.669     1.772     1.875     1.978     2.081
  2.184     2.286     2.389     2.492     2.595     2.698     2.801
  2.904     3.007     3.11      3.212     3.315     3.418     3.521
  3.624     3.727     3.83      3.933     4.036     4.139     4.241
  4.344     4.447     4.55      4.653     4.756     4.859     4.962
  5.065     5.167     5.27      5.373     5.476     5.579     5.682
  5.785     5.888     5.991     6.093     6.196     6.299     6.402
  6.505     6.608     6.711     6.814     6.917     7.019     7.122
  7.225     7.328     7.431     7.534     7.637     7.74      7.843
  7.945     8.048     8.151     8.254     8.357     8.46      8.563
  8.666     8.769     8.871     8.974     9.077     9.18      9.283
  9.386     9.489     9.592     9.695     9.798     9.9      10.003
 10.106    10.209    10.312    10.415    10.518    10.621    10.724
 10.826    10.929    11.032    11.135    11.238    11.341    11.444
 11.547    11.65     11.752    11.855    11.958    12.061    12.164
 12.267    12.37     12.473    12.576    12.678    12.781    12.884
 12.987    13.09     13.193    13.296    13.399    13.502    13.604
 13.707    13.81     13.913    14.016    14.119    14.222    14.325
 14.428    14.531    14.633    14.736    14.839    14.942    15.045
 15.148    15.251    15.354    15.457    15.559    15.662    15.765
 15.868    15.971    16.073999 16.177    16.280001 16.382999 16.485001
 16.587999 16.691    16.794001 16.896999 17.       17.103001 17.205999
 17.309    17.410999 17.514    17.617001 17.719999 17.823    17.926001
 18.028999 18.132    18.235001 18.337    18.440001 18.542999 18.646
 18.749001 18.851999 18.955    19.058001 19.160999 19.264    19.365999
 19.469    19.572001 19.674999 19.778    19.881001 19.983999 20.087
 20.190001 20.489    20.985001 21.48     21.976    22.472    22.968
 23.462999 23.959    24.455    24.951    25.445999 25.941999 26.438
 26.934    27.429001 27.924999 28.421    28.917    29.412001 29.908001
 30.403999 30.9      31.395    31.891001 32.387001 32.882999 33.377998
 33.874001 34.369999 34.866001 35.361    35.856998 36.353001 36.848999
 37.344002 37.84     38.335999 38.832001 39.327    39.823002 40.323002
 45.323002 50.323002 55.323002 60.323002 65.322998] 
 [  0.         8.366823   8.4781     8.60367    8.791688   9.074783
  12.79309   19.26661   24.23214   28.15503   30.11493   30.54759
  31.30276   32.46264   48.21764   87.99173  153.0786   211.1196
 265.5803   299.4326   303.4373   305.7749   307.9515   309.9984
 311.3305   311.7796   311.4818   311.5111   311.3911   311.2519
 311.1038   311.1804   311.122    311.2628   311.132    311.2542
 311.3436   311.3919   311.6728   311.946    312.0555   312.2342
 312.2953   312.3583   312.2465   312.3144   312.3942   312.4058
 312.5977   312.6734   312.8796   313.0548   313.2481   313.3466
 313.4824   313.7608   313.7768   313.9135   314.7278   314.6769
 314.8457   315.0372   315.1937   315.3751   315.9549   316.2339
 316.5693   316.7605   316.6573   316.9126   316.9123   317.1619
 317.3787   317.6817   317.3616   317.6525   317.8546   317.9785
 318.0936   318.183    318.3139   318.3425   318.6395   318.9731
 319.3811   319.5496   319.8621   320.2357   320.4022   320.6539
 320.831    320.8776   321.075    321.1919   321.2534   321.3503
 321.3065   321.4238   321.4325   321.5717   321.6331   321.6926
 321.6989   321.6502   321.8722   321.9887   322.0514   322.237
 322.2245   322.2281   322.2293   322.323    322.3021   322.41
 322.463    322.5698   322.6585   322.5804   322.6889   322.7471
 322.7765   322.8639   322.9125   323.0374   323.0109   323.1269
 322.998    322.97     322.9588   322.9534   323.0045   322.9528
 323.0111   322.9749   323.0859   323.0677   323.1003   322.985
 322.9993   323.0327   323.2089   323.2933   323.361    323.3367
 323.3163   323.2293   323.1998   323.2453   323.213    323.3157
 323.3741   323.4289   323.6064   323.562    323.6457   323.5687
 323.5607   323.5623   323.6517   323.5684   323.5536   323.5309
 323.5552   323.4668   323.4922   323.4885   323.5016   323.6127
 323.7097   323.688    323.6517   323.7022   323.6624   323.616
 323.5388   323.4308   323.3386   323.3831   323.3769   323.4896
 323.5295   323.5462   323.5648   323.5248   323.5222   323.4887
 323.4633   323.4631   323.4767   323.5717   323.5232   323.6067
 323.5728   323.5869   323.5552   323.5648   323.6063   323.5374
 323.4757   323.3869   323.2574   323.2624   323.1741   322.9328
 322.7714   322.5408   322.5121   322.4952   322.3795   322.3685
 322.3002   322.2072   322.2072   322.1456   322.0939   322.0156
 321.9778   321.9246   321.8334   321.8053   321.797    321.7113
 321.6244   321.6136   321.5909   321.5396   321.5466   321.4891
 321.5134   321.4015   321.3621   321.3226   321.3136   321.2887
 321.2724   321.2403   321.2376   321.227    321.1626   321.0939
 321.077    321.0807   321.0881  ] 


len(zout) = 243
[WORKER  1] ia=1932, solar    
zout=[ 0.        0.127     0.23      0.333     0.436     0.539     0.642
  0.745     0.848     0.95      1.053     1.156     1.259     1.362
  1.465     1.568     1.671     1.774     1.876     1.979     2.082
  2.185     2.288     2.391     2.494     2.597     2.7       2.802
  2.905     3.008     3.111     3.214     3.317     3.42      3.523
  3.626     3.728     3.831     3.934     4.037     4.14      4.243
  4.346     4.449     4.552     4.654     4.757     4.86      4.963
  5.066     5.169     5.272     5.375     5.478     5.58      5.683
  5.786     5.889     5.992     6.095     6.198     6.301     6.404
  6.507     6.609     6.712     6.815     6.918     7.021     7.124
  7.227     7.33      7.433     7.535     7.638     7.741     7.844
  7.947     8.05      8.153     8.256     8.359     8.461     8.564
  8.667     8.77      8.873     8.976     9.079     9.182     9.285
  9.387     9.49      9.593     9.696     9.799     9.902    10.005
 10.108    10.211    10.313    10.416    10.519    10.622    10.725
 10.828    10.931    11.034    11.137    11.239    11.342    11.445
 11.548    11.651    11.754    11.857    11.96     12.063    12.166
 12.268    12.371    12.474    12.577    12.68     12.783    12.886
 12.989    13.092    13.194    13.297    13.4      13.503    13.606
 13.709    13.812    13.915    14.018    14.12     14.223    14.326
 14.429    14.532    14.635    14.738    14.841    14.944    15.046
 15.149    15.252    15.355    15.458    15.561    15.664    15.767
 15.87     15.972    16.075001 16.177999 16.281    16.384001 16.487
 16.59     16.693001 16.796    16.899    17.000999 17.104    17.207001
 17.309999 17.413    17.516001 17.618999 17.722    17.825001 17.927
 18.030001 18.132999 18.236    18.339001 18.441999 18.545    18.648001
 18.750999 18.853001 18.955999 19.059    19.162001 19.264999 19.368
 19.471001 19.573999 19.677    19.778999 19.882    19.985001 20.087999
 20.191    20.49     20.986    21.482    21.978001 22.473    22.969
 23.465    23.961    24.455999 24.952    25.448    25.944    26.438999
 26.934999 27.431    27.927    28.422001 28.917999 29.414    29.91
 30.405001 30.900999 31.396999 31.893    32.388    32.883999 33.380001
 33.875999 34.370998 34.867001 35.362999 35.859001 36.354    36.849998
 37.346001 37.841999 38.337002 38.833    39.328999 39.825001 40.325001
 45.325001 50.325001 55.325001 60.325001 65.324997] 
eup=[  0.         8.508574   8.728002   8.8665     9.054771   9.106671
  12.98701   19.32768   23.53557   26.90581   28.13573   28.63079
  29.27779   30.52755   46.24467   83.54783  152.6187   212.3331
 266.0306   300.2661   304.6303   307.0507   309.3302   312.0121
 313.3723   313.5885   313.4644   313.6489   313.475    313.2551
 313.3088   313.5556   313.7139   313.7792   313.6566   313.7428
 313.7915   313.8011   313.9164   314.0805   314.2979   314.3621
 314.352    314.4356   314.561    314.5367   314.5768   314.66
 314.926    314.8942   314.9923   315.1219   315.3329   315.3771
 315.1931   315.6089   315.556    315.6982   315.8325   315.9456
 315.9475   316.0661   316.1719   316.45     316.7273   316.8001
 316.9406   316.9414   317.2838   317.2951   317.6702   317.5257
 317.7928   318.101    318.183    318.2919   318.643    318.7553
 318.9823   319.1401   319.1769   319.3246   319.8864   320.0569
 320.4331   320.3885   320.6007   320.5683   321.062    321.2439
 321.3066   321.6682   321.9294   322.4317   322.7463   322.8982
 322.9108   322.8373   322.9406   322.9115   323.0247   323.0491
 323.1237   323.0378   323.0771   323.1537   323.1073   323.313
 323.2601   323.3138   323.2964   323.3358   323.3838   323.3308
 323.2984   323.2354   323.3101   323.3615   323.302    323.1817
 323.1292   323.0802   323.0625   323.0985   323.1572   323.1692
 323.3137   323.2771   323.2478   323.2018   323.2393   323.3539
 323.4338   323.3723   323.3355   323.2952   323.3904   323.3927
 323.3747   323.2714   323.4026   323.4402   323.2766   323.2185
 323.3378   323.3113   323.2331   323.2022   323.247    323.2024
 323.1708   323.1235   323.0624   323.0872   323.0939   323.1096
 322.9735   322.9524   322.9767   322.9899   323.0552   323.0332
 323.0688   323.1204   323.1765   323.33     323.3627   323.4376
 323.5154   323.481    323.3058   323.2418   323.2005   323.1786
 323.2735   323.3228   323.2101   323.1093   323.1133   323.0777
 323.1133   323.0934   323.0617   323.0457   323.0239   322.8946
 322.8765   322.8766   322.8945   322.7838   322.7329   322.6022
 322.6171   322.5648   322.5691   322.5364   322.4801   322.6566
 322.5784   322.4297   322.4162   322.3689   322.3227   322.212
 322.1098   322.0559   321.9495   321.8839   321.834    321.7508
 321.6651   321.6842   321.6126   321.5111   321.4231   321.3522
 321.2993   321.2163   321.1299   321.1614   321.1177   321.0292
 321.0132   320.9469   320.9569   320.8751   320.8893   320.8908
 320.8894   320.8951   320.8197   320.8164   320.7941   320.7993
 320.7836   320.7629   320.7856   320.7677   320.7781   320.7723
 320.7337   320.7529   320.7517  ]
---------------------------- INFO -------------------------
[ 0.        0.127     0.23      0.333     0.436     0.539     0.642
  0.745     0.848     0.95      1.053     1.156     1.259     1.362
  1.465     1.568     1.671     1.774     1.876     1.979     2.082
  2.185     2.288     2.391     2.494     2.597     2.7       2.802
  2.905     3.008     3.111     3.214     3.317     3.42      3.523
  3.626     3.728     3.831     3.934     4.037     4.14      4.243
  4.346     4.449     4.552     4.654     4.757     4.86      4.963
  5.066     5.169     5.272     5.375     5.478     5.58      5.683
  5.786     5.889     5.992     6.095     6.198     6.301     6.404
  6.507     6.609     6.712     6.815     6.918     7.021     7.124
  7.227     7.33      7.433     7.535     7.638     7.741     7.844
  7.947     8.05      8.153     8.256     8.359     8.461     8.564
  8.667     8.77      8.873     8.976     9.079     9.182     9.285
  9.387     9.49      9.593     9.696     9.799     9.902    10.005
 10.108    10.211    10.313    10.416    10.519    10.622    10.725
 10.828    10.931    11.034    11.137    11.239    11.342    11.445
 11.548    11.651    11.754    11.857    11.96     12.063    12.166
 12.268    12.371    12.474    12.577    12.68     12.783    12.886
 12.989    13.092    13.194    13.297    13.4      13.503    13.606
 13.709    13.812    13.915    14.018    14.12     14.223    14.326
 14.429    14.532    14.635    14.738    14.841    14.944    15.046
 15.149    15.252    15.355    15.458    15.561    15.664    15.767
 15.87     15.972    16.075001 16.177999 16.281    16.384001 16.487
 16.59     16.693001 16.796    16.899    17.000999 17.104    17.207001
 17.309999 17.413    17.516001 17.618999 17.722    17.825001 17.927
 18.030001 18.132999 18.236    18.339001 18.441999 18.545    18.648001
 18.750999 18.853001 18.955999 19.059    19.162001 19.264999 19.368
 19.471001 19.573999 19.677    19.778999 19.882    19.985001 20.087999
 20.191    20.49     20.986    21.482    21.978001 22.473    22.969
 23.465    23.961    24.455999 24.952    25.448    25.944    26.438999
 26.934999 27.431    27.927    28.422001 28.917999 29.414    29.91
 30.405001 30.900999 31.396999 31.893    32.388    32.883999 33.380001
 33.875999 34.370998 34.867001 35.362999 35.859001 36.354    36.849998
 37.346001 37.841999 38.337002 38.833    39.328999 39.825001 40.325001
 45.325001 50.325001 55.325001 60.325001 65.324997] 
 [  0.         8.508574   8.728002   8.8665     9.054771   9.106671
  12.98701   19.32768   23.53557   26.90581   28.13573   28.63079
  29.27779   30.52755   46.24467   83.54783  152.6187   212.3331
 266.0306   300.2661   304.6303   307.0507   309.3302   312.0121
 313.3723   313.5885   313.4644   313.6489   313.475    313.2551
 313.3088   313.5556   313.7139   313.7792   313.6566   313.7428
 313.7915   313.8011   313.9164   314.0805   314.2979   314.3621
 314.352    314.4356   314.561    314.5367   314.5768   314.66
 314.926    314.8942   314.9923   315.1219   315.3329   315.3771
 315.1931   315.6089   315.556    315.6982   315.8325   315.9456
 315.9475   316.0661   316.1719   316.45     316.7273   316.8001
 316.9406   316.9414   317.2838   317.2951   317.6702   317.5257
 317.7928   318.101    318.183    318.2919   318.643    318.7553
 318.9823   319.1401   319.1769   319.3246   319.8864   320.0569
 320.4331   320.3885   320.6007   320.5683   321.062    321.2439
 321.3066   321.6682   321.9294   322.4317   322.7463   322.8982
 322.9108   322.8373   322.9406   322.9115   323.0247   323.0491
 323.1237   323.0378   323.0771   323.1537   323.1073   323.313
 323.2601   323.3138   323.2964   323.3358   323.3838   323.3308
 323.2984   323.2354   323.3101   323.3615   323.302    323.1817
 323.1292   323.0802   323.0625   323.0985   323.1572   323.1692
 323.3137   323.2771   323.2478   323.2018   323.2393   323.3539
 323.4338   323.3723   323.3355   323.2952   323.3904   323.3927
 323.3747   323.2714   323.4026   323.4402   323.2766   323.2185
 323.3378   323.3113   323.2331   323.2022   323.247    323.2024
 323.1708   323.1235   323.0624   323.0872   323.0939   323.1096
 322.9735   322.9524   322.9767   322.9899   323.0552   323.0332
 323.0688   323.1204   323.1765   323.33     323.3627   323.4376
 323.5154   323.481    323.3058   323.2418   323.2005   323.1786
 323.2735   323.3228   323.2101   323.1093   323.1133   323.0777
 323.1133   323.0934   323.0617   323.0457   323.0239   322.8946
 322.8765   322.8766   322.8945   322.7838   322.7329   322.6022
 322.6171   322.5648   322.5691   322.5364   322.4801   322.6566
 322.5784   322.4297   322.4162   322.3689   322.3227   322.212
 322.1098   322.0559   321.9495   321.8839   321.834    321.7508
 321.6651   321.6842   321.6126   321.5111   321.4231   321.3522
 321.2993   321.2163   321.1299   321.1614   321.1177   321.0292
 321.0132   320.9469   320.9569   320.8751   320.8893   320.8908
 320.8894   320.8951   320.8197   320.8164   320.7941   320.7993
 320.7836   320.7629   320.7856   320.7677   320.7781   320.7723
 320.7337   320.7529   320.7517  ] 


len(zout) = 243
