    0.000    0.000000  0.000000e+00  3.516005e+02 
    0.000    0.103000  0.000000e+00  3.507114e+02 
    0.000    0.206000  0.000000e+00  3.494973e+02 
    0.000    0.309000  0.000000e+00  3.481300e+02 
    0.000    0.412000  0.000000e+00  3.467300e+02 
    0.000    0.514000  0.000000e+00  3.453441e+02 
    0.000    0.617000  0.000000e+00  3.438193e+02 
    0.000    0.720000  0.000000e+00  3.421923e+02 
    0.000    0.823000  0.000000e+00  3.404974e+02 
    0.000    0.926000  0.000000e+00  3.387419e+02 
    0.000    1.029000  0.000000e+00  3.368958e+02 
    0.000    1.132000  0.000000e+00  3.349986e+02 
    0.000    1.235000  0.000000e+00  3.329972e+02 
    0.000    1.338000  0.000000e+00  3.309577e+02 
    0.000    1.440000  0.000000e+00  3.289203e+02 
    0.000    1.543000  0.000000e+00  3.268514e+02 
    0.000    1.646000  0.000000e+00  3.246931e+02 
    0.000    1.749000  0.000000e+00  3.224106e+02 
    0.000    1.852000  0.000000e+00  3.159528e+02 
    0.000    1.955000  0.000000e+00  3.084295e+02 
    0.000    2.058000  0.000000e+00  3.005695e+02 
    0.000    2.161000  0.000000e+00  2.996771e+02 
    0.000    2.264000  0.000000e+00  2.985854e+02 
    0.000    2.366000  0.000000e+00  2.973588e+02 
    0.000    2.469000  0.000000e+00  2.960071e+02 
    0.000    2.572000  0.000000e+00  2.945800e+02 
    0.000    2.675000  0.000000e+00  2.922724e+02 
    0.000    2.778000  0.000000e+00  2.912765e+02 
    0.000    2.881000  0.000000e+00  2.902241e+02 
    0.000    2.984000  0.000000e+00  2.891170e+02 
    0.000    3.087000  0.000000e+00  2.879811e+02 
    0.000    3.190000  0.000000e+00  2.868173e+02 
    0.000    3.292000  0.000000e+00  2.856490e+02 
    0.000    3.395000  0.000000e+00  2.844569e+02 
    0.000    3.498000  0.000000e+00  2.832601e+02 
    0.000    3.601000  0.000000e+00  2.820561e+02 
    0.000    3.704000  0.000000e+00  2.808440e+02 
    0.000    3.807000  0.000000e+00  2.796331e+02 
    0.000    3.910000  0.000000e+00  2.784221e+02 
    0.000    4.013000  0.000000e+00  2.772173e+02 
    0.000    4.116000  0.000000e+00  2.760116e+02 
    0.000    4.218000  0.000000e+00  2.748090e+02 
    0.000    4.321000  0.000000e+00  2.736029e+02 
    0.000    4.424000  0.000000e+00  2.723989e+02 
    0.000    4.527000  0.000000e+00  2.712031e+02 
    0.000    4.630000  0.000000e+00  2.700163e+02 
    0.000    4.733000  0.000000e+00  2.688311e+02 
    0.000    4.836000  0.000000e+00  2.676559e+02 
    0.000    4.939000  0.000000e+00  2.664890e+02 
    0.000    5.042000  0.000000e+00  2.653288e+02 
    0.000    5.144000  0.000000e+00  2.641900e+02 
    0.000    5.247000  0.000000e+00  2.630493e+02 
    0.000    5.350000  0.000000e+00  2.619210e+02 
    0.000    5.453000  0.000000e+00  2.608094e+02 
    0.000    5.556000  0.000000e+00  2.597134e+02 
    0.000    5.659000  0.000000e+00  2.586364e+02 
    0.000    5.762000  0.000000e+00  2.575793e+02 
    0.000    5.865000  0.000000e+00  2.565413e+02 
    0.000    5.968000  0.000000e+00  2.555258e+02 
    0.000    6.071000  0.000000e+00  2.545303e+02 
    0.000    6.173000  0.000000e+00  2.535613e+02 
    0.000    6.276000  0.000000e+00  2.525498e+02 
    0.000    6.379000  0.000000e+00  2.515519e+02 
    0.000    6.482000  0.000000e+00  2.505613e+02 
    0.000    6.585000  0.000000e+00  2.495918e+02 
    0.000    6.688000  0.000000e+00  2.486357e+02 
    0.000    6.791000  0.000000e+00  2.476658e+02 
    0.000    6.894000  0.000000e+00  2.467518e+02 
    0.000    6.997000  0.000000e+00  2.457641e+02 
    0.000    7.099000  0.000000e+00  2.449061e+02 
    0.000    7.202000  0.000000e+00  2.442053e+02 
    0.000    7.305000  0.000000e+00  2.436657e+02 
    0.000    7.408000  0.000000e+00  2.432193e+02 
    0.000    7.511000  0.000000e+00  2.428969e+02 
    0.000    7.614000  0.000000e+00  2.426736e+02 
    0.000    7.717000  0.000000e+00  2.424634e+02 
    0.000    7.820000  0.000000e+00  2.422736e+02 
    0.000    7.923000  0.000000e+00  2.420676e+02 
    0.000    8.025000  0.000000e+00  2.419408e+02 
    0.000    8.127999  0.000000e+00  2.417712e+02 
    0.000    8.231000  0.000000e+00  2.416177e+02 
    0.000    8.334000  0.000000e+00  2.414482e+02 
    0.000    8.436999  0.000000e+00  2.412298e+02 
    0.000    8.540000  0.000000e+00  2.409758e+02 
    0.000    8.643000  0.000000e+00  2.407304e+02 
    0.000    8.745999  0.000000e+00  2.404880e+02 
    0.000    8.849000  0.000000e+00  2.403650e+02 
    0.000    8.950999  0.000000e+00  2.402413e+02 
    0.000    9.054000  0.000000e+00  2.401149e+02 
    0.000    9.157000  0.000000e+00  2.399892e+02 
    0.000    9.259999  0.000000e+00  2.398750e+02 
    0.000    9.363000  0.000000e+00  2.397688e+02 
    0.000    9.466000  0.000000e+00  2.396682e+02 
    0.000    9.568999  0.000000e+00  2.395760e+02 
    0.000    9.672000  0.000000e+00  2.394901e+02 
    0.000    9.775000  0.000000e+00  2.394135e+02 
    0.000    9.877000  0.000000e+00  2.393554e+02 
    0.000    9.980000  0.000000e+00  2.393096e+02 
    0.000   10.082999  0.000000e+00  2.392677e+02 
    0.000   10.186000  0.000000e+00  2.392216e+02 
    0.000   10.289000  0.000000e+00  2.391738e+02 
    0.000   10.391999  0.000000e+00  2.391241e+02 
    0.000   10.495000  0.000000e+00  2.390693e+02 
    0.000   10.598000  0.000000e+00  2.390117e+02 
    0.000   10.700999  0.000000e+00  2.389528e+02 
    0.000   10.802999  0.000000e+00  2.388930e+02 
    0.000   10.905999  0.000000e+00  2.388320e+02 
    0.000   11.009000  0.000000e+00  2.387684e+02 
    0.000   11.112000  0.000000e+00  2.386967e+02 
    0.000   11.214999  0.000000e+00  2.386197e+02 
    0.000   11.318000  0.000000e+00  2.385399e+02 
    0.000   11.421000  0.000000e+00  2.384571e+02 
    0.000   11.523999  0.000000e+00  2.383723e+02 
    0.000   11.627000  0.000000e+00  2.382869e+02 
    0.000   11.730000  0.000000e+00  2.382027e+02 
    0.000   11.832000  0.000000e+00  2.381205e+02 
    0.000   11.934999  0.000000e+00  2.380382e+02 
    0.000   12.037999  0.000000e+00  2.379557e+02 
    0.000   12.141000  0.000000e+00  2.378732e+02 
    0.000   12.243999  0.000000e+00  2.377910e+02 
    0.000   12.346999  0.000000e+00  2.377088e+02 
    0.000   12.450000  0.000000e+00  2.376266e+02 
    0.000   12.552999  0.000000e+00  2.375448e+02 
    0.000   12.655999  0.000000e+00  2.374666e+02 
    0.000   12.757999  0.000000e+00  2.373931e+02 
    0.000   12.861000  0.000000e+00  2.373214e+02 
    0.000   12.964000  0.000000e+00  2.372524e+02 
    0.000   13.066999  0.000000e+00  2.371857e+02 
    0.000   13.170000  0.000000e+00  2.371209e+02 
    0.000   13.273000  0.000000e+00  2.370579e+02 
    0.000   13.375999  0.000000e+00  2.369967e+02 
    0.000   13.479000  0.000000e+00  2.369370e+02 
    0.000   13.582000  0.000000e+00  2.368788e+02 
    0.000   13.684000  0.000000e+00  2.368229e+02 
    0.000   13.787000  0.000000e+00  2.367680e+02 
    0.000   13.889999  0.000000e+00  2.367145e+02 
    0.000   13.993000  0.000000e+00  2.366618e+02 
    0.000   14.096000  0.000000e+00  2.366099e+02 
    0.000   14.198999  0.000000e+00  2.365587e+02 
    0.000   14.302000  0.000000e+00  2.365089e+02 
    0.000   14.405000  0.000000e+00  2.364606e+02 
    0.000   14.507999  0.000000e+00  2.364136e+02 
    0.000   14.610000  0.000000e+00  2.363677e+02 
    0.000   14.712999  0.000000e+00  2.363217e+02 
    0.000   14.816000  0.000000e+00  2.362760e+02 
    0.000   14.919000  0.000000e+00  2.362309e+02 
    0.000   15.021999  0.000000e+00  2.361853e+02 
    0.000   15.125000  0.000000e+00  2.361394e+02 
    0.000   15.228000  0.000000e+00  2.360937e+02 
    0.000   15.330999  0.000000e+00  2.360494e+02 
    0.000   15.434000  0.000000e+00  2.360072e+02 
    0.000   15.535999  0.000000e+00  2.359670e+02 
    0.000   15.639000  0.000000e+00  2.359276e+02 
    0.000   15.742000  0.000000e+00  2.358893e+02 
    0.000   15.844999  0.000000e+00  2.358520e+02 
    0.000   15.947999  0.000000e+00  2.358155e+02 
    0.000   16.051001  0.000000e+00  2.357754e+02 
    0.000   16.154001  0.000000e+00  2.357313e+02 
    0.000   16.257000  0.000000e+00  2.356849e+02 
    0.000   16.360001  0.000000e+00  2.356369e+02 
    0.000   16.462000  0.000000e+00  2.355878e+02 
    0.000   16.565001  0.000000e+00  2.355371e+02 
    0.000   16.668001  0.000000e+00  2.354857e+02 
    0.000   16.771000  0.000000e+00  2.354357e+02 
    0.000   16.874001  0.000000e+00  2.353868e+02 
    0.000   16.977001  0.000000e+00  2.353386e+02 
    0.000   17.080000  0.000000e+00  2.352920e+02 
    0.000   17.183001  0.000000e+00  2.352477e+02 
    0.000   17.286001  0.000000e+00  2.352050e+02 
    0.000   17.389000  0.000000e+00  2.351636e+02 
    0.000   17.491001  0.000000e+00  2.351246e+02 
    0.000   17.594000  0.000000e+00  2.350867e+02 
    0.000   17.697001  0.000000e+00  2.350501e+02 
    0.000   17.800001  0.000000e+00  2.350146e+02 
    0.000   17.903000  0.000000e+00  2.349802e+02 
    0.000   18.006001  0.000000e+00  2.349469e+02 
    0.000   18.109001  0.000000e+00  2.349144e+02 
    0.000   18.212000  0.000000e+00  2.348822e+02 
    0.000   18.315001  0.000000e+00  2.348503e+02 
    0.000   18.417000  0.000000e+00  2.348191e+02 
    0.000   18.520000  0.000000e+00  2.347880e+02 
    0.000   18.623001  0.000000e+00  2.347571e+02 
    0.000   18.726000  0.000000e+00  2.347266e+02 
    0.000   18.829000  0.000000e+00  2.346964e+02 
    0.000   18.932001  0.000000e+00  2.346664e+02 
    0.000   19.035000  0.000000e+00  2.346363e+02 
    0.000   19.138000  0.000000e+00  2.346063e+02 
    0.000   19.241001  0.000000e+00  2.345764e+02 
    0.000   19.343000  0.000000e+00  2.345464e+02 
    0.000   19.446001  0.000000e+00  2.345157e+02 
    0.000   19.549000  0.000000e+00  2.344847e+02 
    0.000   19.652000  0.000000e+00  2.344537e+02 
    0.000   19.755001  0.000000e+00  2.344227e+02 
    0.000   19.858000  0.000000e+00  2.343918e+02 
    0.000   19.961000  0.000000e+00  2.343609e+02 
    0.000   20.064001  0.000000e+00  2.343301e+02 
    0.000   20.363001  0.000000e+00  2.342446e+02 
    0.000   20.859001  0.000000e+00  2.341207e+02 
    0.000   21.355001  0.000000e+00  2.340151e+02 
    0.000   21.850000  0.000000e+00  2.339199e+02 
    0.000   22.346001  0.000000e+00  2.338251e+02 
    0.000   22.842001  0.000000e+00  2.337300e+02 
    0.000   23.338001  0.000000e+00  2.336433e+02 
    0.000   23.833000  0.000000e+00  2.335765e+02 
    0.000   24.329000  0.000000e+00  2.335329e+02 
    0.000   24.825001  0.000000e+00  2.335067e+02 
    0.000   25.321001  0.000000e+00  2.334899e+02 
    0.000   25.816000  0.000000e+00  2.334872e+02 
    0.000   26.312000  0.000000e+00  2.334931e+02 
    0.000   26.808001  0.000000e+00  2.335029e+02 
    0.000   27.304001  0.000000e+00  2.335175e+02 
    0.000   27.799000  0.000000e+00  2.335371e+02 
    0.000   28.295000  0.000000e+00  2.335614e+02 
    0.000   28.791000  0.000000e+00  2.335942e+02 
    0.000   29.287001  0.000000e+00  2.336353e+02 
    0.000   29.782001  0.000000e+00  2.336821e+02 
    0.000   30.278000  0.000000e+00  2.337331e+02 
    0.000   30.774000  0.000000e+00  2.337863e+02 
    0.000   31.270000  0.000000e+00  2.338411e+02 
    0.000   31.765001  0.000000e+00  2.338969e+02 
    0.000   32.261002  0.000000e+00  2.339537e+02 
    0.000   32.757000  0.000000e+00  2.340112e+02 
    0.000   33.253002  0.000000e+00  2.340688e+02 
    0.000   33.748001  0.000000e+00  2.341283e+02 
    0.000   34.243999  0.000000e+00  2.341908e+02 
    0.000   34.740002  0.000000e+00  2.342536e+02 
    0.000   35.236000  0.000000e+00  2.343153e+02 
    0.000   35.730999  0.000000e+00  2.343734e+02 
    0.000   36.227001  0.000000e+00  2.344283e+02 
    0.000   36.723000  0.000000e+00  2.344795e+02 
    0.000   37.219002  0.000000e+00  2.345276e+02 
    0.000   37.714001  0.000000e+00  2.345719e+02 
    0.000   38.209999  0.000000e+00  2.346130e+02 
    0.000   38.706001  0.000000e+00  2.346544e+02 
    0.000   39.202000  0.000000e+00  2.346969e+02 
    0.000   39.697002  0.000000e+00  2.347426e+02 
    0.000   40.197002  0.000000e+00  2.347934e+02 
    0.000   45.197002  0.000000e+00  2.352431e+02 
    0.000   50.197002  0.000000e+00  2.354691e+02 
    0.000   55.197002  0.000000e+00  2.354656e+02 
    0.000   60.197002  0.000000e+00  2.353974e+02 
    0.000   65.196999  0.000000e+00  2.353452e+02 
