   68.129    0.000000  4.056491e-20  4.785876e+00 
   68.129    0.103000  4.078975e-20  4.862216e+00 
   68.129    0.206000  4.101243e-20  4.939672e+00 
   68.129    0.309000  4.123401e-20  5.017514e+00 
   68.129    0.412000  4.145512e-20  5.095284e+00 
   68.129    0.515000  6.460683e-20  7.433178e+00 
   68.129    0.618000  1.306037e-19  1.080141e+01 
   68.129    0.721000  3.138278e-19  1.465376e+01 
   68.129    0.824000  9.161574e-19  1.916658e+01 
   68.129    0.926000  3.118736e-18  2.414160e+01 
   68.129    1.029000  1.238332e-17  2.956265e+01 
   68.129    1.132000  5.603900e-17  3.534542e+01 
   68.129    1.235000  2.942881e-16  4.161441e+01 
   68.129    1.338000  1.774506e-15  4.833020e+01 
   68.129    1.441000  1.218658e-14  5.546485e+01 
   68.129    1.544000  9.434184e-14  6.298259e+01 
   68.129    1.647000  8.167871e-13  7.085751e+01 
   68.129    1.750000  7.853752e-12  7.906234e+01 
   68.129    1.852000  9.588975e-10  9.425758e+01 
   68.129    1.955000  1.126133e-07  1.111190e+02 
   68.129    2.058000  4.721627e-06  1.253127e+02 
   68.129    2.161000  8.887024e-05  1.375412e+02 
   68.129    2.264000  9.326614e-04  1.484228e+02 
   68.129    2.367000  6.491688e-03  1.585079e+02 
   68.129    2.470000  3.295752e-02  1.680955e+02 
   68.129    2.573000  1.337790e-01  1.775974e+02 
   68.129    2.676000  4.733816e-01  1.875944e+02 
   68.129    2.778000  1.578976e+00  1.989322e+02 
   68.129    2.881000  4.777950e+00  2.115068e+02 
   68.129    2.984000  1.276541e+01  2.249095e+02 
   68.129    3.087000  3.073700e+01  2.388655e+02 
   68.129    3.190000  3.901603e+01  2.425510e+02 
   68.129    3.293000  4.862564e+01  2.461940e+02 
   68.129    3.396000  5.951063e+01  2.497156e+02 
   68.129    3.499000  7.303577e+01  2.534639e+02 
   68.129    3.602000  9.042813e+01  2.575501e+02 
   68.129    3.704000  1.148845e+02  2.623221e+02 
   68.129    3.807000  1.424960e+02  2.667256e+02 
   68.129    3.910000  1.697330e+02  2.703451e+02 
   68.129    4.013000  1.964868e+02  2.733894e+02 
   68.129    4.116000  2.226967e+02  2.759962e+02 
   68.129    4.219000  2.479159e+02  2.782241e+02 
   68.129    4.322000  2.701223e+02  2.799904e+02 
   68.129    4.425000  2.893253e+02  2.813924e+02 
   68.129    4.528000  3.035505e+02  2.823535e+02 
   68.129    4.630000  3.128376e+02  2.829387e+02 
   68.129    4.733000  3.179495e+02  2.832317e+02 
   68.129    4.836000  3.208866e+02  2.833820e+02 
   68.129    4.939000  3.240178e+02  2.835558e+02 
   68.129    5.042000  3.272753e+02  2.837471e+02 
   68.129    5.145000  3.309948e+02  2.839778e+02 
   68.129    5.248000  3.345864e+02  2.842057e+02 
   68.129    5.351000  3.381053e+02  2.844342e+02 
   68.129    5.454000  3.416206e+02  2.846675e+02 
   68.129    5.557000  3.451672e+02  2.849070e+02 
   68.129    5.659000  3.486599e+02  2.851466e+02 
   68.129    5.762000  3.522455e+02  2.853955e+02 
   68.129    5.865000  3.558473e+02  2.856477e+02 
   68.129    5.968000  3.594162e+02  2.858997e+02 
   68.129    6.071000  3.629575e+02  2.861512e+02 
   68.129    6.174000  3.667079e+02  2.864168e+02 
   68.129    6.277000  3.703925e+02  2.866777e+02 
   68.129    6.380000  3.714671e+02  2.867708e+02 
   68.129    6.483000  3.725340e+02  2.868654e+02 
   68.129    6.585000  3.735866e+02  2.869601e+02 
   68.129    6.688000  3.746524e+02  2.870562e+02 
   68.129    6.791000  3.757234e+02  2.871526e+02 
   68.129    6.894000  3.767903e+02  2.872494e+02 
   68.129    6.997000  3.778401e+02  2.873463e+02 
   68.129    7.100000  3.788641e+02  2.874432e+02 
   68.129    7.203000  3.798463e+02  2.875402e+02 
   68.129    7.306000  3.807715e+02  2.876368e+02 
   68.129    7.409000  3.836906e+02  2.878687e+02 
   68.129    7.511000  3.864381e+02  2.880908e+02 
   68.129    7.614000  3.896020e+02  2.883426e+02 
   68.129    7.717000  3.925180e+02  2.885793e+02 
   68.129    7.820000  3.955869e+02  2.888248e+02 
   68.129    7.923000  3.985188e+02  2.890608e+02 
   68.129    8.026000  4.011963e+02  2.892800e+02 
   68.129    8.129000  4.042946e+02  2.895227e+02 
   68.129    8.232000  4.075361e+02  2.897714e+02 
   68.129    8.335000  4.106972e+02  2.900121e+02 
   68.129    8.437000  4.138600e+02  2.902490e+02 
   68.129    8.540000  4.170390e+02  2.904839e+02 
   68.129    8.643000  4.201554e+02  2.907113e+02 
   68.129    8.746000  4.231573e+02  2.909284e+02 
   68.129    8.849000  4.262124e+02  2.911445e+02 
   68.129    8.952000  4.273181e+02  2.912774e+02 
   68.129    9.055000  4.283869e+02  2.914051e+02 
   68.129    9.158000  4.294539e+02  2.915310e+02 
   68.129    9.261000  4.311246e+02  2.917127e+02 
   68.129    9.363000  4.327478e+02  2.918837e+02 
   68.129    9.466000  4.343632e+02  2.920515e+02 
   68.129    9.569000  4.359758e+02  2.922161e+02 
   68.129    9.672000  4.375582e+02  2.923786e+02 
   68.129    9.775000  4.391888e+02  2.925424e+02 
   68.129    9.878000  4.410179e+02  2.927208e+02 
   68.129    9.981000  4.414730e+02  2.927751e+02 
   68.129   10.084000  4.419227e+02  2.928280e+02 
   68.129   10.187000  4.423971e+02  2.928786e+02 
   68.129   10.289000  4.428578e+02  2.929276e+02 
   68.129   10.392000  4.433141e+02  2.929758e+02 
   68.129   10.495000  4.437626e+02  2.930230e+02 
   68.129   10.598000  4.442034e+02  2.930692e+02 
   68.129   10.701000  4.446369e+02  2.931145e+02 
   68.129   10.804000  4.450640e+02  2.931590e+02 
   68.129   10.907000  4.454848e+02  2.932027e+02 
   68.129   11.010000  4.458999e+02  2.932458e+02 
   68.129   11.113000  4.463100e+02  2.932883e+02 
   68.129   11.216000  4.467152e+02  2.933302e+02 
   68.129   11.318000  4.471115e+02  2.933712e+02 
   68.129   11.421000  4.475067e+02  2.934122e+02 
   68.129   11.524000  4.478968e+02  2.934528e+02 
   68.129   11.627000  4.482816e+02  2.934929e+02 
   68.129   11.730000  4.486609e+02  2.935327e+02 
   68.129   11.833000  4.490345e+02  2.935722e+02 
   68.129   11.936000  4.494026e+02  2.936113e+02 
   68.129   12.039000  4.497652e+02  2.936499e+02 
   68.129   12.142000  4.501225e+02  2.936881e+02 
   68.129   12.244000  4.504712e+02  2.937255e+02 
   68.129   12.347000  4.508184e+02  2.937628e+02 
   68.129   12.450000  4.511612e+02  2.937996e+02 
   68.129   12.553000  4.514994e+02  2.938358e+02 
   68.129   12.656000  4.518331e+02  2.938714e+02 
   68.129   12.759000  4.521624e+02  2.939065e+02 
   68.129   12.862000  4.524877e+02  2.939409e+02 
   68.129   12.965000  4.528092e+02  2.939748e+02 
   68.129   13.068000  4.531270e+02  2.940079e+02 
   68.129   13.170000  4.534381e+02  2.940401e+02 
   68.129   13.273000  4.537487e+02  2.940719e+02 
   68.129   13.376000  4.540558e+02  2.941028e+02 
   68.129   13.479000  4.543596e+02  2.941329e+02 
   68.129   13.582000  4.546601e+02  2.941621e+02 
   68.129   13.685000  4.549573e+02  2.941904e+02 
   68.129   13.788000  4.552516e+02  2.942177e+02 
   68.129   13.891000  4.555426e+02  2.942441e+02 
   68.129   13.994000  4.558305e+02  2.942696e+02 
   68.129   14.096000  4.561124e+02  2.942940e+02 
   68.129   14.199000  4.563940e+02  2.943178e+02 
   68.129   14.302000  4.566721e+02  2.943408e+02 
   68.129   14.405000  4.569470e+02  2.943633e+02 
   68.129   14.508000  4.572185e+02  2.943851e+02 
   68.129   14.611000  4.574866e+02  2.944064e+02 
   68.129   14.714000  4.577515e+02  2.944272e+02 
   68.129   14.817000  4.580130e+02  2.944475e+02 
   68.129   14.920000  4.582713e+02  2.944674e+02 
   68.129   15.022000  4.585239e+02  2.944866e+02 
   68.129   15.125000  4.587758e+02  2.945056e+02 
   68.129   15.228000  4.590247e+02  2.945241e+02 
   68.129   15.331000  4.592706e+02  2.945421e+02 
   68.129   15.434000  4.595134e+02  2.945598e+02 
   68.129   15.537000  4.597532e+02  2.945770e+02 
   68.129   15.640000  4.599900e+02  2.945938e+02 
   68.129   15.743000  4.602240e+02  2.946101e+02 
   68.129   15.846000  4.604551e+02  2.946261e+02 
   68.129   15.948999  4.606836e+02  2.946416e+02 
   68.129   16.051001  4.609074e+02  2.946566e+02 
   68.129   16.153999  4.611310e+02  2.946712e+02 
   68.129   16.257000  4.613521e+02  2.946854e+02 
   68.129   16.360001  4.615710e+02  2.946990e+02 
   68.129   16.462999  4.617877e+02  2.947121e+02 
   68.129   16.566000  4.620023e+02  2.947247e+02 
   68.129   16.669001  4.622147e+02  2.947366e+02 
   68.129   16.771999  4.624254e+02  2.947479e+02 
   68.129   16.875000  4.626344e+02  2.947584e+02 
   68.129   16.976999  4.628398e+02  2.947680e+02 
   68.129   17.080000  4.630457e+02  2.947769e+02 
   68.129   17.183001  4.632504e+02  2.947849e+02 
   68.129   17.285999  4.634539e+02  2.947919e+02 
   68.129   17.389000  4.636561e+02  2.947980e+02 
   68.129   17.492001  4.638570e+02  2.948033e+02 
   68.129   17.594999  4.640566e+02  2.948078e+02 
   68.129   17.698000  4.642548e+02  2.948116e+02 
   68.129   17.801001  4.644515e+02  2.948148e+02 
   68.129   17.903000  4.646448e+02  2.948173e+02 
   68.129   18.006001  4.648383e+02  2.948193e+02 
   68.129   18.108999  4.650302e+02  2.948209e+02 
   68.129   18.212000  4.652205e+02  2.948219e+02 
   68.129   18.315001  4.654092e+02  2.948224e+02 
   68.129   18.417999  4.655963e+02  2.948224e+02 
   68.129   18.521000  4.657819e+02  2.948219e+02 
   68.129   18.624001  4.659659e+02  2.948210e+02 
   68.129   18.726999  4.661485e+02  2.948196e+02 
   68.129   18.829000  4.663278e+02  2.948177e+02 
   68.129   18.931999  4.665073e+02  2.948154e+02 
   68.129   19.035000  4.666855e+02  2.948127e+02 
   68.129   19.138000  4.668623e+02  2.948094e+02 
   68.129   19.240999  4.670377e+02  2.948058e+02 
   68.129   19.344000  4.672118e+02  2.948018e+02 
   68.129   19.447001  4.673848e+02  2.947973e+02 
   68.129   19.549999  4.675565e+02  2.947923e+02 
   68.129   19.653000  4.677269e+02  2.947869e+02 
   68.129   19.754999  4.678944e+02  2.947811e+02 
   68.129   19.858000  4.680624e+02  2.947749e+02 
   68.129   19.961000  4.682291e+02  2.947682e+02 
   68.129   20.063999  4.683948e+02  2.947610e+02 
   68.129   20.363001  4.688701e+02  2.947374e+02 
   68.129   20.858999  4.696358e+02  2.946922e+02 
   68.129   21.355000  4.703733e+02  2.946400e+02 
   68.129   21.851000  4.710807e+02  2.945830e+02 
   68.129   22.346001  4.717492e+02  2.945266e+02 
   68.129   22.842001  4.723762e+02  2.944747e+02 
   68.129   23.337999  4.729602e+02  2.944281e+02 
   68.129   23.834000  4.735077e+02  2.943843e+02 
   68.129   24.329000  4.740237e+02  2.943413e+02 
   68.129   24.825001  4.745099e+02  2.942996e+02 
   68.129   25.320999  4.749636e+02  2.942606e+02 
   68.129   25.816999  4.753872e+02  2.942242e+02 
   68.129   26.312000  4.757827e+02  2.941898e+02 
   68.129   26.808001  4.761534e+02  2.941568e+02 
   68.129   27.304001  4.764997e+02  2.941254e+02 
   68.129   27.799999  4.768235e+02  2.940954e+02 
   68.129   28.296000  4.771271e+02  2.940663e+02 
   68.129   28.791000  4.774122e+02  2.940379e+02 
   68.129   29.287001  4.776822e+02  2.940098e+02 
   68.129   29.783001  4.779382e+02  2.939819e+02 
   68.129   30.278999  4.781816e+02  2.939541e+02 
   68.129   30.774000  4.784139e+02  2.939267e+02 
   68.129   31.270000  4.786375e+02  2.938994e+02 
   68.129   31.766001  4.788535e+02  2.938725e+02 
   68.129   32.262001  4.790642e+02  2.938458e+02 
   68.129   32.757000  4.792710e+02  2.938196e+02 
   68.129   33.252998  4.794764e+02  2.937937e+02 
   68.129   33.749001  4.796817e+02  2.937688e+02 
   68.129   34.244999  4.798879e+02  2.937450e+02 
   68.129   34.740002  4.800966e+02  2.937225e+02 
   68.129   35.236000  4.803095e+02  2.937013e+02 
   68.129   35.731998  4.805276e+02  2.936815e+02 
   68.129   36.228001  4.807512e+02  2.936629e+02 
   68.129   36.723000  4.809800e+02  2.936455e+02 
   68.129   37.219002  4.812146e+02  2.936292e+02 
   68.129   37.715000  4.814535e+02  2.936141e+02 
   68.129   38.210999  4.816957e+02  2.936000e+02 
   68.129   38.706001  4.819389e+02  2.935871e+02 
   68.129   39.202000  4.821823e+02  2.935752e+02 
   68.129   39.698002  4.824231e+02  2.935645e+02 
   68.129   40.198002  4.826581e+02  2.935560e+02 
   68.129   45.198002  4.845152e+02  2.935217e+02 
   68.129   50.198002  4.852225e+02  2.935186e+02 
   68.129   55.198002  4.854684e+02  2.935219e+02 
   68.129   60.198002  4.861919e+02  2.935255e+02 
   68.129   65.197998  4.874188e+02  2.935281e+02 
