    0.000    0.000000  0.000000e+00  3.506281e+02 
    0.000    0.102000  0.000000e+00  3.502433e+02 
    0.000    0.205000  0.000000e+00  3.490922e+02 
    0.000    0.308000  0.000000e+00  3.473831e+02 
    0.000    0.411000  0.000000e+00  3.456339e+02 
    0.000    0.514000  0.000000e+00  3.437661e+02 
    0.000    0.617000  0.000000e+00  3.415722e+02 
    0.000    0.720000  0.000000e+00  3.391268e+02 
    0.000    0.823000  0.000000e+00  3.365754e+02 
    0.000    0.926000  0.000000e+00  3.339361e+02 
    0.000    1.029000  0.000000e+00  3.312264e+02 
    0.000    1.131000  0.000000e+00  3.284474e+02 
    0.000    1.234000  0.000000e+00  3.255438e+02 
    0.000    1.337000  0.000000e+00  3.226189e+02 
    0.000    1.440000  0.000000e+00  3.197036e+02 
    0.000    1.543000  0.000000e+00  3.168140e+02 
    0.000    1.646000  0.000000e+00  3.140429e+02 
    0.000    1.749000  0.000000e+00  3.114076e+02 
    0.000    1.852000  0.000000e+00  3.052697e+02 
    0.000    1.955000  0.000000e+00  3.024851e+02 
    0.000    2.057000  0.000000e+00  3.002680e+02 
    0.000    2.160000  0.000000e+00  2.981406e+02 
    0.000    2.263000  0.000000e+00  2.958950e+02 
    0.000    2.366000  0.000000e+00  2.933970e+02 
    0.000    2.469000  0.000000e+00  2.922111e+02 
    0.000    2.572000  0.000000e+00  2.907342e+02 
    0.000    2.675000  0.000000e+00  2.890565e+02 
    0.000    2.778000  0.000000e+00  2.873147e+02 
    0.000    2.881000  0.000000e+00  2.855588e+02 
    0.000    2.983000  0.000000e+00  2.838788e+02 
    0.000    3.086000  0.000000e+00  2.822068e+02 
    0.000    3.189000  0.000000e+00  2.805098e+02 
    0.000    3.292000  0.000000e+00  2.787520e+02 
    0.000    3.395000  0.000000e+00  2.768732e+02 
    0.000    3.498000  0.000000e+00  2.748437e+02 
    0.000    3.601000  0.000000e+00  2.726134e+02 
    0.000    3.704000  0.000000e+00  2.702067e+02 
    0.000    3.807000  0.000000e+00  2.677643e+02 
    0.000    3.909000  0.000000e+00  2.654366e+02 
    0.000    4.012000  0.000000e+00  2.632078e+02 
    0.000    4.115000  0.000000e+00  2.612391e+02 
    0.000    4.218000  0.000000e+00  2.593805e+02 
    0.000    4.321000  0.000000e+00  2.576281e+02 
    0.000    4.424000  0.000000e+00  2.560032e+02 
    0.000    4.527000  0.000000e+00  2.544111e+02 
    0.000    4.630000  0.000000e+00  2.528408e+02 
    0.000    4.733000  0.000000e+00  2.514571e+02 
    0.000    4.835000  0.000000e+00  2.502645e+02 
    0.000    4.938000  0.000000e+00  2.491581e+02 
    0.000    5.041000  0.000000e+00  2.480434e+02 
    0.000    5.144000  0.000000e+00  2.469218e+02 
    0.000    5.247000  0.000000e+00  2.457795e+02 
    0.000    5.350000  0.000000e+00  2.446249e+02 
    0.000    5.453000  0.000000e+00  2.434730e+02 
    0.000    5.556000  0.000000e+00  2.423188e+02 
    0.000    5.659000  0.000000e+00  2.411748e+02 
    0.000    5.761000  0.000000e+00  2.400567e+02 
    0.000    5.864000  0.000000e+00  2.389431e+02 
    0.000    5.967000  0.000000e+00  2.378548e+02 
    0.000    6.070000  0.000000e+00  2.367904e+02 
    0.000    6.173000  0.000000e+00  2.357560e+02 
    0.000    6.276000  0.000000e+00  2.347369e+02 
    0.000    6.379000  0.000000e+00  2.338757e+02 
    0.000    6.482000  0.000000e+00  2.330305e+02 
    0.000    6.585000  0.000000e+00  2.322033e+02 
    0.000    6.687000  0.000000e+00  2.314066e+02 
    0.000    6.790000  0.000000e+00  2.306236e+02 
    0.000    6.893000  0.000000e+00  2.298965e+02 
    0.000    6.996000  0.000000e+00  2.292549e+02 
    0.000    7.099000  0.000000e+00  2.286734e+02 
    0.000    7.202000  0.000000e+00  2.281916e+02 
    0.000    7.305000  0.000000e+00  2.274767e+02 
    0.000    7.408000  0.000000e+00  2.269891e+02 
    0.000    7.511000  0.000000e+00  2.266001e+02 
    0.000    7.614000  0.000000e+00  2.262282e+02 
    0.000    7.716000  0.000000e+00  2.259447e+02 
    0.000    7.819000  0.000000e+00  2.257163e+02 
    0.000    7.921999  0.000000e+00  2.255143e+02 
    0.000    8.025001  0.000000e+00  2.253450e+02 
    0.000    8.128000  0.000000e+00  2.251891e+02 
    0.000    8.231000  0.000000e+00  2.250498e+02 
    0.000    8.334001  0.000000e+00  2.249010e+02 
    0.000    8.437000  0.000000e+00  2.247368e+02 
    0.000    8.540000  0.000000e+00  2.245721e+02 
    0.000    8.642000  0.000000e+00  2.243957e+02 
    0.000    8.745000  0.000000e+00  2.242084e+02 
    0.000    8.848001  0.000000e+00  2.240159e+02 
    0.000    8.951000  0.000000e+00  2.238500e+02 
    0.000    9.054000  0.000000e+00  2.236664e+02 
    0.000    9.157001  0.000000e+00  2.234645e+02 
    0.000    9.260000  0.000000e+00  2.232736e+02 
    0.000    9.363000  0.000000e+00  2.230750e+02 
    0.000    9.466001  0.000000e+00  2.228778e+02 
    0.000    9.568000  0.000000e+00  2.226918e+02 
    0.000    9.671000  0.000000e+00  2.225114e+02 
    0.000    9.774000  0.000000e+00  2.223305e+02 
    0.000    9.877000  0.000000e+00  2.221440e+02 
    0.000    9.980000  0.000000e+00  2.220950e+02 
    0.000   10.083000  0.000000e+00  2.220530e+02 
    0.000   10.186000  0.000000e+00  2.220188e+02 
    0.000   10.289001  0.000000e+00  2.219906e+02 
    0.000   10.392000  0.000000e+00  2.219643e+02 
    0.000   10.494000  0.000000e+00  2.219340e+02 
    0.000   10.597000  0.000000e+00  2.219009e+02 
    0.000   10.700001  0.000000e+00  2.218657e+02 
    0.000   10.803000  0.000000e+00  2.218243e+02 
    0.000   10.906000  0.000000e+00  2.217788e+02 
    0.000   11.009000  0.000000e+00  2.217301e+02 
    0.000   11.112000  0.000000e+00  2.216736e+02 
    0.000   11.215000  0.000000e+00  2.216117e+02 
    0.000   11.318000  0.000000e+00  2.215465e+02 
    0.000   11.420000  0.000000e+00  2.214764e+02 
    0.000   11.523001  0.000000e+00  2.214018e+02 
    0.000   11.626000  0.000000e+00  2.213254e+02 
    0.000   11.729000  0.000000e+00  2.212508e+02 
    0.000   11.832001  0.000000e+00  2.211776e+02 
    0.000   11.935000  0.000000e+00  2.211052e+02 
    0.000   12.038000  0.000000e+00  2.210373e+02 
    0.000   12.141001  0.000000e+00  2.209731e+02 
    0.000   12.244000  0.000000e+00  2.209111e+02 
    0.000   12.347000  0.000000e+00  2.208491e+02 
    0.000   12.449000  0.000000e+00  2.207874e+02 
    0.000   12.552000  0.000000e+00  2.207253e+02 
    0.000   12.655001  0.000000e+00  2.206626e+02 
    0.000   12.758000  0.000000e+00  2.205991e+02 
    0.000   12.861000  0.000000e+00  2.205353e+02 
    0.000   12.964001  0.000000e+00  2.204713e+02 
    0.000   13.067000  0.000000e+00  2.204073e+02 
    0.000   13.170000  0.000000e+00  2.203433e+02 
    0.000   13.273001  0.000000e+00  2.202803e+02 
    0.000   13.375000  0.000000e+00  2.202204e+02 
    0.000   13.478001  0.000000e+00  2.201620e+02 
    0.000   13.581000  0.000000e+00  2.201052e+02 
    0.000   13.684000  0.000000e+00  2.200532e+02 
    0.000   13.787001  0.000000e+00  2.200051e+02 
    0.000   13.890000  0.000000e+00  2.199594e+02 
    0.000   13.993000  0.000000e+00  2.199182e+02 
    0.000   14.096001  0.000000e+00  2.198809e+02 
    0.000   14.199000  0.000000e+00  2.198465e+02 
    0.000   14.301001  0.000000e+00  2.198141e+02 
    0.000   14.404000  0.000000e+00  2.197823e+02 
    0.000   14.507000  0.000000e+00  2.197516e+02 
    0.000   14.610001  0.000000e+00  2.197209e+02 
    0.000   14.713000  0.000000e+00  2.196872e+02 
    0.000   14.816000  0.000000e+00  2.196515e+02 
    0.000   14.919001  0.000000e+00  2.196149e+02 
    0.000   15.022000  0.000000e+00  2.195771e+02 
    0.000   15.125000  0.000000e+00  2.195381e+02 
    0.000   15.227000  0.000000e+00  2.194990e+02 
    0.000   15.330000  0.000000e+00  2.194593e+02 
    0.000   15.433001  0.000000e+00  2.194195e+02 
    0.000   15.536000  0.000000e+00  2.193798e+02 
    0.000   15.639000  0.000000e+00  2.193399e+02 
    0.000   15.742001  0.000000e+00  2.192981e+02 
    0.000   15.845000  0.000000e+00  2.192550e+02 
    0.000   15.948000  0.000000e+00  2.192112e+02 
    0.000   16.051001  0.000000e+00  2.191670e+02 
    0.000   16.153000  0.000000e+00  2.191231e+02 
    0.000   16.256001  0.000000e+00  2.190786e+02 
    0.000   16.359001  0.000000e+00  2.190347e+02 
    0.000   16.462000  0.000000e+00  2.189921e+02 
    0.000   16.565001  0.000000e+00  2.189504e+02 
    0.000   16.668001  0.000000e+00  2.189094e+02 
    0.000   16.771000  0.000000e+00  2.188705e+02 
    0.000   16.874001  0.000000e+00  2.188334e+02 
    0.000   16.977001  0.000000e+00  2.187977e+02 
    0.000   17.080000  0.000000e+00  2.187631e+02 
    0.000   17.182001  0.000000e+00  2.187298e+02 
    0.000   17.285000  0.000000e+00  2.186972e+02 
    0.000   17.388000  0.000000e+00  2.186652e+02 
    0.000   17.491001  0.000000e+00  2.186335e+02 
    0.000   17.594000  0.000000e+00  2.186018e+02 
    0.000   17.697001  0.000000e+00  2.185705e+02 
    0.000   17.800001  0.000000e+00  2.185395e+02 
    0.000   17.903000  0.000000e+00  2.185089e+02 
    0.000   18.006001  0.000000e+00  2.184785e+02 
    0.000   18.108000  0.000000e+00  2.184488e+02 
    0.000   18.211000  0.000000e+00  2.184189e+02 
    0.000   18.314001  0.000000e+00  2.183891e+02 
    0.000   18.417000  0.000000e+00  2.183596e+02 
    0.000   18.520000  0.000000e+00  2.183302e+02 
    0.000   18.623001  0.000000e+00  2.183009e+02 
    0.000   18.726000  0.000000e+00  2.182715e+02 
    0.000   18.829000  0.000000e+00  2.182423e+02 
    0.000   18.932001  0.000000e+00  2.182130e+02 
    0.000   19.034000  0.000000e+00  2.181837e+02 
    0.000   19.137001  0.000000e+00  2.181538e+02 
    0.000   19.240000  0.000000e+00  2.181239e+02 
    0.000   19.343000  0.000000e+00  2.180949e+02 
    0.000   19.446001  0.000000e+00  2.180670e+02 
    0.000   19.549000  0.000000e+00  2.180400e+02 
    0.000   19.652000  0.000000e+00  2.180136e+02 
    0.000   19.755001  0.000000e+00  2.179889e+02 
    0.000   19.858000  0.000000e+00  2.179657e+02 
    0.000   19.960001  0.000000e+00  2.179439e+02 
    0.000   20.063000  0.000000e+00  2.179228e+02 
    0.000   20.363001  0.000000e+00  2.178611e+02 
    0.000   20.858000  0.000000e+00  2.177570e+02 
    0.000   21.354000  0.000000e+00  2.176635e+02 
    0.000   21.850000  0.000000e+00  2.175774e+02 
    0.000   22.346001  0.000000e+00  2.174919e+02 
    0.000   22.841000  0.000000e+00  2.174150e+02 
    0.000   23.337000  0.000000e+00  2.173480e+02 
    0.000   23.833000  0.000000e+00  2.172918e+02 
    0.000   24.329000  0.000000e+00  2.172512e+02 
    0.000   24.823999  0.000000e+00  2.172287e+02 
    0.000   25.320000  0.000000e+00  2.172171e+02 
    0.000   25.816000  0.000000e+00  2.172150e+02 
    0.000   26.312000  0.000000e+00  2.172289e+02 
    0.000   26.807001  0.000000e+00  2.172512e+02 
    0.000   27.302999  0.000000e+00  2.172745e+02 
    0.000   27.799000  0.000000e+00  2.172964e+02 
    0.000   28.295000  0.000000e+00  2.173190e+02 
    0.000   28.790001  0.000000e+00  2.173489e+02 
    0.000   29.286001  0.000000e+00  2.173927e+02 
    0.000   29.782000  0.000000e+00  2.174468e+02 
    0.000   30.278000  0.000000e+00  2.175061e+02 
    0.000   30.773001  0.000000e+00  2.175611e+02 
    0.000   31.269001  0.000000e+00  2.176120e+02 
    0.000   31.764999  0.000000e+00  2.176601e+02 
    0.000   32.260998  0.000000e+00  2.177116e+02 
    0.000   32.755997  0.000000e+00  2.177678e+02 
    0.000   33.251999  0.000000e+00  2.178304e+02 
    0.000   33.747997  0.000000e+00  2.178979e+02 
    0.000   34.243999  0.000000e+00  2.179682e+02 
    0.000   34.738998  0.000000e+00  2.180358e+02 
    0.000   35.234997  0.000000e+00  2.180994e+02 
    0.000   35.730999  0.000000e+00  2.181555e+02 
    0.000   36.226997  0.000000e+00  2.182052e+02 
    0.000   36.723000  0.000000e+00  2.182520e+02 
    0.000   37.217999  0.000000e+00  2.182966e+02 
    0.000   37.713997  0.000000e+00  2.183416e+02 
    0.000   38.209999  0.000000e+00  2.183869e+02 
    0.000   38.705997  0.000000e+00  2.184333e+02 
    0.000   39.201000  0.000000e+00  2.184807e+02 
    0.000   39.696999  0.000000e+00  2.185299e+02 
    0.000   40.196999  0.000000e+00  2.185814e+02 
    0.000   45.196999  0.000000e+00  2.190325e+02 
    0.000   50.196999  0.000000e+00  2.192541e+02 
    0.000   55.196999  0.000000e+00  2.192572e+02 
    0.000   60.196999  0.000000e+00  2.191881e+02 
    0.000   65.196999  0.000000e+00  2.191357e+02 
