    0.000    0.000000  0.000000e+00  3.504041e+02 
    0.000    0.103000  0.000000e+00  3.499190e+02 
    0.000    0.206000  0.000000e+00  3.486586e+02 
    0.000    0.309000  0.000000e+00  3.469544e+02 
    0.000    0.411000  0.000000e+00  3.452617e+02 
    0.000    0.514000  0.000000e+00  3.436825e+02 
    0.000    0.617000  0.000000e+00  3.419918e+02 
    0.000    0.720000  0.000000e+00  3.402033e+02 
    0.000    0.823000  0.000000e+00  3.383756e+02 
    0.000    0.926000  0.000000e+00  3.365036e+02 
    0.000    1.029000  0.000000e+00  3.345663e+02 
    0.000    1.132000  0.000000e+00  3.325306e+02 
    0.000    1.235000  0.000000e+00  3.303861e+02 
    0.000    1.338000  0.000000e+00  3.281736e+02 
    0.000    1.440000  0.000000e+00  3.259232e+02 
    0.000    1.543000  0.000000e+00  3.236053e+02 
    0.000    1.646000  0.000000e+00  3.212499e+02 
    0.000    1.749000  0.000000e+00  3.188693e+02 
    0.000    1.852000  0.000000e+00  3.172822e+02 
    0.000    1.955000  0.000000e+00  3.125131e+02 
    0.000    2.058000  0.000000e+00  3.085928e+02 
    0.000    2.161000  0.000000e+00  3.051528e+02 
    0.000    2.264000  0.000000e+00  3.040962e+02 
    0.000    2.366000  0.000000e+00  3.028787e+02 
    0.000    2.469000  0.000000e+00  2.998806e+02 
    0.000    2.572000  0.000000e+00  2.968851e+02 
    0.000    2.675000  0.000000e+00  2.939259e+02 
    0.000    2.778000  0.000000e+00  2.910704e+02 
    0.000    2.881000  0.000000e+00  2.898795e+02 
    0.000    2.984000  0.000000e+00  2.886437e+02 
    0.000    3.087000  0.000000e+00  2.873818e+02 
    0.000    3.190000  0.000000e+00  2.861097e+02 
    0.000    3.292000  0.000000e+00  2.848547e+02 
    0.000    3.395000  0.000000e+00  2.836057e+02 
    0.000    3.498000  0.000000e+00  2.823736e+02 
    0.000    3.601000  0.000000e+00  2.810429e+02 
    0.000    3.704000  0.000000e+00  2.795450e+02 
    0.000    3.807000  0.000000e+00  2.778474e+02 
    0.000    3.910000  0.000000e+00  2.759688e+02 
    0.000    4.013000  0.000000e+00  2.739616e+02 
    0.000    4.116000  0.000000e+00  2.719323e+02 
    0.000    4.218000  0.000000e+00  2.700258e+02 
    0.000    4.321000  0.000000e+00  2.682444e+02 
    0.000    4.424000  0.000000e+00  2.666139e+02 
    0.000    4.527000  0.000000e+00  2.650694e+02 
    0.000    4.630000  0.000000e+00  2.635953e+02 
    0.000    4.733000  0.000000e+00  2.622084e+02 
    0.000    4.836000  0.000000e+00  2.609026e+02 
    0.000    4.939000  0.000000e+00  2.596740e+02 
    0.000    5.042000  0.000000e+00  2.585253e+02 
    0.000    5.144000  0.000000e+00  2.573939e+02 
    0.000    5.247000  0.000000e+00  2.562475e+02 
    0.000    5.350000  0.000000e+00  2.550581e+02 
    0.000    5.453000  0.000000e+00  2.538842e+02 
    0.000    5.556000  0.000000e+00  2.527473e+02 
    0.000    5.659000  0.000000e+00  2.516157e+02 
    0.000    5.762000  0.000000e+00  2.504403e+02 
    0.000    5.865000  0.000000e+00  2.492808e+02 
    0.000    5.968000  0.000000e+00  2.481357e+02 
    0.000    6.070000  0.000000e+00  2.470215e+02 
    0.000    6.173000  0.000000e+00  2.460983e+02 
    0.000    6.276000  0.000000e+00  2.451953e+02 
    0.000    6.379000  0.000000e+00  2.443105e+02 
    0.000    6.482000  0.000000e+00  2.434435e+02 
    0.000    6.585000  0.000000e+00  2.425962e+02 
    0.000    6.688000  0.000000e+00  2.417743e+02 
    0.000    6.791000  0.000000e+00  2.409743e+02 
    0.000    6.894000  0.000000e+00  2.402298e+02 
    0.000    6.996000  0.000000e+00  2.395728e+02 
    0.000    7.099000  0.000000e+00  2.389596e+02 
    0.000    7.202000  0.000000e+00  2.384202e+02 
    0.000    7.305000  0.000000e+00  2.379717e+02 
    0.000    7.408000  0.000000e+00  2.375730e+02 
    0.000    7.511000  0.000000e+00  2.372985e+02 
    0.000    7.614000  0.000000e+00  2.370767e+02 
    0.000    7.717000  0.000000e+00  2.368126e+02 
    0.000    7.820000  0.000000e+00  2.366752e+02 
    0.000    7.923000  0.000000e+00  2.365608e+02 
    0.000    8.025000  0.000000e+00  2.364710e+02 
    0.000    8.128000  0.000000e+00  2.363738e+02 
    0.000    8.231000  0.000000e+00  2.362960e+02 
    0.000    8.334000  0.000000e+00  2.362093e+02 
    0.000    8.437000  0.000000e+00  2.360970e+02 
    0.000    8.540000  0.000000e+00  2.359634e+02 
    0.000    8.643000  0.000000e+00  2.358259e+02 
    0.000    8.746000  0.000000e+00  2.356735e+02 
    0.000    8.849000  0.000000e+00  2.355014e+02 
    0.000    8.951000  0.000000e+00  2.353069e+02 
    0.000    9.054000  0.000000e+00  2.350891e+02 
    0.000    9.157000  0.000000e+00  2.348514e+02 
    0.000    9.260000  0.000000e+00  2.346319e+02 
    0.000    9.363000  0.000000e+00  2.344099e+02 
    0.000    9.466000  0.000000e+00  2.341889e+02 
    0.000    9.569000  0.000000e+00  2.339794e+02 
    0.000    9.672000  0.000000e+00  2.337769e+02 
    0.000    9.775000  0.000000e+00  2.335777e+02 
    0.000    9.877000  0.000000e+00  2.335122e+02 
    0.000    9.980000  0.000000e+00  2.334556e+02 
    0.000   10.083000  0.000000e+00  2.334056e+02 
    0.000   10.186000  0.000000e+00  2.333613e+02 
    0.000   10.289000  0.000000e+00  2.333216e+02 
    0.000   10.392000  0.000000e+00  2.332829e+02 
    0.000   10.495000  0.000000e+00  2.332387e+02 
    0.000   10.598000  0.000000e+00  2.331916e+02 
    0.000   10.701000  0.000000e+00  2.331424e+02 
    0.000   10.802999  0.000000e+00  2.330892e+02 
    0.000   10.906000  0.000000e+00  2.330329e+02 
    0.000   11.009000  0.000000e+00  2.329736e+02 
    0.000   11.112000  0.000000e+00  2.329061e+02 
    0.000   11.215000  0.000000e+00  2.328330e+02 
    0.000   11.318000  0.000000e+00  2.327565e+02 
    0.000   11.421000  0.000000e+00  2.326747e+02 
    0.000   11.524000  0.000000e+00  2.325892e+02 
    0.000   11.627000  0.000000e+00  2.325022e+02 
    0.000   11.729000  0.000000e+00  2.324193e+02 
    0.000   11.832000  0.000000e+00  2.323383e+02 
    0.000   11.934999  0.000000e+00  2.322588e+02 
    0.000   12.038000  0.000000e+00  2.321837e+02 
    0.000   12.141000  0.000000e+00  2.321120e+02 
    0.000   12.243999  0.000000e+00  2.320426e+02 
    0.000   12.347000  0.000000e+00  2.319731e+02 
    0.000   12.450000  0.000000e+00  2.319033e+02 
    0.000   12.552999  0.000000e+00  2.318337e+02 
    0.000   12.656000  0.000000e+00  2.317634e+02 
    0.000   12.757999  0.000000e+00  2.316929e+02 
    0.000   12.861000  0.000000e+00  2.316215e+02 
    0.000   12.964000  0.000000e+00  2.315502e+02 
    0.000   13.066999  0.000000e+00  2.314790e+02 
    0.000   13.170000  0.000000e+00  2.314082e+02 
    0.000   13.273000  0.000000e+00  2.313388e+02 
    0.000   13.375999  0.000000e+00  2.312724e+02 
    0.000   13.479000  0.000000e+00  2.312085e+02 
    0.000   13.582000  0.000000e+00  2.311465e+02 
    0.000   13.684000  0.000000e+00  2.310895e+02 
    0.000   13.787000  0.000000e+00  2.310357e+02 
    0.000   13.890000  0.000000e+00  2.309841e+02 
    0.000   13.993000  0.000000e+00  2.309371e+02 
    0.000   14.096000  0.000000e+00  2.308941e+02 
    0.000   14.199000  0.000000e+00  2.308541e+02 
    0.000   14.302000  0.000000e+00  2.308158e+02 
    0.000   14.405000  0.000000e+00  2.307787e+02 
    0.000   14.507999  0.000000e+00  2.307429e+02 
    0.000   14.610000  0.000000e+00  2.307075e+02 
    0.000   14.713000  0.000000e+00  2.306694e+02 
    0.000   14.816000  0.000000e+00  2.306297e+02 
    0.000   14.919000  0.000000e+00  2.305895e+02 
    0.000   15.022000  0.000000e+00  2.305482e+02 
    0.000   15.125000  0.000000e+00  2.305062e+02 
    0.000   15.228000  0.000000e+00  2.304638e+02 
    0.000   15.331000  0.000000e+00  2.304212e+02 
    0.000   15.434000  0.000000e+00  2.303786e+02 
    0.000   15.536000  0.000000e+00  2.303364e+02 
    0.000   15.639000  0.000000e+00  2.302934e+02 
    0.000   15.742000  0.000000e+00  2.302485e+02 
    0.000   15.845000  0.000000e+00  2.302019e+02 
    0.000   15.947999  0.000000e+00  2.301546e+02 
    0.000   16.051001  0.000000e+00  2.301067e+02 
    0.000   16.154001  0.000000e+00  2.300584e+02 
    0.000   16.257000  0.000000e+00  2.300099e+02 
    0.000   16.360001  0.000000e+00  2.299619e+02 
    0.000   16.462000  0.000000e+00  2.299155e+02 
    0.000   16.565001  0.000000e+00  2.298697e+02 
    0.000   16.668001  0.000000e+00  2.298246e+02 
    0.000   16.771000  0.000000e+00  2.297818e+02 
    0.000   16.874001  0.000000e+00  2.297413e+02 
    0.000   16.977001  0.000000e+00  2.297021e+02 
    0.000   17.080000  0.000000e+00  2.296644e+02 
    0.000   17.183001  0.000000e+00  2.296283e+02 
    0.000   17.286001  0.000000e+00  2.295936e+02 
    0.000   17.389000  0.000000e+00  2.295599e+02 
    0.000   17.491001  0.000000e+00  2.295264e+02 
    0.000   17.594002  0.000000e+00  2.294925e+02 
    0.000   17.697001  0.000000e+00  2.294586e+02 
    0.000   17.800001  0.000000e+00  2.294250e+02 
    0.000   17.903002  0.000000e+00  2.293914e+02 
    0.000   18.006001  0.000000e+00  2.293580e+02 
    0.000   18.109001  0.000000e+00  2.293249e+02 
    0.000   18.212000  0.000000e+00  2.292921e+02 
    0.000   18.315001  0.000000e+00  2.292596e+02 
    0.000   18.417002  0.000000e+00  2.292277e+02 
    0.000   18.520000  0.000000e+00  2.291958e+02 
    0.000   18.623001  0.000000e+00  2.291640e+02 
    0.000   18.726002  0.000000e+00  2.291322e+02 
    0.000   18.829000  0.000000e+00  2.291007e+02 
    0.000   18.932001  0.000000e+00  2.290691e+02 
    0.000   19.035002  0.000000e+00  2.290372e+02 
    0.000   19.138000  0.000000e+00  2.290050e+02 
    0.000   19.241001  0.000000e+00  2.289729e+02 
    0.000   19.343000  0.000000e+00  2.289417e+02 
    0.000   19.446001  0.000000e+00  2.289110e+02 
    0.000   19.549002  0.000000e+00  2.288812e+02 
    0.000   19.652000  0.000000e+00  2.288519e+02 
    0.000   19.755001  0.000000e+00  2.288241e+02 
    0.000   19.858002  0.000000e+00  2.287978e+02 
    0.000   19.961000  0.000000e+00  2.287727e+02 
    0.000   20.064001  0.000000e+00  2.287485e+02 
    0.000   20.363001  0.000000e+00  2.286794e+02 
    0.000   20.859001  0.000000e+00  2.285660e+02 
    0.000   21.355001  0.000000e+00  2.284645e+02 
    0.000   21.850000  0.000000e+00  2.283711e+02 
    0.000   22.346001  0.000000e+00  2.282770e+02 
    0.000   22.842001  0.000000e+00  2.281911e+02 
    0.000   23.338001  0.000000e+00  2.281182e+02 
    0.000   23.833000  0.000000e+00  2.280585e+02 
    0.000   24.329000  0.000000e+00  2.280130e+02 
    0.000   24.825001  0.000000e+00  2.279857e+02 
    0.000   25.321001  0.000000e+00  2.279714e+02 
    0.000   25.816000  0.000000e+00  2.279667e+02 
    0.000   26.312000  0.000000e+00  2.279775e+02 
    0.000   26.808001  0.000000e+00  2.279966e+02 
    0.000   27.304001  0.000000e+00  2.280173e+02 
    0.000   27.799002  0.000000e+00  2.280375e+02 
    0.000   28.295000  0.000000e+00  2.280585e+02 
    0.000   28.791000  0.000000e+00  2.280869e+02 
    0.000   29.287001  0.000000e+00  2.281292e+02 
    0.000   29.782001  0.000000e+00  2.281818e+02 
    0.000   30.278002  0.000000e+00  2.282401e+02 
    0.000   30.774000  0.000000e+00  2.282944e+02 
    0.000   31.270000  0.000000e+00  2.283446e+02 
    0.000   31.765001  0.000000e+00  2.283921e+02 
    0.000   32.260998  0.000000e+00  2.284429e+02 
    0.000   32.757000  0.000000e+00  2.284986e+02 
    0.000   33.252998  0.000000e+00  2.285605e+02 
    0.000   33.747997  0.000000e+00  2.286270e+02 
    0.000   34.243999  0.000000e+00  2.286962e+02 
    0.000   34.739998  0.000000e+00  2.287630e+02 
    0.000   35.236000  0.000000e+00  2.288260e+02 
    0.000   35.730999  0.000000e+00  2.288818e+02 
    0.000   36.226997  0.000000e+00  2.289316e+02 
    0.000   36.723000  0.000000e+00  2.289783e+02 
    0.000   37.218998  0.000000e+00  2.290229e+02 
    0.000   37.714001  0.000000e+00  2.290674e+02 
    0.000   38.209999  0.000000e+00  2.291123e+02 
    0.000   38.705997  0.000000e+00  2.291582e+02 
    0.000   39.202000  0.000000e+00  2.292050e+02 
    0.000   39.696999  0.000000e+00  2.292536e+02 
    0.000   40.196999  0.000000e+00  2.293051e+02 
    0.000   45.196999  0.000000e+00  2.297559e+02 
    0.000   50.196999  0.000000e+00  2.299767e+02 
    0.000   55.196999  0.000000e+00  2.299796e+02 
    0.000   60.196999  0.000000e+00  2.299105e+02 
    0.000   65.197006  0.000000e+00  2.298581e+02 
