    0.000    0.000000  0.000000e+00  3.518465e+02 
    0.000    0.103000  0.000000e+00  3.510059e+02 
    0.000    0.206000  0.000000e+00  3.496815e+02 
    0.000    0.309000  0.000000e+00  3.483448e+02 
    0.000    0.412000  0.000000e+00  3.469287e+02 
    0.000    0.514000  0.000000e+00  3.456320e+02 
    0.000    0.617000  0.000000e+00  3.395889e+02 
    0.000    0.720000  0.000000e+00  3.346169e+02 
    0.000    0.823000  0.000000e+00  3.312873e+02 
    0.000    0.926000  0.000000e+00  3.282198e+02 
    0.000    1.029000  0.000000e+00  3.250904e+02 
    0.000    1.132000  0.000000e+00  3.222040e+02 
    0.000    1.235000  0.000000e+00  3.190849e+02 
    0.000    1.338000  0.000000e+00  3.160102e+02 
    0.000    1.441000  0.000000e+00  3.128827e+02 
    0.000    1.543000  0.000000e+00  3.096924e+02 
    0.000    1.646000  0.000000e+00  3.088114e+02 
    0.000    1.749000  0.000000e+00  3.067373e+02 
    0.000    1.852000  0.000000e+00  3.031578e+02 
    0.000    1.955000  0.000000e+00  3.004250e+02 
    0.000    2.058000  0.000000e+00  2.977998e+02 
    0.000    2.161000  0.000000e+00  2.952460e+02 
    0.000    2.264000  0.000000e+00  2.927256e+02 
    0.000    2.367000  0.000000e+00  2.902012e+02 
    0.000    2.469000  0.000000e+00  2.876760e+02 
    0.000    2.572000  0.000000e+00  2.851015e+02 
    0.000    2.675000  0.000000e+00  2.824762e+02 
    0.000    2.778000  0.000000e+00  2.797986e+02 
    0.000    2.881000  0.000000e+00  2.789008e+02 
    0.000    2.984000  0.000000e+00  2.779164e+02 
    0.000    3.087000  0.000000e+00  2.768775e+02 
    0.000    3.190000  0.000000e+00  2.757955e+02 
    0.000    3.293000  0.000000e+00  2.746899e+02 
    0.000    3.395000  0.000000e+00  2.735791e+02 
    0.000    3.498000  0.000000e+00  2.724545e+02 
    0.000    3.601000  0.000000e+00  2.713287e+02 
    0.000    3.704000  0.000000e+00  2.702022e+02 
    0.000    3.807000  0.000000e+00  2.690777e+02 
    0.000    3.910000  0.000000e+00  2.679406e+02 
    0.000    4.013000  0.000000e+00  2.668009e+02 
    0.000    4.116000  0.000000e+00  2.656594e+02 
    0.000    4.219000  0.000000e+00  2.645178e+02 
    0.000    4.321000  0.000000e+00  2.633913e+02 
    0.000    4.424000  0.000000e+00  2.622609e+02 
    0.000    4.527000  0.000000e+00  2.609400e+02 
    0.000    4.630000  0.000000e+00  2.595393e+02 
    0.000    4.733000  0.000000e+00  2.581684e+02 
    0.000    4.836000  0.000000e+00  2.567917e+02 
    0.000    4.939000  0.000000e+00  2.554200e+02 
    0.000    5.042000  0.000000e+00  2.541955e+02 
    0.000    5.145000  0.000000e+00  2.530028e+02 
    0.000    5.247000  0.000000e+00  2.519775e+02 
    0.000    5.350000  0.000000e+00  2.509515e+02 
    0.000    5.453000  0.000000e+00  2.499383e+02 
    0.000    5.556000  0.000000e+00  2.489325e+02 
    0.000    5.659000  0.000000e+00  2.479385e+02 
    0.000    5.762000  0.000000e+00  2.469577e+02 
    0.000    5.865000  0.000000e+00  2.457626e+02 
    0.000    5.968000  0.000000e+00  2.445972e+02 
    0.000    6.071000  0.000000e+00  2.434138e+02 
    0.000    6.173000  0.000000e+00  2.422920e+02 
    0.000    6.276000  0.000000e+00  2.411610e+02 
    0.000    6.379000  0.000000e+00  2.402963e+02 
    0.000    6.482000  0.000000e+00  2.394547e+02 
    0.000    6.585000  0.000000e+00  2.386375e+02 
    0.000    6.688000  0.000000e+00  2.378577e+02 
    0.000    6.791000  0.000000e+00  2.371064e+02 
    0.000    6.894000  0.000000e+00  2.364162e+02 
    0.000    6.997000  0.000000e+00  2.358083e+02 
    0.000    7.099000  0.000000e+00  2.352632e+02 
    0.000    7.202000  0.000000e+00  2.348352e+02 
    0.000    7.305000  0.000000e+00  2.345173e+02 
    0.000    7.408000  0.000000e+00  2.342675e+02 
    0.000    7.511000  0.000000e+00  2.341155e+02 
    0.000    7.614000  0.000000e+00  2.340289e+02 
    0.000    7.717000  0.000000e+00  2.339700e+02 
    0.000    7.820000  0.000000e+00  2.339082e+02 
    0.000    7.923000  0.000000e+00  2.338474e+02 
    0.000    8.026000  0.000000e+00  2.337677e+02 
    0.000    8.128000  0.000000e+00  2.336493e+02 
    0.000    8.231000  0.000000e+00  2.335066e+02 
    0.000    8.334001  0.000000e+00  2.333510e+02 
    0.000    8.437000  0.000000e+00  2.331869e+02 
    0.000    8.540000  0.000000e+00  2.330181e+02 
    0.000    8.643001  0.000000e+00  2.328520e+02 
    0.000    8.746000  0.000000e+00  2.326887e+02 
    0.000    8.849000  0.000000e+00  2.325266e+02 
    0.000    8.952001  0.000000e+00  2.323747e+02 
    0.000    9.054000  0.000000e+00  2.322318e+02 
    0.000    9.157001  0.000000e+00  2.320941e+02 
    0.000    9.260000  0.000000e+00  2.319826e+02 
    0.000    9.363000  0.000000e+00  2.318902e+02 
    0.000    9.466001  0.000000e+00  2.318109e+02 
    0.000    9.569000  0.000000e+00  2.317491e+02 
    0.000    9.672000  0.000000e+00  2.317006e+02 
    0.000    9.775001  0.000000e+00  2.316590e+02 
    0.000    9.878000  0.000000e+00  2.316174e+02 
    0.000    9.980000  0.000000e+00  2.315771e+02 
    0.000   10.083000  0.000000e+00  2.315357e+02 
    0.000   10.186000  0.000000e+00  2.314886e+02 
    0.000   10.289001  0.000000e+00  2.314384e+02 
    0.000   10.392000  0.000000e+00  2.313919e+02 
    0.000   10.495000  0.000000e+00  2.313571e+02 
    0.000   10.598001  0.000000e+00  2.313309e+02 
    0.000   10.701000  0.000000e+00  2.313046e+02 
    0.000   10.804000  0.000000e+00  2.312657e+02 
    0.000   10.906000  0.000000e+00  2.312190e+02 
    0.000   11.009000  0.000000e+00  2.311661e+02 
    0.000   11.112000  0.000000e+00  2.311027e+02 
    0.000   11.215000  0.000000e+00  2.310319e+02 
    0.000   11.318000  0.000000e+00  2.309570e+02 
    0.000   11.421000  0.000000e+00  2.308779e+02 
    0.000   11.524000  0.000000e+00  2.307959e+02 
    0.000   11.627000  0.000000e+00  2.307120e+02 
    0.000   11.730000  0.000000e+00  2.306261e+02 
    0.000   11.832001  0.000000e+00  2.305396e+02 
    0.000   11.935000  0.000000e+00  2.304515e+02 
    0.000   12.038000  0.000000e+00  2.303673e+02 
    0.000   12.141001  0.000000e+00  2.302861e+02 
    0.000   12.244000  0.000000e+00  2.302066e+02 
    0.000   12.347000  0.000000e+00  2.301309e+02 
    0.000   12.450001  0.000000e+00  2.300587e+02 
    0.000   12.553000  0.000000e+00  2.299887e+02 
    0.000   12.656000  0.000000e+00  2.299223e+02 
    0.000   12.758000  0.000000e+00  2.298601e+02 
    0.000   12.861000  0.000000e+00  2.297999e+02 
    0.000   12.964001  0.000000e+00  2.297411e+02 
    0.000   13.067000  0.000000e+00  2.296831e+02 
    0.000   13.170000  0.000000e+00  2.296258e+02 
    0.000   13.273001  0.000000e+00  2.295687e+02 
    0.000   13.376000  0.000000e+00  2.295104e+02 
    0.000   13.479000  0.000000e+00  2.294515e+02 
    0.000   13.582001  0.000000e+00  2.293926e+02 
    0.000   13.685000  0.000000e+00  2.293340e+02 
    0.000   13.787001  0.000000e+00  2.292763e+02 
    0.000   13.890000  0.000000e+00  2.292184e+02 
    0.000   13.993000  0.000000e+00  2.291632e+02 
    0.000   14.096001  0.000000e+00  2.291105e+02 
    0.000   14.199000  0.000000e+00  2.290595e+02 
    0.000   14.302000  0.000000e+00  2.290111e+02 
    0.000   14.405001  0.000000e+00  2.289658e+02 
    0.000   14.508000  0.000000e+00  2.289229e+02 
    0.000   14.611000  0.000000e+00  2.288813e+02 
    0.000   14.713000  0.000000e+00  2.288405e+02 
    0.000   14.816000  0.000000e+00  2.287995e+02 
    0.000   14.919001  0.000000e+00  2.287592e+02 
    0.000   15.022000  0.000000e+00  2.287188e+02 
    0.000   15.125000  0.000000e+00  2.286783e+02 
    0.000   15.228001  0.000000e+00  2.286380e+02 
    0.000   15.331000  0.000000e+00  2.285977e+02 
    0.000   15.434000  0.000000e+00  2.285573e+02 
    0.000   15.537001  0.000000e+00  2.285170e+02 
    0.000   15.639000  0.000000e+00  2.284769e+02 
    0.000   15.742001  0.000000e+00  2.284352e+02 
    0.000   15.845000  0.000000e+00  2.283927e+02 
    0.000   15.948000  0.000000e+00  2.283499e+02 
    0.000   16.051001  0.000000e+00  2.283091e+02 
    0.000   16.154001  0.000000e+00  2.282707e+02 
    0.000   16.257000  0.000000e+00  2.282340e+02 
    0.000   16.360001  0.000000e+00  2.281982e+02 
    0.000   16.462999  0.000000e+00  2.281626e+02 
    0.000   16.565001  0.000000e+00  2.281277e+02 
    0.000   16.668001  0.000000e+00  2.280927e+02 
    0.000   16.771000  0.000000e+00  2.280560e+02 
    0.000   16.874001  0.000000e+00  2.280177e+02 
    0.000   16.977001  0.000000e+00  2.279785e+02 
    0.000   17.080000  0.000000e+00  2.279389e+02 
    0.000   17.183001  0.000000e+00  2.278990e+02 
    0.000   17.286001  0.000000e+00  2.278588e+02 
    0.000   17.389000  0.000000e+00  2.278185e+02 
    0.000   17.491001  0.000000e+00  2.277789e+02 
    0.000   17.594000  0.000000e+00  2.277391e+02 
    0.000   17.697001  0.000000e+00  2.276994e+02 
    0.000   17.800001  0.000000e+00  2.276601e+02 
    0.000   17.903000  0.000000e+00  2.276211e+02 
    0.000   18.006001  0.000000e+00  2.275826e+02 
    0.000   18.109001  0.000000e+00  2.275444e+02 
    0.000   18.212000  0.000000e+00  2.275077e+02 
    0.000   18.315001  0.000000e+00  2.274727e+02 
    0.000   18.418001  0.000000e+00  2.274388e+02 
    0.000   18.520000  0.000000e+00  2.274064e+02 
    0.000   18.623001  0.000000e+00  2.273751e+02 
    0.000   18.726000  0.000000e+00  2.273450e+02 
    0.000   18.829000  0.000000e+00  2.273159e+02 
    0.000   18.932001  0.000000e+00  2.272877e+02 
    0.000   19.035000  0.000000e+00  2.272603e+02 
    0.000   19.138000  0.000000e+00  2.272335e+02 
    0.000   19.241001  0.000000e+00  2.272074e+02 
    0.000   19.344000  0.000000e+00  2.271816e+02 
    0.000   19.446001  0.000000e+00  2.271562e+02 
    0.000   19.549000  0.000000e+00  2.271310e+02 
    0.000   19.652000  0.000000e+00  2.271061e+02 
    0.000   19.755001  0.000000e+00  2.270802e+02 
    0.000   19.858000  0.000000e+00  2.270532e+02 
    0.000   19.961000  0.000000e+00  2.270254e+02 
    0.000   20.064001  0.000000e+00  2.269972e+02 
    0.000   20.363001  0.000000e+00  2.269117e+02 
    0.000   20.859001  0.000000e+00  2.267774e+02 
    0.000   21.355000  0.000000e+00  2.266679e+02 
    0.000   21.850000  0.000000e+00  2.265797e+02 
    0.000   22.346001  0.000000e+00  2.264990e+02 
    0.000   22.842001  0.000000e+00  2.264197e+02 
    0.000   23.337999  0.000000e+00  2.263408e+02 
    0.000   23.833000  0.000000e+00  2.262708e+02 
    0.000   24.329000  0.000000e+00  2.262242e+02 
    0.000   24.825001  0.000000e+00  2.262039e+02 
    0.000   25.321001  0.000000e+00  2.262004e+02 
    0.000   25.816000  0.000000e+00  2.261987e+02 
    0.000   26.312000  0.000000e+00  2.261908e+02 
    0.000   26.808001  0.000000e+00  2.261920e+02 
    0.000   27.304001  0.000000e+00  2.262087e+02 
    0.000   27.799000  0.000000e+00  2.262360e+02 
    0.000   28.295000  0.000000e+00  2.262687e+02 
    0.000   28.791000  0.000000e+00  2.263096e+02 
    0.000   29.287001  0.000000e+00  2.263524e+02 
    0.000   29.782000  0.000000e+00  2.263976e+02 
    0.000   30.278000  0.000000e+00  2.264478e+02 
    0.000   30.774000  0.000000e+00  2.265054e+02 
    0.000   31.270000  0.000000e+00  2.265654e+02 
    0.000   31.764999  0.000000e+00  2.266231e+02 
    0.000   32.260998  0.000000e+00  2.266792e+02 
    0.000   32.757000  0.000000e+00  2.267343e+02 
    0.000   33.252998  0.000000e+00  2.267891e+02 
    0.000   33.747997  0.000000e+00  2.268451e+02 
    0.000   34.243999  0.000000e+00  2.269029e+02 
    0.000   34.739998  0.000000e+00  2.269645e+02 
    0.000   35.236000  0.000000e+00  2.270291e+02 
    0.000   35.730999  0.000000e+00  2.270919e+02 
    0.000   36.226997  0.000000e+00  2.271524e+02 
    0.000   36.723000  0.000000e+00  2.272058e+02 
    0.000   37.218998  0.000000e+00  2.272533e+02 
    0.000   37.713997  0.000000e+00  2.272970e+02 
    0.000   38.209999  0.000000e+00  2.273380e+02 
    0.000   38.705997  0.000000e+00  2.273799e+02 
    0.000   39.202000  0.000000e+00  2.274238e+02 
    0.000   39.696999  0.000000e+00  2.274702e+02 
    0.000   40.196999  0.000000e+00  2.275199e+02 
    0.000   45.196999  0.000000e+00  2.279683e+02 
    0.000   50.196999  0.000000e+00  2.281907e+02 
    0.000   55.196999  0.000000e+00  2.281852e+02 
    0.000   60.196999  0.000000e+00  2.281185e+02 
    0.000   65.196999  0.000000e+00  2.280658e+02 
