    0.000    0.000000  0.000000e+00  3.511972e+02 
    0.000    0.102000  0.000000e+00  3.505962e+02 
    0.000    0.205000  0.000000e+00  3.492781e+02 
    0.000    0.308000  0.000000e+00  3.476703e+02 
    0.000    0.411000  0.000000e+00  3.461185e+02 
    0.000    0.514000  0.000000e+00  3.444799e+02 
    0.000    0.617000  0.000000e+00  3.427686e+02 
    0.000    0.720000  0.000000e+00  3.405678e+02 
    0.000    0.823000  0.000000e+00  3.379788e+02 
    0.000    0.926000  0.000000e+00  3.350804e+02 
    0.000    1.028000  0.000000e+00  3.319077e+02 
    0.000    1.131000  0.000000e+00  3.284761e+02 
    0.000    1.234000  0.000000e+00  3.251433e+02 
    0.000    1.337000  0.000000e+00  3.219289e+02 
    0.000    1.440000  0.000000e+00  3.187812e+02 
    0.000    1.543000  0.000000e+00  3.156805e+02 
    0.000    1.646000  0.000000e+00  3.126870e+02 
    0.000    1.749000  0.000000e+00  3.097701e+02 
    0.000    1.852000  0.000000e+00  3.088908e+02 
    0.000    1.954000  0.000000e+00  3.075572e+02 
    0.000    2.057000  0.000000e+00  3.061045e+02 
    0.000    2.160000  0.000000e+00  3.045650e+02 
    0.000    2.263000  0.000000e+00  3.029960e+02 
    0.000    2.366000  0.000000e+00  3.014175e+02 
    0.000    2.469000  0.000000e+00  2.998052e+02 
    0.000    2.572000  0.000000e+00  2.982719e+02 
    0.000    2.675000  0.000000e+00  2.967647e+02 
    0.000    2.778000  0.000000e+00  2.952137e+02 
    0.000    2.880000  0.000000e+00  2.866487e+02 
    0.000    2.983000  0.000000e+00  2.804741e+02 
    0.000    3.086000  0.000000e+00  2.755662e+02 
    0.000    3.189000  0.000000e+00  2.725094e+02 
    0.000    3.292000  0.000000e+00  2.707064e+02 
    0.000    3.395000  0.000000e+00  2.698286e+02 
    0.000    3.498000  0.000000e+00  2.688551e+02 
    0.000    3.601000  0.000000e+00  2.678251e+02 
    0.000    3.704000  0.000000e+00  2.667525e+02 
    0.000    3.806000  0.000000e+00  2.656630e+02 
    0.000    3.909000  0.000000e+00  2.645555e+02 
    0.000    4.012000  0.000000e+00  2.634670e+02 
    0.000    4.115000  0.000000e+00  2.623581e+02 
    0.000    4.218000  0.000000e+00  2.612342e+02 
    0.000    4.321000  0.000000e+00  2.600995e+02 
    0.000    4.424000  0.000000e+00  2.589482e+02 
    0.000    4.527000  0.000000e+00  2.577761e+02 
    0.000    4.630000  0.000000e+00  2.565676e+02 
    0.000    4.732000  0.000000e+00  2.553141e+02 
    0.000    4.835000  0.000000e+00  2.540128e+02 
    0.000    4.938000  0.000000e+00  2.526615e+02 
    0.000    5.041000  0.000000e+00  2.513869e+02 
    0.000    5.144000  0.000000e+00  2.501600e+02 
    0.000    5.247000  0.000000e+00  2.490359e+02 
    0.000    5.350000  0.000000e+00  2.479154e+02 
    0.000    5.453000  0.000000e+00  2.468021e+02 
    0.000    5.556000  0.000000e+00  2.457029e+02 
    0.000    5.659000  0.000000e+00  2.446027e+02 
    0.000    5.761000  0.000000e+00  2.435342e+02 
    0.000    5.864000  0.000000e+00  2.424751e+02 
    0.000    5.967000  0.000000e+00  2.414284e+02 
    0.000    6.070000  0.000000e+00  2.403940e+02 
    0.000    6.173000  0.000000e+00  2.393689e+02 
    0.000    6.276000  0.000000e+00  2.383614e+02 
    0.000    6.379000  0.000000e+00  2.373681e+02 
    0.000    6.482000  0.000000e+00  2.363958e+02 
    0.000    6.585000  0.000000e+00  2.354747e+02 
    0.000    6.687000  0.000000e+00  2.345787e+02 
    0.000    6.790000  0.000000e+00  2.336827e+02 
    0.000    6.893000  0.000000e+00  2.328354e+02 
    0.000    6.996000  0.000000e+00  2.320484e+02 
    0.000    7.099000  0.000000e+00  2.313037e+02 
    0.000    7.202000  0.000000e+00  2.306710e+02 
    0.000    7.305000  0.000000e+00  2.301547e+02 
    0.000    7.408000  0.000000e+00  2.297180e+02 
    0.000    7.511000  0.000000e+00  2.293976e+02 
    0.000    7.613000  0.000000e+00  2.291594e+02 
    0.000    7.716000  0.000000e+00  2.289634e+02 
    0.000    7.819000  0.000000e+00  2.288076e+02 
    0.000    7.922000  0.000000e+00  2.286744e+02 
    0.000    8.025001  0.000000e+00  2.285616e+02 
    0.000    8.128000  0.000000e+00  2.284156e+02 
    0.000    8.231000  0.000000e+00  2.283279e+02 
    0.000    8.334001  0.000000e+00  2.282309e+02 
    0.000    8.437000  0.000000e+00  2.281212e+02 
    0.000    8.539001  0.000000e+00  2.280098e+02 
    0.000    8.642000  0.000000e+00  2.278731e+02 
    0.000    8.745000  0.000000e+00  2.277188e+02 
    0.000    8.848001  0.000000e+00  2.275566e+02 
    0.000    8.951000  0.000000e+00  2.273845e+02 
    0.000    9.054000  0.000000e+00  2.272095e+02 
    0.000    9.157001  0.000000e+00  2.270171e+02 
    0.000    9.260000  0.000000e+00  2.269061e+02 
    0.000    9.363000  0.000000e+00  2.267218e+02 
    0.000    9.465000  0.000000e+00  2.265437e+02 
    0.000    9.568000  0.000000e+00  2.263750e+02 
    0.000    9.671000  0.000000e+00  2.262128e+02 
    0.000    9.774000  0.000000e+00  2.260568e+02 
    0.000    9.877000  0.000000e+00  2.259160e+02 
    0.000    9.980000  0.000000e+00  2.257906e+02 
    0.000   10.083000  0.000000e+00  2.256811e+02 
    0.000   10.186000  0.000000e+00  2.255859e+02 
    0.000   10.289001  0.000000e+00  2.255575e+02 
    0.000   10.391000  0.000000e+00  2.255290e+02 
    0.000   10.494000  0.000000e+00  2.254903e+02 
    0.000   10.597000  0.000000e+00  2.254450e+02 
    0.000   10.700000  0.000000e+00  2.253988e+02 
    0.000   10.803000  0.000000e+00  2.253490e+02 
    0.000   10.906000  0.000000e+00  2.252970e+02 
    0.000   11.009000  0.000000e+00  2.252429e+02 
    0.000   11.112000  0.000000e+00  2.251828e+02 
    0.000   11.215000  0.000000e+00  2.251185e+02 
    0.000   11.318000  0.000000e+00  2.250515e+02 
    0.000   11.420000  0.000000e+00  2.249796e+02 
    0.000   11.523000  0.000000e+00  2.249031e+02 
    0.000   11.626000  0.000000e+00  2.248250e+02 
    0.000   11.729000  0.000000e+00  2.247502e+02 
    0.000   11.832000  0.000000e+00  2.246783e+02 
    0.000   11.935000  0.000000e+00  2.246078e+02 
    0.000   12.038000  0.000000e+00  2.245401e+02 
    0.000   12.141000  0.000000e+00  2.244748e+02 
    0.000   12.244000  0.000000e+00  2.244110e+02 
    0.000   12.346000  0.000000e+00  2.243471e+02 
    0.000   12.449000  0.000000e+00  2.242816e+02 
    0.000   12.552000  0.000000e+00  2.242160e+02 
    0.000   12.655000  0.000000e+00  2.241494e+02 
    0.000   12.758000  0.000000e+00  2.240816e+02 
    0.000   12.861000  0.000000e+00  2.240131e+02 
    0.000   12.964000  0.000000e+00  2.239447e+02 
    0.000   13.067000  0.000000e+00  2.238765e+02 
    0.000   13.170000  0.000000e+00  2.238087e+02 
    0.000   13.272000  0.000000e+00  2.237426e+02 
    0.000   13.375000  0.000000e+00  2.236790e+02 
    0.000   13.478000  0.000000e+00  2.236176e+02 
    0.000   13.581000  0.000000e+00  2.235581e+02 
    0.000   13.684000  0.000000e+00  2.235025e+02 
    0.000   13.787000  0.000000e+00  2.234502e+02 
    0.000   13.890000  0.000000e+00  2.233999e+02 
    0.000   13.993000  0.000000e+00  2.233541e+02 
    0.000   14.096000  0.000000e+00  2.233124e+02 
    0.000   14.198000  0.000000e+00  2.232740e+02 
    0.000   14.301001  0.000000e+00  2.232376e+02 
    0.000   14.404000  0.000000e+00  2.232035e+02 
    0.000   14.507000  0.000000e+00  2.231714e+02 
    0.000   14.610001  0.000000e+00  2.231400e+02 
    0.000   14.713000  0.000000e+00  2.231067e+02 
    0.000   14.816000  0.000000e+00  2.230720e+02 
    0.000   14.919000  0.000000e+00  2.230371e+02 
    0.000   15.022000  0.000000e+00  2.230007e+02 
    0.000   15.124001  0.000000e+00  2.229635e+02 
    0.000   15.227000  0.000000e+00  2.229255e+02 
    0.000   15.330000  0.000000e+00  2.228873e+02 
    0.000   15.433001  0.000000e+00  2.228491e+02 
    0.000   15.536000  0.000000e+00  2.228109e+02 
    0.000   15.639000  0.000000e+00  2.227723e+02 
    0.000   15.742001  0.000000e+00  2.227306e+02 
    0.000   15.845000  0.000000e+00  2.226865e+02 
    0.000   15.948001  0.000000e+00  2.226411e+02 
    0.000   16.050999  0.000000e+00  2.225946e+02 
    0.000   16.153000  0.000000e+00  2.225477e+02 
    0.000   16.255999  0.000000e+00  2.224997e+02 
    0.000   16.358999  0.000000e+00  2.224519e+02 
    0.000   16.462000  0.000000e+00  2.224052e+02 
    0.000   16.564999  0.000000e+00  2.223594e+02 
    0.000   16.667999  0.000000e+00  2.223141e+02 
    0.000   16.771000  0.000000e+00  2.222714e+02 
    0.000   16.873999  0.000000e+00  2.222311e+02 
    0.000   16.976999  0.000000e+00  2.221924e+02 
    0.000   17.078999  0.000000e+00  2.221557e+02 
    0.000   17.181999  0.000000e+00  2.221208e+02 
    0.000   17.285000  0.000000e+00  2.220876e+02 
    0.000   17.387999  0.000000e+00  2.220556e+02 
    0.000   17.490999  0.000000e+00  2.220239e+02 
    0.000   17.594000  0.000000e+00  2.219925e+02 
    0.000   17.696999  0.000000e+00  2.219616e+02 
    0.000   17.799999  0.000000e+00  2.219310e+02 
    0.000   17.903000  0.000000e+00  2.219004e+02 
    0.000   18.004999  0.000000e+00  2.218704e+02 
    0.000   18.108000  0.000000e+00  2.218404e+02 
    0.000   18.210999  0.000000e+00  2.218107e+02 
    0.000   18.313999  0.000000e+00  2.217812e+02 
    0.000   18.417000  0.000000e+00  2.217520e+02 
    0.000   18.519999  0.000000e+00  2.217231e+02 
    0.000   18.622999  0.000000e+00  2.216944e+02 
    0.000   18.726000  0.000000e+00  2.216658e+02 
    0.000   18.828999  0.000000e+00  2.216374e+02 
    0.000   18.931000  0.000000e+00  2.216092e+02 
    0.000   19.033998  0.000000e+00  2.215801e+02 
    0.000   19.136999  0.000000e+00  2.215507e+02 
    0.000   19.240000  0.000000e+00  2.215211e+02 
    0.000   19.342999  0.000000e+00  2.214916e+02 
    0.000   19.445999  0.000000e+00  2.214623e+02 
    0.000   19.549000  0.000000e+00  2.214332e+02 
    0.000   19.651999  0.000000e+00  2.214043e+02 
    0.000   19.754999  0.000000e+00  2.213766e+02 
    0.000   19.858000  0.000000e+00  2.213502e+02 
    0.000   19.959999  0.000000e+00  2.213251e+02 
    0.000   20.063000  0.000000e+00  2.213005e+02 
    0.000   20.362999  0.000000e+00  2.212332e+02 
    0.000   20.858000  0.000000e+00  2.211285e+02 
    0.000   21.354000  0.000000e+00  2.210330e+02 
    0.000   21.849998  0.000000e+00  2.209462e+02 
    0.000   22.345999  0.000000e+00  2.208591e+02 
    0.000   22.841000  0.000000e+00  2.207761e+02 
    0.000   23.337000  0.000000e+00  2.207061e+02 
    0.000   23.832998  0.000000e+00  2.206506e+02 
    0.000   24.328999  0.000000e+00  2.206076e+02 
    0.000   24.823999  0.000000e+00  2.205810e+02 
    0.000   25.320000  0.000000e+00  2.205695e+02 
    0.000   25.816000  0.000000e+00  2.205668e+02 
    0.000   26.311998  0.000000e+00  2.205780e+02 
    0.000   26.806999  0.000000e+00  2.205984e+02 
    0.000   27.302999  0.000000e+00  2.206211e+02 
    0.000   27.799000  0.000000e+00  2.206432e+02 
    0.000   28.295000  0.000000e+00  2.206663e+02 
    0.000   28.789999  0.000000e+00  2.206957e+02 
    0.000   29.285999  0.000000e+00  2.207381e+02 
    0.000   29.782000  0.000000e+00  2.207906e+02 
    0.000   30.278000  0.000000e+00  2.208488e+02 
    0.000   30.772999  0.000000e+00  2.209040e+02 
    0.000   31.268999  0.000000e+00  2.209561e+02 
    0.000   31.764999  0.000000e+00  2.210060e+02 
    0.000   32.261002  0.000000e+00  2.210581e+02 
    0.000   32.756001  0.000000e+00  2.211138e+02 
    0.000   33.252003  0.000000e+00  2.211757e+02 
    0.000   33.748001  0.000000e+00  2.212422e+02 
    0.000   34.243999  0.000000e+00  2.213113e+02 
    0.000   34.739002  0.000000e+00  2.213778e+02 
    0.000   35.235001  0.000000e+00  2.214404e+02 
    0.000   35.731003  0.000000e+00  2.214970e+02 
    0.000   36.227001  0.000000e+00  2.215488e+02 
    0.000   36.722000  0.000000e+00  2.215966e+02 
    0.000   37.218002  0.000000e+00  2.216415e+02 
    0.000   37.714001  0.000000e+00  2.216860e+02 
    0.000   38.210003  0.000000e+00  2.217304e+02 
    0.000   38.705002  0.000000e+00  2.217755e+02 
    0.000   39.201000  0.000000e+00  2.218215e+02 
    0.000   39.697002  0.000000e+00  2.218697e+02 
    0.000   40.197002  0.000000e+00  2.219211e+02 
    0.000   45.197002  0.000000e+00  2.223730e+02 
    0.000   50.197002  0.000000e+00  2.225949e+02 
    0.000   55.197002  0.000000e+00  2.225965e+02 
    0.000   60.197002  0.000000e+00  2.225275e+02 
    0.000   65.196999  0.000000e+00  2.224752e+02 
