    0.000    0.000000  0.000000e+00  3.506923e+02 
    0.000    0.103000  0.000000e+00  3.498840e+02 
    0.000    0.206000  0.000000e+00  3.485864e+02 
    0.000    0.309000  0.000000e+00  3.472704e+02 
    0.000    0.412000  0.000000e+00  3.458776e+02 
    0.000    0.515000  0.000000e+00  3.445923e+02 
    0.000    0.618000  0.000000e+00  3.431451e+02 
    0.000    0.720000  0.000000e+00  3.416390e+02 
    0.000    0.823000  0.000000e+00  3.398216e+02 
    0.000    0.926000  0.000000e+00  3.378436e+02 
    0.000    1.029000  0.000000e+00  3.357000e+02 
    0.000    1.132000  0.000000e+00  3.335139e+02 
    0.000    1.235000  0.000000e+00  3.311144e+02 
    0.000    1.338000  0.000000e+00  3.286188e+02 
    0.000    1.441000  0.000000e+00  3.261143e+02 
    0.000    1.544000  0.000000e+00  3.233979e+02 
    0.000    1.646000  0.000000e+00  3.210242e+02 
    0.000    1.749000  0.000000e+00  3.184965e+02 
    0.000    1.852000  0.000000e+00  3.155176e+02 
    0.000    1.955000  0.000000e+00  3.119027e+02 
    0.000    2.058000  0.000000e+00  3.075358e+02 
    0.000    2.161000  0.000000e+00  3.021449e+02 
    0.000    2.264000  0.000000e+00  3.010578e+02 
    0.000    2.367000  0.000000e+00  2.999239e+02 
    0.000    2.470000  0.000000e+00  2.987778e+02 
    0.000    2.572000  0.000000e+00  2.976127e+02 
    0.000    2.675000  0.000000e+00  2.964207e+02 
    0.000    2.778000  0.000000e+00  2.951919e+02 
    0.000    2.881000  0.000000e+00  2.939462e+02 
    0.000    2.984000  0.000000e+00  2.926929e+02 
    0.000    3.087000  0.000000e+00  2.914368e+02 
    0.000    3.190000  0.000000e+00  2.901735e+02 
    0.000    3.293000  0.000000e+00  2.889120e+02 
    0.000    3.396000  0.000000e+00  2.876590e+02 
    0.000    3.499000  0.000000e+00  2.864158e+02 
    0.000    3.601000  0.000000e+00  2.851904e+02 
    0.000    3.704000  0.000000e+00  2.839654e+02 
    0.000    3.807000  0.000000e+00  2.827514e+02 
    0.000    3.910000  0.000000e+00  2.815330e+02 
    0.000    4.013000  0.000000e+00  2.803199e+02 
    0.000    4.116000  0.000000e+00  2.791110e+02 
    0.000    4.219000  0.000000e+00  2.779079e+02 
    0.000    4.322000  0.000000e+00  2.767183e+02 
    0.000    4.425000  0.000000e+00  2.755387e+02 
    0.000    4.527000  0.000000e+00  2.743826e+02 
    0.000    4.630000  0.000000e+00  2.732320e+02 
    0.000    4.733000  0.000000e+00  2.720893e+02 
    0.000    4.836000  0.000000e+00  2.709610e+02 
    0.000    4.939000  0.000000e+00  2.698444e+02 
    0.000    5.042000  0.000000e+00  2.687383e+02 
    0.000    5.145000  0.000000e+00  2.676483e+02 
    0.000    5.248000  0.000000e+00  2.665692e+02 
    0.000    5.351000  0.000000e+00  2.655031e+02 
    0.000    5.453000  0.000000e+00  2.644597e+02 
    0.000    5.556000  0.000000e+00  2.634177e+02 
    0.000    5.659000  0.000000e+00  2.618502e+02 
    0.000    5.762000  0.000000e+00  2.598138e+02 
    0.000    5.865000  0.000000e+00  2.574978e+02 
    0.000    5.968000  0.000000e+00  2.551133e+02 
    0.000    6.071000  0.000000e+00  2.529628e+02 
    0.000    6.174000  0.000000e+00  2.514687e+02 
    0.000    6.277000  0.000000e+00  2.505891e+02 
    0.000    6.379000  0.000000e+00  2.497384e+02 
    0.000    6.482000  0.000000e+00  2.489011e+02 
    0.000    6.585000  0.000000e+00  2.480863e+02 
    0.000    6.688000  0.000000e+00  2.473076e+02 
    0.000    6.791000  0.000000e+00  2.465564e+02 
    0.000    6.894000  0.000000e+00  2.458642e+02 
    0.000    6.997000  0.000000e+00  2.452535e+02 
    0.000    7.100000  0.000000e+00  2.447005e+02 
    0.000    7.203000  0.000000e+00  2.442677e+02 
    0.000    7.305000  0.000000e+00  2.439475e+02 
    0.000    7.408000  0.000000e+00  2.436911e+02 
    0.000    7.511000  0.000000e+00  2.435323e+02 
    0.000    7.614000  0.000000e+00  2.434384e+02 
    0.000    7.717000  0.000000e+00  2.433725e+02 
    0.000    7.820000  0.000000e+00  2.433039e+02 
    0.000    7.923000  0.000000e+00  2.432361e+02 
    0.000    8.026000  0.000000e+00  2.431498e+02 
    0.000    8.129000  0.000000e+00  2.430241e+02 
    0.000    8.231000  0.000000e+00  2.428762e+02 
    0.000    8.334000  0.000000e+00  2.427138e+02 
    0.000    8.436999  0.000000e+00  2.425428e+02 
    0.000    8.540000  0.000000e+00  2.423670e+02 
    0.000    8.643000  0.000000e+00  2.421936e+02 
    0.000    8.745999  0.000000e+00  2.420227e+02 
    0.000    8.849000  0.000000e+00  2.418528e+02 
    0.000    8.952000  0.000000e+00  2.416928e+02 
    0.000    9.054999  0.000000e+00  2.415401e+02 
    0.000    9.157000  0.000000e+00  2.413950e+02 
    0.000    9.259999  0.000000e+00  2.412744e+02 
    0.000    9.363000  0.000000e+00  2.411729e+02 
    0.000    9.466000  0.000000e+00  2.410841e+02 
    0.000    9.568999  0.000000e+00  2.410130e+02 
    0.000    9.672000  0.000000e+00  2.409553e+02 
    0.000    9.775000  0.000000e+00  2.409045e+02 
    0.000    9.877999  0.000000e+00  2.408536e+02 
    0.000    9.981000  0.000000e+00  2.408035e+02 
    0.000   10.084000  0.000000e+00  2.407531e+02 
    0.000   10.186000  0.000000e+00  2.406979e+02 
    0.000   10.289000  0.000000e+00  2.406393e+02 
    0.000   10.392000  0.000000e+00  2.405842e+02 
    0.000   10.495000  0.000000e+00  2.405410e+02 
    0.000   10.598000  0.000000e+00  2.405065e+02 
    0.000   10.701000  0.000000e+00  2.404722e+02 
    0.000   10.804000  0.000000e+00  2.404254e+02 
    0.000   10.907000  0.000000e+00  2.403706e+02 
    0.000   11.009999  0.000000e+00  2.403102e+02 
    0.000   11.112000  0.000000e+00  2.402401e+02 
    0.000   11.215000  0.000000e+00  2.401622e+02 
    0.000   11.318000  0.000000e+00  2.400804e+02 
    0.000   11.421000  0.000000e+00  2.399946e+02 
    0.000   11.524000  0.000000e+00  2.399060e+02 
    0.000   11.627000  0.000000e+00  2.398158e+02 
    0.000   11.730000  0.000000e+00  2.397239e+02 
    0.000   11.833000  0.000000e+00  2.396307e+02 
    0.000   11.936000  0.000000e+00  2.395370e+02 
    0.000   12.038000  0.000000e+00  2.394480e+02 
    0.000   12.141000  0.000000e+00  2.393613e+02 
    0.000   12.243999  0.000000e+00  2.392765e+02 
    0.000   12.347000  0.000000e+00  2.391957e+02 
    0.000   12.450000  0.000000e+00  2.391185e+02 
    0.000   12.552999  0.000000e+00  2.390437e+02 
    0.000   12.656000  0.000000e+00  2.389726e+02 
    0.000   12.759000  0.000000e+00  2.389052e+02 
    0.000   12.862000  0.000000e+00  2.388405e+02 
    0.000   12.964000  0.000000e+00  2.387780e+02 
    0.000   13.066999  0.000000e+00  2.387155e+02 
    0.000   13.170000  0.000000e+00  2.386540e+02 
    0.000   13.273000  0.000000e+00  2.385927e+02 
    0.000   13.375999  0.000000e+00  2.385304e+02 
    0.000   13.479000  0.000000e+00  2.384674e+02 
    0.000   13.582000  0.000000e+00  2.384045e+02 
    0.000   13.684999  0.000000e+00  2.383420e+02 
    0.000   13.788000  0.000000e+00  2.382799e+02 
    0.000   13.889999  0.000000e+00  2.382188e+02 
    0.000   13.993000  0.000000e+00  2.381598e+02 
    0.000   14.096000  0.000000e+00  2.381033e+02 
    0.000   14.198999  0.000000e+00  2.380486e+02 
    0.000   14.302000  0.000000e+00  2.379966e+02 
    0.000   14.405000  0.000000e+00  2.379477e+02 
    0.000   14.507999  0.000000e+00  2.379012e+02 
    0.000   14.611000  0.000000e+00  2.378562e+02 
    0.000   14.714000  0.000000e+00  2.378114e+02 
    0.000   14.816999  0.000000e+00  2.377671e+02 
    0.000   14.919000  0.000000e+00  2.377239e+02 
    0.000   15.021999  0.000000e+00  2.376802e+02 
    0.000   15.125000  0.000000e+00  2.376364e+02 
    0.000   15.228000  0.000000e+00  2.375930e+02 
    0.000   15.330999  0.000000e+00  2.375497e+02 
    0.000   15.434000  0.000000e+00  2.375063e+02 
    0.000   15.537000  0.000000e+00  2.374630e+02 
    0.000   15.639999  0.000000e+00  2.374196e+02 
    0.000   15.743000  0.000000e+00  2.373751e+02 
    0.000   15.844999  0.000000e+00  2.373303e+02 
    0.000   15.948000  0.000000e+00  2.372847e+02 
    0.000   16.051001  0.000000e+00  2.372412e+02 
    0.000   16.153999  0.000000e+00  2.372002e+02 
    0.000   16.257000  0.000000e+00  2.371609e+02 
    0.000   16.360001  0.000000e+00  2.371226e+02 
    0.000   16.462999  0.000000e+00  2.370845e+02 
    0.000   16.566000  0.000000e+00  2.370468e+02 
    0.000   16.669001  0.000000e+00  2.370095e+02 
    0.000   16.771000  0.000000e+00  2.369708e+02 
    0.000   16.874001  0.000000e+00  2.369302e+02 
    0.000   16.976999  0.000000e+00  2.368887e+02 
    0.000   17.080000  0.000000e+00  2.368468e+02 
    0.000   17.183001  0.000000e+00  2.368047e+02 
    0.000   17.285999  0.000000e+00  2.367623e+02 
    0.000   17.389000  0.000000e+00  2.367198e+02 
    0.000   17.492001  0.000000e+00  2.366776e+02 
    0.000   17.594999  0.000000e+00  2.366357e+02 
    0.000   17.697001  0.000000e+00  2.365943e+02 
    0.000   17.799999  0.000000e+00  2.365527e+02 
    0.000   17.903000  0.000000e+00  2.365116e+02 
    0.000   18.006001  0.000000e+00  2.364709e+02 
    0.000   18.108999  0.000000e+00  2.364306e+02 
    0.000   18.212000  0.000000e+00  2.363918e+02 
    0.000   18.315001  0.000000e+00  2.363547e+02 
    0.000   18.417999  0.000000e+00  2.363189e+02 
    0.000   18.521000  0.000000e+00  2.362842e+02 
    0.000   18.622999  0.000000e+00  2.362513e+02 
    0.000   18.726000  0.000000e+00  2.362193e+02 
    0.000   18.829000  0.000000e+00  2.361883e+02 
    0.000   18.931999  0.000000e+00  2.361582e+02 
    0.000   19.035000  0.000000e+00  2.361289e+02 
    0.000   19.138000  0.000000e+00  2.361003e+02 
    0.000   19.240999  0.000000e+00  2.360724e+02 
    0.000   19.344000  0.000000e+00  2.360448e+02 
    0.000   19.447001  0.000000e+00  2.360175e+02 
    0.000   19.549999  0.000000e+00  2.359905e+02 
    0.000   19.652000  0.000000e+00  2.359642e+02 
    0.000   19.754999  0.000000e+00  2.359366e+02 
    0.000   19.858000  0.000000e+00  2.359079e+02 
    0.000   19.961000  0.000000e+00  2.358785e+02 
    0.000   20.063999  0.000000e+00  2.358487e+02 
    0.000   20.362999  0.000000e+00  2.357586e+02 
    0.000   20.858999  0.000000e+00  2.356170e+02 
    0.000   21.355000  0.000000e+00  2.355007e+02 
    0.000   21.851000  0.000000e+00  2.354058e+02 
    0.000   22.346001  0.000000e+00  2.353192e+02 
    0.000   22.841999  0.000000e+00  2.352346e+02 
    0.000   23.337999  0.000000e+00  2.351509e+02 
    0.000   23.834000  0.000000e+00  2.350766e+02 
    0.000   24.329000  0.000000e+00  2.350262e+02 
    0.000   24.824999  0.000000e+00  2.350026e+02 
    0.000   25.320999  0.000000e+00  2.349961e+02 
    0.000   25.816999  0.000000e+00  2.349916e+02 
    0.000   26.312000  0.000000e+00  2.349814e+02 
    0.000   26.808001  0.000000e+00  2.349805e+02 
    0.000   27.303999  0.000000e+00  2.349953e+02 
    0.000   27.799999  0.000000e+00  2.350209e+02 
    0.000   28.295000  0.000000e+00  2.350520e+02 
    0.000   28.791000  0.000000e+00  2.350915e+02 
    0.000   29.287001  0.000000e+00  2.351331e+02 
    0.000   29.782999  0.000000e+00  2.351772e+02 
    0.000   30.278000  0.000000e+00  2.352264e+02 
    0.000   30.774000  0.000000e+00  2.352831e+02 
    0.000   31.270000  0.000000e+00  2.353424e+02 
    0.000   31.765999  0.000000e+00  2.353996e+02 
    0.000   32.261002  0.000000e+00  2.354548e+02 
    0.000   32.757000  0.000000e+00  2.355094e+02 
    0.000   33.253002  0.000000e+00  2.355637e+02 
    0.000   33.749001  0.000000e+00  2.356192e+02 
    0.000   34.244003  0.000000e+00  2.356765e+02 
    0.000   34.740002  0.000000e+00  2.357377e+02 
    0.000   35.236000  0.000000e+00  2.358019e+02 
    0.000   35.732002  0.000000e+00  2.358644e+02 
    0.000   36.227001  0.000000e+00  2.359245e+02 
    0.000   36.723003  0.000000e+00  2.359777e+02 
    0.000   37.219002  0.000000e+00  2.360249e+02 
    0.000   37.715000  0.000000e+00  2.360685e+02 
    0.000   38.210003  0.000000e+00  2.361092e+02 
    0.000   38.706001  0.000000e+00  2.361510e+02 
    0.000   39.202003  0.000000e+00  2.361947e+02 
    0.000   39.698002  0.000000e+00  2.362410e+02 
    0.000   40.198002  0.000000e+00  2.362906e+02 
    0.000   45.198002  0.000000e+00  2.367381e+02 
    0.000   50.198002  0.000000e+00  2.369602e+02 
    0.000   55.198002  0.000000e+00  2.369546e+02 
    0.000   60.198002  0.000000e+00  2.368880e+02 
    0.000   65.197998  0.000000e+00  2.368352e+02 
