   67.545    0.000000  3.030090e-07  8.779940e+00 
   67.545    0.103000  3.046261e-07  8.904464e+00 
   67.545    0.205000  3.062222e-07  9.029630e+00 
   67.545    0.308000  3.078277e-07  9.156799e+00 
   67.545    0.411000  3.094266e-07  9.284218e+00 
   67.545    0.514000  3.110156e-07  9.411622e+00 
   67.545    0.617000  3.128041e-07  9.544590e+00 
   67.545    0.720000  3.146916e-07  9.680029e+00 
   67.545    0.823000  3.167508e-07  9.819488e+00 
   67.545    0.926000  3.190758e-07  9.965131e+00 
   67.545    1.029000  3.215872e-07  1.011458e+01 
   67.545    1.131000  3.242643e-07  1.026629e+01 
   67.545    1.234000  3.270774e-07  1.042088e+01 
   67.545    1.337000  3.300047e-07  1.057683e+01 
   67.545    1.440000  3.331371e-07  1.073654e+01 
   67.545    1.543000  3.366804e-07  1.090547e+01 
   67.545    1.646000  9.268877e-05  5.058059e+01 
   67.545    1.749000  8.688311e-03  8.446110e+01 
   67.545    1.852000  3.252452e-01  1.172761e+02 
   67.545    1.955000  5.223981e+00  1.520756e+02 
   67.545    2.058000  3.781723e+01  1.886196e+02 
   67.545    2.160000  1.371931e+02  2.210731e+02 
   67.545    2.263000  3.177393e+02  2.436561e+02 
   67.545    2.366000  3.206195e+02  2.434516e+02 
   67.545    2.469000  3.229511e+02  2.432850e+02 
   67.545    2.572000  3.251774e+02  2.432048e+02 
   67.545    2.675000  3.273869e+02  2.431683e+02 
   67.545    2.778000  3.292829e+02  2.431337e+02 
   67.545    2.881000  3.311901e+02  2.431309e+02 
   67.545    2.984000  3.331344e+02  2.431570e+02 
   67.545    3.086000  3.346103e+02  2.431499e+02 
   67.545    3.189000  3.360875e+02  2.431590e+02 
   67.545    3.292000  3.375539e+02  2.431820e+02 
   67.545    3.395000  3.390117e+02  2.432171e+02 
   67.545    3.498000  3.404624e+02  2.432629e+02 
   67.545    3.601000  3.419066e+02  2.433182e+02 
   67.545    3.704000  3.433471e+02  2.433817e+02 
   67.545    3.807000  3.447830e+02  2.434530e+02 
   67.545    3.910000  3.462132e+02  2.435313e+02 
   67.545    4.012000  3.476219e+02  2.436153e+02 
   67.545    4.115000  3.490362e+02  2.437061e+02 
   67.545    4.218000  3.504418e+02  2.438024e+02 
   67.545    4.321000  3.518368e+02  2.439037e+02 
   67.545    4.424000  3.532201e+02  2.440095e+02 
   67.545    4.527000  3.545901e+02  2.441195e+02 
   67.545    4.630000  3.559456e+02  2.442332e+02 
   67.545    4.733000  3.572880e+02  2.443498e+02 
   67.545    4.836000  3.586147e+02  2.444692e+02 
   67.545    4.938000  3.599133e+02  2.445899e+02 
   67.545    5.041000  3.612103e+02  2.447138e+02 
   67.545    5.144000  3.630665e+02  2.449126e+02 
   67.545    5.247000  3.649031e+02  2.451118e+02 
   67.545    5.350000  3.667067e+02  2.453098e+02 
   67.545    5.453000  3.684713e+02  2.455058e+02 
   67.545    5.556000  3.701964e+02  2.456998e+02 
   67.545    5.659000  3.720728e+02  2.458741e+02 
   67.545    5.762000  3.745269e+02  2.460865e+02 
   67.545    5.864000  3.762454e+02  2.462536e+02 
   67.545    5.967000  3.776927e+02  2.464246e+02 
   67.545    6.070000  3.791961e+02  2.466057e+02 
   67.545    6.173000  3.807943e+02  2.468012e+02 
   67.545    6.276000  3.829531e+02  2.470038e+02 
   67.545    6.379000  3.851798e+02  2.472106e+02 
   67.545    6.482000  3.875320e+02  2.474254e+02 
   67.545    6.585000  3.903849e+02  2.476713e+02 
   67.545    6.688000  3.929834e+02  2.479003e+02 
   67.545    6.790000  3.955132e+02  2.481236e+02 
   67.545    6.893000  3.981187e+02  2.483511e+02 
   67.545    6.996000  4.007855e+02  2.485803e+02 
   67.545    7.099000  4.035146e+02  2.488117e+02 
   67.545    7.202000  4.063686e+02  2.490513e+02 
   67.545    7.305000  4.090843e+02  2.492850e+02 
   67.545    7.408000  4.116273e+02  2.495102e+02 
   67.545    7.511000  4.140967e+02  2.497324e+02 
   67.545    7.614000  4.167101e+02  2.499647e+02 
   67.545    7.716000  4.201506e+02  2.502439e+02 
   67.545    7.819000  4.223683e+02  2.504489e+02 
   67.545    7.922000  4.246552e+02  2.506556e+02 
   67.545    8.025001  4.269095e+02  2.508579e+02 
   67.545    8.128000  4.291958e+02  2.510593e+02 
   67.545    8.231000  4.313013e+02  2.512478e+02 
   67.545    8.334001  4.334988e+02  2.514397e+02 
   67.545    8.437000  4.357874e+02  2.516351e+02 
   67.545    8.540000  4.384278e+02  2.518485e+02 
   67.545    8.643001  4.408349e+02  2.520479e+02 
   67.545    8.745000  4.429333e+02  2.522288e+02 
   67.545    8.848001  4.442943e+02  2.524114e+02 
   67.545    8.951000  4.456176e+02  2.525884e+02 
   67.545    9.054000  4.469928e+02  2.527683e+02 
   67.545    9.157001  4.484809e+02  2.529566e+02 
   67.545    9.260000  4.501073e+02  2.531553e+02 
   67.545    9.363000  4.505902e+02  2.532387e+02 
   67.545    9.466001  4.510724e+02  2.533200e+02 
   67.545    9.569000  4.515541e+02  2.533993e+02 
   67.545    9.671000  4.520308e+02  2.534760e+02 
   67.545    9.774000  4.525087e+02  2.535515e+02 
   67.545    9.877000  4.529790e+02  2.536252e+02 
   67.545    9.980000  4.534407e+02  2.536972e+02 
   67.545   10.083000  4.538933e+02  2.537675e+02 
   67.545   10.186000  4.543685e+02  2.538353e+02 
   67.545   10.289001  4.548320e+02  2.539017e+02 
   67.545   10.392000  4.552861e+02  2.539668e+02 
   67.545   10.495000  4.557340e+02  2.540308e+02 
   67.545   10.597000  4.561720e+02  2.540929e+02 
   67.545   10.700000  4.566085e+02  2.541545e+02 
   67.545   10.803000  4.570388e+02  2.542152e+02 
   67.545   10.906000  4.574631e+02  2.542749e+02 
   67.545   11.009000  4.578813e+02  2.543338e+02 
   67.545   11.112000  4.582937e+02  2.543919e+02 
   67.545   11.215000  4.587003e+02  2.544492e+02 
   67.545   11.318000  4.591013e+02  2.545059e+02 
   67.545   11.421000  4.594973e+02  2.545618e+02 
   67.545   11.523000  4.598845e+02  2.546166e+02 
   67.545   11.626000  4.602704e+02  2.546712e+02 
   67.545   11.729000  4.606510e+02  2.547252e+02 
   67.545   11.832000  4.610263e+02  2.547785e+02 
   67.545   11.935000  4.613962e+02  2.548310e+02 
   67.545   12.038000  4.617610e+02  2.548829e+02 
   67.545   12.141000  4.621209e+02  2.549341e+02 
   67.545   12.244000  4.624757e+02  2.549845e+02 
   67.545   12.347000  4.628257e+02  2.550342e+02 
   67.545   12.449000  4.631677e+02  2.550827e+02 
   67.545   12.552000  4.635083e+02  2.551309e+02 
   67.545   12.655000  4.638445e+02  2.551784e+02 
   67.545   12.758000  4.641763e+02  2.552251e+02 
   67.545   12.861000  4.645041e+02  2.552709e+02 
   67.545   12.964000  4.648280e+02  2.553159e+02 
   67.545   13.067000  4.651481e+02  2.553600e+02 
   67.545   13.170000  4.654644e+02  2.554033e+02 
   67.545   13.273000  4.657769e+02  2.554457e+02 
   67.545   13.375000  4.660829e+02  2.554868e+02 
   67.545   13.478000  4.663884e+02  2.555274e+02 
   67.545   13.581000  4.666904e+02  2.555671e+02 
   67.545   13.684000  4.669890e+02  2.556059e+02 
   67.545   13.787000  4.672843e+02  2.556438e+02 
   67.545   13.890000  4.675763e+02  2.556807e+02 
   67.545   13.993000  4.678650e+02  2.557168e+02 
   67.545   14.096000  4.681506e+02  2.557519e+02 
   67.545   14.199000  4.684330e+02  2.557862e+02 
   67.545   14.302000  4.687122e+02  2.558195e+02 
   67.545   14.404000  4.689857e+02  2.558517e+02 
   67.545   14.507000  4.692588e+02  2.558833e+02 
   67.545   14.610001  4.695286e+02  2.559142e+02 
   67.545   14.713000  4.697953e+02  2.559444e+02 
   67.545   14.816000  4.700587e+02  2.559739e+02 
   67.545   14.919000  4.703189e+02  2.560028e+02 
   67.545   15.022000  4.705759e+02  2.560311e+02 
   67.545   15.125000  4.708298e+02  2.560589e+02 
   67.545   15.228000  4.710805e+02  2.560861e+02 
   67.545   15.330000  4.713257e+02  2.561125e+02 
   67.545   15.433001  4.715703e+02  2.561385e+02 
   67.545   15.536000  4.718118e+02  2.561641e+02 
   67.545   15.639000  4.720503e+02  2.561891e+02 
   67.545   15.742001  4.722859e+02  2.562135e+02 
   67.545   15.845000  4.725186e+02  2.562373e+02 
   67.545   15.948001  4.727486e+02  2.562606e+02 
   67.545   16.050999  4.729760e+02  2.562834e+02 
   67.545   16.153999  4.732010e+02  2.563056e+02 
   67.545   16.255999  4.734214e+02  2.563271e+02 
   67.545   16.358999  4.736417e+02  2.563483e+02 
   67.545   16.462000  4.738596e+02  2.563688e+02 
   67.545   16.564999  4.740753e+02  2.563889e+02 
   67.545   16.667999  4.742889e+02  2.564084e+02 
   67.545   16.771000  4.745005e+02  2.564272e+02 
   67.545   16.873999  4.747102e+02  2.564453e+02 
   67.545   16.976999  4.749179e+02  2.564628e+02 
   67.545   17.080000  4.751241e+02  2.564796e+02 
   67.545   17.181999  4.753268e+02  2.564953e+02 
   67.545   17.285000  4.755302e+02  2.565103e+02 
   67.545   17.387999  4.757322e+02  2.565244e+02 
   67.545   17.490999  4.759330e+02  2.565376e+02 
   67.545   17.594000  4.761327e+02  2.565498e+02 
   67.545   17.696999  4.763313e+02  2.565611e+02 
   67.545   17.799999  4.765285e+02  2.565717e+02 
   67.545   17.903000  4.767242e+02  2.565815e+02 
   67.545   18.005999  4.769184e+02  2.565907e+02 
   67.545   18.108000  4.771091e+02  2.565992e+02 
   67.545   18.210999  4.773001e+02  2.566072e+02 
   67.545   18.313999  4.774894e+02  2.566147e+02 
   67.545   18.417000  4.776770e+02  2.566216e+02 
   67.545   18.519999  4.778629e+02  2.566281e+02 
   67.545   18.622999  4.780474e+02  2.566340e+02 
   67.545   18.726000  4.782304e+02  2.566393e+02 
   67.545   18.828999  4.784119e+02  2.566442e+02 
   67.545   18.931999  4.785919e+02  2.566484e+02 
   67.545   19.035000  4.787706e+02  2.566522e+02 
   67.545   19.136999  4.789462e+02  2.566554e+02 
   67.545   19.240000  4.791222e+02  2.566582e+02 
   67.545   19.342999  4.792968e+02  2.566605e+02 
   67.545   19.445999  4.794702e+02  2.566623e+02 
   67.545   19.549000  4.796422e+02  2.566637e+02 
   67.545   19.651999  4.798129e+02  2.566646e+02 
   67.545   19.754999  4.799822e+02  2.566651e+02 
   67.545   19.858000  4.801504e+02  2.566653e+02 
   67.545   19.960999  4.803172e+02  2.566649e+02 
   67.545   20.063000  4.804816e+02  2.566640e+02 
   67.545   20.362999  4.809599e+02  2.566582e+02 
   67.545   20.858999  4.817280e+02  2.566413e+02 
   67.545   21.354000  4.824666e+02  2.566163e+02 
   67.545   21.849998  4.831786e+02  2.565842e+02 
   67.545   22.345999  4.838564e+02  2.565495e+02 
   67.545   22.841999  4.844943e+02  2.565165e+02 
   67.545   23.337000  4.850880e+02  2.564872e+02 
   67.545   23.832998  4.856432e+02  2.564607e+02 
   67.545   24.328999  4.861648e+02  2.564349e+02 
   67.545   24.824999  4.866557e+02  2.564093e+02 
   67.545   25.320000  4.871140e+02  2.563849e+02 
   67.545   25.816000  4.875425e+02  2.563621e+02 
   67.545   26.311998  4.879426e+02  2.563405e+02 
   67.545   26.807999  4.883173e+02  2.563197e+02 
   67.545   27.302999  4.886671e+02  2.562995e+02 
   67.545   27.799000  4.889942e+02  2.562801e+02 
   67.545   28.295000  4.892997e+02  2.562613e+02 
   67.545   28.790998  4.895866e+02  2.562427e+02 
   67.545   29.285999  4.898571e+02  2.562241e+02 
   67.545   29.782000  4.901145e+02  2.562050e+02 
   67.545   30.278000  4.903599e+02  2.561855e+02 
   67.545   30.773998  4.905950e+02  2.561657e+02 
   67.545   31.268999  4.908210e+02  2.561457e+02 
   67.545   31.764999  4.910405e+02  2.561255e+02 
   67.545   32.261002  4.912552e+02  2.561050e+02 
   67.545   32.757000  4.914669e+02  2.560847e+02 
   67.545   33.252003  4.916766e+02  2.560647e+02 
   67.545   33.748001  4.918870e+02  2.560453e+02 
   67.545   34.243999  4.920987e+02  2.560268e+02 
   67.545   34.740002  4.923136e+02  2.560092e+02 
   67.545   35.235001  4.925322e+02  2.559928e+02 
   67.545   35.731003  4.927566e+02  2.559773e+02 
   67.545   36.227001  4.929867e+02  2.559628e+02 
   67.545   36.723000  4.932227e+02  2.559493e+02 
   67.545   37.218002  4.934637e+02  2.559367e+02 
   67.545   37.714001  4.937093e+02  2.559250e+02 
   67.545   38.210003  4.939576e+02  2.559140e+02 
   67.545   38.706001  4.942068e+02  2.559040e+02 
   67.545   39.201000  4.944546e+02  2.558948e+02 
   67.545   39.697002  4.946997e+02  2.558866e+02 
   67.545   40.197002  4.949384e+02  2.558803e+02 
   67.545   45.197002  4.968125e+02  2.558591e+02 
   67.545   50.197002  4.975226e+02  2.558613e+02 
   67.545   55.197002  4.977723e+02  2.558669e+02 
   67.545   60.197002  4.985285e+02  2.558716e+02 
   67.545   65.196999  4.997655e+02  2.558748e+02 
