    0.000    0.000000  0.000000e+00  3.535901e+02 
    0.000    0.103000  0.000000e+00  3.527137e+02 
    0.000    0.205000  0.000000e+00  3.514167e+02 
    0.000    0.308000  0.000000e+00  3.499040e+02 
    0.000    0.411000  0.000000e+00  3.483889e+02 
    0.000    0.514000  0.000000e+00  3.468418e+02 
    0.000    0.617000  0.000000e+00  3.390091e+02 
    0.000    0.720000  0.000000e+00  3.335707e+02 
    0.000    0.823000  0.000000e+00  3.295850e+02 
    0.000    0.926000  0.000000e+00  3.262790e+02 
    0.000    1.029000  0.000000e+00  3.233037e+02 
    0.000    1.131000  0.000000e+00  3.202433e+02 
    0.000    1.234000  0.000000e+00  3.173145e+02 
    0.000    1.337000  0.000000e+00  3.145819e+02 
    0.000    1.440000  0.000000e+00  3.120595e+02 
    0.000    1.543000  0.000000e+00  3.097096e+02 
    0.000    1.646000  0.000000e+00  3.071656e+02 
    0.000    1.749000  0.000000e+00  3.044066e+02 
    0.000    1.852000  0.000000e+00  3.030668e+02 
    0.000    1.955000  0.000000e+00  3.006633e+02 
    0.000    2.057000  0.000000e+00  2.985931e+02 
    0.000    2.160000  0.000000e+00  2.963651e+02 
    0.000    2.263000  0.000000e+00  2.941770e+02 
    0.000    2.366000  0.000000e+00  2.905118e+02 
    0.000    2.469000  0.000000e+00  2.879091e+02 
    0.000    2.572000  0.000000e+00  2.855152e+02 
    0.000    2.675000  0.000000e+00  2.831958e+02 
    0.000    2.778000  0.000000e+00  2.808926e+02 
    0.000    2.881000  0.000000e+00  2.785240e+02 
    0.000    2.983000  0.000000e+00  2.759778e+02 
    0.000    3.086000  0.000000e+00  2.732514e+02 
    0.000    3.189000  0.000000e+00  2.702326e+02 
    0.000    3.292000  0.000000e+00  2.695038e+02 
    0.000    3.395000  0.000000e+00  2.686394e+02 
    0.000    3.498000  0.000000e+00  2.677083e+02 
    0.000    3.601000  0.000000e+00  2.667311e+02 
    0.000    3.704000  0.000000e+00  2.657184e+02 
    0.000    3.807000  0.000000e+00  2.646859e+02 
    0.000    3.910000  0.000000e+00  2.636246e+02 
    0.000    4.012000  0.000000e+00  2.625549e+02 
    0.000    4.115000  0.000000e+00  2.614620e+02 
    0.000    4.218000  0.000000e+00  2.603533e+02 
    0.000    4.321000  0.000000e+00  2.592072e+02 
    0.000    4.424000  0.000000e+00  2.580086e+02 
    0.000    4.527000  0.000000e+00  2.567900e+02 
    0.000    4.630000  0.000000e+00  2.555227e+02 
    0.000    4.733000  0.000000e+00  2.541528e+02 
    0.000    4.836000  0.000000e+00  2.525918e+02 
    0.000    4.938000  0.000000e+00  2.507731e+02 
    0.000    5.041000  0.000000e+00  2.486510e+02 
    0.000    5.144000  0.000000e+00  2.462824e+02 
    0.000    5.247000  0.000000e+00  2.436503e+02 
    0.000    5.350000  0.000000e+00  2.404059e+02 
    0.000    5.453000  0.000000e+00  2.369017e+02 
    0.000    5.556000  0.000000e+00  2.332778e+02 
    0.000    5.659000  0.000000e+00  2.297526e+02 
    0.000    5.762000  0.000000e+00  2.266089e+02 
    0.000    5.864000  0.000000e+00  2.240031e+02 
    0.000    5.967000  0.000000e+00  2.215531e+02 
    0.000    6.070000  0.000000e+00  2.192157e+02 
    0.000    6.173000  0.000000e+00  2.168076e+02 
    0.000    6.276000  0.000000e+00  2.141268e+02 
    0.000    6.379000  0.000000e+00  2.109268e+02 
    0.000    6.482000  0.000000e+00  2.072062e+02 
    0.000    6.585000  0.000000e+00  2.033121e+02 
    0.000    6.688000  0.000000e+00  1.993848e+02 
    0.000    6.790000  0.000000e+00  1.967429e+02 
    0.000    6.893000  0.000000e+00  1.961941e+02 
    0.000    6.996000  0.000000e+00  1.956418e+02 
    0.000    7.099000  0.000000e+00  1.950933e+02 
    0.000    7.202000  0.000000e+00  1.946678e+02 
    0.000    7.305000  0.000000e+00  1.943735e+02 
    0.000    7.408000  0.000000e+00  1.941523e+02 
    0.000    7.511000  0.000000e+00  1.940573e+02 
    0.000    7.614000  0.000000e+00  1.940441e+02 
    0.000    7.716000  0.000000e+00  1.938780e+02 
    0.000    7.819000  0.000000e+00  1.937274e+02 
    0.000    7.922000  0.000000e+00  1.936482e+02 
    0.000    8.025000  0.000000e+00  1.935596e+02 
    0.000    8.127999  0.000000e+00  1.934266e+02 
    0.000    8.231000  0.000000e+00  1.933193e+02 
    0.000    8.334000  0.000000e+00  1.932156e+02 
    0.000    8.436999  0.000000e+00  1.930363e+02 
    0.000    8.540000  0.000000e+00  1.928472e+02 
    0.000    8.642000  0.000000e+00  1.926754e+02 
    0.000    8.745000  0.000000e+00  1.926291e+02 
    0.000    8.848000  0.000000e+00  1.925733e+02 
    0.000    8.951000  0.000000e+00  1.925131e+02 
    0.000    9.054000  0.000000e+00  1.924497e+02 
    0.000    9.157000  0.000000e+00  1.923845e+02 
    0.000    9.259999  0.000000e+00  1.923279e+02 
    0.000    9.363000  0.000000e+00  1.922773e+02 
    0.000    9.466000  0.000000e+00  1.922310e+02 
    0.000    9.568999  0.000000e+00  1.921954e+02 
    0.000    9.671000  0.000000e+00  1.921679e+02 
    0.000    9.774000  0.000000e+00  1.921490e+02 
    0.000    9.877000  0.000000e+00  1.921493e+02 
    0.000    9.980000  0.000000e+00  1.921632e+02 
    0.000   10.083000  0.000000e+00  1.921811e+02 
    0.000   10.186000  0.000000e+00  1.921918e+02 
    0.000   10.289000  0.000000e+00  1.921980e+02 
    0.000   10.392000  0.000000e+00  1.922011e+02 
    0.000   10.495000  0.000000e+00  1.921976e+02 
    0.000   10.597000  0.000000e+00  1.921899e+02 
    0.000   10.700000  0.000000e+00  1.921795e+02 
    0.000   10.802999  0.000000e+00  1.921660e+02 
    0.000   10.906000  0.000000e+00  1.921506e+02 
    0.000   11.009000  0.000000e+00  1.921316e+02 
    0.000   11.112000  0.000000e+00  1.921028e+02 
    0.000   11.215000  0.000000e+00  1.920669e+02 
    0.000   11.318000  0.000000e+00  1.920268e+02 
    0.000   11.421000  0.000000e+00  1.919820e+02 
    0.000   11.523000  0.000000e+00  1.919342e+02 
    0.000   11.625999  0.000000e+00  1.918838e+02 
    0.000   11.729000  0.000000e+00  1.918336e+02 
    0.000   11.832000  0.000000e+00  1.917836e+02 
    0.000   11.934999  0.000000e+00  1.917332e+02 
    0.000   12.038000  0.000000e+00  1.916822e+02 
    0.000   12.141000  0.000000e+00  1.916307e+02 
    0.000   12.243999  0.000000e+00  1.915789e+02 
    0.000   12.347000  0.000000e+00  1.915265e+02 
    0.000   12.448999  0.000000e+00  1.914741e+02 
    0.000   12.552000  0.000000e+00  1.914209e+02 
    0.000   12.655000  0.000000e+00  1.913697e+02 
    0.000   12.757999  0.000000e+00  1.913209e+02 
    0.000   12.861000  0.000000e+00  1.912736e+02 
    0.000   12.964000  0.000000e+00  1.912280e+02 
    0.000   13.066999  0.000000e+00  1.911844e+02 
    0.000   13.170000  0.000000e+00  1.911421e+02 
    0.000   13.273000  0.000000e+00  1.911011e+02 
    0.000   13.375000  0.000000e+00  1.910618e+02 
    0.000   13.478000  0.000000e+00  1.910233e+02 
    0.000   13.580999  0.000000e+00  1.909857e+02 
    0.000   13.684000  0.000000e+00  1.909491e+02 
    0.000   13.787000  0.000000e+00  1.909134e+02 
    0.000   13.889999  0.000000e+00  1.908784e+02 
    0.000   13.993000  0.000000e+00  1.908445e+02 
    0.000   14.096000  0.000000e+00  1.908116e+02 
    0.000   14.198999  0.000000e+00  1.907795e+02 
    0.000   14.301000  0.000000e+00  1.907489e+02 
    0.000   14.403999  0.000000e+00  1.907196e+02 
    0.000   14.507000  0.000000e+00  1.906915e+02 
    0.000   14.610000  0.000000e+00  1.906641e+02 
    0.000   14.712999  0.000000e+00  1.906367e+02 
    0.000   14.816000  0.000000e+00  1.906093e+02 
    0.000   14.919000  0.000000e+00  1.905821e+02 
    0.000   15.021999  0.000000e+00  1.905545e+02 
    0.000   15.125000  0.000000e+00  1.905265e+02 
    0.000   15.228000  0.000000e+00  1.904984e+02 
    0.000   15.330000  0.000000e+00  1.904718e+02 
    0.000   15.433000  0.000000e+00  1.904468e+02 
    0.000   15.535999  0.000000e+00  1.904231e+02 
    0.000   15.639000  0.000000e+00  1.904001e+02 
    0.000   15.742000  0.000000e+00  1.903756e+02 
    0.000   15.844999  0.000000e+00  1.903498e+02 
    0.000   15.948000  0.000000e+00  1.903235e+02 
    0.000   16.051001  0.000000e+00  1.902935e+02 
    0.000   16.153999  0.000000e+00  1.902595e+02 
    0.000   16.256001  0.000000e+00  1.902231e+02 
    0.000   16.358999  0.000000e+00  1.901848e+02 
    0.000   16.462000  0.000000e+00  1.901456e+02 
    0.000   16.565001  0.000000e+00  1.901057e+02 
    0.000   16.667999  0.000000e+00  1.900652e+02 
    0.000   16.771000  0.000000e+00  1.900263e+02 
    0.000   16.874001  0.000000e+00  1.899889e+02 
    0.000   16.976999  0.000000e+00  1.899525e+02 
    0.000   17.080000  0.000000e+00  1.899178e+02 
    0.000   17.181999  0.000000e+00  1.898862e+02 
    0.000   17.285000  0.000000e+00  1.898565e+02 
    0.000   17.388000  0.000000e+00  1.898282e+02 
    0.000   17.490999  0.000000e+00  1.898018e+02 
    0.000   17.594000  0.000000e+00  1.897769e+02 
    0.000   17.697001  0.000000e+00  1.897533e+02 
    0.000   17.799999  0.000000e+00  1.897304e+02 
    0.000   17.903000  0.000000e+00  1.897078e+02 
    0.000   18.006001  0.000000e+00  1.896854e+02 
    0.000   18.108000  0.000000e+00  1.896636e+02 
    0.000   18.211000  0.000000e+00  1.896416e+02 
    0.000   18.313999  0.000000e+00  1.896193e+02 
    0.000   18.417000  0.000000e+00  1.895971e+02 
    0.000   18.520000  0.000000e+00  1.895751e+02 
    0.000   18.622999  0.000000e+00  1.895532e+02 
    0.000   18.726000  0.000000e+00  1.895316e+02 
    0.000   18.829000  0.000000e+00  1.895102e+02 
    0.000   18.931999  0.000000e+00  1.894888e+02 
    0.000   19.035000  0.000000e+00  1.894669e+02 
    0.000   19.136999  0.000000e+00  1.894451e+02 
    0.000   19.240000  0.000000e+00  1.894230e+02 
    0.000   19.343000  0.000000e+00  1.894007e+02 
    0.000   19.445999  0.000000e+00  1.893779e+02 
    0.000   19.549000  0.000000e+00  1.893549e+02 
    0.000   19.652000  0.000000e+00  1.893319e+02 
    0.000   19.754999  0.000000e+00  1.893091e+02 
    0.000   19.858000  0.000000e+00  1.892865e+02 
    0.000   19.961000  0.000000e+00  1.892643e+02 
    0.000   20.063000  0.000000e+00  1.892425e+02 
    0.000   20.362999  0.000000e+00  1.891830e+02 
    0.000   20.858000  0.000000e+00  1.890984e+02 
    0.000   21.354000  0.000000e+00  1.890248e+02 
    0.000   21.850000  0.000000e+00  1.889610e+02 
    0.000   22.346001  0.000000e+00  1.888947e+02 
    0.000   22.841000  0.000000e+00  1.888246e+02 
    0.000   23.337000  0.000000e+00  1.887609e+02 
    0.000   23.833000  0.000000e+00  1.887141e+02 
    0.000   24.329000  0.000000e+00  1.886870e+02 
    0.000   24.823999  0.000000e+00  1.886721e+02 
    0.000   25.320000  0.000000e+00  1.886681e+02 
    0.000   25.816000  0.000000e+00  1.886779e+02 
    0.000   26.312000  0.000000e+00  1.886942e+02 
    0.000   26.806999  0.000000e+00  1.887155e+02 
    0.000   27.302999  0.000000e+00  1.887398e+02 
    0.000   27.799000  0.000000e+00  1.887660e+02 
    0.000   28.295000  0.000000e+00  1.887959e+02 
    0.000   28.791000  0.000000e+00  1.888333e+02 
    0.000   29.285999  0.000000e+00  1.888789e+02 
    0.000   29.782000  0.000000e+00  1.889311e+02 
    0.000   30.278000  0.000000e+00  1.889881e+02 
    0.000   30.774000  0.000000e+00  1.890461e+02 
    0.000   31.268999  0.000000e+00  1.891040e+02 
    0.000   31.764999  0.000000e+00  1.891618e+02 
    0.000   32.261002  0.000000e+00  1.892200e+02 
    0.000   32.757000  0.000000e+00  1.892789e+02 
    0.000   33.252003  0.000000e+00  1.893395e+02 
    0.000   33.748001  0.000000e+00  1.894031e+02 
    0.000   34.244003  0.000000e+00  1.894694e+02 
    0.000   34.740002  0.000000e+00  1.895350e+02 
    0.000   35.235001  0.000000e+00  1.895984e+02 
    0.000   35.731003  0.000000e+00  1.896579e+02 
    0.000   36.227001  0.000000e+00  1.897139e+02 
    0.000   36.723003  0.000000e+00  1.897658e+02 
    0.000   37.218002  0.000000e+00  1.898144e+02 
    0.000   37.714001  0.000000e+00  1.898598e+02 
    0.000   38.210003  0.000000e+00  1.899023e+02 
    0.000   38.706001  0.000000e+00  1.899451e+02 
    0.000   39.201000  0.000000e+00  1.899889e+02 
    0.000   39.697002  0.000000e+00  1.900355e+02 
    0.000   40.197002  0.000000e+00  1.900866e+02 
    0.000   45.197002  0.000000e+00  1.905390e+02 
    0.000   50.197002  0.000000e+00  1.907642e+02 
    0.000   55.197002  0.000000e+00  1.907623e+02 
    0.000   60.197002  0.000000e+00  1.906940e+02 
    0.000   65.196999  0.000000e+00  1.906417e+02 
