   67.790    0.000000  4.788926e-05  1.000489e+01 
   67.790    0.103000  4.814233e-05  1.014025e+01 
   67.790    0.206000  4.839087e-05  1.027889e+01 
   67.790    0.309000  4.863698e-05  1.041885e+01 
   67.790    0.412000  4.888128e-05  1.055933e+01 
   67.790    0.515000  4.912466e-05  1.069979e+01 
   67.790    0.617000  4.936509e-05  1.083855e+01 
   67.790    0.720000  4.968219e-05  1.099285e+01 
   67.790    0.823000  5.002416e-05  1.115120e+01 
   67.790    0.926000  5.042003e-05  1.131888e+01 
   67.790    1.029000  5.087159e-05  1.149586e+01 
   67.790    1.132000  5.139432e-05  1.168486e+01 
   67.790    1.235000  1.368437e-02  5.807697e+01 
   67.790    1.338000  1.397408e+00  1.056729e+02 
   67.790    1.441000  6.075541e+01  1.691575e+02 
   67.790    1.544000  6.140766e+01  1.690952e+02 
   67.790    1.646000  6.208033e+01  1.690859e+02 
   67.790    1.749000  6.299823e+01  1.691870e+02 
   67.790    1.852000  1.586920e+02  1.912701e+02 
   67.790    1.955000  2.256728e+02  2.004419e+02 
   67.790    2.058000  2.597549e+02  2.040184e+02 
   67.790    2.161000  2.779621e+02  2.055561e+02 
   67.790    2.264000  2.818207e+02  2.056405e+02 
   67.790    2.367000  2.834843e+02  2.056039e+02 
   67.790    2.470000  2.852882e+02  2.056382e+02 
   67.790    2.572000  2.871025e+02  2.057002e+02 
   67.790    2.675000  2.890264e+02  2.057966e+02 
   67.790    2.778000  2.912799e+02  2.059606e+02 
   67.790    2.881000  2.946119e+02  2.063107e+02 
   67.790    2.984000  3.013474e+02  2.072094e+02 
   67.790    3.087000  3.166917e+02  2.094083e+02 
   67.790    3.190000  3.337504e+02  2.117240e+02 
   67.790    3.293000  3.352733e+02  2.117969e+02 
   67.790    3.396000  3.367805e+02  2.118831e+02 
   67.790    3.498000  3.382570e+02  2.119791e+02 
   67.790    3.601000  3.397362e+02  2.120843e+02 
   67.790    3.704000  3.412113e+02  2.121960e+02 
   67.790    3.807000  3.426823e+02  2.123136e+02 
   67.790    3.910000  3.441503e+02  2.124360e+02 
   67.790    4.013000  3.456146e+02  2.125629e+02 
   67.790    4.116000  3.470725e+02  2.126939e+02 
   67.790    4.219000  3.485211e+02  2.128286e+02 
   67.790    4.322000  3.499572e+02  2.129668e+02 
   67.790    4.424000  3.513649e+02  2.131066e+02 
   67.790    4.527000  3.527689e+02  2.132506e+02 
   67.790    4.630000  3.541545e+02  2.133969e+02 
   67.790    4.733000  3.555242e+02  2.135450e+02 
   67.790    4.836000  3.568761e+02  2.136945e+02 
   67.790    4.939000  3.582095e+02  2.138453e+02 
   67.790    5.042000  3.595240e+02  2.139970e+02 
   67.790    5.145000  3.608171e+02  2.141497e+02 
   67.790    5.248000  3.620890e+02  2.143030e+02 
   67.790    5.350000  3.633271e+02  2.144555e+02 
   67.790    5.453000  3.645550e+02  2.146098e+02 
   67.790    5.556000  3.657626e+02  2.147645e+02 
   67.790    5.659000  3.669499e+02  2.149193e+02 
   67.790    5.762000  3.681167e+02  2.150741e+02 
   67.790    5.865000  3.692635e+02  2.152289e+02 
   67.790    5.968000  3.703897e+02  2.153835e+02 
   67.790    6.071000  3.714958e+02  2.155379e+02 
   67.790    6.174000  3.725822e+02  2.156919e+02 
   67.790    6.276000  3.736420e+02  2.158439e+02 
   67.790    6.379000  3.746995e+02  2.159965e+02 
   67.790    6.482000  3.757463e+02  2.161483e+02 
   67.790    6.585000  3.779880e+02  2.163885e+02 
   67.790    6.688000  3.803639e+02  2.166370e+02 
   67.790    6.791000  3.824582e+02  2.168635e+02 
   67.790    6.894000  3.848650e+02  2.171113e+02 
   67.790    6.997000  3.883247e+02  2.174329e+02 
   67.790    7.100000  3.917563e+02  2.177489e+02 
   67.790    7.203000  3.952726e+02  2.180691e+02 
   67.790    7.305000  3.979457e+02  2.183284e+02 
   67.790    7.408000  4.008768e+02  2.186079e+02 
   67.790    7.511000  4.034022e+02  2.188608e+02 
   67.790    7.614000  4.055923e+02  2.190948e+02 
   67.790    7.717000  4.079501e+02  2.193432e+02 
   67.790    7.820000  4.102520e+02  2.195869e+02 
   67.790    7.923000  4.127459e+02  2.198426e+02 
   67.790    8.026000  4.190772e+02  2.203501e+02 
   67.790    8.129000  4.215896e+02  2.205982e+02 
   67.790    8.231000  4.239884e+02  2.208347e+02 
   67.790    8.334000  4.259478e+02  2.210411e+02 
   67.790    8.437000  4.279905e+02  2.212514e+02 
   67.790    8.540000  4.298727e+02  2.214497e+02 
   67.790    8.643000  4.326940e+02  2.217046e+02 
   67.790    8.746000  4.345856e+02  2.218996e+02 
   67.790    8.849000  4.365393e+02  2.220941e+02 
   67.790    8.952000  4.383666e+02  2.222787e+02 
   67.790    9.055000  4.391324e+02  2.224122e+02 
   67.790    9.157000  4.399216e+02  2.225463e+02 
   67.790    9.260000  4.407577e+02  2.226843e+02 
   67.790    9.363000  4.416430e+02  2.228257e+02 
   67.790    9.466000  4.425702e+02  2.229692e+02 
   67.790    9.569000  4.435383e+02  2.231140e+02 
   67.790    9.672000  4.445030e+02  2.232599e+02 
   67.790    9.775000  4.454857e+02  2.234054e+02 
   67.790    9.878000  4.464830e+02  2.235506e+02 
   67.790    9.981000  4.474672e+02  2.236923e+02 
   67.790   10.083000  4.484158e+02  2.238340e+02 
   67.790   10.186000  4.493619e+02  2.239763e+02 
   67.790   10.289000  4.498259e+02  2.240518e+02 
   67.790   10.392000  4.502803e+02  2.241259e+02 
   67.790   10.495000  4.507274e+02  2.241988e+02 
   67.790   10.598000  4.511677e+02  2.242704e+02 
   67.790   10.701000  4.516016e+02  2.243407e+02 
   67.790   10.804000  4.520301e+02  2.244100e+02 
   67.790   10.907000  4.524534e+02  2.244781e+02 
   67.790   11.009000  4.528671e+02  2.245446e+02 
   67.790   11.112000  4.532793e+02  2.246109e+02 
   67.790   11.215000  4.536858e+02  2.246763e+02 
   67.790   11.318000  4.540867e+02  2.247408e+02 
   67.790   11.421000  4.544823e+02  2.248046e+02 
   67.790   11.524000  4.548727e+02  2.248676e+02 
   67.790   11.627000  4.552577e+02  2.249299e+02 
   67.790   11.730000  4.556372e+02  2.249914e+02 
   67.790   11.833000  4.560113e+02  2.250522e+02 
   67.790   11.934999  4.563762e+02  2.251117e+02 
   67.790   12.038000  4.567395e+02  2.251709e+02 
   67.790   12.141000  4.570977e+02  2.252293e+02 
   67.790   12.243999  4.574509e+02  2.252869e+02 
   67.790   12.347000  4.577993e+02  2.253437e+02 
   67.790   12.450000  4.581429e+02  2.253996e+02 
   67.790   12.552999  4.584820e+02  2.254547e+02 
   67.790   12.656000  4.588166e+02  2.255090e+02 
   67.790   12.759000  4.591470e+02  2.255624e+02 
   67.790   12.862000  4.594736e+02  2.256149e+02 
   67.790   12.964000  4.597933e+02  2.256661e+02 
   67.790   13.066999  4.601124e+02  2.257169e+02 
   67.790   13.170000  4.604278e+02  2.257667e+02 
   67.790   13.273000  4.607394e+02  2.258157e+02 
   67.790   13.375999  4.610475e+02  2.258637e+02 
   67.790   13.479000  4.613521e+02  2.259108e+02 
   67.790   13.582000  4.616533e+02  2.259569e+02 
   67.790   13.684999  4.619511e+02  2.260019e+02 
   67.790   13.788000  4.622457e+02  2.260460e+02 
   67.790   13.890000  4.625343e+02  2.260885e+02 
   67.790   13.993000  4.628225e+02  2.261305e+02 
   67.790   14.096000  4.631077e+02  2.261714e+02 
   67.790   14.199000  4.633898e+02  2.262112e+02 
   67.790   14.302000  4.636687e+02  2.262501e+02 
   67.790   14.405000  4.639445e+02  2.262881e+02 
   67.790   14.507999  4.642170e+02  2.263253e+02 
   67.790   14.611000  4.644862e+02  2.263616e+02 
   67.790   14.714000  4.647522e+02  2.263972e+02 
   67.790   14.816000  4.650123e+02  2.264318e+02 
   67.790   14.919000  4.652717e+02  2.264660e+02 
   67.790   15.022000  4.655279e+02  2.264996e+02 
   67.790   15.125000  4.657809e+02  2.265326e+02 
   67.790   15.228000  4.660307e+02  2.265650e+02 
   67.790   15.331000  4.662774e+02  2.265967e+02 
   67.790   15.434000  4.665211e+02  2.266279e+02 
   67.790   15.537000  4.667617e+02  2.266584e+02 
   67.790   15.640000  4.669994e+02  2.266883e+02 
   67.790   15.742000  4.672318e+02  2.267174e+02 
   67.790   15.845000  4.674638e+02  2.267462e+02 
   67.790   15.947999  4.676930e+02  2.267743e+02 
   67.790   16.051001  4.679198e+02  2.268019e+02 
   67.790   16.154001  4.681441e+02  2.268289e+02 
   67.790   16.257000  4.683661e+02  2.268553e+02 
   67.790   16.360001  4.685858e+02  2.268811e+02 
   67.790   16.463001  4.688032e+02  2.269063e+02 
   67.790   16.566000  4.690184e+02  2.269309e+02 
   67.790   16.668001  4.692295e+02  2.269546e+02 
   67.790   16.771000  4.694406e+02  2.269778e+02 
   67.790   16.874001  4.696499e+02  2.270002e+02 
   67.790   16.977001  4.698574e+02  2.270220e+02 
   67.790   17.080000  4.700634e+02  2.270428e+02 
   67.790   17.183001  4.702681e+02  2.270627e+02 
   67.790   17.286001  4.704715e+02  2.270816e+02 
   67.790   17.389000  4.706736e+02  2.270996e+02 
   67.790   17.492001  4.708746e+02  2.271167e+02 
   67.790   17.595001  4.710743e+02  2.271329e+02 
   67.790   17.697001  4.712709e+02  2.271480e+02 
   67.790   17.800001  4.714680e+02  2.271625e+02 
   67.790   17.903002  4.716635e+02  2.271763e+02 
   67.790   18.006001  4.718573e+02  2.271895e+02 
   67.790   18.109001  4.720496e+02  2.272021e+02 
   67.790   18.212000  4.722402e+02  2.272141e+02 
   67.790   18.315001  4.724292e+02  2.272255e+02 
   67.790   18.418001  4.726166e+02  2.272364e+02 
   67.790   18.521000  4.728024e+02  2.272467e+02 
   67.790   18.623001  4.729849e+02  2.272564e+02 
   67.790   18.726002  4.731677e+02  2.272656e+02 
   67.790   18.829000  4.733491e+02  2.272742e+02 
   67.790   18.932001  4.735288e+02  2.272823e+02 
   67.790   19.035002  4.737073e+02  2.272898e+02 
   67.790   19.138000  4.738844e+02  2.272969e+02 
   67.790   19.241001  4.740601e+02  2.273034e+02 
   67.790   19.344002  4.742345e+02  2.273095e+02 
   67.790   19.447001  4.744077e+02  2.273150e+02 
   67.790   19.549002  4.745778e+02  2.273201e+02 
   67.790   19.652000  4.747483e+02  2.273247e+02 
   67.790   19.755001  4.749176e+02  2.273289e+02 
   67.790   19.858002  4.750856e+02  2.273326e+02 
   67.790   19.961000  4.752524e+02  2.273359e+02 
   67.790   20.064001  4.754183e+02  2.273385e+02 
   67.790   20.363001  4.758947e+02  2.273429e+02 
   67.790   20.859001  4.766620e+02  2.273428e+02 
   67.790   21.355001  4.774011e+02  2.273341e+02 
   67.790   21.850000  4.781099e+02  2.273184e+02 
   67.790   22.346001  4.787846e+02  2.272999e+02 
   67.790   22.842001  4.794181e+02  2.272826e+02 
   67.790   23.338001  4.800085e+02  2.272678e+02 
   67.790   23.833000  4.805593e+02  2.272545e+02 
   67.790   24.329000  4.810787e+02  2.272407e+02 
   67.790   24.825001  4.815679e+02  2.272263e+02 
   67.790   25.321001  4.820251e+02  2.272124e+02 
   67.790   25.816000  4.824506e+02  2.271996e+02 
   67.790   26.312000  4.828490e+02  2.271872e+02 
   67.790   26.808001  4.832219e+02  2.271749e+02 
   67.790   27.304001  4.835703e+02  2.271628e+02 
   67.790   27.799002  4.838949e+02  2.271509e+02 
   67.790   28.295000  4.841991e+02  2.271391e+02 
   67.790   28.791000  4.844851e+02  2.271270e+02 
   67.790   29.287001  4.847553e+02  2.271143e+02 
   67.790   29.783001  4.850118e+02  2.271010e+02 
   67.790   30.278002  4.852557e+02  2.270870e+02 
   67.790   30.774000  4.854896e+02  2.270724e+02 
   67.790   31.270000  4.857146e+02  2.270575e+02 
   67.790   31.766001  4.859323e+02  2.270422e+02 
   67.790   32.260998  4.861445e+02  2.270266e+02 
   67.790   32.757000  4.863541e+02  2.270108e+02 
   67.790   33.252998  4.865621e+02  2.269949e+02 
   67.790   33.749001  4.867702e+02  2.269794e+02 
   67.790   34.243999  4.869792e+02  2.269646e+02 
   67.790   34.739998  4.871916e+02  2.269504e+02 
   67.790   35.236000  4.874081e+02  2.269371e+02 
   67.790   35.731998  4.876298e+02  2.269245e+02 
   67.790   36.226997  4.878568e+02  2.269128e+02 
   67.790   36.723000  4.880900e+02  2.269018e+02 
   67.790   37.218998  4.883285e+02  2.268915e+02 
   67.790   37.715000  4.885712e+02  2.268819e+02 
   67.790   38.209999  4.888165e+02  2.268731e+02 
   67.790   38.705997  4.890634e+02  2.268649e+02 
   67.790   39.202000  4.893096e+02  2.268575e+02 
   67.790   39.697998  4.895528e+02  2.268509e+02 
   67.790   40.197998  4.897899e+02  2.268460e+02 
   67.790   45.197998  4.916569e+02  2.268328e+02 
   67.790   50.197998  4.923655e+02  2.268382e+02 
   67.790   55.197998  4.926136e+02  2.268452e+02 
   67.790   60.197998  4.933562e+02  2.268506e+02 
   67.790   65.198006  4.945888e+02  2.268541e+02 
