    0.000    0.000000  0.000000e+00  3.527343e+02 
    0.000    0.103000  0.000000e+00  3.517356e+02 
    0.000    0.206000  0.000000e+00  3.504043e+02 
    0.000    0.309000  0.000000e+00  3.490534e+02 
    0.000    0.412000  0.000000e+00  3.476670e+02 
    0.000    0.514000  0.000000e+00  3.462751e+02 
    0.000    0.617000  0.000000e+00  3.437406e+02 
    0.000    0.720000  0.000000e+00  3.411607e+02 
    0.000    0.823000  0.000000e+00  3.385458e+02 
    0.000    0.926000  0.000000e+00  3.358719e+02 
    0.000    1.029000  0.000000e+00  3.330968e+02 
    0.000    1.132000  0.000000e+00  3.302521e+02 
    0.000    1.235000  0.000000e+00  3.272240e+02 
    0.000    1.338000  0.000000e+00  3.240848e+02 
    0.000    1.440000  0.000000e+00  3.208516e+02 
    0.000    1.543000  0.000000e+00  3.174187e+02 
    0.000    1.646000  0.000000e+00  3.136884e+02 
    0.000    1.749000  0.000000e+00  3.096135e+02 
    0.000    1.852000  0.000000e+00  3.052628e+02 
    0.000    1.955000  0.000000e+00  3.016365e+02 
    0.000    2.058000  0.000000e+00  2.987005e+02 
    0.000    2.161000  0.000000e+00  2.958796e+02 
    0.000    2.264000  0.000000e+00  2.931978e+02 
    0.000    2.366000  0.000000e+00  2.903886e+02 
    0.000    2.469000  0.000000e+00  2.896328e+02 
    0.000    2.572000  0.000000e+00  2.887471e+02 
    0.000    2.675000  0.000000e+00  2.877863e+02 
    0.000    2.778000  0.000000e+00  2.867714e+02 
    0.000    2.881000  0.000000e+00  2.857131e+02 
    0.000    2.984000  0.000000e+00  2.846109e+02 
    0.000    3.087000  0.000000e+00  2.834834e+02 
    0.000    3.190000  0.000000e+00  2.823271e+02 
    0.000    3.293000  0.000000e+00  2.811591e+02 
    0.000    3.395000  0.000000e+00  2.799798e+02 
    0.000    3.498000  0.000000e+00  2.787831e+02 
    0.000    3.601000  0.000000e+00  2.775838e+02 
    0.000    3.704000  0.000000e+00  2.763830e+02 
    0.000    3.807000  0.000000e+00  2.751713e+02 
    0.000    3.910000  0.000000e+00  2.739411e+02 
    0.000    4.013000  0.000000e+00  2.727033e+02 
    0.000    4.116000  0.000000e+00  2.714578e+02 
    0.000    4.219000  0.000000e+00  2.701989e+02 
    0.000    4.321000  0.000000e+00  2.689902e+02 
    0.000    4.424000  0.000000e+00  2.677708e+02 
    0.000    4.527000  0.000000e+00  2.665114e+02 
    0.000    4.630000  0.000000e+00  2.651976e+02 
    0.000    4.733000  0.000000e+00  2.637650e+02 
    0.000    4.836000  0.000000e+00  2.624056e+02 
    0.000    4.939000  0.000000e+00  2.610703e+02 
    0.000    5.042000  0.000000e+00  2.597786e+02 
    0.000    5.145000  0.000000e+00  2.586592e+02 
    0.000    5.247000  0.000000e+00  2.575533e+02 
    0.000    5.350000  0.000000e+00  2.564482e+02 
    0.000    5.453000  0.000000e+00  2.553584e+02 
    0.000    5.556000  0.000000e+00  2.542797e+02 
    0.000    5.659000  0.000000e+00  2.532162e+02 
    0.000    5.762000  0.000000e+00  2.521690e+02 
    0.000    5.865000  0.000000e+00  2.511375e+02 
    0.000    5.968000  0.000000e+00  2.501252e+02 
    0.000    6.071000  0.000000e+00  2.491330e+02 
    0.000    6.173000  0.000000e+00  2.481684e+02 
    0.000    6.276000  0.000000e+00  2.472165e+02 
    0.000    6.379000  0.000000e+00  2.462903e+02 
    0.000    6.482000  0.000000e+00  2.453891e+02 
    0.000    6.585000  0.000000e+00  2.445109e+02 
    0.000    6.688000  0.000000e+00  2.436529e+02 
    0.000    6.791000  0.000000e+00  2.427584e+02 
    0.000    6.894000  0.000000e+00  2.419107e+02 
    0.000    6.997000  0.000000e+00  2.410476e+02 
    0.000    7.099000  0.000000e+00  2.402950e+02 
    0.000    7.202000  0.000000e+00  2.396743e+02 
    0.000    7.305000  0.000000e+00  2.392013e+02 
    0.000    7.408000  0.000000e+00  2.388119e+02 
    0.000    7.511000  0.000000e+00  2.385453e+02 
    0.000    7.614000  0.000000e+00  2.383570e+02 
    0.000    7.717000  0.000000e+00  2.382009e+02 
    0.000    7.820000  0.000000e+00  2.381037e+02 
    0.000    7.923000  0.000000e+00  2.380352e+02 
    0.000    8.025001  0.000000e+00  2.379694e+02 
    0.000    8.128000  0.000000e+00  2.378541e+02 
    0.000    8.231001  0.000000e+00  2.377442e+02 
    0.000    8.334001  0.000000e+00  2.375499e+02 
    0.000    8.437000  0.000000e+00  2.374028e+02 
    0.000    8.540000  0.000000e+00  2.372622e+02 
    0.000    8.643001  0.000000e+00  2.371023e+02 
    0.000    8.746000  0.000000e+00  2.369386e+02 
    0.000    8.849000  0.000000e+00  2.368146e+02 
    0.000    8.952001  0.000000e+00  2.366904e+02 
    0.000    9.054001  0.000000e+00  2.365668e+02 
    0.000    9.157001  0.000000e+00  2.364431e+02 
    0.000    9.260000  0.000000e+00  2.363326e+02 
    0.000    9.363001  0.000000e+00  2.362314e+02 
    0.000    9.466001  0.000000e+00  2.361362e+02 
    0.000    9.569000  0.000000e+00  2.360486e+02 
    0.000    9.672001  0.000000e+00  2.359669e+02 
    0.000    9.775001  0.000000e+00  2.358942e+02 
    0.000    9.878000  0.000000e+00  2.358395e+02 
    0.000    9.980000  0.000000e+00  2.357985e+02 
    0.000   10.083000  0.000000e+00  2.357611e+02 
    0.000   10.186001  0.000000e+00  2.357194e+02 
    0.000   10.289001  0.000000e+00  2.356758e+02 
    0.000   10.392000  0.000000e+00  2.356308e+02 
    0.000   10.495001  0.000000e+00  2.355820e+02 
    0.000   10.598001  0.000000e+00  2.355312e+02 
    0.000   10.701000  0.000000e+00  2.354793e+02 
    0.000   10.804001  0.000000e+00  2.354244e+02 
    0.000   10.906000  0.000000e+00  2.353686e+02 
    0.000   11.009001  0.000000e+00  2.353092e+02 
    0.000   11.112000  0.000000e+00  2.352408e+02 
    0.000   11.215000  0.000000e+00  2.351663e+02 
    0.000   11.318001  0.000000e+00  2.350886e+02 
    0.000   11.421000  0.000000e+00  2.350083e+02 
    0.000   11.524000  0.000000e+00  2.349262e+02 
    0.000   11.627001  0.000000e+00  2.348433e+02 
    0.000   11.730000  0.000000e+00  2.347609e+02 
    0.000   11.832001  0.000000e+00  2.346796e+02 
    0.000   11.935000  0.000000e+00  2.345980e+02 
    0.000   12.038000  0.000000e+00  2.345153e+02 
    0.000   12.141001  0.000000e+00  2.344320e+02 
    0.000   12.244000  0.000000e+00  2.343485e+02 
    0.000   12.347000  0.000000e+00  2.342662e+02 
    0.000   12.450001  0.000000e+00  2.341851e+02 
    0.000   12.553000  0.000000e+00  2.341049e+02 
    0.000   12.656000  0.000000e+00  2.340287e+02 
    0.000   12.758000  0.000000e+00  2.339576e+02 
    0.000   12.861000  0.000000e+00  2.338887e+02 
    0.000   12.964001  0.000000e+00  2.338226e+02 
    0.000   13.067000  0.000000e+00  2.337590e+02 
    0.000   13.170000  0.000000e+00  2.336975e+02 
    0.000   13.273001  0.000000e+00  2.336377e+02 
    0.000   13.376000  0.000000e+00  2.335797e+02 
    0.000   13.479000  0.000000e+00  2.335231e+02 
    0.000   13.582001  0.000000e+00  2.334680e+02 
    0.000   13.684000  0.000000e+00  2.334149e+02 
    0.000   13.787001  0.000000e+00  2.333625e+02 
    0.000   13.890000  0.000000e+00  2.333113e+02 
    0.000   13.993000  0.000000e+00  2.332607e+02 
    0.000   14.096001  0.000000e+00  2.332103e+02 
    0.000   14.199000  0.000000e+00  2.331606e+02 
    0.000   14.302000  0.000000e+00  2.331119e+02 
    0.000   14.405001  0.000000e+00  2.330643e+02 
    0.000   14.508000  0.000000e+00  2.330178e+02 
    0.000   14.611000  0.000000e+00  2.329719e+02 
    0.000   14.713000  0.000000e+00  2.329268e+02 
    0.000   14.816000  0.000000e+00  2.328816e+02 
    0.000   14.919001  0.000000e+00  2.328369e+02 
    0.000   15.022000  0.000000e+00  2.327919e+02 
    0.000   15.125000  0.000000e+00  2.327468e+02 
    0.000   15.228001  0.000000e+00  2.327019e+02 
    0.000   15.331000  0.000000e+00  2.326582e+02 
    0.000   15.434000  0.000000e+00  2.326163e+02 
    0.000   15.537001  0.000000e+00  2.325759e+02 
    0.000   15.639001  0.000000e+00  2.325371e+02 
    0.000   15.742001  0.000000e+00  2.325000e+02 
    0.000   15.845000  0.000000e+00  2.324645e+02 
    0.000   15.948001  0.000000e+00  2.324304e+02 
    0.000   16.050999  0.000000e+00  2.323930e+02 
    0.000   16.153999  0.000000e+00  2.323518e+02 
    0.000   16.257000  0.000000e+00  2.323085e+02 
    0.000   16.359999  0.000000e+00  2.322635e+02 
    0.000   16.462999  0.000000e+00  2.322165e+02 
    0.000   16.564999  0.000000e+00  2.321686e+02 
    0.000   16.667999  0.000000e+00  2.321193e+02 
    0.000   16.771000  0.000000e+00  2.320709e+02 
    0.000   16.873999  0.000000e+00  2.320233e+02 
    0.000   16.976999  0.000000e+00  2.319763e+02 
    0.000   17.080000  0.000000e+00  2.319305e+02 
    0.000   17.182999  0.000000e+00  2.318869e+02 
    0.000   17.285999  0.000000e+00  2.318450e+02 
    0.000   17.389000  0.000000e+00  2.318040e+02 
    0.000   17.490999  0.000000e+00  2.317654e+02 
    0.000   17.594000  0.000000e+00  2.317281e+02 
    0.000   17.696999  0.000000e+00  2.316919e+02 
    0.000   17.799999  0.000000e+00  2.316569e+02 
    0.000   17.903000  0.000000e+00  2.316232e+02 
    0.000   18.005999  0.000000e+00  2.315907e+02 
    0.000   18.108999  0.000000e+00  2.315591e+02 
    0.000   18.212000  0.000000e+00  2.315278e+02 
    0.000   18.314999  0.000000e+00  2.314967e+02 
    0.000   18.417000  0.000000e+00  2.314663e+02 
    0.000   18.519999  0.000000e+00  2.314359e+02 
    0.000   18.622999  0.000000e+00  2.314059e+02 
    0.000   18.726000  0.000000e+00  2.313763e+02 
    0.000   18.828999  0.000000e+00  2.313471e+02 
    0.000   18.931999  0.000000e+00  2.313181e+02 
    0.000   19.035000  0.000000e+00  2.312891e+02 
    0.000   19.137999  0.000000e+00  2.312602e+02 
    0.000   19.240999  0.000000e+00  2.312315e+02 
    0.000   19.344000  0.000000e+00  2.312025e+02 
    0.000   19.445999  0.000000e+00  2.311732e+02 
    0.000   19.549000  0.000000e+00  2.311435e+02 
    0.000   19.652000  0.000000e+00  2.311137e+02 
    0.000   19.754999  0.000000e+00  2.310838e+02 
    0.000   19.858000  0.000000e+00  2.310540e+02 
    0.000   19.960999  0.000000e+00  2.310242e+02 
    0.000   20.063999  0.000000e+00  2.309945e+02 
    0.000   20.362999  0.000000e+00  2.309115e+02 
    0.000   20.858999  0.000000e+00  2.307905e+02 
    0.000   21.355000  0.000000e+00  2.306889e+02 
    0.000   21.850000  0.000000e+00  2.305967e+02 
    0.000   22.345999  0.000000e+00  2.305056e+02 
    0.000   22.841999  0.000000e+00  2.304134e+02 
    0.000   23.337999  0.000000e+00  2.303281e+02 
    0.000   23.833000  0.000000e+00  2.302619e+02 
    0.000   24.328999  0.000000e+00  2.302197e+02 
    0.000   24.824999  0.000000e+00  2.301976e+02 
    0.000   25.320999  0.000000e+00  2.301839e+02 
    0.000   25.816000  0.000000e+00  2.301822e+02 
    0.000   26.312000  0.000000e+00  2.301891e+02 
    0.000   26.807999  0.000000e+00  2.301990e+02 
    0.000   27.303999  0.000000e+00  2.302138e+02 
    0.000   27.799000  0.000000e+00  2.302346e+02 
    0.000   28.295000  0.000000e+00  2.302602e+02 
    0.000   28.791000  0.000000e+00  2.302933e+02 
    0.000   29.286999  0.000000e+00  2.303345e+02 
    0.000   29.782000  0.000000e+00  2.303818e+02 
    0.000   30.278000  0.000000e+00  2.304330e+02 
    0.000   30.774000  0.000000e+00  2.304870e+02 
    0.000   31.269999  0.000000e+00  2.305430e+02 
    0.000   31.764999  0.000000e+00  2.306001e+02 
    0.000   32.260998  0.000000e+00  2.306579e+02 
    0.000   32.757000  0.000000e+00  2.307159e+02 
    0.000   33.252998  0.000000e+00  2.307736e+02 
    0.000   33.748001  0.000000e+00  2.308327e+02 
    0.000   34.243999  0.000000e+00  2.308943e+02 
    0.000   34.739998  0.000000e+00  2.309568e+02 
    0.000   35.236000  0.000000e+00  2.310189e+02 
    0.000   35.730999  0.000000e+00  2.310776e+02 
    0.000   36.227001  0.000000e+00  2.311330e+02 
    0.000   36.723000  0.000000e+00  2.311849e+02 
    0.000   37.218998  0.000000e+00  2.312337e+02 
    0.000   37.714001  0.000000e+00  2.312783e+02 
    0.000   38.209999  0.000000e+00  2.313194e+02 
    0.000   38.706001  0.000000e+00  2.313607e+02 
    0.000   39.202000  0.000000e+00  2.314032e+02 
    0.000   39.696999  0.000000e+00  2.314488e+02 
    0.000   40.196999  0.000000e+00  2.314996e+02 
    0.000   45.196999  0.000000e+00  2.319495e+02 
    0.000   50.196999  0.000000e+00  2.321761e+02 
    0.000   55.196999  0.000000e+00  2.321721e+02 
    0.000   60.196999  0.000000e+00  2.321040e+02 
    0.000   65.197006  0.000000e+00  2.320517e+02 
