   68.044    0.000000  3.363354e-05  9.438146e+00 
   68.044    0.103000  3.382168e-05  9.568371e+00 
   68.044    0.206000  3.400711e-05  9.702041e+00 
   68.044    0.309000  3.419095e-05  9.837235e+00 
   68.044    0.412000  3.437445e-05  9.972914e+00 
   68.044    0.514000  3.455679e-05  1.010710e+01 
   68.044    0.617000  3.907675e-05  1.156641e+01 
   68.044    0.720000  4.820136e-05  1.396453e+01 
   68.044    0.823000  6.326667e-05  1.697500e+01 
   68.044    0.926000  8.738058e-05  2.046397e+01 
   68.044    1.029000  1.248476e-04  2.425588e+01 
   68.044    1.132000  1.830693e-04  2.828022e+01 
   68.044    1.235000  2.720472e-04  3.241795e+01 
   68.044    1.338000  4.199666e-04  3.692770e+01 
   68.044    1.440000  6.709782e-04  4.178001e+01 
   68.044    1.543000  1.120585e-03  4.709400e+01 
   68.044    1.646000  1.939892e-03  5.280162e+01 
   68.044    1.749000  3.483573e-03  5.891040e+01 
   68.044    1.852000  3.822301e-03  5.978762e+01 
   68.044    1.955000  4.666166e-03  6.171747e+01 
   68.044    2.058000  5.458204e-03  6.325067e+01 
   68.044    2.161000  6.274802e-03  6.462518e+01 
   68.044    2.264000  6.962819e-03  6.565866e+01 
   68.044    2.367000  7.544663e-03  6.646611e+01 
   68.044    2.469000  7.990397e-03  6.705225e+01 
   68.044    2.572000  5.896999e-02  8.441279e+01 
   68.044    2.675000  4.310967e-01  1.042078e+02 
   68.044    2.778000  2.819844e+00  1.272239e+02 
   68.044    2.881000  1.462652e+01  1.530481e+02 
   68.044    2.984000  5.700102e+01  1.793571e+02 
   68.044    3.087000  6.148071e+01  1.807157e+02 
   68.044    3.190000  6.780933e+01  1.826580e+02 
   68.044    3.293000  8.058367e+01  1.863670e+02 
   68.044    3.395000  8.821592e+01  1.883323e+02 
   68.044    3.498000  9.401408e+01  1.897270e+02 
   68.044    3.601000  9.622332e+01  1.901924e+02 
   68.044    3.704000  9.819557e+01  1.906073e+02 
   68.044    3.807000  1.013701e+02  1.913200e+02 
   68.044    3.910000  1.070497e+02  1.926048e+02 
   68.044    4.013000  1.158371e+02  1.945103e+02 
   68.044    4.116000  1.283539e+02  1.970321e+02 
   68.044    4.219000  1.445600e+02  1.999960e+02 
   68.044    4.321000  1.580812e+02  2.022429e+02 
   68.044    4.424000  1.763361e+02  2.050316e+02 
   68.044    4.527000  1.958838e+02  2.077445e+02 
   68.044    4.630000  2.139176e+02  2.100382e+02 
   68.044    4.733000  2.267055e+02  2.115605e+02 
   68.044    4.836000  2.352215e+02  2.125331e+02 
   68.044    4.939000  2.398217e+02  2.130458e+02 
   68.044    5.042000  2.443146e+02  2.135492e+02 
   68.044    5.145000  2.475285e+02  2.139113e+02 
   68.044    5.247000  2.506526e+02  2.142683e+02 
   68.044    5.350000  2.538921e+02  2.146423e+02 
   68.044    5.453000  2.571115e+02  2.150175e+02 
   68.044    5.556000  2.602087e+02  2.153819e+02 
   68.044    5.659000  2.648764e+02  2.159189e+02 
   68.044    5.762000  2.869297e+02  2.182190e+02 
   68.044    5.865000  3.123941e+02  2.206371e+02 
   68.044    5.968000  3.407939e+02  2.230749e+02 
   68.044    6.071000  3.637489e+02  2.248763e+02 
   68.044    6.173000  3.648210e+02  2.249839e+02 
   68.044    6.276000  3.658904e+02  2.250981e+02 
   68.044    6.379000  3.669511e+02  2.252159e+02 
   68.044    6.482000  3.680052e+02  2.253364e+02 
   68.044    6.585000  3.690554e+02  2.254588e+02 
   68.044    6.688000  3.701075e+02  2.255824e+02 
   68.044    6.791000  3.711627e+02  2.257068e+02 
   68.044    6.894000  3.722134e+02  2.258320e+02 
   68.044    6.997000  3.774313e+02  2.262689e+02 
   68.044    7.099000  3.843444e+02  2.268216e+02 
   68.044    7.202000  3.873180e+02  2.270896e+02 
   68.044    7.305000  3.903296e+02  2.273636e+02 
   68.044    7.408000  3.939676e+02  2.276843e+02 
   68.044    7.511000  3.968349e+02  2.279529e+02 
   68.044    7.614000  3.997316e+02  2.282266e+02 
   68.044    7.717000  4.043421e+02  2.286167e+02 
   68.044    7.820000  4.067290e+02  2.288543e+02 
   68.044    7.923000  4.097852e+02  2.291358e+02 
   68.044    8.026000  4.126877e+02  2.294051e+02 
   68.044    8.127999  4.157959e+02  2.296840e+02 
   68.044    8.231000  4.183638e+02  2.299260e+02 
   68.044    8.334000  4.210132e+02  2.301708e+02 
   68.044    8.436999  4.235342e+02  2.304052e+02 
   68.044    8.540000  4.262076e+02  2.306466e+02 
   68.044    8.643000  4.288799e+02  2.308850e+02 
   68.044    8.745999  4.321576e+02  2.311563e+02 
   68.044    8.849000  4.356184e+02  2.314339e+02 
   68.044    8.952000  4.367418e+02  2.316037e+02 
   68.044    9.054000  4.380147e+02  2.317878e+02 
   68.044    9.157000  4.394426e+02  2.319872e+02 
   68.044    9.259999  4.399250e+02  2.320789e+02 
   68.044    9.363000  4.404034e+02  2.321688e+02 
   68.044    9.466000  4.408780e+02  2.322568e+02 
   68.044    9.568999  4.413501e+02  2.323429e+02 
   68.044    9.672000  4.418198e+02  2.324271e+02 
   68.044    9.775000  4.422863e+02  2.325094e+02 
   68.044    9.877999  4.427486e+02  2.325898e+02 
   68.044    9.980000  4.432016e+02  2.326677e+02 
   68.044   10.083000  4.436528e+02  2.327445e+02 
   68.044   10.186000  4.441285e+02  2.328189e+02 
   68.044   10.289000  4.445938e+02  2.328918e+02 
   68.044   10.392000  4.450497e+02  2.329633e+02 
   68.044   10.495000  4.454975e+02  2.330335e+02 
   68.044   10.598000  4.459374e+02  2.331025e+02 
   68.044   10.701000  4.463702e+02  2.331703e+02 
   68.044   10.804000  4.467973e+02  2.332370e+02 
   68.044   10.906000  4.472148e+02  2.333020e+02 
   68.044   11.009000  4.476310e+02  2.333667e+02 
   68.044   11.112000  4.480420e+02  2.334305e+02 
   68.044   11.215000  4.484480e+02  2.334935e+02 
   68.044   11.318000  4.488487e+02  2.335557e+02 
   68.044   11.421000  4.492442e+02  2.336172e+02 
   68.044   11.524000  4.496342e+02  2.336780e+02 
   68.044   11.627000  4.500189e+02  2.337381e+02 
   68.044   11.730000  4.503980e+02  2.337975e+02 
   68.044   11.832000  4.507680e+02  2.338557e+02 
   68.044   11.934999  4.511361e+02  2.339137e+02 
   68.044   12.038000  4.514990e+02  2.339711e+02 
   68.044   12.141000  4.518566e+02  2.340277e+02 
   68.044   12.243999  4.522092e+02  2.340835e+02 
   68.044   12.347000  4.525570e+02  2.341386e+02 
   68.044   12.450000  4.529001e+02  2.341929e+02 
   68.044   12.552999  4.532387e+02  2.342465e+02 
   68.044   12.656000  4.535728e+02  2.342992e+02 
   68.044   12.757999  4.538993e+02  2.343506e+02 
   68.044   12.861000  4.542251e+02  2.344018e+02 
   68.044   12.964000  4.545471e+02  2.344521e+02 
   68.044   13.066999  4.548653e+02  2.345015e+02 
   68.044   13.170000  4.551798e+02  2.345501e+02 
   68.044   13.273000  4.554907e+02  2.345977e+02 
   68.044   13.375999  4.557981e+02  2.346444e+02 
   68.044   13.479000  4.561022e+02  2.346902e+02 
   68.044   13.582000  4.564029e+02  2.347349e+02 
   68.044   13.684999  4.567005e+02  2.347785e+02 
   68.044   13.787000  4.569921e+02  2.348207e+02 
   68.044   13.889999  4.572834e+02  2.348622e+02 
   68.044   13.993000  4.575715e+02  2.349026e+02 
   68.044   14.096000  4.578565e+02  2.349420e+02 
   68.044   14.198999  4.581384e+02  2.349804e+02 
   68.044   14.302000  4.584169e+02  2.350179e+02 
   68.044   14.405000  4.586922e+02  2.350546e+02 
   68.044   14.507999  4.589641e+02  2.350906e+02 
   68.044   14.611000  4.592326e+02  2.351258e+02 
   68.044   14.712999  4.594952e+02  2.351600e+02 
   68.044   14.816000  4.597572e+02  2.351938e+02 
   68.044   14.919000  4.600158e+02  2.352271e+02 
   68.044   15.021999  4.602713e+02  2.352597e+02 
   68.044   15.125000  4.605237e+02  2.352917e+02 
   68.044   15.228000  4.607729e+02  2.353232e+02 
   68.044   15.330999  4.610191e+02  2.353540e+02 
   68.044   15.434000  4.612622e+02  2.353842e+02 
   68.044   15.537000  4.615024e+02  2.354138e+02 
   68.044   15.639000  4.617372e+02  2.354426e+02 
   68.044   15.742000  4.619715e+02  2.354711e+02 
   68.044   15.844999  4.622029e+02  2.354991e+02 
   68.044   15.948000  4.624317e+02  2.355265e+02 
   68.044   16.051001  4.626580e+02  2.355533e+02 
   68.044   16.153999  4.628818e+02  2.355796e+02 
   68.044   16.257000  4.631032e+02  2.356052e+02 
   68.044   16.360001  4.633224e+02  2.356302e+02 
   68.044   16.462999  4.635393e+02  2.356546e+02 
   68.044   16.565001  4.637520e+02  2.356782e+02 
   68.044   16.667999  4.639646e+02  2.357012e+02 
   68.044   16.771000  4.641755e+02  2.357236e+02 
   68.044   16.874001  4.643846e+02  2.357450e+02 
   68.044   16.976999  4.645921e+02  2.357657e+02 
   68.044   17.080000  4.647980e+02  2.357855e+02 
   68.044   17.183001  4.650028e+02  2.358043e+02 
   68.044   17.285999  4.652064e+02  2.358221e+02 
   68.044   17.389000  4.654088e+02  2.358391e+02 
   68.044   17.490999  4.656078e+02  2.358549e+02 
   68.044   17.594000  4.658075e+02  2.358701e+02 
   68.044   17.697001  4.660059e+02  2.358845e+02 
   68.044   17.799999  4.662028e+02  2.358981e+02 
   68.044   17.903000  4.663981e+02  2.359112e+02 
   68.044   18.006001  4.665918e+02  2.359236e+02 
   68.044   18.108999  4.667838e+02  2.359354e+02 
   68.044   18.212000  4.669743e+02  2.359467e+02 
   68.044   18.315001  4.671632e+02  2.359574e+02 
   68.044   18.417999  4.673505e+02  2.359675e+02 
   68.044   18.520000  4.675344e+02  2.359770e+02 
   68.044   18.622999  4.677186e+02  2.359860e+02 
   68.044   18.726000  4.679013e+02  2.359945e+02 
   68.044   18.829000  4.680825e+02  2.360025e+02 
   68.044   18.931999  4.682621e+02  2.360099e+02 
   68.044   19.035000  4.684404e+02  2.360168e+02 
   68.044   19.138000  4.686173e+02  2.360233e+02 
   68.044   19.240999  4.687929e+02  2.360292e+02 
   68.044   19.344000  4.689672e+02  2.360347e+02 
   68.044   19.445999  4.691385e+02  2.360395e+02 
   68.044   19.549000  4.693103e+02  2.360440e+02 
   68.044   19.652000  4.694808e+02  2.360479e+02 
   68.044   19.754999  4.696501e+02  2.360514e+02 
   68.044   19.858000  4.698181e+02  2.360544e+02 
   68.044   19.961000  4.699850e+02  2.360569e+02 
   68.044   20.063999  4.701508e+02  2.360589e+02 
   68.044   20.362999  4.706266e+02  2.360615e+02 
   68.044   20.858999  4.713929e+02  2.360587e+02 
   68.044   21.355000  4.721310e+02  2.360476e+02 
   68.044   21.850000  4.728377e+02  2.360301e+02 
   68.044   22.346001  4.735087e+02  2.360107e+02 
   68.044   22.841999  4.741371e+02  2.359931e+02 
   68.044   23.337999  4.747225e+02  2.359781e+02 
   68.044   23.833000  4.752699e+02  2.359641e+02 
   68.044   24.329000  4.757875e+02  2.359491e+02 
   68.044   24.824999  4.762744e+02  2.359337e+02 
   68.044   25.320999  4.767288e+02  2.359192e+02 
   68.044   25.816000  4.771522e+02  2.359056e+02 
   68.044   26.312000  4.775490e+02  2.358924e+02 
   68.044   26.808001  4.779203e+02  2.358793e+02 
   68.044   27.303999  4.782672e+02  2.358664e+02 
   68.044   27.799000  4.785909e+02  2.358537e+02 
   68.044   28.295000  4.788949e+02  2.358409e+02 
   68.044   28.791000  4.791810e+02  2.358277e+02 
   68.044   29.287001  4.794514e+02  2.358140e+02 
   68.044   29.782000  4.797073e+02  2.357998e+02 
   68.044   30.278000  4.799511e+02  2.357850e+02 
   68.044   30.774000  4.801842e+02  2.357699e+02 
   68.044   31.270000  4.804083e+02  2.357543e+02 
   68.044   31.764999  4.806244e+02  2.357386e+02 
   68.044   32.261002  4.808358e+02  2.357225e+02 
   68.044   32.757000  4.810437e+02  2.357062e+02 
   68.044   33.253002  4.812500e+02  2.356899e+02 
   68.044   33.748001  4.814556e+02  2.356740e+02 
   68.044   34.244003  4.816627e+02  2.356587e+02 
   68.044   34.740002  4.818724e+02  2.356442e+02 
   68.044   35.236000  4.820862e+02  2.356305e+02 
   68.044   35.731003  4.823046e+02  2.356177e+02 
   68.044   36.227001  4.825291e+02  2.356056e+02 
   68.044   36.723003  4.827592e+02  2.355943e+02 
   68.044   37.219002  4.829947e+02  2.355837e+02 
   68.044   37.714001  4.832340e+02  2.355739e+02 
   68.044   38.210003  4.834771e+02  2.355647e+02 
   68.044   38.706001  4.837216e+02  2.355564e+02 
   68.044   39.202003  4.839657e+02  2.355487e+02 
   68.044   39.697002  4.842067e+02  2.355419e+02 
   68.044   40.197002  4.844423e+02  2.355368e+02 
   68.044   45.197002  4.863029e+02  2.355223e+02 
   68.044   50.197002  4.870113e+02  2.355272e+02 
   68.044   55.197002  4.872578e+02  2.355340e+02 
   68.044   60.197002  4.879854e+02  2.355392e+02 
   68.044   65.196999  4.892146e+02  2.355427e+02 
