    0.000    0.000000  0.000000e+00  3.481534e+02 
    0.000    0.103000  0.000000e+00  3.473315e+02 
    0.000    0.206000  0.000000e+00  3.460507e+02 
    0.000    0.309000  0.000000e+00  3.447101e+02 
    0.000    0.412000  0.000000e+00  3.432038e+02 
    0.000    0.515000  0.000000e+00  3.417358e+02 
    0.000    0.618000  0.000000e+00  3.402737e+02 
    0.000    0.721000  0.000000e+00  3.387881e+02 
    0.000    0.824000  0.000000e+00  3.372941e+02 
    0.000    0.926000  0.000000e+00  3.357552e+02 
    0.000    1.029000  0.000000e+00  3.342025e+02 
    0.000    1.132000  0.000000e+00  3.327704e+02 
    0.000    1.235000  0.000000e+00  3.312785e+02 
    0.000    1.338000  0.000000e+00  3.298150e+02 
    0.000    1.441000  0.000000e+00  3.282746e+02 
    0.000    1.544000  0.000000e+00  3.266317e+02 
    0.000    1.647000  0.000000e+00  3.250313e+02 
    0.000    1.750000  0.000000e+00  3.235808e+02 
    0.000    1.852000  0.000000e+00  3.222850e+02 
    0.000    1.955000  0.000000e+00  3.210005e+02 
    0.000    2.058000  0.000000e+00  3.196782e+02 
    0.000    2.161000  0.000000e+00  3.181997e+02 
    0.000    2.264000  0.000000e+00  3.167207e+02 
    0.000    2.367000  0.000000e+00  3.153221e+02 
    0.000    2.470000  0.000000e+00  3.139533e+02 
    0.000    2.573000  0.000000e+00  3.125913e+02 
    0.000    2.676000  0.000000e+00  3.112030e+02 
    0.000    2.778000  0.000000e+00  3.097830e+02 
    0.000    2.881000  0.000000e+00  3.083532e+02 
    0.000    2.984000  0.000000e+00  3.069496e+02 
    0.000    3.087000  0.000000e+00  3.055602e+02 
    0.000    3.190000  0.000000e+00  3.041678e+02 
    0.000    3.293000  0.000000e+00  3.027830e+02 
    0.000    3.396000  0.000000e+00  3.014185e+02 
    0.000    3.499000  0.000000e+00  3.000741e+02 
    0.000    3.602000  0.000000e+00  2.987549e+02 
    0.000    3.705000  0.000000e+00  2.974608e+02 
    0.000    3.807000  0.000000e+00  2.961931e+02 
    0.000    3.910000  0.000000e+00  2.949015e+02 
    0.000    4.013000  0.000000e+00  2.936117e+02 
    0.000    4.116000  0.000000e+00  2.923353e+02 
    0.000    4.219000  0.000000e+00  2.910768e+02 
    0.000    4.322000  0.000000e+00  2.898383e+02 
    0.000    4.425000  0.000000e+00  2.886082e+02 
    0.000    4.528000  0.000000e+00  2.873942e+02 
    0.000    4.631000  0.000000e+00  2.861922e+02 
    0.000    4.733000  0.000000e+00  2.849922e+02 
    0.000    4.836000  0.000000e+00  2.837917e+02 
    0.000    4.939000  0.000000e+00  2.826045e+02 
    0.000    5.042000  0.000000e+00  2.814315e+02 
    0.000    5.145000  0.000000e+00  2.802786e+02 
    0.000    5.248000  0.000000e+00  2.791411e+02 
    0.000    5.351000  0.000000e+00  2.780223e+02 
    0.000    5.454000  0.000000e+00  2.769237e+02 
    0.000    5.557000  0.000000e+00  2.758394e+02 
    0.000    5.659000  0.000000e+00  2.747813e+02 
    0.000    5.762000  0.000000e+00  2.737347e+02 
    0.000    5.865000  0.000000e+00  2.727090e+02 
    0.000    5.968000  0.000000e+00  2.717054e+02 
    0.000    6.071000  0.000000e+00  2.707266e+02 
    0.000    6.174000  0.000000e+00  2.697715e+02 
    0.000    6.277000  0.000000e+00  2.688382e+02 
    0.000    6.380000  0.000000e+00  2.679251e+02 
    0.000    6.483000  0.000000e+00  2.670304e+02 
    0.000    6.585000  0.000000e+00  2.661675e+02 
    0.000    6.688000  0.000000e+00  2.653387e+02 
    0.000    6.791000  0.000000e+00  2.645416e+02 
    0.000    6.894000  0.000000e+00  2.638042e+02 
    0.000    6.997000  0.000000e+00  2.631406e+02 
    0.000    7.100000  0.000000e+00  2.625301e+02 
    0.000    7.203000  0.000000e+00  2.620378e+02 
    0.000    7.306000  0.000000e+00  2.616495e+02 
    0.000    7.409000  0.000000e+00  2.613299e+02 
    0.000    7.511000  0.000000e+00  2.611266e+02 
    0.000    7.614000  0.000000e+00  2.609971e+02 
    0.000    7.717000  0.000000e+00  2.609049e+02 
    0.000    7.820000  0.000000e+00  2.608304e+02 
    0.000    7.923000  0.000000e+00  2.607706e+02 
    0.000    8.026000  0.000000e+00  2.606943e+02 
    0.000    8.129000  0.000000e+00  2.605800e+02 
    0.000    8.231999  0.000000e+00  2.604445e+02 
    0.000    8.335000  0.000000e+00  2.602906e+02 
    0.000    8.436999  0.000000e+00  2.601227e+02 
    0.000    8.540000  0.000000e+00  2.599450e+02 
    0.000    8.643000  0.000000e+00  2.597663e+02 
    0.000    8.745999  0.000000e+00  2.595874e+02 
    0.000    8.849000  0.000000e+00  2.594079e+02 
    0.000    8.952000  0.000000e+00  2.592358e+02 
    0.000    9.054999  0.000000e+00  2.590684e+02 
    0.000    9.158000  0.000000e+00  2.589070e+02 
    0.000    9.261000  0.000000e+00  2.587701e+02 
    0.000    9.363000  0.000000e+00  2.586520e+02 
    0.000    9.466000  0.000000e+00  2.585438e+02 
    0.000    9.568999  0.000000e+00  2.584473e+02 
    0.000    9.672000  0.000000e+00  2.583600e+02 
    0.000    9.775000  0.000000e+00  2.582802e+02 
    0.000    9.877999  0.000000e+00  2.582076e+02 
    0.000    9.981000  0.000000e+00  2.581409e+02 
    0.000   10.084000  0.000000e+00  2.580742e+02 
    0.000   10.186999  0.000000e+00  2.580000e+02 
    0.000   10.290000  0.000000e+00  2.579222e+02 
    0.000   10.391999  0.000000e+00  2.578488e+02 
    0.000   10.495000  0.000000e+00  2.577853e+02 
    0.000   10.598000  0.000000e+00  2.577299e+02 
    0.000   10.700999  0.000000e+00  2.576743e+02 
    0.000   10.804000  0.000000e+00  2.576089e+02 
    0.000   10.907000  0.000000e+00  2.575374e+02 
    0.000   11.009999  0.000000e+00  2.574611e+02 
    0.000   11.113000  0.000000e+00  2.573758e+02 
    0.000   11.216000  0.000000e+00  2.572847e+02 
    0.000   11.318000  0.000000e+00  2.571908e+02 
    0.000   11.421000  0.000000e+00  2.570914e+02 
    0.000   11.523999  0.000000e+00  2.569889e+02 
    0.000   11.627000  0.000000e+00  2.568847e+02 
    0.000   11.730000  0.000000e+00  2.567786e+02 
    0.000   11.832999  0.000000e+00  2.566714e+02 
    0.000   11.936000  0.000000e+00  2.565638e+02 
    0.000   12.039000  0.000000e+00  2.564586e+02 
    0.000   12.141999  0.000000e+00  2.563556e+02 
    0.000   12.243999  0.000000e+00  2.562548e+02 
    0.000   12.346999  0.000000e+00  2.561591e+02 
    0.000   12.450000  0.000000e+00  2.560688e+02 
    0.000   12.552999  0.000000e+00  2.559821e+02 
    0.000   12.655999  0.000000e+00  2.558991e+02 
    0.000   12.759000  0.000000e+00  2.558193e+02 
    0.000   12.862000  0.000000e+00  2.557421e+02 
    0.000   12.964999  0.000000e+00  2.556677e+02 
    0.000   13.068000  0.000000e+00  2.555960e+02 
    0.000   13.170000  0.000000e+00  2.555272e+02 
    0.000   13.273000  0.000000e+00  2.554591e+02 
    0.000   13.375999  0.000000e+00  2.553912e+02 
    0.000   13.479000  0.000000e+00  2.553238e+02 
    0.000   13.582000  0.000000e+00  2.552571e+02 
    0.000   13.684999  0.000000e+00  2.551905e+02 
    0.000   13.787999  0.000000e+00  2.551243e+02 
    0.000   13.891000  0.000000e+00  2.550585e+02 
    0.000   13.993999  0.000000e+00  2.549949e+02 
    0.000   14.096000  0.000000e+00  2.549340e+02 
    0.000   14.198999  0.000000e+00  2.548738e+02 
    0.000   14.302000  0.000000e+00  2.548158e+02 
    0.000   14.405000  0.000000e+00  2.547602e+02 
    0.000   14.507999  0.000000e+00  2.547065e+02 
    0.000   14.611000  0.000000e+00  2.546538e+02 
    0.000   14.714000  0.000000e+00  2.546009e+02 
    0.000   14.816999  0.000000e+00  2.545482e+02 
    0.000   14.920000  0.000000e+00  2.544960e+02 
    0.000   15.021999  0.000000e+00  2.544447e+02 
    0.000   15.125000  0.000000e+00  2.543934e+02 
    0.000   15.228000  0.000000e+00  2.543429e+02 
    0.000   15.330999  0.000000e+00  2.542917e+02 
    0.000   15.434000  0.000000e+00  2.542392e+02 
    0.000   15.537000  0.000000e+00  2.541861e+02 
    0.000   15.639999  0.000000e+00  2.541332e+02 
    0.000   15.743000  0.000000e+00  2.540816e+02 
    0.000   15.846000  0.000000e+00  2.540313e+02 
    0.000   15.949000  0.000000e+00  2.539819e+02 
    0.000   16.051001  0.000000e+00  2.539357e+02 
    0.000   16.154001  0.000000e+00  2.538919e+02 
    0.000   16.257000  0.000000e+00  2.538500e+02 
    0.000   16.360001  0.000000e+00  2.538081e+02 
    0.000   16.463001  0.000000e+00  2.537641e+02 
    0.000   16.566000  0.000000e+00  2.537186e+02 
    0.000   16.669001  0.000000e+00  2.536725e+02 
    0.000   16.772001  0.000000e+00  2.536256e+02 
    0.000   16.875000  0.000000e+00  2.535781e+02 
    0.000   16.977001  0.000000e+00  2.535306e+02 
    0.000   17.080000  0.000000e+00  2.534827e+02 
    0.000   17.183001  0.000000e+00  2.534351e+02 
    0.000   17.286001  0.000000e+00  2.533877e+02 
    0.000   17.389000  0.000000e+00  2.533404e+02 
    0.000   17.492001  0.000000e+00  2.532933e+02 
    0.000   17.595001  0.000000e+00  2.532463e+02 
    0.000   17.698000  0.000000e+00  2.531995e+02 
    0.000   17.801001  0.000000e+00  2.531532e+02 
    0.000   17.903000  0.000000e+00  2.531084e+02 
    0.000   18.006001  0.000000e+00  2.530640e+02 
    0.000   18.109001  0.000000e+00  2.530203e+02 
    0.000   18.212000  0.000000e+00  2.529785e+02 
    0.000   18.315001  0.000000e+00  2.529384e+02 
    0.000   18.418001  0.000000e+00  2.528998e+02 
    0.000   18.521000  0.000000e+00  2.528623e+02 
    0.000   18.624001  0.000000e+00  2.528260e+02 
    0.000   18.727001  0.000000e+00  2.527908e+02 
    0.000   18.829000  0.000000e+00  2.527567e+02 
    0.000   18.932001  0.000000e+00  2.527232e+02 
    0.000   19.035000  0.000000e+00  2.526906e+02 
    0.000   19.138000  0.000000e+00  2.526588e+02 
    0.000   19.241001  0.000000e+00  2.526277e+02 
    0.000   19.344000  0.000000e+00  2.525964e+02 
    0.000   19.447001  0.000000e+00  2.525646e+02 
    0.000   19.550001  0.000000e+00  2.525327e+02 
    0.000   19.653000  0.000000e+00  2.525008e+02 
    0.000   19.755001  0.000000e+00  2.524683e+02 
    0.000   19.858000  0.000000e+00  2.524345e+02 
    0.000   19.961000  0.000000e+00  2.524001e+02 
    0.000   20.064001  0.000000e+00  2.523654e+02 
    0.000   20.363001  0.000000e+00  2.522654e+02 
    0.000   20.859001  0.000000e+00  2.521114e+02 
    0.000   21.355001  0.000000e+00  2.519846e+02 
    0.000   21.851000  0.000000e+00  2.518777e+02 
    0.000   22.346001  0.000000e+00  2.517769e+02 
    0.000   22.842001  0.000000e+00  2.516763e+02 
    0.000   23.338001  0.000000e+00  2.515780e+02 
    0.000   23.834000  0.000000e+00  2.514944e+02 
    0.000   24.329000  0.000000e+00  2.514389e+02 
    0.000   24.825001  0.000000e+00  2.514104e+02 
    0.000   25.321001  0.000000e+00  2.514003e+02 
    0.000   25.817001  0.000000e+00  2.513882e+02 
    0.000   26.312000  0.000000e+00  2.513771e+02 
    0.000   26.808001  0.000000e+00  2.513769e+02 
    0.000   27.304001  0.000000e+00  2.513859e+02 
    0.000   27.800001  0.000000e+00  2.514034e+02 
    0.000   28.295000  0.000000e+00  2.514312e+02 
    0.000   28.791000  0.000000e+00  2.514656e+02 
    0.000   29.287001  0.000000e+00  2.515030e+02 
    0.000   29.783001  0.000000e+00  2.515454e+02 
    0.000   30.279001  0.000000e+00  2.515950e+02 
    0.000   30.774000  0.000000e+00  2.516490e+02 
    0.000   31.270000  0.000000e+00  2.517047e+02 
    0.000   31.766001  0.000000e+00  2.517603e+02 
    0.000   32.262001  0.000000e+00  2.518165e+02 
    0.000   32.757000  0.000000e+00  2.518726e+02 
    0.000   33.253002  0.000000e+00  2.519273e+02 
    0.000   33.749001  0.000000e+00  2.519818e+02 
    0.000   34.244999  0.000000e+00  2.520374e+02 
    0.000   34.740002  0.000000e+00  2.520961e+02 
    0.000   35.236000  0.000000e+00  2.521579e+02 
    0.000   35.732002  0.000000e+00  2.522182e+02 
    0.000   36.228001  0.000000e+00  2.522765e+02 
    0.000   36.723000  0.000000e+00  2.523286e+02 
    0.000   37.219002  0.000000e+00  2.523757e+02 
    0.000   37.715000  0.000000e+00  2.524193e+02 
    0.000   38.211002  0.000000e+00  2.524604e+02 
    0.000   38.706001  0.000000e+00  2.525019e+02 
    0.000   39.202000  0.000000e+00  2.525449e+02 
    0.000   39.698002  0.000000e+00  2.525907e+02 
    0.000   40.198002  0.000000e+00  2.526406e+02 
    0.000   45.198002  0.000000e+00  2.530879e+02 
    0.000   50.198002  0.000000e+00  2.533126e+02 
    0.000   55.198002  0.000000e+00  2.533060e+02 
    0.000   60.198002  0.000000e+00  2.532389e+02 
    0.000   65.197998  0.000000e+00  2.531863e+02 
