   66.954    0.000000  7.002041e+00  2.296787e+01 
   66.954    0.103000  7.040508e+00  2.317067e+01 
   66.954    0.206000  7.078747e+00  2.338606e+01 
   66.954    0.308000  7.238032e+00  2.429049e+01 
   66.954    0.411000  7.297031e+00  2.463198e+01 
   66.954    0.514000  7.336023e+00  2.486328e+01 
   66.954    0.617000  7.375029e+00  2.509702e+01 
   66.954    0.720000  7.414009e+00  2.533256e+01 
   66.954    0.823000  7.452924e+00  2.556939e+01 
   66.954    0.926000  7.491749e+00  2.580710e+01 
   66.954    1.029000  7.530501e+00  2.604539e+01 
   66.954    1.132000  7.569265e+00  2.628382e+01 
   66.954    1.234000  7.607790e+00  2.651970e+01 
   66.954    1.337000  7.646860e+00  2.675757e+01 
   66.954    1.440000  7.700462e+00  2.704036e+01 
   66.954    1.543000  7.766332e+00  2.736098e+01 
   66.954    1.646000  7.870617e+00  2.779937e+01 
   66.954    1.749000  8.039139e+00  2.843079e+01 
   66.954    1.852000  1.983603e+01  5.366673e+01 
   66.954    1.955000  5.290704e+01  8.320589e+01 
   66.954    2.058000  1.455490e+02  1.166911e+02 
   66.954    2.160000  3.759558e+02  1.474270e+02 
   66.954    2.263000  3.778006e+02  1.473585e+02 
   66.954    2.366000  3.796257e+02  1.473418e+02 
   66.954    2.469000  3.814317e+02  1.473613e+02 
   66.954    2.572000  3.832194e+02  1.474088e+02 
   66.954    2.675000  3.849927e+02  1.474783e+02 
   66.954    2.778000  3.867570e+02  1.475651e+02 
   66.954    2.881000  3.885128e+02  1.476664e+02 
   66.954    2.984000  3.902615e+02  1.477800e+02 
   66.954    3.086000  3.919841e+02  1.479033e+02 
   66.954    3.189000  3.937122e+02  1.480375e+02 
   66.954    3.292000  3.954289e+02  1.481803e+02 
   66.954    3.395000  3.971344e+02  1.483305e+02 
   66.954    3.498000  3.988285e+02  1.484872e+02 
   66.954    3.601000  4.005160e+02  1.486492e+02 
   66.954    3.704000  4.022012e+02  1.488156e+02 
   66.954    3.807000  4.038832e+02  1.489859e+02 
   66.954    3.910000  4.055623e+02  1.491595e+02 
   66.954    4.012000  4.072205e+02  1.493345e+02 
   66.954    4.115000  4.088851e+02  1.495142e+02 
   66.954    4.218000  4.105338e+02  1.496968e+02 
   66.954    4.321000  4.121624e+02  1.498820e+02 
   66.954    4.424000  4.137668e+02  1.500696e+02 
   66.954    4.527000  4.153430e+02  1.502592e+02 
   66.954    4.630000  4.168922e+02  1.504501e+02 
   66.954    4.733000  4.184158e+02  1.506419e+02 
   66.954    4.836000  4.199113e+02  1.508346e+02 
   66.954    4.938000  4.213648e+02  1.510258e+02 
   66.954    5.041000  4.228061e+02  1.512191e+02 
   66.954    5.144000  4.242188e+02  1.514126e+02 
   66.954    5.247000  4.256041e+02  1.516059e+02 
   66.954    5.350000  4.269623e+02  1.517991e+02 
   66.954    5.453000  4.282931e+02  1.519918e+02 
   66.954    5.556000  4.295989e+02  1.521840e+02 
   66.954    5.659000  4.308795e+02  1.523756e+02 
   66.954    5.762000  4.321361e+02  1.525664e+02 
   66.954    5.864000  4.333592e+02  1.527545e+02 
   66.954    5.967000  4.345728e+02  1.529434e+02 
   66.954    6.070000  4.357708e+02  1.531312e+02 
   66.954    6.173000  4.369609e+02  1.533175e+02 
   66.954    6.276000  4.381449e+02  1.535022e+02 
   66.954    6.379000  4.393242e+02  1.536854e+02 
   66.954    6.482000  4.405001e+02  1.538669e+02 
   66.954    6.585000  4.416746e+02  1.540466e+02 
   66.954    6.688000  4.428504e+02  1.542244e+02 
   66.954    6.791000  4.440279e+02  1.544003e+02 
   66.954    6.893000  4.451839e+02  1.545726e+02 
   66.954    6.996000  4.463253e+02  1.547448e+02 
   66.954    7.099000  4.474310e+02  1.549152e+02 
   66.954    7.202000  4.484812e+02  1.550837e+02 
   66.954    7.305000  4.494580e+02  1.552501e+02 
   66.954    7.408000  4.503606e+02  1.554141e+02 
   66.954    7.511000  4.511944e+02  1.555758e+02 
   66.954    7.614000  4.519583e+02  1.557351e+02 
   66.954    7.717000  4.526708e+02  1.558919e+02 
   66.954    7.819000  4.533569e+02  1.560447e+02 
   66.954    7.921999  4.540362e+02  1.561968e+02 
   66.954    8.025001  4.547057e+02  1.563466e+02 
   66.954    8.128000  4.553706e+02  1.564943e+02 
   66.954    8.231000  4.560310e+02  1.566400e+02 
   66.954    8.334001  4.566815e+02  1.567834e+02 
   66.954    8.437000  4.573169e+02  1.569246e+02 
   66.954    8.540000  4.579373e+02  1.570635e+02 
   66.954    8.643001  4.585457e+02  1.572000e+02 
   66.954    8.745000  4.591385e+02  1.573327e+02 
   66.954    8.848001  4.597272e+02  1.574643e+02 
   66.954    8.951000  4.603063e+02  1.575933e+02 
   66.954    9.054000  4.608748e+02  1.577197e+02 
   66.954    9.157001  4.614312e+02  1.578437e+02 
   66.954    9.260000  4.619759e+02  1.579651e+02 
   66.954    9.363000  4.625088e+02  1.580840e+02 
   66.954    9.466001  4.630300e+02  1.582005e+02 
   66.954    9.569000  4.635396e+02  1.583147e+02 
   66.954    9.671000  4.640329e+02  1.584257e+02 
   66.954    9.774000  4.645193e+02  1.585356e+02 
   66.954    9.877000  4.649932e+02  1.586434e+02 
   66.954    9.980000  4.654547e+02  1.587492e+02 
   66.954   10.083000  4.659384e+02  1.588523e+02 
   66.954   10.186000  4.664140e+02  1.589536e+02 
   66.954   10.289001  4.668823e+02  1.590531e+02 
   66.954   10.392000  4.673434e+02  1.591507e+02 
   66.954   10.495000  4.677977e+02  1.592466e+02 
   66.954   10.597000  4.682408e+02  1.593399e+02 
   66.954   10.700001  4.686809e+02  1.594324e+02 
   66.954   10.803000  4.691136e+02  1.595235e+02 
   66.954   10.906000  4.695388e+02  1.596132e+02 
   66.954   11.009000  4.699577e+02  1.597015e+02 
   66.954   11.112000  4.703716e+02  1.597886e+02 
   66.954   11.215000  4.707811e+02  1.598745e+02 
   66.954   11.318000  4.711860e+02  1.599592e+02 
   66.954   11.421000  4.715861e+02  1.600427e+02 
   66.954   11.523001  4.719775e+02  1.601244e+02 
   66.954   11.626000  4.723677e+02  1.602057e+02 
   66.954   11.729000  4.727525e+02  1.602860e+02 
   66.954   11.832001  4.731320e+02  1.603653e+02 
   66.954   11.935000  4.735060e+02  1.604435e+02 
   66.954   12.038000  4.738747e+02  1.605206e+02 
   66.954   12.141001  4.742382e+02  1.605968e+02 
   66.954   12.244000  4.745965e+02  1.606719e+02 
   66.954   12.347000  4.749498e+02  1.607460e+02 
   66.954   12.450001  4.752982e+02  1.608190e+02 
   66.954   12.552000  4.756383e+02  1.608903e+02 
   66.954   12.655001  4.759768e+02  1.609612e+02 
   66.954   12.758000  4.763108e+02  1.610309e+02 
   66.954   12.861000  4.766404e+02  1.610996e+02 
   66.954   12.964001  4.769659e+02  1.611671e+02 
   66.954   13.067000  4.772876e+02  1.612335e+02 
   66.954   13.170000  4.776053e+02  1.612987e+02 
   66.954   13.273001  4.779193e+02  1.613628e+02 
   66.954   13.376000  4.782296e+02  1.614258e+02 
   66.954   13.478001  4.785333e+02  1.614871e+02 
   66.954   13.581000  4.788364e+02  1.615478e+02 
   66.954   13.684000  4.791360e+02  1.616075e+02 
   66.954   13.787001  4.794323e+02  1.616660e+02 
   66.954   13.890000  4.797252e+02  1.617235e+02 
   66.954   13.993000  4.800149e+02  1.617798e+02 
   66.954   14.096001  4.803014e+02  1.618351e+02 
   66.954   14.199000  4.805847e+02  1.618892e+02 
   66.954   14.302000  4.808649e+02  1.619422e+02 
   66.954   14.404000  4.811393e+02  1.619936e+02 
   66.954   14.507000  4.814134e+02  1.620445e+02 
   66.954   14.610001  4.816842e+02  1.620943e+02 
   66.954   14.713000  4.819519e+02  1.621432e+02 
   66.954   14.816000  4.822166e+02  1.621911e+02 
   66.954   14.919001  4.824781e+02  1.622382e+02 
   66.954   15.022000  4.827364e+02  1.622844e+02 
   66.954   15.125000  4.829916e+02  1.623298e+02 
   66.954   15.228001  4.832437e+02  1.623744e+02 
   66.954   15.330000  4.834902e+02  1.624178e+02 
   66.954   15.433001  4.837362e+02  1.624608e+02 
   66.954   15.536000  4.839792e+02  1.625031e+02 
   66.954   15.639000  4.842192e+02  1.625446e+02 
   66.954   15.742001  4.844563e+02  1.625854e+02 
   66.954   15.845000  4.846905e+02  1.626254e+02 
   66.954   15.948000  4.849220e+02  1.626648e+02 
   66.954   16.051001  4.851511e+02  1.627033e+02 
   66.954   16.154001  4.853777e+02  1.627411e+02 
   66.954   16.256001  4.855996e+02  1.627778e+02 
   66.954   16.359001  4.858213e+02  1.628141e+02 
   66.954   16.462000  4.860407e+02  1.628496e+02 
   66.954   16.565001  4.862578e+02  1.628844e+02 
   66.954   16.668001  4.864727e+02  1.629185e+02 
   66.954   16.771000  4.866854e+02  1.629518e+02 
   66.954   16.874001  4.868961e+02  1.629844e+02 
   66.954   16.977001  4.871049e+02  1.630163e+02 
   66.954   17.080000  4.873118e+02  1.630473e+02 
   66.954   17.183001  4.875173e+02  1.630775e+02 
   66.954   17.285000  4.877193e+02  1.631065e+02 
   66.954   17.388000  4.879218e+02  1.631349e+02 
   66.954   17.491001  4.881231e+02  1.631624e+02 
   66.954   17.594000  4.883233e+02  1.631890e+02 
   66.954   17.697001  4.885223e+02  1.632148e+02 
   66.954   17.800001  4.887200e+02  1.632396e+02 
   66.954   17.903000  4.889163e+02  1.632637e+02 
   66.954   18.006001  4.891112e+02  1.632870e+02 
   66.954   18.109001  4.893046e+02  1.633096e+02 
   66.954   18.211000  4.894945e+02  1.633313e+02 
   66.954   18.314001  4.896845e+02  1.633527e+02 
   66.954   18.417000  4.898727e+02  1.633734e+02 
   66.954   18.520000  4.900592e+02  1.633936e+02 
   66.954   18.623001  4.902440e+02  1.634132e+02 
   66.954   18.726000  4.904274e+02  1.634321e+02 
   66.954   18.829000  4.906091e+02  1.634505e+02 
   66.954   18.932001  4.907894e+02  1.634682e+02 
   66.954   19.035000  4.909684e+02  1.634852e+02 
   66.954   19.137001  4.911444e+02  1.635015e+02 
   66.954   19.240000  4.913210e+02  1.635173e+02 
   66.954   19.343000  4.914962e+02  1.635325e+02 
   66.954   19.446001  4.916702e+02  1.635471e+02 
   66.954   19.549000  4.918428e+02  1.635612e+02 
   66.954   19.652000  4.920142e+02  1.635747e+02 
   66.954   19.755001  4.921841e+02  1.635878e+02 
   66.954   19.858000  4.923528e+02  1.636004e+02 
   66.954   19.961000  4.925200e+02  1.636125e+02 
   66.954   20.063000  4.926847e+02  1.636239e+02 
   66.954   20.363001  4.931637e+02  1.636543e+02 
   66.954   20.859001  4.939327e+02  1.636960e+02 
   66.954   21.354000  4.946719e+02  1.637278e+02 
   66.954   21.850000  4.953862e+02  1.637503e+02 
   66.954   22.346001  4.960697e+02  1.637662e+02 
   66.954   22.842001  4.967156e+02  1.637796e+02 
   66.954   23.337000  4.973182e+02  1.637926e+02 
   66.954   23.833000  4.978807e+02  1.638060e+02 
   66.954   24.329000  4.984068e+02  1.638183e+02 
   66.954   24.825001  4.989013e+02  1.638287e+02 
   66.954   25.320000  4.993636e+02  1.638374e+02 
   66.954   25.816000  4.997963e+02  1.638454e+02 
   66.954   26.312000  5.002003e+02  1.638527e+02 
   66.954   26.808001  5.005786e+02  1.638589e+02 
   66.954   27.302999  5.009326e+02  1.638637e+02 
   66.954   27.799000  5.012641e+02  1.638674e+02 
   66.954   28.295000  5.015735e+02  1.638703e+02 
   66.954   28.791000  5.018631e+02  1.638723e+02 
   66.954   29.286001  5.021355e+02  1.638733e+02 
   66.954   29.782000  5.023948e+02  1.638730e+02 
   66.954   30.278000  5.026424e+02  1.638713e+02 
   66.954   30.774000  5.028802e+02  1.638683e+02 
   66.954   31.269001  5.031093e+02  1.638642e+02 
   66.954   31.764999  5.033323e+02  1.638592e+02 
   66.954   32.260998  5.035510e+02  1.638534e+02 
   66.954   32.757000  5.037670e+02  1.638470e+02 
   66.954   33.251999  5.039815e+02  1.638403e+02 
   66.954   33.747997  5.041970e+02  1.638334e+02 
   66.954   34.243999  5.044143e+02  1.638267e+02 
   66.954   34.739998  5.046350e+02  1.638202e+02 
   66.954   35.234997  5.048597e+02  1.638141e+02 
   66.954   35.730999  5.050904e+02  1.638083e+02 
   66.954   36.226997  5.053271e+02  1.638028e+02 
   66.954   36.723000  5.055696e+02  1.637977e+02 
   66.954   37.217999  5.058169e+02  1.637930e+02 
   66.954   37.713997  5.060686e+02  1.637886e+02 
   66.954   38.209999  5.063228e+02  1.637845e+02 
   66.954   38.705997  5.065775e+02  1.637809e+02 
   66.954   39.201000  5.068303e+02  1.637776e+02 
   66.954   39.696999  5.070799e+02  1.637748e+02 
   66.954   40.196999  5.073225e+02  1.637732e+02 
   66.954   45.196999  5.092133e+02  1.637796e+02 
   66.954   50.196999  5.099243e+02  1.637926e+02 
   66.954   55.196999  5.101780e+02  1.638029e+02 
   66.954   60.196999  5.109646e+02  1.638098e+02 
   66.954   65.196999  5.122147e+02  1.638141e+02 
