   67.115    0.000000  3.022547e+02  4.039314e+01 
   67.115    0.103000  3.039743e+02  4.061465e+01 
   67.115    0.206000  3.056847e+02  4.086489e+01 
   67.115    0.309000  3.073831e+02  4.113321e+01 
   67.115    0.412000  3.135242e+02  4.239811e+01 
   67.115    0.515000  3.193515e+02  4.358263e+01 
   67.115    0.618000  3.246327e+02  4.463769e+01 
   67.115    0.721000  3.292555e+02  4.554385e+01 
   67.115    0.824000  3.333372e+02  4.632967e+01 
   67.115    0.927000  3.359961e+02  4.681669e+01 
   67.115    1.029000  3.386733e+02  4.730713e+01 
   67.115    1.132000  3.413253e+02  4.779100e+01 
   67.115    1.235000  3.437887e+02  4.823476e+01 
   67.115    1.338000  3.461549e+02  4.865530e+01 
   67.115    1.441000  3.484383e+02  4.905756e+01 
   67.115    1.544000  3.502648e+02  4.937050e+01 
   67.115    1.647000  3.520828e+02  4.968493e+01 
   67.115    1.750000  3.538967e+02  5.000000e+01 
   67.115    1.853000  3.557113e+02  5.031484e+01 
   67.115    1.955000  3.579433e+02  5.071273e+01 
   67.115    2.058000  3.597563e+02  5.102618e+01 
   67.115    2.161000  3.615606e+02  5.133938e+01 
   67.115    2.264000  3.633511e+02  5.165229e+01 
   67.115    2.367000  3.651226e+02  5.196471e+01 
   67.115    2.470000  3.668754e+02  5.227633e+01 
   67.115    2.573000  3.686104e+02  5.258690e+01 
   67.115    2.676000  3.703273e+02  5.289626e+01 
   67.115    2.779000  3.720288e+02  5.320422e+01 
   67.115    2.881000  3.736968e+02  5.350770e+01 
   67.115    2.984000  3.753622e+02  5.381256e+01 
   67.115    3.087000  3.770088e+02  5.411572e+01 
   67.115    3.190000  3.786393e+02  5.441708e+01 
   67.115    3.293000  3.802555e+02  5.471659e+01 
   67.115    3.396000  3.818595e+02  5.501416e+01 
   67.115    3.499000  3.834524e+02  5.530974e+01 
   67.115    3.602000  3.850390e+02  5.560324e+01 
   67.115    3.705000  3.866242e+02  5.589459e+01 
   67.115    3.807000  3.881944e+02  5.618090e+01 
   67.115    3.910000  3.897864e+02  5.646775e+01 
   67.115    4.013000  3.913883e+02  5.675233e+01 
   67.115    4.116000  3.929985e+02  5.703462e+01 
   67.115    4.219000  3.946145e+02  5.731467e+01 
   67.115    4.322000  3.962327e+02  5.759246e+01 
   67.115    4.425000  3.978442e+02  5.786809e+01 
   67.115    4.528000  3.994414e+02  5.814158e+01 
   67.115    4.631000  4.010202e+02  5.841292e+01 
   67.115    4.733000  4.025617e+02  5.867950e+01 
   67.115    4.836000  4.040936e+02  5.894653e+01 
   67.115    4.939000  4.056007e+02  5.921133e+01 
   67.115    5.042000  4.070833e+02  5.947393e+01 
   67.115    5.145000  4.085381e+02  5.973431e+01 
   67.115    5.248000  4.099645e+02  5.999243e+01 
   67.115    5.351000  4.113615e+02  6.024831e+01 
   67.115    5.454000  4.127281e+02  6.050191e+01 
   67.115    5.557000  4.140663e+02  6.075324e+01 
   67.115    5.659000  4.153622e+02  6.099989e+01 
   67.115    5.762000  4.166423e+02  6.124668e+01 
   67.115    5.865000  4.178963e+02  6.149120e+01 
   67.115    5.968000  4.191234e+02  6.173347e+01 
   67.115    6.071000  4.203254e+02  6.197349e+01 
   67.115    6.174000  4.215063e+02  6.221127e+01 
   67.115    6.277000  4.226685e+02  6.244671e+01 
   67.115    6.380000  4.238158e+02  6.267980e+01 
   67.115    6.483000  4.249495e+02  6.291053e+01 
   67.115    6.585000  4.260613e+02  6.313655e+01 
   67.115    6.688000  4.271781e+02  6.336214e+01 
   67.115    6.791000  4.282892e+02  6.358504e+01 
   67.115    6.894000  4.293881e+02  6.380519e+01 
   67.115    6.997000  4.304663e+02  6.402253e+01 
   67.115    7.100000  4.315165e+02  6.423700e+01 
   67.115    7.203000  4.325251e+02  6.444851e+01 
   67.115    7.306000  4.334811e+02  6.465688e+01 
   67.115    7.409000  4.343793e+02  6.486205e+01 
   67.115    7.512000  4.352129e+02  6.506390e+01 
   67.115    7.614000  4.359645e+02  6.526038e+01 
   67.115    7.717000  4.366637e+02  6.545547e+01 
   67.115    7.820000  4.373345e+02  6.564742e+01 
   67.115    7.923000  4.379807e+02  6.583633e+01 
   67.115    8.026000  4.386118e+02  6.602238e+01 
   67.115    8.129000  4.392404e+02  6.620585e+01 
   67.115    8.231999  4.398665e+02  6.638683e+01 
   67.115    8.335000  4.404836e+02  6.656525e+01 
   67.115    8.438000  4.410855e+02  6.674113e+01 
   67.115    8.540000  4.416659e+02  6.691280e+01 
   67.115    8.643000  4.554591e+02  6.967564e+01 
   67.115    8.745999  4.560352e+02  6.984071e+01 
   67.115    8.849000  4.565933e+02  7.000329e+01 
   67.115    8.952000  4.571411e+02  7.016325e+01 
   67.115    9.054999  4.576829e+02  7.032059e+01 
   67.115    9.158000  4.582180e+02  7.047527e+01 
   67.115    9.261000  4.587455e+02  7.062727e+01 
   67.115    9.363999  4.592649e+02  7.077657e+01 
   67.115    9.466000  4.597714e+02  7.092181e+01 
   67.115    9.568999  4.602751e+02  7.106595e+01 
   67.115    9.672000  4.607712e+02  7.120764e+01 
   67.115    9.775000  4.612579e+02  7.134689e+01 
   67.115    9.877999  4.617325e+02  7.148376e+01 
   67.115    9.981000  4.621944e+02  7.161825e+01 
   67.115   10.084000  4.626784e+02  7.175024e+01 
   67.115   10.186999  4.631530e+02  7.188007e+01 
   67.115   10.290000  4.636185e+02  7.200783e+01 
   67.115   10.392000  4.640721e+02  7.213229e+01 
   67.115   10.495000  4.645243e+02  7.225595e+01 
   67.115   10.598000  4.649710e+02  7.237761e+01 
   67.115   10.701000  4.654112e+02  7.249733e+01 
   67.115   10.804000  4.658438e+02  7.261523e+01 
   67.115   10.907000  4.662684e+02  7.273138e+01 
   67.115   11.009999  4.666862e+02  7.284583e+01 
   67.115   11.113000  4.670992e+02  7.295867e+01 
   67.115   11.216000  4.675077e+02  7.306995e+01 
   67.115   11.318000  4.679076e+02  7.317863e+01 
   67.115   11.421000  4.683066e+02  7.328687e+01 
   67.115   11.524000  4.687008e+02  7.339363e+01 
   67.115   11.627000  4.690899e+02  7.349892e+01 
   67.115   11.730000  4.694736e+02  7.360278e+01 
   67.115   11.833000  4.698519e+02  7.370521e+01 
   67.115   11.936000  4.702247e+02  7.380623e+01 
   67.115   12.039000  4.705924e+02  7.390586e+01 
   67.115   12.142000  4.709552e+02  7.400414e+01 
   67.115   12.243999  4.713095e+02  7.410011e+01 
   67.115   12.347000  4.716624e+02  7.419566e+01 
   67.115   12.450000  4.720104e+02  7.428987e+01 
   67.115   12.552999  4.723535e+02  7.438272e+01 
   67.115   12.656000  4.726918e+02  7.447421e+01 
   67.115   12.759000  4.730255e+02  7.456433e+01 
   67.115   12.862000  4.733548e+02  7.465309e+01 
   67.115   12.965000  4.736801e+02  7.474046e+01 
   67.115   13.068000  4.740016e+02  7.482645e+01 
   67.115   13.171000  4.743192e+02  7.491106e+01 
   67.115   13.273000  4.746299e+02  7.499349e+01 
   67.115   13.375999  4.749400e+02  7.507536e+01 
   67.115   13.479000  4.752466e+02  7.515591e+01 
   67.115   13.582000  4.755495e+02  7.523512e+01 
   67.115   13.684999  4.758490e+02  7.531302e+01 
   67.115   13.788000  4.761452e+02  7.538965e+01 
   67.115   13.891000  4.764379e+02  7.546498e+01 
   67.115   13.993999  4.767274e+02  7.553904e+01 
   67.115   14.097000  4.770137e+02  7.561183e+01 
   67.115   14.198999  4.772940e+02  7.568268e+01 
   67.115   14.302000  4.775739e+02  7.575298e+01 
   67.115   14.405000  4.778508e+02  7.582205e+01 
   67.115   14.507999  4.781245e+02  7.588992e+01 
   67.115   14.611000  4.783950e+02  7.595663e+01 
   67.115   14.714000  4.786623e+02  7.602222e+01 
   67.115   14.816999  4.789266e+02  7.608672e+01 
   67.115   14.920000  4.791877e+02  7.615016e+01 
   67.115   15.023000  4.794456e+02  7.621257e+01 
   67.115   15.125000  4.796980e+02  7.627338e+01 
   67.115   15.228000  4.799497e+02  7.633382e+01 
   67.115   15.330999  4.801983e+02  7.639328e+01 
   67.115   15.434000  4.804438e+02  7.645181e+01 
   67.115   15.537000  4.806864e+02  7.650941e+01 
   67.115   15.639999  4.809260e+02  7.656610e+01 
   67.115   15.743000  4.811628e+02  7.662187e+01 
   67.115   15.846000  4.813965e+02  7.667674e+01 
   67.115   15.948999  4.816277e+02  7.673071e+01 
   67.115   16.051001  4.818540e+02  7.678323e+01 
   67.115   16.153999  4.820801e+02  7.683537e+01 
   67.115   16.257000  4.823037e+02  7.688659e+01 
   67.115   16.360001  4.825250e+02  7.693692e+01 
   67.115   16.462999  4.827439e+02  7.698638e+01 
   67.115   16.566000  4.829605e+02  7.703500e+01 
   67.115   16.669001  4.831749e+02  7.708276e+01 
   67.115   16.771999  4.833873e+02  7.712965e+01 
   67.115   16.875000  4.835977e+02  7.717567e+01 
   67.115   16.976999  4.838041e+02  7.722041e+01 
   67.115   17.080000  4.840108e+02  7.726469e+01 
   67.115   17.183001  4.842160e+02  7.730804e+01 
   67.115   17.285999  4.844198e+02  7.735048e+01 
   67.115   17.389000  4.846221e+02  7.739200e+01 
   67.115   17.492001  4.848231e+02  7.743257e+01 
   67.115   17.594999  4.850231e+02  7.747222e+01 
   67.115   17.698000  4.852218e+02  7.751095e+01 
   67.115   17.801001  4.854193e+02  7.754880e+01 
   67.115   17.903999  4.856153e+02  7.758582e+01 
   67.115   18.006001  4.858080e+02  7.762167e+01 
   67.115   18.108999  4.860012e+02  7.765707e+01 
   67.115   18.212000  4.861927e+02  7.769175e+01 
   67.115   18.315001  4.863824e+02  7.772573e+01 
   67.115   18.417999  4.865703e+02  7.775903e+01 
   67.115   18.521000  4.867566e+02  7.779165e+01 
   67.115   18.624001  4.869413e+02  7.782355e+01 
   67.115   18.726999  4.871245e+02  7.785477e+01 
   67.115   18.830000  4.873062e+02  7.788529e+01 
   67.115   18.931999  4.874847e+02  7.791484e+01 
   67.115   19.035000  4.876636e+02  7.794399e+01 
   67.115   19.138000  4.878413e+02  7.797247e+01 
   67.115   19.240999  4.880177e+02  7.800027e+01 
   67.115   19.344000  4.881927e+02  7.802744e+01 
   67.115   19.447001  4.883665e+02  7.805400e+01 
   67.115   19.549999  4.885390e+02  7.807996e+01 
   67.115   19.653000  4.887101e+02  7.810533e+01 
   67.115   19.756001  4.888799e+02  7.813014e+01 
   67.115   19.858000  4.890466e+02  7.815417e+01 
   67.115   19.961000  4.892137e+02  7.817789e+01 
   67.115   20.063999  4.893799e+02  7.820098e+01 
   67.115   20.364000  4.898586e+02  7.826476e+01 
   67.115   20.858999  4.906258e+02  7.836048e+01 
   67.115   21.355000  4.913663e+02  7.844507e+01 
   67.115   21.851000  4.920803e+02  7.851896e+01 
   67.115   22.347000  4.927627e+02  7.858466e+01 
   67.115   22.841999  4.934055e+02  7.864494e+01 
   67.115   23.337999  4.940073e+02  7.870181e+01 
   67.115   23.834000  4.945679e+02  7.875552e+01 
   67.115   24.330000  4.950928e+02  7.880535e+01 
   67.115   24.824999  4.955854e+02  7.885075e+01 
   67.115   25.320999  4.960477e+02  7.889246e+01 
   67.115   25.816999  4.964792e+02  7.893118e+01 
   67.115   26.313000  4.968820e+02  7.896710e+01 
   67.115   26.808001  4.972584e+02  7.899995e+01 
   67.115   27.303999  4.976118e+02  7.902989e+01 
   67.115   27.799999  4.979419e+02  7.905717e+01 
   67.115   28.296000  4.982498e+02  7.908206e+01 
   67.115   28.791000  4.985377e+02  7.910458e+01 
   67.115   29.287001  4.988098e+02  7.912486e+01 
   67.115   29.782999  4.990683e+02  7.914284e+01 
   67.115   30.278999  4.993151e+02  7.915860e+01 
   67.115   30.774000  4.995515e+02  7.917233e+01 
   67.115   31.270000  4.997801e+02  7.918428e+01 
   67.115   31.765999  5.000018e+02  7.919457e+01 
   67.115   32.262001  5.002191e+02  7.920335e+01 
   67.115   32.757000  5.004333e+02  7.921085e+01 
   67.115   33.253002  5.006468e+02  7.921727e+01 
   67.115   33.749001  5.008608e+02  7.922287e+01 
   67.115   34.245003  5.010766e+02  7.922782e+01 
   67.115   34.740002  5.012953e+02  7.923224e+01 
   67.115   35.236000  5.015188e+02  7.923624e+01 
   67.115   35.732002  5.017477e+02  7.923992e+01 
   67.115   36.228001  5.019826e+02  7.924332e+01 
   67.115   36.723003  5.022228e+02  7.924646e+01 
   67.115   37.219002  5.024688e+02  7.924940e+01 
   67.115   37.715000  5.027188e+02  7.925217e+01 
   67.115   38.211002  5.029713e+02  7.925480e+01 
   67.115   38.706001  5.032239e+02  7.925731e+01 
   67.115   39.202003  5.034757e+02  7.925976e+01 
   67.115   39.698002  5.037240e+02  7.926217e+01 
   67.115   40.198002  5.039655e+02  7.926516e+01 
   67.115   45.198002  5.058521e+02  7.929736e+01 
   67.115   50.198002  5.065631e+02  7.932050e+01 
   67.115   55.198002  5.068157e+02  7.933509e+01 
   67.115   60.198002  5.075941e+02  7.934399e+01 
   67.115   65.197998  5.088405e+02  7.934931e+01 
