   66.929    0.000000  1.026311e+02  3.425675e+01 
   66.929    0.103000  1.032139e+02  3.445911e+01 
   66.929    0.206000  1.037944e+02  3.468887e+01 
   66.929    0.309000  1.156070e+02  3.933767e+01 
   66.929    0.412000  1.501854e+02  5.020758e+01 
   66.929    0.515000  1.540000e+02  5.163179e+01 
   66.929    0.618000  1.551338e+02  5.197295e+01 
   66.929    0.721000  1.568843e+02  5.257806e+01 
   66.929    0.824000  1.584284e+02  5.310716e+01 
   66.929    0.926000  1.597944e+02  5.357103e+01 
   66.929    1.029000  1.610343e+02  5.398767e+01 
   66.929    1.132000  1.625777e+02  5.452935e+01 
   66.929    1.235000  1.669327e+02  5.551231e+01 
   66.929    1.338000  1.717767e+02  5.657457e+01 
   66.929    1.441000  1.769169e+02  5.767498e+01 
   66.929    1.544000  1.819770e+02  5.874071e+01 
   66.929    1.647000  1.865255e+02  5.969315e+01 
   66.929    1.750000  1.903399e+02  6.049696e+01 
   66.929    1.852000  2.128497e+02  6.583316e+01 
   66.929    1.955000  2.451068e+02  7.242966e+01 
   66.929    2.058000  2.915909e+02  8.021079e+01 
   66.929    2.161000  3.609567e+02  8.886457e+01 
   66.929    2.264000  3.780654e+02  9.180917e+01 
   66.929    2.367000  3.799021e+02  9.198904e+01 
   66.929    2.470000  3.817192e+02  9.218537e+01 
   66.929    2.573000  3.835185e+02  9.239318e+01 
   66.929    2.676000  3.853032e+02  9.260948e+01 
   66.929    2.779000  3.870797e+02  9.283188e+01 
   66.929    2.881000  3.888301e+02  9.305695e+01 
   66.929    2.984000  3.905884e+02  9.328819e+01 
   66.929    3.087000  3.923353e+02  9.352276e+01 
   66.929    3.190000  3.940684e+02  9.376014e+01 
   66.929    3.293000  3.957872e+02  9.399978e+01 
   66.929    3.396000  3.974937e+02  9.424110e+01 
   66.929    3.499000  3.991887e+02  9.448364e+01 
   66.929    3.602000  4.008775e+02  9.472688e+01 
   66.929    3.705000  4.025649e+02  9.497035e+01 
   66.929    3.807000  4.042350e+02  9.521144e+01 
   66.929    3.910000  4.059232e+02  9.545463e+01 
   66.929    4.013000  4.076145e+02  9.569740e+01 
   66.929    4.116000  4.093030e+02  9.593977e+01 
   66.929    4.219000  4.109814e+02  9.618179e+01 
   66.929    4.322000  4.126447e+02  9.642337e+01 
   66.929    4.425000  4.142859e+02  9.666451e+01 
   66.929    4.528000  4.158984e+02  9.690517e+01 
   66.929    4.631000  4.174819e+02  9.714504e+01 
   66.929    4.733000  4.190217e+02  9.738164e+01 
   66.929    4.836000  4.205443e+02  9.761954e+01 
   66.929    4.939000  4.220356e+02  9.785627e+01 
   66.929    5.042000  4.234974e+02  9.809171e+01 
   66.929    5.145000  4.249269e+02  9.832581e+01 
   66.929    5.248000  4.263259e+02  9.855846e+01 
   66.929    5.351000  4.276949e+02  9.878962e+01 
   66.929    5.454000  4.290333e+02  9.901923e+01 
   66.929    5.557000  4.303434e+02  9.924721e+01 
   66.929    5.659000  4.316122e+02  9.947135e+01 
   66.929    5.762000  4.328664e+02  9.969595e+01 
   66.929    5.865000  4.340972e+02  9.991876e+01 
   66.929    5.968000  4.353046e+02  1.001397e+02 
   66.929    6.071000  4.364944e+02  1.003587e+02 
   66.929    6.174000  4.376730e+02  1.005756e+02 
   66.929    6.277000  4.388424e+02  1.007903e+02 
   66.929    6.380000  4.400063e+02  1.010028e+02 
   66.929    6.483000  4.411674e+02  1.012131e+02 
   66.929    6.585000  4.423150e+02  1.014190e+02 
   66.929    6.688000  4.434721e+02  1.016246e+02 
   66.929    6.791000  4.446266e+02  1.018277e+02 
   66.929    6.894000  4.457710e+02  1.020284e+02 
   66.929    6.997000  4.468951e+02  1.022266e+02 
   66.929    7.100000  4.479901e+02  1.024223e+02 
   66.929    7.203000  4.490353e+02  1.026153e+02 
   66.929    7.306000  4.500126e+02  1.028055e+02 
   66.929    7.409000  4.509188e+02  1.029928e+02 
   66.929    7.511000  4.517477e+02  1.031753e+02 
   66.929    7.614000  4.525123e+02  1.033566e+02 
   66.929    7.717000  4.532240e+02  1.035349e+02 
   66.929    7.820000  4.539148e+02  1.037104e+02 
   66.929    7.923000  4.545917e+02  1.038832e+02 
   66.929    8.026000  4.552591e+02  1.040535e+02 
   66.929    8.129000  4.559226e+02  1.042213e+02 
   66.929    8.232000  4.565826e+02  1.043869e+02 
   66.929    8.335000  4.572322e+02  1.045500e+02 
   66.929    8.437000  4.578586e+02  1.047091e+02 
   66.929    8.540000  4.584741e+02  1.048673e+02 
   66.929    8.643000  4.590760e+02  1.050229e+02 
   66.929    8.746000  4.596673e+02  1.051758e+02 
   66.929    8.849000  4.602482e+02  1.053261e+02 
   66.929    8.952000  4.608199e+02  1.054738e+02 
   66.929    9.055000  4.613822e+02  1.056188e+02 
   66.929    9.158000  4.619346e+02  1.057611e+02 
   66.929    9.261000  4.624758e+02  1.059007e+02 
   66.929    9.364000  4.630054e+02  1.060376e+02 
   66.929    9.466000  4.635188e+02  1.061706e+02 
   66.929    9.569000  4.640275e+02  1.063024e+02 
   66.929    9.672000  4.645268e+02  1.064318e+02 
   66.929    9.775000  4.650154e+02  1.065588e+02 
   66.929    9.878000  4.654911e+02  1.066834e+02 
   66.929    9.981000  4.659535e+02  1.068059e+02 
   66.929   10.084000  4.664377e+02  1.069258e+02 
   66.929   10.187000  4.669134e+02  1.070437e+02 
   66.929   10.290000  4.673819e+02  1.071597e+02 
   66.929   10.392000  4.678389e+02  1.072725e+02 
   66.929   10.495000  4.682940e+02  1.073845e+02 
   66.929   10.598000  4.687426e+02  1.074946e+02 
   66.929   10.701000  4.691842e+02  1.076028e+02 
   66.929   10.804000  4.696180e+02  1.077094e+02 
   66.929   10.907000  4.700440e+02  1.078142e+02 
   66.929   11.010000  4.704631e+02  1.079175e+02 
   66.929   11.113000  4.708773e+02  1.080193e+02 
   66.929   11.216000  4.712871e+02  1.081198e+02 
   66.929   11.318000  4.716882e+02  1.082178e+02 
   66.929   11.421000  4.720885e+02  1.083154e+02 
   66.929   11.524000  4.724839e+02  1.084118e+02 
   66.929   11.627000  4.728742e+02  1.085068e+02 
   66.929   11.730000  4.732592e+02  1.086005e+02 
   66.929   11.833000  4.736388e+02  1.086930e+02 
   66.929   11.936000  4.740130e+02  1.087842e+02 
   66.929   12.039000  4.743818e+02  1.088742e+02 
   66.929   12.142000  4.747455e+02  1.089630e+02 
   66.929   12.244000  4.751006e+02  1.090498e+02 
   66.929   12.347000  4.754540e+02  1.091361e+02 
   66.929   12.450000  4.758025e+02  1.092212e+02 
   66.929   12.553000  4.761461e+02  1.093051e+02 
   66.929   12.656000  4.764848e+02  1.093877e+02 
   66.929   12.759000  4.768189e+02  1.094691e+02 
   66.929   12.862000  4.771487e+02  1.095492e+02 
   66.929   12.965000  4.774744e+02  1.096280e+02 
   66.929   13.068000  4.777962e+02  1.097056e+02 
   66.929   13.170000  4.781111e+02  1.097811e+02 
   66.929   13.273000  4.784253e+02  1.098561e+02 
   66.929   13.376000  4.787357e+02  1.099298e+02 
   66.929   13.479000  4.790426e+02  1.100023e+02 
   66.929   13.582000  4.793459e+02  1.100736e+02 
   66.929   13.685000  4.796457e+02  1.101437e+02 
   66.929   13.788000  4.799422e+02  1.102125e+02 
   66.929   13.891000  4.802352e+02  1.102802e+02 
   66.929   13.994000  4.805250e+02  1.103466e+02 
   66.929   14.096000  4.808089e+02  1.104112e+02 
   66.929   14.199000  4.810923e+02  1.104753e+02 
   66.929   14.302000  4.813727e+02  1.105381e+02 
   66.929   14.405000  4.816498e+02  1.105998e+02 
   66.929   14.508000  4.819240e+02  1.106603e+02 
   66.929   14.611000  4.821949e+02  1.107197e+02 
   66.929   14.714000  4.824627e+02  1.107781e+02 
   66.929   14.817000  4.827274e+02  1.108354e+02 
   66.929   14.920000  4.829890e+02  1.108917e+02 
   66.929   15.023000  4.832475e+02  1.109471e+02 
   66.929   15.125000  4.835003e+02  1.110009e+02 
   66.929   15.228000  4.837525e+02  1.110544e+02 
   66.929   15.331000  4.840016e+02  1.111070e+02 
   66.929   15.434000  4.842477e+02  1.111588e+02 
   66.929   15.537000  4.844909e+02  1.112096e+02 
   66.929   15.640000  4.847310e+02  1.112596e+02 
   66.929   15.743000  4.849682e+02  1.113088e+02 
   66.929   15.846000  4.852026e+02  1.113571e+02 
   66.929   15.948999  4.854342e+02  1.114047e+02 
   66.929   16.051001  4.856611e+02  1.114509e+02 
   66.929   16.153999  4.858878e+02  1.114968e+02 
   66.929   16.257000  4.861119e+02  1.115418e+02 
   66.929   16.360001  4.863337e+02  1.115860e+02 
   66.929   16.462999  4.865532e+02  1.116293e+02 
   66.929   16.566000  4.867704e+02  1.116719e+02 
   66.929   16.669001  4.869854e+02  1.117136e+02 
   66.929   16.771999  4.871982e+02  1.117545e+02 
   66.929   16.875000  4.874091e+02  1.117946e+02 
   66.929   16.976999  4.876159e+02  1.118335e+02 
   66.929   17.080000  4.878230e+02  1.118719e+02 
   66.929   17.183001  4.880286e+02  1.119095e+02 
   66.929   17.285999  4.882326e+02  1.119461e+02 
   66.929   17.389000  4.884352e+02  1.119819e+02 
   66.929   17.492001  4.886365e+02  1.120167e+02 
   66.929   17.594999  4.888367e+02  1.120507e+02 
   66.929   17.698000  4.890356e+02  1.120837e+02 
   66.929   17.801001  4.892334e+02  1.121158e+02 
   66.929   17.903000  4.894278e+02  1.121468e+02 
   66.929   18.006001  4.896227e+02  1.121773e+02 
   66.929   18.108999  4.898162e+02  1.122071e+02 
   66.929   18.212000  4.900081e+02  1.122361e+02 
   66.929   18.315001  4.901982e+02  1.122645e+02 
   66.929   18.417999  4.903864e+02  1.122923e+02 
   66.929   18.521000  4.905729e+02  1.123194e+02 
   66.929   18.624001  4.907579e+02  1.123459e+02 
   66.929   18.726999  4.909413e+02  1.123717e+02 
   66.929   18.829000  4.911212e+02  1.123967e+02 
   66.929   18.931999  4.913015e+02  1.124212e+02 
   66.929   19.035000  4.914805e+02  1.124450e+02 
   66.929   19.138000  4.916583e+02  1.124682e+02 
   66.929   19.240999  4.918348e+02  1.124907e+02 
   66.929   19.344000  4.920101e+02  1.125126e+02 
   66.929   19.447001  4.921841e+02  1.125339e+02 
   66.929   19.549999  4.923569e+02  1.125546e+02 
   66.929   19.653000  4.925283e+02  1.125747e+02 
   66.929   19.756001  4.926983e+02  1.125943e+02 
   66.929   19.858000  4.928654e+02  1.126132e+02 
   66.929   19.961000  4.930327e+02  1.126317e+02 
   66.929   20.063999  4.931990e+02  1.126497e+02 
   66.929   20.364000  4.936781e+02  1.126986e+02 
   66.929   20.858999  4.944457e+02  1.127704e+02 
   66.929   21.355000  4.951864e+02  1.128317e+02 
   66.929   21.851000  4.959010e+02  1.128827e+02 
   66.929   22.347000  4.965852e+02  1.129260e+02 
   66.929   22.841999  4.972310e+02  1.129649e+02 
   66.929   23.337999  4.978362e+02  1.130017e+02 
   66.929   23.834000  4.984000e+02  1.130369e+02 
   66.929   24.330000  4.989270e+02  1.130697e+02 
   66.929   24.825001  4.994212e+02  1.130993e+02 
   66.929   25.320999  4.998854e+02  1.131261e+02 
   66.929   25.816999  5.003190e+02  1.131508e+02 
   66.929   26.313000  5.007236e+02  1.131737e+02 
   66.929   26.808001  5.011013e+02  1.131946e+02 
   66.929   27.304001  5.014561e+02  1.132133e+02 
   66.929   27.799999  5.017878e+02  1.132299e+02 
   66.929   28.296000  5.020975e+02  1.132448e+02 
   66.929   28.791000  5.023869e+02  1.132579e+02 
   66.929   29.287001  5.026602e+02  1.132695e+02 
   66.929   29.783001  5.029196e+02  1.132792e+02 
   66.929   30.278999  5.031675e+02  1.132871e+02 
   66.929   30.774000  5.034049e+02  1.132933e+02 
   66.929   31.270000  5.036346e+02  1.132980e+02 
   66.929   31.766001  5.038574e+02  1.133015e+02 
   66.929   32.262001  5.040759e+02  1.133037e+02 
   66.929   32.757000  5.042913e+02  1.133050e+02 
   66.929   33.252998  5.045063e+02  1.133055e+02 
   66.929   33.749001  5.047219e+02  1.133055e+02 
   66.929   34.244999  5.049395e+02  1.133052e+02 
   66.929   34.740002  5.051600e+02  1.133047e+02 
   66.929   35.236000  5.053854e+02  1.133041e+02 
   66.929   35.731998  5.056164e+02  1.133035e+02 
   66.929   36.228001  5.058533e+02  1.133029e+02 
   66.929   36.723000  5.060957e+02  1.133023e+02 
   66.929   37.219002  5.063437e+02  1.133018e+02 
   66.929   37.715000  5.065956e+02  1.133013e+02 
   66.929   38.210999  5.068500e+02  1.133009e+02 
   66.929   38.706001  5.071043e+02  1.133007e+02 
   66.929   39.202000  5.073578e+02  1.133005e+02 
   66.929   39.698002  5.076075e+02  1.133006e+02 
   66.929   40.198002  5.078503e+02  1.133016e+02 
   66.929   45.198002  5.097428e+02  1.133222e+02 
   66.929   50.198002  5.104544e+02  1.133409e+02 
   66.929   55.198002  5.107083e+02  1.133536e+02 
   66.929   60.198002  5.114955e+02  1.133616e+02 
   66.929   65.197998  5.127470e+02  1.133665e+02 
