    0.000    0.000000  0.000000e+00  3.484744e+02 
    0.000    0.103000  0.000000e+00  3.476423e+02 
    0.000    0.206000  0.000000e+00  3.463555e+02 
    0.000    0.309000  0.000000e+00  3.449282e+02 
    0.000    0.412000  0.000000e+00  3.433246e+02 
    0.000    0.515000  0.000000e+00  3.417591e+02 
    0.000    0.618000  0.000000e+00  3.402074e+02 
    0.000    0.721000  0.000000e+00  3.386512e+02 
    0.000    0.823000  0.000000e+00  3.371217e+02 
    0.000    0.926000  0.000000e+00  3.355601e+02 
    0.000    1.029000  0.000000e+00  3.339967e+02 
    0.000    1.132000  0.000000e+00  3.325513e+02 
    0.000    1.235000  0.000000e+00  3.310481e+02 
    0.000    1.338000  0.000000e+00  3.295778e+02 
    0.000    1.441000  0.000000e+00  3.280299e+02 
    0.000    1.544000  0.000000e+00  3.264005e+02 
    0.000    1.647000  0.000000e+00  3.248129e+02 
    0.000    1.749000  0.000000e+00  3.233843e+02 
    0.000    1.852000  0.000000e+00  3.220906e+02 
    0.000    1.955000  0.000000e+00  3.205173e+02 
    0.000    2.058000  0.000000e+00  3.190124e+02 
    0.000    2.161000  0.000000e+00  3.175515e+02 
    0.000    2.264000  0.000000e+00  3.160868e+02 
    0.000    2.367000  0.000000e+00  3.147011e+02 
    0.000    2.470000  0.000000e+00  3.133423e+02 
    0.000    2.573000  0.000000e+00  3.119901e+02 
    0.000    2.675000  0.000000e+00  3.106174e+02 
    0.000    2.778000  0.000000e+00  3.091939e+02 
    0.000    2.881000  0.000000e+00  3.077734e+02 
    0.000    2.984000  0.000000e+00  3.063760e+02 
    0.000    3.087000  0.000000e+00  3.049923e+02 
    0.000    3.190000  0.000000e+00  3.036053e+02 
    0.000    3.293000  0.000000e+00  3.022255e+02 
    0.000    3.396000  0.000000e+00  3.008657e+02 
    0.000    3.499000  0.000000e+00  2.995258e+02 
    0.000    3.601000  0.000000e+00  2.982190e+02 
    0.000    3.704000  0.000000e+00  2.969265e+02 
    0.000    3.807000  0.000000e+00  2.956528e+02 
    0.000    3.910000  0.000000e+00  2.943668e+02 
    0.000    4.013000  0.000000e+00  2.930812e+02 
    0.000    4.116000  0.000000e+00  2.918085e+02 
    0.000    4.219000  0.000000e+00  2.905535e+02 
    0.000    4.322000  0.000000e+00  2.893183e+02 
    0.000    4.425000  0.000000e+00  2.880909e+02 
    0.000    4.528000  0.000000e+00  2.868804e+02 
    0.000    4.630000  0.000000e+00  2.856889e+02 
    0.000    4.733000  0.000000e+00  2.844818e+02 
    0.000    4.836000  0.000000e+00  2.832852e+02 
    0.000    4.939000  0.000000e+00  2.821012e+02 
    0.000    5.042000  0.000000e+00  2.809312e+02 
    0.000    5.145000  0.000000e+00  2.797811e+02 
    0.000    5.248000  0.000000e+00  2.786465e+02 
    0.000    5.351000  0.000000e+00  2.775305e+02 
    0.000    5.454000  0.000000e+00  2.764346e+02 
    0.000    5.556000  0.000000e+00  2.753604e+02 
    0.000    5.659000  0.000000e+00  2.742958e+02 
    0.000    5.762000  0.000000e+00  2.732528e+02 
    0.000    5.865000  0.000000e+00  2.722300e+02 
    0.000    5.968000  0.000000e+00  2.712290e+02 
    0.000    6.071000  0.000000e+00  2.702528e+02 
    0.000    6.174000  0.000000e+00  2.693002e+02 
    0.000    6.277000  0.000000e+00  2.683694e+02 
    0.000    6.380000  0.000000e+00  2.674587e+02 
    0.000    6.482000  0.000000e+00  2.665729e+02 
    0.000    6.585000  0.000000e+00  2.657047e+02 
    0.000    6.688000  0.000000e+00  2.648788e+02 
    0.000    6.791000  0.000000e+00  2.640844e+02 
    0.000    6.894000  0.000000e+00  2.633501e+02 
    0.000    6.997000  0.000000e+00  2.626893e+02 
    0.000    7.100000  0.000000e+00  2.620812e+02 
    0.000    7.203000  0.000000e+00  2.615919e+02 
    0.000    7.306000  0.000000e+00  2.612063e+02 
    0.000    7.408000  0.000000e+00  2.608925e+02 
    0.000    7.511000  0.000000e+00  2.606893e+02 
    0.000    7.614000  0.000000e+00  2.605617e+02 
    0.000    7.717000  0.000000e+00  2.604711e+02 
    0.000    7.820000  0.000000e+00  2.603979e+02 
    0.000    7.923000  0.000000e+00  2.603393e+02 
    0.000    8.026000  0.000000e+00  2.602638e+02 
    0.000    8.129000  0.000000e+00  2.601503e+02 
    0.000    8.232000  0.000000e+00  2.600159e+02 
    0.000    8.334001  0.000000e+00  2.598640e+02 
    0.000    8.437000  0.000000e+00  2.596956e+02 
    0.000    8.540000  0.000000e+00  2.595188e+02 
    0.000    8.643001  0.000000e+00  2.593409e+02 
    0.000    8.746000  0.000000e+00  2.591629e+02 
    0.000    8.849000  0.000000e+00  2.589843e+02 
    0.000    8.952001  0.000000e+00  2.588130e+02 
    0.000    9.055000  0.000000e+00  2.586463e+02 
    0.000    9.158000  0.000000e+00  2.584858e+02 
    0.000    9.260000  0.000000e+00  2.583511e+02 
    0.000    9.363000  0.000000e+00  2.582325e+02 
    0.000    9.466001  0.000000e+00  2.581250e+02 
    0.000    9.569000  0.000000e+00  2.580293e+02 
    0.000    9.672000  0.000000e+00  2.579426e+02 
    0.000    9.775001  0.000000e+00  2.578634e+02 
    0.000    9.878000  0.000000e+00  2.577914e+02 
    0.000    9.981000  0.000000e+00  2.577253e+02 
    0.000   10.084001  0.000000e+00  2.576593e+02 
    0.000   10.186000  0.000000e+00  2.575871e+02 
    0.000   10.289001  0.000000e+00  2.575105e+02 
    0.000   10.392000  0.000000e+00  2.574375e+02 
    0.000   10.495000  0.000000e+00  2.573751e+02 
    0.000   10.598001  0.000000e+00  2.573207e+02 
    0.000   10.701000  0.000000e+00  2.572660e+02 
    0.000   10.804000  0.000000e+00  2.572014e+02 
    0.000   10.907001  0.000000e+00  2.571308e+02 
    0.000   11.010000  0.000000e+00  2.570553e+02 
    0.000   11.113000  0.000000e+00  2.569707e+02 
    0.000   11.215000  0.000000e+00  2.568812e+02 
    0.000   11.318000  0.000000e+00  2.567872e+02 
    0.000   11.421000  0.000000e+00  2.566886e+02 
    0.000   11.524000  0.000000e+00  2.565868e+02 
    0.000   11.627000  0.000000e+00  2.564833e+02 
    0.000   11.730000  0.000000e+00  2.563779e+02 
    0.000   11.833000  0.000000e+00  2.562714e+02 
    0.000   11.936000  0.000000e+00  2.561646e+02 
    0.000   12.039001  0.000000e+00  2.560601e+02 
    0.000   12.141000  0.000000e+00  2.559586e+02 
    0.000   12.244000  0.000000e+00  2.558575e+02 
    0.000   12.347000  0.000000e+00  2.557625e+02 
    0.000   12.450000  0.000000e+00  2.556729e+02 
    0.000   12.553000  0.000000e+00  2.555869e+02 
    0.000   12.656000  0.000000e+00  2.555045e+02 
    0.000   12.759000  0.000000e+00  2.554254e+02 
    0.000   12.862000  0.000000e+00  2.553488e+02 
    0.000   12.965000  0.000000e+00  2.552749e+02 
    0.000   13.067000  0.000000e+00  2.552044e+02 
    0.000   13.170000  0.000000e+00  2.551355e+02 
    0.000   13.273000  0.000000e+00  2.550679e+02 
    0.000   13.376000  0.000000e+00  2.550005e+02 
    0.000   13.479000  0.000000e+00  2.549337e+02 
    0.000   13.582000  0.000000e+00  2.548675e+02 
    0.000   13.685000  0.000000e+00  2.548014e+02 
    0.000   13.788000  0.000000e+00  2.547356e+02 
    0.000   13.891000  0.000000e+00  2.546704e+02 
    0.000   13.993000  0.000000e+00  2.546078e+02 
    0.000   14.096000  0.000000e+00  2.545467e+02 
    0.000   14.199000  0.000000e+00  2.544870e+02 
    0.000   14.302000  0.000000e+00  2.544296e+02 
    0.000   14.405000  0.000000e+00  2.543744e+02 
    0.000   14.508000  0.000000e+00  2.543212e+02 
    0.000   14.611000  0.000000e+00  2.542689e+02 
    0.000   14.714000  0.000000e+00  2.542165e+02 
    0.000   14.817000  0.000000e+00  2.541641e+02 
    0.000   14.919001  0.000000e+00  2.541128e+02 
    0.000   15.022000  0.000000e+00  2.540614e+02 
    0.000   15.125000  0.000000e+00  2.540106e+02 
    0.000   15.228001  0.000000e+00  2.539605e+02 
    0.000   15.331000  0.000000e+00  2.539097e+02 
    0.000   15.434000  0.000000e+00  2.538576e+02 
    0.000   15.537000  0.000000e+00  2.538049e+02 
    0.000   15.640000  0.000000e+00  2.537524e+02 
    0.000   15.743000  0.000000e+00  2.537013e+02 
    0.000   15.846000  0.000000e+00  2.536515e+02 
    0.000   15.948001  0.000000e+00  2.536029e+02 
    0.000   16.050999  0.000000e+00  2.535566e+02 
    0.000   16.153999  0.000000e+00  2.535132e+02 
    0.000   16.257000  0.000000e+00  2.534717e+02 
    0.000   16.359999  0.000000e+00  2.534302e+02 
    0.000   16.462999  0.000000e+00  2.533865e+02 
    0.000   16.566000  0.000000e+00  2.533415e+02 
    0.000   16.668999  0.000000e+00  2.532958e+02 
    0.000   16.771999  0.000000e+00  2.532493e+02 
    0.000   16.873999  0.000000e+00  2.532026e+02 
    0.000   16.976999  0.000000e+00  2.531551e+02 
    0.000   17.080000  0.000000e+00  2.531077e+02 
    0.000   17.182999  0.000000e+00  2.530605e+02 
    0.000   17.285999  0.000000e+00  2.530135e+02 
    0.000   17.389000  0.000000e+00  2.529667e+02 
    0.000   17.491999  0.000000e+00  2.529200e+02 
    0.000   17.594999  0.000000e+00  2.528736e+02 
    0.000   17.698000  0.000000e+00  2.528272e+02 
    0.000   17.799999  0.000000e+00  2.527819e+02 
    0.000   17.903000  0.000000e+00  2.527371e+02 
    0.000   18.005999  0.000000e+00  2.526933e+02 
    0.000   18.108999  0.000000e+00  2.526501e+02 
    0.000   18.212000  0.000000e+00  2.526088e+02 
    0.000   18.314999  0.000000e+00  2.525693e+02 
    0.000   18.417999  0.000000e+00  2.525312e+02 
    0.000   18.521000  0.000000e+00  2.524943e+02 
    0.000   18.623999  0.000000e+00  2.524586e+02 
    0.000   18.726000  0.000000e+00  2.524242e+02 
    0.000   18.828999  0.000000e+00  2.523904e+02 
    0.000   18.931999  0.000000e+00  2.523574e+02 
    0.000   19.035000  0.000000e+00  2.523254e+02 
    0.000   19.137999  0.000000e+00  2.522941e+02 
    0.000   19.240999  0.000000e+00  2.522636e+02 
    0.000   19.344000  0.000000e+00  2.522329e+02 
    0.000   19.446999  0.000000e+00  2.522017e+02 
    0.000   19.549999  0.000000e+00  2.521703e+02 
    0.000   19.651999  0.000000e+00  2.521393e+02 
    0.000   19.754999  0.000000e+00  2.521070e+02 
    0.000   19.858000  0.000000e+00  2.520738e+02 
    0.000   19.960999  0.000000e+00  2.520400e+02 
    0.000   20.063999  0.000000e+00  2.520059e+02 
    0.000   20.362999  0.000000e+00  2.519074e+02 
    0.000   20.858999  0.000000e+00  2.517560e+02 
    0.000   21.355000  0.000000e+00  2.516316e+02 
    0.000   21.851000  0.000000e+00  2.515269e+02 
    0.000   22.345999  0.000000e+00  2.514280e+02 
    0.000   22.841999  0.000000e+00  2.513291e+02 
    0.000   23.337999  0.000000e+00  2.512321e+02 
    0.000   23.834000  0.000000e+00  2.511498e+02 
    0.000   24.328999  0.000000e+00  2.510952e+02 
    0.000   24.824999  0.000000e+00  2.510675e+02 
    0.000   25.320999  0.000000e+00  2.510581e+02 
    0.000   25.816999  0.000000e+00  2.510466e+02 
    0.000   26.311998  0.000000e+00  2.510359e+02 
    0.000   26.807999  0.000000e+00  2.510362e+02 
    0.000   27.303999  0.000000e+00  2.510458e+02 
    0.000   27.799999  0.000000e+00  2.510636e+02 
    0.000   28.295000  0.000000e+00  2.510918e+02 
    0.000   28.790998  0.000000e+00  2.511264e+02 
    0.000   29.286999  0.000000e+00  2.511640e+02 
    0.000   29.782999  0.000000e+00  2.512067e+02 
    0.000   30.278000  0.000000e+00  2.512565e+02 
    0.000   30.774000  0.000000e+00  2.513110e+02 
    0.000   31.269999  0.000000e+00  2.513671e+02 
    0.000   31.765999  0.000000e+00  2.514230e+02 
    0.000   32.261002  0.000000e+00  2.514794e+02 
    0.000   32.757000  0.000000e+00  2.515359e+02 
    0.000   33.253002  0.000000e+00  2.515908e+02 
    0.000   33.749001  0.000000e+00  2.516456e+02 
    0.000   34.243999  0.000000e+00  2.517013e+02 
    0.000   34.740002  0.000000e+00  2.517604e+02 
    0.000   35.236000  0.000000e+00  2.518223e+02 
    0.000   35.732002  0.000000e+00  2.518827e+02 
    0.000   36.227001  0.000000e+00  2.519410e+02 
    0.000   36.723000  0.000000e+00  2.519933e+02 
    0.000   37.219002  0.000000e+00  2.520405e+02 
    0.000   37.715000  0.000000e+00  2.520842e+02 
    0.000   38.210003  0.000000e+00  2.521253e+02 
    0.000   38.706001  0.000000e+00  2.521670e+02 
    0.000   39.202000  0.000000e+00  2.522100e+02 
    0.000   39.698002  0.000000e+00  2.522559e+02 
    0.000   40.198002  0.000000e+00  2.523059e+02 
    0.000   45.198002  0.000000e+00  2.527530e+02 
    0.000   50.198002  0.000000e+00  2.529775e+02 
    0.000   55.198002  0.000000e+00  2.529709e+02 
    0.000   60.198002  0.000000e+00  2.529039e+02 
    0.000   65.197998  0.000000e+00  2.528514e+02 
