   67.435    0.000000  3.261855e-01  1.624303e+01 
   67.435    0.103000  3.279695e-01  1.641942e+01 
   67.435    0.206000  3.297441e-01  1.660274e+01 
   67.435    0.309000  3.314963e-01  1.679038e+01 
   67.435    0.411000  3.332096e-01  1.697886e+01 
   67.435    0.514000  3.349211e-01  1.717080e+01 
   67.435    0.617000  3.366196e-01  1.736366e+01 
   67.435    0.720000  3.383133e-01  1.755676e+01 
   67.435    0.823000  3.400119e-01  1.774959e+01 
   67.435    0.926000  3.418133e-01  1.794610e+01 
   67.435    1.029000  3.436523e-01  1.814294e+01 
   67.435    1.132000  3.457420e-01  1.834975e+01 
   67.435    1.235000  3.480415e-01  1.856438e+01 
   67.435    1.337000  3.505503e-01  1.878588e+01 
   67.435    1.440000  3.530770e-01  1.900769e+01 
   67.435    1.543000  3.555663e-01  1.922661e+01 
   67.435    1.646000  3.581101e-01  1.944715e+01 
   67.435    1.749000  3.607776e-01  1.967277e+01 
   67.435    1.852000  1.304452e+00  4.201913e+01 
   67.435    1.955000  5.247945e+00  6.815661e+01 
   67.435    2.058000  2.285999e+01  1.004145e+02 
   67.435    2.161000  9.809276e+01  1.392287e+02 
   67.435    2.263000  3.386275e+02  1.749171e+02 
   67.435    2.366000  3.403395e+02  1.747829e+02 
   67.435    2.469000  3.419840e+02  1.747021e+02 
   67.435    2.572000  3.436089e+02  1.746623e+02 
   67.435    2.675000  3.452151e+02  1.746544e+02 
   67.435    2.778000  3.468069e+02  1.746713e+02 
   67.435    2.881000  3.483854e+02  1.747089e+02 
   67.435    2.984000  3.499528e+02  1.747635e+02 
   67.435    3.087000  3.515088e+02  1.748330e+02 
   67.435    3.190000  3.530541e+02  1.749153e+02 
   67.435    3.292000  3.545741e+02  1.750078e+02 
   67.435    3.395000  3.560989e+02  1.751110e+02 
   67.435    3.498000  3.576135e+02  1.752229e+02 
   67.435    3.601000  3.591198e+02  1.753423e+02 
   67.435    3.704000  3.606211e+02  1.754682e+02 
   67.435    3.807000  3.621179e+02  1.755997e+02 
   67.435    3.910000  3.636126e+02  1.757362e+02 
   67.435    4.013000  3.651062e+02  1.758769e+02 
   67.435    4.116000  3.668898e+02  1.760645e+02 
   67.435    4.218000  3.687109e+02  1.762616e+02 
   67.435    4.321000  3.706101e+02  1.764730e+02 
   67.435    4.424000  3.725855e+02  1.766989e+02 
   67.435    4.527000  3.746755e+02  1.769447e+02 
   67.435    4.630000  3.761414e+02  1.771032e+02 
   67.435    4.733000  3.775903e+02  1.772641e+02 
   67.435    4.836000  3.790182e+02  1.774272e+02 
   67.435    4.939000  3.804225e+02  1.775921e+02 
   67.435    5.042000  3.818009e+02  1.777588e+02 
   67.435    5.144000  3.831370e+02  1.779252e+02 
   67.435    5.247000  3.844592e+02  1.780944e+02 
   67.435    5.350000  3.857558e+02  1.782644e+02 
   67.435    5.453000  3.870270e+02  1.784350e+02 
   67.435    5.556000  3.882769e+02  1.786058e+02 
   67.435    5.659000  3.895062e+02  1.787767e+02 
   67.435    5.762000  3.907166e+02  1.789475e+02 
   67.435    5.865000  3.919107e+02  1.791181e+02 
   67.435    5.968000  3.930889e+02  1.792883e+02 
   67.435    6.070000  3.942416e+02  1.794564e+02 
   67.435    6.173000  3.953942e+02  1.796255e+02 
   67.435    6.276000  3.965368e+02  1.797939e+02 
   67.435    6.379000  3.976697e+02  1.799615e+02 
   67.435    6.482000  3.987910e+02  1.801285e+02 
   67.435    6.585000  3.998992e+02  1.802945e+02 
   67.435    6.688000  4.009919e+02  1.804597e+02 
   67.435    6.791000  4.039723e+02  1.807628e+02 
   67.435    6.894000  4.065643e+02  1.810367e+02 
   67.435    6.996000  4.089180e+02  1.812916e+02 
   67.435    7.099000  4.116359e+02  1.815732e+02 
   67.435    7.202000  4.139423e+02  1.818257e+02 
   67.435    7.305000  4.161284e+02  1.820702e+02 
   67.435    7.408000  4.179904e+02  1.822924e+02 
   67.435    7.511000  4.196781e+02  1.825035e+02 
   67.435    7.614000  4.216540e+02  1.827369e+02 
   67.435    7.717000  4.231476e+02  1.829371e+02 
   67.435    7.820000  4.252339e+02  1.831774e+02 
   67.435    7.922000  4.267536e+02  1.833759e+02 
   67.435    8.025000  4.282032e+02  1.835691e+02 
   67.435    8.127999  4.304529e+02  1.838145e+02 
   67.435    8.231000  4.325284e+02  1.840454e+02 
   67.435    8.334000  4.342131e+02  1.842483e+02 
   67.435    8.436999  4.367337e+02  1.845050e+02 
   67.435    8.540000  4.382182e+02  1.846916e+02 
   67.435    8.643000  4.402853e+02  1.849155e+02 
   67.435    8.745999  4.412276e+02  1.850915e+02 
   67.435    8.848000  4.423601e+02  1.852923e+02 
   67.435    8.951000  4.437989e+02  1.855322e+02 
   67.435    9.054000  4.456797e+02  1.858263e+02 
   67.435    9.157000  4.480211e+02  1.861751e+02 
   67.435    9.259999  4.504812e+02  1.865330e+02 
   67.435    9.363000  4.527726e+02  1.868635e+02 
   67.435    9.466000  4.532682e+02  1.869684e+02 
   67.435    9.568999  4.537602e+02  1.870711e+02 
   67.435    9.672000  4.542486e+02  1.871718e+02 
   67.435    9.775000  4.547306e+02  1.872705e+02 
   67.435    9.877000  4.551981e+02  1.873663e+02 
   67.435    9.980000  4.556593e+02  1.874611e+02 
   67.435   10.083000  4.561442e+02  1.875531e+02 
   67.435   10.186000  4.566182e+02  1.876435e+02 
   67.435   10.289000  4.570812e+02  1.877323e+02 
   67.435   10.392000  4.575353e+02  1.878194e+02 
   67.435   10.495000  4.579834e+02  1.879051e+02 
   67.435   10.598000  4.584260e+02  1.879893e+02 
   67.435   10.701000  4.588626e+02  1.880722e+02 
   67.435   10.802999  4.592884e+02  1.881530e+02 
   67.435   10.906000  4.597117e+02  1.882335e+02 
   67.435   11.009000  4.601288e+02  1.883127e+02 
   67.435   11.112000  4.605404e+02  1.883909e+02 
   67.435   11.215000  4.609468e+02  1.884680e+02 
   67.435   11.318000  4.613480e+02  1.885442e+02 
   67.435   11.421000  4.617443e+02  1.886194e+02 
   67.435   11.524000  4.621356e+02  1.886936e+02 
   67.435   11.627000  4.625218e+02  1.887668e+02 
   67.435   11.729000  4.628992e+02  1.888384e+02 
   67.435   11.832000  4.632751e+02  1.889097e+02 
   67.435   11.934999  4.636458e+02  1.889801e+02 
   67.435   12.038000  4.640116e+02  1.890495e+02 
   67.435   12.141000  4.643726e+02  1.891180e+02 
   67.435   12.243999  4.647286e+02  1.891855e+02 
   67.435   12.347000  4.650799e+02  1.892520e+02 
   67.435   12.450000  4.654264e+02  1.893176e+02 
   67.435   12.552999  4.657682e+02  1.893823e+02 
   67.435   12.655000  4.661020e+02  1.894453e+02 
   67.435   12.757999  4.664346e+02  1.895080e+02 
   67.435   12.861000  4.667630e+02  1.895696e+02 
   67.435   12.964000  4.670873e+02  1.896302e+02 
   67.435   13.066999  4.674079e+02  1.896897e+02 
   67.435   13.170000  4.677245e+02  1.897482e+02 
   67.435   13.273000  4.680374e+02  1.898056e+02 
   67.435   13.375999  4.683467e+02  1.898620e+02 
   67.435   13.479000  4.686526e+02  1.899172e+02 
   67.435   13.580999  4.689519e+02  1.899709e+02 
   67.435   13.684000  4.692508e+02  1.900240e+02 
   67.435   13.787000  4.695463e+02  1.900762e+02 
   67.435   13.889999  4.698385e+02  1.901272e+02 
   67.435   13.993000  4.701274e+02  1.901772e+02 
   67.435   14.096000  4.704132e+02  1.902262e+02 
   67.435   14.198999  4.706958e+02  1.902742e+02 
   67.435   14.302000  4.709752e+02  1.903211e+02 
   67.435   14.405000  4.712515e+02  1.903671e+02 
   67.435   14.507999  4.715247e+02  1.904121e+02 
   67.435   14.610000  4.717922e+02  1.904557e+02 
   67.435   14.712999  4.720590e+02  1.904990e+02 
   67.435   14.816000  4.723228e+02  1.905414e+02 
   67.435   14.919000  4.725833e+02  1.905830e+02 
   67.435   15.021999  4.728405e+02  1.906239e+02 
   67.435   15.125000  4.730947e+02  1.906641e+02 
   67.435   15.228000  4.733457e+02  1.907035e+02 
   67.435   15.330999  4.735936e+02  1.907423e+02 
   67.435   15.434000  4.738385e+02  1.907803e+02 
   67.435   15.535999  4.740780e+02  1.908173e+02 
   67.435   15.639000  4.743169e+02  1.908540e+02 
   67.435   15.742000  4.745528e+02  1.908899e+02 
   67.435   15.844999  4.747859e+02  1.909252e+02 
   67.435   15.948000  4.750162e+02  1.909597e+02 
   67.435   16.051001  4.752440e+02  1.909936e+02 
   67.435   16.153999  4.754693e+02  1.910268e+02 
   67.435   16.257000  4.756921e+02  1.910593e+02 
   67.435   16.360001  4.759126e+02  1.910912e+02 
   67.435   16.462000  4.761287e+02  1.911221e+02 
   67.435   16.565001  4.763446e+02  1.911526e+02 
   67.435   16.667999  4.765583e+02  1.911825e+02 
   67.435   16.771000  4.767701e+02  1.912117e+02 
   67.435   16.874001  4.769799e+02  1.912401e+02 
   67.435   16.976999  4.771877e+02  1.912678e+02 
   67.435   17.080000  4.773940e+02  1.912947e+02 
   67.435   17.183001  4.775988e+02  1.913207e+02 
   67.435   17.285999  4.778022e+02  1.913458e+02 
   67.435   17.388000  4.780022e+02  1.913698e+02 
   67.435   17.490999  4.782030e+02  1.913931e+02 
   67.435   17.594000  4.784027e+02  1.914154e+02 
   67.435   17.697001  4.786012e+02  1.914368e+02 
   67.435   17.799999  4.787984e+02  1.914574e+02 
   67.435   17.903000  4.789942e+02  1.914772e+02 
   67.435   18.006001  4.791884e+02  1.914963e+02 
   67.435   18.108999  4.793812e+02  1.915147e+02 
   67.435   18.212000  4.795722e+02  1.915324e+02 
   67.435   18.313999  4.797598e+02  1.915494e+02 
   67.435   18.417000  4.799474e+02  1.915660e+02 
   67.435   18.520000  4.801335e+02  1.915820e+02 
   67.435   18.622999  4.803180e+02  1.915974e+02 
   67.435   18.726000  4.805011e+02  1.916122e+02 
   67.435   18.829000  4.806826e+02  1.916264e+02 
   67.435   18.931999  4.808627e+02  1.916400e+02 
   67.435   19.035000  4.810414e+02  1.916530e+02 
   67.435   19.138000  4.812189e+02  1.916654e+02 
   67.435   19.240999  4.813950e+02  1.916773e+02 
   67.435   19.343000  4.815680e+02  1.916885e+02 
   67.435   19.445999  4.817415e+02  1.916994e+02 
   67.435   19.549000  4.819136e+02  1.917097e+02 
   67.435   19.652000  4.820844e+02  1.917196e+02 
   67.435   19.754999  4.822538e+02  1.917289e+02 
   67.435   19.858000  4.824220e+02  1.917378e+02 
   67.435   19.961000  4.825889e+02  1.917462e+02 
   67.435   20.063999  4.827549e+02  1.917540e+02 
   67.435   20.362999  4.832318e+02  1.917734e+02 
   67.435   20.858999  4.840001e+02  1.917973e+02 
   67.435   21.354000  4.847388e+02  1.918118e+02 
   67.435   21.850000  4.854511e+02  1.918180e+02 
   67.435   22.346001  4.861299e+02  1.918196e+02 
   67.435   22.841999  4.867690e+02  1.918203e+02 
   67.435   23.337000  4.873642e+02  1.918221e+02 
   67.435   23.833000  4.879204e+02  1.918246e+02 
   67.435   24.329000  4.884427e+02  1.918261e+02 
   67.435   24.824999  4.889341e+02  1.918262e+02 
   67.435   25.320000  4.893928e+02  1.918256e+02 
   67.435   25.816000  4.898218e+02  1.918250e+02 
   67.435   26.312000  4.902225e+02  1.918242e+02 
   67.435   26.808001  4.905979e+02  1.918226e+02 
   67.435   27.302999  4.909486e+02  1.918204e+02 
   67.435   27.799000  4.912765e+02  1.918177e+02 
   67.435   28.295000  4.915825e+02  1.918147e+02 
   67.435   28.791000  4.918699e+02  1.918109e+02 
   67.435   29.285999  4.921407e+02  1.918062e+02 
   67.435   29.782000  4.923986e+02  1.918004e+02 
   67.435   30.278000  4.926444e+02  1.917935e+02 
   67.435   30.774000  4.928801e+02  1.917857e+02 
   67.435   31.268999  4.931068e+02  1.917771e+02 
   67.435   31.764999  4.933272e+02  1.917677e+02 
   67.435   32.261002  4.935429e+02  1.917576e+02 
   67.435   32.757000  4.937556e+02  1.917471e+02 
   67.435   33.252003  4.939664e+02  1.917365e+02 
   67.435   33.748001  4.941777e+02  1.917260e+02 
   67.435   34.244003  4.943905e+02  1.917159e+02 
   67.435   34.740002  4.946065e+02  1.917062e+02 
   67.435   35.235001  4.948262e+02  1.916970e+02 
   67.435   35.731003  4.950517e+02  1.916884e+02 
   67.435   36.227001  4.952830e+02  1.916803e+02 
   67.435   36.723003  4.955202e+02  1.916728e+02 
   67.435   37.219002  4.957628e+02  1.916657e+02 
   67.435   37.714001  4.960091e+02  1.916591e+02 
   67.435   38.210003  4.962586e+02  1.916531e+02 
   67.435   38.706001  4.965089e+02  1.916475e+02 
   67.435   39.202003  4.967581e+02  1.916425e+02 
   67.435   39.697002  4.970035e+02  1.916380e+02 
   67.435   40.197002  4.972429e+02  1.916351e+02 
   67.435   45.197002  4.991200e+02  1.916332e+02 
   67.435   50.197002  4.998302e+02  1.916430e+02 
   67.435   55.197002  5.000807e+02  1.916519e+02 
   67.435   60.197002  5.008430e+02  1.916582e+02 
   67.435   65.196999  5.020818e+02  1.916622e+02 
