    0.000    0.000000  0.000000e+00  3.527383e+02 
    0.000    0.103000  0.000000e+00  3.519674e+02 
    0.000    0.206000  0.000000e+00  3.506017e+02 
    0.000    0.309000  0.000000e+00  3.445425e+02 
    0.000    0.412000  0.000000e+00  3.410119e+02 
    0.000    0.515000  0.000000e+00  3.398938e+02 
    0.000    0.617000  0.000000e+00  3.385457e+02 
    0.000    0.720000  0.000000e+00  3.371489e+02 
    0.000    0.823000  0.000000e+00  3.356845e+02 
    0.000    0.926000  0.000000e+00  3.341371e+02 
    0.000    1.029000  0.000000e+00  3.325452e+02 
    0.000    1.132000  0.000000e+00  3.309337e+02 
    0.000    1.235000  0.000000e+00  3.293946e+02 
    0.000    1.338000  0.000000e+00  3.182775e+02 
    0.000    1.441000  0.000000e+00  3.141425e+02 
    0.000    1.543000  0.000000e+00  3.112694e+02 
    0.000    1.646000  0.000000e+00  3.087687e+02 
    0.000    1.749000  0.000000e+00  3.066387e+02 
    0.000    1.852000  0.000000e+00  3.049437e+02 
    0.000    1.955000  0.000000e+00  3.036625e+02 
    0.000    2.058000  0.000000e+00  3.025972e+02 
    0.000    2.161000  0.000000e+00  3.016606e+02 
    0.000    2.264000  0.000000e+00  3.006602e+02 
    0.000    2.367000  0.000000e+00  2.996129e+02 
    0.000    2.469000  0.000000e+00  2.985168e+02 
    0.000    2.572000  0.000000e+00  2.973564e+02 
    0.000    2.675000  0.000000e+00  2.961394e+02 
    0.000    2.778000  0.000000e+00  2.948651e+02 
    0.000    2.881000  0.000000e+00  2.935746e+02 
    0.000    2.984000  0.000000e+00  2.922913e+02 
    0.000    3.087000  0.000000e+00  2.910188e+02 
    0.000    3.190000  0.000000e+00  2.897619e+02 
    0.000    3.293000  0.000000e+00  2.885191e+02 
    0.000    3.395000  0.000000e+00  2.872861e+02 
    0.000    3.498000  0.000000e+00  2.860470e+02 
    0.000    3.601000  0.000000e+00  2.848025e+02 
    0.000    3.704000  0.000000e+00  2.835424e+02 
    0.000    3.807000  0.000000e+00  2.822817e+02 
    0.000    3.910000  0.000000e+00  2.810208e+02 
    0.000    4.013000  0.000000e+00  2.797662e+02 
    0.000    4.116000  0.000000e+00  2.785182e+02 
    0.000    4.219000  0.000000e+00  2.772772e+02 
    0.000    4.321000  0.000000e+00  2.760571e+02 
    0.000    4.424000  0.000000e+00  2.748315e+02 
    0.000    4.527000  0.000000e+00  2.736170e+02 
    0.000    4.630000  0.000000e+00  2.724197e+02 
    0.000    4.733000  0.000000e+00  2.712456e+02 
    0.000    4.836000  0.000000e+00  2.700925e+02 
    0.000    4.939000  0.000000e+00  2.689441e+02 
    0.000    5.042000  0.000000e+00  2.677921e+02 
    0.000    5.145000  0.000000e+00  2.666495e+02 
    0.000    5.247000  0.000000e+00  2.655228e+02 
    0.000    5.350000  0.000000e+00  2.643984e+02 
    0.000    5.453000  0.000000e+00  2.632914e+02 
    0.000    5.556000  0.000000e+00  2.622022e+02 
    0.000    5.659000  0.000000e+00  2.611319e+02 
    0.000    5.762000  0.000000e+00  2.600807e+02 
    0.000    5.865000  0.000000e+00  2.590480e+02 
    0.000    5.968000  0.000000e+00  2.580356e+02 
    0.000    6.071000  0.000000e+00  2.570410e+02 
    0.000    6.173000  0.000000e+00  2.560322e+02 
    0.000    6.276000  0.000000e+00  2.549902e+02 
    0.000    6.379000  0.000000e+00  2.539406e+02 
    0.000    6.482000  0.000000e+00  2.528693e+02 
    0.000    6.585000  0.000000e+00  2.517873e+02 
    0.000    6.688000  0.000000e+00  2.507021e+02 
    0.000    6.791000  0.000000e+00  2.496181e+02 
    0.000    6.894000  0.000000e+00  2.485601e+02 
    0.000    6.997000  0.000000e+00  2.476194e+02 
    0.000    7.100000  0.000000e+00  2.467240e+02 
    0.000    7.202000  0.000000e+00  2.459270e+02 
    0.000    7.305000  0.000000e+00  2.452831e+02 
    0.000    7.408000  0.000000e+00  2.446852e+02 
    0.000    7.511000  0.000000e+00  2.443162e+02 
    0.000    7.614000  0.000000e+00  2.440768e+02 
    0.000    7.717000  0.000000e+00  2.438563e+02 
    0.000    7.820000  0.000000e+00  2.436690e+02 
    0.000    7.923000  0.000000e+00  2.434788e+02 
    0.000    8.026000  0.000000e+00  2.432993e+02 
    0.000    8.127999  0.000000e+00  2.431345e+02 
    0.000    8.231000  0.000000e+00  2.429771e+02 
    0.000    8.334000  0.000000e+00  2.428212e+02 
    0.000    8.436999  0.000000e+00  2.426542e+02 
    0.000    8.540000  0.000000e+00  2.424539e+02 
    0.000    8.643000  0.000000e+00  2.422599e+02 
    0.000    8.745999  0.000000e+00  2.420431e+02 
    0.000    8.849000  0.000000e+00  2.418289e+02 
    0.000    8.952000  0.000000e+00  2.416171e+02 
    0.000    9.054000  0.000000e+00  2.414913e+02 
    0.000    9.157000  0.000000e+00  2.413625e+02 
    0.000    9.259999  0.000000e+00  2.412404e+02 
    0.000    9.363000  0.000000e+00  2.411230e+02 
    0.000    9.466000  0.000000e+00  2.410103e+02 
    0.000    9.568999  0.000000e+00  2.409114e+02 
    0.000    9.672000  0.000000e+00  2.408226e+02 
    0.000    9.775000  0.000000e+00  2.407433e+02 
    0.000    9.877999  0.000000e+00  2.406810e+02 
    0.000    9.980000  0.000000e+00  2.406321e+02 
    0.000   10.083000  0.000000e+00  2.405881e+02 
    0.000   10.186000  0.000000e+00  2.405425e+02 
    0.000   10.289000  0.000000e+00  2.404970e+02 
    0.000   10.392000  0.000000e+00  2.404500e+02 
    0.000   10.495000  0.000000e+00  2.403953e+02 
    0.000   10.598000  0.000000e+00  2.403361e+02 
    0.000   10.701000  0.000000e+00  2.402751e+02 
    0.000   10.804000  0.000000e+00  2.402124e+02 
    0.000   10.906000  0.000000e+00  2.401498e+02 
    0.000   11.009000  0.000000e+00  2.400846e+02 
    0.000   11.112000  0.000000e+00  2.400120e+02 
    0.000   11.215000  0.000000e+00  2.399343e+02 
    0.000   11.318000  0.000000e+00  2.398537e+02 
    0.000   11.421000  0.000000e+00  2.397688e+02 
    0.000   11.524000  0.000000e+00  2.396809e+02 
    0.000   11.627000  0.000000e+00  2.395919e+02 
    0.000   11.730000  0.000000e+00  2.395066e+02 
    0.000   11.833000  0.000000e+00  2.394243e+02 
    0.000   11.934999  0.000000e+00  2.393444e+02 
    0.000   12.038000  0.000000e+00  2.392652e+02 
    0.000   12.141000  0.000000e+00  2.391873e+02 
    0.000   12.243999  0.000000e+00  2.391105e+02 
    0.000   12.347000  0.000000e+00  2.390333e+02 
    0.000   12.450000  0.000000e+00  2.389559e+02 
    0.000   12.552999  0.000000e+00  2.388787e+02 
    0.000   12.656000  0.000000e+00  2.388015e+02 
    0.000   12.759000  0.000000e+00  2.387245e+02 
    0.000   12.861000  0.000000e+00  2.386483e+02 
    0.000   12.964000  0.000000e+00  2.385726e+02 
    0.000   13.066999  0.000000e+00  2.384990e+02 
    0.000   13.170000  0.000000e+00  2.384267e+02 
    0.000   13.273000  0.000000e+00  2.383563e+02 
    0.000   13.375999  0.000000e+00  2.382888e+02 
    0.000   13.479000  0.000000e+00  2.382237e+02 
    0.000   13.582000  0.000000e+00  2.381604e+02 
    0.000   13.684999  0.000000e+00  2.380993e+02 
    0.000   13.787000  0.000000e+00  2.380406e+02 
    0.000   13.889999  0.000000e+00  2.379828e+02 
    0.000   13.993000  0.000000e+00  2.379286e+02 
    0.000   14.096000  0.000000e+00  2.378778e+02 
    0.000   14.198999  0.000000e+00  2.378294e+02 
    0.000   14.302000  0.000000e+00  2.377835e+02 
    0.000   14.405000  0.000000e+00  2.377400e+02 
    0.000   14.507999  0.000000e+00  2.376985e+02 
    0.000   14.611000  0.000000e+00  2.376580e+02 
    0.000   14.712999  0.000000e+00  2.376170e+02 
    0.000   14.816000  0.000000e+00  2.375751e+02 
    0.000   14.919000  0.000000e+00  2.375333e+02 
    0.000   15.021999  0.000000e+00  2.374911e+02 
    0.000   15.125000  0.000000e+00  2.374486e+02 
    0.000   15.228000  0.000000e+00  2.374062e+02 
    0.000   15.330999  0.000000e+00  2.373643e+02 
    0.000   15.434000  0.000000e+00  2.373231e+02 
    0.000   15.537000  0.000000e+00  2.372825e+02 
    0.000   15.639000  0.000000e+00  2.372422e+02 
    0.000   15.742000  0.000000e+00  2.371982e+02 
    0.000   15.844999  0.000000e+00  2.371517e+02 
    0.000   15.948000  0.000000e+00  2.371039e+02 
    0.000   16.051001  0.000000e+00  2.370540e+02 
    0.000   16.153999  0.000000e+00  2.370023e+02 
    0.000   16.257000  0.000000e+00  2.369495e+02 
    0.000   16.360001  0.000000e+00  2.368964e+02 
    0.000   16.462999  0.000000e+00  2.368441e+02 
    0.000   16.566000  0.000000e+00  2.367927e+02 
    0.000   16.667999  0.000000e+00  2.367420e+02 
    0.000   16.771000  0.000000e+00  2.366936e+02 
    0.000   16.874001  0.000000e+00  2.366477e+02 
    0.000   16.976999  0.000000e+00  2.366034e+02 
    0.000   17.080000  0.000000e+00  2.365612e+02 
    0.000   17.183001  0.000000e+00  2.365218e+02 
    0.000   17.285999  0.000000e+00  2.364845e+02 
    0.000   17.389000  0.000000e+00  2.364487e+02 
    0.000   17.492001  0.000000e+00  2.364138e+02 
    0.000   17.594000  0.000000e+00  2.363799e+02 
    0.000   17.697001  0.000000e+00  2.363462e+02 
    0.000   17.799999  0.000000e+00  2.363128e+02 
    0.000   17.903000  0.000000e+00  2.362792e+02 
    0.000   18.006001  0.000000e+00  2.362455e+02 
    0.000   18.108999  0.000000e+00  2.362119e+02 
    0.000   18.212000  0.000000e+00  2.361784e+02 
    0.000   18.315001  0.000000e+00  2.361450e+02 
    0.000   18.417999  0.000000e+00  2.361117e+02 
    0.000   18.520000  0.000000e+00  2.360789e+02 
    0.000   18.622999  0.000000e+00  2.360462e+02 
    0.000   18.726000  0.000000e+00  2.360139e+02 
    0.000   18.829000  0.000000e+00  2.359819e+02 
    0.000   18.931999  0.000000e+00  2.359499e+02 
    0.000   19.035000  0.000000e+00  2.359175e+02 
    0.000   19.138000  0.000000e+00  2.358850e+02 
    0.000   19.240999  0.000000e+00  2.358524e+02 
    0.000   19.344000  0.000000e+00  2.358198e+02 
    0.000   19.445999  0.000000e+00  2.357874e+02 
    0.000   19.549000  0.000000e+00  2.357548e+02 
    0.000   19.652000  0.000000e+00  2.357223e+02 
    0.000   19.754999  0.000000e+00  2.356908e+02 
    0.000   19.858000  0.000000e+00  2.356605e+02 
    0.000   19.961000  0.000000e+00  2.356311e+02 
    0.000   20.063999  0.000000e+00  2.356022e+02 
    0.000   20.362999  0.000000e+00  2.355242e+02 
    0.000   20.858999  0.000000e+00  2.354057e+02 
    0.000   21.355000  0.000000e+00  2.352971e+02 
    0.000   21.850000  0.000000e+00  2.352010e+02 
    0.000   22.346001  0.000000e+00  2.351042e+02 
    0.000   22.841999  0.000000e+00  2.350088e+02 
    0.000   23.337999  0.000000e+00  2.349281e+02 
    0.000   23.833000  0.000000e+00  2.348660e+02 
    0.000   24.329000  0.000000e+00  2.348191e+02 
    0.000   24.824999  0.000000e+00  2.347859e+02 
    0.000   25.320999  0.000000e+00  2.347695e+02 
    0.000   25.816000  0.000000e+00  2.347651e+02 
    0.000   26.312000  0.000000e+00  2.347723e+02 
    0.000   26.808001  0.000000e+00  2.347883e+02 
    0.000   27.303999  0.000000e+00  2.348066e+02 
    0.000   27.799000  0.000000e+00  2.348255e+02 
    0.000   28.295000  0.000000e+00  2.348478e+02 
    0.000   28.791000  0.000000e+00  2.348764e+02 
    0.000   29.287001  0.000000e+00  2.349165e+02 
    0.000   29.782000  0.000000e+00  2.349658e+02 
    0.000   30.278000  0.000000e+00  2.350211e+02 
    0.000   30.774000  0.000000e+00  2.350753e+02 
    0.000   31.270000  0.000000e+00  2.351273e+02 
    0.000   31.764999  0.000000e+00  2.351773e+02 
    0.000   32.261002  0.000000e+00  2.352291e+02 
    0.000   32.757000  0.000000e+00  2.352842e+02 
    0.000   33.253002  0.000000e+00  2.353445e+02 
    0.000   33.748001  0.000000e+00  2.354089e+02 
    0.000   34.244003  0.000000e+00  2.354760e+02 
    0.000   34.740002  0.000000e+00  2.355409e+02 
    0.000   35.236000  0.000000e+00  2.356025e+02 
    0.000   35.731003  0.000000e+00  2.356590e+02 
    0.000   36.227001  0.000000e+00  2.357114e+02 
    0.000   36.723003  0.000000e+00  2.357599e+02 
    0.000   37.219002  0.000000e+00  2.358052e+02 
    0.000   37.714001  0.000000e+00  2.358493e+02 
    0.000   38.210003  0.000000e+00  2.358927e+02 
    0.000   38.706001  0.000000e+00  2.359367e+02 
    0.000   39.202003  0.000000e+00  2.359815e+02 
    0.000   39.697002  0.000000e+00  2.360286e+02 
    0.000   40.197002  0.000000e+00  2.360797e+02 
    0.000   45.197002  0.000000e+00  2.365310e+02 
    0.000   50.197002  0.000000e+00  2.367530e+02 
    0.000   55.197002  0.000000e+00  2.367538e+02 
    0.000   60.197002  0.000000e+00  2.366849e+02 
    0.000   65.196999  0.000000e+00  2.366326e+02 
