   68.188    0.000000  1.741534e-22  4.429220e+00 
   68.188    0.103000  1.751237e-22  4.500315e+00 
   68.188    0.206000  1.760893e-22  4.572258e+00 
   68.188    0.309000  1.770503e-22  4.644493e+00 
   68.188    0.412000  1.780076e-22  4.716761e+00 
   68.188    0.514000  1.789543e-22  4.788073e+00 
   68.188    0.617000  2.432467e-22  6.359896e+00 
   68.188    0.720000  3.639841e-22  8.298601e+00 
   68.188    0.823000  6.236411e-22  1.075518e+01 
   68.188    0.926000  1.193766e-21  1.358305e+01 
   68.188    1.029000  2.501436e-21  1.667183e+01 
   68.188    1.132000  5.646953e-21  1.993959e+01 
   68.188    1.235000  1.375838e-20  2.341156e+01 
   68.188    1.338000  3.662973e-20  2.716576e+01 
   68.188    1.440000  1.048514e-19  3.113666e+01 
   68.188    1.543000  3.281893e-19  3.538353e+01 
   68.188    1.646000  1.104460e-18  3.982887e+01 
   68.188    1.749000  1.327323e-18  4.052621e+01 
   68.188    1.852000  1.864925e-18  4.184020e+01 
   68.188    1.955000  3.214409e-18  4.396085e+01 
   68.188    2.058000  7.363954e-18  4.720623e+01 
   68.188    2.161000  2.392340e-17  5.183815e+01 
   68.188    2.264000  9.378970e-17  5.723413e+01 
   68.188    2.366000  8.796758e-13  8.556586e+01 
   68.188    2.469000  4.964563e-09  1.129960e+02 
   68.188    2.572000  6.238462e-06  1.372993e+02 
   68.188    2.675000  1.091394e-03  1.578693e+02 
   68.188    2.778000  2.701529e-02  1.741436e+02 
   68.188    2.881000  2.111950e-01  1.877586e+02 
   68.188    2.984000  3.501485e-01  1.913468e+02 
   68.188    3.087000  5.522911e-01  1.948891e+02 
   68.188    3.190000  8.391675e-01  1.984070e+02 
   68.188    3.292000  1.249110e+00  2.020130e+02 
   68.188    3.395000  1.843259e+00  2.058076e+02 
   68.188    3.498000  2.634977e+00  2.095387e+02 
   68.188    3.601000  3.644630e+00  2.131465e+02 
   68.188    3.704000  4.759773e+00  2.162748e+02 
   68.188    3.807000  5.873916e+00  2.188464e+02 
   68.188    3.910000  6.916523e+00  2.209099e+02 
   68.188    4.013000  7.918236e+00  2.226689e+02 
   68.188    4.116000  8.619997e+00  2.237731e+02 
   68.188    4.218000  9.224420e+00  2.246647e+02 
   68.188    4.321000  9.902521e+00  2.256302e+02 
   68.188    4.424000  1.096253e+01  2.270882e+02 
   68.188    4.527000  1.273992e+01  2.293388e+02 
   68.188    4.630000  1.561855e+01  2.325246e+02 
   68.188    4.733000  2.005482e+01  2.366250e+02 
   68.188    4.836000  2.695153e+01  2.417422e+02 
   68.188    4.939000  3.787183e+01  2.479988e+02 
   68.188    5.042000  5.380302e+01  2.548751e+02 
   68.188    5.144000  7.572118e+01  2.619661e+02 
   68.188    5.247000  1.051574e+02  2.691177e+02 
   68.188    5.350000  1.421819e+02  2.759205e+02 
   68.188    5.453000  1.813013e+02  2.815022e+02 
   68.188    5.556000  2.168107e+02  2.856221e+02 
   68.188    5.659000  2.416049e+02  2.880952e+02 
   68.188    5.762000  2.634400e+02  2.900643e+02 
   68.188    5.865000  2.823942e+02  2.916386e+02 
   68.188    5.968000  3.000663e+02  2.930110e+02 
   68.188    6.070000  3.167384e+02  2.942304e+02 
   68.188    6.173000  3.308178e+02  2.952057e+02 
   68.188    6.276000  3.414112e+02  2.959090e+02 
   68.188    6.379000  3.493791e+02  2.964232e+02 
   68.188    6.482000  3.550144e+02  2.967815e+02 
   68.188    6.585000  3.590518e+02  2.970373e+02 
   68.188    6.688000  3.625954e+02  2.972629e+02 
   68.188    6.791000  3.656868e+02  2.974611e+02 
   68.188    6.894000  3.688732e+02  2.976675e+02 
   68.188    6.997000  3.724843e+02  2.979029e+02 
   68.188    7.099000  3.755377e+02  2.981053e+02 
   68.188    7.202000  3.786119e+02  2.983131e+02 
   68.188    7.305000  3.815461e+02  2.985173e+02 
   68.188    7.408000  3.844869e+02  2.987260e+02 
   68.188    7.511000  3.875815e+02  2.989477e+02 
   68.188    7.614000  3.903988e+02  2.991563e+02 
   68.188    7.717000  3.932588e+02  2.993705e+02 
   68.188    7.820000  3.960252e+02  2.995793e+02 
   68.188    7.923000  3.988531e+02  2.997924e+02 
   68.188    8.025001  4.017741e+02  3.000103e+02 
   68.188    8.128000  4.046491e+02  3.002248e+02 
   68.188    8.231001  4.072430e+02  3.004225e+02 
   68.188    8.334001  4.101328e+02  3.006349e+02 
   68.188    8.437000  4.132833e+02  3.008590e+02 
   68.188    8.540000  4.164858e+02  3.010828e+02 
   68.188    8.643001  4.196925e+02  3.013031e+02 
   68.188    8.746000  4.228611e+02  3.015175e+02 
   68.188    8.849000  4.241765e+02  3.016652e+02 
   68.188    8.951000  4.252246e+02  3.017862e+02 
   68.188    9.054001  4.262183e+02  3.019011e+02 
   68.188    9.157001  4.271352e+02  3.020080e+02 
   68.188    9.260000  4.289675e+02  3.021944e+02 
   68.188    9.363001  4.307374e+02  3.023737e+02 
   68.188    9.466001  4.324907e+02  3.025496e+02 
   68.188    9.569000  4.342450e+02  3.027226e+02 
   68.188    9.672001  4.360023e+02  3.028925e+02 
   68.188    9.775001  4.378072e+02  3.030629e+02 
   68.188    9.877001  4.397383e+02  3.032399e+02 
   68.188    9.980000  4.402164e+02  3.032905e+02 
   68.188   10.083000  4.406943e+02  3.033394e+02 
   68.188   10.186001  4.411674e+02  3.033871e+02 
   68.188   10.289001  4.416346e+02  3.034334e+02 
   68.188   10.392000  4.420944e+02  3.034785e+02 
   68.188   10.495001  4.425449e+02  3.035227e+02 
   68.188   10.598001  4.429857e+02  3.035660e+02 
   68.188   10.701000  4.434181e+02  3.036084e+02 
   68.188   10.803000  4.438402e+02  3.036497e+02 
   68.188   10.906000  4.442606e+02  3.036908e+02 
   68.188   11.009001  4.446754e+02  3.037311e+02 
   68.188   11.112000  4.450853e+02  3.037710e+02 
   68.188   11.215000  4.454905e+02  3.038103e+02 
   68.188   11.318001  4.458906e+02  3.038491e+02 
   68.188   11.421000  4.462855e+02  3.038876e+02 
   68.188   11.524000  4.466750e+02  3.039256e+02 
   68.188   11.627001  4.470592e+02  3.039633e+02 
   68.188   11.729000  4.474344e+02  3.040003e+02 
   68.188   11.832001  4.478080e+02  3.040374e+02 
   68.188   11.935000  4.481762e+02  3.040742e+02 
   68.188   12.038000  4.485391e+02  3.041106e+02 
   68.188   12.141001  4.488967e+02  3.041467e+02 
   68.188   12.244000  4.492490e+02  3.041825e+02 
   68.188   12.347000  4.495964e+02  3.042177e+02 
   68.188   12.450001  4.499391e+02  3.042526e+02 
   68.188   12.553000  4.502772e+02  3.042870e+02 
   68.188   12.656000  4.506107e+02  3.043209e+02 
   68.188   12.758000  4.509366e+02  3.043539e+02 
   68.188   12.861000  4.512618e+02  3.043867e+02 
   68.188   12.964001  4.515832e+02  3.044188e+02 
   68.188   13.067000  4.519009e+02  3.044502e+02 
   68.188   13.170000  4.522150e+02  3.044810e+02 
   68.188   13.273001  4.525255e+02  3.045110e+02 
   68.188   13.376000  4.528327e+02  3.045402e+02 
   68.188   13.479000  4.531365e+02  3.045685e+02 
   68.188   13.582001  4.534371e+02  3.045960e+02 
   68.188   13.684000  4.537315e+02  3.046223e+02 
   68.188   13.787001  4.540258e+02  3.046480e+02 
   68.188   13.890000  4.543169e+02  3.046727e+02 
   68.188   13.993000  4.546048e+02  3.046967e+02 
   68.188   14.096001  4.548894e+02  3.047198e+02 
   68.188   14.199000  4.551708e+02  3.047421e+02 
   68.188   14.302000  4.554488e+02  3.047638e+02 
   68.188   14.405001  4.557234e+02  3.047849e+02 
   68.188   14.508000  4.559947e+02  3.048055e+02 
   68.188   14.610001  4.562599e+02  3.048254e+02 
   68.188   14.713000  4.565244e+02  3.048449e+02 
   68.188   14.816000  4.567858e+02  3.048641e+02 
   68.188   14.919001  4.570438e+02  3.048827e+02 
   68.188   15.022000  4.572987e+02  3.049009e+02 
   68.188   15.125000  4.575506e+02  3.049187e+02 
   68.188   15.228001  4.577993e+02  3.049361e+02 
   68.188   15.331000  4.580451e+02  3.049530e+02 
   68.188   15.434000  4.582878e+02  3.049695e+02 
   68.188   15.536000  4.585251e+02  3.049855e+02 
   68.188   15.639001  4.587619e+02  3.050013e+02 
   68.188   15.742001  4.589957e+02  3.050165e+02 
   68.188   15.845000  4.592268e+02  3.050315e+02 
   68.188   15.948001  4.594552e+02  3.050460e+02 
   68.188   16.050999  4.596811e+02  3.050600e+02 
   68.188   16.153999  4.599046e+02  3.050736e+02 
   68.188   16.257000  4.601257e+02  3.050867e+02 
   68.188   16.359999  4.603445e+02  3.050993e+02 
   68.188   16.462000  4.605590e+02  3.051113e+02 
   68.188   16.564999  4.607735e+02  3.051227e+02 
   68.188   16.667999  4.609859e+02  3.051337e+02 
   68.188   16.771000  4.611966e+02  3.051438e+02 
   68.188   16.873999  4.614057e+02  3.051532e+02 
   68.188   16.976999  4.616132e+02  3.051619e+02 
   68.188   17.080000  4.618192e+02  3.051697e+02 
   68.188   17.182999  4.620240e+02  3.051766e+02 
   68.188   17.285999  4.622276e+02  3.051826e+02 
   68.188   17.389000  4.624299e+02  3.051878e+02 
   68.188   17.490999  4.626289e+02  3.051921e+02 
   68.188   17.594000  4.628285e+02  3.051957e+02 
   68.188   17.696999  4.630267e+02  3.051986e+02 
   68.188   17.799999  4.632234e+02  3.052008e+02 
   68.188   17.903000  4.634185e+02  3.052025e+02 
   68.188   18.005999  4.636121e+02  3.052036e+02 
   68.188   18.108999  4.638040e+02  3.052042e+02 
   68.188   18.212000  4.639943e+02  3.052043e+02 
   68.188   18.314999  4.641830e+02  3.052040e+02 
   68.188   18.417000  4.643684e+02  3.052031e+02 
   68.188   18.519999  4.645540e+02  3.052018e+02 
   68.188   18.622999  4.647380e+02  3.052000e+02 
   68.188   18.726000  4.649206e+02  3.051978e+02 
   68.188   18.828999  4.651017e+02  3.051951e+02 
   68.188   18.931999  4.652812e+02  3.051920e+02 
   68.188   19.035000  4.654593e+02  3.051884e+02 
   68.188   19.137999  4.656361e+02  3.051845e+02 
   68.188   19.240999  4.658115e+02  3.051801e+02 
   68.188   19.343000  4.659839e+02  3.051754e+02 
   68.188   19.445999  4.661569e+02  3.051700e+02 
   68.188   19.549000  4.663286e+02  3.051643e+02 
   68.188   19.652000  4.664991e+02  3.051581e+02 
   68.188   19.754999  4.666683e+02  3.051515e+02 
   68.188   19.858000  4.668364e+02  3.051444e+02 
   68.188   19.960999  4.670031e+02  3.051370e+02 
   68.188   20.063999  4.671689e+02  3.051290e+02 
   68.188   20.362999  4.676440e+02  3.051034e+02 
   68.188   20.858999  4.684094e+02  3.050548e+02 
   68.188   21.355000  4.691468e+02  3.049995e+02 
   68.188   21.850000  4.698524e+02  3.049398e+02 
   68.188   22.345999  4.705212e+02  3.048810e+02 
   68.188   22.841999  4.711465e+02  3.048272e+02 
   68.188   23.337999  4.717290e+02  3.047789e+02 
   68.188   23.833000  4.722747e+02  3.047333e+02 
   68.188   24.328999  4.727912e+02  3.046884e+02 
   68.188   24.824999  4.732768e+02  3.046449e+02 
   68.188   25.320999  4.737300e+02  3.046043e+02 
   68.188   25.816000  4.741524e+02  3.045665e+02 
   68.188   26.312000  4.745482e+02  3.045306e+02 
   68.188   26.807999  4.749184e+02  3.044964e+02 
   68.188   27.303999  4.752643e+02  3.044638e+02 
   68.188   27.799000  4.755870e+02  3.044328e+02 
   68.188   28.295000  4.758901e+02  3.044027e+02 
   68.188   28.791000  4.761754e+02  3.043733e+02 
   68.188   29.286999  4.764449e+02  3.043443e+02 
   68.188   29.782000  4.767001e+02  3.043156e+02 
   68.188   30.278000  4.769432e+02  3.042870e+02 
   68.188   30.774000  4.771754e+02  3.042588e+02 
   68.188   31.269999  4.773986e+02  3.042308e+02 
   68.188   31.764999  4.776136e+02  3.042034e+02 
   68.188   32.260998  4.778235e+02  3.041762e+02 
   68.188   32.757000  4.780296e+02  3.041494e+02 
   68.188   33.252998  4.782341e+02  3.041232e+02 
   68.188   33.748001  4.784380e+02  3.040978e+02 
   68.188   34.243999  4.786435e+02  3.040735e+02 
   68.188   34.739998  4.788518e+02  3.040505e+02 
   68.188   35.236000  4.790641e+02  3.040288e+02 
   68.188   35.730999  4.792810e+02  3.040086e+02 
   68.188   36.227001  4.795039e+02  3.039895e+02 
   68.188   36.723000  4.797324e+02  3.039717e+02 
   68.188   37.218998  4.799662e+02  3.039551e+02 
   68.188   37.714001  4.802039e+02  3.039396e+02 
   68.188   38.209999  4.804454e+02  3.039252e+02 
   68.188   38.706001  4.806884e+02  3.039119e+02 
   68.188   39.202000  4.809313e+02  3.038998e+02 
   68.188   39.696999  4.811712e+02  3.038888e+02 
   68.188   40.196999  4.814058e+02  3.038801e+02 
   68.188   45.196999  4.832613e+02  3.038443e+02 
   68.188   50.196999  4.839691e+02  3.038406e+02 
   68.188   55.196999  4.842146e+02  3.038436e+02 
   68.188   60.196999  4.849344e+02  3.038471e+02 
   68.188   65.197006  4.861608e+02  3.038497e+02 
