    0.000    0.000000  0.000000e+00  3.519793e+02 
    0.000    0.103000  0.000000e+00  3.511141e+02 
    0.000    0.206000  0.000000e+00  3.499027e+02 
    0.000    0.309000  0.000000e+00  3.485027e+02 
    0.000    0.412000  0.000000e+00  3.469867e+02 
    0.000    0.515000  0.000000e+00  3.454363e+02 
    0.000    0.618000  0.000000e+00  3.438286e+02 
    0.000    0.721000  0.000000e+00  3.421555e+02 
    0.000    0.824000  0.000000e+00  3.403080e+02 
    0.000    0.926000  0.000000e+00  3.383694e+02 
    0.000    1.029000  0.000000e+00  3.364338e+02 
    0.000    1.132000  0.000000e+00  3.345582e+02 
    0.000    1.235000  0.000000e+00  3.327683e+02 
    0.000    1.338000  0.000000e+00  3.310048e+02 
    0.000    1.441000  0.000000e+00  3.286491e+02 
    0.000    1.544000  0.000000e+00  3.262483e+02 
    0.000    1.647000  0.000000e+00  3.236345e+02 
    0.000    1.750000  0.000000e+00  3.208065e+02 
    0.000    1.852000  0.000000e+00  3.193716e+02 
    0.000    1.955000  0.000000e+00  3.173280e+02 
    0.000    2.058000  0.000000e+00  3.151152e+02 
    0.000    2.161000  0.000000e+00  3.114725e+02 
    0.000    2.264000  0.000000e+00  3.072203e+02 
    0.000    2.367000  0.000000e+00  3.027013e+02 
    0.000    2.470000  0.000000e+00  2.983857e+02 
    0.000    2.573000  0.000000e+00  2.945974e+02 
    0.000    2.676000  0.000000e+00  2.913477e+02 
    0.000    2.778000  0.000000e+00  2.886028e+02 
    0.000    2.881000  0.000000e+00  2.861255e+02 
    0.000    2.984000  0.000000e+00  2.835536e+02 
    0.000    3.087000  0.000000e+00  2.804337e+02 
    0.000    3.190000  0.000000e+00  2.794501e+02 
    0.000    3.293000  0.000000e+00  2.784114e+02 
    0.000    3.396000  0.000000e+00  2.773307e+02 
    0.000    3.499000  0.000000e+00  2.762481e+02 
    0.000    3.602000  0.000000e+00  2.751382e+02 
    0.000    3.704000  0.000000e+00  2.740096e+02 
    0.000    3.807000  0.000000e+00  2.728618e+02 
    0.000    3.910000  0.000000e+00  2.717006e+02 
    0.000    4.013000  0.000000e+00  2.705350e+02 
    0.000    4.116000  0.000000e+00  2.693638e+02 
    0.000    4.219000  0.000000e+00  2.681847e+02 
    0.000    4.322000  0.000000e+00  2.670079e+02 
    0.000    4.425000  0.000000e+00  2.658283e+02 
    0.000    4.528000  0.000000e+00  2.646516e+02 
    0.000    4.630000  0.000000e+00  2.634918e+02 
    0.000    4.733000  0.000000e+00  2.623328e+02 
    0.000    4.836000  0.000000e+00  2.611880e+02 
    0.000    4.939000  0.000000e+00  2.600513e+02 
    0.000    5.042000  0.000000e+00  2.589199e+02 
    0.000    5.145000  0.000000e+00  2.577231e+02 
    0.000    5.248000  0.000000e+00  2.565279e+02 
    0.000    5.351000  0.000000e+00  2.554312e+02 
    0.000    5.454000  0.000000e+00  2.542249e+02 
    0.000    5.556000  0.000000e+00  2.530503e+02 
    0.000    5.659000  0.000000e+00  2.520072e+02 
    0.000    5.762000  0.000000e+00  2.509835e+02 
    0.000    5.865000  0.000000e+00  2.499779e+02 
    0.000    5.968000  0.000000e+00  2.489933e+02 
    0.000    6.071000  0.000000e+00  2.480240e+02 
    0.000    6.174000  0.000000e+00  2.470690e+02 
    0.000    6.277000  0.000000e+00  2.461326e+02 
    0.000    6.380000  0.000000e+00  2.452146e+02 
    0.000    6.483000  0.000000e+00  2.443146e+02 
    0.000    6.585000  0.000000e+00  2.434406e+02 
    0.000    6.688000  0.000000e+00  2.425827e+02 
    0.000    6.791000  0.000000e+00  2.417467e+02 
    0.000    6.894000  0.000000e+00  2.409420e+02 
    0.000    6.997000  0.000000e+00  2.401787e+02 
    0.000    7.100000  0.000000e+00  2.394489e+02 
    0.000    7.203000  0.000000e+00  2.388270e+02 
    0.000    7.306000  0.000000e+00  2.383199e+02 
    0.000    7.409000  0.000000e+00  2.377061e+02 
    0.000    7.511000  0.000000e+00  2.372347e+02 
    0.000    7.614000  0.000000e+00  2.368435e+02 
    0.000    7.717000  0.000000e+00  2.365662e+02 
    0.000    7.820000  0.000000e+00  2.362687e+02 
    0.000    7.923000  0.000000e+00  2.360090e+02 
    0.000    8.026000  0.000000e+00  2.357480e+02 
    0.000    8.129000  0.000000e+00  2.355119e+02 
    0.000    8.231999  0.000000e+00  2.352682e+02 
    0.000    8.335000  0.000000e+00  2.350232e+02 
    0.000    8.436999  0.000000e+00  2.347676e+02 
    0.000    8.540000  0.000000e+00  2.345026e+02 
    0.000    8.643000  0.000000e+00  2.342308e+02 
    0.000    8.745999  0.000000e+00  2.339635e+02 
    0.000    8.849000  0.000000e+00  2.338605e+02 
    0.000    8.952000  0.000000e+00  2.337502e+02 
    0.000    9.054999  0.000000e+00  2.336345e+02 
    0.000    9.158000  0.000000e+00  2.335164e+02 
    0.000    9.261000  0.000000e+00  2.334047e+02 
    0.000    9.363000  0.000000e+00  2.332984e+02 
    0.000    9.466000  0.000000e+00  2.331953e+02 
    0.000    9.568999  0.000000e+00  2.331051e+02 
    0.000    9.672000  0.000000e+00  2.330242e+02 
    0.000    9.775000  0.000000e+00  2.329527e+02 
    0.000    9.877999  0.000000e+00  2.328996e+02 
    0.000    9.981000  0.000000e+00  2.328600e+02 
    0.000   10.084000  0.000000e+00  2.328256e+02 
    0.000   10.186999  0.000000e+00  2.327879e+02 
    0.000   10.289000  0.000000e+00  2.327493e+02 
    0.000   10.391999  0.000000e+00  2.327082e+02 
    0.000   10.495000  0.000000e+00  2.326586e+02 
    0.000   10.598000  0.000000e+00  2.326039e+02 
    0.000   10.700999  0.000000e+00  2.325473e+02 
    0.000   10.804000  0.000000e+00  2.324902e+02 
    0.000   10.907000  0.000000e+00  2.324335e+02 
    0.000   11.009999  0.000000e+00  2.323752e+02 
    0.000   11.113000  0.000000e+00  2.323100e+02 
    0.000   11.214999  0.000000e+00  2.322405e+02 
    0.000   11.318000  0.000000e+00  2.321678e+02 
    0.000   11.421000  0.000000e+00  2.320912e+02 
    0.000   11.523999  0.000000e+00  2.320121e+02 
    0.000   11.627000  0.000000e+00  2.319320e+02 
    0.000   11.730000  0.000000e+00  2.318540e+02 
    0.000   11.832999  0.000000e+00  2.317779e+02 
    0.000   11.936000  0.000000e+00  2.317028e+02 
    0.000   12.039000  0.000000e+00  2.316288e+02 
    0.000   12.141999  0.000000e+00  2.315555e+02 
    0.000   12.243999  0.000000e+00  2.314837e+02 
    0.000   12.346999  0.000000e+00  2.314108e+02 
    0.000   12.450000  0.000000e+00  2.313373e+02 
    0.000   12.552999  0.000000e+00  2.312639e+02 
    0.000   12.655999  0.000000e+00  2.311908e+02 
    0.000   12.759000  0.000000e+00  2.311181e+02 
    0.000   12.862000  0.000000e+00  2.310459e+02 
    0.000   12.964999  0.000000e+00  2.309752e+02 
    0.000   13.068000  0.000000e+00  2.309067e+02 
    0.000   13.169999  0.000000e+00  2.308405e+02 
    0.000   13.273000  0.000000e+00  2.307753e+02 
    0.000   13.375999  0.000000e+00  2.307129e+02 
    0.000   13.478999  0.000000e+00  2.306526e+02 
    0.000   13.582000  0.000000e+00  2.305940e+02 
    0.000   13.684999  0.000000e+00  2.305368e+02 
    0.000   13.787999  0.000000e+00  2.304809e+02 
    0.000   13.891000  0.000000e+00  2.304261e+02 
    0.000   13.993999  0.000000e+00  2.303742e+02 
    0.000   14.096000  0.000000e+00  2.303254e+02 
    0.000   14.198999  0.000000e+00  2.302782e+02 
    0.000   14.302000  0.000000e+00  2.302332e+02 
    0.000   14.405000  0.000000e+00  2.301909e+02 
    0.000   14.507999  0.000000e+00  2.301507e+02 
    0.000   14.611000  0.000000e+00  2.301115e+02 
    0.000   14.714000  0.000000e+00  2.300716e+02 
    0.000   14.816999  0.000000e+00  2.300314e+02 
    0.000   14.919999  0.000000e+00  2.299914e+02 
    0.000   15.021999  0.000000e+00  2.299516e+02 
    0.000   15.125000  0.000000e+00  2.299110e+02 
    0.000   15.228000  0.000000e+00  2.298707e+02 
    0.000   15.330999  0.000000e+00  2.298314e+02 
    0.000   15.434000  0.000000e+00  2.297934e+02 
    0.000   15.537000  0.000000e+00  2.297568e+02 
    0.000   15.639999  0.000000e+00  2.297204e+02 
    0.000   15.743000  0.000000e+00  2.296814e+02 
    0.000   15.846000  0.000000e+00  2.296402e+02 
    0.000   15.947999  0.000000e+00  2.295985e+02 
    0.000   16.051001  0.000000e+00  2.295535e+02 
    0.000   16.154001  0.000000e+00  2.295056e+02 
    0.000   16.257000  0.000000e+00  2.294558e+02 
    0.000   16.360001  0.000000e+00  2.294051e+02 
    0.000   16.463001  0.000000e+00  2.293544e+02 
    0.000   16.566000  0.000000e+00  2.293037e+02 
    0.000   16.669001  0.000000e+00  2.292530e+02 
    0.000   16.772001  0.000000e+00  2.292046e+02 
    0.000   16.875000  0.000000e+00  2.291583e+02 
    0.000   16.977001  0.000000e+00  2.291139e+02 
    0.000   17.080000  0.000000e+00  2.290710e+02 
    0.000   17.183001  0.000000e+00  2.290309e+02 
    0.000   17.286001  0.000000e+00  2.289930e+02 
    0.000   17.389000  0.000000e+00  2.289566e+02 
    0.000   17.492001  0.000000e+00  2.289218e+02 
    0.000   17.595001  0.000000e+00  2.288884e+02 
    0.000   17.698000  0.000000e+00  2.288561e+02 
    0.000   17.801001  0.000000e+00  2.288245e+02 
    0.000   17.903000  0.000000e+00  2.287932e+02 
    0.000   18.006001  0.000000e+00  2.287619e+02 
    0.000   18.109001  0.000000e+00  2.287310e+02 
    0.000   18.212000  0.000000e+00  2.287000e+02 
    0.000   18.315001  0.000000e+00  2.286690e+02 
    0.000   18.418001  0.000000e+00  2.286382e+02 
    0.000   18.521000  0.000000e+00  2.286076e+02 
    0.000   18.624001  0.000000e+00  2.285774e+02 
    0.000   18.727001  0.000000e+00  2.285478e+02 
    0.000   18.829000  0.000000e+00  2.285189e+02 
    0.000   18.932001  0.000000e+00  2.284896e+02 
    0.000   19.035000  0.000000e+00  2.284599e+02 
    0.000   19.138000  0.000000e+00  2.284300e+02 
    0.000   19.241001  0.000000e+00  2.284000e+02 
    0.000   19.344000  0.000000e+00  2.283696e+02 
    0.000   19.447001  0.000000e+00  2.283387e+02 
    0.000   19.550001  0.000000e+00  2.283077e+02 
    0.000   19.653000  0.000000e+00  2.282765e+02 
    0.000   19.755001  0.000000e+00  2.282463e+02 
    0.000   19.858000  0.000000e+00  2.282165e+02 
    0.000   19.961000  0.000000e+00  2.281873e+02 
    0.000   20.064001  0.000000e+00  2.281585e+02 
    0.000   20.363001  0.000000e+00  2.280812e+02 
    0.000   20.859001  0.000000e+00  2.279677e+02 
    0.000   21.355001  0.000000e+00  2.278653e+02 
    0.000   21.851000  0.000000e+00  2.277747e+02 
    0.000   22.346001  0.000000e+00  2.276840e+02 
    0.000   22.842001  0.000000e+00  2.275926e+02 
    0.000   23.338001  0.000000e+00  2.275130e+02 
    0.000   23.834000  0.000000e+00  2.274524e+02 
    0.000   24.329000  0.000000e+00  2.274101e+02 
    0.000   24.825001  0.000000e+00  2.273789e+02 
    0.000   25.321001  0.000000e+00  2.273634e+02 
    0.000   25.817001  0.000000e+00  2.273616e+02 
    0.000   26.312000  0.000000e+00  2.273691e+02 
    0.000   26.808001  0.000000e+00  2.273852e+02 
    0.000   27.304001  0.000000e+00  2.274043e+02 
    0.000   27.800001  0.000000e+00  2.274243e+02 
    0.000   28.295000  0.000000e+00  2.274482e+02 
    0.000   28.791000  0.000000e+00  2.274793e+02 
    0.000   29.287001  0.000000e+00  2.275201e+02 
    0.000   29.783001  0.000000e+00  2.275691e+02 
    0.000   30.278000  0.000000e+00  2.276237e+02 
    0.000   30.774000  0.000000e+00  2.276779e+02 
    0.000   31.270000  0.000000e+00  2.277312e+02 
    0.000   31.766001  0.000000e+00  2.277841e+02 
    0.000   32.262001  0.000000e+00  2.278382e+02 
    0.000   32.757000  0.000000e+00  2.278940e+02 
    0.000   33.253002  0.000000e+00  2.279535e+02 
    0.000   33.749001  0.000000e+00  2.280166e+02 
    0.000   34.244999  0.000000e+00  2.280829e+02 
    0.000   34.740002  0.000000e+00  2.281475e+02 
    0.000   35.236000  0.000000e+00  2.282092e+02 
    0.000   35.732002  0.000000e+00  2.282665e+02 
    0.000   36.228001  0.000000e+00  2.283203e+02 
    0.000   36.723000  0.000000e+00  2.283700e+02 
    0.000   37.219002  0.000000e+00  2.284164e+02 
    0.000   37.715000  0.000000e+00  2.284607e+02 
    0.000   38.211002  0.000000e+00  2.285034e+02 
    0.000   38.706001  0.000000e+00  2.285463e+02 
    0.000   39.202000  0.000000e+00  2.285903e+02 
    0.000   39.698002  0.000000e+00  2.286370e+02 
    0.000   40.198002  0.000000e+00  2.286880e+02 
    0.000   45.198002  0.000000e+00  2.291395e+02 
    0.000   50.198002  0.000000e+00  2.293633e+02 
    0.000   55.198002  0.000000e+00  2.293624e+02 
    0.000   60.198002  0.000000e+00  2.292938e+02 
    0.000   65.197998  0.000000e+00  2.292416e+02 
