    0.000    0.000000  0.000000e+00  3.517578e+02 
    0.000    0.103000  0.000000e+00  3.509207e+02 
    0.000    0.205000  0.000000e+00  3.497127e+02 
    0.000    0.308000  0.000000e+00  3.483670e+02 
    0.000    0.411000  0.000000e+00  3.470028e+02 
    0.000    0.514000  0.000000e+00  3.455873e+02 
    0.000    0.617000  0.000000e+00  3.440593e+02 
    0.000    0.720000  0.000000e+00  3.425176e+02 
    0.000    0.823000  0.000000e+00  3.409356e+02 
    0.000    0.926000  0.000000e+00  3.393485e+02 
    0.000    1.029000  0.000000e+00  3.377860e+02 
    0.000    1.131000  0.000000e+00  3.362749e+02 
    0.000    1.234000  0.000000e+00  3.347090e+02 
    0.000    1.337000  0.000000e+00  3.331339e+02 
    0.000    1.440000  0.000000e+00  3.314395e+02 
    0.000    1.543000  0.000000e+00  3.296205e+02 
    0.000    1.646000  0.000000e+00  3.126358e+02 
    0.000    1.749000  0.000000e+00  3.073674e+02 
    0.000    1.852000  0.000000e+00  3.043066e+02 
    0.000    1.955000  0.000000e+00  3.018817e+02 
    0.000    2.057000  0.000000e+00  2.997882e+02 
    0.000    2.160000  0.000000e+00  2.978339e+02 
    0.000    2.263000  0.000000e+00  2.967695e+02 
    0.000    2.366000  0.000000e+00  2.957041e+02 
    0.000    2.469000  0.000000e+00  2.946017e+02 
    0.000    2.572000  0.000000e+00  2.934704e+02 
    0.000    2.675000  0.000000e+00  2.922921e+02 
    0.000    2.778000  0.000000e+00  2.910637e+02 
    0.000    2.881000  0.000000e+00  2.898291e+02 
    0.000    2.983000  0.000000e+00  2.886230e+02 
    0.000    3.086000  0.000000e+00  2.874110e+02 
    0.000    3.189000  0.000000e+00  2.861725e+02 
    0.000    3.292000  0.000000e+00  2.849248e+02 
    0.000    3.395000  0.000000e+00  2.836861e+02 
    0.000    3.498000  0.000000e+00  2.824570e+02 
    0.000    3.601000  0.000000e+00  2.812331e+02 
    0.000    3.704000  0.000000e+00  2.800113e+02 
    0.000    3.807000  0.000000e+00  2.787942e+02 
    0.000    3.910000  0.000000e+00  2.775572e+02 
    0.000    4.012000  0.000000e+00  2.763220e+02 
    0.000    4.115000  0.000000e+00  2.750827e+02 
    0.000    4.218000  0.000000e+00  2.738552e+02 
    0.000    4.321000  0.000000e+00  2.726414e+02 
    0.000    4.424000  0.000000e+00  2.714424e+02 
    0.000    4.527000  0.000000e+00  2.702624e+02 
    0.000    4.630000  0.000000e+00  2.690964e+02 
    0.000    4.733000  0.000000e+00  2.679307e+02 
    0.000    4.836000  0.000000e+00  2.667773e+02 
    0.000    4.938000  0.000000e+00  2.656378e+02 
    0.000    5.041000  0.000000e+00  2.644934e+02 
    0.000    5.144000  0.000000e+00  2.633643e+02 
    0.000    5.247000  0.000000e+00  2.622490e+02 
    0.000    5.350000  0.000000e+00  2.611503e+02 
    0.000    5.453000  0.000000e+00  2.600689e+02 
    0.000    5.556000  0.000000e+00  2.589953e+02 
    0.000    5.659000  0.000000e+00  2.579355e+02 
    0.000    5.762000  0.000000e+00  2.568697e+02 
    0.000    5.864000  0.000000e+00  2.558614e+02 
    0.000    5.967000  0.000000e+00  2.548427e+02 
    0.000    6.070000  0.000000e+00  2.538500e+02 
    0.000    6.173000  0.000000e+00  2.528518e+02 
    0.000    6.276000  0.000000e+00  2.518832e+02 
    0.000    6.379000  0.000000e+00  2.508708e+02 
    0.000    6.482000  0.000000e+00  2.498454e+02 
    0.000    6.585000  0.000000e+00  2.487920e+02 
    0.000    6.688000  0.000000e+00  2.477493e+02 
    0.000    6.790000  0.000000e+00  2.467380e+02 
    0.000    6.893000  0.000000e+00  2.457704e+02 
    0.000    6.996000  0.000000e+00  2.448914e+02 
    0.000    7.099000  0.000000e+00  2.440932e+02 
    0.000    7.202000  0.000000e+00  2.435519e+02 
    0.000    7.305000  0.000000e+00  2.431315e+02 
    0.000    7.408000  0.000000e+00  2.427710e+02 
    0.000    7.511000  0.000000e+00  2.425311e+02 
    0.000    7.614000  0.000000e+00  2.423272e+02 
    0.000    7.716000  0.000000e+00  2.422112e+02 
    0.000    7.819000  0.000000e+00  2.421058e+02 
    0.000    7.922000  0.000000e+00  2.420220e+02 
    0.000    8.025001  0.000000e+00  2.419236e+02 
    0.000    8.128000  0.000000e+00  2.417770e+02 
    0.000    8.231000  0.000000e+00  2.416323e+02 
    0.000    8.334001  0.000000e+00  2.414432e+02 
    0.000    8.437000  0.000000e+00  2.412378e+02 
    0.000    8.540000  0.000000e+00  2.410549e+02 
    0.000    8.642000  0.000000e+00  2.408625e+02 
    0.000    8.745000  0.000000e+00  2.406622e+02 
    0.000    8.848001  0.000000e+00  2.404348e+02 
    0.000    8.951000  0.000000e+00  2.401182e+02 
    0.000    9.054000  0.000000e+00  2.399464e+02 
    0.000    9.157001  0.000000e+00  2.398135e+02 
    0.000    9.260000  0.000000e+00  2.397029e+02 
    0.000    9.363000  0.000000e+00  2.396080e+02 
    0.000    9.466001  0.000000e+00  2.395222e+02 
    0.000    9.568000  0.000000e+00  2.394439e+02 
    0.000    9.671000  0.000000e+00  2.393701e+02 
    0.000    9.774000  0.000000e+00  2.393039e+02 
    0.000    9.877000  0.000000e+00  2.392502e+02 
    0.000    9.980000  0.000000e+00  2.392055e+02 
    0.000   10.083000  0.000000e+00  2.391627e+02 
    0.000   10.186000  0.000000e+00  2.391136e+02 
    0.000   10.289001  0.000000e+00  2.390613e+02 
    0.000   10.392000  0.000000e+00  2.390109e+02 
    0.000   10.495000  0.000000e+00  2.389665e+02 
    0.000   10.597000  0.000000e+00  2.389273e+02 
    0.000   10.700000  0.000000e+00  2.388865e+02 
    0.000   10.803000  0.000000e+00  2.388366e+02 
    0.000   10.906000  0.000000e+00  2.387811e+02 
    0.000   11.009000  0.000000e+00  2.387204e+02 
    0.000   11.112000  0.000000e+00  2.386500e+02 
    0.000   11.215000  0.000000e+00  2.385730e+02 
    0.000   11.318000  0.000000e+00  2.384922e+02 
    0.000   11.421000  0.000000e+00  2.384080e+02 
    0.000   11.523000  0.000000e+00  2.383221e+02 
    0.000   11.626000  0.000000e+00  2.382338e+02 
    0.000   11.729000  0.000000e+00  2.381436e+02 
    0.000   11.832000  0.000000e+00  2.380520e+02 
    0.000   11.935000  0.000000e+00  2.379598e+02 
    0.000   12.038000  0.000000e+00  2.378677e+02 
    0.000   12.141000  0.000000e+00  2.377758e+02 
    0.000   12.244000  0.000000e+00  2.376840e+02 
    0.000   12.347000  0.000000e+00  2.375979e+02 
    0.000   12.449000  0.000000e+00  2.375174e+02 
    0.000   12.552000  0.000000e+00  2.374394e+02 
    0.000   12.655000  0.000000e+00  2.373652e+02 
    0.000   12.758000  0.000000e+00  2.372947e+02 
    0.000   12.861000  0.000000e+00  2.372268e+02 
    0.000   12.964000  0.000000e+00  2.371617e+02 
    0.000   13.067000  0.000000e+00  2.370994e+02 
    0.000   13.170000  0.000000e+00  2.370394e+02 
    0.000   13.273000  0.000000e+00  2.369809e+02 
    0.000   13.375000  0.000000e+00  2.369241e+02 
    0.000   13.478001  0.000000e+00  2.368679e+02 
    0.000   13.581000  0.000000e+00  2.368125e+02 
    0.000   13.684000  0.000000e+00  2.367569e+02 
    0.000   13.787000  0.000000e+00  2.367014e+02 
    0.000   13.890000  0.000000e+00  2.366462e+02 
    0.000   13.993000  0.000000e+00  2.365925e+02 
    0.000   14.096000  0.000000e+00  2.365404e+02 
    0.000   14.199000  0.000000e+00  2.364893e+02 
    0.000   14.301001  0.000000e+00  2.364401e+02 
    0.000   14.404000  0.000000e+00  2.363917e+02 
    0.000   14.507000  0.000000e+00  2.363446e+02 
    0.000   14.610001  0.000000e+00  2.362980e+02 
    0.000   14.713000  0.000000e+00  2.362510e+02 
    0.000   14.816000  0.000000e+00  2.362039e+02 
    0.000   14.919001  0.000000e+00  2.361571e+02 
    0.000   15.022000  0.000000e+00  2.361103e+02 
    0.000   15.125000  0.000000e+00  2.360637e+02 
    0.000   15.228001  0.000000e+00  2.360173e+02 
    0.000   15.330000  0.000000e+00  2.359712e+02 
    0.000   15.433001  0.000000e+00  2.359240e+02 
    0.000   15.536000  0.000000e+00  2.358765e+02 
    0.000   15.639000  0.000000e+00  2.358299e+02 
    0.000   15.742001  0.000000e+00  2.357870e+02 
    0.000   15.845000  0.000000e+00  2.357470e+02 
    0.000   15.948001  0.000000e+00  2.357089e+02 
    0.000   16.050999  0.000000e+00  2.356714e+02 
    0.000   16.153999  0.000000e+00  2.356340e+02 
    0.000   16.255999  0.000000e+00  2.355975e+02 
    0.000   16.358999  0.000000e+00  2.355595e+02 
    0.000   16.462000  0.000000e+00  2.355186e+02 
    0.000   16.564999  0.000000e+00  2.354756e+02 
    0.000   16.667999  0.000000e+00  2.354315e+02 
    0.000   16.771000  0.000000e+00  2.353872e+02 
    0.000   16.873999  0.000000e+00  2.353429e+02 
    0.000   16.976999  0.000000e+00  2.352986e+02 
    0.000   17.080000  0.000000e+00  2.352544e+02 
    0.000   17.181999  0.000000e+00  2.352110e+02 
    0.000   17.285000  0.000000e+00  2.351673e+02 
    0.000   17.387999  0.000000e+00  2.351238e+02 
    0.000   17.490999  0.000000e+00  2.350812e+02 
    0.000   17.594000  0.000000e+00  2.350394e+02 
    0.000   17.696999  0.000000e+00  2.349981e+02 
    0.000   17.799999  0.000000e+00  2.349579e+02 
    0.000   17.903000  0.000000e+00  2.349193e+02 
    0.000   18.005999  0.000000e+00  2.348821e+02 
    0.000   18.108000  0.000000e+00  2.348462e+02 
    0.000   18.210999  0.000000e+00  2.348115e+02 
    0.000   18.313999  0.000000e+00  2.347782e+02 
    0.000   18.417000  0.000000e+00  2.347461e+02 
    0.000   18.519999  0.000000e+00  2.347149e+02 
    0.000   18.622999  0.000000e+00  2.346842e+02 
    0.000   18.726000  0.000000e+00  2.346540e+02 
    0.000   18.828999  0.000000e+00  2.346244e+02 
    0.000   18.931999  0.000000e+00  2.345954e+02 
    0.000   19.033998  0.000000e+00  2.345674e+02 
    0.000   19.136999  0.000000e+00  2.345398e+02 
    0.000   19.240000  0.000000e+00  2.345128e+02 
    0.000   19.342999  0.000000e+00  2.344852e+02 
    0.000   19.445999  0.000000e+00  2.344569e+02 
    0.000   19.549000  0.000000e+00  2.344281e+02 
    0.000   19.651999  0.000000e+00  2.343991e+02 
    0.000   19.754999  0.000000e+00  2.343697e+02 
    0.000   19.858000  0.000000e+00  2.343398e+02 
    0.000   19.959999  0.000000e+00  2.343098e+02 
    0.000   20.063000  0.000000e+00  2.342794e+02 
    0.000   20.362999  0.000000e+00  2.341929e+02 
    0.000   20.858000  0.000000e+00  2.340626e+02 
    0.000   21.354000  0.000000e+00  2.339556e+02 
    0.000   21.849998  0.000000e+00  2.338642e+02 
    0.000   22.345999  0.000000e+00  2.337764e+02 
    0.000   22.841000  0.000000e+00  2.336852e+02 
    0.000   23.337000  0.000000e+00  2.335966e+02 
    0.000   23.832998  0.000000e+00  2.335239e+02 
    0.000   24.328999  0.000000e+00  2.334777e+02 
    0.000   24.823999  0.000000e+00  2.334588e+02 
    0.000   25.320000  0.000000e+00  2.334541e+02 
    0.000   25.816000  0.000000e+00  2.334481e+02 
    0.000   26.311998  0.000000e+00  2.334482e+02 
    0.000   26.806999  0.000000e+00  2.334549e+02 
    0.000   27.302999  0.000000e+00  2.334668e+02 
    0.000   27.799000  0.000000e+00  2.334869e+02 
    0.000   28.295000  0.000000e+00  2.335170e+02 
    0.000   28.789999  0.000000e+00  2.335510e+02 
    0.000   29.285999  0.000000e+00  2.335907e+02 
    0.000   29.782000  0.000000e+00  2.336371e+02 
    0.000   30.278000  0.000000e+00  2.336894e+02 
    0.000   30.772999  0.000000e+00  2.337447e+02 
    0.000   31.268999  0.000000e+00  2.338017e+02 
    0.000   31.764999  0.000000e+00  2.338600e+02 
    0.000   32.261002  0.000000e+00  2.339188e+02 
    0.000   32.756001  0.000000e+00  2.339774e+02 
    0.000   33.252003  0.000000e+00  2.340343e+02 
    0.000   33.748001  0.000000e+00  2.340910e+02 
    0.000   34.243999  0.000000e+00  2.341486e+02 
    0.000   34.740002  0.000000e+00  2.342088e+02 
    0.000   35.235001  0.000000e+00  2.342710e+02 
    0.000   35.731003  0.000000e+00  2.343311e+02 
    0.000   36.227001  0.000000e+00  2.343885e+02 
    0.000   36.723000  0.000000e+00  2.344411e+02 
    0.000   37.218002  0.000000e+00  2.344894e+02 
    0.000   37.714001  0.000000e+00  2.345341e+02 
    0.000   38.210003  0.000000e+00  2.345757e+02 
    0.000   38.706001  0.000000e+00  2.346175e+02 
    0.000   39.201000  0.000000e+00  2.346602e+02 
    0.000   39.697002  0.000000e+00  2.347061e+02 
    0.000   40.197002  0.000000e+00  2.347565e+02 
    0.000   45.197002  0.000000e+00  2.352049e+02 
    0.000   50.197002  0.000000e+00  2.354313e+02 
    0.000   55.197002  0.000000e+00  2.354250e+02 
    0.000   60.197002  0.000000e+00  2.353577e+02 
    0.000   65.196999  0.000000e+00  2.353053e+02 
