   66.785    0.000000  0.000000e+00  8.975888e-01 
   66.785    0.102000  0.000000e+00  9.154111e-01 
   66.785    0.205000  0.000000e+00  9.333925e-01 
   66.785    0.308000  0.000000e+00  9.571204e-01 
   66.785    0.411000  0.000000e+00  9.887232e-01 
   66.785    0.514000  0.000000e+00  1.038564e+00 
   66.785    0.617000  0.000000e+00  1.126535e+00 
   66.785    0.720000  0.000000e+00  6.941057e+00 
   66.785    0.823000  0.000000e+00  1.544781e+01 
   66.785    0.926000  0.000000e+00  2.637603e+01 
   66.785    1.028000  0.000000e+00  3.940506e+01 
   66.785    1.131000  0.000000e+00  5.469212e+01 
   66.785    1.234000  0.000000e+00  7.210087e+01 
   66.785    1.337000  0.000000e+00  9.173530e+01 
   66.785    1.440000  0.000000e+00  1.138438e+02 
   66.785    1.543000  0.000000e+00  1.389079e+02 
   66.785    1.646000  3.542825e-34  1.679096e+02 
   66.785    1.749000  2.277532e+01  3.093374e+02 
   66.785    1.852000  2.593389e+01  3.103779e+02 
   66.785    1.954000  2.844941e+01  3.110749e+02 
   66.785    2.057000  3.035903e+01  3.114965e+02 
   66.785    2.160000  3.197300e+01  3.118103e+02 
   66.785    2.263000  3.313100e+01  3.119631e+02 
   66.785    2.366000  3.403595e+01  3.120428e+02 
   66.785    2.469000  3.471047e+01  3.120579e+02 
   66.785    2.572000  3.522445e+01  3.120335e+02 
   66.785    2.675000  3.573133e+01  3.120281e+02 
   66.785    2.778000  3.630341e+01  3.120670e+02 
   66.785    2.881000  3.700091e+01  3.121706e+02 
   66.785    2.983000  3.787406e+01  3.123558e+02 
   66.785    3.086000  3.890467e+01  3.126076e+02 
   66.785    3.189000  4.043239e+01  3.130511e+02 
   66.785    3.292000  4.284209e+01  3.138069e+02 
   66.785    3.395000  4.633606e+01  3.149003e+02 
   66.785    3.498000  5.072839e+01  3.162117e+02 
   66.785    3.601000  5.715673e+01  3.180225e+02 
   66.785    3.704000  6.653151e+01  3.204247e+02 
   66.785    3.807000  8.008671e+01  3.234753e+02 
   66.785    3.909000  9.655202e+01  3.266505e+02 
   66.785    4.012000  1.187515e+02  3.302825e+02 
   66.785    4.115000  1.498683e+02  3.344884e+02 
   66.785    4.218000  1.910402e+02  3.389553e+02 
   66.785    4.321000  2.378025e+02  3.429849e+02 
   66.785    4.424000  2.749914e+02  3.455898e+02 
   66.785    4.527000  2.998301e+02  3.470724e+02 
   66.785    4.630000  3.123792e+02  3.477134e+02 
   66.785    4.733000  3.135331e+02  3.476758e+02 
   66.785    4.835000  3.146566e+02  3.476523e+02 
   66.785    4.938000  3.157711e+02  3.476398e+02 
   66.785    5.041000  3.168651e+02  3.476366e+02 
   66.785    5.144000  3.179367e+02  3.476416e+02 
   66.785    5.247000  3.195113e+02  3.477042e+02 
   66.785    5.350000  3.210767e+02  3.477738e+02 
   66.785    5.453000  3.226507e+02  3.478517e+02 
   66.785    5.556000  3.242709e+02  3.479403e+02 
   66.785    5.659000  3.285916e+02  3.481773e+02 
   66.785    5.761000  3.329914e+02  3.484202e+02 
   66.785    5.864000  3.376062e+02  3.486766e+02 
   66.785    5.967000  3.423769e+02  3.489427e+02 
   66.785    6.070000  3.473173e+02  3.492181e+02 
   66.785    6.173000  3.524017e+02  3.495001e+02 
   66.785    6.276000  3.575240e+02  3.497815e+02 
   66.785    6.379000  3.584918e+02  3.498249e+02 
   66.785    6.482000  3.594572e+02  3.498700e+02 
   66.785    6.585000  3.604229e+02  3.499163e+02 
   66.785    6.687000  3.613824e+02  3.499628e+02 
   66.785    6.790000  3.623550e+02  3.500104e+02 
   66.785    6.893000  3.633151e+02  3.500589e+02 
   66.785    6.996000  3.642409e+02  3.501087e+02 
   66.785    7.099000  3.651227e+02  3.501598e+02 
   66.785    7.202000  3.659481e+02  3.502119e+02 
   66.785    7.305000  3.667092e+02  3.502645e+02 
   66.785    7.408000  3.674040e+02  3.503174e+02 
   66.785    7.511000  3.680392e+02  3.503703e+02 
   66.785    7.613000  3.686092e+02  3.504225e+02 
   66.785    7.716000  3.691456e+02  3.504748e+02 
   66.785    7.819000  3.696698e+02  3.505266e+02 
   66.785    7.922000  3.701877e+02  3.505779e+02 
   66.785    8.025001  3.707000e+02  3.506288e+02 
   66.785    8.128000  3.712082e+02  3.506791e+02 
   66.785    8.231001  3.717120e+02  3.507289e+02 
   66.785    8.334001  3.722072e+02  3.507778e+02 
   66.785    8.437000  3.726900e+02  3.508256e+02 
   66.785    8.539001  3.731557e+02  3.508717e+02 
   66.785    8.642000  3.736167e+02  3.509169e+02 
   66.785    8.745001  4.625359e+02  3.577654e+02 
   66.785    8.848001  4.631299e+02  3.578037e+02 
   66.785    8.951000  4.637146e+02  3.578409e+02 
   66.785    9.054001  4.642895e+02  3.578767e+02 
   66.785    9.157001  4.648515e+02  3.579112e+02 
   66.785    9.260000  4.654007e+02  3.579442e+02 
   66.785    9.363001  4.659367e+02  3.579756e+02 
   66.785    9.466001  4.664599e+02  3.580058e+02 
   66.785    9.568001  4.669658e+02  3.580345e+02 
   66.785    9.671000  4.674645e+02  3.580624e+02 
   66.785    9.774000  4.679513e+02  3.580893e+02 
   66.785    9.877001  4.684261e+02  3.581151e+02 
   66.785    9.980000  4.688891e+02  3.581398e+02 
   66.785   10.083000  4.693757e+02  3.581625e+02 
   66.785   10.186001  4.698546e+02  3.581843e+02 
   66.785   10.289001  4.703263e+02  3.582052e+02 
   66.785   10.392000  4.707907e+02  3.582251e+02 
   66.785   10.494000  4.712429e+02  3.582440e+02 
   66.785   10.597000  4.716917e+02  3.582623e+02 
   66.785   10.700001  4.721328e+02  3.582798e+02 
   66.785   10.803000  4.725669e+02  3.582970e+02 
   66.785   10.906000  4.729939e+02  3.583138e+02 
   66.785   11.009001  4.734148e+02  3.583302e+02 
   66.785   11.112000  4.738307e+02  3.583464e+02 
   66.785   11.215000  4.742420e+02  3.583624e+02 
   66.785   11.318001  4.746484e+02  3.583783e+02 
   66.785   11.420000  4.750458e+02  3.583939e+02 
   66.785   11.523001  4.754419e+02  3.584095e+02 
   66.785   11.626000  4.758326e+02  3.584250e+02 
   66.785   11.729000  4.762178e+02  3.584404e+02 
   66.785   11.832001  4.765975e+02  3.584558e+02 
   66.785   11.935000  4.769717e+02  3.584711e+02 
   66.785   12.038000  4.773406e+02  3.584864e+02 
   66.785   12.141001  4.777042e+02  3.585015e+02 
   66.785   12.244000  4.780627e+02  3.585165e+02 
   66.785   12.346001  4.784125e+02  3.585312e+02 
   66.785   12.449000  4.787608e+02  3.585458e+02 
   66.785   12.552000  4.791041e+02  3.585602e+02 
   66.785   12.655001  4.794427e+02  3.585743e+02 
   66.785   12.758000  4.797766e+02  3.585880e+02 
   66.785   12.861000  4.801064e+02  3.586014e+02 
   66.785   12.964001  4.804321e+02  3.586143e+02 
   66.785   13.067000  4.807540e+02  3.586267e+02 
   66.785   13.170000  4.810719e+02  3.586387e+02 
   66.785   13.272000  4.813830e+02  3.586500e+02 
   66.785   13.375000  4.816935e+02  3.586609e+02 
   66.785   13.478001  4.820004e+02  3.586713e+02 
   66.785   13.581000  4.823037e+02  3.586811e+02 
   66.785   13.684000  4.826037e+02  3.586904e+02 
   66.785   13.787001  4.829002e+02  3.586991e+02 
   66.785   13.890000  4.831935e+02  3.587073e+02 
   66.785   13.993000  4.834834e+02  3.587148e+02 
   66.785   14.096001  4.837702e+02  3.587217e+02 
   66.785   14.199000  4.840538e+02  3.587279e+02 
   66.785   14.301001  4.843315e+02  3.587335e+02 
   66.785   14.404000  4.846088e+02  3.587384e+02 
   66.785   14.507000  4.848830e+02  3.587428e+02 
   66.785   14.610001  4.851541e+02  3.587466e+02 
   66.785   14.713000  4.854221e+02  3.587499e+02 
   66.785   14.816000  4.856870e+02  3.587527e+02 
   66.785   14.919001  4.859487e+02  3.587552e+02 
   66.785   15.022000  4.862073e+02  3.587573e+02 
   66.785   15.125000  4.864628e+02  3.587591e+02 
   66.785   15.227000  4.867126e+02  3.587606e+02 
   66.785   15.330001  4.869619e+02  3.587618e+02 
   66.785   15.433001  4.872081e+02  3.587628e+02 
   66.785   15.536000  4.874514e+02  3.587635e+02 
   66.785   15.639001  4.876917e+02  3.587639e+02 
   66.785   15.742001  4.879290e+02  3.587641e+02 
   66.785   15.845000  4.881635e+02  3.587640e+02 
   66.785   15.948001  4.883954e+02  3.587637e+02 
   66.785   16.050999  4.886247e+02  3.587631e+02 
   66.785   16.153000  4.888494e+02  3.587621e+02 
   66.785   16.255999  4.890738e+02  3.587608e+02 
   66.785   16.358999  4.892958e+02  3.587592e+02 
   66.785   16.462000  4.895156e+02  3.587571e+02 
   66.785   16.564999  4.897331e+02  3.587547e+02 
   66.785   16.667999  4.899483e+02  3.587520e+02 
   66.785   16.771000  4.901614e+02  3.587488e+02 
   66.785   16.873999  4.903725e+02  3.587452e+02 
   66.785   16.976999  4.905815e+02  3.587412e+02 
   66.785   17.078999  4.907867e+02  3.587368e+02 
   66.785   17.181999  4.909923e+02  3.587317e+02 
   66.785   17.285000  4.911965e+02  3.587258e+02 
   66.785   17.387999  4.913992e+02  3.587193e+02 
   66.785   17.490999  4.916006e+02  3.587121e+02 
   66.785   17.594000  4.918009e+02  3.587039e+02 
   66.785   17.696999  4.920001e+02  3.586950e+02 
   66.785   17.799999  4.921979e+02  3.586854e+02 
   66.785   17.903000  4.923944e+02  3.586751e+02 
   66.785   18.004999  4.925877e+02  3.586643e+02 
   66.785   18.108000  4.927814e+02  3.586528e+02 
   66.785   18.210999  4.929734e+02  3.586409e+02 
   66.785   18.313999  4.931637e+02  3.586287e+02 
   66.785   18.417000  4.933522e+02  3.586163e+02 
   66.785   18.519999  4.935389e+02  3.586035e+02 
   66.785   18.622999  4.937239e+02  3.585904e+02 
   66.785   18.726000  4.939074e+02  3.585769e+02 
   66.785   18.828999  4.940892e+02  3.585630e+02 
   66.785   18.931999  4.942694e+02  3.585488e+02 
   66.785   19.034000  4.944467e+02  3.585342e+02 
   66.785   19.136999  4.946245e+02  3.585190e+02 
   66.785   19.240000  4.948011e+02  3.585033e+02 
   66.785   19.343000  4.949765e+02  3.584872e+02 
   66.785   19.445999  4.951505e+02  3.584706e+02 
   66.785   19.549000  4.953234e+02  3.584537e+02 
   66.785   19.652000  4.954949e+02  3.584365e+02 
   66.785   19.754999  4.956650e+02  3.584189e+02 
   66.785   19.858000  4.958338e+02  3.584011e+02 
   66.785   19.959999  4.959996e+02  3.583832e+02 
   66.785   20.063000  4.961661e+02  3.583647e+02 
   66.785   20.362999  4.966453e+02  3.583081e+02 
   66.785   20.858000  4.974130e+02  3.582102e+02 
   66.785   21.354000  4.981537e+02  3.581066e+02 
   66.785   21.850000  4.988684e+02  3.579972e+02 
   66.785   22.345999  4.995532e+02  3.578860e+02 
   66.785   22.841000  5.001999e+02  3.577794e+02 
   66.785   23.337000  5.008061e+02  3.576806e+02 
   66.785   23.833000  5.013707e+02  3.575906e+02 
   66.785   24.328999  5.018983e+02  3.575071e+02 
   66.785   24.823999  5.023928e+02  3.574279e+02 
   66.785   25.320000  5.028575e+02  3.573524e+02 
   66.785   25.816000  5.032917e+02  3.572820e+02 
   66.785   26.312000  5.036967e+02  3.572165e+02 
   66.785   26.806999  5.040750e+02  3.571550e+02 
   66.785   27.302999  5.044302e+02  3.570962e+02 
   66.785   27.799000  5.047626e+02  3.570403e+02 
   66.785   28.295000  5.050731e+02  3.569874e+02 
   66.785   28.789999  5.053633e+02  3.569373e+02 
   66.785   29.285999  5.056372e+02  3.568892e+02 
   66.785   29.782000  5.058973e+02  3.568425e+02 
   66.785   30.278000  5.061456e+02  3.567967e+02 
   66.785   30.772999  5.063836e+02  3.567519e+02 
   66.785   31.268999  5.066139e+02  3.567078e+02 
   66.785   31.764999  5.068375e+02  3.566646e+02 
   66.785   32.260998  5.070570e+02  3.566224e+02 
   66.785   32.756001  5.072735e+02  3.565815e+02 
   66.785   33.251999  5.074896e+02  3.565420e+02 
   66.785   33.748001  5.077064e+02  3.565042e+02 
   66.785   34.243999  5.079253e+02  3.564685e+02 
   66.785   34.738998  5.081472e+02  3.564349e+02 
   66.785   35.235001  5.083741e+02  3.564034e+02 
   66.785   35.730999  5.086068e+02  3.563739e+02 
   66.785   36.227001  5.088455e+02  3.563465e+02 
   66.785   36.722000  5.090895e+02  3.563209e+02 
   66.785   37.217999  5.093391e+02  3.562970e+02 
   66.785   37.714001  5.095926e+02  3.562747e+02 
   66.785   38.209999  5.098485e+02  3.562540e+02 
   66.785   38.704998  5.101041e+02  3.562350e+02 
   66.785   39.201000  5.103588e+02  3.562174e+02 
   66.785   39.696999  5.106097e+02  3.562015e+02 
   66.785   40.196999  5.108534e+02  3.561886e+02 
   66.785   45.196999  5.127482e+02  3.561292e+02 
   66.785   50.196999  5.134588e+02  3.561158e+02 
   66.785   55.196999  5.137137e+02  3.561145e+02 
   66.785   60.196999  5.145091e+02  3.561159e+02 
   66.785   65.197006  5.157626e+02  3.561174e+02 
