    0.000    0.000000  0.000000e+00  3.493403e+02 
    0.000    0.103000  0.000000e+00  3.484821e+02 
    0.000    0.206000  0.000000e+00  3.471667e+02 
    0.000    0.309000  0.000000e+00  3.457919e+02 
    0.000    0.412000  0.000000e+00  3.442699e+02 
    0.000    0.515000  0.000000e+00  3.427726e+02 
    0.000    0.618000  0.000000e+00  3.412917e+02 
    0.000    0.721000  0.000000e+00  3.397899e+02 
    0.000    0.823000  0.000000e+00  3.382894e+02 
    0.000    0.926000  0.000000e+00  3.367304e+02 
    0.000    1.029000  0.000000e+00  3.351623e+02 
    0.000    1.132000  0.000000e+00  3.337214e+02 
    0.000    1.235000  0.000000e+00  3.322206e+02 
    0.000    1.338000  0.000000e+00  3.307457e+02 
    0.000    1.441000  0.000000e+00  3.292028e+02 
    0.000    1.544000  0.000000e+00  3.275522e+02 
    0.000    1.647000  0.000000e+00  3.259434e+02 
    0.000    1.749000  0.000000e+00  3.244875e+02 
    0.000    1.852000  0.000000e+00  3.213860e+02 
    0.000    1.955000  0.000000e+00  3.183781e+02 
    0.000    2.058000  0.000000e+00  3.154175e+02 
    0.000    2.161000  0.000000e+00  3.140991e+02 
    0.000    2.264000  0.000000e+00  3.127327e+02 
    0.000    2.367000  0.000000e+00  3.114277e+02 
    0.000    2.470000  0.000000e+00  3.101381e+02 
    0.000    2.573000  0.000000e+00  3.088448e+02 
    0.000    2.675000  0.000000e+00  3.075261e+02 
    0.000    2.778000  0.000000e+00  3.061488e+02 
    0.000    2.881000  0.000000e+00  3.047673e+02 
    0.000    2.984000  0.000000e+00  3.034044e+02 
    0.000    3.087000  0.000000e+00  3.020532e+02 
    0.000    3.190000  0.000000e+00  3.006937e+02 
    0.000    3.293000  0.000000e+00  2.993384e+02 
    0.000    3.396000  0.000000e+00  2.980009e+02 
    0.000    3.499000  0.000000e+00  2.966810e+02 
    0.000    3.601000  0.000000e+00  2.953915e+02 
    0.000    3.704000  0.000000e+00  2.941154e+02 
    0.000    3.807000  0.000000e+00  2.928582e+02 
    0.000    3.910000  0.000000e+00  2.915870e+02 
    0.000    4.013000  0.000000e+00  2.903146e+02 
    0.000    4.116000  0.000000e+00  2.890532e+02 
    0.000    4.219000  0.000000e+00  2.878086e+02 
    0.000    4.322000  0.000000e+00  2.865829e+02 
    0.000    4.425000  0.000000e+00  2.853657e+02 
    0.000    4.528000  0.000000e+00  2.841632e+02 
    0.000    4.630000  0.000000e+00  2.829803e+02 
    0.000    4.733000  0.000000e+00  2.817804e+02 
    0.000    4.836000  0.000000e+00  2.805899e+02 
    0.000    4.939000  0.000000e+00  2.794117e+02 
    0.000    5.042000  0.000000e+00  2.782465e+02 
    0.000    5.145000  0.000000e+00  2.771006e+02 
    0.000    5.248000  0.000000e+00  2.759697e+02 
    0.000    5.351000  0.000000e+00  2.748567e+02 
    0.000    5.454000  0.000000e+00  2.737640e+02 
    0.000    5.556000  0.000000e+00  2.726926e+02 
    0.000    5.659000  0.000000e+00  2.716302e+02 
    0.000    5.762000  0.000000e+00  2.705891e+02 
    0.000    5.865000  0.000000e+00  2.695679e+02 
    0.000    5.968000  0.000000e+00  2.685685e+02 
    0.000    6.071000  0.000000e+00  2.675936e+02 
    0.000    6.174000  0.000000e+00  2.666422e+02 
    0.000    6.277000  0.000000e+00  2.657124e+02 
    0.000    6.380000  0.000000e+00  2.648029e+02 
    0.000    6.482000  0.000000e+00  2.639178e+02 
    0.000    6.585000  0.000000e+00  2.630491e+02 
    0.000    6.688000  0.000000e+00  2.622234e+02 
    0.000    6.791000  0.000000e+00  2.614296e+02 
    0.000    6.894000  0.000000e+00  2.606927e+02 
    0.000    6.997000  0.000000e+00  2.600307e+02 
    0.000    7.100000  0.000000e+00  2.594221e+02 
    0.000    7.203000  0.000000e+00  2.589284e+02 
    0.000    7.306000  0.000000e+00  2.585401e+02 
    0.000    7.408000  0.000000e+00  2.582221e+02 
    0.000    7.511000  0.000000e+00  2.580166e+02 
    0.000    7.614000  0.000000e+00  2.578889e+02 
    0.000    7.717000  0.000000e+00  2.577994e+02 
    0.000    7.820000  0.000000e+00  2.577276e+02 
    0.000    7.923000  0.000000e+00  2.576706e+02 
    0.000    8.026000  0.000000e+00  2.575993e+02 
    0.000    8.129001  0.000000e+00  2.574894e+02 
    0.000    8.232000  0.000000e+00  2.573576e+02 
    0.000    8.334001  0.000000e+00  2.572087e+02 
    0.000    8.437000  0.000000e+00  2.570427e+02 
    0.000    8.540000  0.000000e+00  2.568684e+02 
    0.000    8.643001  0.000000e+00  2.566927e+02 
    0.000    8.746000  0.000000e+00  2.565168e+02 
    0.000    8.849000  0.000000e+00  2.563401e+02 
    0.000    8.952001  0.000000e+00  2.561707e+02 
    0.000    9.055000  0.000000e+00  2.560064e+02 
    0.000    9.158000  0.000000e+00  2.558470e+02 
    0.000    9.260000  0.000000e+00  2.557137e+02 
    0.000    9.363000  0.000000e+00  2.555971e+02 
    0.000    9.466001  0.000000e+00  2.554915e+02 
    0.000    9.569000  0.000000e+00  2.553977e+02 
    0.000    9.672000  0.000000e+00  2.553131e+02 
    0.000    9.775001  0.000000e+00  2.552360e+02 
    0.000    9.878000  0.000000e+00  2.551661e+02 
    0.000    9.981000  0.000000e+00  2.551021e+02 
    0.000   10.084001  0.000000e+00  2.550386e+02 
    0.000   10.186000  0.000000e+00  2.549683e+02 
    0.000   10.289001  0.000000e+00  2.548934e+02 
    0.000   10.392000  0.000000e+00  2.548216e+02 
    0.000   10.495000  0.000000e+00  2.547605e+02 
    0.000   10.598001  0.000000e+00  2.547074e+02 
    0.000   10.701000  0.000000e+00  2.546549e+02 
    0.000   10.804000  0.000000e+00  2.545923e+02 
    0.000   10.907001  0.000000e+00  2.545232e+02 
    0.000   11.010000  0.000000e+00  2.544497e+02 
    0.000   11.113000  0.000000e+00  2.543670e+02 
    0.000   11.215000  0.000000e+00  2.542789e+02 
    0.000   11.318000  0.000000e+00  2.541866e+02 
    0.000   11.421000  0.000000e+00  2.540894e+02 
    0.000   11.524000  0.000000e+00  2.539890e+02 
    0.000   11.627000  0.000000e+00  2.538868e+02 
    0.000   11.730000  0.000000e+00  2.537827e+02 
    0.000   11.833000  0.000000e+00  2.536773e+02 
    0.000   11.936000  0.000000e+00  2.535713e+02 
    0.000   12.039001  0.000000e+00  2.534678e+02 
    0.000   12.141001  0.000000e+00  2.533672e+02 
    0.000   12.244000  0.000000e+00  2.532670e+02 
    0.000   12.347000  0.000000e+00  2.531727e+02 
    0.000   12.450001  0.000000e+00  2.530837e+02 
    0.000   12.553000  0.000000e+00  2.529984e+02 
    0.000   12.656000  0.000000e+00  2.529166e+02 
    0.000   12.759000  0.000000e+00  2.528381e+02 
    0.000   12.862000  0.000000e+00  2.527623e+02 
    0.000   12.965000  0.000000e+00  2.526890e+02 
    0.000   13.067000  0.000000e+00  2.526192e+02 
    0.000   13.170000  0.000000e+00  2.525508e+02 
    0.000   13.273001  0.000000e+00  2.524839e+02 
    0.000   13.376000  0.000000e+00  2.524173e+02 
    0.000   13.479000  0.000000e+00  2.523511e+02 
    0.000   13.582001  0.000000e+00  2.522856e+02 
    0.000   13.685000  0.000000e+00  2.522202e+02 
    0.000   13.788000  0.000000e+00  2.521550e+02 
    0.000   13.891001  0.000000e+00  2.520904e+02 
    0.000   13.993000  0.000000e+00  2.520284e+02 
    0.000   14.096001  0.000000e+00  2.519678e+02 
    0.000   14.199000  0.000000e+00  2.519087e+02 
    0.000   14.302000  0.000000e+00  2.518517e+02 
    0.000   14.405001  0.000000e+00  2.517970e+02 
    0.000   14.508000  0.000000e+00  2.517443e+02 
    0.000   14.611000  0.000000e+00  2.516926e+02 
    0.000   14.714001  0.000000e+00  2.516407e+02 
    0.000   14.817000  0.000000e+00  2.515889e+02 
    0.000   14.919001  0.000000e+00  2.515381e+02 
    0.000   15.022000  0.000000e+00  2.514872e+02 
    0.000   15.125000  0.000000e+00  2.514368e+02 
    0.000   15.228001  0.000000e+00  2.513871e+02 
    0.000   15.331000  0.000000e+00  2.513369e+02 
    0.000   15.434000  0.000000e+00  2.512853e+02 
    0.000   15.537001  0.000000e+00  2.512330e+02 
    0.000   15.640000  0.000000e+00  2.511809e+02 
    0.000   15.743000  0.000000e+00  2.511301e+02 
    0.000   15.846001  0.000000e+00  2.510806e+02 
    0.000   15.948000  0.000000e+00  2.510323e+02 
    0.000   16.051001  0.000000e+00  2.509863e+02 
    0.000   16.154001  0.000000e+00  2.509431e+02 
    0.000   16.257000  0.000000e+00  2.509018e+02 
    0.000   16.360001  0.000000e+00  2.508608e+02 
    0.000   16.462999  0.000000e+00  2.508176e+02 
    0.000   16.566000  0.000000e+00  2.507728e+02 
    0.000   16.669001  0.000000e+00  2.507274e+02 
    0.000   16.771999  0.000000e+00  2.506812e+02 
    0.000   16.874001  0.000000e+00  2.506348e+02 
    0.000   16.977001  0.000000e+00  2.505875e+02 
    0.000   17.080000  0.000000e+00  2.505403e+02 
    0.000   17.183001  0.000000e+00  2.504933e+02 
    0.000   17.286001  0.000000e+00  2.504465e+02 
    0.000   17.389000  0.000000e+00  2.503999e+02 
    0.000   17.492001  0.000000e+00  2.503534e+02 
    0.000   17.595001  0.000000e+00  2.503070e+02 
    0.000   17.698000  0.000000e+00  2.502608e+02 
    0.000   17.800001  0.000000e+00  2.502156e+02 
    0.000   17.903000  0.000000e+00  2.501709e+02 
    0.000   18.006001  0.000000e+00  2.501271e+02 
    0.000   18.109001  0.000000e+00  2.500840e+02 
    0.000   18.212000  0.000000e+00  2.500427e+02 
    0.000   18.315001  0.000000e+00  2.500032e+02 
    0.000   18.418001  0.000000e+00  2.499651e+02 
    0.000   18.521000  0.000000e+00  2.499282e+02 
    0.000   18.624001  0.000000e+00  2.498924e+02 
    0.000   18.726000  0.000000e+00  2.498580e+02 
    0.000   18.829000  0.000000e+00  2.498242e+02 
    0.000   18.932001  0.000000e+00  2.497912e+02 
    0.000   19.035000  0.000000e+00  2.497591e+02 
    0.000   19.138000  0.000000e+00  2.497278e+02 
    0.000   19.241001  0.000000e+00  2.496973e+02 
    0.000   19.344000  0.000000e+00  2.496665e+02 
    0.000   19.447001  0.000000e+00  2.496353e+02 
    0.000   19.550001  0.000000e+00  2.496039e+02 
    0.000   19.652000  0.000000e+00  2.495728e+02 
    0.000   19.755001  0.000000e+00  2.495406e+02 
    0.000   19.858000  0.000000e+00  2.495073e+02 
    0.000   19.961000  0.000000e+00  2.494735e+02 
    0.000   20.064001  0.000000e+00  2.494393e+02 
    0.000   20.363001  0.000000e+00  2.493406e+02 
    0.000   20.859001  0.000000e+00  2.491887e+02 
    0.000   21.355000  0.000000e+00  2.490638e+02 
    0.000   21.851000  0.000000e+00  2.489588e+02 
    0.000   22.346001  0.000000e+00  2.488598e+02 
    0.000   22.842001  0.000000e+00  2.487609e+02 
    0.000   23.337999  0.000000e+00  2.486638e+02 
    0.000   23.834000  0.000000e+00  2.485812e+02 
    0.000   24.329000  0.000000e+00  2.485265e+02 
    0.000   24.825001  0.000000e+00  2.484987e+02 
    0.000   25.321001  0.000000e+00  2.484895e+02 
    0.000   25.816999  0.000000e+00  2.484782e+02 
    0.000   26.312000  0.000000e+00  2.484677e+02 
    0.000   26.808001  0.000000e+00  2.484680e+02 
    0.000   27.304001  0.000000e+00  2.484775e+02 
    0.000   27.800001  0.000000e+00  2.484953e+02 
    0.000   28.295000  0.000000e+00  2.485235e+02 
    0.000   28.791000  0.000000e+00  2.485582e+02 
    0.000   29.287001  0.000000e+00  2.485959e+02 
    0.000   29.783001  0.000000e+00  2.486385e+02 
    0.000   30.278000  0.000000e+00  2.486882e+02 
    0.000   30.774000  0.000000e+00  2.487426e+02 
    0.000   31.270000  0.000000e+00  2.487986e+02 
    0.000   31.766001  0.000000e+00  2.488544e+02 
    0.000   32.260998  0.000000e+00  2.489106e+02 
    0.000   32.757000  0.000000e+00  2.489671e+02 
    0.000   33.252998  0.000000e+00  2.490219e+02 
    0.000   33.748997  0.000000e+00  2.490766e+02 
    0.000   34.243999  0.000000e+00  2.491322e+02 
    0.000   34.739998  0.000000e+00  2.491912e+02 
    0.000   35.236000  0.000000e+00  2.492530e+02 
    0.000   35.731998  0.000000e+00  2.493135e+02 
    0.000   36.226997  0.000000e+00  2.493718e+02 
    0.000   36.723000  0.000000e+00  2.494241e+02 
    0.000   37.218998  0.000000e+00  2.494713e+02 
    0.000   37.715000  0.000000e+00  2.495150e+02 
    0.000   38.209999  0.000000e+00  2.495561e+02 
    0.000   38.705997  0.000000e+00  2.495978e+02 
    0.000   39.202000  0.000000e+00  2.496408e+02 
    0.000   39.697998  0.000000e+00  2.496866e+02 
    0.000   40.197998  0.000000e+00  2.497365e+02 
    0.000   45.197998  0.000000e+00  2.501842e+02 
    0.000   50.197998  0.000000e+00  2.504091e+02 
    0.000   55.197998  0.000000e+00  2.504026e+02 
    0.000   60.197998  0.000000e+00  2.503355e+02 
    0.000   65.198006  0.000000e+00  2.502829e+02 
