    0.000    0.000000  0.000000e+00  3.525367e+02 
    0.000    0.103000  0.000000e+00  3.515480e+02 
    0.000    0.206000  0.000000e+00  3.502184e+02 
    0.000    0.309000  0.000000e+00  3.488704e+02 
    0.000    0.411000  0.000000e+00  3.474943e+02 
    0.000    0.514000  0.000000e+00  3.460955e+02 
    0.000    0.617000  0.000000e+00  3.445869e+02 
    0.000    0.720000  0.000000e+00  3.422954e+02 
    0.000    0.823000  0.000000e+00  3.399812e+02 
    0.000    0.926000  0.000000e+00  3.376115e+02 
    0.000    1.029000  0.000000e+00  3.351460e+02 
    0.000    1.132000  0.000000e+00  3.326161e+02 
    0.000    1.235000  0.000000e+00  3.299163e+02 
    0.000    1.337000  0.000000e+00  3.271317e+02 
    0.000    1.440000  0.000000e+00  3.241984e+02 
    0.000    1.543000  0.000000e+00  3.210683e+02 
    0.000    1.646000  0.000000e+00  3.175701e+02 
    0.000    1.749000  0.000000e+00  3.135753e+02 
    0.000    1.852000  0.000000e+00  3.090309e+02 
    0.000    1.955000  0.000000e+00  3.047891e+02 
    0.000    2.058000  0.000000e+00  3.011223e+02 
    0.000    2.161000  0.000000e+00  2.977848e+02 
    0.000    2.263000  0.000000e+00  2.946750e+02 
    0.000    2.366000  0.000000e+00  2.913500e+02 
    0.000    2.469000  0.000000e+00  2.905843e+02 
    0.000    2.572000  0.000000e+00  2.896888e+02 
    0.000    2.675000  0.000000e+00  2.887201e+02 
    0.000    2.778000  0.000000e+00  2.876992e+02 
    0.000    2.881000  0.000000e+00  2.866355e+02 
    0.000    2.984000  0.000000e+00  2.855283e+02 
    0.000    3.087000  0.000000e+00  2.843961e+02 
    0.000    3.189000  0.000000e+00  2.832427e+02 
    0.000    3.292000  0.000000e+00  2.820688e+02 
    0.000    3.395000  0.000000e+00  2.808785e+02 
    0.000    3.498000  0.000000e+00  2.796797e+02 
    0.000    3.601000  0.000000e+00  2.784783e+02 
    0.000    3.704000  0.000000e+00  2.772745e+02 
    0.000    3.807000  0.000000e+00  2.760755e+02 
    0.000    3.910000  0.000000e+00  2.748831e+02 
    0.000    4.013000  0.000000e+00  2.737003e+02 
    0.000    4.116000  0.000000e+00  2.725162e+02 
    0.000    4.218000  0.000000e+00  2.713333e+02 
    0.000    4.321000  0.000000e+00  2.701449e+02 
    0.000    4.424000  0.000000e+00  2.689627e+02 
    0.000    4.527000  0.000000e+00  2.677899e+02 
    0.000    4.630000  0.000000e+00  2.666249e+02 
    0.000    4.733000  0.000000e+00  2.654535e+02 
    0.000    4.836000  0.000000e+00  2.642878e+02 
    0.000    4.939000  0.000000e+00  2.631296e+02 
    0.000    5.042000  0.000000e+00  2.619790e+02 
    0.000    5.144000  0.000000e+00  2.608502e+02 
    0.000    5.247000  0.000000e+00  2.597213e+02 
    0.000    5.350000  0.000000e+00  2.586051e+02 
    0.000    5.453000  0.000000e+00  2.575046e+02 
    0.000    5.556000  0.000000e+00  2.564166e+02 
    0.000    5.659000  0.000000e+00  2.553443e+02 
    0.000    5.762000  0.000000e+00  2.542894e+02 
    0.000    5.865000  0.000000e+00  2.532508e+02 
    0.000    5.968000  0.000000e+00  2.522316e+02 
    0.000    6.070000  0.000000e+00  2.512405e+02 
    0.000    6.173000  0.000000e+00  2.502614e+02 
    0.000    6.276000  0.000000e+00  2.493049e+02 
    0.000    6.379000  0.000000e+00  2.483741e+02 
    0.000    6.482000  0.000000e+00  2.474684e+02 
    0.000    6.585000  0.000000e+00  2.465859e+02 
    0.000    6.688000  0.000000e+00  2.457238e+02 
    0.000    6.791000  0.000000e+00  2.448118e+02 
    0.000    6.894000  0.000000e+00  2.439454e+02 
    0.000    6.996000  0.000000e+00  2.431046e+02 
    0.000    7.099000  0.000000e+00  2.423224e+02 
    0.000    7.202000  0.000000e+00  2.416772e+02 
    0.000    7.305000  0.000000e+00  2.411873e+02 
    0.000    7.408000  0.000000e+00  2.407734e+02 
    0.000    7.511000  0.000000e+00  2.404792e+02 
    0.000    7.614000  0.000000e+00  2.402717e+02 
    0.000    7.717000  0.000000e+00  2.401144e+02 
    0.000    7.820000  0.000000e+00  2.399956e+02 
    0.000    7.922000  0.000000e+00  2.399178e+02 
    0.000    8.025000  0.000000e+00  2.398414e+02 
    0.000    8.128000  0.000000e+00  2.397160e+02 
    0.000    8.231000  0.000000e+00  2.395934e+02 
    0.000    8.334000  0.000000e+00  2.393973e+02 
    0.000    8.437000  0.000000e+00  2.392283e+02 
    0.000    8.540000  0.000000e+00  2.390784e+02 
    0.000    8.643000  0.000000e+00  2.389033e+02 
    0.000    8.746000  0.000000e+00  2.387339e+02 
    0.000    8.848000  0.000000e+00  2.386088e+02 
    0.000    8.951000  0.000000e+00  2.384823e+02 
    0.000    9.054000  0.000000e+00  2.383555e+02 
    0.000    9.157000  0.000000e+00  2.382296e+02 
    0.000    9.260000  0.000000e+00  2.381169e+02 
    0.000    9.363000  0.000000e+00  2.380135e+02 
    0.000    9.466000  0.000000e+00  2.379160e+02 
    0.000    9.569000  0.000000e+00  2.378263e+02 
    0.000    9.672000  0.000000e+00  2.377424e+02 
    0.000    9.775000  0.000000e+00  2.376673e+02 
    0.000    9.877000  0.000000e+00  2.376111e+02 
    0.000    9.980000  0.000000e+00  2.375674e+02 
    0.000   10.083000  0.000000e+00  2.375279e+02 
    0.000   10.186000  0.000000e+00  2.374841e+02 
    0.000   10.289000  0.000000e+00  2.374385e+02 
    0.000   10.392000  0.000000e+00  2.373916e+02 
    0.000   10.495000  0.000000e+00  2.373408e+02 
    0.000   10.598000  0.000000e+00  2.372882e+02 
    0.000   10.701000  0.000000e+00  2.372344e+02 
    0.000   10.802999  0.000000e+00  2.371783e+02 
    0.000   10.906000  0.000000e+00  2.371202e+02 
    0.000   11.009000  0.000000e+00  2.370593e+02 
    0.000   11.112000  0.000000e+00  2.369893e+02 
    0.000   11.215000  0.000000e+00  2.369132e+02 
    0.000   11.318000  0.000000e+00  2.368340e+02 
    0.000   11.421000  0.000000e+00  2.367521e+02 
    0.000   11.524000  0.000000e+00  2.366686e+02 
    0.000   11.627000  0.000000e+00  2.365843e+02 
    0.000   11.729000  0.000000e+00  2.365012e+02 
    0.000   11.832000  0.000000e+00  2.364179e+02 
    0.000   11.934999  0.000000e+00  2.363349e+02 
    0.000   12.038000  0.000000e+00  2.362510e+02 
    0.000   12.141000  0.000000e+00  2.361664e+02 
    0.000   12.243999  0.000000e+00  2.360817e+02 
    0.000   12.347000  0.000000e+00  2.359983e+02 
    0.000   12.450000  0.000000e+00  2.359161e+02 
    0.000   12.552999  0.000000e+00  2.358348e+02 
    0.000   12.655000  0.000000e+00  2.357582e+02 
    0.000   12.757999  0.000000e+00  2.356853e+02 
    0.000   12.861000  0.000000e+00  2.356155e+02 
    0.000   12.964000  0.000000e+00  2.355484e+02 
    0.000   13.066999  0.000000e+00  2.354837e+02 
    0.000   13.170000  0.000000e+00  2.354212e+02 
    0.000   13.273000  0.000000e+00  2.353605e+02 
    0.000   13.375999  0.000000e+00  2.353016e+02 
    0.000   13.479000  0.000000e+00  2.352442e+02 
    0.000   13.581000  0.000000e+00  2.351886e+02 
    0.000   13.684000  0.000000e+00  2.351340e+02 
    0.000   13.787000  0.000000e+00  2.350808e+02 
    0.000   13.890000  0.000000e+00  2.350288e+02 
    0.000   13.993000  0.000000e+00  2.349772e+02 
    0.000   14.096000  0.000000e+00  2.349261e+02 
    0.000   14.199000  0.000000e+00  2.348756e+02 
    0.000   14.302000  0.000000e+00  2.348261e+02 
    0.000   14.405000  0.000000e+00  2.347777e+02 
    0.000   14.507000  0.000000e+00  2.347308e+02 
    0.000   14.610000  0.000000e+00  2.346842e+02 
    0.000   14.713000  0.000000e+00  2.346378e+02 
    0.000   14.816000  0.000000e+00  2.345919e+02 
    0.000   14.919000  0.000000e+00  2.345465e+02 
    0.000   15.022000  0.000000e+00  2.345009e+02 
    0.000   15.125000  0.000000e+00  2.344551e+02 
    0.000   15.228000  0.000000e+00  2.344095e+02 
    0.000   15.331000  0.000000e+00  2.343651e+02 
    0.000   15.434000  0.000000e+00  2.343226e+02 
    0.000   15.536000  0.000000e+00  2.342818e+02 
    0.000   15.639000  0.000000e+00  2.342420e+02 
    0.000   15.742000  0.000000e+00  2.342042e+02 
    0.000   15.845000  0.000000e+00  2.341682e+02 
    0.000   15.947999  0.000000e+00  2.341335e+02 
    0.000   16.051001  0.000000e+00  2.340956e+02 
    0.000   16.154001  0.000000e+00  2.340539e+02 
    0.000   16.257000  0.000000e+00  2.340100e+02 
    0.000   16.360001  0.000000e+00  2.339645e+02 
    0.000   16.462000  0.000000e+00  2.339174e+02 
    0.000   16.565001  0.000000e+00  2.338685e+02 
    0.000   16.668001  0.000000e+00  2.338187e+02 
    0.000   16.771000  0.000000e+00  2.337698e+02 
    0.000   16.874001  0.000000e+00  2.337218e+02 
    0.000   16.977001  0.000000e+00  2.336742e+02 
    0.000   17.080000  0.000000e+00  2.336279e+02 
    0.000   17.183001  0.000000e+00  2.335839e+02 
    0.000   17.286001  0.000000e+00  2.335414e+02 
    0.000   17.388000  0.000000e+00  2.335003e+02 
    0.000   17.491001  0.000000e+00  2.334608e+02 
    0.000   17.594002  0.000000e+00  2.334230e+02 
    0.000   17.697001  0.000000e+00  2.333863e+02 
    0.000   17.800001  0.000000e+00  2.333508e+02 
    0.000   17.903002  0.000000e+00  2.333166e+02 
    0.000   18.006001  0.000000e+00  2.332836e+02 
    0.000   18.109001  0.000000e+00  2.332515e+02 
    0.000   18.212000  0.000000e+00  2.332198e+02 
    0.000   18.314001  0.000000e+00  2.331885e+02 
    0.000   18.417002  0.000000e+00  2.331573e+02 
    0.000   18.520000  0.000000e+00  2.331265e+02 
    0.000   18.623001  0.000000e+00  2.330961e+02 
    0.000   18.726002  0.000000e+00  2.330660e+02 
    0.000   18.829000  0.000000e+00  2.330363e+02 
    0.000   18.932001  0.000000e+00  2.330069e+02 
    0.000   19.035002  0.000000e+00  2.329774e+02 
    0.000   19.138000  0.000000e+00  2.329482e+02 
    0.000   19.240002  0.000000e+00  2.329193e+02 
    0.000   19.343000  0.000000e+00  2.328898e+02 
    0.000   19.446001  0.000000e+00  2.328599e+02 
    0.000   19.549002  0.000000e+00  2.328298e+02 
    0.000   19.652000  0.000000e+00  2.327996e+02 
    0.000   19.755001  0.000000e+00  2.327693e+02 
    0.000   19.858002  0.000000e+00  2.327391e+02 
    0.000   19.961000  0.000000e+00  2.327090e+02 
    0.000   20.064001  0.000000e+00  2.326788e+02 
    0.000   20.363001  0.000000e+00  2.325947e+02 
    0.000   20.859001  0.000000e+00  2.324720e+02 
    0.000   21.354000  0.000000e+00  2.323690e+02 
    0.000   21.850000  0.000000e+00  2.322751e+02 
    0.000   22.346001  0.000000e+00  2.321826e+02 
    0.000   22.842001  0.000000e+00  2.320892e+02 
    0.000   23.337000  0.000000e+00  2.320030e+02 
    0.000   23.833000  0.000000e+00  2.319357e+02 
    0.000   24.329000  0.000000e+00  2.318927e+02 
    0.000   24.825001  0.000000e+00  2.318698e+02 
    0.000   25.320002  0.000000e+00  2.318554e+02 
    0.000   25.816000  0.000000e+00  2.318532e+02 
    0.000   26.312000  0.000000e+00  2.318596e+02 
    0.000   26.808001  0.000000e+00  2.318689e+02 
    0.000   27.303001  0.000000e+00  2.318833e+02 
    0.000   27.799002  0.000000e+00  2.319039e+02 
    0.000   28.295000  0.000000e+00  2.319292e+02 
    0.000   28.791000  0.000000e+00  2.319619e+02 
    0.000   29.286001  0.000000e+00  2.320028e+02 
    0.000   29.782001  0.000000e+00  2.320499e+02 
    0.000   30.278002  0.000000e+00  2.321009e+02 
    0.000   30.774000  0.000000e+00  2.321547e+02 
    0.000   31.269001  0.000000e+00  2.322104e+02 
    0.000   31.765001  0.000000e+00  2.322674e+02 
    0.000   32.260998  0.000000e+00  2.323251e+02 
    0.000   32.757000  0.000000e+00  2.323829e+02 
    0.000   33.251999  0.000000e+00  2.324404e+02 
    0.000   33.747997  0.000000e+00  2.324994e+02 
    0.000   34.243999  0.000000e+00  2.325609e+02 
    0.000   34.739998  0.000000e+00  2.326233e+02 
    0.000   35.235001  0.000000e+00  2.326853e+02 
    0.000   35.730999  0.000000e+00  2.327440e+02 
    0.000   36.226997  0.000000e+00  2.327994e+02 
    0.000   36.723000  0.000000e+00  2.328512e+02 
    0.000   37.218998  0.000000e+00  2.328999e+02 
    0.000   37.714001  0.000000e+00  2.329445e+02 
    0.000   38.209999  0.000000e+00  2.329855e+02 
    0.000   38.705997  0.000000e+00  2.330268e+02 
    0.000   39.202000  0.000000e+00  2.330692e+02 
    0.000   39.696999  0.000000e+00  2.331148e+02 
    0.000   40.196999  0.000000e+00  2.331655e+02 
    0.000   45.196999  0.000000e+00  2.336154e+02 
    0.000   50.196999  0.000000e+00  2.338420e+02 
    0.000   55.196999  0.000000e+00  2.338380e+02 
    0.000   60.196999  0.000000e+00  2.337699e+02 
    0.000   65.197006  0.000000e+00  2.337176e+02 
