   67.419    0.000000  1.496188e-03  1.182217e+01 
   67.419    0.103000  1.504317e-03  1.197289e+01 
   67.419    0.206000  1.512404e-03  1.212720e+01 
   67.419    0.309000  1.520393e-03  1.228359e+01 
   67.419    0.411000  1.528211e-03  1.243954e+01 
   67.419    0.514000  1.536026e-03  1.259749e+01 
   67.419    0.617000  1.543785e-03  1.275548e+01 
   67.419    0.720000  1.551523e-03  1.291309e+01 
   67.419    0.823000  1.560016e-03  1.307547e+01 
   67.419    0.926000  1.569405e-03  1.324323e+01 
   67.419    1.029000  1.579929e-03  1.341787e+01 
   67.419    1.132000  1.591407e-03  1.359778e+01 
   67.419    1.235000  1.603215e-03  1.377824e+01 
   67.419    1.337000  1.614579e-03  1.395279e+01 
   67.419    1.440000  1.625025e-03  1.412009e+01 
   67.419    1.543000  1.634504e-03  1.427926e+01 
   67.419    1.646000  1.643869e-03  1.443675e+01 
   67.419    1.749000  1.653991e-03  1.459908e+01 
   67.419    1.852000  1.561064e-02  3.935631e+01 
   67.419    1.955000  2.797336e-01  7.242340e+01 
   67.419    2.058000  7.802620e+00  1.209920e+02 
   67.419    2.161000  1.202039e+02  1.816709e+02 
   67.419    2.263000  3.359117e+02  2.098116e+02 
   67.419    2.366000  3.376342e+02  2.096045e+02 
   67.419    2.469000  3.392641e+02  2.094555e+02 
   67.419    2.572000  3.408744e+02  2.093522e+02 
   67.419    2.675000  3.424662e+02  2.092850e+02 
   67.419    2.778000  3.440439e+02  2.092462e+02 
   67.419    2.881000  3.456085e+02  2.092311e+02 
   67.419    2.984000  3.471621e+02  2.092359e+02 
   67.419    3.087000  3.487044e+02  2.092580e+02 
   67.419    3.189000  3.502211e+02  2.092949e+02 
   67.419    3.292000  3.517422e+02  2.093453e+02 
   67.419    3.395000  3.532536e+02  2.094074e+02 
   67.419    3.498000  3.547549e+02  2.094800e+02 
   67.419    3.601000  3.562480e+02  2.095617e+02 
   67.419    3.704000  3.577364e+02  2.096513e+02 
   67.419    3.807000  3.592202e+02  2.097480e+02 
   67.419    3.910000  3.607022e+02  2.098507e+02 
   67.419    4.013000  3.621829e+02  2.099588e+02 
   67.419    4.115000  3.637619e+02  2.100860e+02 
   67.419    4.218000  3.655800e+02  2.102487e+02 
   67.419    4.321000  3.674572e+02  2.104236e+02 
   67.419    4.424000  3.694095e+02  2.106125e+02 
   67.419    4.527000  3.714274e+02  2.108143e+02 
   67.419    4.630000  3.728791e+02  2.109461e+02 
   67.419    4.733000  3.743138e+02  2.110812e+02 
   67.419    4.836000  3.757278e+02  2.112193e+02 
   67.419    4.939000  3.771182e+02  2.113600e+02 
   67.419    5.042000  3.784827e+02  2.115031e+02 
   67.419    5.144000  3.798054e+02  2.116470e+02 
   67.419    5.247000  3.811144e+02  2.117939e+02 
   67.419    5.350000  3.823979e+02  2.119423e+02 
   67.419    5.453000  3.836565e+02  2.120917e+02 
   67.419    5.556000  3.848939e+02  2.122419e+02 
   67.419    5.659000  3.861111e+02  2.123927e+02 
   67.419    5.762000  3.873094e+02  2.125439e+02 
   67.419    5.865000  3.884919e+02  2.126951e+02 
   67.419    5.968000  3.896586e+02  2.128465e+02 
   67.419    6.070000  3.913617e+02  2.130710e+02 
   67.419    6.173000  3.925049e+02  2.132217e+02 
   67.419    6.276000  3.936382e+02  2.133721e+02 
   67.419    6.379000  3.947617e+02  2.135220e+02 
   67.419    6.482000  3.958738e+02  2.136716e+02 
   67.419    6.585000  3.969728e+02  2.138207e+02 
   67.419    6.688000  3.996927e+02  2.140780e+02 
   67.419    6.791000  4.047619e+02  2.144874e+02 
   67.419    6.894000  4.118381e+02  2.150185e+02 
   67.419    6.996000  4.149208e+02  2.152896e+02 
   67.419    7.099000  4.184814e+02  2.155914e+02 
   67.419    7.202000  4.208967e+02  2.158213e+02 
   67.419    7.305000  4.231200e+02  2.160403e+02 
   67.419    7.408000  4.246594e+02  2.162170e+02 
   67.419    7.511000  4.260225e+02  2.163842e+02 
   67.419    7.614000  4.273918e+02  2.165541e+02 
   67.419    7.717000  4.285634e+02  2.167126e+02 
   67.419    7.820000  4.298333e+02  2.168767e+02 
   67.419    7.922000  4.309261e+02  2.170279e+02 
   67.419    8.025000  4.320642e+02  2.171817e+02 
   67.419    8.128000  4.336160e+02  2.173598e+02 
   67.419    8.231000  4.352057e+02  2.175382e+02 
   67.419    8.334000  4.364177e+02  2.176920e+02 
   67.419    8.437000  4.384137e+02  2.178925e+02 
   67.419    8.540000  4.395808e+02  2.180414e+02 
   67.419    8.643000  4.409554e+02  2.182023e+02 
   67.419    8.746000  4.419509e+02  2.183399e+02 
   67.419    8.848000  4.430732e+02  2.185180e+02 
   67.419    8.951000  4.445229e+02  2.187329e+02 
   67.419    9.054000  4.464360e+02  2.189983e+02 
   67.419    9.157000  4.488737e+02  2.193189e+02 
   67.419    9.260000  4.513994e+02  2.196432e+02 
   67.419    9.363000  4.531395e+02  2.198753e+02 
   67.419    9.466000  4.536352e+02  2.199680e+02 
   67.419    9.569000  4.541272e+02  2.200587e+02 
   67.419    9.672000  4.546155e+02  2.201475e+02 
   67.419    9.774000  4.550927e+02  2.202336e+02 
   67.419    9.877000  4.555645e+02  2.203186e+02 
   67.419    9.980000  4.560255e+02  2.204018e+02 
   67.419   10.083000  4.565100e+02  2.204823e+02 
   67.419   10.186000  4.569836e+02  2.205613e+02 
   67.419   10.289000  4.574464e+02  2.206387e+02 
   67.419   10.392000  4.579002e+02  2.207147e+02 
   67.419   10.495000  4.583482e+02  2.207893e+02 
   67.419   10.598000  4.587907e+02  2.208626e+02 
   67.419   10.700000  4.592229e+02  2.209340e+02 
   67.419   10.803000  4.596527e+02  2.210050e+02 
   67.419   10.906000  4.600758e+02  2.210750e+02 
   67.419   11.009000  4.604928e+02  2.211439e+02 
   67.419   11.112000  4.609043e+02  2.212119e+02 
   67.419   11.215000  4.613105e+02  2.212790e+02 
   67.419   11.318000  4.617116e+02  2.213453e+02 
   67.419   11.421000  4.621077e+02  2.214107e+02 
   67.419   11.524000  4.624989e+02  2.214753e+02 
   67.419   11.627000  4.628850e+02  2.215390e+02 
   67.419   11.729000  4.632622e+02  2.216014e+02 
   67.419   11.832000  4.636380e+02  2.216635e+02 
   67.419   11.935000  4.640086e+02  2.217248e+02 
   67.419   12.038000  4.643743e+02  2.217852e+02 
   67.419   12.141000  4.647351e+02  2.218448e+02 
   67.419   12.244000  4.650910e+02  2.219036e+02 
   67.419   12.347000  4.654421e+02  2.219616e+02 
   67.419   12.450000  4.657885e+02  2.220187e+02 
   67.419   12.553000  4.661302e+02  2.220750e+02 
   67.419   12.655000  4.664639e+02  2.221299e+02 
   67.419   12.758000  4.667964e+02  2.221844e+02 
   67.419   12.861000  4.671247e+02  2.222380e+02 
   67.419   12.964000  4.674489e+02  2.222906e+02 
   67.419   13.067000  4.677693e+02  2.223423e+02 
   67.419   13.170000  4.680859e+02  2.223930e+02 
   67.419   13.273000  4.683987e+02  2.224427e+02 
   67.419   13.376000  4.687079e+02  2.224915e+02 
   67.419   13.479000  4.690136e+02  2.225392e+02 
   67.419   13.581000  4.693129e+02  2.225856e+02 
   67.419   13.684000  4.696117e+02  2.226313e+02 
   67.419   13.787000  4.699072e+02  2.226762e+02 
   67.419   13.890000  4.701992e+02  2.227200e+02 
   67.419   13.993000  4.704881e+02  2.227629e+02 
   67.419   14.096000  4.707738e+02  2.228048e+02 
   67.419   14.199000  4.710563e+02  2.228457e+02 
   67.419   14.302000  4.713356e+02  2.228858e+02 
   67.419   14.405000  4.716119e+02  2.229249e+02 
   67.419   14.507000  4.718824e+02  2.229627e+02 
   67.419   14.610000  4.721523e+02  2.230000e+02 
   67.419   14.713000  4.724191e+02  2.230366e+02 
   67.419   14.816000  4.726827e+02  2.230725e+02 
   67.419   14.919000  4.729431e+02  2.231076e+02 
   67.419   15.022000  4.732003e+02  2.231421e+02 
   67.419   15.125000  4.734544e+02  2.231759e+02 
   67.419   15.228000  4.737053e+02  2.232091e+02 
   67.419   15.331000  4.739531e+02  2.232417e+02 
   67.419   15.433000  4.741955e+02  2.232733e+02 
   67.419   15.536000  4.744373e+02  2.233046e+02 
   67.419   15.639000  4.746761e+02  2.233353e+02 
   67.419   15.742000  4.749120e+02  2.233653e+02 
   67.419   15.845000  4.751449e+02  2.233947e+02 
   67.419   15.948000  4.753752e+02  2.234235e+02 
   67.419   16.051001  4.756029e+02  2.234517e+02 
   67.419   16.153999  4.758281e+02  2.234792e+02 
   67.419   16.257000  4.760509e+02  2.235062e+02 
   67.419   16.360001  4.762713e+02  2.235325e+02 
   67.419   16.462000  4.764873e+02  2.235580e+02 
   67.419   16.565001  4.767032e+02  2.235832e+02 
   67.419   16.667999  4.769169e+02  2.236077e+02 
   67.419   16.771000  4.771285e+02  2.236316e+02 
   67.419   16.874001  4.773383e+02  2.236547e+02 
   67.419   16.976999  4.775461e+02  2.236772e+02 
   67.419   17.080000  4.777523e+02  2.236989e+02 
   67.419   17.183001  4.779571e+02  2.237197e+02 
   67.419   17.285999  4.781605e+02  2.237397e+02 
   67.419   17.388000  4.783605e+02  2.237585e+02 
   67.419   17.490999  4.785612e+02  2.237767e+02 
   67.419   17.594000  4.787610e+02  2.237939e+02 
   67.419   17.697001  4.789594e+02  2.238102e+02 
   67.419   17.799999  4.791566e+02  2.238256e+02 
   67.419   17.903000  4.793523e+02  2.238404e+02 
   67.419   18.006001  4.795466e+02  2.238544e+02 
   67.419   18.108999  4.797393e+02  2.238678e+02 
   67.419   18.212000  4.799303e+02  2.238806e+02 
   67.419   18.313999  4.801178e+02  2.238927e+02 
   67.419   18.417000  4.803054e+02  2.239043e+02 
   67.419   18.520000  4.804914e+02  2.239155e+02 
   67.419   18.622999  4.806759e+02  2.239260e+02 
   67.419   18.726000  4.808589e+02  2.239360e+02 
   67.419   18.829000  4.810404e+02  2.239454e+02 
   67.419   18.931999  4.812205e+02  2.239542e+02 
   67.419   19.035000  4.813992e+02  2.239625e+02 
   67.419   19.138000  4.815766e+02  2.239702e+02 
   67.419   19.240000  4.817509e+02  2.239773e+02 
   67.419   19.343000  4.819257e+02  2.239840e+02 
   67.419   19.445999  4.820991e+02  2.239902e+02 
   67.419   19.549000  4.822711e+02  2.239960e+02 
   67.419   19.652000  4.824419e+02  2.240013e+02 
   67.419   19.754999  4.826113e+02  2.240061e+02 
   67.419   19.858000  4.827794e+02  2.240105e+02 
   67.419   19.961000  4.829464e+02  2.240145e+02 
   67.419   20.063999  4.831123e+02  2.240178e+02 
   67.419   20.363001  4.835891e+02  2.240242e+02 
   67.419   20.858999  4.843573e+02  2.240273e+02 
   67.419   21.354000  4.850958e+02  2.240215e+02 
   67.419   21.850000  4.858080e+02  2.240080e+02 
   67.419   22.346001  4.864865e+02  2.239908e+02 
   67.419   22.842001  4.871254e+02  2.239740e+02 
   67.419   23.337000  4.877203e+02  2.239596e+02 
   67.419   23.833000  4.882762e+02  2.239471e+02 
   67.419   24.329000  4.887983e+02  2.239345e+02 
   67.419   24.825001  4.892895e+02  2.239213e+02 
   67.419   25.320000  4.897480e+02  2.239084e+02 
   67.419   25.816000  4.901767e+02  2.238964e+02 
   67.419   26.312000  4.905772e+02  2.238848e+02 
   67.419   26.808001  4.909525e+02  2.238732e+02 
   67.419   27.302999  4.913030e+02  2.238616e+02 
   67.419   27.799000  4.916307e+02  2.238503e+02 
   67.419   28.295000  4.919366e+02  2.238390e+02 
   67.419   28.791000  4.922238e+02  2.238276e+02 
   67.419   29.285999  4.924946e+02  2.238156e+02 
   67.419   29.782000  4.927524e+02  2.238030e+02 
   67.419   30.278000  4.929981e+02  2.237896e+02 
   67.419   30.774000  4.932338e+02  2.237755e+02 
   67.419   31.268999  4.934605e+02  2.237609e+02 
   67.419   31.764999  4.936808e+02  2.237458e+02 
   67.419   32.261002  4.938965e+02  2.237303e+02 
   67.419   32.757000  4.941093e+02  2.237147e+02 
   67.419   33.251999  4.943202e+02  2.236992e+02 
   67.419   33.748001  4.945316e+02  2.236841e+02 
   67.419   34.243999  4.947446e+02  2.236696e+02 
   67.419   34.740002  4.949607e+02  2.236559e+02 
   67.419   35.235001  4.951806e+02  2.236429e+02 
   67.419   35.730999  4.954063e+02  2.236308e+02 
   67.419   36.227001  4.956379e+02  2.236194e+02 
   67.419   36.723000  4.958753e+02  2.236088e+02 
   67.419   37.217999  4.961176e+02  2.235989e+02 
   67.419   37.714001  4.963646e+02  2.235897e+02 
   67.419   38.209999  4.966143e+02  2.235811e+02 
   67.419   38.706001  4.968646e+02  2.235732e+02 
   67.419   39.201000  4.971134e+02  2.235661e+02 
   67.419   39.696999  4.973594e+02  2.235597e+02 
   67.419   40.196999  4.975989e+02  2.235550e+02 
   67.419   45.196999  4.994756e+02  2.235432e+02 
   67.419   50.196999  5.001851e+02  2.235492e+02 
   67.419   55.196999  5.004356e+02  2.235564e+02 
   67.419   60.196999  5.011994e+02  2.235619e+02 
   67.419   65.196999  5.024378e+02  2.235655e+02 
