    0.000    0.000000  0.000000e+00  3.531747e+02 
    0.000    0.102000  0.000000e+00  3.522289e+02 
    0.000    0.205000  0.000000e+00  3.509586e+02 
    0.000    0.308000  0.000000e+00  3.495344e+02 
    0.000    0.411000  0.000000e+00  3.480328e+02 
    0.000    0.514000  0.000000e+00  3.464812e+02 
    0.000    0.617000  0.000000e+00  3.447892e+02 
    0.000    0.720000  0.000000e+00  3.365435e+02 
    0.000    0.823000  0.000000e+00  3.304033e+02 
    0.000    0.926000  0.000000e+00  3.260625e+02 
    0.000    1.028000  0.000000e+00  3.226554e+02 
    0.000    1.131000  0.000000e+00  3.194687e+02 
    0.000    1.234000  0.000000e+00  3.165969e+02 
    0.000    1.337000  0.000000e+00  3.139585e+02 
    0.000    1.440000  0.000000e+00  3.115425e+02 
    0.000    1.543000  0.000000e+00  3.092705e+02 
    0.000    1.646000  0.000000e+00  3.067960e+02 
    0.000    1.749000  0.000000e+00  3.042289e+02 
    0.000    1.852000  0.000000e+00  3.032914e+02 
    0.000    1.954000  0.000000e+00  3.015006e+02 
    0.000    2.057000  0.000000e+00  2.979720e+02 
    0.000    2.160000  0.000000e+00  2.957114e+02 
    0.000    2.263000  0.000000e+00  2.934919e+02 
    0.000    2.366000  0.000000e+00  2.912554e+02 
    0.000    2.469000  0.000000e+00  2.891130e+02 
    0.000    2.572000  0.000000e+00  2.871172e+02 
    0.000    2.675000  0.000000e+00  2.859364e+02 
    0.000    2.778000  0.000000e+00  2.838489e+02 
    0.000    2.881000  0.000000e+00  2.817114e+02 
    0.000    2.983000  0.000000e+00  2.795204e+02 
    0.000    3.086000  0.000000e+00  2.773127e+02 
    0.000    3.189000  0.000000e+00  2.751545e+02 
    0.000    3.292000  0.000000e+00  2.730322e+02 
    0.000    3.395000  0.000000e+00  2.720772e+02 
    0.000    3.498000  0.000000e+00  2.710590e+02 
    0.000    3.601000  0.000000e+00  2.700011e+02 
    0.000    3.704000  0.000000e+00  2.689073e+02 
    0.000    3.807000  0.000000e+00  2.677745e+02 
    0.000    3.909000  0.000000e+00  2.665679e+02 
    0.000    4.012000  0.000000e+00  2.652357e+02 
    0.000    4.115000  0.000000e+00  2.637584e+02 
    0.000    4.218000  0.000000e+00  2.621134e+02 
    0.000    4.321000  0.000000e+00  2.603479e+02 
    0.000    4.424000  0.000000e+00  2.585104e+02 
    0.000    4.527000  0.000000e+00  2.566646e+02 
    0.000    4.630000  0.000000e+00  2.548297e+02 
    0.000    4.733000  0.000000e+00  2.530143e+02 
    0.000    4.835000  0.000000e+00  2.511414e+02 
    0.000    4.938000  0.000000e+00  2.491584e+02 
    0.000    5.041000  0.000000e+00  2.469629e+02 
    0.000    5.144000  0.000000e+00  2.446032e+02 
    0.000    5.247000  0.000000e+00  2.421128e+02 
    0.000    5.350000  0.000000e+00  2.396725e+02 
    0.000    5.453000  0.000000e+00  2.369496e+02 
    0.000    5.556000  0.000000e+00  2.337929e+02 
    0.000    5.659000  0.000000e+00  2.303251e+02 
    0.000    5.761000  0.000000e+00  2.267050e+02 
    0.000    5.864000  0.000000e+00  2.240009e+02 
    0.000    5.967000  0.000000e+00  2.219901e+02 
    0.000    6.070000  0.000000e+00  2.205308e+02 
    0.000    6.173000  0.000000e+00  2.193296e+02 
    0.000    6.276000  0.000000e+00  2.181619e+02 
    0.000    6.379000  0.000000e+00  2.169765e+02 
    0.000    6.482000  0.000000e+00  2.158449e+02 
    0.000    6.585000  0.000000e+00  2.150885e+02 
    0.000    6.687000  0.000000e+00  2.143498e+02 
    0.000    6.790000  0.000000e+00  2.136181e+02 
    0.000    6.893000  0.000000e+00  2.129064e+02 
    0.000    6.996000  0.000000e+00  2.122188e+02 
    0.000    7.099000  0.000000e+00  2.115533e+02 
    0.000    7.202000  0.000000e+00  2.110161e+02 
    0.000    7.305000  0.000000e+00  2.106087e+02 
    0.000    7.408000  0.000000e+00  2.096487e+02 
    0.000    7.511000  0.000000e+00  2.089211e+02 
    0.000    7.613000  0.000000e+00  2.082618e+02 
    0.000    7.716000  0.000000e+00  2.071434e+02 
    0.000    7.819000  0.000000e+00  2.060824e+02 
    0.000    7.922000  0.000000e+00  2.053884e+02 
    0.000    8.025000  0.000000e+00  2.048524e+02 
    0.000    8.128000  0.000000e+00  2.043527e+02 
    0.000    8.231000  0.000000e+00  2.039732e+02 
    0.000    8.334000  0.000000e+00  2.033604e+02 
    0.000    8.437000  0.000000e+00  2.031213e+02 
    0.000    8.540000  0.000000e+00  2.026784e+02 
    0.000    8.642000  0.000000e+00  2.026411e+02 
    0.000    8.745000  0.000000e+00  2.025855e+02 
    0.000    8.848000  0.000000e+00  2.025205e+02 
    0.000    8.951000  0.000000e+00  2.024496e+02 
    0.000    9.054000  0.000000e+00  2.023747e+02 
    0.000    9.157000  0.000000e+00  2.022981e+02 
    0.000    9.260000  0.000000e+00  2.022286e+02 
    0.000    9.363000  0.000000e+00  2.021638e+02 
    0.000    9.466000  0.000000e+00  2.021035e+02 
    0.000    9.568000  0.000000e+00  2.020553e+02 
    0.000    9.671000  0.000000e+00  2.020149e+02 
    0.000    9.774000  0.000000e+00  2.019841e+02 
    0.000    9.877000  0.000000e+00  2.019722e+02 
    0.000    9.980000  0.000000e+00  2.019736e+02 
    0.000   10.083000  0.000000e+00  2.019787e+02 
    0.000   10.186000  0.000000e+00  2.019778e+02 
    0.000   10.289000  0.000000e+00  2.019735e+02 
    0.000   10.392000  0.000000e+00  2.019656e+02 
    0.000   10.494000  0.000000e+00  2.019501e+02 
    0.000   10.597000  0.000000e+00  2.019297e+02 
    0.000   10.700000  0.000000e+00  2.019070e+02 
    0.000   10.803000  0.000000e+00  2.018825e+02 
    0.000   10.906000  0.000000e+00  2.018571e+02 
    0.000   11.009000  0.000000e+00  2.018283e+02 
    0.000   11.112000  0.000000e+00  2.017904e+02 
    0.000   11.215000  0.000000e+00  2.017460e+02 
    0.000   11.318000  0.000000e+00  2.016978e+02 
    0.000   11.420000  0.000000e+00  2.016461e+02 
    0.000   11.523000  0.000000e+00  2.015909e+02 
    0.000   11.626000  0.000000e+00  2.015342e+02 
    0.000   11.729000  0.000000e+00  2.014783e+02 
    0.000   11.832000  0.000000e+00  2.014230e+02 
    0.000   11.935000  0.000000e+00  2.013676e+02 
    0.000   12.038000  0.000000e+00  2.013123e+02 
    0.000   12.141000  0.000000e+00  2.012569e+02 
    0.000   12.244000  0.000000e+00  2.012015e+02 
    0.000   12.346000  0.000000e+00  2.011459e+02 
    0.000   12.449000  0.000000e+00  2.010891e+02 
    0.000   12.552000  0.000000e+00  2.010322e+02 
    0.000   12.655000  0.000000e+00  2.009759e+02 
    0.000   12.758000  0.000000e+00  2.009207e+02 
    0.000   12.861000  0.000000e+00  2.008663e+02 
    0.000   12.964000  0.000000e+00  2.008135e+02 
    0.000   13.067000  0.000000e+00  2.007630e+02 
    0.000   13.170000  0.000000e+00  2.007141e+02 
    0.000   13.272000  0.000000e+00  2.006671e+02 
    0.000   13.375000  0.000000e+00  2.006214e+02 
    0.000   13.478000  0.000000e+00  2.005771e+02 
    0.000   13.581000  0.000000e+00  2.005339e+02 
    0.000   13.684000  0.000000e+00  2.004920e+02 
    0.000   13.787000  0.000000e+00  2.004512e+02 
    0.000   13.890000  0.000000e+00  2.004111e+02 
    0.000   13.993000  0.000000e+00  2.003729e+02 
    0.000   14.096000  0.000000e+00  2.003364e+02 
    0.000   14.199000  0.000000e+00  2.003011e+02 
    0.000   14.301000  0.000000e+00  2.002679e+02 
    0.000   14.404000  0.000000e+00  2.002363e+02 
    0.000   14.507000  0.000000e+00  2.002063e+02 
    0.000   14.610000  0.000000e+00  2.001770e+02 
    0.000   14.713000  0.000000e+00  2.001471e+02 
    0.000   14.816000  0.000000e+00  2.001170e+02 
    0.000   14.919000  0.000000e+00  2.000869e+02 
    0.000   15.022000  0.000000e+00  2.000564e+02 
    0.000   15.125000  0.000000e+00  2.000256e+02 
    0.000   15.227000  0.000000e+00  1.999951e+02 
    0.000   15.330000  0.000000e+00  1.999655e+02 
    0.000   15.433000  0.000000e+00  1.999377e+02 
    0.000   15.536000  0.000000e+00  1.999113e+02 
    0.000   15.639000  0.000000e+00  1.998851e+02 
    0.000   15.742000  0.000000e+00  1.998566e+02 
    0.000   15.845000  0.000000e+00  1.998265e+02 
    0.000   15.948000  0.000000e+00  1.997954e+02 
    0.000   16.051001  0.000000e+00  1.997607e+02 
    0.000   16.153000  0.000000e+00  1.997225e+02 
    0.000   16.256001  0.000000e+00  1.996816e+02 
    0.000   16.358999  0.000000e+00  1.996395e+02 
    0.000   16.462000  0.000000e+00  1.995970e+02 
    0.000   16.565001  0.000000e+00  1.995541e+02 
    0.000   16.667999  0.000000e+00  1.995110e+02 
    0.000   16.771000  0.000000e+00  1.994699e+02 
    0.000   16.874001  0.000000e+00  1.994306e+02 
    0.000   16.976999  0.000000e+00  1.993925e+02 
    0.000   17.079000  0.000000e+00  1.993566e+02 
    0.000   17.181999  0.000000e+00  1.993232e+02 
    0.000   17.285000  0.000000e+00  1.992919e+02 
    0.000   17.388000  0.000000e+00  1.992621e+02 
    0.000   17.490999  0.000000e+00  1.992342e+02 
    0.000   17.594000  0.000000e+00  1.992076e+02 
    0.000   17.697001  0.000000e+00  1.991823e+02 
    0.000   17.799999  0.000000e+00  1.991576e+02 
    0.000   17.903000  0.000000e+00  1.991331e+02 
    0.000   18.004999  0.000000e+00  1.991091e+02 
    0.000   18.108000  0.000000e+00  1.990853e+02 
    0.000   18.211000  0.000000e+00  1.990612e+02 
    0.000   18.313999  0.000000e+00  1.990368e+02 
    0.000   18.417000  0.000000e+00  1.990124e+02 
    0.000   18.520000  0.000000e+00  1.989882e+02 
    0.000   18.622999  0.000000e+00  1.989643e+02 
    0.000   18.726000  0.000000e+00  1.989408e+02 
    0.000   18.829000  0.000000e+00  1.989176e+02 
    0.000   18.931999  0.000000e+00  1.988943e+02 
    0.000   19.034000  0.000000e+00  1.988708e+02 
    0.000   19.136999  0.000000e+00  1.988469e+02 
    0.000   19.240000  0.000000e+00  1.988230e+02 
    0.000   19.343000  0.000000e+00  1.987986e+02 
    0.000   19.445999  0.000000e+00  1.987738e+02 
    0.000   19.549000  0.000000e+00  1.987487e+02 
    0.000   19.652000  0.000000e+00  1.987235e+02 
    0.000   19.754999  0.000000e+00  1.986988e+02 
    0.000   19.858000  0.000000e+00  1.986745e+02 
    0.000   19.959999  0.000000e+00  1.986509e+02 
    0.000   20.063000  0.000000e+00  1.986272e+02 
    0.000   20.363001  0.000000e+00  1.985641e+02 
    0.000   20.858000  0.000000e+00  1.984737e+02 
    0.000   21.354000  0.000000e+00  1.983935e+02 
    0.000   21.850000  0.000000e+00  1.983237e+02 
    0.000   22.346001  0.000000e+00  1.982515e+02 
    0.000   22.841000  0.000000e+00  1.981767e+02 
    0.000   23.337000  0.000000e+00  1.981100e+02 
    0.000   23.833000  0.000000e+00  1.980607e+02 
    0.000   24.329000  0.000000e+00  1.980301e+02 
    0.000   24.823999  0.000000e+00  1.980102e+02 
    0.000   25.320000  0.000000e+00  1.980034e+02 
    0.000   25.816000  0.000000e+00  1.980103e+02 
    0.000   26.312000  0.000000e+00  1.980246e+02 
    0.000   26.806999  0.000000e+00  1.980455e+02 
    0.000   27.302999  0.000000e+00  1.980690e+02 
    0.000   27.799000  0.000000e+00  1.980937e+02 
    0.000   28.295000  0.000000e+00  1.981222e+02 
    0.000   28.790001  0.000000e+00  1.981576e+02 
    0.000   29.285999  0.000000e+00  1.982021e+02 
    0.000   29.782000  0.000000e+00  1.982537e+02 
    0.000   30.278000  0.000000e+00  1.983102e+02 
    0.000   30.773001  0.000000e+00  1.983671e+02 
    0.000   31.268999  0.000000e+00  1.984238e+02 
    0.000   31.764999  0.000000e+00  1.984799e+02 
    0.000   32.261002  0.000000e+00  1.985367e+02 
    0.000   32.756001  0.000000e+00  1.985946e+02 
    0.000   33.251999  0.000000e+00  1.986556e+02 
    0.000   33.748001  0.000000e+00  1.987197e+02 
    0.000   34.243999  0.000000e+00  1.987865e+02 
    0.000   34.738998  0.000000e+00  1.988519e+02 
    0.000   35.235001  0.000000e+00  1.989148e+02 
    0.000   35.730999  0.000000e+00  1.989736e+02 
    0.000   36.227001  0.000000e+00  1.990288e+02 
    0.000   36.722000  0.000000e+00  1.990798e+02 
    0.000   37.217999  0.000000e+00  1.991276e+02 
    0.000   37.714001  0.000000e+00  1.991726e+02 
    0.000   38.209999  0.000000e+00  1.992154e+02 
    0.000   38.705002  0.000000e+00  1.992584e+02 
    0.000   39.201000  0.000000e+00  1.993024e+02 
    0.000   39.696999  0.000000e+00  1.993492e+02 
    0.000   40.196999  0.000000e+00  1.994003e+02 
    0.000   45.196999  0.000000e+00  1.998523e+02 
    0.000   50.196999  0.000000e+00  2.000766e+02 
    0.000   55.196999  0.000000e+00  2.000752e+02 
    0.000   60.196999  0.000000e+00  2.000067e+02 
    0.000   65.196999  0.000000e+00  1.999545e+02 
