    0.000    0.000000  0.000000e+00  3.506276e+02 
    0.000    0.103000  0.000000e+00  3.498218e+02 
    0.000    0.206000  0.000000e+00  3.485283e+02 
    0.000    0.309000  0.000000e+00  3.472182e+02 
    0.000    0.412000  0.000000e+00  3.458259e+02 
    0.000    0.515000  0.000000e+00  3.445448e+02 
    0.000    0.618000  0.000000e+00  3.430959e+02 
    0.000    0.721000  0.000000e+00  3.415781e+02 
    0.000    0.824000  0.000000e+00  3.402206e+02 
    0.000    0.926000  0.000000e+00  3.387236e+02 
    0.000    1.029000  0.000000e+00  3.371042e+02 
    0.000    1.132000  0.000000e+00  3.355104e+02 
    0.000    1.235000  0.000000e+00  3.338001e+02 
    0.000    1.338000  0.000000e+00  3.320551e+02 
    0.000    1.441000  0.000000e+00  3.302560e+02 
    0.000    1.544000  0.000000e+00  3.284140e+02 
    0.000    1.647000  0.000000e+00  3.268226e+02 
    0.000    1.750000  0.000000e+00  3.251584e+02 
    0.000    1.852000  0.000000e+00  3.158474e+02 
    0.000    1.955000  0.000000e+00  3.088725e+02 
    0.000    2.058000  0.000000e+00  3.035121e+02 
    0.000    2.161000  0.000000e+00  2.988974e+02 
    0.000    2.264000  0.000000e+00  2.979505e+02 
    0.000    2.367000  0.000000e+00  2.969113e+02 
    0.000    2.470000  0.000000e+00  2.958210e+02 
    0.000    2.573000  0.000000e+00  2.946970e+02 
    0.000    2.676000  0.000000e+00  2.935341e+02 
    0.000    2.778000  0.000000e+00  2.923365e+02 
    0.000    2.881000  0.000000e+00  2.911107e+02 
    0.000    2.984000  0.000000e+00  2.898764e+02 
    0.000    3.087000  0.000000e+00  2.886379e+02 
    0.000    3.190000  0.000000e+00  2.873907e+02 
    0.000    3.293000  0.000000e+00  2.861441e+02 
    0.000    3.396000  0.000000e+00  2.849046e+02 
    0.000    3.499000  0.000000e+00  2.836738e+02 
    0.000    3.602000  0.000000e+00  2.824525e+02 
    0.000    3.704000  0.000000e+00  2.812479e+02 
    0.000    3.807000  0.000000e+00  2.800427e+02 
    0.000    3.910000  0.000000e+00  2.788333e+02 
    0.000    4.013000  0.000000e+00  2.776288e+02 
    0.000    4.116000  0.000000e+00  2.764281e+02 
    0.000    4.219000  0.000000e+00  2.752320e+02 
    0.000    4.322000  0.000000e+00  2.740498e+02 
    0.000    4.425000  0.000000e+00  2.728765e+02 
    0.000    4.528000  0.000000e+00  2.717187e+02 
    0.000    4.631000  0.000000e+00  2.705753e+02 
    0.000    4.733000  0.000000e+00  2.694464e+02 
    0.000    4.836000  0.000000e+00  2.683219e+02 
    0.000    4.939000  0.000000e+00  2.672097e+02 
    0.000    5.042000  0.000000e+00  2.661080e+02 
    0.000    5.145000  0.000000e+00  2.650221e+02 
    0.000    5.248000  0.000000e+00  2.639467e+02 
    0.000    5.351000  0.000000e+00  2.628845e+02 
    0.000    5.454000  0.000000e+00  2.618373e+02 
    0.000    5.557000  0.000000e+00  2.608004e+02 
    0.000    5.659000  0.000000e+00  2.597849e+02 
    0.000    5.762000  0.000000e+00  2.587759e+02 
    0.000    5.865000  0.000000e+00  2.577824e+02 
    0.000    5.968000  0.000000e+00  2.568063e+02 
    0.000    6.071000  0.000000e+00  2.558475e+02 
    0.000    6.174000  0.000000e+00  2.549052e+02 
    0.000    6.277000  0.000000e+00  2.539801e+02 
    0.000    6.380000  0.000000e+00  2.530856e+02 
    0.000    6.483000  0.000000e+00  2.522168e+02 
    0.000    6.585000  0.000000e+00  2.513805e+02 
    0.000    6.688000  0.000000e+00  2.505757e+02 
    0.000    6.791000  0.000000e+00  2.498013e+02 
    0.000    6.894000  0.000000e+00  2.490894e+02 
    0.000    6.997000  0.000000e+00  2.484609e+02 
    0.000    7.100000  0.000000e+00  2.478920e+02 
    0.000    7.203000  0.000000e+00  2.474463e+02 
    0.000    7.306000  0.000000e+00  2.471114e+02 
    0.000    7.409000  0.000000e+00  2.468452e+02 
    0.000    7.511000  0.000000e+00  2.466791e+02 
    0.000    7.614000  0.000000e+00  2.465768e+02 
    0.000    7.717000  0.000000e+00  2.465025e+02 
    0.000    7.820000  0.000000e+00  2.464259e+02 
    0.000    7.923000  0.000000e+00  2.463506e+02 
    0.000    8.026000  0.000000e+00  2.462567e+02 
    0.000    8.129001  0.000000e+00  2.461236e+02 
    0.000    8.232000  0.000000e+00  2.459677e+02 
    0.000    8.335000  0.000000e+00  2.457989e+02 
    0.000    8.437000  0.000000e+00  2.456232e+02 
    0.000    8.540000  0.000000e+00  2.454413e+02 
    0.000    8.643001  0.000000e+00  2.452623e+02 
    0.000    8.746000  0.000000e+00  2.450859e+02 
    0.000    8.849000  0.000000e+00  2.449107e+02 
    0.000    8.952001  0.000000e+00  2.447456e+02 
    0.000    9.055000  0.000000e+00  2.445878e+02 
    0.000    9.158000  0.000000e+00  2.444367e+02 
    0.000    9.261001  0.000000e+00  2.443117e+02 
    0.000    9.363000  0.000000e+00  2.442067e+02 
    0.000    9.466001  0.000000e+00  2.441136e+02 
    0.000    9.569000  0.000000e+00  2.440382e+02 
    0.000    9.672000  0.000000e+00  2.439763e+02 
    0.000    9.775001  0.000000e+00  2.439213e+02 
    0.000    9.878000  0.000000e+00  2.438664e+02 
    0.000    9.981000  0.000000e+00  2.438125e+02 
    0.000   10.084001  0.000000e+00  2.437583e+02 
    0.000   10.187000  0.000000e+00  2.436988e+02 
    0.000   10.289001  0.000000e+00  2.436371e+02 
    0.000   10.392000  0.000000e+00  2.435788e+02 
    0.000   10.495000  0.000000e+00  2.435323e+02 
    0.000   10.598001  0.000000e+00  2.434946e+02 
    0.000   10.701000  0.000000e+00  2.434570e+02 
    0.000   10.804000  0.000000e+00  2.434071e+02 
    0.000   10.907001  0.000000e+00  2.433493e+02 
    0.000   11.010000  0.000000e+00  2.432859e+02 
    0.000   11.113000  0.000000e+00  2.432124e+02 
    0.000   11.216001  0.000000e+00  2.431319e+02 
    0.000   11.318000  0.000000e+00  2.430482e+02 
    0.000   11.421000  0.000000e+00  2.429599e+02 
    0.000   11.524000  0.000000e+00  2.428690e+02 
    0.000   11.627000  0.000000e+00  2.427765e+02 
    0.000   11.730000  0.000000e+00  2.426824e+02 
    0.000   11.833000  0.000000e+00  2.425871e+02 
    0.000   11.936000  0.000000e+00  2.424914e+02 
    0.000   12.039001  0.000000e+00  2.423997e+02 
    0.000   12.142000  0.000000e+00  2.423113e+02 
    0.000   12.244000  0.000000e+00  2.422256e+02 
    0.000   12.347000  0.000000e+00  2.421430e+02 
    0.000   12.450001  0.000000e+00  2.420640e+02 
    0.000   12.553000  0.000000e+00  2.419876e+02 
    0.000   12.656000  0.000000e+00  2.419149e+02 
    0.000   12.759000  0.000000e+00  2.418460e+02 
    0.000   12.862000  0.000000e+00  2.417798e+02 
    0.000   12.965000  0.000000e+00  2.417152e+02 
    0.000   13.068000  0.000000e+00  2.416514e+02 
    0.000   13.170000  0.000000e+00  2.415891e+02 
    0.000   13.273001  0.000000e+00  2.415264e+02 
    0.000   13.376000  0.000000e+00  2.414628e+02 
    0.000   13.479000  0.000000e+00  2.413985e+02 
    0.000   13.582001  0.000000e+00  2.413344e+02 
    0.000   13.685000  0.000000e+00  2.412706e+02 
    0.000   13.788000  0.000000e+00  2.412074e+02 
    0.000   13.891001  0.000000e+00  2.411446e+02 
    0.000   13.994000  0.000000e+00  2.410845e+02 
    0.000   14.096001  0.000000e+00  2.410276e+02 
    0.000   14.199000  0.000000e+00  2.409718e+02 
    0.000   14.302000  0.000000e+00  2.409187e+02 
    0.000   14.405001  0.000000e+00  2.408689e+02 
    0.000   14.508000  0.000000e+00  2.408214e+02 
    0.000   14.611000  0.000000e+00  2.407754e+02 
    0.000   14.714001  0.000000e+00  2.407297e+02 
    0.000   14.817000  0.000000e+00  2.406845e+02 
    0.000   14.920000  0.000000e+00  2.406400e+02 
    0.000   15.022000  0.000000e+00  2.405958e+02 
    0.000   15.125000  0.000000e+00  2.405512e+02 
    0.000   15.228001  0.000000e+00  2.405069e+02 
    0.000   15.331000  0.000000e+00  2.404628e+02 
    0.000   15.434000  0.000000e+00  2.404185e+02 
    0.000   15.537001  0.000000e+00  2.403745e+02 
    0.000   15.640000  0.000000e+00  2.403304e+02 
    0.000   15.743000  0.000000e+00  2.402852e+02 
    0.000   15.846001  0.000000e+00  2.402392e+02 
    0.000   15.948999  0.000000e+00  2.401929e+02 
    0.000   16.051001  0.000000e+00  2.401492e+02 
    0.000   16.154001  0.000000e+00  2.401075e+02 
    0.000   16.257000  0.000000e+00  2.400676e+02 
    0.000   16.360001  0.000000e+00  2.400287e+02 
    0.000   16.462999  0.000000e+00  2.399900e+02 
    0.000   16.566000  0.000000e+00  2.399516e+02 
    0.000   16.669001  0.000000e+00  2.399137e+02 
    0.000   16.771999  0.000000e+00  2.398741e+02 
    0.000   16.875000  0.000000e+00  2.398329e+02 
    0.000   16.977001  0.000000e+00  2.397914e+02 
    0.000   17.080000  0.000000e+00  2.397489e+02 
    0.000   17.183001  0.000000e+00  2.397062e+02 
    0.000   17.286001  0.000000e+00  2.396633e+02 
    0.000   17.389000  0.000000e+00  2.396203e+02 
    0.000   17.492001  0.000000e+00  2.395776e+02 
    0.000   17.595001  0.000000e+00  2.395351e+02 
    0.000   17.698000  0.000000e+00  2.394928e+02 
    0.000   17.801001  0.000000e+00  2.394508e+02 
    0.000   17.903000  0.000000e+00  2.394097e+02 
    0.000   18.006001  0.000000e+00  2.393685e+02 
    0.000   18.109001  0.000000e+00  2.393277e+02 
    0.000   18.212000  0.000000e+00  2.392885e+02 
    0.000   18.315001  0.000000e+00  2.392510e+02 
    0.000   18.418001  0.000000e+00  2.392148e+02 
    0.000   18.521000  0.000000e+00  2.391797e+02 
    0.000   18.624001  0.000000e+00  2.391460e+02 
    0.000   18.727001  0.000000e+00  2.391136e+02 
    0.000   18.829000  0.000000e+00  2.390826e+02 
    0.000   18.932001  0.000000e+00  2.390521e+02 
    0.000   19.035000  0.000000e+00  2.390224e+02 
    0.000   19.138000  0.000000e+00  2.389935e+02 
    0.000   19.241001  0.000000e+00  2.389652e+02 
    0.000   19.344000  0.000000e+00  2.389372e+02 
    0.000   19.447001  0.000000e+00  2.389095e+02 
    0.000   19.550001  0.000000e+00  2.388822e+02 
    0.000   19.653000  0.000000e+00  2.388553e+02 
    0.000   19.755001  0.000000e+00  2.388277e+02 
    0.000   19.858000  0.000000e+00  2.387986e+02 
    0.000   19.961000  0.000000e+00  2.387689e+02 
    0.000   20.064001  0.000000e+00  2.387388e+02 
    0.000   20.363001  0.000000e+00  2.386477e+02 
    0.000   20.859001  0.000000e+00  2.385048e+02 
    0.000   21.355000  0.000000e+00  2.383873e+02 
    0.000   21.851000  0.000000e+00  2.382912e+02 
    0.000   22.346001  0.000000e+00  2.382036e+02 
    0.000   22.842001  0.000000e+00  2.381180e+02 
    0.000   23.337999  0.000000e+00  2.380335e+02 
    0.000   23.834000  0.000000e+00  2.379585e+02 
    0.000   24.329000  0.000000e+00  2.379077e+02 
    0.000   24.825001  0.000000e+00  2.378835e+02 
    0.000   25.321001  0.000000e+00  2.378765e+02 
    0.000   25.816999  0.000000e+00  2.378716e+02 
    0.000   26.312000  0.000000e+00  2.378610e+02 
    0.000   26.808001  0.000000e+00  2.378598e+02 
    0.000   27.304001  0.000000e+00  2.378743e+02 
    0.000   27.800001  0.000000e+00  2.378997e+02 
    0.000   28.295000  0.000000e+00  2.379306e+02 
    0.000   28.791000  0.000000e+00  2.379700e+02 
    0.000   29.287001  0.000000e+00  2.380114e+02 
    0.000   29.783001  0.000000e+00  2.380553e+02 
    0.000   30.278000  0.000000e+00  2.381044e+02 
    0.000   30.774000  0.000000e+00  2.381610e+02 
    0.000   31.270000  0.000000e+00  2.382202e+02 
    0.000   31.766001  0.000000e+00  2.382772e+02 
    0.000   32.261997  0.000000e+00  2.383325e+02 
    0.000   32.757000  0.000000e+00  2.383868e+02 
    0.000   33.252998  0.000000e+00  2.384410e+02 
    0.000   33.748997  0.000000e+00  2.384966e+02 
    0.000   34.244999  0.000000e+00  2.385539e+02 
    0.000   34.739998  0.000000e+00  2.386148e+02 
    0.000   35.236000  0.000000e+00  2.386790e+02 
    0.000   35.731998  0.000000e+00  2.387415e+02 
    0.000   36.227997  0.000000e+00  2.388016e+02 
    0.000   36.723000  0.000000e+00  2.388547e+02 
    0.000   37.218998  0.000000e+00  2.389018e+02 
    0.000   37.715000  0.000000e+00  2.389453e+02 
    0.000   38.210999  0.000000e+00  2.389861e+02 
    0.000   38.705997  0.000000e+00  2.390278e+02 
    0.000   39.202000  0.000000e+00  2.390715e+02 
    0.000   39.697998  0.000000e+00  2.391178e+02 
    0.000   40.197998  0.000000e+00  2.391674e+02 
    0.000   45.197998  0.000000e+00  2.396147e+02 
    0.000   50.197998  0.000000e+00  2.398367e+02 
    0.000   55.197998  0.000000e+00  2.398311e+02 
    0.000   60.197998  0.000000e+00  2.397645e+02 
    0.000   65.198006  0.000000e+00  2.397118e+02 
