    0.000    0.000000  0.000000e+00  3.523450e+02 
    0.000    0.103000  0.000000e+00  3.514660e+02 
    0.000    0.206000  0.000000e+00  3.502299e+02 
    0.000    0.308000  0.000000e+00  3.488590e+02 
    0.000    0.411000  0.000000e+00  3.474423e+02 
    0.000    0.514000  0.000000e+00  3.460380e+02 
    0.000    0.617000  0.000000e+00  3.443791e+02 
    0.000    0.720000  0.000000e+00  3.424520e+02 
    0.000    0.823000  0.000000e+00  3.403013e+02 
    0.000    0.926000  0.000000e+00  3.379542e+02 
    0.000    1.029000  0.000000e+00  3.353918e+02 
    0.000    1.132000  0.000000e+00  3.326819e+02 
    0.000    1.235000  0.000000e+00  3.297900e+02 
    0.000    1.337000  0.000000e+00  3.268327e+02 
    0.000    1.440000  0.000000e+00  3.238234e+02 
    0.000    1.543000  0.000000e+00  3.208174e+02 
    0.000    1.646000  0.000000e+00  3.177315e+02 
    0.000    1.749000  0.000000e+00  3.145350e+02 
    0.000    1.852000  0.000000e+00  3.023189e+02 
    0.000    1.955000  0.000000e+00  2.990136e+02 
    0.000    2.058000  0.000000e+00  2.963720e+02 
    0.000    2.161000  0.000000e+00  2.939810e+02 
    0.000    2.263000  0.000000e+00  2.922201e+02 
    0.000    2.366000  0.000000e+00  2.914114e+02 
    0.000    2.469000  0.000000e+00  2.905158e+02 
    0.000    2.572000  0.000000e+00  2.895755e+02 
    0.000    2.675000  0.000000e+00  2.885938e+02 
    0.000    2.778000  0.000000e+00  2.875759e+02 
    0.000    2.881000  0.000000e+00  2.865215e+02 
    0.000    2.984000  0.000000e+00  2.854174e+02 
    0.000    3.087000  0.000000e+00  2.842878e+02 
    0.000    3.189000  0.000000e+00  2.831381e+02 
    0.000    3.292000  0.000000e+00  2.819680e+02 
    0.000    3.395000  0.000000e+00  2.807855e+02 
    0.000    3.498000  0.000000e+00  2.795969e+02 
    0.000    3.601000  0.000000e+00  2.784014e+02 
    0.000    3.704000  0.000000e+00  2.771970e+02 
    0.000    3.807000  0.000000e+00  2.759940e+02 
    0.000    3.910000  0.000000e+00  2.747895e+02 
    0.000    4.013000  0.000000e+00  2.735914e+02 
    0.000    4.115000  0.000000e+00  2.724006e+02 
    0.000    4.218000  0.000000e+00  2.711947e+02 
    0.000    4.321000  0.000000e+00  2.699950e+02 
    0.000    4.424000  0.000000e+00  2.687974e+02 
    0.000    4.527000  0.000000e+00  2.676066e+02 
    0.000    4.630000  0.000000e+00  2.664254e+02 
    0.000    4.733000  0.000000e+00  2.652451e+02 
    0.000    4.836000  0.000000e+00  2.640742e+02 
    0.000    4.939000  0.000000e+00  2.629117e+02 
    0.000    5.041000  0.000000e+00  2.617635e+02 
    0.000    5.144000  0.000000e+00  2.606184e+02 
    0.000    5.247000  0.000000e+00  2.594827e+02 
    0.000    5.350000  0.000000e+00  2.583582e+02 
    0.000    5.453000  0.000000e+00  2.572493e+02 
    0.000    5.556000  0.000000e+00  2.561563e+02 
    0.000    5.659000  0.000000e+00  2.550447e+02 
    0.000    5.762000  0.000000e+00  2.538382e+02 
    0.000    5.865000  0.000000e+00  2.527684e+02 
    0.000    5.967000  0.000000e+00  2.517646e+02 
    0.000    6.070000  0.000000e+00  2.507719e+02 
    0.000    6.173000  0.000000e+00  2.497989e+02 
    0.000    6.276000  0.000000e+00  2.487902e+02 
    0.000    6.379000  0.000000e+00  2.478019e+02 
    0.000    6.482000  0.000000e+00  2.468168e+02 
    0.000    6.585000  0.000000e+00  2.458060e+02 
    0.000    6.688000  0.000000e+00  2.448511e+02 
    0.000    6.791000  0.000000e+00  2.439305e+02 
    0.000    6.893000  0.000000e+00  2.430467e+02 
    0.000    6.996000  0.000000e+00  2.421772e+02 
    0.000    7.099000  0.000000e+00  2.413324e+02 
    0.000    7.202000  0.000000e+00  2.406162e+02 
    0.000    7.305000  0.000000e+00  2.400939e+02 
    0.000    7.408000  0.000000e+00  2.396648e+02 
    0.000    7.511000  0.000000e+00  2.393546e+02 
    0.000    7.614000  0.000000e+00  2.391092e+02 
    0.000    7.717000  0.000000e+00  2.389162e+02 
    0.000    7.820000  0.000000e+00  2.387841e+02 
    0.000    7.922000  0.000000e+00  2.386703e+02 
    0.000    8.025000  0.000000e+00  2.385588e+02 
    0.000    8.127999  0.000000e+00  2.384198e+02 
    0.000    8.231000  0.000000e+00  2.382950e+02 
    0.000    8.334000  0.000000e+00  2.381548e+02 
    0.000    8.436999  0.000000e+00  2.379852e+02 
    0.000    8.540000  0.000000e+00  2.378039e+02 
    0.000    8.643000  0.000000e+00  2.376122e+02 
    0.000    8.745999  0.000000e+00  2.374134e+02 
    0.000    8.848000  0.000000e+00  2.372946e+02 
    0.000    8.951000  0.000000e+00  2.371728e+02 
    0.000    9.054000  0.000000e+00  2.370497e+02 
    0.000    9.157000  0.000000e+00  2.369265e+02 
    0.000    9.259999  0.000000e+00  2.368151e+02 
    0.000    9.363000  0.000000e+00  2.367120e+02 
    0.000    9.466000  0.000000e+00  2.366141e+02 
    0.000    9.568999  0.000000e+00  2.365248e+02 
    0.000    9.672000  0.000000e+00  2.364420e+02 
    0.000    9.774000  0.000000e+00  2.363685e+02 
    0.000    9.877000  0.000000e+00  2.363124e+02 
    0.000    9.980000  0.000000e+00  2.362693e+02 
    0.000   10.083000  0.000000e+00  2.362309e+02 
    0.000   10.186000  0.000000e+00  2.361884e+02 
    0.000   10.289000  0.000000e+00  2.361440e+02 
    0.000   10.392000  0.000000e+00  2.360980e+02 
    0.000   10.495000  0.000000e+00  2.360466e+02 
    0.000   10.598000  0.000000e+00  2.359922e+02 
    0.000   10.700000  0.000000e+00  2.359371e+02 
    0.000   10.802999  0.000000e+00  2.358798e+02 
    0.000   10.906000  0.000000e+00  2.358218e+02 
    0.000   11.009000  0.000000e+00  2.357616e+02 
    0.000   11.112000  0.000000e+00  2.356930e+02 
    0.000   11.215000  0.000000e+00  2.356189e+02 
    0.000   11.318000  0.000000e+00  2.355419e+02 
    0.000   11.421000  0.000000e+00  2.354617e+02 
    0.000   11.524000  0.000000e+00  2.353795e+02 
    0.000   11.625999  0.000000e+00  2.352971e+02 
    0.000   11.729000  0.000000e+00  2.352152e+02 
    0.000   11.832000  0.000000e+00  2.351344e+02 
    0.000   11.934999  0.000000e+00  2.350544e+02 
    0.000   12.038000  0.000000e+00  2.349741e+02 
    0.000   12.141000  0.000000e+00  2.348938e+02 
    0.000   12.243999  0.000000e+00  2.348136e+02 
    0.000   12.347000  0.000000e+00  2.347333e+02 
    0.000   12.450000  0.000000e+00  2.346531e+02 
    0.000   12.552000  0.000000e+00  2.345738e+02 
    0.000   12.655000  0.000000e+00  2.344972e+02 
    0.000   12.757999  0.000000e+00  2.344246e+02 
    0.000   12.861000  0.000000e+00  2.343548e+02 
    0.000   12.964000  0.000000e+00  2.342873e+02 
    0.000   13.066999  0.000000e+00  2.342222e+02 
    0.000   13.170000  0.000000e+00  2.341591e+02 
    0.000   13.273000  0.000000e+00  2.340976e+02 
    0.000   13.375999  0.000000e+00  2.340380e+02 
    0.000   13.479000  0.000000e+00  2.339799e+02 
    0.000   13.580999  0.000000e+00  2.339237e+02 
    0.000   13.684000  0.000000e+00  2.338687e+02 
    0.000   13.787000  0.000000e+00  2.338154e+02 
    0.000   13.889999  0.000000e+00  2.337633e+02 
    0.000   13.993000  0.000000e+00  2.337121e+02 
    0.000   14.096000  0.000000e+00  2.336617e+02 
    0.000   14.198999  0.000000e+00  2.336120e+02 
    0.000   14.302000  0.000000e+00  2.335636e+02 
    0.000   14.405000  0.000000e+00  2.335167e+02 
    0.000   14.507000  0.000000e+00  2.334715e+02 
    0.000   14.610000  0.000000e+00  2.334266e+02 
    0.000   14.712999  0.000000e+00  2.333819e+02 
    0.000   14.816000  0.000000e+00  2.333376e+02 
    0.000   14.919000  0.000000e+00  2.332939e+02 
    0.000   15.021999  0.000000e+00  2.332496e+02 
    0.000   15.125000  0.000000e+00  2.332050e+02 
    0.000   15.228000  0.000000e+00  2.331605e+02 
    0.000   15.330999  0.000000e+00  2.331174e+02 
    0.000   15.433000  0.000000e+00  2.330767e+02 
    0.000   15.535999  0.000000e+00  2.330372e+02 
    0.000   15.639000  0.000000e+00  2.329989e+02 
    0.000   15.742000  0.000000e+00  2.329617e+02 
    0.000   15.844999  0.000000e+00  2.329255e+02 
    0.000   15.948000  0.000000e+00  2.328902e+02 
    0.000   16.051001  0.000000e+00  2.328513e+02 
    0.000   16.153999  0.000000e+00  2.328085e+02 
    0.000   16.257000  0.000000e+00  2.327633e+02 
    0.000   16.358999  0.000000e+00  2.327168e+02 
    0.000   16.462000  0.000000e+00  2.326684e+02 
    0.000   16.565001  0.000000e+00  2.326188e+02 
    0.000   16.667999  0.000000e+00  2.325684e+02 
    0.000   16.771000  0.000000e+00  2.325193e+02 
    0.000   16.874001  0.000000e+00  2.324713e+02 
    0.000   16.976999  0.000000e+00  2.324241e+02 
    0.000   17.080000  0.000000e+00  2.323783e+02 
    0.000   17.183001  0.000000e+00  2.323348e+02 
    0.000   17.285000  0.000000e+00  2.322935e+02 
    0.000   17.388000  0.000000e+00  2.322529e+02 
    0.000   17.490999  0.000000e+00  2.322143e+02 
    0.000   17.594000  0.000000e+00  2.321774e+02 
    0.000   17.697001  0.000000e+00  2.321417e+02 
    0.000   17.799999  0.000000e+00  2.321072e+02 
    0.000   17.903000  0.000000e+00  2.320737e+02 
    0.000   18.006001  0.000000e+00  2.320413e+02 
    0.000   18.108999  0.000000e+00  2.320097e+02 
    0.000   18.212000  0.000000e+00  2.319784e+02 
    0.000   18.313999  0.000000e+00  2.319478e+02 
    0.000   18.417000  0.000000e+00  2.319171e+02 
    0.000   18.520000  0.000000e+00  2.318869e+02 
    0.000   18.622999  0.000000e+00  2.318570e+02 
    0.000   18.726000  0.000000e+00  2.318274e+02 
    0.000   18.829000  0.000000e+00  2.317981e+02 
    0.000   18.931999  0.000000e+00  2.317690e+02 
    0.000   19.035000  0.000000e+00  2.317398e+02 
    0.000   19.138000  0.000000e+00  2.317106e+02 
    0.000   19.240000  0.000000e+00  2.316818e+02 
    0.000   19.343000  0.000000e+00  2.316524e+02 
    0.000   19.445999  0.000000e+00  2.316226e+02 
    0.000   19.549000  0.000000e+00  2.315925e+02 
    0.000   19.652000  0.000000e+00  2.315623e+02 
    0.000   19.754999  0.000000e+00  2.315321e+02 
    0.000   19.858000  0.000000e+00  2.315020e+02 
    0.000   19.961000  0.000000e+00  2.314719e+02 
    0.000   20.063999  0.000000e+00  2.314419e+02 
    0.000   20.362999  0.000000e+00  2.313585e+02 
    0.000   20.858999  0.000000e+00  2.312380e+02 
    0.000   21.354000  0.000000e+00  2.311358e+02 
    0.000   21.850000  0.000000e+00  2.310437e+02 
    0.000   22.346001  0.000000e+00  2.309519e+02 
    0.000   22.841999  0.000000e+00  2.308593e+02 
    0.000   23.337000  0.000000e+00  2.307747e+02 
    0.000   23.833000  0.000000e+00  2.307094e+02 
    0.000   24.329000  0.000000e+00  2.306674e+02 
    0.000   24.824999  0.000000e+00  2.306426e+02 
    0.000   25.320000  0.000000e+00  2.306270e+02 
    0.000   25.816000  0.000000e+00  2.306254e+02 
    0.000   26.312000  0.000000e+00  2.306324e+02 
    0.000   26.808001  0.000000e+00  2.306431e+02 
    0.000   27.302999  0.000000e+00  2.306585e+02 
    0.000   27.799000  0.000000e+00  2.306788e+02 
    0.000   28.295000  0.000000e+00  2.307037e+02 
    0.000   28.791000  0.000000e+00  2.307371e+02 
    0.000   29.285999  0.000000e+00  2.307785e+02 
    0.000   29.782000  0.000000e+00  2.308259e+02 
    0.000   30.278000  0.000000e+00  2.308773e+02 
    0.000   30.774000  0.000000e+00  2.309309e+02 
    0.000   31.268999  0.000000e+00  2.309860e+02 
    0.000   31.764999  0.000000e+00  2.310422e+02 
    0.000   32.261002  0.000000e+00  2.310994e+02 
    0.000   32.757000  0.000000e+00  2.311572e+02 
    0.000   33.252003  0.000000e+00  2.312150e+02 
    0.000   33.748001  0.000000e+00  2.312749e+02 
    0.000   34.244003  0.000000e+00  2.313376e+02 
    0.000   34.740002  0.000000e+00  2.314005e+02 
    0.000   35.235001  0.000000e+00  2.314624e+02 
    0.000   35.731003  0.000000e+00  2.315208e+02 
    0.000   36.227001  0.000000e+00  2.315759e+02 
    0.000   36.723003  0.000000e+00  2.316273e+02 
    0.000   37.218002  0.000000e+00  2.316755e+02 
    0.000   37.714001  0.000000e+00  2.317200e+02 
    0.000   38.210003  0.000000e+00  2.317612e+02 
    0.000   38.706001  0.000000e+00  2.318027e+02 
    0.000   39.201000  0.000000e+00  2.318452e+02 
    0.000   39.697002  0.000000e+00  2.318910e+02 
    0.000   40.197002  0.000000e+00  2.319418e+02 
    0.000   45.197002  0.000000e+00  2.323920e+02 
    0.000   50.197002  0.000000e+00  2.326183e+02 
    0.000   55.197002  0.000000e+00  2.326150e+02 
    0.000   60.197002  0.000000e+00  2.325467e+02 
    0.000   65.196999  0.000000e+00  2.324945e+02 
