   67.740    0.000000  3.381769e-01  1.482134e+01 
   67.740    0.103000  3.401037e-01  1.498875e+01 
   67.740    0.206000  3.420024e-01  1.516321e+01 
   67.740    0.309000  3.438829e-01  1.534121e+01 
   67.740    0.412000  3.457549e-01  1.552109e+01 
   67.740    0.515000  3.607492e-01  1.667230e+01 
   67.740    0.618000  3.988573e-01  1.868465e+01 
   67.740    0.721000  4.746387e-01  2.208141e+01 
   67.740    0.823000  5.972843e-01  2.649996e+01 
   67.740    0.926000  7.900017e-01  3.185182e+01 
   67.740    1.029000  1.085871e+00  3.798228e+01 
   67.740    1.132000  1.542904e+00  4.487271e+01 
   67.740    1.235000  2.242658e+00  5.241172e+01 
   67.740    1.338000  3.312562e+00  6.055668e+01 
   67.740    1.441000  4.958695e+00  6.934175e+01 
   67.740    1.544000  7.683252e+00  7.940277e+01 
   67.740    1.647000  1.230649e+01  9.093398e+01 
   67.740    1.749000  2.026234e+01  1.040360e+02 
   67.740    1.852000  4.026376e+01  1.191271e+02 
   67.740    1.955000  7.839185e+01  1.350153e+02 
   67.740    2.058000  1.555168e+02  1.522008e+02 
   67.740    2.161000  3.020725e+02  1.681750e+02 
   67.740    2.264000  3.042424e+02  1.681476e+02 
   67.740    2.367000  3.064914e+02  1.681735e+02 
   67.740    2.470000  3.084026e+02  1.682435e+02 
   67.740    2.573000  3.103458e+02  1.683491e+02 
   67.740    2.675000  3.123491e+02  1.684896e+02 
   67.740    2.778000  3.140193e+02  1.685920e+02 
   67.740    2.881000  3.156953e+02  1.687096e+02 
   67.740    2.984000  3.173806e+02  1.688401e+02 
   67.740    3.087000  3.188259e+02  1.689424e+02 
   67.740    3.190000  3.202607e+02  1.690540e+02 
   67.740    3.293000  3.216835e+02  1.691739e+02 
   67.740    3.396000  3.230939e+02  1.693011e+02 
   67.740    3.499000  3.244908e+02  1.694350e+02 
   67.740    3.601000  3.258641e+02  1.695730e+02 
   67.740    3.704000  3.272467e+02  1.697167e+02 
   67.740    3.807000  3.286259e+02  1.698644e+02 
   67.740    3.910000  3.300035e+02  1.700154e+02 
   67.740    4.013000  3.313796e+02  1.701694e+02 
   67.740    4.116000  3.327524e+02  1.703262e+02 
   67.740    4.219000  3.341196e+02  1.704855e+02 
   67.740    4.322000  3.354791e+02  1.706471e+02 
   67.740    4.425000  3.368298e+02  1.708107e+02 
   67.740    4.527000  3.381565e+02  1.709745e+02 
   67.740    4.630000  3.394840e+02  1.711415e+02 
   67.740    4.733000  3.408013e+02  1.713095e+02 
   67.740    4.836000  3.421067e+02  1.714784e+02 
   67.740    4.939000  3.433986e+02  1.716480e+02 
   67.740    5.042000  3.446753e+02  1.718182e+02 
   67.740    5.145000  3.459337e+02  1.719889e+02 
   67.740    5.248000  3.471714e+02  1.721601e+02 
   67.740    5.351000  3.483858e+02  1.723316e+02 
   67.740    5.453000  3.495638e+02  1.725018e+02 
   67.740    5.556000  3.507294e+02  1.726738e+02 
   67.740    5.659000  3.518705e+02  1.728457e+02 
   67.740    5.762000  3.529877e+02  1.730175e+02 
   67.740    5.865000  3.540834e+02  1.731891e+02 
   67.740    5.968000  3.551569e+02  1.733603e+02 
   67.740    6.071000  3.562091e+02  1.735311e+02 
   67.740    6.174000  3.572411e+02  1.737014e+02 
   67.740    6.277000  3.582572e+02  1.738708e+02 
   67.740    6.380000  3.592612e+02  1.740394e+02 
   67.740    6.482000  3.602455e+02  1.742053e+02 
   67.740    6.585000  3.612322e+02  1.743718e+02 
   67.740    6.688000  3.622173e+02  1.745371e+02 
   67.740    6.791000  3.915543e+02  1.792532e+02 
   67.740    6.894000  3.926168e+02  1.794072e+02 
   67.740    6.997000  3.940022e+02  1.796091e+02 
   67.740    7.100000  3.953903e+02  1.798104e+02 
   67.740    7.203000  3.967555e+02  1.800109e+02 
   67.740    7.306000  4.003842e+02  1.803648e+02 
   67.740    7.408000  4.033774e+02  1.806707e+02 
   67.740    7.511000  4.064247e+02  1.809846e+02 
   67.740    7.614000  4.094664e+02  1.813032e+02 
   67.740    7.717000  4.121565e+02  1.815977e+02 
   67.740    7.820000  4.149945e+02  1.819012e+02 
   67.740    7.923000  4.173301e+02  1.821656e+02 
   67.740    8.026000  4.193971e+02  1.824082e+02 
   67.740    8.129000  4.213952e+02  1.826431e+02 
   67.740    8.232000  4.241526e+02  1.829287e+02 
   67.740    8.334000  4.261701e+02  1.831594e+02 
   67.740    8.437000  4.281298e+02  1.833859e+02 
   67.740    8.540000  4.299459e+02  1.836015e+02 
   67.740    8.643000  4.318151e+02  1.838194e+02 
   67.740    8.746000  4.348639e+02  1.841151e+02 
   67.740    8.849000  4.371103e+02  1.843512e+02 
   67.740    8.952000  4.391080e+02  1.845684e+02 
   67.740    9.055000  4.415947e+02  1.848148e+02 
   67.740    9.158000  4.439049e+02  1.850463e+02 
   67.740    9.260000  4.461417e+02  1.853762e+02 
   67.740    9.363000  4.466383e+02  1.854822e+02 
   67.740    9.466000  4.471387e+02  1.855860e+02 
   67.740    9.569000  4.476097e+02  1.856884e+02 
   67.740    9.672000  4.480818e+02  1.857887e+02 
   67.740    9.775000  4.485522e+02  1.858869e+02 
   67.740    9.878000  4.490175e+02  1.859830e+02 
   67.740    9.981000  4.494768e+02  1.860770e+02 
   67.740   10.084000  4.499286e+02  1.861692e+02 
   67.740   10.186000  4.503987e+02  1.862580e+02 
   67.740   10.289000  4.508618e+02  1.863461e+02 
   67.740   10.392000  4.513155e+02  1.864326e+02 
   67.740   10.495000  4.517628e+02  1.865176e+02 
   67.740   10.598000  4.522042e+02  1.866013e+02 
   67.740   10.701000  4.526396e+02  1.866835e+02 
   67.740   10.804000  4.530693e+02  1.867645e+02 
   67.740   10.907000  4.534931e+02  1.868443e+02 
   67.740   11.010000  4.539111e+02  1.869229e+02 
   67.740   11.112000  4.543194e+02  1.869997e+02 
   67.740   11.215000  4.547260e+02  1.870763e+02 
   67.740   11.318000  4.551270e+02  1.871518e+02 
   67.740   11.421000  4.555227e+02  1.872264e+02 
   67.740   11.524000  4.559132e+02  1.873001e+02 
   67.740   11.627000  4.562983e+02  1.873729e+02 
   67.740   11.730000  4.566779e+02  1.874448e+02 
   67.740   11.833000  4.570521e+02  1.875158e+02 
   67.740   11.936000  4.574208e+02  1.875858e+02 
   67.740   12.039000  4.577843e+02  1.876549e+02 
   67.740   12.141000  4.581393e+02  1.877224e+02 
   67.740   12.243999  4.584927e+02  1.877895e+02 
   67.740   12.347000  4.588414e+02  1.878557e+02 
   67.740   12.450000  4.591855e+02  1.879210e+02 
   67.740   12.552999  4.595251e+02  1.879853e+02 
   67.740   12.656000  4.598602e+02  1.880486e+02 
   67.740   12.759000  4.601909e+02  1.881109e+02 
   67.740   12.862000  4.605178e+02  1.881723e+02 
   67.740   12.965000  4.608408e+02  1.882326e+02 
   67.740   13.066999  4.611570e+02  1.882914e+02 
   67.740   13.170000  4.614726e+02  1.883497e+02 
   67.740   13.273000  4.617845e+02  1.884071e+02 
   67.740   13.375999  4.620929e+02  1.884633e+02 
   67.740   13.479000  4.623977e+02  1.885186e+02 
   67.740   13.582000  4.626989e+02  1.885728e+02 
   67.740   13.684999  4.629969e+02  1.886259e+02 
   67.740   13.788000  4.632917e+02  1.886779e+02 
   67.740   13.891000  4.635831e+02  1.887288e+02 
   67.740   13.993000  4.638686e+02  1.887781e+02 
   67.740   14.096000  4.641538e+02  1.888268e+02 
   67.740   14.199000  4.644360e+02  1.888745e+02 
   67.740   14.302000  4.647149e+02  1.889210e+02 
   67.740   14.405000  4.649907e+02  1.889666e+02 
   67.740   14.507999  4.652634e+02  1.890113e+02 
   67.740   14.611000  4.655328e+02  1.890551e+02 
   67.740   14.714000  4.657989e+02  1.890980e+02 
   67.740   14.816999  4.660617e+02  1.891402e+02 
   67.740   14.919000  4.663188e+02  1.891812e+02 
   67.740   15.022000  4.665751e+02  1.892218e+02 
   67.740   15.125000  4.668283e+02  1.892618e+02 
   67.740   15.228000  4.670783e+02  1.893011e+02 
   67.740   15.331000  4.673252e+02  1.893396e+02 
   67.740   15.434000  4.675690e+02  1.893774e+02 
   67.740   15.537000  4.678099e+02  1.894146e+02 
   67.740   15.640000  4.680477e+02  1.894511e+02 
   67.740   15.743000  4.682826e+02  1.894869e+02 
   67.740   15.845000  4.685124e+02  1.895217e+02 
   67.740   15.947999  4.687418e+02  1.895562e+02 
   67.740   16.051001  4.689686e+02  1.895900e+02 
   67.740   16.154001  4.691931e+02  1.896232e+02 
   67.740   16.257000  4.694152e+02  1.896557e+02 
   67.740   16.360001  4.696349e+02  1.896876e+02 
   67.740   16.463001  4.698524e+02  1.897188e+02 
   67.740   16.566000  4.700677e+02  1.897493e+02 
   67.740   16.669001  4.702809e+02  1.897791e+02 
   67.740   16.772001  4.704921e+02  1.898082e+02 
   67.740   16.874001  4.706994e+02  1.898362e+02 
   67.740   16.977001  4.709069e+02  1.898637e+02 
   67.740   17.080000  4.711129e+02  1.898904e+02 
   67.740   17.183001  4.713175e+02  1.899161e+02 
   67.740   17.286001  4.715209e+02  1.899408e+02 
   67.740   17.389000  4.717230e+02  1.899646e+02 
   67.740   17.492001  4.719238e+02  1.899874e+02 
   67.740   17.595001  4.721235e+02  1.900092e+02 
   67.740   17.698000  4.723221e+02  1.900302e+02 
   67.740   17.800001  4.725172e+02  1.900502e+02 
   67.740   17.903002  4.727128e+02  1.900696e+02 
   67.740   18.006001  4.729067e+02  1.900884e+02 
   67.740   18.109001  4.730990e+02  1.901065e+02 
   67.740   18.212000  4.732897e+02  1.901240e+02 
   67.740   18.315001  4.734788e+02  1.901409e+02 
   67.740   18.418001  4.736662e+02  1.901572e+02 
   67.740   18.521000  4.738521e+02  1.901729e+02 
   67.740   18.624001  4.740363e+02  1.901880e+02 
   67.740   18.726002  4.742174e+02  1.902024e+02 
   67.740   18.829000  4.743987e+02  1.902163e+02 
   67.740   18.932001  4.745786e+02  1.902296e+02 
   67.740   19.035002  4.747570e+02  1.902424e+02 
   67.740   19.138000  4.749342e+02  1.902546e+02 
   67.740   19.241001  4.751100e+02  1.902663e+02 
   67.740   19.344002  4.752844e+02  1.902775e+02 
   67.740   19.447001  4.754576e+02  1.902881e+02 
   67.740   19.550001  4.756294e+02  1.902983e+02 
   67.740   19.652000  4.757983e+02  1.903079e+02 
   67.740   19.755001  4.759675e+02  1.903170e+02 
   67.740   19.858002  4.761356e+02  1.903257e+02 
   67.740   19.961000  4.763024e+02  1.903339e+02 
   67.740   20.064001  4.764683e+02  1.903415e+02 
   67.740   20.363001  4.769447e+02  1.903601e+02 
   67.740   20.859001  4.777121e+02  1.903830e+02 
   67.740   21.355001  4.784514e+02  1.903965e+02 
   67.740   21.851002  4.791620e+02  1.904023e+02 
   67.740   22.346001  4.798357e+02  1.904041e+02 
   67.740   22.842001  4.804699e+02  1.904056e+02 
   67.740   23.338001  4.810611e+02  1.904083e+02 
   67.740   23.834002  4.816135e+02  1.904112e+02 
   67.740   24.329000  4.821322e+02  1.904127e+02 
   67.740   24.825001  4.826216e+02  1.904127e+02 
   67.740   25.321001  4.830792e+02  1.904123e+02 
   67.740   25.817001  4.835059e+02  1.904119e+02 
   67.740   26.312000  4.839037e+02  1.904111e+02 
   67.740   26.808001  4.842770e+02  1.904097e+02 
   67.740   27.304001  4.846258e+02  1.904076e+02 
   67.740   27.800001  4.849514e+02  1.904052e+02 
   67.740   28.295000  4.852553e+02  1.904022e+02 
   67.740   28.791000  4.855415e+02  1.903984e+02 
   67.740   29.287001  4.858119e+02  1.903936e+02 
   67.740   29.783001  4.860687e+02  1.903877e+02 
   67.740   30.278002  4.863128e+02  1.903808e+02 
   67.740   30.774000  4.865470e+02  1.903730e+02 
   67.740   31.270000  4.867724e+02  1.903644e+02 
   67.740   31.766001  4.869905e+02  1.903552e+02 
   67.740   32.260998  4.872033e+02  1.903453e+02 
   67.740   32.757000  4.874134e+02  1.903350e+02 
   67.740   33.252998  4.876220e+02  1.903244e+02 
   67.740   33.749001  4.878307e+02  1.903139e+02 
   67.740   34.243999  4.880401e+02  1.903037e+02 
   67.740   34.739998  4.882530e+02  1.902940e+02 
   67.740   35.236000  4.884700e+02  1.902847e+02 
   67.740   35.731998  4.886923e+02  1.902760e+02 
   67.740   36.226997  4.889198e+02  1.902679e+02 
   67.740   36.723000  4.891536e+02  1.902602e+02 
   67.740   37.218998  4.893927e+02  1.902531e+02 
   67.740   37.715000  4.896361e+02  1.902465e+02 
   67.740   38.209999  4.898820e+02  1.902403e+02 
   67.740   38.705997  4.901293e+02  1.902347e+02 
   67.740   39.202000  4.903759e+02  1.902296e+02 
   67.740   39.697998  4.906195e+02  1.902251e+02 
   67.740   40.197998  4.908570e+02  1.902221e+02 
   67.740   45.197998  4.927253e+02  1.902198e+02 
   67.740   50.197998  4.934340e+02  1.902295e+02 
   67.740   55.197998  4.936823e+02  1.902384e+02 
   67.740   60.197998  4.944280e+02  1.902446e+02 
   67.740   65.198006  4.956612e+02  1.902486e+02 
