    0.000    0.000000  0.000000e+00  3.503827e+02 
    0.000    0.103000  0.000000e+00  3.499364e+02 
    0.000    0.206000  0.000000e+00  3.487522e+02 
    0.000    0.309000  0.000000e+00  3.471894e+02 
    0.000    0.412000  0.000000e+00  3.456084e+02 
    0.000    0.514000  0.000000e+00  3.439827e+02 
    0.000    0.617000  0.000000e+00  3.421131e+02 
    0.000    0.720000  0.000000e+00  3.400898e+02 
    0.000    0.823000  0.000000e+00  3.380352e+02 
    0.000    0.926000  0.000000e+00  3.358972e+02 
    0.000    1.029000  0.000000e+00  3.336087e+02 
    0.000    1.132000  0.000000e+00  3.312204e+02 
    0.000    1.235000  0.000000e+00  3.288752e+02 
    0.000    1.338000  0.000000e+00  3.265333e+02 
    0.000    1.440000  0.000000e+00  3.241657e+02 
    0.000    1.543000  0.000000e+00  3.217333e+02 
    0.000    1.646000  0.000000e+00  3.192843e+02 
    0.000    1.749000  0.000000e+00  3.168643e+02 
    0.000    1.852000  0.000000e+00  3.158198e+02 
    0.000    1.955000  0.000000e+00  3.060122e+02 
    0.000    2.058000  0.000000e+00  3.018009e+02 
    0.000    2.161000  0.000000e+00  2.990309e+02 
    0.000    2.264000  0.000000e+00  2.966538e+02 
    0.000    2.366000  0.000000e+00  2.943185e+02 
    0.000    2.469000  0.000000e+00  2.931129e+02 
    0.000    2.572000  0.000000e+00  2.912468e+02 
    0.000    2.675000  0.000000e+00  2.887021e+02 
    0.000    2.778000  0.000000e+00  2.851707e+02 
    0.000    2.881000  0.000000e+00  2.804489e+02 
    0.000    2.984000  0.000000e+00  2.793953e+02 
    0.000    3.087000  0.000000e+00  2.781628e+02 
    0.000    3.190000  0.000000e+00  2.768470e+02 
    0.000    3.292000  0.000000e+00  2.754265e+02 
    0.000    3.395000  0.000000e+00  2.739396e+02 
    0.000    3.498000  0.000000e+00  2.724073e+02 
    0.000    3.601000  0.000000e+00  2.708481e+02 
    0.000    3.704000  0.000000e+00  2.692706e+02 
    0.000    3.807000  0.000000e+00  2.676903e+02 
    0.000    3.910000  0.000000e+00  2.660773e+02 
    0.000    4.013000  0.000000e+00  2.644292e+02 
    0.000    4.116000  0.000000e+00  2.627323e+02 
    0.000    4.218000  0.000000e+00  2.609855e+02 
    0.000    4.321000  0.000000e+00  2.591777e+02 
    0.000    4.424000  0.000000e+00  2.573421e+02 
    0.000    4.527000  0.000000e+00  2.554293e+02 
    0.000    4.630000  0.000000e+00  2.535399e+02 
    0.000    4.733000  0.000000e+00  2.516560e+02 
    0.000    4.836000  0.000000e+00  2.498627e+02 
    0.000    4.939000  0.000000e+00  2.482071e+02 
    0.000    5.042000  0.000000e+00  2.467155e+02 
    0.000    5.145000  0.000000e+00  2.453227e+02 
    0.000    5.247000  0.000000e+00  2.440329e+02 
    0.000    5.350000  0.000000e+00  2.427831e+02 
    0.000    5.453000  0.000000e+00  2.416440e+02 
    0.000    5.556000  0.000000e+00  2.403971e+02 
    0.000    5.659000  0.000000e+00  2.393094e+02 
    0.000    5.762000  0.000000e+00  2.381835e+02 
    0.000    5.865000  0.000000e+00  2.371149e+02 
    0.000    5.968000  0.000000e+00  2.360597e+02 
    0.000    6.071000  0.000000e+00  2.348673e+02 
    0.000    6.173000  0.000000e+00  2.338679e+02 
    0.000    6.276000  0.000000e+00  2.329863e+02 
    0.000    6.379000  0.000000e+00  2.321183e+02 
    0.000    6.482000  0.000000e+00  2.312650e+02 
    0.000    6.585000  0.000000e+00  2.304293e+02 
    0.000    6.688000  0.000000e+00  2.295890e+02 
    0.000    6.791000  0.000000e+00  2.287680e+02 
    0.000    6.894000  0.000000e+00  2.279788e+02 
    0.000    6.997000  0.000000e+00  2.272450e+02 
    0.000    7.099000  0.000000e+00  2.265598e+02 
    0.000    7.202000  0.000000e+00  2.259005e+02 
    0.000    7.305000  0.000000e+00  2.254179e+02 
    0.000    7.408000  0.000000e+00  2.250024e+02 
    0.000    7.511000  0.000000e+00  2.247115e+02 
    0.000    7.614000  0.000000e+00  2.244974e+02 
    0.000    7.717000  0.000000e+00  2.243266e+02 
    0.000    7.820000  0.000000e+00  2.241648e+02 
    0.000    7.923000  0.000000e+00  2.240612e+02 
    0.000    8.025001  0.000000e+00  2.239680e+02 
    0.000    8.128000  0.000000e+00  2.238609e+02 
    0.000    8.231001  0.000000e+00  2.238048e+02 
    0.000    8.334001  0.000000e+00  2.237241e+02 
    0.000    8.437000  0.000000e+00  2.236256e+02 
    0.000    8.540000  0.000000e+00  2.235352e+02 
    0.000    8.643001  0.000000e+00  2.233960e+02 
    0.000    8.746000  0.000000e+00  2.232101e+02 
    0.000    8.849000  0.000000e+00  2.230075e+02 
    0.000    8.951000  0.000000e+00  2.228470e+02 
    0.000    9.054001  0.000000e+00  2.226626e+02 
    0.000    9.157001  0.000000e+00  2.218764e+02 
    0.000    9.260000  0.000000e+00  2.215087e+02 
    0.000    9.363001  0.000000e+00  2.213031e+02 
    0.000    9.466001  0.000000e+00  2.212119e+02 
    0.000    9.569000  0.000000e+00  2.207133e+02 
    0.000    9.672001  0.000000e+00  2.206399e+02 
    0.000    9.775001  0.000000e+00  2.205740e+02 
    0.000    9.877001  0.000000e+00  2.205237e+02 
    0.000    9.980000  0.000000e+00  2.204839e+02 
    0.000   10.083000  0.000000e+00  2.204512e+02 
    0.000   10.186001  0.000000e+00  2.204243e+02 
    0.000   10.289001  0.000000e+00  2.204021e+02 
    0.000   10.392000  0.000000e+00  2.203795e+02 
    0.000   10.495001  0.000000e+00  2.203488e+02 
    0.000   10.598001  0.000000e+00  2.203131e+02 
    0.000   10.701000  0.000000e+00  2.202742e+02 
    0.000   10.804001  0.000000e+00  2.202298e+02 
    0.000   10.906000  0.000000e+00  2.201823e+02 
    0.000   11.009001  0.000000e+00  2.201317e+02 
    0.000   11.112000  0.000000e+00  2.200759e+02 
    0.000   11.215000  0.000000e+00  2.200167e+02 
    0.000   11.318001  0.000000e+00  2.199548e+02 
    0.000   11.421000  0.000000e+00  2.198876e+02 
    0.000   11.524000  0.000000e+00  2.198168e+02 
    0.000   11.627001  0.000000e+00  2.197444e+02 
    0.000   11.730000  0.000000e+00  2.196741e+02 
    0.000   11.832001  0.000000e+00  2.196062e+02 
    0.000   11.935000  0.000000e+00  2.195384e+02 
    0.000   12.038000  0.000000e+00  2.194745e+02 
    0.000   12.141001  0.000000e+00  2.194135e+02 
    0.000   12.244000  0.000000e+00  2.193542e+02 
    0.000   12.347000  0.000000e+00  2.192940e+02 
    0.000   12.450001  0.000000e+00  2.192329e+02 
    0.000   12.553000  0.000000e+00  2.191716e+02 
    0.000   12.656000  0.000000e+00  2.191090e+02 
    0.000   12.758000  0.000000e+00  2.190456e+02 
    0.000   12.861000  0.000000e+00  2.189809e+02 
    0.000   12.964001  0.000000e+00  2.189160e+02 
    0.000   13.067000  0.000000e+00  2.188510e+02 
    0.000   13.170000  0.000000e+00  2.187860e+02 
    0.000   13.273001  0.000000e+00  2.187220e+02 
    0.000   13.376000  0.000000e+00  2.186607e+02 
    0.000   13.479000  0.000000e+00  2.186013e+02 
    0.000   13.582001  0.000000e+00  2.185436e+02 
    0.000   13.684000  0.000000e+00  2.184911e+02 
    0.000   13.787001  0.000000e+00  2.184416e+02 
    0.000   13.890000  0.000000e+00  2.183945e+02 
    0.000   13.993000  0.000000e+00  2.183523e+02 
    0.000   14.096001  0.000000e+00  2.183146e+02 
    0.000   14.199000  0.000000e+00  2.182799e+02 
    0.000   14.302000  0.000000e+00  2.182474e+02 
    0.000   14.405001  0.000000e+00  2.182167e+02 
    0.000   14.508000  0.000000e+00  2.181874e+02 
    0.000   14.610001  0.000000e+00  2.181588e+02 
    0.000   14.713000  0.000000e+00  2.181277e+02 
    0.000   14.816000  0.000000e+00  2.180953e+02 
    0.000   14.919001  0.000000e+00  2.180624e+02 
    0.000   15.022000  0.000000e+00  2.180276e+02 
    0.000   15.125000  0.000000e+00  2.179912e+02 
    0.000   15.228001  0.000000e+00  2.179542e+02 
    0.000   15.331000  0.000000e+00  2.179167e+02 
    0.000   15.434000  0.000000e+00  2.178788e+02 
    0.000   15.537001  0.000000e+00  2.178408e+02 
    0.000   15.639001  0.000000e+00  2.178025e+02 
    0.000   15.742001  0.000000e+00  2.177613e+02 
    0.000   15.845000  0.000000e+00  2.177183e+02 
    0.000   15.948001  0.000000e+00  2.176741e+02 
    0.000   16.050999  0.000000e+00  2.176293e+02 
    0.000   16.153999  0.000000e+00  2.175839e+02 
    0.000   16.257000  0.000000e+00  2.175381e+02 
    0.000   16.359999  0.000000e+00  2.174928e+02 
    0.000   16.462999  0.000000e+00  2.174488e+02 
    0.000   16.564999  0.000000e+00  2.174063e+02 
    0.000   16.667999  0.000000e+00  2.173641e+02 
    0.000   16.771000  0.000000e+00  2.173242e+02 
    0.000   16.873999  0.000000e+00  2.172863e+02 
    0.000   16.976999  0.000000e+00  2.172497e+02 
    0.000   17.080000  0.000000e+00  2.172145e+02 
    0.000   17.182999  0.000000e+00  2.171809e+02 
    0.000   17.285999  0.000000e+00  2.171484e+02 
    0.000   17.389000  0.000000e+00  2.171169e+02 
    0.000   17.490999  0.000000e+00  2.170861e+02 
    0.000   17.594000  0.000000e+00  2.170553e+02 
    0.000   17.696999  0.000000e+00  2.170251e+02 
    0.000   17.799999  0.000000e+00  2.169952e+02 
    0.000   17.903000  0.000000e+00  2.169657e+02 
    0.000   18.005999  0.000000e+00  2.169367e+02 
    0.000   18.108999  0.000000e+00  2.169081e+02 
    0.000   18.212000  0.000000e+00  2.168797e+02 
    0.000   18.314999  0.000000e+00  2.168515e+02 
    0.000   18.417000  0.000000e+00  2.168239e+02 
    0.000   18.519999  0.000000e+00  2.167963e+02 
    0.000   18.622999  0.000000e+00  2.167688e+02 
    0.000   18.726000  0.000000e+00  2.167413e+02 
    0.000   18.828999  0.000000e+00  2.167141e+02 
    0.000   18.931999  0.000000e+00  2.166866e+02 
    0.000   19.035000  0.000000e+00  2.166584e+02 
    0.000   19.137999  0.000000e+00  2.166297e+02 
    0.000   19.240999  0.000000e+00  2.166008e+02 
    0.000   19.343000  0.000000e+00  2.165724e+02 
    0.000   19.445999  0.000000e+00  2.165441e+02 
    0.000   19.549000  0.000000e+00  2.165162e+02 
    0.000   19.652000  0.000000e+00  2.164886e+02 
    0.000   19.754999  0.000000e+00  2.164625e+02 
    0.000   19.858000  0.000000e+00  2.164379e+02 
    0.000   19.960999  0.000000e+00  2.164145e+02 
    0.000   20.063999  0.000000e+00  2.163918e+02 
    0.000   20.362999  0.000000e+00  2.163289e+02 
    0.000   20.858999  0.000000e+00  2.162274e+02 
    0.000   21.355000  0.000000e+00  2.161355e+02 
    0.000   21.850000  0.000000e+00  2.160516e+02 
    0.000   22.345999  0.000000e+00  2.159679e+02 
    0.000   22.841999  0.000000e+00  2.158893e+02 
    0.000   23.337999  0.000000e+00  2.158226e+02 
    0.000   23.833000  0.000000e+00  2.157686e+02 
    0.000   24.328999  0.000000e+00  2.157268e+02 
    0.000   24.824999  0.000000e+00  2.157029e+02 
    0.000   25.320999  0.000000e+00  2.156928e+02 
    0.000   25.816000  0.000000e+00  2.156907e+02 
    0.000   26.312000  0.000000e+00  2.157037e+02 
    0.000   26.807999  0.000000e+00  2.157260e+02 
    0.000   27.303999  0.000000e+00  2.157498e+02 
    0.000   27.799000  0.000000e+00  2.157725e+02 
    0.000   28.295000  0.000000e+00  2.157958e+02 
    0.000   28.791000  0.000000e+00  2.158258e+02 
    0.000   29.286999  0.000000e+00  2.158691e+02 
    0.000   29.782000  0.000000e+00  2.159224e+02 
    0.000   30.278000  0.000000e+00  2.159814e+02 
    0.000   30.774000  0.000000e+00  2.160370e+02 
    0.000   31.269999  0.000000e+00  2.160891e+02 
    0.000   31.764999  0.000000e+00  2.161388e+02 
    0.000   32.260998  0.000000e+00  2.161909e+02 
    0.000   32.757000  0.000000e+00  2.162468e+02 
    0.000   33.252998  0.000000e+00  2.163089e+02 
    0.000   33.748001  0.000000e+00  2.163758e+02 
    0.000   34.243999  0.000000e+00  2.164457e+02 
    0.000   34.739998  0.000000e+00  2.165128e+02 
    0.000   35.236000  0.000000e+00  2.165759e+02 
    0.000   35.730999  0.000000e+00  2.166325e+02 
    0.000   36.227001  0.000000e+00  2.166837e+02 
    0.000   36.723000  0.000000e+00  2.167312e+02 
    0.000   37.218998  0.000000e+00  2.167759e+02 
    0.000   37.714001  0.000000e+00  2.168205e+02 
    0.000   38.209999  0.000000e+00  2.168653e+02 
    0.000   38.706001  0.000000e+00  2.169110e+02 
    0.000   39.202000  0.000000e+00  2.169575e+02 
    0.000   39.696999  0.000000e+00  2.170060e+02 
    0.000   40.196999  0.000000e+00  2.170576e+02 
    0.000   45.196999  0.000000e+00  2.175093e+02 
    0.000   50.196999  0.000000e+00  2.177312e+02 
    0.000   55.196999  0.000000e+00  2.177329e+02 
    0.000   60.196999  0.000000e+00  2.176639e+02 
    0.000   65.197006  0.000000e+00  2.176116e+02 
