    0.000    0.000000  0.000000e+00  3.501416e+02 
    0.000    0.103000  0.000000e+00  3.497374e+02 
    0.000    0.206000  0.000000e+00  3.486643e+02 
    0.000    0.309000  0.000000e+00  3.470373e+02 
    0.000    0.412000  0.000000e+00  3.453357e+02 
    0.000    0.515000  0.000000e+00  3.438011e+02 
    0.000    0.618000  0.000000e+00  3.420298e+02 
    0.000    0.721000  0.000000e+00  3.399871e+02 
    0.000    0.823000  0.000000e+00  3.378772e+02 
    0.000    0.926000  0.000000e+00  3.356353e+02 
    0.000    1.029000  0.000000e+00  3.333038e+02 
    0.000    1.132000  0.000000e+00  3.308934e+02 
    0.000    1.235000  0.000000e+00  3.282827e+02 
    0.000    1.338000  0.000000e+00  3.255934e+02 
    0.000    1.441000  0.000000e+00  3.228522e+02 
    0.000    1.544000  0.000000e+00  3.200606e+02 
    0.000    1.647000  0.000000e+00  3.173058e+02 
    0.000    1.749000  0.000000e+00  3.157614e+02 
    0.000    1.852000  0.000000e+00  3.131912e+02 
    0.000    1.955000  0.000000e+00  3.103279e+02 
    0.000    2.058000  0.000000e+00  3.072107e+02 
    0.000    2.161000  0.000000e+00  3.039847e+02 
    0.000    2.264000  0.000000e+00  2.968460e+02 
    0.000    2.367000  0.000000e+00  2.934678e+02 
    0.000    2.470000  0.000000e+00  2.905882e+02 
    0.000    2.573000  0.000000e+00  2.878180e+02 
    0.000    2.675000  0.000000e+00  2.851112e+02 
    0.000    2.778000  0.000000e+00  2.825132e+02 
    0.000    2.881000  0.000000e+00  2.800980e+02 
    0.000    2.984000  0.000000e+00  2.786274e+02 
    0.000    3.087000  0.000000e+00  2.770353e+02 
    0.000    3.190000  0.000000e+00  2.754251e+02 
    0.000    3.293000  0.000000e+00  2.737675e+02 
    0.000    3.396000  0.000000e+00  2.720511e+02 
    0.000    3.499000  0.000000e+00  2.702535e+02 
    0.000    3.601000  0.000000e+00  2.683526e+02 
    0.000    3.704000  0.000000e+00  2.663783e+02 
    0.000    3.807000  0.000000e+00  2.642639e+02 
    0.000    3.910000  0.000000e+00  2.621341e+02 
    0.000    4.013000  0.000000e+00  2.599723e+02 
    0.000    4.116000  0.000000e+00  2.580747e+02 
    0.000    4.219000  0.000000e+00  2.562832e+02 
    0.000    4.322000  0.000000e+00  2.546828e+02 
    0.000    4.425000  0.000000e+00  2.531767e+02 
    0.000    4.528000  0.000000e+00  2.518183e+02 
    0.000    4.630000  0.000000e+00  2.505859e+02 
    0.000    4.733000  0.000000e+00  2.494361e+02 
    0.000    4.836000  0.000000e+00  2.483580e+02 
    0.000    4.939000  0.000000e+00  2.472719e+02 
    0.000    5.042000  0.000000e+00  2.461775e+02 
    0.000    5.145000  0.000000e+00  2.450865e+02 
    0.000    5.248000  0.000000e+00  2.439872e+02 
    0.000    5.351000  0.000000e+00  2.428515e+02 
    0.000    5.454000  0.000000e+00  2.417140e+02 
    0.000    5.556000  0.000000e+00  2.404535e+02 
    0.000    5.659000  0.000000e+00  2.390525e+02 
    0.000    5.762000  0.000000e+00  2.376117e+02 
    0.000    5.865000  0.000000e+00  2.362768e+02 
    0.000    5.968000  0.000000e+00  2.349000e+02 
    0.000    6.071000  0.000000e+00  2.336328e+02 
    0.000    6.174000  0.000000e+00  2.324982e+02 
    0.000    6.277000  0.000000e+00  2.314186e+02 
    0.000    6.380000  0.000000e+00  2.304064e+02 
    0.000    6.482000  0.000000e+00  2.294446e+02 
    0.000    6.585000  0.000000e+00  2.285028e+02 
    0.000    6.688000  0.000000e+00  2.275895e+02 
    0.000    6.791000  0.000000e+00  2.266988e+02 
    0.000    6.894000  0.000000e+00  2.258837e+02 
    0.000    6.997000  0.000000e+00  2.251547e+02 
    0.000    7.100000  0.000000e+00  2.243734e+02 
    0.000    7.203000  0.000000e+00  2.237030e+02 
    0.000    7.306000  0.000000e+00  2.231769e+02 
    0.000    7.408000  0.000000e+00  2.227404e+02 
    0.000    7.511000  0.000000e+00  2.223998e+02 
    0.000    7.614000  0.000000e+00  2.221300e+02 
    0.000    7.717000  0.000000e+00  2.219131e+02 
    0.000    7.820000  0.000000e+00  2.217349e+02 
    0.000    7.923000  0.000000e+00  2.215873e+02 
    0.000    8.026000  0.000000e+00  2.214527e+02 
    0.000    8.129000  0.000000e+00  2.213390e+02 
    0.000    8.231999  0.000000e+00  2.212387e+02 
    0.000    8.334000  0.000000e+00  2.211324e+02 
    0.000    8.436999  0.000000e+00  2.210133e+02 
    0.000    8.540000  0.000000e+00  2.208772e+02 
    0.000    8.643000  0.000000e+00  2.207355e+02 
    0.000    8.745999  0.000000e+00  2.205849e+02 
    0.000    8.849000  0.000000e+00  2.204532e+02 
    0.000    8.952000  0.000000e+00  2.202975e+02 
    0.000    9.054999  0.000000e+00  2.201405e+02 
    0.000    9.158000  0.000000e+00  2.199790e+02 
    0.000    9.259999  0.000000e+00  2.197602e+02 
    0.000    9.363000  0.000000e+00  2.195493e+02 
    0.000    9.466000  0.000000e+00  2.193426e+02 
    0.000    9.568999  0.000000e+00  2.191447e+02 
    0.000    9.672000  0.000000e+00  2.189525e+02 
    0.000    9.775000  0.000000e+00  2.187622e+02 
    0.000    9.877999  0.000000e+00  2.185729e+02 
    0.000    9.981000  0.000000e+00  2.185237e+02 
    0.000   10.084000  0.000000e+00  2.184822e+02 
    0.000   10.186999  0.000000e+00  2.184510e+02 
    0.000   10.289000  0.000000e+00  2.184280e+02 
    0.000   10.391999  0.000000e+00  2.184079e+02 
    0.000   10.495000  0.000000e+00  2.183840e+02 
    0.000   10.598000  0.000000e+00  2.183581e+02 
    0.000   10.700999  0.000000e+00  2.183301e+02 
    0.000   10.804000  0.000000e+00  2.182940e+02 
    0.000   10.907000  0.000000e+00  2.182527e+02 
    0.000   11.009999  0.000000e+00  2.182078e+02 
    0.000   11.113000  0.000000e+00  2.181547e+02 
    0.000   11.214999  0.000000e+00  2.180965e+02 
    0.000   11.318000  0.000000e+00  2.180343e+02 
    0.000   11.421000  0.000000e+00  2.179674e+02 
    0.000   11.523999  0.000000e+00  2.178970e+02 
    0.000   11.627000  0.000000e+00  2.178247e+02 
    0.000   11.730000  0.000000e+00  2.177535e+02 
    0.000   11.832999  0.000000e+00  2.176830e+02 
    0.000   11.936000  0.000000e+00  2.176130e+02 
    0.000   12.039000  0.000000e+00  2.175472e+02 
    0.000   12.141000  0.000000e+00  2.174856e+02 
    0.000   12.243999  0.000000e+00  2.174256e+02 
    0.000   12.346999  0.000000e+00  2.173657e+02 
    0.000   12.450000  0.000000e+00  2.173058e+02 
    0.000   12.552999  0.000000e+00  2.172460e+02 
    0.000   12.655999  0.000000e+00  2.171859e+02 
    0.000   12.759000  0.000000e+00  2.171252e+02 
    0.000   12.862000  0.000000e+00  2.170644e+02 
    0.000   12.964999  0.000000e+00  2.170034e+02 
    0.000   13.066999  0.000000e+00  2.169426e+02 
    0.000   13.169999  0.000000e+00  2.168811e+02 
    0.000   13.273000  0.000000e+00  2.168205e+02 
    0.000   13.375999  0.000000e+00  2.167621e+02 
    0.000   13.478999  0.000000e+00  2.167054e+02 
    0.000   13.582000  0.000000e+00  2.166500e+02 
    0.000   13.684999  0.000000e+00  2.165996e+02 
    0.000   13.787999  0.000000e+00  2.165533e+02 
    0.000   13.891000  0.000000e+00  2.165094e+02 
    0.000   13.993000  0.000000e+00  2.164704e+02 
    0.000   14.096000  0.000000e+00  2.164350e+02 
    0.000   14.198999  0.000000e+00  2.164026e+02 
    0.000   14.302000  0.000000e+00  2.163716e+02 
    0.000   14.405000  0.000000e+00  2.163413e+02 
    0.000   14.507999  0.000000e+00  2.163117e+02 
    0.000   14.611000  0.000000e+00  2.162820e+02 
    0.000   14.714000  0.000000e+00  2.162492e+02 
    0.000   14.816999  0.000000e+00  2.162143e+02 
    0.000   14.919999  0.000000e+00  2.161784e+02 
    0.000   15.021999  0.000000e+00  2.161412e+02 
    0.000   15.125000  0.000000e+00  2.161024e+02 
    0.000   15.228000  0.000000e+00  2.160630e+02 
    0.000   15.330999  0.000000e+00  2.160233e+02 
    0.000   15.434000  0.000000e+00  2.159835e+02 
    0.000   15.537000  0.000000e+00  2.159438e+02 
    0.000   15.639999  0.000000e+00  2.159039e+02 
    0.000   15.743000  0.000000e+00  2.158628e+02 
    0.000   15.846000  0.000000e+00  2.158206e+02 
    0.000   15.947999  0.000000e+00  2.157783e+02 
    0.000   16.051001  0.000000e+00  2.157358e+02 
    0.000   16.154001  0.000000e+00  2.156934e+02 
    0.000   16.257000  0.000000e+00  2.156512e+02 
    0.000   16.360001  0.000000e+00  2.156097e+02 
    0.000   16.463001  0.000000e+00  2.155695e+02 
    0.000   16.566000  0.000000e+00  2.155303e+02 
    0.000   16.669001  0.000000e+00  2.154920e+02 
    0.000   16.772001  0.000000e+00  2.154549e+02 
    0.000   16.874001  0.000000e+00  2.154193e+02 
    0.000   16.977001  0.000000e+00  2.153842e+02 
    0.000   17.080000  0.000000e+00  2.153499e+02 
    0.000   17.183001  0.000000e+00  2.153165e+02 
    0.000   17.286001  0.000000e+00  2.152837e+02 
    0.000   17.389000  0.000000e+00  2.152515e+02 
    0.000   17.492001  0.000000e+00  2.152198e+02 
    0.000   17.595001  0.000000e+00  2.151887e+02 
    0.000   17.698000  0.000000e+00  2.151579e+02 
    0.000   17.800001  0.000000e+00  2.151279e+02 
    0.000   17.903000  0.000000e+00  2.150980e+02 
    0.000   18.006001  0.000000e+00  2.150686e+02 
    0.000   18.109001  0.000000e+00  2.150396e+02 
    0.000   18.212000  0.000000e+00  2.150107e+02 
    0.000   18.315001  0.000000e+00  2.149818e+02 
    0.000   18.418001  0.000000e+00  2.149530e+02 
    0.000   18.521000  0.000000e+00  2.149244e+02 
    0.000   18.624001  0.000000e+00  2.148956e+02 
    0.000   18.726000  0.000000e+00  2.148670e+02 
    0.000   18.829000  0.000000e+00  2.148381e+02 
    0.000   18.932001  0.000000e+00  2.148091e+02 
    0.000   19.035000  0.000000e+00  2.147799e+02 
    0.000   19.138000  0.000000e+00  2.147505e+02 
    0.000   19.241001  0.000000e+00  2.147211e+02 
    0.000   19.344000  0.000000e+00  2.146928e+02 
    0.000   19.447001  0.000000e+00  2.146661e+02 
    0.000   19.550001  0.000000e+00  2.146407e+02 
    0.000   19.653000  0.000000e+00  2.146161e+02 
    0.000   19.755001  0.000000e+00  2.145933e+02 
    0.000   19.858000  0.000000e+00  2.145716e+02 
    0.000   19.961000  0.000000e+00  2.145511e+02 
    0.000   20.064001  0.000000e+00  2.145314e+02 
    0.000   20.363001  0.000000e+00  2.144724e+02 
    0.000   20.859001  0.000000e+00  2.143695e+02 
    0.000   21.355001  0.000000e+00  2.142771e+02 
    0.000   21.851000  0.000000e+00  2.141931e+02 
    0.000   22.346001  0.000000e+00  2.141112e+02 
    0.000   22.842001  0.000000e+00  2.140372e+02 
    0.000   23.338001  0.000000e+00  2.139710e+02 
    0.000   23.834000  0.000000e+00  2.139149e+02 
    0.000   24.329000  0.000000e+00  2.138757e+02 
    0.000   24.825001  0.000000e+00  2.138542e+02 
    0.000   25.321001  0.000000e+00  2.138422e+02 
    0.000   25.817001  0.000000e+00  2.138409e+02 
    0.000   26.312000  0.000000e+00  2.138560e+02 
    0.000   26.808001  0.000000e+00  2.138796e+02 
    0.000   27.304001  0.000000e+00  2.139037e+02 
    0.000   27.800001  0.000000e+00  2.139261e+02 
    0.000   28.295000  0.000000e+00  2.139491e+02 
    0.000   28.791000  0.000000e+00  2.139796e+02 
    0.000   29.287001  0.000000e+00  2.140240e+02 
    0.000   29.783001  0.000000e+00  2.140785e+02 
    0.000   30.278000  0.000000e+00  2.141376e+02 
    0.000   30.774000  0.000000e+00  2.141928e+02 
    0.000   31.270000  0.000000e+00  2.142440e+02 
    0.000   31.766001  0.000000e+00  2.142924e+02 
    0.000   32.261002  0.000000e+00  2.143438e+02 
    0.000   32.757000  0.000000e+00  2.143998e+02 
    0.000   33.253002  0.000000e+00  2.144623e+02 
    0.000   33.749001  0.000000e+00  2.145300e+02 
    0.000   34.243999  0.000000e+00  2.146009e+02 
    0.000   34.740002  0.000000e+00  2.146692e+02 
    0.000   35.236000  0.000000e+00  2.147330e+02 
    0.000   35.732002  0.000000e+00  2.147891e+02 
    0.000   36.227001  0.000000e+00  2.148386e+02 
    0.000   36.723000  0.000000e+00  2.148852e+02 
    0.000   37.219002  0.000000e+00  2.149299e+02 
    0.000   37.715000  0.000000e+00  2.149748e+02 
    0.000   38.209999  0.000000e+00  2.150201e+02 
    0.000   38.706001  0.000000e+00  2.150667e+02 
    0.000   39.202000  0.000000e+00  2.151147e+02 
    0.000   39.698002  0.000000e+00  2.151644e+02 
    0.000   40.198002  0.000000e+00  2.152160e+02 
    0.000   45.198002  0.000000e+00  2.156669e+02 
    0.000   50.198002  0.000000e+00  2.158892e+02 
    0.000   55.198002  0.000000e+00  2.158924e+02 
    0.000   60.198002  0.000000e+00  2.158233e+02 
    0.000   65.197998  0.000000e+00  2.157708e+02 
