   66.819    0.000000  1.697249e+00  1.772214e+01 
   66.819    0.103000  1.706520e+00  1.789072e+01 
   66.819    0.206000  1.715748e+00  1.806846e+01 
   66.819    0.308000  1.733999e+00  1.842442e+01 
   66.819    0.411000  1.816043e+00  1.999641e+01 
   66.819    0.514000  2.569041e+00  3.202556e+01 
   66.819    0.617000  2.582667e+00  3.220539e+01 
   66.819    0.720000  2.596284e+00  3.239195e+01 
   66.819    0.823000  2.629376e+00  3.272862e+01 
   66.819    0.926000  2.664916e+00  3.308406e+01 
   66.819    1.029000  2.705674e+00  3.347744e+01 
   66.819    1.132000  2.752984e+00  3.391650e+01 
   66.819    1.234000  2.811047e+00  3.442833e+01 
   66.819    1.337000  2.885480e+00  3.505073e+01 
   66.819    1.440000  2.972571e+00  3.575087e+01 
   66.819    1.543000  6.017171e+00  5.138184e+01 
   66.819    1.646000  1.181517e+01  6.715960e+01 
   66.819    1.749000  2.268351e+01  8.359399e+01 
   66.819    1.852000  4.272739e+01  1.008880e+02 
   66.819    1.955000  8.022386e+01  1.194306e+02 
   66.819    2.058000  1.517741e+02  1.391908e+02 
   66.819    2.160000  2.887702e+02  1.585747e+02 
   66.819    2.263000  3.064026e+02  1.599954e+02 
   66.819    2.366000  3.234044e+02  1.613267e+02 
   66.819    2.469000  3.349610e+02  1.621816e+02 
   66.819    2.572000  3.437596e+02  1.628127e+02 
   66.819    2.675000  3.459355e+02  1.629790e+02 
   66.819    2.778000  3.489964e+02  1.633029e+02 
   66.819    2.881000  3.505065e+02  1.633990e+02 
   66.819    2.984000  3.533952e+02  1.636089e+02 
   66.819    3.086000  3.562455e+02  1.638252e+02 
   66.819    3.189000  3.605271e+02  1.641525e+02 
   66.819    3.292000  3.655923e+02  1.645394e+02 
   66.819    3.395000  3.687383e+02  1.647910e+02 
   66.819    3.498000  3.719982e+02  1.650552e+02 
   66.819    3.601000  3.752626e+02  1.653226e+02 
   66.819    3.704000  3.768208e+02  1.654705e+02 
   66.819    3.807000  3.783822e+02  1.656229e+02 
   66.819    3.910000  3.799411e+02  1.657796e+02 
   66.819    4.012000  3.814778e+02  1.659388e+02 
   66.819    4.115000  3.830185e+02  1.661031e+02 
   66.819    4.218000  3.845445e+02  1.662709e+02 
   66.819    4.321000  3.860527e+02  1.664417e+02 
   66.819    4.424000  3.875425e+02  1.666149e+02 
   66.819    4.527000  3.890124e+02  1.667903e+02 
   66.819    4.630000  3.904627e+02  1.669671e+02 
   66.819    4.733000  3.918931e+02  1.671451e+02 
   66.819    4.836000  3.933008e+02  1.673242e+02 
   66.819    4.938000  3.946710e+02  1.675022e+02 
   66.819    5.041000  3.960300e+02  1.676827e+02 
   66.819    5.144000  3.973623e+02  1.678637e+02 
   66.819    5.247000  4.105866e+02  1.698059e+02 
   66.819    5.350000  4.157806e+02  1.705287e+02 
   66.819    5.453000  4.185227e+02  1.709028e+02 
   66.819    5.556000  4.206011e+02  1.711866e+02 
   66.819    5.659000  4.231337e+02  1.714467e+02 
   66.819    5.762000  4.256783e+02  1.717084e+02 
   66.819    5.865000  4.283367e+02  1.719783e+02 
   66.819    5.967000  4.310453e+02  1.722510e+02 
   66.819    6.070000  4.340651e+02  1.725449e+02 
   66.819    6.173000  4.372376e+02  1.728473e+02 
   66.819    6.276000  4.408206e+02  1.731741e+02 
   66.819    6.379000  4.420128e+02  1.733427e+02 
   66.819    6.482000  4.432014e+02  1.735102e+02 
   66.819    6.585000  4.443890e+02  1.736766e+02 
   66.819    6.688000  4.455794e+02  1.738414e+02 
   66.819    6.791000  4.467735e+02  1.740047e+02 
   66.819    6.893000  4.479420e+02  1.741651e+02 
   66.819    6.996000  4.490839e+02  1.743258e+02 
   66.819    7.099000  4.501767e+02  1.744851e+02 
   66.819    7.202000  4.512071e+02  1.746431e+02 
   66.819    7.305000  4.521660e+02  1.747991e+02 
   66.819    7.408000  4.530506e+02  1.749531e+02 
   66.819    7.511000  4.538681e+02  1.751050e+02 
   66.819    7.614000  4.546196e+02  1.752548e+02 
   66.819    7.717000  4.553252e+02  1.754023e+02 
   66.819    7.819000  4.560082e+02  1.755461e+02 
   66.819    7.922000  4.566895e+02  1.756893e+02 
   66.819    8.025000  4.573635e+02  1.758305e+02 
   66.819    8.127999  4.580316e+02  1.759697e+02 
   66.819    8.231000  4.586940e+02  1.761070e+02 
   66.819    8.334000  4.593462e+02  1.762422e+02 
   66.819    8.436999  4.599839e+02  1.763753e+02 
   66.819    8.540000  4.606070e+02  1.765060e+02 
   66.819    8.643000  4.612189e+02  1.766345e+02 
   66.819    8.745000  4.618163e+02  1.767593e+02 
   66.819    8.848000  4.624106e+02  1.768829e+02 
   66.819    8.950999  4.629954e+02  1.770040e+02 
   66.819    9.054000  4.635704e+02  1.771226e+02 
   66.819    9.157000  4.641328e+02  1.772387e+02 
   66.819    9.259999  4.646822e+02  1.773523e+02 
   66.819    9.363000  4.652186e+02  1.774635e+02 
   66.819    9.466000  4.657421e+02  1.775724e+02 
   66.819    9.568999  4.662532e+02  1.776791e+02 
   66.819    9.671000  4.667475e+02  1.777827e+02 
   66.819    9.773999  4.672346e+02  1.778852e+02 
   66.819    9.877000  4.677098e+02  1.779857e+02 
   66.819    9.980000  4.681731e+02  1.780842e+02 
   66.819   10.082999  4.686600e+02  1.781802e+02 
   66.819   10.186000  4.691390e+02  1.782744e+02 
   66.819   10.289000  4.696109e+02  1.783667e+02 
   66.819   10.391999  4.700754e+02  1.784573e+02 
   66.819   10.495000  4.705323e+02  1.785463e+02 
   66.819   10.596999  4.709769e+02  1.786327e+02 
   66.819   10.700000  4.714182e+02  1.787183e+02 
   66.819   10.802999  4.718524e+02  1.788026e+02 
   66.819   10.905999  4.722796e+02  1.788856e+02 
   66.819   11.009000  4.727007e+02  1.789674e+02 
   66.819   11.112000  4.731166e+02  1.790480e+02 
   66.819   11.214999  4.735280e+02  1.791275e+02 
   66.819   11.318000  4.739345e+02  1.792059e+02 
   66.819   11.421000  4.743359e+02  1.792833e+02 
   66.819   11.523999  4.747321e+02  1.793596e+02 
   66.819   11.625999  4.751191e+02  1.794342e+02 
   66.819   11.728999  4.755045e+02  1.795086e+02 
   66.819   11.832000  4.758843e+02  1.795820e+02 
   66.819   11.934999  4.762587e+02  1.796545e+02 
   66.819   12.037999  4.766277e+02  1.797261e+02 
   66.819   12.141000  4.769915e+02  1.797967e+02 
   66.819   12.243999  4.773500e+02  1.798663e+02 
   66.819   12.346999  4.777034e+02  1.799350e+02 
   66.819   12.450000  4.780519e+02  1.800027e+02 
   66.819   12.552000  4.783920e+02  1.800687e+02 
   66.819   12.655000  4.787307e+02  1.801344e+02 
   66.819   12.757999  4.790648e+02  1.801990e+02 
   66.819   12.861000  4.793946e+02  1.802626e+02 
   66.819   12.964000  4.797205e+02  1.803251e+02 
   66.819   13.066999  4.800424e+02  1.803866e+02 
   66.819   13.169999  4.803604e+02  1.804469e+02 
   66.819   13.273000  4.806747e+02  1.805061e+02 
   66.819   13.375999  4.809853e+02  1.805644e+02 
   66.819   13.478000  4.812892e+02  1.806209e+02 
   66.819   13.580999  4.815927e+02  1.806770e+02 
   66.819   13.684000  4.818927e+02  1.807321e+02 
   66.819   13.787000  4.821893e+02  1.807860e+02 
   66.819   13.889999  4.824826e+02  1.808390e+02 
   66.819   13.993000  4.827727e+02  1.808908e+02 
   66.819   14.096000  4.830595e+02  1.809416e+02 
   66.819   14.198999  4.833432e+02  1.809913e+02 
   66.819   14.302000  4.836237e+02  1.810400e+02 
   66.819   14.403999  4.838984e+02  1.810871e+02 
   66.819   14.507000  4.841727e+02  1.811337e+02 
   66.819   14.610000  4.844439e+02  1.811793e+02 
   66.819   14.712999  4.847120e+02  1.812239e+02 
   66.819   14.816000  4.849769e+02  1.812677e+02 
   66.819   14.919000  4.852388e+02  1.813105e+02 
   66.819   15.021999  4.854974e+02  1.813526e+02 
   66.819   15.125000  4.857530e+02  1.813939e+02 
   66.819   15.228000  4.860054e+02  1.814344e+02 
   66.819   15.330000  4.862523e+02  1.814738e+02 
   66.819   15.433000  4.864986e+02  1.815128e+02 
   66.819   15.535999  4.867419e+02  1.815511e+02 
   66.819   15.639000  4.869823e+02  1.815887e+02 
   66.819   15.742000  4.872198e+02  1.816257e+02 
   66.819   15.844999  4.874544e+02  1.816619e+02 
   66.819   15.947999  4.876863e+02  1.816974e+02 
   66.819   16.051001  4.879156e+02  1.817323e+02 
   66.819   16.154001  4.881426e+02  1.817664e+02 
   66.819   16.256001  4.883649e+02  1.817995e+02 
   66.819   16.359001  4.885870e+02  1.818322e+02 
   66.819   16.462000  4.888068e+02  1.818641e+02 
   66.819   16.565001  4.890243e+02  1.818954e+02 
   66.819   16.668001  4.892396e+02  1.819259e+02 
   66.819   16.771000  4.894527e+02  1.819557e+02 
   66.819   16.874001  4.896638e+02  1.819848e+02 
   66.819   16.977001  4.898729e+02  1.820133e+02 
   66.819   17.080000  4.900802e+02  1.820409e+02 
   66.819   17.183001  4.902859e+02  1.820678e+02 
   66.819   17.285000  4.904881e+02  1.820935e+02 
   66.819   17.388000  4.906908e+02  1.821187e+02 
   66.819   17.491001  4.908922e+02  1.821429e+02 
   66.819   17.594000  4.910925e+02  1.821663e+02 
   66.819   17.697001  4.912917e+02  1.821887e+02 
   66.819   17.800001  4.914895e+02  1.822103e+02 
   66.819   17.903000  4.916861e+02  1.822311e+02 
   66.819   18.006001  4.918813e+02  1.822512e+02 
   66.819   18.109001  4.920750e+02  1.822705e+02 
   66.819   18.211000  4.922652e+02  1.822890e+02 
   66.819   18.314001  4.924555e+02  1.823071e+02 
   66.819   18.417000  4.926440e+02  1.823247e+02 
   66.819   18.520000  4.928308e+02  1.823418e+02 
   66.819   18.623001  4.930158e+02  1.823582e+02 
   66.819   18.726000  4.931993e+02  1.823741e+02 
   66.819   18.829000  4.933811e+02  1.823894e+02 
   66.819   18.932001  4.935614e+02  1.824041e+02 
   66.819   19.035000  4.937405e+02  1.824182e+02 
   66.819   19.137001  4.939166e+02  1.824315e+02 
   66.819   19.240000  4.940932e+02  1.824444e+02 
   66.819   19.343000  4.942686e+02  1.824566e+02 
   66.819   19.446001  4.944427e+02  1.824683e+02 
   66.819   19.549000  4.946155e+02  1.824795e+02 
   66.819   19.652000  4.947870e+02  1.824901e+02 
   66.819   19.755001  4.949572e+02  1.825002e+02 
   66.819   19.858000  4.951261e+02  1.825099e+02 
   66.819   19.961000  4.952935e+02  1.825191e+02 
   66.819   20.063000  4.954584e+02  1.825276e+02 
   66.819   20.363001  4.959378e+02  1.825496e+02 
   66.819   20.859001  4.967071e+02  1.825781e+02 
   66.819   21.354000  4.974465e+02  1.825972e+02 
   66.819   21.850000  4.981613e+02  1.826071e+02 
   66.819   22.346001  4.988463e+02  1.826106e+02 
   66.819   22.842001  4.994945e+02  1.826118e+02 
   66.819   23.337000  5.000998e+02  1.826135e+02 
   66.819   23.833000  5.006648e+02  1.826163e+02 
   66.819   24.329000  5.011927e+02  1.826190e+02 
   66.819   24.825001  5.016884e+02  1.826205e+02 
   66.819   25.320000  5.021524e+02  1.826208e+02 
   66.819   25.816000  5.025868e+02  1.826209e+02 
   66.819   26.312000  5.029921e+02  1.826209e+02 
   66.819   26.808001  5.033713e+02  1.826205e+02 
   66.819   27.303001  5.037261e+02  1.826190e+02 
   66.819   27.799000  5.040587e+02  1.826168e+02 
   66.819   28.295000  5.043693e+02  1.826140e+02 
   66.819   28.791000  5.046602e+02  1.826107e+02 
   66.819   29.286001  5.049337e+02  1.826067e+02 
   66.819   29.782001  5.051939e+02  1.826017e+02 
   66.819   30.278000  5.054423e+02  1.825957e+02 
   66.819   30.774000  5.056808e+02  1.825886e+02 
   66.819   31.269001  5.059106e+02  1.825806e+02 
   66.819   31.765001  5.061342e+02  1.825719e+02 
   66.819   32.261002  5.063536e+02  1.825625e+02 
   66.819   32.757000  5.065704e+02  1.825528e+02 
   66.819   33.251999  5.067859e+02  1.825428e+02 
   66.819   33.748001  5.070025e+02  1.825330e+02 
   66.819   34.243999  5.072210e+02  1.825234e+02 
   66.819   34.740002  5.074431e+02  1.825142e+02 
   66.819   35.235001  5.076693e+02  1.825056e+02 
   66.819   35.730999  5.079015e+02  1.824974e+02 
   66.819   36.227001  5.081397e+02  1.824898e+02 
   66.819   36.723000  5.083839e+02  1.824827e+02 
   66.819   37.218002  5.086327e+02  1.824761e+02 
   66.819   37.714001  5.088858e+02  1.824699e+02 
   66.819   38.209999  5.091414e+02  1.824642e+02 
   66.819   38.706001  5.093973e+02  1.824590e+02 
   66.819   39.201000  5.096512e+02  1.824544e+02 
   66.819   39.697002  5.099019e+02  1.824502e+02 
   66.819   40.197002  5.101455e+02  1.824476e+02 
   66.819   45.197002  5.120404e+02  1.824476e+02 
   66.819   50.197002  5.127520e+02  1.824581e+02 
   66.819   55.197002  5.130067e+02  1.824673e+02 
   66.819   60.197002  5.137996e+02  1.824737e+02 
   66.819   65.196999  5.150533e+02  1.824777e+02 
