   67.799    0.000000  3.156030e-08  8.028593e+00 
   67.799    0.103000  3.172752e-08  8.142197e+00 
   67.799    0.206000  3.189250e-08  8.258754e+00 
   67.799    0.309000  1.124813e-06  3.219400e+01 
   67.799    0.412000  1.666370e-06  3.546890e+01 
   67.799    0.514000  1.674682e-06  3.552452e+01 
   67.799    0.617000  2.073808e-06  3.733547e+01 
   67.799    0.720000  2.868082e-06  4.006340e+01 
   67.799    0.823000  4.190880e-06  4.324509e+01 
   67.799    0.926000  6.460072e-06  4.685272e+01 
   67.799    1.029000  1.074125e-05  5.105142e+01 
   67.799    1.132000  1.915885e-05  5.579504e+01 
   67.799    1.235000  3.632087e-05  6.101323e+01 
   67.799    1.338000  7.276212e-05  6.667294e+01 
   67.799    1.440000  1.519928e-04  7.268614e+01 
   67.799    1.543000  3.341442e-04  7.916056e+01 
   67.799    1.646000  7.636728e-04  8.604028e+01 
   67.799    1.749000  1.680259e-02  1.066697e+02 
   67.799    1.852000  3.537477e-01  1.313898e+02 
   67.799    1.955000  5.863212e+00  1.631053e+02 
   67.799    2.058000  5.454403e+01  2.002546e+02 
   67.799    2.161000  2.715832e+02  2.332890e+02 
   67.799    2.264000  2.741790e+02  2.331144e+02 
   67.799    2.366000  2.756306e+02  2.329321e+02 
   67.799    2.469000  2.773875e+02  2.328400e+02 
   67.799    2.572000  2.791651e+02  2.327880e+02 
   67.799    2.675000  2.810395e+02  2.327794e+02 
   67.799    2.778000  2.832549e+02  2.328429e+02 
   67.799    2.881000  2.865648e+02  2.330844e+02 
   67.799    2.984000  2.930561e+02  2.337969e+02 
   67.799    3.087000  3.063568e+02  2.354571e+02 
   67.799    3.190000  3.226971e+02  2.374445e+02 
   67.799    3.292000  3.241551e+02  2.374633e+02 
   67.799    3.395000  3.256118e+02  2.374995e+02 
   67.799    3.498000  3.270532e+02  2.375495e+02 
   67.799    3.601000  3.284836e+02  2.376107e+02 
   67.799    3.704000  3.299100e+02  2.376808e+02 
   67.799    3.807000  3.313326e+02  2.377588e+02 
   67.799    3.910000  3.327521e+02  2.378437e+02 
   67.799    4.013000  3.341682e+02  2.379348e+02 
   67.799    4.116000  3.355780e+02  2.380318e+02 
   67.799    4.218000  3.369649e+02  2.381330e+02 
   67.799    4.321000  3.383531e+02  2.382403e+02 
   67.799    4.424000  3.397272e+02  2.383519e+02 
   67.799    4.527000  3.410848e+02  2.384677e+02 
   67.799    4.630000  3.424246e+02  2.385871e+02 
   67.799    4.733000  3.437490e+02  2.387093e+02 
   67.799    4.836000  3.450562e+02  2.388339e+02 
   67.799    4.939000  3.463456e+02  2.389607e+02 
   67.799    5.042000  3.476167e+02  2.390894e+02 
   67.799    5.145000  3.488671e+02  2.392198e+02 
   67.799    5.247000  3.500848e+02  2.393504e+02 
   67.799    5.350000  3.512935e+02  2.394836e+02 
   67.799    5.453000  3.524808e+02  2.396180e+02 
   67.799    5.556000  3.536485e+02  2.397531e+02 
   67.799    5.659000  3.547966e+02  2.398891e+02 
   67.799    5.762000  3.559248e+02  2.400257e+02 
   67.799    5.865000  3.570338e+02  2.401626e+02 
   67.799    5.968000  3.581229e+02  2.403000e+02 
   67.799    6.071000  3.591924e+02  2.404377e+02 
   67.799    6.173000  3.602326e+02  2.405741e+02 
   67.799    6.276000  3.612672e+02  2.407117e+02 
   67.799    6.379000  3.622899e+02  2.408488e+02 
   67.799    6.482000  3.633022e+02  2.409855e+02 
   67.799    6.585000  3.659332e+02  2.412406e+02 
   67.799    6.688000  3.688193e+02  2.415123e+02 
   67.799    6.791000  3.712832e+02  2.417525e+02 
   67.799    6.894000  3.744077e+02  2.420388e+02 
   67.799    6.997000  3.798914e+02  2.424886e+02 
   67.799    7.099000  3.850992e+02  2.429110e+02 
   67.799    7.202000  3.906472e+02  2.433519e+02 
   67.799    7.305000  3.935148e+02  2.436066e+02 
   67.799    7.408000  3.969962e+02  2.439041e+02 
   67.799    7.511000  4.001149e+02  2.441786e+02 
   67.799    7.614000  4.025423e+02  2.444104e+02 
   67.799    7.717000  4.055104e+02  2.446802e+02 
   67.799    7.820000  4.083416e+02  2.449392e+02 
   67.799    7.923000  4.111613e+02  2.451955e+02 
   67.799    8.025001  4.157451e+02  2.455583e+02 
   67.799    8.128000  4.186100e+02  2.458092e+02 
   67.799    8.231001  4.213829e+02  2.460507e+02 
   67.799    8.334001  4.236415e+02  2.462582e+02 
   67.799    8.437000  4.260362e+02  2.464721e+02 
   67.799    8.540000  4.284460e+02  2.466848e+02 
   67.799    8.643001  4.313319e+02  2.469228e+02 
   67.799    8.746000  4.335125e+02  2.471175e+02 
   67.799    8.849000  4.360955e+02  2.473304e+02 
   67.799    8.951000  4.381987e+02  2.475131e+02 
   67.799    9.054001  4.389644e+02  2.476322e+02 
   67.799    9.157001  4.397581e+02  2.477526e+02 
   67.799    9.260000  4.405941e+02  2.478755e+02 
   67.799    9.363001  4.414794e+02  2.480013e+02 
   67.799    9.466001  4.424065e+02  2.481289e+02 
   67.799    9.569000  4.433746e+02  2.482575e+02 
   67.799    9.672001  4.443393e+02  2.483870e+02 
   67.799    9.775001  4.453219e+02  2.485161e+02 
   67.799    9.877001  4.463093e+02  2.486434e+02 
   67.799    9.980000  4.472933e+02  2.487688e+02 
   67.799   10.083000  4.482462e+02  2.488961e+02 
   67.799   10.186001  4.491921e+02  2.490242e+02 
   67.799   10.289001  4.496559e+02  2.490900e+02 
   67.799   10.392000  4.501102e+02  2.491546e+02 
   67.799   10.495001  4.505573e+02  2.492180e+02 
   67.799   10.598001  4.509974e+02  2.492802e+02 
   67.799   10.701000  4.514312e+02  2.493413e+02 
   67.799   10.804001  4.518596e+02  2.494015e+02 
   67.799   10.906000  4.522787e+02  2.494601e+02 
   67.799   11.009001  4.526964e+02  2.495184e+02 
   67.799   11.112000  4.531085e+02  2.495759e+02 
   67.799   11.215000  4.535149e+02  2.496328e+02 
   67.799   11.318001  4.539158e+02  2.496888e+02 
   67.799   11.421000  4.543113e+02  2.497443e+02 
   67.799   11.524000  4.547016e+02  2.497991e+02 
   67.799   11.627001  4.550865e+02  2.498533e+02 
   67.799   11.730000  4.554660e+02  2.499069e+02 
   67.799   11.832001  4.558363e+02  2.499593e+02 
   67.799   11.935000  4.562047e+02  2.500117e+02 
   67.799   12.038000  4.565680e+02  2.500633e+02 
   67.799   12.141001  4.569261e+02  2.501142e+02 
   67.799   12.244000  4.572793e+02  2.501645e+02 
   67.799   12.347000  4.576276e+02  2.502140e+02 
   67.799   12.450001  4.579712e+02  2.502627e+02 
   67.799   12.553000  4.583102e+02  2.503108e+02 
   67.799   12.656000  4.586447e+02  2.503580e+02 
   67.799   12.758000  4.589719e+02  2.504041e+02 
   67.799   12.861000  4.592984e+02  2.504498e+02 
   67.799   12.964001  4.596212e+02  2.504948e+02 
   67.799   13.067000  4.599402e+02  2.505390e+02 
   67.799   13.170000  4.602555e+02  2.505823e+02 
   67.799   13.273001  4.605671e+02  2.506248e+02 
   67.799   13.376000  4.608752e+02  2.506664e+02 
   67.799   13.479000  4.611797e+02  2.507072e+02 
   67.799   13.582001  4.614808e+02  2.507470e+02 
   67.799   13.684000  4.617757e+02  2.507855e+02 
   67.799   13.787001  4.620703e+02  2.508234e+02 
   67.799   13.890000  4.623616e+02  2.508603e+02 
   67.799   13.993000  4.626498e+02  2.508962e+02 
   67.799   14.096001  4.629349e+02  2.509311e+02 
   67.799   14.199000  4.632170e+02  2.509651e+02 
   67.799   14.302000  4.634959e+02  2.509981e+02 
   67.799   14.405001  4.637716e+02  2.510303e+02 
   67.799   14.508000  4.640441e+02  2.510617e+02 
   67.799   14.610001  4.643106e+02  2.510921e+02 
   67.799   14.713000  4.645765e+02  2.511221e+02 
   67.799   14.816000  4.648392e+02  2.511515e+02 
   67.799   14.919001  4.650985e+02  2.511803e+02 
   67.799   15.022000  4.653546e+02  2.512085e+02 
   67.799   15.125000  4.656076e+02  2.512362e+02 
   67.799   15.228001  4.658574e+02  2.512633e+02 
   67.799   15.331000  4.661041e+02  2.512898e+02 
   67.799   15.434000  4.663477e+02  2.513158e+02 
   67.799   15.537001  4.665883e+02  2.513413e+02 
   67.799   15.639001  4.668236e+02  2.513660e+02 
   67.799   15.742001  4.670583e+02  2.513904e+02 
   67.799   15.845000  4.672902e+02  2.514142e+02 
   67.799   15.948001  4.675194e+02  2.514376e+02 
   67.799   16.050999  4.677462e+02  2.514604e+02 
   67.799   16.153999  4.679705e+02  2.514827e+02 
   67.799   16.257000  4.681924e+02  2.515044e+02 
   67.799   16.359999  4.684120e+02  2.515256e+02 
   67.799   16.462999  4.686294e+02  2.515462e+02 
   67.799   16.564999  4.688426e+02  2.515660e+02 
   67.799   16.667999  4.690556e+02  2.515855e+02 
   67.799   16.771000  4.692667e+02  2.516042e+02 
   67.799   16.873999  4.694760e+02  2.516223e+02 
   67.799   16.976999  4.696835e+02  2.516396e+02 
   67.799   17.080000  4.698894e+02  2.516561e+02 
   67.799   17.182999  4.700941e+02  2.516716e+02 
   67.799   17.285999  4.702975e+02  2.516862e+02 
   67.799   17.389000  4.704996e+02  2.516999e+02 
   67.799   17.490999  4.706986e+02  2.517125e+02 
   67.799   17.594000  4.708983e+02  2.517243e+02 
   67.799   17.696999  4.710968e+02  2.517353e+02 
   67.799   17.799999  4.712938e+02  2.517455e+02 
   67.799   17.903000  4.714893e+02  2.517551e+02 
   67.799   18.005999  4.716831e+02  2.517641e+02 
   67.799   18.108999  4.718754e+02  2.517725e+02 
   67.799   18.212000  4.720660e+02  2.517803e+02 
   67.799   18.314999  4.722550e+02  2.517876e+02 
   67.799   18.417000  4.724405e+02  2.517943e+02 
   67.799   18.519999  4.726263e+02  2.518006e+02 
   67.799   18.622999  4.728105e+02  2.518063e+02 
   67.799   18.726000  4.729933e+02  2.518114e+02 
   67.799   18.828999  4.731746e+02  2.518160e+02 
   67.799   18.931999  4.733544e+02  2.518201e+02 
   67.799   19.035000  4.735328e+02  2.518237e+02 
   67.799   19.137999  4.737099e+02  2.518269e+02 
   67.799   19.240999  4.738856e+02  2.518295e+02 
   67.799   19.343000  4.740583e+02  2.518316e+02 
   67.799   19.445999  4.742314e+02  2.518334e+02 
   67.799   19.549000  4.744032e+02  2.518346e+02 
   67.799   19.652000  4.745737e+02  2.518355e+02 
   67.799   19.754999  4.747429e+02  2.518359e+02 
   67.799   19.858000  4.749109e+02  2.518358e+02 
   67.799   19.960999  4.750777e+02  2.518353e+02 
   67.799   20.063999  4.752436e+02  2.518342e+02 
   67.799   20.362999  4.757199e+02  2.518279e+02 
   67.799   20.858999  4.764871e+02  2.518103e+02 
   67.799   21.355000  4.772262e+02  2.517847e+02 
   67.799   21.850000  4.779349e+02  2.517527e+02 
   67.799   22.345999  4.786095e+02  2.517188e+02 
   67.799   22.841999  4.792429e+02  2.516870e+02 
   67.799   23.337999  4.798333e+02  2.516589e+02 
   67.799   23.833000  4.803839e+02  2.516332e+02 
   67.799   24.328999  4.809033e+02  2.516078e+02 
   67.799   24.824999  4.813924e+02  2.515824e+02 
   67.799   25.320999  4.818496e+02  2.515583e+02 
   67.799   25.816000  4.822751e+02  2.515360e+02 
   67.799   26.312000  4.826733e+02  2.515149e+02 
   67.799   26.807999  4.830462e+02  2.514943e+02 
   67.799   27.303999  4.833946e+02  2.514744e+02 
   67.799   27.799000  4.837191e+02  2.514554e+02 
   67.799   28.295000  4.840233e+02  2.514368e+02 
   67.799   28.791000  4.843092e+02  2.514184e+02 
   67.799   29.286999  4.845794e+02  2.513997e+02 
   67.799   29.782000  4.848354e+02  2.513808e+02 
   67.799   30.278000  4.850797e+02  2.513614e+02 
   67.799   30.774000  4.853136e+02  2.513417e+02 
   67.799   31.269999  4.855386e+02  2.513218e+02 
   67.799   31.764999  4.857558e+02  2.513019e+02 
   67.799   32.260998  4.859684e+02  2.512818e+02 
   67.799   32.757000  4.861779e+02  2.512618e+02 
   67.799   33.252998  4.863859e+02  2.512419e+02 
   67.799   33.748001  4.865936e+02  2.512227e+02 
   67.799   34.243999  4.868029e+02  2.512042e+02 
   67.799   34.739998  4.870152e+02  2.511867e+02 
   67.799   35.236000  4.872317e+02  2.511703e+02 
   67.799   35.730999  4.874529e+02  2.511548e+02 
   67.799   36.227001  4.876803e+02  2.511404e+02 
   67.799   36.723000  4.879134e+02  2.511268e+02 
   67.799   37.218998  4.881519e+02  2.511142e+02 
   67.799   37.714001  4.883941e+02  2.511024e+02 
   67.799   38.209999  4.886398e+02  2.510915e+02 
   67.799   38.706001  4.888867e+02  2.510815e+02 
   67.799   39.202000  4.891328e+02  2.510723e+02 
   67.799   39.696999  4.893755e+02  2.510640e+02 
   67.799   40.196999  4.896126e+02  2.510577e+02 
   67.799   45.196999  4.914791e+02  2.510364e+02 
   67.799   50.196999  4.921876e+02  2.510385e+02 
   67.799   55.196999  4.924355e+02  2.510441e+02 
   67.799   60.196999  4.931779e+02  2.510488e+02 
   67.799   65.197006  4.944101e+02  2.510520e+02 
