    0.000    0.000000  0.000000e+00  3.518985e+02 
    0.000    0.103000  0.000000e+00  3.509533e+02 
    0.000    0.206000  0.000000e+00  3.496629e+02 
    0.000    0.309000  0.000000e+00  3.483323e+02 
    0.000    0.412000  0.000000e+00  3.470173e+02 
    0.000    0.515000  0.000000e+00  3.457502e+02 
    0.000    0.618000  0.000000e+00  3.367263e+02 
    0.000    0.721000  0.000000e+00  3.333229e+02 
    0.000    0.824000  0.000000e+00  3.306472e+02 
    0.000    0.926000  0.000000e+00  3.276523e+02 
    0.000    1.029000  0.000000e+00  3.246247e+02 
    0.000    1.132000  0.000000e+00  3.217620e+02 
    0.000    1.235000  0.000000e+00  3.186299e+02 
    0.000    1.338000  0.000000e+00  3.155204e+02 
    0.000    1.441000  0.000000e+00  3.124780e+02 
    0.000    1.544000  0.000000e+00  3.095326e+02 
    0.000    1.647000  0.000000e+00  3.070396e+02 
    0.000    1.750000  0.000000e+00  3.055899e+02 
    0.000    1.852000  0.000000e+00  3.045134e+02 
    0.000    1.955000  0.000000e+00  3.031646e+02 
    0.000    2.058000  0.000000e+00  3.017536e+02 
    0.000    2.161000  0.000000e+00  3.003609e+02 
    0.000    2.264000  0.000000e+00  2.990010e+02 
    0.000    2.367000  0.000000e+00  2.976430e+02 
    0.000    2.470000  0.000000e+00  2.962919e+02 
    0.000    2.573000  0.000000e+00  2.949478e+02 
    0.000    2.676000  0.000000e+00  2.935834e+02 
    0.000    2.778000  0.000000e+00  2.908008e+02 
    0.000    2.881000  0.000000e+00  2.893486e+02 
    0.000    2.984000  0.000000e+00  2.876907e+02 
    0.000    3.087000  0.000000e+00  2.857884e+02 
    0.000    3.190000  0.000000e+00  2.835717e+02 
    0.000    3.293000  0.000000e+00  2.810627e+02 
    0.000    3.396000  0.000000e+00  2.782835e+02 
    0.000    3.499000  0.000000e+00  2.751792e+02 
    0.000    3.602000  0.000000e+00  2.718214e+02 
    0.000    3.705000  0.000000e+00  2.683084e+02 
    0.000    3.807000  0.000000e+00  2.648257e+02 
    0.000    3.910000  0.000000e+00  2.614294e+02 
    0.000    4.013000  0.000000e+00  2.584022e+02 
    0.000    4.116000  0.000000e+00  2.558646e+02 
    0.000    4.219000  0.000000e+00  2.537451e+02 
    0.000    4.322000  0.000000e+00  2.520045e+02 
    0.000    4.425000  0.000000e+00  2.505232e+02 
    0.000    4.528000  0.000000e+00  2.492544e+02 
    0.000    4.631000  0.000000e+00  2.481407e+02 
    0.000    4.733000  0.000000e+00  2.471633e+02 
    0.000    4.836000  0.000000e+00  2.461704e+02 
    0.000    4.939000  0.000000e+00  2.451739e+02 
    0.000    5.042000  0.000000e+00  2.441758e+02 
    0.000    5.145000  0.000000e+00  2.431832e+02 
    0.000    5.248000  0.000000e+00  2.421959e+02 
    0.000    5.351000  0.000000e+00  2.412164e+02 
    0.000    5.454000  0.000000e+00  2.402466e+02 
    0.000    5.557000  0.000000e+00  2.392818e+02 
    0.000    5.659000  0.000000e+00  2.383327e+02 
    0.000    5.762000  0.000000e+00  2.373309e+02 
    0.000    5.865000  0.000000e+00  2.363347e+02 
    0.000    5.968000  0.000000e+00  2.353466e+02 
    0.000    6.071000  0.000000e+00  2.343659e+02 
    0.000    6.174000  0.000000e+00  2.333936e+02 
    0.000    6.277000  0.000000e+00  2.324378e+02 
    0.000    6.380000  0.000000e+00  2.315923e+02 
    0.000    6.483000  0.000000e+00  2.307692e+02 
    0.000    6.585000  0.000000e+00  2.299756e+02 
    0.000    6.688000  0.000000e+00  2.292134e+02 
    0.000    6.791000  0.000000e+00  2.284809e+02 
    0.000    6.894000  0.000000e+00  2.278142e+02 
    0.000    6.997000  0.000000e+00  2.272388e+02 
    0.000    7.100000  0.000000e+00  2.267269e+02 
    0.000    7.203000  0.000000e+00  2.263320e+02 
    0.000    7.306000  0.000000e+00  2.260411e+02 
    0.000    7.409000  0.000000e+00  2.258139e+02 
    0.000    7.511000  0.000000e+00  2.256772e+02 
    0.000    7.614000  0.000000e+00  2.255984e+02 
    0.000    7.717000  0.000000e+00  2.255436e+02 
    0.000    7.820000  0.000000e+00  2.254793e+02 
    0.000    7.923000  0.000000e+00  2.254107e+02 
    0.000    8.026000  0.000000e+00  2.253235e+02 
    0.000    8.129000  0.000000e+00  2.251992e+02 
    0.000    8.231999  0.000000e+00  2.250531e+02 
    0.000    8.335000  0.000000e+00  2.248966e+02 
    0.000    8.436999  0.000000e+00  2.247357e+02 
    0.000    8.540000  0.000000e+00  2.245703e+02 
    0.000    8.643000  0.000000e+00  2.244086e+02 
    0.000    8.745999  0.000000e+00  2.242508e+02 
    0.000    8.849000  0.000000e+00  2.240948e+02 
    0.000    8.952000  0.000000e+00  2.239506e+02 
    0.000    9.054999  0.000000e+00  2.238154e+02 
    0.000    9.158000  0.000000e+00  2.236875e+02 
    0.000    9.261000  0.000000e+00  2.235869e+02 
    0.000    9.363999  0.000000e+00  2.235063e+02 
    0.000    9.466000  0.000000e+00  2.234397e+02 
    0.000    9.568999  0.000000e+00  2.233896e+02 
    0.000    9.672000  0.000000e+00  2.233526e+02 
    0.000    9.775000  0.000000e+00  2.233218e+02 
    0.000    9.877999  0.000000e+00  2.232888e+02 
    0.000    9.981000  0.000000e+00  2.232552e+02 
    0.000   10.084000  0.000000e+00  2.232216e+02 
    0.000   10.186999  0.000000e+00  2.231857e+02 
    0.000   10.290000  0.000000e+00  2.231490e+02 
    0.000   10.392000  0.000000e+00  2.231164e+02 
    0.000   10.495000  0.000000e+00  2.230934e+02 
    0.000   10.598000  0.000000e+00  2.230779e+02 
    0.000   10.701000  0.000000e+00  2.230612e+02 
    0.000   10.804000  0.000000e+00  2.230295e+02 
    0.000   10.907000  0.000000e+00  2.229878e+02 
    0.000   11.009999  0.000000e+00  2.229394e+02 
    0.000   11.113000  0.000000e+00  2.228805e+02 
    0.000   11.216000  0.000000e+00  2.228142e+02 
    0.000   11.318000  0.000000e+00  2.227443e+02 
    0.000   11.421000  0.000000e+00  2.226708e+02 
    0.000   11.524000  0.000000e+00  2.225952e+02 
    0.000   11.627000  0.000000e+00  2.225181e+02 
    0.000   11.730000  0.000000e+00  2.224397e+02 
    0.000   11.833000  0.000000e+00  2.223603e+02 
    0.000   11.936000  0.000000e+00  2.222804e+02 
    0.000   12.039000  0.000000e+00  2.222036e+02 
    0.000   12.142000  0.000000e+00  2.221294e+02 
    0.000   12.243999  0.000000e+00  2.220573e+02 
    0.000   12.347000  0.000000e+00  2.219875e+02 
    0.000   12.450000  0.000000e+00  2.219207e+02 
    0.000   12.552999  0.000000e+00  2.218558e+02 
    0.000   12.656000  0.000000e+00  2.217941e+02 
    0.000   12.759000  0.000000e+00  2.217355e+02 
    0.000   12.862000  0.000000e+00  2.216793e+02 
    0.000   12.965000  0.000000e+00  2.216244e+02 
    0.000   13.068000  0.000000e+00  2.215699e+02 
    0.000   13.170000  0.000000e+00  2.215166e+02 
    0.000   13.273000  0.000000e+00  2.214628e+02 
    0.000   13.375999  0.000000e+00  2.214077e+02 
    0.000   13.479000  0.000000e+00  2.213518e+02 
    0.000   13.582000  0.000000e+00  2.212958e+02 
    0.000   13.684999  0.000000e+00  2.212398e+02 
    0.000   13.788000  0.000000e+00  2.211840e+02 
    0.000   13.891000  0.000000e+00  2.211284e+02 
    0.000   13.993999  0.000000e+00  2.210755e+02 
    0.000   14.096000  0.000000e+00  2.210257e+02 
    0.000   14.198999  0.000000e+00  2.209771e+02 
    0.000   14.302000  0.000000e+00  2.209314e+02 
    0.000   14.405000  0.000000e+00  2.208892e+02 
    0.000   14.507999  0.000000e+00  2.208496e+02 
    0.000   14.611000  0.000000e+00  2.208115e+02 
    0.000   14.714000  0.000000e+00  2.207739e+02 
    0.000   14.816999  0.000000e+00  2.207368e+02 
    0.000   14.920000  0.000000e+00  2.207003e+02 
    0.000   15.023000  0.000000e+00  2.206632e+02 
    0.000   15.125000  0.000000e+00  2.206259e+02 
    0.000   15.228000  0.000000e+00  2.205882e+02 
    0.000   15.330999  0.000000e+00  2.205506e+02 
    0.000   15.434000  0.000000e+00  2.205129e+02 
    0.000   15.537000  0.000000e+00  2.204754e+02 
    0.000   15.639999  0.000000e+00  2.204378e+02 
    0.000   15.743000  0.000000e+00  2.203991e+02 
    0.000   15.846000  0.000000e+00  2.203597e+02 
    0.000   15.948999  0.000000e+00  2.203199e+02 
    0.000   16.051001  0.000000e+00  2.202820e+02 
    0.000   16.153999  0.000000e+00  2.202456e+02 
    0.000   16.257000  0.000000e+00  2.202105e+02 
    0.000   16.360001  0.000000e+00  2.201763e+02 
    0.000   16.462999  0.000000e+00  2.201431e+02 
    0.000   16.566000  0.000000e+00  2.201106e+02 
    0.000   16.669001  0.000000e+00  2.200787e+02 
    0.000   16.771999  0.000000e+00  2.200446e+02 
    0.000   16.875000  0.000000e+00  2.200083e+02 
    0.000   16.976999  0.000000e+00  2.199713e+02 
    0.000   17.080000  0.000000e+00  2.199333e+02 
    0.000   17.183001  0.000000e+00  2.198950e+02 
    0.000   17.285999  0.000000e+00  2.198565e+02 
    0.000   17.389000  0.000000e+00  2.198179e+02 
    0.000   17.492001  0.000000e+00  2.197795e+02 
    0.000   17.594999  0.000000e+00  2.197413e+02 
    0.000   17.698000  0.000000e+00  2.197032e+02 
    0.000   17.801001  0.000000e+00  2.196654e+02 
    0.000   17.903000  0.000000e+00  2.196285e+02 
    0.000   18.006001  0.000000e+00  2.195917e+02 
    0.000   18.108999  0.000000e+00  2.195553e+02 
    0.000   18.212000  0.000000e+00  2.195203e+02 
    0.000   18.315001  0.000000e+00  2.194870e+02 
    0.000   18.417999  0.000000e+00  2.194548e+02 
    0.000   18.521000  0.000000e+00  2.194237e+02 
    0.000   18.624001  0.000000e+00  2.193940e+02 
    0.000   18.726999  0.000000e+00  2.193654e+02 
    0.000   18.829000  0.000000e+00  2.193381e+02 
    0.000   18.931999  0.000000e+00  2.193112e+02 
    0.000   19.035000  0.000000e+00  2.192850e+02 
    0.000   19.138000  0.000000e+00  2.192592e+02 
    0.000   19.240999  0.000000e+00  2.192341e+02 
    0.000   19.344000  0.000000e+00  2.192093e+02 
    0.000   19.447001  0.000000e+00  2.191849e+02 
    0.000   19.549999  0.000000e+00  2.191610e+02 
    0.000   19.653000  0.000000e+00  2.191374e+02 
    0.000   19.756001  0.000000e+00  2.191131e+02 
    0.000   19.858000  0.000000e+00  2.190881e+02 
    0.000   19.961000  0.000000e+00  2.190624e+02 
    0.000   20.063999  0.000000e+00  2.190363e+02 
    0.000   20.364000  0.000000e+00  2.189555e+02 
    0.000   20.858999  0.000000e+00  2.188270e+02 
    0.000   21.355000  0.000000e+00  2.187221e+02 
    0.000   21.851000  0.000000e+00  2.186378e+02 
    0.000   22.347000  0.000000e+00  2.185614e+02 
    0.000   22.841999  0.000000e+00  2.184875e+02 
    0.000   23.337999  0.000000e+00  2.184138e+02 
    0.000   23.834000  0.000000e+00  2.183470e+02 
    0.000   24.330000  0.000000e+00  2.183021e+02 
    0.000   24.824999  0.000000e+00  2.182840e+02 
    0.000   25.320999  0.000000e+00  2.182820e+02 
    0.000   25.816999  0.000000e+00  2.182829e+02 
    0.000   26.313000  0.000000e+00  2.182771e+02 
    0.000   26.808001  0.000000e+00  2.182793e+02 
    0.000   27.303999  0.000000e+00  2.182981e+02 
    0.000   27.799999  0.000000e+00  2.183282e+02 
    0.000   28.296000  0.000000e+00  2.183624e+02 
    0.000   28.791000  0.000000e+00  2.184038e+02 
    0.000   29.287001  0.000000e+00  2.184476e+02 
    0.000   29.782999  0.000000e+00  2.184937e+02 
    0.000   30.278999  0.000000e+00  2.185445e+02 
    0.000   30.774000  0.000000e+00  2.186028e+02 
    0.000   31.270000  0.000000e+00  2.186638e+02 
    0.000   31.765999  0.000000e+00  2.187228e+02 
    0.000   32.262001  0.000000e+00  2.187788e+02 
    0.000   32.757000  0.000000e+00  2.188331e+02 
    0.000   33.253002  0.000000e+00  2.188877e+02 
    0.000   33.749001  0.000000e+00  2.189440e+02 
    0.000   34.245003  0.000000e+00  2.190026e+02 
    0.000   34.740002  0.000000e+00  2.190650e+02 
    0.000   35.236000  0.000000e+00  2.191305e+02 
    0.000   35.732002  0.000000e+00  2.191940e+02 
    0.000   36.228001  0.000000e+00  2.192548e+02 
    0.000   36.723003  0.000000e+00  2.193084e+02 
    0.000   37.219002  0.000000e+00  2.193559e+02 
    0.000   37.715000  0.000000e+00  2.193999e+02 
    0.000   38.211002  0.000000e+00  2.194411e+02 
    0.000   38.706001  0.000000e+00  2.194832e+02 
    0.000   39.202003  0.000000e+00  2.195273e+02 
    0.000   39.698002  0.000000e+00  2.195739e+02 
    0.000   40.198002  0.000000e+00  2.196234e+02 
    0.000   45.198002  0.000000e+00  2.200709e+02 
    0.000   50.198002  0.000000e+00  2.202930e+02 
    0.000   55.198002  0.000000e+00  2.202878e+02 
    0.000   60.198002  0.000000e+00  2.202213e+02 
    0.000   65.197998  0.000000e+00  2.201685e+02 
