    0.000    0.000000  0.000000e+00  3.521188e+02 
    0.000    0.103000  0.000000e+00  3.512550e+02 
    0.000    0.205000  0.000000e+00  3.500307e+02 
    0.000    0.308000  0.000000e+00  3.486617e+02 
    0.000    0.411000  0.000000e+00  3.472556e+02 
    0.000    0.514000  0.000000e+00  3.458580e+02 
    0.000    0.617000  0.000000e+00  3.443666e+02 
    0.000    0.720000  0.000000e+00  3.428048e+02 
    0.000    0.823000  0.000000e+00  3.412126e+02 
    0.000    0.926000  0.000000e+00  3.396103e+02 
    0.000    1.029000  0.000000e+00  3.379661e+02 
    0.000    1.131000  0.000000e+00  3.363383e+02 
    0.000    1.234000  0.000000e+00  3.346545e+02 
    0.000    1.337000  0.000000e+00  3.329924e+02 
    0.000    1.440000  0.000000e+00  3.313768e+02 
    0.000    1.543000  0.000000e+00  3.298047e+02 
    0.000    1.646000  0.000000e+00  3.128201e+02 
    0.000    1.749000  0.000000e+00  3.070046e+02 
    0.000    1.852000  0.000000e+00  3.029587e+02 
    0.000    1.955000  0.000000e+00  2.999120e+02 
    0.000    2.058000  0.000000e+00  2.973775e+02 
    0.000    2.160000  0.000000e+00  2.952305e+02 
    0.000    2.263000  0.000000e+00  2.935075e+02 
    0.000    2.366000  0.000000e+00  2.926575e+02 
    0.000    2.469000  0.000000e+00  2.917310e+02 
    0.000    2.572000  0.000000e+00  2.907611e+02 
    0.000    2.675000  0.000000e+00  2.897525e+02 
    0.000    2.778000  0.000000e+00  2.887133e+02 
    0.000    2.881000  0.000000e+00  2.876385e+02 
    0.000    2.984000  0.000000e+00  2.865124e+02 
    0.000    3.086000  0.000000e+00  2.853817e+02 
    0.000    3.189000  0.000000e+00  2.842169e+02 
    0.000    3.292000  0.000000e+00  2.830430e+02 
    0.000    3.395000  0.000000e+00  2.818559e+02 
    0.000    3.498000  0.000000e+00  2.806628e+02 
    0.000    3.601000  0.000000e+00  2.794631e+02 
    0.000    3.704000  0.000000e+00  2.782549e+02 
    0.000    3.807000  0.000000e+00  2.770483e+02 
    0.000    3.910000  0.000000e+00  2.758406e+02 
    0.000    4.012000  0.000000e+00  2.746469e+02 
    0.000    4.115000  0.000000e+00  2.734438e+02 
    0.000    4.218000  0.000000e+00  2.722367e+02 
    0.000    4.321000  0.000000e+00  2.710357e+02 
    0.000    4.424000  0.000000e+00  2.698361e+02 
    0.000    4.527000  0.000000e+00  2.686439e+02 
    0.000    4.630000  0.000000e+00  2.674614e+02 
    0.000    4.733000  0.000000e+00  2.662798e+02 
    0.000    4.836000  0.000000e+00  2.651078e+02 
    0.000    4.938000  0.000000e+00  2.639521e+02 
    0.000    5.041000  0.000000e+00  2.627934e+02 
    0.000    5.144000  0.000000e+00  2.615818e+02 
    0.000    5.247000  0.000000e+00  2.603785e+02 
    0.000    5.350000  0.000000e+00  2.591873e+02 
    0.000    5.453000  0.000000e+00  2.580131e+02 
    0.000    5.556000  0.000000e+00  2.568569e+02 
    0.000    5.659000  0.000000e+00  2.557508e+02 
    0.000    5.762000  0.000000e+00  2.546328e+02 
    0.000    5.864000  0.000000e+00  2.535779e+02 
    0.000    5.967000  0.000000e+00  2.525226e+02 
    0.000    6.070000  0.000000e+00  2.514759e+02 
    0.000    6.173000  0.000000e+00  2.504304e+02 
    0.000    6.276000  0.000000e+00  2.494187e+02 
    0.000    6.379000  0.000000e+00  2.484245e+02 
    0.000    6.482000  0.000000e+00  2.474431e+02 
    0.000    6.585000  0.000000e+00  2.464516e+02 
    0.000    6.688000  0.000000e+00  2.454996e+02 
    0.000    6.790000  0.000000e+00  2.445794e+02 
    0.000    6.893000  0.000000e+00  2.436736e+02 
    0.000    6.996000  0.000000e+00  2.427940e+02 
    0.000    7.099000  0.000000e+00  2.419374e+02 
    0.000    7.202000  0.000000e+00  2.412255e+02 
    0.000    7.305000  0.000000e+00  2.406812e+02 
    0.000    7.408000  0.000000e+00  2.402386e+02 
    0.000    7.511000  0.000000e+00  2.399292e+02 
    0.000    7.614000  0.000000e+00  2.396952e+02 
    0.000    7.716000  0.000000e+00  2.394554e+02 
    0.000    7.819000  0.000000e+00  2.393188e+02 
    0.000    7.922000  0.000000e+00  2.391986e+02 
    0.000    8.025001  0.000000e+00  2.390829e+02 
    0.000    8.128000  0.000000e+00  2.389522e+02 
    0.000    8.231000  0.000000e+00  2.388266e+02 
    0.000    8.334001  0.000000e+00  2.386800e+02 
    0.000    8.437000  0.000000e+00  2.385095e+02 
    0.000    8.540000  0.000000e+00  2.383098e+02 
    0.000    8.643001  0.000000e+00  2.381060e+02 
    0.000    8.745000  0.000000e+00  2.379056e+02 
    0.000    8.848001  0.000000e+00  2.376694e+02 
    0.000    8.951000  0.000000e+00  2.374359e+02 
    0.000    9.054000  0.000000e+00  2.371938e+02 
    0.000    9.157001  0.000000e+00  2.369361e+02 
    0.000    9.260000  0.000000e+00  2.366730e+02 
    0.000    9.363000  0.000000e+00  2.365705e+02 
    0.000    9.466001  0.000000e+00  2.364733e+02 
    0.000    9.569000  0.000000e+00  2.363845e+02 
    0.000    9.671000  0.000000e+00  2.363029e+02 
    0.000    9.774000  0.000000e+00  2.362289e+02 
    0.000    9.877000  0.000000e+00  2.361730e+02 
    0.000    9.980000  0.000000e+00  2.361303e+02 
    0.000   10.083000  0.000000e+00  2.360925e+02 
    0.000   10.186000  0.000000e+00  2.360508e+02 
    0.000   10.289001  0.000000e+00  2.360071e+02 
    0.000   10.392000  0.000000e+00  2.359619e+02 
    0.000   10.495000  0.000000e+00  2.359112e+02 
    0.000   10.597000  0.000000e+00  2.358579e+02 
    0.000   10.700000  0.000000e+00  2.358029e+02 
    0.000   10.803000  0.000000e+00  2.357461e+02 
    0.000   10.906000  0.000000e+00  2.356886e+02 
    0.000   11.009000  0.000000e+00  2.356289e+02 
    0.000   11.112000  0.000000e+00  2.355609e+02 
    0.000   11.215000  0.000000e+00  2.354873e+02 
    0.000   11.318000  0.000000e+00  2.354107e+02 
    0.000   11.421000  0.000000e+00  2.353310e+02 
    0.000   11.523000  0.000000e+00  2.352500e+02 
    0.000   11.626000  0.000000e+00  2.351673e+02 
    0.000   11.729000  0.000000e+00  2.350858e+02 
    0.000   11.832000  0.000000e+00  2.350054e+02 
    0.000   11.935000  0.000000e+00  2.349258e+02 
    0.000   12.038000  0.000000e+00  2.348458e+02 
    0.000   12.141000  0.000000e+00  2.347657e+02 
    0.000   12.244000  0.000000e+00  2.346859e+02 
    0.000   12.347000  0.000000e+00  2.346060e+02 
    0.000   12.449000  0.000000e+00  2.345269e+02 
    0.000   12.552000  0.000000e+00  2.344472e+02 
    0.000   12.655000  0.000000e+00  2.343708e+02 
    0.000   12.758000  0.000000e+00  2.342985e+02 
    0.000   12.861000  0.000000e+00  2.342289e+02 
    0.000   12.964000  0.000000e+00  2.341617e+02 
    0.000   13.067000  0.000000e+00  2.340969e+02 
    0.000   13.170000  0.000000e+00  2.340341e+02 
    0.000   13.273000  0.000000e+00  2.339729e+02 
    0.000   13.375000  0.000000e+00  2.339140e+02 
    0.000   13.478000  0.000000e+00  2.338561e+02 
    0.000   13.581000  0.000000e+00  2.337996e+02 
    0.000   13.684000  0.000000e+00  2.337448e+02 
    0.000   13.787000  0.000000e+00  2.336917e+02 
    0.000   13.890000  0.000000e+00  2.336399e+02 
    0.000   13.993000  0.000000e+00  2.335889e+02 
    0.000   14.096000  0.000000e+00  2.335386e+02 
    0.000   14.199000  0.000000e+00  2.334891e+02 
    0.000   14.302000  0.000000e+00  2.334408e+02 
    0.000   14.404000  0.000000e+00  2.333945e+02 
    0.000   14.507000  0.000000e+00  2.333490e+02 
    0.000   14.610001  0.000000e+00  2.333043e+02 
    0.000   14.713000  0.000000e+00  2.332598e+02 
    0.000   14.816000  0.000000e+00  2.332157e+02 
    0.000   14.919000  0.000000e+00  2.331721e+02 
    0.000   15.022000  0.000000e+00  2.331280e+02 
    0.000   15.125000  0.000000e+00  2.330836e+02 
    0.000   15.228000  0.000000e+00  2.330393e+02 
    0.000   15.330000  0.000000e+00  2.329967e+02 
    0.000   15.433001  0.000000e+00  2.329557e+02 
    0.000   15.536000  0.000000e+00  2.329164e+02 
    0.000   15.639000  0.000000e+00  2.328783e+02 
    0.000   15.742001  0.000000e+00  2.328412e+02 
    0.000   15.845000  0.000000e+00  2.328052e+02 
    0.000   15.948001  0.000000e+00  2.327700e+02 
    0.000   16.050999  0.000000e+00  2.327314e+02 
    0.000   16.153999  0.000000e+00  2.326888e+02 
    0.000   16.255999  0.000000e+00  2.326441e+02 
    0.000   16.358999  0.000000e+00  2.325974e+02 
    0.000   16.462000  0.000000e+00  2.325492e+02 
    0.000   16.564999  0.000000e+00  2.324998e+02 
    0.000   16.667999  0.000000e+00  2.324496e+02 
    0.000   16.771000  0.000000e+00  2.324007e+02 
    0.000   16.873999  0.000000e+00  2.323529e+02 
    0.000   16.976999  0.000000e+00  2.323058e+02 
    0.000   17.080000  0.000000e+00  2.322602e+02 
    0.000   17.181999  0.000000e+00  2.322173e+02 
    0.000   17.285000  0.000000e+00  2.321758e+02 
    0.000   17.387999  0.000000e+00  2.321354e+02 
    0.000   17.490999  0.000000e+00  2.320970e+02 
    0.000   17.594000  0.000000e+00  2.320603e+02 
    0.000   17.696999  0.000000e+00  2.320249e+02 
    0.000   17.799999  0.000000e+00  2.319905e+02 
    0.000   17.903000  0.000000e+00  2.319573e+02 
    0.000   18.005999  0.000000e+00  2.319251e+02 
    0.000   18.108000  0.000000e+00  2.318940e+02 
    0.000   18.210999  0.000000e+00  2.318630e+02 
    0.000   18.313999  0.000000e+00  2.318323e+02 
    0.000   18.417000  0.000000e+00  2.318019e+02 
    0.000   18.519999  0.000000e+00  2.317720e+02 
    0.000   18.622999  0.000000e+00  2.317424e+02 
    0.000   18.726000  0.000000e+00  2.317130e+02 
    0.000   18.828999  0.000000e+00  2.316840e+02 
    0.000   18.931999  0.000000e+00  2.316552e+02 
    0.000   19.035000  0.000000e+00  2.316263e+02 
    0.000   19.136999  0.000000e+00  2.315976e+02 
    0.000   19.240000  0.000000e+00  2.315689e+02 
    0.000   19.342999  0.000000e+00  2.315398e+02 
    0.000   19.445999  0.000000e+00  2.315103e+02 
    0.000   19.549000  0.000000e+00  2.314805e+02 
    0.000   19.651999  0.000000e+00  2.314506e+02 
    0.000   19.754999  0.000000e+00  2.314207e+02 
    0.000   19.858000  0.000000e+00  2.313909e+02 
    0.000   19.960999  0.000000e+00  2.313611e+02 
    0.000   20.063000  0.000000e+00  2.313316e+02 
    0.000   20.362999  0.000000e+00  2.312489e+02 
    0.000   20.858999  0.000000e+00  2.311297e+02 
    0.000   21.354000  0.000000e+00  2.310287e+02 
    0.000   21.849998  0.000000e+00  2.309376e+02 
    0.000   22.345999  0.000000e+00  2.308468e+02 
    0.000   22.841999  0.000000e+00  2.307550e+02 
    0.000   23.337000  0.000000e+00  2.306711e+02 
    0.000   23.832998  0.000000e+00  2.306063e+02 
    0.000   24.328999  0.000000e+00  2.305647e+02 
    0.000   24.824999  0.000000e+00  2.305402e+02 
    0.000   25.320000  0.000000e+00  2.305249e+02 
    0.000   25.816000  0.000000e+00  2.305235e+02 
    0.000   26.311998  0.000000e+00  2.305306e+02 
    0.000   26.807999  0.000000e+00  2.305415e+02 
    0.000   27.302999  0.000000e+00  2.305571e+02 
    0.000   27.799000  0.000000e+00  2.305776e+02 
    0.000   28.295000  0.000000e+00  2.306025e+02 
    0.000   28.790998  0.000000e+00  2.306360e+02 
    0.000   29.285999  0.000000e+00  2.306775e+02 
    0.000   29.782000  0.000000e+00  2.307249e+02 
    0.000   30.278000  0.000000e+00  2.307765e+02 
    0.000   30.773998  0.000000e+00  2.308303e+02 
    0.000   31.268999  0.000000e+00  2.308856e+02 
    0.000   31.764999  0.000000e+00  2.309420e+02 
    0.000   32.261002  0.000000e+00  2.309994e+02 
    0.000   32.757000  0.000000e+00  2.310573e+02 
    0.000   33.252003  0.000000e+00  2.311152e+02 
    0.000   33.748001  0.000000e+00  2.311752e+02 
    0.000   34.243999  0.000000e+00  2.312380e+02 
    0.000   34.740002  0.000000e+00  2.313011e+02 
    0.000   35.235001  0.000000e+00  2.313630e+02 
    0.000   35.731003  0.000000e+00  2.314215e+02 
    0.000   36.227001  0.000000e+00  2.314766e+02 
    0.000   36.723000  0.000000e+00  2.315281e+02 
    0.000   37.218002  0.000000e+00  2.315763e+02 
    0.000   37.714001  0.000000e+00  2.316209e+02 
    0.000   38.210003  0.000000e+00  2.316622e+02 
    0.000   38.706001  0.000000e+00  2.317036e+02 
    0.000   39.201000  0.000000e+00  2.317462e+02 
    0.000   39.697002  0.000000e+00  2.317920e+02 
    0.000   40.197002  0.000000e+00  2.318428e+02 
    0.000   45.197002  0.000000e+00  2.322927e+02 
    0.000   50.197002  0.000000e+00  2.325189e+02 
    0.000   55.197002  0.000000e+00  2.325155e+02 
    0.000   60.197002  0.000000e+00  2.324473e+02 
    0.000   65.196999  0.000000e+00  2.323952e+02 
