   67.402    0.000000  1.174603e-08  8.222705e+00 
   67.402    0.103000  1.181009e-08  8.339080e+00 
   67.402    0.206000  1.187386e-08  8.457409e+00 
   67.402    0.309000  1.193699e-08  8.576794e+00 
   67.402    0.411000  1.199889e-08  8.695423e+00 
   67.402    0.514000  1.206088e-08  8.815266e+00 
   67.402    0.617000  1.212985e-08  8.939728e+00 
   67.402    0.720000  1.219956e-08  9.064239e+00 
   67.402    0.823000  1.227112e-08  9.189124e+00 
   67.402    0.926000  1.234636e-08  9.315374e+00 
   67.402    1.029000  1.242625e-08  9.443486e+00 
   67.402    1.132000  1.250926e-08  9.572327e+00 
   67.402    1.235000  1.259633e-08  9.702452e+00 
   67.402    1.337000  1.268570e-08  9.832063e+00 
   67.402    1.440000  1.277987e-08  9.964302e+00 
   67.402    1.543000  1.287872e-08  1.009850e+01 
   67.402    1.646000  1.298838e-08  1.023859e+01 
   67.402    1.749000  1.311606e-08  1.038916e+01 
   67.402    1.852000  1.326486e-08  1.055196e+01 
   67.402    1.955000  5.208813e-05  6.212451e+01 
   67.402    2.058000  1.484229e-02  1.009409e+02 
   67.402    2.161000  6.242892e-01  1.343489e+02 
   67.402    2.263000  7.006199e+00  1.649652e+02 
   67.402    2.366000  7.047552e+00  1.648082e+02 
   67.402    2.469000  7.082936e+00  1.646837e+02 
   67.402    2.572000  7.117983e+00  1.645912e+02 
   67.402    2.675000  7.152716e+00  1.645243e+02 
   67.402    2.778000  7.187222e+00  1.644776e+02 
   67.402    2.881000  7.221524e+00  1.644479e+02 
   67.402    2.984000  7.255656e+00  1.644325e+02 
   67.402    3.087000  7.289605e+00  1.644297e+02 
   67.402    3.189000  7.323040e+00  1.644376e+02 
   67.402    3.292000  7.356620e+00  1.644552e+02 
   67.402    3.395000  7.390022e+00  1.644814e+02 
   67.402    3.498000  7.423227e+00  1.645152e+02 
   67.402    3.601000  7.456265e+00  1.645557e+02 
   67.402    3.704000  7.489201e+00  1.646020e+02 
   67.402    3.807000  7.522033e+00  1.646536e+02 
   67.402    3.910000  7.554813e+00  1.647097e+02 
   67.402    4.013000  7.587554e+00  1.647699e+02 
   67.402    4.115000  7.619919e+00  1.648332e+02 
   67.402    4.218000  7.652538e+00  1.649007e+02 
   67.402    4.321000  8.860308e+00  1.683979e+02 
   67.402    4.424000  1.023304e+01  1.718222e+02 
   67.402    4.527000  1.027498e+01  1.718688e+02 
   67.402    4.630000  1.040013e+01  1.720641e+02 
   67.402    4.733000  1.052317e+01  1.722628e+02 
   67.402    4.836000  1.059504e+01  1.723821e+02 
   67.402    4.939000  1.067185e+01  1.725157e+02 
   67.402    5.042000  1.174956e+01  1.749811e+02 
   67.402    5.144000  1.279330e+01  1.771665e+02 
   67.402    5.247000  1.289975e+01  1.773209e+02 
   67.402    5.350000  1.670796e+01  1.840022e+02 
   67.402    5.453000  2.146452e+01  1.905926e+02 
   67.402    5.556000  2.752132e+01  1.971336e+02 
   67.402    5.659000  2.977645e+01  1.987223e+02 
   67.402    5.762000  3.280186e+01  2.007425e+02 
   67.402    5.865000  3.659590e+01  2.030939e+02 
   67.402    5.968000  4.090384e+01  2.055463e+02 
   67.402    6.070000  4.566229e+01  2.080264e+02 
   67.402    6.173000  5.128691e+01  2.106983e+02 
   67.402    6.276000  5.791572e+01  2.135514e+02 
   67.402    6.379000  6.663961e+01  2.169134e+02 
   67.402    6.482000  7.910049e+01  2.211157e+02 
   67.402    6.585000  9.753763e+01  2.263885e+02 
   67.402    6.688000  1.228853e+02  2.323713e+02 
   67.402    6.791000  1.601500e+02  2.394193e+02 
   67.402    6.894000  2.096648e+02  2.467412e+02 
   67.402    6.996000  2.648227e+02  2.531416e+02 
   67.402    7.099000  3.295885e+02  2.590833e+02 
   67.402    7.202000  3.772668e+02  2.626816e+02 
   67.402    7.305000  4.037256e+02  2.644614e+02 
   67.402    7.408000  4.083485e+02  2.647843e+02 
   67.402    7.511000  4.105641e+02  2.649602e+02 
   67.402    7.614000  4.132156e+02  2.651721e+02 
   67.402    7.717000  4.151613e+02  2.653445e+02 
   67.402    7.820000  4.170679e+02  2.655152e+02 
   67.402    7.922000  4.185093e+02  2.656577e+02 
   67.402    8.025000  4.203183e+02  2.658229e+02 
   67.402    8.128000  4.226426e+02  2.660169e+02 
   67.402    8.231000  4.255727e+02  2.662436e+02 
   67.402    8.334000  4.279267e+02  2.664354e+02 
   67.402    8.437000  4.311425e+02  2.666740e+02 
   67.402    8.540000  4.333028e+02  2.668525e+02 
   67.402    8.643000  4.354918e+02  2.670322e+02 
   67.402    8.746000  4.363869e+02  2.671572e+02 
   67.402    8.848000  4.374901e+02  2.673039e+02 
   67.402    8.951000  4.389372e+02  2.674847e+02 
   67.402    9.054000  4.408780e+02  2.677125e+02 
   67.402    9.157000  4.433637e+02  2.679904e+02 
   67.402    9.260000  4.461221e+02  2.682891e+02 
   67.402    9.363000  4.499496e+02  2.685370e+02 
   67.402    9.466000  4.539717e+02  2.687891e+02 
   67.402    9.569000  4.544639e+02  2.688609e+02 
   67.402    9.672000  4.549524e+02  2.689310e+02 
   67.402    9.774000  4.554298e+02  2.689989e+02 
   67.402    9.877000  4.559019e+02  2.690660e+02 
   67.402    9.980000  4.563631e+02  2.691317e+02 
   67.402   10.083000  4.568480e+02  2.691947e+02 
   67.402   10.186000  4.573219e+02  2.692566e+02 
   67.402   10.289000  4.577849e+02  2.693174e+02 
   67.402   10.392000  4.582391e+02  2.693770e+02 
   67.402   10.495000  4.586873e+02  2.694355e+02 
   67.402   10.598000  4.591299e+02  2.694931e+02 
   67.402   10.700000  4.595623e+02  2.695491e+02 
   67.402   10.802999  4.599923e+02  2.696048e+02 
   67.402   10.906000  4.604157e+02  2.696598e+02 
   67.402   11.009000  4.608328e+02  2.697140e+02 
   67.402   11.112000  4.612445e+02  2.697676e+02 
   67.402   11.215000  4.616509e+02  2.698205e+02 
   67.402   11.318000  4.620522e+02  2.698728e+02 
   67.402   11.421000  4.624485e+02  2.699246e+02 
   67.402   11.524000  4.628398e+02  2.699757e+02 
   67.402   11.627000  4.632261e+02  2.700262e+02 
   67.402   11.729000  4.636035e+02  2.700757e+02 
   67.402   11.832000  4.639795e+02  2.701251e+02 
   67.402   11.934999  4.643502e+02  2.701739e+02 
   67.402   12.038000  4.647160e+02  2.702220e+02 
   67.402   12.141000  4.650770e+02  2.702695e+02 
   67.402   12.243999  4.654331e+02  2.703164e+02 
   67.402   12.347000  4.657843e+02  2.703627e+02 
   67.402   12.450000  4.661309e+02  2.704083e+02 
   67.402   12.552999  4.664727e+02  2.704532e+02 
   67.402   12.655000  4.668065e+02  2.704971e+02 
   67.402   12.757999  4.671391e+02  2.705406e+02 
   67.402   12.861000  4.674675e+02  2.705834e+02 
   67.402   12.964000  4.677919e+02  2.706254e+02 
   67.402   13.066999  4.681125e+02  2.706666e+02 
   67.402   13.170000  4.684291e+02  2.707069e+02 
   67.402   13.273000  4.687420e+02  2.707464e+02 
   67.402   13.375999  4.690514e+02  2.707850e+02 
   67.402   13.479000  4.693572e+02  2.708228e+02 
   67.402   13.581000  4.696566e+02  2.708594e+02 
   67.402   13.684000  4.699555e+02  2.708955e+02 
   67.402   13.787000  4.702511e+02  2.709307e+02 
   67.402   13.890000  4.705432e+02  2.709651e+02 
   67.402   13.993000  4.708322e+02  2.709986e+02 
   67.402   14.096000  4.711180e+02  2.710312e+02 
   67.402   14.199000  4.714006e+02  2.710630e+02 
   67.402   14.302000  4.716800e+02  2.710940e+02 
   67.402   14.405000  4.719564e+02  2.711242e+02 
   67.402   14.507000  4.722269e+02  2.711533e+02 
   67.402   14.610000  4.724969e+02  2.711819e+02 
   67.402   14.713000  4.727638e+02  2.712099e+02 
   67.402   14.816000  4.730276e+02  2.712372e+02 
   67.402   14.919000  4.732881e+02  2.712639e+02 
   67.402   15.022000  4.735453e+02  2.712901e+02 
   67.402   15.125000  4.737995e+02  2.713158e+02 
   67.402   15.228000  4.740505e+02  2.713409e+02 
   67.402   15.331000  4.742984e+02  2.713656e+02 
   67.402   15.433000  4.745410e+02  2.713894e+02 
   67.402   15.536000  4.747828e+02  2.714130e+02 
   67.402   15.639000  4.750217e+02  2.714360e+02 
   67.402   15.742000  4.752576e+02  2.714586e+02 
   67.402   15.845000  4.754907e+02  2.714805e+02 
   67.402   15.947999  4.757210e+02  2.715020e+02 
   67.402   16.051001  4.759488e+02  2.715229e+02 
   67.402   16.154001  4.761741e+02  2.715433e+02 
   67.402   16.257000  4.763970e+02  2.715632e+02 
   67.402   16.360001  4.766175e+02  2.715826e+02 
   67.402   16.462000  4.768335e+02  2.716012e+02 
   67.402   16.565001  4.770495e+02  2.716195e+02 
   67.402   16.668001  4.772632e+02  2.716373e+02 
   67.402   16.771000  4.774749e+02  2.716545e+02 
   67.402   16.874001  4.776848e+02  2.716710e+02 
   67.402   16.977001  4.778927e+02  2.716870e+02 
   67.402   17.080000  4.780989e+02  2.717021e+02 
   67.402   17.183001  4.783037e+02  2.717165e+02 
   67.402   17.286001  4.785072e+02  2.717300e+02 
   67.402   17.388000  4.787072e+02  2.717426e+02 
   67.402   17.491001  4.789081e+02  2.717543e+02 
   67.402   17.594002  4.791078e+02  2.717652e+02 
   67.402   17.697001  4.793063e+02  2.717752e+02 
   67.402   17.800001  4.795036e+02  2.717844e+02 
   67.402   17.903002  4.796993e+02  2.717929e+02 
   67.402   18.006001  4.798936e+02  2.718008e+02 
   67.402   18.109001  4.800864e+02  2.718080e+02 
   67.402   18.212000  4.802774e+02  2.718146e+02 
   67.402   18.314001  4.804650e+02  2.718207e+02 
   67.402   18.417002  4.806527e+02  2.718264e+02 
   67.402   18.520000  4.808388e+02  2.718316e+02 
   67.402   18.623001  4.810233e+02  2.718362e+02 
   67.402   18.726002  4.812064e+02  2.718403e+02 
   67.402   18.829000  4.813879e+02  2.718439e+02 
   67.402   18.932001  4.815680e+02  2.718470e+02 
   67.402   19.035002  4.817467e+02  2.718495e+02 
   67.402   19.138000  4.819242e+02  2.718516e+02 
   67.402   19.240002  4.820986e+02  2.718531e+02 
   67.402   19.343000  4.822734e+02  2.718542e+02 
   67.402   19.446001  4.824468e+02  2.718548e+02 
   67.402   19.549002  4.826190e+02  2.718550e+02 
   67.402   19.652000  4.827897e+02  2.718548e+02 
   67.402   19.755001  4.829592e+02  2.718542e+02 
   67.402   19.858002  4.831274e+02  2.718531e+02 
   67.402   19.961000  4.832943e+02  2.718517e+02 
   67.402   20.064001  4.834604e+02  2.718497e+02 
   67.402   20.363001  4.839372e+02  2.718407e+02 
   67.402   20.859001  4.847056e+02  2.718188e+02 
   67.402   21.354000  4.854443e+02  2.717890e+02 
   67.402   21.850000  4.861567e+02  2.717523e+02 
   67.402   22.346001  4.868354e+02  2.717129e+02 
   67.402   22.842001  4.874745e+02  2.716754e+02 
   67.402   23.337000  4.880696e+02  2.716418e+02 
   67.402   23.833000  4.886257e+02  2.716115e+02 
   67.402   24.329000  4.891480e+02  2.715824e+02 
   67.402   24.825001  4.896393e+02  2.715536e+02 
   67.402   25.320002  4.900979e+02  2.715262e+02 
   67.402   25.816000  4.905268e+02  2.715005e+02 
   67.402   26.312000  4.909275e+02  2.714764e+02 
   67.402   26.808001  4.913028e+02  2.714530e+02 
   67.402   27.303001  4.916535e+02  2.714304e+02 
   67.402   27.799002  4.919813e+02  2.714088e+02 
   67.402   28.295000  4.922873e+02  2.713880e+02 
   67.402   28.791000  4.925746e+02  2.713676e+02 
   67.402   29.286001  4.928454e+02  2.713472e+02 
   67.402   29.782001  4.931032e+02  2.713265e+02 
   67.402   30.278002  4.933491e+02  2.713055e+02 
   67.402   30.774000  4.935848e+02  2.712842e+02 
   67.402   31.269001  4.938116e+02  2.712627e+02 
   67.402   31.765001  4.940320e+02  2.712410e+02 
   67.402   32.260998  4.942478e+02  2.712192e+02 
   67.402   32.757000  4.944606e+02  2.711976e+02 
   67.402   33.251999  4.946716e+02  2.711765e+02 
   67.402   33.747997  4.948831e+02  2.711560e+02 
   67.402   34.243999  4.950962e+02  2.711365e+02 
   67.402   34.739998  4.953125e+02  2.711181e+02 
   67.402   35.235001  4.955325e+02  2.711008e+02 
   67.402   35.730999  4.957584e+02  2.710845e+02 
   67.402   36.226997  4.959901e+02  2.710694e+02 
   67.402   36.723000  4.962276e+02  2.710552e+02 
   67.402   37.217999  4.964701e+02  2.710420e+02 
   67.402   37.714001  4.967172e+02  2.710297e+02 
   67.402   38.209999  4.969670e+02  2.710182e+02 
   67.402   38.705997  4.972175e+02  2.710077e+02 
   67.402   39.201000  4.974665e+02  2.709980e+02 
   67.402   39.696999  4.977125e+02  2.709893e+02 
   67.402   40.196999  4.979521e+02  2.709827e+02 
   67.402   45.196999  4.998298e+02  2.709594e+02 
   67.402   50.196999  5.005398e+02  2.709606e+02 
   67.402   55.196999  5.007904e+02  2.709658e+02 
   67.402   60.196999  5.015548e+02  2.709702e+02 
   67.402   65.197006  5.027940e+02  2.709734e+02 
