   67.385    0.000000  5.007812e-12  6.709995e+00 
   67.385    0.103000  5.034920e-12  6.808304e+00 
   67.385    0.206000  5.061901e-12  6.908174e+00 
   67.385    0.309000  5.088597e-12  7.008858e+00 
   67.385    0.411000  5.114746e-12  7.108834e+00 
   67.385    0.514000  5.140915e-12  7.209791e+00 
   67.385    0.617000  5.166912e-12  7.310505e+00 
   67.385    0.720000  5.192835e-12  7.410754e+00 
   67.385    0.823000  5.218801e-12  7.510402e+00 
   67.385    0.926000  5.244873e-12  7.609320e+00 
   67.385    1.029000  5.271085e-12  7.707466e+00 
   67.385    1.132000  5.299253e-12  7.807105e+00 
   67.385    1.235000  5.327622e-12  7.905917e+00 
   67.385    1.337000  5.358735e-12  8.006606e+00 
   67.385    1.440000  5.390622e-12  8.107963e+00 
   67.385    1.543000  5.421811e-12  8.207665e+00 
   67.385    1.646000  5.451880e-12  8.305273e+00 
   67.385    1.749000  5.482226e-12  8.402644e+00 
   67.385    1.852000  5.513181e-12  8.500248e+00 
   67.385    1.955000  5.897396e-09  4.453022e+01 
   67.385    2.058000  4.804434e-06  7.833736e+01 
   67.385    2.161000  2.969616e-03  1.133234e+02 
   67.385    2.263000  2.986346e-03  1.132001e+02 
   67.385    2.366000  3.000872e-03  1.131013e+02 
   67.385    2.469000  3.015242e-03  1.130253e+02 
   67.385    2.572000  3.029441e-03  1.129676e+02 
   67.385    2.675000  3.043481e-03  1.129248e+02 
   67.385    2.778000  3.057395e-03  1.128943e+02 
   67.385    2.881000  3.071195e-03  1.128740e+02 
   67.385    2.984000  3.084897e-03  1.128625e+02 
   67.385    3.087000  3.098498e-03  1.128586e+02 
   67.385    3.189000  3.111871e-03  1.128613e+02 
   67.385    3.292000  3.125284e-03  1.128699e+02 
   67.385    3.395000  3.138610e-03  1.128838e+02 
   67.385    3.498000  3.151844e-03  1.129023e+02 
   67.385    3.601000  3.165004e-03  1.129250e+02 
   67.385    3.704000  3.178118e-03  1.129511e+02 
   67.385    3.807000  3.191188e-03  1.129803e+02 
   67.385    3.910000  3.204237e-03  1.130123e+02 
   67.385    4.013000  3.217269e-03  1.130467e+02 
   67.385    4.115000  3.230153e-03  1.130829e+02 
   67.385    4.218000  3.243137e-03  1.131215e+02 
   67.385    4.321000  3.256081e-03  1.131620e+02 
   67.385    4.424000  3.276480e-03  1.132231e+02 
   67.385    4.527000  3.313172e-03  1.133260e+02 
   67.385    4.630000  3.362652e-03  1.134612e+02 
   67.385    4.733000  3.435018e-03  1.136517e+02 
   67.385    4.836000  3.540511e-03  1.139182e+02 
   67.385    4.939000  3.697733e-03  1.142957e+02 
   67.385    5.042000  3.902446e-03  1.147616e+02 
   67.385    5.144000  4.127851e-03  1.152483e+02 
   67.385    5.247000  4.332094e-03  1.156723e+02 
   67.385    5.350000  4.492858e-03  1.159997e+02 
   67.385    5.453000  4.608325e-03  1.162364e+02 
   67.385    5.556000  4.715499e-03  1.164552e+02 
   67.385    5.659000  4.871615e-03  1.167587e+02 
   67.385    5.762000  5.227983e-03  1.173917e+02 
   67.385    5.865000  6.183127e-03  1.188648e+02 
   67.385    5.968000  8.933723e-03  1.220870e+02 
   67.385    6.070000  1.713059e-02  1.278810e+02 
   67.385    6.173000  4.345114e-02  1.365069e+02 
   67.385    6.276000  1.288681e-01  1.472940e+02 
   67.385    6.379000  4.077132e-01  1.598757e+02 
   67.385    6.482000  1.207462e+00  1.732335e+02 
   67.385    6.585000  3.136949e+00  1.866038e+02 
   67.385    6.688000  7.487833e+00  2.005167e+02 
   67.385    6.791000  1.690010e+01  2.154182e+02 
   67.385    6.894000  3.785418e+01  2.323372e+02 
   67.385    6.996000  8.409145e+01  2.513961e+02 
   67.385    7.099000  1.633697e+02  2.689265e+02 
   67.385    7.202000  2.971518e+02  2.852894e+02 
   67.385    7.305000  3.872604e+02  2.922510e+02 
   67.385    7.408000  4.087246e+02  2.935884e+02 
   67.385    7.511000  4.116655e+02  2.937611e+02 
   67.385    7.614000  4.138293e+02  2.939024e+02 
   67.385    7.717000  4.158096e+02  2.940438e+02 
   67.385    7.820000  4.178335e+02  2.941917e+02 
   67.385    7.922000  4.193675e+02  2.943136e+02 
   67.385    8.025000  4.212756e+02  2.944583e+02 
   67.385    8.127999  4.235737e+02  2.946231e+02 
   67.385    8.231000  4.261093e+02  2.947990e+02 
   67.385    8.334000  4.289394e+02  2.949893e+02 
   67.385    8.436999  4.315330e+02  2.951667e+02 
   67.385    8.540000  4.336133e+02  2.953178e+02 
   67.385    8.643000  4.357167e+02  2.954707e+02 
   67.385    8.745999  4.366119e+02  2.955773e+02 
   67.385    8.848000  4.377098e+02  2.957035e+02 
   67.385    8.951000  4.391613e+02  2.958612e+02 
   67.385    9.054000  4.411218e+02  2.960622e+02 
   67.385    9.157000  4.436217e+02  2.963072e+02 
   67.385    9.259999  4.464630e+02  2.965763e+02 
   67.385    9.363000  4.490173e+02  2.967371e+02 
   67.385    9.466000  4.516369e+02  2.968978e+02 
   67.385    9.568999  4.548003e+02  2.970799e+02 
   67.385    9.672000  4.552889e+02  2.971381e+02 
   67.385    9.774000  4.557666e+02  2.971944e+02 
   67.385    9.877000  4.562390e+02  2.972501e+02 
   67.385    9.980000  4.567004e+02  2.973047e+02 
   67.385   10.083000  4.571856e+02  2.973566e+02 
   67.385   10.186000  4.576599e+02  2.974077e+02 
   67.385   10.289000  4.581232e+02  2.974580e+02 
   67.385   10.392000  4.585776e+02  2.975074e+02 
   67.385   10.495000  4.590260e+02  2.975559e+02 
   67.385   10.598000  4.594689e+02  2.976035e+02 
   67.385   10.701000  4.599057e+02  2.976503e+02 
   67.385   10.802999  4.603318e+02  2.976961e+02 
   67.385   10.906000  4.607554e+02  2.977417e+02 
   67.385   11.009000  4.611727e+02  2.977868e+02 
   67.385   11.112000  4.615845e+02  2.978313e+02 
   67.385   11.215000  4.619911e+02  2.978754e+02 
   67.385   11.318000  4.623926e+02  2.979191e+02 
   67.385   11.421000  4.627890e+02  2.979623e+02 
   67.385   11.524000  4.631805e+02  2.980051e+02 
   67.385   11.627000  4.635670e+02  2.980475e+02 
   67.385   11.729000  4.639445e+02  2.980889e+02 
   67.385   11.832000  4.643207e+02  2.981304e+02 
   67.385   11.934999  4.646916e+02  2.981714e+02 
   67.385   12.038000  4.650576e+02  2.982119e+02 
   67.385   12.141000  4.654187e+02  2.982519e+02 
   67.385   12.243999  4.657749e+02  2.982914e+02 
   67.385   12.347000  4.661263e+02  2.983304e+02 
   67.385   12.450000  4.664730e+02  2.983689e+02 
   67.385   12.552999  4.668149e+02  2.984069e+02 
   67.385   12.655000  4.671489e+02  2.984439e+02 
   67.385   12.757999  4.674817e+02  2.984806e+02 
   67.385   12.861000  4.678102e+02  2.985167e+02 
   67.385   12.964000  4.681347e+02  2.985522e+02 
   67.385   13.066999  4.684554e+02  2.985868e+02 
   67.385   13.170000  4.687722e+02  2.986208e+02 
   67.385   13.273000  4.690852e+02  2.986540e+02 
   67.385   13.375999  4.693946e+02  2.986864e+02 
   67.385   13.479000  4.697006e+02  2.987180e+02 
   67.385   13.580999  4.700001e+02  2.987486e+02 
   67.385   13.684000  4.702991e+02  2.987787e+02 
   67.385   13.787000  4.705948e+02  2.988080e+02 
   67.385   13.889999  4.708870e+02  2.988365e+02 
   67.385   13.993000  4.711761e+02  2.988643e+02 
   67.385   14.096000  4.714619e+02  2.988912e+02 
   67.385   14.198999  4.717446e+02  2.989174e+02 
   67.385   14.302000  4.720242e+02  2.989428e+02 
   67.385   14.405000  4.723006e+02  2.989675e+02 
   67.385   14.507000  4.725713e+02  2.989911e+02 
   67.385   14.610000  4.728414e+02  2.990144e+02 
   67.385   14.712999  4.731084e+02  2.990371e+02 
   67.385   14.816000  4.733722e+02  2.990592e+02 
   67.385   14.919000  4.736328e+02  2.990808e+02 
   67.385   15.021999  4.738902e+02  2.991019e+02 
   67.385   15.125000  4.741445e+02  2.991225e+02 
   67.385   15.228000  4.743956e+02  2.991427e+02 
   67.385   15.330999  4.746436e+02  2.991625e+02 
   67.385   15.433000  4.748861e+02  2.991815e+02 
   67.385   15.535999  4.751281e+02  2.992004e+02 
   67.385   15.639000  4.753670e+02  2.992188e+02 
   67.385   15.742000  4.756031e+02  2.992366e+02 
   67.385   15.844999  4.758362e+02  2.992541e+02 
   67.385   15.948000  4.760667e+02  2.992710e+02 
   67.385   16.051001  4.762946e+02  2.992874e+02 
   67.385   16.153999  4.765199e+02  2.993034e+02 
   67.385   16.257000  4.767429e+02  2.993190e+02 
   67.385   16.360001  4.769634e+02  2.993341e+02 
   67.385   16.462000  4.771795e+02  2.993486e+02 
   67.385   16.565001  4.773956e+02  2.993627e+02 
   67.385   16.667999  4.776094e+02  2.993764e+02 
   67.385   16.771000  4.778212e+02  2.993894e+02 
   67.385   16.874001  4.780311e+02  2.994019e+02 
   67.385   16.976999  4.782390e+02  2.994138e+02 
   67.385   17.080000  4.784453e+02  2.994250e+02 
   67.385   17.183001  4.786502e+02  2.994355e+02 
   67.385   17.285999  4.788537e+02  2.994450e+02 
   67.385   17.388000  4.790538e+02  2.994537e+02 
   67.385   17.490999  4.792547e+02  2.994616e+02 
   67.385   17.594000  4.794544e+02  2.994686e+02 
   67.385   17.697001  4.796530e+02  2.994747e+02 
   67.385   17.799999  4.798503e+02  2.994801e+02 
   67.385   17.903000  4.800461e+02  2.994848e+02 
   67.385   18.006001  4.802405e+02  2.994888e+02 
   67.385   18.108999  4.804333e+02  2.994922e+02 
   67.385   18.212000  4.806244e+02  2.994952e+02 
   67.385   18.313999  4.808120e+02  2.994976e+02 
   67.385   18.417000  4.809998e+02  2.994996e+02 
   67.385   18.520000  4.811859e+02  2.995012e+02 
   67.385   18.622999  4.813705e+02  2.995022e+02 
   67.385   18.726000  4.815536e+02  2.995027e+02 
   67.385   18.829000  4.817352e+02  2.995027e+02 
   67.385   18.931999  4.819153e+02  2.995023e+02 
   67.385   19.035000  4.820941e+02  2.995013e+02 
   67.385   19.138000  4.822716e+02  2.994998e+02 
   67.385   19.240000  4.824461e+02  2.994979e+02 
   67.385   19.343000  4.826209e+02  2.994956e+02 
   67.385   19.445999  4.827944e+02  2.994928e+02 
   67.385   19.549000  4.829666e+02  2.994896e+02 
   67.385   19.652000  4.831374e+02  2.994861e+02 
   67.385   19.754999  4.833069e+02  2.994821e+02 
   67.385   19.858000  4.834752e+02  2.994778e+02 
   67.385   19.961000  4.836421e+02  2.994730e+02 
   67.385   20.063999  4.838082e+02  2.994677e+02 
   67.385   20.362999  4.842852e+02  2.994493e+02 
   67.385   20.858999  4.850538e+02  2.994121e+02 
   67.385   21.354000  4.857926e+02  2.993677e+02 
   67.385   21.850000  4.865052e+02  2.993167e+02 
   67.385   22.346001  4.871841e+02  2.992638e+02 
   67.385   22.841999  4.878234e+02  2.992135e+02 
   67.385   23.337000  4.884187e+02  2.991683e+02 
   67.385   23.833000  4.889751e+02  2.991272e+02 
   67.385   24.329000  4.894975e+02  2.990879e+02 
   67.385   24.824999  4.899889e+02  2.990495e+02 
   67.385   25.320000  4.904477e+02  2.990132e+02 
   67.385   25.816000  4.908767e+02  2.989794e+02 
   67.385   26.312000  4.912775e+02  2.989476e+02 
   67.385   26.808001  4.916530e+02  2.989170e+02 
   67.385   27.302999  4.920037e+02  2.988877e+02 
   67.385   27.799000  4.923316e+02  2.988598e+02 
   67.385   28.295000  4.926377e+02  2.988332e+02 
   67.385   28.791000  4.929251e+02  2.988073e+02 
   67.385   29.285999  4.931960e+02  2.987818e+02 
   67.385   29.782000  4.934539e+02  2.987562e+02 
   67.385   30.278000  4.936998e+02  2.987306e+02 
   67.385   30.774000  4.939356e+02  2.987049e+02 
   67.385   31.268999  4.941624e+02  2.986792e+02 
   67.385   31.764999  4.943829e+02  2.986534e+02 
   67.385   32.261002  4.945988e+02  2.986278e+02 
   67.385   32.757000  4.948117e+02  2.986025e+02 
   67.385   33.252003  4.950228e+02  2.985780e+02 
   67.385   33.748001  4.952344e+02  2.985543e+02 
   67.385   34.244003  4.954477e+02  2.985318e+02 
   67.385   34.740002  4.956640e+02  2.985104e+02 
   67.385   35.235001  4.958842e+02  2.984905e+02 
   67.385   35.731003  4.961102e+02  2.984718e+02 
   67.385   36.227001  4.963420e+02  2.984543e+02 
   67.385   36.723003  4.965797e+02  2.984380e+02 
   67.385   37.218002  4.968223e+02  2.984227e+02 
   67.385   37.714001  4.970696e+02  2.984085e+02 
   67.385   38.210003  4.973195e+02  2.983953e+02 
   67.385   38.706001  4.975702e+02  2.983831e+02 
   67.385   39.201000  4.978193e+02  2.983720e+02 
   67.385   39.697002  4.980655e+02  2.983619e+02 
   67.385   40.197002  4.983052e+02  2.983541e+02 
   67.385   45.197002  5.001839e+02  2.983237e+02 
   67.385   50.197002  5.008942e+02  2.983221e+02 
   67.385   55.197002  5.011451e+02  2.983260e+02 
   67.385   60.197002  5.019100e+02  2.983299e+02 
   67.385   65.196999  5.031499e+02  2.983327e+02 
