   67.943    0.000000  5.182765e-17  5.756876e+00 
   67.943    0.103000  5.211057e-17  5.845646e+00 
   67.943    0.206000  5.238975e-17  5.936014e+00 
   67.943    0.309000  5.266729e-17  6.026841e+00 
   67.943    0.412000  5.294418e-17  6.117600e+00 
   67.943    0.515000  5.322126e-17  6.208040e+00 
   67.943    0.618000  5.349894e-17  6.297986e+00 
   67.943    0.721000  6.078418e-17  7.210893e+00 
   67.943    0.823000  7.499466e-17  8.649565e+00 
   67.943    0.926000  9.878078e-17  1.046986e+01 
   67.943    1.029000  1.364578e-16  1.254388e+01 
   67.943    1.132000  1.944643e-16  1.476608e+01 
   67.943    1.235000  2.835505e-16  1.708820e+01 
   67.943    1.338000  4.187477e-16  1.945146e+01 
   67.943    1.441000  6.439070e-16  2.201710e+01 
   67.943    1.544000  1.029865e-15  2.477455e+01 
   67.943    1.647000  1.710311e-15  2.770955e+01 
   67.943    1.749000  2.927985e-15  3.077148e+01 
   67.943    1.852000  3.180977e-15  3.120859e+01 
   67.943    1.955000  4.143213e-15  3.259336e+01 
   67.943    2.058000  5.507907e-15  3.409044e+01 
   67.943    2.161000  3.279481e-12  5.882905e+01 
   67.943    2.264000  6.206104e-09  8.779066e+01 
   67.943    2.367000  2.162997e-05  1.208755e+02 
   67.943    2.470000  7.774357e-02  1.629006e+02 
   67.943    2.573000  8.664045e-02  1.635133e+02 
   67.943    2.676000  9.394798e-02  1.639768e+02 
   67.943    2.778000  1.005192e-01  1.643787e+02 
   67.943    2.881000  4.841102e-01  1.783366e+02 
   67.943    2.984000  3.275527e+00  1.994161e+02 
   67.943    3.087000  2.782426e+01  2.323356e+02 
   67.943    3.190000  2.432053e+02  2.772059e+02 
   67.943    3.293000  2.460751e+02  2.770631e+02 
   67.943    3.396000  2.478774e+02  2.769073e+02 
   67.943    3.499000  2.499001e+02  2.768134e+02 
   67.943    3.602000  2.519882e+02  2.767610e+02 
   67.943    3.704000  2.538022e+02  2.767659e+02 
   67.943    3.807000  2.555612e+02  2.767870e+02 
   67.943    3.910000  2.573000e+02  2.767852e+02 
   67.943    4.013000  2.591876e+02  2.768134e+02 
   67.943    4.116000  2.609591e+02  2.768494e+02 
   67.943    4.219000  2.627590e+02  2.769022e+02 
   67.943    4.322000  2.645578e+02  2.769681e+02 
   67.943    4.425000  2.664568e+02  2.770531e+02 
   67.943    4.528000  2.691056e+02  2.772049e+02 
   67.943    4.630000  2.727864e+02  2.774432e+02 
   67.943    4.733000  2.773358e+02  2.777507e+02 
   67.943    4.836000  2.825895e+02  2.781126e+02 
   67.943    4.939000  2.877557e+02  2.784684e+02 
   67.943    5.042000  2.930225e+02  2.788317e+02 
   67.943    5.145000  2.981568e+02  2.791859e+02 
   67.943    5.248000  3.020729e+02  2.794551e+02 
   67.943    5.351000  3.045403e+02  2.796260e+02 
   67.943    5.454000  3.070866e+02  2.798080e+02 
   67.943    5.556000  3.097373e+02  2.800021e+02 
   67.943    5.659000  3.124618e+02  2.802054e+02 
   67.943    5.762000  3.151887e+02  2.804123e+02 
   67.943    5.865000  3.187639e+02  2.806809e+02 
   67.943    5.968000  3.241804e+02  2.810755e+02 
   67.943    6.071000  3.317482e+02  2.816075e+02 
   67.943    6.174000  3.410691e+02  2.822392e+02 
   67.943    6.277000  3.508727e+02  2.828819e+02 
   67.943    6.380000  3.605786e+02  2.834992e+02 
   67.943    6.482000  3.682008e+02  2.839789e+02 
   67.943    6.585000  3.706317e+02  2.841537e+02 
   67.943    6.688000  3.730064e+02  2.843270e+02 
   67.943    6.791000  3.754474e+02  2.845052e+02 
   67.943    6.894000  3.780833e+02  2.846953e+02 
   67.943    6.997000  3.807076e+02  2.848844e+02 
   67.943    7.100000  3.833872e+02  2.850765e+02 
   67.943    7.203000  3.863710e+02  2.852877e+02 
   67.943    7.306000  3.892029e+02  2.854928e+02 
   67.943    7.408000  3.917348e+02  2.856825e+02 
   67.943    7.511000  3.942924e+02  2.858771e+02 
   67.943    7.614000  3.966772e+02  2.860654e+02 
   67.943    7.717000  3.991465e+02  2.862606e+02 
   67.943    7.820000  4.016266e+02  2.864563e+02 
   67.943    7.923000  4.040142e+02  2.866469e+02 
   67.943    8.026000  4.064163e+02  2.868378e+02 
   67.943    8.129000  4.088963e+02  2.870314e+02 
   67.943    8.232000  4.113567e+02  2.872222e+02 
   67.943    8.335000  4.137488e+02  2.874075e+02 
   67.943    8.437000  4.162477e+02  2.875961e+02 
   67.943    8.540000  4.186096e+02  2.877762e+02 
   67.943    8.643001  4.211175e+02  2.879617e+02 
   67.943    8.746000  4.234517e+02  2.881331e+02 
   67.943    8.849000  4.257879e+02  2.883026e+02 
   67.943    8.952001  4.282344e+02  2.884752e+02 
   67.943    9.055000  4.304901e+02  2.886357e+02 
   67.943    9.158000  4.341299e+02  2.888608e+02 
   67.943    9.261000  4.353513e+02  2.889940e+02 
   67.943    9.363000  4.365656e+02  2.891242e+02 
   67.943    9.466001  4.377838e+02  2.892525e+02 
   67.943    9.569000  4.390143e+02  2.893792e+02 
   67.943    9.672000  4.402336e+02  2.895064e+02 
   67.943    9.775001  4.414716e+02  2.896330e+02 
   67.943    9.878000  4.427209e+02  2.897583e+02 
   67.943    9.981000  4.439488e+02  2.898798e+02 
   67.943   10.084001  4.451101e+02  2.900045e+02 
   67.943   10.187000  4.462182e+02  2.901294e+02 
   67.943   10.289001  4.466792e+02  2.901794e+02 
   67.943   10.392000  4.471354e+02  2.902288e+02 
   67.943   10.495000  4.475836e+02  2.902772e+02 
   67.943   10.598001  4.480239e+02  2.903247e+02 
   67.943   10.701000  4.484574e+02  2.903713e+02 
   67.943   10.804000  4.488853e+02  2.904171e+02 
   67.943   10.907001  4.493080e+02  2.904622e+02 
   67.943   11.010000  4.497254e+02  2.905066e+02 
   67.943   11.113000  4.501375e+02  2.905504e+02 
   67.943   11.215000  4.505402e+02  2.905933e+02 
   67.943   11.318000  4.509413e+02  2.906361e+02 
   67.943   11.421000  4.513371e+02  2.906785e+02 
   67.943   11.524000  4.517275e+02  2.907204e+02 
   67.943   11.627000  4.521124e+02  2.907620e+02 
   67.943   11.730000  4.524918e+02  2.908032e+02 
   67.943   11.833000  4.528656e+02  2.908439e+02 
   67.943   11.936000  4.532339e+02  2.908843e+02 
   67.943   12.039001  4.535970e+02  2.909242e+02 
   67.943   12.141000  4.539514e+02  2.909633e+02 
   67.943   12.244000  4.543042e+02  2.910022e+02 
   67.943   12.347000  4.546522e+02  2.910406e+02 
   67.943   12.450000  4.549954e+02  2.910784e+02 
   67.943   12.553000  4.553340e+02  2.911157e+02 
   67.943   12.656000  4.556681e+02  2.911524e+02 
   67.943   12.759000  4.559979e+02  2.911885e+02 
   67.943   12.862000  4.563240e+02  2.912240e+02 
   67.943   12.965000  4.566463e+02  2.912589e+02 
   67.943   13.067000  4.569618e+02  2.912928e+02 
   67.943   13.170000  4.572766e+02  2.913263e+02 
   67.943   13.273000  4.575877e+02  2.913591e+02 
   67.943   13.376000  4.578954e+02  2.913912e+02 
   67.943   13.479000  4.581997e+02  2.914224e+02 
   67.943   13.582000  4.585006e+02  2.914528e+02 
   67.943   13.685000  4.587983e+02  2.914823e+02 
   67.943   13.788000  4.590928e+02  2.915109e+02 
   67.943   13.891000  4.593842e+02  2.915385e+02 
   67.943   13.994000  4.596725e+02  2.915652e+02 
   67.943   14.096000  4.599549e+02  2.915908e+02 
   67.943   14.199000  4.602369e+02  2.916157e+02 
   67.943   14.302000  4.605157e+02  2.916397e+02 
   67.943   14.405000  4.607912e+02  2.916632e+02 
   67.943   14.508000  4.610635e+02  2.916859e+02 
   67.943   14.611000  4.613324e+02  2.917080e+02 
   67.943   14.714000  4.615979e+02  2.917296e+02 
   67.943   14.817000  4.618602e+02  2.917508e+02 
   67.943   14.920000  4.621192e+02  2.917715e+02 
   67.943   15.022000  4.623725e+02  2.917915e+02 
   67.943   15.125000  4.626251e+02  2.918112e+02 
   67.943   15.228000  4.628746e+02  2.918305e+02 
   67.943   15.331000  4.631209e+02  2.918493e+02 
   67.943   15.434000  4.633643e+02  2.918677e+02 
   67.943   15.537000  4.636046e+02  2.918857e+02 
   67.943   15.640000  4.638420e+02  2.919033e+02 
   67.943   15.743000  4.640764e+02  2.919204e+02 
   67.943   15.846000  4.643081e+02  2.919371e+02 
   67.943   15.948001  4.645349e+02  2.919532e+02 
   67.943   16.050999  4.647614e+02  2.919690e+02 
   67.943   16.153999  4.649855e+02  2.919843e+02 
   67.943   16.257000  4.652072e+02  2.919992e+02 
   67.943   16.359999  4.654266e+02  2.920136e+02 
   67.943   16.462999  4.656437e+02  2.920275e+02 
   67.943   16.566000  4.658587e+02  2.920409e+02 
   67.943   16.668999  4.660716e+02  2.920536e+02 
   67.943   16.771999  4.662826e+02  2.920658e+02 
   67.943   16.873999  4.664898e+02  2.920771e+02 
   67.943   16.976999  4.666973e+02  2.920877e+02 
   67.943   17.080000  4.669033e+02  2.920976e+02 
   67.943   17.182999  4.671081e+02  2.921065e+02 
   67.943   17.285999  4.673116e+02  2.921145e+02 
   67.943   17.389000  4.675139e+02  2.921215e+02 
   67.943   17.491999  4.677150e+02  2.921277e+02 
   67.943   17.594999  4.679147e+02  2.921331e+02 
   67.943   17.698000  4.681132e+02  2.921376e+02 
   67.943   17.799999  4.683083e+02  2.921415e+02 
   67.943   17.903000  4.685037e+02  2.921448e+02 
   67.943   18.005999  4.686974e+02  2.921476e+02 
   67.943   18.108999  4.688896e+02  2.921498e+02 
   67.943   18.212000  4.690801e+02  2.921515e+02 
   67.943   18.314999  4.692691e+02  2.921527e+02 
   67.943   18.417999  4.694564e+02  2.921534e+02 
   67.943   18.521000  4.696422e+02  2.921537e+02 
   67.943   18.623999  4.698264e+02  2.921534e+02 
   67.943   18.726999  4.700092e+02  2.921527e+02 
   67.943   18.828999  4.701887e+02  2.921515e+02 
   67.943   18.931999  4.703685e+02  2.921498e+02 
   67.943   19.035000  4.705468e+02  2.921476e+02 
   67.943   19.137999  4.707238e+02  2.921451e+02 
   67.943   19.240999  4.708995e+02  2.921420e+02 
   67.943   19.344000  4.710739e+02  2.921386e+02 
   67.943   19.446999  4.712469e+02  2.921347e+02 
   67.943   19.549999  4.714188e+02  2.921304e+02 
   67.943   19.653000  4.715893e+02  2.921257e+02 
   67.943   19.754999  4.717569e+02  2.921206e+02 
   67.943   19.858000  4.719250e+02  2.921150e+02 
   67.943   19.960999  4.720918e+02  2.921090e+02 
   67.943   20.063999  4.722577e+02  2.921024e+02 
   67.943   20.362999  4.727339e+02  2.920805e+02 
   67.943   20.858999  4.735007e+02  2.920379e+02 
   67.943   21.355000  4.742393e+02  2.919881e+02 
   67.943   21.851000  4.749485e+02  2.919331e+02 
   67.943   22.345999  4.756199e+02  2.918779e+02 
   67.943   22.841999  4.762508e+02  2.918267e+02 
   67.943   23.337999  4.768386e+02  2.917806e+02 
   67.943   23.834000  4.773886e+02  2.917379e+02 
   67.943   24.328999  4.779061e+02  2.916962e+02 
   67.943   24.824999  4.783942e+02  2.916555e+02 
   67.943   25.320999  4.788499e+02  2.916175e+02 
   67.943   25.816999  4.792751e+02  2.915821e+02 
   67.943   26.311998  4.796718e+02  2.915487e+02 
   67.943   26.807999  4.800439e+02  2.915166e+02 
   67.943   27.303999  4.803914e+02  2.914861e+02 
   67.943   27.799999  4.807160e+02  2.914569e+02 
   67.943   28.295000  4.810193e+02  2.914289e+02 
   67.943   28.790998  4.813053e+02  2.914015e+02 
   67.943   29.286999  4.815754e+02  2.913744e+02 
   67.943   29.782999  4.818318e+02  2.913473e+02 
   67.943   30.278000  4.820753e+02  2.913203e+02 
   67.943   30.773998  4.823087e+02  2.912935e+02 
   67.943   31.269999  4.825331e+02  2.912668e+02 
   67.943   31.765999  4.827500e+02  2.912404e+02 
   67.943   32.261002  4.829613e+02  2.912144e+02 
   67.943   32.757000  4.831697e+02  2.911885e+02 
   67.943   33.253002  4.833766e+02  2.911631e+02 
   67.943   33.749001  4.835833e+02  2.911385e+02 
   67.943   34.243999  4.837909e+02  2.911151e+02 
   67.943   34.740002  4.840016e+02  2.910930e+02 
   67.943   35.236000  4.842165e+02  2.910722e+02 
   67.943   35.732002  4.844365e+02  2.910527e+02 
   67.943   36.227001  4.846617e+02  2.910345e+02 
   67.943   36.723000  4.848930e+02  2.910174e+02 
   67.943   37.219002  4.851296e+02  2.910015e+02 
   67.943   37.715000  4.853706e+02  2.909866e+02 
   67.943   38.211002  4.856147e+02  2.909728e+02 
   67.943   38.706001  4.858597e+02  2.909601e+02 
   67.943   39.202000  4.861046e+02  2.909484e+02 
   67.943   39.698002  4.863468e+02  2.909379e+02 
   67.943   40.198002  4.865830e+02  2.909296e+02 
   67.943   45.198002  4.884466e+02  2.908965e+02 
   67.943   50.198002  4.891554e+02  2.908940e+02 
   67.943   55.198002  4.894025e+02  2.908976e+02 
   67.943   60.198002  4.901359e+02  2.909012e+02 
   67.943   65.197998  4.913668e+02  2.909040e+02 
