   66.768    0.000000  4.644757e-06  9.090305e+00 
   66.768    0.102000  4.669079e-06  9.215938e+00 
   66.768    0.205000  4.693565e-06  9.345167e+00 
   66.768    0.308000  4.718086e-06  9.475216e+00 
   66.768    0.411000  4.742624e-06  9.605498e+00 
   66.768    0.514000  4.767106e-06  9.735767e+00 
   66.768    0.617000  5.437379e-06  1.124795e+01 
   66.768    0.720000  6.754665e-06  1.364692e+01 
   66.768    0.823000  8.935249e-06  1.664573e+01 
   66.768    0.926000  1.232820e-05  2.001715e+01 
   66.768    1.028000  1.748751e-05  2.361853e+01 
   66.768    1.131000  2.536440e-05  2.740377e+01 
   66.768    1.234000  3.786016e-05  3.143563e+01 
   66.768    1.337000  5.896257e-05  3.584921e+01 
   66.768    1.440000  9.559263e-05  4.062678e+01 
   66.768    1.543000  1.610084e-04  4.575793e+01 
   66.768    1.646000  2.812155e-04  5.123955e+01 
   66.768    1.749000  7.970162e-03  7.935335e+01 
   66.768    1.852000  1.766727e-01  1.090881e+02 
   66.768    1.954000  3.673199e+00  1.467359e+02 
   66.768    2.057000  4.399797e+00  1.490689e+02 
   66.768    2.160000  5.144275e+00  1.511933e+02 
   66.768    2.263000  5.952886e+00  1.532629e+02 
   66.768    2.366000  6.732168e+00  1.550698e+02 
   66.768    2.469000  7.494380e+00  1.566913e+02 
   66.768    2.572000  8.233493e+00  1.581487e+02 
   66.768    2.675000  8.968493e+00  1.595063e+02 
   66.768    2.778000  9.837537e+00  1.610211e+02 
   66.768    2.880000  1.069921e+01  1.624254e+02 
   66.768    2.983000  1.179945e+01  1.641113e+02 
   66.768    3.086000  1.332234e+01  1.662668e+02 
   66.768    3.189000  1.551950e+01  1.690629e+02 
   66.768    3.292000  1.846881e+01  1.723520e+02 
   66.768    3.395000  2.273056e+01  1.764196e+02 
   66.768    3.498000  2.910765e+01  1.814602e+02 
   66.768    3.601000  3.923496e+01  1.878252e+02 
   66.768    3.704000  5.569214e+01  1.956764e+02 
   66.768    3.807000  8.246651e+01  2.049373e+02 
   66.768    3.909000  1.236131e+02  2.149242e+02 
   66.768    4.012000  1.770954e+02  2.240497e+02 
   66.768    4.115000  2.351575e+02  2.312926e+02 
   66.768    4.218000  2.879148e+02  2.363929e+02 
   66.768    4.321000  3.265247e+02  2.394814e+02 
   66.768    4.424000  3.516744e+02  2.412461e+02 
   66.768    4.527000  3.670070e+02  2.422286e+02 
   66.768    4.630000  3.753516e+02  2.427265e+02 
   66.768    4.733000  3.767268e+02  2.427765e+02 
   66.768    4.835000  3.780706e+02  2.428376e+02 
   66.768    4.938000  3.794074e+02  2.429089e+02 
   66.768    5.041000  3.807223e+02  2.429885e+02 
   66.768    5.144000  3.820127e+02  2.430754e+02 
   66.768    5.247000  3.832786e+02  2.431685e+02 
   66.768    5.350000  3.846356e+02  2.432820e+02 
   66.768    5.453000  3.860678e+02  2.434129e+02 
   66.768    5.556000  3.876703e+02  2.435725e+02 
   66.768    5.659000  3.896202e+02  2.437825e+02 
   66.768    5.761000  3.922437e+02  2.439929e+02 
   66.768    5.864000  3.949609e+02  2.442122e+02 
   66.768    5.967000  3.978017e+02  2.444419e+02 
   66.768    6.070000  4.007353e+02  2.446791e+02 
   66.768    6.173000  4.037626e+02  2.449233e+02 
   66.768    6.276000  4.048790e+02  2.450422e+02 
   66.768    6.379000  4.059926e+02  2.451618e+02 
   66.768    6.482000  4.071063e+02  2.452818e+02 
   66.768    6.585000  4.082201e+02  2.454020e+02 
   66.768    6.687000  4.093217e+02  2.455210e+02 
   66.768    6.790000  4.104310e+02  2.456411e+02 
   66.768    6.893000  4.115200e+02  2.457614e+02 
   66.768    6.996000  4.125652e+02  2.458822e+02 
   66.768    7.099000  4.135553e+02  2.460033e+02 
   66.768    7.202000  4.144813e+02  2.461245e+02 
   66.768    7.305000  4.153394e+02  2.462451e+02 
   66.768    7.408000  4.161267e+02  2.463650e+02 
   66.768    7.511000  4.168524e+02  2.464838e+02 
   66.768    7.613000  4.175124e+02  2.466003e+02 
   66.768    7.716000  4.181397e+02  2.467165e+02 
   66.768    7.819000  4.187552e+02  2.468312e+02 
   66.768    7.922000  4.193657e+02  2.469445e+02 
   66.768    8.025000  4.199711e+02  2.470564e+02 
   66.768    8.127999  4.205712e+02  2.471669e+02 
   66.768    8.231000  4.211661e+02  2.472760e+02 
   66.768    8.334000  4.217516e+02  2.473834e+02 
   66.768    8.436999  4.223235e+02  2.474891e+02 
   66.768    8.539000  4.228766e+02  2.475919e+02 
   66.768    8.642000  4.234250e+02  2.476938e+02 
   66.768    8.745000  4.239662e+02  2.477937e+02 
   66.768    8.848000  4.634553e+02  2.522993e+02 
   66.768    8.951000  4.640459e+02  2.523897e+02 
   66.768    9.054000  4.646260e+02  2.524783e+02 
   66.768    9.157000  4.651938e+02  2.525650e+02 
   66.768    9.259999  4.657480e+02  2.526497e+02 
   66.768    9.363000  4.662885e+02  2.527326e+02 
   66.768    9.465000  4.668102e+02  2.528127e+02 
   66.768    9.568000  4.673237e+02  2.528920e+02 
   66.768    9.671000  4.678239e+02  2.529696e+02 
   66.768    9.774000  4.683116e+02  2.530456e+02 
   66.768    9.877000  4.687876e+02  2.531199e+02 
   66.768    9.980000  4.692522e+02  2.531926e+02 
   66.768   10.083000  4.697072e+02  2.532637e+02 
   66.768   10.186000  4.701880e+02  2.533324e+02 
   66.768   10.289000  4.706619e+02  2.533997e+02 
   66.768   10.392000  4.711278e+02  2.534655e+02 
   66.768   10.493999  4.715802e+02  2.535293e+02 
   66.768   10.597000  4.720276e+02  2.535923e+02 
   66.768   10.700000  4.724668e+02  2.536542e+02 
   66.768   10.802999  4.728994e+02  2.537151e+02 
   66.768   10.906000  4.733260e+02  2.537751e+02 
   66.768   11.009000  4.737470e+02  2.538341e+02 
   66.768   11.112000  4.741628e+02  2.538923e+02 
   66.768   11.215000  4.745737e+02  2.539498e+02 
   66.768   11.318000  4.749796e+02  2.540065e+02 
   66.768   11.420000  4.753764e+02  2.540620e+02 
   66.768   11.523000  4.757720e+02  2.541174e+02 
   66.768   11.625999  4.761623e+02  2.541720e+02 
   66.768   11.729000  4.765472e+02  2.542260e+02 
   66.768   11.832000  4.769268e+02  2.542794e+02 
   66.768   11.934999  4.773011e+02  2.543321e+02 
   66.768   12.038000  4.776700e+02  2.543842e+02 
   66.768   12.141000  4.780337e+02  2.544356e+02 
   66.768   12.243999  4.783921e+02  2.544864e+02 
   66.768   12.346000  4.787420e+02  2.545359e+02 
   66.768   12.448999  4.790904e+02  2.545853e+02 
   66.768   12.552000  4.794338e+02  2.546340e+02 
   66.768   12.655000  4.797724e+02  2.546818e+02 
   66.768   12.757999  4.801065e+02  2.547289e+02 
   66.768   12.861000  4.804364e+02  2.547751e+02 
   66.768   12.964000  4.807622e+02  2.548206e+02 
   66.768   13.066999  4.810841e+02  2.548651e+02 
   66.768   13.170000  4.814021e+02  2.549087e+02 
   66.768   13.271999  4.817133e+02  2.549511e+02 
   66.768   13.375000  4.820238e+02  2.549930e+02 
   66.768   13.478000  4.823308e+02  2.550341e+02 
   66.768   13.580999  4.826342e+02  2.550742e+02 
   66.768   13.684000  4.829342e+02  2.551135e+02 
   66.768   13.787000  4.832310e+02  2.551519e+02 
   66.768   13.889999  4.835243e+02  2.551894e+02 
   66.768   13.993000  4.838145e+02  2.552259e+02 
   66.768   14.096000  4.841014e+02  2.552616e+02 
   66.768   14.198000  4.843824e+02  2.552959e+02 
   66.768   14.301000  4.846629e+02  2.553297e+02 
   66.768   14.403999  4.849404e+02  2.553626e+02 
   66.768   14.507000  4.852148e+02  2.553946e+02 
   66.768   14.610000  4.854860e+02  2.554258e+02 
   66.768   14.712999  4.857541e+02  2.554561e+02 
   66.768   14.816000  4.860191e+02  2.554858e+02 
   66.768   14.919000  4.862810e+02  2.555147e+02 
   66.768   15.021999  4.865397e+02  2.555429e+02 
   66.768   15.125000  4.867953e+02  2.555705e+02 
   66.768   15.226999  4.870453e+02  2.555973e+02 
   66.768   15.330000  4.872947e+02  2.556238e+02 
   66.768   15.433000  4.875410e+02  2.556496e+02 
   66.768   15.535999  4.877845e+02  2.556749e+02 
   66.768   15.639000  4.880248e+02  2.556997e+02 
   66.768   15.742000  4.882624e+02  2.557239e+02 
   66.768   15.844999  4.884970e+02  2.557475e+02 
   66.768   15.948000  4.887290e+02  2.557706e+02 
   66.768   16.051001  4.889585e+02  2.557932e+02 
   66.768   16.153000  4.891833e+02  2.558149e+02 
   66.768   16.256001  4.894079e+02  2.558363e+02 
   66.768   16.358999  4.896301e+02  2.558571e+02 
   66.768   16.462000  4.898500e+02  2.558773e+02 
   66.768   16.565001  4.900677e+02  2.558968e+02 
   66.768   16.667999  4.902831e+02  2.559158e+02 
   66.768   16.771000  4.904963e+02  2.559342e+02 
   66.768   16.874001  4.907075e+02  2.559520e+02 
   66.768   16.976999  4.909167e+02  2.559691e+02 
   66.768   17.079000  4.911219e+02  2.559855e+02 
   66.768   17.181999  4.913277e+02  2.560013e+02 
   66.768   17.285000  4.915319e+02  2.560163e+02 
   66.768   17.388000  4.917346e+02  2.560305e+02 
   66.768   17.490999  4.919361e+02  2.560438e+02 
   66.768   17.594000  4.921364e+02  2.560563e+02 
   66.768   17.697001  4.923356e+02  2.560679e+02 
   66.768   17.799999  4.925336e+02  2.560786e+02 
   66.768   17.903000  4.927302e+02  2.560887e+02 
   66.768   18.004999  4.929236e+02  2.560978e+02 
   66.768   18.108000  4.931174e+02  2.561064e+02 
   66.768   18.211000  4.933096e+02  2.561145e+02 
   66.768   18.313999  4.935000e+02  2.561220e+02 
   66.768   18.417000  4.936886e+02  2.561292e+02 
   66.768   18.520000  4.938754e+02  2.561358e+02 
   66.768   18.622999  4.940605e+02  2.561419e+02 
   66.768   18.726000  4.942440e+02  2.561476e+02 
   66.768   18.829000  4.944259e+02  2.561528e+02 
   66.768   18.931000  4.946044e+02  2.561574e+02 
   66.768   19.034000  4.947834e+02  2.561615e+02 
   66.768   19.136999  4.949613e+02  2.561650e+02 
   66.768   19.240000  4.951379e+02  2.561680e+02 
   66.768   19.343000  4.953132e+02  2.561703e+02 
   66.768   19.445999  4.954874e+02  2.561722e+02 
   66.768   19.549000  4.956602e+02  2.561736e+02 
   66.768   19.652000  4.958318e+02  2.561746e+02 
   66.768   19.754999  4.960020e+02  2.561750e+02 
   66.768   19.858000  4.961709e+02  2.561751e+02 
   66.768   19.959999  4.963368e+02  2.561748e+02 
   66.768   20.063000  4.965033e+02  2.561740e+02 
   66.768   20.362999  4.969827e+02  2.561685e+02 
   66.768   20.858000  4.977505e+02  2.561528e+02 
   66.768   21.354000  4.984914e+02  2.561291e+02 
   66.768   21.850000  4.992062e+02  2.560972e+02 
   66.768   22.346001  4.998914e+02  2.560605e+02 
   66.768   22.841000  5.005388e+02  2.560237e+02 
   66.768   23.337000  5.011458e+02  2.559899e+02 
   66.768   23.833000  5.017112e+02  2.559599e+02 
   66.768   24.329000  5.022393e+02  2.559322e+02 
   66.768   24.823999  5.027343e+02  2.559053e+02 
   66.768   25.320000  5.031995e+02  2.558789e+02 
   66.768   25.816000  5.036342e+02  2.558540e+02 
   66.768   26.312000  5.040398e+02  2.558309e+02 
   66.768   26.806999  5.044185e+02  2.558089e+02 
   66.768   27.302999  5.047742e+02  2.557872e+02 
   66.768   27.799000  5.051071e+02  2.557659e+02 
   66.768   28.295000  5.054181e+02  2.557454e+02 
   66.768   28.789999  5.057089e+02  2.557254e+02 
   66.768   29.285999  5.059833e+02  2.557058e+02 
   66.768   29.782000  5.062437e+02  2.556860e+02 
   66.768   30.278000  5.064923e+02  2.556659e+02 
   66.768   30.772999  5.067306e+02  2.556455e+02 
   66.768   31.268999  5.069612e+02  2.556247e+02 
   66.768   31.764999  5.071851e+02  2.556037e+02 
   66.768   32.261002  5.074049e+02  2.555827e+02 
   66.768   32.756001  5.076217e+02  2.555619e+02 
   66.768   33.252003  5.078380e+02  2.555414e+02 
   66.768   33.748001  5.080551e+02  2.555217e+02 
   66.768   34.244003  5.082741e+02  2.555028e+02 
   66.768   34.739002  5.084963e+02  2.554850e+02 
   66.768   35.235001  5.087235e+02  2.554682e+02 
   66.768   35.731003  5.089564e+02  2.554524e+02 
   66.768   36.227001  5.091953e+02  2.554378e+02 
   66.768   36.722000  5.094395e+02  2.554241e+02 
   66.768   37.218002  5.096895e+02  2.554114e+02 
   66.768   37.714001  5.099432e+02  2.553995e+02 
   66.768   38.210003  5.101993e+02  2.553885e+02 
   66.768   38.705002  5.104552e+02  2.553783e+02 
   66.768   39.201000  5.107101e+02  2.553691e+02 
   66.768   39.697002  5.109612e+02  2.553608e+02 
   66.768   40.197002  5.112051e+02  2.553546e+02 
   66.768   45.197002  5.131006e+02  2.553336e+02 
   66.768   50.197002  5.138118e+02  2.553358e+02 
   66.768   55.197002  5.140668e+02  2.553414e+02 
   66.768   60.197002  5.148627e+02  2.553460e+02 
   66.768   65.196999  5.161171e+02  2.553492e+02 
