    0.000    0.000000  0.000000e+00  3.497057e+02 
    0.000    0.103000  0.000000e+00  3.492753e+02 
    0.000    0.206000  0.000000e+00  3.482378e+02 
    0.000    0.309000  0.000000e+00  3.466792e+02 
    0.000    0.412000  0.000000e+00  3.451079e+02 
    0.000    0.515000  0.000000e+00  3.436647e+02 
    0.000    0.617000  0.000000e+00  3.418615e+02 
    0.000    0.720000  0.000000e+00  3.396930e+02 
    0.000    0.823000  0.000000e+00  3.373409e+02 
    0.000    0.926000  0.000000e+00  3.348435e+02 
    0.000    1.029000  0.000000e+00  3.323000e+02 
    0.000    1.132000  0.000000e+00  3.297251e+02 
    0.000    1.235000  0.000000e+00  3.269951e+02 
    0.000    1.338000  0.000000e+00  3.242361e+02 
    0.000    1.441000  0.000000e+00  3.214415e+02 
    0.000    1.543000  0.000000e+00  3.186215e+02 
    0.000    1.646000  0.000000e+00  3.158224e+02 
    0.000    1.749000  0.000000e+00  3.143928e+02 
    0.000    1.852000  0.000000e+00  3.122925e+02 
    0.000    1.955000  0.000000e+00  3.099388e+02 
    0.000    2.058000  0.000000e+00  3.073618e+02 
    0.000    2.161000  0.000000e+00  3.046698e+02 
    0.000    2.264000  0.000000e+00  3.019419e+02 
    0.000    2.367000  0.000000e+00  2.937286e+02 
    0.000    2.470000  0.000000e+00  2.903496e+02 
    0.000    2.572000  0.000000e+00  2.874559e+02 
    0.000    2.675000  0.000000e+00  2.846765e+02 
    0.000    2.778000  0.000000e+00  2.820804e+02 
    0.000    2.881000  0.000000e+00  2.798290e+02 
    0.000    2.984000  0.000000e+00  2.783943e+02 
    0.000    3.087000  0.000000e+00  2.768147e+02 
    0.000    3.190000  0.000000e+00  2.751437e+02 
    0.000    3.293000  0.000000e+00  2.733925e+02 
    0.000    3.396000  0.000000e+00  2.715492e+02 
    0.000    3.498000  0.000000e+00  2.696558e+02 
    0.000    3.601000  0.000000e+00  2.677809e+02 
    0.000    3.704000  0.000000e+00  2.659944e+02 
    0.000    3.807000  0.000000e+00  2.643314e+02 
    0.000    3.910000  0.000000e+00  2.627159e+02 
    0.000    4.013000  0.000000e+00  2.611068e+02 
    0.000    4.116000  0.000000e+00  2.595732e+02 
    0.000    4.219000  0.000000e+00  2.580383e+02 
    0.000    4.322000  0.000000e+00  2.565672e+02 
    0.000    4.424000  0.000000e+00  2.551828e+02 
    0.000    4.527000  0.000000e+00  2.538372e+02 
    0.000    4.630000  0.000000e+00  2.524878e+02 
    0.000    4.733000  0.000000e+00  2.510673e+02 
    0.000    4.836000  0.000000e+00  2.495786e+02 
    0.000    4.939000  0.000000e+00  2.480057e+02 
    0.000    5.042000  0.000000e+00  2.462861e+02 
    0.000    5.145000  0.000000e+00  2.443114e+02 
    0.000    5.248000  0.000000e+00  2.420251e+02 
    0.000    5.350000  0.000000e+00  2.395379e+02 
    0.000    5.453000  0.000000e+00  2.369447e+02 
    0.000    5.556000  0.000000e+00  2.347305e+02 
    0.000    5.659000  0.000000e+00  2.329203e+02 
    0.000    5.762000  0.000000e+00  2.314169e+02 
    0.000    5.865000  0.000000e+00  2.301001e+02 
    0.000    5.968000  0.000000e+00  2.289331e+02 
    0.000    6.071000  0.000000e+00  2.278127e+02 
    0.000    6.174000  0.000000e+00  2.267646e+02 
    0.000    6.276000  0.000000e+00  2.258413e+02 
    0.000    6.379000  0.000000e+00  2.249130e+02 
    0.000    6.482000  0.000000e+00  2.239984e+02 
    0.000    6.585000  0.000000e+00  2.231005e+02 
    0.000    6.688000  0.000000e+00  2.222311e+02 
    0.000    6.791000  0.000000e+00  2.213840e+02 
    0.000    6.894000  0.000000e+00  2.205857e+02 
    0.000    6.997000  0.000000e+00  2.198585e+02 
    0.000    7.100000  0.000000e+00  2.191955e+02 
    0.000    7.202000  0.000000e+00  2.186418e+02 
    0.000    7.305000  0.000000e+00  2.181904e+02 
    0.000    7.408000  0.000000e+00  2.178035e+02 
    0.000    7.511000  0.000000e+00  2.175062e+02 
    0.000    7.614000  0.000000e+00  2.172753e+02 
    0.000    7.717000  0.000000e+00  2.170870e+02 
    0.000    7.820000  0.000000e+00  2.169330e+02 
    0.000    7.923000  0.000000e+00  2.168045e+02 
    0.000    8.026000  0.000000e+00  2.166887e+02 
    0.000    8.128000  0.000000e+00  2.165862e+02 
    0.000    8.231000  0.000000e+00  2.164931e+02 
    0.000    8.334000  0.000000e+00  2.163637e+02 
    0.000    8.437000  0.000000e+00  2.162325e+02 
    0.000    8.540000  0.000000e+00  2.160821e+02 
    0.000    8.643000  0.000000e+00  2.159334e+02 
    0.000    8.746000  0.000000e+00  2.157732e+02 
    0.000    8.849000  0.000000e+00  2.156192e+02 
    0.000    8.952000  0.000000e+00  2.154765e+02 
    0.000    9.055000  0.000000e+00  2.153331e+02 
    0.000    9.157000  0.000000e+00  2.151945e+02 
    0.000    9.260000  0.000000e+00  2.149826e+02 
    0.000    9.363000  0.000000e+00  2.147774e+02 
    0.000    9.466000  0.000000e+00  2.145764e+02 
    0.000    9.569000  0.000000e+00  2.143842e+02 
    0.000    9.672000  0.000000e+00  2.141980e+02 
    0.000    9.775000  0.000000e+00  2.140156e+02 
    0.000    9.878000  0.000000e+00  2.138376e+02 
    0.000    9.981000  0.000000e+00  2.137941e+02 
    0.000   10.083000  0.000000e+00  2.137597e+02 
    0.000   10.186000  0.000000e+00  2.137361e+02 
    0.000   10.289000  0.000000e+00  2.137209e+02 
    0.000   10.392000  0.000000e+00  2.137087e+02 
    0.000   10.495000  0.000000e+00  2.136926e+02 
    0.000   10.598000  0.000000e+00  2.136744e+02 
    0.000   10.701000  0.000000e+00  2.136530e+02 
    0.000   10.804000  0.000000e+00  2.136222e+02 
    0.000   10.907000  0.000000e+00  2.135852e+02 
    0.000   11.009000  0.000000e+00  2.135440e+02 
    0.000   11.112000  0.000000e+00  2.134946e+02 
    0.000   11.215000  0.000000e+00  2.134398e+02 
    0.000   11.318000  0.000000e+00  2.133816e+02 
    0.000   11.421000  0.000000e+00  2.133192e+02 
    0.000   11.524000  0.000000e+00  2.132539e+02 
    0.000   11.627000  0.000000e+00  2.131869e+02 
    0.000   11.730000  0.000000e+00  2.131202e+02 
    0.000   11.833000  0.000000e+00  2.130539e+02 
    0.000   11.934999  0.000000e+00  2.129882e+02 
    0.000   12.038000  0.000000e+00  2.129256e+02 
    0.000   12.141000  0.000000e+00  2.128660e+02 
    0.000   12.243999  0.000000e+00  2.128081e+02 
    0.000   12.347000  0.000000e+00  2.127507e+02 
    0.000   12.450000  0.000000e+00  2.126936e+02 
    0.000   12.552999  0.000000e+00  2.126368e+02 
    0.000   12.656000  0.000000e+00  2.125799e+02 
    0.000   12.759000  0.000000e+00  2.125228e+02 
    0.000   12.861000  0.000000e+00  2.124662e+02 
    0.000   12.964000  0.000000e+00  2.124089e+02 
    0.000   13.066999  0.000000e+00  2.123517e+02 
    0.000   13.170000  0.000000e+00  2.122945e+02 
    0.000   13.273000  0.000000e+00  2.122380e+02 
    0.000   13.375999  0.000000e+00  2.121829e+02 
    0.000   13.479000  0.000000e+00  2.121289e+02 
    0.000   13.582000  0.000000e+00  2.120762e+02 
    0.000   13.684999  0.000000e+00  2.120284e+02 
    0.000   13.788000  0.000000e+00  2.119846e+02 
    0.000   13.890000  0.000000e+00  2.119437e+02 
    0.000   13.993000  0.000000e+00  2.119068e+02 
    0.000   14.096000  0.000000e+00  2.118739e+02 
    0.000   14.199000  0.000000e+00  2.118439e+02 
    0.000   14.302000  0.000000e+00  2.118150e+02 
    0.000   14.405000  0.000000e+00  2.117865e+02 
    0.000   14.507999  0.000000e+00  2.117587e+02 
    0.000   14.611000  0.000000e+00  2.117302e+02 
    0.000   14.714000  0.000000e+00  2.116985e+02 
    0.000   14.816000  0.000000e+00  2.116646e+02 
    0.000   14.919000  0.000000e+00  2.116293e+02 
    0.000   15.022000  0.000000e+00  2.115922e+02 
    0.000   15.125000  0.000000e+00  2.115537e+02 
    0.000   15.228000  0.000000e+00  2.115145e+02 
    0.000   15.331000  0.000000e+00  2.114750e+02 
    0.000   15.434000  0.000000e+00  2.114355e+02 
    0.000   15.537000  0.000000e+00  2.113960e+02 
    0.000   15.640000  0.000000e+00  2.113565e+02 
    0.000   15.742000  0.000000e+00  2.113165e+02 
    0.000   15.845000  0.000000e+00  2.112757e+02 
    0.000   15.947999  0.000000e+00  2.112347e+02 
    0.000   16.051001  0.000000e+00  2.111944e+02 
    0.000   16.154001  0.000000e+00  2.111548e+02 
    0.000   16.257000  0.000000e+00  2.111158e+02 
    0.000   16.360001  0.000000e+00  2.110774e+02 
    0.000   16.463001  0.000000e+00  2.110401e+02 
    0.000   16.566000  0.000000e+00  2.110036e+02 
    0.000   16.668001  0.000000e+00  2.109680e+02 
    0.000   16.771000  0.000000e+00  2.109329e+02 
    0.000   16.874001  0.000000e+00  2.108985e+02 
    0.000   16.977001  0.000000e+00  2.108646e+02 
    0.000   17.080000  0.000000e+00  2.108312e+02 
    0.000   17.183001  0.000000e+00  2.107983e+02 
    0.000   17.286001  0.000000e+00  2.107659e+02 
    0.000   17.389000  0.000000e+00  2.107338e+02 
    0.000   17.492001  0.000000e+00  2.107026e+02 
    0.000   17.594002  0.000000e+00  2.106723e+02 
    0.000   17.697001  0.000000e+00  2.106423e+02 
    0.000   17.800001  0.000000e+00  2.106129e+02 
    0.000   17.903002  0.000000e+00  2.105841e+02 
    0.000   18.006001  0.000000e+00  2.105558e+02 
    0.000   18.109001  0.000000e+00  2.105281e+02 
    0.000   18.212000  0.000000e+00  2.105002e+02 
    0.000   18.315001  0.000000e+00  2.104723e+02 
    0.000   18.418001  0.000000e+00  2.104443e+02 
    0.000   18.521000  0.000000e+00  2.104164e+02 
    0.000   18.623001  0.000000e+00  2.103884e+02 
    0.000   18.726002  0.000000e+00  2.103600e+02 
    0.000   18.829000  0.000000e+00  2.103316e+02 
    0.000   18.932001  0.000000e+00  2.103031e+02 
    0.000   19.035002  0.000000e+00  2.102744e+02 
    0.000   19.138000  0.000000e+00  2.102457e+02 
    0.000   19.241001  0.000000e+00  2.102171e+02 
    0.000   19.344002  0.000000e+00  2.101900e+02 
    0.000   19.447001  0.000000e+00  2.101648e+02 
    0.000   19.549002  0.000000e+00  2.101413e+02 
    0.000   19.652000  0.000000e+00  2.101187e+02 
    0.000   19.755001  0.000000e+00  2.100975e+02 
    0.000   19.858002  0.000000e+00  2.100776e+02 
    0.000   19.961000  0.000000e+00  2.100588e+02 
    0.000   20.064001  0.000000e+00  2.100408e+02 
    0.000   20.363001  0.000000e+00  2.099841e+02 
    0.000   20.859001  0.000000e+00  2.098835e+02 
    0.000   21.355001  0.000000e+00  2.097941e+02 
    0.000   21.850000  0.000000e+00  2.097130e+02 
    0.000   22.346001  0.000000e+00  2.096351e+02 
    0.000   22.842001  0.000000e+00  2.095643e+02 
    0.000   23.338001  0.000000e+00  2.094990e+02 
    0.000   23.833000  0.000000e+00  2.094441e+02 
    0.000   24.329000  0.000000e+00  2.094075e+02 
    0.000   24.825001  0.000000e+00  2.093872e+02 
    0.000   25.321001  0.000000e+00  2.093752e+02 
    0.000   25.816000  0.000000e+00  2.093752e+02 
    0.000   26.312000  0.000000e+00  2.093918e+02 
    0.000   26.808001  0.000000e+00  2.094168e+02 
    0.000   27.304001  0.000000e+00  2.094420e+02 
    0.000   27.799002  0.000000e+00  2.094650e+02 
    0.000   28.295000  0.000000e+00  2.094887e+02 
    0.000   28.791000  0.000000e+00  2.095197e+02 
    0.000   29.287001  0.000000e+00  2.095646e+02 
    0.000   29.782001  0.000000e+00  2.096191e+02 
    0.000   30.278002  0.000000e+00  2.096780e+02 
    0.000   30.774000  0.000000e+00  2.097330e+02 
    0.000   31.270000  0.000000e+00  2.097843e+02 
    0.000   31.765001  0.000000e+00  2.098331e+02 
    0.000   32.260998  0.000000e+00  2.098848e+02 
    0.000   32.757000  0.000000e+00  2.099410e+02 
    0.000   33.252998  0.000000e+00  2.100036e+02 
    0.000   33.749001  0.000000e+00  2.100715e+02 
    0.000   34.243999  0.000000e+00  2.101428e+02 
    0.000   34.739998  0.000000e+00  2.102114e+02 
    0.000   35.236000  0.000000e+00  2.102755e+02 
    0.000   35.731998  0.000000e+00  2.103318e+02 
    0.000   36.226997  0.000000e+00  2.103813e+02 
    0.000   36.723000  0.000000e+00  2.104280e+02 
    0.000   37.218998  0.000000e+00  2.104726e+02 
    0.000   37.715000  0.000000e+00  2.105175e+02 
    0.000   38.209999  0.000000e+00  2.105627e+02 
    0.000   38.705997  0.000000e+00  2.106096e+02 
    0.000   39.202000  0.000000e+00  2.106581e+02 
    0.000   39.697998  0.000000e+00  2.107081e+02 
    0.000   40.197998  0.000000e+00  2.107599e+02 
    0.000   45.197998  0.000000e+00  2.112107e+02 
    0.000   50.197998  0.000000e+00  2.114334e+02 
    0.000   55.197998  0.000000e+00  2.114365e+02 
    0.000   60.197998  0.000000e+00  2.113674e+02 
    0.000   65.198006  0.000000e+00  2.113149e+02 
