   67.123    0.000000  1.462232e+02  3.715732e+01 
   67.123    0.102000  1.470464e+02  3.736776e+01 
   67.123    0.205000  1.478730e+02  3.760588e+01 
   67.123    0.308000  1.486939e+02  3.786024e+01 
   67.123    0.411000  1.517417e+02  3.908294e+01 
   67.123    0.514000  1.545772e+02  4.021066e+01 
   67.123    0.617000  1.571234e+02  4.121027e+01 
   67.123    0.720000  1.593651e+02  4.207751e+01 
   67.123    0.823000  1.613170e+02  4.282032e+01 
   67.123    0.926000  1.626135e+02  4.329020e+01 
   67.123    1.028000  1.639037e+02  4.375749e+01 
   67.123    1.131000  1.651851e+02  4.422022e+01 
   67.123    1.234000  1.680200e+02  4.530663e+01 
   67.123    1.337000  1.689088e+02  4.559978e+01 
   67.123    1.440000  1.698011e+02  4.589479e+01 
   67.123    1.543000  1.706899e+02  4.619165e+01 
   67.123    1.646000  1.715746e+02  4.648990e+01 
   67.123    1.749000  1.724572e+02  4.678876e+01 
   67.123    1.852000  1.733402e+02  4.708743e+01 
   67.123    1.954000  1.743384e+02  4.743225e+01 
   67.123    2.057000  1.752200e+02  4.772987e+01 
   67.123    2.160000  1.760972e+02  4.802723e+01 
   67.123    2.263000  1.769676e+02  4.832431e+01 
   67.123    2.366000  1.778288e+02  4.862093e+01 
   67.123    2.469000  1.786809e+02  4.891682e+01 
   67.123    2.572000  1.795244e+02  4.921174e+01 
   67.123    2.675000  1.803592e+02  4.950554e+01 
   67.123    2.778000  1.811865e+02  4.979806e+01 
   67.123    2.880000  1.819975e+02  5.008637e+01 
   67.123    2.983000  1.828073e+02  5.037605e+01 
   67.123    3.086000  1.836080e+02  5.066418e+01 
   67.123    3.189000  1.844009e+02  5.095066e+01 
   67.123    3.292000  1.851868e+02  5.123545e+01 
   67.123    3.395000  1.859669e+02  5.151846e+01 
   67.123    3.498000  1.867416e+02  5.179965e+01 
   67.123    3.601000  1.875132e+02  5.207895e+01 
   67.123    3.704000  1.882841e+02  5.235627e+01 
   67.123    3.807000  1.890553e+02  5.263155e+01 
   67.123    3.909000  1.898221e+02  5.290210e+01 
   67.123    4.012000  1.906009e+02  5.317323e+01 
   67.123    4.115000  1.913835e+02  5.344227e+01 
   67.123    4.218000  1.921689e+02  5.370925e+01 
   67.123    4.321000  1.929551e+02  5.397419e+01 
   67.123    4.424000  1.937379e+02  5.423713e+01 
   67.123    4.527000  1.945138e+02  5.449812e+01 
   67.123    4.630000  1.952807e+02  5.475715e+01 
   67.123    4.733000  1.960370e+02  5.501423e+01 
   67.123    4.835000  1.967742e+02  5.526684e+01 
   67.123    4.938000  1.975065e+02  5.551991e+01 
   67.123    5.041000  1.982270e+02  5.577097e+01 
   67.123    5.144000  1.989340e+02  5.601999e+01 
   67.123    5.247000  1.996273e+02  5.626696e+01 
   67.123    5.350000  2.003064e+02  5.651188e+01 
   67.123    5.453000  2.009708e+02  5.675472e+01 
   67.123    5.556000  2.016216e+02  5.699548e+01 
   67.123    5.659000  2.022582e+02  5.723418e+01 
   67.123    5.761000  2.028751e+02  5.746849e+01 
   67.123    5.864000  2.034853e+02  5.770304e+01 
   67.123    5.967000  2.040824e+02  5.793553e+01 
   67.123    6.070000  2.046676e+02  5.816597e+01 
   67.123    6.173000  2.052426e+02  5.839435e+01 
   67.123    6.276000  2.058085e+02  5.862061e+01 
   67.123    6.379000  2.063673e+02  5.884472e+01 
   67.123    6.482000  2.069195e+02  5.906667e+01 
   67.123    6.585000  2.074665e+02  5.928633e+01 
   67.123    6.687000  2.080054e+02  5.950146e+01 
   67.123    6.790000  2.085466e+02  5.971622e+01 
   67.123    6.893000  2.090819e+02  5.992847e+01 
   67.123    6.996000  2.096072e+02  6.013811e+01 
   67.123    7.099000  2.101188e+02  6.034512e+01 
   67.123    7.202000  2.106104e+02  6.054939e+01 
   67.123    7.305000  2.110767e+02  6.075075e+01 
   67.123    7.408000  2.115152e+02  6.094915e+01 
   67.123    7.511000  2.119227e+02  6.114445e+01 
   67.123    7.613000  2.122907e+02  6.133471e+01 
   67.123    7.716000  2.126340e+02  6.152375e+01 
   67.123    7.819000  2.129639e+02  6.170988e+01 
   67.123    7.922000  2.132818e+02  6.189321e+01 
   67.123    8.025001  2.135925e+02  6.207390e+01 
   67.123    8.128000  2.139021e+02  6.225224e+01 
   67.123    8.231001  2.142103e+02  6.242829e+01 
   67.123    8.334001  4.365383e+02  9.094965e+01 
   67.123    8.437000  4.524485e+02  9.234693e+01 
   67.123    8.539001  4.547051e+02  9.262852e+01 
   67.123    8.642000  4.552983e+02  9.277888e+01 
   67.123    8.745001  4.558739e+02  9.292817e+01 
   67.123    8.848001  4.564317e+02  9.307603e+01 
   67.123    8.951000  4.569795e+02  9.322191e+01 
   67.123    9.054001  4.575211e+02  9.336558e+01 
   67.123    9.157001  4.580559e+02  9.350700e+01 
   67.123    9.260000  4.585832e+02  9.364615e+01 
   67.123    9.363001  4.591025e+02  9.378298e+01 
   67.123    9.465000  4.596088e+02  9.391624e+01 
   67.123    9.568001  4.601123e+02  9.404862e+01 
   67.123    9.671000  4.606083e+02  9.417886e+01 
   67.123    9.774000  4.610947e+02  9.430701e+01 
   67.123    9.877001  4.615690e+02  9.443320e+01 
   67.123    9.980000  4.620306e+02  9.455742e+01 
   67.123   10.083000  4.625144e+02  9.467908e+01 
   67.123   10.186001  4.629886e+02  9.479888e+01 
   67.123   10.289001  4.634540e+02  9.491687e+01 
   67.123   10.392000  4.639118e+02  9.503304e+01 
   67.123   10.494000  4.643595e+02  9.514626e+01 
   67.123   10.597000  4.648061e+02  9.525877e+01 
   67.123   10.700001  4.652461e+02  9.536953e+01 
   67.123   10.803000  4.656784e+02  9.547870e+01 
   67.123   10.906000  4.661028e+02  9.558631e+01 
   67.123   11.009001  4.665205e+02  9.569241e+01 
   67.123   11.112000  4.669334e+02  9.579706e+01 
   67.123   11.215000  4.673417e+02  9.590029e+01 
   67.123   11.318001  4.677455e+02  9.600214e+01 
   67.123   11.420000  4.681405e+02  9.610164e+01 
   67.123   11.523001  4.685346e+02  9.620080e+01 
   67.123   11.626000  4.689235e+02  9.629862e+01 
   67.123   11.729000  4.693071e+02  9.639514e+01 
   67.123   11.832001  4.696852e+02  9.649039e+01 
   67.123   11.935000  4.700579e+02  9.658437e+01 
   67.123   12.038000  4.704255e+02  9.667709e+01 
   67.123   12.141001  4.707882e+02  9.676857e+01 
   67.123   12.244000  4.711458e+02  9.685882e+01 
   67.123   12.346001  4.714951e+02  9.694697e+01 
   67.123   12.449000  4.718430e+02  9.703474e+01 
   67.123   12.552000  4.721860e+02  9.712128e+01 
   67.123   12.655001  4.725242e+02  9.720656e+01 
   67.123   12.758000  4.728577e+02  9.729057e+01 
   67.123   12.861000  4.731870e+02  9.737332e+01 
   67.123   12.964001  4.735122e+02  9.745477e+01 
   67.123   13.067000  4.738336e+02  9.753491e+01 
   67.123   13.170000  4.741510e+02  9.761376e+01 
   67.123   13.272000  4.744616e+02  9.769057e+01 
   67.123   13.375000  4.747717e+02  9.776684e+01 
   67.123   13.478001  4.750782e+02  9.784185e+01 
   67.123   13.581000  4.753810e+02  9.791560e+01 
   67.123   13.684000  4.756805e+02  9.798811e+01 
   67.123   13.787001  4.759765e+02  9.805940e+01 
   67.123   13.890000  4.762692e+02  9.812948e+01 
   67.123   13.993000  4.765585e+02  9.819833e+01 
   67.123   14.096001  4.768448e+02  9.826599e+01 
   67.123   14.198001  4.771250e+02  9.833180e+01 
   67.123   14.301001  4.774049e+02  9.839707e+01 
   67.123   14.404000  4.776816e+02  9.846118e+01 
   67.123   14.507000  4.779552e+02  9.852415e+01 
   67.123   14.610001  4.782256e+02  9.858601e+01 
   67.123   14.713000  4.784930e+02  9.864680e+01 
   67.123   14.816000  4.787571e+02  9.870658e+01 
   67.123   14.919001  4.790182e+02  9.876535e+01 
   67.123   15.022000  4.792760e+02  9.882315e+01 
   67.123   15.124001  4.795283e+02  9.887947e+01 
   67.123   15.227000  4.797799e+02  9.893541e+01 
   67.123   15.330001  4.800284e+02  9.899045e+01 
   67.123   15.433001  4.802739e+02  9.904462e+01 
   67.123   15.536000  4.805164e+02  9.909792e+01 
   67.123   15.639001  4.807560e+02  9.915037e+01 
   67.123   15.742001  4.809926e+02  9.920194e+01 
   67.123   15.845000  4.812263e+02  9.925268e+01 
   67.123   15.948001  4.814574e+02  9.930255e+01 
   67.123   16.050999  4.816859e+02  9.935156e+01 
   67.123   16.153000  4.819097e+02  9.939924e+01 
   67.123   16.255999  4.821333e+02  9.944652e+01 
   67.123   16.358999  4.823544e+02  9.949296e+01 
   67.123   16.462000  4.825733e+02  9.953857e+01 
   67.123   16.564999  4.827899e+02  9.958337e+01 
   67.123   16.667999  4.830042e+02  9.962737e+01 
   67.123   16.771000  4.832166e+02  9.967052e+01 
   67.123   16.873999  4.834269e+02  9.971285e+01 
   67.123   16.976999  4.836353e+02  9.975436e+01 
   67.123   17.078999  4.838399e+02  9.979461e+01 
   67.123   17.181999  4.840451e+02  9.983434e+01 
   67.123   17.285000  4.842488e+02  9.987318e+01 
   67.123   17.387999  4.844511e+02  9.991110e+01 
   67.123   17.490999  4.846521e+02  9.994810e+01 
   67.123   17.594000  4.848520e+02  9.998419e+01 
   67.123   17.696999  4.850507e+02  1.000194e+02 
   67.123   17.799999  4.852481e+02  1.000537e+02 
   67.123   17.903000  4.854441e+02  1.000872e+02 
   67.123   18.004999  4.856368e+02  1.001196e+02 
   67.123   18.108000  4.858299e+02  1.001515e+02 
   67.123   18.210999  4.860213e+02  1.001827e+02 
   67.123   18.313999  4.862110e+02  1.002133e+02 
   67.123   18.417000  4.863990e+02  1.002432e+02 
   67.123   18.519999  4.865852e+02  1.002724e+02 
   67.123   18.622999  4.867698e+02  1.003010e+02 
   67.123   18.726000  4.869530e+02  1.003289e+02 
   67.123   18.828999  4.871347e+02  1.003561e+02 
   67.123   18.931000  4.873131e+02  1.003824e+02 
   67.123   19.034000  4.874919e+02  1.004083e+02 
   67.123   19.136999  4.876696e+02  1.004335e+02 
   67.123   19.240000  4.878460e+02  1.004581e+02 
   67.123   19.343000  4.880210e+02  1.004820e+02 
   67.123   19.445999  4.881948e+02  1.005054e+02 
   67.123   19.549000  4.883672e+02  1.005282e+02 
   67.123   19.652000  4.885382e+02  1.005504e+02 
   67.123   19.754999  4.887079e+02  1.005721e+02 
   67.123   19.857000  4.888747e+02  1.005930e+02 
   67.123   19.959999  4.890417e+02  1.006137e+02 
   67.123   20.063000  4.892079e+02  1.006337e+02 
   67.123   20.362999  4.896865e+02  1.006886e+02 
   67.123   20.858000  4.904535e+02  1.007700e+02 
   67.123   21.354000  4.911939e+02  1.008406e+02 
   67.123   21.850000  4.919078e+02  1.009010e+02 
   67.123   22.345999  4.925900e+02  1.009537e+02 
   67.123   22.841000  4.932326e+02  1.010018e+02 
   67.123   23.337000  4.938342e+02  1.010474e+02 
   67.123   23.833000  4.943946e+02  1.010908e+02 
   67.123   24.328999  4.949194e+02  1.011309e+02 
   67.123   24.823999  4.954119e+02  1.011673e+02 
   67.123   25.320000  4.958740e+02  1.012005e+02 
   67.123   25.816000  4.963054e+02  1.012313e+02 
   67.123   26.312000  4.967080e+02  1.012599e+02 
   67.123   26.806999  4.970843e+02  1.012859e+02 
   67.123   27.302999  4.974376e+02  1.013094e+02 
   67.123   27.799000  4.977677e+02  1.013307e+02 
   67.123   28.295000  4.980755e+02  1.013500e+02 
   67.123   28.789999  4.983632e+02  1.013673e+02 
   67.123   29.285999  4.986353e+02  1.013827e+02 
   67.123   29.782000  4.988937e+02  1.013960e+02 
   67.123   30.278000  4.991405e+02  1.014073e+02 
   67.123   30.772999  4.993769e+02  1.014168e+02 
   67.123   31.268999  4.996054e+02  1.014247e+02 
   67.123   31.764999  4.998271e+02  1.014311e+02 
   67.123   32.260998  5.000443e+02  1.014362e+02 
   67.123   32.756001  5.002584e+02  1.014402e+02 
   67.123   33.251999  5.004718e+02  1.014432e+02 
   67.123   33.748001  5.006859e+02  1.014457e+02 
   67.123   34.243999  5.009016e+02  1.014477e+02 
   67.123   34.738998  5.011202e+02  1.014493e+02 
   67.123   35.235001  5.013437e+02  1.014507e+02 
   67.123   35.730999  5.015725e+02  1.014520e+02 
   67.123   36.227001  5.018073e+02  1.014531e+02 
   67.123   36.722000  5.020475e+02  1.014542e+02 
   67.123   37.217999  5.022934e+02  1.014552e+02 
   67.123   37.714001  5.025433e+02  1.014561e+02 
   67.123   38.209999  5.027958e+02  1.014571e+02 
   67.123   38.704998  5.030483e+02  1.014580e+02 
   67.123   39.201000  5.033001e+02  1.014590e+02 
   67.123   39.696999  5.035483e+02  1.014601e+02 
   67.123   40.196999  5.037897e+02  1.014619e+02 
   67.123   45.196999  5.056756e+02  1.014875e+02 
   67.123   50.196999  5.063862e+02  1.015080e+02 
   67.123   55.196999  5.066387e+02  1.015215e+02 
   67.123   60.196999  5.074169e+02  1.015298e+02 
   67.123   65.197006  5.086628e+02  1.015349e+02 
