    0.000    0.000000  0.000000e+00  3.533438e+02 
    0.000    0.102000  0.000000e+00  3.524035e+02 
    0.000    0.205000  0.000000e+00  3.511302e+02 
    0.000    0.308000  0.000000e+00  3.497018e+02 
    0.000    0.411000  0.000000e+00  3.481975e+02 
    0.000    0.514000  0.000000e+00  3.466451e+02 
    0.000    0.617000  0.000000e+00  3.384320e+02 
    0.000    0.720000  0.000000e+00  3.330229e+02 
    0.000    0.823000  0.000000e+00  3.290566e+02 
    0.000    0.926000  0.000000e+00  3.255569e+02 
    0.000    1.028000  0.000000e+00  3.224326e+02 
    0.000    1.131000  0.000000e+00  3.193262e+02 
    0.000    1.234000  0.000000e+00  3.165061e+02 
    0.000    1.337000  0.000000e+00  3.138996e+02 
    0.000    1.440000  0.000000e+00  3.114974e+02 
    0.000    1.543000  0.000000e+00  3.092475e+02 
    0.000    1.646000  0.000000e+00  3.067719e+02 
    0.000    1.749000  0.000000e+00  3.042383e+02 
    0.000    1.852000  0.000000e+00  3.026709e+02 
    0.000    1.954000  0.000000e+00  2.999713e+02 
    0.000    2.057000  0.000000e+00  2.978607e+02 
    0.000    2.160000  0.000000e+00  2.957891e+02 
    0.000    2.263000  0.000000e+00  2.939023e+02 
    0.000    2.366000  0.000000e+00  2.921982e+02 
    0.000    2.469000  0.000000e+00  2.906666e+02 
    0.000    2.572000  0.000000e+00  2.892767e+02 
    0.000    2.675000  0.000000e+00  2.841390e+02 
    0.000    2.778000  0.000000e+00  2.810497e+02 
    0.000    2.880000  0.000000e+00  2.782542e+02 
    0.000    2.983000  0.000000e+00  2.753323e+02 
    0.000    3.086000  0.000000e+00  2.718095e+02 
    0.000    3.189000  0.000000e+00  2.711823e+02 
    0.000    3.292000  0.000000e+00  2.703638e+02 
    0.000    3.395000  0.000000e+00  2.694575e+02 
    0.000    3.498000  0.000000e+00  2.684965e+02 
    0.000    3.601000  0.000000e+00  2.675006e+02 
    0.000    3.704000  0.000000e+00  2.664706e+02 
    0.000    3.806000  0.000000e+00  2.654276e+02 
    0.000    3.909000  0.000000e+00  2.643315e+02 
    0.000    4.012000  0.000000e+00  2.632055e+02 
    0.000    4.115000  0.000000e+00  2.620143e+02 
    0.000    4.218000  0.000000e+00  2.606740e+02 
    0.000    4.321000  0.000000e+00  2.591086e+02 
    0.000    4.424000  0.000000e+00  2.572480e+02 
    0.000    4.527000  0.000000e+00  2.551233e+02 
    0.000    4.630000  0.000000e+00  2.528333e+02 
    0.000    4.732000  0.000000e+00  2.504482e+02 
    0.000    4.835000  0.000000e+00  2.479133e+02 
    0.000    4.938000  0.000000e+00  2.451894e+02 
    0.000    5.041000  0.000000e+00  2.422687e+02 
    0.000    5.144000  0.000000e+00  2.391857e+02 
    0.000    5.247000  0.000000e+00  2.358599e+02 
    0.000    5.350000  0.000000e+00  2.326236e+02 
    0.000    5.453000  0.000000e+00  2.292369e+02 
    0.000    5.556000  0.000000e+00  2.259387e+02 
    0.000    5.658000  0.000000e+00  2.229663e+02 
    0.000    5.761000  0.000000e+00  2.201466e+02 
    0.000    5.864000  0.000000e+00  2.174905e+02 
    0.000    5.967000  0.000000e+00  2.149907e+02 
    0.000    6.070000  0.000000e+00  2.126320e+02 
    0.000    6.173000  0.000000e+00  2.103721e+02 
    0.000    6.276000  0.000000e+00  2.080587e+02 
    0.000    6.379000  0.000000e+00  2.057552e+02 
    0.000    6.482000  0.000000e+00  2.034738e+02 
    0.000    6.585000  0.000000e+00  2.013843e+02 
    0.000    6.687000  0.000000e+00  1.997620e+02 
    0.000    6.790000  0.000000e+00  1.984435e+02 
    0.000    6.893000  0.000000e+00  1.978315e+02 
    0.000    6.996000  0.000000e+00  1.972281e+02 
    0.000    7.099000  0.000000e+00  1.966351e+02 
    0.000    7.202000  0.000000e+00  1.961564e+02 
    0.000    7.305000  0.000000e+00  1.957994e+02 
    0.000    7.408000  0.000000e+00  1.955139e+02 
    0.000    7.511000  0.000000e+00  1.951831e+02 
    0.000    7.613000  0.000000e+00  1.950142e+02 
    0.000    7.716000  0.000000e+00  1.947913e+02 
    0.000    7.819000  0.000000e+00  1.945895e+02 
    0.000    7.921999  0.000000e+00  1.944855e+02 
    0.000    8.025001  0.000000e+00  1.943983e+02 
    0.000    8.128000  0.000000e+00  1.942336e+02 
    0.000    8.231000  0.000000e+00  1.940803e+02 
    0.000    8.334001  0.000000e+00  1.939468e+02 
    0.000    8.437000  0.000000e+00  1.937592e+02 
    0.000    8.539001  0.000000e+00  1.935674e+02 
    0.000    8.642000  0.000000e+00  1.935418e+02 
    0.000    8.745000  0.000000e+00  1.934980e+02 
    0.000    8.848001  0.000000e+00  1.934446e+02 
    0.000    8.951000  0.000000e+00  1.933854e+02 
    0.000    9.054000  0.000000e+00  1.933220e+02 
    0.000    9.157001  0.000000e+00  1.932564e+02 
    0.000    9.260000  0.000000e+00  1.931977e+02 
    0.000    9.363000  0.000000e+00  1.931438e+02 
    0.000    9.465000  0.000000e+00  1.930943e+02 
    0.000    9.568000  0.000000e+00  1.930558e+02 
    0.000    9.671000  0.000000e+00  1.930256e+02 
    0.000    9.774000  0.000000e+00  1.930046e+02 
    0.000    9.877000  0.000000e+00  1.930025e+02 
    0.000    9.980000  0.000000e+00  1.930138e+02 
    0.000   10.083000  0.000000e+00  1.930291e+02 
    0.000   10.186000  0.000000e+00  1.930384e+02 
    0.000   10.289001  0.000000e+00  1.930440e+02 
    0.000   10.391001  0.000000e+00  1.930461e+02 
    0.000   10.494000  0.000000e+00  1.930404e+02 
    0.000   10.597000  0.000000e+00  1.930294e+02 
    0.000   10.700001  0.000000e+00  1.930158e+02 
    0.000   10.803000  0.000000e+00  1.930002e+02 
    0.000   10.906000  0.000000e+00  1.929834e+02 
    0.000   11.009000  0.000000e+00  1.929633e+02 
    0.000   11.112000  0.000000e+00  1.929337e+02 
    0.000   11.215000  0.000000e+00  1.928973e+02 
    0.000   11.317000  0.000000e+00  1.928571e+02 
    0.000   11.420000  0.000000e+00  1.928123e+02 
    0.000   11.523001  0.000000e+00  1.927644e+02 
    0.000   11.626000  0.000000e+00  1.927146e+02 
    0.000   11.729000  0.000000e+00  1.926653e+02 
    0.000   11.832001  0.000000e+00  1.926163e+02 
    0.000   11.935000  0.000000e+00  1.925672e+02 
    0.000   12.038000  0.000000e+00  1.925181e+02 
    0.000   12.141001  0.000000e+00  1.924686e+02 
    0.000   12.244000  0.000000e+00  1.924190e+02 
    0.000   12.346001  0.000000e+00  1.923689e+02 
    0.000   12.449000  0.000000e+00  1.923175e+02 
    0.000   12.552000  0.000000e+00  1.922659e+02 
    0.000   12.655001  0.000000e+00  1.922148e+02 
    0.000   12.758000  0.000000e+00  1.921647e+02 
    0.000   12.861000  0.000000e+00  1.921151e+02 
    0.000   12.964001  0.000000e+00  1.920670e+02 
    0.000   13.067000  0.000000e+00  1.920211e+02 
    0.000   13.170000  0.000000e+00  1.919768e+02 
    0.000   13.272000  0.000000e+00  1.919342e+02 
    0.000   13.375000  0.000000e+00  1.918929e+02 
    0.000   13.478001  0.000000e+00  1.918528e+02 
    0.000   13.581000  0.000000e+00  1.918139e+02 
    0.000   13.684000  0.000000e+00  1.917761e+02 
    0.000   13.787001  0.000000e+00  1.917392e+02 
    0.000   13.890000  0.000000e+00  1.917032e+02 
    0.000   13.993000  0.000000e+00  1.916688e+02 
    0.000   14.096001  0.000000e+00  1.916362e+02 
    0.000   14.198000  0.000000e+00  1.916050e+02 
    0.000   14.301001  0.000000e+00  1.915752e+02 
    0.000   14.404000  0.000000e+00  1.915473e+02 
    0.000   14.507000  0.000000e+00  1.915210e+02 
    0.000   14.610001  0.000000e+00  1.914953e+02 
    0.000   14.713000  0.000000e+00  1.914689e+02 
    0.000   14.816000  0.000000e+00  1.914422e+02 
    0.000   14.919001  0.000000e+00  1.914155e+02 
    0.000   15.022000  0.000000e+00  1.913882e+02 
    0.000   15.124001  0.000000e+00  1.913609e+02 
    0.000   15.227000  0.000000e+00  1.913332e+02 
    0.000   15.330000  0.000000e+00  1.913066e+02 
    0.000   15.433001  0.000000e+00  1.912818e+02 
    0.000   15.536000  0.000000e+00  1.912583e+02 
    0.000   15.639000  0.000000e+00  1.912350e+02 
    0.000   15.742001  0.000000e+00  1.912095e+02 
    0.000   15.845000  0.000000e+00  1.911820e+02 
    0.000   15.948000  0.000000e+00  1.911537e+02 
    0.000   16.050001  0.000000e+00  1.911220e+02 
    0.000   16.153000  0.000000e+00  1.910862e+02 
    0.000   16.256001  0.000000e+00  1.910479e+02 
    0.000   16.359001  0.000000e+00  1.910082e+02 
    0.000   16.462000  0.000000e+00  1.909682e+02 
    0.000   16.565001  0.000000e+00  1.909277e+02 
    0.000   16.668001  0.000000e+00  1.908869e+02 
    0.000   16.771000  0.000000e+00  1.908480e+02 
    0.000   16.874001  0.000000e+00  1.908110e+02 
    0.000   16.977001  0.000000e+00  1.907750e+02 
    0.000   17.079000  0.000000e+00  1.907413e+02 
    0.000   17.182001  0.000000e+00  1.907100e+02 
    0.000   17.285000  0.000000e+00  1.906809e+02 
    0.000   17.388000  0.000000e+00  1.906533e+02 
    0.000   17.491001  0.000000e+00  1.906275e+02 
    0.000   17.594000  0.000000e+00  1.906031e+02 
    0.000   17.697001  0.000000e+00  1.905799e+02 
    0.000   17.800001  0.000000e+00  1.905574e+02 
    0.000   17.903000  0.000000e+00  1.905350e+02 
    0.000   18.005001  0.000000e+00  1.905131e+02 
    0.000   18.108000  0.000000e+00  1.904913e+02 
    0.000   18.211000  0.000000e+00  1.904693e+02 
    0.000   18.314001  0.000000e+00  1.904470e+02 
    0.000   18.417000  0.000000e+00  1.904245e+02 
    0.000   18.520000  0.000000e+00  1.904022e+02 
    0.000   18.623001  0.000000e+00  1.903803e+02 
    0.000   18.726000  0.000000e+00  1.903586e+02 
    0.000   18.829000  0.000000e+00  1.903374e+02 
    0.000   18.931000  0.000000e+00  1.903162e+02 
    0.000   19.034000  0.000000e+00  1.902944e+02 
    0.000   19.137001  0.000000e+00  1.902723e+02 
    0.000   19.240000  0.000000e+00  1.902501e+02 
    0.000   19.343000  0.000000e+00  1.902275e+02 
    0.000   19.446001  0.000000e+00  1.902045e+02 
    0.000   19.549000  0.000000e+00  1.901811e+02 
    0.000   19.652000  0.000000e+00  1.901577e+02 
    0.000   19.755001  0.000000e+00  1.901346e+02 
    0.000   19.857000  0.000000e+00  1.901122e+02 
    0.000   19.960001  0.000000e+00  1.900899e+02 
    0.000   20.063000  0.000000e+00  1.900678e+02 
    0.000   20.363001  0.000000e+00  1.900092e+02 
    0.000   20.858000  0.000000e+00  1.899260e+02 
    0.000   21.354000  0.000000e+00  1.898524e+02 
    0.000   21.850000  0.000000e+00  1.897889e+02 
    0.000   22.346001  0.000000e+00  1.897224e+02 
    0.000   22.841000  0.000000e+00  1.896524e+02 
    0.000   23.337000  0.000000e+00  1.895899e+02 
    0.000   23.833000  0.000000e+00  1.895441e+02 
    0.000   24.329000  0.000000e+00  1.895167e+02 
    0.000   24.823999  0.000000e+00  1.894997e+02 
    0.000   25.320000  0.000000e+00  1.894954e+02 
    0.000   25.816000  0.000000e+00  1.895046e+02 
    0.000   26.312000  0.000000e+00  1.895209e+02 
    0.000   26.807001  0.000000e+00  1.895435e+02 
    0.000   27.302999  0.000000e+00  1.895687e+02 
    0.000   27.799000  0.000000e+00  1.895948e+02 
    0.000   28.295000  0.000000e+00  1.896245e+02 
    0.000   28.790001  0.000000e+00  1.896610e+02 
    0.000   29.286001  0.000000e+00  1.897065e+02 
    0.000   29.782000  0.000000e+00  1.897590e+02 
    0.000   30.278000  0.000000e+00  1.898164e+02 
    0.000   30.773001  0.000000e+00  1.898741e+02 
    0.000   31.269001  0.000000e+00  1.899314e+02 
    0.000   31.764999  0.000000e+00  1.899882e+02 
    0.000   32.260998  0.000000e+00  1.900456e+02 
    0.000   32.755997  0.000000e+00  1.901042e+02 
    0.000   33.251999  0.000000e+00  1.901656e+02 
    0.000   33.747997  0.000000e+00  1.902301e+02 
    0.000   34.243999  0.000000e+00  1.902974e+02 
    0.000   34.738998  0.000000e+00  1.903632e+02 
    0.000   35.234997  0.000000e+00  1.904264e+02 
    0.000   35.730999  0.000000e+00  1.904856e+02 
    0.000   36.226997  0.000000e+00  1.905411e+02 
    0.000   36.722000  0.000000e+00  1.905925e+02 
    0.000   37.217999  0.000000e+00  1.906404e+02 
    0.000   37.713997  0.000000e+00  1.906857e+02 
    0.000   38.209999  0.000000e+00  1.907286e+02 
    0.000   38.704998  0.000000e+00  1.907718e+02 
    0.000   39.201000  0.000000e+00  1.908159e+02 
    0.000   39.696999  0.000000e+00  1.908628e+02 
    0.000   40.196999  0.000000e+00  1.909141e+02 
    0.000   45.196999  0.000000e+00  1.913667e+02 
    0.000   50.196999  0.000000e+00  1.915912e+02 
    0.000   55.196999  0.000000e+00  1.915899e+02 
    0.000   60.196999  0.000000e+00  1.915214e+02 
    0.000   65.196999  0.000000e+00  1.914693e+02 
