    0.000    0.000000  0.000000e+00  3.510539e+02 
    0.000    0.103000  0.000000e+00  3.502676e+02 
    0.000    0.206000  0.000000e+00  3.488831e+02 
    0.000    0.309000  0.000000e+00  3.474464e+02 
    0.000    0.412000  0.000000e+00  3.458570e+02 
    0.000    0.515000  0.000000e+00  3.443880e+02 
    0.000    0.617000  0.000000e+00  3.429428e+02 
    0.000    0.720000  0.000000e+00  3.414441e+02 
    0.000    0.823000  0.000000e+00  3.399873e+02 
    0.000    0.926000  0.000000e+00  3.384849e+02 
    0.000    1.029000  0.000000e+00  3.369211e+02 
    0.000    1.132000  0.000000e+00  3.354548e+02 
    0.000    1.235000  0.000000e+00  3.338926e+02 
    0.000    1.338000  0.000000e+00  3.323611e+02 
    0.000    1.441000  0.000000e+00  3.307821e+02 
    0.000    1.543000  0.000000e+00  3.291460e+02 
    0.000    1.646000  0.000000e+00  3.277027e+02 
    0.000    1.749000  0.000000e+00  3.263043e+02 
    0.000    1.852000  0.000000e+00  3.204481e+02 
    0.000    1.955000  0.000000e+00  3.125350e+02 
    0.000    2.058000  0.000000e+00  3.022707e+02 
    0.000    2.161000  0.000000e+00  3.013679e+02 
    0.000    2.264000  0.000000e+00  3.003275e+02 
    0.000    2.367000  0.000000e+00  2.992657e+02 
    0.000    2.469000  0.000000e+00  2.981593e+02 
    0.000    2.572000  0.000000e+00  2.969879e+02 
    0.000    2.675000  0.000000e+00  2.957656e+02 
    0.000    2.778000  0.000000e+00  2.944969e+02 
    0.000    2.881000  0.000000e+00  2.932104e+02 
    0.000    2.984000  0.000000e+00  2.919234e+02 
    0.000    3.087000  0.000000e+00  2.906382e+02 
    0.000    3.190000  0.000000e+00  2.893517e+02 
    0.000    3.293000  0.000000e+00  2.880698e+02 
    0.000    3.396000  0.000000e+00  2.867992e+02 
    0.000    3.498000  0.000000e+00  2.855477e+02 
    0.000    3.601000  0.000000e+00  2.843061e+02 
    0.000    3.704000  0.000000e+00  2.830895e+02 
    0.000    3.807000  0.000000e+00  2.818897e+02 
    0.000    3.910000  0.000000e+00  2.806837e+02 
    0.000    4.013000  0.000000e+00  2.794815e+02 
    0.000    4.116000  0.000000e+00  2.782867e+02 
    0.000    4.219000  0.000000e+00  2.771009e+02 
    0.000    4.322000  0.000000e+00  2.759301e+02 
    0.000    4.424000  0.000000e+00  2.747650e+02 
    0.000    4.527000  0.000000e+00  2.735978e+02 
    0.000    4.630000  0.000000e+00  2.724418e+02 
    0.000    4.733000  0.000000e+00  2.712875e+02 
    0.000    4.836000  0.000000e+00  2.701450e+02 
    0.000    4.939000  0.000000e+00  2.690133e+02 
    0.000    5.042000  0.000000e+00  2.678919e+02 
    0.000    5.145000  0.000000e+00  2.667868e+02 
    0.000    5.248000  0.000000e+00  2.656926e+02 
    0.000    5.350000  0.000000e+00  2.646192e+02 
    0.000    5.453000  0.000000e+00  2.635542e+02 
    0.000    5.556000  0.000000e+00  2.625045e+02 
    0.000    5.659000  0.000000e+00  2.614728e+02 
    0.000    5.762000  0.000000e+00  2.604589e+02 
    0.000    5.865000  0.000000e+00  2.594606e+02 
    0.000    5.968000  0.000000e+00  2.584801e+02 
    0.000    6.071000  0.000000e+00  2.575196e+02 
    0.000    6.174000  0.000000e+00  2.565775e+02 
    0.000    6.276000  0.000000e+00  2.556594e+02 
    0.000    6.379000  0.000000e+00  2.547599e+02 
    0.000    6.482000  0.000000e+00  2.538830e+02 
    0.000    6.585000  0.000000e+00  2.530325e+02 
    0.000    6.688000  0.000000e+00  2.522267e+02 
    0.000    6.791000  0.000000e+00  2.514546e+02 
    0.000    6.894000  0.000000e+00  2.507397e+02 
    0.000    6.997000  0.000000e+00  2.500967e+02 
    0.000    7.100000  0.000000e+00  2.495059e+02 
    0.000    7.202000  0.000000e+00  2.490364e+02 
    0.000    7.305000  0.000000e+00  2.486685e+02 
    0.000    7.408000  0.000000e+00  2.483691e+02 
    0.000    7.511000  0.000000e+00  2.481815e+02 
    0.000    7.614000  0.000000e+00  2.480686e+02 
    0.000    7.717000  0.000000e+00  2.479904e+02 
    0.000    7.820000  0.000000e+00  2.479232e+02 
    0.000    7.923000  0.000000e+00  2.478662e+02 
    0.000    8.026000  0.000000e+00  2.477925e+02 
    0.000    8.128000  0.000000e+00  2.476810e+02 
    0.000    8.231001  0.000000e+00  2.475464e+02 
    0.000    8.334001  0.000000e+00  2.473942e+02 
    0.000    8.437000  0.000000e+00  2.472280e+02 
    0.000    8.540000  0.000000e+00  2.470541e+02 
    0.000    8.643001  0.000000e+00  2.468802e+02 
    0.000    8.746000  0.000000e+00  2.467071e+02 
    0.000    8.849000  0.000000e+00  2.465338e+02 
    0.000    8.952001  0.000000e+00  2.463704e+02 
    0.000    9.054001  0.000000e+00  2.462153e+02 
    0.000    9.157001  0.000000e+00  2.460655e+02 
    0.000    9.260000  0.000000e+00  2.459418e+02 
    0.000    9.363001  0.000000e+00  2.458372e+02 
    0.000    9.466001  0.000000e+00  2.457443e+02 
    0.000    9.569000  0.000000e+00  2.456642e+02 
    0.000    9.672001  0.000000e+00  2.455939e+02 
    0.000    9.775001  0.000000e+00  2.455305e+02 
    0.000    9.878000  0.000000e+00  2.454720e+02 
    0.000    9.981001  0.000000e+00  2.454178e+02 
    0.000   10.083000  0.000000e+00  2.453646e+02 
    0.000   10.186001  0.000000e+00  2.453047e+02 
    0.000   10.289001  0.000000e+00  2.452415e+02 
    0.000   10.392000  0.000000e+00  2.451820e+02 
    0.000   10.495001  0.000000e+00  2.451336e+02 
    0.000   10.598001  0.000000e+00  2.450937e+02 
    0.000   10.701000  0.000000e+00  2.450536e+02 
    0.000   10.804001  0.000000e+00  2.450016e+02 
    0.000   10.907001  0.000000e+00  2.449421e+02 
    0.000   11.009001  0.000000e+00  2.448779e+02 
    0.000   11.112000  0.000000e+00  2.448033e+02 
    0.000   11.215000  0.000000e+00  2.447219e+02 
    0.000   11.318001  0.000000e+00  2.446366e+02 
    0.000   11.421000  0.000000e+00  2.445458e+02 
    0.000   11.524000  0.000000e+00  2.444511e+02 
    0.000   11.627001  0.000000e+00  2.443544e+02 
    0.000   11.730000  0.000000e+00  2.442557e+02 
    0.000   11.833000  0.000000e+00  2.441557e+02 
    0.000   11.935000  0.000000e+00  2.440561e+02 
    0.000   12.038000  0.000000e+00  2.439592e+02 
    0.000   12.141001  0.000000e+00  2.438654e+02 
    0.000   12.244000  0.000000e+00  2.437733e+02 
    0.000   12.347000  0.000000e+00  2.436870e+02 
    0.000   12.450001  0.000000e+00  2.436057e+02 
    0.000   12.553000  0.000000e+00  2.435278e+02 
    0.000   12.656000  0.000000e+00  2.434534e+02 
    0.000   12.759001  0.000000e+00  2.433820e+02 
    0.000   12.861000  0.000000e+00  2.433138e+02 
    0.000   12.964001  0.000000e+00  2.432467e+02 
    0.000   13.067000  0.000000e+00  2.431813e+02 
    0.000   13.170000  0.000000e+00  2.431174e+02 
    0.000   13.273001  0.000000e+00  2.430543e+02 
    0.000   13.376000  0.000000e+00  2.429911e+02 
    0.000   13.479000  0.000000e+00  2.429281e+02 
    0.000   13.582001  0.000000e+00  2.428655e+02 
    0.000   13.685000  0.000000e+00  2.428032e+02 
    0.000   13.787001  0.000000e+00  2.427419e+02 
    0.000   13.890000  0.000000e+00  2.426805e+02 
    0.000   13.993000  0.000000e+00  2.426215e+02 
    0.000   14.096001  0.000000e+00  2.425647e+02 
    0.000   14.199000  0.000000e+00  2.425095e+02 
    0.000   14.302000  0.000000e+00  2.424564e+02 
    0.000   14.405001  0.000000e+00  2.424059e+02 
    0.000   14.508000  0.000000e+00  2.423573e+02 
    0.000   14.611000  0.000000e+00  2.423097e+02 
    0.000   14.713000  0.000000e+00  2.422623e+02 
    0.000   14.816000  0.000000e+00  2.422144e+02 
    0.000   14.919001  0.000000e+00  2.421670e+02 
    0.000   15.022000  0.000000e+00  2.421201e+02 
    0.000   15.125000  0.000000e+00  2.420739e+02 
    0.000   15.228001  0.000000e+00  2.420282e+02 
    0.000   15.331000  0.000000e+00  2.419822e+02 
    0.000   15.434000  0.000000e+00  2.419351e+02 
    0.000   15.537001  0.000000e+00  2.418876e+02 
    0.000   15.640000  0.000000e+00  2.418400e+02 
    0.000   15.742001  0.000000e+00  2.417932e+02 
    0.000   15.845000  0.000000e+00  2.417464e+02 
    0.000   15.948001  0.000000e+00  2.417000e+02 
    0.000   16.050999  0.000000e+00  2.416566e+02 
    0.000   16.153999  0.000000e+00  2.416164e+02 
    0.000   16.257000  0.000000e+00  2.415783e+02 
    0.000   16.359999  0.000000e+00  2.415406e+02 
    0.000   16.462999  0.000000e+00  2.415012e+02 
    0.000   16.566000  0.000000e+00  2.414606e+02 
    0.000   16.667999  0.000000e+00  2.414200e+02 
    0.000   16.771000  0.000000e+00  2.413777e+02 
    0.000   16.873999  0.000000e+00  2.413343e+02 
    0.000   16.976999  0.000000e+00  2.412903e+02 
    0.000   17.080000  0.000000e+00  2.412462e+02 
    0.000   17.182999  0.000000e+00  2.412020e+02 
    0.000   17.285999  0.000000e+00  2.411579e+02 
    0.000   17.389000  0.000000e+00  2.411138e+02 
    0.000   17.491999  0.000000e+00  2.410699e+02 
    0.000   17.594000  0.000000e+00  2.410266e+02 
    0.000   17.696999  0.000000e+00  2.409830e+02 
    0.000   17.799999  0.000000e+00  2.409398e+02 
    0.000   17.903000  0.000000e+00  2.408975e+02 
    0.000   18.005999  0.000000e+00  2.408559e+02 
    0.000   18.108999  0.000000e+00  2.408147e+02 
    0.000   18.212000  0.000000e+00  2.407755e+02 
    0.000   18.314999  0.000000e+00  2.407381e+02 
    0.000   18.417999  0.000000e+00  2.407022e+02 
    0.000   18.519999  0.000000e+00  2.406677e+02 
    0.000   18.622999  0.000000e+00  2.406344e+02 
    0.000   18.726000  0.000000e+00  2.406021e+02 
    0.000   18.828999  0.000000e+00  2.405709e+02 
    0.000   18.931999  0.000000e+00  2.405406e+02 
    0.000   19.035000  0.000000e+00  2.405110e+02 
    0.000   19.137999  0.000000e+00  2.404821e+02 
    0.000   19.240999  0.000000e+00  2.404539e+02 
    0.000   19.344000  0.000000e+00  2.404257e+02 
    0.000   19.445999  0.000000e+00  2.403976e+02 
    0.000   19.549000  0.000000e+00  2.403692e+02 
    0.000   19.652000  0.000000e+00  2.403410e+02 
    0.000   19.754999  0.000000e+00  2.403117e+02 
    0.000   19.858000  0.000000e+00  2.402812e+02 
    0.000   19.960999  0.000000e+00  2.402500e+02 
    0.000   20.063999  0.000000e+00  2.402183e+02 
    0.000   20.362999  0.000000e+00  2.401255e+02 
    0.000   20.858999  0.000000e+00  2.399838e+02 
    0.000   21.355000  0.000000e+00  2.398683e+02 
    0.000   21.850000  0.000000e+00  2.397717e+02 
    0.000   22.345999  0.000000e+00  2.396816e+02 
    0.000   22.841999  0.000000e+00  2.395916e+02 
    0.000   23.337999  0.000000e+00  2.395017e+02 
    0.000   23.833000  0.000000e+00  2.394247e+02 
    0.000   24.328999  0.000000e+00  2.393748e+02 
    0.000   24.824999  0.000000e+00  2.393515e+02 
    0.000   25.320999  0.000000e+00  2.393462e+02 
    0.000   25.816000  0.000000e+00  2.393387e+02 
    0.000   26.312000  0.000000e+00  2.393297e+02 
    0.000   26.807999  0.000000e+00  2.393320e+02 
    0.000   27.303999  0.000000e+00  2.393449e+02 
    0.000   27.799000  0.000000e+00  2.393659e+02 
    0.000   28.295000  0.000000e+00  2.393961e+02 
    0.000   28.791000  0.000000e+00  2.394332e+02 
    0.000   29.286999  0.000000e+00  2.394726e+02 
    0.000   29.782000  0.000000e+00  2.395163e+02 
    0.000   30.278000  0.000000e+00  2.395676e+02 
    0.000   30.774000  0.000000e+00  2.396242e+02 
    0.000   31.269999  0.000000e+00  2.396821e+02 
    0.000   31.764999  0.000000e+00  2.397389e+02 
    0.000   32.260998  0.000000e+00  2.397954e+02 
    0.000   32.757000  0.000000e+00  2.398517e+02 
    0.000   33.252998  0.000000e+00  2.399069e+02 
    0.000   33.748001  0.000000e+00  2.399623e+02 
    0.000   34.243999  0.000000e+00  2.400187e+02 
    0.000   34.739998  0.000000e+00  2.400785e+02 
    0.000   35.236000  0.000000e+00  2.401413e+02 
    0.000   35.730999  0.000000e+00  2.402026e+02 
    0.000   36.227001  0.000000e+00  2.402620e+02 
    0.000   36.723000  0.000000e+00  2.403150e+02 
    0.000   37.218998  0.000000e+00  2.403624e+02 
    0.000   37.714001  0.000000e+00  2.404064e+02 
    0.000   38.209999  0.000000e+00  2.404479e+02 
    0.000   38.706001  0.000000e+00  2.404900e+02 
    0.000   39.202000  0.000000e+00  2.405334e+02 
    0.000   39.696999  0.000000e+00  2.405793e+02 
    0.000   40.196999  0.000000e+00  2.406291e+02 
    0.000   45.196999  0.000000e+00  2.410766e+02 
    0.000   50.196999  0.000000e+00  2.413008e+02 
    0.000   55.196999  0.000000e+00  2.412944e+02 
    0.000   60.196999  0.000000e+00  2.412276e+02 
    0.000   65.197006  0.000000e+00  2.411750e+02 
