    0.000    0.000000  0.000000e+00  3.520378e+02 
    0.000    0.102000  0.000000e+00  3.510853e+02 
    0.000    0.205000  0.000000e+00  3.498741e+02 
    0.000    0.308000  0.000000e+00  3.485454e+02 
    0.000    0.411000  0.000000e+00  3.471672e+02 
    0.000    0.514000  0.000000e+00  3.456531e+02 
    0.000    0.617000  0.000000e+00  3.440513e+02 
    0.000    0.720000  0.000000e+00  3.424179e+02 
    0.000    0.823000  0.000000e+00  3.407729e+02 
    0.000    0.926000  0.000000e+00  3.391459e+02 
    0.000    1.028000  0.000000e+00  3.368690e+02 
    0.000    1.131000  0.000000e+00  3.353304e+02 
    0.000    1.234000  0.000000e+00  3.334430e+02 
    0.000    1.337000  0.000000e+00  3.319231e+02 
    0.000    1.440000  0.000000e+00  3.303040e+02 
    0.000    1.543000  0.000000e+00  3.285477e+02 
    0.000    1.646000  0.000000e+00  3.266859e+02 
    0.000    1.749000  0.000000e+00  3.251809e+02 
    0.000    1.852000  0.000000e+00  3.150218e+02 
    0.000    1.954000  0.000000e+00  3.081729e+02 
    0.000    2.057000  0.000000e+00  3.024897e+02 
    0.000    2.160000  0.000000e+00  2.962786e+02 
    0.000    2.263000  0.000000e+00  2.954308e+02 
    0.000    2.366000  0.000000e+00  2.944271e+02 
    0.000    2.469000  0.000000e+00  2.933667e+02 
    0.000    2.572000  0.000000e+00  2.922859e+02 
    0.000    2.675000  0.000000e+00  2.911549e+02 
    0.000    2.778000  0.000000e+00  2.899630e+02 
    0.000    2.881000  0.000000e+00  2.887589e+02 
    0.000    2.983000  0.000000e+00  2.875812e+02 
    0.000    3.086000  0.000000e+00  2.863972e+02 
    0.000    3.189000  0.000000e+00  2.851780e+02 
    0.000    3.292000  0.000000e+00  2.839468e+02 
    0.000    3.395000  0.000000e+00  2.827098e+02 
    0.000    3.498000  0.000000e+00  2.814738e+02 
    0.000    3.601000  0.000000e+00  2.802431e+02 
    0.000    3.704000  0.000000e+00  2.790211e+02 
    0.000    3.807000  0.000000e+00  2.778070e+02 
    0.000    3.909000  0.000000e+00  2.765949e+02 
    0.000    4.012000  0.000000e+00  2.753750e+02 
    0.000    4.115000  0.000000e+00  2.741562e+02 
    0.000    4.218000  0.000000e+00  2.729358e+02 
    0.000    4.321000  0.000000e+00  2.717228e+02 
    0.000    4.424000  0.000000e+00  2.705254e+02 
    0.000    4.527000  0.000000e+00  2.693474e+02 
    0.000    4.630000  0.000000e+00  2.681831e+02 
    0.000    4.733000  0.000000e+00  2.670184e+02 
    0.000    4.835000  0.000000e+00  2.658730e+02 
    0.000    4.938000  0.000000e+00  2.647249e+02 
    0.000    5.041000  0.000000e+00  2.635831e+02 
    0.000    5.144000  0.000000e+00  2.624554e+02 
    0.000    5.247000  0.000000e+00  2.613400e+02 
    0.000    5.350000  0.000000e+00  2.602390e+02 
    0.000    5.453000  0.000000e+00  2.591549e+02 
    0.000    5.556000  0.000000e+00  2.580763e+02 
    0.000    5.659000  0.000000e+00  2.570102e+02 
    0.000    5.761000  0.000000e+00  2.559717e+02 
    0.000    5.864000  0.000000e+00  2.548971e+02 
    0.000    5.967000  0.000000e+00  2.538460e+02 
    0.000    6.070000  0.000000e+00  2.528757e+02 
    0.000    6.173000  0.000000e+00  2.518774e+02 
    0.000    6.276000  0.000000e+00  2.508813e+02 
    0.000    6.379000  0.000000e+00  2.499849e+02 
    0.000    6.482000  0.000000e+00  2.491080e+02 
    0.000    6.585000  0.000000e+00  2.482528e+02 
    0.000    6.687000  0.000000e+00  2.472755e+02 
    0.000    6.790000  0.000000e+00  2.462454e+02 
    0.000    6.893000  0.000000e+00  2.455017e+02 
    0.000    6.996000  0.000000e+00  2.448479e+02 
    0.000    7.099000  0.000000e+00  2.441909e+02 
    0.000    7.202000  0.000000e+00  2.436465e+02 
    0.000    7.305000  0.000000e+00  2.432031e+02 
    0.000    7.408000  0.000000e+00  2.428919e+02 
    0.000    7.511000  0.000000e+00  2.427004e+02 
    0.000    7.613000  0.000000e+00  2.422990e+02 
    0.000    7.716000  0.000000e+00  2.414768e+02 
    0.000    7.819000  0.000000e+00  2.412588e+02 
    0.000    7.922000  0.000000e+00  2.409471e+02 
    0.000    8.025000  0.000000e+00  2.406881e+02 
    0.000    8.128000  0.000000e+00  2.405407e+02 
    0.000    8.231000  0.000000e+00  2.403413e+02 
    0.000    8.334000  0.000000e+00  2.397662e+02 
    0.000    8.437000  0.000000e+00  2.394295e+02 
    0.000    8.540000  0.000000e+00  2.392106e+02 
    0.000    8.642000  0.000000e+00  2.389480e+02 
    0.000    8.745000  0.000000e+00  2.385661e+02 
    0.000    8.848000  0.000000e+00  2.339644e+02 
    0.000    8.951000  0.000000e+00  2.338411e+02 
    0.000    9.054000  0.000000e+00  2.337188e+02 
    0.000    9.157000  0.000000e+00  2.335990e+02 
    0.000    9.260000  0.000000e+00  2.334982e+02 
    0.000    9.363000  0.000000e+00  2.334112e+02 
    0.000    9.466000  0.000000e+00  2.333325e+02 
    0.000    9.568000  0.000000e+00  2.332639e+02 
    0.000    9.671000  0.000000e+00  2.332018e+02 
    0.000    9.774000  0.000000e+00  2.331467e+02 
    0.000    9.877000  0.000000e+00  2.331008e+02 
    0.000    9.980000  0.000000e+00  2.330620e+02 
    0.000   10.083000  0.000000e+00  2.330244e+02 
    0.000   10.186000  0.000000e+00  2.329807e+02 
    0.000   10.289000  0.000000e+00  2.329337e+02 
    0.000   10.392000  0.000000e+00  2.328880e+02 
    0.000   10.493999  0.000000e+00  2.328483e+02 
    0.000   10.597000  0.000000e+00  2.328128e+02 
    0.000   10.700000  0.000000e+00  2.327769e+02 
    0.000   10.802999  0.000000e+00  2.327334e+02 
    0.000   10.906000  0.000000e+00  2.326850e+02 
    0.000   11.009000  0.000000e+00  2.326320e+02 
    0.000   11.112000  0.000000e+00  2.325690e+02 
    0.000   11.215000  0.000000e+00  2.324990e+02 
    0.000   11.318000  0.000000e+00  2.324252e+02 
    0.000   11.420000  0.000000e+00  2.323489e+02 
    0.000   11.523000  0.000000e+00  2.322697e+02 
    0.000   11.625999  0.000000e+00  2.321892e+02 
    0.000   11.729000  0.000000e+00  2.321074e+02 
    0.000   11.832000  0.000000e+00  2.320245e+02 
    0.000   11.934999  0.000000e+00  2.319411e+02 
    0.000   12.038000  0.000000e+00  2.318561e+02 
    0.000   12.141000  0.000000e+00  2.317698e+02 
    0.000   12.243999  0.000000e+00  2.316830e+02 
    0.000   12.346000  0.000000e+00  2.316009e+02 
    0.000   12.449000  0.000000e+00  2.315218e+02 
    0.000   12.552000  0.000000e+00  2.314451e+02 
    0.000   12.655000  0.000000e+00  2.313724e+02 
    0.000   12.757999  0.000000e+00  2.313036e+02 
    0.000   12.861000  0.000000e+00  2.312377e+02 
    0.000   12.964000  0.000000e+00  2.311747e+02 
    0.000   13.066999  0.000000e+00  2.311150e+02 
    0.000   13.170000  0.000000e+00  2.310578e+02 
    0.000   13.272000  0.000000e+00  2.310027e+02 
    0.000   13.375000  0.000000e+00  2.309481e+02 
    0.000   13.478000  0.000000e+00  2.308942e+02 
    0.000   13.581000  0.000000e+00  2.308412e+02 
    0.000   13.684000  0.000000e+00  2.307883e+02 
    0.000   13.787000  0.000000e+00  2.307355e+02 
    0.000   13.890000  0.000000e+00  2.306833e+02 
    0.000   13.993000  0.000000e+00  2.306328e+02 
    0.000   14.096000  0.000000e+00  2.305838e+02 
    0.000   14.199000  0.000000e+00  2.305360e+02 
    0.000   14.301000  0.000000e+00  2.304903e+02 
    0.000   14.404000  0.000000e+00  2.304461e+02 
    0.000   14.507000  0.000000e+00  2.304034e+02 
    0.000   14.610000  0.000000e+00  2.303614e+02 
    0.000   14.713000  0.000000e+00  2.303188e+02 
    0.000   14.816000  0.000000e+00  2.302759e+02 
    0.000   14.919000  0.000000e+00  2.302332e+02 
    0.000   15.022000  0.000000e+00  2.301898e+02 
    0.000   15.125000  0.000000e+00  2.301458e+02 
    0.000   15.227000  0.000000e+00  2.301022e+02 
    0.000   15.330000  0.000000e+00  2.300574e+02 
    0.000   15.433000  0.000000e+00  2.300115e+02 
    0.000   15.536000  0.000000e+00  2.299650e+02 
    0.000   15.639000  0.000000e+00  2.299189e+02 
    0.000   15.742000  0.000000e+00  2.298759e+02 
    0.000   15.845000  0.000000e+00  2.298353e+02 
    0.000   15.947999  0.000000e+00  2.297963e+02 
    0.000   16.051001  0.000000e+00  2.297588e+02 
    0.000   16.153002  0.000000e+00  2.297229e+02 
    0.000   16.256001  0.000000e+00  2.296877e+02 
    0.000   16.359001  0.000000e+00  2.296519e+02 
    0.000   16.462000  0.000000e+00  2.296131e+02 
    0.000   16.565001  0.000000e+00  2.295723e+02 
    0.000   16.668001  0.000000e+00  2.295303e+02 
    0.000   16.771000  0.000000e+00  2.294880e+02 
    0.000   16.874001  0.000000e+00  2.294456e+02 
    0.000   16.977001  0.000000e+00  2.294031e+02 
    0.000   17.079000  0.000000e+00  2.293611e+02 
    0.000   17.182001  0.000000e+00  2.293192e+02 
    0.000   17.285002  0.000000e+00  2.292776e+02 
    0.000   17.388000  0.000000e+00  2.292363e+02 
    0.000   17.491001  0.000000e+00  2.291957e+02 
    0.000   17.594002  0.000000e+00  2.291556e+02 
    0.000   17.697001  0.000000e+00  2.291160e+02 
    0.000   17.800001  0.000000e+00  2.290772e+02 
    0.000   17.903002  0.000000e+00  2.290401e+02 
    0.000   18.005001  0.000000e+00  2.290045e+02 
    0.000   18.108002  0.000000e+00  2.289694e+02 
    0.000   18.211000  0.000000e+00  2.289358e+02 
    0.000   18.314001  0.000000e+00  2.289035e+02 
    0.000   18.417002  0.000000e+00  2.288723e+02 
    0.000   18.520000  0.000000e+00  2.288421e+02 
    0.000   18.623001  0.000000e+00  2.288125e+02 
    0.000   18.726002  0.000000e+00  2.287835e+02 
    0.000   18.829000  0.000000e+00  2.287551e+02 
    0.000   18.931002  0.000000e+00  2.287276e+02 
    0.000   19.034000  0.000000e+00  2.287006e+02 
    0.000   19.137001  0.000000e+00  2.286742e+02 
    0.000   19.240002  0.000000e+00  2.286483e+02 
    0.000   19.343000  0.000000e+00  2.286221e+02 
    0.000   19.446001  0.000000e+00  2.285951e+02 
    0.000   19.549002  0.000000e+00  2.285677e+02 
    0.000   19.652000  0.000000e+00  2.285401e+02 
    0.000   19.755001  0.000000e+00  2.285120e+02 
    0.000   19.858002  0.000000e+00  2.284834e+02 
    0.000   19.960001  0.000000e+00  2.284548e+02 
    0.000   20.063002  0.000000e+00  2.284257e+02 
    0.000   20.363001  0.000000e+00  2.283415e+02 
    0.000   20.858002  0.000000e+00  2.282117e+02 
    0.000   21.354000  0.000000e+00  2.281070e+02 
    0.000   21.850000  0.000000e+00  2.280206e+02 
    0.000   22.346001  0.000000e+00  2.279372e+02 
    0.000   22.841002  0.000000e+00  2.278507e+02 
    0.000   23.337000  0.000000e+00  2.277659e+02 
    0.000   23.833000  0.000000e+00  2.276953e+02 
    0.000   24.329000  0.000000e+00  2.276501e+02 
    0.000   24.824001  0.000000e+00  2.276311e+02 
    0.000   25.320002  0.000000e+00  2.276281e+02 
    0.000   25.816000  0.000000e+00  2.276230e+02 
    0.000   26.312000  0.000000e+00  2.276219e+02 
    0.000   26.807001  0.000000e+00  2.276285e+02 
    0.000   27.303001  0.000000e+00  2.276411e+02 
    0.000   27.799002  0.000000e+00  2.276614e+02 
    0.000   28.295000  0.000000e+00  2.276928e+02 
    0.000   28.790001  0.000000e+00  2.277295e+02 
    0.000   29.286001  0.000000e+00  2.277705e+02 
    0.000   29.782001  0.000000e+00  2.278167e+02 
    0.000   30.278002  0.000000e+00  2.278685e+02 
    0.000   30.773001  0.000000e+00  2.279234e+02 
    0.000   31.269001  0.000000e+00  2.279803e+02 
    0.000   31.765001  0.000000e+00  2.280388e+02 
    0.000   32.260998  0.000000e+00  2.280982e+02 
    0.000   32.756001  0.000000e+00  2.281575e+02 
    0.000   33.251999  0.000000e+00  2.282151e+02 
    0.000   33.747997  0.000000e+00  2.282722e+02 
    0.000   34.243999  0.000000e+00  2.283296e+02 
    0.000   34.738998  0.000000e+00  2.283896e+02 
    0.000   35.235001  0.000000e+00  2.284519e+02 
    0.000   35.730999  0.000000e+00  2.285123e+02 
    0.000   36.226997  0.000000e+00  2.285704e+02 
    0.000   36.722000  0.000000e+00  2.286230e+02 
    0.000   37.217999  0.000000e+00  2.286711e+02 
    0.000   37.714001  0.000000e+00  2.287155e+02 
    0.000   38.209999  0.000000e+00  2.287570e+02 
    0.000   38.704998  0.000000e+00  2.287987e+02 
    0.000   39.201000  0.000000e+00  2.288416e+02 
    0.000   39.696999  0.000000e+00  2.288875e+02 
    0.000   40.196999  0.000000e+00  2.289384e+02 
    0.000   45.196999  0.000000e+00  2.293882e+02 
    0.000   50.196999  0.000000e+00  2.296143e+02 
    0.000   55.196999  0.000000e+00  2.296078e+02 
    0.000   60.196999  0.000000e+00  2.295406e+02 
    0.000   65.197006  0.000000e+00  2.294883e+02 
