    0.000    0.000000  0.000000e+00  3.507148e+02 
    0.000    0.102000  0.000000e+00  3.503167e+02 
    0.000    0.205000  0.000000e+00  3.491427e+02 
    0.000    0.308000  0.000000e+00  3.474184e+02 
    0.000    0.411000  0.000000e+00  3.456766e+02 
    0.000    0.514000  0.000000e+00  3.434378e+02 
    0.000    0.617000  0.000000e+00  3.406294e+02 
    0.000    0.720000  0.000000e+00  3.374841e+02 
    0.000    0.823000  0.000000e+00  3.342731e+02 
    0.000    0.926000  0.000000e+00  3.310765e+02 
    0.000    1.028000  0.000000e+00  3.279578e+02 
    0.000    1.131000  0.000000e+00  3.248491e+02 
    0.000    1.234000  0.000000e+00  3.217516e+02 
    0.000    1.337000  0.000000e+00  3.187421e+02 
    0.000    1.440000  0.000000e+00  3.158360e+02 
    0.000    1.543000  0.000000e+00  3.130344e+02 
    0.000    1.646000  0.000000e+00  3.104251e+02 
    0.000    1.749000  0.000000e+00  3.080066e+02 
    0.000    1.852000  0.000000e+00  3.041917e+02 
    0.000    1.955000  0.000000e+00  3.031193e+02 
    0.000    2.057000  0.000000e+00  3.016254e+02 
    0.000    2.160000  0.000000e+00  2.998994e+02 
    0.000    2.263000  0.000000e+00  2.979408e+02 
    0.000    2.366000  0.000000e+00  2.958114e+02 
    0.000    2.469000  0.000000e+00  2.935749e+02 
    0.000    2.572000  0.000000e+00  2.907251e+02 
    0.000    2.675000  0.000000e+00  2.877228e+02 
    0.000    2.778000  0.000000e+00  2.843830e+02 
    0.000    2.881000  0.000000e+00  2.806155e+02 
    0.000    2.983000  0.000000e+00  2.792150e+02 
    0.000    3.086000  0.000000e+00  2.776110e+02 
    0.000    3.189000  0.000000e+00  2.758808e+02 
    0.000    3.292000  0.000000e+00  2.740419e+02 
    0.000    3.395000  0.000000e+00  2.721833e+02 
    0.000    3.498000  0.000000e+00  2.703158e+02 
    0.000    3.601000  0.000000e+00  2.683478e+02 
    0.000    3.704000  0.000000e+00  2.663847e+02 
    0.000    3.807000  0.000000e+00  2.643639e+02 
    0.000    3.909000  0.000000e+00  2.623548e+02 
    0.000    4.012000  0.000000e+00  2.604777e+02 
    0.000    4.115000  0.000000e+00  2.586568e+02 
    0.000    4.218000  0.000000e+00  2.569486e+02 
    0.000    4.321000  0.000000e+00  2.553735e+02 
    0.000    4.424000  0.000000e+00  2.538594e+02 
    0.000    4.527000  0.000000e+00  2.524538e+02 
    0.000    4.630000  0.000000e+00  2.511874e+02 
    0.000    4.733000  0.000000e+00  2.500426e+02 
    0.000    4.835000  0.000000e+00  2.489530e+02 
    0.000    4.938000  0.000000e+00  2.478388e+02 
    0.000    5.041000  0.000000e+00  2.467150e+02 
    0.000    5.144000  0.000000e+00  2.455870e+02 
    0.000    5.247000  0.000000e+00  2.444575e+02 
    0.000    5.350000  0.000000e+00  2.433110e+02 
    0.000    5.453000  0.000000e+00  2.421718e+02 
    0.000    5.556000  0.000000e+00  2.410312e+02 
    0.000    5.659000  0.000000e+00  2.398995e+02 
    0.000    5.761000  0.000000e+00  2.387836e+02 
    0.000    5.864000  0.000000e+00  2.376852e+02 
    0.000    5.967000  0.000000e+00  2.366088e+02 
    0.000    6.070000  0.000000e+00  2.355560e+02 
    0.000    6.173000  0.000000e+00  2.345219e+02 
    0.000    6.276000  0.000000e+00  2.335116e+02 
    0.000    6.379000  0.000000e+00  2.326510e+02 
    0.000    6.482000  0.000000e+00  2.318068e+02 
    0.000    6.585000  0.000000e+00  2.309810e+02 
    0.000    6.687000  0.000000e+00  2.301856e+02 
    0.000    6.790000  0.000000e+00  2.294038e+02 
    0.000    6.893000  0.000000e+00  2.286801e+02 
    0.000    6.996000  0.000000e+00  2.280414e+02 
    0.000    7.099000  0.000000e+00  2.274622e+02 
    0.000    7.202000  0.000000e+00  2.269844e+02 
    0.000    7.305000  0.000000e+00  2.266005e+02 
    0.000    7.408000  0.000000e+00  2.261181e+02 
    0.000    7.511000  0.000000e+00  2.257284e+02 
    0.000    7.614000  0.000000e+00  2.254147e+02 
    0.000    7.716000  0.000000e+00  2.251361e+02 
    0.000    7.819000  0.000000e+00  2.248665e+02 
    0.000    7.922000  0.000000e+00  2.246266e+02 
    0.000    8.025000  0.000000e+00  2.244120e+02 
    0.000    8.128000  0.000000e+00  2.241867e+02 
    0.000    8.231000  0.000000e+00  2.239737e+02 
    0.000    8.334000  0.000000e+00  2.237496e+02 
    0.000    8.437000  0.000000e+00  2.235119e+02 
    0.000    8.540000  0.000000e+00  2.232783e+02 
    0.000    8.642000  0.000000e+00  2.230747e+02 
    0.000    8.745000  0.000000e+00  2.228256e+02 
    0.000    8.848000  0.000000e+00  2.225840e+02 
    0.000    8.951000  0.000000e+00  2.224211e+02 
    0.000    9.054000  0.000000e+00  2.222576e+02 
    0.000    9.157000  0.000000e+00  2.220916e+02 
    0.000    9.260000  0.000000e+00  2.218703e+02 
    0.000    9.363000  0.000000e+00  2.216621e+02 
    0.000    9.466000  0.000000e+00  2.214582e+02 
    0.000    9.568000  0.000000e+00  2.212655e+02 
    0.000    9.671000  0.000000e+00  2.210793e+02 
    0.000    9.774000  0.000000e+00  2.208957e+02 
    0.000    9.877000  0.000000e+00  2.207077e+02 
    0.000    9.980000  0.000000e+00  2.206604e+02 
    0.000   10.083000  0.000000e+00  2.206201e+02 
    0.000   10.186000  0.000000e+00  2.205876e+02 
    0.000   10.289000  0.000000e+00  2.205610e+02 
    0.000   10.392000  0.000000e+00  2.205360e+02 
    0.000   10.494000  0.000000e+00  2.205070e+02 
    0.000   10.597000  0.000000e+00  2.204753e+02 
    0.000   10.700000  0.000000e+00  2.204411e+02 
    0.000   10.803000  0.000000e+00  2.204008e+02 
    0.000   10.906000  0.000000e+00  2.203565e+02 
    0.000   11.009000  0.000000e+00  2.203086e+02 
    0.000   11.112000  0.000000e+00  2.202531e+02 
    0.000   11.215000  0.000000e+00  2.201923e+02 
    0.000   11.318000  0.000000e+00  2.201280e+02 
    0.000   11.420000  0.000000e+00  2.200588e+02 
    0.000   11.523000  0.000000e+00  2.199852e+02 
    0.000   11.626000  0.000000e+00  2.199098e+02 
    0.000   11.729000  0.000000e+00  2.198362e+02 
    0.000   11.832000  0.000000e+00  2.197639e+02 
    0.000   11.935000  0.000000e+00  2.196925e+02 
    0.000   12.038000  0.000000e+00  2.196256e+02 
    0.000   12.141000  0.000000e+00  2.195623e+02 
    0.000   12.244000  0.000000e+00  2.195012e+02 
    0.000   12.346000  0.000000e+00  2.194406e+02 
    0.000   12.449000  0.000000e+00  2.193790e+02 
    0.000   12.552000  0.000000e+00  2.193176e+02 
    0.000   12.655000  0.000000e+00  2.192556e+02 
    0.000   12.758000  0.000000e+00  2.191928e+02 
    0.000   12.861000  0.000000e+00  2.191297e+02 
    0.000   12.964000  0.000000e+00  2.190665e+02 
    0.000   13.067000  0.000000e+00  2.190031e+02 
    0.000   13.170000  0.000000e+00  2.189398e+02 
    0.000   13.273000  0.000000e+00  2.188775e+02 
    0.000   13.375000  0.000000e+00  2.188183e+02 
    0.000   13.478000  0.000000e+00  2.187604e+02 
    0.000   13.581000  0.000000e+00  2.187044e+02 
    0.000   13.684000  0.000000e+00  2.186532e+02 
    0.000   13.787000  0.000000e+00  2.186057e+02 
    0.000   13.890000  0.000000e+00  2.185607e+02 
    0.000   13.993000  0.000000e+00  2.185201e+02 
    0.000   14.096000  0.000000e+00  2.184835e+02 
    0.000   14.199000  0.000000e+00  2.184498e+02 
    0.000   14.301000  0.000000e+00  2.184180e+02 
    0.000   14.404000  0.000000e+00  2.183868e+02 
    0.000   14.507000  0.000000e+00  2.183566e+02 
    0.000   14.610000  0.000000e+00  2.183263e+02 
    0.000   14.713000  0.000000e+00  2.182931e+02 
    0.000   14.816000  0.000000e+00  2.182578e+02 
    0.000   14.919000  0.000000e+00  2.182218e+02 
    0.000   15.022000  0.000000e+00  2.181843e+02 
    0.000   15.125000  0.000000e+00  2.181458e+02 
    0.000   15.227000  0.000000e+00  2.181072e+02 
    0.000   15.330000  0.000000e+00  2.180679e+02 
    0.000   15.433000  0.000000e+00  2.180286e+02 
    0.000   15.536000  0.000000e+00  2.179893e+02 
    0.000   15.639000  0.000000e+00  2.179497e+02 
    0.000   15.742000  0.000000e+00  2.179083e+02 
    0.000   15.845000  0.000000e+00  2.178656e+02 
    0.000   15.948000  0.000000e+00  2.178221e+02 
    0.000   16.051001  0.000000e+00  2.177784e+02 
    0.000   16.153000  0.000000e+00  2.177349e+02 
    0.000   16.256001  0.000000e+00  2.176908e+02 
    0.000   16.358999  0.000000e+00  2.176473e+02 
    0.000   16.462000  0.000000e+00  2.176050e+02 
    0.000   16.565001  0.000000e+00  2.175637e+02 
    0.000   16.667999  0.000000e+00  2.175230e+02 
    0.000   16.771000  0.000000e+00  2.174845e+02 
    0.000   16.874001  0.000000e+00  2.174479e+02 
    0.000   16.976999  0.000000e+00  2.174126e+02 
    0.000   17.079000  0.000000e+00  2.173786e+02 
    0.000   17.181999  0.000000e+00  2.173454e+02 
    0.000   17.285000  0.000000e+00  2.173131e+02 
    0.000   17.388000  0.000000e+00  2.172815e+02 
    0.000   17.490999  0.000000e+00  2.172501e+02 
    0.000   17.594000  0.000000e+00  2.172189e+02 
    0.000   17.697001  0.000000e+00  2.171879e+02 
    0.000   17.799999  0.000000e+00  2.171572e+02 
    0.000   17.903000  0.000000e+00  2.171269e+02 
    0.000   18.006001  0.000000e+00  2.170968e+02 
    0.000   18.108000  0.000000e+00  2.170674e+02 
    0.000   18.211000  0.000000e+00  2.170379e+02 
    0.000   18.313999  0.000000e+00  2.170084e+02 
    0.000   18.417000  0.000000e+00  2.169792e+02 
    0.000   18.520000  0.000000e+00  2.169501e+02 
    0.000   18.622999  0.000000e+00  2.169211e+02 
    0.000   18.726000  0.000000e+00  2.168920e+02 
    0.000   18.829000  0.000000e+00  2.168631e+02 
    0.000   18.931999  0.000000e+00  2.168341e+02 
    0.000   19.034000  0.000000e+00  2.168050e+02 
    0.000   19.136999  0.000000e+00  2.167754e+02 
    0.000   19.240000  0.000000e+00  2.167458e+02 
    0.000   19.343000  0.000000e+00  2.167171e+02 
    0.000   19.445999  0.000000e+00  2.166895e+02 
    0.000   19.549000  0.000000e+00  2.166628e+02 
    0.000   19.652000  0.000000e+00  2.166367e+02 
    0.000   19.754999  0.000000e+00  2.166123e+02 
    0.000   19.858000  0.000000e+00  2.165894e+02 
    0.000   19.959999  0.000000e+00  2.165679e+02 
    0.000   20.063000  0.000000e+00  2.165470e+02 
    0.000   20.363001  0.000000e+00  2.164861e+02 
    0.000   20.858000  0.000000e+00  2.163832e+02 
    0.000   21.354000  0.000000e+00  2.162907e+02 
    0.000   21.850000  0.000000e+00  2.162056e+02 
    0.000   22.346001  0.000000e+00  2.161211e+02 
    0.000   22.841000  0.000000e+00  2.160450e+02 
    0.000   23.337000  0.000000e+00  2.159786e+02 
    0.000   23.833000  0.000000e+00  2.159231e+02 
    0.000   24.329000  0.000000e+00  2.158832e+02 
    0.000   24.823999  0.000000e+00  2.158612e+02 
    0.000   25.320000  0.000000e+00  2.158501e+02 
    0.000   25.816000  0.000000e+00  2.158484e+02 
    0.000   26.312000  0.000000e+00  2.158626e+02 
    0.000   26.806999  0.000000e+00  2.158853e+02 
    0.000   27.302999  0.000000e+00  2.159088e+02 
    0.000   27.799000  0.000000e+00  2.159310e+02 
    0.000   28.295000  0.000000e+00  2.159538e+02 
    0.000   28.790001  0.000000e+00  2.159839e+02 
    0.000   29.285999  0.000000e+00  2.160279e+02 
    0.000   29.782000  0.000000e+00  2.160822e+02 
    0.000   30.278000  0.000000e+00  2.161418e+02 
    0.000   30.773001  0.000000e+00  2.161968e+02 
    0.000   31.268999  0.000000e+00  2.162478e+02 
    0.000   31.764999  0.000000e+00  2.162959e+02 
    0.000   32.261002  0.000000e+00  2.163476e+02 
    0.000   32.756001  0.000000e+00  2.164039e+02 
    0.000   33.251999  0.000000e+00  2.164667e+02 
    0.000   33.748001  0.000000e+00  2.165342e+02 
    0.000   34.243999  0.000000e+00  2.166046e+02 
    0.000   34.738998  0.000000e+00  2.166722e+02 
    0.000   35.235001  0.000000e+00  2.167359e+02 
    0.000   35.730999  0.000000e+00  2.167920e+02 
    0.000   36.227001  0.000000e+00  2.168417e+02 
    0.000   36.722000  0.000000e+00  2.168885e+02 
    0.000   37.217999  0.000000e+00  2.169332e+02 
    0.000   37.714001  0.000000e+00  2.169782e+02 
    0.000   38.209999  0.000000e+00  2.170235e+02 
    0.000   38.706001  0.000000e+00  2.170699e+02 
    0.000   39.201000  0.000000e+00  2.171174e+02 
    0.000   39.696999  0.000000e+00  2.171666e+02 
    0.000   40.196999  0.000000e+00  2.172182e+02 
    0.000   45.196999  0.000000e+00  2.176692e+02 
    0.000   50.196999  0.000000e+00  2.178906e+02 
    0.000   55.196999  0.000000e+00  2.178937e+02 
    0.000   60.196999  0.000000e+00  2.178246e+02 
    0.000   65.196999  0.000000e+00  2.177721e+02 
