    0.000    0.000000  0.000000e+00  3.493498e+02 
    0.000    0.103000  0.000000e+00  3.485732e+02 
    0.000    0.206000  0.000000e+00  3.474537e+02 
    0.000    0.308000  0.000000e+00  3.458692e+02 
    0.000    0.411000  0.000000e+00  3.444938e+02 
    0.000    0.514000  0.000000e+00  3.431327e+02 
    0.000    0.617000  0.000000e+00  3.416721e+02 
    0.000    0.720000  0.000000e+00  3.402050e+02 
    0.000    0.823000  0.000000e+00  3.386834e+02 
    0.000    0.926000  0.000000e+00  3.371597e+02 
    0.000    1.029000  0.000000e+00  3.356286e+02 
    0.000    1.132000  0.000000e+00  3.340341e+02 
    0.000    1.234000  0.000000e+00  3.323910e+02 
    0.000    1.337000  0.000000e+00  3.307635e+02 
    0.000    1.440000  0.000000e+00  3.290841e+02 
    0.000    1.543000  0.000000e+00  3.273167e+02 
    0.000    1.646000  0.000000e+00  3.256200e+02 
    0.000    1.749000  0.000000e+00  3.240742e+02 
    0.000    1.852000  0.000000e+00  3.220573e+02 
    0.000    1.955000  0.000000e+00  3.193447e+02 
    0.000    2.058000  0.000000e+00  3.151347e+02 
    0.000    2.161000  0.000000e+00  3.140017e+02 
    0.000    2.263000  0.000000e+00  3.127861e+02 
    0.000    2.366000  0.000000e+00  3.115297e+02 
    0.000    2.469000  0.000000e+00  3.102462e+02 
    0.000    2.572000  0.000000e+00  3.089386e+02 
    0.000    2.675000  0.000000e+00  3.076063e+02 
    0.000    2.778000  0.000000e+00  3.062490e+02 
    0.000    2.881000  0.000000e+00  3.048988e+02 
    0.000    2.984000  0.000000e+00  3.035792e+02 
    0.000    3.087000  0.000000e+00  3.022732e+02 
    0.000    3.189000  0.000000e+00  3.009473e+02 
    0.000    3.292000  0.000000e+00  2.996067e+02 
    0.000    3.395000  0.000000e+00  2.982861e+02 
    0.000    3.498000  0.000000e+00  2.969837e+02 
    0.000    3.601000  0.000000e+00  2.956925e+02 
    0.000    3.704000  0.000000e+00  2.944081e+02 
    0.000    3.807000  0.000000e+00  2.931353e+02 
    0.000    3.910000  0.000000e+00  2.918552e+02 
    0.000    4.013000  0.000000e+00  2.905781e+02 
    0.000    4.115000  0.000000e+00  2.893170e+02 
    0.000    4.218000  0.000000e+00  2.880542e+02 
    0.000    4.321000  0.000000e+00  2.868065e+02 
    0.000    4.424000  0.000000e+00  2.855697e+02 
    0.000    4.527000  0.000000e+00  2.843493e+02 
    0.000    4.630000  0.000000e+00  2.831448e+02 
    0.000    4.733000  0.000000e+00  2.819464e+02 
    0.000    4.836000  0.000000e+00  2.807646e+02 
    0.000    4.939000  0.000000e+00  2.795841e+02 
    0.000    5.041000  0.000000e+00  2.784251e+02 
    0.000    5.144000  0.000000e+00  2.772502e+02 
    0.000    5.247000  0.000000e+00  2.760902e+02 
    0.000    5.350000  0.000000e+00  2.749328e+02 
    0.000    5.453000  0.000000e+00  2.737756e+02 
    0.000    5.556000  0.000000e+00  2.725324e+02 
    0.000    5.659000  0.000000e+00  2.712836e+02 
    0.000    5.762000  0.000000e+00  2.700408e+02 
    0.000    5.865000  0.000000e+00  2.688133e+02 
    0.000    5.967000  0.000000e+00  2.675920e+02 
    0.000    6.070000  0.000000e+00  2.664054e+02 
    0.000    6.173000  0.000000e+00  2.651111e+02 
    0.000    6.276000  0.000000e+00  2.635695e+02 
    0.000    6.379000  0.000000e+00  2.615064e+02 
    0.000    6.482000  0.000000e+00  2.588098e+02 
    0.000    6.585000  0.000000e+00  2.557473e+02 
    0.000    6.688000  0.000000e+00  2.525633e+02 
    0.000    6.791000  0.000000e+00  2.500705e+02 
    0.000    6.893000  0.000000e+00  2.482595e+02 
    0.000    6.996000  0.000000e+00  2.473358e+02 
    0.000    7.099000  0.000000e+00  2.466282e+02 
    0.000    7.202000  0.000000e+00  2.460528e+02 
    0.000    7.305000  0.000000e+00  2.455417e+02 
    0.000    7.408000  0.000000e+00  2.451174e+02 
    0.000    7.511000  0.000000e+00  2.448214e+02 
    0.000    7.614000  0.000000e+00  2.445955e+02 
    0.000    7.717000  0.000000e+00  2.443843e+02 
    0.000    7.819000  0.000000e+00  2.442174e+02 
    0.000    7.921999  0.000000e+00  2.441124e+02 
    0.000    8.025001  0.000000e+00  2.440003e+02 
    0.000    8.128000  0.000000e+00  2.438466e+02 
    0.000    8.231000  0.000000e+00  2.436285e+02 
    0.000    8.334001  0.000000e+00  2.434236e+02 
    0.000    8.437000  0.000000e+00  2.432205e+02 
    0.000    8.540000  0.000000e+00  2.429836e+02 
    0.000    8.643001  0.000000e+00  2.427374e+02 
    0.000    8.746000  0.000000e+00  2.424778e+02 
    0.000    8.848001  0.000000e+00  2.422401e+02 
    0.000    8.951000  0.000000e+00  2.420079e+02 
    0.000    9.054000  0.000000e+00  2.417791e+02 
    0.000    9.157001  0.000000e+00  2.415351e+02 
    0.000    9.260000  0.000000e+00  2.412751e+02 
    0.000    9.363000  0.000000e+00  2.410832e+02 
    0.000    9.466001  0.000000e+00  2.409973e+02 
    0.000    9.569000  0.000000e+00  2.409170e+02 
    0.000    9.672000  0.000000e+00  2.408412e+02 
    0.000    9.774000  0.000000e+00  2.407731e+02 
    0.000    9.877000  0.000000e+00  2.407176e+02 
    0.000    9.980000  0.000000e+00  2.406719e+02 
    0.000   10.083000  0.000000e+00  2.406291e+02 
    0.000   10.186000  0.000000e+00  2.405812e+02 
    0.000   10.289001  0.000000e+00  2.405306e+02 
    0.000   10.392000  0.000000e+00  2.404810e+02 
    0.000   10.495000  0.000000e+00  2.404342e+02 
    0.000   10.598001  0.000000e+00  2.403901e+02 
    0.000   10.700001  0.000000e+00  2.403458e+02 
    0.000   10.803000  0.000000e+00  2.402936e+02 
    0.000   10.906000  0.000000e+00  2.402366e+02 
    0.000   11.009000  0.000000e+00  2.401755e+02 
    0.000   11.112000  0.000000e+00  2.401046e+02 
    0.000   11.215000  0.000000e+00  2.400271e+02 
    0.000   11.318000  0.000000e+00  2.399463e+02 
    0.000   11.421000  0.000000e+00  2.398629e+02 
    0.000   11.524000  0.000000e+00  2.397778e+02 
    0.000   11.626000  0.000000e+00  2.396924e+02 
    0.000   11.729000  0.000000e+00  2.396044e+02 
    0.000   11.832001  0.000000e+00  2.395152e+02 
    0.000   11.935000  0.000000e+00  2.394255e+02 
    0.000   12.038000  0.000000e+00  2.393347e+02 
    0.000   12.141001  0.000000e+00  2.392432e+02 
    0.000   12.244000  0.000000e+00  2.391517e+02 
    0.000   12.347000  0.000000e+00  2.390641e+02 
    0.000   12.450001  0.000000e+00  2.389807e+02 
    0.000   12.552000  0.000000e+00  2.389005e+02 
    0.000   12.655001  0.000000e+00  2.388237e+02 
    0.000   12.758000  0.000000e+00  2.387511e+02 
    0.000   12.861000  0.000000e+00  2.386817e+02 
    0.000   12.964001  0.000000e+00  2.386154e+02 
    0.000   13.067000  0.000000e+00  2.385522e+02 
    0.000   13.170000  0.000000e+00  2.384914e+02 
    0.000   13.273001  0.000000e+00  2.384324e+02 
    0.000   13.376000  0.000000e+00  2.383746e+02 
    0.000   13.478001  0.000000e+00  2.383184e+02 
    0.000   13.581000  0.000000e+00  2.382628e+02 
    0.000   13.684000  0.000000e+00  2.382072e+02 
    0.000   13.787001  0.000000e+00  2.381518e+02 
    0.000   13.890000  0.000000e+00  2.380970e+02 
    0.000   13.993000  0.000000e+00  2.380434e+02 
    0.000   14.096001  0.000000e+00  2.379910e+02 
    0.000   14.199000  0.000000e+00  2.379397e+02 
    0.000   14.302000  0.000000e+00  2.378895e+02 
    0.000   14.405001  0.000000e+00  2.378405e+02 
    0.000   14.507000  0.000000e+00  2.377931e+02 
    0.000   14.610001  0.000000e+00  2.377458e+02 
    0.000   14.713000  0.000000e+00  2.376983e+02 
    0.000   14.816000  0.000000e+00  2.376508e+02 
    0.000   14.919001  0.000000e+00  2.376037e+02 
    0.000   15.022000  0.000000e+00  2.375560e+02 
    0.000   15.125000  0.000000e+00  2.375079e+02 
    0.000   15.228001  0.000000e+00  2.374598e+02 
    0.000   15.331000  0.000000e+00  2.374116e+02 
    0.000   15.433001  0.000000e+00  2.373638e+02 
    0.000   15.536000  0.000000e+00  2.373158e+02 
    0.000   15.639000  0.000000e+00  2.372687e+02 
    0.000   15.742001  0.000000e+00  2.372256e+02 
    0.000   15.845000  0.000000e+00  2.371859e+02 
    0.000   15.948000  0.000000e+00  2.371483e+02 
    0.000   16.051001  0.000000e+00  2.371105e+02 
    0.000   16.154001  0.000000e+00  2.370719e+02 
    0.000   16.257000  0.000000e+00  2.370332e+02 
    0.000   16.359001  0.000000e+00  2.369938e+02 
    0.000   16.462000  0.000000e+00  2.369510e+02 
    0.000   16.565001  0.000000e+00  2.369062e+02 
    0.000   16.668001  0.000000e+00  2.368602e+02 
    0.000   16.771000  0.000000e+00  2.368140e+02 
    0.000   16.874001  0.000000e+00  2.367681e+02 
    0.000   16.977001  0.000000e+00  2.367221e+02 
    0.000   17.080000  0.000000e+00  2.366764e+02 
    0.000   17.183001  0.000000e+00  2.366314e+02 
    0.000   17.285000  0.000000e+00  2.365872e+02 
    0.000   17.388000  0.000000e+00  2.365430e+02 
    0.000   17.491001  0.000000e+00  2.365000e+02 
    0.000   17.594000  0.000000e+00  2.364581e+02 
    0.000   17.697001  0.000000e+00  2.364169e+02 
    0.000   17.800001  0.000000e+00  2.363768e+02 
    0.000   17.903000  0.000000e+00  2.363383e+02 
    0.000   18.006001  0.000000e+00  2.363012e+02 
    0.000   18.109001  0.000000e+00  2.362650e+02 
    0.000   18.211000  0.000000e+00  2.362305e+02 
    0.000   18.314001  0.000000e+00  2.361971e+02 
    0.000   18.417000  0.000000e+00  2.361646e+02 
    0.000   18.520000  0.000000e+00  2.361331e+02 
    0.000   18.623001  0.000000e+00  2.361019e+02 
    0.000   18.726000  0.000000e+00  2.360710e+02 
    0.000   18.829000  0.000000e+00  2.360406e+02 
    0.000   18.932001  0.000000e+00  2.360108e+02 
    0.000   19.035000  0.000000e+00  2.359816e+02 
    0.000   19.138000  0.000000e+00  2.359530e+02 
    0.000   19.240000  0.000000e+00  2.359253e+02 
    0.000   19.343000  0.000000e+00  2.358967e+02 
    0.000   19.446001  0.000000e+00  2.358673e+02 
    0.000   19.549000  0.000000e+00  2.358374e+02 
    0.000   19.652000  0.000000e+00  2.358073e+02 
    0.000   19.755001  0.000000e+00  2.357768e+02 
    0.000   19.858000  0.000000e+00  2.357460e+02 
    0.000   19.961000  0.000000e+00  2.357150e+02 
    0.000   20.064001  0.000000e+00  2.356839e+02 
    0.000   20.363001  0.000000e+00  2.355956e+02 
    0.000   20.859001  0.000000e+00  2.354621e+02 
    0.000   21.354000  0.000000e+00  2.353527e+02 
    0.000   21.850000  0.000000e+00  2.352572e+02 
    0.000   22.346001  0.000000e+00  2.351651e+02 
    0.000   22.842001  0.000000e+00  2.350702e+02 
    0.000   23.337000  0.000000e+00  2.349798e+02 
    0.000   23.833000  0.000000e+00  2.349059e+02 
    0.000   24.329000  0.000000e+00  2.348577e+02 
    0.000   24.825001  0.000000e+00  2.348365e+02 
    0.000   25.320000  0.000000e+00  2.348282e+02 
    0.000   25.816000  0.000000e+00  2.348212e+02 
    0.000   26.312000  0.000000e+00  2.348220e+02 
    0.000   26.808001  0.000000e+00  2.348278e+02 
    0.000   27.302999  0.000000e+00  2.348384e+02 
    0.000   27.799000  0.000000e+00  2.348573e+02 
    0.000   28.295000  0.000000e+00  2.348857e+02 
    0.000   28.791000  0.000000e+00  2.349187e+02 
    0.000   29.286001  0.000000e+00  2.349582e+02 
    0.000   29.782000  0.000000e+00  2.350042e+02 
    0.000   30.278000  0.000000e+00  2.350553e+02 
    0.000   30.774000  0.000000e+00  2.351093e+02 
    0.000   31.269001  0.000000e+00  2.351655e+02 
    0.000   31.764999  0.000000e+00  2.352233e+02 
    0.000   32.260998  0.000000e+00  2.352820e+02 
    0.000   32.757000  0.000000e+00  2.353406e+02 
    0.000   33.251999  0.000000e+00  2.353975e+02 
    0.000   33.747997  0.000000e+00  2.354544e+02 
    0.000   34.243999  0.000000e+00  2.355121e+02 
    0.000   34.739998  0.000000e+00  2.355721e+02 
    0.000   35.234997  0.000000e+00  2.356340e+02 
    0.000   35.730999  0.000000e+00  2.356935e+02 
    0.000   36.226997  0.000000e+00  2.357502e+02 
    0.000   36.723000  0.000000e+00  2.358025e+02 
    0.000   37.217999  0.000000e+00  2.358509e+02 
    0.000   37.713997  0.000000e+00  2.358955e+02 
    0.000   38.209999  0.000000e+00  2.359367e+02 
    0.000   38.705997  0.000000e+00  2.359781e+02 
    0.000   39.201000  0.000000e+00  2.360205e+02 
    0.000   39.696999  0.000000e+00  2.360662e+02 
    0.000   40.196999  0.000000e+00  2.361167e+02 
    0.000   45.196999  0.000000e+00  2.365656e+02 
    0.000   50.196999  0.000000e+00  2.367924e+02 
    0.000   55.196999  0.000000e+00  2.367865e+02 
    0.000   60.196999  0.000000e+00  2.367189e+02 
    0.000   65.196999  0.000000e+00  2.366666e+02 
