   66.903    0.000000  3.523261e+00  2.197665e+01 
   66.903    0.102000  3.542371e+00  2.217378e+01 
   66.903    0.205000  3.561586e+00  2.238409e+01 
   66.903    0.308000  3.580773e+00  2.260082e+01 
   66.903    0.411000  3.599986e+00  2.282157e+01 
   66.903    0.514000  3.619213e+00  2.304515e+01 
   66.903    0.617000  3.638410e+00  2.327090e+01 
   66.903    0.720000  3.657543e+00  2.349836e+01 
   66.903    0.823000  3.676614e+00  2.372692e+01 
   66.903    0.926000  3.695643e+00  2.395612e+01 
   66.903    1.028000  3.714470e+00  2.418340e+01 
   66.903    1.131000  3.733525e+00  2.441283e+01 
   66.903    1.234000  3.756920e+00  2.468828e+01 
   66.903    1.337000  3.776231e+00  2.491673e+01 
   66.903    1.440000  3.809361e+00  2.522718e+01 
   66.903    1.543000  3.844777e+00  2.555036e+01 
   66.903    1.646000  3.899202e+00  2.598540e+01 
   66.903    1.749000  3.998751e+00  2.668166e+01 
   66.903    1.852000  4.112968e+00  2.745166e+01 
   66.903    1.954000  3.301495e+01  7.721375e+01 
   66.903    2.057000  1.174868e+02  1.141519e+02 
   66.903    2.160000  2.465621e+02  1.380916e+02 
   66.903    2.263000  3.786448e+02  1.512007e+02 
   66.903    2.366000  3.804816e+02  1.511498e+02 
   66.903    2.469000  3.822989e+02  1.511449e+02 
   66.903    2.572000  3.840984e+02  1.511726e+02 
   66.903    2.675000  3.858837e+02  1.512252e+02 
   66.903    2.778000  3.876609e+02  1.512969e+02 
   66.903    2.880000  3.894121e+02  1.513839e+02 
   66.903    2.983000  3.911710e+02  1.514857e+02 
   66.903    3.086000  3.929184e+02  1.515997e+02 
   66.903    3.189000  3.946519e+02  1.517246e+02 
   66.903    3.292000  3.963712e+02  1.518590e+02 
   66.903    3.395000  3.980782e+02  1.520015e+02 
   66.903    3.498000  3.997738e+02  1.521510e+02 
   66.903    3.601000  4.014634e+02  1.523061e+02 
   66.903    3.704000  4.031519e+02  1.524658e+02 
   66.903    3.806000  4.048232e+02  1.526279e+02 
   66.903    3.909000  4.065127e+02  1.527950e+02 
   66.903    4.012000  4.082052e+02  1.529651e+02 
   66.903    4.115000  4.098945e+02  1.531380e+02 
   66.903    4.218000  4.115733e+02  1.533140e+02 
   66.903    4.321000  4.132364e+02  1.534926e+02 
   66.903    4.424000  4.148771e+02  1.536740e+02 
   66.903    4.527000  4.164886e+02  1.538577e+02 
   66.903    4.630000  4.180713e+02  1.540432e+02 
   66.903    4.732000  4.196102e+02  1.542282e+02 
   66.903    4.835000  4.211318e+02  1.544162e+02 
   66.903    4.938000  4.226223e+02  1.546050e+02 
   66.903    5.041000  4.240829e+02  1.547943e+02 
   66.903    5.144000  4.255113e+02  1.549840e+02 
   66.903    5.247000  4.269093e+02  1.551738e+02 
   66.903    5.350000  4.282770e+02  1.553636e+02 
   66.903    5.453000  4.296144e+02  1.555532e+02 
   66.903    5.556000  4.309235e+02  1.557424e+02 
   66.903    5.659000  4.322038e+02  1.559313e+02 
   66.903    5.761000  4.334450e+02  1.561177e+02 
   66.903    5.864000  4.346750e+02  1.563051e+02 
   66.903    5.967000  4.358819e+02  1.564917e+02 
   66.903    6.070000  4.370715e+02  1.566771e+02 
   66.903    6.173000  4.382502e+02  1.568611e+02 
   66.903    6.276000  4.394197e+02  1.570435e+02 
   66.903    6.379000  4.405840e+02  1.572244e+02 
   66.903    6.482000  4.417456e+02  1.574036e+02 
   66.903    6.585000  4.429053e+02  1.575810e+02 
   66.903    6.687000  4.440518e+02  1.577549e+02 
   66.903    6.790000  4.452066e+02  1.579285e+02 
   66.903    6.893000  4.463507e+02  1.581003e+02 
   66.903    6.996000  4.474741e+02  1.582701e+02 
   66.903    7.099000  4.485671e+02  1.584380e+02 
   66.903    7.202000  4.496089e+02  1.586040e+02 
   66.903    7.305000  4.505825e+02  1.587676e+02 
   66.903    7.408000  4.514849e+02  1.589289e+02 
   66.903    7.511000  4.523184e+02  1.590877e+02 
   66.903    7.613000  4.530715e+02  1.592427e+02 
   66.903    7.716000  4.537811e+02  1.593966e+02 
   66.903    7.819000  4.544713e+02  1.595481e+02 
   66.903    7.922000  4.551477e+02  1.596974e+02 
   66.903    8.025000  4.558148e+02  1.598445e+02 
   66.903    8.128000  4.564785e+02  1.599895e+02 
   66.903    8.231000  4.571381e+02  1.601327e+02 
   66.903    8.334000  4.577870e+02  1.602737e+02 
   66.903    8.437000  4.584189e+02  1.604124e+02 
   66.903    8.539000  4.590278e+02  1.605476e+02 
   66.903    8.642000  4.596293e+02  1.606818e+02 
   66.903    8.745000  4.602202e+02  1.608135e+02 
   66.903    8.848000  4.608008e+02  1.609428e+02 
   66.903    8.951000  4.613722e+02  1.610696e+02 
   66.903    9.054000  4.619343e+02  1.611940e+02 
   66.903    9.157000  4.624862e+02  1.613158e+02 
   66.903    9.260000  4.630270e+02  1.614350e+02 
   66.903    9.363000  4.635561e+02  1.615518e+02 
   66.903    9.465000  4.640691e+02  1.616650e+02 
   66.903    9.568000  4.645775e+02  1.617771e+02 
   66.903    9.671000  4.650765e+02  1.618869e+02 
   66.903    9.774000  4.655646e+02  1.619946e+02 
   66.903    9.877000  4.660397e+02  1.621002e+02 
   66.903    9.980000  4.665015e+02  1.622038e+02 
   66.903   10.083000  4.669850e+02  1.623048e+02 
   66.903   10.186000  4.674605e+02  1.624040e+02 
   66.903   10.289000  4.679287e+02  1.625015e+02 
   66.903   10.391000  4.683854e+02  1.625963e+02 
   66.903   10.494000  4.688403e+02  1.626903e+02 
   66.903   10.597000  4.692887e+02  1.627825e+02 
   66.903   10.700000  4.697299e+02  1.628732e+02 
   66.903   10.803000  4.701635e+02  1.629624e+02 
   66.903   10.906000  4.705890e+02  1.630502e+02 
   66.903   11.009000  4.710079e+02  1.631367e+02 
   66.903   11.112000  4.714220e+02  1.632219e+02 
   66.903   11.215000  4.718316e+02  1.633060e+02 
   66.903   11.317000  4.722325e+02  1.633881e+02 
   66.903   11.420000  4.726326e+02  1.634698e+02 
   66.903   11.523000  4.730278e+02  1.635505e+02 
   66.903   11.626000  4.734180e+02  1.636301e+02 
   66.903   11.729000  4.738027e+02  1.637087e+02 
   66.903   11.832000  4.741821e+02  1.637862e+02 
   66.903   11.935000  4.745560e+02  1.638627e+02 
   66.903   12.038000  4.749247e+02  1.639383e+02 
   66.903   12.141000  4.752881e+02  1.640128e+02 
   66.903   12.244000  4.756464e+02  1.640863e+02 
   66.903   12.346000  4.759962e+02  1.641581e+02 
   66.903   12.449000  4.763445e+02  1.642296e+02 
   66.903   12.552000  4.766879e+02  1.643000e+02 
   66.903   12.655000  4.770265e+02  1.643694e+02 
   66.903   12.758000  4.773603e+02  1.644376e+02 
   66.903   12.861000  4.776899e+02  1.645048e+02 
   66.903   12.964000  4.780155e+02  1.645709e+02 
   66.903   13.067000  4.783372e+02  1.646359e+02 
   66.903   13.170000  4.786549e+02  1.646997e+02 
   66.903   13.272000  4.789659e+02  1.647617e+02 
   66.903   13.375000  4.792762e+02  1.648233e+02 
   66.903   13.478000  4.795829e+02  1.648838e+02 
   66.903   13.581000  4.798861e+02  1.649431e+02 
   66.903   13.684000  4.801858e+02  1.650014e+02 
   66.903   13.787000  4.804821e+02  1.650586e+02 
   66.903   13.890000  4.807750e+02  1.651147e+02 
   66.903   13.993000  4.810647e+02  1.651697e+02 
   66.903   14.096000  4.813512e+02  1.652236e+02 
   66.903   14.198000  4.816317e+02  1.652760e+02 
   66.903   14.301000  4.819119e+02  1.653277e+02 
   66.903   14.404000  4.821889e+02  1.653784e+02 
   66.903   14.507000  4.824629e+02  1.654280e+02 
   66.903   14.610000  4.827337e+02  1.654766e+02 
   66.903   14.713000  4.830015e+02  1.655242e+02 
   66.903   14.816000  4.832661e+02  1.655710e+02 
   66.903   14.919000  4.835275e+02  1.656169e+02 
   66.903   15.022000  4.837858e+02  1.656619e+02 
   66.903   15.124000  4.840385e+02  1.657056e+02 
   66.903   15.227000  4.842906e+02  1.657490e+02 
   66.903   15.330000  4.845395e+02  1.657917e+02 
   66.903   15.433000  4.847855e+02  1.658335e+02 
   66.903   15.536000  4.850285e+02  1.658746e+02 
   66.903   15.639000  4.852685e+02  1.659150e+02 
   66.903   15.742000  4.855056e+02  1.659547e+02 
   66.903   15.845000  4.857398e+02  1.659937e+02 
   66.903   15.948000  4.859713e+02  1.660319e+02 
   66.903   16.049999  4.861981e+02  1.660691e+02 
   66.903   16.153000  4.864247e+02  1.661058e+02 
   66.903   16.256001  4.866487e+02  1.661418e+02 
   66.903   16.358999  4.868704e+02  1.661771e+02 
   66.903   16.462000  4.870898e+02  1.662117e+02 
   66.903   16.565001  4.873069e+02  1.662455e+02 
   66.903   16.667999  4.875218e+02  1.662785e+02 
   66.903   16.771000  4.877346e+02  1.663109e+02 
   66.903   16.874001  4.879454e+02  1.663425e+02 
   66.903   16.976999  4.881542e+02  1.663733e+02 
   66.903   17.079000  4.883592e+02  1.664031e+02 
   66.903   17.181999  4.885647e+02  1.664323e+02 
   66.903   17.285000  4.887686e+02  1.664606e+02 
   66.903   17.388000  4.889712e+02  1.664881e+02 
   66.903   17.490999  4.891725e+02  1.665147e+02 
   66.903   17.594000  4.893726e+02  1.665403e+02 
   66.903   17.697001  4.895715e+02  1.665651e+02 
   66.903   17.799999  4.897692e+02  1.665890e+02 
   66.903   17.903000  4.899655e+02  1.666122e+02 
   66.903   18.004999  4.901585e+02  1.666343e+02 
   66.903   18.108000  4.903520e+02  1.666559e+02 
   66.903   18.211000  4.905437e+02  1.666769e+02 
   66.903   18.313999  4.907337e+02  1.666974e+02 
   66.903   18.417000  4.909219e+02  1.667172e+02 
   66.903   18.520000  4.911084e+02  1.667365e+02 
   66.903   18.622999  4.912932e+02  1.667551e+02 
   66.903   18.726000  4.914765e+02  1.667732e+02 
   66.903   18.829000  4.916582e+02  1.667907e+02 
   66.903   18.931000  4.918367e+02  1.668073e+02 
   66.903   19.034000  4.920156e+02  1.668235e+02 
   66.903   19.136999  4.921934e+02  1.668391e+02 
   66.903   19.240000  4.923699e+02  1.668540e+02 
   66.903   19.343000  4.925451e+02  1.668683e+02 
   66.903   19.445999  4.927191e+02  1.668821e+02 
   66.903   19.549000  4.928918e+02  1.668954e+02 
   66.903   19.652000  4.930631e+02  1.669080e+02 
   66.903   19.754999  4.932331e+02  1.669202e+02 
   66.903   19.857000  4.934001e+02  1.669319e+02 
   66.903   19.959999  4.935674e+02  1.669432e+02 
   66.903   20.063000  4.937337e+02  1.669538e+02 
   66.903   20.363001  4.942126e+02  1.669818e+02 
   66.903   20.858000  4.949799e+02  1.670197e+02 
   66.903   21.354000  4.957204e+02  1.670479e+02 
   66.903   21.850000  4.964347e+02  1.670667e+02 
   66.903   22.346001  4.971187e+02  1.670789e+02 
   66.903   22.841000  4.977641e+02  1.670887e+02 
   66.903   23.337000  4.983689e+02  1.670984e+02 
   66.903   23.833000  4.989322e+02  1.671086e+02 
   66.903   24.329000  4.994589e+02  1.671181e+02 
   66.903   24.823999  4.999527e+02  1.671259e+02 
   66.903   25.320000  5.004166e+02  1.671322e+02 
   66.903   25.816000  5.008499e+02  1.671378e+02 
   66.903   26.312000  5.012541e+02  1.671431e+02 
   66.903   26.806999  5.016316e+02  1.671475e+02 
   66.903   27.302999  5.019861e+02  1.671506e+02 
   66.903   27.799000  5.023176e+02  1.671527e+02 
   66.903   28.295000  5.026270e+02  1.671541e+02 
   66.903   28.790001  5.029162e+02  1.671546e+02 
   66.903   29.285999  5.031893e+02  1.671541e+02 
   66.903   29.782000  5.034486e+02  1.671525e+02 
   66.903   30.278000  5.036964e+02  1.671496e+02 
   66.903   30.773001  5.039338e+02  1.671455e+02 
   66.903   31.268999  5.041634e+02  1.671404e+02 
   66.903   31.764999  5.043862e+02  1.671344e+02 
   66.903   32.261002  5.046047e+02  1.671277e+02 
   66.903   32.756001  5.048203e+02  1.671204e+02 
   66.903   33.251999  5.050354e+02  1.671128e+02 
   66.903   33.748001  5.052512e+02  1.671052e+02 
   66.903   34.243999  5.054689e+02  1.670977e+02 
   66.903   34.738998  5.056897e+02  1.670904e+02 
   66.903   35.235001  5.059154e+02  1.670836e+02 
   66.903   35.730999  5.061467e+02  1.670771e+02 
   66.903   36.227001  5.063840e+02  1.670710e+02 
   66.903   36.722000  5.066267e+02  1.670654e+02 
   66.903   37.217999  5.068750e+02  1.670601e+02 
   66.903   37.714001  5.071272e+02  1.670552e+02 
   66.903   38.209999  5.073819e+02  1.670507e+02 
   66.903   38.705002  5.076364e+02  1.670466e+02 
   66.903   39.201000  5.078900e+02  1.670429e+02 
   66.903   39.696999  5.081399e+02  1.670397e+02 
   66.903   40.196999  5.083828e+02  1.670379e+02 
   66.903   45.196999  5.102745e+02  1.670425e+02 
   66.903   50.196999  5.109850e+02  1.670549e+02 
   66.903   55.196999  5.112391e+02  1.670648e+02 
   66.903   60.196999  5.120284e+02  1.670716e+02 
   66.903   65.196999  5.132793e+02  1.670759e+02 
