    0.000    0.000000  0.000000e+00  3.503111e+02 
    0.000    0.103000  0.000000e+00  3.495414e+02 
    0.000    0.206000  0.000000e+00  3.481710e+02 
    0.000    0.309000  0.000000e+00  3.467466e+02 
    0.000    0.412000  0.000000e+00  3.451666e+02 
    0.000    0.514000  0.000000e+00  3.437174e+02 
    0.000    0.617000  0.000000e+00  3.422704e+02 
    0.000    0.720000  0.000000e+00  3.407822e+02 
    0.000    0.823000  0.000000e+00  3.393321e+02 
    0.000    0.926000  0.000000e+00  3.378348e+02 
    0.000    1.029000  0.000000e+00  3.362792e+02 
    0.000    1.132000  0.000000e+00  3.348180e+02 
    0.000    1.235000  0.000000e+00  3.332595e+02 
    0.000    1.338000  0.000000e+00  3.317336e+02 
    0.000    1.440000  0.000000e+00  3.301663e+02 
    0.000    1.543000  0.000000e+00  3.285250e+02 
    0.000    1.646000  0.000000e+00  3.270884e+02 
    0.000    1.749000  0.000000e+00  3.256930e+02 
    0.000    1.852000  0.000000e+00  3.231079e+02 
    0.000    1.955000  0.000000e+00  3.178303e+02 
    0.000    2.058000  0.000000e+00  3.067505e+02 
    0.000    2.161000  0.000000e+00  3.057270e+02 
    0.000    2.264000  0.000000e+00  3.046135e+02 
    0.000    2.366000  0.000000e+00  3.034983e+02 
    0.000    2.469000  0.000000e+00  3.023344e+02 
    0.000    2.572000  0.000000e+00  3.011207e+02 
    0.000    2.675000  0.000000e+00  2.998607e+02 
    0.000    2.778000  0.000000e+00  2.985584e+02 
    0.000    2.881000  0.000000e+00  2.972421e+02 
    0.000    2.984000  0.000000e+00  2.959282e+02 
    0.000    3.087000  0.000000e+00  2.946188e+02 
    0.000    3.190000  0.000000e+00  2.933105e+02 
    0.000    3.293000  0.000000e+00  2.920087e+02 
    0.000    3.395000  0.000000e+00  2.907276e+02 
    0.000    3.498000  0.000000e+00  2.894496e+02 
    0.000    3.601000  0.000000e+00  2.881947e+02 
    0.000    3.704000  0.000000e+00  2.869640e+02 
    0.000    3.807000  0.000000e+00  2.857510e+02 
    0.000    3.910000  0.000000e+00  2.845326e+02 
    0.000    4.013000  0.000000e+00  2.833189e+02 
    0.000    4.116000  0.000000e+00  2.821136e+02 
    0.000    4.219000  0.000000e+00  2.809178e+02 
    0.000    4.321000  0.000000e+00  2.797453e+02 
    0.000    4.424000  0.000000e+00  2.785616e+02 
    0.000    4.527000  0.000000e+00  2.773873e+02 
    0.000    4.630000  0.000000e+00  2.762242e+02 
    0.000    4.733000  0.000000e+00  2.750631e+02 
    0.000    4.836000  0.000000e+00  2.739142e+02 
    0.000    4.939000  0.000000e+00  2.727764e+02 
    0.000    5.042000  0.000000e+00  2.716494e+02 
    0.000    5.145000  0.000000e+00  2.705389e+02 
    0.000    5.247000  0.000000e+00  2.694472e+02 
    0.000    5.350000  0.000000e+00  2.683598e+02 
    0.000    5.453000  0.000000e+00  2.672910e+02 
    0.000    5.556000  0.000000e+00  2.662373e+02 
    0.000    5.659000  0.000000e+00  2.652018e+02 
    0.000    5.762000  0.000000e+00  2.641837e+02 
    0.000    5.865000  0.000000e+00  2.631815e+02 
    0.000    5.968000  0.000000e+00  2.621976e+02 
    0.000    6.071000  0.000000e+00  2.612333e+02 
    0.000    6.173000  0.000000e+00  2.602944e+02 
    0.000    6.276000  0.000000e+00  2.593646e+02 
    0.000    6.379000  0.000000e+00  2.584629e+02 
    0.000    6.482000  0.000000e+00  2.575827e+02 
    0.000    6.585000  0.000000e+00  2.567291e+02 
    0.000    6.688000  0.000000e+00  2.559200e+02 
    0.000    6.791000  0.000000e+00  2.551445e+02 
    0.000    6.894000  0.000000e+00  2.544266e+02 
    0.000    6.997000  0.000000e+00  2.537804e+02 
    0.000    7.099000  0.000000e+00  2.531911e+02 
    0.000    7.202000  0.000000e+00  2.527144e+02 
    0.000    7.305000  0.000000e+00  2.523436e+02 
    0.000    7.408000  0.000000e+00  2.520415e+02 
    0.000    7.511000  0.000000e+00  2.518509e+02 
    0.000    7.614000  0.000000e+00  2.517345e+02 
    0.000    7.717000  0.000000e+00  2.516528e+02 
    0.000    7.820000  0.000000e+00  2.515820e+02 
    0.000    7.923000  0.000000e+00  2.515214e+02 
    0.000    8.025000  0.000000e+00  2.514447e+02 
    0.000    8.128000  0.000000e+00  2.513287e+02 
    0.000    8.231000  0.000000e+00  2.511905e+02 
    0.000    8.334000  0.000000e+00  2.510349e+02 
    0.000    8.437000  0.000000e+00  2.508652e+02 
    0.000    8.540000  0.000000e+00  2.506880e+02 
    0.000    8.643000  0.000000e+00  2.505108e+02 
    0.000    8.746000  0.000000e+00  2.503341e+02 
    0.000    8.849000  0.000000e+00  2.501574e+02 
    0.000    8.951000  0.000000e+00  2.499920e+02 
    0.000    9.054000  0.000000e+00  2.498318e+02 
    0.000    9.157000  0.000000e+00  2.496784e+02 
    0.000    9.260000  0.000000e+00  2.495510e+02 
    0.000    9.363000  0.000000e+00  2.494426e+02 
    0.000    9.466000  0.000000e+00  2.493459e+02 
    0.000    9.569000  0.000000e+00  2.492620e+02 
    0.000    9.672000  0.000000e+00  2.491878e+02 
    0.000    9.775000  0.000000e+00  2.491205e+02 
    0.000    9.878000  0.000000e+00  2.490582e+02 
    0.000    9.980000  0.000000e+00  2.490008e+02 
    0.000   10.083000  0.000000e+00  2.489432e+02 
    0.000   10.186000  0.000000e+00  2.488795e+02 
    0.000   10.289000  0.000000e+00  2.488126e+02 
    0.000   10.392000  0.000000e+00  2.487495e+02 
    0.000   10.495000  0.000000e+00  2.486977e+02 
    0.000   10.598000  0.000000e+00  2.486543e+02 
    0.000   10.701000  0.000000e+00  2.486105e+02 
    0.000   10.804000  0.000000e+00  2.485552e+02 
    0.000   10.906000  0.000000e+00  2.484929e+02 
    0.000   11.009000  0.000000e+00  2.484248e+02 
    0.000   11.112000  0.000000e+00  2.483469e+02 
    0.000   11.215000  0.000000e+00  2.482627e+02 
    0.000   11.318000  0.000000e+00  2.481744e+02 
    0.000   11.421000  0.000000e+00  2.480808e+02 
    0.000   11.524000  0.000000e+00  2.479834e+02 
    0.000   11.627000  0.000000e+00  2.478839e+02 
    0.000   11.730000  0.000000e+00  2.477827e+02 
    0.000   11.832000  0.000000e+00  2.476811e+02 
    0.000   11.935000  0.000000e+00  2.475781e+02 
    0.000   12.038000  0.000000e+00  2.474789e+02 
    0.000   12.141000  0.000000e+00  2.473828e+02 
    0.000   12.244000  0.000000e+00  2.472886e+02 
    0.000   12.347000  0.000000e+00  2.472002e+02 
    0.000   12.450000  0.000000e+00  2.471169e+02 
    0.000   12.553000  0.000000e+00  2.470370e+02 
    0.000   12.656000  0.000000e+00  2.469606e+02 
    0.000   12.758000  0.000000e+00  2.468880e+02 
    0.000   12.861000  0.000000e+00  2.468172e+02 
    0.000   12.964000  0.000000e+00  2.467484e+02 
    0.000   13.067000  0.000000e+00  2.466812e+02 
    0.000   13.170000  0.000000e+00  2.466155e+02 
    0.000   13.273000  0.000000e+00  2.465507e+02 
    0.000   13.376000  0.000000e+00  2.464858e+02 
    0.000   13.479000  0.000000e+00  2.464211e+02 
    0.000   13.582000  0.000000e+00  2.463568e+02 
    0.000   13.684000  0.000000e+00  2.462935e+02 
    0.000   13.787000  0.000000e+00  2.462300e+02 
    0.000   13.890000  0.000000e+00  2.461670e+02 
    0.000   13.993000  0.000000e+00  2.461064e+02 
    0.000   14.096000  0.000000e+00  2.460481e+02 
    0.000   14.199000  0.000000e+00  2.459914e+02 
    0.000   14.302000  0.000000e+00  2.459369e+02 
    0.000   14.405000  0.000000e+00  2.458848e+02 
    0.000   14.508000  0.000000e+00  2.458348e+02 
    0.000   14.610000  0.000000e+00  2.457861e+02 
    0.000   14.713000  0.000000e+00  2.457369e+02 
    0.000   14.816000  0.000000e+00  2.456877e+02 
    0.000   14.919000  0.000000e+00  2.456389e+02 
    0.000   15.022000  0.000000e+00  2.455907e+02 
    0.000   15.125000  0.000000e+00  2.455431e+02 
    0.000   15.228000  0.000000e+00  2.454962e+02 
    0.000   15.331000  0.000000e+00  2.454488e+02 
    0.000   15.434000  0.000000e+00  2.454005e+02 
    0.000   15.537000  0.000000e+00  2.453517e+02 
    0.000   15.639000  0.000000e+00  2.453034e+02 
    0.000   15.742000  0.000000e+00  2.452551e+02 
    0.000   15.845000  0.000000e+00  2.452071e+02 
    0.000   15.948000  0.000000e+00  2.451597e+02 
    0.000   16.051001  0.000000e+00  2.451151e+02 
    0.000   16.153999  0.000000e+00  2.450738e+02 
    0.000   16.257000  0.000000e+00  2.450347e+02 
    0.000   16.360001  0.000000e+00  2.449959e+02 
    0.000   16.462999  0.000000e+00  2.449554e+02 
    0.000   16.565001  0.000000e+00  2.449142e+02 
    0.000   16.667999  0.000000e+00  2.448722e+02 
    0.000   16.771000  0.000000e+00  2.448289e+02 
    0.000   16.874001  0.000000e+00  2.447845e+02 
    0.000   16.976999  0.000000e+00  2.447396e+02 
    0.000   17.080000  0.000000e+00  2.446945e+02 
    0.000   17.183001  0.000000e+00  2.446494e+02 
    0.000   17.285999  0.000000e+00  2.446043e+02 
    0.000   17.389000  0.000000e+00  2.445593e+02 
    0.000   17.490999  0.000000e+00  2.445149e+02 
    0.000   17.594000  0.000000e+00  2.444702e+02 
    0.000   17.697001  0.000000e+00  2.444256e+02 
    0.000   17.799999  0.000000e+00  2.443816e+02 
    0.000   17.903000  0.000000e+00  2.443383e+02 
    0.000   18.006001  0.000000e+00  2.442958e+02 
    0.000   18.108999  0.000000e+00  2.442537e+02 
    0.000   18.212000  0.000000e+00  2.442136e+02 
    0.000   18.315001  0.000000e+00  2.441753e+02 
    0.000   18.417000  0.000000e+00  2.441388e+02 
    0.000   18.520000  0.000000e+00  2.441032e+02 
    0.000   18.622999  0.000000e+00  2.440690e+02 
    0.000   18.726000  0.000000e+00  2.440359e+02 
    0.000   18.829000  0.000000e+00  2.440039e+02 
    0.000   18.931999  0.000000e+00  2.439727e+02 
    0.000   19.035000  0.000000e+00  2.439423e+02 
    0.000   19.138000  0.000000e+00  2.439126e+02 
    0.000   19.240999  0.000000e+00  2.438835e+02 
    0.000   19.343000  0.000000e+00  2.438548e+02 
    0.000   19.445999  0.000000e+00  2.438256e+02 
    0.000   19.549000  0.000000e+00  2.437964e+02 
    0.000   19.652000  0.000000e+00  2.437674e+02 
    0.000   19.754999  0.000000e+00  2.437373e+02 
    0.000   19.858000  0.000000e+00  2.437061e+02 
    0.000   19.961000  0.000000e+00  2.436741e+02 
    0.000   20.063999  0.000000e+00  2.436417e+02 
    0.000   20.363001  0.000000e+00  2.435468e+02 
    0.000   20.858999  0.000000e+00  2.434017e+02 
    0.000   21.355000  0.000000e+00  2.432831e+02 
    0.000   21.850000  0.000000e+00  2.431836e+02 
    0.000   22.346001  0.000000e+00  2.430906e+02 
    0.000   22.842001  0.000000e+00  2.429982e+02 
    0.000   23.337999  0.000000e+00  2.429062e+02 
    0.000   23.833000  0.000000e+00  2.428275e+02 
    0.000   24.329000  0.000000e+00  2.427760e+02 
    0.000   24.825001  0.000000e+00  2.427513e+02 
    0.000   25.320999  0.000000e+00  2.427447e+02 
    0.000   25.816000  0.000000e+00  2.427361e+02 
    0.000   26.312000  0.000000e+00  2.427260e+02 
    0.000   26.808001  0.000000e+00  2.427274e+02 
    0.000   27.304001  0.000000e+00  2.427395e+02 
    0.000   27.799000  0.000000e+00  2.427599e+02 
    0.000   28.295000  0.000000e+00  2.427894e+02 
    0.000   28.791000  0.000000e+00  2.428260e+02 
    0.000   29.287001  0.000000e+00  2.428649e+02 
    0.000   29.782000  0.000000e+00  2.429081e+02 
    0.000   30.278000  0.000000e+00  2.429590e+02 
    0.000   30.774000  0.000000e+00  2.430152e+02 
    0.000   31.270000  0.000000e+00  2.430727e+02 
    0.000   31.764999  0.000000e+00  2.431292e+02 
    0.000   32.261002  0.000000e+00  2.431854e+02 
    0.000   32.757000  0.000000e+00  2.432414e+02 
    0.000   33.252998  0.000000e+00  2.432963e+02 
    0.000   33.748001  0.000000e+00  2.433515e+02 
    0.000   34.243999  0.000000e+00  2.434076e+02 
    0.000   34.740002  0.000000e+00  2.434673e+02 
    0.000   35.236000  0.000000e+00  2.435299e+02 
    0.000   35.730999  0.000000e+00  2.435910e+02 
    0.000   36.227001  0.000000e+00  2.436503e+02 
    0.000   36.723000  0.000000e+00  2.437031e+02 
    0.000   37.219002  0.000000e+00  2.437504e+02 
    0.000   37.714001  0.000000e+00  2.437943e+02 
    0.000   38.209999  0.000000e+00  2.438357e+02 
    0.000   38.706001  0.000000e+00  2.438777e+02 
    0.000   39.202000  0.000000e+00  2.439210e+02 
    0.000   39.696999  0.000000e+00  2.439669e+02 
    0.000   40.196999  0.000000e+00  2.440167e+02 
    0.000   45.196999  0.000000e+00  2.444639e+02 
    0.000   50.196999  0.000000e+00  2.446880e+02 
    0.000   55.196999  0.000000e+00  2.446816e+02 
    0.000   60.196999  0.000000e+00  2.446148e+02 
    0.000   65.196999  0.000000e+00  2.445622e+02 
