   67.098    0.000000  3.072889e+02  4.064770e+01 
   67.098    0.103000  3.090361e+02  4.087201e+01 
   67.098    0.206000  3.107741e+02  4.112511e+01 
   67.098    0.309000  3.170605e+02  4.239049e+01 
   67.098    0.412000  3.232624e+02  4.362875e+01 
   67.098    0.515000  3.292661e+02  4.481217e+01 
   67.098    0.618000  3.347533e+02  4.587471e+01 
   67.098    0.721000  3.394684e+02  4.676901e+01 
   67.098    0.824000  3.432010e+02  4.745912e+01 
   67.098    0.926000  3.458955e+02  4.793973e+01 
   67.098    1.029000  3.485587e+02  4.841278e+01 
   67.098    1.132000  3.511477e+02  4.887069e+01 
   67.098    1.235000  3.536587e+02  4.931186e+01 
   67.098    1.338000  3.560850e+02  4.973301e+01 
   67.098    1.441000  3.584255e+02  5.013585e+01 
   67.098    1.544000  3.603023e+02  5.045125e+01 
   67.098    1.647000  3.621702e+02  5.076815e+01 
   67.098    1.750000  3.640337e+02  5.108570e+01 
   67.098    1.852000  3.658794e+02  5.139994e+01 
   67.098    1.955000  3.689225e+02  5.194234e+01 
   67.098    2.058000  3.707884e+02  5.225751e+01 
   67.098    2.161000  3.726453e+02  5.257257e+01 
   67.098    2.264000  3.744880e+02  5.288744e+01 
   67.098    2.367000  3.763115e+02  5.320186e+01 
   67.098    2.470000  3.781158e+02  5.351552e+01 
   67.098    2.573000  3.799016e+02  5.382814e+01 
   67.098    2.676000  3.816692e+02  5.413956e+01 
   67.098    2.778000  3.834033e+02  5.444656e+01 
   67.098    2.881000  3.851369e+02  5.475505e+01 
   67.098    2.984000  3.868513e+02  5.506194e+01 
   67.098    3.087000  3.885466e+02  5.536711e+01 
   67.098    3.190000  3.902252e+02  5.567046e+01 
   67.098    3.293000  3.918890e+02  5.597194e+01 
   67.098    3.396000  3.935403e+02  5.627143e+01 
   67.098    3.499000  3.951801e+02  5.656892e+01 
   67.098    3.602000  3.968134e+02  5.686430e+01 
   67.098    3.704000  3.984287e+02  5.715464e+01 
   67.098    3.807000  4.000602e+02  5.744556e+01 
   67.098    3.910000  4.016980e+02  5.773417e+01 
   67.098    4.013000  4.033459e+02  5.802047e+01 
   67.098    4.116000  4.050020e+02  5.830444e+01 
   67.098    4.219000  4.066639e+02  5.858612e+01 
   67.098    4.322000  4.083281e+02  5.886553e+01 
   67.098    4.425000  4.099856e+02  5.914271e+01 
   67.098    4.528000  4.116283e+02  5.941772e+01 
   67.098    4.631000  4.132522e+02  5.969054e+01 
   67.098    4.733000  4.148380e+02  5.995856e+01 
   67.098    4.836000  4.164140e+02  6.022698e+01 
   67.098    4.939000  4.179646e+02  6.049314e+01 
   67.098    5.042000  4.194903e+02  6.075706e+01 
   67.098    5.145000  4.209874e+02  6.101870e+01 
   67.098    5.248000  4.224556e+02  6.127805e+01 
   67.098    5.351000  4.238938e+02  6.153511e+01 
   67.098    5.454000  4.253009e+02  6.178984e+01 
   67.098    5.557000  4.266788e+02  6.204225e+01 
   67.098    5.659000  4.280136e+02  6.228993e+01 
   67.098    5.762000  4.293322e+02  6.253771e+01 
   67.098    5.865000  4.306242e+02  6.278318e+01 
   67.098    5.968000  4.318885e+02  6.302635e+01 
   67.098    6.071000  4.331273e+02  6.326722e+01 
   67.098    6.174000  4.343443e+02  6.350579e+01 
   67.098    6.277000  4.355422e+02  6.374200e+01 
   67.098    6.380000  4.367247e+02  6.397579e+01 
   67.098    6.483000  4.378933e+02  6.420717e+01 
   67.098    6.585000  4.390393e+02  6.443379e+01 
   67.098    6.688000  4.401903e+02  6.465992e+01 
   67.098    6.791000  4.413354e+02  6.488331e+01 
   67.098    6.894000  4.424682e+02  6.510390e+01 
   67.098    6.997000  4.435801e+02  6.532161e+01 
   67.098    7.100000  4.446637e+02  6.553639e+01 
   67.098    7.203000  4.457052e+02  6.574816e+01 
   67.098    7.306000  4.466933e+02  6.595674e+01 
   67.098    7.409000  4.476228e+02  6.616206e+01 
   67.098    7.511000  4.484783e+02  6.636202e+01 
   67.098    7.614000  4.492667e+02  6.656046e+01 
   67.098    7.717000  4.499936e+02  6.675552e+01 
   67.098    7.820000  4.506913e+02  6.694736e+01 
   67.098    7.923000  4.513637e+02  6.713610e+01 
   67.098    8.026000  4.520206e+02  6.732193e+01 
   67.098    8.129000  4.526744e+02  6.750510e+01 
   67.098    8.231999  4.533256e+02  6.768572e+01 
   67.098    8.335000  4.539676e+02  6.786372e+01 
   67.098    8.436999  4.545881e+02  6.803741e+01 
   67.098    8.540000  4.551983e+02  6.821018e+01 
   67.098    8.643000  4.557924e+02  6.838025e+01 
   67.098    8.745999  4.563690e+02  6.854758e+01 
   67.098    8.849000  4.569275e+02  6.871219e+01 
   67.098    8.952000  4.574756e+02  6.887405e+01 
   67.098    9.054999  4.580176e+02  6.903316e+01 
   67.098    9.158000  4.585529e+02  6.918954e+01 
   67.098    9.261000  4.590806e+02  6.934313e+01 
   67.098    9.363000  4.595953e+02  6.949250e+01 
   67.098    9.466000  4.601070e+02  6.964063e+01 
   67.098    9.568999  4.606109e+02  6.978619e+01 
   67.098    9.672000  4.611073e+02  6.992923e+01 
   67.098    9.775000  4.615942e+02  7.006978e+01 
   67.098    9.877999  4.620691e+02  7.020787e+01 
   67.098    9.981000  4.625313e+02  7.034354e+01 
   67.098   10.084000  4.630157e+02  7.047673e+01 
   67.098   10.186999  4.634905e+02  7.060770e+01 
   67.098   10.290000  4.639564e+02  7.073655e+01 
   67.098   10.391999  4.644102e+02  7.086207e+01 
   67.098   10.495000  4.648626e+02  7.098676e+01 
   67.098   10.598000  4.653095e+02  7.110942e+01 
   67.098   10.700999  4.657499e+02  7.123011e+01 
   67.098   10.804000  4.661827e+02  7.134895e+01 
   67.098   10.907000  4.666075e+02  7.146602e+01 
   67.098   11.009999  4.670256e+02  7.158135e+01 
   67.098   11.113000  4.674388e+02  7.169505e+01 
   67.098   11.216000  4.678474e+02  7.180717e+01 
   67.098   11.318000  4.682475e+02  7.191666e+01 
   67.098   11.421000  4.686467e+02  7.202569e+01 
   67.098   11.523999  4.690410e+02  7.213322e+01 
   67.098   11.627000  4.694303e+02  7.223927e+01 
   67.098   11.730000  4.698142e+02  7.234386e+01 
   67.098   11.832999  4.701927e+02  7.244701e+01 
   67.098   11.936000  4.705656e+02  7.254874e+01 
   67.098   12.039000  4.709335e+02  7.264905e+01 
   67.098   12.141999  4.712964e+02  7.274799e+01 
   67.098   12.243999  4.716509e+02  7.284461e+01 
   67.098   12.346999  4.720039e+02  7.294080e+01 
   67.098   12.450000  4.723521e+02  7.303564e+01 
   67.098   12.552999  4.726953e+02  7.312910e+01 
   67.098   12.655999  4.730338e+02  7.322118e+01 
   67.098   12.759000  4.733676e+02  7.331189e+01 
   67.098   12.862000  4.736971e+02  7.340123e+01 
   67.098   12.964999  4.740225e+02  7.348917e+01 
   67.098   13.068000  4.743441e+02  7.357571e+01 
   67.098   13.169999  4.746587e+02  7.366003e+01 
   67.098   13.273000  4.749726e+02  7.374380e+01 
   67.098   13.375999  4.752828e+02  7.382621e+01 
   67.098   13.478999  4.755895e+02  7.390727e+01 
   67.098   13.582000  4.758926e+02  7.398698e+01 
   67.098   13.684999  4.761922e+02  7.406539e+01 
   67.098   13.787999  4.764884e+02  7.414251e+01 
   67.098   13.891000  4.767812e+02  7.421833e+01 
   67.098   13.993999  4.770708e+02  7.429287e+01 
   67.098   14.096000  4.773544e+02  7.436543e+01 
   67.098   14.198999  4.776376e+02  7.443742e+01 
   67.098   14.302000  4.779177e+02  7.450818e+01 
   67.098   14.405000  4.781946e+02  7.457771e+01 
   67.098   14.507999  4.784684e+02  7.464603e+01 
   67.098   14.611000  4.787390e+02  7.471317e+01 
   67.098   14.714000  4.790064e+02  7.477919e+01 
   67.098   14.816999  4.792708e+02  7.484412e+01 
   67.098   14.919999  4.795320e+02  7.490797e+01 
   67.098   15.021999  4.797875e+02  7.497018e+01 
   67.098   15.125000  4.800424e+02  7.503201e+01 
   67.098   15.228000  4.802942e+02  7.509283e+01 
   67.098   15.330999  4.805429e+02  7.515268e+01 
   67.098   15.434000  4.807886e+02  7.521159e+01 
   67.098   15.537000  4.810312e+02  7.526958e+01 
   67.098   15.639999  4.812709e+02  7.532664e+01 
   67.098   15.743000  4.815077e+02  7.538278e+01 
   67.098   15.846000  4.817416e+02  7.543801e+01 
   67.098   15.949000  4.819728e+02  7.549232e+01 
   67.098   16.051001  4.821992e+02  7.554520e+01 
   67.098   16.154001  4.824254e+02  7.559768e+01 
   67.098   16.257000  4.826491e+02  7.564925e+01 
   67.098   16.360001  4.828704e+02  7.569991e+01 
   67.098   16.463001  4.830894e+02  7.574971e+01 
   67.098   16.566000  4.833061e+02  7.579865e+01 
   67.098   16.669001  4.835206e+02  7.584673e+01 
   67.098   16.772001  4.837330e+02  7.589395e+01 
   67.098   16.875000  4.839435e+02  7.594030e+01 
   67.098   16.977001  4.841500e+02  7.598534e+01 
   67.098   17.080000  4.843568e+02  7.602994e+01 
   67.098   17.183001  4.845620e+02  7.607360e+01 
   67.098   17.286001  4.847658e+02  7.611635e+01 
   67.098   17.389000  4.849682e+02  7.615816e+01 
   67.098   17.492001  4.851693e+02  7.619905e+01 
   67.098   17.595001  4.853693e+02  7.623901e+01 
   67.098   17.698000  4.855681e+02  7.627804e+01 
   67.098   17.801001  4.857656e+02  7.631618e+01 
   67.098   17.903000  4.859597e+02  7.635313e+01 
   67.098   18.006001  4.861544e+02  7.638963e+01 
   67.098   18.109001  4.863476e+02  7.642534e+01 
   67.098   18.212000  4.865392e+02  7.646030e+01 
   67.098   18.315001  4.867289e+02  7.649458e+01 
   67.098   18.418001  4.869170e+02  7.652816e+01 
   67.098   18.521000  4.871033e+02  7.656105e+01 
   67.098   18.624001  4.872881e+02  7.659323e+01 
   67.098   18.727001  4.874713e+02  7.662473e+01 
   67.098   18.829000  4.876513e+02  7.665523e+01 
   67.098   18.932001  4.878316e+02  7.668534e+01 
   67.098   19.035000  4.880105e+02  7.671475e+01 
   67.098   19.138000  4.881883e+02  7.674350e+01 
   67.098   19.241001  4.883647e+02  7.677157e+01 
   67.098   19.344000  4.885398e+02  7.679900e+01 
   67.098   19.447001  4.887136e+02  7.682583e+01 
   67.098   19.550001  4.888861e+02  7.685204e+01 
   67.098   19.653000  4.890573e+02  7.687768e+01 
   67.098   19.755001  4.892254e+02  7.690250e+01 
   67.098   19.858000  4.893939e+02  7.692701e+01 
   67.098   19.961000  4.895610e+02  7.695099e+01 
   67.098   20.064001  4.897272e+02  7.697433e+01 
   67.098   20.363001  4.902045e+02  7.703862e+01 
   67.098   20.859001  4.909734e+02  7.713569e+01 
   67.098   21.355001  4.917141e+02  7.722139e+01 
   67.098   21.851000  4.924283e+02  7.729636e+01 
   67.098   22.346001  4.931095e+02  7.736295e+01 
   67.098   22.842001  4.937538e+02  7.742429e+01 
   67.098   23.338001  4.943558e+02  7.748203e+01 
   67.098   23.834000  4.949166e+02  7.753653e+01 
   67.098   24.329000  4.954406e+02  7.758701e+01 
   67.098   24.825001  4.959344e+02  7.763320e+01 
   67.098   25.321001  4.963968e+02  7.767556e+01 
   67.098   25.817001  4.968284e+02  7.771487e+01 
   67.098   26.312000  4.972306e+02  7.775128e+01 
   67.098   26.808001  4.976078e+02  7.778472e+01 
   67.098   27.304001  4.979613e+02  7.781514e+01 
   67.098   27.800001  4.982916e+02  7.784289e+01 
   67.098   28.295000  4.985989e+02  7.786813e+01 
   67.098   28.791000  4.988875e+02  7.789109e+01 
   67.098   29.287001  4.991596e+02  7.791174e+01 
   67.098   29.783001  4.994182e+02  7.793008e+01 
   67.098   30.278000  4.996646e+02  7.794614e+01 
   67.098   30.774000  4.999016e+02  7.796023e+01 
   67.098   31.270000  5.001302e+02  7.797247e+01 
   67.098   31.766001  5.003520e+02  7.798306e+01 
   67.098   32.262001  5.005694e+02  7.799212e+01 
   67.098   32.757000  5.007836e+02  7.799986e+01 
   67.098   33.253002  5.009972e+02  7.800655e+01 
   67.098   33.749001  5.012114e+02  7.801237e+01 
   67.098   34.244999  5.014273e+02  7.801754e+01 
   67.098   34.740002  5.016461e+02  7.802216e+01 
   67.098   35.236000  5.018697e+02  7.802637e+01 
   67.098   35.732002  5.020988e+02  7.803021e+01 
   67.098   36.228001  5.023338e+02  7.803378e+01 
   67.098   36.723000  5.025742e+02  7.803707e+01 
   67.098   37.219002  5.028203e+02  7.804016e+01 
   67.098   37.715000  5.030704e+02  7.804306e+01 
   67.098   38.211002  5.033231e+02  7.804581e+01 
   67.098   38.706001  5.035758e+02  7.804844e+01 
   67.098   39.202000  5.038278e+02  7.805099e+01 
   67.098   39.698002  5.040762e+02  7.805350e+01 
   67.098   40.198002  5.043179e+02  7.805658e+01 
   67.098   45.198002  5.062054e+02  7.808926e+01 
   67.098   50.198002  5.069168e+02  7.811258e+01 
   67.098   55.198002  5.071695e+02  7.812726e+01 
   67.098   60.198002  5.079485e+02  7.813619e+01 
   67.098   65.197998  5.091957e+02  7.814153e+01 
