   67.833    0.000000  8.732963e-17  5.638970e+00 
   67.833    0.103000  8.781071e-17  5.725502e+00 
   67.833    0.206000  8.828829e-17  5.813434e+00 
   67.833    0.309000  8.876503e-17  5.901673e+00 
   67.833    0.412000  8.924156e-17  5.989833e+00 
   67.833    0.514000  8.971343e-17  6.076857e+00 
   67.833    0.617000  1.758592e-16  1.010268e+01 
   67.833    0.720000  4.874771e-16  1.550999e+01 
   67.833    0.823000  1.822808e-15  2.203221e+01 
   67.833    0.926000  8.814489e-15  2.944345e+01 
   67.833    1.029000  5.504183e-14  3.780642e+01 
   67.833    1.132000  4.296173e-13  4.696408e+01 
   67.833    1.235000  4.084493e-12  5.680994e+01 
   67.833    1.338000  4.840207e-11  6.755036e+01 
   67.833    1.440000  6.858764e-10  7.904397e+01 
   67.833    1.543000  1.207215e-08  9.152272e+01 
   67.833    1.646000  2.536363e-07  1.049318e+02 
   67.833    1.749000  7.856032e-06  1.198777e+02 
   67.833    1.852000  3.303686e-04  1.372653e+02 
   67.833    1.955000  1.544966e-02  1.579432e+02 
   67.833    2.058000  5.965177e-01  1.843693e+02 
   67.833    2.161000  1.413429e+01  2.214773e+02 
   67.833    2.264000  1.887661e+02  2.699823e+02 
   67.833    2.366000  1.902882e+02  2.697268e+02 
   67.833    2.469000  1.913537e+02  2.694925e+02 
   67.833    2.572000  1.925494e+02  2.693355e+02 
   67.833    2.675000  1.938477e+02  2.692314e+02 
   67.833    2.778000  1.955830e+02  2.692327e+02 
   67.833    2.881000  1.989325e+02  2.695438e+02 
   67.833    2.984000  2.036490e+02  2.701196e+02 
   67.833    3.087000  2.098036e+02  2.709634e+02 
   67.833    3.190000  2.177248e+02  2.721114e+02 
   67.833    3.292000  2.186789e+02  2.720800e+02 
   67.833    3.395000  2.196341e+02  2.720660e+02 
   67.833    3.498000  2.205835e+02  2.720663e+02 
   67.833    3.601000  2.215294e+02  2.720786e+02 
   67.833    3.704000  2.224758e+02  2.721007e+02 
   67.833    3.807000  2.234224e+02  2.721318e+02 
   67.833    3.910000  2.243693e+02  2.721711e+02 
   67.833    4.013000  2.253157e+02  2.722178e+02 
   67.833    4.116000  2.262585e+02  2.722718e+02 
   67.833    4.219000  2.271937e+02  2.723330e+02 
   67.833    4.321000  2.281102e+02  2.724002e+02 
   67.833    4.424000  2.290253e+02  2.724740e+02 
   67.833    4.527000  2.299291e+02  2.725532e+02 
   67.833    4.630000  2.308212e+02  2.726371e+02 
   67.833    4.733000  2.317039e+02  2.727249e+02 
   67.833    4.836000  2.325757e+02  2.728162e+02 
   67.833    4.939000  2.334363e+02  2.729105e+02 
   67.833    5.042000  2.342854e+02  2.730078e+02 
   67.833    5.145000  2.351215e+02  2.731076e+02 
   67.833    5.247000  2.359364e+02  2.732089e+02 
   67.833    5.350000  2.369486e+02  2.733510e+02 
   67.833    5.453000  2.379404e+02  2.734935e+02 
   67.833    5.556000  2.389158e+02  2.736366e+02 
   67.833    5.659000  2.398777e+02  2.737809e+02 
   67.833    5.762000  2.408290e+02  2.739265e+02 
   67.833    5.865000  2.417707e+02  2.740735e+02 
   67.833    5.968000  2.425119e+02  2.741859e+02 
   67.833    6.071000  2.441258e+02  2.743891e+02 
   67.833    6.173000  2.458232e+02  2.746017e+02 
   67.833    6.276000  2.505420e+02  2.751137e+02 
   67.833    6.379000  2.599914e+02  2.760645e+02 
   67.833    6.482000  2.761833e+02  2.775738e+02 
   67.833    6.585000  2.973618e+02  2.793871e+02 
   67.833    6.688000  3.259246e+02  2.815905e+02 
   67.833    6.791000  3.565817e+02  2.837006e+02 
   67.833    6.894000  3.846066e+02  2.854298e+02 
   67.833    6.997000  3.882467e+02  2.856672e+02 
   67.833    7.099000  3.924120e+02  2.859370e+02 
   67.833    7.202000  3.964259e+02  2.862009e+02 
   67.833    7.305000  3.995884e+02  2.864206e+02 
   67.833    7.408000  4.023732e+02  2.866229e+02 
   67.833    7.511000  4.052847e+02  2.868369e+02 
   67.833    7.614000  4.076615e+02  2.870259e+02 
   67.833    7.717000  4.099582e+02  2.872125e+02 
   67.833    7.820000  4.123755e+02  2.874051e+02 
   67.833    7.923000  4.147544e+02  2.875942e+02 
   67.833    8.025000  4.170699e+02  2.877774e+02 
   67.833    8.128000  4.193825e+02  2.879588e+02 
   67.833    8.231000  4.216667e+02  2.881369e+02 
   67.833    8.334000  4.238125e+02  2.883063e+02 
   67.833    8.437000  4.259816e+02  2.884760e+02 
   67.833    8.540000  4.282365e+02  2.886491e+02 
   67.833    8.643000  4.304190e+02  2.888169e+02 
   67.833    8.746000  4.325405e+02  2.889797e+02 
   67.833    8.849000  4.345742e+02  2.891334e+02 
   67.833    8.951000  4.370666e+02  2.893070e+02 
   67.833    9.054000  4.378487e+02  2.894054e+02 
   67.833    9.157000  4.386672e+02  2.895053e+02 
   67.833    9.260000  4.395365e+02  2.896076e+02 
   67.833    9.363000  4.404131e+02  2.897126e+02 
   67.833    9.466000  4.413227e+02  2.898185e+02 
   67.833    9.569000  4.422653e+02  2.899252e+02 
   67.833    9.672000  4.432305e+02  2.900318e+02 
   67.833    9.775000  4.442111e+02  2.901379e+02 
   67.833    9.878000  4.451936e+02  2.902427e+02 
   67.833    9.980000  4.461620e+02  2.903445e+02 
   67.833   10.083000  4.471081e+02  2.904507e+02 
   67.833   10.186000  4.480471e+02  2.905589e+02 
   67.833   10.289000  4.489445e+02  2.906618e+02 
   67.833   10.392000  4.494041e+02  2.907134e+02 
   67.833   10.495000  4.498565e+02  2.907639e+02 
   67.833   10.598000  4.502965e+02  2.908129e+02 
   67.833   10.701000  4.507301e+02  2.908609e+02 
   67.833   10.804000  4.511584e+02  2.909081e+02 
   67.833   10.906000  4.515773e+02  2.909541e+02 
   67.833   11.009000  4.519948e+02  2.909999e+02 
   67.833   11.112000  4.524067e+02  2.910451e+02 
   67.833   11.215000  4.528130e+02  2.910898e+02 
   67.833   11.318000  4.532137e+02  2.911339e+02 
   67.833   11.421000  4.536091e+02  2.911776e+02 
   67.833   11.524000  4.539994e+02  2.912209e+02 
   67.833   11.627000  4.543843e+02  2.912637e+02 
   67.833   11.730000  4.547638e+02  2.913061e+02 
   67.833   11.832000  4.551341e+02  2.913476e+02 
   67.833   11.934999  4.555026e+02  2.913890e+02 
   67.833   12.038000  4.558658e+02  2.914299e+02 
   67.833   12.141000  4.562241e+02  2.914703e+02 
   67.833   12.243999  4.565772e+02  2.915102e+02 
   67.833   12.347000  4.569256e+02  2.915495e+02 
   67.833   12.450000  4.572693e+02  2.915882e+02 
   67.833   12.552999  4.576083e+02  2.916263e+02 
   67.833   12.656000  4.579430e+02  2.916637e+02 
   67.833   12.757999  4.582702e+02  2.917002e+02 
   67.833   12.861000  4.585968e+02  2.917365e+02 
   67.833   12.964000  4.589196e+02  2.917720e+02 
   67.833   13.066999  4.592387e+02  2.918069e+02 
   67.833   13.170000  4.595540e+02  2.918411e+02 
   67.833   13.273000  4.598657e+02  2.918745e+02 
   67.833   13.375999  4.601737e+02  2.919072e+02 
   67.833   13.479000  4.604783e+02  2.919391e+02 
   67.833   13.582000  4.607794e+02  2.919702e+02 
   67.833   13.684000  4.610743e+02  2.920001e+02 
   67.833   13.787000  4.613689e+02  2.920294e+02 
   67.833   13.890000  4.616602e+02  2.920578e+02 
   67.833   13.993000  4.619485e+02  2.920853e+02 
   67.833   14.096000  4.622337e+02  2.921119e+02 
   67.833   14.199000  4.625157e+02  2.921376e+02 
   67.833   14.302000  4.627946e+02  2.921624e+02 
   67.833   14.405000  4.630704e+02  2.921866e+02 
   67.833   14.507999  4.633429e+02  2.922100e+02 
   67.833   14.610000  4.636094e+02  2.922325e+02 
   67.833   14.713000  4.638753e+02  2.922547e+02 
   67.833   14.816000  4.641379e+02  2.922765e+02 
   67.833   14.919000  4.643972e+02  2.922977e+02 
   67.833   15.022000  4.646533e+02  2.923185e+02 
   67.833   15.125000  4.649062e+02  2.923387e+02 
   67.833   15.228000  4.651560e+02  2.923586e+02 
   67.833   15.331000  4.654026e+02  2.923779e+02 
   67.833   15.434000  4.656462e+02  2.923969e+02 
   67.833   15.537000  4.658869e+02  2.924153e+02 
   67.833   15.639000  4.661222e+02  2.924331e+02 
   67.833   15.742000  4.663569e+02  2.924507e+02 
   67.833   15.845000  4.665887e+02  2.924678e+02 
   67.833   15.947999  4.668180e+02  2.924845e+02 
   67.833   16.051001  4.670446e+02  2.925008e+02 
   67.833   16.154001  4.672690e+02  2.925166e+02 
   67.833   16.257000  4.674908e+02  2.925320e+02 
   67.833   16.360001  4.677104e+02  2.925468e+02 
   67.833   16.463001  4.679277e+02  2.925612e+02 
   67.833   16.565001  4.681407e+02  2.925749e+02 
   67.833   16.668001  4.683536e+02  2.925882e+02 
   67.833   16.771000  4.685647e+02  2.926009e+02 
   67.833   16.874001  4.687739e+02  2.926129e+02 
   67.833   16.977001  4.689813e+02  2.926241e+02 
   67.833   17.080000  4.691872e+02  2.926346e+02 
   67.833   17.183001  4.693919e+02  2.926441e+02 
   67.833   17.286001  4.695954e+02  2.926527e+02 
   67.833   17.389000  4.697975e+02  2.926604e+02 
   67.833   17.491001  4.699965e+02  2.926671e+02 
   67.833   17.594002  4.701962e+02  2.926730e+02 
   67.833   17.697001  4.703947e+02  2.926780e+02 
   67.833   17.800001  4.705918e+02  2.926823e+02 
   67.833   17.903002  4.707873e+02  2.926861e+02 
   67.833   18.006001  4.709811e+02  2.926893e+02 
   67.833   18.109001  4.711734e+02  2.926919e+02 
   67.833   18.212000  4.713640e+02  2.926941e+02 
   67.833   18.315001  4.715530e+02  2.926957e+02 
   67.833   18.417002  4.717386e+02  2.926969e+02 
   67.833   18.520000  4.719243e+02  2.926976e+02 
   67.833   18.623001  4.721086e+02  2.926978e+02 
   67.833   18.726002  4.722914e+02  2.926974e+02 
   67.833   18.829000  4.724727e+02  2.926966e+02 
   67.833   18.932001  4.726525e+02  2.926954e+02 
   67.833   19.035002  4.728309e+02  2.926936e+02 
   67.833   19.138000  4.730079e+02  2.926914e+02 
   67.833   19.241001  4.731837e+02  2.926888e+02 
   67.833   19.344002  4.733580e+02  2.926858e+02 
   67.833   19.446001  4.735294e+02  2.926823e+02 
   67.833   19.549002  4.737013e+02  2.926784e+02 
   67.833   19.652000  4.738718e+02  2.926741e+02 
   67.833   19.755001  4.740411e+02  2.926693e+02 
   67.833   19.858002  4.742091e+02  2.926642e+02 
   67.833   19.961000  4.743760e+02  2.926586e+02 
   67.833   20.064001  4.745419e+02  2.926524e+02 
   67.833   20.363001  4.750182e+02  2.926315e+02 
   67.833   20.859001  4.757853e+02  2.925905e+02 
   67.833   21.355001  4.765243e+02  2.925422e+02 
   67.833   21.850000  4.772326e+02  2.924886e+02 
   67.833   22.346001  4.779063e+02  2.924343e+02 
   67.833   22.842001  4.785385e+02  2.923837e+02 
   67.833   23.338001  4.791277e+02  2.923383e+02 
   67.833   23.833000  4.796775e+02  2.922963e+02 
   67.833   24.329000  4.801965e+02  2.922554e+02 
   67.833   24.825001  4.806851e+02  2.922155e+02 
   67.833   25.321001  4.811415e+02  2.921780e+02 
   67.833   25.816000  4.815663e+02  2.921432e+02 
   67.833   26.312000  4.819643e+02  2.921103e+02 
   67.833   26.808001  4.823369e+02  2.920787e+02 
   67.833   27.304001  4.826851e+02  2.920486e+02 
   67.833   27.799002  4.830096e+02  2.920199e+02 
   67.833   28.295000  4.833140e+02  2.919922e+02 
   67.833   28.791000  4.836003e+02  2.919651e+02 
   67.833   29.287001  4.838708e+02  2.919383e+02 
   67.833   29.782001  4.841271e+02  2.919116e+02 
   67.833   30.278002  4.843716e+02  2.918849e+02 
   67.833   30.774000  4.846055e+02  2.918583e+02 
   67.833   31.270000  4.848305e+02  2.918319e+02 
   67.833   31.765001  4.850478e+02  2.918057e+02 
   67.833   32.260998  4.852607e+02  2.917795e+02 
   67.833   32.757000  4.854704e+02  2.917537e+02 
   67.833   33.252998  4.856784e+02  2.917284e+02 
   67.833   33.747997  4.858860e+02  2.917040e+02 
   67.833   34.243999  4.860950e+02  2.916808e+02 
   67.833   34.739998  4.863069e+02  2.916589e+02 
   67.833   35.236000  4.865229e+02  2.916384e+02 
   67.833   35.730999  4.867436e+02  2.916191e+02 
   67.833   36.226997  4.869705e+02  2.916011e+02 
   67.833   36.723000  4.872032e+02  2.915842e+02 
   67.833   37.218998  4.874411e+02  2.915684e+02 
   67.833   37.714001  4.876829e+02  2.915537e+02 
   67.833   38.209999  4.879282e+02  2.915401e+02 
   67.833   38.705997  4.881747e+02  2.915275e+02 
   67.833   39.202000  4.884207e+02  2.915160e+02 
   67.833   39.696999  4.886631e+02  2.915056e+02 
   67.833   40.196999  4.889000e+02  2.914974e+02 
   67.833   45.196999  4.907662e+02  2.914650e+02 
   67.833   50.196999  4.914746e+02  2.914627e+02 
   67.833   55.196999  4.917224e+02  2.914664e+02 
   67.833   60.196999  4.924625e+02  2.914702e+02 
   67.833   65.197006  4.936945e+02  2.914729e+02 
