    0.000    0.000000  0.000000e+00  3.513542e+02 
    0.000    0.103000  0.000000e+00  3.507005e+02 
    0.000    0.206000  0.000000e+00  3.493238e+02 
    0.000    0.309000  0.000000e+00  3.477148e+02 
    0.000    0.412000  0.000000e+00  3.461596e+02 
    0.000    0.515000  0.000000e+00  3.445545e+02 
    0.000    0.618000  0.000000e+00  3.427187e+02 
    0.000    0.721000  0.000000e+00  3.406810e+02 
    0.000    0.824000  0.000000e+00  3.384483e+02 
    0.000    0.926000  0.000000e+00  3.360171e+02 
    0.000    1.029000  0.000000e+00  3.333366e+02 
    0.000    1.132000  0.000000e+00  3.304788e+02 
    0.000    1.235000  0.000000e+00  3.276054e+02 
    0.000    1.338000  0.000000e+00  3.247727e+02 
    0.000    1.441000  0.000000e+00  3.219611e+02 
    0.000    1.544000  0.000000e+00  3.191483e+02 
    0.000    1.647000  0.000000e+00  3.163250e+02 
    0.000    1.750000  0.000000e+00  3.150357e+02 
    0.000    1.852000  0.000000e+00  3.136545e+02 
    0.000    1.955000  0.000000e+00  3.121872e+02 
    0.000    2.058000  0.000000e+00  3.106185e+02 
    0.000    2.161000  0.000000e+00  3.088984e+02 
    0.000    2.264000  0.000000e+00  3.042381e+02 
    0.000    2.367000  0.000000e+00  3.006607e+02 
    0.000    2.470000  0.000000e+00  2.976951e+02 
    0.000    2.573000  0.000000e+00  2.951838e+02 
    0.000    2.676000  0.000000e+00  2.940946e+02 
    0.000    2.779000  0.000000e+00  2.928876e+02 
    0.000    2.881000  0.000000e+00  2.916542e+02 
    0.000    2.984000  0.000000e+00  2.894689e+02 
    0.000    3.087000  0.000000e+00  2.861671e+02 
    0.000    3.190000  0.000000e+00  2.810958e+02 
    0.000    3.293000  0.000000e+00  2.735998e+02 
    0.000    3.396000  0.000000e+00  2.727801e+02 
    0.000    3.499000  0.000000e+00  2.718243e+02 
    0.000    3.602000  0.000000e+00  2.707931e+02 
    0.000    3.705000  0.000000e+00  2.697112e+02 
    0.000    3.807000  0.000000e+00  2.686111e+02 
    0.000    3.910000  0.000000e+00  2.674875e+02 
    0.000    4.013000  0.000000e+00  2.663557e+02 
    0.000    4.116000  0.000000e+00  2.652096e+02 
    0.000    4.219000  0.000000e+00  2.640482e+02 
    0.000    4.322000  0.000000e+00  2.628797e+02 
    0.000    4.425000  0.000000e+00  2.616991e+02 
    0.000    4.528000  0.000000e+00  2.605683e+02 
    0.000    4.631000  0.000000e+00  2.594313e+02 
    0.000    4.733000  0.000000e+00  2.583055e+02 
    0.000    4.836000  0.000000e+00  2.571673e+02 
    0.000    4.939000  0.000000e+00  2.560283e+02 
    0.000    5.042000  0.000000e+00  2.548793e+02 
    0.000    5.145000  0.000000e+00  2.537412e+02 
    0.000    5.248000  0.000000e+00  2.526124e+02 
    0.000    5.351000  0.000000e+00  2.514844e+02 
    0.000    5.454000  0.000000e+00  2.503635e+02 
    0.000    5.557000  0.000000e+00  2.492512e+02 
    0.000    5.659000  0.000000e+00  2.481645e+02 
    0.000    5.762000  0.000000e+00  2.471100e+02 
    0.000    5.865000  0.000000e+00  2.460717e+02 
    0.000    5.968000  0.000000e+00  2.450515e+02 
    0.000    6.071000  0.000000e+00  2.440247e+02 
    0.000    6.174000  0.000000e+00  2.430135e+02 
    0.000    6.277000  0.000000e+00  2.418755e+02 
    0.000    6.380000  0.000000e+00  2.409020e+02 
    0.000    6.483000  0.000000e+00  2.399398e+02 
    0.000    6.585000  0.000000e+00  2.389645e+02 
    0.000    6.688000  0.000000e+00  2.380424e+02 
    0.000    6.791000  0.000000e+00  2.371412e+02 
    0.000    6.894000  0.000000e+00  2.362800e+02 
    0.000    6.997000  0.000000e+00  2.354790e+02 
    0.000    7.100000  0.000000e+00  2.347202e+02 
    0.000    7.203000  0.000000e+00  2.340152e+02 
    0.000    7.306000  0.000000e+00  2.334662e+02 
    0.000    7.409000  0.000000e+00  2.329970e+02 
    0.000    7.511000  0.000000e+00  2.325770e+02 
    0.000    7.614000  0.000000e+00  2.323338e+02 
    0.000    7.717000  0.000000e+00  2.321484e+02 
    0.000    7.820000  0.000000e+00  2.319924e+02 
    0.000    7.923000  0.000000e+00  2.318558e+02 
    0.000    8.026000  0.000000e+00  2.317294e+02 
    0.000    8.129001  0.000000e+00  2.316265e+02 
    0.000    8.232000  0.000000e+00  2.315304e+02 
    0.000    8.335000  0.000000e+00  2.314215e+02 
    0.000    8.438001  0.000000e+00  2.312872e+02 
    0.000    8.540000  0.000000e+00  2.311670e+02 
    0.000    8.643001  0.000000e+00  2.310191e+02 
    0.000    8.746000  0.000000e+00  2.308457e+02 
    0.000    8.849000  0.000000e+00  2.306729e+02 
    0.000    8.952001  0.000000e+00  2.304760e+02 
    0.000    9.055000  0.000000e+00  2.302894e+02 
    0.000    9.158000  0.000000e+00  2.300981e+02 
    0.000    9.261001  0.000000e+00  2.298812e+02 
    0.000    9.364000  0.000000e+00  2.296855e+02 
    0.000    9.466001  0.000000e+00  2.295013e+02 
    0.000    9.569000  0.000000e+00  2.293289e+02 
    0.000    9.672000  0.000000e+00  2.291628e+02 
    0.000    9.775001  0.000000e+00  2.290030e+02 
    0.000    9.878000  0.000000e+00  2.288571e+02 
    0.000    9.981000  0.000000e+00  2.287258e+02 
    0.000   10.084001  0.000000e+00  2.286062e+02 
    0.000   10.187000  0.000000e+00  2.285231e+02 
    0.000   10.290000  0.000000e+00  2.284910e+02 
    0.000   10.392000  0.000000e+00  2.284578e+02 
    0.000   10.495000  0.000000e+00  2.284147e+02 
    0.000   10.598001  0.000000e+00  2.283652e+02 
    0.000   10.701000  0.000000e+00  2.283152e+02 
    0.000   10.804000  0.000000e+00  2.280075e+02 
    0.000   10.907001  0.000000e+00  2.279540e+02 
    0.000   11.010000  0.000000e+00  2.278983e+02 
    0.000   11.113000  0.000000e+00  2.278353e+02 
    0.000   11.216001  0.000000e+00  2.277675e+02 
    0.000   11.318000  0.000000e+00  2.276974e+02 
    0.000   11.421000  0.000000e+00  2.276219e+02 
    0.000   11.524000  0.000000e+00  2.275431e+02 
    0.000   11.627000  0.000000e+00  2.274630e+02 
    0.000   11.730000  0.000000e+00  2.273865e+02 
    0.000   11.833000  0.000000e+00  2.273127e+02 
    0.000   11.936000  0.000000e+00  2.272404e+02 
    0.000   12.039001  0.000000e+00  2.271702e+02 
    0.000   12.142000  0.000000e+00  2.271016e+02 
    0.000   12.244000  0.000000e+00  2.270348e+02 
    0.000   12.347000  0.000000e+00  2.269667e+02 
    0.000   12.450001  0.000000e+00  2.268980e+02 
    0.000   12.553000  0.000000e+00  2.268292e+02 
    0.000   12.656000  0.000000e+00  2.267596e+02 
    0.000   12.759000  0.000000e+00  2.266891e+02 
    0.000   12.862000  0.000000e+00  2.266181e+02 
    0.000   12.965000  0.000000e+00  2.265478e+02 
    0.000   13.068000  0.000000e+00  2.264787e+02 
    0.000   13.170000  0.000000e+00  2.264112e+02 
    0.000   13.273001  0.000000e+00  2.263446e+02 
    0.000   13.376000  0.000000e+00  2.262808e+02 
    0.000   13.479000  0.000000e+00  2.262190e+02 
    0.000   13.582001  0.000000e+00  2.261590e+02 
    0.000   13.685000  0.000000e+00  2.261024e+02 
    0.000   13.788000  0.000000e+00  2.260486e+02 
    0.000   13.891001  0.000000e+00  2.259966e+02 
    0.000   13.994000  0.000000e+00  2.259485e+02 
    0.000   14.097000  0.000000e+00  2.259039e+02 
    0.000   14.199000  0.000000e+00  2.258622e+02 
    0.000   14.302000  0.000000e+00  2.258227e+02 
    0.000   14.405001  0.000000e+00  2.257856e+02 
    0.000   14.508000  0.000000e+00  2.257505e+02 
    0.000   14.611000  0.000000e+00  2.257162e+02 
    0.000   14.714001  0.000000e+00  2.256806e+02 
    0.000   14.817000  0.000000e+00  2.256441e+02 
    0.000   14.920000  0.000000e+00  2.256076e+02 
    0.000   15.023001  0.000000e+00  2.255701e+02 
    0.000   15.125000  0.000000e+00  2.255322e+02 
    0.000   15.228001  0.000000e+00  2.254936e+02 
    0.000   15.331000  0.000000e+00  2.254552e+02 
    0.000   15.434000  0.000000e+00  2.254170e+02 
    0.000   15.537001  0.000000e+00  2.253791e+02 
    0.000   15.640000  0.000000e+00  2.253408e+02 
    0.000   15.743000  0.000000e+00  2.252992e+02 
    0.000   15.846001  0.000000e+00  2.252550e+02 
    0.000   15.948999  0.000000e+00  2.252095e+02 
    0.000   16.051001  0.000000e+00  2.251626e+02 
    0.000   16.154001  0.000000e+00  2.251138e+02 
    0.000   16.257000  0.000000e+00  2.250640e+02 
    0.000   16.360001  0.000000e+00  2.250143e+02 
    0.000   16.462999  0.000000e+00  2.249657e+02 
    0.000   16.566000  0.000000e+00  2.249182e+02 
    0.000   16.669001  0.000000e+00  2.248712e+02 
    0.000   16.771999  0.000000e+00  2.248270e+02 
    0.000   16.875000  0.000000e+00  2.247852e+02 
    0.000   16.977001  0.000000e+00  2.247453e+02 
    0.000   17.080000  0.000000e+00  2.247070e+02 
    0.000   17.183001  0.000000e+00  2.246711e+02 
    0.000   17.286001  0.000000e+00  2.246370e+02 
    0.000   17.389000  0.000000e+00  2.246042e+02 
    0.000   17.492001  0.000000e+00  2.245721e+02 
    0.000   17.595001  0.000000e+00  2.245405e+02 
    0.000   17.698000  0.000000e+00  2.245093e+02 
    0.000   17.801001  0.000000e+00  2.244784e+02 
    0.000   17.903000  0.000000e+00  2.244476e+02 
    0.000   18.006001  0.000000e+00  2.244165e+02 
    0.000   18.109001  0.000000e+00  2.243855e+02 
    0.000   18.212000  0.000000e+00  2.243547e+02 
    0.000   18.315001  0.000000e+00  2.243241e+02 
    0.000   18.418001  0.000000e+00  2.242938e+02 
    0.000   18.521000  0.000000e+00  2.242637e+02 
    0.000   18.624001  0.000000e+00  2.242340e+02 
    0.000   18.727001  0.000000e+00  2.242045e+02 
    0.000   18.830000  0.000000e+00  2.241754e+02 
    0.000   18.932001  0.000000e+00  2.241464e+02 
    0.000   19.035000  0.000000e+00  2.241166e+02 
    0.000   19.138000  0.000000e+00  2.240864e+02 
    0.000   19.241001  0.000000e+00  2.240562e+02 
    0.000   19.344000  0.000000e+00  2.240259e+02 
    0.000   19.447001  0.000000e+00  2.239957e+02 
    0.000   19.550001  0.000000e+00  2.239657e+02 
    0.000   19.653000  0.000000e+00  2.239359e+02 
    0.000   19.756001  0.000000e+00  2.239071e+02 
    0.000   19.858000  0.000000e+00  2.238799e+02 
    0.000   19.961000  0.000000e+00  2.238532e+02 
    0.000   20.064001  0.000000e+00  2.238272e+02 
    0.000   20.364000  0.000000e+00  2.237568e+02 
    0.000   20.859001  0.000000e+00  2.236491e+02 
    0.000   21.355000  0.000000e+00  2.235510e+02 
    0.000   21.851000  0.000000e+00  2.234626e+02 
    0.000   22.347000  0.000000e+00  2.233731e+02 
    0.000   22.842001  0.000000e+00  2.232862e+02 
    0.000   23.337999  0.000000e+00  2.232132e+02 
    0.000   23.834000  0.000000e+00  2.231567e+02 
    0.000   24.330000  0.000000e+00  2.231133e+02 
    0.000   24.825001  0.000000e+00  2.230849e+02 
    0.000   25.321001  0.000000e+00  2.230726e+02 
    0.000   25.816999  0.000000e+00  2.230701e+02 
    0.000   26.313000  0.000000e+00  2.230803e+02 
    0.000   26.808001  0.000000e+00  2.230995e+02 
    0.000   27.304001  0.000000e+00  2.231208e+02 
    0.000   27.800001  0.000000e+00  2.231420e+02 
    0.000   28.296000  0.000000e+00  2.231652e+02 
    0.000   28.791000  0.000000e+00  2.231948e+02 
    0.000   29.287001  0.000000e+00  2.232365e+02 
    0.000   29.783001  0.000000e+00  2.232879e+02 
    0.000   30.279001  0.000000e+00  2.233451e+02 
    0.000   30.774000  0.000000e+00  2.234002e+02 
    0.000   31.270000  0.000000e+00  2.234526e+02 
    0.000   31.766001  0.000000e+00  2.235030e+02 
    0.000   32.261997  0.000000e+00  2.235554e+02 
    0.000   32.757000  0.000000e+00  2.236112e+02 
    0.000   33.252998  0.000000e+00  2.236725e+02 
    0.000   33.748997  0.000000e+00  2.237381e+02 
    0.000   34.244999  0.000000e+00  2.238064e+02 
    0.000   34.739998  0.000000e+00  2.238722e+02 
    0.000   35.236000  0.000000e+00  2.239344e+02 
    0.000   35.731998  0.000000e+00  2.239913e+02 
    0.000   36.227997  0.000000e+00  2.240436e+02 
    0.000   36.723000  0.000000e+00  2.240918e+02 
    0.000   37.218998  0.000000e+00  2.241369e+02 
    0.000   37.715000  0.000000e+00  2.241813e+02 
    0.000   38.210999  0.000000e+00  2.242254e+02 
    0.000   38.705997  0.000000e+00  2.242700e+02 
    0.000   39.202000  0.000000e+00  2.243155e+02 
    0.000   39.697998  0.000000e+00  2.243632e+02 
    0.000   40.197998  0.000000e+00  2.244145e+02 
    0.000   45.197998  0.000000e+00  2.248661e+02 
    0.000   50.197998  0.000000e+00  2.250878e+02 
    0.000   55.197998  0.000000e+00  2.250890e+02 
    0.000   60.197998  0.000000e+00  2.250201e+02 
    0.000   65.198006  0.000000e+00  2.249678e+02 
