   67.571    0.000000  1.701739e-08  7.976570e+00 
   67.571    0.103000  1.710836e-08  8.092113e+00 
   67.571    0.206000  1.719874e-08  8.209613e+00 
   67.571    0.308000  1.728793e-08  8.326579e+00 
   67.571    0.411000  1.737793e-08  8.444724e+00 
   67.571    0.514000  1.746769e-08  8.562655e+00 
   67.571    0.617000  2.358520e-08  1.136563e+01 
   67.571    0.720000  3.481600e-08  1.484853e+01 
   67.571    0.823000  5.876644e-08  1.931025e+01 
   67.571    0.926000  1.105125e-07  2.447892e+01 
   67.571    1.029000  2.270158e-07  3.016768e+01 
   67.571    1.132000  5.007885e-07  3.622944e+01 
   67.571    1.234000  1.178219e-06  4.264452e+01 
   67.571    1.337000  3.048342e-06  4.971385e+01 
   67.571    1.440000  8.552960e-06  5.735694e+01 
   67.571    1.543000  2.589220e-05  6.557348e+01 
   67.571    1.646000  8.429884e-05  7.439545e+01 
   67.571    1.749000  2.934616e-04  8.385983e+01 
   67.571    1.852000  1.508523e-02  1.114618e+02 
   67.571    1.955000  4.290954e-01  1.406635e+02 
   67.571    2.058000  6.944952e+00  1.752673e+02 
   67.571    2.160000  5.847105e+01  2.148991e+02 
   67.571    2.263000  2.881461e+02  2.516747e+02 
   67.571    2.366000  2.915568e+02  2.514913e+02 
   67.571    2.469000  2.935458e+02  2.513220e+02 
   67.571    2.572000  2.955976e+02  2.512176e+02 
   67.571    2.675000  2.970423e+02  2.510864e+02 
   67.571    2.778000  2.987847e+02  2.510344e+02 
   67.571    2.881000  3.005317e+02  2.510159e+02 
   67.571    2.984000  3.022889e+02  2.510250e+02 
   67.571    3.086000  3.036357e+02  2.510066e+02 
   67.571    3.189000  3.049804e+02  2.510055e+02 
   67.571    3.292000  3.063116e+02  2.510196e+02 
   67.571    3.395000  3.076313e+02  2.510468e+02 
   67.571    3.498000  3.089402e+02  2.510854e+02 
   67.571    3.601000  3.102398e+02  2.511341e+02 
   67.571    3.704000  3.115335e+02  2.511915e+02 
   67.571    3.807000  3.128208e+02  2.512567e+02 
   67.571    3.910000  3.141018e+02  2.513290e+02 
   67.571    4.013000  3.153757e+02  2.514079e+02 
   67.571    4.115000  3.166299e+02  2.514918e+02 
   67.571    4.218000  3.178892e+02  2.515819e+02 
   67.571    4.321000  3.191398e+02  2.516768e+02 
   67.571    4.424000  3.203817e+02  2.517761e+02 
   67.571    4.527000  3.216138e+02  2.518795e+02 
   67.571    4.630000  3.232798e+02  2.520173e+02 
   67.571    4.733000  3.251500e+02  2.521723e+02 
   67.571    4.836000  3.271654e+02  2.523403e+02 
   67.571    4.939000  3.287847e+02  2.524835e+02 
   67.571    5.041000  3.304843e+02  2.526688e+02 
   67.571    5.144000  3.321885e+02  2.528572e+02 
   67.571    5.247000  3.338771e+02  2.530466e+02 
   67.571    5.350000  3.355408e+02  2.532357e+02 
   67.571    5.453000  3.371696e+02  2.534233e+02 
   67.571    5.556000  3.387662e+02  2.536098e+02 
   67.571    5.659000  3.410790e+02  2.538197e+02 
   67.571    5.762000  3.435148e+02  2.540400e+02 
   67.571    5.865000  3.459009e+02  2.542587e+02 
   67.571    5.967000  3.481651e+02  2.544704e+02 
   67.571    6.070000  3.502663e+02  2.546729e+02 
   67.571    6.173000  3.525629e+02  2.548901e+02 
   67.571    6.276000  3.549410e+02  2.551134e+02 
   67.571    6.379000  3.573280e+02  2.553375e+02 
   67.571    6.482000  3.666745e+02  2.560297e+02 
   67.571    6.585000  3.776388e+02  2.568020e+02 
   67.571    6.688000  3.894747e+02  2.575974e+02 
   67.571    6.791000  3.933177e+02  2.578891e+02 
   67.571    6.893000  3.968636e+02  2.581613e+02 
   67.571    6.996000  4.000554e+02  2.584111e+02 
   67.571    7.099000  4.026982e+02  2.586270e+02 
   67.571    7.202000  4.058065e+02  2.588713e+02 
   67.571    7.305000  4.082914e+02  2.590795e+02 
   67.571    7.408000  4.107830e+02  2.592894e+02 
   67.571    7.511000  4.133103e+02  2.595038e+02 
   67.571    7.614000  4.156766e+02  2.597122e+02 
   67.571    7.717000  4.185716e+02  2.599515e+02 
   67.571    7.819000  4.209017e+02  2.601554e+02 
   67.571    7.922000  4.231618e+02  2.603535e+02 
   67.571    8.025000  4.257239e+02  2.605659e+02 
   67.571    8.128000  4.281085e+02  2.607654e+02 
   67.571    8.231000  4.305336e+02  2.609644e+02 
   67.571    8.334000  4.328392e+02  2.611548e+02 
   67.571    8.437000  4.353995e+02  2.613577e+02 
   67.571    8.540000  4.378290e+02  2.615523e+02 
   67.571    8.643000  4.404031e+02  2.617531e+02 
   67.571    8.745000  4.427743e+02  2.619411e+02 
   67.571    8.848000  4.449938e+02  2.621203e+02 
   67.571    8.951000  4.462956e+02  2.622824e+02 
   67.571    9.054000  4.476476e+02  2.624473e+02 
   67.571    9.157000  4.491071e+02  2.626198e+02 
   67.571    9.260000  4.496090e+02  2.626997e+02 
   67.571    9.363000  4.501141e+02  2.627776e+02 
   67.571    9.466000  4.505888e+02  2.628546e+02 
   67.571    9.569000  4.510644e+02  2.629296e+02 
   67.571    9.672000  4.515410e+02  2.630027e+02 
   67.571    9.774000  4.520109e+02  2.630732e+02 
   67.571    9.877000  4.524788e+02  2.631426e+02 
   67.571    9.980000  4.529392e+02  2.632102e+02 
   67.571   10.083000  4.533914e+02  2.632762e+02 
   67.571   10.186000  4.538660e+02  2.633398e+02 
   67.571   10.289000  4.543289e+02  2.634022e+02 
   67.571   10.392000  4.547824e+02  2.634632e+02 
   67.571   10.495000  4.552299e+02  2.635231e+02 
   67.571   10.598000  4.556719e+02  2.635818e+02 
   67.571   10.700000  4.561039e+02  2.636389e+02 
   67.571   10.802999  4.565340e+02  2.636956e+02 
   67.571   10.906000  4.569580e+02  2.637515e+02 
   67.571   11.009000  4.573761e+02  2.638066e+02 
   67.571   11.112000  4.577886e+02  2.638609e+02 
   67.571   11.215000  4.581956e+02  2.639145e+02 
   67.571   11.318000  4.585972e+02  2.639675e+02 
   67.571   11.421000  4.589934e+02  2.640198e+02 
   67.571   11.524000  4.593845e+02  2.640716e+02 
   67.571   11.625999  4.597664e+02  2.641223e+02 
   67.571   11.729000  4.601467e+02  2.641728e+02 
   67.571   11.832000  4.605217e+02  2.642227e+02 
   67.571   11.934999  4.608913e+02  2.642720e+02 
   67.571   12.038000  4.612558e+02  2.643206e+02 
   67.571   12.141000  4.616153e+02  2.643686e+02 
   67.571   12.243999  4.619697e+02  2.644159e+02 
   67.571   12.347000  4.623193e+02  2.644625e+02 
   67.571   12.450000  4.626643e+02  2.645084e+02 
   67.571   12.552000  4.630013e+02  2.645531e+02 
   67.571   12.655000  4.633371e+02  2.645976e+02 
   67.571   12.757999  4.636685e+02  2.646412e+02 
   67.571   12.861000  4.639961e+02  2.646842e+02 
   67.571   12.964000  4.643197e+02  2.647263e+02 
   67.571   13.066999  4.646396e+02  2.647676e+02 
   67.571   13.170000  4.649558e+02  2.648081e+02 
   67.571   13.273000  4.652683e+02  2.648477e+02 
   67.571   13.375999  4.655773e+02  2.648865e+02 
   67.571   13.478000  4.658797e+02  2.649240e+02 
   67.571   13.581000  4.661815e+02  2.649611e+02 
   67.571   13.684000  4.664800e+02  2.649973e+02 
   67.571   13.787000  4.667751e+02  2.650326e+02 
   67.571   13.890000  4.670669e+02  2.650670e+02 
   67.571   13.993000  4.673554e+02  2.651005e+02 
   67.571   14.096000  4.676409e+02  2.651330e+02 
   67.571   14.199000  4.679232e+02  2.651647e+02 
   67.571   14.302000  4.682023e+02  2.651955e+02 
   67.571   14.404000  4.684756e+02  2.652252e+02 
   67.571   14.507000  4.687485e+02  2.652543e+02 
   67.571   14.610000  4.690182e+02  2.652827e+02 
   67.571   14.713000  4.692847e+02  2.653105e+02 
   67.571   14.816000  4.695480e+02  2.653377e+02 
   67.571   14.919000  4.698080e+02  2.653642e+02 
   67.571   15.022000  4.700648e+02  2.653902e+02 
   67.571   15.125000  4.703185e+02  2.654157e+02 
   67.571   15.228000  4.705689e+02  2.654406e+02 
   67.571   15.331000  4.708163e+02  2.654650e+02 
   67.571   15.433000  4.710583e+02  2.654886e+02 
   67.571   15.536000  4.712996e+02  2.655120e+02 
   67.571   15.639000  4.715378e+02  2.655348e+02 
   67.571   15.742000  4.717732e+02  2.655571e+02 
   67.571   15.845000  4.720057e+02  2.655789e+02 
   67.571   15.947999  4.722355e+02  2.656002e+02 
   67.571   16.051001  4.724628e+02  2.656209e+02 
   67.571   16.154001  4.726876e+02  2.656411e+02 
   67.571   16.257000  4.729100e+02  2.656608e+02 
   67.571   16.359001  4.731280e+02  2.656798e+02 
   67.571   16.462000  4.733458e+02  2.656985e+02 
   67.571   16.565001  4.735615e+02  2.657166e+02 
   67.571   16.668001  4.737750e+02  2.657341e+02 
   67.571   16.771000  4.739865e+02  2.657510e+02 
   67.571   16.874001  4.741960e+02  2.657673e+02 
   67.571   16.977001  4.744038e+02  2.657829e+02 
   67.571   17.080000  4.746098e+02  2.657977e+02 
   67.571   17.183001  4.748146e+02  2.658117e+02 
   67.571   17.285002  4.750160e+02  2.658246e+02 
   67.571   17.388000  4.752180e+02  2.658368e+02 
   67.571   17.491001  4.754189e+02  2.658481e+02 
   67.571   17.594002  4.756186e+02  2.658584e+02 
   67.571   17.697001  4.758172e+02  2.658678e+02 
   67.571   17.800001  4.760144e+02  2.658764e+02 
   67.571   17.903002  4.762100e+02  2.658844e+02 
   67.571   18.006001  4.764042e+02  2.658918e+02 
   67.571   18.109001  4.765967e+02  2.658985e+02 
   67.571   18.211000  4.767857e+02  2.659046e+02 
   67.571   18.314001  4.769749e+02  2.659103e+02 
   67.571   18.417002  4.771625e+02  2.659155e+02 
   67.571   18.520000  4.773484e+02  2.659202e+02 
   67.571   18.623001  4.775328e+02  2.659243e+02 
   67.571   18.726002  4.777158e+02  2.659279e+02 
   67.571   18.829000  4.778972e+02  2.659310e+02 
   67.571   18.932001  4.780772e+02  2.659335e+02 
   67.571   19.035002  4.782558e+02  2.659356e+02 
   67.571   19.137001  4.784314e+02  2.659371e+02 
   67.571   19.240002  4.786073e+02  2.659382e+02 
   67.571   19.343000  4.787819e+02  2.659388e+02 
   67.571   19.446001  4.789551e+02  2.659390e+02 
   67.571   19.549002  4.791271e+02  2.659387e+02 
   67.571   19.652000  4.792978e+02  2.659380e+02 
   67.571   19.755001  4.794671e+02  2.659369e+02 
   67.571   19.858002  4.796352e+02  2.659354e+02 
   67.571   19.961000  4.798020e+02  2.659334e+02 
   67.571   20.064001  4.799680e+02  2.659309e+02 
   67.571   20.363001  4.804446e+02  2.659204e+02 
   67.571   20.859001  4.812125e+02  2.658961e+02 
   67.571   21.354000  4.819508e+02  2.658637e+02 
   67.571   21.850000  4.826626e+02  2.658247e+02 
   67.571   22.346001  4.833398e+02  2.657835e+02 
   67.571   22.842001  4.839768e+02  2.657446e+02 
   67.571   23.337000  4.845697e+02  2.657098e+02 
   67.571   23.833000  4.851241e+02  2.656782e+02 
   67.571   24.329000  4.856452e+02  2.656476e+02 
   67.571   24.825001  4.861357e+02  2.656173e+02 
   67.571   25.320002  4.865937e+02  2.655886e+02 
   67.571   25.816000  4.870217e+02  2.655619e+02 
   67.571   26.312000  4.874213e+02  2.655367e+02 
   67.571   26.808001  4.877955e+02  2.655124e+02 
   67.571   27.303001  4.881448e+02  2.654890e+02 
   67.571   27.799002  4.884713e+02  2.654667e+02 
   67.571   28.295000  4.887765e+02  2.654451e+02 
   67.571   28.791000  4.890630e+02  2.654240e+02 
   67.571   29.286001  4.893332e+02  2.654028e+02 
   67.571   29.782001  4.895902e+02  2.653814e+02 
   67.571   30.278002  4.898354e+02  2.653597e+02 
   67.571   30.774000  4.900702e+02  2.653378e+02 
   67.571   31.269001  4.902958e+02  2.653158e+02 
   67.571   31.765001  4.905149e+02  2.652936e+02 
   67.571   32.260998  4.907291e+02  2.652715e+02 
   67.571   32.757000  4.909404e+02  2.652494e+02 
   67.571   33.251999  4.911498e+02  2.652278e+02 
   67.571   33.747997  4.913598e+02  2.652068e+02 
   67.571   34.243999  4.915713e+02  2.651868e+02 
   67.571   34.739998  4.917858e+02  2.651679e+02 
   67.571   35.235001  4.920042e+02  2.651501e+02 
   67.571   35.730999  4.922283e+02  2.651334e+02 
   67.571   36.226997  4.924582e+02  2.651178e+02 
   67.571   36.723000  4.926939e+02  2.651032e+02 
   67.571   37.217999  4.929346e+02  2.650896e+02 
   67.571   37.714001  4.931799e+02  2.650769e+02 
   67.571   38.209999  4.934280e+02  2.650652e+02 
   67.571   38.705997  4.936769e+02  2.650543e+02 
   67.571   39.201000  4.939245e+02  2.650444e+02 
   67.571   39.696999  4.941693e+02  2.650355e+02 
   67.571   40.196999  4.944078e+02  2.650286e+02 
   67.571   45.196999  4.962806e+02  2.650040e+02 
   67.571   50.196999  4.969900e+02  2.650048e+02 
   67.571   55.196999  4.972395e+02  2.650098e+02 
   67.571   60.196999  4.979946e+02  2.650142e+02 
   67.571   65.197006  4.992307e+02  2.650173e+02 
