    0.000    0.000000  0.000000e+00  3.515447e+02 
    0.000    0.103000  0.000000e+00  3.507157e+02 
    0.000    0.206000  0.000000e+00  3.494032e+02 
    0.000    0.309000  0.000000e+00  3.480707e+02 
    0.000    0.412000  0.000000e+00  3.466661e+02 
    0.000    0.515000  0.000000e+00  3.453672e+02 
    0.000    0.618000  0.000000e+00  3.436804e+02 
    0.000    0.721000  0.000000e+00  3.416700e+02 
    0.000    0.823000  0.000000e+00  3.396271e+02 
    0.000    0.926000  0.000000e+00  3.372259e+02 
    0.000    1.029000  0.000000e+00  3.345225e+02 
    0.000    1.132000  0.000000e+00  3.317161e+02 
    0.000    1.235000  0.000000e+00  3.286737e+02 
    0.000    1.338000  0.000000e+00  3.255058e+02 
    0.000    1.441000  0.000000e+00  3.222234e+02 
    0.000    1.544000  0.000000e+00  3.188497e+02 
    0.000    1.647000  0.000000e+00  3.158018e+02 
    0.000    1.749000  0.000000e+00  3.094140e+02 
    0.000    1.852000  0.000000e+00  3.050504e+02 
    0.000    1.955000  0.000000e+00  3.017100e+02 
    0.000    2.058000  0.000000e+00  2.987459e+02 
    0.000    2.161000  0.000000e+00  2.958883e+02 
    0.000    2.264000  0.000000e+00  2.928621e+02 
    0.000    2.367000  0.000000e+00  2.917173e+02 
    0.000    2.470000  0.000000e+00  2.904091e+02 
    0.000    2.573000  0.000000e+00  2.890998e+02 
    0.000    2.675000  0.000000e+00  2.878432e+02 
    0.000    2.778000  0.000000e+00  2.866374e+02 
    0.000    2.881000  0.000000e+00  2.854595e+02 
    0.000    2.984000  0.000000e+00  2.842910e+02 
    0.000    3.087000  0.000000e+00  2.831079e+02 
    0.000    3.190000  0.000000e+00  2.819085e+02 
    0.000    3.293000  0.000000e+00  2.807038e+02 
    0.000    3.396000  0.000000e+00  2.795016e+02 
    0.000    3.499000  0.000000e+00  2.783042e+02 
    0.000    3.601000  0.000000e+00  2.771201e+02 
    0.000    3.704000  0.000000e+00  2.759335e+02 
    0.000    3.807000  0.000000e+00  2.747549e+02 
    0.000    3.910000  0.000000e+00  2.735696e+02 
    0.000    4.013000  0.000000e+00  2.723863e+02 
    0.000    4.116000  0.000000e+00  2.712056e+02 
    0.000    4.219000  0.000000e+00  2.700276e+02 
    0.000    4.322000  0.000000e+00  2.688618e+02 
    0.000    4.425000  0.000000e+00  2.677041e+02 
    0.000    4.528000  0.000000e+00  2.665598e+02 
    0.000    4.630000  0.000000e+00  2.654369e+02 
    0.000    4.733000  0.000000e+00  2.643100e+02 
    0.000    4.836000  0.000000e+00  2.631979e+02 
    0.000    4.939000  0.000000e+00  2.620964e+02 
    0.000    5.042000  0.000000e+00  2.610043e+02 
    0.000    5.145000  0.000000e+00  2.599276e+02 
    0.000    5.248000  0.000000e+00  2.588610e+02 
    0.000    5.351000  0.000000e+00  2.578066e+02 
    0.000    5.454000  0.000000e+00  2.567672e+02 
    0.000    5.556000  0.000000e+00  2.556207e+02 
    0.000    5.659000  0.000000e+00  2.540935e+02 
    0.000    5.762000  0.000000e+00  2.521642e+02 
    0.000    5.865000  0.000000e+00  2.497925e+02 
    0.000    5.968000  0.000000e+00  2.471326e+02 
    0.000    6.071000  0.000000e+00  2.443188e+02 
    0.000    6.174000  0.000000e+00  2.415366e+02 
    0.000    6.277000  0.000000e+00  2.387868e+02 
    0.000    6.380000  0.000000e+00  2.362652e+02 
    0.000    6.482000  0.000000e+00  2.346637e+02 
    0.000    6.585000  0.000000e+00  2.329891e+02 
    0.000    6.688000  0.000000e+00  2.322772e+02 
    0.000    6.791000  0.000000e+00  2.315832e+02 
    0.000    6.894000  0.000000e+00  2.309407e+02 
    0.000    6.997000  0.000000e+00  2.303742e+02 
    0.000    7.100000  0.000000e+00  2.298610e+02 
    0.000    7.203000  0.000000e+00  2.294632e+02 
    0.000    7.306000  0.000000e+00  2.291717e+02 
    0.000    7.408000  0.000000e+00  2.289462e+02 
    0.000    7.511000  0.000000e+00  2.288139e+02 
    0.000    7.614000  0.000000e+00  2.287450e+02 
    0.000    7.717000  0.000000e+00  2.287030e+02 
    0.000    7.820000  0.000000e+00  2.286571e+02 
    0.000    7.923000  0.000000e+00  2.286112e+02 
    0.000    8.026000  0.000000e+00  2.285464e+02 
    0.000    8.129000  0.000000e+00  2.284413e+02 
    0.000    8.232000  0.000000e+00  2.283119e+02 
    0.000    8.334001  0.000000e+00  2.281700e+02 
    0.000    8.437000  0.000000e+00  2.280177e+02 
    0.000    8.540000  0.000000e+00  2.278602e+02 
    0.000    8.643001  0.000000e+00  2.277050e+02 
    0.000    8.746000  0.000000e+00  2.275522e+02 
    0.000    8.849000  0.000000e+00  2.274002e+02 
    0.000    8.952001  0.000000e+00  2.272581e+02 
    0.000    9.055000  0.000000e+00  2.271231e+02 
    0.000    9.158000  0.000000e+00  2.269944e+02 
    0.000    9.260000  0.000000e+00  2.268927e+02 
    0.000    9.363000  0.000000e+00  2.268090e+02 
    0.000    9.466001  0.000000e+00  2.267379e+02 
    0.000    9.569000  0.000000e+00  2.266842e+02 
    0.000    9.672000  0.000000e+00  2.266438e+02 
    0.000    9.775001  0.000000e+00  2.266101e+02 
    0.000    9.878000  0.000000e+00  2.265761e+02 
    0.000    9.981000  0.000000e+00  2.265426e+02 
    0.000   10.084001  0.000000e+00  2.265086e+02 
    0.000   10.187000  0.000000e+00  2.264688e+02 
    0.000   10.289001  0.000000e+00  2.264263e+02 
    0.000   10.392000  0.000000e+00  2.263865e+02 
    0.000   10.495000  0.000000e+00  2.263582e+02 
    0.000   10.598001  0.000000e+00  2.263384e+02 
    0.000   10.701000  0.000000e+00  2.263186e+02 
    0.000   10.804000  0.000000e+00  2.262859e+02 
    0.000   10.907001  0.000000e+00  2.262447e+02 
    0.000   11.010000  0.000000e+00  2.261976e+02 
    0.000   11.113000  0.000000e+00  2.261398e+02 
    0.000   11.215000  0.000000e+00  2.260749e+02 
    0.000   11.318000  0.000000e+00  2.260052e+02 
    0.000   11.421000  0.000000e+00  2.259310e+02 
    0.000   11.524000  0.000000e+00  2.258537e+02 
    0.000   11.627000  0.000000e+00  2.257745e+02 
    0.000   11.730000  0.000000e+00  2.256931e+02 
    0.000   11.833000  0.000000e+00  2.256102e+02 
    0.000   11.936000  0.000000e+00  2.255263e+02 
    0.000   12.039001  0.000000e+00  2.254460e+02 
    0.000   12.141000  0.000000e+00  2.253693e+02 
    0.000   12.244000  0.000000e+00  2.252935e+02 
    0.000   12.347000  0.000000e+00  2.252214e+02 
    0.000   12.450000  0.000000e+00  2.251525e+02 
    0.000   12.553000  0.000000e+00  2.250859e+02 
    0.000   12.656000  0.000000e+00  2.250228e+02 
    0.000   12.759000  0.000000e+00  2.249632e+02 
    0.000   12.862000  0.000000e+00  2.249061e+02 
    0.000   12.965000  0.000000e+00  2.248504e+02 
    0.000   13.067000  0.000000e+00  2.247958e+02 
    0.000   13.170000  0.000000e+00  2.247413e+02 
    0.000   13.273000  0.000000e+00  2.246871e+02 
    0.000   13.376000  0.000000e+00  2.246316e+02 
    0.000   13.479000  0.000000e+00  2.245754e+02 
    0.000   13.582000  0.000000e+00  2.245191e+02 
    0.000   13.685000  0.000000e+00  2.244630e+02 
    0.000   13.788000  0.000000e+00  2.244073e+02 
    0.000   13.891000  0.000000e+00  2.243519e+02 
    0.000   13.993000  0.000000e+00  2.242995e+02 
    0.000   14.096000  0.000000e+00  2.242490e+02 
    0.000   14.199000  0.000000e+00  2.242003e+02 
    0.000   14.302000  0.000000e+00  2.241541e+02 
    0.000   14.405000  0.000000e+00  2.241109e+02 
    0.000   14.508000  0.000000e+00  2.240701e+02 
    0.000   14.611000  0.000000e+00  2.240306e+02 
    0.000   14.714000  0.000000e+00  2.239914e+02 
    0.000   14.817000  0.000000e+00  2.239525e+02 
    0.000   14.919000  0.000000e+00  2.239145e+02 
    0.000   15.022000  0.000000e+00  2.238760e+02 
    0.000   15.125000  0.000000e+00  2.238373e+02 
    0.000   15.228000  0.000000e+00  2.237988e+02 
    0.000   15.331000  0.000000e+00  2.237603e+02 
    0.000   15.434000  0.000000e+00  2.237217e+02 
    0.000   15.537000  0.000000e+00  2.236830e+02 
    0.000   15.640000  0.000000e+00  2.236443e+02 
    0.000   15.743000  0.000000e+00  2.236043e+02 
    0.000   15.846000  0.000000e+00  2.235634e+02 
    0.000   15.948001  0.000000e+00  2.235225e+02 
    0.000   16.050999  0.000000e+00  2.234832e+02 
    0.000   16.153999  0.000000e+00  2.234463e+02 
    0.000   16.257000  0.000000e+00  2.234110e+02 
    0.000   16.359999  0.000000e+00  2.233767e+02 
    0.000   16.462999  0.000000e+00  2.233425e+02 
    0.000   16.566000  0.000000e+00  2.233086e+02 
    0.000   16.668999  0.000000e+00  2.232751e+02 
    0.000   16.771999  0.000000e+00  2.232397e+02 
    0.000   16.873999  0.000000e+00  2.232031e+02 
    0.000   16.976999  0.000000e+00  2.231653e+02 
    0.000   17.080000  0.000000e+00  2.231269e+02 
    0.000   17.182999  0.000000e+00  2.230883e+02 
    0.000   17.285999  0.000000e+00  2.230494e+02 
    0.000   17.389000  0.000000e+00  2.230104e+02 
    0.000   17.491999  0.000000e+00  2.229716e+02 
    0.000   17.594999  0.000000e+00  2.229331e+02 
    0.000   17.698000  0.000000e+00  2.228947e+02 
    0.000   17.799999  0.000000e+00  2.228569e+02 
    0.000   17.903000  0.000000e+00  2.228193e+02 
    0.000   18.005999  0.000000e+00  2.227819e+02 
    0.000   18.108999  0.000000e+00  2.227449e+02 
    0.000   18.212000  0.000000e+00  2.227094e+02 
    0.000   18.314999  0.000000e+00  2.226756e+02 
    0.000   18.417999  0.000000e+00  2.226429e+02 
    0.000   18.521000  0.000000e+00  2.226113e+02 
    0.000   18.623999  0.000000e+00  2.225811e+02 
    0.000   18.726000  0.000000e+00  2.225525e+02 
    0.000   18.828999  0.000000e+00  2.225245e+02 
    0.000   18.931999  0.000000e+00  2.224974e+02 
    0.000   19.035000  0.000000e+00  2.224711e+02 
    0.000   19.137999  0.000000e+00  2.224454e+02 
    0.000   19.240999  0.000000e+00  2.224203e+02 
    0.000   19.344000  0.000000e+00  2.223956e+02 
    0.000   19.446999  0.000000e+00  2.223712e+02 
    0.000   19.549999  0.000000e+00  2.223470e+02 
    0.000   19.651999  0.000000e+00  2.223234e+02 
    0.000   19.754999  0.000000e+00  2.222986e+02 
    0.000   19.858000  0.000000e+00  2.222726e+02 
    0.000   19.960999  0.000000e+00  2.222458e+02 
    0.000   20.063999  0.000000e+00  2.222187e+02 
    0.000   20.362999  0.000000e+00  2.221360e+02 
    0.000   20.858999  0.000000e+00  2.220061e+02 
    0.000   21.355000  0.000000e+00  2.219006e+02 
    0.000   21.851000  0.000000e+00  2.218158e+02 
    0.000   22.345999  0.000000e+00  2.217387e+02 
    0.000   22.841999  0.000000e+00  2.216624e+02 
    0.000   23.337999  0.000000e+00  2.215861e+02 
    0.000   23.834000  0.000000e+00  2.215180e+02 
    0.000   24.328999  0.000000e+00  2.214732e+02 
    0.000   24.824999  0.000000e+00  2.214545e+02 
    0.000   25.320999  0.000000e+00  2.214523e+02 
    0.000   25.816999  0.000000e+00  2.214518e+02 
    0.000   26.311998  0.000000e+00  2.214450e+02 
    0.000   26.807999  0.000000e+00  2.214471e+02 
    0.000   27.303999  0.000000e+00  2.214646e+02 
    0.000   27.799999  0.000000e+00  2.214926e+02 
    0.000   28.295000  0.000000e+00  2.215259e+02 
    0.000   28.790998  0.000000e+00  2.215673e+02 
    0.000   29.286999  0.000000e+00  2.216107e+02 
    0.000   29.782999  0.000000e+00  2.216563e+02 
    0.000   30.278000  0.000000e+00  2.217069e+02 
    0.000   30.773998  0.000000e+00  2.217650e+02 
    0.000   31.269999  0.000000e+00  2.218255e+02 
    0.000   31.765999  0.000000e+00  2.218839e+02 
    0.000   32.261002  0.000000e+00  2.219402e+02 
    0.000   32.757000  0.000000e+00  2.219957e+02 
    0.000   33.253002  0.000000e+00  2.220508e+02 
    0.000   33.749001  0.000000e+00  2.221072e+02 
    0.000   34.243999  0.000000e+00  2.221652e+02 
    0.000   34.740002  0.000000e+00  2.222270e+02 
    0.000   35.236000  0.000000e+00  2.222918e+02 
    0.000   35.732002  0.000000e+00  2.223549e+02 
    0.000   36.227001  0.000000e+00  2.224154e+02 
    0.000   36.723000  0.000000e+00  2.224691e+02 
    0.000   37.219002  0.000000e+00  2.225166e+02 
    0.000   37.715000  0.000000e+00  2.225606e+02 
    0.000   38.210003  0.000000e+00  2.226016e+02 
    0.000   38.706001  0.000000e+00  2.226436e+02 
    0.000   39.202000  0.000000e+00  2.226876e+02 
    0.000   39.698002  0.000000e+00  2.227341e+02 
    0.000   40.198002  0.000000e+00  2.227838e+02 
    0.000   45.198002  0.000000e+00  2.232321e+02 
    0.000   50.198002  0.000000e+00  2.234545e+02 
    0.000   55.198002  0.000000e+00  2.234489e+02 
    0.000   60.198002  0.000000e+00  2.233823e+02 
    0.000   65.197998  0.000000e+00  2.233296e+02 
