   67.469    0.000000  8.910630e-13  6.950073e+00 
   67.469    0.103000  8.959417e-13  7.052341e+00 
   67.469    0.206000  9.008161e-13  7.156067e+00 
   67.469    0.309000  9.056650e-13  7.260481e+00 
   67.469    0.411000  9.104322e-13  7.364108e+00 
   67.469    0.514000  9.152093e-13  7.468721e+00 
   67.469    0.617000  1.032511e-12  8.513871e+00 
   67.469    0.720000  1.267389e-12  1.021403e+01 
   67.469    0.823000  1.651753e-12  1.233648e+01 
   67.469    0.926000  2.259538e-12  1.477763e+01 
   67.469    1.029000  3.192754e-12  1.741308e+01 
   67.469    1.132000  4.622768e-12  2.018614e+01 
   67.469    1.235000  6.771068e-12  2.300656e+01 
   67.469    1.337000  1.024515e-11  2.602163e+01 
   67.469    1.440000  1.615424e-11  2.929105e+01 
   67.469    1.543000  2.644241e-11  3.278482e+01 
   67.469    1.646000  4.476909e-11  3.647668e+01 
   67.469    1.749000  7.844180e-11  4.037136e+01 
   67.469    1.852000  2.111936e-07  7.985231e+01 
   67.469    1.955000  6.782016e-05  1.079117e+02 
   67.469    2.058000  2.225414e-02  1.415744e+02 
   67.469    2.161000  3.573433e+00  1.878275e+02 
   67.469    2.263000  1.870001e+02  2.552289e+02 
   67.469    2.366000  1.882678e+02  2.549447e+02 
   67.469    2.469000  1.892463e+02  2.547077e+02 
   67.469    2.572000  1.901593e+02  2.545205e+02 
   67.469    2.675000  1.910585e+02  2.543762e+02 
   67.469    2.778000  1.919462e+02  2.542660e+02 
   67.469    2.881000  1.928242e+02  2.541838e+02 
   67.469    2.984000  1.936947e+02  2.541247e+02 
   67.469    3.087000  1.945580e+02  2.540855e+02 
   67.469    3.189000  1.954063e+02  2.540639e+02 
   67.469    3.292000  1.962568e+02  2.540573e+02 
   67.469    3.395000  1.971022e+02  2.540640e+02 
   67.469    3.498000  1.979424e+02  2.540827e+02 
   67.469    3.601000  1.991345e+02  2.541506e+02 
   67.469    3.704000  2.008061e+02  2.542795e+02 
   67.469    3.807000  2.030476e+02  2.544775e+02 
   67.469    3.910000  2.059272e+02  2.547498e+02 
   67.469    4.013000  2.095519e+02  2.551050e+02 
   67.469    4.115000  2.135106e+02  2.554968e+02 
   67.469    4.218000  2.183546e+02  2.559794e+02 
   67.469    4.321000  2.264221e+02  2.567792e+02 
   67.469    4.424000  2.374264e+02  2.578357e+02 
   67.469    4.527000  2.524557e+02  2.592095e+02 
   67.469    4.630000  2.727116e+02  2.609381e+02 
   67.469    4.733000  2.962617e+02  2.627844e+02 
   67.469    4.836000  3.211945e+02  2.645695e+02 
   67.469    4.939000  3.440274e+02  2.660672e+02 
   67.469    5.042000  3.623548e+02  2.671833e+02 
   67.469    5.144000  3.734543e+02  2.678275e+02 
   67.469    5.247000  3.747419e+02  2.679056e+02 
   67.469    5.350000  3.760092e+02  2.679908e+02 
   67.469    5.453000  3.772558e+02  2.680815e+02 
   67.469    5.556000  3.784833e+02  2.681765e+02 
   67.469    5.659000  3.796916e+02  2.682753e+02 
   67.469    5.762000  3.808801e+02  2.683772e+02 
   67.469    5.865000  3.820492e+02  2.684818e+02 
   67.469    5.968000  3.831983e+02  2.685887e+02 
   67.469    6.070000  3.843191e+02  2.686964e+02 
   67.469    6.173000  3.854366e+02  2.688066e+02 
   67.469    6.276000  3.865425e+02  2.689178e+02 
   67.469    6.379000  3.876391e+02  2.690297e+02 
   67.469    6.482000  3.887264e+02  2.691423e+02 
   67.469    6.585000  3.898052e+02  2.692555e+02 
   67.469    6.688000  3.925435e+02  2.694716e+02 
   67.469    6.791000  3.950472e+02  2.696732e+02 
   67.469    6.894000  3.976530e+02  2.698807e+02 
   67.469    6.996000  4.006932e+02  2.701128e+02 
   67.469    7.099000  4.034630e+02  2.703286e+02 
   67.469    7.202000  4.062478e+02  2.705465e+02 
   67.469    7.305000  4.092242e+02  2.707779e+02 
   67.469    7.408000  4.118786e+02  2.709918e+02 
   67.469    7.511000  4.143642e+02  2.711970e+02 
   67.469    7.614000  4.169477e+02  2.714090e+02 
   67.469    7.717000  4.194127e+02  2.716137e+02 
   67.469    7.820000  4.217240e+02  2.718076e+02 
   67.469    7.922000  4.238567e+02  2.719889e+02 
   67.469    8.025000  4.260292e+02  2.721711e+02 
   67.469    8.128000  4.283440e+02  2.723589e+02 
   67.469    8.231000  4.309131e+02  2.725584e+02 
   67.469    8.334000  4.335730e+02  2.727607e+02 
   67.469    8.437000  4.357367e+02  2.729347e+02 
   67.469    8.540000  4.377710e+02  2.731008e+02 
   67.469    8.643000  4.397809e+02  2.732649e+02 
   67.469    8.746000  4.416576e+02  2.734212e+02 
   67.469    8.848000  4.428644e+02  2.735702e+02 
   67.469    8.951000  4.442429e+02  2.737341e+02 
   67.469    9.054000  4.459218e+02  2.739232e+02 
   67.469    9.157000  4.479172e+02  2.741381e+02 
   67.469    9.260000  4.500547e+02  2.743614e+02 
   67.469    9.363000  4.521548e+02  2.745767e+02 
   67.469    9.466000  4.526444e+02  2.746465e+02 
   67.469    9.569000  4.531321e+02  2.747146e+02 
   67.469    9.672000  4.536179e+02  2.747809e+02 
   67.469    9.774000  4.540941e+02  2.748448e+02 
   67.469    9.877000  4.545658e+02  2.749077e+02 
   67.469    9.980000  4.550277e+02  2.749690e+02 
   67.469   10.083000  4.554797e+02  2.750287e+02 
   67.469   10.186000  4.559536e+02  2.750861e+02 
   67.469   10.289000  4.564155e+02  2.751424e+02 
   67.469   10.392000  4.568681e+02  2.751974e+02 
   67.469   10.495000  4.573152e+02  2.752513e+02 
   67.469   10.598000  4.577572e+02  2.753041e+02 
   67.469   10.700000  4.581893e+02  2.753555e+02 
   67.469   10.803000  4.586190e+02  2.754065e+02 
   67.469   10.906000  4.590420e+02  2.754568e+02 
   67.469   11.009000  4.594588e+02  2.755063e+02 
   67.469   11.112000  4.598702e+02  2.755551e+02 
   67.469   11.215000  4.602763e+02  2.756034e+02 
   67.469   11.318000  4.606772e+02  2.756511e+02 
   67.469   11.421000  4.610731e+02  2.756982e+02 
   67.469   11.524000  4.614641e+02  2.757448e+02 
   67.469   11.627000  4.618500e+02  2.757908e+02 
   67.469   11.729000  4.622270e+02  2.758358e+02 
   67.469   11.832000  4.626025e+02  2.758806e+02 
   67.469   11.935000  4.629728e+02  2.759250e+02 
   67.469   12.038000  4.633380e+02  2.759687e+02 
   67.469   12.141000  4.636982e+02  2.760118e+02 
   67.469   12.244000  4.640535e+02  2.760543e+02 
   67.469   12.347000  4.644040e+02  2.760962e+02 
   67.469   12.450000  4.647499e+02  2.761374e+02 
   67.469   12.553000  4.650913e+02  2.761781e+02 
   67.469   12.655000  4.654247e+02  2.762176e+02 
   67.469   12.758000  4.657569e+02  2.762569e+02 
   67.469   12.861000  4.660849e+02  2.762954e+02 
   67.469   12.964000  4.664089e+02  2.763332e+02 
   67.469   13.067000  4.667290e+02  2.763702e+02 
   67.469   13.170000  4.670454e+02  2.764064e+02 
   67.469   13.273000  4.673580e+02  2.764418e+02 
   67.469   13.376000  4.676671e+02  2.764763e+02 
   67.469   13.479000  4.679727e+02  2.765101e+02 
   67.469   13.581000  4.682719e+02  2.765427e+02 
   67.469   13.684000  4.685705e+02  2.765748e+02 
   67.469   13.787000  4.688658e+02  2.766060e+02 
   67.469   13.890000  4.691578e+02  2.766364e+02 
   67.469   13.993000  4.694465e+02  2.766660e+02 
   67.469   14.096000  4.697320e+02  2.766947e+02 
   67.469   14.199000  4.700144e+02  2.767226e+02 
   67.469   14.302000  4.702937e+02  2.767497e+02 
   67.469   14.405000  4.705698e+02  2.767760e+02 
   67.469   14.507000  4.708402e+02  2.768013e+02 
   67.469   14.610000  4.711100e+02  2.768261e+02 
   67.469   14.713000  4.713767e+02  2.768503e+02 
   67.469   14.816000  4.716402e+02  2.768739e+02 
   67.469   14.919000  4.719004e+02  2.768970e+02 
   67.469   15.022000  4.721575e+02  2.769195e+02 
   67.469   15.125000  4.724114e+02  2.769415e+02 
   67.469   15.228000  4.726622e+02  2.769630e+02 
   67.469   15.331000  4.729098e+02  2.769841e+02 
   67.469   15.433000  4.731521e+02  2.770045e+02 
   67.469   15.536000  4.733936e+02  2.770246e+02 
   67.469   15.639000  4.736322e+02  2.770442e+02 
   67.469   15.742000  4.738679e+02  2.770632e+02 
   67.469   15.845000  4.741007e+02  2.770818e+02 
   67.469   15.948000  4.743308e+02  2.770999e+02 
   67.469   16.051001  4.745583e+02  2.771175e+02 
   67.469   16.153999  4.747834e+02  2.771346e+02 
   67.469   16.257000  4.750060e+02  2.771513e+02 
   67.469   16.360001  4.752263e+02  2.771675e+02 
   67.469   16.462000  4.754422e+02  2.771830e+02 
   67.469   16.565001  4.756579e+02  2.771981e+02 
   67.469   16.667999  4.758715e+02  2.772128e+02 
   67.469   16.771000  4.760831e+02  2.772268e+02 
   67.469   16.874001  4.762928e+02  2.772402e+02 
   67.469   16.976999  4.765006e+02  2.772530e+02 
   67.469   17.080000  4.767067e+02  2.772651e+02 
   67.469   17.183001  4.769114e+02  2.772763e+02 
   67.469   17.285999  4.771148e+02  2.772867e+02 
   67.469   17.388000  4.773148e+02  2.772962e+02 
   67.469   17.490999  4.775156e+02  2.773048e+02 
   67.469   17.594000  4.777153e+02  2.773125e+02 
   67.469   17.697001  4.779138e+02  2.773193e+02 
   67.469   17.799999  4.781109e+02  2.773253e+02 
   67.469   17.903000  4.783066e+02  2.773307e+02 
   67.469   18.006001  4.785009e+02  2.773354e+02 
   67.469   18.108999  4.786935e+02  2.773395e+02 
   67.469   18.212000  4.788844e+02  2.773431e+02 
   67.469   18.313999  4.790719e+02  2.773462e+02 
   67.469   18.417000  4.792595e+02  2.773488e+02 
   67.469   18.520000  4.794455e+02  2.773510e+02 
   67.469   18.622999  4.796299e+02  2.773526e+02 
   67.469   18.726000  4.798129e+02  2.773537e+02 
   67.469   18.829000  4.799944e+02  2.773543e+02 
   67.469   18.931999  4.801744e+02  2.773544e+02 
   67.469   19.035000  4.803530e+02  2.773540e+02 
   67.469   19.138000  4.805304e+02  2.773531e+02 
   67.469   19.240000  4.807047e+02  2.773517e+02 
   67.469   19.343000  4.808794e+02  2.773499e+02 
   67.469   19.445999  4.810527e+02  2.773477e+02 
   67.469   19.549000  4.812248e+02  2.773450e+02 
   67.469   19.652000  4.813954e+02  2.773419e+02 
   67.469   19.754999  4.815648e+02  2.773385e+02 
   67.469   19.858000  4.817329e+02  2.773346e+02 
   67.469   19.961000  4.818998e+02  2.773304e+02 
   67.469   20.063999  4.820657e+02  2.773255e+02 
   67.469   20.363001  4.825424e+02  2.773084e+02 
   67.469   20.858999  4.833104e+02  2.772733e+02 
   67.469   21.354000  4.840488e+02  2.772306e+02 
   67.469   21.850000  4.847608e+02  2.771813e+02 
   67.469   22.346001  4.854389e+02  2.771302e+02 
   67.469   22.842001  4.860771e+02  2.770817e+02 
   67.469   23.337000  4.866712e+02  2.770381e+02 
   67.469   23.833000  4.872267e+02  2.769984e+02 
   67.469   24.329000  4.877484e+02  2.769603e+02 
   67.469   24.825001  4.882392e+02  2.769231e+02 
   67.469   25.320000  4.886975e+02  2.768879e+02 
   67.469   25.816000  4.891260e+02  2.768550e+02 
   67.469   26.312000  4.895262e+02  2.768241e+02 
   67.469   26.808001  4.899010e+02  2.767944e+02 
   67.469   27.302999  4.902510e+02  2.767660e+02 
   67.469   27.799000  4.905783e+02  2.767389e+02 
   67.469   28.295000  4.908839e+02  2.767130e+02 
   67.469   28.791000  4.911709e+02  2.766877e+02 
   67.469   29.285999  4.914415e+02  2.766627e+02 
   67.469   29.782000  4.916990e+02  2.766376e+02 
   67.469   30.278000  4.919446e+02  2.766125e+02 
   67.469   30.774000  4.921799e+02  2.765872e+02 
   67.469   31.268999  4.924063e+02  2.765620e+02 
   67.469   31.764999  4.926262e+02  2.765367e+02 
   67.469   32.261002  4.928415e+02  2.765115e+02 
   67.469   32.757000  4.930537e+02  2.764867e+02 
   67.469   33.251999  4.932642e+02  2.764624e+02 
   67.469   33.748001  4.934751e+02  2.764391e+02 
   67.469   34.243999  4.936876e+02  2.764168e+02 
   67.469   34.740002  4.939032e+02  2.763958e+02 
   67.469   35.235001  4.941226e+02  2.763760e+02 
   67.469   35.730999  4.943478e+02  2.763575e+02 
   67.469   36.227001  4.945788e+02  2.763403e+02 
   67.469   36.723000  4.948157e+02  2.763241e+02 
   67.469   37.217999  4.950575e+02  2.763091e+02 
   67.469   37.714001  4.953039e+02  2.762950e+02 
   67.469   38.209999  4.955531e+02  2.762820e+02 
   67.469   38.706001  4.958029e+02  2.762699e+02 
   67.469   39.201000  4.960514e+02  2.762589e+02 
   67.469   39.696999  4.962969e+02  2.762490e+02 
   67.469   40.196999  4.965361e+02  2.762413e+02 
   67.469   45.196999  4.984113e+02  2.762116e+02 
   67.469   50.196999  4.991206e+02  2.762103e+02 
   67.469   55.196999  4.993708e+02  2.762144e+02 
   67.469   60.196999  5.001319e+02  2.762184e+02 
   67.469   65.196999  5.013693e+02  2.762213e+02 
