   66.751    0.000000  1.896576e-05  9.383313e+00 
   66.751    0.103000  1.906763e-05  9.513871e+00 
   66.751    0.206000  1.916925e-05  9.646948e+00 
   66.751    0.309000  1.927108e-05  9.780881e+00 
   66.751    0.412000  1.937301e-05  9.915083e+00 
   66.751    0.515000  1.947472e-05  1.004930e+01 
   66.751    0.618000  2.311557e-05  1.206052e+01 
   66.751    0.721000  3.040420e-05  1.515237e+01 
   66.751    0.824000  4.250278e-05  1.881760e+01 
   66.751    0.926000  6.116823e-05  2.271900e+01 
   66.751    1.029000  9.206860e-05  2.702245e+01 
   66.751    1.132000  1.471636e-04  3.187866e+01 
   66.751    1.235000  2.480692e-04  3.721886e+01 
   66.751    1.338000  4.392011e-04  4.301340e+01 
   66.751    1.441000  8.137490e-04  4.924520e+01 
   66.751    1.544000  1.574707e-03  5.592143e+01 
   66.751    1.647000  3.167554e-03  6.302682e+01 
   66.751    1.750000  6.809611e-03  7.096650e+01 
   66.751    1.852000  1.578117e-02  7.988423e+01 
   66.751    1.955000  2.087014e-02  8.265255e+01 
   66.751    2.058000  2.781614e-02  8.559402e+01 
   66.751    2.161000  6.724530e-02  9.471086e+01 
   66.751    2.264000  1.741397e-01  1.050359e+02 
   66.751    2.367000  4.843481e-01  1.170034e+02 
   66.751    2.470000  1.484022e+00  1.315004e+02 
   66.751    2.573000  5.047689e+00  1.493644e+02 
   66.751    2.676000  6.717476e+00  1.537717e+02 
   66.751    2.778000  8.801359e+00  1.582012e+02 
   66.751    2.881000  1.056983e+01  1.613125e+02 
   66.751    2.984000  1.222585e+01  1.638570e+02 
   66.751    3.087000  1.403495e+01  1.663435e+02 
   66.751    3.190000  1.629389e+01  1.691239e+02 
   66.751    3.293000  1.950707e+01  1.726026e+02 
   66.751    3.396000  2.389993e+01  1.766749e+02 
   66.751    3.499000  3.092233e+01  1.820629e+02 
   66.751    3.602000  4.204344e+01  1.887894e+02 
   66.751    3.704000  6.022675e+01  1.970524e+02 
   66.751    3.807000  8.853136e+01  2.063391e+02 
   66.751    3.910000  1.277381e+02  2.155343e+02 
   66.751    4.013000  1.833625e+02  2.248309e+02 
   66.751    4.116000  2.430283e+02  2.320967e+02 
   66.751    4.219000  3.051223e+02  2.378644e+02 
   66.751    4.322000  3.565476e+02  2.416682e+02 
   66.751    4.425000  3.922170e+02  2.438793e+02 
   66.751    4.528000  4.009907e+02  2.443352e+02 
   66.751    4.630000  4.063912e+02  2.446012e+02 
   66.751    4.733000  4.078745e+02  2.446503e+02 
   66.751    4.836000  4.093385e+02  2.447111e+02 
   66.751    4.939000  4.107810e+02  2.447818e+02 
   66.751    5.042000  4.122000e+02  2.448611e+02 
   66.751    5.145000  4.135929e+02  2.449477e+02 
   66.751    5.248000  4.149597e+02  2.450408e+02 
   66.751    5.351000  4.162995e+02  2.451396e+02 
   66.751    5.454000  4.188409e+02  2.453822e+02 
   66.751    5.556000  4.211476e+02  2.456035e+02 
   66.751    5.659000  4.232843e+02  2.458102e+02 
   66.751    5.762000  4.250400e+02  2.459789e+02 
   66.751    5.865000  4.262779e+02  2.460941e+02 
   66.751    5.968000  4.274984e+02  2.462116e+02 
   66.751    6.071000  4.287043e+02  2.463310e+02 
   66.751    6.174000  4.298989e+02  2.464517e+02 
   66.751    6.277000  4.310865e+02  2.465732e+02 
   66.751    6.380000  4.322712e+02  2.466951e+02 
   66.751    6.482000  4.334438e+02  2.468161e+02 
   66.751    6.585000  4.346274e+02  2.469382e+02 
   66.751    6.688000  4.358095e+02  2.470602e+02 
   66.751    6.791000  4.369879e+02  2.471819e+02 
   66.751    6.894000  4.381442e+02  2.473038e+02 
   66.751    6.997000  4.392546e+02  2.474261e+02 
   66.751    7.100000  4.403076e+02  2.475487e+02 
   66.751    7.203000  4.412939e+02  2.476712e+02 
   66.751    7.306000  4.422100e+02  2.477931e+02 
   66.751    7.409000  4.430530e+02  2.479141e+02 
   66.751    7.511000  4.438251e+02  2.480329e+02 
   66.751    7.614000  4.445433e+02  2.481515e+02 
   66.751    7.717000  4.452223e+02  2.482686e+02 
   66.751    7.820000  4.458895e+02  2.483841e+02 
   66.751    7.923000  4.465514e+02  2.484982e+02 
   66.751    8.026000  4.472075e+02  2.486108e+02 
   66.751    8.129001  4.483432e+02  2.487756e+02 
   66.751    8.232000  4.495012e+02  2.489415e+02 
   66.751    8.335000  4.506825e+02  2.491089e+02 
   66.751    8.437000  4.518928e+02  2.492783e+02 
   66.751    8.540000  4.531655e+02  2.494539e+02 
   66.751    8.643001  4.537663e+02  2.495555e+02 
   66.751    8.746000  4.543593e+02  2.496549e+02 
   66.751    8.849000  4.599905e+02  2.502865e+02 
   66.751    8.952001  4.644146e+02  2.507723e+02 
   66.751    9.055000  4.649945e+02  2.508630e+02 
   66.751    9.158000  4.655619e+02  2.509516e+02 
   66.751    9.261001  4.661158e+02  2.510381e+02 
   66.751    9.363001  4.666507e+02  2.511216e+02 
   66.751    9.466001  4.671772e+02  2.512040e+02 
   66.751    9.569000  4.676903e+02  2.512846e+02 
   66.751    9.672001  4.681902e+02  2.513634e+02 
   66.751    9.775001  4.686775e+02  2.514405e+02 
   66.751    9.878000  4.691532e+02  2.515158e+02 
   66.751    9.981001  4.696175e+02  2.515895e+02 
   66.751   10.084001  4.700723e+02  2.516615e+02 
   66.751   10.187000  4.705530e+02  2.517313e+02 
   66.751   10.289001  4.710221e+02  2.517988e+02 
   66.751   10.392000  4.714877e+02  2.518654e+02 
   66.751   10.495001  4.719443e+02  2.519307e+02 
   66.751   10.598001  4.723914e+02  2.519946e+02 
   66.751   10.701000  4.728304e+02  2.520573e+02 
   66.751   10.804001  4.732629e+02  2.521189e+02 
   66.751   10.907001  4.736894e+02  2.521796e+02 
   66.751   11.010000  4.741102e+02  2.522393e+02 
   66.751   11.113001  4.745259e+02  2.522982e+02 
   66.751   11.215000  4.749327e+02  2.523558e+02 
   66.751   11.318001  4.753384e+02  2.524132e+02 
   66.751   11.421000  4.757390e+02  2.524698e+02 
   66.751   11.524000  4.761345e+02  2.525257e+02 
   66.751   11.627001  4.765246e+02  2.525809e+02 
   66.751   11.730000  4.769095e+02  2.526355e+02 
   66.751   11.833000  4.772889e+02  2.526894e+02 
   66.751   11.936001  4.776630e+02  2.527427e+02 
   66.751   12.039001  4.780318e+02  2.527953e+02 
   66.751   12.141001  4.783918e+02  2.528467e+02 
   66.751   12.244000  4.787501e+02  2.528979e+02 
   66.751   12.347000  4.791033e+02  2.529485e+02 
   66.751   12.450001  4.794515e+02  2.529983e+02 
   66.751   12.553000  4.797948e+02  2.530474e+02 
   66.751   12.656000  4.801333e+02  2.530957e+02 
   66.751   12.759001  4.804673e+02  2.531431e+02 
   66.751   12.862000  4.807971e+02  2.531898e+02 
   66.751   12.965000  4.811228e+02  2.532356e+02 
   66.751   13.068001  4.814446e+02  2.532805e+02 
   66.751   13.170000  4.817594e+02  2.533241e+02 
   66.751   13.273001  4.820735e+02  2.533673e+02 
   66.751   13.376000  4.823840e+02  2.534095e+02 
   66.751   13.479000  4.826909e+02  2.534509e+02 
   66.751   13.582001  4.829942e+02  2.534915e+02 
   66.751   13.685000  4.832941e+02  2.535311e+02 
   66.751   13.788000  4.835907e+02  2.535698e+02 
   66.751   13.891001  4.838841e+02  2.536076e+02 
   66.751   13.994000  4.841741e+02  2.536444e+02 
   66.751   14.096001  4.844582e+02  2.536800e+02 
   66.751   14.199000  4.847418e+02  2.537151e+02 
   66.751   14.302000  4.850222e+02  2.537492e+02 
   66.751   14.405001  4.852996e+02  2.537823e+02 
   66.751   14.508000  4.855739e+02  2.538146e+02 
   66.751   14.611000  4.858451e+02  2.538461e+02 
   66.751   14.714001  4.861131e+02  2.538767e+02 
   66.751   14.817000  4.863781e+02  2.539066e+02 
   66.751   14.920000  4.866398e+02  2.539358e+02 
   66.751   15.022000  4.868959e+02  2.539641e+02 
   66.751   15.125000  4.871515e+02  2.539919e+02 
   66.751   15.228001  4.874038e+02  2.540193e+02 
   66.751   15.331000  4.876531e+02  2.540459e+02 
   66.751   15.434000  4.878994e+02  2.540721e+02 
   66.751   15.537001  4.881427e+02  2.540976e+02 
   66.751   15.640000  4.883830e+02  2.541226e+02 
   66.751   15.743000  4.886205e+02  2.541471e+02 
   66.751   15.846001  4.888551e+02  2.541710e+02 
   66.751   15.948001  4.890847e+02  2.541941e+02 
   66.751   16.050999  4.893141e+02  2.542169e+02 
   66.751   16.153999  4.895411e+02  2.542391e+02 
   66.751   16.257000  4.897656e+02  2.542607e+02 
   66.751   16.359999  4.899878e+02  2.542817e+02 
   66.751   16.462999  4.902076e+02  2.543020e+02 
   66.751   16.566000  4.904252e+02  2.543218e+02 
   66.751   16.668999  4.906406e+02  2.543410e+02 
   66.751   16.771999  4.908538e+02  2.543596e+02 
   66.751   16.873999  4.910629e+02  2.543774e+02 
   66.751   16.976999  4.912719e+02  2.543948e+02 
   66.751   17.080000  4.914792e+02  2.544115e+02 
   66.751   17.182999  4.916849e+02  2.544275e+02 
   66.751   17.285999  4.918891e+02  2.544426e+02 
   66.751   17.389000  4.920918e+02  2.544570e+02 
   66.751   17.491999  4.922932e+02  2.544706e+02 
   66.751   17.594999  4.924936e+02  2.544832e+02 
   66.751   17.698000  4.926927e+02  2.544950e+02 
   66.751   17.800999  4.928906e+02  2.545059e+02 
   66.751   17.903000  4.930853e+02  2.545160e+02 
   66.751   18.005999  4.932806e+02  2.545255e+02 
   66.751   18.108999  4.934744e+02  2.545343e+02 
   66.751   18.212000  4.936665e+02  2.545425e+02 
   66.751   18.314999  4.938569e+02  2.545502e+02 
   66.751   18.417999  4.940454e+02  2.545575e+02 
   66.751   18.521000  4.942322e+02  2.545644e+02 
   66.751   18.623999  4.944173e+02  2.545707e+02 
   66.751   18.726999  4.946008e+02  2.545766e+02 
   66.751   18.828999  4.947808e+02  2.545819e+02 
   66.751   18.931999  4.949610e+02  2.545867e+02 
   66.751   19.035000  4.951400e+02  2.545910e+02 
   66.751   19.137999  4.953178e+02  2.545947e+02 
   66.751   19.240999  4.954944e+02  2.545977e+02 
   66.751   19.344000  4.956697e+02  2.546003e+02 
   66.751   19.446999  4.958438e+02  2.546024e+02 
   66.751   19.549999  4.960167e+02  2.546039e+02 
   66.751   19.653000  4.961882e+02  2.546050e+02 
   66.751   19.754999  4.963567e+02  2.546057e+02 
   66.751   19.858000  4.965256e+02  2.546059e+02 
   66.751   19.960999  4.966931e+02  2.546058e+02 
   66.751   20.063999  4.968595e+02  2.546051e+02 
   66.751   20.362999  4.973372e+02  2.546002e+02 
   66.751   20.858999  4.981064e+02  2.545852e+02 
   66.751   21.355000  4.988471e+02  2.545622e+02 
   66.751   21.851000  4.995619e+02  2.545310e+02 
   66.751   22.345999  5.002455e+02  2.544951e+02 
   66.751   22.841999  5.008940e+02  2.544589e+02 
   66.751   23.337999  5.015007e+02  2.544258e+02 
   66.751   23.834000  5.020658e+02  2.543964e+02 
   66.751   24.328999  5.025926e+02  2.543694e+02 
   66.751   24.824999  5.030884e+02  2.543429e+02 
   66.751   25.320999  5.035533e+02  2.543170e+02 
   66.751   25.816999  5.039879e+02  2.542926e+02 
   66.751   26.312000  5.043925e+02  2.542700e+02 
   66.751   26.807999  5.047717e+02  2.542484e+02 
   66.751   27.303999  5.051273e+02  2.542270e+02 
   66.751   27.799999  5.054600e+02  2.542061e+02 
   66.751   28.295000  5.057703e+02  2.541859e+02 
   66.751   28.791000  5.060615e+02  2.541662e+02 
   66.751   29.286999  5.063358e+02  2.541468e+02 
   66.751   29.782999  5.065961e+02  2.541273e+02 
   66.751   30.278000  5.068442e+02  2.541075e+02 
   66.751   30.774000  5.070829e+02  2.540872e+02 
   66.751   31.269999  5.073134e+02  2.540667e+02 
   66.751   31.765999  5.075374e+02  2.540459e+02 
   66.751   32.260998  5.077567e+02  2.540252e+02 
   66.751   32.757000  5.079740e+02  2.540045e+02 
   66.751   33.252998  5.081905e+02  2.539843e+02 
   66.751   33.749001  5.084077e+02  2.539647e+02 
   66.751   34.243999  5.086264e+02  2.539460e+02 
   66.751   34.739998  5.088492e+02  2.539283e+02 
   66.751   35.236000  5.090766e+02  2.539117e+02 
   66.751   35.731998  5.093096e+02  2.538961e+02 
   66.751   36.227001  5.095483e+02  2.538816e+02 
   66.751   36.723000  5.097932e+02  2.538681e+02 
   66.751   37.218998  5.100433e+02  2.538554e+02 
   66.751   37.715000  5.102972e+02  2.538436e+02 
   66.751   38.210999  5.105535e+02  2.538327e+02 
   66.751   38.706001  5.108095e+02  2.538227e+02 
   66.751   39.202000  5.110646e+02  2.538136e+02 
   66.751   39.697998  5.113157e+02  2.538053e+02 
   66.751   40.197998  5.115597e+02  2.537992e+02 
   66.751   45.197998  5.134549e+02  2.537786e+02 
   66.751   50.197998  5.141652e+02  2.537810e+02 
   66.751   55.197998  5.144205e+02  2.537866e+02 
   66.751   60.197998  5.152177e+02  2.537913e+02 
   66.751   65.198006  5.164717e+02  2.537945e+02 
