    0.000    0.000000  0.000000e+00  3.506589e+02 
    0.000    0.103000  0.000000e+00  3.502765e+02 
    0.000    0.206000  0.000000e+00  3.491296e+02 
    0.000    0.308000  0.000000e+00  3.474288e+02 
    0.000    0.411000  0.000000e+00  3.456725e+02 
    0.000    0.514000  0.000000e+00  3.437181e+02 
    0.000    0.617000  0.000000e+00  3.413710e+02 
    0.000    0.720000  0.000000e+00  3.387289e+02 
    0.000    0.823000  0.000000e+00  3.359820e+02 
    0.000    0.926000  0.000000e+00  3.331539e+02 
    0.000    1.029000  0.000000e+00  3.302783e+02 
    0.000    1.132000  0.000000e+00  3.273411e+02 
    0.000    1.234000  0.000000e+00  3.243505e+02 
    0.000    1.337000  0.000000e+00  3.213395e+02 
    0.000    1.440000  0.000000e+00  3.183671e+02 
    0.000    1.543000  0.000000e+00  3.154443e+02 
    0.000    1.646000  0.000000e+00  3.126621e+02 
    0.000    1.749000  0.000000e+00  3.100237e+02 
    0.000    1.852000  0.000000e+00  3.088309e+02 
    0.000    1.955000  0.000000e+00  3.040797e+02 
    0.000    2.058000  0.000000e+00  3.015427e+02 
    0.000    2.160000  0.000000e+00  2.995350e+02 
    0.000    2.263000  0.000000e+00  2.976434e+02 
    0.000    2.366000  0.000000e+00  2.956582e+02 
    0.000    2.469000  0.000000e+00  2.935142e+02 
    0.000    2.572000  0.000000e+00  2.911216e+02 
    0.000    2.675000  0.000000e+00  2.884199e+02 
    0.000    2.778000  0.000000e+00  2.854008e+02 
    0.000    2.881000  0.000000e+00  2.842577e+02 
    0.000    2.984000  0.000000e+00  2.830158e+02 
    0.000    3.087000  0.000000e+00  2.817168e+02 
    0.000    3.189000  0.000000e+00  2.803610e+02 
    0.000    3.292000  0.000000e+00  2.789491e+02 
    0.000    3.395000  0.000000e+00  2.774626e+02 
    0.000    3.498000  0.000000e+00  2.758361e+02 
    0.000    3.601000  0.000000e+00  2.740011e+02 
    0.000    3.704000  0.000000e+00  2.719247e+02 
    0.000    3.807000  0.000000e+00  2.695757e+02 
    0.000    3.910000  0.000000e+00  2.672060e+02 
    0.000    4.013000  0.000000e+00  2.648951e+02 
    0.000    4.115000  0.000000e+00  2.627213e+02 
    0.000    4.218000  0.000000e+00  2.606479e+02 
    0.000    4.321000  0.000000e+00  2.586682e+02 
    0.000    4.424000  0.000000e+00  2.568284e+02 
    0.000    4.527000  0.000000e+00  2.552054e+02 
    0.000    4.630000  0.000000e+00  2.537672e+02 
    0.000    4.733000  0.000000e+00  2.524949e+02 
    0.000    4.836000  0.000000e+00  2.513382e+02 
    0.000    4.939000  0.000000e+00  2.502628e+02 
    0.000    5.041000  0.000000e+00  2.491843e+02 
    0.000    5.144000  0.000000e+00  2.480934e+02 
    0.000    5.247000  0.000000e+00  2.469837e+02 
    0.000    5.350000  0.000000e+00  2.458636e+02 
    0.000    5.453000  0.000000e+00  2.447470e+02 
    0.000    5.556000  0.000000e+00  2.436219e+02 
    0.000    5.659000  0.000000e+00  2.425050e+02 
    0.000    5.762000  0.000000e+00  2.414004e+02 
    0.000    5.865000  0.000000e+00  2.403082e+02 
    0.000    5.967000  0.000000e+00  2.392509e+02 
    0.000    6.070000  0.000000e+00  2.382056e+02 
    0.000    6.173000  0.000000e+00  2.371695e+02 
    0.000    6.276000  0.000000e+00  2.361624e+02 
    0.000    6.379000  0.000000e+00  2.352964e+02 
    0.000    6.482000  0.000000e+00  2.344469e+02 
    0.000    6.585000  0.000000e+00  2.336158e+02 
    0.000    6.688000  0.000000e+00  2.328093e+02 
    0.000    6.791000  0.000000e+00  2.320239e+02 
    0.000    6.893000  0.000000e+00  2.312991e+02 
    0.000    6.996000  0.000000e+00  2.306532e+02 
    0.000    7.099000  0.000000e+00  2.300685e+02 
    0.000    7.202000  0.000000e+00  2.295830e+02 
    0.000    7.305000  0.000000e+00  2.291926e+02 
    0.000    7.408000  0.000000e+00  2.287422e+02 
    0.000    7.511000  0.000000e+00  2.283840e+02 
    0.000    7.614000  0.000000e+00  2.280867e+02 
    0.000    7.717000  0.000000e+00  2.278152e+02 
    0.000    7.819000  0.000000e+00  2.276155e+02 
    0.000    7.922000  0.000000e+00  2.274491e+02 
    0.000    8.025000  0.000000e+00  2.273023e+02 
    0.000    8.127999  0.000000e+00  2.271650e+02 
    0.000    8.231000  0.000000e+00  2.270458e+02 
    0.000    8.334000  0.000000e+00  2.269162e+02 
    0.000    8.436999  0.000000e+00  2.267725e+02 
    0.000    8.540000  0.000000e+00  2.266249e+02 
    0.000    8.643000  0.000000e+00  2.264612e+02 
    0.000    8.745000  0.000000e+00  2.262894e+02 
    0.000    8.848000  0.000000e+00  2.261056e+02 
    0.000    8.951000  0.000000e+00  2.259334e+02 
    0.000    9.054000  0.000000e+00  2.257428e+02 
    0.000    9.157000  0.000000e+00  2.255342e+02 
    0.000    9.259999  0.000000e+00  2.253379e+02 
    0.000    9.363000  0.000000e+00  2.251353e+02 
    0.000    9.466000  0.000000e+00  2.249341e+02 
    0.000    9.568999  0.000000e+00  2.247426e+02 
    0.000    9.672000  0.000000e+00  2.245576e+02 
    0.000    9.774000  0.000000e+00  2.243724e+02 
    0.000    9.877000  0.000000e+00  2.243110e+02 
    0.000    9.980000  0.000000e+00  2.242592e+02 
    0.000   10.083000  0.000000e+00  2.242144e+02 
    0.000   10.186000  0.000000e+00  2.241775e+02 
    0.000   10.289000  0.000000e+00  2.241466e+02 
    0.000   10.392000  0.000000e+00  2.241179e+02 
    0.000   10.495000  0.000000e+00  2.240847e+02 
    0.000   10.598000  0.000000e+00  2.240492e+02 
    0.000   10.700000  0.000000e+00  2.240121e+02 
    0.000   10.802999  0.000000e+00  2.239683e+02 
    0.000   10.906000  0.000000e+00  2.239206e+02 
    0.000   11.009000  0.000000e+00  2.238698e+02 
    0.000   11.112000  0.000000e+00  2.238112e+02 
    0.000   11.215000  0.000000e+00  2.237474e+02 
    0.000   11.318000  0.000000e+00  2.236803e+02 
    0.000   11.421000  0.000000e+00  2.236078e+02 
    0.000   11.524000  0.000000e+00  2.235314e+02 
    0.000   11.625999  0.000000e+00  2.234539e+02 
    0.000   11.729000  0.000000e+00  2.233775e+02 
    0.000   11.832000  0.000000e+00  2.233026e+02 
    0.000   11.934999  0.000000e+00  2.232286e+02 
    0.000   12.038000  0.000000e+00  2.231591e+02 
    0.000   12.141000  0.000000e+00  2.230934e+02 
    0.000   12.243999  0.000000e+00  2.230300e+02 
    0.000   12.347000  0.000000e+00  2.229666e+02 
    0.000   12.450000  0.000000e+00  2.229030e+02 
    0.000   12.552000  0.000000e+00  2.228401e+02 
    0.000   12.655000  0.000000e+00  2.227761e+02 
    0.000   12.757999  0.000000e+00  2.227114e+02 
    0.000   12.861000  0.000000e+00  2.226464e+02 
    0.000   12.964000  0.000000e+00  2.225812e+02 
    0.000   13.066999  0.000000e+00  2.225160e+02 
    0.000   13.170000  0.000000e+00  2.224509e+02 
    0.000   13.273000  0.000000e+00  2.223868e+02 
    0.000   13.375999  0.000000e+00  2.223253e+02 
    0.000   13.478000  0.000000e+00  2.222663e+02 
    0.000   13.580999  0.000000e+00  2.222084e+02 
    0.000   13.684000  0.000000e+00  2.221553e+02 
    0.000   13.787000  0.000000e+00  2.221061e+02 
    0.000   13.889999  0.000000e+00  2.220594e+02 
    0.000   13.993000  0.000000e+00  2.220171e+02 
    0.000   14.096000  0.000000e+00  2.219788e+02 
    0.000   14.198999  0.000000e+00  2.219435e+02 
    0.000   14.302000  0.000000e+00  2.219098e+02 
    0.000   14.405000  0.000000e+00  2.218771e+02 
    0.000   14.507000  0.000000e+00  2.218458e+02 
    0.000   14.610000  0.000000e+00  2.218141e+02 
    0.000   14.712999  0.000000e+00  2.217796e+02 
    0.000   14.816000  0.000000e+00  2.217431e+02 
    0.000   14.919000  0.000000e+00  2.217057e+02 
    0.000   15.021999  0.000000e+00  2.216670e+02 
    0.000   15.125000  0.000000e+00  2.216273e+02 
    0.000   15.228000  0.000000e+00  2.215870e+02 
    0.000   15.330999  0.000000e+00  2.215466e+02 
    0.000   15.433000  0.000000e+00  2.215065e+02 
    0.000   15.535999  0.000000e+00  2.214661e+02 
    0.000   15.639000  0.000000e+00  2.214254e+02 
    0.000   15.742000  0.000000e+00  2.213830e+02 
    0.000   15.844999  0.000000e+00  2.213392e+02 
    0.000   15.948000  0.000000e+00  2.212947e+02 
    0.000   16.051001  0.000000e+00  2.212499e+02 
    0.000   16.153999  0.000000e+00  2.212049e+02 
    0.000   16.257000  0.000000e+00  2.211599e+02 
    0.000   16.358999  0.000000e+00  2.211158e+02 
    0.000   16.462000  0.000000e+00  2.210725e+02 
    0.000   16.565001  0.000000e+00  2.210302e+02 
    0.000   16.667999  0.000000e+00  2.209886e+02 
    0.000   16.771000  0.000000e+00  2.209491e+02 
    0.000   16.874001  0.000000e+00  2.209115e+02 
    0.000   16.976999  0.000000e+00  2.208752e+02 
    0.000   17.080000  0.000000e+00  2.208400e+02 
    0.000   17.183001  0.000000e+00  2.208059e+02 
    0.000   17.285000  0.000000e+00  2.207730e+02 
    0.000   17.388000  0.000000e+00  2.207405e+02 
    0.000   17.490999  0.000000e+00  2.207082e+02 
    0.000   17.594000  0.000000e+00  2.206760e+02 
    0.000   17.697001  0.000000e+00  2.206442e+02 
    0.000   17.799999  0.000000e+00  2.206126e+02 
    0.000   17.903000  0.000000e+00  2.205814e+02 
    0.000   18.006001  0.000000e+00  2.205505e+02 
    0.000   18.108999  0.000000e+00  2.205200e+02 
    0.000   18.211000  0.000000e+00  2.204899e+02 
    0.000   18.313999  0.000000e+00  2.204596e+02 
    0.000   18.417000  0.000000e+00  2.204296e+02 
    0.000   18.520000  0.000000e+00  2.203997e+02 
    0.000   18.622999  0.000000e+00  2.203698e+02 
    0.000   18.726000  0.000000e+00  2.203400e+02 
    0.000   18.829000  0.000000e+00  2.203103e+02 
    0.000   18.931999  0.000000e+00  2.202806e+02 
    0.000   19.035000  0.000000e+00  2.202505e+02 
    0.000   19.138000  0.000000e+00  2.202202e+02 
    0.000   19.240000  0.000000e+00  2.201902e+02 
    0.000   19.343000  0.000000e+00  2.201607e+02 
    0.000   19.445999  0.000000e+00  2.201323e+02 
    0.000   19.549000  0.000000e+00  2.201048e+02 
    0.000   19.652000  0.000000e+00  2.200781e+02 
    0.000   19.754999  0.000000e+00  2.200529e+02 
    0.000   19.858000  0.000000e+00  2.200293e+02 
    0.000   19.961000  0.000000e+00  2.200069e+02 
    0.000   20.063999  0.000000e+00  2.199854e+02 
    0.000   20.362999  0.000000e+00  2.199227e+02 
    0.000   20.858999  0.000000e+00  2.198167e+02 
    0.000   21.354000  0.000000e+00  2.197217e+02 
    0.000   21.850000  0.000000e+00  2.196340e+02 
    0.000   22.346001  0.000000e+00  2.195472e+02 
    0.000   22.841999  0.000000e+00  2.194690e+02 
    0.000   23.337000  0.000000e+00  2.194010e+02 
    0.000   23.833000  0.000000e+00  2.193439e+02 
    0.000   24.329000  0.000000e+00  2.193024e+02 
    0.000   24.824999  0.000000e+00  2.192791e+02 
    0.000   25.320000  0.000000e+00  2.192669e+02 
    0.000   25.816000  0.000000e+00  2.192643e+02 
    0.000   26.312000  0.000000e+00  2.192776e+02 
    0.000   26.808001  0.000000e+00  2.192995e+02 
    0.000   27.302999  0.000000e+00  2.193223e+02 
    0.000   27.799000  0.000000e+00  2.193439e+02 
    0.000   28.295000  0.000000e+00  2.193661e+02 
    0.000   28.791000  0.000000e+00  2.193958e+02 
    0.000   29.285999  0.000000e+00  2.194393e+02 
    0.000   29.782000  0.000000e+00  2.194931e+02 
    0.000   30.278000  0.000000e+00  2.195522e+02 
    0.000   30.774000  0.000000e+00  2.196071e+02 
    0.000   31.268999  0.000000e+00  2.196577e+02 
    0.000   31.764999  0.000000e+00  2.197056e+02 
    0.000   32.261002  0.000000e+00  2.197570e+02 
    0.000   32.757000  0.000000e+00  2.198131e+02 
    0.000   33.252003  0.000000e+00  2.198755e+02 
    0.000   33.748001  0.000000e+00  2.199429e+02 
    0.000   34.244003  0.000000e+00  2.200131e+02 
    0.000   34.740002  0.000000e+00  2.200807e+02 
    0.000   35.235001  0.000000e+00  2.201441e+02 
    0.000   35.731003  0.000000e+00  2.202001e+02 
    0.000   36.227001  0.000000e+00  2.202498e+02 
    0.000   36.723003  0.000000e+00  2.202966e+02 
    0.000   37.218002  0.000000e+00  2.203411e+02 
    0.000   37.714001  0.000000e+00  2.203860e+02 
    0.000   38.210003  0.000000e+00  2.204313e+02 
    0.000   38.706001  0.000000e+00  2.204776e+02 
    0.000   39.201000  0.000000e+00  2.205250e+02 
    0.000   39.697002  0.000000e+00  2.205742e+02 
    0.000   40.197002  0.000000e+00  2.206257e+02 
    0.000   45.197002  0.000000e+00  2.210767e+02 
    0.000   50.197002  0.000000e+00  2.212983e+02 
    0.000   55.197002  0.000000e+00  2.213014e+02 
    0.000   60.197002  0.000000e+00  2.212323e+02 
    0.000   65.196999  0.000000e+00  2.211799e+02 
