   67.334    0.000000  1.263210e-33  3.781957e+00 
   67.334    0.103000  1.270841e-33  3.843215e+00 
   67.334    0.206000  1.278465e-33  3.904978e+00 
   67.334    0.309000  1.286068e-33  3.966855e+00 
   67.334    0.412000  1.293646e-33  4.028689e+00 
   67.334    0.515000  1.301197e-33  4.090343e+00 
   67.334    0.617000  5.144277e-33  8.757528e+00 
   67.334    0.720000  4.507496e-32  1.531664e+01 
   67.334    0.823000  7.758925e-31  2.342463e+01 
   67.334    0.926000  2.390476e-29  3.283415e+01 
   67.334    1.029000  1.257501e-27  4.347372e+01 
   67.334    1.132000  1.089740e-25  5.529593e+01 
   67.334    1.235000  1.529989e-23  6.831635e+01 
   67.334    1.338000  3.324284e-21  8.244363e+01 
   67.334    1.441000  1.129241e-18  9.778777e+01 
   67.334    1.543000  5.531959e-16  1.142083e+02 
   67.334    1.646000  4.297499e-13  1.320641e+02 
   67.334    1.749000  4.945793e-10  1.514195e+02 
   67.334    1.852000  3.590410e-06  1.765580e+02 
   67.334    1.955000  3.438072e-03  2.006673e+02 
   67.334    2.058000  3.579782e-01  2.259303e+02 
   67.334    2.161000  5.864982e+00  2.516418e+02 
   67.334    2.264000  5.901733e+00  2.513566e+02 
   67.334    2.367000  5.930415e+00  2.511084e+02 
   67.334    2.469000  5.958598e+00  2.509000e+02 
   67.334    2.572000  5.986784e+00  2.507211e+02 
   67.334    2.675000  6.014727e+00  2.505685e+02 
   67.334    2.778000  6.042476e+00  2.504378e+02 
   67.334    2.881000  6.070053e+00  2.503260e+02 
   67.334    2.984000  6.097465e+00  2.502306e+02 
   67.334    3.087000  6.124693e+00  2.501501e+02 
   67.334    3.190000  6.151735e+00  2.500829e+02 
   67.334    3.293000  6.178594e+00  2.500276e+02 
   67.334    3.395000  6.205012e+00  2.499834e+02 
   67.334    3.498000  6.231497e+00  2.499486e+02 
   67.334    3.601000  6.257842e+00  2.499223e+02 
   67.334    3.704000  6.284109e+00  2.499035e+02 
   67.334    3.807000  6.310304e+00  2.498914e+02 
   67.334    3.910000  6.336473e+00  2.498855e+02 
   67.334    4.013000  6.362628e+00  2.498850e+02 
   67.334    4.116000  6.388782e+00  2.498896e+02 
   67.334    4.219000  6.414949e+00  2.498987e+02 
   67.334    4.321000  6.440837e+00  2.499122e+02 
   67.334    4.424000  6.466906e+00  2.499300e+02 
   67.334    4.527000  6.492857e+00  2.499519e+02 
   67.334    4.630000  6.542856e+00  2.500274e+02 
   67.334    4.733000  6.628170e+00  2.501785e+02 
   67.334    4.836000  6.778955e+00  2.504632e+02 
   67.334    4.939000  7.033651e+00  2.509485e+02 
   67.334    5.042000  7.414087e+00  2.516569e+02 
   67.334    5.145000  7.880793e+00  2.524914e+02 
   67.334    5.247000  8.356688e+00  2.533045e+02 
   67.334    5.350000  8.750334e+00  2.539504e+02 
   67.334    5.453000  9.040780e+00  2.544135e+02 
   67.334    5.556000  9.279069e+00  2.547874e+02 
   67.334    5.659000  9.566255e+00  2.552338e+02 
   67.334    5.762000  9.979697e+00  2.558629e+02 
   67.334    5.865000  1.056669e+01  2.567236e+02 
   67.334    5.968000  1.132216e+01  2.577785e+02 
   67.334    6.071000  1.223025e+01  2.589770e+02 
   67.334    6.173000  1.317896e+01  2.601592e+02 
   67.334    6.276000  1.408548e+01  2.612324e+02 
   67.334    6.379000  1.502359e+01  2.622939e+02 
   67.334    6.482000  1.640142e+01  2.637701e+02 
   67.334    6.585000  1.925093e+01  2.665349e+02 
   67.334    6.688000  2.596428e+01  2.719161e+02 
   67.334    6.791000  3.988892e+01  2.801509e+02 
   67.334    6.894000  6.568538e+01  2.904855e+02 
   67.334    6.997000  1.169778e+02  3.033925e+02 
   67.334    7.100000  1.980631e+02  3.157795e+02 
   67.334    7.202000  2.911473e+02  3.248352e+02 
   67.334    7.305000  3.709174e+02  3.302622e+02 
   67.334    7.408000  4.110205e+02  3.324099e+02 
   67.334    7.511000  4.159494e+02  3.326560e+02 
   67.334    7.614000  4.180851e+02  3.327730e+02 
   67.334    7.717000  4.201775e+02  3.328956e+02 
   67.334    7.820000  4.231962e+02  3.330648e+02 
   67.334    7.923000  4.253596e+02  3.331941e+02 
   67.334    8.026000  4.275146e+02  3.333234e+02 
   67.334    8.128000  4.297179e+02  3.334535e+02 
   67.334    8.231000  4.319720e+02  3.335854e+02 
   67.334    8.334000  4.340815e+02  3.337101e+02 
   67.334    8.437000  4.369457e+02  3.338682e+02 
   67.334    8.540000  4.392893e+02  3.340028e+02 
   67.334    8.643000  4.415525e+02  3.341337e+02 
   67.334    8.746000  4.432834e+02  3.342421e+02 
   67.334    8.849000  4.443912e+02  3.343398e+02 
   67.334    8.952000  4.459464e+02  3.344680e+02 
   67.334    9.054000  4.483775e+02  3.346544e+02 
   67.334    9.157000  4.512875e+02  3.348684e+02 
   67.334    9.260000  4.531322e+02  3.349709e+02 
   67.334    9.363000  4.548722e+02  3.350670e+02 
   67.334    9.466000  4.553696e+02  3.351118e+02 
   67.334    9.569000  4.558633e+02  3.351551e+02 
   67.334    9.672000  4.563537e+02  3.351970e+02 
   67.334    9.775000  4.568378e+02  3.352376e+02 
   67.334    9.878000  4.573119e+02  3.352771e+02 
   67.334    9.980000  4.577706e+02  3.353151e+02 
   67.334   10.083000  4.582236e+02  3.353524e+02 
   67.334   10.186000  4.586988e+02  3.353877e+02 
   67.334   10.289000  4.591625e+02  3.354221e+02 
   67.334   10.392000  4.596170e+02  3.354557e+02 
   67.334   10.495000  4.600655e+02  3.354886e+02 
   67.334   10.598000  4.605084e+02  3.355208e+02 
   67.334   10.701000  4.609453e+02  3.355524e+02 
   67.334   10.804000  4.613755e+02  3.355834e+02 
   67.334   10.906000  4.617950e+02  3.356137e+02 
   67.334   11.009000  4.622124e+02  3.356440e+02 
   67.334   11.112000  4.626243e+02  3.356738e+02 
   67.334   11.215000  4.630310e+02  3.357034e+02 
   67.334   11.318000  4.634325e+02  3.357327e+02 
   67.334   11.421000  4.638290e+02  3.357617e+02 
   67.334   11.524000  4.642206e+02  3.357904e+02 
   67.334   11.627000  4.646071e+02  3.358189e+02 
   67.334   11.730000  4.649886e+02  3.358471e+02 
   67.334   11.832000  4.653614e+02  3.358747e+02 
   67.334   11.934999  4.657328e+02  3.359023e+02 
   67.334   12.038000  4.660991e+02  3.359295e+02 
   67.334   12.141000  4.664604e+02  3.359565e+02 
   67.334   12.243999  4.668168e+02  3.359831e+02 
   67.334   12.347000  4.671683e+02  3.360093e+02 
   67.334   12.450000  4.675151e+02  3.360352e+02 
   67.334   12.552999  4.678571e+02  3.360608e+02 
   67.334   12.656000  4.681944e+02  3.360859e+02 
   67.334   12.759000  4.685271e+02  3.361105e+02 
   67.334   12.861000  4.688526e+02  3.361344e+02 
   67.334   12.964000  4.691771e+02  3.361580e+02 
   67.334   13.066999  4.694978e+02  3.361810e+02 
   67.334   13.170000  4.698146e+02  3.362033e+02 
   67.334   13.273000  4.701277e+02  3.362250e+02 
   67.334   13.375999  4.704372e+02  3.362461e+02 
   67.334   13.479000  4.707432e+02  3.362664e+02 
   67.334   13.582000  4.710457e+02  3.362861e+02 
   67.334   13.684999  4.713448e+02  3.363051e+02 
   67.334   13.787000  4.716376e+02  3.363233e+02 
   67.334   13.890000  4.719299e+02  3.363410e+02 
   67.334   13.993000  4.722190e+02  3.363581e+02 
   67.334   14.096000  4.725048e+02  3.363744e+02 
   67.334   14.199000  4.727874e+02  3.363900e+02 
   67.334   14.302000  4.730669e+02  3.364050e+02 
   67.334   14.405000  4.733432e+02  3.364193e+02 
   67.334   14.507999  4.736165e+02  3.364330e+02 
   67.334   14.611000  4.738866e+02  3.364461e+02 
   67.334   14.713000  4.741509e+02  3.364586e+02 
   67.334   14.816000  4.744147e+02  3.364707e+02 
   67.334   14.919000  4.746753e+02  3.364825e+02 
   67.334   15.022000  4.749327e+02  3.364938e+02 
   67.334   15.125000  4.751870e+02  3.365048e+02 
   67.334   15.228000  4.754381e+02  3.365154e+02 
   67.334   15.331000  4.756861e+02  3.365258e+02 
   67.334   15.434000  4.759312e+02  3.365357e+02 
   67.334   15.537000  4.761732e+02  3.365454e+02 
   67.334   15.639000  4.764099e+02  3.365546e+02 
   67.334   15.742000  4.766460e+02  3.365635e+02 
   67.334   15.845000  4.768792e+02  3.365721e+02 
   67.334   15.947999  4.771097e+02  3.365803e+02 
   67.334   16.051001  4.773376e+02  3.365881e+02 
   67.334   16.154001  4.775631e+02  3.365955e+02 
   67.334   16.257000  4.777861e+02  3.366025e+02 
   67.334   16.360001  4.780067e+02  3.366092e+02 
   67.334   16.463001  4.782251e+02  3.366154e+02 
   67.334   16.565001  4.784391e+02  3.366212e+02 
   67.334   16.668001  4.786530e+02  3.366266e+02 
   67.334   16.771000  4.788648e+02  3.366315e+02 
   67.334   16.874001  4.790748e+02  3.366359e+02 
   67.334   16.977001  4.792828e+02  3.366397e+02 
   67.334   17.080000  4.794891e+02  3.366430e+02 
   67.334   17.183001  4.796940e+02  3.366454e+02 
   67.334   17.286001  4.798975e+02  3.366472e+02 
   67.334   17.389000  4.800995e+02  3.366481e+02 
   67.334   17.492001  4.803004e+02  3.366483e+02 
   67.334   17.594002  4.804981e+02  3.366475e+02 
   67.334   17.697001  4.806967e+02  3.366459e+02 
   67.334   17.800001  4.808939e+02  3.366436e+02 
   67.334   17.903002  4.810897e+02  3.366406e+02 
   67.334   18.006001  4.812840e+02  3.366370e+02 
   67.334   18.109001  4.814769e+02  3.366328e+02 
   67.334   18.212000  4.816680e+02  3.366282e+02 
   67.334   18.315001  4.818575e+02  3.366232e+02 
   67.334   18.418001  4.820452e+02  3.366178e+02 
   67.334   18.520000  4.822295e+02  3.366120e+02 
   67.334   18.623001  4.824140e+02  3.366057e+02 
   67.334   18.726002  4.825970e+02  3.365990e+02 
   67.334   18.829000  4.827786e+02  3.365918e+02 
   67.334   18.932001  4.829587e+02  3.365841e+02 
   67.334   19.035002  4.831375e+02  3.365760e+02 
   67.334   19.138000  4.833149e+02  3.365674e+02 
   67.334   19.241001  4.834911e+02  3.365583e+02 
   67.334   19.344002  4.836659e+02  3.365489e+02 
   67.334   19.446001  4.838377e+02  3.365392e+02 
   67.334   19.549002  4.840099e+02  3.365290e+02 
   67.334   19.652000  4.841807e+02  3.365185e+02 
   67.334   19.755001  4.843502e+02  3.365077e+02 
   67.334   19.858002  4.845184e+02  3.364965e+02 
   67.334   19.961000  4.846853e+02  3.364850e+02 
   67.334   20.064001  4.848513e+02  3.364729e+02 
   67.334   20.363001  4.853282e+02  3.364351e+02 
   67.334   20.859001  4.860964e+02  3.363665e+02 
   67.334   21.355001  4.868366e+02  3.362914e+02 
   67.334   21.850000  4.875480e+02  3.362107e+02 
   67.334   22.346001  4.882281e+02  3.361287e+02 
   67.334   22.842001  4.888691e+02  3.360509e+02 
   67.334   23.338001  4.894674e+02  3.359801e+02 
   67.334   23.833000  4.900239e+02  3.359157e+02 
   67.334   24.329000  4.905470e+02  3.358547e+02 
   67.334   24.825001  4.910391e+02  3.357960e+02 
   67.334   25.321001  4.914996e+02  3.357405e+02 
   67.334   25.816000  4.919285e+02  3.356890e+02 
   67.334   26.312000  4.923298e+02  3.356408e+02 
   67.334   26.808001  4.927056e+02  3.355949e+02 
   67.334   27.304001  4.930575e+02  3.355512e+02 
   67.334   27.799002  4.933854e+02  3.355099e+02 
   67.334   28.295000  4.936918e+02  3.354709e+02 
   67.334   28.791000  4.939793e+02  3.354333e+02 
   67.334   29.287001  4.942508e+02  3.353969e+02 
   67.334   29.782001  4.945082e+02  3.353610e+02 
   67.334   30.278002  4.947542e+02  3.353254e+02 
   67.334   30.774000  4.949901e+02  3.352903e+02 
   67.334   31.270000  4.952176e+02  3.352556e+02 
   67.334   31.765001  4.954377e+02  3.352214e+02 
   67.334   32.260998  4.956537e+02  3.351877e+02 
   67.334   32.757000  4.958668e+02  3.351547e+02 
   67.334   33.252998  4.960786e+02  3.351227e+02 
   67.334   33.747997  4.962904e+02  3.350922e+02 
   67.334   34.243999  4.965042e+02  3.350631e+02 
   67.334   34.739998  4.967211e+02  3.350356e+02 
   67.334   35.236000  4.969424e+02  3.350099e+02 
   67.334   35.730999  4.971686e+02  3.349859e+02 
   67.334   36.226997  4.974011e+02  3.349635e+02 
   67.334   36.723000  4.976394e+02  3.349425e+02 
   67.334   37.218998  4.978832e+02  3.349229e+02 
   67.334   37.714001  4.981305e+02  3.349047e+02 
   67.334   38.209999  4.983810e+02  3.348878e+02 
   67.334   38.705997  4.986320e+02  3.348721e+02 
   67.334   39.202000  4.988821e+02  3.348578e+02 
   67.334   39.696999  4.991282e+02  3.348448e+02 
   67.334   40.196999  4.993683e+02  3.348344e+02 
   67.334   45.196999  5.012480e+02  3.347891e+02 
   67.334   50.196999  5.019581e+02  3.347816e+02 
   67.334   55.196999  5.022092e+02  3.347829e+02 
   67.334   60.196999  5.029769e+02  3.347855e+02 
   67.334   65.197006  5.042177e+02  3.347876e+02 
