    0.000    0.000000  0.000000e+00  3.493908e+02 
    0.000    0.103000  0.000000e+00  3.484790e+02 
    0.000    0.206000  0.000000e+00  3.472139e+02 
    0.000    0.309000  0.000000e+00  3.458759e+02 
    0.000    0.412000  0.000000e+00  3.443383e+02 
    0.000    0.515000  0.000000e+00  3.427762e+02 
    0.000    0.618000  0.000000e+00  3.411821e+02 
    0.000    0.721000  0.000000e+00  3.395679e+02 
    0.000    0.824000  0.000000e+00  3.379750e+02 
    0.000    0.926000  0.000000e+00  3.363812e+02 
    0.000    1.029000  0.000000e+00  3.348014e+02 
    0.000    1.132000  0.000000e+00  3.333278e+02 
    0.000    1.235000  0.000000e+00  3.318137e+02 
    0.000    1.338000  0.000000e+00  3.303394e+02 
    0.000    1.441000  0.000000e+00  3.287937e+02 
    0.000    1.544000  0.000000e+00  3.270945e+02 
    0.000    1.647000  0.000000e+00  3.253195e+02 
    0.000    1.750000  0.000000e+00  3.238295e+02 
    0.000    1.852000  0.000000e+00  3.227025e+02 
    0.000    1.955000  0.000000e+00  3.215092e+02 
    0.000    2.058000  0.000000e+00  3.152958e+02 
    0.000    2.161000  0.000000e+00  3.139413e+02 
    0.000    2.264000  0.000000e+00  3.125141e+02 
    0.000    2.367000  0.000000e+00  3.111388e+02 
    0.000    2.470000  0.000000e+00  3.098041e+02 
    0.000    2.573000  0.000000e+00  3.085055e+02 
    0.000    2.676000  0.000000e+00  3.071890e+02 
    0.000    2.778000  0.000000e+00  3.058372e+02 
    0.000    2.881000  0.000000e+00  3.044758e+02 
    0.000    2.984000  0.000000e+00  3.031406e+02 
    0.000    3.087000  0.000000e+00  3.018193e+02 
    0.000    3.190000  0.000000e+00  3.004836e+02 
    0.000    3.293000  0.000000e+00  2.991483e+02 
    0.000    3.396000  0.000000e+00  2.978159e+02 
    0.000    3.499000  0.000000e+00  2.964925e+02 
    0.000    3.602000  0.000000e+00  2.951860e+02 
    0.000    3.704000  0.000000e+00  2.939075e+02 
    0.000    3.807000  0.000000e+00  2.926339e+02 
    0.000    3.910000  0.000000e+00  2.913486e+02 
    0.000    4.013000  0.000000e+00  2.900627e+02 
    0.000    4.116000  0.000000e+00  2.887842e+02 
    0.000    4.219000  0.000000e+00  2.875168e+02 
    0.000    4.322000  0.000000e+00  2.862648e+02 
    0.000    4.425000  0.000000e+00  2.850286e+02 
    0.000    4.528000  0.000000e+00  2.838126e+02 
    0.000    4.630000  0.000000e+00  2.826201e+02 
    0.000    4.733000  0.000000e+00  2.814154e+02 
    0.000    4.836000  0.000000e+00  2.802240e+02 
    0.000    4.939000  0.000000e+00  2.790425e+02 
    0.000    5.042000  0.000000e+00  2.778690e+02 
    0.000    5.145000  0.000000e+00  2.767128e+02 
    0.000    5.248000  0.000000e+00  2.755713e+02 
    0.000    5.351000  0.000000e+00  2.744475e+02 
    0.000    5.454000  0.000000e+00  2.733436e+02 
    0.000    5.556000  0.000000e+00  2.722589e+02 
    0.000    5.659000  0.000000e+00  2.711822e+02 
    0.000    5.762000  0.000000e+00  2.701279e+02 
    0.000    5.865000  0.000000e+00  2.690976e+02 
    0.000    5.968000  0.000000e+00  2.680913e+02 
    0.000    6.071000  0.000000e+00  2.671123e+02 
    0.000    6.174000  0.000000e+00  2.661603e+02 
    0.000    6.277000  0.000000e+00  2.652335e+02 
    0.000    6.380000  0.000000e+00  2.643256e+02 
    0.000    6.482000  0.000000e+00  2.634430e+02 
    0.000    6.585000  0.000000e+00  2.625753e+02 
    0.000    6.688000  0.000000e+00  2.617403e+02 
    0.000    6.791000  0.000000e+00  2.609310e+02 
    0.000    6.894000  0.000000e+00  2.601823e+02 
    0.000    6.997000  0.000000e+00  2.595166e+02 
    0.000    7.100000  0.000000e+00  2.589080e+02 
    0.000    7.203000  0.000000e+00  2.584129e+02 
    0.000    7.306000  0.000000e+00  2.580205e+02 
    0.000    7.409000  0.000000e+00  2.576945e+02 
    0.000    7.511000  0.000000e+00  2.574894e+02 
    0.000    7.614000  0.000000e+00  2.573621e+02 
    0.000    7.717000  0.000000e+00  2.572752e+02 
    0.000    7.820000  0.000000e+00  2.572099e+02 
    0.000    7.923000  0.000000e+00  2.571616e+02 
    0.000    8.026000  0.000000e+00  2.571007e+02 
    0.000    8.129001  0.000000e+00  2.570039e+02 
    0.000    8.232000  0.000000e+00  2.568871e+02 
    0.000    8.335000  0.000000e+00  2.567495e+02 
    0.000    8.437000  0.000000e+00  2.565948e+02 
    0.000    8.540000  0.000000e+00  2.564286e+02 
    0.000    8.643001  0.000000e+00  2.562614e+02 
    0.000    8.746000  0.000000e+00  2.560946e+02 
    0.000    8.849000  0.000000e+00  2.559275e+02 
    0.000    8.952001  0.000000e+00  2.557651e+02 
    0.000    9.055000  0.000000e+00  2.556055e+02 
    0.000    9.158000  0.000000e+00  2.554497e+02 
    0.000    9.261001  0.000000e+00  2.553165e+02 
    0.000    9.363000  0.000000e+00  2.552005e+02 
    0.000    9.466001  0.000000e+00  2.550933e+02 
    0.000    9.569000  0.000000e+00  2.549973e+02 
    0.000    9.672000  0.000000e+00  2.549101e+02 
    0.000    9.775001  0.000000e+00  2.548304e+02 
    0.000    9.878000  0.000000e+00  2.547598e+02 
    0.000    9.981000  0.000000e+00  2.546962e+02 
    0.000   10.084001  0.000000e+00  2.546338e+02 
    0.000   10.187000  0.000000e+00  2.545640e+02 
    0.000   10.289001  0.000000e+00  2.544908e+02 
    0.000   10.392000  0.000000e+00  2.544196e+02 
    0.000   10.495000  0.000000e+00  2.543574e+02 
    0.000   10.598001  0.000000e+00  2.543024e+02 
    0.000   10.701000  0.000000e+00  2.542478e+02 
    0.000   10.804000  0.000000e+00  2.541848e+02 
    0.000   10.907001  0.000000e+00  2.541165e+02 
    0.000   11.010000  0.000000e+00  2.540440e+02 
    0.000   11.113000  0.000000e+00  2.539620e+02 
    0.000   11.215000  0.000000e+00  2.538745e+02 
    0.000   11.318000  0.000000e+00  2.537827e+02 
    0.000   11.421000  0.000000e+00  2.536873e+02 
    0.000   11.524000  0.000000e+00  2.535894e+02 
    0.000   11.627000  0.000000e+00  2.534902e+02 
    0.000   11.730000  0.000000e+00  2.533895e+02 
    0.000   11.833000  0.000000e+00  2.532878e+02 
    0.000   11.936000  0.000000e+00  2.531858e+02 
    0.000   12.039001  0.000000e+00  2.530842e+02 
    0.000   12.141001  0.000000e+00  2.529840e+02 
    0.000   12.244000  0.000000e+00  2.528833e+02 
    0.000   12.347000  0.000000e+00  2.527879e+02 
    0.000   12.450001  0.000000e+00  2.526974e+02 
    0.000   12.553000  0.000000e+00  2.526100e+02 
    0.000   12.656000  0.000000e+00  2.525266e+02 
    0.000   12.759000  0.000000e+00  2.524472e+02 
    0.000   12.862000  0.000000e+00  2.523707e+02 
    0.000   12.965000  0.000000e+00  2.522972e+02 
    0.000   13.068000  0.000000e+00  2.522266e+02 
    0.000   13.170000  0.000000e+00  2.521592e+02 
    0.000   13.273001  0.000000e+00  2.520928e+02 
    0.000   13.376000  0.000000e+00  2.520274e+02 
    0.000   13.479000  0.000000e+00  2.519630e+02 
    0.000   13.582001  0.000000e+00  2.518996e+02 
    0.000   13.685000  0.000000e+00  2.518361e+02 
    0.000   13.788000  0.000000e+00  2.517728e+02 
    0.000   13.891001  0.000000e+00  2.517100e+02 
    0.000   13.994000  0.000000e+00  2.516488e+02 
    0.000   14.096001  0.000000e+00  2.515899e+02 
    0.000   14.199000  0.000000e+00  2.515318e+02 
    0.000   14.302000  0.000000e+00  2.514757e+02 
    0.000   14.405001  0.000000e+00  2.514219e+02 
    0.000   14.508000  0.000000e+00  2.513701e+02 
    0.000   14.611000  0.000000e+00  2.513192e+02 
    0.000   14.714001  0.000000e+00  2.512680e+02 
    0.000   14.817000  0.000000e+00  2.512166e+02 
    0.000   14.920000  0.000000e+00  2.511657e+02 
    0.000   15.022000  0.000000e+00  2.511153e+02 
    0.000   15.125000  0.000000e+00  2.510647e+02 
    0.000   15.228001  0.000000e+00  2.510144e+02 
    0.000   15.331000  0.000000e+00  2.509635e+02 
    0.000   15.434000  0.000000e+00  2.509112e+02 
    0.000   15.537001  0.000000e+00  2.508582e+02 
    0.000   15.640000  0.000000e+00  2.508055e+02 
    0.000   15.743000  0.000000e+00  2.507552e+02 
    0.000   15.846001  0.000000e+00  2.507069e+02 
    0.000   15.948000  0.000000e+00  2.506603e+02 
    0.000   16.051001  0.000000e+00  2.506155e+02 
    0.000   16.154001  0.000000e+00  2.505730e+02 
    0.000   16.257000  0.000000e+00  2.505320e+02 
    0.000   16.360001  0.000000e+00  2.504909e+02 
    0.000   16.462999  0.000000e+00  2.504471e+02 
    0.000   16.566000  0.000000e+00  2.504015e+02 
    0.000   16.669001  0.000000e+00  2.503550e+02 
    0.000   16.771999  0.000000e+00  2.503081e+02 
    0.000   16.874001  0.000000e+00  2.502615e+02 
    0.000   16.977001  0.000000e+00  2.502143e+02 
    0.000   17.080000  0.000000e+00  2.501673e+02 
    0.000   17.183001  0.000000e+00  2.501204e+02 
    0.000   17.286001  0.000000e+00  2.500738e+02 
    0.000   17.389000  0.000000e+00  2.500273e+02 
    0.000   17.492001  0.000000e+00  2.499812e+02 
    0.000   17.595001  0.000000e+00  2.499355e+02 
    0.000   17.698000  0.000000e+00  2.498901e+02 
    0.000   17.800001  0.000000e+00  2.498459e+02 
    0.000   17.903000  0.000000e+00  2.498026e+02 
    0.000   18.006001  0.000000e+00  2.497605e+02 
    0.000   18.109001  0.000000e+00  2.497192e+02 
    0.000   18.212000  0.000000e+00  2.496796e+02 
    0.000   18.315001  0.000000e+00  2.496417e+02 
    0.000   18.418001  0.000000e+00  2.496051e+02 
    0.000   18.521000  0.000000e+00  2.495696e+02 
    0.000   18.624001  0.000000e+00  2.495350e+02 
    0.000   18.727001  0.000000e+00  2.495011e+02 
    0.000   18.829000  0.000000e+00  2.494681e+02 
    0.000   18.932001  0.000000e+00  2.494357e+02 
    0.000   19.035000  0.000000e+00  2.494041e+02 
    0.000   19.138000  0.000000e+00  2.493733e+02 
    0.000   19.241001  0.000000e+00  2.493432e+02 
    0.000   19.344000  0.000000e+00  2.493128e+02 
    0.000   19.447001  0.000000e+00  2.492817e+02 
    0.000   19.550001  0.000000e+00  2.492505e+02 
    0.000   19.653000  0.000000e+00  2.492192e+02 
    0.000   19.755001  0.000000e+00  2.491876e+02 
    0.000   19.858000  0.000000e+00  2.491549e+02 
    0.000   19.961000  0.000000e+00  2.491218e+02 
    0.000   20.064001  0.000000e+00  2.490884e+02 
    0.000   20.363001  0.000000e+00  2.489923e+02 
    0.000   20.859001  0.000000e+00  2.488439e+02 
    0.000   21.355000  0.000000e+00  2.487214e+02 
    0.000   21.851000  0.000000e+00  2.486189e+02 
    0.000   22.346001  0.000000e+00  2.485216e+02 
    0.000   22.842001  0.000000e+00  2.484230e+02 
    0.000   23.337999  0.000000e+00  2.483273e+02 
    0.000   23.834000  0.000000e+00  2.482465e+02 
    0.000   24.329000  0.000000e+00  2.481928e+02 
    0.000   24.825001  0.000000e+00  2.481661e+02 
    0.000   25.321001  0.000000e+00  2.481573e+02 
    0.000   25.816999  0.000000e+00  2.481464e+02 
    0.000   26.312000  0.000000e+00  2.481382e+02 
    0.000   26.808001  0.000000e+00  2.481396e+02 
    0.000   27.304001  0.000000e+00  2.481487e+02 
    0.000   27.800001  0.000000e+00  2.481660e+02 
    0.000   28.295000  0.000000e+00  2.481945e+02 
    0.000   28.791000  0.000000e+00  2.482290e+02 
    0.000   29.287001  0.000000e+00  2.482672e+02 
    0.000   29.783001  0.000000e+00  2.483108e+02 
    0.000   30.278000  0.000000e+00  2.483608e+02 
    0.000   30.774000  0.000000e+00  2.484146e+02 
    0.000   31.270000  0.000000e+00  2.484702e+02 
    0.000   31.766001  0.000000e+00  2.485265e+02 
    0.000   32.260998  0.000000e+00  2.485836e+02 
    0.000   32.757000  0.000000e+00  2.486409e+02 
    0.000   33.252998  0.000000e+00  2.486966e+02 
    0.000   33.748997  0.000000e+00  2.487519e+02 
    0.000   34.243999  0.000000e+00  2.488076e+02 
    0.000   34.739998  0.000000e+00  2.488666e+02 
    0.000   35.236000  0.000000e+00  2.489284e+02 
    0.000   35.731998  0.000000e+00  2.489885e+02 
    0.000   36.226997  0.000000e+00  2.490464e+02 
    0.000   36.723000  0.000000e+00  2.490987e+02 
    0.000   37.218998  0.000000e+00  2.491461e+02 
    0.000   37.715000  0.000000e+00  2.491900e+02 
    0.000   38.209999  0.000000e+00  2.492312e+02 
    0.000   38.705997  0.000000e+00  2.492727e+02 
    0.000   39.202000  0.000000e+00  2.493155e+02 
    0.000   39.697998  0.000000e+00  2.493612e+02 
    0.000   40.197998  0.000000e+00  2.494115e+02 
    0.000   45.197998  0.000000e+00  2.498598e+02 
    0.000   50.197998  0.000000e+00  2.500852e+02 
    0.000   55.197998  0.000000e+00  2.500786e+02 
    0.000   60.197998  0.000000e+00  2.500115e+02 
    0.000   65.198006  0.000000e+00  2.499591e+02 
