    0.000    0.000000  0.000000e+00  3.487529e+02 
    0.000    0.103000  0.000000e+00  3.478617e+02 
    0.000    0.206000  0.000000e+00  3.466157e+02 
    0.000    0.309000  0.000000e+00  3.452903e+02 
    0.000    0.412000  0.000000e+00  3.437609e+02 
    0.000    0.515000  0.000000e+00  3.422030e+02 
    0.000    0.618000  0.000000e+00  3.406109e+02 
    0.000    0.721000  0.000000e+00  3.389991e+02 
    0.000    0.824000  0.000000e+00  3.374076e+02 
    0.000    0.927000  0.000000e+00  3.358122e+02 
    0.000    1.029000  0.000000e+00  3.342469e+02 
    0.000    1.132000  0.000000e+00  3.327751e+02 
    0.000    1.235000  0.000000e+00  3.312651e+02 
    0.000    1.338000  0.000000e+00  3.297944e+02 
    0.000    1.441000  0.000000e+00  3.282345e+02 
    0.000    1.544000  0.000000e+00  3.265412e+02 
    0.000    1.647000  0.000000e+00  3.247713e+02 
    0.000    1.750000  0.000000e+00  3.232822e+02 
    0.000    1.853000  0.000000e+00  3.221498e+02 
    0.000    1.955000  0.000000e+00  3.209701e+02 
    0.000    2.058000  0.000000e+00  3.197208e+02 
    0.000    2.161000  0.000000e+00  3.182369e+02 
    0.000    2.264000  0.000000e+00  3.167149e+02 
    0.000    2.367000  0.000000e+00  3.152650e+02 
    0.000    2.470000  0.000000e+00  3.138689e+02 
    0.000    2.573000  0.000000e+00  3.125182e+02 
    0.000    2.676000  0.000000e+00  3.111569e+02 
    0.000    2.779000  0.000000e+00  3.097591e+02 
    0.000    2.881000  0.000000e+00  3.083733e+02 
    0.000    2.984000  0.000000e+00  3.070065e+02 
    0.000    3.087000  0.000000e+00  3.056578e+02 
    0.000    3.190000  0.000000e+00  3.042974e+02 
    0.000    3.293000  0.000000e+00  3.029398e+02 
    0.000    3.396000  0.000000e+00  3.015880e+02 
    0.000    3.499000  0.000000e+00  3.002457e+02 
    0.000    3.602000  0.000000e+00  2.989220e+02 
    0.000    3.705000  0.000000e+00  2.976198e+02 
    0.000    3.807000  0.000000e+00  2.963420e+02 
    0.000    3.910000  0.000000e+00  2.950424e+02 
    0.000    4.013000  0.000000e+00  2.937432e+02 
    0.000    4.116000  0.000000e+00  2.924531e+02 
    0.000    4.219000  0.000000e+00  2.911747e+02 
    0.000    4.322000  0.000000e+00  2.899116e+02 
    0.000    4.425000  0.000000e+00  2.886654e+02 
    0.000    4.528000  0.000000e+00  2.874401e+02 
    0.000    4.631000  0.000000e+00  2.862311e+02 
    0.000    4.733000  0.000000e+00  2.850290e+02 
    0.000    4.836000  0.000000e+00  2.838293e+02 
    0.000    4.939000  0.000000e+00  2.826407e+02 
    0.000    5.042000  0.000000e+00  2.814612e+02 
    0.000    5.145000  0.000000e+00  2.802987e+02 
    0.000    5.248000  0.000000e+00  2.791514e+02 
    0.000    5.351000  0.000000e+00  2.780225e+02 
    0.000    5.454000  0.000000e+00  2.769133e+02 
    0.000    5.557000  0.000000e+00  2.758164e+02 
    0.000    5.659000  0.000000e+00  2.747442e+02 
    0.000    5.762000  0.000000e+00  2.736848e+02 
    0.000    5.865000  0.000000e+00  2.726497e+02 
    0.000    5.968000  0.000000e+00  2.716395e+02 
    0.000    6.071000  0.000000e+00  2.706566e+02 
    0.000    6.174000  0.000000e+00  2.697006e+02 
    0.000    6.277000  0.000000e+00  2.687701e+02 
    0.000    6.380000  0.000000e+00  2.678587e+02 
    0.000    6.483000  0.000000e+00  2.669665e+02 
    0.000    6.585000  0.000000e+00  2.661031e+02 
    0.000    6.688000  0.000000e+00  2.652640e+02 
    0.000    6.791000  0.000000e+00  2.644511e+02 
    0.000    6.894000  0.000000e+00  2.636983e+02 
    0.000    6.997000  0.000000e+00  2.630284e+02 
    0.000    7.100000  0.000000e+00  2.624158e+02 
    0.000    7.203000  0.000000e+00  2.619163e+02 
    0.000    7.306000  0.000000e+00  2.615197e+02 
    0.000    7.409000  0.000000e+00  2.611888e+02 
    0.000    7.512000  0.000000e+00  2.609772e+02 
    0.000    7.614000  0.000000e+00  2.608476e+02 
    0.000    7.717000  0.000000e+00  2.607572e+02 
    0.000    7.820000  0.000000e+00  2.606883e+02 
    0.000    7.923000  0.000000e+00  2.606365e+02 
    0.000    8.026000  0.000000e+00  2.605728e+02 
    0.000    8.129000  0.000000e+00  2.604731e+02 
    0.000    8.231999  0.000000e+00  2.603533e+02 
    0.000    8.335000  0.000000e+00  2.602129e+02 
    0.000    8.438000  0.000000e+00  2.600540e+02 
    0.000    8.540000  0.000000e+00  2.598864e+02 
    0.000    8.643000  0.000000e+00  2.573155e+02 
    0.000    8.745999  0.000000e+00  2.571500e+02 
    0.000    8.849000  0.000000e+00  2.569839e+02 
    0.000    8.952000  0.000000e+00  2.568223e+02 
    0.000    9.054999  0.000000e+00  2.566634e+02 
    0.000    9.158000  0.000000e+00  2.565081e+02 
    0.000    9.261000  0.000000e+00  2.563750e+02 
    0.000    9.363999  0.000000e+00  2.562581e+02 
    0.000    9.466000  0.000000e+00  2.561522e+02 
    0.000    9.568999  0.000000e+00  2.560564e+02 
    0.000    9.672000  0.000000e+00  2.559693e+02 
    0.000    9.775000  0.000000e+00  2.558897e+02 
    0.000    9.877999  0.000000e+00  2.558191e+02 
    0.000    9.981000  0.000000e+00  2.557554e+02 
    0.000   10.084000  0.000000e+00  2.556929e+02 
    0.000   10.186999  0.000000e+00  2.556231e+02 
    0.000   10.290000  0.000000e+00  2.555492e+02 
    0.000   10.392000  0.000000e+00  2.554785e+02 
    0.000   10.495000  0.000000e+00  2.554162e+02 
    0.000   10.598000  0.000000e+00  2.553609e+02 
    0.000   10.701000  0.000000e+00  2.553064e+02 
    0.000   10.804000  0.000000e+00  2.552432e+02 
    0.000   10.907000  0.000000e+00  2.551747e+02 
    0.000   11.009999  0.000000e+00  2.551021e+02 
    0.000   11.113000  0.000000e+00  2.550200e+02 
    0.000   11.216000  0.000000e+00  2.549316e+02 
    0.000   11.318000  0.000000e+00  2.548406e+02 
    0.000   11.421000  0.000000e+00  2.547450e+02 
    0.000   11.524000  0.000000e+00  2.546470e+02 
    0.000   11.627000  0.000000e+00  2.545476e+02 
    0.000   11.730000  0.000000e+00  2.544467e+02 
    0.000   11.833000  0.000000e+00  2.543449e+02 
    0.000   11.936000  0.000000e+00  2.542428e+02 
    0.000   12.039000  0.000000e+00  2.541409e+02 
    0.000   12.142000  0.000000e+00  2.540397e+02 
    0.000   12.243999  0.000000e+00  2.539398e+02 
    0.000   12.347000  0.000000e+00  2.538442e+02 
    0.000   12.450000  0.000000e+00  2.537535e+02 
    0.000   12.552999  0.000000e+00  2.536659e+02 
    0.000   12.656000  0.000000e+00  2.535823e+02 
    0.000   12.759000  0.000000e+00  2.535027e+02 
    0.000   12.862000  0.000000e+00  2.534261e+02 
    0.000   12.965000  0.000000e+00  2.533524e+02 
    0.000   13.068000  0.000000e+00  2.532817e+02 
    0.000   13.171000  0.000000e+00  2.532134e+02 
    0.000   13.273000  0.000000e+00  2.531475e+02 
    0.000   13.375999  0.000000e+00  2.530819e+02 
    0.000   13.479000  0.000000e+00  2.530174e+02 
    0.000   13.582000  0.000000e+00  2.529538e+02 
    0.000   13.684999  0.000000e+00  2.528902e+02 
    0.000   13.788000  0.000000e+00  2.528266e+02 
    0.000   13.891000  0.000000e+00  2.527636e+02 
    0.000   13.993999  0.000000e+00  2.527023e+02 
    0.000   14.097000  0.000000e+00  2.526427e+02 
    0.000   14.198999  0.000000e+00  2.525849e+02 
    0.000   14.302000  0.000000e+00  2.525286e+02 
    0.000   14.405000  0.000000e+00  2.524746e+02 
    0.000   14.507999  0.000000e+00  2.524226e+02 
    0.000   14.611000  0.000000e+00  2.523715e+02 
    0.000   14.714000  0.000000e+00  2.523201e+02 
    0.000   14.816999  0.000000e+00  2.522686e+02 
    0.000   14.920000  0.000000e+00  2.522175e+02 
    0.000   15.023000  0.000000e+00  2.521665e+02 
    0.000   15.125000  0.000000e+00  2.521161e+02 
    0.000   15.228000  0.000000e+00  2.520657e+02 
    0.000   15.330999  0.000000e+00  2.520146e+02 
    0.000   15.434000  0.000000e+00  2.519621e+02 
    0.000   15.537000  0.000000e+00  2.519090e+02 
    0.000   15.639999  0.000000e+00  2.518561e+02 
    0.000   15.743000  0.000000e+00  2.518056e+02 
    0.000   15.846000  0.000000e+00  2.517571e+02 
    0.000   15.948999  0.000000e+00  2.517099e+02 
    0.000   16.051001  0.000000e+00  2.516654e+02 
    0.000   16.153999  0.000000e+00  2.516226e+02 
    0.000   16.257000  0.000000e+00  2.515815e+02 
    0.000   16.360001  0.000000e+00  2.515403e+02 
    0.000   16.462999  0.000000e+00  2.514963e+02 
    0.000   16.566000  0.000000e+00  2.514505e+02 
    0.000   16.669001  0.000000e+00  2.514039e+02 
    0.000   16.771999  0.000000e+00  2.513569e+02 
    0.000   16.875000  0.000000e+00  2.513097e+02 
    0.000   16.976999  0.000000e+00  2.512628e+02 
    0.000   17.080000  0.000000e+00  2.512156e+02 
    0.000   17.183001  0.000000e+00  2.511686e+02 
    0.000   17.285999  0.000000e+00  2.511217e+02 
    0.000   17.389000  0.000000e+00  2.510751e+02 
    0.000   17.492001  0.000000e+00  2.510288e+02 
    0.000   17.594999  0.000000e+00  2.509830e+02 
    0.000   17.698000  0.000000e+00  2.509374e+02 
    0.000   17.801001  0.000000e+00  2.508926e+02 
    0.000   17.903999  0.000000e+00  2.508491e+02 
    0.000   18.006001  0.000000e+00  2.508072e+02 
    0.000   18.108999  0.000000e+00  2.507657e+02 
    0.000   18.212000  0.000000e+00  2.507260e+02 
    0.000   18.315001  0.000000e+00  2.506879e+02 
    0.000   18.417999  0.000000e+00  2.506511e+02 
    0.000   18.521000  0.000000e+00  2.506154e+02 
    0.000   18.624001  0.000000e+00  2.505806e+02 
    0.000   18.726999  0.000000e+00  2.505464e+02 
    0.000   18.830000  0.000000e+00  2.505130e+02 
    0.000   18.931999  0.000000e+00  2.504807e+02 
    0.000   19.035000  0.000000e+00  2.504490e+02 
    0.000   19.138000  0.000000e+00  2.504180e+02 
    0.000   19.240999  0.000000e+00  2.503876e+02 
    0.000   19.344000  0.000000e+00  2.503571e+02 
    0.000   19.447001  0.000000e+00  2.503259e+02 
    0.000   19.549999  0.000000e+00  2.502945e+02 
    0.000   19.653000  0.000000e+00  2.502631e+02 
    0.000   19.756001  0.000000e+00  2.502309e+02 
    0.000   19.858000  0.000000e+00  2.501984e+02 
    0.000   19.961000  0.000000e+00  2.501651e+02 
    0.000   20.063999  0.000000e+00  2.501316e+02 
    0.000   20.364000  0.000000e+00  2.500347e+02 
    0.000   20.858999  0.000000e+00  2.498858e+02 
    0.000   21.355000  0.000000e+00  2.497625e+02 
    0.000   21.851000  0.000000e+00  2.496593e+02 
    0.000   22.347000  0.000000e+00  2.495612e+02 
    0.000   22.841999  0.000000e+00  2.494622e+02 
    0.000   23.337999  0.000000e+00  2.493659e+02 
    0.000   23.834000  0.000000e+00  2.492846e+02 
    0.000   24.330000  0.000000e+00  2.492303e+02 
    0.000   24.824999  0.000000e+00  2.492033e+02 
    0.000   25.320999  0.000000e+00  2.491942e+02 
    0.000   25.816999  0.000000e+00  2.491831e+02 
    0.000   26.313000  0.000000e+00  2.491745e+02 
    0.000   26.808001  0.000000e+00  2.491757e+02 
    0.000   27.303999  0.000000e+00  2.491846e+02 
    0.000   27.799999  0.000000e+00  2.492017e+02 
    0.000   28.296000  0.000000e+00  2.492301e+02 
    0.000   28.791000  0.000000e+00  2.492643e+02 
    0.000   29.287001  0.000000e+00  2.493024e+02 
    0.000   29.782999  0.000000e+00  2.493458e+02 
    0.000   30.278999  0.000000e+00  2.493958e+02 
    0.000   30.774000  0.000000e+00  2.494494e+02 
    0.000   31.270000  0.000000e+00  2.495049e+02 
    0.000   31.765999  0.000000e+00  2.495611e+02 
    0.000   32.262001  0.000000e+00  2.496183e+02 
    0.000   32.757000  0.000000e+00  2.496754e+02 
    0.000   33.253002  0.000000e+00  2.497310e+02 
    0.000   33.749001  0.000000e+00  2.497862e+02 
    0.000   34.245003  0.000000e+00  2.498420e+02 
    0.000   34.740002  0.000000e+00  2.499008e+02 
    0.000   35.236000  0.000000e+00  2.499625e+02 
    0.000   35.732002  0.000000e+00  2.500226e+02 
    0.000   36.228001  0.000000e+00  2.500806e+02 
    0.000   36.723003  0.000000e+00  2.501328e+02 
    0.000   37.219002  0.000000e+00  2.501801e+02 
    0.000   37.715000  0.000000e+00  2.502241e+02 
    0.000   38.211002  0.000000e+00  2.502652e+02 
    0.000   38.706001  0.000000e+00  2.503067e+02 
    0.000   39.202003  0.000000e+00  2.503494e+02 
    0.000   39.698002  0.000000e+00  2.503951e+02 
    0.000   40.198002  0.000000e+00  2.504454e+02 
    0.000   45.198002  0.000000e+00  2.508937e+02 
    0.000   50.198002  0.000000e+00  2.511191e+02 
    0.000   55.198002  0.000000e+00  2.511125e+02 
    0.000   60.198002  0.000000e+00  2.510454e+02 
    0.000   65.197998  0.000000e+00  2.509930e+02 
