    0.000    0.000000  0.000000e+00  3.521480e+02 
    0.000    0.103000  0.000000e+00  3.512632e+02 
    0.000    0.206000  0.000000e+00  3.500361e+02 
    0.000    0.309000  0.000000e+00  3.486639e+02 
    0.000    0.411000  0.000000e+00  3.472631e+02 
    0.000    0.514000  0.000000e+00  3.458633e+02 
    0.000    0.617000  0.000000e+00  3.442637e+02 
    0.000    0.720000  0.000000e+00  3.424600e+02 
    0.000    0.823000  0.000000e+00  3.404794e+02 
    0.000    0.926000  0.000000e+00  3.383421e+02 
    0.000    1.029000  0.000000e+00  3.360233e+02 
    0.000    1.132000  0.000000e+00  3.335781e+02 
    0.000    1.235000  0.000000e+00  3.309624e+02 
    0.000    1.337000  0.000000e+00  3.282723e+02 
    0.000    1.440000  0.000000e+00  3.255156e+02 
    0.000    1.543000  0.000000e+00  3.227341e+02 
    0.000    1.646000  0.000000e+00  3.198488e+02 
    0.000    1.749000  0.000000e+00  3.168303e+02 
    0.000    1.852000  0.000000e+00  3.094550e+02 
    0.000    1.955000  0.000000e+00  3.042939e+02 
    0.000    2.058000  0.000000e+00  3.003474e+02 
    0.000    2.161000  0.000000e+00  2.969090e+02 
    0.000    2.263000  0.000000e+00  2.933847e+02 
    0.000    2.366000  0.000000e+00  2.925858e+02 
    0.000    2.469000  0.000000e+00  2.916564e+02 
    0.000    2.572000  0.000000e+00  2.906941e+02 
    0.000    2.675000  0.000000e+00  2.896914e+02 
    0.000    2.778000  0.000000e+00  2.883908e+02 
    0.000    2.881000  0.000000e+00  2.873490e+02 
    0.000    2.984000  0.000000e+00  2.862524e+02 
    0.000    3.087000  0.000000e+00  2.851280e+02 
    0.000    3.189000  0.000000e+00  2.839822e+02 
    0.000    3.292000  0.000000e+00  2.828150e+02 
    0.000    3.395000  0.000000e+00  2.816347e+02 
    0.000    3.498000  0.000000e+00  2.804480e+02 
    0.000    3.601000  0.000000e+00  2.792398e+02 
    0.000    3.704000  0.000000e+00  2.780113e+02 
    0.000    3.807000  0.000000e+00  2.766775e+02 
    0.000    3.910000  0.000000e+00  2.751763e+02 
    0.000    4.013000  0.000000e+00  2.735086e+02 
    0.000    4.115000  0.000000e+00  2.717331e+02 
    0.000    4.218000  0.000000e+00  2.699374e+02 
    0.000    4.321000  0.000000e+00  2.682616e+02 
    0.000    4.424000  0.000000e+00  2.667549e+02 
    0.000    4.527000  0.000000e+00  2.655114e+02 
    0.000    4.630000  0.000000e+00  2.643680e+02 
    0.000    4.733000  0.000000e+00  2.632197e+02 
    0.000    4.836000  0.000000e+00  2.620771e+02 
    0.000    4.939000  0.000000e+00  2.609391e+02 
    0.000    5.042000  0.000000e+00  2.598047e+02 
    0.000    5.144000  0.000000e+00  2.586889e+02 
    0.000    5.247000  0.000000e+00  2.575699e+02 
    0.000    5.350000  0.000000e+00  2.564613e+02 
    0.000    5.453000  0.000000e+00  2.553673e+02 
    0.000    5.556000  0.000000e+00  2.542881e+02 
    0.000    5.659000  0.000000e+00  2.532265e+02 
    0.000    5.762000  0.000000e+00  2.521837e+02 
    0.000    5.865000  0.000000e+00  2.511593e+02 
    0.000    5.968000  0.000000e+00  2.501562e+02 
    0.000    6.070000  0.000000e+00  2.491792e+02 
    0.000    6.173000  0.000000e+00  2.482125e+02 
    0.000    6.276000  0.000000e+00  2.472679e+02 
    0.000    6.379000  0.000000e+00  2.462480e+02 
    0.000    6.482000  0.000000e+00  2.452511e+02 
    0.000    6.585000  0.000000e+00  2.442595e+02 
    0.000    6.688000  0.000000e+00  2.432973e+02 
    0.000    6.791000  0.000000e+00  2.423484e+02 
    0.000    6.894000  0.000000e+00  2.413698e+02 
    0.000    6.996000  0.000000e+00  2.404695e+02 
    0.000    7.099000  0.000000e+00  2.395540e+02 
    0.000    7.202000  0.000000e+00  2.388258e+02 
    0.000    7.305000  0.000000e+00  2.382721e+02 
    0.000    7.408000  0.000000e+00  2.378192e+02 
    0.000    7.511000  0.000000e+00  2.374773e+02 
    0.000    7.614000  0.000000e+00  2.372480e+02 
    0.000    7.717000  0.000000e+00  2.370450e+02 
    0.000    7.820000  0.000000e+00  2.368911e+02 
    0.000    7.922000  0.000000e+00  2.367464e+02 
    0.000    8.025000  0.000000e+00  2.366046e+02 
    0.000    8.128000  0.000000e+00  2.364612e+02 
    0.000    8.231000  0.000000e+00  2.363234e+02 
    0.000    8.334000  0.000000e+00  2.361639e+02 
    0.000    8.437000  0.000000e+00  2.359457e+02 
    0.000    8.540000  0.000000e+00  2.357613e+02 
    0.000    8.643000  0.000000e+00  2.355280e+02 
    0.000    8.746000  0.000000e+00  2.352850e+02 
    0.000    8.848000  0.000000e+00  2.350502e+02 
    0.000    8.951000  0.000000e+00  2.348223e+02 
    0.000    9.054000  0.000000e+00  2.345760e+02 
    0.000    9.157000  0.000000e+00  2.343062e+02 
    0.000    9.260000  0.000000e+00  2.340307e+02 
    0.000    9.363000  0.000000e+00  2.337542e+02 
    0.000    9.466000  0.000000e+00  2.336611e+02 
    0.000    9.569000  0.000000e+00  2.335764e+02 
    0.000    9.672000  0.000000e+00  2.334980e+02 
    0.000    9.774000  0.000000e+00  2.334291e+02 
    0.000    9.877000  0.000000e+00  2.333774e+02 
    0.000    9.980000  0.000000e+00  2.333386e+02 
    0.000   10.083000  0.000000e+00  2.333042e+02 
    0.000   10.186000  0.000000e+00  2.332658e+02 
    0.000   10.289000  0.000000e+00  2.332255e+02 
    0.000   10.392000  0.000000e+00  2.331834e+02 
    0.000   10.495000  0.000000e+00  2.331358e+02 
    0.000   10.598000  0.000000e+00  2.330851e+02 
    0.000   10.700000  0.000000e+00  2.330336e+02 
    0.000   10.802999  0.000000e+00  2.329797e+02 
    0.000   10.906000  0.000000e+00  2.329250e+02 
    0.000   11.009000  0.000000e+00  2.328678e+02 
    0.000   11.112000  0.000000e+00  2.328023e+02 
    0.000   11.215000  0.000000e+00  2.327312e+02 
    0.000   11.318000  0.000000e+00  2.326570e+02 
    0.000   11.421000  0.000000e+00  2.325797e+02 
    0.000   11.524000  0.000000e+00  2.325002e+02 
    0.000   11.627000  0.000000e+00  2.324199e+02 
    0.000   11.729000  0.000000e+00  2.323413e+02 
    0.000   11.832000  0.000000e+00  2.322630e+02 
    0.000   11.934999  0.000000e+00  2.321854e+02 
    0.000   12.038000  0.000000e+00  2.321075e+02 
    0.000   12.141000  0.000000e+00  2.320293e+02 
    0.000   12.243999  0.000000e+00  2.319514e+02 
    0.000   12.347000  0.000000e+00  2.318733e+02 
    0.000   12.450000  0.000000e+00  2.317951e+02 
    0.000   12.552999  0.000000e+00  2.317172e+02 
    0.000   12.655000  0.000000e+00  2.316433e+02 
    0.000   12.757999  0.000000e+00  2.315727e+02 
    0.000   12.861000  0.000000e+00  2.315047e+02 
    0.000   12.964000  0.000000e+00  2.314392e+02 
    0.000   13.066999  0.000000e+00  2.313760e+02 
    0.000   13.170000  0.000000e+00  2.313146e+02 
    0.000   13.273000  0.000000e+00  2.312549e+02 
    0.000   13.375999  0.000000e+00  2.311970e+02 
    0.000   13.479000  0.000000e+00  2.311405e+02 
    0.000   13.581000  0.000000e+00  2.310859e+02 
    0.000   13.684000  0.000000e+00  2.310326e+02 
    0.000   13.787000  0.000000e+00  2.309808e+02 
    0.000   13.890000  0.000000e+00  2.309303e+02 
    0.000   13.993000  0.000000e+00  2.308806e+02 
    0.000   14.096000  0.000000e+00  2.308316e+02 
    0.000   14.199000  0.000000e+00  2.307834e+02 
    0.000   14.302000  0.000000e+00  2.307364e+02 
    0.000   14.405000  0.000000e+00  2.306908e+02 
    0.000   14.507000  0.000000e+00  2.306469e+02 
    0.000   14.610000  0.000000e+00  2.306034e+02 
    0.000   14.713000  0.000000e+00  2.305600e+02 
    0.000   14.816000  0.000000e+00  2.305170e+02 
    0.000   14.919000  0.000000e+00  2.304745e+02 
    0.000   15.022000  0.000000e+00  2.304315e+02 
    0.000   15.125000  0.000000e+00  2.303881e+02 
    0.000   15.228000  0.000000e+00  2.303447e+02 
    0.000   15.331000  0.000000e+00  2.303027e+02 
    0.000   15.433000  0.000000e+00  2.302632e+02 
    0.000   15.536000  0.000000e+00  2.302248e+02 
    0.000   15.639000  0.000000e+00  2.301876e+02 
    0.000   15.742000  0.000000e+00  2.301515e+02 
    0.000   15.845000  0.000000e+00  2.301163e+02 
    0.000   15.947999  0.000000e+00  2.300820e+02 
    0.000   16.051001  0.000000e+00  2.300441e+02 
    0.000   16.154001  0.000000e+00  2.300022e+02 
    0.000   16.257000  0.000000e+00  2.299579e+02 
    0.000   16.360001  0.000000e+00  2.299120e+02 
    0.000   16.462000  0.000000e+00  2.298648e+02 
    0.000   16.565001  0.000000e+00  2.298161e+02 
    0.000   16.668001  0.000000e+00  2.297667e+02 
    0.000   16.771000  0.000000e+00  2.297185e+02 
    0.000   16.874001  0.000000e+00  2.296714e+02 
    0.000   16.977001  0.000000e+00  2.296251e+02 
    0.000   17.080000  0.000000e+00  2.295802e+02 
    0.000   17.183001  0.000000e+00  2.295377e+02 
    0.000   17.286001  0.000000e+00  2.294969e+02 
    0.000   17.388000  0.000000e+00  2.294577e+02 
    0.000   17.491001  0.000000e+00  2.294201e+02 
    0.000   17.594002  0.000000e+00  2.293841e+02 
    0.000   17.697001  0.000000e+00  2.293493e+02 
    0.000   17.800001  0.000000e+00  2.293157e+02 
    0.000   17.903002  0.000000e+00  2.292832e+02 
    0.000   18.006001  0.000000e+00  2.292516e+02 
    0.000   18.109001  0.000000e+00  2.292210e+02 
    0.000   18.212000  0.000000e+00  2.291906e+02 
    0.000   18.314001  0.000000e+00  2.291608e+02 
    0.000   18.417002  0.000000e+00  2.291311e+02 
    0.000   18.520000  0.000000e+00  2.291018e+02 
    0.000   18.623001  0.000000e+00  2.290728e+02 
    0.000   18.726002  0.000000e+00  2.290440e+02 
    0.000   18.829000  0.000000e+00  2.290156e+02 
    0.000   18.932001  0.000000e+00  2.289873e+02 
    0.000   19.035002  0.000000e+00  2.289590e+02 
    0.000   19.138000  0.000000e+00  2.289307e+02 
    0.000   19.240002  0.000000e+00  2.289028e+02 
    0.000   19.343000  0.000000e+00  2.288742e+02 
    0.000   19.446001  0.000000e+00  2.288452e+02 
    0.000   19.549002  0.000000e+00  2.288159e+02 
    0.000   19.652000  0.000000e+00  2.287866e+02 
    0.000   19.755001  0.000000e+00  2.287572e+02 
    0.000   19.858002  0.000000e+00  2.287279e+02 
    0.000   19.961000  0.000000e+00  2.286986e+02 
    0.000   20.064001  0.000000e+00  2.286694e+02 
    0.000   20.363001  0.000000e+00  2.285884e+02 
    0.000   20.859001  0.000000e+00  2.284716e+02 
    0.000   21.354000  0.000000e+00  2.283727e+02 
    0.000   21.850000  0.000000e+00  2.282836e+02 
    0.000   22.346001  0.000000e+00  2.281945e+02 
    0.000   22.842001  0.000000e+00  2.281042e+02 
    0.000   23.337000  0.000000e+00  2.280218e+02 
    0.000   23.833000  0.000000e+00  2.279583e+02 
    0.000   24.329000  0.000000e+00  2.279178e+02 
    0.000   24.825001  0.000000e+00  2.278943e+02 
    0.000   25.320002  0.000000e+00  2.278798e+02 
    0.000   25.816000  0.000000e+00  2.278792e+02 
    0.000   26.312000  0.000000e+00  2.278870e+02 
    0.000   26.808001  0.000000e+00  2.278985e+02 
    0.000   27.303001  0.000000e+00  2.279146e+02 
    0.000   27.799002  0.000000e+00  2.279355e+02 
    0.000   28.295000  0.000000e+00  2.279609e+02 
    0.000   28.791000  0.000000e+00  2.279948e+02 
    0.000   29.286001  0.000000e+00  2.280367e+02 
    0.000   29.782001  0.000000e+00  2.280844e+02 
    0.000   30.278002  0.000000e+00  2.281362e+02 
    0.000   30.774000  0.000000e+00  2.281903e+02 
    0.000   31.269001  0.000000e+00  2.282458e+02 
    0.000   31.765001  0.000000e+00  2.283025e+02 
    0.000   32.260998  0.000000e+00  2.283600e+02 
    0.000   32.757000  0.000000e+00  2.284181e+02 
    0.000   33.251999  0.000000e+00  2.284762e+02 
    0.000   33.747997  0.000000e+00  2.285364e+02 
    0.000   34.243999  0.000000e+00  2.285993e+02 
    0.000   34.739998  0.000000e+00  2.286625e+02 
    0.000   35.235001  0.000000e+00  2.287245e+02 
    0.000   35.730999  0.000000e+00  2.287831e+02 
    0.000   36.226997  0.000000e+00  2.288382e+02 
    0.000   36.723000  0.000000e+00  2.288897e+02 
    0.000   37.217999  0.000000e+00  2.289380e+02 
    0.000   37.714001  0.000000e+00  2.289827e+02 
    0.000   38.209999  0.000000e+00  2.290240e+02 
    0.000   38.705997  0.000000e+00  2.290655e+02 
    0.000   39.202000  0.000000e+00  2.291081e+02 
    0.000   39.696999  0.000000e+00  2.291539e+02 
    0.000   40.196999  0.000000e+00  2.292048e+02 
    0.000   45.196999  0.000000e+00  2.296547e+02 
    0.000   50.196999  0.000000e+00  2.298807e+02 
    0.000   55.196999  0.000000e+00  2.298773e+02 
    0.000   60.196999  0.000000e+00  2.298091e+02 
    0.000   65.197006  0.000000e+00  2.297570e+02 
