   67.393    0.000000  1.918767e-09  7.644184e+00 
   67.393    0.103000  1.929147e-09  7.754062e+00 
   67.393    0.206000  1.939477e-09  7.865802e+00 
   67.393    0.309000  1.949694e-09  7.978514e+00 
   67.393    0.412000  1.959799e-09  8.091613e+00 
   67.393    0.514000  1.969713e-09  8.203625e+00 
   67.393    0.617000  1.980990e-09  8.321562e+00 
   67.393    0.720000  1.992925e-09  8.441559e+00 
   67.393    0.823000  2.005709e-09  8.563931e+00 
   67.393    0.926000  2.019655e-09  8.689585e+00 
   67.393    1.029000  2.034527e-09  8.817475e+00 
   67.393    1.132000  2.049664e-09  8.944999e+00 
   67.393    1.235000  2.065217e-09  9.072679e+00 
   67.393    1.338000  2.080895e-09  9.199498e+00 
   67.393    1.440000  2.095531e-09  9.320668e+00 
   67.393    1.543000  2.109076e-09  9.437565e+00 
   67.393    1.646000  2.121773e-09  9.550566e+00 
   67.393    1.749000  2.134734e-09  9.663890e+00 
   67.393    1.852000  2.148523e-09  9.779651e+00 
   67.393    1.955000  1.447253e-05  6.092662e+01 
   67.393    2.058000  2.296650e-03  9.303288e+01 
   67.393    2.161000  3.838063e-02  1.146636e+02 
   67.393    2.264000  1.784558e-01  1.288630e+02 
   67.393    2.366000  1.793665e-01  1.287445e+02 
   67.393    2.469000  1.802279e-01  1.286538e+02 
   67.393    2.572000  1.810790e-01  1.285868e+02 
   67.393    2.675000  1.819205e-01  1.285387e+02 
   67.393    2.778000  1.827544e-01  1.285057e+02 
   67.393    2.881000  1.835815e-01  1.284854e+02 
   67.393    2.984000  1.844027e-01  1.284757e+02 
   67.393    3.087000  1.852179e-01  1.284753e+02 
   67.393    3.190000  1.860275e-01  1.284829e+02 
   67.393    3.293000  1.868318e-01  1.284977e+02 
   67.393    3.395000  1.876229e-01  1.285186e+02 
   67.393    3.498000  1.884163e-01  1.285452e+02 
   67.393    3.601000  1.892052e-01  1.285768e+02 
   67.393    3.704000  1.899915e-01  1.286126e+02 
   67.393    3.807000  1.907752e-01  1.286522e+02 
   67.393    3.910000  1.915577e-01  1.286950e+02 
   67.393    4.013000  1.923394e-01  1.287408e+02 
   67.393    4.116000  1.931199e-01  1.287892e+02 
   67.393    4.219000  1.938991e-01  1.288400e+02 
   67.393    4.321000  1.946684e-01  1.288926e+02 
   67.393    4.424000  1.954417e-01  1.289478e+02 
   67.393    4.527000  1.982713e-01  1.291218e+02 
   67.393    4.630000  2.011815e-01  1.293007e+02 
   67.393    4.733000  2.040409e-01  1.294776e+02 
   67.393    4.836000  2.058462e-01  1.295969e+02 
   67.393    4.939000  2.078643e-01  1.297302e+02 
   67.393    5.042000  2.100327e-01  1.298736e+02 
   67.393    5.145000  2.122724e-01  1.300224e+02 
   67.393    5.247000  2.145011e-01  1.301713e+02 
   67.393    5.350000  2.168874e-01  1.303299e+02 
   67.393    5.453000  2.219218e-01  1.306317e+02 
   67.393    5.556000  2.332113e-01  1.312508e+02 
   67.393    5.659000  2.595831e-01  1.325531e+02 
   67.393    5.762000  3.145049e-01  1.348789e+02 
   67.393    5.865000  4.311093e-01  1.387554e+02 
   67.393    5.968000  6.719878e-01  1.443935e+02 
   67.393    6.071000  1.154152e+00  1.516191e+02 
   67.393    6.173000  2.069676e+00  1.599445e+02 
   67.393    6.276000  3.749431e+00  1.690762e+02 
   67.393    6.379000  6.604347e+00  1.785078e+02 
   67.393    6.482000  1.152050e+01  1.885864e+02 
   67.393    6.585000  1.998338e+01  1.994646e+02 
   67.393    6.688000  3.411502e+01  2.109847e+02 
   67.393    6.791000  5.741446e+01  2.231801e+02 
   67.393    6.894000  9.891795e+01  2.369772e+02 
   67.393    6.997000  1.632466e+02  2.504983e+02 
   67.393    7.099000  2.536977e+02  2.627477e+02 
   67.393    7.202000  3.488168e+02  2.714941e+02 
   67.393    7.305000  3.996691e+02  2.750734e+02 
   67.393    7.408000  4.086160e+02  2.756497e+02 
   67.393    7.511000  4.109864e+02  2.758133e+02 
   67.393    7.614000  4.135880e+02  2.760041e+02 
   67.393    7.717000  4.155801e+02  2.761651e+02 
   67.393    7.820000  4.175172e+02  2.763251e+02 
   67.393    7.923000  4.190261e+02  2.764611e+02 
   67.393    8.025001  4.208033e+02  2.766132e+02 
   67.393    8.128000  4.229972e+02  2.767887e+02 
   67.393    8.231000  4.259818e+02  2.770070e+02 
   67.393    8.334001  4.284240e+02  2.771932e+02 
   67.393    8.437000  4.308740e+02  2.773792e+02 
   67.393    8.540000  4.329334e+02  2.775435e+02 
   67.393    8.643001  4.351904e+02  2.777187e+02 
   67.393    8.746000  4.360848e+02  2.778365e+02 
   67.393    8.849000  4.371870e+02  2.779761e+02 
   67.393    8.951000  4.386332e+02  2.781483e+02 
   67.393    9.054000  4.405880e+02  2.783677e+02 
   67.393    9.157001  4.430823e+02  2.786350e+02 
   67.393    9.260000  4.459125e+02  2.789283e+02 
   67.393    9.363000  4.499827e+02  2.791788e+02 
   67.393    9.466001  4.541397e+02  2.794276e+02 
   67.393    9.569000  4.546320e+02  2.794946e+02 
   67.393    9.672000  4.551205e+02  2.795601e+02 
   67.393    9.775001  4.556027e+02  2.796241e+02 
   67.393    9.878000  4.560749e+02  2.796867e+02 
   67.393    9.980000  4.565318e+02  2.797475e+02 
   67.393   10.083000  4.570168e+02  2.798063e+02 
   67.393   10.186000  4.574909e+02  2.798641e+02 
   67.393   10.289001  4.579541e+02  2.799209e+02 
   67.393   10.392000  4.584083e+02  2.799767e+02 
   67.393   10.495000  4.588566e+02  2.800315e+02 
   67.393   10.598001  4.592993e+02  2.800853e+02 
   67.393   10.701000  4.597361e+02  2.801382e+02 
   67.393   10.804000  4.601662e+02  2.801904e+02 
   67.393   10.906000  4.605856e+02  2.802414e+02 
   67.393   11.009000  4.610027e+02  2.802923e+02 
   67.393   11.112000  4.614145e+02  2.803425e+02 
   67.393   11.215000  4.618210e+02  2.803922e+02 
   67.393   11.318000  4.622224e+02  2.804413e+02 
   67.393   11.421000  4.626187e+02  2.804899e+02 
   67.393   11.524000  4.630102e+02  2.805380e+02 
   67.393   11.627000  4.633965e+02  2.805856e+02 
   67.393   11.730000  4.637777e+02  2.806326e+02 
   67.393   11.832001  4.641501e+02  2.806786e+02 
   67.393   11.935000  4.645209e+02  2.807246e+02 
   67.393   12.038000  4.648868e+02  2.807700e+02 
   67.393   12.141001  4.652478e+02  2.808148e+02 
   67.393   12.244000  4.656039e+02  2.808590e+02 
   67.393   12.347000  4.659553e+02  2.809027e+02 
   67.393   12.450001  4.663019e+02  2.809457e+02 
   67.393   12.553000  4.666438e+02  2.809882e+02 
   67.393   12.656000  4.669809e+02  2.810300e+02 
   67.393   12.758000  4.673104e+02  2.810707e+02 
   67.393   12.861000  4.676389e+02  2.811111e+02 
   67.393   12.964001  4.679633e+02  2.811508e+02 
   67.393   13.067000  4.682839e+02  2.811896e+02 
   67.393   13.170000  4.686006e+02  2.812277e+02 
   67.393   13.273001  4.689135e+02  2.812650e+02 
   67.393   13.376000  4.692230e+02  2.813014e+02 
   67.393   13.479000  4.695288e+02  2.813370e+02 
   67.393   13.582001  4.698312e+02  2.813718e+02 
   67.393   13.684000  4.701273e+02  2.814055e+02 
   67.393   13.787001  4.704229e+02  2.814386e+02 
   67.393   13.890000  4.707151e+02  2.814709e+02 
   67.393   13.993000  4.710040e+02  2.815024e+02 
   67.393   14.096001  4.712899e+02  2.815331e+02 
   67.393   14.199000  4.715725e+02  2.815629e+02 
   67.393   14.302000  4.718520e+02  2.815919e+02 
   67.393   14.405001  4.721284e+02  2.816201e+02 
   67.393   14.508000  4.724017e+02  2.816476e+02 
   67.393   14.611000  4.726718e+02  2.816744e+02 
   67.393   14.713000  4.729361e+02  2.817003e+02 
   67.393   14.816000  4.731999e+02  2.817258e+02 
   67.393   14.919001  4.734604e+02  2.817507e+02 
   67.393   15.022000  4.737177e+02  2.817752e+02 
   67.393   15.125000  4.739720e+02  2.817991e+02 
   67.393   15.228001  4.742230e+02  2.818225e+02 
   67.393   15.331000  4.744709e+02  2.818455e+02 
   67.393   15.434000  4.747159e+02  2.818679e+02 
   67.393   15.537001  4.749578e+02  2.818898e+02 
   67.393   15.639000  4.751944e+02  2.819110e+02 
   67.393   15.742001  4.754303e+02  2.819320e+02 
   67.393   15.845000  4.756635e+02  2.819524e+02 
   67.393   15.948000  4.758939e+02  2.819723e+02 
   67.393   16.051001  4.761216e+02  2.819916e+02 
   67.393   16.154001  4.763470e+02  2.820105e+02 
   67.393   16.257000  4.765699e+02  2.820289e+02 
   67.393   16.360001  4.767904e+02  2.820468e+02 
   67.393   16.462999  4.770086e+02  2.820642e+02 
   67.393   16.565001  4.772225e+02  2.820810e+02 
   67.393   16.668001  4.774363e+02  2.820974e+02 
   67.393   16.771000  4.776480e+02  2.821132e+02 
   67.393   16.874001  4.778579e+02  2.821283e+02 
   67.393   16.977001  4.780658e+02  2.821429e+02 
   67.393   17.080000  4.782721e+02  2.821567e+02 
   67.393   17.183001  4.784769e+02  2.821697e+02 
   67.393   17.286001  4.786804e+02  2.821819e+02 
   67.393   17.389000  4.788824e+02  2.821932e+02 
   67.393   17.491001  4.790814e+02  2.822036e+02 
   67.393   17.594000  4.792811e+02  2.822132e+02 
   67.393   17.697001  4.794797e+02  2.822219e+02 
   67.393   17.800001  4.796769e+02  2.822298e+02 
   67.393   17.903000  4.798727e+02  2.822370e+02 
   67.393   18.006001  4.800670e+02  2.822436e+02 
   67.393   18.109001  4.802598e+02  2.822495e+02 
   67.393   18.212000  4.804509e+02  2.822549e+02 
   67.393   18.315001  4.806403e+02  2.822598e+02 
   67.393   18.417000  4.808262e+02  2.822643e+02 
   67.393   18.520000  4.810123e+02  2.822682e+02 
   67.393   18.623001  4.811968e+02  2.822716e+02 
   67.393   18.726000  4.813799e+02  2.822745e+02 
   67.393   18.829000  4.815615e+02  2.822769e+02 
   67.393   18.932001  4.817416e+02  2.822788e+02 
   67.393   19.035000  4.819204e+02  2.822802e+02 
   67.393   19.138000  4.820979e+02  2.822811e+02 
   67.393   19.241001  4.822740e+02  2.822815e+02 
   67.393   19.344000  4.824488e+02  2.822814e+02 
   67.393   19.446001  4.826206e+02  2.822809e+02 
   67.393   19.549000  4.827927e+02  2.822800e+02 
   67.393   19.652000  4.829635e+02  2.822787e+02 
   67.393   19.755001  4.831330e+02  2.822769e+02 
   67.393   19.858000  4.833012e+02  2.822748e+02 
   67.393   19.961000  4.834682e+02  2.822723e+02 
   67.393   20.064001  4.836342e+02  2.822692e+02 
   67.393   20.363001  4.841111e+02  2.822570e+02 
   67.393   20.859001  4.848796e+02  2.822301e+02 
   67.393   21.355000  4.856199e+02  2.821954e+02 
   67.393   21.850000  4.863309e+02  2.821541e+02 
   67.393   22.346001  4.870097e+02  2.821104e+02 
   67.393   22.842001  4.876489e+02  2.820686e+02 
   67.393   23.337999  4.882453e+02  2.820312e+02 
   67.393   23.833000  4.888004e+02  2.819974e+02 
   67.393   24.329000  4.893227e+02  2.819649e+02 
   67.393   24.825001  4.898140e+02  2.819330e+02 
   67.393   25.321001  4.902737e+02  2.819026e+02 
   67.393   25.816000  4.907018e+02  2.818744e+02 
   67.393   26.312000  4.911025e+02  2.818478e+02 
   67.393   26.808001  4.914779e+02  2.818221e+02 
   67.393   27.304001  4.918293e+02  2.817972e+02 
   67.393   27.799000  4.921565e+02  2.817736e+02 
   67.393   28.295000  4.924626e+02  2.817509e+02 
   67.393   28.791000  4.927499e+02  2.817288e+02 
   67.393   29.287001  4.930213e+02  2.817067e+02 
   67.393   29.782000  4.932787e+02  2.816844e+02 
   67.393   30.278000  4.935245e+02  2.816619e+02 
   67.393   30.774000  4.937602e+02  2.816392e+02 
   67.393   31.270000  4.939875e+02  2.816163e+02 
   67.393   31.764999  4.942075e+02  2.815933e+02 
   67.393   32.260998  4.944233e+02  2.815703e+02 
   67.393   32.757000  4.946362e+02  2.815475e+02 
   67.393   33.252998  4.948477e+02  2.815252e+02 
   67.393   33.747997  4.950589e+02  2.815038e+02 
   67.393   34.243999  4.952720e+02  2.814833e+02 
   67.393   34.739998  4.954883e+02  2.814639e+02 
   67.393   35.236000  4.957089e+02  2.814457e+02 
   67.393   35.730999  4.959344e+02  2.814287e+02 
   67.393   36.226997  4.961661e+02  2.814128e+02 
   67.393   36.723000  4.964037e+02  2.813979e+02 
   67.393   37.218998  4.966468e+02  2.813840e+02 
   67.393   37.713997  4.968935e+02  2.813711e+02 
   67.393   38.209999  4.971434e+02  2.813591e+02 
   67.393   38.705997  4.973939e+02  2.813481e+02 
   67.393   39.202000  4.976435e+02  2.813379e+02 
   67.393   39.696999  4.978892e+02  2.813288e+02 
   67.393   40.196999  4.981289e+02  2.813218e+02 
   67.393   45.196999  5.000070e+02  2.812961e+02 
   67.393   50.196999  5.007171e+02  2.812964e+02 
   67.393   55.196999  5.009678e+02  2.813012e+02 
   67.393   60.196999  5.017325e+02  2.813055e+02 
   67.393   65.196999  5.029720e+02  2.813085e+02 
