   67.123    0.000000  2.514794e+02  3.795158e+01 
   67.123    0.103000  2.529201e+02  3.814847e+01 
   67.123    0.206000  2.543529e+02  3.837315e+01 
   67.123    0.309000  2.557753e+02  3.861542e+01 
   67.123    0.412000  2.608184e+02  3.981849e+01 
   67.123    0.515000  2.655720e+02  4.094190e+01 
   67.123    0.618000  2.698484e+02  4.193678e+01 
   67.123    0.721000  2.736177e+02  4.279784e+01 
   67.123    0.824000  2.769232e+02  4.353792e+01 
   67.123    0.926000  2.791078e+02  4.399521e+01 
   67.123    1.029000  2.813240e+02  4.445904e+01 
   67.123    1.132000  2.835007e+02  4.491282e+01 
   67.123    1.235000  2.855469e+02  4.533288e+01 
   67.123    1.338000  2.875078e+02  4.572848e+01 
   67.123    1.441000  2.890427e+02  4.601777e+01 
   67.123    1.544000  2.905717e+02  4.630906e+01 
   67.123    1.647000  2.920939e+02  4.660195e+01 
   67.123    1.750000  2.936132e+02  4.689571e+01 
   67.123    1.852000  2.951189e+02  4.718671e+01 
   67.123    1.955000  2.970200e+02  4.757444e+01 
   67.123    2.058000  3.703753e+02  6.394365e+01 
   67.123    2.161000  3.722305e+02  6.419449e+01 
   67.123    2.264000  3.740715e+02  6.445701e+01 
   67.123    2.367000  3.758930e+02  6.472639e+01 
   67.123    2.470000  3.776954e+02  6.500021e+01 
   67.123    2.573000  3.794794e+02  6.527700e+01 
   67.123    2.676000  3.812451e+02  6.555579e+01 
   67.123    2.778000  3.829775e+02  6.583304e+01 
   67.123    2.881000  3.847094e+02  6.611369e+01 
   67.123    2.984000  3.864220e+02  6.639467e+01 
   67.123    3.087000  3.881156e+02  6.667558e+01 
   67.123    3.190000  3.897926e+02  6.695611e+01 
   67.123    3.293000  3.914549e+02  6.723601e+01 
   67.123    3.396000  3.931047e+02  6.751503e+01 
   67.123    3.499000  3.947432e+02  6.779303e+01 
   67.123    3.602000  3.963751e+02  6.806978e+01 
   67.123    3.704000  3.979893e+02  6.834242e+01 
   67.123    3.807000  3.996197e+02  6.861617e+01 
   67.123    3.910000  4.012568e+02  6.888821e+01 
   67.123    4.013000  4.029039e+02  6.915849e+01 
   67.123    4.116000  4.045591e+02  6.942698e+01 
   67.123    4.219000  4.062202e+02  6.969370e+01 
   67.123    4.322000  4.078832e+02  6.995865e+01 
   67.123    4.425000  4.095393e+02  7.022189e+01 
   67.123    4.528000  4.111807e+02  7.048346e+01 
   67.123    4.630000  4.127869e+02  7.074078e+01 
   67.123    4.733000  4.143864e+02  7.099890e+01 
   67.123    4.836000  4.159609e+02  7.125520e+01 
   67.123    4.939000  4.175100e+02  7.150963e+01 
   67.123    5.042000  4.190342e+02  7.176214e+01 
   67.123    5.145000  4.205297e+02  7.201272e+01 
   67.123    5.248000  4.219964e+02  7.226131e+01 
   67.123    5.351000  4.234330e+02  7.250791e+01 
   67.123    5.454000  4.248386e+02  7.275246e+01 
   67.123    5.556000  4.262015e+02  7.299258e+01 
   67.123    5.659000  4.275476e+02  7.323300e+01 
   67.123    5.762000  4.288647e+02  7.347133e+01 
   67.123    5.865000  4.301553e+02  7.370757e+01 
   67.123    5.968000  4.314183e+02  7.394170e+01 
   67.123    6.071000  4.326558e+02  7.417374e+01 
   67.123    6.174000  4.338717e+02  7.440369e+01 
   67.123    6.277000  4.350686e+02  7.463142e+01 
   67.123    6.380000  4.362502e+02  7.485688e+01 
   67.123    6.482000  4.374062e+02  7.507792e+01 
   67.123    6.585000  4.385623e+02  7.529870e+01 
   67.123    6.688000  4.397126e+02  7.551686e+01 
   67.123    6.791000  4.408571e+02  7.573238e+01 
   67.123    6.894000  4.419889e+02  7.594520e+01 
   67.123    6.997000  4.430997e+02  7.615524e+01 
   67.123    7.100000  4.441818e+02  7.636246e+01 
   67.123    7.203000  4.452214e+02  7.656678e+01 
   67.123    7.306000  4.462076e+02  7.676802e+01 
   67.123    7.409000  4.471349e+02  7.696610e+01 
   67.123    7.511000  4.479882e+02  7.715900e+01 
   67.123    7.614000  4.487740e+02  7.735043e+01 
   67.123    7.717000  4.494994e+02  7.753860e+01 
   67.123    7.820000  4.501961e+02  7.772367e+01 
   67.123    7.923000  4.508676e+02  7.790575e+01 
   67.123    8.026000  4.515239e+02  7.808504e+01 
   67.123    8.129001  4.521774e+02  7.826180e+01 
   67.123    8.232000  4.528282e+02  7.843609e+01 
   67.123    8.335000  4.534696e+02  7.860785e+01 
   67.123    8.437000  4.540894e+02  7.877544e+01 
   67.123    8.540000  4.546990e+02  7.894212e+01 
   67.123    8.643001  4.552924e+02  7.910615e+01 
   67.123    8.746000  4.558683e+02  7.926750e+01 
   67.123    8.849000  4.564262e+02  7.942617e+01 
   67.123    8.952001  4.569741e+02  7.958214e+01 
   67.123    9.055000  4.575157e+02  7.973541e+01 
   67.123    9.158000  4.580507e+02  7.988598e+01 
   67.123    9.261001  4.585781e+02  8.003381e+01 
   67.123    9.363000  4.590923e+02  8.017750e+01 
   67.123    9.466001  4.596037e+02  8.031995e+01 
   67.123    9.569000  4.601073e+02  8.045988e+01 
   67.123    9.672000  4.606033e+02  8.059736e+01 
   67.123    9.775001  4.610899e+02  8.073240e+01 
   67.123    9.878000  4.615643e+02  8.086504e+01 
   67.123    9.981000  4.620261e+02  8.099532e+01 
   67.123   10.084001  4.625100e+02  8.112313e+01 
   67.123   10.187000  4.629843e+02  8.124880e+01 
   67.123   10.289001  4.634453e+02  8.137120e+01 
   67.123   10.392000  4.639031e+02  8.149277e+01 
   67.123   10.495000  4.643553e+02  8.161234e+01 
   67.123   10.598001  4.648019e+02  8.172994e+01 
   67.123   10.701000  4.652420e+02  8.184564e+01 
   67.123   10.804000  4.656744e+02  8.195956e+01 
   67.123   10.907001  4.660989e+02  8.207178e+01 
   67.123   11.010000  4.665167e+02  8.218232e+01 
   67.123   11.113000  4.669296e+02  8.229131e+01 
   67.123   11.215000  4.673340e+02  8.239774e+01 
   67.123   11.318000  4.677378e+02  8.250372e+01 
   67.123   11.421000  4.681367e+02  8.260825e+01 
   67.123   11.524000  4.685309e+02  8.271134e+01 
   67.123   11.627000  4.689199e+02  8.281301e+01 
   67.123   11.730000  4.693035e+02  8.291328e+01 
   67.123   11.833000  4.696817e+02  8.301218e+01 
   67.123   11.936000  4.700545e+02  8.310971e+01 
   67.123   12.039001  4.704221e+02  8.320589e+01 
   67.123   12.141001  4.707813e+02  8.329985e+01 
   67.123   12.244000  4.711390e+02  8.339340e+01 
   67.123   12.347000  4.714918e+02  8.348564e+01 
   67.123   12.450001  4.718398e+02  8.357658e+01 
   67.123   12.553000  4.721828e+02  8.366621e+01 
   67.123   12.656000  4.725210e+02  8.375451e+01 
   67.123   12.759000  4.728546e+02  8.384148e+01 
   67.123   12.862000  4.731839e+02  8.392712e+01 
   67.123   12.965000  4.735092e+02  8.401142e+01 
   67.123   13.068000  4.738305e+02  8.409436e+01 
   67.123   13.170000  4.741450e+02  8.417517e+01 
   67.123   13.273001  4.744587e+02  8.425543e+01 
   67.123   13.376000  4.747688e+02  8.433436e+01 
   67.123   13.479000  4.750753e+02  8.441198e+01 
   67.123   13.582001  4.753782e+02  8.448830e+01 
   67.123   13.685000  4.756777e+02  8.456335e+01 
   67.123   13.788000  4.759738e+02  8.463713e+01 
   67.123   13.891001  4.762664e+02  8.470966e+01 
   67.123   13.994000  4.765559e+02  8.478094e+01 
   67.123   14.096001  4.768394e+02  8.485030e+01 
   67.123   14.199000  4.771224e+02  8.491911e+01 
   67.123   14.302000  4.774023e+02  8.498669e+01 
   67.123   14.405001  4.776790e+02  8.505309e+01 
   67.123   14.508000  4.779527e+02  8.511829e+01 
   67.123   14.611000  4.782232e+02  8.518237e+01 
   67.123   14.714001  4.784905e+02  8.524535e+01 
   67.123   14.817000  4.787547e+02  8.530728e+01 
   67.123   14.920000  4.790158e+02  8.536816e+01 
   67.123   15.022000  4.792711e+02  8.542746e+01 
   67.123   15.125000  4.795259e+02  8.548638e+01 
   67.123   15.228001  4.797776e+02  8.554434e+01 
   67.123   15.331000  4.800261e+02  8.560137e+01 
   67.123   15.434000  4.802717e+02  8.565749e+01 
   67.123   15.537001  4.805142e+02  8.571272e+01 
   67.123   15.640000  4.807538e+02  8.576704e+01 
   67.123   15.743000  4.809904e+02  8.582049e+01 
   67.123   15.846001  4.812242e+02  8.587305e+01 
   67.123   15.948000  4.814531e+02  8.592424e+01 
   67.123   16.051001  4.816816e+02  8.597503e+01 
   67.123   16.154001  4.819077e+02  8.602493e+01 
   67.123   16.257000  4.821313e+02  8.607395e+01 
   67.123   16.360001  4.823524e+02  8.612209e+01 
   67.123   16.462999  4.825713e+02  8.616940e+01 
   67.123   16.566000  4.827879e+02  8.621587e+01 
   67.123   16.669001  4.830023e+02  8.626151e+01 
   67.123   16.771999  4.832146e+02  8.630629e+01 
   67.123   16.874001  4.834230e+02  8.634981e+01 
   67.123   16.977001  4.836314e+02  8.639291e+01 
   67.123   17.080000  4.838380e+02  8.643513e+01 
   67.123   17.183001  4.840432e+02  8.647643e+01 
   67.123   17.286001  4.842470e+02  8.651682e+01 
   67.123   17.389000  4.844492e+02  8.655630e+01 
   67.123   17.492001  4.846503e+02  8.659485e+01 
   67.123   17.595001  4.848502e+02  8.663246e+01 
   67.123   17.698000  4.850489e+02  8.666916e+01 
   67.123   17.800001  4.852444e+02  8.670464e+01 
   67.123   17.903000  4.854404e+02  8.673964e+01 
   67.123   18.006001  4.856350e+02  8.677384e+01 
   67.123   18.109001  4.858282e+02  8.680726e+01 
   67.123   18.212000  4.860196e+02  8.683995e+01 
   67.123   18.315001  4.862093e+02  8.687197e+01 
   67.123   18.418001  4.863972e+02  8.690331e+01 
   67.123   18.521000  4.865835e+02  8.693398e+01 
   67.123   18.624001  4.867682e+02  8.696397e+01 
   67.123   18.727001  4.869514e+02  8.699326e+01 
   67.123   18.829000  4.871313e+02  8.702161e+01 
   67.123   18.932001  4.873115e+02  8.704955e+01 
   67.123   19.035000  4.874904e+02  8.707681e+01 
   67.123   19.138000  4.876680e+02  8.710340e+01 
   67.123   19.241001  4.878444e+02  8.712933e+01 
   67.123   19.344000  4.880195e+02  8.715465e+01 
   67.123   19.447001  4.881932e+02  8.717936e+01 
   67.123   19.550001  4.883657e+02  8.720348e+01 
   67.123   19.653000  4.885367e+02  8.722703e+01 
   67.123   19.755001  4.887048e+02  8.724979e+01 
   67.123   19.858000  4.888732e+02  8.727225e+01 
   67.123   19.961000  4.890403e+02  8.729418e+01 
   67.123   20.064001  4.892064e+02  8.731548e+01 
   67.123   20.363001  4.896835e+02  8.737389e+01 
   67.123   20.859001  4.904521e+02  8.746141e+01 
   67.123   21.355000  4.911926e+02  8.753784e+01 
   67.123   21.851000  4.919065e+02  8.760378e+01 
   67.123   22.346001  4.925874e+02  8.766175e+01 
   67.123   22.842001  4.932314e+02  8.771499e+01 
   67.123   23.337999  4.938331e+02  8.776521e+01 
   67.123   23.834000  4.943936e+02  8.781279e+01 
   67.123   24.329000  4.949174e+02  8.785681e+01 
   67.123   24.825001  4.954109e+02  8.789693e+01 
   67.123   25.321001  4.958731e+02  8.793360e+01 
   67.123   25.816999  4.963046e+02  8.796764e+01 
   67.123   26.312000  4.967065e+02  8.799915e+01 
   67.123   26.808001  4.970836e+02  8.802799e+01 
   67.123   27.304001  4.974370e+02  8.805411e+01 
   67.123   27.800001  4.977671e+02  8.807784e+01 
   67.123   28.295000  4.980743e+02  8.809935e+01 
   67.123   28.791000  4.983627e+02  8.811880e+01 
   67.123   29.287001  4.986347e+02  8.813614e+01 
   67.123   29.783001  4.988933e+02  8.815134e+01 
   67.123   30.278000  4.991396e+02  8.816442e+01 
   67.123   30.774000  4.993764e+02  8.817564e+01 
   67.123   31.270000  4.996049e+02  8.818517e+01 
   67.123   31.766001  4.998266e+02  8.819314e+01 
   67.123   32.260998  5.000435e+02  8.819971e+01 
   67.123   32.757000  5.002580e+02  8.820511e+01 
   67.123   33.252998  5.004714e+02  8.820954e+01 
   67.123   33.748997  5.006854e+02  8.821326e+01 
   67.123   34.243999  5.009007e+02  8.821643e+01 
   67.123   34.739998  5.011198e+02  8.821921e+01 
   67.123   35.236000  5.013432e+02  8.822167e+01 
   67.123   35.731998  5.015721e+02  8.822391e+01 
   67.123   36.226997  5.018064e+02  8.822596e+01 
   67.123   36.723000  5.020470e+02  8.822786e+01 
   67.123   37.218998  5.022929e+02  8.822963e+01 
   67.123   37.715000  5.025428e+02  8.823132e+01 
   67.123   38.209999  5.027948e+02  8.823292e+01 
   67.123   38.705997  5.030478e+02  8.823450e+01 
   67.123   39.202000  5.032995e+02  8.823607e+01 
   67.123   39.697998  5.035477e+02  8.823769e+01 
   67.123   40.197998  5.037892e+02  8.823999e+01 
   67.123   45.197998  5.056753e+02  8.826821e+01 
   67.123   50.197998  5.063861e+02  8.828976e+01 
   67.123   55.197998  5.066386e+02  8.830369e+01 
   67.123   60.197998  5.074167e+02  8.831227e+01 
   67.123   65.198006  5.086628e+02  8.831744e+01 
