    0.000    0.000000  0.000000e+00  3.519574e+02 
    0.000    0.103000  0.000000e+00  3.511812e+02 
    0.000    0.206000  0.000000e+00  3.499398e+02 
    0.000    0.309000  0.000000e+00  3.485233e+02 
    0.000    0.412000  0.000000e+00  3.469577e+02 
    0.000    0.515000  0.000000e+00  3.453800e+02 
    0.000    0.617000  0.000000e+00  3.438424e+02 
    0.000    0.720000  0.000000e+00  3.422441e+02 
    0.000    0.823000  0.000000e+00  3.404526e+02 
    0.000    0.926000  0.000000e+00  3.384661e+02 
    0.000    1.029000  0.000000e+00  3.364813e+02 
    0.000    1.132000  0.000000e+00  3.347262e+02 
    0.000    1.235000  0.000000e+00  3.202096e+02 
    0.000    1.338000  0.000000e+00  3.151945e+02 
    0.000    1.441000  0.000000e+00  3.112997e+02 
    0.000    1.544000  0.000000e+00  3.105663e+02 
    0.000    1.646000  0.000000e+00  3.096492e+02 
    0.000    1.749000  0.000000e+00  3.086291e+02 
    0.000    1.852000  0.000000e+00  3.054811e+02 
    0.000    1.955000  0.000000e+00  3.039170e+02 
    0.000    2.058000  0.000000e+00  3.028108e+02 
    0.000    2.161000  0.000000e+00  3.017553e+02 
    0.000    2.264000  0.000000e+00  3.007070e+02 
    0.000    2.367000  0.000000e+00  2.996849e+02 
    0.000    2.470000  0.000000e+00  2.986765e+02 
    0.000    2.572000  0.000000e+00  2.976874e+02 
    0.000    2.675000  0.000000e+00  2.966266e+02 
    0.000    2.778000  0.000000e+00  2.954688e+02 
    0.000    2.881000  0.000000e+00  2.942547e+02 
    0.000    2.984000  0.000000e+00  2.929944e+02 
    0.000    3.087000  0.000000e+00  2.917224e+02 
    0.000    3.190000  0.000000e+00  2.904688e+02 
    0.000    3.293000  0.000000e+00  2.892309e+02 
    0.000    3.396000  0.000000e+00  2.879673e+02 
    0.000    3.498000  0.000000e+00  2.867007e+02 
    0.000    3.601000  0.000000e+00  2.854198e+02 
    0.000    3.704000  0.000000e+00  2.841352e+02 
    0.000    3.807000  0.000000e+00  2.828556e+02 
    0.000    3.910000  0.000000e+00  2.815811e+02 
    0.000    4.013000  0.000000e+00  2.803171e+02 
    0.000    4.116000  0.000000e+00  2.790595e+02 
    0.000    4.219000  0.000000e+00  2.778055e+02 
    0.000    4.322000  0.000000e+00  2.765637e+02 
    0.000    4.424000  0.000000e+00  2.753409e+02 
    0.000    4.527000  0.000000e+00  2.741241e+02 
    0.000    4.630000  0.000000e+00  2.729254e+02 
    0.000    4.733000  0.000000e+00  2.717427e+02 
    0.000    4.836000  0.000000e+00  2.705791e+02 
    0.000    4.939000  0.000000e+00  2.694256e+02 
    0.000    5.042000  0.000000e+00  2.682782e+02 
    0.000    5.145000  0.000000e+00  2.671454e+02 
    0.000    5.248000  0.000000e+00  2.660183e+02 
    0.000    5.350000  0.000000e+00  2.649081e+02 
    0.000    5.453000  0.000000e+00  2.638038e+02 
    0.000    5.556000  0.000000e+00  2.627133e+02 
    0.000    5.659000  0.000000e+00  2.616396e+02 
    0.000    5.762000  0.000000e+00  2.605850e+02 
    0.000    5.865000  0.000000e+00  2.595496e+02 
    0.000    5.968000  0.000000e+00  2.585362e+02 
    0.000    6.071000  0.000000e+00  2.575393e+02 
    0.000    6.174000  0.000000e+00  2.565588e+02 
    0.000    6.276000  0.000000e+00  2.556056e+02 
    0.000    6.379000  0.000000e+00  2.546640e+02 
    0.000    6.482000  0.000000e+00  2.537441e+02 
    0.000    6.585000  0.000000e+00  2.527630e+02 
    0.000    6.688000  0.000000e+00  2.517977e+02 
    0.000    6.791000  0.000000e+00  2.508751e+02 
    0.000    6.894000  0.000000e+00  2.499654e+02 
    0.000    6.997000  0.000000e+00  2.490253e+02 
    0.000    7.100000  0.000000e+00  2.481239e+02 
    0.000    7.203000  0.000000e+00  2.473234e+02 
    0.000    7.305000  0.000000e+00  2.466955e+02 
    0.000    7.408000  0.000000e+00  2.461124e+02 
    0.000    7.511000  0.000000e+00  2.457245e+02 
    0.000    7.614000  0.000000e+00  2.454683e+02 
    0.000    7.717000  0.000000e+00  2.452490e+02 
    0.000    7.820000  0.000000e+00  2.450580e+02 
    0.000    7.923000  0.000000e+00  2.448715e+02 
    0.000    8.026000  0.000000e+00  2.444496e+02 
    0.000    8.129000  0.000000e+00  2.442879e+02 
    0.000    8.231000  0.000000e+00  2.441434e+02 
    0.000    8.334000  0.000000e+00  2.440161e+02 
    0.000    8.437000  0.000000e+00  2.438681e+02 
    0.000    8.540000  0.000000e+00  2.437230e+02 
    0.000    8.643000  0.000000e+00  2.434992e+02 
    0.000    8.746000  0.000000e+00  2.433124e+02 
    0.000    8.849000  0.000000e+00  2.431140e+02 
    0.000    8.952000  0.000000e+00  2.429145e+02 
    0.000    9.055000  0.000000e+00  2.427903e+02 
    0.000    9.157000  0.000000e+00  2.426648e+02 
    0.000    9.260000  0.000000e+00  2.425440e+02 
    0.000    9.363000  0.000000e+00  2.424273e+02 
    0.000    9.466000  0.000000e+00  2.423147e+02 
    0.000    9.569000  0.000000e+00  2.422140e+02 
    0.000    9.672000  0.000000e+00  2.421219e+02 
    0.000    9.775000  0.000000e+00  2.420390e+02 
    0.000    9.878000  0.000000e+00  2.419737e+02 
    0.000    9.981000  0.000000e+00  2.419212e+02 
    0.000   10.083000  0.000000e+00  2.418749e+02 
    0.000   10.186000  0.000000e+00  2.418275e+02 
    0.000   10.289000  0.000000e+00  2.417807e+02 
    0.000   10.392000  0.000000e+00  2.417317e+02 
    0.000   10.495000  0.000000e+00  2.416731e+02 
    0.000   10.598000  0.000000e+00  2.416089e+02 
    0.000   10.701000  0.000000e+00  2.415427e+02 
    0.000   10.804000  0.000000e+00  2.414764e+02 
    0.000   10.907000  0.000000e+00  2.414104e+02 
    0.000   11.009000  0.000000e+00  2.413439e+02 
    0.000   11.112000  0.000000e+00  2.412709e+02 
    0.000   11.215000  0.000000e+00  2.411943e+02 
    0.000   11.318000  0.000000e+00  2.411154e+02 
    0.000   11.421000  0.000000e+00  2.410324e+02 
    0.000   11.524000  0.000000e+00  2.409468e+02 
    0.000   11.627000  0.000000e+00  2.408604e+02 
    0.000   11.730000  0.000000e+00  2.407767e+02 
    0.000   11.833000  0.000000e+00  2.406955e+02 
    0.000   11.934999  0.000000e+00  2.406163e+02 
    0.000   12.038000  0.000000e+00  2.405380e+02 
    0.000   12.141000  0.000000e+00  2.404609e+02 
    0.000   12.243999  0.000000e+00  2.403850e+02 
    0.000   12.347000  0.000000e+00  2.403090e+02 
    0.000   12.450000  0.000000e+00  2.402328e+02 
    0.000   12.552999  0.000000e+00  2.401568e+02 
    0.000   12.656000  0.000000e+00  2.400804e+02 
    0.000   12.759000  0.000000e+00  2.400034e+02 
    0.000   12.862000  0.000000e+00  2.399262e+02 
    0.000   12.964000  0.000000e+00  2.398508e+02 
    0.000   13.066999  0.000000e+00  2.397763e+02 
    0.000   13.170000  0.000000e+00  2.397032e+02 
    0.000   13.273000  0.000000e+00  2.396319e+02 
    0.000   13.375999  0.000000e+00  2.395634e+02 
    0.000   13.479000  0.000000e+00  2.394972e+02 
    0.000   13.582000  0.000000e+00  2.394326e+02 
    0.000   13.684999  0.000000e+00  2.393705e+02 
    0.000   13.788000  0.000000e+00  2.393104e+02 
    0.000   13.890000  0.000000e+00  2.392524e+02 
    0.000   13.993000  0.000000e+00  2.391971e+02 
    0.000   14.096000  0.000000e+00  2.391449e+02 
    0.000   14.199000  0.000000e+00  2.390949e+02 
    0.000   14.302000  0.000000e+00  2.390477e+02 
    0.000   14.405000  0.000000e+00  2.390033e+02 
    0.000   14.507999  0.000000e+00  2.389613e+02 
    0.000   14.611000  0.000000e+00  2.389204e+02 
    0.000   14.714000  0.000000e+00  2.388787e+02 
    0.000   14.816000  0.000000e+00  2.388371e+02 
    0.000   14.919000  0.000000e+00  2.387954e+02 
    0.000   15.022000  0.000000e+00  2.387530e+02 
    0.000   15.125000  0.000000e+00  2.387103e+02 
    0.000   15.228000  0.000000e+00  2.386676e+02 
    0.000   15.331000  0.000000e+00  2.386256e+02 
    0.000   15.434000  0.000000e+00  2.385846e+02 
    0.000   15.537000  0.000000e+00  2.385445e+02 
    0.000   15.640000  0.000000e+00  2.385043e+02 
    0.000   15.742000  0.000000e+00  2.384617e+02 
    0.000   15.845000  0.000000e+00  2.384167e+02 
    0.000   15.947999  0.000000e+00  2.383706e+02 
    0.000   16.051001  0.000000e+00  2.383219e+02 
    0.000   16.154001  0.000000e+00  2.382707e+02 
    0.000   16.257000  0.000000e+00  2.382178e+02 
    0.000   16.360001  0.000000e+00  2.381644e+02 
    0.000   16.463001  0.000000e+00  2.381115e+02 
    0.000   16.566000  0.000000e+00  2.380591e+02 
    0.000   16.668001  0.000000e+00  2.380072e+02 
    0.000   16.771000  0.000000e+00  2.379575e+02 
    0.000   16.874001  0.000000e+00  2.379101e+02 
    0.000   16.977001  0.000000e+00  2.378642e+02 
    0.000   17.080000  0.000000e+00  2.378203e+02 
    0.000   17.183001  0.000000e+00  2.377789e+02 
    0.000   17.286001  0.000000e+00  2.377394e+02 
    0.000   17.389000  0.000000e+00  2.377014e+02 
    0.000   17.492001  0.000000e+00  2.376648e+02 
    0.000   17.595001  0.000000e+00  2.376293e+02 
    0.000   17.697001  0.000000e+00  2.375952e+02 
    0.000   17.800001  0.000000e+00  2.375613e+02 
    0.000   17.903002  0.000000e+00  2.375276e+02 
    0.000   18.006001  0.000000e+00  2.374941e+02 
    0.000   18.109001  0.000000e+00  2.374611e+02 
    0.000   18.212000  0.000000e+00  2.374281e+02 
    0.000   18.315001  0.000000e+00  2.373952e+02 
    0.000   18.418001  0.000000e+00  2.373625e+02 
    0.000   18.521000  0.000000e+00  2.373302e+02 
    0.000   18.623001  0.000000e+00  2.372986e+02 
    0.000   18.726002  0.000000e+00  2.372672e+02 
    0.000   18.829000  0.000000e+00  2.372363e+02 
    0.000   18.932001  0.000000e+00  2.372054e+02 
    0.000   19.035002  0.000000e+00  2.371740e+02 
    0.000   19.138000  0.000000e+00  2.371424e+02 
    0.000   19.241001  0.000000e+00  2.371107e+02 
    0.000   19.344002  0.000000e+00  2.370785e+02 
    0.000   19.447001  0.000000e+00  2.370458e+02 
    0.000   19.549002  0.000000e+00  2.370131e+02 
    0.000   19.652000  0.000000e+00  2.369799e+02 
    0.000   19.755001  0.000000e+00  2.369476e+02 
    0.000   19.858002  0.000000e+00  2.369164e+02 
    0.000   19.961000  0.000000e+00  2.368858e+02 
    0.000   20.064001  0.000000e+00  2.368557e+02 
    0.000   20.363001  0.000000e+00  2.367751e+02 
    0.000   20.859001  0.000000e+00  2.366554e+02 
    0.000   21.355001  0.000000e+00  2.365467e+02 
    0.000   21.850000  0.000000e+00  2.364493e+02 
    0.000   22.346001  0.000000e+00  2.363522e+02 
    0.000   22.842001  0.000000e+00  2.362566e+02 
    0.000   23.338001  0.000000e+00  2.361747e+02 
    0.000   23.833000  0.000000e+00  2.361117e+02 
    0.000   24.329000  0.000000e+00  2.360650e+02 
    0.000   24.825001  0.000000e+00  2.360301e+02 
    0.000   25.321001  0.000000e+00  2.360125e+02 
    0.000   25.816000  0.000000e+00  2.360074e+02 
    0.000   26.312000  0.000000e+00  2.360128e+02 
    0.000   26.808001  0.000000e+00  2.360279e+02 
    0.000   27.304001  0.000000e+00  2.360463e+02 
    0.000   27.799002  0.000000e+00  2.360653e+02 
    0.000   28.295000  0.000000e+00  2.360875e+02 
    0.000   28.791000  0.000000e+00  2.361166e+02 
    0.000   29.287001  0.000000e+00  2.361565e+02 
    0.000   29.783001  0.000000e+00  2.362053e+02 
    0.000   30.278002  0.000000e+00  2.362596e+02 
    0.000   30.774000  0.000000e+00  2.363131e+02 
    0.000   31.270000  0.000000e+00  2.363651e+02 
    0.000   31.766001  0.000000e+00  2.364163e+02 
    0.000   32.260998  0.000000e+00  2.364686e+02 
    0.000   32.757000  0.000000e+00  2.365234e+02 
    0.000   33.252998  0.000000e+00  2.365828e+02 
    0.000   33.749001  0.000000e+00  2.366465e+02 
    0.000   34.243999  0.000000e+00  2.367133e+02 
    0.000   34.739998  0.000000e+00  2.367781e+02 
    0.000   35.236000  0.000000e+00  2.368392e+02 
    0.000   35.731998  0.000000e+00  2.368958e+02 
    0.000   36.226997  0.000000e+00  2.369486e+02 
    0.000   36.723000  0.000000e+00  2.369975e+02 
    0.000   37.218998  0.000000e+00  2.370429e+02 
    0.000   37.715000  0.000000e+00  2.370869e+02 
    0.000   38.209999  0.000000e+00  2.371298e+02 
    0.000   38.705997  0.000000e+00  2.371732e+02 
    0.000   39.202000  0.000000e+00  2.372175e+02 
    0.000   39.697998  0.000000e+00  2.372645e+02 
    0.000   40.197998  0.000000e+00  2.373155e+02 
    0.000   45.197998  0.000000e+00  2.377662e+02 
    0.000   50.197998  0.000000e+00  2.379894e+02 
    0.000   55.197998  0.000000e+00  2.379890e+02 
    0.000   60.197998  0.000000e+00  2.379202e+02 
    0.000   65.198006  0.000000e+00  2.378680e+02 
