   68.078    0.000000  2.221077e-12  6.485013e+00 
   68.078    0.103000  2.233216e-12  6.583622e+00 
   68.078    0.205000  2.245103e-12  6.683085e+00 
   68.078    0.308000  2.257035e-12  6.784210e+00 
   68.078    0.411000  2.268939e-12  6.885411e+00 
   68.078    0.514000  3.150772e-12  9.344001e+00 
   68.078    0.617000  4.891132e-12  1.245855e+01 
   68.078    0.720000  8.766089e-12  1.637300e+01 
   68.078    0.823000  1.762133e-11  2.084220e+01 
   68.078    0.926000  3.876869e-11  2.567953e+01 
   68.078    1.029000  9.232731e-11  3.081759e+01 
   68.078    1.131000  2.410330e-10  3.640194e+01 
   68.078    1.234000  6.978619e-10  4.249970e+01 
   68.078    1.337000  2.204235e-09  4.901856e+01 
   68.078    1.440000  7.548469e-09  5.593099e+01 
   68.078    1.543000  2.785073e-08  6.321306e+01 
   68.078    1.646000  1.100242e-07  7.084862e+01 
   68.078    1.749000  4.634003e-07  7.883721e+01 
   68.078    1.852000  1.213605e-04  1.037839e+02 
   68.078    1.955000  9.669133e-03  1.268624e+02 
   68.078    2.057000  1.849736e-01  1.467821e+02 
   68.078    2.160000  9.939640e-01  1.616515e+02 
   68.078    2.263000  2.264182e+00  1.706566e+02 
   68.078    2.366000  3.406103e+00  1.758294e+02 
   68.078    2.469000  4.215305e+00  1.787595e+02 
   68.078    2.572000  4.502297e+00  1.794603e+02 
   68.078    2.675000  8.645460e+00  1.899280e+02 
   68.078    2.778000  3.971525e+01  2.167906e+02 
   68.078    2.881000  4.241948e+01  2.177042e+02 
   68.078    2.983000  4.535631e+01  2.187096e+02 
   68.078    3.086000  4.815252e+01  2.196416e+02 
   68.078    3.189000  5.071599e+01  2.204706e+02 
   68.078    3.292000  5.335898e+01  2.213164e+02 
   68.078    3.395000  5.645990e+01  2.223062e+02 
   68.078    3.498000  6.050221e+01  2.235808e+02 
   68.078    3.601000  6.798058e+01  2.258538e+02 
   68.078    3.704000  7.906776e+01  2.289081e+02 
   68.078    3.807000  9.468006e+01  2.326714e+02 
   68.078    3.910000  1.144922e+02  2.367530e+02 
   68.078    4.012000  1.383939e+02  2.409213e+02 
   68.078    4.115000  1.650514e+02  2.448566e+02 
   68.078    4.218000  1.977323e+02  2.489411e+02 
   68.078    4.321000  2.352440e+02  2.528815e+02 
   68.078    4.424000  2.702231e+02  2.559967e+02 
   68.078    4.527000  3.008904e+02  2.583736e+02 
   68.078    4.630000  3.224600e+02  2.598699e+02 
   68.078    4.733000  3.353442e+02  2.606955e+02 
   68.078    4.836000  3.419809e+02  2.610940e+02 
   68.078    4.938000  3.444747e+02  2.612265e+02 
   68.078    5.041000  3.470509e+02  2.613749e+02 
   68.078    5.144000  3.494571e+02  2.615213e+02 
   68.078    5.247000  3.520611e+02  2.616891e+02 
   68.078    5.350000  3.547102e+02  2.618674e+02 
   68.078    5.453000  3.574366e+02  2.620575e+02 
   68.078    5.556000  3.602844e+02  2.622611e+02 
   68.078    5.659000  3.631183e+02  2.624685e+02 
   68.078    5.762000  3.662888e+02  2.627024e+02 
   68.078    5.864000  3.693198e+02  2.629296e+02 
   68.078    5.967000  3.722535e+02  2.631535e+02 
   68.078    6.070000  3.753932e+02  2.633930e+02 
   68.078    6.173000  3.788860e+02  2.636563e+02 
   68.078    6.276000  3.819647e+02  2.638927e+02 
   68.078    6.379000  3.830713e+02  2.640017e+02 
   68.078    6.482000  3.841698e+02  2.641119e+02 
   68.078    6.585000  3.852646e+02  2.642228e+02 
   68.078    6.688000  3.863626e+02  2.643339e+02 
   68.078    6.790000  3.874550e+02  2.644440e+02 
   68.078    6.893000  3.885535e+02  2.645551e+02 
   68.078    6.996000  3.896343e+02  2.646662e+02 
   68.078    7.099000  3.906884e+02  2.647772e+02 
   68.078    7.202000  3.945304e+02  2.650710e+02 
   68.078    7.305000  3.973196e+02  2.652981e+02 
   68.078    7.408000  3.996089e+02  2.654956e+02 
   68.078    7.511000  4.018523e+02  2.656930e+02 
   68.078    7.614000  4.041931e+02  2.658997e+02 
   68.078    7.716000  4.069779e+02  2.661347e+02 
   68.078    7.819000  4.092211e+02  2.663363e+02 
   68.078    7.922000  4.113655e+02  2.665318e+02 
   68.078    8.025000  4.134177e+02  2.667214e+02 
   68.078    8.127999  4.155958e+02  2.669174e+02 
   68.078    8.231000  4.175273e+02  2.670975e+02 
   68.078    8.334000  4.194909e+02  2.672781e+02 
   68.078    8.436999  4.218018e+02  2.674772e+02 
   68.078    8.540000  4.236757e+02  2.676489e+02 
   68.078    8.641999  4.255769e+02  2.678194e+02 
   68.078    8.745000  4.273880e+02  2.679830e+02 
   68.078    8.848000  4.293595e+02  2.681534e+02 
   68.078    8.950999  4.304573e+02  2.683016e+02 
   68.078    9.054000  4.316902e+02  2.684619e+02 
   68.078    9.157000  4.330850e+02  2.686370e+02 
   68.078    9.259999  4.344055e+02  2.688024e+02 
   68.078    9.363000  4.358277e+02  2.689723e+02 
   68.078    9.466000  4.372672e+02  2.691416e+02 
   68.078    9.568000  4.387079e+02  2.693078e+02 
   68.078    9.671000  4.401216e+02  2.694727e+02 
   68.078    9.773999  4.416088e+02  2.696420e+02 
   68.078    9.877000  4.420676e+02  2.697085e+02 
   68.078    9.980000  4.425230e+02  2.697733e+02 
   68.078   10.082999  4.429730e+02  2.698365e+02 
   68.078   10.186000  4.434477e+02  2.698973e+02 
   68.078   10.289000  4.439131e+02  2.699568e+02 
   68.078   10.391999  4.443698e+02  2.700150e+02 
   68.078   10.495000  4.448186e+02  2.700721e+02 
   68.078   10.596999  4.452553e+02  2.701274e+02 
   68.078   10.700000  4.456891e+02  2.701823e+02 
   68.078   10.802999  4.461164e+02  2.702362e+02 
   68.078   10.905999  4.465375e+02  2.702893e+02 
   68.078   11.009000  4.469528e+02  2.703416e+02 
   68.078   11.112000  4.473631e+02  2.703931e+02 
   68.078   11.214999  4.477685e+02  2.704439e+02 
   68.078   11.318000  4.481690e+02  2.704941e+02 
   68.078   11.421000  4.485644e+02  2.705437e+02 
   68.078   11.523000  4.489509e+02  2.705923e+02 
   68.078   11.625999  4.493359e+02  2.706409e+02 
   68.078   11.729000  4.497154e+02  2.706890e+02 
   68.078   11.832000  4.500892e+02  2.707365e+02 
   68.078   11.934999  4.504574e+02  2.707836e+02 
   68.078   12.037999  4.508202e+02  2.708301e+02 
   68.078   12.141000  4.511777e+02  2.708761e+02 
   68.078   12.243999  4.515300e+02  2.709215e+02 
   68.078   12.346999  4.518774e+02  2.709663e+02 
   68.078   12.448999  4.522170e+02  2.710100e+02 
   68.078   12.552000  4.525554e+02  2.710536e+02 
   68.078   12.655000  4.528892e+02  2.710964e+02 
   68.078   12.757999  4.532187e+02  2.711386e+02 
   68.078   12.861000  4.535441e+02  2.711801e+02 
   68.078   12.964000  4.538657e+02  2.712208e+02 
   68.078   13.066999  4.541837e+02  2.712608e+02 
   68.078   13.170000  4.544980e+02  2.713000e+02 
   68.078   13.273000  4.548087e+02  2.713385e+02 
   68.078   13.375000  4.551130e+02  2.713756e+02 
   68.078   13.478000  4.554169e+02  2.714123e+02 
   68.078   13.580999  4.557174e+02  2.714480e+02 
   68.078   13.684000  4.560149e+02  2.714826e+02 
   68.078   13.787000  4.563092e+02  2.715163e+02 
   68.078   13.889999  4.566003e+02  2.715490e+02 
   68.078   13.993000  4.568883e+02  2.715807e+02 
   68.078   14.096000  4.571732e+02  2.716114e+02 
   68.078   14.198999  4.574548e+02  2.716413e+02 
   68.078   14.301000  4.577304e+02  2.716701e+02 
   68.078   14.403999  4.580053e+02  2.716985e+02 
   68.078   14.507000  4.582769e+02  2.717262e+02 
   68.078   14.610000  4.585452e+02  2.717534e+02 
   68.078   14.712999  4.588101e+02  2.717799e+02 
   68.078   14.816000  4.590717e+02  2.718059e+02 
   68.078   14.919000  4.593301e+02  2.718314e+02 
   68.078   15.021999  4.595853e+02  2.718563e+02 
   68.078   15.125000  4.598374e+02  2.718807e+02 
   68.078   15.228000  4.600864e+02  2.719046e+02 
   68.078   15.330000  4.603299e+02  2.719277e+02 
   68.078   15.433000  4.605728e+02  2.719506e+02 
   68.078   15.535999  4.608127e+02  2.719730e+02 
   68.078   15.639000  4.610496e+02  2.719949e+02 
   68.078   15.742000  4.612836e+02  2.720164e+02 
   68.078   15.844999  4.615148e+02  2.720373e+02 
   68.078   15.947999  4.617434e+02  2.720578e+02 
   68.078   16.051001  4.619695e+02  2.720778e+02 
   68.078   16.154001  4.621931e+02  2.720972e+02 
   68.078   16.256001  4.624122e+02  2.721159e+02 
   68.078   16.359001  4.626312e+02  2.721343e+02 
   68.078   16.462000  4.628480e+02  2.721521e+02 
   68.078   16.565001  4.630626e+02  2.721693e+02 
   68.078   16.668001  4.632751e+02  2.721859e+02 
   68.078   16.771000  4.634859e+02  2.722017e+02 
   68.078   16.874001  4.636950e+02  2.722167e+02 
   68.078   16.977001  4.639024e+02  2.722309e+02 
   68.078   17.080000  4.641084e+02  2.722443e+02 
   68.078   17.182001  4.643112e+02  2.722566e+02 
   68.078   17.285000  4.645148e+02  2.722680e+02 
   68.078   17.388000  4.647171e+02  2.722786e+02 
   68.078   17.491001  4.649181e+02  2.722883e+02 
   68.078   17.594000  4.651177e+02  2.722972e+02 
   68.078   17.697001  4.653160e+02  2.723054e+02 
   68.078   17.800001  4.655128e+02  2.723128e+02 
   68.078   17.903000  4.657080e+02  2.723197e+02 
   68.078   18.006001  4.659016e+02  2.723260e+02 
   68.078   18.108000  4.660917e+02  2.723318e+02 
   68.078   18.211000  4.662821e+02  2.723370e+02 
   68.078   18.314001  4.664709e+02  2.723416e+02 
   68.078   18.417000  4.666581e+02  2.723458e+02 
   68.078   18.520000  4.668437e+02  2.723495e+02 
   68.078   18.623001  4.670278e+02  2.723527e+02 
   68.078   18.726000  4.672105e+02  2.723553e+02 
   68.078   18.829000  4.673916e+02  2.723575e+02 
   68.078   18.932001  4.675712e+02  2.723592e+02 
   68.078   19.034000  4.677476e+02  2.723604e+02 
   68.078   19.137001  4.679245e+02  2.723611e+02 
   68.078   19.240000  4.681000e+02  2.723615e+02 
   68.078   19.343000  4.682742e+02  2.723613e+02 
   68.078   19.446001  4.684471e+02  2.723607e+02 
   68.078   19.549000  4.686189e+02  2.723596e+02 
   68.078   19.652000  4.687894e+02  2.723580e+02 
   68.078   19.755001  4.689586e+02  2.723560e+02 
   68.078   19.858000  4.691266e+02  2.723535e+02 
   68.078   19.961000  4.692934e+02  2.723506e+02 
   68.078   20.063000  4.694576e+02  2.723472e+02 
   68.078   20.363001  4.699347e+02  2.723343e+02 
   68.078   20.858000  4.706989e+02  2.723065e+02 
   68.078   21.354000  4.714366e+02  2.722711e+02 
   68.078   21.850000  4.721442e+02  2.722304e+02 
   68.078   22.346001  4.728142e+02  2.721892e+02 
   68.078   22.841002  4.734401e+02  2.721515e+02 
   68.078   23.337000  4.740242e+02  2.721180e+02 
   68.078   23.833000  4.745719e+02  2.720864e+02 
   68.078   24.329000  4.750890e+02  2.720548e+02 
   68.078   24.824001  4.755742e+02  2.720240e+02 
   68.078   25.320000  4.760280e+02  2.719951e+02 
   68.078   25.816000  4.764517e+02  2.719681e+02 
   68.078   26.312000  4.768480e+02  2.719423e+02 
   68.078   26.807001  4.772180e+02  2.719175e+02 
   68.078   27.303001  4.775644e+02  2.718937e+02 
   68.078   27.799000  4.778882e+02  2.718708e+02 
   68.078   28.295000  4.781918e+02  2.718484e+02 
   68.078   28.791000  4.784776e+02  2.718262e+02 
   68.078   29.286001  4.787470e+02  2.718040e+02 
   68.078   29.782001  4.790031e+02  2.717817e+02 
   68.078   30.278000  4.792466e+02  2.717593e+02 
   68.078   30.774000  4.794793e+02  2.717368e+02 
   68.078   31.269001  4.797026e+02  2.717144e+02 
   68.078   31.765001  4.799188e+02  2.716921e+02 
   68.078   32.261002  4.801296e+02  2.716698e+02 
   68.078   32.757000  4.803370e+02  2.716476e+02 
   68.078   33.251999  4.805423e+02  2.716258e+02 
   68.078   33.748001  4.807479e+02  2.716045e+02 
   68.078   34.243999  4.809545e+02  2.715842e+02 
   68.078   34.740002  4.811640e+02  2.715649e+02 
   68.078   35.235001  4.813770e+02  2.715468e+02 
   68.078   35.730999  4.815956e+02  2.715298e+02 
   68.078   36.227001  4.818197e+02  2.715139e+02 
   68.078   36.723000  4.820494e+02  2.714990e+02 
   68.078   37.218002  4.822840e+02  2.714850e+02 
   68.078   37.714001  4.825234e+02  2.714721e+02 
   68.078   38.209999  4.827662e+02  2.714600e+02 
   68.078   38.706001  4.830103e+02  2.714489e+02 
   68.078   39.201000  4.832536e+02  2.714388e+02 
   68.078   39.697002  4.834948e+02  2.714297e+02 
   68.078   40.197002  4.837301e+02  2.714226e+02 
   68.078   45.197002  4.855887e+02  2.713963e+02 
   68.078   50.197002  4.862962e+02  2.713965e+02 
   68.078   55.197002  4.865424e+02  2.714012e+02 
   68.078   60.197002  4.872686e+02  2.714055e+02 
   68.078   65.196999  4.884966e+02  2.714085e+02 
