   68.019    0.000000  1.820121e-11  6.727015e+00 
   68.019    0.103000  1.829890e-11  6.828561e+00 
   68.019    0.206000  1.839527e-11  6.932021e+00 
   68.019    0.309000  1.849091e-11  7.036178e+00 
   68.019    0.412000  1.858622e-11  7.140409e+00 
   68.019    0.514000  1.868061e-11  7.243294e+00 
   68.019    0.617000  2.352864e-11  9.080874e+00 
   68.019    0.720000  3.304970e-11  1.167382e+01 
   68.019    0.823000  4.879179e-11  1.454449e+01 
   68.019    0.926000  7.758417e-11  1.784981e+01 
   68.019    1.029000  1.336768e-10  2.161220e+01 
   68.019    1.132000  2.467954e-10  2.574067e+01 
   68.019    1.235000  4.854310e-10  3.018865e+01 
   68.019    1.338000  1.007743e-09  3.488933e+01 
   68.019    1.440000  2.181027e-09  3.976261e+01 
   68.019    1.543000  4.957032e-09  4.485369e+01 
   68.019    1.646000  1.177152e-08  5.014281e+01 
   68.019    1.749000  2.964239e-08  5.575282e+01 
   68.019    1.852000  3.091929e-08  5.598032e+01 
   68.019    1.955000  1.589094e-06  7.385265e+01 
   68.019    2.058000  5.089363e-05  9.047942e+01 
   68.019    2.161000  9.541511e-04  1.058647e+02 
   68.019    2.264000  9.666229e-03  1.196228e+02 
   68.019    2.366000  5.537172e-02  1.315630e+02 
   68.019    2.469000  7.239043e-02  1.336671e+02 
   68.019    2.572000  1.427514e-01  1.398284e+02 
   68.019    2.675000  3.937283e-01  1.496205e+02 
   68.019    2.778000  1.962165e+00  1.672733e+02 
   68.019    2.881000  2.633312e+01  2.047382e+02 
   68.019    2.984000  3.152706e+01  2.074988e+02 
   68.019    3.087000  3.682632e+01  2.100376e+02 
   68.019    3.190000  4.196486e+01  2.122639e+02 
   68.019    3.292000  4.809700e+01  2.147027e+02 
   68.019    3.395000  5.483989e+01  2.171340e+02 
   68.019    3.498000  6.230360e+01  2.195785e+02 
   68.019    3.601000  7.027684e+01  2.219514e+02 
   68.019    3.704000  7.864324e+01  2.242229e+02 
   68.019    3.807000  8.730700e+01  2.263805e+02 
   68.019    3.910000  9.683278e+01  2.285677e+02 
   68.019    4.013000  1.074783e+02  2.308191e+02 
   68.019    4.116000  1.196615e+02  2.331850e+02 
   68.019    4.218000  1.337481e+02  2.356843e+02 
   68.019    4.321000  1.501601e+02  2.383272e+02 
   68.019    4.424000  1.683676e+02  2.409772e+02 
   68.019    4.527000  1.900197e+02  2.438163e+02 
   68.019    4.630000  2.130627e+02  2.465269e+02 
   68.019    4.733000  2.378436e+02  2.491502e+02 
   68.019    4.836000  2.617990e+02  2.514403e+02 
   68.019    4.939000  2.827163e+02  2.532685e+02 
   68.019    5.042000  2.989381e+02  2.545878e+02 
   68.019    5.145000  3.122733e+02  2.556186e+02 
   68.019    5.247000  3.221399e+02  2.563535e+02 
   68.019    5.350000  3.302711e+02  2.569470e+02 
   68.019    5.453000  3.351418e+02  2.572978e+02 
   68.019    5.556000  3.431793e+02  2.578829e+02 
   68.019    5.659000  3.470376e+02  2.581646e+02 
   68.019    5.762000  3.522239e+02  2.585463e+02 
   68.019    5.865000  3.562981e+02  2.588514e+02 
   68.019    5.968000  3.604354e+02  2.591643e+02 
   68.019    6.071000  3.682846e+02  2.597318e+02 
   68.019    6.173000  3.719130e+02  2.600074e+02 
   68.019    6.276000  3.729942e+02  2.601099e+02 
   68.019    6.379000  3.740641e+02  2.602149e+02 
   68.019    6.482000  3.751240e+02  2.603219e+02 
   68.019    6.585000  3.761768e+02  2.604303e+02 
   68.019    6.688000  3.777943e+02  2.605771e+02 
   68.019    6.791000  3.794266e+02  2.607255e+02 
   68.019    6.894000  3.812903e+02  2.608892e+02 
   68.019    6.997000  3.832689e+02  2.610602e+02 
   68.019    7.099000  3.852520e+02  2.612313e+02 
   68.019    7.202000  3.887924e+02  2.615058e+02 
   68.019    7.305000  3.910452e+02  2.616987e+02 
   68.019    7.408000  3.933028e+02  2.618948e+02 
   68.019    7.511000  3.951758e+02  2.620693e+02 
   68.019    7.614000  3.969190e+02  2.622399e+02 
   68.019    7.717000  3.986371e+02  2.624121e+02 
   68.019    7.820000  4.009700e+02  2.626243e+02 
   68.019    7.923000  4.026461e+02  2.627957e+02 
   68.019    8.025001  4.044573e+02  2.629757e+02 
   68.019    8.128000  4.068740e+02  2.631930e+02 
   68.019    8.231001  4.084249e+02  2.633552e+02 
   68.019    8.334001  4.103439e+02  2.635391e+02 
   68.019    8.437000  4.123976e+02  2.637297e+02 
   68.019    8.540000  4.141637e+02  2.639013e+02 
   68.019    8.643001  4.165070e+02  2.641058e+02 
   68.019    8.746000  4.195067e+02  2.643443e+02 
   68.019    8.849000  4.226719e+02  2.645892e+02 
   68.019    8.951000  4.237668e+02  2.647411e+02 
   68.019    9.054001  4.250226e+02  2.649097e+02 
   68.019    9.157001  4.320444e+02  2.656938e+02 
   68.019    9.260000  4.351588e+02  2.660461e+02 
   68.019    9.363001  4.367272e+02  2.662343e+02 
   68.019    9.466001  4.372022e+02  2.663089e+02 
   68.019    9.569000  4.418713e+02  2.668007e+02 
   68.019    9.672001  4.423614e+02  2.668706e+02 
   68.019    9.775001  4.428214e+02  2.669396e+02 
   68.019    9.877001  4.432748e+02  2.670062e+02 
   68.019    9.980000  4.437299e+02  2.670717e+02 
   68.019   10.083000  4.441801e+02  2.671355e+02 
   68.019   10.186001  4.446552e+02  2.671970e+02 
   68.019   10.289001  4.451209e+02  2.672571e+02 
   68.019   10.392000  4.455779e+02  2.673160e+02 
   68.019   10.495001  4.460269e+02  2.673738e+02 
   68.019   10.598001  4.464683e+02  2.674304e+02 
   68.019   10.701000  4.469024e+02  2.674861e+02 
   68.019   10.804001  4.473304e+02  2.675408e+02 
   68.019   10.906000  4.477483e+02  2.675941e+02 
   68.019   11.009001  4.481645e+02  2.676472e+02 
   68.019   11.112000  4.485755e+02  2.676995e+02 
   68.019   11.215000  4.489814e+02  2.677511e+02 
   68.019   11.318001  4.493822e+02  2.678021e+02 
   68.019   11.421000  4.497778e+02  2.678526e+02 
   68.019   11.524000  4.501683e+02  2.679025e+02 
   68.019   11.627001  4.505535e+02  2.679518e+02 
   68.019   11.730000  4.509330e+02  2.680006e+02 
   68.019   11.832001  4.513031e+02  2.680485e+02 
   68.019   11.935000  4.516711e+02  2.680964e+02 
   68.019   12.038000  4.520337e+02  2.681436e+02 
   68.019   12.141001  4.523911e+02  2.681903e+02 
   68.019   12.244000  4.527434e+02  2.682365e+02 
   68.019   12.347000  4.530909e+02  2.682819e+02 
   68.019   12.450001  4.534339e+02  2.683268e+02 
   68.019   12.553000  4.537722e+02  2.683709e+02 
   68.019   12.656000  4.541060e+02  2.684145e+02 
   68.019   12.758000  4.544324e+02  2.684568e+02 
   68.019   12.861000  4.547580e+02  2.684990e+02 
   68.019   12.964001  4.550798e+02  2.685404e+02 
   68.019   13.067000  4.553980e+02  2.685811e+02 
   68.019   13.170000  4.557125e+02  2.686209e+02 
   68.019   13.273001  4.560234e+02  2.686601e+02 
   68.019   13.376000  4.563308e+02  2.686983e+02 
   68.019   13.479000  4.566348e+02  2.687356e+02 
   68.019   13.582001  4.569355e+02  2.687721e+02 
   68.019   13.684000  4.572300e+02  2.688072e+02 
   68.019   13.787001  4.575244e+02  2.688416e+02 
   68.019   13.890000  4.578156e+02  2.688750e+02 
   68.019   13.993000  4.581036e+02  2.689075e+02 
   68.019   14.096001  4.583885e+02  2.689390e+02 
   68.019   14.199000  4.586703e+02  2.689695e+02 
   68.019   14.302000  4.589489e+02  2.689992e+02 
   68.019   14.405001  4.592241e+02  2.690282e+02 
   68.019   14.508000  4.594960e+02  2.690565e+02 
   68.019   14.610001  4.597619e+02  2.690839e+02 
   68.019   14.713000  4.600271e+02  2.691109e+02 
   68.019   14.816000  4.602890e+02  2.691374e+02 
   68.019   14.919001  4.605476e+02  2.691634e+02 
   68.019   15.022000  4.608030e+02  2.691888e+02 
   68.019   15.125000  4.610553e+02  2.692137e+02 
   68.019   15.228001  4.613045e+02  2.692381e+02 
   68.019   15.331000  4.615506e+02  2.692619e+02 
   68.019   15.434000  4.617936e+02  2.692853e+02 
   68.019   15.537001  4.620337e+02  2.693082e+02 
   68.019   15.639001  4.622685e+02  2.693304e+02 
   68.019   15.742001  4.625027e+02  2.693523e+02 
   68.019   15.845000  4.627341e+02  2.693737e+02 
   68.019   15.948001  4.629629e+02  2.693947e+02 
   68.019   16.050999  4.631891e+02  2.694151e+02 
   68.019   16.153999  4.634130e+02  2.694351e+02 
   68.019   16.257000  4.636345e+02  2.694544e+02 
   68.019   16.359999  4.638537e+02  2.694733e+02 
   68.019   16.462999  4.640706e+02  2.694915e+02 
   68.019   16.564999  4.642833e+02  2.695091e+02 
   68.019   16.667999  4.644960e+02  2.695262e+02 
   68.019   16.771000  4.647068e+02  2.695425e+02 
   68.019   16.873999  4.649160e+02  2.695581e+02 
   68.019   16.976999  4.651234e+02  2.695729e+02 
   68.019   17.080000  4.653293e+02  2.695869e+02 
   68.019   17.182999  4.655341e+02  2.695999e+02 
   68.019   17.285999  4.657376e+02  2.696120e+02 
   68.019   17.389000  4.659398e+02  2.696231e+02 
   68.019   17.490999  4.661388e+02  2.696333e+02 
   68.019   17.594000  4.663385e+02  2.696428e+02 
   68.019   17.696999  4.665368e+02  2.696515e+02 
   68.019   17.799999  4.667337e+02  2.696595e+02 
   68.019   17.903000  4.669289e+02  2.696669e+02 
   68.019   18.005999  4.671225e+02  2.696737e+02 
   68.019   18.108999  4.673145e+02  2.696800e+02 
   68.019   18.212000  4.675049e+02  2.696856e+02 
   68.019   18.314999  4.676938e+02  2.696908e+02 
   68.019   18.417000  4.678792e+02  2.696955e+02 
   68.019   18.519999  4.680648e+02  2.696996e+02 
   68.019   18.622999  4.682490e+02  2.697032e+02 
   68.019   18.726000  4.684316e+02  2.697063e+02 
   68.019   18.828999  4.686128e+02  2.697089e+02 
   68.019   18.931999  4.687924e+02  2.697111e+02 
   68.019   19.035000  4.689706e+02  2.697127e+02 
   68.019   19.137999  4.691476e+02  2.697139e+02 
   68.019   19.240999  4.693231e+02  2.697146e+02 
   68.019   19.343000  4.694956e+02  2.697149e+02 
   68.019   19.445999  4.696686e+02  2.697147e+02 
   68.019   19.549000  4.698404e+02  2.697141e+02 
   68.019   19.652000  4.700108e+02  2.697130e+02 
   68.019   19.754999  4.701800e+02  2.697114e+02 
   68.019   19.858000  4.703480e+02  2.697094e+02 
   68.019   19.960999  4.705148e+02  2.697070e+02 
   68.019   20.063999  4.706806e+02  2.697040e+02 
   68.019   20.362999  4.711563e+02  2.696924e+02 
   68.019   20.858999  4.719226e+02  2.696665e+02 
   68.019   21.355000  4.726607e+02  2.696330e+02 
   68.019   21.850000  4.733678e+02  2.695938e+02 
   68.019   22.345999  4.740396e+02  2.695536e+02 
   68.019   22.841999  4.746693e+02  2.695165e+02 
   68.019   23.337999  4.752559e+02  2.694836e+02 
   68.019   23.833000  4.758040e+02  2.694529e+02 
   68.019   24.328999  4.763220e+02  2.694225e+02 
   68.019   24.824999  4.768094e+02  2.693925e+02 
   68.019   25.320999  4.772645e+02  2.693643e+02 
   68.019   25.816000  4.776882e+02  2.693382e+02 
   68.019   26.312000  4.780852e+02  2.693133e+02 
   68.019   26.807999  4.784567e+02  2.692892e+02 
   68.019   27.303999  4.788037e+02  2.692662e+02 
   68.019   27.799000  4.791272e+02  2.692441e+02 
   68.019   28.295000  4.794307e+02  2.692226e+02 
   68.019   28.791000  4.797163e+02  2.692013e+02 
   68.019   29.286999  4.799861e+02  2.691799e+02 
   68.019   29.782000  4.802416e+02  2.691584e+02 
   68.019   30.278000  4.804853e+02  2.691366e+02 
   68.019   30.774000  4.807182e+02  2.691148e+02 
   68.019   31.269999  4.809422e+02  2.690929e+02 
   68.019   31.764999  4.811582e+02  2.690711e+02 
   68.019   32.260998  4.813693e+02  2.690493e+02 
   68.019   32.757000  4.815770e+02  2.690276e+02 
   68.019   33.252998  4.817831e+02  2.690062e+02 
   68.019   33.748001  4.819887e+02  2.689854e+02 
   68.019   34.243999  4.821960e+02  2.689655e+02 
   68.019   34.739998  4.824061e+02  2.689466e+02 
   68.019   35.236000  4.826202e+02  2.689288e+02 
   68.019   35.730999  4.828391e+02  2.689121e+02 
   68.019   36.227001  4.830639e+02  2.688965e+02 
   68.019   36.723000  4.832945e+02  2.688818e+02 
   68.019   37.218998  4.835304e+02  2.688681e+02 
   68.019   37.714001  4.837701e+02  2.688554e+02 
   68.019   38.209999  4.840134e+02  2.688436e+02 
   68.019   38.706001  4.842581e+02  2.688327e+02 
   68.019   39.202000  4.845025e+02  2.688227e+02 
   68.019   39.696999  4.847436e+02  2.688138e+02 
   68.019   40.196999  4.849792e+02  2.688069e+02 
   68.019   45.196999  4.868398e+02  2.687816e+02 
   68.019   50.196999  4.875478e+02  2.687822e+02 
   68.019   55.196999  4.877943e+02  2.687871e+02 
   68.019   60.196999  4.885240e+02  2.687914e+02 
   68.019   65.197006  4.897528e+02  2.687945e+02 
