   67.655    0.000000  0.000000e+00  1.218632e+00 
   67.655    0.102000  0.000000e+00  1.242157e+00 
   67.655    0.205000  0.000000e+00  1.265890e+00 
   67.655    0.308000  0.000000e+00  1.289489e+00 
   67.655    0.411000  0.000000e+00  1.312879e+00 
   67.655    0.514000  0.000000e+00  1.336060e+00 
   67.655    0.617000  0.000000e+00  5.764913e+00 
   67.655    0.720000  0.000000e+00  1.207547e+01 
   67.655    0.823000  0.000000e+00  2.003441e+01 
   67.655    0.926000  0.000000e+00  2.953187e+01 
   67.655    1.028000  0.000000e+00  4.036575e+01 
   67.655    1.131000  0.000000e+00  5.268440e+01 
   67.655    1.234000  0.000000e+00  6.637894e+01 
   67.655    1.337000  0.000000e+00  8.146177e+01 
   67.655    1.440000  0.000000e+00  9.797141e+01 
   67.655    1.543000  0.000000e+00  1.160517e+02 
   67.655    1.646000  3.643376e-43  1.358916e+02 
   67.655    1.749000  1.767371e-31  1.578318e+02 
   67.655    1.852000  1.195563e-29  1.628913e+02 
   67.655    1.954000  5.721814e-25  1.765940e+02 
   67.655    2.057000  4.975198e-21  1.887358e+02 
   67.655    2.160000  2.889416e-18  1.976592e+02 
   67.655    2.263000  8.804716e-17  2.025843e+02 
   67.655    2.366000  4.670892e-16  2.049930e+02 
   67.655    2.469000  1.124100e-15  2.062359e+02 
   67.655    2.572000  1.877694e-15  2.069397e+02 
   67.655    2.675000  6.546814e-13  2.147897e+02 
   67.655    2.778000  4.375438e-10  2.237611e+02 
   67.655    2.880000  4.769450e-07  2.343938e+02 
   67.655    2.983000  6.895888e-04  2.487301e+02 
   67.655    3.086000  9.733649e-01  2.773686e+02 
   67.655    3.189000  9.935375e-01  2.772053e+02 
   67.655    3.292000  1.004245e+00  2.770258e+02 
   67.655    3.395000  1.010717e+00  2.768499e+02 
   67.655    3.498000  1.017211e+00  2.766981e+02 
   67.655    3.601000  1.021425e+00  2.765513e+02 
   67.655    3.704000  1.025621e+00  2.764209e+02 
   67.655    3.806000  1.029760e+00  2.763058e+02 
   67.655    3.909000  1.037424e+00  2.762260e+02 
   67.655    4.012000  1.048213e+00  2.761787e+02 
   67.655    4.115000  1.068123e+00  2.762042e+02 
   67.655    4.218000  1.111272e+00  2.763945e+02 
   67.655    4.321000  1.194158e+00  2.768408e+02 
   67.655    4.424000  1.335403e+00  2.776124e+02 
   67.655    4.527000  1.548270e+00  2.787019e+02 
   67.655    4.630000  1.837816e+00  2.800348e+02 
   67.655    4.732000  2.214583e+00  2.815620e+02 
   67.655    4.835000  2.726409e+00  2.833641e+02 
   67.655    4.938000  3.454362e+00  2.855467e+02 
   67.655    5.041000  4.516218e+00  2.881899e+02 
   67.655    5.144000  6.083508e+00  2.913471e+02 
   67.655    5.247000  8.564446e+00  2.952740e+02 
   67.655    5.350000  1.203873e+01  2.995164e+02 
   67.655    5.453000  1.750101e+01  3.045979e+02 
   67.655    5.556000  2.540551e+01  3.101026e+02 
   67.655    5.658000  3.538570e+01  3.153706e+02 
   67.655    5.761000  4.824904e+01  3.206278e+02 
   67.655    5.864000  6.425014e+01  3.257649e+02 
   67.655    5.967000  8.349550e+01  3.306969e+02 
   67.655    6.070000  1.058263e+02  3.353396e+02 
   67.655    6.173000  1.314717e+02  3.397333e+02 
   67.655    6.276000  1.636169e+02  3.442849e+02 
   67.655    6.379000  2.023286e+02  3.487787e+02 
   67.655    6.482000  2.480982e+02  3.531106e+02 
   67.655    6.585000  2.952918e+02  3.567593e+02 
   67.655    6.687000  3.309572e+02  3.590830e+02 
   67.655    6.790000  3.568345e+02  3.605679e+02 
   67.655    6.893000  3.577935e+02  3.605694e+02 
   67.655    6.996000  3.587621e+02  3.605786e+02 
   67.655    7.099000  3.597356e+02  3.605941e+02 
   67.655    7.202000  3.606826e+02  3.606175e+02 
   67.655    7.305000  3.615662e+02  3.606494e+02 
   67.655    7.408000  3.623828e+02  3.606876e+02 
   67.655    7.511000  3.692041e+02  3.610916e+02 
   67.655    7.613000  3.745578e+02  3.614115e+02 
   67.655    7.716000  3.833112e+02  3.619158e+02 
   67.655    7.819000  3.921147e+02  3.624051e+02 
   67.655    7.921999  3.980238e+02  3.627303e+02 
   67.655    8.025001  4.035402e+02  3.630278e+02 
   67.655    8.128000  4.120208e+02  3.634579e+02 
   67.655    8.231000  4.202537e+02  3.638575e+02 
   67.655    8.334001  4.272232e+02  3.641853e+02 
   67.655    8.437000  4.358418e+02  3.645687e+02 
   67.655    8.539001  4.443315e+02  3.649278e+02 
   67.655    8.642000  4.448604e+02  3.649674e+02 
   67.655    8.745000  4.453709e+02  3.650068e+02 
   67.655    8.848001  4.458659e+02  3.650458e+02 
   67.655    8.951000  4.463803e+02  3.650822e+02 
   67.655    9.054000  4.468885e+02  3.651173e+02 
   67.655    9.157001  4.473935e+02  3.651512e+02 
   67.655    9.260000  4.478998e+02  3.651834e+02 
   67.655    9.363000  4.483761e+02  3.652156e+02 
   67.655    9.465000  4.488474e+02  3.652459e+02 
   67.655    9.568000  4.493236e+02  3.652750e+02 
   67.655    9.671000  4.498002e+02  3.653025e+02 
   67.655    9.774000  4.502743e+02  3.653285e+02 
   67.655    9.877000  4.507418e+02  3.653533e+02 
   67.655    9.980000  4.512019e+02  3.653769e+02 
   67.655   10.083000  4.516538e+02  3.653993e+02 
   67.655   10.186000  4.521285e+02  3.654198e+02 
   67.655   10.289001  4.525920e+02  3.654395e+02 
   67.655   10.391001  4.530419e+02  3.654584e+02 
   67.655   10.494000  4.534897e+02  3.654769e+02 
   67.655   10.597000  4.539317e+02  3.654948e+02 
   67.655   10.700001  4.543676e+02  3.655123e+02 
   67.655   10.803000  4.547974e+02  3.655294e+02 
   67.655   10.906000  4.552211e+02  3.655462e+02 
   67.655   11.009000  4.556389e+02  3.655628e+02 
   67.655   11.112000  4.560511e+02  3.655792e+02 
   67.655   11.215000  4.564579e+02  3.655956e+02 
   67.655   11.317000  4.568553e+02  3.656117e+02 
   67.655   11.420000  4.572513e+02  3.656279e+02 
   67.655   11.523001  4.576421e+02  3.656442e+02 
   67.655   11.626000  4.580276e+02  3.656604e+02 
   67.655   11.729000  4.584077e+02  3.656766e+02 
   67.655   11.832001  4.587824e+02  3.656927e+02 
   67.655   11.935000  4.591518e+02  3.657087e+02 
   67.655   12.038000  4.595161e+02  3.657245e+02 
   67.655   12.141001  4.598753e+02  3.657402e+02 
   67.655   12.244000  4.602295e+02  3.657557e+02 
   67.655   12.346001  4.605755e+02  3.657708e+02 
   67.655   12.449000  4.609203e+02  3.657859e+02 
   67.655   12.552000  4.612603e+02  3.658006e+02 
   67.655   12.655001  4.615959e+02  3.658151e+02 
   67.655   12.758000  4.619271e+02  3.658292e+02 
   67.655   12.861000  4.622544e+02  3.658430e+02 
   67.655   12.964001  4.625778e+02  3.658564e+02 
   67.655   13.067000  4.628976e+02  3.658693e+02 
   67.655   13.170000  4.632137e+02  3.658818e+02 
   67.655   13.272000  4.635230e+02  3.658937e+02 
   67.655   13.375000  4.638318e+02  3.659052e+02 
   67.655   13.478001  4.641370e+02  3.659162e+02 
   67.655   13.581000  4.644386e+02  3.659266e+02 
   67.655   13.684000  4.647369e+02  3.659365e+02 
   67.655   13.787001  4.650319e+02  3.659457e+02 
   67.655   13.890000  4.653235e+02  3.659543e+02 
   67.655   13.993000  4.656119e+02  3.659622e+02 
   67.655   14.096001  4.658973e+02  3.659695e+02 
   67.655   14.198000  4.661769e+02  3.659760e+02 
   67.655   14.301001  4.664560e+02  3.659819e+02 
   67.655   14.404000  4.667321e+02  3.659873e+02 
   67.655   14.507000  4.670049e+02  3.659922e+02 
   67.655   14.610001  4.672745e+02  3.659966e+02 
   67.655   14.713000  4.675409e+02  3.660007e+02 
   67.655   14.816000  4.678040e+02  3.660045e+02 
   67.655   14.919001  4.680639e+02  3.660080e+02 
   67.655   15.022000  4.683206e+02  3.660112e+02 
   67.655   15.124001  4.685716e+02  3.660142e+02 
   67.655   15.227000  4.688219e+02  3.660170e+02 
   67.655   15.330000  4.690691e+02  3.660195e+02 
   67.655   15.433001  4.693133e+02  3.660218e+02 
   67.655   15.536000  4.695544e+02  3.660238e+02 
   67.655   15.639000  4.697925e+02  3.660255e+02 
   67.655   15.742001  4.700277e+02  3.660270e+02 
   67.655   15.845000  4.702600e+02  3.660283e+02 
   67.655   15.948000  4.704897e+02  3.660293e+02 
   67.655   16.050001  4.707146e+02  3.660301e+02 
   67.655   16.153000  4.709392e+02  3.660305e+02 
   67.655   16.256001  4.711615e+02  3.660308e+02 
   67.655   16.359001  4.713814e+02  3.660307e+02 
   67.655   16.462000  4.715991e+02  3.660302e+02 
   67.655   16.565001  4.718146e+02  3.660295e+02 
   67.655   16.668001  4.720279e+02  3.660284e+02 
   67.655   16.771000  4.722393e+02  3.660268e+02 
   67.655   16.874001  4.724488e+02  3.660246e+02 
   67.655   16.977001  4.726564e+02  3.660220e+02 
   67.655   17.079000  4.728604e+02  3.660187e+02 
   67.655   17.182001  4.730651e+02  3.660146e+02 
   67.655   17.285000  4.732685e+02  3.660096e+02 
   67.655   17.388000  4.734706e+02  3.660038e+02 
   67.655   17.491001  4.736715e+02  3.659971e+02 
   67.655   17.594000  4.738712e+02  3.659895e+02 
   67.655   17.697001  4.740698e+02  3.659812e+02 
   67.655   17.800001  4.742670e+02  3.659721e+02 
   67.655   17.903000  4.744627e+02  3.659625e+02 
   67.655   18.005001  4.746549e+02  3.659525e+02 
   67.655   18.108000  4.748473e+02  3.659420e+02 
   67.655   18.211000  4.750381e+02  3.659311e+02 
   67.655   18.314001  4.752273e+02  3.659197e+02 
   67.655   18.417000  4.754149e+02  3.659081e+02 
   67.655   18.520000  4.756008e+02  3.658960e+02 
   67.655   18.623001  4.757852e+02  3.658835e+02 
   67.655   18.726000  4.759681e+02  3.658706e+02 
   67.655   18.829000  4.761496e+02  3.658573e+02 
   67.655   18.931000  4.763278e+02  3.658438e+02 
   67.655   19.034000  4.765063e+02  3.658297e+02 
   67.655   19.137001  4.766836e+02  3.658152e+02 
   67.655   19.240000  4.768594e+02  3.658004e+02 
   67.655   19.343000  4.770340e+02  3.657852e+02 
   67.655   19.446001  4.772072e+02  3.657697e+02 
   67.655   19.549000  4.773792e+02  3.657539e+02 
   67.655   19.652000  4.775498e+02  3.657378e+02 
   67.655   19.755001  4.777192e+02  3.657213e+02 
   67.655   19.857000  4.778857e+02  3.657047e+02 
   67.655   19.960001  4.780525e+02  3.656876e+02 
   67.655   20.063000  4.782185e+02  3.656699e+02 
   67.655   20.363001  4.786968e+02  3.656157e+02 
   67.655   20.858000  4.794631e+02  3.655212e+02 
   67.655   21.354000  4.802028e+02  3.654210e+02 
   67.655   21.850000  4.809138e+02  3.653168e+02 
   67.655   22.346001  4.815897e+02  3.652141e+02 
   67.655   22.841000  4.822235e+02  3.651183e+02 
   67.655   23.337000  4.828157e+02  3.650307e+02 
   67.655   23.833000  4.833689e+02  3.649498e+02 
   67.655   24.329000  4.838891e+02  3.648729e+02 
   67.655   24.823999  4.843779e+02  3.647993e+02 
   67.655   25.320000  4.848360e+02  3.647299e+02 
   67.655   25.816000  4.852632e+02  3.646656e+02 
   67.655   26.312000  4.856623e+02  3.646053e+02 
   67.655   26.807001  4.860352e+02  3.645482e+02 
   67.655   27.302999  4.863846e+02  3.644941e+02 
   67.655   27.799000  4.867107e+02  3.644432e+02 
   67.655   28.295000  4.870155e+02  3.643948e+02 
   67.655   28.790001  4.873015e+02  3.643485e+02 
   67.655   29.286001  4.875722e+02  3.643036e+02 
   67.655   29.782000  4.878293e+02  3.642596e+02 
   67.655   30.278000  4.880742e+02  3.642165e+02 
   67.655   30.773001  4.883083e+02  3.641743e+02 
   67.655   31.269001  4.885342e+02  3.641329e+02 
   67.655   31.764999  4.887528e+02  3.640924e+02 
   67.655   32.260998  4.889668e+02  3.640526e+02 
   67.655   32.755997  4.891772e+02  3.640139e+02 
   67.655   33.251999  4.893866e+02  3.639764e+02 
   67.655   33.747997  4.895959e+02  3.639405e+02 
   67.655   34.243999  4.898065e+02  3.639065e+02 
   67.655   34.738998  4.900198e+02  3.638746e+02 
   67.655   35.234997  4.902376e+02  3.638446e+02 
   67.655   35.730999  4.904607e+02  3.638165e+02 
   67.655   36.226997  4.906896e+02  3.637903e+02 
   67.655   36.722000  4.909238e+02  3.637658e+02 
   67.655   37.217999  4.911638e+02  3.637429e+02 
   67.655   37.713997  4.914081e+02  3.637216e+02 
   67.655   38.209999  4.916553e+02  3.637017e+02 
   67.655   38.704998  4.919030e+02  3.636834e+02 
   67.655   39.201000  4.921503e+02  3.636666e+02 
   67.655   39.696999  4.923945e+02  3.636512e+02 
   67.655   40.196999  4.926325e+02  3.636389e+02 
   67.655   45.196999  4.945036e+02  3.635815e+02 
   67.655   50.196999  4.952129e+02  3.635692e+02 
   67.655   55.196999  4.954619e+02  3.635684e+02 
   67.655   60.196999  4.962120e+02  3.635700e+02 
   67.655   65.196999  4.974470e+02  3.635716e+02 
