    0.000    0.000000  0.000000e+00  3.488977e+02 
    0.000    0.103000  0.000000e+00  3.481735e+02 
    0.000    0.206000  0.000000e+00  3.468397e+02 
    0.000    0.309000  0.000000e+00  3.454377e+02 
    0.000    0.412000  0.000000e+00  3.437884e+02 
    0.000    0.514000  0.000000e+00  3.422753e+02 
    0.000    0.617000  0.000000e+00  3.408038e+02 
    0.000    0.720000  0.000000e+00  3.392264e+02 
    0.000    0.823000  0.000000e+00  3.377611e+02 
    0.000    0.926000  0.000000e+00  3.362561e+02 
    0.000    1.029000  0.000000e+00  3.346906e+02 
    0.000    1.132000  0.000000e+00  3.332325e+02 
    0.000    1.235000  0.000000e+00  3.316780e+02 
    0.000    1.338000  0.000000e+00  3.301498e+02 
    0.000    1.441000  0.000000e+00  3.285963e+02 
    0.000    1.543000  0.000000e+00  3.269763e+02 
    0.000    1.646000  0.000000e+00  3.255489e+02 
    0.000    1.749000  0.000000e+00  3.241678e+02 
    0.000    1.852000  0.000000e+00  3.226711e+02 
    0.000    1.955000  0.000000e+00  3.206173e+02 
    0.000    2.058000  0.000000e+00  3.155422e+02 
    0.000    2.161000  0.000000e+00  3.142063e+02 
    0.000    2.264000  0.000000e+00  3.128871e+02 
    0.000    2.367000  0.000000e+00  3.116025e+02 
    0.000    2.469000  0.000000e+00  3.103142e+02 
    0.000    2.572000  0.000000e+00  3.089847e+02 
    0.000    2.675000  0.000000e+00  3.076249e+02 
    0.000    2.778000  0.000000e+00  3.062345e+02 
    0.000    2.881000  0.000000e+00  3.048395e+02 
    0.000    2.984000  0.000000e+00  3.034553e+02 
    0.000    3.087000  0.000000e+00  3.020828e+02 
    0.000    3.190000  0.000000e+00  3.007177e+02 
    0.000    3.293000  0.000000e+00  2.993646e+02 
    0.000    3.395000  0.000000e+00  2.980373e+02 
    0.000    3.498000  0.000000e+00  2.967169e+02 
    0.000    3.601000  0.000000e+00  2.954222e+02 
    0.000    3.704000  0.000000e+00  2.941551e+02 
    0.000    3.807000  0.000000e+00  2.929091e+02 
    0.000    3.910000  0.000000e+00  2.916599e+02 
    0.000    4.013000  0.000000e+00  2.904172e+02 
    0.000    4.116000  0.000000e+00  2.891847e+02 
    0.000    4.219000  0.000000e+00  2.879642e+02 
    0.000    4.321000  0.000000e+00  2.867689e+02 
    0.000    4.424000  0.000000e+00  2.855641e+02 
    0.000    4.527000  0.000000e+00  2.843700e+02 
    0.000    4.630000  0.000000e+00  2.831887e+02 
    0.000    4.733000  0.000000e+00  2.820105e+02 
    0.000    4.836000  0.000000e+00  2.808454e+02 
    0.000    4.939000  0.000000e+00  2.796925e+02 
    0.000    5.042000  0.000000e+00  2.785512e+02 
    0.000    5.145000  0.000000e+00  2.774276e+02 
    0.000    5.247000  0.000000e+00  2.763231e+02 
    0.000    5.350000  0.000000e+00  2.752238e+02 
    0.000    5.453000  0.000000e+00  2.741441e+02 
    0.000    5.556000  0.000000e+00  2.730796e+02 
    0.000    5.659000  0.000000e+00  2.720335e+02 
    0.000    5.762000  0.000000e+00  2.710058e+02 
    0.000    5.865000  0.000000e+00  2.699943e+02 
    0.000    5.968000  0.000000e+00  2.690015e+02 
    0.000    6.071000  0.000000e+00  2.680283e+02 
    0.000    6.173000  0.000000e+00  2.670807e+02 
    0.000    6.276000  0.000000e+00  2.661425e+02 
    0.000    6.379000  0.000000e+00  2.652321e+02 
    0.000    6.482000  0.000000e+00  2.643437e+02 
    0.000    6.585000  0.000000e+00  2.634810e+02 
    0.000    6.688000  0.000000e+00  2.626631e+02 
    0.000    6.791000  0.000000e+00  2.618792e+02 
    0.000    6.894000  0.000000e+00  2.611513e+02 
    0.000    6.997000  0.000000e+00  2.604958e+02 
    0.000    7.099000  0.000000e+00  2.598979e+02 
    0.000    7.202000  0.000000e+00  2.594099e+02 
    0.000    7.305000  0.000000e+00  2.590290e+02 
    0.000    7.408000  0.000000e+00  2.587157e+02 
    0.000    7.511000  0.000000e+00  2.585152e+02 
    0.000    7.614000  0.000000e+00  2.583901e+02 
    0.000    7.717000  0.000000e+00  2.583009e+02 
    0.000    7.820000  0.000000e+00  2.582228e+02 
    0.000    7.923000  0.000000e+00  2.581550e+02 
    0.000    8.026000  0.000000e+00  2.580721e+02 
    0.000    8.128000  0.000000e+00  2.579514e+02 
    0.000    8.231000  0.000000e+00  2.578073e+02 
    0.000    8.334001  0.000000e+00  2.576458e+02 
    0.000    8.437000  0.000000e+00  2.574702e+02 
    0.000    8.540000  0.000000e+00  2.572869e+02 
    0.000    8.643001  0.000000e+00  2.571031e+02 
    0.000    8.746000  0.000000e+00  2.569200e+02 
    0.000    8.849000  0.000000e+00  2.567367e+02 
    0.000    8.952001  0.000000e+00  2.565628e+02 
    0.000    9.054000  0.000000e+00  2.563973e+02 
    0.000    9.157001  0.000000e+00  2.562363e+02 
    0.000    9.260000  0.000000e+00  2.561014e+02 
    0.000    9.363000  0.000000e+00  2.559856e+02 
    0.000    9.466001  0.000000e+00  2.558815e+02 
    0.000    9.569000  0.000000e+00  2.557903e+02 
    0.000    9.672000  0.000000e+00  2.557090e+02 
    0.000    9.775001  0.000000e+00  2.556348e+02 
    0.000    9.878000  0.000000e+00  2.555654e+02 
    0.000    9.980000  0.000000e+00  2.555013e+02 
    0.000   10.083000  0.000000e+00  2.554371e+02 
    0.000   10.186000  0.000000e+00  2.553670e+02 
    0.000   10.289001  0.000000e+00  2.552936e+02 
    0.000   10.392000  0.000000e+00  2.552239e+02 
    0.000   10.495000  0.000000e+00  2.551655e+02 
    0.000   10.598001  0.000000e+00  2.551158e+02 
    0.000   10.701000  0.000000e+00  2.550665e+02 
    0.000   10.804000  0.000000e+00  2.550056e+02 
    0.000   10.906000  0.000000e+00  2.549379e+02 
    0.000   11.009000  0.000000e+00  2.548645e+02 
    0.000   11.112000  0.000000e+00  2.547816e+02 
    0.000   11.215000  0.000000e+00  2.546922e+02 
    0.000   11.318000  0.000000e+00  2.545992e+02 
    0.000   11.421000  0.000000e+00  2.545008e+02 
    0.000   11.524000  0.000000e+00  2.543987e+02 
    0.000   11.627000  0.000000e+00  2.542948e+02 
    0.000   11.730000  0.000000e+00  2.541892e+02 
    0.000   11.832001  0.000000e+00  2.540834e+02 
    0.000   11.935000  0.000000e+00  2.539762e+02 
    0.000   12.038000  0.000000e+00  2.538730e+02 
    0.000   12.141001  0.000000e+00  2.537729e+02 
    0.000   12.244000  0.000000e+00  2.536749e+02 
    0.000   12.347000  0.000000e+00  2.535826e+02 
    0.000   12.450001  0.000000e+00  2.534957e+02 
    0.000   12.553000  0.000000e+00  2.534122e+02 
    0.000   12.656000  0.000000e+00  2.533324e+02 
    0.000   12.758000  0.000000e+00  2.532566e+02 
    0.000   12.861000  0.000000e+00  2.531825e+02 
    0.000   12.964001  0.000000e+00  2.531105e+02 
    0.000   13.067000  0.000000e+00  2.530403e+02 
    0.000   13.170000  0.000000e+00  2.529715e+02 
    0.000   13.273001  0.000000e+00  2.529037e+02 
    0.000   13.376000  0.000000e+00  2.528359e+02 
    0.000   13.479000  0.000000e+00  2.527683e+02 
    0.000   13.582001  0.000000e+00  2.527013e+02 
    0.000   13.685000  0.000000e+00  2.526346e+02 
    0.000   13.787001  0.000000e+00  2.525690e+02 
    0.000   13.890000  0.000000e+00  2.525033e+02 
    0.000   13.993000  0.000000e+00  2.524401e+02 
    0.000   14.096001  0.000000e+00  2.523791e+02 
    0.000   14.199000  0.000000e+00  2.523198e+02 
    0.000   14.302000  0.000000e+00  2.522627e+02 
    0.000   14.405001  0.000000e+00  2.522082e+02 
    0.000   14.508000  0.000000e+00  2.521556e+02 
    0.000   14.611000  0.000000e+00  2.521042e+02 
    0.000   14.713000  0.000000e+00  2.520530e+02 
    0.000   14.816000  0.000000e+00  2.520014e+02 
    0.000   14.919001  0.000000e+00  2.519504e+02 
    0.000   15.022000  0.000000e+00  2.518999e+02 
    0.000   15.125000  0.000000e+00  2.518501e+02 
    0.000   15.228001  0.000000e+00  2.518010e+02 
    0.000   15.331000  0.000000e+00  2.517516e+02 
    0.000   15.434000  0.000000e+00  2.517012e+02 
    0.000   15.537001  0.000000e+00  2.516505e+02 
    0.000   15.639000  0.000000e+00  2.516002e+02 
    0.000   15.742001  0.000000e+00  2.515499e+02 
    0.000   15.845000  0.000000e+00  2.515000e+02 
    0.000   15.948000  0.000000e+00  2.514506e+02 
    0.000   16.051001  0.000000e+00  2.514042e+02 
    0.000   16.154001  0.000000e+00  2.513610e+02 
    0.000   16.257000  0.000000e+00  2.513201e+02 
    0.000   16.360001  0.000000e+00  2.512796e+02 
    0.000   16.462999  0.000000e+00  2.512375e+02 
    0.000   16.565001  0.000000e+00  2.511946e+02 
    0.000   16.668001  0.000000e+00  2.511509e+02 
    0.000   16.771000  0.000000e+00  2.511060e+02 
    0.000   16.874001  0.000000e+00  2.510601e+02 
    0.000   16.977001  0.000000e+00  2.510136e+02 
    0.000   17.080000  0.000000e+00  2.509669e+02 
    0.000   17.183001  0.000000e+00  2.509203e+02 
    0.000   17.286001  0.000000e+00  2.508737e+02 
    0.000   17.389000  0.000000e+00  2.508270e+02 
    0.000   17.491001  0.000000e+00  2.507811e+02 
    0.000   17.594000  0.000000e+00  2.507348e+02 
    0.000   17.697001  0.000000e+00  2.506888e+02 
    0.000   17.800001  0.000000e+00  2.506432e+02 
    0.000   17.903000  0.000000e+00  2.505984e+02 
    0.000   18.006001  0.000000e+00  2.505543e+02 
    0.000   18.109001  0.000000e+00  2.505107e+02 
    0.000   18.212000  0.000000e+00  2.504691e+02 
    0.000   18.315001  0.000000e+00  2.504293e+02 
    0.000   18.418001  0.000000e+00  2.503909e+02 
    0.000   18.520000  0.000000e+00  2.503542e+02 
    0.000   18.623001  0.000000e+00  2.503185e+02 
    0.000   18.726000  0.000000e+00  2.502841e+02 
    0.000   18.829000  0.000000e+00  2.502506e+02 
    0.000   18.932001  0.000000e+00  2.502180e+02 
    0.000   19.035000  0.000000e+00  2.501862e+02 
    0.000   19.138000  0.000000e+00  2.501552e+02 
    0.000   19.241001  0.000000e+00  2.501248e+02 
    0.000   19.344000  0.000000e+00  2.500945e+02 
    0.000   19.446001  0.000000e+00  2.500643e+02 
    0.000   19.549000  0.000000e+00  2.500338e+02 
    0.000   19.652000  0.000000e+00  2.500035e+02 
    0.000   19.755001  0.000000e+00  2.499722e+02 
    0.000   19.858000  0.000000e+00  2.499397e+02 
    0.000   19.961000  0.000000e+00  2.499066e+02 
    0.000   20.064001  0.000000e+00  2.498730e+02 
    0.000   20.363001  0.000000e+00  2.497746e+02 
    0.000   20.859001  0.000000e+00  2.496240e+02 
    0.000   21.355000  0.000000e+00  2.495001e+02 
    0.000   21.850000  0.000000e+00  2.493957e+02 
    0.000   22.346001  0.000000e+00  2.492984e+02 
    0.000   22.842001  0.000000e+00  2.492020e+02 
    0.000   23.337999  0.000000e+00  2.491066e+02 
    0.000   23.833000  0.000000e+00  2.490246e+02 
    0.000   24.329000  0.000000e+00  2.489704e+02 
    0.000   24.825001  0.000000e+00  2.489432e+02 
    0.000   25.321001  0.000000e+00  2.489346e+02 
    0.000   25.816000  0.000000e+00  2.489241e+02 
    0.000   26.312000  0.000000e+00  2.489124e+02 
    0.000   26.808001  0.000000e+00  2.489123e+02 
    0.000   27.304001  0.000000e+00  2.489231e+02 
    0.000   27.799000  0.000000e+00  2.489422e+02 
    0.000   28.295000  0.000000e+00  2.489707e+02 
    0.000   28.791000  0.000000e+00  2.490063e+02 
    0.000   29.287001  0.000000e+00  2.490443e+02 
    0.000   29.782000  0.000000e+00  2.490868e+02 
    0.000   30.278000  0.000000e+00  2.491370e+02 
    0.000   30.774000  0.000000e+00  2.491924e+02 
    0.000   31.270000  0.000000e+00  2.492494e+02 
    0.000   31.764999  0.000000e+00  2.493053e+02 
    0.000   32.260998  0.000000e+00  2.493610e+02 
    0.000   32.757000  0.000000e+00  2.494165e+02 
    0.000   33.252998  0.000000e+00  2.494711e+02 
    0.000   33.747997  0.000000e+00  2.495258e+02 
    0.000   34.243999  0.000000e+00  2.495816e+02 
    0.000   34.739998  0.000000e+00  2.496409e+02 
    0.000   35.236000  0.000000e+00  2.497032e+02 
    0.000   35.730999  0.000000e+00  2.497642e+02 
    0.000   36.226997  0.000000e+00  2.498232e+02 
    0.000   36.723000  0.000000e+00  2.498759e+02 
    0.000   37.218998  0.000000e+00  2.499230e+02 
    0.000   37.713997  0.000000e+00  2.499668e+02 
    0.000   38.209999  0.000000e+00  2.500081e+02 
    0.000   38.705997  0.000000e+00  2.500499e+02 
    0.000   39.202000  0.000000e+00  2.500931e+02 
    0.000   39.696999  0.000000e+00  2.501389e+02 
    0.000   40.196999  0.000000e+00  2.501886e+02 
    0.000   45.196999  0.000000e+00  2.506356e+02 
    0.000   50.196999  0.000000e+00  2.508597e+02 
    0.000   55.196999  0.000000e+00  2.508534e+02 
    0.000   60.196999  0.000000e+00  2.507866e+02 
    0.000   65.196999  0.000000e+00  2.507340e+02 
