    0.000    0.000000  0.000000e+00  3.505239e+02 
    0.000    0.103000  0.000000e+00  3.497206e+02 
    0.000    0.206000  0.000000e+00  3.485721e+02 
    0.000    0.308000  0.000000e+00  3.473008e+02 
    0.000    0.411000  0.000000e+00  3.459960e+02 
    0.000    0.514000  0.000000e+00  3.445966e+02 
    0.000    0.617000  0.000000e+00  3.431082e+02 
    0.000    0.720000  0.000000e+00  3.416157e+02 
    0.000    0.823000  0.000000e+00  3.400723e+02 
    0.000    0.926000  0.000000e+00  3.385307e+02 
    0.000    1.029000  0.000000e+00  3.369803e+02 
    0.000    1.132000  0.000000e+00  3.353692e+02 
    0.000    1.235000  0.000000e+00  3.337033e+02 
    0.000    1.337000  0.000000e+00  3.320752e+02 
    0.000    1.440000  0.000000e+00  3.303787e+02 
    0.000    1.543000  0.000000e+00  3.286013e+02 
    0.000    1.646000  0.000000e+00  3.268943e+02 
    0.000    1.749000  0.000000e+00  3.253820e+02 
    0.000    1.852000  0.000000e+00  3.177871e+02 
    0.000    1.955000  0.000000e+00  3.127468e+02 
    0.000    2.058000  0.000000e+00  3.088174e+02 
    0.000    2.161000  0.000000e+00  3.054165e+02 
    0.000    2.263000  0.000000e+00  3.044227e+02 
    0.000    2.366000  0.000000e+00  3.033362e+02 
    0.000    2.469000  0.000000e+00  3.021923e+02 
    0.000    2.572000  0.000000e+00  3.010019e+02 
    0.000    2.675000  0.000000e+00  2.997704e+02 
    0.000    2.778000  0.000000e+00  2.985016e+02 
    0.000    2.881000  0.000000e+00  2.972306e+02 
    0.000    2.984000  0.000000e+00  2.959812e+02 
    0.000    3.087000  0.000000e+00  2.947371e+02 
    0.000    3.189000  0.000000e+00  2.934674e+02 
    0.000    3.292000  0.000000e+00  2.921774e+02 
    0.000    3.395000  0.000000e+00  2.909030e+02 
    0.000    3.498000  0.000000e+00  2.896436e+02 
    0.000    3.601000  0.000000e+00  2.883911e+02 
    0.000    3.704000  0.000000e+00  2.871432e+02 
    0.000    3.807000  0.000000e+00  2.859026e+02 
    0.000    3.910000  0.000000e+00  2.846531e+02 
    0.000    4.013000  0.000000e+00  2.834047e+02 
    0.000    4.115000  0.000000e+00  2.821701e+02 
    0.000    4.218000  0.000000e+00  2.809325e+02 
    0.000    4.321000  0.000000e+00  2.797084e+02 
    0.000    4.424000  0.000000e+00  2.784936e+02 
    0.000    4.527000  0.000000e+00  2.772937e+02 
    0.000    4.630000  0.000000e+00  2.761079e+02 
    0.000    4.733000  0.000000e+00  2.749270e+02 
    0.000    4.836000  0.000000e+00  2.737618e+02 
    0.000    4.939000  0.000000e+00  2.726043e+02 
    0.000    5.041000  0.000000e+00  2.714489e+02 
    0.000    5.144000  0.000000e+00  2.702930e+02 
    0.000    5.247000  0.000000e+00  2.691404e+02 
    0.000    5.350000  0.000000e+00  2.679925e+02 
    0.000    5.453000  0.000000e+00  2.668090e+02 
    0.000    5.556000  0.000000e+00  2.656066e+02 
    0.000    5.659000  0.000000e+00  2.642563e+02 
    0.000    5.762000  0.000000e+00  2.626258e+02 
    0.000    5.865000  0.000000e+00  2.606591e+02 
    0.000    5.967000  0.000000e+00  2.583781e+02 
    0.000    6.070000  0.000000e+00  2.558369e+02 
    0.000    6.173000  0.000000e+00  2.530226e+02 
    0.000    6.276000  0.000000e+00  2.498925e+02 
    0.000    6.379000  0.000000e+00  2.466217e+02 
    0.000    6.482000  0.000000e+00  2.434618e+02 
    0.000    6.585000  0.000000e+00  2.411480e+02 
    0.000    6.688000  0.000000e+00  2.395269e+02 
    0.000    6.791000  0.000000e+00  2.385703e+02 
    0.000    6.893000  0.000000e+00  2.377072e+02 
    0.000    6.996000  0.000000e+00  2.369349e+02 
    0.000    7.099000  0.000000e+00  2.362162e+02 
    0.000    7.202000  0.000000e+00  2.356025e+02 
    0.000    7.305000  0.000000e+00  2.350810e+02 
    0.000    7.408000  0.000000e+00  2.346746e+02 
    0.000    7.511000  0.000000e+00  2.344056e+02 
    0.000    7.614000  0.000000e+00  2.342309e+02 
    0.000    7.717000  0.000000e+00  2.340665e+02 
    0.000    7.820000  0.000000e+00  2.339395e+02 
    0.000    7.922000  0.000000e+00  2.338636e+02 
    0.000    8.025001  0.000000e+00  2.337801e+02 
    0.000    8.128000  0.000000e+00  2.336673e+02 
    0.000    8.231001  0.000000e+00  2.334743e+02 
    0.000    8.334001  0.000000e+00  2.333112e+02 
    0.000    8.437000  0.000000e+00  2.331392e+02 
    0.000    8.540000  0.000000e+00  2.329501e+02 
    0.000    8.643001  0.000000e+00  2.327490e+02 
    0.000    8.746000  0.000000e+00  2.324655e+02 
    0.000    8.848001  0.000000e+00  2.322605e+02 
    0.000    8.951000  0.000000e+00  2.320500e+02 
    0.000    9.054001  0.000000e+00  2.318513e+02 
    0.000    9.157001  0.000000e+00  2.316320e+02 
    0.000    9.260000  0.000000e+00  2.314552e+02 
    0.000    9.363001  0.000000e+00  2.313727e+02 
    0.000    9.466001  0.000000e+00  2.312976e+02 
    0.000    9.569000  0.000000e+00  2.312280e+02 
    0.000    9.672001  0.000000e+00  2.311629e+02 
    0.000    9.774000  0.000000e+00  2.311053e+02 
    0.000    9.877001  0.000000e+00  2.310604e+02 
    0.000    9.980000  0.000000e+00  2.310251e+02 
    0.000   10.083000  0.000000e+00  2.309923e+02 
    0.000   10.186001  0.000000e+00  2.309544e+02 
    0.000   10.289001  0.000000e+00  2.309137e+02 
    0.000   10.392000  0.000000e+00  2.308737e+02 
    0.000   10.495001  0.000000e+00  2.308365e+02 
    0.000   10.598001  0.000000e+00  2.308017e+02 
    0.000   10.700001  0.000000e+00  2.307660e+02 
    0.000   10.803000  0.000000e+00  2.307224e+02 
    0.000   10.906000  0.000000e+00  2.306738e+02 
    0.000   11.009001  0.000000e+00  2.306208e+02 
    0.000   11.112000  0.000000e+00  2.305578e+02 
    0.000   11.215000  0.000000e+00  2.304880e+02 
    0.000   11.318001  0.000000e+00  2.304145e+02 
    0.000   11.421000  0.000000e+00  2.303383e+02 
    0.000   11.524000  0.000000e+00  2.302601e+02 
    0.000   11.626000  0.000000e+00  2.301814e+02 
    0.000   11.729000  0.000000e+00  2.300998e+02 
    0.000   11.832001  0.000000e+00  2.300170e+02 
    0.000   11.935000  0.000000e+00  2.299334e+02 
    0.000   12.038000  0.000000e+00  2.298486e+02 
    0.000   12.141001  0.000000e+00  2.297630e+02 
    0.000   12.244000  0.000000e+00  2.296771e+02 
    0.000   12.347000  0.000000e+00  2.295951e+02 
    0.000   12.450001  0.000000e+00  2.295171e+02 
    0.000   12.552000  0.000000e+00  2.294420e+02 
    0.000   12.655001  0.000000e+00  2.293703e+02 
    0.000   12.758000  0.000000e+00  2.293028e+02 
    0.000   12.861000  0.000000e+00  2.292383e+02 
    0.000   12.964001  0.000000e+00  2.291767e+02 
    0.000   13.067000  0.000000e+00  2.291181e+02 
    0.000   13.170000  0.000000e+00  2.290619e+02 
    0.000   13.273001  0.000000e+00  2.290073e+02 
    0.000   13.376000  0.000000e+00  2.289539e+02 
    0.000   13.479000  0.000000e+00  2.289016e+02 
    0.000   13.581000  0.000000e+00  2.288505e+02 
    0.000   13.684000  0.000000e+00  2.287990e+02 
    0.000   13.787001  0.000000e+00  2.287477e+02 
    0.000   13.890000  0.000000e+00  2.286969e+02 
    0.000   13.993000  0.000000e+00  2.286472e+02 
    0.000   14.096001  0.000000e+00  2.285987e+02 
    0.000   14.199000  0.000000e+00  2.285512e+02 
    0.000   14.302000  0.000000e+00  2.285047e+02 
    0.000   14.405001  0.000000e+00  2.284595e+02 
    0.000   14.507000  0.000000e+00  2.284156e+02 
    0.000   14.610001  0.000000e+00  2.283718e+02 
    0.000   14.713000  0.000000e+00  2.283278e+02 
    0.000   14.816000  0.000000e+00  2.282838e+02 
    0.000   14.919001  0.000000e+00  2.282400e+02 
    0.000   15.022000  0.000000e+00  2.281956e+02 
    0.000   15.125000  0.000000e+00  2.281506e+02 
    0.000   15.228001  0.000000e+00  2.281056e+02 
    0.000   15.331000  0.000000e+00  2.280605e+02 
    0.000   15.433001  0.000000e+00  2.280157e+02 
    0.000   15.536000  0.000000e+00  2.279706e+02 
    0.000   15.639001  0.000000e+00  2.279264e+02 
    0.000   15.742001  0.000000e+00  2.278862e+02 
    0.000   15.845000  0.000000e+00  2.278493e+02 
    0.000   15.948001  0.000000e+00  2.278144e+02 
    0.000   16.050999  0.000000e+00  2.277792e+02 
    0.000   16.153999  0.000000e+00  2.277433e+02 
    0.000   16.257000  0.000000e+00  2.277072e+02 
    0.000   16.358999  0.000000e+00  2.276701e+02 
    0.000   16.462000  0.000000e+00  2.276298e+02 
    0.000   16.564999  0.000000e+00  2.275873e+02 
    0.000   16.667999  0.000000e+00  2.275436e+02 
    0.000   16.771000  0.000000e+00  2.274998e+02 
    0.000   16.873999  0.000000e+00  2.274561e+02 
    0.000   16.976999  0.000000e+00  2.274124e+02 
    0.000   17.080000  0.000000e+00  2.273690e+02 
    0.000   17.182999  0.000000e+00  2.273262e+02 
    0.000   17.285000  0.000000e+00  2.272843e+02 
    0.000   17.387999  0.000000e+00  2.272423e+02 
    0.000   17.490999  0.000000e+00  2.272015e+02 
    0.000   17.594000  0.000000e+00  2.271618e+02 
    0.000   17.696999  0.000000e+00  2.271229e+02 
    0.000   17.799999  0.000000e+00  2.270850e+02 
    0.000   17.903000  0.000000e+00  2.270487e+02 
    0.000   18.005999  0.000000e+00  2.270137e+02 
    0.000   18.108999  0.000000e+00  2.269797e+02 
    0.000   18.212000  0.000000e+00  2.269470e+02 
    0.000   18.313999  0.000000e+00  2.269159e+02 
    0.000   18.417000  0.000000e+00  2.268855e+02 
    0.000   18.519999  0.000000e+00  2.268560e+02 
    0.000   18.622999  0.000000e+00  2.268268e+02 
    0.000   18.726000  0.000000e+00  2.267979e+02 
    0.000   18.828999  0.000000e+00  2.267695e+02 
    0.000   18.931999  0.000000e+00  2.267416e+02 
    0.000   19.035000  0.000000e+00  2.267144e+02 
    0.000   19.137999  0.000000e+00  2.266877e+02 
    0.000   19.240000  0.000000e+00  2.266617e+02 
    0.000   19.343000  0.000000e+00  2.266350e+02 
    0.000   19.445999  0.000000e+00  2.266074e+02 
    0.000   19.549000  0.000000e+00  2.265793e+02 
    0.000   19.652000  0.000000e+00  2.265510e+02 
    0.000   19.754999  0.000000e+00  2.265222e+02 
    0.000   19.858000  0.000000e+00  2.264931e+02 
    0.000   19.960999  0.000000e+00  2.264639e+02 
    0.000   20.063999  0.000000e+00  2.264344e+02 
    0.000   20.362999  0.000000e+00  2.263509e+02 
    0.000   20.858999  0.000000e+00  2.262250e+02 
    0.000   21.354000  0.000000e+00  2.261228e+02 
    0.000   21.850000  0.000000e+00  2.260340e+02 
    0.000   22.345999  0.000000e+00  2.259479e+02 
    0.000   22.841999  0.000000e+00  2.258584e+02 
    0.000   23.337000  0.000000e+00  2.257726e+02 
    0.000   23.833000  0.000000e+00  2.257028e+02 
    0.000   24.328999  0.000000e+00  2.256583e+02 
    0.000   24.824999  0.000000e+00  2.256404e+02 
    0.000   25.320000  0.000000e+00  2.256349e+02 
    0.000   25.816000  0.000000e+00  2.256304e+02 
    0.000   26.312000  0.000000e+00  2.256335e+02 
    0.000   26.807999  0.000000e+00  2.256413e+02 
    0.000   27.302999  0.000000e+00  2.256537e+02 
    0.000   27.799000  0.000000e+00  2.256742e+02 
    0.000   28.295000  0.000000e+00  2.257040e+02 
    0.000   28.791000  0.000000e+00  2.257383e+02 
    0.000   29.285999  0.000000e+00  2.257788e+02 
    0.000   29.782000  0.000000e+00  2.258259e+02 
    0.000   30.278000  0.000000e+00  2.258780e+02 
    0.000   30.774000  0.000000e+00  2.259329e+02 
    0.000   31.268999  0.000000e+00  2.259898e+02 
    0.000   31.764999  0.000000e+00  2.260484e+02 
    0.000   32.260998  0.000000e+00  2.261078e+02 
    0.000   32.757000  0.000000e+00  2.261671e+02 
    0.000   33.251999  0.000000e+00  2.262245e+02 
    0.000   33.748001  0.000000e+00  2.262819e+02 
    0.000   34.243999  0.000000e+00  2.263401e+02 
    0.000   34.739998  0.000000e+00  2.264006e+02 
    0.000   35.235001  0.000000e+00  2.264628e+02 
    0.000   35.730999  0.000000e+00  2.265227e+02 
    0.000   36.227001  0.000000e+00  2.265796e+02 
    0.000   36.723000  0.000000e+00  2.266321e+02 
    0.000   37.217999  0.000000e+00  2.266808e+02 
    0.000   37.714001  0.000000e+00  2.267256e+02 
    0.000   38.209999  0.000000e+00  2.267670e+02 
    0.000   38.706001  0.000000e+00  2.268086e+02 
    0.000   39.201000  0.000000e+00  2.268512e+02 
    0.000   39.696999  0.000000e+00  2.268970e+02 
    0.000   40.196999  0.000000e+00  2.269477e+02 
    0.000   45.196999  0.000000e+00  2.273969e+02 
    0.000   50.196999  0.000000e+00  2.276237e+02 
    0.000   55.196999  0.000000e+00  2.276178e+02 
    0.000   60.196999  0.000000e+00  2.275502e+02 
    0.000   65.197006  0.000000e+00  2.274980e+02 
