   68.027    0.000000  2.862089e-17  5.774703e+00 
   68.027    0.103000  2.877913e-17  5.863452e+00 
   68.027    0.206000  2.893545e-17  5.953711e+00 
   68.027    0.309000  2.909066e-17  6.044454e+00 
   68.027    0.412000  2.924542e-17  6.135199e+00 
   68.027    0.515000  2.940028e-17  6.225619e+00 
   68.027    0.617000  3.084770e-17  6.606353e+00 
   68.027    0.720000  3.381642e-17  7.286170e+00 
   68.027    0.823000  3.853493e-17  8.218922e+00 
   68.027    0.926000  4.555285e-17  9.377125e+00 
   68.027    1.029000  5.541385e-17  1.069934e+01 
   68.027    1.132000  6.917837e-17  1.216360e+01 
   68.027    1.235000  8.844566e-17  1.375443e+01 
   68.027    1.338000  1.155344e-16  1.545559e+01 
   68.027    1.441000  1.539180e-16  1.725543e+01 
   68.027    1.543000  2.081137e-16  1.912411e+01 
   68.027    1.646000  2.877592e-16  2.110832e+01 
   68.027    1.749000  4.036355e-16  2.315772e+01 
   68.027    1.852000  4.127203e-16  2.329910e+01 
   68.027    1.955000  3.423338e-14  4.002098e+01 
   68.027    2.058000  3.415182e-12  5.713705e+01 
   68.027    2.161000  3.460464e-10  7.441636e+01 
   68.027    2.264000  2.998448e-08  9.151962e+01 
   68.027    2.367000  1.999907e-06  1.083891e+02 
   68.027    2.469000  9.588612e-05  1.251996e+02 
   68.027    2.572000  3.712485e-03  1.433339e+02 
   68.027    2.675000  1.152911e-01  1.647996e+02 
   68.027    2.778000  2.872645e+00  1.941514e+02 
   68.027    2.881000  5.601438e+01  2.377630e+02 
   68.027    2.984000  6.113453e+01  2.389441e+02 
   68.027    3.087000  6.765071e+01  2.404888e+02 
   68.027    3.190000  7.691634e+01  2.426483e+02 
   68.027    3.293000  9.000069e+01  2.454758e+02 
   68.027    3.395000  1.015578e+02  2.477002e+02 
   68.027    3.498000  1.110325e+02  2.493584e+02 
   68.027    3.601000  1.187733e+02  2.506184e+02 
   68.027    3.704000  1.259817e+02  2.517378e+02 
   68.027    3.807000  1.336848e+02  2.528982e+02 
   68.027    3.910000  1.434521e+02  2.543291e+02 
   68.027    4.013000  1.562951e+02  2.561219e+02 
   68.027    4.116000  1.724274e+02  2.582198e+02 
   68.027    4.219000  1.913751e+02  2.604810e+02 
   68.027    4.321000  2.134598e+02  2.628800e+02 
   68.027    4.424000  2.370416e+02  2.651954e+02 
   68.027    4.527000  2.599837e+02  2.672377e+02 
   68.027    4.630000  2.786209e+02  2.687581e+02 
   68.027    4.733000  2.916636e+02  2.697511e+02 
   68.027    4.836000  3.026004e+02  2.705502e+02 
   68.027    4.939000  3.110934e+02  2.711485e+02 
   68.027    5.042000  3.153080e+02  2.714264e+02 
   68.027    5.145000  3.203106e+02  2.717686e+02 
   68.027    5.248000  3.242932e+02  2.720400e+02 
   68.027    5.350000  3.283563e+02  2.723226e+02 
   68.027    5.453000  3.326174e+02  2.726237e+02 
   68.027    5.556000  3.375049e+02  2.729726e+02 
   68.027    5.659000  3.418463e+02  2.732849e+02 
   68.027    5.762000  3.462739e+02  2.736055e+02 
   68.027    5.865000  3.518325e+02  2.740046e+02 
   68.027    5.968000  3.570849e+02  2.743813e+02 
   68.027    6.071000  3.624805e+02  2.747654e+02 
   68.027    6.174000  3.668799e+02  2.750819e+02 
   68.027    6.276000  3.679364e+02  2.751771e+02 
   68.027    6.379000  3.689919e+02  2.752755e+02 
   68.027    6.482000  3.700375e+02  2.753756e+02 
   68.027    6.585000  3.710762e+02  2.754770e+02 
   68.027    6.688000  3.721132e+02  2.755791e+02 
   68.027    6.791000  3.731490e+02  2.756817e+02 
   68.027    6.894000  3.754333e+02  2.758660e+02 
   68.027    6.997000  3.779710e+02  2.760656e+02 
   68.027    7.100000  3.806053e+02  2.762711e+02 
   68.027    7.202000  3.832863e+02  2.764802e+02 
   68.027    7.305000  3.866709e+02  2.767368e+02 
   68.027    7.408000  3.892035e+02  2.769410e+02 
   68.027    7.511000  3.915420e+02  2.771358e+02 
   68.027    7.614000  3.938574e+02  2.773329e+02 
   68.027    7.717000  3.961968e+02  2.775341e+02 
   68.027    7.820000  3.984470e+02  2.777301e+02 
   68.027    7.923000  4.006490e+02  2.779238e+02 
   68.027    8.026000  4.027623e+02  2.781123e+02 
   68.027    8.128000  4.051215e+02  2.783138e+02 
   68.027    8.231000  4.072445e+02  2.785002e+02 
   68.027    8.334000  4.094968e+02  2.786929e+02 
   68.027    8.437000  4.116911e+02  2.788803e+02 
   68.027    8.540000  4.138809e+02  2.790656e+02 
   68.027    8.643000  4.161672e+02  2.792544e+02 
   68.027    8.746000  4.185841e+02  2.794456e+02 
   68.027    8.849000  4.210596e+02  2.796379e+02 
   68.027    8.952000  4.221537e+02  2.797786e+02 
   68.027    9.054000  4.233887e+02  2.799322e+02 
   68.027    9.157000  4.247702e+02  2.800993e+02 
   68.027    9.260000  4.274469e+02  2.803954e+02 
   68.027    9.363000  4.290668e+02  2.805811e+02 
   68.027    9.466000  4.301624e+02  2.807122e+02 
   68.027    9.569000  4.306295e+02  2.807783e+02 
   68.027    9.672000  4.311017e+02  2.808427e+02 
   68.027    9.775000  4.315440e+02  2.809061e+02 
   68.027    9.878000  4.319843e+02  2.809678e+02 
   68.027    9.980000  4.324178e+02  2.810272e+02 
   68.027   10.083000  4.328507e+02  2.810856e+02 
   68.027   10.186000  4.333083e+02  2.811418e+02 
   68.027   10.289000  4.337569e+02  2.811966e+02 
   68.027   10.392000  4.341968e+02  2.812503e+02 
   68.027   10.495000  4.346292e+02  2.813028e+02 
   68.027   10.598000  4.350539e+02  2.813544e+02 
   68.027   10.701000  4.354716e+02  2.814050e+02 
   68.027   10.804000  4.358834e+02  2.814548e+02 
   68.027   10.907000  4.362893e+02  2.815038e+02 
   68.027   11.009000  4.366859e+02  2.815516e+02 
   68.027   11.112000  4.370812e+02  2.815992e+02 
   68.027   11.215000  4.374716e+02  2.816463e+02 
   68.027   11.318000  4.378571e+02  2.816928e+02 
   68.027   11.421000  4.382376e+02  2.817388e+02 
   68.027   11.524000  4.386132e+02  2.817843e+02 
   68.027   11.627000  4.389836e+02  2.818294e+02 
   68.027   11.730000  4.393485e+02  2.818741e+02 
   68.027   11.833000  4.397078e+02  2.819184e+02 
   68.027   11.935000  4.400581e+02  2.819618e+02 
   68.027   12.038000  4.404066e+02  2.820051e+02 
   68.027   12.141000  4.407502e+02  2.820480e+02 
   68.027   12.244000  4.410888e+02  2.820903e+02 
   68.027   12.347000  4.414228e+02  2.821321e+02 
   68.027   12.450000  4.417523e+02  2.821734e+02 
   68.027   12.553000  4.420774e+02  2.822140e+02 
   68.027   12.656000  4.423982e+02  2.822541e+02 
   68.027   12.759000  4.427148e+02  2.822935e+02 
   68.027   12.861000  4.430246e+02  2.823319e+02 
   68.027   12.964000  4.433337e+02  2.823701e+02 
   68.027   13.067000  4.436394e+02  2.824075e+02 
   68.027   13.170000  4.439415e+02  2.824443e+02 
   68.027   13.273000  4.442401e+02  2.824803e+02 
   68.027   13.376000  4.445355e+02  2.825155e+02 
   68.027   13.479000  4.448275e+02  2.825499e+02 
   68.027   13.582000  4.451162e+02  2.825834e+02 
   68.027   13.685000  4.454019e+02  2.826159e+02 
   68.027   13.787000  4.456819e+02  2.826472e+02 
   68.027   13.890000  4.459615e+02  2.826779e+02 
   68.027   13.993000  4.462382e+02  2.827076e+02 
   68.027   14.096000  4.465118e+02  2.827363e+02 
   68.027   14.199000  4.467824e+02  2.827642e+02 
   68.027   14.302000  4.470498e+02  2.827913e+02 
   68.027   14.405000  4.473141e+02  2.828177e+02 
   68.027   14.508000  4.475751e+02  2.828435e+02 
   68.027   14.611000  4.478329e+02  2.828687e+02 
   68.027   14.713000  4.480850e+02  2.828931e+02 
   68.027   14.816000  4.483365e+02  2.829173e+02 
   68.027   14.919000  4.485847e+02  2.829410e+02 
   68.027   15.022000  4.488299e+02  2.829642e+02 
   68.027   15.125000  4.490721e+02  2.829869e+02 
   68.027   15.228000  4.493112e+02  2.830092e+02 
   68.027   15.331000  4.495474e+02  2.830310e+02 
   68.027   15.434000  4.616197e+02  2.844931e+02 
   68.027   15.537000  4.618597e+02  2.845115e+02 
   68.027   15.640000  4.620967e+02  2.845295e+02 
   68.027   15.742000  4.623286e+02  2.845469e+02 
   68.027   15.845000  4.625600e+02  2.845641e+02 
   68.027   15.948000  4.627887e+02  2.845808e+02 
   68.027   16.051001  4.630150e+02  2.845971e+02 
   68.027   16.153999  4.632388e+02  2.846130e+02 
   68.027   16.257000  4.634602e+02  2.846284e+02 
   68.027   16.360001  4.636794e+02  2.846433e+02 
   68.027   16.462999  4.638963e+02  2.846577e+02 
   68.027   16.566000  4.641111e+02  2.846716e+02 
   68.027   16.667999  4.643217e+02  2.846847e+02 
   68.027   16.771000  4.645324e+02  2.846973e+02 
   68.027   16.874001  4.647415e+02  2.847092e+02 
   68.027   16.976999  4.649489e+02  2.847204e+02 
   68.027   17.080000  4.651548e+02  2.847307e+02 
   68.027   17.183001  4.653595e+02  2.847401e+02 
   68.027   17.285999  4.655630e+02  2.847485e+02 
   68.027   17.389000  4.657652e+02  2.847561e+02 
   68.027   17.492001  4.659662e+02  2.847628e+02 
   68.027   17.594000  4.661638e+02  2.847687e+02 
   68.027   17.697001  4.663622e+02  2.847738e+02 
   68.027   17.799999  4.665590e+02  2.847783e+02 
   68.027   17.903000  4.667542e+02  2.847822e+02 
   68.027   18.006001  4.669478e+02  2.847856e+02 
   68.027   18.108999  4.671398e+02  2.847885e+02 
   68.027   18.212000  4.673301e+02  2.847908e+02 
   68.027   18.315001  4.675189e+02  2.847926e+02 
   68.027   18.417999  4.677061e+02  2.847939e+02 
   68.027   18.520000  4.678900e+02  2.847948e+02 
   68.027   18.622999  4.680741e+02  2.847951e+02 
   68.027   18.726000  4.682567e+02  2.847950e+02 
   68.027   18.829000  4.684378e+02  2.847944e+02 
   68.027   18.931999  4.686174e+02  2.847933e+02 
   68.027   19.035000  4.687957e+02  2.847917e+02 
   68.027   19.138000  4.689725e+02  2.847898e+02 
   68.027   19.240999  4.691481e+02  2.847874e+02 
   68.027   19.344000  4.693223e+02  2.847846e+02 
   68.027   19.445999  4.694936e+02  2.847813e+02 
   68.027   19.549000  4.696653e+02  2.847776e+02 
   68.027   19.652000  4.698357e+02  2.847735e+02 
   68.027   19.754999  4.700049e+02  2.847690e+02 
   68.027   19.858000  4.701729e+02  2.847640e+02 
   68.027   19.961000  4.703396e+02  2.847587e+02 
   68.027   20.063999  4.705054e+02  2.847527e+02 
   68.027   20.363001  4.709810e+02  2.847326e+02 
   68.027   20.858999  4.717472e+02  2.846931e+02 
   68.027   21.355000  4.724852e+02  2.846463e+02 
   68.027   21.850000  4.731922e+02  2.845946e+02 
   68.027   22.346001  4.738640e+02  2.845424e+02 
   68.027   22.842001  4.744935e+02  2.844943e+02 
   68.027   23.337999  4.750800e+02  2.844512e+02 
   68.027   23.833000  4.756280e+02  2.844111e+02 
   68.027   24.329000  4.761459e+02  2.843718e+02 
   68.027   24.825001  4.766333e+02  2.843335e+02 
   68.027   25.320999  4.770882e+02  2.842976e+02 
   68.027   25.816000  4.775119e+02  2.842644e+02 
   68.027   26.312000  4.779088e+02  2.842328e+02 
   68.027   26.808001  4.782802e+02  2.842025e+02 
   68.027   27.304001  4.786271e+02  2.841737e+02 
   68.027   27.799000  4.789506e+02  2.841463e+02 
   68.027   28.295000  4.792541e+02  2.841197e+02 
   68.027   28.791000  4.795396e+02  2.840937e+02 
   68.027   29.287001  4.798093e+02  2.840678e+02 
   68.027   29.782000  4.800648e+02  2.840421e+02 
   68.027   30.278000  4.803084e+02  2.840163e+02 
   68.027   30.774000  4.805414e+02  2.839906e+02 
   68.027   31.270000  4.807653e+02  2.839651e+02 
   68.027   31.764999  4.809813e+02  2.839398e+02 
   68.027   32.261002  4.811923e+02  2.839148e+02 
   68.027   32.757000  4.813999e+02  2.838900e+02 
   68.027   33.252998  4.816060e+02  2.838656e+02 
   68.027   33.748001  4.818116e+02  2.838420e+02 
   68.027   34.243999  4.820187e+02  2.838195e+02 
   68.027   34.740002  4.822288e+02  2.837981e+02 
   68.027   35.236000  4.824428e+02  2.837780e+02 
   68.027   35.730999  4.826616e+02  2.837592e+02 
   68.027   36.227001  4.828864e+02  2.837415e+02 
   68.027   36.723000  4.831169e+02  2.837250e+02 
   68.027   37.219002  4.833526e+02  2.837096e+02 
   68.027   37.714001  4.835922e+02  2.836953e+02 
   68.027   38.209999  4.838354e+02  2.836819e+02 
   68.027   38.706001  4.840800e+02  2.836696e+02 
   68.027   39.202000  4.843243e+02  2.836584e+02 
   68.027   39.698002  4.845658e+02  2.836483e+02 
   68.027   40.198002  4.848014e+02  2.836403e+02 
   68.027   45.198002  4.866615e+02  2.836090e+02 
   68.027   50.198002  4.873692e+02  2.836072e+02 
   68.027   55.198002  4.876157e+02  2.836110e+02 
   68.027   60.198002  4.883450e+02  2.836148e+02 
   68.027   65.197998  4.895735e+02  2.836176e+02 
