   67.858    0.000000  2.572888e-21  5.039515e+00 
   67.858    0.103000  2.587258e-21  5.118063e+00 
   67.858    0.206000  2.601513e-21  5.197752e+00 
   67.858    0.308000  2.615602e-21  5.276912e+00 
   67.858    0.411000  2.629820e-21  5.356730e+00 
   67.858    0.514000  2.644037e-21  5.436259e+00 
   67.858    0.617000  2.658256e-21  5.515363e+00 
   67.858    0.720000  2.880736e-21  6.041904e+00 
   67.858    0.823000  3.319157e-21  6.926940e+00 
   67.858    0.926000  4.025896e-21  8.091969e+00 
   67.858    1.029000  5.077677e-21  9.453632e+00 
   67.858    1.132000  6.647402e-21  1.099613e+01 
   67.858    1.234000  8.922639e-21  1.264838e+01 
   67.858    1.337000  1.233589e-20  1.443565e+01 
   67.858    1.440000  1.738203e-20  1.630073e+01 
   67.858    1.543000  2.492870e-20  1.823787e+01 
   67.858    1.646000  3.615750e-20  2.021527e+01 
   67.858    1.749000  5.299219e-20  2.223075e+01 
   67.858    1.852000  5.718545e-16  5.403449e+01 
   67.858    1.955000  1.146525e-11  8.758666e+01 
   67.858    2.058000  1.651043e-07  1.213226e+02 
   67.858    2.160000  5.120860e-04  1.535175e+02 
   67.858    2.263000  2.771420e-01  1.889075e+02 
   67.858    2.366000  3.092560e+01  2.411176e+02 
   67.858    2.469000  3.111545e+01  2.408406e+02 
   67.858    2.572000  3.127111e+01  2.406016e+02 
   67.858    2.675000  3.148511e+01  2.404511e+02 
   67.858    2.778000  3.182580e+01  2.404387e+02 
   67.858    2.881000  3.265051e+01  2.408590e+02 
   67.858    2.984000  3.340503e+01  2.412623e+02 
   67.858    3.086000  5.837263e+01  2.537082e+02 
   67.858    3.189000  1.198052e+02  2.706758e+02 
   67.858    3.292000  3.031447e+02  2.921806e+02 
   67.858    3.395000  3.226126e+02  2.938005e+02 
   67.858    3.498000  3.243148e+02  2.936728e+02 
   67.858    3.601000  3.260734e+02  2.935875e+02 
   67.858    3.704000  3.279088e+02  2.935379e+02 
   67.858    3.807000  3.298372e+02  2.935213e+02 
   67.858    3.910000  3.318560e+02  2.935339e+02 
   67.858    4.012000  3.334328e+02  2.935120e+02 
   67.858    4.115000  3.348841e+02  2.934990e+02 
   67.858    4.218000  3.362645e+02  2.934976e+02 
   67.858    4.321000  3.376279e+02  2.935090e+02 
   67.858    4.424000  3.389754e+02  2.935315e+02 
   67.858    4.527000  3.403066e+02  2.935639e+02 
   67.858    4.630000  3.416213e+02  2.936048e+02 
   67.858    4.733000  3.429218e+02  2.936527e+02 
   67.858    4.836000  3.442058e+02  2.937072e+02 
   67.858    4.939000  3.461450e+02  2.938051e+02 
   67.858    5.041000  3.481890e+02  2.939146e+02 
   67.858    5.144000  3.501420e+02  2.940240e+02 
   67.858    5.247000  3.516857e+02  2.941310e+02 
   67.858    5.350000  3.532022e+02  2.942407e+02 
   67.858    5.453000  3.546908e+02  2.943527e+02 
   67.858    5.556000  3.561566e+02  2.944671e+02 
   67.858    5.659000  3.576034e+02  2.945840e+02 
   67.858    5.762000  3.590351e+02  2.947036e+02 
   67.858    5.865000  3.604517e+02  2.948257e+02 
   67.858    5.967000  3.618414e+02  2.949493e+02 
   67.858    6.070000  3.641858e+02  2.951180e+02 
   67.858    6.173000  3.673350e+02  2.953353e+02 
   67.858    6.276000  3.704789e+02  2.955533e+02 
   67.858    6.379000  3.741436e+02  2.958011e+02 
   67.858    6.482000  3.777726e+02  2.960463e+02 
   67.858    6.585000  3.807836e+02  2.962558e+02 
   67.858    6.688000  3.838474e+02  2.964675e+02 
   67.858    6.791000  3.872597e+02  2.966974e+02 
   67.858    6.893000  3.906952e+02  2.969263e+02 
   67.858    6.996000  3.934443e+02  2.971158e+02 
   67.858    7.099000  3.962692e+02  2.973083e+02 
   67.858    7.202000  3.988135e+02  2.974861e+02 
   67.858    7.305000  4.012509e+02  2.976602e+02 
   67.858    7.408000  4.035695e+02  2.978297e+02 
   67.858    7.511000  4.058621e+02  2.980005e+02 
   67.858    7.614000  4.085313e+02  2.981946e+02 
   67.858    7.717000  4.105732e+02  2.983568e+02 
   67.858    7.819000  4.125927e+02  2.985168e+02 
   67.858    7.922000  4.145806e+02  2.986753e+02 
   67.858    8.025000  4.164727e+02  2.988280e+02 
   67.858    8.127999  4.185489e+02  2.989886e+02 
   67.858    8.231000  4.205011e+02  2.991415e+02 
   67.858    8.334000  4.224304e+02  2.992919e+02 
   67.858    8.436999  4.242347e+02  2.994352e+02 
   67.858    8.540000  4.260742e+02  2.995791e+02 
   67.858    8.643000  4.288170e+02  2.997648e+02 
   67.858    8.745000  4.309817e+02  2.999200e+02 
   67.858    8.848000  4.328324e+02  3.000561e+02 
   67.858    8.950999  4.346800e+02  3.001902e+02 
   67.858    9.054000  4.362666e+02  3.003100e+02 
   67.858    9.157000  4.378030e+02  3.004255e+02 
   67.858    9.259999  4.386738e+02  3.005220e+02 
   67.858    9.363000  4.395730e+02  3.006189e+02 
   67.858    9.466000  4.405023e+02  3.007161e+02 
   67.858    9.568999  4.414283e+02  3.008149e+02 
   67.858    9.671000  4.423730e+02  3.009130e+02 
   67.858    9.773999  4.433330e+02  3.010106e+02 
   67.858    9.877000  4.442958e+02  3.011068e+02 
   67.858    9.980000  4.452502e+02  3.012008e+02 
   67.858   10.082999  4.461839e+02  3.012992e+02 
   67.858   10.186000  4.471165e+02  3.014005e+02 
   67.858   10.289000  4.480189e+02  3.014979e+02 
   67.858   10.391999  4.488976e+02  3.015921e+02 
   67.858   10.495000  4.493505e+02  3.016383e+02 
   67.858   10.598000  4.497906e+02  3.016829e+02 
   67.858   10.700000  4.502198e+02  3.017263e+02 
   67.858   10.802999  4.506478e+02  3.017693e+02 
   67.858   10.905999  4.510706e+02  3.018117e+02 
   67.858   11.009000  4.514880e+02  3.018534e+02 
   67.858   11.112000  4.519000e+02  3.018945e+02 
   67.858   11.214999  4.523066e+02  3.019352e+02 
   67.858   11.318000  4.527078e+02  3.019754e+02 
   67.858   11.421000  4.531035e+02  3.020153e+02 
   67.858   11.523999  4.534939e+02  3.020547e+02 
   67.858   11.625999  4.538749e+02  3.020934e+02 
   67.858   11.729000  4.542542e+02  3.021321e+02 
   67.858   11.832000  4.546280e+02  3.021704e+02 
   67.858   11.934999  4.549963e+02  3.022083e+02 
   67.858   12.037999  4.553593e+02  3.022458e+02 
   67.858   12.141000  4.557173e+02  3.022828e+02 
   67.858   12.243999  4.560702e+02  3.023194e+02 
   67.858   12.346999  4.564182e+02  3.023553e+02 
   67.858   12.450000  4.567616e+02  3.023908e+02 
   67.858   12.552000  4.570970e+02  3.024254e+02 
   67.858   12.655000  4.574313e+02  3.024597e+02 
   67.858   12.757999  4.577614e+02  3.024935e+02 
   67.858   12.861000  4.580877e+02  3.025267e+02 
   67.858   12.964000  4.584102e+02  3.025593e+02 
   67.858   13.066999  4.587289e+02  3.025912e+02 
   67.858   13.170000  4.590439e+02  3.026225e+02 
   67.858   13.273000  4.593552e+02  3.026531e+02 
   67.858   13.375999  4.596631e+02  3.026829e+02 
   67.858   13.478000  4.599644e+02  3.027118e+02 
   67.858   13.580999  4.602653e+02  3.027401e+02 
   67.858   13.684000  4.605630e+02  3.027675e+02 
   67.858   13.787000  4.608575e+02  3.027940e+02 
   67.858   13.889999  4.611487e+02  3.028196e+02 
   67.858   13.993000  4.614369e+02  3.028443e+02 
   67.858   14.096000  4.617220e+02  3.028681e+02 
   67.858   14.198999  4.620041e+02  3.028910e+02 
   67.858   14.302000  4.622829e+02  3.029131e+02 
   67.858   14.403999  4.625557e+02  3.029344e+02 
   67.858   14.507000  4.628280e+02  3.029552e+02 
   67.858   14.610000  4.630970e+02  3.029753e+02 
   67.858   14.712999  4.633627e+02  3.029951e+02 
   67.858   14.816000  4.636251e+02  3.030143e+02 
   67.858   14.919000  4.638841e+02  3.030331e+02 
   67.858   15.021999  4.641400e+02  3.030514e+02 
   67.858   15.125000  4.643927e+02  3.030692e+02 
   67.858   15.228000  4.646422e+02  3.030867e+02 
   67.858   15.330999  4.648886e+02  3.031037e+02 
   67.858   15.433000  4.651297e+02  3.031202e+02 
   67.858   15.535999  4.653701e+02  3.031364e+02 
   67.858   15.639000  4.656075e+02  3.031521e+02 
   67.858   15.742000  4.658420e+02  3.031675e+02 
   67.858   15.844999  4.660737e+02  3.031824e+02 
   67.858   15.947999  4.663027e+02  3.031970e+02 
   67.858   16.051001  4.665293e+02  3.032111e+02 
   67.858   16.154001  4.667534e+02  3.032248e+02 
   67.858   16.257000  4.669752e+02  3.032380e+02 
   67.858   16.359001  4.671925e+02  3.032507e+02 
   67.858   16.462000  4.674097e+02  3.032630e+02 
   67.858   16.565001  4.676247e+02  3.032747e+02 
   67.858   16.668001  4.678376e+02  3.032860e+02 
   67.858   16.771000  4.680486e+02  3.032966e+02 
   67.858   16.874001  4.682578e+02  3.033065e+02 
   67.858   16.977001  4.684652e+02  3.033157e+02 
   67.858   17.080000  4.686711e+02  3.033240e+02 
   67.858   17.183001  4.688759e+02  3.033315e+02 
   67.858   17.285000  4.690774e+02  3.033379e+02 
   67.858   17.388000  4.692796e+02  3.033434e+02 
   67.858   17.491001  4.694806e+02  3.033482e+02 
   67.858   17.594000  4.696803e+02  3.033520e+02 
   67.858   17.697001  4.698788e+02  3.033551e+02 
   67.858   17.800001  4.700758e+02  3.033574e+02 
   67.858   17.903000  4.702712e+02  3.033592e+02 
   67.858   18.006001  4.704651e+02  3.033605e+02 
   67.858   18.109001  4.706572e+02  3.033612e+02 
   67.858   18.211000  4.708459e+02  3.033614e+02 
   67.858   18.314001  4.710349e+02  3.033612e+02 
   67.858   18.417000  4.712222e+02  3.033605e+02 
   67.858   18.520000  4.714080e+02  3.033593e+02 
   67.858   18.623001  4.715922e+02  3.033576e+02 
   67.858   18.726000  4.717750e+02  3.033554e+02 
   67.858   18.829000  4.719562e+02  3.033528e+02 
   67.858   18.932001  4.721360e+02  3.033497e+02 
   67.858   19.035000  4.723143e+02  3.033461e+02 
   67.858   19.137001  4.724897e+02  3.033422e+02 
   67.858   19.240000  4.726653e+02  3.033377e+02 
   67.858   19.343000  4.728397e+02  3.033329e+02 
   67.858   19.446001  4.730128e+02  3.033276e+02 
   67.858   19.549000  4.731845e+02  3.033220e+02 
   67.858   19.652000  4.733550e+02  3.033159e+02 
   67.858   19.755001  4.735243e+02  3.033094e+02 
   67.858   19.858000  4.736924e+02  3.033025e+02 
   67.858   19.961000  4.738592e+02  3.032952e+02 
   67.858   20.064001  4.740251e+02  3.032873e+02 
   67.858   20.363001  4.745012e+02  3.032616e+02 
   67.858   20.859001  4.752682e+02  3.032126e+02 
   67.858   21.354000  4.760054e+02  3.031568e+02 
   67.858   21.850000  4.767147e+02  3.030958e+02 
   67.858   22.346001  4.773878e+02  3.030348e+02 
   67.858   22.842001  4.780191e+02  3.029780e+02 
   67.858   23.337000  4.786061e+02  3.029270e+02 
   67.858   23.833000  4.791564e+02  3.028797e+02 
   67.858   24.329000  4.796750e+02  3.028336e+02 
   67.858   24.825001  4.801632e+02  3.027889e+02 
   67.858   25.320000  4.806181e+02  3.027471e+02 
   67.858   25.816000  4.810433e+02  3.027082e+02 
   67.858   26.312000  4.814409e+02  3.026714e+02 
   67.858   26.808001  4.818130e+02  3.026362e+02 
   67.858   27.303001  4.821600e+02  3.026029e+02 
   67.858   27.799000  4.824847e+02  3.025710e+02 
   67.858   28.295000  4.827887e+02  3.025404e+02 
   67.858   28.791000  4.830747e+02  3.025106e+02 
   67.858   29.286001  4.833445e+02  3.024813e+02 
   67.858   29.782001  4.836010e+02  3.024521e+02 
   67.858   30.278000  4.838451e+02  3.024230e+02 
   67.858   30.774000  4.840787e+02  3.023942e+02 
   67.858   31.269001  4.843029e+02  3.023658e+02 
   67.858   31.765001  4.845203e+02  3.023376e+02 
   67.858   32.261002  4.847326e+02  3.023096e+02 
   67.858   32.757000  4.849418e+02  3.022820e+02 
   67.858   33.251999  4.851490e+02  3.022551e+02 
   67.858   33.748001  4.853566e+02  3.022291e+02 
   67.858   34.243999  4.855653e+02  3.022044e+02 
   67.858   34.740002  4.857769e+02  3.021810e+02 
   67.858   35.235001  4.859922e+02  3.021591e+02 
   67.858   35.730999  4.862131e+02  3.021386e+02 
   67.858   36.227001  4.864397e+02  3.021193e+02 
   67.858   36.723000  4.866721e+02  3.021013e+02 
   67.858   37.218002  4.869092e+02  3.020845e+02 
   67.858   37.714001  4.871511e+02  3.020688e+02 
   67.858   38.209999  4.873962e+02  3.020543e+02 
   67.858   38.706001  4.876424e+02  3.020409e+02 
   67.858   39.201000  4.878875e+02  3.020286e+02 
   67.858   39.697002  4.881303e+02  3.020175e+02 
   67.858   40.197002  4.883670e+02  3.020087e+02 
   67.858   45.197002  4.902320e+02  3.019727e+02 
   67.858   50.197002  4.909398e+02  3.019690e+02 
   67.858   55.197002  4.911874e+02  3.019720e+02 
   67.858   60.197002  4.919263e+02  3.019755e+02 
   67.858   65.196999  4.931577e+02  3.019781e+02 
