 ... increasing number_of_streams to 16 because of Cox and Munk!
	Command being timed: "/xnilu_wrk2/projects/NEVAR/libRadtran/bin/uvspec"
	User time (seconds): 8.35
	System time (seconds): 0.47
	Percent of CPU this job got: 99%
	Elapsed (wall clock) time (h:mm:ss or m:ss): 0:08.88
	Average shared text size (kbytes): 0
	Average unshared data size (kbytes): 0
	Average stack size (kbytes): 0
	Average total size (kbytes): 0
	Maximum resident set size (kbytes): 465696
	Average resident set size (kbytes): 0
	Major (requiring I/O) page faults: 0
	Minor (reclaiming a frame) page faults: 112663
	Voluntary context switches: 199
	Involuntary context switches: 58
	Swaps: 0
	File system inputs: 32
	File system outputs: 48
	Socket messages sent: 0
	Socket messages received: 0
	Signals delivered: 0
	Page size (bytes): 4096
	Exit status: 0
