    0.000    0.000000  0.000000e+00  3.521737e+02 
    0.000    0.103000  0.000000e+00  3.511855e+02 
    0.000    0.206000  0.000000e+00  3.498657e+02 
    0.000    0.309000  0.000000e+00  3.485484e+02 
    0.000    0.412000  0.000000e+00  3.472231e+02 
    0.000    0.514000  0.000000e+00  3.457859e+02 
    0.000    0.617000  0.000000e+00  3.442340e+02 
    0.000    0.720000  0.000000e+00  3.426759e+02 
    0.000    0.823000  0.000000e+00  3.411328e+02 
    0.000    0.926000  0.000000e+00  3.395910e+02 
    0.000    1.029000  0.000000e+00  3.380247e+02 
    0.000    1.132000  0.000000e+00  3.364153e+02 
    0.000    1.235000  0.000000e+00  3.347275e+02 
    0.000    1.338000  0.000000e+00  3.330756e+02 
    0.000    1.440000  0.000000e+00  3.314663e+02 
    0.000    1.543000  0.000000e+00  3.298574e+02 
    0.000    1.646000  0.000000e+00  3.282090e+02 
    0.000    1.749000  0.000000e+00  3.265012e+02 
    0.000    1.852000  0.000000e+00  3.150476e+02 
    0.000    1.955000  0.000000e+00  3.080551e+02 
    0.000    2.058000  0.000000e+00  3.030997e+02 
    0.000    2.161000  0.000000e+00  2.987343e+02 
    0.000    2.264000  0.000000e+00  2.940591e+02 
    0.000    2.366000  0.000000e+00  2.933383e+02 
    0.000    2.469000  0.000000e+00  2.924448e+02 
    0.000    2.572000  0.000000e+00  2.914459e+02 
    0.000    2.675000  0.000000e+00  2.903877e+02 
    0.000    2.778000  0.000000e+00  2.892943e+02 
    0.000    2.881000  0.000000e+00  2.881728e+02 
    0.000    2.984000  0.000000e+00  2.870226e+02 
    0.000    3.087000  0.000000e+00  2.858566e+02 
    0.000    3.190000  0.000000e+00  2.846710e+02 
    0.000    3.293000  0.000000e+00  2.834791e+02 
    0.000    3.395000  0.000000e+00  2.822791e+02 
    0.000    3.498000  0.000000e+00  2.810650e+02 
    0.000    3.601000  0.000000e+00  2.798494e+02 
    0.000    3.704000  0.000000e+00  2.786313e+02 
    0.000    3.807000  0.000000e+00  2.774178e+02 
    0.000    3.910000  0.000000e+00  2.762118e+02 
    0.000    4.013000  0.000000e+00  2.750154e+02 
    0.000    4.116000  0.000000e+00  2.736492e+02 
    0.000    4.219000  0.000000e+00  2.724551e+02 
    0.000    4.321000  0.000000e+00  2.712732e+02 
    0.000    4.424000  0.000000e+00  2.699136e+02 
    0.000    4.527000  0.000000e+00  2.685646e+02 
    0.000    4.630000  0.000000e+00  2.674097e+02 
    0.000    4.733000  0.000000e+00  2.662441e+02 
    0.000    4.836000  0.000000e+00  2.650840e+02 
    0.000    4.939000  0.000000e+00  2.639308e+02 
    0.000    5.042000  0.000000e+00  2.627429e+02 
    0.000    5.145000  0.000000e+00  2.615782e+02 
    0.000    5.247000  0.000000e+00  2.603147e+02 
    0.000    5.350000  0.000000e+00  2.590177e+02 
    0.000    5.453000  0.000000e+00  2.576784e+02 
    0.000    5.556000  0.000000e+00  2.563802e+02 
    0.000    5.659000  0.000000e+00  2.549575e+02 
    0.000    5.762000  0.000000e+00  2.536628e+02 
    0.000    5.865000  0.000000e+00  2.526430e+02 
    0.000    5.968000  0.000000e+00  2.516396e+02 
    0.000    6.071000  0.000000e+00  2.506571e+02 
    0.000    6.173000  0.000000e+00  2.497034e+02 
    0.000    6.276000  0.000000e+00  2.485642e+02 
    0.000    6.379000  0.000000e+00  2.473028e+02 
    0.000    6.482000  0.000000e+00  2.457396e+02 
    0.000    6.585000  0.000000e+00  2.437187e+02 
    0.000    6.688000  0.000000e+00  2.412268e+02 
    0.000    6.791000  0.000000e+00  2.385154e+02 
    0.000    6.894000  0.000000e+00  2.358317e+02 
    0.000    6.997000  0.000000e+00  2.335068e+02 
    0.000    7.099000  0.000000e+00  2.317813e+02 
    0.000    7.202000  0.000000e+00  2.309111e+02 
    0.000    7.305000  0.000000e+00  2.302415e+02 
    0.000    7.408000  0.000000e+00  2.298391e+02 
    0.000    7.511000  0.000000e+00  2.296203e+02 
    0.000    7.614000  0.000000e+00  2.294659e+02 
    0.000    7.717000  0.000000e+00  2.293745e+02 
    0.000    7.820000  0.000000e+00  2.293064e+02 
    0.000    7.923000  0.000000e+00  2.292774e+02 
    0.000    8.025001  0.000000e+00  2.292298e+02 
    0.000    8.128000  0.000000e+00  2.291268e+02 
    0.000    8.231001  0.000000e+00  2.289896e+02 
    0.000    8.334001  0.000000e+00  2.288644e+02 
    0.000    8.437000  0.000000e+00  2.285873e+02 
    0.000    8.540000  0.000000e+00  2.284380e+02 
    0.000    8.643001  0.000000e+00  2.282700e+02 
    0.000    8.746000  0.000000e+00  2.281605e+02 
    0.000    8.849000  0.000000e+00  2.280466e+02 
    0.000    8.951000  0.000000e+00  2.279345e+02 
    0.000    9.054001  0.000000e+00  2.278214e+02 
    0.000    9.157001  0.000000e+00  2.277099e+02 
    0.000    9.260000  0.000000e+00  2.276142e+02 
    0.000    9.363001  0.000000e+00  2.273859e+02 
    0.000    9.466001  0.000000e+00  2.271476e+02 
    0.000    9.569000  0.000000e+00  2.270758e+02 
    0.000    9.672001  0.000000e+00  2.270082e+02 
    0.000    9.775001  0.000000e+00  2.269487e+02 
    0.000    9.878000  0.000000e+00  2.269069e+02 
    0.000    9.980000  0.000000e+00  2.268784e+02 
    0.000   10.083000  0.000000e+00  2.268531e+02 
    0.000   10.186001  0.000000e+00  2.268228e+02 
    0.000   10.289001  0.000000e+00  2.267899e+02 
    0.000   10.392000  0.000000e+00  2.267561e+02 
    0.000   10.495001  0.000000e+00  2.267200e+02 
    0.000   10.598001  0.000000e+00  2.266831e+02 
    0.000   10.701000  0.000000e+00  2.266445e+02 
    0.000   10.804001  0.000000e+00  2.266010e+02 
    0.000   10.906000  0.000000e+00  2.265550e+02 
    0.000   11.009001  0.000000e+00  2.265047e+02 
    0.000   11.112000  0.000000e+00  2.264442e+02 
    0.000   11.215000  0.000000e+00  2.263766e+02 
    0.000   11.318001  0.000000e+00  2.263053e+02 
    0.000   11.421000  0.000000e+00  2.262314e+02 
    0.000   11.524000  0.000000e+00  2.261559e+02 
    0.000   11.627001  0.000000e+00  2.260793e+02 
    0.000   11.730000  0.000000e+00  2.260018e+02 
    0.000   11.832001  0.000000e+00  2.259245e+02 
    0.000   11.935000  0.000000e+00  2.258462e+02 
    0.000   12.038000  0.000000e+00  2.257666e+02 
    0.000   12.141001  0.000000e+00  2.256860e+02 
    0.000   12.244000  0.000000e+00  2.256050e+02 
    0.000   12.347000  0.000000e+00  2.255266e+02 
    0.000   12.450001  0.000000e+00  2.254507e+02 
    0.000   12.553000  0.000000e+00  2.253763e+02 
    0.000   12.656000  0.000000e+00  2.253062e+02 
    0.000   12.758000  0.000000e+00  2.252412e+02 
    0.000   12.861000  0.000000e+00  2.251786e+02 
    0.000   12.964001  0.000000e+00  2.251185e+02 
    0.000   13.067000  0.000000e+00  2.250608e+02 
    0.000   13.170000  0.000000e+00  2.250050e+02 
    0.000   13.273001  0.000000e+00  2.249508e+02 
    0.000   13.376000  0.000000e+00  2.248980e+02 
    0.000   13.479000  0.000000e+00  2.248464e+02 
    0.000   13.582001  0.000000e+00  2.247959e+02 
    0.000   13.684000  0.000000e+00  2.247467e+02 
    0.000   13.787001  0.000000e+00  2.246977e+02 
    0.000   13.890000  0.000000e+00  2.246496e+02 
    0.000   13.993000  0.000000e+00  2.246018e+02 
    0.000   14.096001  0.000000e+00  2.245544e+02 
    0.000   14.199000  0.000000e+00  2.245075e+02 
    0.000   14.302000  0.000000e+00  2.244614e+02 
    0.000   14.405001  0.000000e+00  2.244164e+02 
    0.000   14.508000  0.000000e+00  2.243722e+02 
    0.000   14.610001  0.000000e+00  2.243290e+02 
    0.000   14.713000  0.000000e+00  2.242857e+02 
    0.000   14.816000  0.000000e+00  2.242427e+02 
    0.000   14.919001  0.000000e+00  2.242003e+02 
    0.000   15.022000  0.000000e+00  2.241574e+02 
    0.000   15.125000  0.000000e+00  2.241144e+02 
    0.000   15.228001  0.000000e+00  2.240714e+02 
    0.000   15.331000  0.000000e+00  2.240294e+02 
    0.000   15.434000  0.000000e+00  2.239888e+02 
    0.000   15.537001  0.000000e+00  2.239492e+02 
    0.000   15.639001  0.000000e+00  2.239114e+02 
    0.000   15.742001  0.000000e+00  2.238761e+02 
    0.000   15.845000  0.000000e+00  2.238432e+02 
    0.000   15.948001  0.000000e+00  2.238120e+02 
    0.000   16.050999  0.000000e+00  2.237780e+02 
    0.000   16.153999  0.000000e+00  2.237406e+02 
    0.000   16.257000  0.000000e+00  2.237012e+02 
    0.000   16.359999  0.000000e+00  2.236602e+02 
    0.000   16.462999  0.000000e+00  2.236169e+02 
    0.000   16.564999  0.000000e+00  2.235725e+02 
    0.000   16.667999  0.000000e+00  2.235266e+02 
    0.000   16.771000  0.000000e+00  2.234811e+02 
    0.000   16.873999  0.000000e+00  2.234360e+02 
    0.000   16.976999  0.000000e+00  2.233912e+02 
    0.000   17.080000  0.000000e+00  2.233474e+02 
    0.000   17.182999  0.000000e+00  2.233053e+02 
    0.000   17.285999  0.000000e+00  2.232646e+02 
    0.000   17.389000  0.000000e+00  2.232248e+02 
    0.000   17.490999  0.000000e+00  2.231870e+02 
    0.000   17.594000  0.000000e+00  2.231504e+02 
    0.000   17.696999  0.000000e+00  2.231148e+02 
    0.000   17.799999  0.000000e+00  2.230804e+02 
    0.000   17.903000  0.000000e+00  2.230475e+02 
    0.000   18.005999  0.000000e+00  2.230159e+02 
    0.000   18.108999  0.000000e+00  2.229853e+02 
    0.000   18.212000  0.000000e+00  2.229552e+02 
    0.000   18.314999  0.000000e+00  2.229256e+02 
    0.000   18.417000  0.000000e+00  2.228967e+02 
    0.000   18.519999  0.000000e+00  2.228679e+02 
    0.000   18.622999  0.000000e+00  2.228392e+02 
    0.000   18.726000  0.000000e+00  2.228107e+02 
    0.000   18.828999  0.000000e+00  2.227824e+02 
    0.000   18.931999  0.000000e+00  2.227545e+02 
    0.000   19.035000  0.000000e+00  2.227269e+02 
    0.000   19.137999  0.000000e+00  2.226998e+02 
    0.000   19.240999  0.000000e+00  2.226729e+02 
    0.000   19.343000  0.000000e+00  2.226459e+02 
    0.000   19.445999  0.000000e+00  2.226180e+02 
    0.000   19.549000  0.000000e+00  2.225898e+02 
    0.000   19.652000  0.000000e+00  2.225614e+02 
    0.000   19.754999  0.000000e+00  2.225329e+02 
    0.000   19.858000  0.000000e+00  2.225042e+02 
    0.000   19.960999  0.000000e+00  2.224755e+02 
    0.000   20.063999  0.000000e+00  2.224468e+02 
    0.000   20.362999  0.000000e+00  2.223666e+02 
    0.000   20.858999  0.000000e+00  2.222493e+02 
    0.000   21.355000  0.000000e+00  2.221524e+02 
    0.000   21.850000  0.000000e+00  2.220642e+02 
    0.000   22.345999  0.000000e+00  2.219776e+02 
    0.000   22.841999  0.000000e+00  2.218888e+02 
    0.000   23.337999  0.000000e+00  2.218054e+02 
    0.000   23.833000  0.000000e+00  2.217407e+02 
    0.000   24.328999  0.000000e+00  2.217002e+02 
    0.000   24.824999  0.000000e+00  2.216820e+02 
    0.000   25.320999  0.000000e+00  2.216724e+02 
    0.000   25.816000  0.000000e+00  2.216716e+02 
    0.000   26.312000  0.000000e+00  2.216794e+02 
    0.000   26.807999  0.000000e+00  2.216896e+02 
    0.000   27.303999  0.000000e+00  2.217047e+02 
    0.000   27.799000  0.000000e+00  2.217267e+02 
    0.000   28.295000  0.000000e+00  2.217542e+02 
    0.000   28.791000  0.000000e+00  2.217879e+02 
    0.000   29.286999  0.000000e+00  2.218296e+02 
    0.000   29.782000  0.000000e+00  2.218775e+02 
    0.000   30.278000  0.000000e+00  2.219296e+02 
    0.000   30.774000  0.000000e+00  2.219849e+02 
    0.000   31.269999  0.000000e+00  2.220421e+02 
    0.000   31.764999  0.000000e+00  2.220999e+02 
    0.000   32.260998  0.000000e+00  2.221584e+02 
    0.000   32.757000  0.000000e+00  2.222170e+02 
    0.000   33.252998  0.000000e+00  2.222747e+02 
    0.000   33.748001  0.000000e+00  2.223334e+02 
    0.000   34.243999  0.000000e+00  2.223941e+02 
    0.000   34.739998  0.000000e+00  2.224563e+02 
    0.000   35.236000  0.000000e+00  2.225189e+02 
    0.000   35.730999  0.000000e+00  2.225781e+02 
    0.000   36.227001  0.000000e+00  2.226342e+02 
    0.000   36.723000  0.000000e+00  2.226865e+02 
    0.000   37.218998  0.000000e+00  2.227356e+02 
    0.000   37.714001  0.000000e+00  2.227805e+02 
    0.000   38.209999  0.000000e+00  2.228218e+02 
    0.000   38.706001  0.000000e+00  2.228632e+02 
    0.000   39.202000  0.000000e+00  2.229057e+02 
    0.000   39.696999  0.000000e+00  2.229514e+02 
    0.000   40.196999  0.000000e+00  2.230021e+02 
    0.000   45.196999  0.000000e+00  2.234522e+02 
    0.000   50.196999  0.000000e+00  2.236792e+02 
    0.000   55.196999  0.000000e+00  2.236748e+02 
    0.000   60.196999  0.000000e+00  2.236068e+02 
    0.000   65.197006  0.000000e+00  2.235545e+02 
