   67.182    0.000000  7.996770e-04  1.106989e+01 
   67.182    0.103000  8.040000e-04  1.120981e+01 
   67.182    0.205000  8.082490e-04  1.135146e+01 
   67.182    0.308000  8.138866e-04  1.152909e+01 
   67.182    0.411000  8.181220e-04  1.167441e+01 
   67.182    0.514000  8.270248e-04  1.193244e+01 
   67.182    0.617000  8.406041e-04  1.229932e+01 
   67.182    0.720000  8.525329e-04  1.262273e+01 
   67.182    0.823000  8.628790e-04  1.290545e+01 
   67.182    0.926000  8.716456e-04  1.314871e+01 
   67.182    1.029000  8.792416e-04  1.336303e+01 
   67.182    1.131000  8.836306e-04  1.350304e+01 
   67.182    1.234000  8.880767e-04  1.364371e+01 
   67.182    1.337000  8.925350e-04  1.378358e+01 
   67.182    1.440000  8.969818e-04  1.392271e+01 
   67.182    1.543000  9.013953e-04  1.406114e+01 
   67.182    1.646000  9.074777e-04  1.423632e+01 
   67.182    1.749000  1.141989e-03  1.880451e+01 
   67.182    1.852000  1.356248e-03  2.215669e+01 
   67.182    1.955000  5.526738e-01  8.600861e+01 
   67.182    2.057000  1.568985e+01  1.393652e+02 
   67.182    2.160000  1.038641e+02  1.849544e+02 
   67.182    2.263000  3.028623e+02  2.149316e+02 
   67.182    2.366000  3.043262e+02  2.147201e+02 
   67.182    2.469000  3.057786e+02  2.145682e+02 
   67.182    2.572000  3.072192e+02  2.144598e+02 
   67.182    2.675000  3.086468e+02  2.143866e+02 
   67.182    2.778000  3.100621e+02  2.143420e+02 
   67.182    2.881000  3.114638e+02  2.143220e+02 
   67.182    2.983000  3.128368e+02  2.143233e+02 
   67.182    3.086000  3.142081e+02  2.143429e+02 
   67.182    3.189000  3.155665e+02  2.143781e+02 
   67.182    3.292000  3.169134e+02  2.144269e+02 
   67.182    3.395000  3.182509e+02  2.144872e+02 
   67.182    3.498000  3.195802e+02  2.145576e+02 
   67.182    3.601000  3.209055e+02  2.146366e+02 
   67.182    3.704000  3.222316e+02  2.147226e+02 
   67.182    3.807000  3.235594e+02  2.148150e+02 
   67.182    3.909000  3.248788e+02  2.149119e+02 
   67.182    4.012000  3.262167e+02  2.150146e+02 
   67.182    4.115000  3.275591e+02  2.151222e+02 
   67.182    4.218000  3.289041e+02  2.152342e+02 
   67.182    4.321000  3.302485e+02  2.153506e+02 
   67.182    4.424000  3.315852e+02  2.154715e+02 
   67.182    4.527000  3.329080e+02  2.155968e+02 
   67.182    4.630000  3.342135e+02  2.157263e+02 
   67.182    4.733000  3.355002e+02  2.158592e+02 
   67.182    4.835000  3.367523e+02  2.159939e+02 
   67.182    4.938000  3.379946e+02  2.161325e+02 
   67.182    5.041000  3.392160e+02  2.162732e+02 
   67.182    5.144000  3.404135e+02  2.164159e+02 
   67.182    5.247000  3.415870e+02  2.165602e+02 
   67.182    5.350000  3.427355e+02  2.167059e+02 
   67.182    5.453000  3.438586e+02  2.168528e+02 
   67.182    5.556000  3.449588e+02  2.170005e+02 
   67.182    5.659000  3.460358e+02  2.171489e+02 
   67.182    5.761000  3.470802e+02  2.172965e+02 
   67.182    5.864000  3.481147e+02  2.174459e+02 
   67.182    5.967000  3.491286e+02  2.175956e+02 
   67.182    6.070000  3.501224e+02  2.177456e+02 
   67.182    6.173000  3.510981e+02  2.178956e+02 
   67.182    6.276000  3.520581e+02  2.180453e+02 
   67.182    6.379000  3.530060e+02  2.181944e+02 
   67.182    6.482000  3.539437e+02  2.183429e+02 
   67.182    6.585000  3.548745e+02  2.184904e+02 
   67.182    6.688000  3.588532e+02  2.188709e+02 
   67.182    6.790000  3.624839e+02  2.192190e+02 
   67.182    6.893000  3.657055e+02  2.195332e+02 
   67.182    6.996000  3.685973e+02  2.198205e+02 
   67.182    7.099000  3.728674e+02  2.202080e+02 
   67.182    7.202000  3.744663e+02  2.203970e+02 
   67.182    7.305000  3.758941e+02  2.205753e+02 
   67.182    7.408000  3.781094e+02  2.208137e+02 
   67.182    7.511000  3.794411e+02  2.209887e+02 
   67.182    7.614000  3.810536e+02  2.212509e+02 
   67.182    7.716000  4.198185e+02  2.238966e+02 
   67.182    7.819000  4.225085e+02  2.241418e+02 
   67.182    7.922000  4.260629e+02  2.244378e+02 
   67.182    8.025000  4.291118e+02  2.247002e+02 
   67.182    8.128000  4.310699e+02  2.248951e+02 
   67.182    8.231000  4.331243e+02  2.250938e+02 
   67.182    8.334000  4.377864e+02  2.254412e+02 
   67.182    8.437000  4.416862e+02  2.257398e+02 
   67.182    8.540000  4.435670e+02  2.259216e+02 
   67.182    8.642000  4.456671e+02  2.261135e+02 
   67.182    8.745000  4.486025e+02  2.263507e+02 
   67.182    8.848000  4.552659e+02  2.267845e+02 
   67.182    8.951000  4.558098e+02  2.268843e+02 
   67.182    9.054000  4.563474e+02  2.269821e+02 
   67.182    9.157000  4.568784e+02  2.270777e+02 
   67.182    9.260000  4.574023e+02  2.271710e+02 
   67.182    9.363000  4.579188e+02  2.272622e+02 
   67.182    9.466000  4.584278e+02  2.273513e+02 
   67.182    9.568000  4.589246e+02  2.274377e+02 
   67.182    9.671000  4.594192e+02  2.275231e+02 
   67.182    9.774000  4.599047e+02  2.276067e+02 
   67.182    9.877000  4.603783e+02  2.276886e+02 
   67.182    9.980000  4.608394e+02  2.277686e+02 
   67.182   10.083000  4.613229e+02  2.278461e+02 
   67.182   10.186000  4.617970e+02  2.279221e+02 
   67.182   10.289000  4.622622e+02  2.279966e+02 
   67.182   10.392000  4.627197e+02  2.280698e+02 
   67.182   10.494000  4.631666e+02  2.281409e+02 
   67.182   10.597000  4.636119e+02  2.282113e+02 
   67.182   10.700000  4.640505e+02  2.282806e+02 
   67.182   10.803000  4.644818e+02  2.283487e+02 
   67.182   10.906000  4.649056e+02  2.284158e+02 
   67.182   11.009000  4.653229e+02  2.284820e+02 
   67.182   11.112000  4.657354e+02  2.285472e+02 
   67.182   11.215000  4.661435e+02  2.286115e+02 
   67.182   11.318000  4.665468e+02  2.286750e+02 
   67.182   11.420000  4.669412e+02  2.287371e+02 
   67.182   11.523000  4.673344e+02  2.287990e+02 
   67.182   11.626000  4.677223e+02  2.288601e+02 
   67.182   11.729000  4.681049e+02  2.289203e+02 
   67.182   11.832000  4.684825e+02  2.289798e+02 
   67.182   11.935000  4.688548e+02  2.290385e+02 
   67.182   12.038000  4.692221e+02  2.290965e+02 
   67.182   12.141000  4.695845e+02  2.291536e+02 
   67.182   12.244000  4.699420e+02  2.292100e+02 
   67.182   12.347000  4.702945e+02  2.292657e+02 
   67.182   12.449000  4.706388e+02  2.293200e+02 
   67.182   12.552000  4.709817e+02  2.293740e+02 
   67.182   12.655000  4.713197e+02  2.294273e+02 
   67.182   12.758000  4.716530e+02  2.294796e+02 
   67.182   12.861000  4.719822e+02  2.295311e+02 
   67.182   12.964000  4.723073e+02  2.295817e+02 
   67.182   13.067000  4.726284e+02  2.296314e+02 
   67.182   13.170000  4.729458e+02  2.296800e+02 
   67.182   13.273000  4.732593e+02  2.297278e+02 
   67.182   13.375000  4.735663e+02  2.297741e+02 
   67.182   13.478000  4.738726e+02  2.298199e+02 
   67.182   13.581000  4.741753e+02  2.298647e+02 
   67.182   13.684000  4.744746e+02  2.299086e+02 
   67.182   13.787000  4.747705e+02  2.299515e+02 
   67.182   13.890000  4.750630e+02  2.299935e+02 
   67.182   13.993000  4.753523e+02  2.300346e+02 
   67.182   14.096000  4.756384e+02  2.300747e+02 
   67.182   14.199000  4.759213e+02  2.301139e+02 
   67.182   14.301000  4.761983e+02  2.301517e+02 
   67.182   14.404000  4.764749e+02  2.301891e+02 
   67.182   14.507000  4.767484e+02  2.302255e+02 
   67.182   14.610000  4.770188e+02  2.302611e+02 
   67.182   14.713000  4.772860e+02  2.302959e+02 
   67.182   14.816000  4.775501e+02  2.303300e+02 
   67.182   14.919000  4.778110e+02  2.303634e+02 
   67.182   15.022000  4.780688e+02  2.303961e+02 
   67.182   15.125000  4.783234e+02  2.304282e+02 
   67.182   15.227000  4.785724e+02  2.304594e+02 
   67.182   15.330000  4.788208e+02  2.304902e+02 
   67.182   15.433000  4.790661e+02  2.305205e+02 
   67.182   15.536000  4.793084e+02  2.305501e+02 
   67.182   15.639000  4.795478e+02  2.305792e+02 
   67.182   15.742000  4.797843e+02  2.306077e+02 
   67.182   15.845000  4.800179e+02  2.306356e+02 
   67.182   15.948000  4.802487e+02  2.306628e+02 
   67.182   16.051001  4.804771e+02  2.306894e+02 
   67.182   16.153000  4.807007e+02  2.307152e+02 
   67.182   16.256001  4.809242e+02  2.307405e+02 
   67.182   16.358999  4.811451e+02  2.307653e+02 
   67.182   16.462000  4.813638e+02  2.307895e+02 
   67.182   16.565001  4.815802e+02  2.308131e+02 
   67.182   16.667999  4.817944e+02  2.308361e+02 
   67.182   16.771000  4.820065e+02  2.308584e+02 
   67.182   16.874001  4.822167e+02  2.308801e+02 
   67.182   16.976999  4.824249e+02  2.309011e+02 
   67.182   17.080000  4.826315e+02  2.309213e+02 
   67.182   17.181999  4.828345e+02  2.309405e+02 
   67.182   17.285000  4.830382e+02  2.309591e+02 
   67.182   17.388000  4.832404e+02  2.309768e+02 
   67.182   17.490999  4.834413e+02  2.309937e+02 
   67.182   17.594000  4.836412e+02  2.310096e+02 
   67.182   17.697001  4.838399e+02  2.310247e+02 
   67.182   17.799999  4.840372e+02  2.310389e+02 
   67.182   17.903000  4.842332e+02  2.310524e+02 
   67.182   18.006001  4.844276e+02  2.310652e+02 
   67.182   18.108000  4.846187e+02  2.310773e+02 
   67.182   18.211000  4.848101e+02  2.310888e+02 
   67.182   18.313999  4.849997e+02  2.310998e+02 
   67.182   18.417000  4.851875e+02  2.311103e+02 
   67.182   18.520000  4.853737e+02  2.311203e+02 
   67.182   18.622999  4.855584e+02  2.311297e+02 
   67.182   18.726000  4.857415e+02  2.311385e+02 
   67.182   18.829000  4.859232e+02  2.311467e+02 
   67.182   18.931999  4.861034e+02  2.311544e+02 
   67.182   19.034000  4.862805e+02  2.311615e+02 
   67.182   19.136999  4.864581e+02  2.311680e+02 
   67.182   19.240000  4.866344e+02  2.311740e+02 
   67.182   19.343000  4.868094e+02  2.311795e+02 
   67.182   19.445999  4.869831e+02  2.311845e+02 
   67.182   19.549000  4.871554e+02  2.311890e+02 
   67.182   19.652000  4.873264e+02  2.311931e+02 
   67.182   19.754999  4.874960e+02  2.311968e+02 
   67.182   19.858000  4.876643e+02  2.312000e+02 
   67.182   19.959999  4.878297e+02  2.312028e+02 
   67.182   20.063000  4.879958e+02  2.312050e+02 
   67.182   20.363001  4.884745e+02  2.312083e+02 
   67.182   20.858000  4.892415e+02  2.312063e+02 
   67.182   21.354000  4.899820e+02  2.311957e+02 
   67.182   21.850000  4.906954e+02  2.311770e+02 
   67.182   22.346001  4.913764e+02  2.311543e+02 
   67.182   22.841000  4.920175e+02  2.311318e+02 
   67.182   23.337000  4.926171e+02  2.311121e+02 
   67.182   23.833000  4.931758e+02  2.310949e+02 
   67.182   24.329000  4.936996e+02  2.310784e+02 
   67.182   24.823999  4.941913e+02  2.310614e+02 
   67.182   25.320000  4.946523e+02  2.310449e+02 
   67.182   25.816000  4.950826e+02  2.310294e+02 
   67.182   26.312000  4.954845e+02  2.310148e+02 
   67.182   26.806999  4.958602e+02  2.310004e+02 
   67.182   27.302999  4.962131e+02  2.309860e+02 
   67.182   27.799000  4.965425e+02  2.309720e+02 
   67.182   28.295000  4.968496e+02  2.309583e+02 
   67.182   28.790001  4.971370e+02  2.309448e+02 
   67.182   29.285999  4.974088e+02  2.309309e+02 
   67.182   29.782000  4.976672e+02  2.309164e+02 
   67.182   30.278000  4.979137e+02  2.309012e+02 
   67.182   30.773001  4.981497e+02  2.308855e+02 
   67.182   31.268999  4.983780e+02  2.308692e+02 
   67.182   31.764999  4.985995e+02  2.308525e+02 
   67.182   32.261002  4.988166e+02  2.308355e+02 
   67.182   32.756001  4.990304e+02  2.308185e+02 
   67.182   33.251999  4.992434e+02  2.308017e+02 
   67.182   33.748001  4.994568e+02  2.307854e+02 
   67.182   34.243999  4.996720e+02  2.307697e+02 
   67.182   34.738998  4.998900e+02  2.307549e+02 
   67.182   35.235001  5.001127e+02  2.307409e+02 
   67.182   35.730999  5.003409e+02  2.307278e+02 
   67.182   36.227001  5.005750e+02  2.307156e+02 
   67.182   36.722000  5.008145e+02  2.307042e+02 
   67.182   37.217999  5.010597e+02  2.306935e+02 
   67.182   37.714001  5.013091e+02  2.306835e+02 
   67.182   38.209999  5.015610e+02  2.306743e+02 
   67.182   38.705002  5.018129e+02  2.306659e+02 
   67.182   39.201000  5.020642e+02  2.306582e+02 
   67.182   39.696999  5.023120e+02  2.306513e+02 
   67.182   40.196999  5.025530e+02  2.306462e+02 
   67.182   45.196999  5.044368e+02  2.306320e+02 
   67.182   50.196999  5.051470e+02  2.306369e+02 
   67.182   55.196999  5.053992e+02  2.306437e+02 
   67.182   60.196999  5.061749e+02  2.306489e+02 
   67.182   65.196999  5.074188e+02  2.306524e+02 
