   67.537    0.000000  2.785485e-04  1.043184e+01 
   67.537    0.103000  2.800359e-04  1.057386e+01 
   67.537    0.206000  2.815186e-04  1.071846e+01 
   67.537    0.309000  2.829953e-04  1.086423e+01 
   67.537    0.411000  2.844514e-04  1.100905e+01 
   67.537    0.514000  2.859121e-04  1.115546e+01 
   67.537    0.617000  2.873609e-04  1.130178e+01 
   67.537    0.720000  2.890546e-04  1.145668e+01 
   67.537    0.823000  2.907870e-04  1.161234e+01 
   67.537    0.926000  2.926625e-04  1.177202e+01 
   67.537    1.029000  2.947256e-04  1.193703e+01 
   67.537    1.132000  2.969615e-04  1.210665e+01 
   67.537    1.235000  2.994165e-04  1.228223e+01 
   67.537    1.337000  3.020714e-04  1.246202e+01 
   67.537    1.440000  3.051057e-04  1.265386e+01 
   67.537    1.543000  2.864785e-03  3.522007e+01 
   67.537    1.646000  2.437788e-02  5.699788e+01 
   67.537    1.749000  1.917351e-01  7.986930e+01 
   67.537    1.852000  1.402483e+00  1.056848e+02 
   67.537    1.955000  9.424615e+00  1.370164e+02 
   67.537    2.058000  5.665970e+01  1.768367e+02 
   67.537    2.161000  2.971280e+02  2.216676e+02 
   67.537    2.263000  3.029694e+02  2.216804e+02 
   67.537    2.366000  3.082766e+02  2.217213e+02 
   67.537    2.469000  3.126499e+02  2.217535e+02 
   67.537    2.572000  3.155811e+02  2.217389e+02 
   67.537    2.675000  3.174148e+02  2.217134e+02 
   67.537    2.778000  3.192531e+02  2.217236e+02 
   67.537    2.881000  3.211020e+02  2.217628e+02 
   67.537    2.984000  3.229716e+02  2.218268e+02 
   67.537    3.087000  3.244167e+02  2.218521e+02 
   67.537    3.189000  3.258351e+02  2.218914e+02 
   67.537    3.292000  3.272566e+02  2.219434e+02 
   67.537    3.395000  3.286698e+02  2.220061e+02 
   67.537    3.498000  3.300761e+02  2.220782e+02 
   67.537    3.601000  3.314760e+02  2.221586e+02 
   67.537    3.704000  3.328724e+02  2.222463e+02 
   67.537    3.807000  3.342643e+02  2.223407e+02 
   67.537    3.910000  3.356507e+02  2.224414e+02 
   67.537    4.013000  3.370300e+02  2.225477e+02 
   67.537    4.115000  3.383879e+02  2.226582e+02 
   67.537    4.218000  3.397505e+02  2.227745e+02 
   67.537    4.321000  3.411028e+02  2.228951e+02 
   67.537    4.424000  3.424437e+02  2.230196e+02 
   67.537    4.527000  3.437718e+02  2.231478e+02 
   67.537    4.630000  3.450859e+02  2.232790e+02 
   67.537    4.733000  3.468105e+02  2.234727e+02 
   67.537    4.836000  3.480981e+02  2.236084e+02 
   67.537    4.939000  3.493709e+02  2.237462e+02 
   67.537    5.041000  3.506177e+02  2.238843e+02 
   67.537    5.144000  3.524234e+02  2.241053e+02 
   67.537    5.247000  3.542018e+02  2.243252e+02 
   67.537    5.350000  3.559523e+02  2.245438e+02 
   67.537    5.453000  3.576649e+02  2.247599e+02 
   67.537    5.556000  3.593434e+02  2.249740e+02 
   67.537    5.659000  3.613278e+02  2.251763e+02 
   67.537    5.762000  3.634754e+02  2.253914e+02 
   67.537    5.865000  3.651462e+02  2.255749e+02 
   67.537    5.968000  3.665426e+02  2.257608e+02 
   67.537    6.070000  3.679910e+02  2.259574e+02 
   67.537    6.173000  3.695505e+02  2.261719e+02 
   67.537    6.276000  3.720876e+02  2.264227e+02 
   67.537    6.379000  3.747434e+02  2.266811e+02 
   67.537    6.482000  3.775371e+02  2.269482e+02 
   67.537    6.585000  3.805778e+02  2.272316e+02 
   67.537    6.688000  3.836474e+02  2.275154e+02 
   67.537    6.791000  3.866965e+02  2.277964e+02 
   67.537    6.894000  3.899619e+02  2.280900e+02 
   67.537    6.996000  3.932717e+02  2.283826e+02 
   67.537    7.099000  3.965990e+02  2.286745e+02 
   67.537    7.202000  3.999648e+02  2.289688e+02 
   67.537    7.305000  4.033653e+02  2.292674e+02 
   67.537    7.408000  4.064998e+02  2.295498e+02 
   67.537    7.511000  4.093522e+02  2.298148e+02 
   67.537    7.614000  4.122835e+02  2.300859e+02 
   67.537    7.717000  4.153578e+02  2.303648e+02 
   67.537    7.820000  4.179612e+02  2.306110e+02 
   67.537    7.922000  4.207123e+02  2.308626e+02 
   67.537    8.025000  4.234065e+02  2.311082e+02 
   67.537    8.127999  4.260868e+02  2.313497e+02 
   67.537    8.231000  4.287641e+02  2.315879e+02 
   67.537    8.334000  4.315377e+02  2.318292e+02 
   67.537    8.436999  4.342455e+02  2.320644e+02 
   67.537    8.540000  4.370449e+02  2.323033e+02 
   67.537    8.643000  4.404048e+02  2.325721e+02 
   67.537    8.745999  4.430735e+02  2.327994e+02 
   67.537    8.848000  4.444247e+02  2.329956e+02 
   67.537    8.950999  4.457481e+02  2.331875e+02 
   67.537    9.054000  4.471342e+02  2.333839e+02 
   67.537    9.157000  4.486385e+02  2.335901e+02 
   67.537    9.259999  4.502760e+02  2.338071e+02 
   67.537    9.363000  4.507589e+02  2.338984e+02 
   67.537    9.466000  4.512411e+02  2.339876e+02 
   67.537    9.568999  4.517229e+02  2.340748e+02 
   67.537    9.672000  4.522043e+02  2.341599e+02 
   67.537    9.773999  4.526777e+02  2.342423e+02 
   67.537    9.877000  4.531481e+02  2.343237e+02 
   67.537    9.980000  4.536099e+02  2.344032e+02 
   67.537   10.082999  4.540626e+02  2.344810e+02 
   67.537   10.186000  4.545379e+02  2.345562e+02 
   67.537   10.289000  4.550016e+02  2.346300e+02 
   67.537   10.391999  4.554558e+02  2.347025e+02 
   67.537   10.495000  4.559037e+02  2.347736e+02 
   67.537   10.598000  4.563461e+02  2.348435e+02 
   67.537   10.700000  4.567785e+02  2.349115e+02 
   67.537   10.802999  4.572090e+02  2.349791e+02 
   67.537   10.905999  4.576333e+02  2.350457e+02 
   67.537   11.009000  4.580516e+02  2.351114e+02 
   67.537   11.112000  4.584640e+02  2.351761e+02 
   67.537   11.214999  4.588707e+02  2.352401e+02 
   67.537   11.318000  4.592719e+02  2.353032e+02 
   67.537   11.421000  4.596679e+02  2.353655e+02 
   67.537   11.523999  4.600590e+02  2.354272e+02 
   67.537   11.627000  4.604449e+02  2.354880e+02 
   67.537   11.728999  4.608219e+02  2.355475e+02 
   67.537   11.832000  4.611973e+02  2.356068e+02 
   67.537   11.934999  4.615673e+02  2.356653e+02 
   67.537   12.037999  4.619322e+02  2.357231e+02 
   67.537   12.141000  4.622921e+02  2.357800e+02 
   67.537   12.243999  4.626470e+02  2.358362e+02 
   67.537   12.346999  4.629971e+02  2.358915e+02 
   67.537   12.450000  4.633425e+02  2.359460e+02 
   67.537   12.552999  4.636832e+02  2.359998e+02 
   67.537   12.655000  4.640161e+02  2.360521e+02 
   67.537   12.757999  4.643480e+02  2.361041e+02 
   67.537   12.861000  4.646759e+02  2.361552e+02 
   67.537   12.964000  4.649998e+02  2.362054e+02 
   67.537   13.066999  4.653199e+02  2.362547e+02 
   67.537   13.169999  4.656363e+02  2.363031e+02 
   67.537   13.273000  4.659489e+02  2.363505e+02 
   67.537   13.375999  4.662579e+02  2.363970e+02 
   67.537   13.478999  4.665635e+02  2.364425e+02 
   67.537   13.580999  4.668626e+02  2.364866e+02 
   67.537   13.684000  4.671613e+02  2.365303e+02 
   67.537   13.787000  4.674566e+02  2.365729e+02 
   67.537   13.889999  4.677486e+02  2.366146e+02 
   67.537   13.993000  4.680374e+02  2.366553e+02 
   67.537   14.096000  4.683230e+02  2.366951e+02 
   67.537   14.198999  4.686055e+02  2.367339e+02 
   67.537   14.302000  4.688848e+02  2.367718e+02 
   67.537   14.405000  4.691610e+02  2.368088e+02 
   67.537   14.507000  4.694314e+02  2.368445e+02 
   67.537   14.610000  4.697013e+02  2.368798e+02 
   67.537   14.712999  4.699680e+02  2.369144e+02 
   67.537   14.816000  4.702315e+02  2.369482e+02 
   67.537   14.919000  4.704918e+02  2.369814e+02 
   67.537   15.021999  4.707488e+02  2.370139e+02 
   67.537   15.125000  4.710027e+02  2.370458e+02 
   67.537   15.228000  4.712535e+02  2.370771e+02 
   67.537   15.330999  4.715011e+02  2.371077e+02 
   67.537   15.433000  4.717433e+02  2.371375e+02 
   67.537   15.535999  4.719849e+02  2.371670e+02 
   67.537   15.639000  4.722234e+02  2.371959e+02 
   67.537   15.742000  4.724591e+02  2.372242e+02 
   67.537   15.844999  4.726918e+02  2.372518e+02 
   67.537   15.947999  4.729218e+02  2.372789e+02 
   67.537   16.051001  4.731493e+02  2.373054e+02 
   67.537   16.154001  4.733744e+02  2.373313e+02 
   67.537   16.257000  4.735970e+02  2.373566e+02 
   67.537   16.360001  4.738172e+02  2.373814e+02 
   67.537   16.462000  4.740331e+02  2.374053e+02 
   67.537   16.565001  4.742489e+02  2.374289e+02 
   67.537   16.668001  4.744625e+02  2.374518e+02 
   67.537   16.771000  4.746741e+02  2.374741e+02 
   67.537   16.874001  4.748838e+02  2.374957e+02 
   67.537   16.977001  4.750916e+02  2.375166e+02 
   67.537   17.080000  4.752977e+02  2.375368e+02 
   67.537   17.183001  4.755025e+02  2.375560e+02 
   67.537   17.286001  4.757059e+02  2.375744e+02 
   67.537   17.388000  4.759060e+02  2.375916e+02 
   67.537   17.491001  4.761068e+02  2.376082e+02 
   67.537   17.594000  4.763065e+02  2.376237e+02 
   67.537   17.697001  4.765051e+02  2.376384e+02 
   67.537   17.800001  4.767023e+02  2.376523e+02 
   67.537   17.903000  4.768981e+02  2.376654e+02 
   67.537   18.006001  4.770923e+02  2.376779e+02 
   67.537   18.109001  4.772849e+02  2.376897e+02 
   67.537   18.212000  4.774759e+02  2.377009e+02 
   67.537   18.314001  4.776634e+02  2.377115e+02 
   67.537   18.417000  4.778510e+02  2.377217e+02 
   67.537   18.520000  4.780370e+02  2.377313e+02 
   67.537   18.623001  4.782215e+02  2.377403e+02 
   67.537   18.726000  4.784045e+02  2.377488e+02 
   67.537   18.829000  4.785861e+02  2.377567e+02 
   67.537   18.932001  4.787661e+02  2.377641e+02 
   67.537   19.035000  4.789447e+02  2.377709e+02 
   67.537   19.138000  4.791221e+02  2.377772e+02 
   67.537   19.240000  4.792964e+02  2.377829e+02 
   67.537   19.343000  4.794711e+02  2.377882e+02 
   67.537   19.446001  4.796444e+02  2.377930e+02 
   67.537   19.549000  4.798165e+02  2.377974e+02 
   67.537   19.652000  4.799872e+02  2.378013e+02 
   67.537   19.755001  4.801566e+02  2.378047e+02 
   67.537   19.858000  4.803247e+02  2.378077e+02 
   67.537   19.961000  4.804916e+02  2.378103e+02 
   67.537   20.064001  4.806577e+02  2.378123e+02 
   67.537   20.363001  4.811344e+02  2.378148e+02 
   67.537   20.859001  4.819026e+02  2.378114e+02 
   67.537   21.354000  4.826412e+02  2.377994e+02 
   67.537   21.850000  4.833533e+02  2.377799e+02 
   67.537   22.346001  4.840312e+02  2.377573e+02 
   67.537   22.842001  4.846692e+02  2.377355e+02 
   67.537   23.337000  4.852630e+02  2.377166e+02 
   67.537   23.833000  4.858183e+02  2.376997e+02 
   67.537   24.329000  4.863400e+02  2.376830e+02 
   67.537   24.825001  4.868309e+02  2.376659e+02 
   67.537   25.320000  4.872893e+02  2.376494e+02 
   67.537   25.816000  4.877179e+02  2.376339e+02 
   67.537   26.312000  4.881180e+02  2.376193e+02 
   67.537   26.808001  4.884927e+02  2.376048e+02 
   67.537   27.303001  4.888426e+02  2.375906e+02 
   67.537   27.799000  4.891697e+02  2.375768e+02 
   67.537   28.295000  4.894753e+02  2.375632e+02 
   67.537   28.791000  4.897623e+02  2.375496e+02 
   67.537   29.286001  4.900327e+02  2.375355e+02 
   67.537   29.782001  4.902902e+02  2.375209e+02 
   67.537   30.278000  4.905356e+02  2.375056e+02 
   67.537   30.774000  4.907707e+02  2.374897e+02 
   67.537   31.269001  4.909968e+02  2.374735e+02 
   67.537   31.765001  4.912162e+02  2.374569e+02 
   67.537   32.261002  4.914310e+02  2.374399e+02 
   67.537   32.757000  4.916428e+02  2.374229e+02 
   67.537   33.251999  4.918526e+02  2.374060e+02 
   67.537   33.748001  4.920630e+02  2.373895e+02 
   67.537   34.243999  4.922748e+02  2.373738e+02 
   67.537   34.740002  4.924897e+02  2.373588e+02 
   67.537   35.235001  4.927084e+02  2.373447e+02 
   67.537   35.730999  4.929328e+02  2.373315e+02 
   67.537   36.227001  4.931631e+02  2.373191e+02 
   67.537   36.723000  4.933991e+02  2.373076e+02 
   67.537   37.218002  4.936401e+02  2.372968e+02 
   67.537   37.714001  4.938858e+02  2.372867e+02 
   67.537   38.209999  4.941343e+02  2.372774e+02 
   67.537   38.706001  4.943835e+02  2.372688e+02 
   67.537   39.201000  4.946314e+02  2.372610e+02 
   67.537   39.697002  4.948765e+02  2.372540e+02 
   67.537   40.197002  4.951153e+02  2.372488e+02 
   67.537   45.197002  4.969899e+02  2.372339e+02 
   67.537   50.197002  4.977001e+02  2.372387e+02 
   67.537   55.197002  4.979499e+02  2.372454e+02 
   67.537   60.197002  4.987064e+02  2.372506e+02 
   67.537   65.196999  4.999437e+02  2.372541e+02 
