   67.892    0.000000  4.540209e-14  6.234288e+00 
   67.892    0.102000  4.564992e-14  6.327709e+00 
   67.892    0.205000  4.589788e-14  6.423712e+00 
   67.892    0.308000  4.614527e-14  6.520155e+00 
   67.892    0.411000  4.639254e-14  6.616555e+00 
   67.892    0.514000  4.663974e-14  6.712645e+00 
   67.892    0.617000  4.688707e-14  6.808304e+00 
   67.892    0.720000  5.368258e-14  7.852894e+00 
   67.892    0.823000  6.681056e-14  9.474422e+00 
   67.892    0.926000  8.875112e-14  1.150800e+01 
   67.892    1.028000  1.231957e-13  1.379306e+01 
   67.892    1.131000  1.772444e-13  1.627384e+01 
   67.892    1.234000  2.593871e-13  1.882723e+01 
   67.892    1.337000  3.904495e-13  2.152619e+01 
   67.892    1.440000  6.136886e-13  2.446266e+01 
   67.892    1.543000  1.002472e-12  2.760271e+01 
   67.892    1.646000  1.701943e-12  3.094271e+01 
   67.892    1.749000  2.997526e-12  3.446075e+01 
   67.892    1.852000  3.260935e-12  3.493555e+01 
   67.892    1.954000  3.355259e-12  3.510641e+01 
   67.892    2.057000  3.443773e-12  3.526905e+01 
   67.892    2.160000  3.580834e-08  7.663165e+01 
   67.892    2.263000  2.007626e-05  1.070589e+02 
   67.892    2.366000  1.203159e-03  1.296210e+02 
   67.892    2.469000  1.587599e-02  1.465635e+02 
   67.892    2.572000  1.626081e-02  1.465561e+02 
   67.892    2.675000  1.664215e-02  1.465739e+02 
   67.892    2.778000  1.700763e-02  1.466062e+02 
   67.892    2.880000  1.725339e-02  1.466075e+02 
   67.892    2.983000  1.010349e-01  1.602069e+02 
   67.892    3.086000  6.928951e-01  1.777704e+02 
   67.892    3.189000  5.426985e+00  2.024626e+02 
   67.892    3.292000  4.289300e+01  2.380064e+02 
   67.892    3.395000  3.014622e+02  2.813231e+02 
   67.892    3.498000  3.039534e+02  2.811852e+02 
   67.892    3.601000  3.063826e+02  2.811013e+02 
   67.892    3.704000  3.086964e+02  2.810475e+02 
   67.892    3.806000  3.108075e+02  2.810086e+02 
   67.892    3.909000  3.128417e+02  2.809874e+02 
   67.892    4.012000  3.148692e+02  2.809906e+02 
   67.892    4.115000  3.169584e+02  2.810234e+02 
   67.892    4.218000  3.191219e+02  2.810855e+02 
   67.892    4.321000  3.213667e+02  2.811758e+02 
   67.892    4.424000  3.236303e+02  2.812842e+02 
   67.892    4.527000  3.258468e+02  2.814017e+02 
   67.892    4.630000  3.279276e+02  2.814716e+02 
   67.892    4.732000  3.309057e+02  2.816046e+02 
   67.892    4.835000  3.345075e+02  2.817820e+02 
   67.892    4.938000  3.367381e+02  2.818868e+02 
   67.892    5.041000  3.391243e+02  2.820085e+02 
   67.892    5.144000  3.418776e+02  2.821588e+02 
   67.892    5.247000  3.442019e+02  2.822900e+02 
   67.892    5.350000  3.465760e+02  2.824300e+02 
   67.892    5.453000  3.489615e+02  2.825760e+02 
   67.892    5.556000  3.513565e+02  2.827273e+02 
   67.892    5.659000  3.527951e+02  2.828412e+02 
   67.892    5.761000  3.542076e+02  2.829583e+02 
   67.892    5.864000  3.556159e+02  2.830797e+02 
   67.892    5.967000  3.570087e+02  2.832046e+02 
   67.892    6.070000  3.594048e+02  2.833781e+02 
   67.892    6.173000  3.618268e+02  2.835564e+02 
   67.892    6.276000  3.643760e+02  2.837447e+02 
   67.892    6.379000  3.669789e+02  2.839378e+02 
   67.892    6.482000  3.716720e+02  2.842538e+02 
   67.892    6.585000  3.753095e+02  2.845065e+02 
   67.892    6.687000  3.780292e+02  2.847047e+02 
   67.892    6.790000  3.808102e+02  2.849066e+02 
   67.892    6.893000  3.835744e+02  2.851067e+02 
   67.892    6.996000  3.863686e+02  2.853071e+02 
   67.892    7.099000  3.893838e+02  2.855190e+02 
   67.892    7.202000  3.923981e+02  2.857311e+02 
   67.892    7.305000  3.951717e+02  2.859319e+02 
   67.892    7.408000  3.977918e+02  2.861260e+02 
   67.892    7.511000  4.004907e+02  2.863270e+02 
   67.892    7.613000  4.029711e+02  2.865192e+02 
   67.892    7.716000  4.050914e+02  2.866940e+02 
   67.892    7.819000  4.075620e+02  2.868873e+02 
   67.892    7.922000  4.097884e+02  2.870669e+02 
   67.892    8.025000  4.122273e+02  2.872566e+02 
   67.892    8.127999  4.143488e+02  2.874280e+02 
   67.892    8.231000  4.165027e+02  2.875995e+02 
   67.892    8.334000  4.186922e+02  2.877714e+02 
   67.892    8.436999  4.213664e+02  2.879663e+02 
   67.892    8.539000  4.233152e+02  2.881228e+02 
   67.892    8.642000  4.256834e+02  2.882989e+02 
   67.892    8.745000  4.277997e+02  2.884606e+02 
   67.892    8.848000  4.303518e+02  2.886384e+02 
   67.892    8.951000  4.327079e+02  2.888042e+02 
   67.892    9.054000  4.348100e+02  2.889553e+02 
   67.892    9.157000  4.369683e+02  2.891064e+02 
   67.892    9.259999  4.384487e+02  2.892233e+02 
   67.892    9.363000  4.393438e+02  2.893263e+02 
   67.892    9.465000  4.402695e+02  2.894294e+02 
   67.892    9.568000  4.411861e+02  2.895341e+02 
   67.892    9.671000  4.421206e+02  2.896382e+02 
   67.892    9.774000  4.430659e+02  2.897414e+02 
   67.892    9.877000  4.440088e+02  2.898426e+02 
   67.892    9.980000  4.449485e+02  2.899420e+02 
   67.892   10.083000  4.458728e+02  2.900458e+02 
   67.892   10.186000  4.468015e+02  2.901525e+02 
   67.892   10.289000  4.477001e+02  2.902552e+02 
   67.892   10.392000  4.481610e+02  2.903074e+02 
   67.892   10.493999  4.486098e+02  2.903582e+02 
   67.892   10.597000  4.490663e+02  2.904097e+02 
   67.892   10.700000  4.494999e+02  2.904584e+02 
   67.892   10.802999  4.499280e+02  2.905064e+02 
   67.892   10.906000  4.503509e+02  2.905536e+02 
   67.892   11.009000  4.507684e+02  2.906000e+02 
   67.892   11.112000  4.511805e+02  2.906459e+02 
   67.892   11.215000  4.515873e+02  2.906913e+02 
   67.892   11.318000  4.519886e+02  2.907361e+02 
   67.892   11.420000  4.523806e+02  2.907801e+02 
   67.892   11.523000  4.527710e+02  2.908240e+02 
   67.892   11.625999  4.531559e+02  2.908675e+02 
   67.892   11.729000  4.535354e+02  2.909106e+02 
   67.892   11.832000  4.539093e+02  2.909532e+02 
   67.892   11.934999  4.542778e+02  2.909955e+02 
   67.892   12.038000  4.546410e+02  2.910371e+02 
   67.892   12.141000  4.549991e+02  2.910783e+02 
   67.892   12.243999  4.553521e+02  2.911190e+02 
   67.892   12.346000  4.556969e+02  2.911586e+02 
   67.892   12.448999  4.560404e+02  2.911981e+02 
   67.892   12.552000  4.563792e+02  2.912370e+02 
   67.892   12.655000  4.567136e+02  2.912753e+02 
   67.892   12.757999  4.570438e+02  2.913129e+02 
   67.892   12.861000  4.573702e+02  2.913500e+02 
   67.892   12.964000  4.576927e+02  2.913864e+02 
   67.892   13.066999  4.580116e+02  2.914220e+02 
   67.892   13.170000  4.583267e+02  2.914570e+02 
   67.892   13.271999  4.586351e+02  2.914910e+02 
   67.892   13.375000  4.589430e+02  2.915244e+02 
   67.892   13.478000  4.592474e+02  2.915571e+02 
   67.892   13.580999  4.595483e+02  2.915890e+02 
   67.892   13.684000  4.598461e+02  2.916200e+02 
   67.892   13.787000  4.601407e+02  2.916500e+02 
   67.892   13.889999  4.604320e+02  2.916791e+02 
   67.892   13.993000  4.607203e+02  2.917073e+02 
   67.892   14.096000  4.610055e+02  2.917346e+02 
   67.892   14.198000  4.612849e+02  2.917606e+02 
   67.892   14.301000  4.615637e+02  2.917861e+02 
   67.892   14.403999  4.618394e+02  2.918109e+02 
   67.892   14.507000  4.621118e+02  2.918350e+02 
   67.892   14.610000  4.623809e+02  2.918585e+02 
   67.892   14.712999  4.626466e+02  2.918814e+02 
   67.892   14.816000  4.629091e+02  2.919038e+02 
   67.892   14.919000  4.631682e+02  2.919257e+02 
   67.892   15.021999  4.634242e+02  2.919471e+02 
   67.892   15.124000  4.636745e+02  2.919679e+02 
   67.892   15.226999  4.639242e+02  2.919884e+02 
   67.892   15.330000  4.641707e+02  2.920084e+02 
   67.892   15.433000  4.644142e+02  2.920280e+02 
   67.892   15.535999  4.646547e+02  2.920471e+02 
   67.892   15.639000  4.648922e+02  2.920658e+02 
   67.892   15.742000  4.651267e+02  2.920840e+02 
   67.892   15.844999  4.653586e+02  2.921018e+02 
   67.892   15.948000  4.655876e+02  2.921191e+02 
   67.892   16.051001  4.658143e+02  2.921360e+02 
   67.892   16.153000  4.660363e+02  2.921523e+02 
   67.892   16.256001  4.662581e+02  2.921683e+02 
   67.892   16.358999  4.664776e+02  2.921837e+02 
   67.892   16.462000  4.666949e+02  2.921987e+02 
   67.892   16.565001  4.669099e+02  2.922131e+02 
   67.892   16.667999  4.671229e+02  2.922270e+02 
   67.892   16.771000  4.673339e+02  2.922402e+02 
   67.892   16.874001  4.675432e+02  2.922527e+02 
   67.892   16.976999  4.677506e+02  2.922645e+02 
   67.892   17.079000  4.679546e+02  2.922753e+02 
   67.892   17.181999  4.681593e+02  2.922853e+02 
   67.892   17.285000  4.683628e+02  2.922944e+02 
   67.892   17.388000  4.685650e+02  2.923025e+02 
   67.892   17.490999  4.687660e+02  2.923098e+02 
   67.892   17.594000  4.689658e+02  2.923162e+02 
   67.892   17.697001  4.691643e+02  2.923217e+02 
   67.892   17.799999  4.693613e+02  2.923266e+02 
   67.892   17.903000  4.695568e+02  2.923309e+02 
   67.892   18.004999  4.697487e+02  2.923346e+02 
   67.892   18.108000  4.699409e+02  2.923378e+02 
   67.892   18.211000  4.701315e+02  2.923405e+02 
   67.892   18.313999  4.703205e+02  2.923427e+02 
   67.892   18.417000  4.705079e+02  2.923443e+02 
   67.892   18.520000  4.706937e+02  2.923455e+02 
   67.892   18.622999  4.708779e+02  2.923462e+02 
   67.892   18.726000  4.710607e+02  2.923464e+02 
   67.892   18.829000  4.712420e+02  2.923461e+02 
   67.892   18.931000  4.714200e+02  2.923453e+02 
   67.892   19.034000  4.715984e+02  2.923441e+02 
   67.892   19.136999  4.717755e+02  2.923424e+02 
   67.892   19.240000  4.719512e+02  2.923403e+02 
   67.892   19.343000  4.721255e+02  2.923377e+02 
   67.892   19.445999  4.722987e+02  2.923347e+02 
   67.892   19.549000  4.724705e+02  2.923313e+02 
   67.892   19.652000  4.726410e+02  2.923275e+02 
   67.892   19.754999  4.728103e+02  2.923232e+02 
   67.892   19.858000  4.729784e+02  2.923185e+02 
   67.892   19.959999  4.731436e+02  2.923134e+02 
   67.892   20.063000  4.733096e+02  2.923077e+02 
   67.892   20.362999  4.737874e+02  2.922882e+02 
   67.892   20.858000  4.745529e+02  2.922495e+02 
   67.892   21.354000  4.752918e+02  2.922034e+02 
   67.892   21.850000  4.760013e+02  2.921519e+02 
   67.892   22.346001  4.766746e+02  2.920998e+02 
   67.892   22.841000  4.773050e+02  2.920515e+02 
   67.892   23.337000  4.778936e+02  2.920080e+02 
   67.892   23.833000  4.784441e+02  2.919678e+02 
   67.892   24.329000  4.789630e+02  2.919285e+02 
   67.892   24.823999  4.794504e+02  2.918902e+02 
   67.892   25.320000  4.799065e+02  2.918542e+02 
   67.892   25.816000  4.803320e+02  2.918208e+02 
   67.892   26.312000  4.807298e+02  2.917891e+02 
   67.892   26.806999  4.811014e+02  2.917588e+02 
   67.892   27.302999  4.814493e+02  2.917298e+02 
   67.892   27.799000  4.817742e+02  2.917022e+02 
   67.892   28.295000  4.820784e+02  2.916755e+02 
   67.892   28.789999  4.823640e+02  2.916494e+02 
   67.892   29.285999  4.826344e+02  2.916234e+02 
   67.892   29.782000  4.828910e+02  2.915975e+02 
   67.892   30.278000  4.831353e+02  2.915716e+02 
   67.892   30.772999  4.833685e+02  2.915458e+02 
   67.892   31.268999  4.835932e+02  2.915202e+02 
   67.892   31.764999  4.838105e+02  2.914947e+02 
   67.892   32.261002  4.840228e+02  2.914693e+02 
   67.892   32.756001  4.842314e+02  2.914442e+02 
   67.892   33.252003  4.844388e+02  2.914196e+02 
   67.892   33.748001  4.846462e+02  2.913957e+02 
   67.892   34.244003  4.848546e+02  2.913730e+02 
   67.892   34.739002  4.850655e+02  2.913516e+02 
   67.892   35.235001  4.852809e+02  2.913315e+02 
   67.892   35.731003  4.855014e+02  2.913126e+02 
   67.892   36.227001  4.857276e+02  2.912949e+02 
   67.892   36.722000  4.859591e+02  2.912784e+02 
   67.892   37.218002  4.861964e+02  2.912629e+02 
   67.892   37.714001  4.864379e+02  2.912485e+02 
   67.892   38.210003  4.866826e+02  2.912351e+02 
   67.892   38.705002  4.869280e+02  2.912228e+02 
   67.892   39.201000  4.871734e+02  2.912115e+02 
   67.892   39.697002  4.874159e+02  2.912014e+02 
   67.892   40.197002  4.876524e+02  2.911934e+02 
   67.892   45.197002  4.895175e+02  2.911621e+02 
   67.892   50.197002  4.902263e+02  2.911603e+02 
   67.892   55.197002  4.904737e+02  2.911642e+02 
   67.892   60.197002  4.912101e+02  2.911680e+02 
   67.892   65.196999  4.924417e+02  2.911708e+02 
