    0.000    0.000000  0.000000e+00  3.526199e+02 
    0.000    0.103000  0.000000e+00  3.518122e+02 
    0.000    0.206000  0.000000e+00  3.505542e+02 
    0.000    0.309000  0.000000e+00  3.491205e+02 
    0.000    0.412000  0.000000e+00  3.415027e+02 
    0.000    0.514000  0.000000e+00  3.404241e+02 
    0.000    0.617000  0.000000e+00  3.391592e+02 
    0.000    0.720000  0.000000e+00  3.377757e+02 
    0.000    0.823000  0.000000e+00  3.361561e+02 
    0.000    0.926000  0.000000e+00  3.343112e+02 
    0.000    1.029000  0.000000e+00  3.324427e+02 
    0.000    1.132000  0.000000e+00  3.307959e+02 
    0.000    1.235000  0.000000e+00  3.252866e+02 
    0.000    1.338000  0.000000e+00  3.213356e+02 
    0.000    1.440000  0.000000e+00  3.181035e+02 
    0.000    1.543000  0.000000e+00  3.152263e+02 
    0.000    1.646000  0.000000e+00  3.125740e+02 
    0.000    1.749000  0.000000e+00  3.100943e+02 
    0.000    1.852000  0.000000e+00  3.077685e+02 
    0.000    1.955000  0.000000e+00  3.056486e+02 
    0.000    2.058000  0.000000e+00  3.037059e+02 
    0.000    2.161000  0.000000e+00  3.018785e+02 
    0.000    2.264000  0.000000e+00  3.009169e+02 
    0.000    2.366000  0.000000e+00  2.999439e+02 
    0.000    2.469000  0.000000e+00  2.989670e+02 
    0.000    2.572000  0.000000e+00  2.979977e+02 
    0.000    2.675000  0.000000e+00  2.969645e+02 
    0.000    2.778000  0.000000e+00  2.958273e+02 
    0.000    2.881000  0.000000e+00  2.946314e+02 
    0.000    2.984000  0.000000e+00  2.933855e+02 
    0.000    3.087000  0.000000e+00  2.921245e+02 
    0.000    3.190000  0.000000e+00  2.908803e+02 
    0.000    3.292000  0.000000e+00  2.896577e+02 
    0.000    3.395000  0.000000e+00  2.884005e+02 
    0.000    3.498000  0.000000e+00  2.871327e+02 
    0.000    3.601000  0.000000e+00  2.858603e+02 
    0.000    3.704000  0.000000e+00  2.845812e+02 
    0.000    3.807000  0.000000e+00  2.833062e+02 
    0.000    3.910000  0.000000e+00  2.820366e+02 
    0.000    4.013000  0.000000e+00  2.807766e+02 
    0.000    4.116000  0.000000e+00  2.795222e+02 
    0.000    4.218000  0.000000e+00  2.782788e+02 
    0.000    4.321000  0.000000e+00  2.770371e+02 
    0.000    4.424000  0.000000e+00  2.758082e+02 
    0.000    4.527000  0.000000e+00  2.745945e+02 
    0.000    4.630000  0.000000e+00  2.733981e+02 
    0.000    4.733000  0.000000e+00  2.722174e+02 
    0.000    4.836000  0.000000e+00  2.710552e+02 
    0.000    4.939000  0.000000e+00  2.699033e+02 
    0.000    5.042000  0.000000e+00  2.687571e+02 
    0.000    5.144000  0.000000e+00  2.676327e+02 
    0.000    5.247000  0.000000e+00  2.665048e+02 
    0.000    5.350000  0.000000e+00  2.653869e+02 
    0.000    5.453000  0.000000e+00  2.642848e+02 
    0.000    5.556000  0.000000e+00  2.631950e+02 
    0.000    5.659000  0.000000e+00  2.621216e+02 
    0.000    5.762000  0.000000e+00  2.610671e+02 
    0.000    5.865000  0.000000e+00  2.600321e+02 
    0.000    5.968000  0.000000e+00  2.590185e+02 
    0.000    6.071000  0.000000e+00  2.580219e+02 
    0.000    6.173000  0.000000e+00  2.570480e+02 
    0.000    6.276000  0.000000e+00  2.560861e+02 
    0.000    6.379000  0.000000e+00  2.551453e+02 
    0.000    6.482000  0.000000e+00  2.540957e+02 
    0.000    6.585000  0.000000e+00  2.530467e+02 
    0.000    6.688000  0.000000e+00  2.519826e+02 
    0.000    6.791000  0.000000e+00  2.509258e+02 
    0.000    6.894000  0.000000e+00  2.498463e+02 
    0.000    6.997000  0.000000e+00  2.484740e+02 
    0.000    7.099000  0.000000e+00  2.472887e+02 
    0.000    7.202000  0.000000e+00  2.461001e+02 
    0.000    7.305000  0.000000e+00  2.454204e+02 
    0.000    7.408000  0.000000e+00  2.446776e+02 
    0.000    7.511000  0.000000e+00  2.442526e+02 
    0.000    7.614000  0.000000e+00  2.439663e+02 
    0.000    7.717000  0.000000e+00  2.436934e+02 
    0.000    7.820000  0.000000e+00  2.434585e+02 
    0.000    7.923000  0.000000e+00  2.432067e+02 
    0.000    8.025001  0.000000e+00  2.428955e+02 
    0.000    8.128000  0.000000e+00  2.426813e+02 
    0.000    8.231000  0.000000e+00  2.424855e+02 
    0.000    8.334001  0.000000e+00  2.423066e+02 
    0.000    8.437000  0.000000e+00  2.421201e+02 
    0.000    8.540000  0.000000e+00  2.419200e+02 
    0.000    8.643001  0.000000e+00  2.417010e+02 
    0.000    8.746000  0.000000e+00  2.414917e+02 
    0.000    8.849000  0.000000e+00  2.412612e+02 
    0.000    8.951000  0.000000e+00  2.410445e+02 
    0.000    9.054000  0.000000e+00  2.409229e+02 
    0.000    9.157001  0.000000e+00  2.407986e+02 
    0.000    9.260000  0.000000e+00  2.406801e+02 
    0.000    9.363000  0.000000e+00  2.405656e+02 
    0.000    9.466001  0.000000e+00  2.404549e+02 
    0.000    9.569000  0.000000e+00  2.403560e+02 
    0.000    9.672000  0.000000e+00  2.402660e+02 
    0.000    9.775001  0.000000e+00  2.401847e+02 
    0.000    9.877000  0.000000e+00  2.401217e+02 
    0.000    9.980000  0.000000e+00  2.400708e+02 
    0.000   10.083000  0.000000e+00  2.400258e+02 
    0.000   10.186000  0.000000e+00  2.399802e+02 
    0.000   10.289001  0.000000e+00  2.399350e+02 
    0.000   10.392000  0.000000e+00  2.398878e+02 
    0.000   10.495000  0.000000e+00  2.398310e+02 
    0.000   10.598001  0.000000e+00  2.397682e+02 
    0.000   10.701000  0.000000e+00  2.397035e+02 
    0.000   10.803000  0.000000e+00  2.396392e+02 
    0.000   10.906000  0.000000e+00  2.395744e+02 
    0.000   11.009000  0.000000e+00  2.395087e+02 
    0.000   11.112000  0.000000e+00  2.394371e+02 
    0.000   11.215000  0.000000e+00  2.393616e+02 
    0.000   11.318000  0.000000e+00  2.392839e+02 
    0.000   11.421000  0.000000e+00  2.392021e+02 
    0.000   11.524000  0.000000e+00  2.391175e+02 
    0.000   11.627000  0.000000e+00  2.390319e+02 
    0.000   11.730000  0.000000e+00  2.389491e+02 
    0.000   11.832000  0.000000e+00  2.388694e+02 
    0.000   11.935000  0.000000e+00  2.387903e+02 
    0.000   12.038000  0.000000e+00  2.387127e+02 
    0.000   12.141000  0.000000e+00  2.386364e+02 
    0.000   12.244000  0.000000e+00  2.385612e+02 
    0.000   12.347000  0.000000e+00  2.384859e+02 
    0.000   12.450000  0.000000e+00  2.384105e+02 
    0.000   12.553000  0.000000e+00  2.383352e+02 
    0.000   12.656000  0.000000e+00  2.382595e+02 
    0.000   12.758000  0.000000e+00  2.381838e+02 
    0.000   12.861000  0.000000e+00  2.381071e+02 
    0.000   12.964000  0.000000e+00  2.380315e+02 
    0.000   13.067000  0.000000e+00  2.379576e+02 
    0.000   13.170000  0.000000e+00  2.378851e+02 
    0.000   13.273000  0.000000e+00  2.378142e+02 
    0.000   13.376000  0.000000e+00  2.377462e+02 
    0.000   13.479000  0.000000e+00  2.376803e+02 
    0.000   13.582000  0.000000e+00  2.376162e+02 
    0.000   13.684000  0.000000e+00  2.375550e+02 
    0.000   13.787000  0.000000e+00  2.374953e+02 
    0.000   13.890000  0.000000e+00  2.374371e+02 
    0.000   13.993000  0.000000e+00  2.373822e+02 
    0.000   14.096000  0.000000e+00  2.373303e+02 
    0.000   14.199000  0.000000e+00  2.372807e+02 
    0.000   14.302000  0.000000e+00  2.372336e+02 
    0.000   14.405000  0.000000e+00  2.371895e+02 
    0.000   14.508000  0.000000e+00  2.371478e+02 
    0.000   14.610001  0.000000e+00  2.371077e+02 
    0.000   14.713000  0.000000e+00  2.370663e+02 
    0.000   14.816000  0.000000e+00  2.370246e+02 
    0.000   14.919000  0.000000e+00  2.369832e+02 
    0.000   15.022000  0.000000e+00  2.369412e+02 
    0.000   15.125000  0.000000e+00  2.368987e+02 
    0.000   15.228000  0.000000e+00  2.368563e+02 
    0.000   15.331000  0.000000e+00  2.368145e+02 
    0.000   15.434000  0.000000e+00  2.367738e+02 
    0.000   15.536000  0.000000e+00  2.367342e+02 
    0.000   15.639000  0.000000e+00  2.366944e+02 
    0.000   15.742001  0.000000e+00  2.366518e+02 
    0.000   15.845000  0.000000e+00  2.366070e+02 
    0.000   15.948001  0.000000e+00  2.365611e+02 
    0.000   16.050999  0.000000e+00  2.365128e+02 
    0.000   16.153999  0.000000e+00  2.364618e+02 
    0.000   16.257000  0.000000e+00  2.364092e+02 
    0.000   16.359999  0.000000e+00  2.363560e+02 
    0.000   16.462999  0.000000e+00  2.363033e+02 
    0.000   16.564999  0.000000e+00  2.362515e+02 
    0.000   16.667999  0.000000e+00  2.361993e+02 
    0.000   16.771000  0.000000e+00  2.361497e+02 
    0.000   16.873999  0.000000e+00  2.361024e+02 
    0.000   16.976999  0.000000e+00  2.360566e+02 
    0.000   17.080000  0.000000e+00  2.360127e+02 
    0.000   17.182999  0.000000e+00  2.359714e+02 
    0.000   17.285999  0.000000e+00  2.359320e+02 
    0.000   17.389000  0.000000e+00  2.358941e+02 
    0.000   17.490999  0.000000e+00  2.358579e+02 
    0.000   17.594000  0.000000e+00  2.358225e+02 
    0.000   17.696999  0.000000e+00  2.357882e+02 
    0.000   17.799999  0.000000e+00  2.357544e+02 
    0.000   17.903000  0.000000e+00  2.357208e+02 
    0.000   18.005999  0.000000e+00  2.356875e+02 
    0.000   18.108999  0.000000e+00  2.356545e+02 
    0.000   18.212000  0.000000e+00  2.356216e+02 
    0.000   18.314999  0.000000e+00  2.355888e+02 
    0.000   18.417000  0.000000e+00  2.355564e+02 
    0.000   18.519999  0.000000e+00  2.355242e+02 
    0.000   18.622999  0.000000e+00  2.354924e+02 
    0.000   18.726000  0.000000e+00  2.354611e+02 
    0.000   18.828999  0.000000e+00  2.354303e+02 
    0.000   18.931999  0.000000e+00  2.353994e+02 
    0.000   19.035000  0.000000e+00  2.353682e+02 
    0.000   19.137999  0.000000e+00  2.353366e+02 
    0.000   19.240999  0.000000e+00  2.353050e+02 
    0.000   19.342999  0.000000e+00  2.352732e+02 
    0.000   19.445999  0.000000e+00  2.352406e+02 
    0.000   19.549000  0.000000e+00  2.352076e+02 
    0.000   19.651999  0.000000e+00  2.351745e+02 
    0.000   19.754999  0.000000e+00  2.351423e+02 
    0.000   19.858000  0.000000e+00  2.351110e+02 
    0.000   19.960999  0.000000e+00  2.350805e+02 
    0.000   20.063999  0.000000e+00  2.350504e+02 
    0.000   20.362999  0.000000e+00  2.349699e+02 
    0.000   20.858999  0.000000e+00  2.348503e+02 
    0.000   21.355000  0.000000e+00  2.347417e+02 
    0.000   21.849998  0.000000e+00  2.346445e+02 
    0.000   22.345999  0.000000e+00  2.345475e+02 
    0.000   22.841999  0.000000e+00  2.344520e+02 
    0.000   23.337999  0.000000e+00  2.343700e+02 
    0.000   23.832998  0.000000e+00  2.343070e+02 
    0.000   24.328999  0.000000e+00  2.342603e+02 
    0.000   24.824999  0.000000e+00  2.342253e+02 
    0.000   25.320999  0.000000e+00  2.342076e+02 
    0.000   25.816000  0.000000e+00  2.342026e+02 
    0.000   26.311998  0.000000e+00  2.342079e+02 
    0.000   26.807999  0.000000e+00  2.342230e+02 
    0.000   27.303999  0.000000e+00  2.342415e+02 
    0.000   27.799000  0.000000e+00  2.342604e+02 
    0.000   28.295000  0.000000e+00  2.342826e+02 
    0.000   28.790998  0.000000e+00  2.343117e+02 
    0.000   29.286999  0.000000e+00  2.343515e+02 
    0.000   29.782000  0.000000e+00  2.344002e+02 
    0.000   30.278000  0.000000e+00  2.344546e+02 
    0.000   30.773998  0.000000e+00  2.345081e+02 
    0.000   31.269999  0.000000e+00  2.345601e+02 
    0.000   31.764999  0.000000e+00  2.346112e+02 
    0.000   32.261002  0.000000e+00  2.346636e+02 
    0.000   32.757000  0.000000e+00  2.347183e+02 
    0.000   33.253002  0.000000e+00  2.347778e+02 
    0.000   33.748001  0.000000e+00  2.348414e+02 
    0.000   34.243999  0.000000e+00  2.349083e+02 
    0.000   34.740002  0.000000e+00  2.349731e+02 
    0.000   35.236000  0.000000e+00  2.350342e+02 
    0.000   35.731003  0.000000e+00  2.350907e+02 
    0.000   36.227001  0.000000e+00  2.351436e+02 
    0.000   36.723000  0.000000e+00  2.351925e+02 
    0.000   37.219002  0.000000e+00  2.352380e+02 
    0.000   37.714001  0.000000e+00  2.352820e+02 
    0.000   38.210003  0.000000e+00  2.353249e+02 
    0.000   38.706001  0.000000e+00  2.353683e+02 
    0.000   39.202000  0.000000e+00  2.354126e+02 
    0.000   39.697002  0.000000e+00  2.354595e+02 
    0.000   40.197002  0.000000e+00  2.355105e+02 
    0.000   45.197002  0.000000e+00  2.359614e+02 
    0.000   50.197002  0.000000e+00  2.361848e+02 
    0.000   55.197002  0.000000e+00  2.361844e+02 
    0.000   60.197002  0.000000e+00  2.361156e+02 
    0.000   65.196999  0.000000e+00  2.360634e+02 
