    0.000    0.000000  0.000000e+00  3.493899e+02 
    0.000    0.103000  0.000000e+00  3.486435e+02 
    0.000    0.205000  0.000000e+00  3.472639e+02 
    0.000    0.308000  0.000000e+00  3.457389e+02 
    0.000    0.411000  0.000000e+00  3.440763e+02 
    0.000    0.514000  0.000000e+00  3.424675e+02 
    0.000    0.617000  0.000000e+00  3.408977e+02 
    0.000    0.720000  0.000000e+00  3.393009e+02 
    0.000    0.823000  0.000000e+00  3.377613e+02 
    0.000    0.926000  0.000000e+00  3.362066e+02 
    0.000    1.029000  0.000000e+00  3.346160e+02 
    0.000    1.132000  0.000000e+00  3.331388e+02 
    0.000    1.234000  0.000000e+00  3.315805e+02 
    0.000    1.337000  0.000000e+00  3.300497e+02 
    0.000    1.440000  0.000000e+00  3.272715e+02 
    0.000    1.543000  0.000000e+00  3.257189e+02 
    0.000    1.646000  0.000000e+00  3.243443e+02 
    0.000    1.749000  0.000000e+00  3.229546e+02 
    0.000    1.852000  0.000000e+00  3.214997e+02 
    0.000    1.955000  0.000000e+00  3.175178e+02 
    0.000    2.058000  0.000000e+00  3.151959e+02 
    0.000    2.160000  0.000000e+00  3.134620e+02 
    0.000    2.263000  0.000000e+00  3.121450e+02 
    0.000    2.366000  0.000000e+00  3.108646e+02 
    0.000    2.469000  0.000000e+00  3.095713e+02 
    0.000    2.572000  0.000000e+00  3.082464e+02 
    0.000    2.675000  0.000000e+00  3.068907e+02 
    0.000    2.778000  0.000000e+00  3.055033e+02 
    0.000    2.881000  0.000000e+00  3.041118e+02 
    0.000    2.984000  0.000000e+00  3.027311e+02 
    0.000    3.086000  0.000000e+00  3.013701e+02 
    0.000    3.189000  0.000000e+00  3.000058e+02 
    0.000    3.292000  0.000000e+00  2.986556e+02 
    0.000    3.395000  0.000000e+00  2.973223e+02 
    0.000    3.498000  0.000000e+00  2.960064e+02 
    0.000    3.601000  0.000000e+00  2.947158e+02 
    0.000    3.704000  0.000000e+00  2.934518e+02 
    0.000    3.807000  0.000000e+00  2.922078e+02 
    0.000    3.910000  0.000000e+00  2.909608e+02 
    0.000    4.012000  0.000000e+00  2.897289e+02 
    0.000    4.115000  0.000000e+00  2.884962e+02 
    0.000    4.218000  0.000000e+00  2.872764e+02 
    0.000    4.321000  0.000000e+00  2.860750e+02 
    0.000    4.424000  0.000000e+00  2.848736e+02 
    0.000    4.527000  0.000000e+00  2.836818e+02 
    0.000    4.630000  0.000000e+00  2.825021e+02 
    0.000    4.733000  0.000000e+00  2.813256e+02 
    0.000    4.836000  0.000000e+00  2.801617e+02 
    0.000    4.938000  0.000000e+00  2.790178e+02 
    0.000    5.041000  0.000000e+00  2.778765e+02 
    0.000    5.144000  0.000000e+00  2.767534e+02 
    0.000    5.247000  0.000000e+00  2.756421e+02 
    0.000    5.350000  0.000000e+00  2.745458e+02 
    0.000    5.453000  0.000000e+00  2.734676e+02 
    0.000    5.556000  0.000000e+00  2.724044e+02 
    0.000    5.659000  0.000000e+00  2.713598e+02 
    0.000    5.762000  0.000000e+00  2.703334e+02 
    0.000    5.864000  0.000000e+00  2.693304e+02 
    0.000    5.967000  0.000000e+00  2.683371e+02 
    0.000    6.070000  0.000000e+00  2.673646e+02 
    0.000    6.173000  0.000000e+00  2.664111e+02 
    0.000    6.276000  0.000000e+00  2.654753e+02 
    0.000    6.379000  0.000000e+00  2.645664e+02 
    0.000    6.482000  0.000000e+00  2.636795e+02 
    0.000    6.585000  0.000000e+00  2.628188e+02 
    0.000    6.688000  0.000000e+00  2.620026e+02 
    0.000    6.790000  0.000000e+00  2.612260e+02 
    0.000    6.893000  0.000000e+00  2.605001e+02 
    0.000    6.996000  0.000000e+00  2.598465e+02 
    0.000    7.099000  0.000000e+00  2.592451e+02 
    0.000    7.202000  0.000000e+00  2.587618e+02 
    0.000    7.305000  0.000000e+00  2.583842e+02 
    0.000    7.408000  0.000000e+00  2.580752e+02 
    0.000    7.511000  0.000000e+00  2.578777e+02 
    0.000    7.614000  0.000000e+00  2.577546e+02 
    0.000    7.717000  0.000000e+00  2.576662e+02 
    0.000    7.819000  0.000000e+00  2.575900e+02 
    0.000    7.922000  0.000000e+00  2.575235e+02 
    0.000    8.025000  0.000000e+00  2.574400e+02 
    0.000    8.128000  0.000000e+00  2.573180e+02 
    0.000    8.231000  0.000000e+00  2.571741e+02 
    0.000    8.334000  0.000000e+00  2.570128e+02 
    0.000    8.437000  0.000000e+00  2.568375e+02 
    0.000    8.540000  0.000000e+00  2.566545e+02 
    0.000    8.643000  0.000000e+00  2.564713e+02 
    0.000    8.745000  0.000000e+00  2.562905e+02 
    0.000    8.848000  0.000000e+00  2.561077e+02 
    0.000    8.951000  0.000000e+00  2.559346e+02 
    0.000    9.054000  0.000000e+00  2.557684e+02 
    0.000    9.157000  0.000000e+00  2.556087e+02 
    0.000    9.260000  0.000000e+00  2.554751e+02 
    0.000    9.363000  0.000000e+00  2.553603e+02 
    0.000    9.466000  0.000000e+00  2.552572e+02 
    0.000    9.569000  0.000000e+00  2.551669e+02 
    0.000    9.671000  0.000000e+00  2.550874e+02 
    0.000    9.774000  0.000000e+00  2.550139e+02 
    0.000    9.877000  0.000000e+00  2.549453e+02 
    0.000    9.980000  0.000000e+00  2.548812e+02 
    0.000   10.083000  0.000000e+00  2.548174e+02 
    0.000   10.186000  0.000000e+00  2.547477e+02 
    0.000   10.289000  0.000000e+00  2.546750e+02 
    0.000   10.392000  0.000000e+00  2.546061e+02 
    0.000   10.495000  0.000000e+00  2.545486e+02 
    0.000   10.597000  0.000000e+00  2.545003e+02 
    0.000   10.700000  0.000000e+00  2.544512e+02 
    0.000   10.803000  0.000000e+00  2.543906e+02 
    0.000   10.906000  0.000000e+00  2.543228e+02 
    0.000   11.009000  0.000000e+00  2.542497e+02 
    0.000   11.112000  0.000000e+00  2.541671e+02 
    0.000   11.215000  0.000000e+00  2.540782e+02 
    0.000   11.318000  0.000000e+00  2.539854e+02 
    0.000   11.421000  0.000000e+00  2.538873e+02 
    0.000   11.523000  0.000000e+00  2.537865e+02 
    0.000   11.626000  0.000000e+00  2.536828e+02 
    0.000   11.729000  0.000000e+00  2.535775e+02 
    0.000   11.832000  0.000000e+00  2.534713e+02 
    0.000   11.935000  0.000000e+00  2.533646e+02 
    0.000   12.038000  0.000000e+00  2.532618e+02 
    0.000   12.141000  0.000000e+00  2.531623e+02 
    0.000   12.244000  0.000000e+00  2.530646e+02 
    0.000   12.347000  0.000000e+00  2.529729e+02 
    0.000   12.449000  0.000000e+00  2.528872e+02 
    0.000   12.552000  0.000000e+00  2.528041e+02 
    0.000   12.655000  0.000000e+00  2.527247e+02 
    0.000   12.758000  0.000000e+00  2.526484e+02 
    0.000   12.861000  0.000000e+00  2.525748e+02 
    0.000   12.964000  0.000000e+00  2.525032e+02 
    0.000   13.067000  0.000000e+00  2.524333e+02 
    0.000   13.170000  0.000000e+00  2.523648e+02 
    0.000   13.273000  0.000000e+00  2.522973e+02 
    0.000   13.376000  0.000000e+00  2.522298e+02 
    0.000   13.478000  0.000000e+00  2.521631e+02 
    0.000   13.581000  0.000000e+00  2.520963e+02 
    0.000   13.684000  0.000000e+00  2.520299e+02 
    0.000   13.787000  0.000000e+00  2.519640e+02 
    0.000   13.890000  0.000000e+00  2.518986e+02 
    0.000   13.993000  0.000000e+00  2.518357e+02 
    0.000   14.096000  0.000000e+00  2.517751e+02 
    0.000   14.199000  0.000000e+00  2.517160e+02 
    0.000   14.302000  0.000000e+00  2.516593e+02 
    0.000   14.404000  0.000000e+00  2.516055e+02 
    0.000   14.507000  0.000000e+00  2.515532e+02 
    0.000   14.610000  0.000000e+00  2.515020e+02 
    0.000   14.713000  0.000000e+00  2.514506e+02 
    0.000   14.816000  0.000000e+00  2.513992e+02 
    0.000   14.919000  0.000000e+00  2.513484e+02 
    0.000   15.022000  0.000000e+00  2.512981e+02 
    0.000   15.125000  0.000000e+00  2.512486e+02 
    0.000   15.228000  0.000000e+00  2.511998e+02 
    0.000   15.330000  0.000000e+00  2.511509e+02 
    0.000   15.433000  0.000000e+00  2.511007e+02 
    0.000   15.536000  0.000000e+00  2.510501e+02 
    0.000   15.639000  0.000000e+00  2.509996e+02 
    0.000   15.742000  0.000000e+00  2.509495e+02 
    0.000   15.845000  0.000000e+00  2.508998e+02 
    0.000   15.948000  0.000000e+00  2.508507e+02 
    0.000   16.051001  0.000000e+00  2.508045e+02 
    0.000   16.153999  0.000000e+00  2.507616e+02 
    0.000   16.256001  0.000000e+00  2.507212e+02 
    0.000   16.358999  0.000000e+00  2.506809e+02 
    0.000   16.462000  0.000000e+00  2.506389e+02 
    0.000   16.565001  0.000000e+00  2.505957e+02 
    0.000   16.667999  0.000000e+00  2.505522e+02 
    0.000   16.771000  0.000000e+00  2.505074e+02 
    0.000   16.874001  0.000000e+00  2.504616e+02 
    0.000   16.976999  0.000000e+00  2.504153e+02 
    0.000   17.080000  0.000000e+00  2.503688e+02 
    0.000   17.181999  0.000000e+00  2.503227e+02 
    0.000   17.285000  0.000000e+00  2.502762e+02 
    0.000   17.388000  0.000000e+00  2.502297e+02 
    0.000   17.490999  0.000000e+00  2.501835e+02 
    0.000   17.594000  0.000000e+00  2.501374e+02 
    0.000   17.697001  0.000000e+00  2.500916e+02 
    0.000   17.799999  0.000000e+00  2.500461e+02 
    0.000   17.903000  0.000000e+00  2.500015e+02 
    0.000   18.006001  0.000000e+00  2.499576e+02 
    0.000   18.108000  0.000000e+00  2.499146e+02 
    0.000   18.211000  0.000000e+00  2.498731e+02 
    0.000   18.313999  0.000000e+00  2.498335e+02 
    0.000   18.417000  0.000000e+00  2.497953e+02 
    0.000   18.520000  0.000000e+00  2.497584e+02 
    0.000   18.622999  0.000000e+00  2.497229e+02 
    0.000   18.726000  0.000000e+00  2.496886e+02 
    0.000   18.829000  0.000000e+00  2.496553e+02 
    0.000   18.931999  0.000000e+00  2.496229e+02 
    0.000   19.035000  0.000000e+00  2.495912e+02 
    0.000   19.136999  0.000000e+00  2.495606e+02 
    0.000   19.240000  0.000000e+00  2.495304e+02 
    0.000   19.343000  0.000000e+00  2.495002e+02 
    0.000   19.445999  0.000000e+00  2.494698e+02 
    0.000   19.549000  0.000000e+00  2.494395e+02 
    0.000   19.652000  0.000000e+00  2.494093e+02 
    0.000   19.754999  0.000000e+00  2.493781e+02 
    0.000   19.858000  0.000000e+00  2.493457e+02 
    0.000   19.961000  0.000000e+00  2.493126e+02 
    0.000   20.063000  0.000000e+00  2.492794e+02 
    0.000   20.363001  0.000000e+00  2.491811e+02 
    0.000   20.858999  0.000000e+00  2.490312e+02 
    0.000   21.354000  0.000000e+00  2.489081e+02 
    0.000   21.850000  0.000000e+00  2.488041e+02 
    0.000   22.346001  0.000000e+00  2.487071e+02 
    0.000   22.842001  0.000000e+00  2.486111e+02 
    0.000   23.337000  0.000000e+00  2.485162e+02 
    0.000   23.833000  0.000000e+00  2.484346e+02 
    0.000   24.329000  0.000000e+00  2.483808e+02 
    0.000   24.825001  0.000000e+00  2.483539e+02 
    0.000   25.320000  0.000000e+00  2.483455e+02 
    0.000   25.816000  0.000000e+00  2.483351e+02 
    0.000   26.312000  0.000000e+00  2.483236e+02 
    0.000   26.808001  0.000000e+00  2.483237e+02 
    0.000   27.302999  0.000000e+00  2.483347e+02 
    0.000   27.799000  0.000000e+00  2.483540e+02 
    0.000   28.295000  0.000000e+00  2.483826e+02 
    0.000   28.791000  0.000000e+00  2.484184e+02 
    0.000   29.285999  0.000000e+00  2.484564e+02 
    0.000   29.782000  0.000000e+00  2.484991e+02 
    0.000   30.278000  0.000000e+00  2.485494e+02 
    0.000   30.774000  0.000000e+00  2.486049e+02 
    0.000   31.268999  0.000000e+00  2.486618e+02 
    0.000   31.764999  0.000000e+00  2.487179e+02 
    0.000   32.261002  0.000000e+00  2.487736e+02 
    0.000   32.757000  0.000000e+00  2.488292e+02 
    0.000   33.251999  0.000000e+00  2.488837e+02 
    0.000   33.748001  0.000000e+00  2.489385e+02 
    0.000   34.243999  0.000000e+00  2.489944e+02 
    0.000   34.740002  0.000000e+00  2.490537e+02 
    0.000   35.235001  0.000000e+00  2.491160e+02 
    0.000   35.730999  0.000000e+00  2.491771e+02 
    0.000   36.227001  0.000000e+00  2.492361e+02 
    0.000   36.723000  0.000000e+00  2.492887e+02 
    0.000   37.217999  0.000000e+00  2.493358e+02 
    0.000   37.714001  0.000000e+00  2.493796e+02 
    0.000   38.209999  0.000000e+00  2.494209e+02 
    0.000   38.706001  0.000000e+00  2.494628e+02 
    0.000   39.201000  0.000000e+00  2.495059e+02 
    0.000   39.696999  0.000000e+00  2.495518e+02 
    0.000   40.196999  0.000000e+00  2.496015e+02 
    0.000   45.196999  0.000000e+00  2.500483e+02 
    0.000   50.196999  0.000000e+00  2.502724e+02 
    0.000   55.196999  0.000000e+00  2.502660e+02 
    0.000   60.196999  0.000000e+00  2.501992e+02 
    0.000   65.196999  0.000000e+00  2.501466e+02 
