   67.807    0.000000  8.691616e-13  6.470186e+00 
   67.807    0.103000  8.738230e-13  6.566063e+00 
   67.807    0.206000  8.784343e-13  6.664105e+00 
   67.807    0.309000  8.955631e-09  5.087140e+01 
   67.807    0.412000  1.056140e-06  7.486997e+01 
   67.807    0.515000  1.249954e-05  8.879806e+01 
   67.807    0.617000  1.574679e-05  9.026909e+01 
   67.807    0.720000  2.223490e-05  9.253880e+01 
   67.807    0.823000  3.281317e-05  9.513739e+01 
   67.807    0.926000  5.261677e-05  9.830866e+01 
   67.807    1.029000  9.146382e-05  1.020385e+02 
   67.807    1.132000  1.707718e-04  1.062767e+02 
   67.807    1.235000  3.390805e-04  1.109766e+02 
   67.807    1.338000  7.118296e-04  1.161286e+02 
   67.807    1.441000  1.569873e-03  1.217327e+02 
   67.807    1.543000  3.583709e-03  1.277377e+02 
   67.807    1.646000  8.659505e-03  1.343965e+02 
   67.807    1.749000  1.020116e-02  1.354125e+02 
   67.807    1.852000  4.426818e-02  1.455520e+02 
   67.807    1.955000  3.201106e-01  1.611608e+02 
   67.807    2.058000  4.701978e+00  1.891791e+02 
   67.807    2.161000  2.444333e+02  2.550680e+02 
   67.807    2.264000  2.517989e+02  2.551736e+02 
   67.807    2.367000  2.533468e+02  2.549814e+02 
   67.807    2.469000  2.549585e+02  2.548516e+02 
   67.807    2.572000  2.565925e+02  2.547611e+02 
   67.807    2.675000  2.583217e+02  2.547156e+02 
   67.807    2.778000  2.603918e+02  2.547437e+02 
   67.807    2.881000  2.635244e+02  2.549459e+02 
   67.807    2.984000  2.694109e+02  2.555589e+02 
   67.807    3.087000  2.805676e+02  2.569147e+02 
   67.807    3.190000  2.949635e+02  2.586610e+02 
   67.807    3.293000  2.963098e+02  2.586579e+02 
   67.807    3.395000  2.976291e+02  2.586723e+02 
   67.807    3.498000  2.989469e+02  2.587014e+02 
   67.807    3.601000  3.002547e+02  2.587422e+02 
   67.807    3.704000  3.015589e+02  2.587924e+02 
   67.807    3.807000  3.028597e+02  2.588510e+02 
   67.807    3.910000  3.041577e+02  2.589171e+02 
   67.807    4.013000  3.054525e+02  2.589898e+02 
   67.807    4.116000  3.067416e+02  2.590687e+02 
   67.807    4.219000  3.080223e+02  2.591535e+02 
   67.807    4.321000  3.092795e+02  2.592427e+02 
   67.807    4.424000  3.105360e+02  2.593376e+02 
   67.807    4.527000  3.117771e+02  2.594370e+02 
   67.807    4.630000  3.130021e+02  2.595404e+02 
   67.807    4.733000  3.142130e+02  2.596469e+02 
   67.807    4.836000  3.154082e+02  2.597563e+02 
   67.807    4.939000  3.165870e+02  2.598680e+02 
   67.807    5.042000  3.177491e+02  2.599820e+02 
   67.807    5.145000  3.188921e+02  2.600981e+02 
   67.807    5.248000  3.200164e+02  2.602159e+02 
   67.807    5.350000  3.211108e+02  2.603341e+02 
   67.807    5.453000  3.221963e+02  2.604548e+02 
   67.807    5.556000  3.232638e+02  2.605768e+02 
   67.807    5.659000  3.266479e+02  2.610283e+02 
   67.807    5.762000  3.276864e+02  2.611506e+02 
   67.807    5.865000  3.287073e+02  2.612740e+02 
   67.807    5.968000  3.297099e+02  2.613982e+02 
   67.807    6.071000  3.306945e+02  2.615230e+02 
   67.807    6.174000  3.316616e+02  2.616483e+02 
   67.807    6.276000  3.326051e+02  2.617724e+02 
   67.807    6.379000  3.335467e+02  2.618976e+02 
   67.807    6.482000  3.360312e+02  2.621443e+02 
   67.807    6.585000  3.386900e+02  2.624040e+02 
   67.807    6.688000  3.421348e+02  2.627234e+02 
   67.807    6.791000  3.452249e+02  2.630146e+02 
   67.807    6.894000  3.495261e+02  2.633974e+02 
   67.807    6.997000  3.585905e+02  2.641297e+02 
   67.807    7.100000  3.710111e+02  2.650756e+02 
   67.807    7.202000  3.829707e+02  2.659491e+02 
   67.807    7.305000  3.862595e+02  2.662184e+02 
   67.807    7.408000  3.912386e+02  2.666019e+02 
   67.807    7.511000  3.941794e+02  2.668495e+02 
   67.807    7.614000  3.969721e+02  2.670918e+02 
   67.807    7.717000  3.999610e+02  2.673482e+02 
   67.807    7.820000  4.031029e+02  2.676123e+02 
   67.807    7.923000  4.065845e+02  2.678948e+02 
   67.807    8.026000  4.114248e+02  2.682548e+02 
   67.807    8.128000  4.149313e+02  2.685276e+02 
   67.807    8.231000  4.183700e+02  2.687922e+02 
   67.807    8.334000  4.213464e+02  2.690264e+02 
   67.807    8.437000  4.242651e+02  2.692545e+02 
   67.807    8.540000  4.271382e+02  2.694774e+02 
   67.807    8.643000  4.303134e+02  2.697139e+02 
   67.807    8.746000  4.327733e+02  2.699087e+02 
   67.807    8.849000  4.356978e+02  2.701233e+02 
   67.807    8.952000  4.380389e+02  2.703043e+02 
   67.807    9.054000  4.387946e+02  2.704099e+02 
   67.807    9.157000  4.395882e+02  2.705180e+02 
   67.807    9.260000  4.404243e+02  2.706283e+02 
   67.807    9.363000  4.413095e+02  2.707411e+02 
   67.807    9.466000  4.422366e+02  2.708554e+02 
   67.807    9.569000  4.432049e+02  2.709706e+02 
   67.807    9.672000  4.441695e+02  2.710866e+02 
   67.807    9.775000  4.451522e+02  2.712020e+02 
   67.807    9.878000  4.461440e+02  2.713165e+02 
   67.807    9.980000  4.471236e+02  2.714279e+02 
   67.807   10.083000  4.480764e+02  2.715426e+02 
   67.807   10.186000  4.490223e+02  2.716589e+02 
   67.807   10.289000  4.494859e+02  2.717164e+02 
   67.807   10.392000  4.499400e+02  2.717726e+02 
   67.807   10.495000  4.503869e+02  2.718278e+02 
   67.807   10.598000  4.508269e+02  2.718820e+02 
   67.807   10.701000  4.512607e+02  2.719351e+02 
   67.807   10.804000  4.516890e+02  2.719874e+02 
   67.807   10.907000  4.521121e+02  2.720388e+02 
   67.807   11.009000  4.525256e+02  2.720890e+02 
   67.807   11.112000  4.529376e+02  2.721390e+02 
   67.807   11.215000  4.533440e+02  2.721884e+02 
   67.807   11.318000  4.537447e+02  2.722372e+02 
   67.807   11.421000  4.541402e+02  2.722854e+02 
   67.807   11.524000  4.545304e+02  2.723332e+02 
   67.807   11.627000  4.549152e+02  2.723804e+02 
   67.807   11.730000  4.552946e+02  2.724271e+02 
   67.807   11.833000  4.556684e+02  2.724733e+02 
   67.807   11.935000  4.560332e+02  2.725185e+02 
   67.807   12.038000  4.563963e+02  2.725636e+02 
   67.807   12.141000  4.567544e+02  2.726081e+02 
   67.807   12.244000  4.571075e+02  2.726519e+02 
   67.807   12.347000  4.574557e+02  2.726952e+02 
   67.807   12.450000  4.577992e+02  2.727377e+02 
   67.807   12.553000  4.581381e+02  2.727797e+02 
   67.807   12.656000  4.584726e+02  2.728209e+02 
   67.807   12.759000  4.588029e+02  2.728615e+02 
   67.807   12.861000  4.591262e+02  2.729010e+02 
   67.807   12.964000  4.594489e+02  2.729401e+02 
   67.807   13.067000  4.597679e+02  2.729785e+02 
   67.807   13.170000  4.600831e+02  2.730162e+02 
   67.807   13.273000  4.603947e+02  2.730532e+02 
   67.807   13.376000  4.607026e+02  2.730893e+02 
   67.807   13.479000  4.610071e+02  2.731245e+02 
   67.807   13.582000  4.613082e+02  2.731590e+02 
   67.807   13.685000  4.616059e+02  2.731925e+02 
   67.807   13.787000  4.618976e+02  2.732248e+02 
   67.807   13.890000  4.621888e+02  2.732565e+02 
   67.807   13.993000  4.624770e+02  2.732872e+02 
   67.807   14.096000  4.627621e+02  2.733170e+02 
   67.807   14.199000  4.630441e+02  2.733458e+02 
   67.807   14.302000  4.633229e+02  2.733738e+02 
   67.807   14.405000  4.635985e+02  2.734010e+02 
   67.807   14.508000  4.638710e+02  2.734275e+02 
   67.807   14.611000  4.641401e+02  2.734532e+02 
   67.807   14.713000  4.644034e+02  2.734782e+02 
   67.807   14.816000  4.646660e+02  2.735028e+02 
   67.807   14.919000  4.649253e+02  2.735269e+02 
   67.807   15.022000  4.651813e+02  2.735505e+02 
   67.807   15.125000  4.654343e+02  2.735736e+02 
   67.807   15.228000  4.656840e+02  2.735962e+02 
   67.807   15.331000  4.659306e+02  2.736183e+02 
   67.807   15.434000  4.661742e+02  2.736398e+02 
   67.807   15.537000  4.664148e+02  2.736609e+02 
   67.807   15.640000  4.666523e+02  2.736816e+02 
   67.807   15.742000  4.668847e+02  2.737015e+02 
   67.807   15.845000  4.671166e+02  2.737212e+02 
   67.807   15.948000  4.673457e+02  2.737404e+02 
   67.807   16.051001  4.675724e+02  2.737591e+02 
   67.807   16.153999  4.677967e+02  2.737773e+02 
   67.807   16.257000  4.680186e+02  2.737950e+02 
   67.807   16.360001  4.682382e+02  2.738122e+02 
   67.807   16.462999  4.684555e+02  2.738289e+02 
   67.807   16.566000  4.686707e+02  2.738451e+02 
   67.807   16.667999  4.688817e+02  2.738605e+02 
   67.807   16.771000  4.690927e+02  2.738754e+02 
   67.807   16.874001  4.693020e+02  2.738896e+02 
   67.807   16.976999  4.695095e+02  2.739032e+02 
   67.807   17.080000  4.697153e+02  2.739160e+02 
   67.807   17.183001  4.699200e+02  2.739277e+02 
   67.807   17.285999  4.701234e+02  2.739386e+02 
   67.807   17.389000  4.703255e+02  2.739485e+02 
   67.807   17.492001  4.705263e+02  2.739576e+02 
   67.807   17.594000  4.707241e+02  2.739657e+02 
   67.807   17.697001  4.709225e+02  2.739730e+02 
   67.807   17.799999  4.711196e+02  2.739795e+02 
   67.807   17.903000  4.713150e+02  2.739855e+02 
   67.807   18.006001  4.715089e+02  2.739909e+02 
   67.807   18.108999  4.717010e+02  2.739957e+02 
   67.807   18.212000  4.718916e+02  2.739999e+02 
   67.807   18.315001  4.720806e+02  2.740038e+02 
   67.807   18.417999  4.722679e+02  2.740070e+02 
   67.807   18.520000  4.724518e+02  2.740098e+02 
   67.807   18.622999  4.726361e+02  2.740120e+02 
   67.807   18.726000  4.728188e+02  2.740137e+02 
   67.807   18.829000  4.730001e+02  2.740149e+02 
   67.807   18.931999  4.731799e+02  2.740157e+02 
   67.807   19.035000  4.733582e+02  2.740159e+02 
   67.807   19.138000  4.735353e+02  2.740157e+02 
   67.807   19.240999  4.737110e+02  2.740150e+02 
   67.807   19.344000  4.738854e+02  2.740139e+02 
   67.807   19.445999  4.740568e+02  2.740123e+02 
   67.807   19.549000  4.742285e+02  2.740103e+02 
   67.807   19.652000  4.743990e+02  2.740079e+02 
   67.807   19.754999  4.745682e+02  2.740051e+02 
   67.807   19.858000  4.747362e+02  2.740019e+02 
   67.807   19.961000  4.749030e+02  2.739982e+02 
   67.807   20.063999  4.750688e+02  2.739939e+02 
   67.807   20.363001  4.755450e+02  2.739785e+02 
   67.807   20.858999  4.763122e+02  2.739462e+02 
   67.807   21.355000  4.770511e+02  2.739063e+02 
   67.807   21.850000  4.777598e+02  2.738606e+02 
   67.807   22.346001  4.784342e+02  2.738136e+02 
   67.807   22.842001  4.790675e+02  2.737696e+02 
   67.807   23.337999  4.796578e+02  2.737303e+02 
   67.807   23.833000  4.802083e+02  2.736942e+02 
   67.807   24.329000  4.807276e+02  2.736589e+02 
   67.807   24.825001  4.812167e+02  2.736242e+02 
   67.807   25.320999  4.816738e+02  2.735916e+02 
   67.807   25.816000  4.820991e+02  2.735613e+02 
   67.807   26.312000  4.824973e+02  2.735327e+02 
   67.807   26.808001  4.828701e+02  2.735051e+02 
   67.807   27.304001  4.832184e+02  2.734788e+02 
   67.807   27.799000  4.835429e+02  2.734537e+02 
   67.807   28.295000  4.838471e+02  2.734294e+02 
   67.807   28.791000  4.841330e+02  2.734057e+02 
   67.807   29.287001  4.844031e+02  2.733820e+02 
   67.807   29.782000  4.846590e+02  2.733583e+02 
   67.807   30.278000  4.849033e+02  2.733344e+02 
   67.807   30.774000  4.851371e+02  2.733104e+02 
   67.807   31.270000  4.853621e+02  2.732864e+02 
   67.807   31.764999  4.855793e+02  2.732626e+02 
   67.807   32.261002  4.857919e+02  2.732388e+02 
   67.807   32.757000  4.860013e+02  2.732152e+02 
   67.807   33.252998  4.862093e+02  2.731920e+02 
   67.807   33.748001  4.864169e+02  2.731695e+02 
   67.807   34.243999  4.866261e+02  2.731481e+02 
   67.807   34.740002  4.868383e+02  2.731278e+02 
   67.807   35.236000  4.870547e+02  2.731087e+02 
   67.807   35.730999  4.872758e+02  2.730909e+02 
   67.807   36.227001  4.875031e+02  2.730741e+02 
   67.807   36.723000  4.877362e+02  2.730585e+02 
   67.807   37.219002  4.879746e+02  2.730439e+02 
   67.807   37.714001  4.882167e+02  2.730302e+02 
   67.807   38.209999  4.884623e+02  2.730176e+02 
   67.807   38.706001  4.887090e+02  2.730060e+02 
   67.807   39.202000  4.889551e+02  2.729953e+02 
   67.807   39.698002  4.891982e+02  2.729857e+02 
   67.807   40.198002  4.894352e+02  2.729782e+02 
   67.807   45.198002  4.913012e+02  2.729500e+02 
   67.807   50.198002  4.920094e+02  2.729494e+02 
   67.807   55.198002  4.922573e+02  2.729538e+02 
   67.807   60.198002  4.929993e+02  2.729579e+02 
   67.807   65.197998  4.942311e+02  2.729608e+02 
