   67.131    0.000000  1.754880e+02  3.806460e+01 
   67.131    0.103000  1.764858e+02  3.827913e+01 
   67.131    0.206000  1.774781e+02  3.852016e+01 
   67.131    0.309000  1.784636e+02  3.877793e+01 
   67.131    0.412000  1.821621e+02  4.003811e+01 
   67.131    0.515000  1.855390e+02  4.117598e+01 
   67.131    0.618000  1.885766e+02  4.218579e+01 
   67.131    0.721000  1.912484e+02  4.306053e+01 
   67.131    0.824000  1.935699e+02  4.380777e+01 
   67.131    0.926000  1.956386e+02  4.446294e+01 
   67.131    1.029000  1.971964e+02  4.493789e+01 
   67.131    1.132000  1.987337e+02  4.540554e+01 
   67.131    1.235000  2.019248e+02  4.643340e+01 
   67.131    1.338000  2.029933e+02  4.673092e+01 
   67.131    1.441000  2.040660e+02  4.703038e+01 
   67.131    1.544000  2.051344e+02  4.733176e+01 
   67.131    1.647000  2.061979e+02  4.763461e+01 
   67.131    1.750000  2.072591e+02  4.793811e+01 
   67.131    1.852000  2.086093e+02  4.833919e+01 
   67.131    1.955000  2.097256e+02  4.865979e+01 
   67.131    2.058000  2.107864e+02  4.896196e+01 
   67.131    2.161000  2.121684e+02  4.938515e+01 
   67.131    2.264000  2.132173e+02  4.968637e+01 
   67.131    2.367000  2.142551e+02  4.998730e+01 
   67.131    2.470000  2.152820e+02  5.028758e+01 
   67.131    2.573000  2.162984e+02  5.058696e+01 
   67.131    2.676000  2.173044e+02  5.088527e+01 
   67.131    2.778000  2.182914e+02  5.117943e+01 
   67.131    2.881000  2.192782e+02  5.147511e+01 
   67.131    2.984000  2.202539e+02  5.176935e+01 
   67.131    3.087000  2.212188e+02  5.206202e+01 
   67.131    3.190000  2.221743e+02  5.235305e+01 
   67.131    3.293000  2.231215e+02  5.264236e+01 
   67.131    3.396000  2.240616e+02  5.292988e+01 
   67.131    3.499000  2.249951e+02  5.321556e+01 
   67.131    3.602000  2.259250e+02  5.349932e+01 
   67.131    3.704000  2.268449e+02  5.377833e+01 
   67.131    3.807000  2.277740e+02  5.405801e+01 
   67.131    3.910000  2.287070e+02  5.433558e+01 
   67.131    4.013000  2.296457e+02  5.461103e+01 
   67.131    4.116000  2.305889e+02  5.488436e+01 
   67.131    4.219000  2.315354e+02  5.515560e+01 
   67.131    4.322000  2.324829e+02  5.542474e+01 
   67.131    4.425000  2.334264e+02  5.569187e+01 
   67.131    4.528000  2.343614e+02  5.595701e+01 
   67.131    4.631000  2.352856e+02  5.622015e+01 
   67.131    4.733000  2.361881e+02  5.647876e+01 
   67.131    4.836000  2.370850e+02  5.673788e+01 
   67.131    4.939000  2.379675e+02  5.699495e+01 
   67.131    5.042000  2.388356e+02  5.724995e+01 
   67.131    5.145000  2.396876e+02  5.750289e+01 
   67.131    5.248000  2.405231e+02  5.775373e+01 
   67.131    5.351000  2.413414e+02  5.800247e+01 
   67.131    5.454000  2.421420e+02  5.824908e+01 
   67.131    5.557000  2.429262e+02  5.849358e+01 
   67.131    5.659000  2.436858e+02  5.873362e+01 
   67.131    5.762000  2.444362e+02  5.897388e+01 
   67.131    5.865000  2.451714e+02  5.921202e+01 
   67.131    5.968000  2.458911e+02  5.944807e+01 
   67.131    6.071000  2.465962e+02  5.968201e+01 
   67.131    6.174000  2.472890e+02  5.991386e+01 
   67.131    6.277000  2.479711e+02  6.014353e+01 
   67.131    6.380000  2.486445e+02  6.037101e+01 
   67.131    6.483000  2.493099e+02  6.059628e+01 
   67.131    6.585000  2.499625e+02  6.081704e+01 
   67.131    6.688000  2.506182e+02  6.103748e+01 
   67.131    6.791000  2.512704e+02  6.125539e+01 
   67.131    6.894000  2.519155e+02  6.147073e+01 
   67.131    6.997000  2.525484e+02  6.168341e+01 
   67.131    7.100000  2.531649e+02  6.189339e+01 
   67.131    7.203000  2.537571e+02  6.210057e+01 
   67.131    7.306000  2.543188e+02  6.230480e+01 
   67.131    7.409000  2.548470e+02  6.250599e+01 
   67.131    7.511000  2.553329e+02  6.270210e+01 
   67.131    7.614000  2.557803e+02  6.289688e+01 
   67.131    7.717000  2.561937e+02  6.308852e+01 
   67.131    7.820000  2.565910e+02  6.327719e+01 
   67.131    7.923000  2.569739e+02  6.346300e+01 
   67.131    8.026000  2.573483e+02  6.364612e+01 
   67.131    8.129001  2.577212e+02  6.382684e+01 
   67.131    8.232000  2.598483e+02  6.430302e+01 
   67.131    8.335000  4.317797e+02  8.505857e+01 
   67.131    8.437000  4.501689e+02  8.672808e+01 
   67.131    8.540000  4.523921e+02  8.701778e+01 
   67.131    8.643001  4.551317e+02  8.734869e+01 
   67.131    8.746000  4.557071e+02  8.750124e+01 
   67.131    8.849000  4.562647e+02  8.765219e+01 
   67.131    8.952001  4.568123e+02  8.780105e+01 
   67.131    9.055000  4.573539e+02  8.794762e+01 
   67.131    9.158000  4.578886e+02  8.809187e+01 
   67.131    9.261001  4.584158e+02  8.823376e+01 
   67.131    9.363001  4.589299e+02  8.837193e+01 
   67.131    9.466001  4.594410e+02  8.850909e+01 
   67.131    9.569000  4.599445e+02  8.864403e+01 
   67.131    9.672001  4.604403e+02  8.877676e+01 
   67.131    9.775001  4.609267e+02  8.890734e+01 
   67.131    9.878000  4.614008e+02  8.903585e+01 
   67.131    9.981001  4.618623e+02  8.916235e+01 
   67.131   10.084001  4.623459e+02  8.928625e+01 
   67.131   10.187000  4.628200e+02  8.940826e+01 
   67.131   10.289001  4.632807e+02  8.952724e+01 
   67.131   10.392000  4.637384e+02  8.964551e+01 
   67.131   10.495001  4.641904e+02  8.976190e+01 
   67.131   10.598001  4.646369e+02  8.987643e+01 
   67.131   10.701000  4.650768e+02  8.998919e+01 
   67.131   10.804001  4.655090e+02  9.010030e+01 
   67.131   10.907001  4.659333e+02  9.020982e+01 
   67.131   11.010000  4.663510e+02  9.031778e+01 
   67.131   11.113001  4.667637e+02  9.042426e+01 
   67.131   11.216001  4.671720e+02  9.052930e+01 
   67.131   11.318001  4.675717e+02  9.063190e+01 
   67.131   11.421000  4.679705e+02  9.073413e+01 
   67.131   11.524000  4.683645e+02  9.083499e+01 
   67.131   11.627001  4.687534e+02  9.093449e+01 
   67.131   11.730000  4.691369e+02  9.103266e+01 
   67.131   11.833000  4.695150e+02  9.112952e+01 
   67.131   11.936001  4.698876e+02  9.122508e+01 
   67.131   12.039001  4.702551e+02  9.131936e+01 
   67.131   12.142000  4.706177e+02  9.141238e+01 
   67.131   12.244000  4.709718e+02  9.150323e+01 
   67.131   12.347000  4.713245e+02  9.159372e+01 
   67.131   12.450001  4.716723e+02  9.168295e+01 
   67.131   12.553000  4.720152e+02  9.177091e+01 
   67.131   12.656000  4.723533e+02  9.185759e+01 
   67.131   12.759001  4.726868e+02  9.194299e+01 
   67.131   12.862000  4.730160e+02  9.202709e+01 
   67.131   12.965000  4.733412e+02  9.210988e+01 
   67.131   13.068001  4.736624e+02  9.219135e+01 
   67.131   13.170000  4.739768e+02  9.227072e+01 
   67.131   13.273001  4.742904e+02  9.234956e+01 
   67.131   13.376000  4.746004e+02  9.242710e+01 
   67.131   13.479000  4.749068e+02  9.250336e+01 
   67.131   13.582001  4.752096e+02  9.257835e+01 
   67.131   13.685000  4.755090e+02  9.265208e+01 
   67.131   13.788000  4.758050e+02  9.272458e+01 
   67.131   13.891001  4.760976e+02  9.279585e+01 
   67.131   13.994000  4.763869e+02  9.286589e+01 
   67.131   14.096001  4.766703e+02  9.293404e+01 
   67.131   14.199000  4.769533e+02  9.300165e+01 
   67.131   14.302000  4.772331e+02  9.306806e+01 
   67.131   14.405001  4.775098e+02  9.313330e+01 
   67.131   14.508000  4.777834e+02  9.319738e+01 
   67.131   14.611000  4.780537e+02  9.326033e+01 
   67.131   14.714001  4.783210e+02  9.332223e+01 
   67.131   14.817000  4.785851e+02  9.338308e+01 
   67.131   14.920000  4.788461e+02  9.344291e+01 
   67.131   15.022000  4.791014e+02  9.350119e+01 
   67.131   15.125000  4.793561e+02  9.355909e+01 
   67.131   15.228001  4.796077e+02  9.361606e+01 
   67.131   15.331000  4.798562e+02  9.367211e+01 
   67.131   15.434000  4.801017e+02  9.372727e+01 
   67.131   15.537001  4.803441e+02  9.378156e+01 
   67.131   15.640000  4.805836e+02  9.383497e+01 
   67.131   15.743000  4.808202e+02  9.388750e+01 
   67.131   15.846001  4.810539e+02  9.393919e+01 
   67.131   15.949000  4.812849e+02  9.398999e+01 
   67.131   16.050999  4.815111e+02  9.403944e+01 
   67.131   16.153999  4.817372e+02  9.408849e+01 
   67.131   16.257000  4.819607e+02  9.413667e+01 
   67.131   16.359999  4.821818e+02  9.418400e+01 
   67.131   16.462999  4.824007e+02  9.423049e+01 
   67.131   16.566000  4.826172e+02  9.427617e+01 
   67.131   16.668999  4.828315e+02  9.432101e+01 
   67.131   16.771999  4.830438e+02  9.436503e+01 
   67.131   16.875000  4.832541e+02  9.440820e+01 
   67.131   16.976999  4.834604e+02  9.445014e+01 
   67.131   17.080000  4.836671e+02  9.449162e+01 
   67.131   17.182999  4.838722e+02  9.453217e+01 
   67.131   17.285999  4.840759e+02  9.457183e+01 
   67.131   17.389000  4.842782e+02  9.461058e+01 
   67.131   17.491999  4.844792e+02  9.464840e+01 
   67.131   17.594999  4.846790e+02  9.468530e+01 
   67.131   17.698000  4.848777e+02  9.472129e+01 
   67.131   17.800999  4.850751e+02  9.475641e+01 
   67.131   17.903000  4.852692e+02  9.479037e+01 
   67.131   18.005999  4.854638e+02  9.482388e+01 
   67.131   18.108999  4.856568e+02  9.485661e+01 
   67.131   18.212000  4.858482e+02  9.488863e+01 
   67.131   18.314999  4.860379e+02  9.491997e+01 
   67.131   18.417999  4.862258e+02  9.495065e+01 
   67.131   18.521000  4.864120e+02  9.498067e+01 
   67.131   18.623999  4.865966e+02  9.501000e+01 
   67.131   18.726999  4.867798e+02  9.503865e+01 
   67.131   18.828999  4.869596e+02  9.506637e+01 
   67.131   18.931999  4.871398e+02  9.509367e+01 
   67.131   19.035000  4.873186e+02  9.512031e+01 
   67.131   19.137999  4.874963e+02  9.514628e+01 
   67.131   19.240999  4.876726e+02  9.517160e+01 
   67.131   19.344000  4.878476e+02  9.519630e+01 
   67.131   19.446999  4.880213e+02  9.522040e+01 
   67.131   19.549999  4.881938e+02  9.524393e+01 
   67.131   19.653000  4.883648e+02  9.526688e+01 
   67.131   19.754999  4.885328e+02  9.528905e+01 
   67.131   19.858000  4.887012e+02  9.531093e+01 
   67.131   19.960999  4.888683e+02  9.533228e+01 
   67.131   20.063999  4.890344e+02  9.535301e+01 
   67.131   20.362999  4.895113e+02  9.540976e+01 
   67.131   20.858999  4.902798e+02  9.549463e+01 
   67.131   21.355000  4.910201e+02  9.556849e+01 
   67.131   21.851000  4.917339e+02  9.563197e+01 
   67.131   22.345999  4.924146e+02  9.568760e+01 
   67.131   22.841999  4.930585e+02  9.573866e+01 
   67.131   23.337999  4.936600e+02  9.578690e+01 
   67.131   23.834000  4.942203e+02  9.583265e+01 
   67.131   24.328999  4.947439e+02  9.587498e+01 
   67.131   24.824999  4.952373e+02  9.591349e+01 
   67.131   25.320999  4.956994e+02  9.594869e+01 
   67.131   25.816999  4.961307e+02  9.598135e+01 
   67.131   26.312000  4.965325e+02  9.601160e+01 
   67.131   26.807999  4.969095e+02  9.603926e+01 
   67.131   27.303999  4.972627e+02  9.606428e+01 
   67.131   27.799999  4.975927e+02  9.608698e+01 
   67.131   28.295000  4.978999e+02  9.610754e+01 
   67.131   28.791000  4.981882e+02  9.612609e+01 
   67.131   29.286999  4.984602e+02  9.614259e+01 
   67.131   29.782999  4.987186e+02  9.615699e+01 
   67.131   30.278000  4.989649e+02  9.616931e+01 
   67.131   30.774000  4.992017e+02  9.617982e+01 
   67.131   31.269999  4.994301e+02  9.618864e+01 
   67.131   31.765999  4.996518e+02  9.619596e+01 
   67.131   32.262001  4.998690e+02  9.620191e+01 
   67.131   32.757000  5.000831e+02  9.620670e+01 
   67.131   33.252998  5.002964e+02  9.621057e+01 
   67.131   33.749001  5.005104e+02  9.621375e+01 
   67.131   34.244999  5.007261e+02  9.621643e+01 
   67.131   34.739998  5.009447e+02  9.621873e+01 
   67.131   35.236000  5.011680e+02  9.622076e+01 
   67.131   35.731998  5.013968e+02  9.622259e+01 
   67.131   36.228001  5.016316e+02  9.622426e+01 
   67.131   36.723000  5.018717e+02  9.622580e+01 
   67.131   37.218998  5.021175e+02  9.622725e+01 
   67.131   37.715000  5.023673e+02  9.622862e+01 
   67.131   38.210999  5.026198e+02  9.622994e+01 
   67.131   38.706001  5.028722e+02  9.623125e+01 
   67.131   39.202000  5.031239e+02  9.623258e+01 
   67.131   39.697998  5.033720e+02  9.623398e+01 
   67.131   40.197998  5.036134e+02  9.623608e+01 
   67.131   45.197998  5.054988e+02  9.626321e+01 
   67.131   50.197998  5.062092e+02  9.628433e+01 
   67.131   55.197998  5.064617e+02  9.629807e+01 
   67.131   60.197998  5.072396e+02  9.630658e+01 
   67.131   65.198006  5.084851e+02  9.631170e+01 
