   67.621    0.000000  0.000000e+00  1.659285e+00 
   67.621    0.102000  0.000000e+00  1.689913e+00 
   67.621    0.205000  0.000000e+00  1.720888e+00 
   67.621    0.308000  0.000000e+00  1.751716e+00 
   67.621    0.411000  0.000000e+00  1.782356e+00 
   67.621    0.514000  0.000000e+00  1.812747e+00 
   67.621    0.617000  0.000000e+00  8.137219e+00 
   67.621    0.720000  0.000000e+00  1.716050e+01 
   67.621    0.823000  0.000000e+00  2.859573e+01 
   67.621    0.926000  0.000000e+00  4.225827e+01 
   67.621    1.028000  0.000000e+00  5.788776e+01 
   67.621    1.131000  0.000000e+00  7.575002e+01 
   67.621    1.234000  0.000000e+00  9.572166e+01 
   67.621    1.337000  0.000000e+00  1.179740e+02 
   67.621    1.440000  1.524315e-33  1.428371e+02 
   67.621    1.543000  6.579782e-23  1.709331e+02 
   67.621    1.646000  1.479637e-11  2.036838e+02 
   67.621    1.749000  3.243344e-11  2.047973e+02 
   67.621    1.852000  7.795556e-11  2.061654e+02 
   67.621    1.954000  1.235394e-10  2.068251e+02 
   67.621    2.057000  1.509746e-10  2.070236e+02 
   67.621    2.160000  1.644847e-10  2.070231e+02 
   67.621    2.263000  1.731591e-10  2.069749e+02 
   67.621    2.366000  1.800493e-10  2.069203e+02 
   67.621    2.469000  1.859040e-10  2.068686e+02 
   67.621    2.572000  2.669708e-08  2.162244e+02 
   67.621    2.675000  2.394963e-06  2.253208e+02 
   67.621    2.778000  1.285410e-04  2.346798e+02 
   67.621    2.880000  3.971864e-03  2.448500e+02 
   67.621    2.983000  7.892695e-02  2.571602e+02 
   67.621    3.086000  1.010826e+00  2.731663e+02 
   67.621    3.189000  8.480922e+00  2.943642e+02 
   67.621    3.292000  4.622977e+01  3.189047e+02 
   67.621    3.395000  4.650618e+01  3.186618e+02 
   67.621    3.498000  4.670309e+01  3.184429e+02 
   67.621    3.601000  4.689877e+01  3.182576e+02 
   67.621    3.704000  4.709356e+01  3.180990e+02 
   67.621    3.807000  4.728737e+01  3.179632e+02 
   67.621    3.909000  4.747829e+01  3.178483e+02 
   67.621    4.012000  4.766993e+01  3.177497e+02 
   67.621    4.115000  4.786044e+01  3.176666e+02 
   67.621    4.218000  4.804986e+01  3.175970e+02 
   67.621    4.321000  4.827136e+01  3.175502e+02 
   67.621    4.424000  4.854173e+01  3.175298e+02 
   67.621    4.527000  4.883982e+01  3.175284e+02 
   67.621    4.630000  4.914425e+01  3.175381e+02 
   67.621    4.733000  4.946000e+01  3.175596e+02 
   67.621    4.835000  4.978817e+01  3.175937e+02 
   67.621    4.938000  5.004462e+01  3.176217e+02 
   67.621    5.041000  5.030398e+01  3.176581e+02 
   67.621    5.144000  5.056240e+01  3.177008e+02 
   67.621    5.247000  5.090142e+01  3.177642e+02 
   67.621    5.350000  5.125912e+01  3.178393e+02 
   67.621    5.453000  5.200714e+01  3.180474e+02 
   67.621    5.556000  5.339988e+01  3.184651e+02 
   67.621    5.659000  5.541114e+01  3.190713e+02 
   67.621    5.761000  5.832781e+01  3.199355e+02 
   67.621    5.864000  6.293283e+01  3.212483e+02 
   67.621    5.967000  7.009634e+01  3.231608e+02 
   67.621    6.070000  8.112866e+01  3.258361e+02 
   67.621    6.173000  9.882265e+01  3.295815e+02 
   67.621    6.276000  1.259918e+02  3.343741e+02 
   67.621    6.379000  1.662825e+02  3.400395e+02 
   67.621    6.482000  2.218067e+02  3.460399e+02 
   67.621    6.585000  2.801531e+02  3.508766e+02 
   67.621    6.687000  3.321459e+02  3.542966e+02 
   67.621    6.790000  3.654193e+02  3.561298e+02 
   67.621    6.893000  3.886538e+02  3.572612e+02 
   67.621    6.996000  3.896934e+02  3.572788e+02 
   67.621    7.099000  3.907289e+02  3.573037e+02 
   67.621    7.202000  3.917256e+02  3.573362e+02 
   67.621    7.305000  3.926473e+02  3.573759e+02 
   67.621    7.408000  3.934920e+02  3.574209e+02 
   67.621    7.511000  3.942668e+02  3.574695e+02 
   67.621    7.613000  3.987188e+02  3.577036e+02 
   67.621    7.716000  4.030767e+02  3.579324e+02 
   67.621    7.819000  4.080900e+02  3.581872e+02 
   67.621    7.922000  4.119394e+02  3.583848e+02 
   67.621    8.025001  4.162888e+02  3.586009e+02 
   67.621    8.128000  4.205868e+02  3.588103e+02 
   67.621    8.231001  4.247777e+02  3.590107e+02 
   67.621    8.334001  4.298005e+02  3.592410e+02 
   67.621    8.437000  4.339164e+02  3.594304e+02 
   67.621    8.539001  4.380244e+02  3.596162e+02 
   67.621    8.642000  4.420407e+02  3.597952e+02 
   67.621    8.745001  4.461068e+02  3.599724e+02 
   67.621    8.848001  4.466118e+02  3.600150e+02 
   67.621    8.951000  4.471078e+02  3.600565e+02 
   67.621    9.054001  4.475987e+02  3.600965e+02 
   67.621    9.157001  4.480858e+02  3.601350e+02 
   67.621    9.260000  4.485710e+02  3.601719e+02 
   67.621    9.363001  4.490552e+02  3.602072e+02 
   67.621    9.465000  4.495337e+02  3.602406e+02 
   67.621    9.568001  4.500158e+02  3.602729e+02 
   67.621    9.671000  4.504971e+02  3.603036e+02 
   67.621    9.774000  4.509745e+02  3.603329e+02 
   67.621    9.877001  4.514438e+02  3.603609e+02 
   67.621    9.980000  4.519043e+02  3.603877e+02 
   67.621   10.083000  4.523557e+02  3.604134e+02 
   67.621   10.186001  4.528293e+02  3.604370e+02 
   67.621   10.289001  4.532916e+02  3.604598e+02 
   67.621   10.392000  4.537448e+02  3.604818e+02 
   67.621   10.494000  4.541877e+02  3.605031e+02 
   67.621   10.597000  4.546293e+02  3.605238e+02 
   67.621   10.700001  4.550651e+02  3.605441e+02 
   67.621   10.803000  4.554949e+02  3.605640e+02 
   67.621   10.906000  4.559185e+02  3.605836e+02 
   67.621   11.009001  4.563362e+02  3.606028e+02 
   67.621   11.112000  4.567484e+02  3.606219e+02 
   67.621   11.215000  4.571551e+02  3.606409e+02 
   67.621   11.318001  4.575564e+02  3.606597e+02 
   67.621   11.420000  4.579485e+02  3.606783e+02 
   67.621   11.523001  4.583393e+02  3.606970e+02 
   67.621   11.626000  4.587248e+02  3.607156e+02 
   67.621   11.729000  4.591049e+02  3.607340e+02 
   67.621   11.832001  4.594797e+02  3.607524e+02 
   67.621   11.935000  4.598492e+02  3.607706e+02 
   67.621   12.038000  4.602136e+02  3.607886e+02 
   67.621   12.141001  4.605729e+02  3.608064e+02 
   67.621   12.244000  4.609273e+02  3.608239e+02 
   67.621   12.346001  4.612735e+02  3.608411e+02 
   67.621   12.449000  4.616183e+02  3.608581e+02 
   67.621   12.552000  4.619586e+02  3.608748e+02 
   67.621   12.655001  4.622943e+02  3.608912e+02 
   67.621   12.758000  4.626256e+02  3.609072e+02 
   67.621   12.861000  4.629531e+02  3.609228e+02 
   67.621   12.964001  4.632766e+02  3.609380e+02 
   67.621   13.067000  4.635964e+02  3.609527e+02 
   67.621   13.170000  4.639125e+02  3.609669e+02 
   67.621   13.272000  4.642218e+02  3.609804e+02 
   67.621   13.375000  4.645306e+02  3.609935e+02 
   67.621   13.478001  4.648359e+02  3.610061e+02 
   67.621   13.581000  4.651376e+02  3.610181e+02 
   67.621   13.684000  4.654360e+02  3.610295e+02 
   67.621   13.787001  4.657310e+02  3.610403e+02 
   67.621   13.890000  4.660227e+02  3.610505e+02 
   67.621   13.993000  4.663111e+02  3.610600e+02 
   67.621   14.096001  4.665965e+02  3.610688e+02 
   67.621   14.198001  4.668760e+02  3.610769e+02 
   67.621   14.301001  4.671552e+02  3.610844e+02 
   67.621   14.404000  4.674312e+02  3.610914e+02 
   67.621   14.507000  4.677040e+02  3.610978e+02 
   67.621   14.610001  4.679737e+02  3.611037e+02 
   67.621   14.713000  4.682401e+02  3.611092e+02 
   67.621   14.816000  4.685033e+02  3.611144e+02 
   67.621   14.919001  4.687632e+02  3.611194e+02 
   67.621   15.022000  4.690200e+02  3.611240e+02 
   67.621   15.125000  4.692735e+02  3.611283e+02 
   67.621   15.227000  4.695215e+02  3.611324e+02 
   67.621   15.330001  4.697687e+02  3.611362e+02 
   67.621   15.433001  4.700130e+02  3.611398e+02 
   67.621   15.536000  4.702542e+02  3.611430e+02 
   67.621   15.639001  4.704924e+02  3.611460e+02 
   67.621   15.742001  4.707277e+02  3.611487e+02 
   67.621   15.845000  4.709601e+02  3.611512e+02 
   67.621   15.948001  4.711899e+02  3.611534e+02 
   67.621   16.050999  4.714171e+02  3.611552e+02 
   67.621   16.153000  4.716396e+02  3.611569e+02 
   67.621   16.255999  4.718619e+02  3.611582e+02 
   67.621   16.358999  4.720819e+02  3.611592e+02 
   67.621   16.462000  4.722996e+02  3.611599e+02 
   67.621   16.564999  4.725151e+02  3.611602e+02 
   67.621   16.667999  4.727284e+02  3.611602e+02 
   67.621   16.771000  4.729397e+02  3.611597e+02 
   67.621   16.873999  4.731492e+02  3.611587e+02 
   67.621   16.976999  4.733568e+02  3.611572e+02 
   67.621   17.078999  4.735608e+02  3.611550e+02 
   67.621   17.181999  4.737654e+02  3.611519e+02 
   67.621   17.285000  4.739687e+02  3.611481e+02 
   67.621   17.387999  4.741707e+02  3.611434e+02 
   67.621   17.490999  4.743715e+02  3.611378e+02 
   67.621   17.594000  4.745712e+02  3.611314e+02 
   67.621   17.696999  4.747697e+02  3.611241e+02 
   67.621   17.799999  4.749669e+02  3.611161e+02 
   67.621   17.903000  4.751625e+02  3.611076e+02 
   67.621   18.004999  4.753547e+02  3.610986e+02 
   67.621   18.108000  4.755472e+02  3.610891e+02 
   67.621   18.210999  4.757380e+02  3.610791e+02 
   67.621   18.313999  4.759272e+02  3.610688e+02 
   67.621   18.417000  4.761147e+02  3.610581e+02 
   67.621   18.519999  4.763006e+02  3.610470e+02 
   67.621   18.622999  4.764850e+02  3.610355e+02 
   67.621   18.726000  4.766679e+02  3.610236e+02 
   67.621   18.828999  4.768493e+02  3.610112e+02 
   67.621   18.931000  4.770275e+02  3.609986e+02 
   67.621   19.034000  4.772061e+02  3.609855e+02 
   67.621   19.136999  4.773833e+02  3.609719e+02 
   67.621   19.240000  4.775591e+02  3.609580e+02 
   67.621   19.343000  4.777337e+02  3.609438e+02 
   67.621   19.445999  4.779070e+02  3.609292e+02 
   67.621   19.549000  4.780789e+02  3.609142e+02 
   67.621   19.652000  4.782495e+02  3.608990e+02 
   67.621   19.754999  4.784188e+02  3.608834e+02 
   67.621   19.858000  4.785869e+02  3.608675e+02 
   67.621   19.959999  4.787521e+02  3.608514e+02 
   67.621   20.063000  4.789181e+02  3.608346e+02 
   67.621   20.362999  4.793963e+02  3.607829e+02 
   67.621   20.858000  4.801625e+02  3.606924e+02 
   67.621   21.354000  4.809022e+02  3.605959e+02 
   67.621   21.850000  4.816134e+02  3.604953e+02 
   67.621   22.345999  4.822896e+02  3.603959e+02 
   67.621   22.841000  4.829238e+02  3.603029e+02 
   67.621   23.337000  4.835165e+02  3.602180e+02 
   67.621   23.833000  4.840700e+02  3.601397e+02 
   67.621   24.328999  4.845905e+02  3.600652e+02 
   67.621   24.823999  4.850793e+02  3.599939e+02 
   67.621   25.320000  4.855375e+02  3.599267e+02 
   67.621   25.816000  4.859649e+02  3.598643e+02 
   67.621   26.312000  4.863641e+02  3.598058e+02 
   67.621   26.806999  4.867374e+02  3.597503e+02 
   67.621   27.302999  4.870871e+02  3.596978e+02 
   67.621   27.799000  4.874134e+02  3.596483e+02 
   67.621   28.295000  4.877184e+02  3.596013e+02 
   67.621   28.789999  4.880046e+02  3.595563e+02 
   67.621   29.285999  4.882755e+02  3.595125e+02 
   67.621   29.782000  4.885327e+02  3.594696e+02 
   67.621   30.278000  4.887778e+02  3.594276e+02 
   67.621   30.772999  4.890121e+02  3.593864e+02 
   67.621   31.268999  4.892383e+02  3.593460e+02 
   67.621   31.764999  4.894574e+02  3.593063e+02 
   67.621   32.260998  4.896718e+02  3.592673e+02 
   67.621   32.756001  4.898828e+02  3.592293e+02 
   67.621   33.251999  4.900925e+02  3.591926e+02 
   67.621   33.748001  4.903022e+02  3.591574e+02 
   67.621   34.243999  4.905132e+02  3.591241e+02 
   67.621   34.738998  4.907268e+02  3.590929e+02 
   67.621   35.235001  4.909450e+02  3.590635e+02 
   67.621   35.730999  4.911685e+02  3.590360e+02 
   67.621   36.227001  4.913978e+02  3.590104e+02 
   67.621   36.722000  4.916324e+02  3.589865e+02 
   67.621   37.217999  4.918729e+02  3.589641e+02 
   67.621   37.714001  4.921176e+02  3.589432e+02 
   67.621   38.209999  4.923653e+02  3.589238e+02 
   67.621   38.704998  4.926132e+02  3.589059e+02 
   67.621   39.201000  4.928609e+02  3.588894e+02 
   67.621   39.696999  4.931053e+02  3.588744e+02 
   67.621   40.196999  4.933435e+02  3.588623e+02 
   67.621   45.196999  4.952150e+02  3.588068e+02 
   67.621   50.196999  4.959240e+02  3.587952e+02 
   67.621   55.196999  4.961732e+02  3.587947e+02 
   67.621   60.196999  4.969257e+02  3.587965e+02 
   67.621   65.197006  4.981606e+02  3.587982e+02 
