   66.844    0.000000  0.000000e+00  2.438526e+00 
   66.844    0.103000  0.000000e+00  2.481091e+00 
   66.844    0.206000  0.000000e+00  2.523831e+00 
   66.844    0.309000  0.000000e+00  2.566448e+00 
   66.844    0.412000  0.000000e+00  2.608850e+00 
   66.844    0.514000  0.000000e+00  2.650580e+00 
   66.844    0.617000  0.000000e+00  9.476867e+00 
   66.844    0.720000  0.000000e+00  1.910617e+01 
   66.844    0.823000  0.000000e+00  3.117329e+01 
   66.844    0.926000  0.000000e+00  4.549905e+01 
   66.844    1.029000  0.000000e+00  6.197932e+01 
   66.844    1.132000  1.590735e-38  8.058198e+01 
   66.844    1.235000  6.541798e-33  1.013659e+02 
   66.844    1.338000  8.803089e-27  1.243915e+02 
   66.844    1.441000  3.819220e-20  1.499586e+02 
   66.844    1.543000  4.292561e-13  1.781270e+02 
   66.844    1.646000  9.839438e-13  1.798782e+02 
   66.844    1.749000  1.171586e-11  1.858130e+02 
   66.844    1.852000  8.337072e-09  1.998424e+02 
   66.844    1.955000  1.945326e-06  2.123894e+02 
   66.844    2.058000  1.877056e-04  2.245742e+02 
   66.844    2.161000  7.993327e-03  2.372881e+02 
   66.844    2.264000  1.605778e-01  2.514971e+02 
   66.844    2.367000  1.689066e+00  2.680591e+02 
   66.844    2.469000  1.026710e+01  2.868964e+02 
   66.844    2.572000  4.173899e+01  3.072956e+02 
   66.844    2.675000  1.220189e+02  3.267147e+02 
   66.844    2.778000  2.744071e+02  3.416671e+02 
   66.844    2.881000  2.784666e+02  3.414898e+02 
   66.844    2.984000  2.797000e+02  3.412343e+02 
   66.844    3.087000  2.809278e+02  3.410182e+02 
   66.844    3.190000  2.821487e+02  3.408348e+02 
   66.844    3.293000  2.833625e+02  3.406792e+02 
   66.844    3.395000  2.845582e+02  3.405486e+02 
   66.844    3.498000  2.857594e+02  3.404374e+02 
   66.844    3.601000  2.869594e+02  3.403435e+02 
   66.844    3.704000  2.881624e+02  3.402642e+02 
   66.844    3.807000  2.893680e+02  3.401982e+02 
   66.844    3.910000  2.905760e+02  3.401445e+02 
   66.844    4.013000  2.917856e+02  3.401022e+02 
   66.844    4.116000  2.929910e+02  3.400713e+02 
   66.844    4.219000  2.941847e+02  3.400518e+02 
   66.844    4.321000  2.953517e+02  3.400429e+02 
   66.844    4.424000  2.965121e+02  3.400439e+02 
   66.844    4.527000  3.032095e+02  3.403828e+02 
   66.844    4.630000  3.124301e+02  3.408635e+02 
   66.844    4.733000  3.210167e+02  3.412998e+02 
   66.844    4.836000  3.300447e+02  3.417546e+02 
   66.844    4.939000  3.391650e+02  3.422078e+02 
   66.844    5.042000  3.446276e+02  3.424655e+02 
   66.844    5.145000  3.494882e+02  3.426958e+02 
   66.844    5.247000  3.508918e+02  3.427561e+02 
   66.844    5.350000  3.532282e+02  3.429018e+02 
   66.844    5.453000  3.606495e+02  3.434783e+02 
   66.844    5.556000  4.070870e+02  3.469226e+02 
   66.844    5.659000  4.087108e+02  3.469907e+02 
   66.844    5.762000  4.098969e+02  3.470386e+02 
   66.844    5.865000  4.161320e+02  3.473018e+02 
   66.844    5.968000  4.220508e+02  3.475503e+02 
   66.844    6.071000  4.286837e+02  3.478245e+02 
   66.844    6.173000  4.344102e+02  3.480596e+02 
   66.844    6.276000  4.404675e+02  3.483036e+02 
   66.844    6.379000  4.416438e+02  3.483621e+02 
   66.844    6.482000  4.428147e+02  3.484224e+02 
   66.844    6.585000  4.439833e+02  3.484838e+02 
   66.844    6.688000  4.451540e+02  3.485456e+02 
   66.844    6.791000  4.463276e+02  3.486076e+02 
   66.844    6.894000  4.474908e+02  3.486702e+02 
   66.844    6.997000  4.486264e+02  3.487335e+02 
   66.844    7.099000  4.497132e+02  3.487970e+02 
   66.844    7.202000  4.507531e+02  3.488619e+02 
   66.844    7.305000  4.517203e+02  3.489271e+02 
   66.844    7.408000  4.526126e+02  3.489923e+02 
   66.844    7.511000  4.534360e+02  3.490572e+02 
   66.844    7.614000  4.541896e+02  3.491218e+02 
   66.844    7.717000  4.548954e+02  3.491857e+02 
   66.844    7.820000  4.555842e+02  3.492487e+02 
   66.844    7.923000  4.562624e+02  3.493109e+02 
   66.844    8.026000  4.569327e+02  3.493724e+02 
   66.844    8.128000  4.575919e+02  3.494325e+02 
   66.844    8.231000  4.582529e+02  3.494923e+02 
   66.844    8.334001  4.589035e+02  3.495511e+02 
   66.844    8.437000  4.595381e+02  3.496085e+02 
   66.844    8.540000  4.601570e+02  3.496646e+02 
   66.844    8.643001  4.607640e+02  3.497190e+02 
   66.844    8.746000  4.613622e+02  3.497717e+02 
   66.844    8.849000  4.619512e+02  3.498226e+02 
   66.844    8.952001  4.625313e+02  3.498715e+02 
   66.844    9.054000  4.630959e+02  3.499180e+02 
   66.844    9.157001  4.636542e+02  3.499630e+02 
   66.844    9.260000  4.642004e+02  3.500061e+02 
   66.844    9.363000  4.647343e+02  3.500472e+02 
   66.844    9.466001  4.652561e+02  3.500867e+02 
   66.844    9.569000  4.657668e+02  3.501246e+02 
   66.844    9.672000  4.662666e+02  3.501612e+02 
   66.844    9.775001  4.667548e+02  3.501964e+02 
   66.844    9.878000  4.672304e+02  3.502303e+02 
   66.844    9.980000  4.676886e+02  3.502626e+02 
   66.844   10.083000  4.681737e+02  3.502931e+02 
   66.844   10.186000  4.686504e+02  3.503225e+02 
   66.844   10.289001  4.691194e+02  3.503509e+02 
   66.844   10.392000  4.695809e+02  3.503783e+02 
   66.844   10.495000  4.700357e+02  3.504047e+02 
   66.844   10.598001  4.704836e+02  3.504302e+02 
   66.844   10.701000  4.709244e+02  3.504549e+02 
   66.844   10.804000  4.713582e+02  3.504790e+02 
   66.844   10.906000  4.717810e+02  3.505023e+02 
   66.844   11.009000  4.722016e+02  3.505253e+02 
   66.844   11.112000  4.726170e+02  3.505480e+02 
   66.844   11.215000  4.730274e+02  3.505705e+02 
   66.844   11.318000  4.734329e+02  3.505926e+02 
   66.844   11.421000  4.738334e+02  3.506145e+02 
   66.844   11.524000  4.742291e+02  3.506361e+02 
   66.844   11.627000  4.746196e+02  3.506575e+02 
   66.844   11.730000  4.750047e+02  3.506788e+02 
   66.844   11.832001  4.753807e+02  3.506996e+02 
   66.844   11.935000  4.757549e+02  3.507206e+02 
   66.844   12.038000  4.761238e+02  3.507412e+02 
   66.844   12.141001  4.764875e+02  3.507618e+02 
   66.844   12.244000  4.768459e+02  3.507821e+02 
   66.844   12.347000  4.771993e+02  3.508022e+02 
   66.844   12.450001  4.775478e+02  3.508220e+02 
   66.844   12.553000  4.778914e+02  3.508415e+02 
   66.844   12.656000  4.782301e+02  3.508606e+02 
   66.844   12.758000  4.785609e+02  3.508791e+02 
   66.844   12.861000  4.788907e+02  3.508973e+02 
   66.844   12.964001  4.792164e+02  3.509150e+02 
   66.844   13.067000  4.795382e+02  3.509322e+02 
   66.844   13.170000  4.798562e+02  3.509488e+02 
   66.844   13.273001  4.801703e+02  3.509649e+02 
   66.844   13.376000  4.804808e+02  3.509803e+02 
   66.844   13.479000  4.807877e+02  3.509951e+02 
   66.844   13.582001  4.810911e+02  3.510095e+02 
   66.844   13.685000  4.813909e+02  3.510231e+02 
   66.844   13.787001  4.816845e+02  3.510361e+02 
   66.844   13.890000  4.819776e+02  3.510485e+02 
   66.844   13.993000  4.822674e+02  3.510603e+02 
   66.844   14.096001  4.825541e+02  3.510714e+02 
   66.844   14.199000  4.828376e+02  3.510818e+02 
   66.844   14.302000  4.831179e+02  3.510915e+02 
   66.844   14.405001  4.833952e+02  3.511006e+02 
   66.844   14.508000  4.836693e+02  3.511090e+02 
   66.844   14.611000  4.839404e+02  3.511168e+02 
   66.844   14.713000  4.842057e+02  3.511240e+02 
   66.844   14.816000  4.844705e+02  3.511307e+02 
   66.844   14.919001  4.847321e+02  3.511371e+02 
   66.844   15.022000  4.849907e+02  3.511430e+02 
   66.844   15.125000  4.852460e+02  3.511486e+02 
   66.844   15.228001  4.854983e+02  3.511539e+02 
   66.844   15.331000  4.857475e+02  3.511588e+02 
   66.844   15.434000  4.859937e+02  3.511634e+02 
   66.844   15.537001  4.862368e+02  3.511677e+02 
   66.844   15.639000  4.864747e+02  3.511717e+02 
   66.844   15.742001  4.867120e+02  3.511754e+02 
   66.844   15.845000  4.869464e+02  3.511788e+02 
   66.844   15.948000  4.871782e+02  3.511820e+02 
   66.844   16.051001  4.874074e+02  3.511848e+02 
   66.844   16.154001  4.876341e+02  3.511872e+02 
   66.844   16.257000  4.878584e+02  3.511892e+02 
   66.844   16.360001  4.880804e+02  3.511909e+02 
   66.844   16.462999  4.883000e+02  3.511921e+02 
   66.844   16.565001  4.885152e+02  3.511930e+02 
   66.844   16.668001  4.887303e+02  3.511934e+02 
   66.844   16.771000  4.889432e+02  3.511934e+02 
   66.844   16.874001  4.891542e+02  3.511930e+02 
   66.844   16.977001  4.893632e+02  3.511921e+02 
   66.844   17.080000  4.895703e+02  3.511907e+02 
   66.844   17.183001  4.897759e+02  3.511885e+02 
   66.844   17.286001  4.899800e+02  3.511857e+02 
   66.844   17.389000  4.901826e+02  3.511822e+02 
   66.844   17.491001  4.903821e+02  3.511779e+02 
   66.844   17.594000  4.905823e+02  3.511727e+02 
   66.844   17.697001  4.907814e+02  3.511667e+02 
   66.844   17.800001  4.909792e+02  3.511601e+02 
   66.844   17.903000  4.911756e+02  3.511527e+02 
   66.844   18.006001  4.913706e+02  3.511447e+02 
   66.844   18.109001  4.915642e+02  3.511361e+02 
   66.844   18.212000  4.917562e+02  3.511271e+02 
   66.844   18.315001  4.919463e+02  3.511178e+02 
   66.844   18.418001  4.921347e+02  3.511082e+02 
   66.844   18.520000  4.923195e+02  3.510983e+02 
   66.844   18.623001  4.925045e+02  3.510879e+02 
   66.844   18.726000  4.926878e+02  3.510771e+02 
   66.844   18.829000  4.928696e+02  3.510659e+02 
   66.844   18.932001  4.930499e+02  3.510544e+02 
   66.844   19.035000  4.932289e+02  3.510422e+02 
   66.844   19.138000  4.934067e+02  3.510296e+02 
   66.844   19.241001  4.935833e+02  3.510166e+02 
   66.844   19.344000  4.937586e+02  3.510030e+02 
   66.844   19.446001  4.939309e+02  3.509892e+02 
   66.844   19.549000  4.941037e+02  3.509749e+02 
   66.844   19.652000  4.942752e+02  3.509602e+02 
   66.844   19.755001  4.944453e+02  3.509452e+02 
   66.844   19.858000  4.946140e+02  3.509299e+02 
   66.844   19.961000  4.947814e+02  3.509144e+02 
   66.844   20.064001  4.949478e+02  3.508983e+02 
   66.844   20.363001  4.954253e+02  3.508491e+02 
   66.844   20.859001  4.961945e+02  3.507624e+02 
   66.844   21.355000  4.969352e+02  3.506699e+02 
   66.844   21.850000  4.976483e+02  3.505714e+02 
   66.844   22.346001  4.983328e+02  3.504706e+02 
   66.844   22.842001  4.989803e+02  3.503737e+02 
   66.844   23.337999  4.995860e+02  3.502843e+02 
   66.844   23.833000  5.001490e+02  3.502030e+02 
   66.844   24.329000  5.006763e+02  3.501274e+02 
   66.844   24.825001  5.011715e+02  3.500553e+02 
   66.844   25.321001  5.016359e+02  3.499868e+02 
   66.844   25.816000  5.020689e+02  3.499229e+02 
   66.844   26.312000  5.024737e+02  3.498635e+02 
   66.844   26.808001  5.028524e+02  3.498074e+02 
   66.844   27.304001  5.032074e+02  3.497539e+02 
   66.844   27.799000  5.035388e+02  3.497031e+02 
   66.844   28.295000  5.038488e+02  3.496549e+02 
   66.844   28.791000  5.041392e+02  3.496091e+02 
   66.844   29.287001  5.044128e+02  3.495651e+02 
   66.844   29.782000  5.046720e+02  3.495223e+02 
   66.844   30.278000  5.049200e+02  3.494801e+02 
   66.844   30.774000  5.051583e+02  3.494386e+02 
   66.844   31.270000  5.053883e+02  3.493978e+02 
   66.844   31.764999  5.056111e+02  3.493578e+02 
   66.844   32.260998  5.058301e+02  3.493187e+02 
   66.844   32.757000  5.060466e+02  3.492805e+02 
   66.844   33.252998  5.062622e+02  3.492437e+02 
   66.844   33.747997  5.064781e+02  3.492085e+02 
   66.844   34.243999  5.066964e+02  3.491750e+02 
   66.844   34.739998  5.069181e+02  3.491435e+02 
   66.844   35.236000  5.071445e+02  3.491140e+02 
   66.844   35.730999  5.073759e+02  3.490865e+02 
   66.844   36.226997  5.076139e+02  3.490609e+02 
   66.844   36.723000  5.078577e+02  3.490369e+02 
   66.844   37.218998  5.081067e+02  3.490145e+02 
   66.844   37.713997  5.083591e+02  3.489937e+02 
   66.844   38.209999  5.086143e+02  3.489744e+02 
   66.844   38.705997  5.088699e+02  3.489565e+02 
   66.844   39.202000  5.091241e+02  3.489401e+02 
   66.844   39.696999  5.093740e+02  3.489252e+02 
   66.844   40.196999  5.096173e+02  3.489133e+02 
   66.844   45.196999  5.115111e+02  3.488590e+02 
   66.844   50.196999  5.122221e+02  3.488479e+02 
   66.844   55.196999  5.124766e+02  3.488475e+02 
   66.844   60.196999  5.132686e+02  3.488494e+02 
   66.844   65.196999  5.145213e+02  3.488512e+02 
