    0.000    0.000000  0.000000e+00  3.485087e+02 
    0.000    0.103000  0.000000e+00  3.476608e+02 
    0.000    0.206000  0.000000e+00  3.464472e+02 
    0.000    0.308000  0.000000e+00  3.450010e+02 
    0.000    0.411000  0.000000e+00  3.436601e+02 
    0.000    0.514000  0.000000e+00  3.424062e+02 
    0.000    0.617000  0.000000e+00  3.410515e+02 
    0.000    0.720000  0.000000e+00  3.395746e+02 
    0.000    0.823000  0.000000e+00  3.381414e+02 
    0.000    0.926000  0.000000e+00  3.365666e+02 
    0.000    1.029000  0.000000e+00  3.350244e+02 
    0.000    1.132000  0.000000e+00  3.334980e+02 
    0.000    1.234000  0.000000e+00  3.318938e+02 
    0.000    1.337000  0.000000e+00  3.302549e+02 
    0.000    1.440000  0.000000e+00  3.286082e+02 
    0.000    1.543000  0.000000e+00  3.269880e+02 
    0.000    1.646000  0.000000e+00  3.254989e+02 
    0.000    1.749000  0.000000e+00  3.240013e+02 
    0.000    1.852000  0.000000e+00  3.224855e+02 
    0.000    1.955000  0.000000e+00  3.208270e+02 
    0.000    2.058000  0.000000e+00  3.191177e+02 
    0.000    2.160000  0.000000e+00  3.174453e+02 
    0.000    2.263000  0.000000e+00  3.157941e+02 
    0.000    2.366000  0.000000e+00  3.141771e+02 
    0.000    2.469000  0.000000e+00  3.126018e+02 
    0.000    2.572000  0.000000e+00  3.110128e+02 
    0.000    2.675000  0.000000e+00  3.094058e+02 
    0.000    2.778000  0.000000e+00  3.077855e+02 
    0.000    2.881000  0.000000e+00  3.061443e+02 
    0.000    2.984000  0.000000e+00  3.045190e+02 
    0.000    3.087000  0.000000e+00  3.029254e+02 
    0.000    3.189000  0.000000e+00  3.014048e+02 
    0.000    3.292000  0.000000e+00  2.999099e+02 
    0.000    3.395000  0.000000e+00  2.984075e+02 
    0.000    3.498000  0.000000e+00  2.968627e+02 
    0.000    3.601000  0.000000e+00  2.952791e+02 
    0.000    3.704000  0.000000e+00  2.936130e+02 
    0.000    3.807000  0.000000e+00  2.918166e+02 
    0.000    3.910000  0.000000e+00  2.898990e+02 
    0.000    4.013000  0.000000e+00  2.877767e+02 
    0.000    4.115000  0.000000e+00  2.855168e+02 
    0.000    4.218000  0.000000e+00  2.831244e+02 
    0.000    4.321000  0.000000e+00  2.806927e+02 
    0.000    4.424000  0.000000e+00  2.784227e+02 
    0.000    4.527000  0.000000e+00  2.765424e+02 
    0.000    4.630000  0.000000e+00  2.750125e+02 
    0.000    4.733000  0.000000e+00  2.739042e+02 
    0.000    4.836000  0.000000e+00  2.728000e+02 
    0.000    4.939000  0.000000e+00  2.717017e+02 
    0.000    5.041000  0.000000e+00  2.706178e+02 
    0.000    5.144000  0.000000e+00  2.695381e+02 
    0.000    5.247000  0.000000e+00  2.684714e+02 
    0.000    5.350000  0.000000e+00  2.672740e+02 
    0.000    5.453000  0.000000e+00  2.660915e+02 
    0.000    5.556000  0.000000e+00  2.649377e+02 
    0.000    5.659000  0.000000e+00  2.636742e+02 
    0.000    5.762000  0.000000e+00  2.623862e+02 
    0.000    5.865000  0.000000e+00  2.610900e+02 
    0.000    5.967000  0.000000e+00  2.597267e+02 
    0.000    6.070000  0.000000e+00  2.582812e+02 
    0.000    6.173000  0.000000e+00  2.568095e+02 
    0.000    6.276000  0.000000e+00  2.553315e+02 
    0.000    6.379000  0.000000e+00  2.544671e+02 
    0.000    6.482000  0.000000e+00  2.536228e+02 
    0.000    6.585000  0.000000e+00  2.528017e+02 
    0.000    6.688000  0.000000e+00  2.520180e+02 
    0.000    6.791000  0.000000e+00  2.512628e+02 
    0.000    6.893000  0.000000e+00  2.505808e+02 
    0.000    6.996000  0.000000e+00  2.499828e+02 
    0.000    7.099000  0.000000e+00  2.494481e+02 
    0.000    7.202000  0.000000e+00  2.490332e+02 
    0.000    7.305000  0.000000e+00  2.487212e+02 
    0.000    7.408000  0.000000e+00  2.484734e+02 
    0.000    7.511000  0.000000e+00  2.483134e+02 
    0.000    7.614000  0.000000e+00  2.482120e+02 
    0.000    7.717000  0.000000e+00  2.481334e+02 
    0.000    7.819000  0.000000e+00  2.480471e+02 
    0.000    7.922000  0.000000e+00  2.479564e+02 
    0.000    8.025000  0.000000e+00  2.478460e+02 
    0.000    8.128000  0.000000e+00  2.476996e+02 
    0.000    8.231000  0.000000e+00  2.475321e+02 
    0.000    8.334000  0.000000e+00  2.473545e+02 
    0.000    8.437000  0.000000e+00  2.471712e+02 
    0.000    8.540000  0.000000e+00  2.469847e+02 
    0.000    8.643000  0.000000e+00  2.468022e+02 
    0.000    8.745000  0.000000e+00  2.466245e+02 
    0.000    8.848000  0.000000e+00  2.464467e+02 
    0.000    8.951000  0.000000e+00  2.462806e+02 
    0.000    9.054000  0.000000e+00  2.461229e+02 
    0.000    9.157000  0.000000e+00  2.459730e+02 
    0.000    9.260000  0.000000e+00  2.458498e+02 
    0.000    9.363000  0.000000e+00  2.457459e+02 
    0.000    9.466000  0.000000e+00  2.456555e+02 
    0.000    9.569000  0.000000e+00  2.455824e+02 
    0.000    9.672000  0.000000e+00  2.455223e+02 
    0.000    9.774000  0.000000e+00  2.454689e+02 
    0.000    9.877000  0.000000e+00  2.454131e+02 
    0.000    9.980000  0.000000e+00  2.453569e+02 
    0.000   10.083000  0.000000e+00  2.453008e+02 
    0.000   10.186000  0.000000e+00  2.452430e+02 
    0.000   10.289000  0.000000e+00  2.451847e+02 
    0.000   10.392000  0.000000e+00  2.451307e+02 
    0.000   10.495000  0.000000e+00  2.450870e+02 
    0.000   10.598000  0.000000e+00  2.450511e+02 
    0.000   10.700000  0.000000e+00  2.450142e+02 
    0.000   10.803000  0.000000e+00  2.449624e+02 
    0.000   10.906000  0.000000e+00  2.449014e+02 
    0.000   11.009000  0.000000e+00  2.448341e+02 
    0.000   11.112000  0.000000e+00  2.447568e+02 
    0.000   11.215000  0.000000e+00  2.446728e+02 
    0.000   11.318000  0.000000e+00  2.445853e+02 
    0.000   11.421000  0.000000e+00  2.444953e+02 
    0.000   11.524000  0.000000e+00  2.444037e+02 
    0.000   11.626000  0.000000e+00  2.443120e+02 
    0.000   11.729000  0.000000e+00  2.442185e+02 
    0.000   11.832000  0.000000e+00  2.441247e+02 
    0.000   11.935000  0.000000e+00  2.440308e+02 
    0.000   12.038000  0.000000e+00  2.439406e+02 
    0.000   12.141000  0.000000e+00  2.438533e+02 
    0.000   12.244000  0.000000e+00  2.437678e+02 
    0.000   12.347000  0.000000e+00  2.436860e+02 
    0.000   12.450000  0.000000e+00  2.436072e+02 
    0.000   12.552000  0.000000e+00  2.435314e+02 
    0.000   12.655000  0.000000e+00  2.434583e+02 
    0.000   12.758000  0.000000e+00  2.433888e+02 
    0.000   12.861000  0.000000e+00  2.433218e+02 
    0.000   12.964000  0.000000e+00  2.432562e+02 
    0.000   13.067000  0.000000e+00  2.431913e+02 
    0.000   13.170000  0.000000e+00  2.431273e+02 
    0.000   13.273000  0.000000e+00  2.430634e+02 
    0.000   13.376000  0.000000e+00  2.429984e+02 
    0.000   13.478000  0.000000e+00  2.429334e+02 
    0.000   13.581000  0.000000e+00  2.428678e+02 
    0.000   13.684000  0.000000e+00  2.428025e+02 
    0.000   13.787000  0.000000e+00  2.427375e+02 
    0.000   13.890000  0.000000e+00  2.426729e+02 
    0.000   13.993000  0.000000e+00  2.426111e+02 
    0.000   14.096000  0.000000e+00  2.425522e+02 
    0.000   14.199000  0.000000e+00  2.424949e+02 
    0.000   14.302000  0.000000e+00  2.424408e+02 
    0.000   14.404000  0.000000e+00  2.423907e+02 
    0.000   14.507000  0.000000e+00  2.423428e+02 
    0.000   14.610000  0.000000e+00  2.422965e+02 
    0.000   14.713000  0.000000e+00  2.422508e+02 
    0.000   14.816000  0.000000e+00  2.422057e+02 
    0.000   14.919000  0.000000e+00  2.421615e+02 
    0.000   15.022000  0.000000e+00  2.421166e+02 
    0.000   15.125000  0.000000e+00  2.420714e+02 
    0.000   15.228000  0.000000e+00  2.420264e+02 
    0.000   15.331000  0.000000e+00  2.419815e+02 
    0.000   15.433000  0.000000e+00  2.419372e+02 
    0.000   15.536000  0.000000e+00  2.418928e+02 
    0.000   15.639000  0.000000e+00  2.418484e+02 
    0.000   15.742000  0.000000e+00  2.418031e+02 
    0.000   15.845000  0.000000e+00  2.417571e+02 
    0.000   15.948000  0.000000e+00  2.417109e+02 
    0.000   16.051001  0.000000e+00  2.416664e+02 
    0.000   16.153999  0.000000e+00  2.416240e+02 
    0.000   16.257000  0.000000e+00  2.415829e+02 
    0.000   16.358999  0.000000e+00  2.415433e+02 
    0.000   16.462000  0.000000e+00  2.415042e+02 
    0.000   16.565001  0.000000e+00  2.414660e+02 
    0.000   16.667999  0.000000e+00  2.414285e+02 
    0.000   16.771000  0.000000e+00  2.413888e+02 
    0.000   16.874001  0.000000e+00  2.413471e+02 
    0.000   16.976999  0.000000e+00  2.413043e+02 
    0.000   17.080000  0.000000e+00  2.412610e+02 
    0.000   17.183001  0.000000e+00  2.412175e+02 
    0.000   17.285000  0.000000e+00  2.411743e+02 
    0.000   17.388000  0.000000e+00  2.411304e+02 
    0.000   17.490999  0.000000e+00  2.410869e+02 
    0.000   17.594000  0.000000e+00  2.410436e+02 
    0.000   17.697001  0.000000e+00  2.410004e+02 
    0.000   17.799999  0.000000e+00  2.409575e+02 
    0.000   17.903000  0.000000e+00  2.409152e+02 
    0.000   18.006001  0.000000e+00  2.408734e+02 
    0.000   18.108999  0.000000e+00  2.408320e+02 
    0.000   18.211000  0.000000e+00  2.407926e+02 
    0.000   18.313999  0.000000e+00  2.407545e+02 
    0.000   18.417000  0.000000e+00  2.407177e+02 
    0.000   18.520000  0.000000e+00  2.406819e+02 
    0.000   18.622999  0.000000e+00  2.406476e+02 
    0.000   18.726000  0.000000e+00  2.406145e+02 
    0.000   18.829000  0.000000e+00  2.405825e+02 
    0.000   18.931999  0.000000e+00  2.405512e+02 
    0.000   19.035000  0.000000e+00  2.405206e+02 
    0.000   19.136999  0.000000e+00  2.404908e+02 
    0.000   19.240000  0.000000e+00  2.404613e+02 
    0.000   19.343000  0.000000e+00  2.404323e+02 
    0.000   19.445999  0.000000e+00  2.404037e+02 
    0.000   19.549000  0.000000e+00  2.403756e+02 
    0.000   19.652000  0.000000e+00  2.403480e+02 
    0.000   19.754999  0.000000e+00  2.403196e+02 
    0.000   19.858000  0.000000e+00  2.402904e+02 
    0.000   19.961000  0.000000e+00  2.402608e+02 
    0.000   20.063999  0.000000e+00  2.402309e+02 
    0.000   20.363001  0.000000e+00  2.401392e+02 
    0.000   20.858999  0.000000e+00  2.399932e+02 
    0.000   21.354000  0.000000e+00  2.398725e+02 
    0.000   21.850000  0.000000e+00  2.397729e+02 
    0.000   22.346001  0.000000e+00  2.396823e+02 
    0.000   22.842001  0.000000e+00  2.395955e+02 
    0.000   23.337000  0.000000e+00  2.395108e+02 
    0.000   23.833000  0.000000e+00  2.394345e+02 
    0.000   24.329000  0.000000e+00  2.393813e+02 
    0.000   24.825001  0.000000e+00  2.393556e+02 
    0.000   25.320000  0.000000e+00  2.393468e+02 
    0.000   25.816000  0.000000e+00  2.393416e+02 
    0.000   26.312000  0.000000e+00  2.393304e+02 
    0.000   26.808001  0.000000e+00  2.393280e+02 
    0.000   27.302999  0.000000e+00  2.393427e+02 
    0.000   27.799000  0.000000e+00  2.393691e+02 
    0.000   28.295000  0.000000e+00  2.394000e+02 
    0.000   28.791000  0.000000e+00  2.394384e+02 
    0.000   29.285999  0.000000e+00  2.394794e+02 
    0.000   29.782000  0.000000e+00  2.395231e+02 
    0.000   30.278000  0.000000e+00  2.395716e+02 
    0.000   30.774000  0.000000e+00  2.396281e+02 
    0.000   31.268999  0.000000e+00  2.396872e+02 
    0.000   31.764999  0.000000e+00  2.397444e+02 
    0.000   32.261002  0.000000e+00  2.397989e+02 
    0.000   32.757000  0.000000e+00  2.398518e+02 
    0.000   33.251999  0.000000e+00  2.399049e+02 
    0.000   33.748001  0.000000e+00  2.399601e+02 
    0.000   34.243999  0.000000e+00  2.400175e+02 
    0.000   34.740002  0.000000e+00  2.400791e+02 
    0.000   35.235001  0.000000e+00  2.401436e+02 
    0.000   35.730999  0.000000e+00  2.402063e+02 
    0.000   36.227001  0.000000e+00  2.402663e+02 
    0.000   36.723000  0.000000e+00  2.403193e+02 
    0.000   37.217999  0.000000e+00  2.403661e+02 
    0.000   37.714001  0.000000e+00  2.404095e+02 
    0.000   38.209999  0.000000e+00  2.404502e+02 
    0.000   38.706001  0.000000e+00  2.404920e+02 
    0.000   39.201000  0.000000e+00  2.405356e+02 
    0.000   39.696999  0.000000e+00  2.405819e+02 
    0.000   40.196999  0.000000e+00  2.406312e+02 
    0.000   45.196999  0.000000e+00  2.410769e+02 
    0.000   50.196999  0.000000e+00  2.412982e+02 
    0.000   55.196999  0.000000e+00  2.412929e+02 
    0.000   60.196999  0.000000e+00  2.412263e+02 
    0.000   65.196999  0.000000e+00  2.411736e+02 
