    0.000    0.000000  0.000000e+00  3.520513e+02 
    0.000    0.103000  0.000000e+00  3.510687e+02 
    0.000    0.206000  0.000000e+00  3.499512e+02 
    0.000    0.309000  0.000000e+00  3.487669e+02 
    0.000    0.411000  0.000000e+00  3.474906e+02 
    0.000    0.514000  0.000000e+00  3.460870e+02 
    0.000    0.617000  0.000000e+00  3.445369e+02 
    0.000    0.720000  0.000000e+00  3.430035e+02 
    0.000    0.823000  0.000000e+00  3.414728e+02 
    0.000    0.926000  0.000000e+00  3.399399e+02 
    0.000    1.029000  0.000000e+00  3.383658e+02 
    0.000    1.132000  0.000000e+00  3.367120e+02 
    0.000    1.235000  0.000000e+00  3.199839e+02 
    0.000    1.338000  0.000000e+00  3.160878e+02 
    0.000    1.440000  0.000000e+00  3.130683e+02 
    0.000    1.543000  0.000000e+00  3.101074e+02 
    0.000    1.646000  0.000000e+00  3.071553e+02 
    0.000    1.749000  0.000000e+00  3.043817e+02 
    0.000    1.852000  0.000000e+00  3.017925e+02 
    0.000    1.955000  0.000000e+00  2.996023e+02 
    0.000    2.058000  0.000000e+00  2.977115e+02 
    0.000    2.161000  0.000000e+00  2.960631e+02 
    0.000    2.264000  0.000000e+00  2.946929e+02 
    0.000    2.366000  0.000000e+00  2.938082e+02 
    0.000    2.469000  0.000000e+00  2.928072e+02 
    0.000    2.572000  0.000000e+00  2.917151e+02 
    0.000    2.675000  0.000000e+00  2.905652e+02 
    0.000    2.778000  0.000000e+00  2.893731e+02 
    0.000    2.881000  0.000000e+00  2.881705e+02 
    0.000    2.984000  0.000000e+00  2.869780e+02 
    0.000    3.087000  0.000000e+00  2.857830e+02 
    0.000    3.190000  0.000000e+00  2.845577e+02 
    0.000    3.292000  0.000000e+00  2.833302e+02 
    0.000    3.395000  0.000000e+00  2.820881e+02 
    0.000    3.498000  0.000000e+00  2.808501e+02 
    0.000    3.601000  0.000000e+00  2.796161e+02 
    0.000    3.704000  0.000000e+00  2.783867e+02 
    0.000    3.807000  0.000000e+00  2.771653e+02 
    0.000    3.910000  0.000000e+00  2.759437e+02 
    0.000    4.013000  0.000000e+00  2.747278e+02 
    0.000    4.116000  0.000000e+00  2.735167e+02 
    0.000    4.218000  0.000000e+00  2.723171e+02 
    0.000    4.321000  0.000000e+00  2.711178e+02 
    0.000    4.424000  0.000000e+00  2.698777e+02 
    0.000    4.527000  0.000000e+00  2.684663e+02 
    0.000    4.630000  0.000000e+00  2.667649e+02 
    0.000    4.733000  0.000000e+00  2.646534e+02 
    0.000    4.836000  0.000000e+00  2.621162e+02 
    0.000    4.939000  0.000000e+00  2.593692e+02 
    0.000    5.042000  0.000000e+00  2.566790e+02 
    0.000    5.144000  0.000000e+00  2.542504e+02 
    0.000    5.247000  0.000000e+00  2.521125e+02 
    0.000    5.350000  0.000000e+00  2.502460e+02 
    0.000    5.453000  0.000000e+00  2.485675e+02 
    0.000    5.556000  0.000000e+00  2.469835e+02 
    0.000    5.659000  0.000000e+00  2.454595e+02 
    0.000    5.762000  0.000000e+00  2.439326e+02 
    0.000    5.865000  0.000000e+00  2.422830e+02 
    0.000    5.968000  0.000000e+00  2.403471e+02 
    0.000    6.070000  0.000000e+00  2.379042e+02 
    0.000    6.173000  0.000000e+00  2.341675e+02 
    0.000    6.276000  0.000000e+00  2.287865e+02 
    0.000    6.379000  0.000000e+00  2.220611e+02 
    0.000    6.482000  0.000000e+00  2.149358e+02 
    0.000    6.585000  0.000000e+00  2.079426e+02 
    0.000    6.688000  0.000000e+00  2.015945e+02 
    0.000    6.791000  0.000000e+00  1.958073e+02 
    0.000    6.894000  0.000000e+00  1.902349e+02 
    0.000    6.996000  0.000000e+00  1.858461e+02 
    0.000    7.099000  0.000000e+00  1.812267e+02 
    0.000    7.202000  0.000000e+00  1.763093e+02 
    0.000    7.305000  0.000000e+00  1.736028e+02 
    0.000    7.408000  0.000000e+00  1.731091e+02 
    0.000    7.511000  0.000000e+00  1.731109e+02 
    0.000    7.614000  0.000000e+00  1.731695e+02 
    0.000    7.717000  0.000000e+00  1.732446e+02 
    0.000    7.820000  0.000000e+00  1.733259e+02 
    0.000    7.923000  0.000000e+00  1.734241e+02 
    0.000    8.025000  0.000000e+00  1.735065e+02 
    0.000    8.127999  0.000000e+00  1.735596e+02 
    0.000    8.231000  0.000000e+00  1.735927e+02 
    0.000    8.334000  0.000000e+00  1.735981e+02 
    0.000    8.436999  0.000000e+00  1.735771e+02 
    0.000    8.540000  0.000000e+00  1.735352e+02 
    0.000    8.643000  0.000000e+00  1.734857e+02 
    0.000    8.745999  0.000000e+00  1.734536e+02 
    0.000    8.849000  0.000000e+00  1.734156e+02 
    0.000    8.950999  0.000000e+00  1.733789e+02 
    0.000    9.054000  0.000000e+00  1.733422e+02 
    0.000    9.157000  0.000000e+00  1.733074e+02 
    0.000    9.259999  0.000000e+00  1.732723e+02 
    0.000    9.363000  0.000000e+00  1.732489e+02 
    0.000    9.466000  0.000000e+00  1.732345e+02 
    0.000    9.568999  0.000000e+00  1.732363e+02 
    0.000    9.672000  0.000000e+00  1.732411e+02 
    0.000    9.775000  0.000000e+00  1.732519e+02 
    0.000    9.877000  0.000000e+00  1.732755e+02 
    0.000    9.980000  0.000000e+00  1.733082e+02 
    0.000   10.082999  0.000000e+00  1.733423e+02 
    0.000   10.186000  0.000000e+00  1.733710e+02 
    0.000   10.289000  0.000000e+00  1.733962e+02 
    0.000   10.391999  0.000000e+00  1.734196e+02 
    0.000   10.495000  0.000000e+00  1.734407e+02 
    0.000   10.598000  0.000000e+00  1.734603e+02 
    0.000   10.700999  0.000000e+00  1.734767e+02 
    0.000   10.802999  0.000000e+00  1.734859e+02 
    0.000   10.905999  0.000000e+00  1.734901e+02 
    0.000   11.009000  0.000000e+00  1.734885e+02 
    0.000   11.112000  0.000000e+00  1.734757e+02 
    0.000   11.214999  0.000000e+00  1.734550e+02 
    0.000   11.318000  0.000000e+00  1.734293e+02 
    0.000   11.421000  0.000000e+00  1.733999e+02 
    0.000   11.523999  0.000000e+00  1.733674e+02 
    0.000   11.627000  0.000000e+00  1.733325e+02 
    0.000   11.729000  0.000000e+00  1.732953e+02 
    0.000   11.832000  0.000000e+00  1.732557e+02 
    0.000   11.934999  0.000000e+00  1.732144e+02 
    0.000   12.037999  0.000000e+00  1.731700e+02 
    0.000   12.141000  0.000000e+00  1.731229e+02 
    0.000   12.243999  0.000000e+00  1.730742e+02 
    0.000   12.346999  0.000000e+00  1.730271e+02 
    0.000   12.450000  0.000000e+00  1.729817e+02 
    0.000   12.552999  0.000000e+00  1.729368e+02 
    0.000   12.655000  0.000000e+00  1.728959e+02 
    0.000   12.757999  0.000000e+00  1.728586e+02 
    0.000   12.861000  0.000000e+00  1.728236e+02 
    0.000   12.964000  0.000000e+00  1.727910e+02 
    0.000   13.066999  0.000000e+00  1.727605e+02 
    0.000   13.170000  0.000000e+00  1.727316e+02 
    0.000   13.273000  0.000000e+00  1.727038e+02 
    0.000   13.375999  0.000000e+00  1.726768e+02 
    0.000   13.479000  0.000000e+00  1.726504e+02 
    0.000   13.582000  0.000000e+00  1.726245e+02 
    0.000   13.684000  0.000000e+00  1.725991e+02 
    0.000   13.787000  0.000000e+00  1.725738e+02 
    0.000   13.889999  0.000000e+00  1.725486e+02 
    0.000   13.993000  0.000000e+00  1.725241e+02 
    0.000   14.096000  0.000000e+00  1.725001e+02 
    0.000   14.198999  0.000000e+00  1.724766e+02 
    0.000   14.302000  0.000000e+00  1.724535e+02 
    0.000   14.405000  0.000000e+00  1.724310e+02 
    0.000   14.507999  0.000000e+00  1.724090e+02 
    0.000   14.610000  0.000000e+00  1.723871e+02 
    0.000   14.712999  0.000000e+00  1.723644e+02 
    0.000   14.816000  0.000000e+00  1.723412e+02 
    0.000   14.919000  0.000000e+00  1.723178e+02 
    0.000   15.021999  0.000000e+00  1.722930e+02 
    0.000   15.125000  0.000000e+00  1.722670e+02 
    0.000   15.228000  0.000000e+00  1.722404e+02 
    0.000   15.330999  0.000000e+00  1.722137e+02 
    0.000   15.434000  0.000000e+00  1.721871e+02 
    0.000   15.535999  0.000000e+00  1.721607e+02 
    0.000   15.639000  0.000000e+00  1.721349e+02 
    0.000   15.742000  0.000000e+00  1.721127e+02 
    0.000   15.844999  0.000000e+00  1.720933e+02 
    0.000   15.947999  0.000000e+00  1.720755e+02 
    0.000   16.051001  0.000000e+00  1.720561e+02 
    0.000   16.154001  0.000000e+00  1.720347e+02 
    0.000   16.257000  0.000000e+00  1.720122e+02 
    0.000   16.360001  0.000000e+00  1.719880e+02 
    0.000   16.462000  0.000000e+00  1.719610e+02 
    0.000   16.565001  0.000000e+00  1.719315e+02 
    0.000   16.668001  0.000000e+00  1.719006e+02 
    0.000   16.771000  0.000000e+00  1.718695e+02 
    0.000   16.874001  0.000000e+00  1.718384e+02 
    0.000   16.977001  0.000000e+00  1.718070e+02 
    0.000   17.080000  0.000000e+00  1.717760e+02 
    0.000   17.183001  0.000000e+00  1.717460e+02 
    0.000   17.286001  0.000000e+00  1.717166e+02 
    0.000   17.388000  0.000000e+00  1.716879e+02 
    0.000   17.491001  0.000000e+00  1.716604e+02 
    0.000   17.594000  0.000000e+00  1.716342e+02 
    0.000   17.697001  0.000000e+00  1.716087e+02 
    0.000   17.800001  0.000000e+00  1.715843e+02 
    0.000   17.903000  0.000000e+00  1.715615e+02 
    0.000   18.006001  0.000000e+00  1.715399e+02 
    0.000   18.109001  0.000000e+00  1.715192e+02 
    0.000   18.212000  0.000000e+00  1.714994e+02 
    0.000   18.315001  0.000000e+00  1.714804e+02 
    0.000   18.417000  0.000000e+00  1.714622e+02 
    0.000   18.520000  0.000000e+00  1.714443e+02 
    0.000   18.623001  0.000000e+00  1.714266e+02 
    0.000   18.726000  0.000000e+00  1.714090e+02 
    0.000   18.829000  0.000000e+00  1.713917e+02 
    0.000   18.932001  0.000000e+00  1.713747e+02 
    0.000   19.035000  0.000000e+00  1.713581e+02 
    0.000   19.138000  0.000000e+00  1.713418e+02 
    0.000   19.241001  0.000000e+00  1.713257e+02 
    0.000   19.343000  0.000000e+00  1.713091e+02 
    0.000   19.446001  0.000000e+00  1.712914e+02 
    0.000   19.549000  0.000000e+00  1.712730e+02 
    0.000   19.652000  0.000000e+00  1.712542e+02 
    0.000   19.755001  0.000000e+00  1.712350e+02 
    0.000   19.858000  0.000000e+00  1.712153e+02 
    0.000   19.961000  0.000000e+00  1.711954e+02 
    0.000   20.064001  0.000000e+00  1.711752e+02 
    0.000   20.363001  0.000000e+00  1.711183e+02 
    0.000   20.859001  0.000000e+00  1.710348e+02 
    0.000   21.354000  0.000000e+00  1.709717e+02 
    0.000   21.850000  0.000000e+00  1.709181e+02 
    0.000   22.346001  0.000000e+00  1.708638e+02 
    0.000   22.842001  0.000000e+00  1.708027e+02 
    0.000   23.337000  0.000000e+00  1.707423e+02 
    0.000   23.833000  0.000000e+00  1.706952e+02 
    0.000   24.329000  0.000000e+00  1.706704e+02 
    0.000   24.825001  0.000000e+00  1.706691e+02 
    0.000   25.320000  0.000000e+00  1.706767e+02 
    0.000   25.816000  0.000000e+00  1.706859e+02 
    0.000   26.312000  0.000000e+00  1.707020e+02 
    0.000   26.808001  0.000000e+00  1.707204e+02 
    0.000   27.303001  0.000000e+00  1.707423e+02 
    0.000   27.799000  0.000000e+00  1.707713e+02 
    0.000   28.295000  0.000000e+00  1.708077e+02 
    0.000   28.791000  0.000000e+00  1.708482e+02 
    0.000   29.286001  0.000000e+00  1.708952e+02 
    0.000   29.782001  0.000000e+00  1.709481e+02 
    0.000   30.278000  0.000000e+00  1.710044e+02 
    0.000   30.774000  0.000000e+00  1.710634e+02 
    0.000   31.270000  0.000000e+00  1.711242e+02 
    0.000   31.765001  0.000000e+00  1.711861e+02 
    0.000   32.261002  0.000000e+00  1.712489e+02 
    0.000   32.757000  0.000000e+00  1.713114e+02 
    0.000   33.253002  0.000000e+00  1.713722e+02 
    0.000   33.748001  0.000000e+00  1.714327e+02 
    0.000   34.243999  0.000000e+00  1.714941e+02 
    0.000   34.740002  0.000000e+00  1.715573e+02 
    0.000   35.236000  0.000000e+00  1.716217e+02 
    0.000   35.730999  0.000000e+00  1.716829e+02 
    0.000   36.227001  0.000000e+00  1.717408e+02 
    0.000   36.723000  0.000000e+00  1.717946e+02 
    0.000   37.219002  0.000000e+00  1.718447e+02 
    0.000   37.714001  0.000000e+00  1.718906e+02 
    0.000   38.209999  0.000000e+00  1.719330e+02 
    0.000   38.706001  0.000000e+00  1.719753e+02 
    0.000   39.202000  0.000000e+00  1.720187e+02 
    0.000   39.697002  0.000000e+00  1.720652e+02 
    0.000   40.197002  0.000000e+00  1.721168e+02 
    0.000   45.197002  0.000000e+00  1.725695e+02 
    0.000   50.197002  0.000000e+00  1.727972e+02 
    0.000   55.197002  0.000000e+00  1.727919e+02 
    0.000   60.197002  0.000000e+00  1.727243e+02 
    0.000   65.196999  0.000000e+00  1.726721e+02 
