    0.000    0.000000  0.000000e+00  3.512356e+02 
    0.000    0.103000  0.000000e+00  3.503751e+02 
    0.000    0.206000  0.000000e+00  3.491726e+02 
    0.000    0.309000  0.000000e+00  3.477860e+02 
    0.000    0.412000  0.000000e+00  3.462815e+02 
    0.000    0.515000  0.000000e+00  3.445558e+02 
    0.000    0.618000  0.000000e+00  3.429328e+02 
    0.000    0.721000  0.000000e+00  3.411883e+02 
    0.000    0.823000  0.000000e+00  3.392568e+02 
    0.000    0.926000  0.000000e+00  3.371612e+02 
    0.000    1.029000  0.000000e+00  3.350398e+02 
    0.000    1.132000  0.000000e+00  3.329370e+02 
    0.000    1.235000  0.000000e+00  3.309054e+02 
    0.000    1.338000  0.000000e+00  3.288848e+02 
    0.000    1.441000  0.000000e+00  3.268650e+02 
    0.000    1.544000  0.000000e+00  3.248429e+02 
    0.000    1.647000  0.000000e+00  3.227252e+02 
    0.000    1.749000  0.000000e+00  3.205497e+02 
    0.000    1.852000  0.000000e+00  3.161553e+02 
    0.000    1.955000  0.000000e+00  3.122709e+02 
    0.000    2.058000  0.000000e+00  3.085517e+02 
    0.000    2.161000  0.000000e+00  3.049176e+02 
    0.000    2.264000  0.000000e+00  3.039865e+02 
    0.000    2.367000  0.000000e+00  3.029810e+02 
    0.000    2.470000  0.000000e+00  3.019414e+02 
    0.000    2.573000  0.000000e+00  3.008865e+02 
    0.000    2.675000  0.000000e+00  2.997921e+02 
    0.000    2.778000  0.000000e+00  2.986519e+02 
    0.000    2.881000  0.000000e+00  2.974627e+02 
    0.000    2.984000  0.000000e+00  2.962097e+02 
    0.000    3.087000  0.000000e+00  2.949504e+02 
    0.000    3.190000  0.000000e+00  2.937139e+02 
    0.000    3.293000  0.000000e+00  2.924929e+02 
    0.000    3.396000  0.000000e+00  2.912565e+02 
    0.000    3.499000  0.000000e+00  2.900152e+02 
    0.000    3.601000  0.000000e+00  2.887764e+02 
    0.000    3.704000  0.000000e+00  2.875192e+02 
    0.000    3.807000  0.000000e+00  2.862657e+02 
    0.000    3.910000  0.000000e+00  2.850097e+02 
    0.000    4.013000  0.000000e+00  2.837578e+02 
    0.000    4.116000  0.000000e+00  2.825080e+02 
    0.000    4.219000  0.000000e+00  2.812578e+02 
    0.000    4.322000  0.000000e+00  2.800165e+02 
    0.000    4.425000  0.000000e+00  2.787774e+02 
    0.000    4.527000  0.000000e+00  2.775544e+02 
    0.000    4.630000  0.000000e+00  2.763355e+02 
    0.000    4.733000  0.000000e+00  2.751321e+02 
    0.000    4.836000  0.000000e+00  2.739462e+02 
    0.000    4.939000  0.000000e+00  2.727702e+02 
    0.000    5.042000  0.000000e+00  2.716028e+02 
    0.000    5.145000  0.000000e+00  2.704510e+02 
    0.000    5.248000  0.000000e+00  2.693091e+02 
    0.000    5.351000  0.000000e+00  2.681812e+02 
    0.000    5.453000  0.000000e+00  2.670803e+02 
    0.000    5.556000  0.000000e+00  2.659884e+02 
    0.000    5.659000  0.000000e+00  2.649182e+02 
    0.000    5.762000  0.000000e+00  2.638699e+02 
    0.000    5.865000  0.000000e+00  2.628416e+02 
    0.000    5.968000  0.000000e+00  2.618357e+02 
    0.000    6.071000  0.000000e+00  2.608463e+02 
    0.000    6.174000  0.000000e+00  2.598728e+02 
    0.000    6.277000  0.000000e+00  2.589192e+02 
    0.000    6.380000  0.000000e+00  2.579849e+02 
    0.000    6.482000  0.000000e+00  2.570767e+02 
    0.000    6.585000  0.000000e+00  2.561805e+02 
    0.000    6.688000  0.000000e+00  2.553095e+02 
    0.000    6.791000  0.000000e+00  2.491367e+02 
    0.000    6.894000  0.000000e+00  2.483601e+02 
    0.000    6.997000  0.000000e+00  2.475605e+02 
    0.000    7.100000  0.000000e+00  2.467892e+02 
    0.000    7.203000  0.000000e+00  2.461253e+02 
    0.000    7.306000  0.000000e+00  2.454469e+02 
    0.000    7.408000  0.000000e+00  2.448847e+02 
    0.000    7.511000  0.000000e+00  2.445000e+02 
    0.000    7.614000  0.000000e+00  2.442344e+02 
    0.000    7.717000  0.000000e+00  2.440395e+02 
    0.000    7.820000  0.000000e+00  2.438475e+02 
    0.000    7.923000  0.000000e+00  2.436981e+02 
    0.000    8.026000  0.000000e+00  2.435724e+02 
    0.000    8.129000  0.000000e+00  2.434535e+02 
    0.000    8.232000  0.000000e+00  2.432943e+02 
    0.000    8.334000  0.000000e+00  2.431660e+02 
    0.000    8.437000  0.000000e+00  2.430234e+02 
    0.000    8.540000  0.000000e+00  2.428805e+02 
    0.000    8.643000  0.000000e+00  2.427135e+02 
    0.000    8.746000  0.000000e+00  2.424624e+02 
    0.000    8.849000  0.000000e+00  2.422507e+02 
    0.000    8.952000  0.000000e+00  2.420455e+02 
    0.000    9.055000  0.000000e+00  2.418075e+02 
    0.000    9.158000  0.000000e+00  2.415777e+02 
    0.000    9.260000  0.000000e+00  2.412231e+02 
    0.000    9.363000  0.000000e+00  2.411094e+02 
    0.000    9.466000  0.000000e+00  2.410002e+02 
    0.000    9.569000  0.000000e+00  2.409036e+02 
    0.000    9.672000  0.000000e+00  2.408163e+02 
    0.000    9.775000  0.000000e+00  2.407387e+02 
    0.000    9.878000  0.000000e+00  2.406793e+02 
    0.000    9.981000  0.000000e+00  2.406330e+02 
    0.000   10.084000  0.000000e+00  2.405918e+02 
    0.000   10.186000  0.000000e+00  2.405481e+02 
    0.000   10.289000  0.000000e+00  2.405028e+02 
    0.000   10.392000  0.000000e+00  2.404549e+02 
    0.000   10.495000  0.000000e+00  2.403988e+02 
    0.000   10.598000  0.000000e+00  2.403377e+02 
    0.000   10.701000  0.000000e+00  2.402750e+02 
    0.000   10.804000  0.000000e+00  2.402122e+02 
    0.000   10.907000  0.000000e+00  2.401497e+02 
    0.000   11.010000  0.000000e+00  2.400855e+02 
    0.000   11.112000  0.000000e+00  2.400152e+02 
    0.000   11.215000  0.000000e+00  2.399396e+02 
    0.000   11.318000  0.000000e+00  2.398616e+02 
    0.000   11.421000  0.000000e+00  2.397801e+02 
    0.000   11.524000  0.000000e+00  2.396961e+02 
    0.000   11.627000  0.000000e+00  2.396114e+02 
    0.000   11.730000  0.000000e+00  2.395290e+02 
    0.000   11.833000  0.000000e+00  2.394486e+02 
    0.000   11.936000  0.000000e+00  2.393693e+02 
    0.000   12.039000  0.000000e+00  2.392912e+02 
    0.000   12.141000  0.000000e+00  2.392147e+02 
    0.000   12.243999  0.000000e+00  2.391383e+02 
    0.000   12.347000  0.000000e+00  2.390616e+02 
    0.000   12.450000  0.000000e+00  2.389844e+02 
    0.000   12.552999  0.000000e+00  2.389074e+02 
    0.000   12.656000  0.000000e+00  2.388308e+02 
    0.000   12.759000  0.000000e+00  2.387547e+02 
    0.000   12.862000  0.000000e+00  2.386792e+02 
    0.000   12.965000  0.000000e+00  2.386053e+02 
    0.000   13.066999  0.000000e+00  2.385342e+02 
    0.000   13.170000  0.000000e+00  2.384642e+02 
    0.000   13.273000  0.000000e+00  2.383961e+02 
    0.000   13.375999  0.000000e+00  2.383308e+02 
    0.000   13.479000  0.000000e+00  2.382676e+02 
    0.000   13.582000  0.000000e+00  2.382059e+02 
    0.000   13.684999  0.000000e+00  2.381459e+02 
    0.000   13.788000  0.000000e+00  2.380871e+02 
    0.000   13.891000  0.000000e+00  2.380295e+02 
    0.000   13.993000  0.000000e+00  2.379753e+02 
    0.000   14.096000  0.000000e+00  2.379233e+02 
    0.000   14.199000  0.000000e+00  2.378734e+02 
    0.000   14.302000  0.000000e+00  2.378257e+02 
    0.000   14.405000  0.000000e+00  2.377808e+02 
    0.000   14.507999  0.000000e+00  2.377379e+02 
    0.000   14.611000  0.000000e+00  2.376960e+02 
    0.000   14.714000  0.000000e+00  2.376535e+02 
    0.000   14.816999  0.000000e+00  2.376107e+02 
    0.000   14.919000  0.000000e+00  2.375687e+02 
    0.000   15.022000  0.000000e+00  2.375259e+02 
    0.000   15.125000  0.000000e+00  2.374830e+02 
    0.000   15.228000  0.000000e+00  2.374404e+02 
    0.000   15.331000  0.000000e+00  2.373988e+02 
    0.000   15.434000  0.000000e+00  2.373587e+02 
    0.000   15.537000  0.000000e+00  2.373199e+02 
    0.000   15.640000  0.000000e+00  2.372812e+02 
    0.000   15.743000  0.000000e+00  2.372400e+02 
    0.000   15.845000  0.000000e+00  2.371972e+02 
    0.000   15.947999  0.000000e+00  2.371530e+02 
    0.000   16.051001  0.000000e+00  2.371060e+02 
    0.000   16.154001  0.000000e+00  2.370561e+02 
    0.000   16.257000  0.000000e+00  2.370043e+02 
    0.000   16.360001  0.000000e+00  2.369517e+02 
    0.000   16.463001  0.000000e+00  2.368992e+02 
    0.000   16.566000  0.000000e+00  2.368467e+02 
    0.000   16.669001  0.000000e+00  2.367943e+02 
    0.000   16.772001  0.000000e+00  2.367442e+02 
    0.000   16.874001  0.000000e+00  2.366968e+02 
    0.000   16.977001  0.000000e+00  2.366503e+02 
    0.000   17.080000  0.000000e+00  2.366059e+02 
    0.000   17.183001  0.000000e+00  2.365642e+02 
    0.000   17.286001  0.000000e+00  2.365247e+02 
    0.000   17.389000  0.000000e+00  2.364867e+02 
    0.000   17.492001  0.000000e+00  2.364503e+02 
    0.000   17.595001  0.000000e+00  2.364153e+02 
    0.000   17.698000  0.000000e+00  2.363814e+02 
    0.000   17.800001  0.000000e+00  2.363485e+02 
    0.000   17.903002  0.000000e+00  2.363153e+02 
    0.000   18.006001  0.000000e+00  2.362824e+02 
    0.000   18.109001  0.000000e+00  2.362499e+02 
    0.000   18.212000  0.000000e+00  2.362174e+02 
    0.000   18.315001  0.000000e+00  2.361849e+02 
    0.000   18.418001  0.000000e+00  2.361525e+02 
    0.000   18.521000  0.000000e+00  2.361205e+02 
    0.000   18.624001  0.000000e+00  2.360889e+02 
    0.000   18.726002  0.000000e+00  2.360582e+02 
    0.000   18.829000  0.000000e+00  2.360276e+02 
    0.000   18.932001  0.000000e+00  2.359969e+02 
    0.000   19.035002  0.000000e+00  2.359659e+02 
    0.000   19.138000  0.000000e+00  2.359346e+02 
    0.000   19.241001  0.000000e+00  2.359033e+02 
    0.000   19.344002  0.000000e+00  2.358716e+02 
    0.000   19.447001  0.000000e+00  2.358394e+02 
    0.000   19.550001  0.000000e+00  2.358071e+02 
    0.000   19.652000  0.000000e+00  2.357750e+02 
    0.000   19.755001  0.000000e+00  2.357433e+02 
    0.000   19.858002  0.000000e+00  2.357123e+02 
    0.000   19.961000  0.000000e+00  2.356820e+02 
    0.000   20.064001  0.000000e+00  2.356521e+02 
    0.000   20.363001  0.000000e+00  2.355715e+02 
    0.000   20.859001  0.000000e+00  2.354528e+02 
    0.000   21.355001  0.000000e+00  2.353455e+02 
    0.000   21.851002  0.000000e+00  2.352502e+02 
    0.000   22.346001  0.000000e+00  2.351551e+02 
    0.000   22.842001  0.000000e+00  2.350601e+02 
    0.000   23.338001  0.000000e+00  2.349773e+02 
    0.000   23.834002  0.000000e+00  2.349140e+02 
    0.000   24.329000  0.000000e+00  2.348691e+02 
    0.000   24.825001  0.000000e+00  2.348355e+02 
    0.000   25.321001  0.000000e+00  2.348179e+02 
    0.000   25.817001  0.000000e+00  2.348142e+02 
    0.000   26.312000  0.000000e+00  2.348201e+02 
    0.000   26.808001  0.000000e+00  2.348346e+02 
    0.000   27.304001  0.000000e+00  2.348524e+02 
    0.000   27.800001  0.000000e+00  2.348712e+02 
    0.000   28.295000  0.000000e+00  2.348941e+02 
    0.000   28.791000  0.000000e+00  2.349243e+02 
    0.000   29.287001  0.000000e+00  2.349642e+02 
    0.000   29.783001  0.000000e+00  2.350124e+02 
    0.000   30.278002  0.000000e+00  2.350663e+02 
    0.000   30.774000  0.000000e+00  2.351199e+02 
    0.000   31.270000  0.000000e+00  2.351727e+02 
    0.000   31.766001  0.000000e+00  2.352252e+02 
    0.000   32.260998  0.000000e+00  2.352788e+02 
    0.000   32.757000  0.000000e+00  2.353343e+02 
    0.000   33.252998  0.000000e+00  2.353934e+02 
    0.000   33.749001  0.000000e+00  2.354562e+02 
    0.000   34.243999  0.000000e+00  2.355221e+02 
    0.000   34.739998  0.000000e+00  2.355865e+02 
    0.000   35.236000  0.000000e+00  2.356478e+02 
    0.000   35.731998  0.000000e+00  2.357049e+02 
    0.000   36.226997  0.000000e+00  2.357583e+02 
    0.000   36.723000  0.000000e+00  2.358079e+02 
    0.000   37.218998  0.000000e+00  2.358541e+02 
    0.000   37.715000  0.000000e+00  2.358982e+02 
    0.000   38.209999  0.000000e+00  2.359406e+02 
    0.000   38.705997  0.000000e+00  2.359835e+02 
    0.000   39.202000  0.000000e+00  2.360274e+02 
    0.000   39.697998  0.000000e+00  2.360739e+02 
    0.000   40.197998  0.000000e+00  2.361249e+02 
    0.000   45.197998  0.000000e+00  2.365754e+02 
    0.000   50.197998  0.000000e+00  2.367986e+02 
    0.000   55.197998  0.000000e+00  2.367976e+02 
    0.000   60.197998  0.000000e+00  2.367290e+02 
    0.000   65.198006  0.000000e+00  2.366769e+02 
