   67.326    0.000000  4.390378e-11  7.272522e+00 
   67.326    0.103000  4.414203e-11  7.378685e+00 
   67.326    0.206000  4.437999e-11  7.486259e+00 
   67.326    0.309000  4.461665e-11  7.594494e+00 
   67.326    0.411000  4.484912e-11  7.701946e+00 
   67.326    0.514000  4.508185e-11  7.810478e+00 
   67.326    0.617000  4.531303e-11  7.918796e+00 
   67.326    0.720000  4.554327e-11  8.026662e+00 
   67.326    0.823000  4.577318e-11  8.133914e+00 
   67.326    0.926000  4.600326e-11  8.240458e+00 
   67.326    1.029000  4.623381e-11  8.346180e+00 
   67.326    1.132000  4.646534e-11  8.451065e+00 
   67.326    1.235000  4.670122e-11  8.555586e+00 
   67.326    1.337000  4.696360e-11  8.662612e+00 
   67.326    1.440000  4.722246e-11  8.768894e+00 
   67.326    1.543000  4.748406e-11  8.874887e+00 
   67.326    1.646000  4.774831e-11  8.980584e+00 
   67.326    1.749000  4.801826e-11  9.086502e+00 
   67.326    1.852000  1.256886e-07  5.306703e+01 
   67.326    1.955000  7.558873e-05  8.930779e+01 
   67.326    2.058000  1.031472e-02  1.211000e+02 
   67.326    2.161000  3.526474e-01  1.506112e+02 
   67.326    2.263000  4.123738e+00  1.795211e+02 
   67.326    2.366000  4.143846e+00  1.793259e+02 
   67.326    2.469000  4.163815e+00  1.791733e+02 
   67.326    2.572000  4.183611e+00  1.790531e+02 
   67.326    2.675000  4.203249e+00  1.789588e+02 
   67.326    2.778000  4.222764e+00  1.788855e+02 
   67.326    2.881000  4.242169e+00  1.788300e+02 
   67.326    2.984000  4.261467e+00  1.787896e+02 
   67.326    3.087000  4.280646e+00  1.787627e+02 
   67.326    3.190000  4.299701e+00  1.787478e+02 
   67.326    3.292000  4.318445e+00  1.787435e+02 
   67.326    3.395000  4.337245e+00  1.787485e+02 
   67.326    3.498000  4.355917e+00  1.787619e+02 
   67.326    3.601000  4.374485e+00  1.787828e+02 
   67.326    3.704000  4.392992e+00  1.788100e+02 
   67.326    3.807000  4.411441e+00  1.788429e+02 
   67.326    3.910000  4.429860e+00  1.788808e+02 
   67.326    4.013000  4.448258e+00  1.789233e+02 
   67.326    4.116000  4.466642e+00  1.789698e+02 
   67.326    4.218000  4.484842e+00  1.790197e+02 
   67.326    4.321000  4.503192e+00  1.790735e+02 
   67.326    4.424000  4.521491e+00  1.791307e+02 
   67.326    4.527000  4.539705e+00  1.791911e+02 
   67.326    4.630000  4.557778e+00  1.792547e+02 
   67.326    4.733000  5.930510e+00  1.847973e+02 
   67.326    4.836000  7.718277e+00  1.904183e+02 
   67.326    4.939000  1.015378e+01  1.963147e+02 
   67.326    5.042000  1.029351e+01  1.964978e+02 
   67.326    5.144000  1.043415e+01  1.966973e+02 
   67.326    5.247000  1.053840e+01  1.968486e+02 
   67.326    5.350000  1.065129e+01  1.970222e+02 
   67.326    5.453000  1.077663e+01  1.972227e+02 
   67.326    5.556000  1.096243e+01  1.975251e+02 
   67.326    5.659000  1.109015e+01  1.977380e+02 
   67.326    5.762000  1.123228e+01  1.979777e+02 
   67.326    5.865000  1.139227e+01  1.982480e+02 
   67.326    5.968000  1.156531e+01  1.985402e+02 
   67.326    6.070000  1.174710e+01  1.988464e+02 
   67.326    6.173000  1.193252e+01  1.991581e+02 
   67.326    6.276000  1.211501e+01  1.994643e+02 
   67.326    6.379000  1.240898e+01  1.999396e+02 
   67.326    6.482000  1.296526e+01  2.007953e+02 
   67.326    6.585000  1.421664e+01  2.025850e+02 
   67.326    6.688000  1.766764e+01  2.068722e+02 
   67.326    6.791000  2.648783e+01  2.152575e+02 
   67.326    6.894000  4.650403e+01  2.278495e+02 
   67.326    6.996000  9.791020e+01  2.461150e+02 
   67.326    7.099000  1.901383e+02  2.635865e+02 
   67.326    7.202000  3.097656e+02  2.764756e+02 
   67.326    7.305000  3.743918e+02  2.812463e+02 
   67.326    7.408000  4.087131e+02  2.833456e+02 
   67.326    7.511000  4.123795e+02  2.835750e+02 
   67.326    7.614000  4.146513e+02  2.837359e+02 
   67.326    7.717000  4.169482e+02  2.839061e+02 
   67.326    7.820000  4.197658e+02  2.841075e+02 
   67.326    7.921999  4.219790e+02  2.842762e+02 
   67.326    8.025001  4.241718e+02  2.844445e+02 
   67.326    8.128000  4.262871e+02  2.846075e+02 
   67.326    8.231000  4.286145e+02  2.847806e+02 
   67.326    8.334001  4.307649e+02  2.849436e+02 
   67.326    8.437000  4.350162e+02  2.852150e+02 
   67.326    8.540000  4.374895e+02  2.853929e+02 
   67.326    8.643001  4.400634e+02  2.855756e+02 
   67.326    8.746000  4.424480e+02  2.857486e+02 
   67.326    8.848001  4.449561e+02  2.859263e+02 
   67.326    8.951000  4.476450e+02  2.861109e+02 
   67.326    9.054000  4.500956e+02  2.863575e+02 
   67.326    9.157001  4.525256e+02  2.865216e+02 
   67.326    9.260000  4.545387e+02  2.866633e+02 
   67.326    9.363000  4.550404e+02  2.867317e+02 
   67.326    9.466001  4.555379e+02  2.867983e+02 
   67.326    9.569000  4.560317e+02  2.868633e+02 
   67.326    9.672000  4.565221e+02  2.869266e+02 
   67.326    9.775001  4.570063e+02  2.869885e+02 
   67.326    9.877000  4.574760e+02  2.870484e+02 
   67.326    9.980000  4.579394e+02  2.871077e+02 
   67.326   10.083000  4.583925e+02  2.871657e+02 
   67.326   10.186000  4.588679e+02  2.872214e+02 
   67.326   10.289001  4.593318e+02  2.872761e+02 
   67.326   10.392000  4.597864e+02  2.873297e+02 
   67.326   10.495000  4.602350e+02  2.873824e+02 
   67.326   10.598001  4.606780e+02  2.874342e+02 
   67.326   10.701000  4.611150e+02  2.874851e+02 
   67.326   10.803000  4.615412e+02  2.875347e+02 
   67.326   10.906000  4.619649e+02  2.875842e+02 
   67.326   11.009000  4.623824e+02  2.876330e+02 
   67.326   11.112000  4.627944e+02  2.876812e+02 
   67.326   11.215000  4.632012e+02  2.877288e+02 
   67.326   11.318000  4.636028e+02  2.877759e+02 
   67.326   11.421000  4.639994e+02  2.878225e+02 
   67.326   11.524000  4.643910e+02  2.878686e+02 
   67.326   11.627000  4.647776e+02  2.879142e+02 
   67.326   11.729000  4.651555e+02  2.879587e+02 
   67.326   11.832001  4.655321e+02  2.880032e+02 
   67.326   11.935000  4.659036e+02  2.880472e+02 
   67.326   12.038000  4.662700e+02  2.880906e+02 
   67.326   12.141001  4.666314e+02  2.881335e+02 
   67.326   12.244000  4.669879e+02  2.881758e+02 
   67.326   12.347000  4.673394e+02  2.882176e+02 
   67.326   12.450001  4.676863e+02  2.882588e+02 
   67.326   12.553000  4.680284e+02  2.882994e+02 
   67.326   12.655001  4.683625e+02  2.883390e+02 
   67.326   12.758000  4.686953e+02  2.883784e+02 
   67.326   12.861000  4.690240e+02  2.884170e+02 
   67.326   12.964001  4.693486e+02  2.884549e+02 
   67.326   13.067000  4.696693e+02  2.884920e+02 
   67.326   13.170000  4.699862e+02  2.885284e+02 
   67.326   13.273001  4.702993e+02  2.885639e+02 
   67.326   13.376000  4.706089e+02  2.885987e+02 
   67.326   13.479000  4.709150e+02  2.886326e+02 
   67.326   13.581000  4.712146e+02  2.886653e+02 
   67.326   13.684000  4.715137e+02  2.886976e+02 
   67.326   13.787001  4.718095e+02  2.887291e+02 
   67.326   13.890000  4.721019e+02  2.887598e+02 
   67.326   13.993000  4.723910e+02  2.887896e+02 
   67.326   14.096001  4.726769e+02  2.888187e+02 
   67.326   14.199000  4.729596e+02  2.888469e+02 
   67.326   14.302000  4.732391e+02  2.888744e+02 
   67.326   14.405001  4.735155e+02  2.889010e+02 
   67.326   14.508000  4.737888e+02  2.889269e+02 
   67.326   14.610001  4.740563e+02  2.889519e+02 
   67.326   14.713000  4.743232e+02  2.889764e+02 
   67.326   14.816000  4.745871e+02  2.890004e+02 
   67.326   14.919001  4.748477e+02  2.890238e+02 
   67.326   15.022000  4.751052e+02  2.890467e+02 
   67.326   15.125000  4.753595e+02  2.890691e+02 
   67.326   15.228001  4.756107e+02  2.890910e+02 
   67.326   15.331000  4.758588e+02  2.891124e+02 
   67.326   15.434000  4.761039e+02  2.891334e+02 
   67.326   15.536000  4.763436e+02  2.891537e+02 
   67.326   15.639000  4.765826e+02  2.891737e+02 
   67.326   15.742001  4.768188e+02  2.891933e+02 
   67.326   15.845000  4.770521e+02  2.892123e+02 
   67.326   15.948000  4.772826e+02  2.892309e+02 
   67.326   16.051001  4.775106e+02  2.892489e+02 
   67.326   16.154001  4.777361e+02  2.892664e+02 
   67.326   16.257000  4.779591e+02  2.892834e+02 
   67.326   16.360001  4.781798e+02  2.893000e+02 
   67.326   16.462000  4.783961e+02  2.893159e+02 
   67.326   16.565001  4.786122e+02  2.893314e+02 
   67.326   16.668001  4.788261e+02  2.893464e+02 
   67.326   16.771000  4.790381e+02  2.893608e+02 
   67.326   16.874001  4.792481e+02  2.893746e+02 
   67.326   16.977001  4.794561e+02  2.893879e+02 
   67.326   17.080000  4.796625e+02  2.894004e+02 
   67.326   17.183001  4.798674e+02  2.894121e+02 
   67.326   17.286001  4.800709e+02  2.894231e+02 
   67.326   17.388000  4.802710e+02  2.894331e+02 
   67.326   17.491001  4.804719e+02  2.894424e+02 
   67.326   17.594000  4.806716e+02  2.894507e+02 
   67.326   17.697001  4.808702e+02  2.894582e+02 
   67.326   17.800001  4.810674e+02  2.894649e+02 
   67.326   17.903000  4.812632e+02  2.894710e+02 
   67.326   18.006001  4.814576e+02  2.894763e+02 
   67.326   18.109001  4.816504e+02  2.894811e+02 
   67.326   18.212000  4.818416e+02  2.894853e+02 
   67.326   18.314001  4.820293e+02  2.894890e+02 
   67.326   18.417000  4.822170e+02  2.894923e+02 
   67.326   18.520000  4.824031e+02  2.894951e+02 
   67.326   18.623001  4.825877e+02  2.894974e+02 
   67.326   18.726000  4.827708e+02  2.894991e+02 
   67.326   18.829000  4.829524e+02  2.895004e+02 
   67.326   18.932001  4.831325e+02  2.895011e+02 
   67.326   19.035000  4.833112e+02  2.895013e+02 
   67.326   19.138000  4.834888e+02  2.895011e+02 
   67.326   19.240000  4.836632e+02  2.895003e+02 
   67.326   19.343000  4.838381e+02  2.894991e+02 
   67.326   19.446001  4.840116e+02  2.894974e+02 
   67.326   19.549000  4.841838e+02  2.894953e+02 
   67.326   19.652000  4.843546e+02  2.894929e+02 
   67.326   19.755001  4.845242e+02  2.894900e+02 
   67.326   19.858000  4.846924e+02  2.894868e+02 
   67.326   19.961000  4.848593e+02  2.894832e+02 
   67.326   20.064001  4.850254e+02  2.894789e+02 
   67.326   20.363001  4.855022e+02  2.894637e+02 
   67.326   20.859001  4.862706e+02  2.894318e+02 
   67.326   21.354000  4.870094e+02  2.893922e+02 
   67.326   21.850000  4.877224e+02  2.893458e+02 
   67.326   22.346001  4.884026e+02  2.892967e+02 
   67.326   22.842001  4.890437e+02  2.892496e+02 
   67.326   23.337000  4.896408e+02  2.892073e+02 
   67.326   23.833000  4.901985e+02  2.891692e+02 
   67.326   24.329000  4.907218e+02  2.891328e+02 
   67.326   24.825001  4.912140e+02  2.890973e+02 
   67.326   25.320000  4.916736e+02  2.890635e+02 
   67.326   25.816000  4.921035e+02  2.890320e+02 
   67.326   26.312000  4.925048e+02  2.890024e+02 
   67.326   26.808001  4.928807e+02  2.889741e+02 
   67.326   27.302999  4.932320e+02  2.889468e+02 
   67.326   27.799000  4.935605e+02  2.889207e+02 
   67.326   28.295000  4.938670e+02  2.888958e+02 
   67.326   28.791000  4.941546e+02  2.888716e+02 
   67.326   29.286001  4.944255e+02  2.888477e+02 
   67.326   29.782000  4.946835e+02  2.888237e+02 
   67.326   30.278000  4.949296e+02  2.887995e+02 
   67.326   30.774000  4.951655e+02  2.887752e+02 
   67.326   31.269001  4.953925e+02  2.887508e+02 
   67.326   31.764999  4.956132e+02  2.887264e+02 
   67.326   32.260998  4.958292e+02  2.887020e+02 
   67.326   32.757000  4.960423e+02  2.886779e+02 
   67.326   33.251999  4.962538e+02  2.886545e+02 
   67.326   33.747997  4.964660e+02  2.886318e+02 
   67.326   34.243999  4.966798e+02  2.886101e+02 
   67.326   34.739998  4.968969e+02  2.885897e+02 
   67.326   35.234997  4.971177e+02  2.885705e+02 
   67.326   35.730999  4.973445e+02  2.885526e+02 
   67.326   36.226997  4.975770e+02  2.885358e+02 
   67.326   36.723000  4.978154e+02  2.885201e+02 
   67.326   37.218998  4.980592e+02  2.885055e+02 
   67.326   37.713997  4.983066e+02  2.884919e+02 
   67.326   38.209999  4.985572e+02  2.884792e+02 
   67.326   38.705997  4.988083e+02  2.884675e+02 
   67.326   39.202000  4.990585e+02  2.884568e+02 
   67.326   39.696999  4.993046e+02  2.884472e+02 
   67.326   40.196999  4.995448e+02  2.884398e+02 
   67.326   45.196999  5.014250e+02  2.884117e+02 
   67.326   50.196999  5.021353e+02  2.884110e+02 
   67.326   55.196999  5.023864e+02  2.884153e+02 
   67.326   60.196999  5.031545e+02  2.884194e+02 
   67.326   65.196999  5.043956e+02  2.884223e+02 
