   66.920    0.000000  1.225362e+01  2.446637e+01 
   66.920    0.103000  1.232060e+01  2.466234e+01 
   66.920    0.205000  1.238667e+01  2.487272e+01 
   66.920    0.308000  1.264581e+01  2.576780e+01 
   66.920    0.411000  5.469665e+01  6.549409e+01 
   66.920    0.514000  7.980444e+01  7.810571e+01 
   66.920    0.617000  8.118305e+01  7.877602e+01 
   66.920    0.720000  8.216514e+01  7.923132e+01 
   66.920    0.823000  8.296854e+01  7.959664e+01 
   66.920    0.926000  8.368130e+01  7.992117e+01 
   66.920    1.029000  8.433459e+01  8.022068e+01 
   66.920    1.131000  8.493715e+01  8.049800e+01 
   66.920    1.234000  8.556521e+01  8.079530e+01 
   66.920    1.337000  8.638729e+01  8.111272e+01 
   66.920    1.440000  8.722334e+01  8.143984e+01 
   66.920    1.543000  8.819165e+01  8.181772e+01 
   66.920    1.646000  8.951741e+01  8.232143e+01 
   66.920    1.749000  9.167506e+01  8.310477e+01 
   66.920    1.852000  9.447829e+01  8.409167e+01 
   66.920    1.955000  1.421464e+02  9.970999e+01 
   66.920    2.057000  2.224204e+02  1.164775e+02 
   66.920    2.160000  3.592864e+02  1.327851e+02 
   66.920    2.263000  3.783669e+02  1.354837e+02 
   66.920    2.366000  3.802024e+02  1.355553e+02 
   66.920    2.469000  3.820184e+02  1.356538e+02 
   66.920    2.572000  3.838167e+02  1.357722e+02 
   66.920    2.675000  3.856009e+02  1.359057e+02 
   66.920    2.778000  3.873770e+02  1.360509e+02 
   66.920    2.881000  3.891445e+02  1.362058e+02 
   66.920    2.983000  3.908857e+02  1.363674e+02 
   66.920    3.086000  3.926319e+02  1.365379e+02 
   66.920    3.189000  3.943642e+02  1.367148e+02 
   66.920    3.292000  3.960824e+02  1.368973e+02 
   66.920    3.395000  3.977884e+02  1.370843e+02 
   66.920    3.498000  3.994829e+02  1.372753e+02 
   66.920    3.601000  4.011717e+02  1.374692e+02 
   66.920    3.704000  4.028593e+02  1.376655e+02 
   66.920    3.807000  4.045465e+02  1.378636e+02 
   66.920    3.909000  4.062192e+02  1.380613e+02 
   66.920    4.012000  4.079109e+02  1.382621e+02 
   66.920    4.115000  4.095992e+02  1.384642e+02 
   66.920    4.218000  4.112769e+02  1.386675e+02 
   66.920    4.321000  4.129389e+02  1.388719e+02 
   66.920    4.424000  4.145784e+02  1.390775e+02 
   66.920    4.527000  4.161885e+02  1.392840e+02 
   66.920    4.630000  4.177699e+02  1.394910e+02 
   66.920    4.733000  4.193229e+02  1.396981e+02 
   66.920    4.835000  4.208289e+02  1.399033e+02 
   66.920    4.938000  4.223182e+02  1.401103e+02 
   66.920    5.041000  4.237777e+02  1.403170e+02 
   66.920    5.144000  4.252050e+02  1.405232e+02 
   66.920    5.247000  4.266019e+02  1.407287e+02 
   66.920    5.350000  4.279686e+02  1.409335e+02 
   66.920    5.453000  4.293048e+02  1.411375e+02 
   66.920    5.556000  4.306129e+02  1.413405e+02 
   66.920    5.659000  4.318922e+02  1.415426e+02 
   66.920    5.761000  4.331324e+02  1.417415e+02 
   66.920    5.864000  4.343615e+02  1.419411e+02 
   66.920    5.967000  4.355676e+02  1.421395e+02 
   66.920    6.070000  4.367566e+02  1.423362e+02 
   66.920    6.173000  4.379346e+02  1.425312e+02 
   66.920    6.276000  4.391035e+02  1.427244e+02 
   66.920    6.379000  4.402674e+02  1.429157e+02 
   66.920    6.482000  4.414284e+02  1.431051e+02 
   66.920    6.585000  4.425877e+02  1.432925e+02 
   66.920    6.688000  4.437453e+02  1.434778e+02 
   66.920    6.790000  4.448886e+02  1.436591e+02 
   66.920    6.893000  4.460319e+02  1.438401e+02 
   66.920    6.996000  4.471544e+02  1.440189e+02 
   66.920    7.099000  4.482463e+02  1.441955e+02 
   66.920    7.202000  4.492865e+02  1.443699e+02 
   66.920    7.305000  4.502584e+02  1.445417e+02 
   66.920    7.408000  4.511591e+02  1.447109e+02 
   66.920    7.511000  4.519910e+02  1.448775e+02 
   66.920    7.614000  4.527497e+02  1.450414e+02 
   66.920    7.716000  4.534514e+02  1.452010e+02 
   66.920    7.819000  4.541413e+02  1.453597e+02 
   66.920    7.922000  4.548174e+02  1.455160e+02 
   66.920    8.025001  4.554843e+02  1.456700e+02 
   66.920    8.128000  4.561477e+02  1.458218e+02 
   66.920    8.231000  4.568070e+02  1.459716e+02 
   66.920    8.334001  4.574554e+02  1.461192e+02 
   66.920    8.437000  4.580867e+02  1.462644e+02 
   66.920    8.540000  4.587012e+02  1.464073e+02 
   66.920    8.642000  4.592967e+02  1.465464e+02 
   66.920    8.745000  4.598871e+02  1.466844e+02 
   66.920    8.848001  4.604675e+02  1.468198e+02 
   66.920    8.951000  4.610386e+02  1.469527e+02 
   66.920    9.054000  4.616003e+02  1.470831e+02 
   66.920    9.157001  4.621520e+02  1.472108e+02 
   66.920    9.260000  4.626925e+02  1.473360e+02 
   66.920    9.363000  4.632212e+02  1.474585e+02 
   66.920    9.466001  4.637390e+02  1.475786e+02 
   66.920    9.568000  4.642422e+02  1.476953e+02 
   66.920    9.671000  4.647409e+02  1.478108e+02 
   66.920    9.774000  4.652287e+02  1.479240e+02 
   66.920    9.877000  4.657035e+02  1.480351e+02 
   66.920    9.980000  4.661650e+02  1.481441e+02 
   66.920   10.083000  4.666482e+02  1.482506e+02 
   66.920   10.186000  4.671234e+02  1.483552e+02 
   66.920   10.289001  4.675913e+02  1.484580e+02 
   66.920   10.392000  4.680523e+02  1.485589e+02 
   66.920   10.494000  4.685025e+02  1.486572e+02 
   66.920   10.597000  4.689507e+02  1.487545e+02 
   66.920   10.700000  4.693918e+02  1.488502e+02 
   66.920   10.803000  4.698250e+02  1.489444e+02 
   66.920   10.906000  4.702503e+02  1.490371e+02 
   66.920   11.009000  4.706690e+02  1.491284e+02 
   66.920   11.112000  4.710829e+02  1.492184e+02 
   66.920   11.215000  4.714923e+02  1.493072e+02 
   66.920   11.318000  4.718971e+02  1.493947e+02 
   66.920   11.420000  4.722931e+02  1.494802e+02 
   66.920   11.523000  4.726882e+02  1.495653e+02 
   66.920   11.626000  4.730782e+02  1.496493e+02 
   66.920   11.729000  4.734627e+02  1.497322e+02 
   66.920   11.832000  4.738419e+02  1.498140e+02 
   66.920   11.935000  4.742157e+02  1.498948e+02 
   66.920   12.038000  4.745842e+02  1.499744e+02 
   66.920   12.141000  4.749474e+02  1.500530e+02 
   66.920   12.244000  4.753056e+02  1.501305e+02 
   66.920   12.347000  4.756587e+02  1.502070e+02 
   66.920   12.449000  4.760034e+02  1.502816e+02 
   66.920   12.552000  4.763467e+02  1.503559e+02 
   66.920   12.655000  4.766851e+02  1.504290e+02 
   66.920   12.758000  4.770188e+02  1.505010e+02 
   66.920   12.861000  4.773483e+02  1.505719e+02 
   66.920   12.964000  4.776737e+02  1.506416e+02 
   66.920   13.067000  4.779953e+02  1.507101e+02 
   66.920   13.170000  4.783129e+02  1.507774e+02 
   66.920   13.273000  4.786268e+02  1.508436e+02 
   66.920   13.375000  4.789340e+02  1.509079e+02 
   66.920   13.478001  4.792406e+02  1.509718e+02 
   66.920   13.581000  4.795437e+02  1.510346e+02 
   66.920   13.684000  4.798433e+02  1.510961e+02 
   66.920   13.787000  4.801394e+02  1.511566e+02 
   66.920   13.890000  4.804323e+02  1.512160e+02 
   66.920   13.993000  4.807218e+02  1.512743e+02 
   66.920   14.096000  4.810082e+02  1.513314e+02 
   66.920   14.199000  4.812914e+02  1.513874e+02 
   66.920   14.301001  4.815688e+02  1.514417e+02 
   66.920   14.404000  4.818458e+02  1.514955e+02 
   66.920   14.507000  4.821196e+02  1.515482e+02 
   66.920   14.610001  4.823904e+02  1.515998e+02 
   66.920   14.713000  4.826580e+02  1.516505e+02 
   66.920   14.816000  4.829225e+02  1.517002e+02 
   66.920   14.919001  4.831838e+02  1.517490e+02 
   66.920   15.022000  4.834420e+02  1.517969e+02 
   66.920   15.125000  4.836971e+02  1.518440e+02 
   66.920   15.227000  4.839466e+02  1.518898e+02 
   66.920   15.330000  4.841955e+02  1.519353e+02 
   66.920   15.433001  4.844414e+02  1.519799e+02 
   66.920   15.536000  4.846843e+02  1.520238e+02 
   66.920   15.639000  4.849242e+02  1.520668e+02 
   66.920   15.742001  4.851612e+02  1.521092e+02 
   66.920   15.845000  4.853954e+02  1.521508e+02 
   66.920   15.948001  4.856268e+02  1.521917e+02 
   66.920   16.050999  4.858557e+02  1.522318e+02 
   66.920   16.153000  4.860800e+02  1.522707e+02 
   66.920   16.255999  4.863040e+02  1.523092e+02 
   66.920   16.358999  4.865256e+02  1.523470e+02 
   66.920   16.462000  4.867449e+02  1.523840e+02 
   66.920   16.564999  4.869620e+02  1.524203e+02 
   66.920   16.667999  4.871768e+02  1.524558e+02 
   66.920   16.771000  4.873895e+02  1.524905e+02 
   66.920   16.873999  4.876002e+02  1.525245e+02 
   66.920   16.976999  4.878090e+02  1.525577e+02 
   66.920   17.078999  4.880139e+02  1.525898e+02 
   66.920   17.181999  4.882193e+02  1.526213e+02 
   66.920   17.285000  4.884233e+02  1.526520e+02 
   66.920   17.387999  4.886257e+02  1.526818e+02 
   66.920   17.490999  4.888270e+02  1.527107e+02 
   66.920   17.594000  4.890270e+02  1.527386e+02 
   66.920   17.696999  4.892260e+02  1.527657e+02 
   66.920   17.799999  4.894236e+02  1.527919e+02 
   66.920   17.903000  4.896198e+02  1.528173e+02 
   66.920   18.005999  4.898147e+02  1.528419e+02 
   66.920   18.108000  4.900062e+02  1.528656e+02 
   66.920   18.210999  4.901979e+02  1.528889e+02 
   66.920   18.313999  4.903878e+02  1.529115e+02 
   66.920   18.417000  4.905760e+02  1.529336e+02 
   66.920   18.519999  4.907624e+02  1.529551e+02 
   66.920   18.622999  4.909472e+02  1.529759e+02 
   66.920   18.726000  4.911304e+02  1.529961e+02 
   66.920   18.828999  4.913121e+02  1.530158e+02 
   66.920   18.931999  4.914922e+02  1.530347e+02 
   66.920   19.033998  4.916694e+02  1.530529e+02 
   66.920   19.136999  4.918471e+02  1.530706e+02 
   66.920   19.240000  4.920236e+02  1.530876e+02 
   66.920   19.342999  4.921988e+02  1.531040e+02 
   66.920   19.445999  4.923727e+02  1.531199e+02 
   66.920   19.549000  4.925453e+02  1.531352e+02 
   66.920   19.651999  4.927166e+02  1.531500e+02 
   66.920   19.754999  4.928866e+02  1.531642e+02 
   66.920   19.858000  4.930551e+02  1.531780e+02 
   66.920   19.959999  4.932208e+02  1.531912e+02 
   66.920   20.063000  4.933870e+02  1.532039e+02 
   66.920   20.362999  4.938658e+02  1.532377e+02 
   66.920   20.858000  4.946329e+02  1.532850e+02 
   66.920   21.354000  4.953732e+02  1.533224e+02 
   66.920   21.849998  4.960874e+02  1.533502e+02 
   66.920   22.345999  4.967711e+02  1.533711e+02 
   66.920   22.841000  4.974164e+02  1.533890e+02 
   66.920   23.337000  4.980209e+02  1.534062e+02 
   66.920   23.832998  4.985840e+02  1.534234e+02 
   66.920   24.328999  4.991105e+02  1.534395e+02 
   66.920   24.823999  4.996042e+02  1.534533e+02 
   66.920   25.320000  5.000680e+02  1.534653e+02 
   66.920   25.816000  5.005011e+02  1.534762e+02 
   66.920   26.311998  5.009052e+02  1.534864e+02 
   66.920   26.806999  5.012826e+02  1.534954e+02 
   66.920   27.302999  5.016370e+02  1.535028e+02 
   66.920   27.799000  5.019683e+02  1.535090e+02 
   66.920   28.295000  5.022776e+02  1.535141e+02 
   66.920   28.789999  5.025668e+02  1.535181e+02 
   66.920   29.285999  5.028398e+02  1.535210e+02 
   66.920   29.782000  5.030991e+02  1.535225e+02 
   66.920   30.278000  5.033467e+02  1.535226e+02 
   66.920   30.772999  5.035840e+02  1.535214e+02 
   66.920   31.268999  5.038136e+02  1.535190e+02 
   66.920   31.764999  5.040363e+02  1.535156e+02 
   66.920   32.261002  5.042548e+02  1.535114e+02 
   66.920   32.756001  5.044702e+02  1.535065e+02 
   66.920   33.252003  5.046852e+02  1.535011e+02 
   66.920   33.748001  5.049010e+02  1.534956e+02 
   66.920   34.243999  5.051186e+02  1.534901e+02 
   66.920   34.739002  5.053393e+02  1.534847e+02 
   66.920   35.235001  5.055648e+02  1.534796e+02 
   66.920   35.731003  5.057960e+02  1.534747e+02 
   66.920   36.227001  5.060331e+02  1.534702e+02 
   66.920   36.722000  5.062757e+02  1.534659e+02 
   66.920   37.218002  5.065239e+02  1.534620e+02 
   66.920   37.714001  5.067759e+02  1.534583e+02 
   66.920   38.210003  5.070304e+02  1.534550e+02 
   66.920   38.705002  5.072848e+02  1.534519e+02 
   66.920   39.201000  5.075383e+02  1.534492e+02 
   66.920   39.697002  5.077880e+02  1.534470e+02 
   66.920   40.197002  5.080308e+02  1.534459e+02 
   66.920   45.197002  5.099216e+02  1.534550e+02 
   66.920   50.197002  5.106317e+02  1.534691e+02 
   66.920   55.197002  5.108856e+02  1.534798e+02 
   66.920   60.197002  5.116743e+02  1.534869e+02 
   66.920   65.196999  5.129244e+02  1.534913e+02 
