   67.072    0.000000  1.770403e+02  3.818896e+01 
   67.072    0.103000  1.780470e+02  3.840344e+01 
   67.072    0.206000  1.790486e+02  3.864520e+01 
   67.072    0.309000  1.828337e+02  3.991213e+01 
   67.072    0.412000  1.864274e+02  4.111194e+01 
   67.072    0.515000  1.899174e+02  4.227079e+01 
   67.072    0.618000  1.931784e+02  4.334247e+01 
   67.072    0.721000  1.960264e+02  4.426371e+01 
   67.072    0.823000  1.975494e+02  4.472242e+01 
   67.072    0.926000  1.991170e+02  4.519795e+01 
   67.072    1.029000  2.006652e+02  4.566775e+01 
   67.072    1.132000  2.021665e+02  4.612193e+01 
   67.072    1.235000  2.036180e+02  4.655782e+01 
   67.072    1.338000  2.050219e+02  4.697453e+01 
   67.072    1.441000  2.063774e+02  4.737372e+01 
   67.072    1.544000  2.074618e+02  4.768209e+01 
   67.072    1.647000  2.085390e+02  4.799215e+01 
   67.072    1.749000  2.095992e+02  4.830024e+01 
   67.072    1.852000  2.257298e+02  5.214967e+01 
   67.072    1.955000  2.694417e+02  6.075965e+01 
   67.072    2.058000  3.714962e+02  7.434836e+01 
   67.072    2.161000  3.733333e+02  7.453197e+01 
   67.072    2.264000  3.751525e+02  7.473814e+01 
   67.072    2.367000  3.769486e+02  7.495891e+01 
   67.072    2.470000  3.787265e+02  7.518975e+01 
   67.072    2.573000  3.804916e+02  7.542775e+01 
   67.072    2.675000  3.822281e+02  7.566882e+01 
   67.072    2.778000  3.839745e+02  7.591615e+01 
   67.072    2.881000  3.857112e+02  7.616669e+01 
   67.072    2.984000  3.874352e+02  7.641986e+01 
   67.072    3.087000  3.891458e+02  7.667509e+01 
   67.072    3.190000  3.908440e+02  7.693184e+01 
   67.072    3.293000  3.925304e+02  7.718967e+01 
   67.072    3.396000  3.942061e+02  7.744818e+01 
   67.072    3.499000  3.958711e+02  7.770710e+01 
   67.072    3.601000  3.975137e+02  7.796349e+01 
   67.072    3.704000  3.991702e+02  7.822205e+01 
   67.072    3.807000  4.008265e+02  7.848001e+01 
   67.072    3.910000  4.024875e+02  7.873714e+01 
   67.072    4.013000  4.041554e+02  7.899332e+01 
   67.072    4.116000  4.058258e+02  7.924854e+01 
   67.072    4.219000  4.074933e+02  7.950281e+01 
   67.072    4.322000  4.091537e+02  7.975609e+01 
   67.072    4.425000  4.108002e+02  8.000840e+01 
   67.072    4.527000  4.124100e+02  8.025730e+01 
   67.072    4.630000  4.140130e+02  8.050755e+01 
   67.072    4.733000  4.155954e+02  8.075652e+01 
   67.072    4.836000  4.171544e+02  8.100414e+01 
   67.072    4.939000  4.186887e+02  8.125035e+01 
   67.072    5.042000  4.201970e+02  8.149507e+01 
   67.072    5.145000  4.216760e+02  8.173826e+01 
   67.072    5.248000  4.231250e+02  8.197984e+01 
   67.072    5.351000  4.245425e+02  8.221981e+01 
   67.072    5.453000  4.259140e+02  8.245576e+01 
   67.072    5.556000  4.272686e+02  8.269228e+01 
   67.072    5.659000  4.285919e+02  8.292705e+01 
   67.072    5.762000  4.298858e+02  8.316000e+01 
   67.072    5.865000  4.311530e+02  8.339111e+01 
   67.072    5.968000  4.323930e+02  8.362035e+01 
   67.072    6.071000  4.336093e+02  8.384764e+01 
   67.072    6.174000  4.348073e+02  8.407288e+01 
   67.072    6.277000  4.359898e+02  8.429593e+01 
   67.072    6.379000  4.371499e+02  8.451455e+01 
   67.072    6.482000  4.383125e+02  8.473298e+01 
   67.072    6.585000  4.394693e+02  8.494897e+01 
   67.072    6.688000  4.406239e+02  8.516242e+01 
   67.072    6.791000  4.417759e+02  8.537328e+01 
   67.072    6.894000  4.429186e+02  8.558155e+01 
   67.072    6.997000  4.440435e+02  8.578725e+01 
   67.072    7.100000  4.451417e+02  8.599032e+01 
   67.072    7.203000  4.461934e+02  8.619067e+01 
   67.072    7.305000  4.471716e+02  8.638619e+01 
   67.072    7.408000  4.480926e+02  8.658059e+01 
   67.072    7.511000  4.489453e+02  8.677187e+01 
   67.072    7.614000  4.497222e+02  8.695996e+01 
   67.072    7.717000  4.504420e+02  8.714496e+01 
   67.072    7.820000  4.511375e+02  8.732697e+01 
   67.072    7.923000  4.518129e+02  8.750612e+01 
   67.072    8.026000  4.524755e+02  8.768257e+01 
   67.072    8.129000  4.531346e+02  8.785654e+01 
   67.072    8.232000  4.537896e+02  8.802811e+01 
   67.072    8.334000  4.544279e+02  8.819552e+01 
   67.072    8.437000  4.550564e+02  8.836205e+01 
   67.072    8.540000  4.556684e+02  8.852604e+01 
   67.072    8.643000  4.562658e+02  8.868741e+01 
   67.072    8.746000  4.568497e+02  8.884612e+01 
   67.072    8.849000  4.574196e+02  8.900218e+01 
   67.072    8.952000  4.579794e+02  8.915556e+01 
   67.072    9.055000  4.585315e+02  8.930625e+01 
   67.072    9.158000  4.590753e+02  8.945425e+01 
   67.072    9.260000  4.596045e+02  8.959811e+01 
   67.072    9.363000  4.601290e+02  8.974065e+01 
   67.072    9.466000  4.606438e+02  8.988055e+01 
   67.072    9.569000  4.611497e+02  9.001797e+01 
   67.072    9.672000  4.616467e+02  9.015294e+01 
   67.072    9.775000  4.621333e+02  9.028550e+01 
   67.072    9.878000  4.626072e+02  9.041569e+01 
   67.072    9.981000  4.630681e+02  9.054356e+01 
   67.072   10.084000  4.635507e+02  9.066891e+01 
   67.072   10.186000  4.640202e+02  9.079099e+01 
   67.072   10.289000  4.644865e+02  9.091221e+01 
   67.072   10.392000  4.649458e+02  9.103143e+01 
   67.072   10.495000  4.653990e+02  9.114866e+01 
   67.072   10.598000  4.658461e+02  9.126393e+01 
   67.072   10.701000  4.662863e+02  9.137733e+01 
   67.072   10.804000  4.667188e+02  9.148897e+01 
   67.072   10.907000  4.671435e+02  9.159892e+01 
   67.072   11.010000  4.675614e+02  9.170724e+01 
   67.072   11.112000  4.679705e+02  9.181300e+01 
   67.072   11.215000  4.683791e+02  9.191831e+01 
   67.072   11.318000  4.687831e+02  9.202216e+01 
   67.072   11.421000  4.691823e+02  9.212460e+01 
   67.072   11.524000  4.695766e+02  9.222563e+01 
   67.072   11.627000  4.699659e+02  9.232528e+01 
   67.072   11.730000  4.703498e+02  9.242357e+01 
   67.072   11.833000  4.707282e+02  9.252054e+01 
   67.072   11.936000  4.711012e+02  9.261617e+01 
   67.072   12.038000  4.714655e+02  9.270959e+01 
   67.072   12.141000  4.718283e+02  9.280265e+01 
   67.072   12.244000  4.721861e+02  9.289441e+01 
   67.072   12.347000  4.725389e+02  9.298489e+01 
   67.072   12.450000  4.728869e+02  9.307408e+01 
   67.072   12.553000  4.732299e+02  9.316199e+01 
   67.072   12.656000  4.735681e+02  9.324859e+01 
   67.072   12.759000  4.739017e+02  9.333389e+01 
   67.072   12.862000  4.742310e+02  9.341788e+01 
   67.072   12.964000  4.745531e+02  9.349973e+01 
   67.072   13.067000  4.748744e+02  9.358106e+01 
   67.072   13.170000  4.751919e+02  9.366106e+01 
   67.072   13.273000  4.755056e+02  9.373975e+01 
   67.072   13.376000  4.758156e+02  9.381713e+01 
   67.072   13.479000  4.761221e+02  9.389323e+01 
   67.072   13.582000  4.764250e+02  9.396804e+01 
   67.072   13.685000  4.767243e+02  9.404160e+01 
   67.072   13.788000  4.770204e+02  9.411392e+01 
   67.072   13.891000  4.773130e+02  9.418501e+01 
   67.072   13.993000  4.775996e+02  9.425417e+01 
   67.072   14.096000  4.778858e+02  9.432277e+01 
   67.072   14.199000  4.781689e+02  9.439014e+01 
   67.072   14.302000  4.784488e+02  9.445632e+01 
   67.072   14.405000  4.787255e+02  9.452130e+01 
   67.072   14.508000  4.789992e+02  9.458511e+01 
   67.072   14.611000  4.792697e+02  9.464779e+01 
   67.072   14.714000  4.795371e+02  9.470940e+01 
   67.072   14.817000  4.798013e+02  9.476995e+01 
   67.072   14.919000  4.800599e+02  9.482890e+01 
   67.072   15.022000  4.803178e+02  9.488743e+01 
   67.072   15.125000  4.805726e+02  9.494501e+01 
   67.072   15.228000  4.808243e+02  9.500165e+01 
   67.072   15.331000  4.810729e+02  9.505736e+01 
   67.072   15.434000  4.813185e+02  9.511217e+01 
   67.072   15.537000  4.815610e+02  9.516610e+01 
   67.072   15.640000  4.818007e+02  9.521915e+01 
   67.072   15.743000  4.820374e+02  9.527132e+01 
   67.072   15.845000  4.822690e+02  9.532215e+01 
   67.072   15.948000  4.825001e+02  9.537260e+01 
   67.072   16.051001  4.827287e+02  9.542218e+01 
   67.072   16.153999  4.829548e+02  9.547087e+01 
   67.072   16.257000  4.831785e+02  9.551868e+01 
   67.072   16.360001  4.833998e+02  9.556564e+01 
   67.072   16.462999  4.836188e+02  9.561176e+01 
   67.072   16.566000  4.838355e+02  9.565706e+01 
   67.072   16.669001  4.840499e+02  9.570152e+01 
   67.072   16.771000  4.842602e+02  9.574473e+01 
   67.072   16.874001  4.844706e+02  9.578752e+01 
   67.072   16.976999  4.846791e+02  9.582948e+01 
   67.072   17.080000  4.848858e+02  9.587057e+01 
   67.072   17.183001  4.850910e+02  9.591074e+01 
   67.072   17.285999  4.852948e+02  9.595000e+01 
   67.072   17.389000  4.854971e+02  9.598835e+01 
   67.072   17.492001  4.856982e+02  9.602577e+01 
   67.072   17.594999  4.858981e+02  9.606226e+01 
   67.072   17.697001  4.860949e+02  9.609750e+01 
   67.072   17.799999  4.862924e+02  9.613220e+01 
   67.072   17.903000  4.864884e+02  9.616610e+01 
   67.072   18.006001  4.866831e+02  9.619919e+01 
   67.072   18.108999  4.868762e+02  9.623151e+01 
   67.072   18.212000  4.870677e+02  9.626311e+01 
   67.072   18.315001  4.872574e+02  9.629404e+01 
   67.072   18.417999  4.874454e+02  9.632433e+01 
   67.072   18.521000  4.876317e+02  9.635394e+01 
   67.072   18.624001  4.878163e+02  9.638286e+01 
   67.072   18.726000  4.879977e+02  9.641083e+01 
   67.072   18.829000  4.881794e+02  9.643841e+01 
   67.072   18.931999  4.883595e+02  9.646530e+01 
   67.072   19.035000  4.885384e+02  9.649152e+01 
   67.072   19.138000  4.887161e+02  9.651706e+01 
   67.072   19.240999  4.888925e+02  9.654195e+01 
   67.072   19.344000  4.890675e+02  9.656622e+01 
   67.072   19.447001  4.892413e+02  9.658987e+01 
   67.072   19.549999  4.894138e+02  9.661295e+01 
   67.072   19.652000  4.895832e+02  9.663523e+01 
   67.072   19.754999  4.897530e+02  9.665719e+01 
   67.072   19.858000  4.899214e+02  9.667861e+01 
   67.072   19.961000  4.900885e+02  9.669952e+01 
   67.072   20.063999  4.902546e+02  9.671980e+01 
   67.072   20.363001  4.907317e+02  9.677526e+01 
   67.072   20.858999  4.915002e+02  9.685799e+01 
   67.072   21.355000  4.922406e+02  9.692973e+01 
   67.072   21.851000  4.929545e+02  9.699105e+01 
   67.072   22.346001  4.936356e+02  9.704450e+01 
   67.072   22.842001  4.942800e+02  9.709344e+01 
   67.072   23.337999  4.948820e+02  9.713966e+01 
   67.072   23.834000  4.954430e+02  9.718354e+01 
   67.072   24.329000  4.959670e+02  9.722417e+01 
   67.072   24.825001  4.964606e+02  9.726111e+01 
   67.072   25.320999  4.969230e+02  9.729478e+01 
   67.072   25.816999  4.973546e+02  9.732602e+01 
   67.072   26.312000  4.977568e+02  9.735493e+01 
   67.072   26.808001  4.981342e+02  9.738134e+01 
   67.072   27.304001  4.984878e+02  9.740515e+01 
   67.072   27.799999  4.988182e+02  9.742670e+01 
   67.072   28.295000  4.991258e+02  9.744618e+01 
   67.072   28.791000  4.994145e+02  9.746375e+01 
   67.072   29.287001  4.996867e+02  9.747932e+01 
   67.072   29.783001  4.999453e+02  9.749284e+01 
   67.072   30.278000  5.001919e+02  9.750433e+01 
   67.072   30.774000  5.004289e+02  9.751401e+01 
   67.072   31.270000  5.006578e+02  9.752204e+01 
   67.072   31.766001  5.008799e+02  9.752858e+01 
   67.072   32.261002  5.010971e+02  9.753379e+01 
   67.072   32.757000  5.013121e+02  9.753789e+01 
   67.072   33.252998  5.015260e+02  9.754111e+01 
   67.072   33.749001  5.017404e+02  9.754367e+01 
   67.072   34.243999  5.019562e+02  9.754576e+01 
   67.072   34.740002  5.021758e+02  9.754753e+01 
   67.072   35.236000  5.023998e+02  9.754905e+01 
   67.072   35.731998  5.026292e+02  9.755041e+01 
   67.072   36.227001  5.028641e+02  9.755164e+01 
   67.072   36.723000  5.031054e+02  9.755279e+01 
   67.072   37.219002  5.033519e+02  9.755386e+01 
   67.072   37.715000  5.036023e+02  9.755487e+01 
   67.072   38.209999  5.038548e+02  9.755586e+01 
   67.072   38.706001  5.041082e+02  9.755687e+01 
   67.072   39.202000  5.043605e+02  9.755792e+01 
   67.072   39.698002  5.046091e+02  9.755906e+01 
   67.072   40.198002  5.048509e+02  9.756095e+01 
   67.072   45.198002  5.067378e+02  9.758689e+01 
   67.072   50.198002  5.074480e+02  9.760759e+01 
   67.072   55.198002  5.077009e+02  9.762115e+01 
   67.072   60.198002  5.084819e+02  9.762958e+01 
   67.072   65.197998  5.097287e+02  9.763467e+01 
