    0.000    0.000000  0.000000e+00  3.510276e+02 
    0.000    0.103000  0.000000e+00  3.501869e+02 
    0.000    0.206000  0.000000e+00  3.489962e+02 
    0.000    0.308000  0.000000e+00  3.476619e+02 
    0.000    0.411000  0.000000e+00  3.463057e+02 
    0.000    0.514000  0.000000e+00  3.449005e+02 
    0.000    0.617000  0.000000e+00  3.433823e+02 
    0.000    0.720000  0.000000e+00  3.418500e+02 
    0.000    0.823000  0.000000e+00  3.402821e+02 
    0.000    0.926000  0.000000e+00  3.386999e+02 
    0.000    1.029000  0.000000e+00  3.371397e+02 
    0.000    1.132000  0.000000e+00  3.356288e+02 
    0.000    1.234000  0.000000e+00  3.340791e+02 
    0.000    1.337000  0.000000e+00  3.325062e+02 
    0.000    1.440000  0.000000e+00  3.308268e+02 
    0.000    1.543000  0.000000e+00  3.290055e+02 
    0.000    1.646000  0.000000e+00  3.273028e+02 
    0.000    1.749000  0.000000e+00  3.212251e+02 
    0.000    1.852000  0.000000e+00  3.164158e+02 
    0.000    1.955000  0.000000e+00  3.121612e+02 
    0.000    2.058000  0.000000e+00  3.080243e+02 
    0.000    2.160000  0.000000e+00  3.034703e+02 
    0.000    2.263000  0.000000e+00  3.024443e+02 
    0.000    2.366000  0.000000e+00  3.013548e+02 
    0.000    2.469000  0.000000e+00  3.002282e+02 
    0.000    2.572000  0.000000e+00  2.990724e+02 
    0.000    2.675000  0.000000e+00  2.978738e+02 
    0.000    2.778000  0.000000e+00  2.966244e+02 
    0.000    2.881000  0.000000e+00  2.953675e+02 
    0.000    2.984000  0.000000e+00  2.941341e+02 
    0.000    3.087000  0.000000e+00  2.929082e+02 
    0.000    3.189000  0.000000e+00  2.916608e+02 
    0.000    3.292000  0.000000e+00  2.903957e+02 
    0.000    3.395000  0.000000e+00  2.891408e+02 
    0.000    3.498000  0.000000e+00  2.878969e+02 
    0.000    3.601000  0.000000e+00  2.866591e+02 
    0.000    3.704000  0.000000e+00  2.854252e+02 
    0.000    3.807000  0.000000e+00  2.841975e+02 
    0.000    3.910000  0.000000e+00  2.829498e+02 
    0.000    4.013000  0.000000e+00  2.816961e+02 
    0.000    4.115000  0.000000e+00  2.804558e+02 
    0.000    4.218000  0.000000e+00  2.792165e+02 
    0.000    4.321000  0.000000e+00  2.779929e+02 
    0.000    4.424000  0.000000e+00  2.767849e+02 
    0.000    4.527000  0.000000e+00  2.755959e+02 
    0.000    4.630000  0.000000e+00  2.744224e+02 
    0.000    4.733000  0.000000e+00  2.732490e+02 
    0.000    4.836000  0.000000e+00  2.720884e+02 
    0.000    4.939000  0.000000e+00  2.709353e+02 
    0.000    5.041000  0.000000e+00  2.697939e+02 
    0.000    5.144000  0.000000e+00  2.686569e+02 
    0.000    5.247000  0.000000e+00  2.675348e+02 
    0.000    5.350000  0.000000e+00  2.664161e+02 
    0.000    5.453000  0.000000e+00  2.653084e+02 
    0.000    5.556000  0.000000e+00  2.641947e+02 
    0.000    5.659000  0.000000e+00  2.631299e+02 
    0.000    5.762000  0.000000e+00  2.620849e+02 
    0.000    5.865000  0.000000e+00  2.610391e+02 
    0.000    5.967000  0.000000e+00  2.599484e+02 
    0.000    6.070000  0.000000e+00  2.588613e+02 
    0.000    6.173000  0.000000e+00  2.577076e+02 
    0.000    6.276000  0.000000e+00  2.563304e+02 
    0.000    6.379000  0.000000e+00  2.545930e+02 
    0.000    6.482000  0.000000e+00  2.524127e+02 
    0.000    6.585000  0.000000e+00  2.497579e+02 
    0.000    6.688000  0.000000e+00  2.468412e+02 
    0.000    6.791000  0.000000e+00  2.439225e+02 
    0.000    6.893000  0.000000e+00  2.414689e+02 
    0.000    6.996000  0.000000e+00  2.394354e+02 
    0.000    7.099000  0.000000e+00  2.378906e+02 
    0.000    7.202000  0.000000e+00  2.373312e+02 
    0.000    7.305000  0.000000e+00  2.369202e+02 
    0.000    7.408000  0.000000e+00  2.365744e+02 
    0.000    7.511000  0.000000e+00  2.363059e+02 
    0.000    7.614000  0.000000e+00  2.361504e+02 
    0.000    7.717000  0.000000e+00  2.359744e+02 
    0.000    7.819000  0.000000e+00  2.358792e+02 
    0.000    7.922000  0.000000e+00  2.356877e+02 
    0.000    8.025000  0.000000e+00  2.355417e+02 
    0.000    8.127999  0.000000e+00  2.354065e+02 
    0.000    8.231000  0.000000e+00  2.352515e+02 
    0.000    8.334000  0.000000e+00  2.350939e+02 
    0.000    8.436999  0.000000e+00  2.349050e+02 
    0.000    8.540000  0.000000e+00  2.347101e+02 
    0.000    8.643000  0.000000e+00  2.344710e+02 
    0.000    8.745000  0.000000e+00  2.342440e+02 
    0.000    8.848000  0.000000e+00  2.340094e+02 
    0.000    8.951000  0.000000e+00  2.337422e+02 
    0.000    9.054000  0.000000e+00  2.335205e+02 
    0.000    9.157000  0.000000e+00  2.333165e+02 
    0.000    9.259999  0.000000e+00  2.332166e+02 
    0.000    9.363000  0.000000e+00  2.331327e+02 
    0.000    9.466000  0.000000e+00  2.330574e+02 
    0.000    9.568999  0.000000e+00  2.329884e+02 
    0.000    9.672000  0.000000e+00  2.329247e+02 
    0.000    9.774000  0.000000e+00  2.328683e+02 
    0.000    9.877000  0.000000e+00  2.328234e+02 
    0.000    9.980000  0.000000e+00  2.327876e+02 
    0.000   10.083000  0.000000e+00  2.327539e+02 
    0.000   10.186000  0.000000e+00  2.327136e+02 
    0.000   10.289000  0.000000e+00  2.326694e+02 
    0.000   10.392000  0.000000e+00  2.326266e+02 
    0.000   10.495000  0.000000e+00  2.325894e+02 
    0.000   10.598000  0.000000e+00  2.325569e+02 
    0.000   10.700000  0.000000e+00  2.325241e+02 
    0.000   10.802999  0.000000e+00  2.324815e+02 
    0.000   10.906000  0.000000e+00  2.324326e+02 
    0.000   11.009000  0.000000e+00  2.323790e+02 
    0.000   11.112000  0.000000e+00  2.323151e+02 
    0.000   11.215000  0.000000e+00  2.322442e+02 
    0.000   11.318000  0.000000e+00  2.321693e+02 
    0.000   11.421000  0.000000e+00  2.320906e+02 
    0.000   11.524000  0.000000e+00  2.320093e+02 
    0.000   11.625999  0.000000e+00  2.319270e+02 
    0.000   11.729000  0.000000e+00  2.318418e+02 
    0.000   11.832000  0.000000e+00  2.317549e+02 
    0.000   11.934999  0.000000e+00  2.316672e+02 
    0.000   12.038000  0.000000e+00  2.315795e+02 
    0.000   12.141000  0.000000e+00  2.314917e+02 
    0.000   12.243999  0.000000e+00  2.314041e+02 
    0.000   12.347000  0.000000e+00  2.313215e+02 
    0.000   12.450000  0.000000e+00  2.312439e+02 
    0.000   12.552000  0.000000e+00  2.311700e+02 
    0.000   12.655000  0.000000e+00  2.310991e+02 
    0.000   12.757999  0.000000e+00  2.310318e+02 
    0.000   12.861000  0.000000e+00  2.309672e+02 
    0.000   12.964000  0.000000e+00  2.309052e+02 
    0.000   13.066999  0.000000e+00  2.308459e+02 
    0.000   13.170000  0.000000e+00  2.307888e+02 
    0.000   13.273000  0.000000e+00  2.307333e+02 
    0.000   13.375999  0.000000e+00  2.306788e+02 
    0.000   13.478000  0.000000e+00  2.306259e+02 
    0.000   13.580999  0.000000e+00  2.305733e+02 
    0.000   13.684000  0.000000e+00  2.305204e+02 
    0.000   13.787000  0.000000e+00  2.304675e+02 
    0.000   13.889999  0.000000e+00  2.304147e+02 
    0.000   13.993000  0.000000e+00  2.303634e+02 
    0.000   14.096000  0.000000e+00  2.303136e+02 
    0.000   14.198999  0.000000e+00  2.302649e+02 
    0.000   14.302000  0.000000e+00  2.302173e+02 
    0.000   14.405000  0.000000e+00  2.301712e+02 
    0.000   14.507000  0.000000e+00  2.301266e+02 
    0.000   14.610000  0.000000e+00  2.300821e+02 
    0.000   14.712999  0.000000e+00  2.300372e+02 
    0.000   14.816000  0.000000e+00  2.299922e+02 
    0.000   14.919000  0.000000e+00  2.299473e+02 
    0.000   15.021999  0.000000e+00  2.299024e+02 
    0.000   15.125000  0.000000e+00  2.298576e+02 
    0.000   15.228000  0.000000e+00  2.298131e+02 
    0.000   15.330999  0.000000e+00  2.297682e+02 
    0.000   15.433000  0.000000e+00  2.297232e+02 
    0.000   15.535999  0.000000e+00  2.296774e+02 
    0.000   15.639000  0.000000e+00  2.296322e+02 
    0.000   15.742000  0.000000e+00  2.295907e+02 
    0.000   15.844999  0.000000e+00  2.295521e+02 
    0.000   15.948000  0.000000e+00  2.295154e+02 
    0.000   16.051001  0.000000e+00  2.294793e+02 
    0.000   16.153999  0.000000e+00  2.294433e+02 
    0.000   16.257000  0.000000e+00  2.294078e+02 
    0.000   16.358999  0.000000e+00  2.293717e+02 
    0.000   16.462000  0.000000e+00  2.293323e+02 
    0.000   16.565001  0.000000e+00  2.292906e+02 
    0.000   16.667999  0.000000e+00  2.292478e+02 
    0.000   16.771000  0.000000e+00  2.292047e+02 
    0.000   16.874001  0.000000e+00  2.291616e+02 
    0.000   16.976999  0.000000e+00  2.291185e+02 
    0.000   17.080000  0.000000e+00  2.290754e+02 
    0.000   17.183001  0.000000e+00  2.290326e+02 
    0.000   17.285000  0.000000e+00  2.289905e+02 
    0.000   17.388000  0.000000e+00  2.289480e+02 
    0.000   17.490999  0.000000e+00  2.289064e+02 
    0.000   17.594000  0.000000e+00  2.288656e+02 
    0.000   17.697001  0.000000e+00  2.288253e+02 
    0.000   17.799999  0.000000e+00  2.287860e+02 
    0.000   17.903000  0.000000e+00  2.287484e+02 
    0.000   18.006001  0.000000e+00  2.287120e+02 
    0.000   18.108999  0.000000e+00  2.286767e+02 
    0.000   18.211000  0.000000e+00  2.286431e+02 
    0.000   18.313999  0.000000e+00  2.286107e+02 
    0.000   18.417000  0.000000e+00  2.285794e+02 
    0.000   18.520000  0.000000e+00  2.285490e+02 
    0.000   18.622999  0.000000e+00  2.285191e+02 
    0.000   18.726000  0.000000e+00  2.284897e+02 
    0.000   18.829000  0.000000e+00  2.284609e+02 
    0.000   18.931999  0.000000e+00  2.284327e+02 
    0.000   19.035000  0.000000e+00  2.284052e+02 
    0.000   19.136999  0.000000e+00  2.283786e+02 
    0.000   19.240000  0.000000e+00  2.283523e+02 
    0.000   19.343000  0.000000e+00  2.283256e+02 
    0.000   19.445999  0.000000e+00  2.282980e+02 
    0.000   19.549000  0.000000e+00  2.282699e+02 
    0.000   19.652000  0.000000e+00  2.282417e+02 
    0.000   19.754999  0.000000e+00  2.282130e+02 
    0.000   19.858000  0.000000e+00  2.281838e+02 
    0.000   19.961000  0.000000e+00  2.281543e+02 
    0.000   20.063999  0.000000e+00  2.281245e+02 
    0.000   20.362999  0.000000e+00  2.280400e+02 
    0.000   20.858999  0.000000e+00  2.279120e+02 
    0.000   21.354000  0.000000e+00  2.278075e+02 
    0.000   21.850000  0.000000e+00  2.277183e+02 
    0.000   22.346001  0.000000e+00  2.276327e+02 
    0.000   22.841999  0.000000e+00  2.275431e+02 
    0.000   23.337000  0.000000e+00  2.274561e+02 
    0.000   23.833000  0.000000e+00  2.273844e+02 
    0.000   24.329000  0.000000e+00  2.273390e+02 
    0.000   24.824999  0.000000e+00  2.273209e+02 
    0.000   25.320000  0.000000e+00  2.273172e+02 
    0.000   25.816000  0.000000e+00  2.273120e+02 
    0.000   26.312000  0.000000e+00  2.273127e+02 
    0.000   26.808001  0.000000e+00  2.273200e+02 
    0.000   27.302999  0.000000e+00  2.273324e+02 
    0.000   27.799000  0.000000e+00  2.273528e+02 
    0.000   28.295000  0.000000e+00  2.273833e+02 
    0.000   28.791000  0.000000e+00  2.274176e+02 
    0.000   29.285999  0.000000e+00  2.274575e+02 
    0.000   29.782000  0.000000e+00  2.275042e+02 
    0.000   30.278000  0.000000e+00  2.275567e+02 
    0.000   30.774000  0.000000e+00  2.276122e+02 
    0.000   31.268999  0.000000e+00  2.276694e+02 
    0.000   31.764999  0.000000e+00  2.277279e+02 
    0.000   32.261002  0.000000e+00  2.277869e+02 
    0.000   32.757000  0.000000e+00  2.278457e+02 
    0.000   33.252003  0.000000e+00  2.279027e+02 
    0.000   33.748001  0.000000e+00  2.279596e+02 
    0.000   34.244003  0.000000e+00  2.280173e+02 
    0.000   34.740002  0.000000e+00  2.280775e+02 
    0.000   35.235001  0.000000e+00  2.281398e+02 
    0.000   35.731003  0.000000e+00  2.282001e+02 
    0.000   36.227001  0.000000e+00  2.282577e+02 
    0.000   36.723003  0.000000e+00  2.283104e+02 
    0.000   37.218002  0.000000e+00  2.283588e+02 
    0.000   37.714001  0.000000e+00  2.284036e+02 
    0.000   38.210003  0.000000e+00  2.284453e+02 
    0.000   38.706001  0.000000e+00  2.284871e+02 
    0.000   39.201000  0.000000e+00  2.285298e+02 
    0.000   39.697002  0.000000e+00  2.285756e+02 
    0.000   40.197002  0.000000e+00  2.286260e+02 
    0.000   45.197002  0.000000e+00  2.290750e+02 
    0.000   50.197002  0.000000e+00  2.293016e+02 
    0.000   55.197002  0.000000e+00  2.292955e+02 
    0.000   60.197002  0.000000e+00  2.292282e+02 
    0.000   65.196999  0.000000e+00  2.291758e+02 
