   68.095    0.000000  2.537767e-20  4.875114e+00 
   68.095    0.102000  2.551844e-20  4.951939e+00 
   68.095    0.205000  2.565938e-20  5.030725e+00 
   68.095    0.308000  2.579960e-20  5.109871e+00 
   68.095    0.411000  2.593957e-20  5.188984e+00 
   68.095    0.514000  3.798400e-20  7.293901e+00 
   68.095    0.617000  6.811203e-20  1.026411e+01 
   68.095    0.720000  1.436842e-19  1.379443e+01 
   68.095    0.823000  3.433754e-19  1.766746e+01 
   68.095    0.926000  9.513868e-19  2.205912e+01 
   68.095    1.029000  3.009187e-18  2.688811e+01 
   68.095    1.131000  1.056090e-17  3.202787e+01 
   68.095    1.234000  4.164532e-17  3.752367e+01 
   68.095    1.337000  1.799800e-16  4.326917e+01 
   68.095    1.440000  8.711724e-16  4.940754e+01 
   68.095    1.543000  4.703108e-15  5.592596e+01 
   68.095    1.646000  2.816622e-14  6.280669e+01 
   68.095    1.749000  1.860349e-13  7.002976e+01 
   68.095    1.852000  2.430385e-10  9.321501e+01 
   68.095    1.955000  2.492268e-07  1.172546e+02 
   68.095    2.057000  7.565217e-05  1.389885e+02 
   68.095    2.160000  7.146657e-03  1.597055e+02 
   68.095    2.263000  2.247275e-01  1.809899e+02 
   68.095    2.366000  2.944887e+00  2.043070e+02 
   68.095    2.469000  4.252299e+00  2.080257e+02 
   68.095    2.572000  5.971263e+00  2.118130e+02 
   68.095    2.675000  8.355191e+00  2.159009e+02 
   68.095    2.778000  1.114931e+01  2.196717e+02 
   68.095    2.881000  1.430553e+01  2.231208e+02 
   68.095    2.983000  1.744013e+01  2.259807e+02 
   68.095    3.086000  2.070880e+01  2.285564e+02 
   68.095    3.189000  2.423941e+01  2.310045e+02 
   68.095    3.292000  2.839848e+01  2.335656e+02 
   68.095    3.395000  3.382784e+01  2.365213e+02 
   68.095    3.498000  4.132618e+01  2.400606e+02 
   68.095    3.601000  5.233334e+01  2.444358e+02 
   68.095    3.704000  6.837246e+01  2.496228e+02 
   68.095    3.807000  8.970698e+01  2.551124e+02 
   68.095    3.909000  1.147139e+02  2.602414e+02 
   68.095    4.012000  1.429204e+02  2.649274e+02 
   68.095    4.115000  1.688970e+02  2.685177e+02 
   68.095    4.218000  1.947379e+02  2.715965e+02 
   68.095    4.321000  2.195337e+02  2.741945e+02 
   68.095    4.424000  2.409409e+02  2.762084e+02 
   68.095    4.527000  2.617168e+02  2.780075e+02 
   68.095    4.630000  2.823033e+02  2.796589e+02 
   68.095    4.733000  2.962220e+02  2.806908e+02 
   68.095    4.835000  3.033515e+02  2.811785e+02 
   68.095    4.938000  3.070013e+02  2.814054e+02 
   68.095    5.041000  3.107603e+02  2.816505e+02 
   68.095    5.144000  3.148094e+02  2.819259e+02 
   68.095    5.247000  3.190936e+02  2.822253e+02 
   68.095    5.350000  3.235510e+02  2.825425e+02 
   68.095    5.453000  3.280363e+02  2.828653e+02 
   68.095    5.556000  3.325773e+02  2.831944e+02 
   68.095    5.659000  3.370159e+02  2.835178e+02 
   68.095    5.761000  3.412951e+02  2.838310e+02 
   68.095    5.864000  3.457223e+02  2.841554e+02 
   68.095    5.967000  3.500106e+02  2.844703e+02 
   68.095    6.070000  3.542082e+02  2.847787e+02 
   68.095    6.173000  3.581774e+02  2.850710e+02 
   68.095    6.276000  3.622139e+02  2.853670e+02 
   68.095    6.379000  3.632641e+02  2.854597e+02 
   68.095    6.482000  3.643068e+02  2.855544e+02 
   68.095    6.585000  3.653455e+02  2.856503e+02 
   68.095    6.687000  3.663768e+02  2.857459e+02 
   68.095    6.790000  3.674230e+02  2.858428e+02 
   68.095    6.893000  3.684655e+02  2.859402e+02 
   68.095    6.996000  3.694918e+02  2.860379e+02 
   68.095    7.099000  3.704933e+02  2.861358e+02 
   68.095    7.202000  3.714545e+02  2.862339e+02 
   68.095    7.305000  3.781749e+02  2.867276e+02 
   68.095    7.408000  3.819673e+02  2.870215e+02 
   68.095    7.511000  3.857285e+02  2.873139e+02 
   68.095    7.614000  3.904437e+02  2.876686e+02 
   68.095    7.716000  3.943038e+02  2.879662e+02 
   68.095    7.819000  3.978162e+02  2.882399e+02 
   68.095    7.921999  4.013248e+02  2.885112e+02 
   68.095    8.025001  4.044902e+02  2.887592e+02 
   68.095    8.128000  4.076061e+02  2.890016e+02 
   68.095    8.231000  4.105641e+02  2.892321e+02 
   68.095    8.334001  4.135351e+02  2.894605e+02 
   68.095    8.437000  4.165297e+02  2.896872e+02 
   68.095    8.540000  4.193935e+02  2.899033e+02 
   68.095    8.642000  4.221598e+02  2.901101e+02 
   68.095    8.745000  4.248372e+02  2.903092e+02 
   68.095    8.848001  4.274606e+02  2.905020e+02 
   68.095    8.951000  4.285579e+02  2.906351e+02 
   68.095    9.054000  4.297894e+02  2.907794e+02 
   68.095    9.157001  4.311770e+02  2.909369e+02 
   68.095    9.260000  4.325116e+02  2.910875e+02 
   68.095    9.363000  4.339900e+02  2.912460e+02 
   68.095    9.466001  4.354911e+02  2.914045e+02 
   68.095    9.568000  4.369727e+02  2.915581e+02 
   68.095    9.671000  4.384277e+02  2.917104e+02 
   68.095    9.774000  4.399672e+02  2.918677e+02 
   68.095    9.877000  4.416989e+02  2.920393e+02 
   68.095    9.980000  4.421542e+02  2.920945e+02 
   68.095   10.083000  4.426043e+02  2.921482e+02 
   68.095   10.186000  4.430793e+02  2.921996e+02 
   68.095   10.289001  4.435450e+02  2.922498e+02 
   68.095   10.392000  4.440019e+02  2.922989e+02 
   68.095   10.494000  4.444466e+02  2.923463e+02 
   68.095   10.597000  4.448878e+02  2.923933e+02 
   68.095   10.700001  4.453217e+02  2.924393e+02 
   68.095   10.803000  4.457492e+02  2.924846e+02 
   68.095   10.906000  4.461705e+02  2.925291e+02 
   68.095   11.009000  4.465859e+02  2.925728e+02 
   68.095   11.112000  4.469963e+02  2.926160e+02 
   68.095   11.215000  4.474019e+02  2.926586e+02 
   68.095   11.318000  4.478024e+02  2.927007e+02 
   68.095   11.420000  4.481941e+02  2.927419e+02 
   68.095   11.523001  4.485845e+02  2.927831e+02 
   68.095   11.626000  4.489697e+02  2.928239e+02 
   68.095   11.729000  4.493493e+02  2.928644e+02 
   68.095   11.832001  4.497233e+02  2.929044e+02 
   68.095   11.935000  4.500916e+02  2.929441e+02 
   68.095   12.038000  4.504546e+02  2.929834e+02 
   68.095   12.141001  4.508122e+02  2.930222e+02 
   68.095   12.244000  4.511646e+02  2.930605e+02 
   68.095   12.347000  4.515122e+02  2.930984e+02 
   68.095   12.449000  4.518519e+02  2.931353e+02 
   68.095   12.552000  4.521904e+02  2.931721e+02 
   68.095   12.655001  4.525244e+02  2.932083e+02 
   68.095   12.758000  4.528539e+02  2.932440e+02 
   68.095   12.861000  4.531795e+02  2.932790e+02 
   68.095   12.964001  4.535012e+02  2.933134e+02 
   68.095   13.067000  4.538192e+02  2.933470e+02 
   68.095   13.170000  4.541336e+02  2.933801e+02 
   68.095   13.273001  4.544444e+02  2.934123e+02 
   68.095   13.375000  4.547488e+02  2.934435e+02 
   68.095   13.478001  4.550528e+02  2.934741e+02 
   68.095   13.581000  4.553535e+02  2.935038e+02 
   68.095   13.684000  4.556509e+02  2.935327e+02 
   68.095   13.787001  4.559453e+02  2.935605e+02 
   68.095   13.890000  4.562366e+02  2.935873e+02 
   68.095   13.993000  4.565247e+02  2.936133e+02 
   68.095   14.096001  4.568096e+02  2.936384e+02 
   68.095   14.199000  4.570913e+02  2.936627e+02 
   68.095   14.301001  4.573670e+02  2.936860e+02 
   68.095   14.404000  4.576420e+02  2.937089e+02 
   68.095   14.507000  4.579138e+02  2.937312e+02 
   68.095   14.610001  4.581821e+02  2.937529e+02 
   68.095   14.713000  4.584471e+02  2.937742e+02 
   68.095   14.816000  4.587088e+02  2.937950e+02 
   68.095   14.919001  4.589673e+02  2.938152e+02 
   68.095   15.022000  4.592225e+02  2.938351e+02 
   68.095   15.125000  4.594747e+02  2.938545e+02 
   68.095   15.227000  4.597214e+02  2.938732e+02 
   68.095   15.330000  4.599674e+02  2.938916e+02 
   68.095   15.433001  4.602104e+02  2.939097e+02 
   68.095   15.536000  4.604503e+02  2.939273e+02 
   68.095   15.639000  4.606873e+02  2.939445e+02 
   68.095   15.742001  4.609214e+02  2.939612e+02 
   68.095   15.845000  4.611527e+02  2.939776e+02 
   68.095   15.948000  4.613814e+02  2.939935e+02 
   68.095   16.051001  4.616075e+02  2.940090e+02 
   68.095   16.153000  4.618291e+02  2.940238e+02 
   68.095   16.256001  4.620504e+02  2.940384e+02 
   68.095   16.359001  4.622694e+02  2.940524e+02 
   68.095   16.462000  4.624862e+02  2.940658e+02 
   68.095   16.565001  4.627009e+02  2.940788e+02 
   68.095   16.668001  4.629135e+02  2.940911e+02 
   68.095   16.771000  4.631243e+02  2.941027e+02 
   68.095   16.874001  4.633335e+02  2.941136e+02 
   68.095   16.977001  4.635410e+02  2.941237e+02 
   68.095   17.080000  4.637469e+02  2.941329e+02 
   68.095   17.182001  4.639498e+02  2.941411e+02 
   68.095   17.285000  4.641534e+02  2.941485e+02 
   68.095   17.388000  4.643557e+02  2.941550e+02 
   68.095   17.491001  4.645567e+02  2.941607e+02 
   68.095   17.594000  4.647564e+02  2.941656e+02 
   68.095   17.697001  4.649547e+02  2.941697e+02 
   68.095   17.800001  4.651516e+02  2.941732e+02 
   68.095   17.903000  4.653468e+02  2.941761e+02 
   68.095   18.006001  4.655404e+02  2.941785e+02 
   68.095   18.108000  4.657306e+02  2.941803e+02 
   68.095   18.211000  4.659209e+02  2.941816e+02 
   68.095   18.314001  4.661098e+02  2.941825e+02 
   68.095   18.417000  4.662970e+02  2.941828e+02 
   68.095   18.520000  4.664827e+02  2.941827e+02 
   68.095   18.623001  4.666669e+02  2.941821e+02 
   68.095   18.726000  4.668495e+02  2.941810e+02 
   68.095   18.829000  4.670307e+02  2.941794e+02 
   68.095   18.932001  4.672103e+02  2.941774e+02 
   68.095   19.034000  4.673868e+02  2.941750e+02 
   68.095   19.137001  4.675637e+02  2.941721e+02 
   68.095   19.240000  4.677392e+02  2.941688e+02 
   68.095   19.343000  4.679134e+02  2.941651e+02 
   68.095   19.446001  4.680864e+02  2.941609e+02 
   68.095   19.549000  4.682582e+02  2.941562e+02 
   68.095   19.652000  4.684287e+02  2.941511e+02 
   68.095   19.755001  4.685980e+02  2.941456e+02 
   68.095   19.858000  4.687660e+02  2.941396e+02 
   68.095   19.960001  4.689312e+02  2.941333e+02 
   68.095   20.063000  4.690970e+02  2.941264e+02 
   68.095   20.363001  4.695742e+02  2.941036e+02 
   68.095   20.858000  4.703387e+02  2.940598e+02 
   68.095   21.354000  4.710765e+02  2.940089e+02 
   68.095   21.850000  4.717843e+02  2.939532e+02 
   68.095   22.346001  4.724546e+02  2.938978e+02 
   68.095   22.841000  4.730807e+02  2.938470e+02 
   68.095   23.337000  4.736651e+02  2.938013e+02 
   68.095   23.833000  4.742130e+02  2.937584e+02 
   68.095   24.329000  4.747303e+02  2.937162e+02 
   68.095   24.823999  4.752158e+02  2.936754e+02 
   68.095   25.320000  4.756698e+02  2.936371e+02 
   68.095   25.816000  4.760937e+02  2.936014e+02 
   68.095   26.312000  4.764902e+02  2.935675e+02 
   68.095   26.807001  4.768604e+02  2.935352e+02 
   68.095   27.302999  4.772069e+02  2.935044e+02 
   68.095   27.799000  4.775309e+02  2.934749e+02 
   68.095   28.295000  4.778347e+02  2.934463e+02 
   68.095   28.790001  4.781200e+02  2.934184e+02 
   68.095   29.286001  4.783901e+02  2.933907e+02 
   68.095   29.782000  4.786462e+02  2.933632e+02 
   68.095   30.278000  4.788898e+02  2.933358e+02 
   68.095   30.773001  4.791222e+02  2.933087e+02 
   68.095   31.269001  4.793459e+02  2.932819e+02 
   68.095   31.764999  4.795621e+02  2.932553e+02 
   68.095   32.260998  4.797729e+02  2.932290e+02 
   68.095   32.755997  4.799799e+02  2.932030e+02 
   68.095   33.251999  4.801855e+02  2.931775e+02 
   68.095   33.747997  4.803909e+02  2.931528e+02 
   68.095   34.243999  4.805975e+02  2.931292e+02 
   68.095   34.738998  4.808063e+02  2.931070e+02 
   68.095   35.234997  4.810195e+02  2.930860e+02 
   68.095   35.730999  4.812379e+02  2.930664e+02 
   68.095   36.226997  4.814618e+02  2.930480e+02 
   68.095   36.723000  4.816914e+02  2.930308e+02 
   68.095   37.217999  4.819258e+02  2.930147e+02 
   68.095   37.713997  4.821649e+02  2.929997e+02 
   68.095   38.209999  4.824075e+02  2.929858e+02 
   68.095   38.705997  4.826515e+02  2.929729e+02 
   68.095   39.201000  4.828947e+02  2.929612e+02 
   68.095   39.696999  4.831357e+02  2.929506e+02 
   68.095   40.196999  4.833710e+02  2.929422e+02 
   68.095   45.196999  4.852299e+02  2.929084e+02 
   68.095   50.196999  4.859381e+02  2.929056e+02 
   68.095   55.196999  4.861843e+02  2.929090e+02 
   68.095   60.196999  4.869091e+02  2.929126e+02 
   68.095   65.196999  4.881374e+02  2.929153e+02 
