   66.777    0.000000  0.000000e+00  8.513579e-01 
   66.777    0.103000  0.000000e+00  8.689099e-01 
   66.777    0.206000  0.000000e+00  8.863738e-01 
   66.777    0.309000  0.000000e+00  9.037117e-01 
   66.777    0.412000  0.000000e+00  9.208435e-01 
   66.777    0.515000  0.000000e+00  9.378233e-01 
   66.777    0.618000  0.000000e+00  7.592144e+00 
   66.777    0.721000  0.000000e+00  1.738336e+01 
   66.777    0.824000  0.000000e+00  3.001464e+01 
   66.777    0.926000  0.000000e+00  4.511468e+01 
   66.777    1.029000  0.000000e+00  6.288877e+01 
   66.777    1.132000  0.000000e+00  8.325157e+01 
   66.777    1.235000  0.000000e+00  1.064285e+02 
   66.777    1.338000  0.000000e+00  1.328871e+02 
   66.777    1.441000  0.000000e+00  1.640815e+02 
   66.777    1.544000  1.008326e-30  2.034142e+02 
   66.777    1.647000  1.417150e-02  2.688918e+02 
   66.777    1.750000  3.687991e-01  2.814882e+02 
   66.777    1.852000  5.861539e-01  2.837193e+02 
   66.777    1.955000  8.205212e-01  2.854586e+02 
   66.777    2.058000  1.027749e+00  2.866475e+02 
   66.777    2.161000  1.195690e+00  2.874330e+02 
   66.777    2.264000  1.320836e+00  2.879123e+02 
   66.777    2.367000  1.423587e+00  2.882553e+02 
   66.777    2.470000  1.507170e+00  2.884982e+02 
   66.777    2.573000  1.576048e+00  2.886738e+02 
   66.777    2.676000  1.645259e+00  2.888629e+02 
   66.777    2.778000  3.236865e+00  2.966604e+02 
   66.777    2.881000  3.477205e+00  2.971054e+02 
   66.777    2.984000  3.852098e+00  2.978818e+02 
   66.777    3.087000  4.445510e+00  2.991089e+02 
   66.777    3.190000  5.427624e+00  3.009887e+02 
   66.777    3.293000  7.005899e+00  3.035990e+02 
   66.777    3.396000  9.555085e+00  3.070455e+02 
   66.777    3.499000  1.401993e+01  3.117056e+02 
   66.777    3.602000  2.203560e+01  3.177672e+02 
   66.777    3.705000  3.665127e+01  3.253238e+02 
   66.777    3.807000  6.234160e+01  3.340295e+02 
   66.777    3.910000  1.057678e+02  3.434289e+02 
   66.777    4.013000  1.666036e+02  3.518883e+02 
   66.777    4.116000  2.341148e+02  3.582170e+02 
   66.777    4.219000  2.971444e+02  3.624695e+02 
   66.777    4.322000  3.457494e+02  3.649761e+02 
   66.777    4.425000  3.793631e+02  3.663633e+02 
   66.777    4.528000  3.991073e+02  3.670213e+02 
   66.777    4.631000  4.086447e+02  3.672556e+02 
   66.777    4.733000  4.101224e+02  3.671982e+02 
   66.777    4.836000  4.115907e+02  3.671560e+02 
   66.777    4.939000  4.130343e+02  3.671267e+02 
   66.777    5.042000  4.144526e+02  3.671084e+02 
   66.777    5.145000  4.158434e+02  3.670999e+02 
   66.777    5.248000  4.172082e+02  3.670998e+02 
   66.777    5.351000  4.186772e+02  3.671142e+02 
   66.777    5.454000  4.201844e+02  3.671388e+02 
   66.777    5.557000  4.217764e+02  3.671749e+02 
   66.777    5.659000  4.230344e+02  3.671988e+02 
   66.777    5.762000  4.258972e+02  3.672910e+02 
   66.777    5.865000  4.288740e+02  3.673913e+02 
   66.777    5.968000  4.319364e+02  3.674983e+02 
   66.777    6.071000  4.351500e+02  3.676136e+02 
   66.777    6.174000  4.384728e+02  3.677344e+02 
   66.777    6.277000  4.417035e+02  3.678524e+02 
   66.777    6.380000  4.428968e+02  3.678943e+02 
   66.777    6.483000  4.440864e+02  3.679377e+02 
   66.777    6.585000  4.452634e+02  3.679816e+02 
   66.777    6.688000  4.464546e+02  3.680266e+02 
   66.777    6.791000  4.476492e+02  3.680719e+02 
   66.777    6.894000  4.488295e+02  3.681182e+02 
   66.777    6.997000  4.499712e+02  3.681658e+02 
   66.777    7.100000  4.510634e+02  3.682146e+02 
   66.777    7.203000  4.520928e+02  3.682646e+02 
   66.777    7.306000  4.530504e+02  3.683151e+02 
   66.777    7.409000  4.539338e+02  3.683659e+02 
   66.777    7.511000  4.547423e+02  3.684161e+02 
   66.777    7.614000  4.554923e+02  3.684666e+02 
   66.777    7.717000  4.561973e+02  3.685166e+02 
   66.777    7.820000  4.568872e+02  3.685660e+02 
   66.777    7.923000  4.575688e+02  3.686148e+02 
   66.777    8.026000  4.582430e+02  3.686631e+02 
   66.777    8.129000  4.589114e+02  3.687107e+02 
   66.777    8.231999  4.595739e+02  3.687576e+02 
   66.777    8.335000  4.602262e+02  3.688035e+02 
   66.777    8.436999  4.608576e+02  3.688476e+02 
   66.777    8.540000  4.614808e+02  3.688909e+02 
   66.777    8.643000  4.620927e+02  3.689326e+02 
   66.777    8.745999  4.626961e+02  3.689726e+02 
   66.777    8.849000  4.632904e+02  3.690109e+02 
   66.777    8.952000  4.638753e+02  3.690472e+02 
   66.777    9.054999  4.644504e+02  3.690815e+02 
   66.777    9.158000  4.650128e+02  3.691139e+02 
   66.777    9.261000  4.655622e+02  3.691445e+02 
   66.777    9.363999  4.660986e+02  3.691732e+02 
   66.777    9.466000  4.666169e+02  3.692001e+02 
   66.777    9.568999  4.671280e+02  3.692259e+02 
   66.777    9.672000  4.676270e+02  3.692504e+02 
   66.777    9.775000  4.681141e+02  3.692737e+02 
   66.777    9.877999  4.685892e+02  3.692958e+02 
   66.777    9.981000  4.690524e+02  3.693167e+02 
   66.777   10.084000  4.695393e+02  3.693358e+02 
   66.777   10.186999  4.700184e+02  3.693539e+02 
   66.777   10.290000  4.704904e+02  3.693709e+02 
   66.777   10.392000  4.709504e+02  3.693869e+02 
   66.777   10.495000  4.714072e+02  3.694022e+02 
   66.777   10.598000  4.718562e+02  3.694166e+02 
   66.777   10.701000  4.722975e+02  3.694303e+02 
   66.777   10.804000  4.727318e+02  3.694436e+02 
   66.777   10.907000  4.731590e+02  3.694565e+02 
   66.777   11.009999  4.735800e+02  3.694690e+02 
   66.777   11.113000  4.739961e+02  3.694814e+02 
   66.777   11.216000  4.744075e+02  3.694936e+02 
   66.777   11.318000  4.748101e+02  3.695055e+02 
   66.777   11.421000  4.752115e+02  3.695175e+02 
   66.777   11.524000  4.756077e+02  3.695294e+02 
   66.777   11.627000  4.759986e+02  3.695412e+02 
   66.777   11.730000  4.763839e+02  3.695530e+02 
   66.777   11.833000  4.767638e+02  3.695647e+02 
   66.777   11.936000  4.771381e+02  3.695764e+02 
   66.777   12.039000  4.775071e+02  3.695881e+02 
   66.777   12.142000  4.778709e+02  3.695997e+02 
   66.777   12.243999  4.782260e+02  3.696111e+02 
   66.777   12.347000  4.785794e+02  3.696225e+02 
   66.777   12.450000  4.789278e+02  3.696337e+02 
   66.777   12.552999  4.792713e+02  3.696447e+02 
   66.777   12.656000  4.796100e+02  3.696555e+02 
   66.777   12.759000  4.799440e+02  3.696659e+02 
   66.777   12.862000  4.802739e+02  3.696760e+02 
   66.777   12.965000  4.805997e+02  3.696856e+02 
   66.777   13.068000  4.809217e+02  3.696948e+02 
   66.777   13.170000  4.812366e+02  3.697035e+02 
   66.777   13.273000  4.815508e+02  3.697118e+02 
   66.777   13.375999  4.818614e+02  3.697195e+02 
   66.777   13.479000  4.821684e+02  3.697268e+02 
   66.777   13.582000  4.824719e+02  3.697336e+02 
   66.777   13.684999  4.827719e+02  3.697399e+02 
   66.777   13.788000  4.830685e+02  3.697456e+02 
   66.777   13.891000  4.833618e+02  3.697508e+02 
   66.777   13.993999  4.836519e+02  3.697554e+02 
   66.777   14.096000  4.839359e+02  3.697593e+02 
   66.777   14.198999  4.842196e+02  3.697626e+02 
   66.777   14.302000  4.845001e+02  3.697654e+02 
   66.777   14.405000  4.847775e+02  3.697675e+02 
   66.777   14.507999  4.850518e+02  3.697690e+02 
   66.777   14.611000  4.853230e+02  3.697700e+02 
   66.777   14.714000  4.855911e+02  3.697705e+02 
   66.777   14.816999  4.858560e+02  3.697707e+02 
   66.777   14.920000  4.861178e+02  3.697704e+02 
   66.777   15.023000  4.863765e+02  3.697698e+02 
   66.777   15.125000  4.866295e+02  3.697690e+02 
   66.777   15.228000  4.868819e+02  3.697678e+02 
   66.777   15.330999  4.871313e+02  3.697664e+02 
   66.777   15.434000  4.873776e+02  3.697648e+02 
   66.777   15.537000  4.876209e+02  3.697630e+02 
   66.777   15.639999  4.878613e+02  3.697609e+02 
   66.777   15.743000  4.880987e+02  3.697586e+02 
   66.777   15.846000  4.883333e+02  3.697561e+02 
   66.777   15.948999  4.885652e+02  3.697533e+02 
   66.777   16.051001  4.887924e+02  3.697503e+02 
   66.777   16.153999  4.890193e+02  3.697469e+02 
   66.777   16.257000  4.892438e+02  3.697433e+02 
   66.777   16.360001  4.894659e+02  3.697393e+02 
   66.777   16.462999  4.896857e+02  3.697350e+02 
   66.777   16.566000  4.899032e+02  3.697303e+02 
   66.777   16.669001  4.901185e+02  3.697253e+02 
   66.777   16.771999  4.903317e+02  3.697198e+02 
   66.777   16.875000  4.905428e+02  3.697141e+02 
   66.777   16.976999  4.907498e+02  3.697080e+02 
   66.777   17.080000  4.909571e+02  3.697013e+02 
   66.777   17.183001  4.911628e+02  3.696940e+02 
   66.777   17.285999  4.913670e+02  3.696860e+02 
   66.777   17.389000  4.915698e+02  3.696774e+02 
   66.777   17.492001  4.917712e+02  3.696680e+02 
   66.777   17.594999  4.919716e+02  3.696577e+02 
   66.777   17.698000  4.921707e+02  3.696467e+02 
   66.777   17.801001  4.923686e+02  3.696350e+02 
   66.777   17.903000  4.925633e+02  3.696227e+02 
   66.777   18.006001  4.927585e+02  3.696097e+02 
   66.777   18.108999  4.929522e+02  3.695962e+02 
   66.777   18.212000  4.931443e+02  3.695822e+02 
   66.777   18.315001  4.933346e+02  3.695680e+02 
   66.777   18.417999  4.935231e+02  3.695535e+02 
   66.777   18.521000  4.937099e+02  3.695387e+02 
   66.777   18.624001  4.938950e+02  3.695236e+02 
   66.777   18.726999  4.940785e+02  3.695081e+02 
   66.777   18.829000  4.942585e+02  3.694925e+02 
   66.777   18.931999  4.944388e+02  3.694763e+02 
   66.777   19.035000  4.946179e+02  3.694596e+02 
   66.777   19.138000  4.947957e+02  3.694425e+02 
   66.777   19.240999  4.949724e+02  3.694249e+02 
   66.777   19.344000  4.951477e+02  3.694068e+02 
   66.777   19.447001  4.953218e+02  3.693884e+02 
   66.777   19.549999  4.954947e+02  3.693697e+02 
   66.777   19.653000  4.956662e+02  3.693506e+02 
   66.777   19.756001  4.958364e+02  3.693312e+02 
   66.777   19.858000  4.960036e+02  3.693117e+02 
   66.777   19.961000  4.961711e+02  3.692918e+02 
   66.777   20.063999  4.963376e+02  3.692715e+02 
   66.777   20.364000  4.968169e+02  3.692097e+02 
   66.777   20.858999  4.975847e+02  3.691033e+02 
   66.777   21.355000  4.983256e+02  3.689916e+02 
   66.777   21.851000  4.990404e+02  3.688743e+02 
   66.777   22.347000  4.997253e+02  3.687556e+02 
   66.777   22.841999  5.003722e+02  3.686418e+02 
   66.777   23.337999  5.009787e+02  3.685364e+02 
   66.777   23.834000  5.015435e+02  3.684402e+02 
   66.777   24.330000  5.020712e+02  3.683510e+02 
   66.777   24.824999  5.025659e+02  3.682664e+02 
   66.777   25.320999  5.030307e+02  3.681859e+02 
   66.777   25.816999  5.034650e+02  3.681108e+02 
   66.777   26.313000  5.038702e+02  3.680409e+02 
   66.777   26.808001  5.042485e+02  3.679754e+02 
   66.777   27.303999  5.046039e+02  3.679128e+02 
   66.777   27.799999  5.049364e+02  3.678533e+02 
   66.777   28.296000  5.052469e+02  3.677971e+02 
   66.777   28.791000  5.055372e+02  3.677439e+02 
   66.777   29.287001  5.058112e+02  3.676930e+02 
   66.777   29.782999  5.060714e+02  3.676435e+02 
   66.777   30.278999  5.063197e+02  3.675951e+02 
   66.777   30.774000  5.065578e+02  3.675478e+02 
   66.777   31.270000  5.067881e+02  3.675013e+02 
   66.777   31.765999  5.070118e+02  3.674560e+02 
   66.777   32.262001  5.072313e+02  3.674117e+02 
   66.777   32.757000  5.074479e+02  3.673687e+02 
   66.777   33.253002  5.076640e+02  3.673273e+02 
   66.777   33.749001  5.078809e+02  3.672877e+02 
   66.777   34.245003  5.080998e+02  3.672502e+02 
   66.777   34.740002  5.083217e+02  3.672151e+02 
   66.777   35.236000  5.085488e+02  3.671820e+02 
   66.777   35.732002  5.087815e+02  3.671512e+02 
   66.777   36.228001  5.090202e+02  3.671225e+02 
   66.777   36.723003  5.092643e+02  3.670958e+02 
   66.777   37.219002  5.095140e+02  3.670707e+02 
   66.777   37.715000  5.097675e+02  3.670474e+02 
   66.777   38.211002  5.100235e+02  3.670258e+02 
   66.777   38.706001  5.102792e+02  3.670058e+02 
   66.777   39.202003  5.105340e+02  3.669874e+02 
   66.777   39.698002  5.107849e+02  3.669707e+02 
   66.777   40.198002  5.110287e+02  3.669572e+02 
   66.777   45.198002  5.129242e+02  3.668937e+02 
   66.777   50.198002  5.136353e+02  3.668787e+02 
   66.777   55.198002  5.138903e+02  3.668767e+02 
   66.777   60.198002  5.146858e+02  3.668777e+02 
   66.777   65.197998  5.159399e+02  3.668791e+02 
