    0.000    0.000000  0.000000e+00  3.527151e+02 
    0.000    0.103000  0.000000e+00  3.519039e+02 
    0.000    0.206000  0.000000e+00  3.506348e+02 
    0.000    0.309000  0.000000e+00  3.450919e+02 
    0.000    0.412000  0.000000e+00  3.421483e+02 
    0.000    0.515000  0.000000e+00  3.398211e+02 
    0.000    0.617000  0.000000e+00  3.386117e+02 
    0.000    0.720000  0.000000e+00  3.371283e+02 
    0.000    0.823000  0.000000e+00  3.352661e+02 
    0.000    0.926000  0.000000e+00  3.330272e+02 
    0.000    1.029000  0.000000e+00  3.306211e+02 
    0.000    1.132000  0.000000e+00  3.283043e+02 
    0.000    1.235000  0.000000e+00  3.260724e+02 
    0.000    1.338000  0.000000e+00  3.238484e+02 
    0.000    1.441000  0.000000e+00  3.215888e+02 
    0.000    1.543000  0.000000e+00  3.192937e+02 
    0.000    1.646000  0.000000e+00  3.168887e+02 
    0.000    1.749000  0.000000e+00  3.153046e+02 
    0.000    1.852000  0.000000e+00  3.103970e+02 
    0.000    1.955000  0.000000e+00  3.055239e+02 
    0.000    2.058000  0.000000e+00  3.008188e+02 
    0.000    2.161000  0.000000e+00  2.956585e+02 
    0.000    2.264000  0.000000e+00  2.949520e+02 
    0.000    2.367000  0.000000e+00  2.941397e+02 
    0.000    2.469000  0.000000e+00  2.932852e+02 
    0.000    2.572000  0.000000e+00  2.924053e+02 
    0.000    2.675000  0.000000e+00  2.914338e+02 
    0.000    2.778000  0.000000e+00  2.903378e+02 
    0.000    2.881000  0.000000e+00  2.891312e+02 
    0.000    2.984000  0.000000e+00  2.877502e+02 
    0.000    3.087000  0.000000e+00  2.861129e+02 
    0.000    3.190000  0.000000e+00  2.843474e+02 
    0.000    3.293000  0.000000e+00  2.831914e+02 
    0.000    3.395000  0.000000e+00  2.820002e+02 
    0.000    3.498000  0.000000e+00  2.807804e+02 
    0.000    3.601000  0.000000e+00  2.795506e+02 
    0.000    3.704000  0.000000e+00  2.783108e+02 
    0.000    3.807000  0.000000e+00  2.770714e+02 
    0.000    3.910000  0.000000e+00  2.758333e+02 
    0.000    4.013000  0.000000e+00  2.746026e+02 
    0.000    4.116000  0.000000e+00  2.733748e+02 
    0.000    4.219000  0.000000e+00  2.721491e+02 
    0.000    4.321000  0.000000e+00  2.709409e+02 
    0.000    4.424000  0.000000e+00  2.697320e+02 
    0.000    4.527000  0.000000e+00  2.685381e+02 
    0.000    4.630000  0.000000e+00  2.673599e+02 
    0.000    4.733000  0.000000e+00  2.661971e+02 
    0.000    4.836000  0.000000e+00  2.650512e+02 
    0.000    4.939000  0.000000e+00  2.639138e+02 
    0.000    5.042000  0.000000e+00  2.627820e+02 
    0.000    5.145000  0.000000e+00  2.616639e+02 
    0.000    5.248000  0.000000e+00  2.605508e+02 
    0.000    5.350000  0.000000e+00  2.594537e+02 
    0.000    5.453000  0.000000e+00  2.583618e+02 
    0.000    5.556000  0.000000e+00  2.572833e+02 
    0.000    5.659000  0.000000e+00  2.558654e+02 
    0.000    5.762000  0.000000e+00  2.548261e+02 
    0.000    5.865000  0.000000e+00  2.538045e+02 
    0.000    5.968000  0.000000e+00  2.528038e+02 
    0.000    6.071000  0.000000e+00  2.518189e+02 
    0.000    6.174000  0.000000e+00  2.508493e+02 
    0.000    6.276000  0.000000e+00  2.499065e+02 
    0.000    6.379000  0.000000e+00  2.489753e+02 
    0.000    6.482000  0.000000e+00  2.479549e+02 
    0.000    6.585000  0.000000e+00  2.469432e+02 
    0.000    6.688000  0.000000e+00  2.458985e+02 
    0.000    6.791000  0.000000e+00  2.449021e+02 
    0.000    6.894000  0.000000e+00  2.438515e+02 
    0.000    6.997000  0.000000e+00  2.425001e+02 
    0.000    7.100000  0.000000e+00  2.409656e+02 
    0.000    7.202000  0.000000e+00  2.396099e+02 
    0.000    7.305000  0.000000e+00  2.389665e+02 
    0.000    7.408000  0.000000e+00  2.382756e+02 
    0.000    7.511000  0.000000e+00  2.378886e+02 
    0.000    7.614000  0.000000e+00  2.376176e+02 
    0.000    7.717000  0.000000e+00  2.373824e+02 
    0.000    7.820000  0.000000e+00  2.371630e+02 
    0.000    7.923000  0.000000e+00  2.369419e+02 
    0.000    8.026000  0.000000e+00  2.366560e+02 
    0.000    8.128000  0.000000e+00  2.364617e+02 
    0.000    8.231000  0.000000e+00  2.362827e+02 
    0.000    8.334000  0.000000e+00  2.361199e+02 
    0.000    8.437000  0.000000e+00  2.359458e+02 
    0.000    8.540000  0.000000e+00  2.357682e+02 
    0.000    8.643000  0.000000e+00  2.355521e+02 
    0.000    8.746000  0.000000e+00  2.353553e+02 
    0.000    8.849000  0.000000e+00  2.351266e+02 
    0.000    8.952000  0.000000e+00  2.349201e+02 
    0.000    9.054000  0.000000e+00  2.347721e+02 
    0.000    9.157000  0.000000e+00  2.346161e+02 
    0.000    9.260000  0.000000e+00  2.344603e+02 
    0.000    9.363000  0.000000e+00  2.343029e+02 
    0.000    9.466000  0.000000e+00  2.341443e+02 
    0.000    9.569000  0.000000e+00  2.339943e+02 
    0.000    9.672000  0.000000e+00  2.338509e+02 
    0.000    9.775000  0.000000e+00  2.337141e+02 
    0.000    9.878000  0.000000e+00  2.335941e+02 
    0.000    9.980000  0.000000e+00  2.334891e+02 
    0.000   10.083000  0.000000e+00  2.333927e+02 
    0.000   10.186000  0.000000e+00  2.333004e+02 
    0.000   10.289000  0.000000e+00  2.332639e+02 
    0.000   10.392000  0.000000e+00  2.332247e+02 
    0.000   10.495000  0.000000e+00  2.331757e+02 
    0.000   10.598000  0.000000e+00  2.331208e+02 
    0.000   10.701000  0.000000e+00  2.330639e+02 
    0.000   10.804000  0.000000e+00  2.330065e+02 
    0.000   10.907000  0.000000e+00  2.329493e+02 
    0.000   11.009000  0.000000e+00  2.328910e+02 
    0.000   11.112000  0.000000e+00  2.328261e+02 
    0.000   11.215000  0.000000e+00  2.327573e+02 
    0.000   11.318000  0.000000e+00  2.326860e+02 
    0.000   11.421000  0.000000e+00  2.326103e+02 
    0.000   11.524000  0.000000e+00  2.325318e+02 
    0.000   11.627000  0.000000e+00  2.324524e+02 
    0.000   11.730000  0.000000e+00  2.323754e+02 
    0.000   11.833000  0.000000e+00  2.323006e+02 
    0.000   11.935000  0.000000e+00  2.322277e+02 
    0.000   12.038000  0.000000e+00  2.321554e+02 
    0.000   12.141000  0.000000e+00  2.320842e+02 
    0.000   12.244000  0.000000e+00  2.320141e+02 
    0.000   12.347000  0.000000e+00  2.319436e+02 
    0.000   12.450000  0.000000e+00  2.318728e+02 
    0.000   12.553000  0.000000e+00  2.318021e+02 
    0.000   12.656000  0.000000e+00  2.317308e+02 
    0.000   12.759000  0.000000e+00  2.316588e+02 
    0.000   12.861000  0.000000e+00  2.315871e+02 
    0.000   12.964000  0.000000e+00  2.315157e+02 
    0.000   13.067000  0.000000e+00  2.314460e+02 
    0.000   13.170000  0.000000e+00  2.313774e+02 
    0.000   13.273000  0.000000e+00  2.313107e+02 
    0.000   13.376000  0.000000e+00  2.312466e+02 
    0.000   13.479000  0.000000e+00  2.311846e+02 
    0.000   13.582000  0.000000e+00  2.311243e+02 
    0.000   13.685000  0.000000e+00  2.310664e+02 
    0.000   13.787000  0.000000e+00  2.310109e+02 
    0.000   13.890000  0.000000e+00  2.309564e+02 
    0.000   13.993000  0.000000e+00  2.309052e+02 
    0.000   14.096000  0.000000e+00  2.308569e+02 
    0.000   14.199000  0.000000e+00  2.308108e+02 
    0.000   14.302000  0.000000e+00  2.307673e+02 
    0.000   14.405000  0.000000e+00  2.307268e+02 
    0.000   14.508000  0.000000e+00  2.306885e+02 
    0.000   14.611000  0.000000e+00  2.306511e+02 
    0.000   14.713000  0.000000e+00  2.306134e+02 
    0.000   14.816000  0.000000e+00  2.305748e+02 
    0.000   14.919000  0.000000e+00  2.305365e+02 
    0.000   15.022000  0.000000e+00  2.304974e+02 
    0.000   15.125000  0.000000e+00  2.304578e+02 
    0.000   15.228000  0.000000e+00  2.304183e+02 
    0.000   15.331000  0.000000e+00  2.303795e+02 
    0.000   15.434000  0.000000e+00  2.303415e+02 
    0.000   15.537000  0.000000e+00  2.303043e+02 
    0.000   15.640000  0.000000e+00  2.302670e+02 
    0.000   15.742000  0.000000e+00  2.302273e+02 
    0.000   15.845000  0.000000e+00  2.301850e+02 
    0.000   15.948000  0.000000e+00  2.301416e+02 
    0.000   16.051001  0.000000e+00  2.300956e+02 
    0.000   16.153999  0.000000e+00  2.300469e+02 
    0.000   16.257000  0.000000e+00  2.299966e+02 
    0.000   16.360001  0.000000e+00  2.299459e+02 
    0.000   16.462999  0.000000e+00  2.298956e+02 
    0.000   16.566000  0.000000e+00  2.298456e+02 
    0.000   16.667999  0.000000e+00  2.297962e+02 
    0.000   16.771000  0.000000e+00  2.297489e+02 
    0.000   16.874001  0.000000e+00  2.297039e+02 
    0.000   16.976999  0.000000e+00  2.296605e+02 
    0.000   17.080000  0.000000e+00  2.296190e+02 
    0.000   17.183001  0.000000e+00  2.295800e+02 
    0.000   17.285999  0.000000e+00  2.295430e+02 
    0.000   17.389000  0.000000e+00  2.295073e+02 
    0.000   17.492001  0.000000e+00  2.294731e+02 
    0.000   17.594000  0.000000e+00  2.294404e+02 
    0.000   17.697001  0.000000e+00  2.294083e+02 
    0.000   17.799999  0.000000e+00  2.293768e+02 
    0.000   17.903000  0.000000e+00  2.293455e+02 
    0.000   18.006001  0.000000e+00  2.293143e+02 
    0.000   18.108999  0.000000e+00  2.292836e+02 
    0.000   18.212000  0.000000e+00  2.292529e+02 
    0.000   18.315001  0.000000e+00  2.292223e+02 
    0.000   18.417999  0.000000e+00  2.291919e+02 
    0.000   18.520000  0.000000e+00  2.291620e+02 
    0.000   18.622999  0.000000e+00  2.291324e+02 
    0.000   18.726000  0.000000e+00  2.291033e+02 
    0.000   18.829000  0.000000e+00  2.290745e+02 
    0.000   18.931999  0.000000e+00  2.290458e+02 
    0.000   19.035000  0.000000e+00  2.290165e+02 
    0.000   19.138000  0.000000e+00  2.289870e+02 
    0.000   19.240999  0.000000e+00  2.289574e+02 
    0.000   19.344000  0.000000e+00  2.289274e+02 
    0.000   19.445999  0.000000e+00  2.288970e+02 
    0.000   19.549000  0.000000e+00  2.288660e+02 
    0.000   19.652000  0.000000e+00  2.288349e+02 
    0.000   19.754999  0.000000e+00  2.288046e+02 
    0.000   19.858000  0.000000e+00  2.287753e+02 
    0.000   19.961000  0.000000e+00  2.287467e+02 
    0.000   20.063999  0.000000e+00  2.287186e+02 
    0.000   20.363001  0.000000e+00  2.286436e+02 
    0.000   20.858999  0.000000e+00  2.285327e+02 
    0.000   21.355000  0.000000e+00  2.284321e+02 
    0.000   21.850000  0.000000e+00  2.283422e+02 
    0.000   22.346001  0.000000e+00  2.282518e+02 
    0.000   22.842001  0.000000e+00  2.281622e+02 
    0.000   23.337999  0.000000e+00  2.280854e+02 
    0.000   23.833000  0.000000e+00  2.280268e+02 
    0.000   24.329000  0.000000e+00  2.279840e+02 
    0.000   24.825001  0.000000e+00  2.279525e+02 
    0.000   25.320999  0.000000e+00  2.279379e+02 
    0.000   25.816000  0.000000e+00  2.279355e+02 
    0.000   26.312000  0.000000e+00  2.279432e+02 
    0.000   26.808001  0.000000e+00  2.279605e+02 
    0.000   27.304001  0.000000e+00  2.279807e+02 
    0.000   27.799000  0.000000e+00  2.280013e+02 
    0.000   28.295000  0.000000e+00  2.280249e+02 
    0.000   28.791000  0.000000e+00  2.280553e+02 
    0.000   29.287001  0.000000e+00  2.280964e+02 
    0.000   29.782000  0.000000e+00  2.281462e+02 
    0.000   30.278000  0.000000e+00  2.282017e+02 
    0.000   30.774000  0.000000e+00  2.282562e+02 
    0.000   31.270000  0.000000e+00  2.283092e+02 
    0.000   31.764999  0.000000e+00  2.283612e+02 
    0.000   32.261002  0.000000e+00  2.284144e+02 
    0.000   32.757000  0.000000e+00  2.284700e+02 
    0.000   33.252998  0.000000e+00  2.285301e+02 
    0.000   33.748001  0.000000e+00  2.285944e+02 
    0.000   34.243999  0.000000e+00  2.286618e+02 
    0.000   34.740002  0.000000e+00  2.287271e+02 
    0.000   35.236000  0.000000e+00  2.287886e+02 
    0.000   35.730999  0.000000e+00  2.288455e+02 
    0.000   36.227001  0.000000e+00  2.288987e+02 
    0.000   36.723000  0.000000e+00  2.289479e+02 
    0.000   37.219002  0.000000e+00  2.289936e+02 
    0.000   37.714001  0.000000e+00  2.290378e+02 
    0.000   38.209999  0.000000e+00  2.290809e+02 
    0.000   38.706001  0.000000e+00  2.291246e+02 
    0.000   39.202000  0.000000e+00  2.291691e+02 
    0.000   39.698002  0.000000e+00  2.292161e+02 
    0.000   40.198002  0.000000e+00  2.292673e+02 
    0.000   45.198002  0.000000e+00  2.297181e+02 
    0.000   50.198002  0.000000e+00  2.299412e+02 
    0.000   55.198002  0.000000e+00  2.299406e+02 
    0.000   60.198002  0.000000e+00  2.298719e+02 
    0.000   65.197998  0.000000e+00  2.298198e+02 
