    0.000    0.000000  0.000000e+00  3.502552e+02 
    0.000    0.103000  0.000000e+00  3.498727e+02 
    0.000    0.206000  0.000000e+00  3.487157e+02 
    0.000    0.308000  0.000000e+00  3.470097e+02 
    0.000    0.411000  0.000000e+00  3.452709e+02 
    0.000    0.514000  0.000000e+00  3.436855e+02 
    0.000    0.617000  0.000000e+00  3.419509e+02 
    0.000    0.720000  0.000000e+00  3.401028e+02 
    0.000    0.823000  0.000000e+00  3.382233e+02 
    0.000    0.926000  0.000000e+00  3.362757e+02 
    0.000    1.029000  0.000000e+00  3.342457e+02 
    0.000    1.132000  0.000000e+00  3.320949e+02 
    0.000    1.234000  0.000000e+00  3.298213e+02 
    0.000    1.337000  0.000000e+00  3.274442e+02 
    0.000    1.440000  0.000000e+00  3.249983e+02 
    0.000    1.543000  0.000000e+00  3.224948e+02 
    0.000    1.646000  0.000000e+00  3.200047e+02 
    0.000    1.749000  0.000000e+00  3.175432e+02 
    0.000    1.852000  0.000000e+00  3.132129e+02 
    0.000    1.955000  0.000000e+00  3.092435e+02 
    0.000    2.058000  0.000000e+00  3.057639e+02 
    0.000    2.160000  0.000000e+00  3.027535e+02 
    0.000    2.263000  0.000000e+00  2.999557e+02 
    0.000    2.366000  0.000000e+00  2.972095e+02 
    0.000    2.469000  0.000000e+00  2.944991e+02 
    0.000    2.572000  0.000000e+00  2.918448e+02 
    0.000    2.675000  0.000000e+00  2.907366e+02 
    0.000    2.778000  0.000000e+00  2.895283e+02 
    0.000    2.881000  0.000000e+00  2.882833e+02 
    0.000    2.984000  0.000000e+00  2.870303e+02 
    0.000    3.086000  0.000000e+00  2.857761e+02 
    0.000    3.189000  0.000000e+00  2.845013e+02 
    0.000    3.292000  0.000000e+00  2.832234e+02 
    0.000    3.395000  0.000000e+00  2.819407e+02 
    0.000    3.498000  0.000000e+00  2.806378e+02 
    0.000    3.601000  0.000000e+00  2.790983e+02 
    0.000    3.704000  0.000000e+00  2.773913e+02 
    0.000    3.807000  0.000000e+00  2.755758e+02 
    0.000    3.910000  0.000000e+00  2.736580e+02 
    0.000    4.012000  0.000000e+00  2.717073e+02 
    0.000    4.115000  0.000000e+00  2.697487e+02 
    0.000    4.218000  0.000000e+00  2.677631e+02 
    0.000    4.321000  0.000000e+00  2.658916e+02 
    0.000    4.424000  0.000000e+00  2.640676e+02 
    0.000    4.527000  0.000000e+00  2.623616e+02 
    0.000    4.630000  0.000000e+00  2.607947e+02 
    0.000    4.733000  0.000000e+00  2.593519e+02 
    0.000    4.836000  0.000000e+00  2.580257e+02 
    0.000    4.938000  0.000000e+00  2.568436e+02 
    0.000    5.041000  0.000000e+00  2.557249e+02 
    0.000    5.144000  0.000000e+00  2.546281e+02 
    0.000    5.247000  0.000000e+00  2.535202e+02 
    0.000    5.350000  0.000000e+00  2.523962e+02 
    0.000    5.453000  0.000000e+00  2.512800e+02 
    0.000    5.556000  0.000000e+00  2.501633e+02 
    0.000    5.659000  0.000000e+00  2.490644e+02 
    0.000    5.762000  0.000000e+00  2.479546e+02 
    0.000    5.865000  0.000000e+00  2.468748e+02 
    0.000    5.967000  0.000000e+00  2.458222e+02 
    0.000    6.070000  0.000000e+00  2.447340e+02 
    0.000    6.173000  0.000000e+00  2.437063e+02 
    0.000    6.276000  0.000000e+00  2.428073e+02 
    0.000    6.379000  0.000000e+00  2.419258e+02 
    0.000    6.482000  0.000000e+00  2.410623e+02 
    0.000    6.585000  0.000000e+00  2.402183e+02 
    0.000    6.688000  0.000000e+00  2.393998e+02 
    0.000    6.791000  0.000000e+00  2.386030e+02 
    0.000    6.893000  0.000000e+00  2.378693e+02 
    0.000    6.996000  0.000000e+00  2.372147e+02 
    0.000    7.099000  0.000000e+00  2.366207e+02 
    0.000    7.202000  0.000000e+00  2.361008e+02 
    0.000    7.305000  0.000000e+00  2.356655e+02 
    0.000    7.408000  0.000000e+00  2.352813e+02 
    0.000    7.511000  0.000000e+00  2.350080e+02 
    0.000    7.614000  0.000000e+00  2.347869e+02 
    0.000    7.717000  0.000000e+00  2.345651e+02 
    0.000    7.819000  0.000000e+00  2.344301e+02 
    0.000    7.922000  0.000000e+00  2.342985e+02 
    0.000    8.025001  0.000000e+00  2.342052e+02 
    0.000    8.128000  0.000000e+00  2.341019e+02 
    0.000    8.231001  0.000000e+00  2.340244e+02 
    0.000    8.334001  0.000000e+00  2.339367e+02 
    0.000    8.437000  0.000000e+00  2.338099e+02 
    0.000    8.540000  0.000000e+00  2.336875e+02 
    0.000    8.643001  0.000000e+00  2.335479e+02 
    0.000    8.745001  0.000000e+00  2.334031e+02 
    0.000    8.848001  0.000000e+00  2.332491e+02 
    0.000    8.951000  0.000000e+00  2.330593e+02 
    0.000    9.054001  0.000000e+00  2.328492e+02 
    0.000    9.157001  0.000000e+00  2.326183e+02 
    0.000    9.260000  0.000000e+00  2.324029e+02 
    0.000    9.363001  0.000000e+00  2.321844e+02 
    0.000    9.466001  0.000000e+00  2.319673e+02 
    0.000    9.569000  0.000000e+00  2.317590e+02 
    0.000    9.671000  0.000000e+00  2.315583e+02 
    0.000    9.774000  0.000000e+00  2.313573e+02 
    0.000    9.877001  0.000000e+00  2.312884e+02 
    0.000    9.980000  0.000000e+00  2.312290e+02 
    0.000   10.083000  0.000000e+00  2.311768e+02 
    0.000   10.186001  0.000000e+00  2.311326e+02 
    0.000   10.289001  0.000000e+00  2.310946e+02 
    0.000   10.392000  0.000000e+00  2.310585e+02 
    0.000   10.495001  0.000000e+00  2.310182e+02 
    0.000   10.598001  0.000000e+00  2.309758e+02 
    0.000   10.700001  0.000000e+00  2.309319e+02 
    0.000   10.803000  0.000000e+00  2.308816e+02 
    0.000   10.906000  0.000000e+00  2.308275e+02 
    0.000   11.009001  0.000000e+00  2.307703e+02 
    0.000   11.112000  0.000000e+00  2.307056e+02 
    0.000   11.215000  0.000000e+00  2.306359e+02 
    0.000   11.318001  0.000000e+00  2.305631e+02 
    0.000   11.421000  0.000000e+00  2.304851e+02 
    0.000   11.524000  0.000000e+00  2.304035e+02 
    0.000   11.626000  0.000000e+00  2.303210e+02 
    0.000   11.729000  0.000000e+00  2.302398e+02 
    0.000   11.832001  0.000000e+00  2.301603e+02 
    0.000   11.935000  0.000000e+00  2.300818e+02 
    0.000   12.038000  0.000000e+00  2.300080e+02 
    0.000   12.141001  0.000000e+00  2.299382e+02 
    0.000   12.244000  0.000000e+00  2.298707e+02 
    0.000   12.347000  0.000000e+00  2.298033e+02 
    0.000   12.450001  0.000000e+00  2.297357e+02 
    0.000   12.552000  0.000000e+00  2.296692e+02 
    0.000   12.655001  0.000000e+00  2.296015e+02 
    0.000   12.758000  0.000000e+00  2.295331e+02 
    0.000   12.861000  0.000000e+00  2.294646e+02 
    0.000   12.964001  0.000000e+00  2.293961e+02 
    0.000   13.067000  0.000000e+00  2.293275e+02 
    0.000   13.170000  0.000000e+00  2.292591e+02 
    0.000   13.273001  0.000000e+00  2.291919e+02 
    0.000   13.376000  0.000000e+00  2.291273e+02 
    0.000   13.478001  0.000000e+00  2.290653e+02 
    0.000   13.581000  0.000000e+00  2.290044e+02 
    0.000   13.684000  0.000000e+00  2.289485e+02 
    0.000   13.787001  0.000000e+00  2.288965e+02 
    0.000   13.890000  0.000000e+00  2.288469e+02 
    0.000   13.993000  0.000000e+00  2.288018e+02 
    0.000   14.096001  0.000000e+00  2.287609e+02 
    0.000   14.199000  0.000000e+00  2.287227e+02 
    0.000   14.302000  0.000000e+00  2.286863e+02 
    0.000   14.404000  0.000000e+00  2.286513e+02 
    0.000   14.507000  0.000000e+00  2.286171e+02 
    0.000   14.610001  0.000000e+00  2.285827e+02 
    0.000   14.713000  0.000000e+00  2.285456e+02 
    0.000   14.816000  0.000000e+00  2.285066e+02 
    0.000   14.919001  0.000000e+00  2.284668e+02 
    0.000   15.022000  0.000000e+00  2.284257e+02 
    0.000   15.125000  0.000000e+00  2.283837e+02 
    0.000   15.228001  0.000000e+00  2.283412e+02 
    0.000   15.330001  0.000000e+00  2.282989e+02 
    0.000   15.433001  0.000000e+00  2.282563e+02 
    0.000   15.536000  0.000000e+00  2.282137e+02 
    0.000   15.639001  0.000000e+00  2.281709e+02 
    0.000   15.742001  0.000000e+00  2.281264e+02 
    0.000   15.845000  0.000000e+00  2.280807e+02 
    0.000   15.948001  0.000000e+00  2.280342e+02 
    0.000   16.050999  0.000000e+00  2.279875e+02 
    0.000   16.153999  0.000000e+00  2.279408e+02 
    0.000   16.257000  0.000000e+00  2.278939e+02 
    0.000   16.358999  0.000000e+00  2.278480e+02 
    0.000   16.462000  0.000000e+00  2.278030e+02 
    0.000   16.564999  0.000000e+00  2.277590e+02 
    0.000   16.667999  0.000000e+00  2.277157e+02 
    0.000   16.771000  0.000000e+00  2.276746e+02 
    0.000   16.873999  0.000000e+00  2.276353e+02 
    0.000   16.976999  0.000000e+00  2.275974e+02 
    0.000   17.080000  0.000000e+00  2.275606e+02 
    0.000   17.182999  0.000000e+00  2.275249e+02 
    0.000   17.285000  0.000000e+00  2.274903e+02 
    0.000   17.387999  0.000000e+00  2.274562e+02 
    0.000   17.490999  0.000000e+00  2.274222e+02 
    0.000   17.594000  0.000000e+00  2.273885e+02 
    0.000   17.696999  0.000000e+00  2.273550e+02 
    0.000   17.799999  0.000000e+00  2.273219e+02 
    0.000   17.903000  0.000000e+00  2.272891e+02 
    0.000   18.005999  0.000000e+00  2.272566e+02 
    0.000   18.108999  0.000000e+00  2.272246e+02 
    0.000   18.210999  0.000000e+00  2.271930e+02 
    0.000   18.313999  0.000000e+00  2.271612e+02 
    0.000   18.417000  0.000000e+00  2.271297e+02 
    0.000   18.519999  0.000000e+00  2.270984e+02 
    0.000   18.622999  0.000000e+00  2.270671e+02 
    0.000   18.726000  0.000000e+00  2.270358e+02 
    0.000   18.828999  0.000000e+00  2.270048e+02 
    0.000   18.931999  0.000000e+00  2.269736e+02 
    0.000   19.035000  0.000000e+00  2.269421e+02 
    0.000   19.136999  0.000000e+00  2.269108e+02 
    0.000   19.240000  0.000000e+00  2.268791e+02 
    0.000   19.343000  0.000000e+00  2.268483e+02 
    0.000   19.445999  0.000000e+00  2.268187e+02 
    0.000   19.549000  0.000000e+00  2.267900e+02 
    0.000   19.652000  0.000000e+00  2.267620e+02 
    0.000   19.754999  0.000000e+00  2.267356e+02 
    0.000   19.858000  0.000000e+00  2.267108e+02 
    0.000   19.960999  0.000000e+00  2.266872e+02 
    0.000   20.063999  0.000000e+00  2.266645e+02 
    0.000   20.362999  0.000000e+00  2.265984e+02 
    0.000   20.858999  0.000000e+00  2.264870e+02 
    0.000   21.354000  0.000000e+00  2.263870e+02 
    0.000   21.850000  0.000000e+00  2.262948e+02 
    0.000   22.345999  0.000000e+00  2.262038e+02 
    0.000   22.841999  0.000000e+00  2.261220e+02 
    0.000   23.337000  0.000000e+00  2.260509e+02 
    0.000   23.833000  0.000000e+00  2.259911e+02 
    0.000   24.328999  0.000000e+00  2.259474e+02 
    0.000   24.824999  0.000000e+00  2.259219e+02 
    0.000   25.320000  0.000000e+00  2.259078e+02 
    0.000   25.816000  0.000000e+00  2.259035e+02 
    0.000   26.312000  0.000000e+00  2.259154e+02 
    0.000   26.807999  0.000000e+00  2.259359e+02 
    0.000   27.302999  0.000000e+00  2.259576e+02 
    0.000   27.799000  0.000000e+00  2.259781e+02 
    0.000   28.295000  0.000000e+00  2.259994e+02 
    0.000   28.791000  0.000000e+00  2.260282e+02 
    0.000   29.285999  0.000000e+00  2.260710e+02 
    0.000   29.782000  0.000000e+00  2.261241e+02 
    0.000   30.278000  0.000000e+00  2.261827e+02 
    0.000   30.774000  0.000000e+00  2.262369e+02 
    0.000   31.268999  0.000000e+00  2.262869e+02 
    0.000   31.764999  0.000000e+00  2.263343e+02 
    0.000   32.260998  0.000000e+00  2.263852e+02 
    0.000   32.757000  0.000000e+00  2.264410e+02 
    0.000   33.251999  0.000000e+00  2.265030e+02 
    0.000   33.748001  0.000000e+00  2.265700e+02 
    0.000   34.243999  0.000000e+00  2.266399e+02 
    0.000   34.739998  0.000000e+00  2.267072e+02 
    0.000   35.235001  0.000000e+00  2.267704e+02 
    0.000   35.730999  0.000000e+00  2.268261e+02 
    0.000   36.227001  0.000000e+00  2.268755e+02 
    0.000   36.723000  0.000000e+00  2.269221e+02 
    0.000   37.217999  0.000000e+00  2.269664e+02 
    0.000   37.714001  0.000000e+00  2.270112e+02 
    0.000   38.209999  0.000000e+00  2.270563e+02 
    0.000   38.706001  0.000000e+00  2.271026e+02 
    0.000   39.201000  0.000000e+00  2.271498e+02 
    0.000   39.696999  0.000000e+00  2.271989e+02 
    0.000   40.196999  0.000000e+00  2.272504e+02 
    0.000   45.196999  0.000000e+00  2.277009e+02 
    0.000   50.196999  0.000000e+00  2.279222e+02 
    0.000   55.196999  0.000000e+00  2.279253e+02 
    0.000   60.196999  0.000000e+00  2.278561e+02 
    0.000   65.197006  0.000000e+00  2.278037e+02 
