    0.000    0.000000  0.000000e+00  3.510504e+02 
    0.000    0.103000  0.000000e+00  3.501268e+02 
    0.000    0.206000  0.000000e+00  3.488559e+02 
    0.000    0.309000  0.000000e+00  3.472529e+02 
    0.000    0.412000  0.000000e+00  3.459790e+02 
    0.000    0.514000  0.000000e+00  3.447451e+02 
    0.000    0.617000  0.000000e+00  3.434017e+02 
    0.000    0.720000  0.000000e+00  3.415508e+02 
    0.000    0.823000  0.000000e+00  3.397465e+02 
    0.000    0.926000  0.000000e+00  3.377586e+02 
    0.000    1.029000  0.000000e+00  3.356315e+02 
    0.000    1.132000  0.000000e+00  3.334740e+02 
    0.000    1.235000  0.000000e+00  3.312146e+02 
    0.000    1.338000  0.000000e+00  3.289075e+02 
    0.000    1.440000  0.000000e+00  3.266337e+02 
    0.000    1.543000  0.000000e+00  3.222278e+02 
    0.000    1.646000  0.000000e+00  3.184060e+02 
    0.000    1.749000  0.000000e+00  3.148525e+02 
    0.000    1.852000  0.000000e+00  3.114450e+02 
    0.000    1.955000  0.000000e+00  3.080769e+02 
    0.000    2.058000  0.000000e+00  3.048319e+02 
    0.000    2.161000  0.000000e+00  3.017964e+02 
    0.000    2.264000  0.000000e+00  2.989934e+02 
    0.000    2.366000  0.000000e+00  2.964333e+02 
    0.000    2.469000  0.000000e+00  2.954103e+02 
    0.000    2.572000  0.000000e+00  2.943140e+02 
    0.000    2.675000  0.000000e+00  2.931684e+02 
    0.000    2.778000  0.000000e+00  2.919646e+02 
    0.000    2.881000  0.000000e+00  2.907925e+02 
    0.000    2.984000  0.000000e+00  2.895956e+02 
    0.000    3.087000  0.000000e+00  2.883877e+02 
    0.000    3.190000  0.000000e+00  2.871775e+02 
    0.000    3.292000  0.000000e+00  2.859747e+02 
    0.000    3.395000  0.000000e+00  2.847588e+02 
    0.000    3.498000  0.000000e+00  2.835439e+02 
    0.000    3.601000  0.000000e+00  2.823276e+02 
    0.000    3.704000  0.000000e+00  2.811082e+02 
    0.000    3.807000  0.000000e+00  2.798933e+02 
    0.000    3.910000  0.000000e+00  2.786720e+02 
    0.000    4.013000  0.000000e+00  2.774555e+02 
    0.000    4.116000  0.000000e+00  2.762486e+02 
    0.000    4.218000  0.000000e+00  2.750598e+02 
    0.000    4.321000  0.000000e+00  2.738760e+02 
    0.000    4.424000  0.000000e+00  2.726981e+02 
    0.000    4.527000  0.000000e+00  2.715300e+02 
    0.000    4.630000  0.000000e+00  2.703746e+02 
    0.000    4.733000  0.000000e+00  2.692260e+02 
    0.000    4.836000  0.000000e+00  2.680907e+02 
    0.000    4.939000  0.000000e+00  2.669669e+02 
    0.000    5.042000  0.000000e+00  2.658548e+02 
    0.000    5.144000  0.000000e+00  2.647661e+02 
    0.000    5.247000  0.000000e+00  2.623851e+02 
    0.000    5.350000  0.000000e+00  2.608860e+02 
    0.000    5.453000  0.000000e+00  2.596770e+02 
    0.000    5.556000  0.000000e+00  2.585659e+02 
    0.000    5.659000  0.000000e+00  2.575122e+02 
    0.000    5.762000  0.000000e+00  2.564730e+02 
    0.000    5.865000  0.000000e+00  2.554314e+02 
    0.000    5.968000  0.000000e+00  2.544005e+02 
    0.000    6.070000  0.000000e+00  2.533835e+02 
    0.000    6.173000  0.000000e+00  2.523674e+02 
    0.000    6.276000  0.000000e+00  2.513258e+02 
    0.000    6.379000  0.000000e+00  2.504435e+02 
    0.000    6.482000  0.000000e+00  2.495851e+02 
    0.000    6.585000  0.000000e+00  2.487516e+02 
    0.000    6.688000  0.000000e+00  2.479575e+02 
    0.000    6.791000  0.000000e+00  2.471936e+02 
    0.000    6.894000  0.000000e+00  2.464956e+02 
    0.000    6.997000  0.000000e+00  2.458902e+02 
    0.000    7.099000  0.000000e+00  2.453544e+02 
    0.000    7.202000  0.000000e+00  2.449302e+02 
    0.000    7.305000  0.000000e+00  2.446118e+02 
    0.000    7.408000  0.000000e+00  2.443582e+02 
    0.000    7.511000  0.000000e+00  2.441945e+02 
    0.000    7.614000  0.000000e+00  2.440914e+02 
    0.000    7.717000  0.000000e+00  2.440139e+02 
    0.000    7.820000  0.000000e+00  2.439271e+02 
    0.000    7.923000  0.000000e+00  2.438369e+02 
    0.000    8.025001  0.000000e+00  2.437302e+02 
    0.000    8.128000  0.000000e+00  2.435859e+02 
    0.000    8.231000  0.000000e+00  2.434199e+02 
    0.000    8.334001  0.000000e+00  2.432435e+02 
    0.000    8.437000  0.000000e+00  2.430617e+02 
    0.000    8.540000  0.000000e+00  2.428767e+02 
    0.000    8.643001  0.000000e+00  2.426953e+02 
    0.000    8.746000  0.000000e+00  2.425176e+02 
    0.000    8.849000  0.000000e+00  2.423417e+02 
    0.000    8.951000  0.000000e+00  2.421785e+02 
    0.000    9.054000  0.000000e+00  2.420226e+02 
    0.000    9.157001  0.000000e+00  2.418736e+02 
    0.000    9.260000  0.000000e+00  2.417519e+02 
    0.000    9.363000  0.000000e+00  2.416501e+02 
    0.000    9.466001  0.000000e+00  2.415616e+02 
    0.000    9.569000  0.000000e+00  2.414906e+02 
    0.000    9.672000  0.000000e+00  2.414330e+02 
    0.000    9.775001  0.000000e+00  2.413820e+02 
    0.000    9.877000  0.000000e+00  2.413296e+02 
    0.000    9.980000  0.000000e+00  2.412763e+02 
    0.000   10.083000  0.000000e+00  2.412234e+02 
    0.000   10.186000  0.000000e+00  2.411685e+02 
    0.000   10.289001  0.000000e+00  2.411132e+02 
    0.000   10.392000  0.000000e+00  2.410618e+02 
    0.000   10.495000  0.000000e+00  2.410207e+02 
    0.000   10.598001  0.000000e+00  2.409874e+02 
    0.000   10.701000  0.000000e+00  2.409537e+02 
    0.000   10.803000  0.000000e+00  2.409059e+02 
    0.000   10.906000  0.000000e+00  2.408479e+02 
    0.000   11.009000  0.000000e+00  2.407839e+02 
    0.000   11.112000  0.000000e+00  2.407096e+02 
    0.000   11.215000  0.000000e+00  2.406284e+02 
    0.000   11.318000  0.000000e+00  2.405436e+02 
    0.000   11.421000  0.000000e+00  2.404562e+02 
    0.000   11.524000  0.000000e+00  2.403670e+02 
    0.000   11.627000  0.000000e+00  2.402769e+02 
    0.000   11.729000  0.000000e+00  2.401866e+02 
    0.000   11.832000  0.000000e+00  2.400949e+02 
    0.000   11.935000  0.000000e+00  2.400031e+02 
    0.000   12.038000  0.000000e+00  2.399147e+02 
    0.000   12.141000  0.000000e+00  2.398293e+02 
    0.000   12.244000  0.000000e+00  2.397458e+02 
    0.000   12.347000  0.000000e+00  2.396656e+02 
    0.000   12.450000  0.000000e+00  2.395886e+02 
    0.000   12.553000  0.000000e+00  2.395138e+02 
    0.000   12.656000  0.000000e+00  2.394424e+02 
    0.000   12.758000  0.000000e+00  2.393751e+02 
    0.000   12.861000  0.000000e+00  2.393096e+02 
    0.000   12.964000  0.000000e+00  2.392457e+02 
    0.000   13.067000  0.000000e+00  2.391824e+02 
    0.000   13.170000  0.000000e+00  2.391200e+02 
    0.000   13.273000  0.000000e+00  2.390578e+02 
    0.000   13.376000  0.000000e+00  2.389944e+02 
    0.000   13.479000  0.000000e+00  2.389304e+02 
    0.000   13.582000  0.000000e+00  2.388664e+02 
    0.000   13.684000  0.000000e+00  2.388032e+02 
    0.000   13.787000  0.000000e+00  2.387396e+02 
    0.000   13.890000  0.000000e+00  2.386765e+02 
    0.000   13.993000  0.000000e+00  2.386161e+02 
    0.000   14.096000  0.000000e+00  2.385584e+02 
    0.000   14.199000  0.000000e+00  2.385026e+02 
    0.000   14.302000  0.000000e+00  2.384498e+02 
    0.000   14.405000  0.000000e+00  2.384005e+02 
    0.000   14.508000  0.000000e+00  2.383539e+02 
    0.000   14.610001  0.000000e+00  2.383094e+02 
    0.000   14.713000  0.000000e+00  2.382651e+02 
    0.000   14.816000  0.000000e+00  2.382213e+02 
    0.000   14.919000  0.000000e+00  2.381784e+02 
    0.000   15.022000  0.000000e+00  2.381350e+02 
    0.000   15.125000  0.000000e+00  2.380911e+02 
    0.000   15.228000  0.000000e+00  2.380474e+02 
    0.000   15.331000  0.000000e+00  2.380038e+02 
    0.000   15.434000  0.000000e+00  2.379603e+02 
    0.000   15.536000  0.000000e+00  2.379175e+02 
    0.000   15.639000  0.000000e+00  2.378744e+02 
    0.000   15.742001  0.000000e+00  2.378303e+02 
    0.000   15.845000  0.000000e+00  2.377855e+02 
    0.000   15.948001  0.000000e+00  2.377404e+02 
    0.000   16.050999  0.000000e+00  2.376971e+02 
    0.000   16.153999  0.000000e+00  2.376557e+02 
    0.000   16.257000  0.000000e+00  2.376156e+02 
    0.000   16.359999  0.000000e+00  2.375767e+02 
    0.000   16.462000  0.000000e+00  2.375390e+02 
    0.000   16.564999  0.000000e+00  2.375018e+02 
    0.000   16.667999  0.000000e+00  2.374653e+02 
    0.000   16.771000  0.000000e+00  2.374268e+02 
    0.000   16.873999  0.000000e+00  2.373862e+02 
    0.000   16.976999  0.000000e+00  2.373445e+02 
    0.000   17.080000  0.000000e+00  2.373022e+02 
    0.000   17.182999  0.000000e+00  2.372597e+02 
    0.000   17.285999  0.000000e+00  2.372171e+02 
    0.000   17.389000  0.000000e+00  2.371743e+02 
    0.000   17.490999  0.000000e+00  2.371321e+02 
    0.000   17.594000  0.000000e+00  2.370897e+02 
    0.000   17.696999  0.000000e+00  2.370475e+02 
    0.000   17.799999  0.000000e+00  2.370056e+02 
    0.000   17.903000  0.000000e+00  2.369643e+02 
    0.000   18.005999  0.000000e+00  2.369235e+02 
    0.000   18.108999  0.000000e+00  2.368831e+02 
    0.000   18.212000  0.000000e+00  2.368443e+02 
    0.000   18.314999  0.000000e+00  2.368071e+02 
    0.000   18.417000  0.000000e+00  2.367715e+02 
    0.000   18.519999  0.000000e+00  2.367367e+02 
    0.000   18.622999  0.000000e+00  2.367033e+02 
    0.000   18.726000  0.000000e+00  2.366711e+02 
    0.000   18.828999  0.000000e+00  2.366399e+02 
    0.000   18.931999  0.000000e+00  2.366095e+02 
    0.000   19.035000  0.000000e+00  2.365798e+02 
    0.000   19.137999  0.000000e+00  2.365506e+02 
    0.000   19.240999  0.000000e+00  2.365220e+02 
    0.000   19.342999  0.000000e+00  2.364942e+02 
    0.000   19.445999  0.000000e+00  2.364665e+02 
    0.000   19.549000  0.000000e+00  2.364392e+02 
    0.000   19.651999  0.000000e+00  2.364125e+02 
    0.000   19.754999  0.000000e+00  2.363850e+02 
    0.000   19.858000  0.000000e+00  2.363567e+02 
    0.000   19.960999  0.000000e+00  2.363279e+02 
    0.000   20.063999  0.000000e+00  2.362989e+02 
    0.000   20.362999  0.000000e+00  2.362096e+02 
    0.000   20.858999  0.000000e+00  2.360673e+02 
    0.000   21.354000  0.000000e+00  2.359500e+02 
    0.000   21.849998  0.000000e+00  2.358537e+02 
    0.000   22.345999  0.000000e+00  2.357662e+02 
    0.000   22.841999  0.000000e+00  2.356822e+02 
    0.000   23.337999  0.000000e+00  2.355999e+02 
    0.000   23.832998  0.000000e+00  2.355257e+02 
    0.000   24.328999  0.000000e+00  2.354741e+02 
    0.000   24.824999  0.000000e+00  2.354498e+02 
    0.000   25.320999  0.000000e+00  2.354425e+02 
    0.000   25.816000  0.000000e+00  2.354387e+02 
    0.000   26.311998  0.000000e+00  2.354287e+02 
    0.000   26.807999  0.000000e+00  2.354272e+02 
    0.000   27.303999  0.000000e+00  2.354427e+02 
    0.000   27.799000  0.000000e+00  2.354698e+02 
    0.000   28.295000  0.000000e+00  2.355014e+02 
    0.000   28.790998  0.000000e+00  2.355404e+02 
    0.000   29.286999  0.000000e+00  2.355820e+02 
    0.000   29.782000  0.000000e+00  2.356262e+02 
    0.000   30.278000  0.000000e+00  2.356752e+02 
    0.000   30.773998  0.000000e+00  2.357321e+02 
    0.000   31.269999  0.000000e+00  2.357917e+02 
    0.000   31.764999  0.000000e+00  2.358493e+02 
    0.000   32.261002  0.000000e+00  2.359042e+02 
    0.000   32.757000  0.000000e+00  2.359575e+02 
    0.000   33.253002  0.000000e+00  2.360110e+02 
    0.000   33.748001  0.000000e+00  2.360663e+02 
    0.000   34.243999  0.000000e+00  2.361240e+02 
    0.000   34.740002  0.000000e+00  2.361857e+02 
    0.000   35.236000  0.000000e+00  2.362506e+02 
    0.000   35.731003  0.000000e+00  2.363134e+02 
    0.000   36.227001  0.000000e+00  2.363736e+02 
    0.000   36.723000  0.000000e+00  2.364268e+02 
    0.000   37.219002  0.000000e+00  2.364739e+02 
    0.000   37.714001  0.000000e+00  2.365174e+02 
    0.000   38.210003  0.000000e+00  2.365583e+02 
    0.000   38.706001  0.000000e+00  2.366001e+02 
    0.000   39.202000  0.000000e+00  2.366439e+02 
    0.000   39.697002  0.000000e+00  2.366901e+02 
    0.000   40.197002  0.000000e+00  2.367394e+02 
    0.000   45.197002  0.000000e+00  2.371857e+02 
    0.000   50.197002  0.000000e+00  2.374074e+02 
    0.000   55.197002  0.000000e+00  2.374021e+02 
    0.000   60.197002  0.000000e+00  2.373356e+02 
    0.000   65.196999  0.000000e+00  2.372828e+02 
