    0.000    0.000000  0.000000e+00  3.501796e+02 
    0.000    0.103000  0.000000e+00  3.497702e+02 
    0.000    0.206000  0.000000e+00  3.486856e+02 
    0.000    0.309000  0.000000e+00  3.470493e+02 
    0.000    0.412000  0.000000e+00  3.453524e+02 
    0.000    0.515000  0.000000e+00  3.438173e+02 
    0.000    0.618000  0.000000e+00  3.419435e+02 
    0.000    0.720000  0.000000e+00  3.397358e+02 
    0.000    0.823000  0.000000e+00  3.373690e+02 
    0.000    0.926000  0.000000e+00  3.348562e+02 
    0.000    1.029000  0.000000e+00  3.322542e+02 
    0.000    1.132000  0.000000e+00  3.295873e+02 
    0.000    1.235000  0.000000e+00  3.267350e+02 
    0.000    1.338000  0.000000e+00  3.238284e+02 
    0.000    1.441000  0.000000e+00  3.209004e+02 
    0.000    1.544000  0.000000e+00  3.179562e+02 
    0.000    1.646000  0.000000e+00  3.151073e+02 
    0.000    1.749000  0.000000e+00  3.136314e+02 
    0.000    1.852000  0.000000e+00  3.112834e+02 
    0.000    1.955000  0.000000e+00  3.085222e+02 
    0.000    2.058000  0.000000e+00  3.055029e+02 
    0.000    2.161000  0.000000e+00  3.024385e+02 
    0.000    2.264000  0.000000e+00  2.995525e+02 
    0.000    2.367000  0.000000e+00  2.933784e+02 
    0.000    2.470000  0.000000e+00  2.902427e+02 
    0.000    2.572000  0.000000e+00  2.873908e+02 
    0.000    2.675000  0.000000e+00  2.845085e+02 
    0.000    2.778000  0.000000e+00  2.814885e+02 
    0.000    2.881000  0.000000e+00  2.802218e+02 
    0.000    2.984000  0.000000e+00  2.786600e+02 
    0.000    3.087000  0.000000e+00  2.769538e+02 
    0.000    3.190000  0.000000e+00  2.751446e+02 
    0.000    3.293000  0.000000e+00  2.733054e+02 
    0.000    3.396000  0.000000e+00  2.714625e+02 
    0.000    3.499000  0.000000e+00  2.696137e+02 
    0.000    3.601000  0.000000e+00  2.677968e+02 
    0.000    3.704000  0.000000e+00  2.660085e+02 
    0.000    3.807000  0.000000e+00  2.642751e+02 
    0.000    3.910000  0.000000e+00  2.626219e+02 
    0.000    4.013000  0.000000e+00  2.609926e+02 
    0.000    4.116000  0.000000e+00  2.595476e+02 
    0.000    4.219000  0.000000e+00  2.581148e+02 
    0.000    4.322000  0.000000e+00  2.567130e+02 
    0.000    4.425000  0.000000e+00  2.553516e+02 
    0.000    4.527000  0.000000e+00  2.540616e+02 
    0.000    4.630000  0.000000e+00  2.528316e+02 
    0.000    4.733000  0.000000e+00  2.516671e+02 
    0.000    4.836000  0.000000e+00  2.505460e+02 
    0.000    4.939000  0.000000e+00  2.494198e+02 
    0.000    5.042000  0.000000e+00  2.482823e+02 
    0.000    5.145000  0.000000e+00  2.471519e+02 
    0.000    5.248000  0.000000e+00  2.459050e+02 
    0.000    5.351000  0.000000e+00  2.445955e+02 
    0.000    5.453000  0.000000e+00  2.432065e+02 
    0.000    5.556000  0.000000e+00  2.416304e+02 
    0.000    5.659000  0.000000e+00  2.398767e+02 
    0.000    5.762000  0.000000e+00  2.379125e+02 
    0.000    5.865000  0.000000e+00  2.357116e+02 
    0.000    5.968000  0.000000e+00  2.334109e+02 
    0.000    6.071000  0.000000e+00  2.312560e+02 
    0.000    6.174000  0.000000e+00  2.291313e+02 
    0.000    6.277000  0.000000e+00  2.277126e+02 
    0.000    6.379000  0.000000e+00  2.266452e+02 
    0.000    6.482000  0.000000e+00  2.256644e+02 
    0.000    6.585000  0.000000e+00  2.246813e+02 
    0.000    6.688000  0.000000e+00  2.237312e+02 
    0.000    6.791000  0.000000e+00  2.227930e+02 
    0.000    6.894000  0.000000e+00  2.219350e+02 
    0.000    6.997000  0.000000e+00  2.211575e+02 
    0.000    7.100000  0.000000e+00  2.204204e+02 
    0.000    7.203000  0.000000e+00  2.197888e+02 
    0.000    7.305000  0.000000e+00  2.192662e+02 
    0.000    7.408000  0.000000e+00  2.188020e+02 
    0.000    7.511000  0.000000e+00  2.184367e+02 
    0.000    7.614000  0.000000e+00  2.181389e+02 
    0.000    7.717000  0.000000e+00  2.178984e+02 
    0.000    7.820000  0.000000e+00  2.177081e+02 
    0.000    7.923000  0.000000e+00  2.175473e+02 
    0.000    8.026000  0.000000e+00  2.174062e+02 
    0.000    8.129000  0.000000e+00  2.172828e+02 
    0.000    8.231000  0.000000e+00  2.171756e+02 
    0.000    8.334000  0.000000e+00  2.170595e+02 
    0.000    8.436999  0.000000e+00  2.169295e+02 
    0.000    8.540000  0.000000e+00  2.167933e+02 
    0.000    8.643000  0.000000e+00  2.166455e+02 
    0.000    8.745999  0.000000e+00  2.164858e+02 
    0.000    8.849000  0.000000e+00  2.163225e+02 
    0.000    8.952000  0.000000e+00  2.161799e+02 
    0.000    9.054999  0.000000e+00  2.160377e+02 
    0.000    9.158000  0.000000e+00  2.158263e+02 
    0.000    9.259999  0.000000e+00  2.156223e+02 
    0.000    9.363000  0.000000e+00  2.154252e+02 
    0.000    9.466000  0.000000e+00  2.152315e+02 
    0.000    9.568999  0.000000e+00  2.150461e+02 
    0.000    9.672000  0.000000e+00  2.148669e+02 
    0.000    9.775000  0.000000e+00  2.146902e+02 
    0.000    9.877999  0.000000e+00  2.145181e+02 
    0.000    9.981000  0.000000e+00  2.143481e+02 
    0.000   10.084000  0.000000e+00  2.143121e+02 
    0.000   10.186000  0.000000e+00  2.142867e+02 
    0.000   10.289000  0.000000e+00  2.142685e+02 
    0.000   10.392000  0.000000e+00  2.142532e+02 
    0.000   10.495000  0.000000e+00  2.142340e+02 
    0.000   10.598000  0.000000e+00  2.142127e+02 
    0.000   10.701000  0.000000e+00  2.141890e+02 
    0.000   10.804000  0.000000e+00  2.141572e+02 
    0.000   10.907000  0.000000e+00  2.141202e+02 
    0.000   11.009999  0.000000e+00  2.140790e+02 
    0.000   11.112000  0.000000e+00  2.140302e+02 
    0.000   11.215000  0.000000e+00  2.139752e+02 
    0.000   11.318000  0.000000e+00  2.139166e+02 
    0.000   11.421000  0.000000e+00  2.138531e+02 
    0.000   11.524000  0.000000e+00  2.137862e+02 
    0.000   11.627000  0.000000e+00  2.137173e+02 
    0.000   11.730000  0.000000e+00  2.136492e+02 
    0.000   11.833000  0.000000e+00  2.135819e+02 
    0.000   11.936000  0.000000e+00  2.135148e+02 
    0.000   12.038000  0.000000e+00  2.134526e+02 
    0.000   12.141000  0.000000e+00  2.133933e+02 
    0.000   12.243999  0.000000e+00  2.133360e+02 
    0.000   12.347000  0.000000e+00  2.132788e+02 
    0.000   12.450000  0.000000e+00  2.132213e+02 
    0.000   12.552999  0.000000e+00  2.131641e+02 
    0.000   12.656000  0.000000e+00  2.131064e+02 
    0.000   12.759000  0.000000e+00  2.130480e+02 
    0.000   12.862000  0.000000e+00  2.129894e+02 
    0.000   12.964000  0.000000e+00  2.129311e+02 
    0.000   13.066999  0.000000e+00  2.128719e+02 
    0.000   13.170000  0.000000e+00  2.128126e+02 
    0.000   13.273000  0.000000e+00  2.127541e+02 
    0.000   13.375999  0.000000e+00  2.126976e+02 
    0.000   13.479000  0.000000e+00  2.126429e+02 
    0.000   13.582000  0.000000e+00  2.125896e+02 
    0.000   13.684999  0.000000e+00  2.125412e+02 
    0.000   13.788000  0.000000e+00  2.124967e+02 
    0.000   13.891000  0.000000e+00  2.124547e+02 
    0.000   13.993000  0.000000e+00  2.124174e+02 
    0.000   14.096000  0.000000e+00  2.123840e+02 
    0.000   14.198999  0.000000e+00  2.123533e+02 
    0.000   14.302000  0.000000e+00  2.123241e+02 
    0.000   14.405000  0.000000e+00  2.122954e+02 
    0.000   14.507999  0.000000e+00  2.122674e+02 
    0.000   14.611000  0.000000e+00  2.122392e+02 
    0.000   14.714000  0.000000e+00  2.122079e+02 
    0.000   14.816999  0.000000e+00  2.121745e+02 
    0.000   14.919000  0.000000e+00  2.121403e+02 
    0.000   15.021999  0.000000e+00  2.121042e+02 
    0.000   15.125000  0.000000e+00  2.120668e+02 
    0.000   15.228000  0.000000e+00  2.120287e+02 
    0.000   15.330999  0.000000e+00  2.119903e+02 
    0.000   15.434000  0.000000e+00  2.119519e+02 
    0.000   15.537000  0.000000e+00  2.119134e+02 
    0.000   15.639999  0.000000e+00  2.118747e+02 
    0.000   15.743000  0.000000e+00  2.118347e+02 
    0.000   15.844999  0.000000e+00  2.117941e+02 
    0.000   15.948000  0.000000e+00  2.117526e+02 
    0.000   16.051001  0.000000e+00  2.117111e+02 
    0.000   16.153999  0.000000e+00  2.116698e+02 
    0.000   16.257000  0.000000e+00  2.116288e+02 
    0.000   16.360001  0.000000e+00  2.115883e+02 
    0.000   16.462999  0.000000e+00  2.115492e+02 
    0.000   16.566000  0.000000e+00  2.115111e+02 
    0.000   16.669001  0.000000e+00  2.114737e+02 
    0.000   16.771000  0.000000e+00  2.114380e+02 
    0.000   16.874001  0.000000e+00  2.114030e+02 
    0.000   16.976999  0.000000e+00  2.113689e+02 
    0.000   17.080000  0.000000e+00  2.113355e+02 
    0.000   17.183001  0.000000e+00  2.113030e+02 
    0.000   17.285999  0.000000e+00  2.112711e+02 
    0.000   17.389000  0.000000e+00  2.112399e+02 
    0.000   17.492001  0.000000e+00  2.112092e+02 
    0.000   17.594999  0.000000e+00  2.111789e+02 
    0.000   17.697001  0.000000e+00  2.111493e+02 
    0.000   17.799999  0.000000e+00  2.111199e+02 
    0.000   17.903000  0.000000e+00  2.110909e+02 
    0.000   18.006001  0.000000e+00  2.110623e+02 
    0.000   18.108999  0.000000e+00  2.110342e+02 
    0.000   18.212000  0.000000e+00  2.110061e+02 
    0.000   18.315001  0.000000e+00  2.109781e+02 
    0.000   18.417999  0.000000e+00  2.109501e+02 
    0.000   18.521000  0.000000e+00  2.109223e+02 
    0.000   18.624001  0.000000e+00  2.108942e+02 
    0.000   18.726000  0.000000e+00  2.108664e+02 
    0.000   18.829000  0.000000e+00  2.108382e+02 
    0.000   18.931999  0.000000e+00  2.108100e+02 
    0.000   19.035000  0.000000e+00  2.107814e+02 
    0.000   19.138000  0.000000e+00  2.107528e+02 
    0.000   19.240999  0.000000e+00  2.107241e+02 
    0.000   19.344000  0.000000e+00  2.106965e+02 
    0.000   19.447001  0.000000e+00  2.106706e+02 
    0.000   19.549999  0.000000e+00  2.106458e+02 
    0.000   19.652000  0.000000e+00  2.106222e+02 
    0.000   19.754999  0.000000e+00  2.105998e+02 
    0.000   19.858000  0.000000e+00  2.105788e+02 
    0.000   19.961000  0.000000e+00  2.105590e+02 
    0.000   20.063999  0.000000e+00  2.105400e+02 
    0.000   20.362999  0.000000e+00  2.104827e+02 
    0.000   20.858999  0.000000e+00  2.103825e+02 
    0.000   21.355000  0.000000e+00  2.102927e+02 
    0.000   21.851000  0.000000e+00  2.102111e+02 
    0.000   22.346001  0.000000e+00  2.101314e+02 
    0.000   22.841999  0.000000e+00  2.100592e+02 
    0.000   23.337999  0.000000e+00  2.099947e+02 
    0.000   23.834000  0.000000e+00  2.099400e+02 
    0.000   24.329000  0.000000e+00  2.099021e+02 
    0.000   24.824999  0.000000e+00  2.098817e+02 
    0.000   25.320999  0.000000e+00  2.098707e+02 
    0.000   25.816999  0.000000e+00  2.098704e+02 
    0.000   26.312000  0.000000e+00  2.098863e+02 
    0.000   26.808001  0.000000e+00  2.099106e+02 
    0.000   27.303999  0.000000e+00  2.099353e+02 
    0.000   27.799999  0.000000e+00  2.099582e+02 
    0.000   28.295000  0.000000e+00  2.099817e+02 
    0.000   28.791000  0.000000e+00  2.100126e+02 
    0.000   29.287001  0.000000e+00  2.100574e+02 
    0.000   29.782999  0.000000e+00  2.101123e+02 
    0.000   30.278000  0.000000e+00  2.101717e+02 
    0.000   30.774000  0.000000e+00  2.102272e+02 
    0.000   31.270000  0.000000e+00  2.102786e+02 
    0.000   31.765999  0.000000e+00  2.103273e+02 
    0.000   32.261002  0.000000e+00  2.103789e+02 
    0.000   32.757000  0.000000e+00  2.104352e+02 
    0.000   33.253002  0.000000e+00  2.104979e+02 
    0.000   33.749001  0.000000e+00  2.105658e+02 
    0.000   34.244003  0.000000e+00  2.106369e+02 
    0.000   34.740002  0.000000e+00  2.107052e+02 
    0.000   35.236000  0.000000e+00  2.107692e+02 
    0.000   35.732002  0.000000e+00  2.108254e+02 
    0.000   36.227001  0.000000e+00  2.108749e+02 
    0.000   36.723003  0.000000e+00  2.109216e+02 
    0.000   37.219002  0.000000e+00  2.109664e+02 
    0.000   37.715000  0.000000e+00  2.110114e+02 
    0.000   38.210003  0.000000e+00  2.110567e+02 
    0.000   38.706001  0.000000e+00  2.111034e+02 
    0.000   39.202003  0.000000e+00  2.111515e+02 
    0.000   39.698002  0.000000e+00  2.112012e+02 
    0.000   40.198002  0.000000e+00  2.112528e+02 
    0.000   45.198002  0.000000e+00  2.117038e+02 
    0.000   50.198002  0.000000e+00  2.119260e+02 
    0.000   55.198002  0.000000e+00  2.119292e+02 
    0.000   60.198002  0.000000e+00  2.118601e+02 
    0.000   65.197998  0.000000e+00  2.118076e+02 
