    0.000    0.000000  0.000000e+00  3.510107e+02 
    0.000    0.103000  0.000000e+00  3.504054e+02 
    0.000    0.206000  0.000000e+00  3.490783e+02 
    0.000    0.309000  0.000000e+00  3.474704e+02 
    0.000    0.412000  0.000000e+00  3.459210e+02 
    0.000    0.515000  0.000000e+00  3.442793e+02 
    0.000    0.618000  0.000000e+00  3.425684e+02 
    0.000    0.721000  0.000000e+00  3.407986e+02 
    0.000    0.823000  0.000000e+00  3.389974e+02 
    0.000    0.926000  0.000000e+00  3.371083e+02 
    0.000    1.029000  0.000000e+00  3.350573e+02 
    0.000    1.132000  0.000000e+00  3.328426e+02 
    0.000    1.235000  0.000000e+00  3.306841e+02 
    0.000    1.338000  0.000000e+00  3.285321e+02 
    0.000    1.441000  0.000000e+00  3.263234e+02 
    0.000    1.544000  0.000000e+00  3.240508e+02 
    0.000    1.647000  0.000000e+00  3.217642e+02 
    0.000    1.749000  0.000000e+00  3.194778e+02 
    0.000    1.852000  0.000000e+00  3.179619e+02 
    0.000    1.955000  0.000000e+00  3.163973e+02 
    0.000    2.058000  0.000000e+00  3.017443e+02 
    0.000    2.161000  0.000000e+00  2.971144e+02 
    0.000    2.264000  0.000000e+00  2.963994e+02 
    0.000    2.367000  0.000000e+00  2.926618e+02 
    0.000    2.470000  0.000000e+00  2.894632e+02 
    0.000    2.573000  0.000000e+00  2.887205e+02 
    0.000    2.675000  0.000000e+00  2.877326e+02 
    0.000    2.778000  0.000000e+00  2.823398e+02 
    0.000    2.881000  0.000000e+00  2.790495e+02 
    0.000    2.984000  0.000000e+00  2.761129e+02 
    0.000    3.087000  0.000000e+00  2.735427e+02 
    0.000    3.190000  0.000000e+00  2.727107e+02 
    0.000    3.293000  0.000000e+00  2.717542e+02 
    0.000    3.396000  0.000000e+00  2.707164e+02 
    0.000    3.499000  0.000000e+00  2.696274e+02 
    0.000    3.601000  0.000000e+00  2.685060e+02 
    0.000    3.704000  0.000000e+00  2.673495e+02 
    0.000    3.807000  0.000000e+00  2.661873e+02 
    0.000    3.910000  0.000000e+00  2.650348e+02 
    0.000    4.013000  0.000000e+00  2.639069e+02 
    0.000    4.116000  0.000000e+00  2.627525e+02 
    0.000    4.219000  0.000000e+00  2.615661e+02 
    0.000    4.322000  0.000000e+00  2.602881e+02 
    0.000    4.425000  0.000000e+00  2.588637e+02 
    0.000    4.527000  0.000000e+00  2.572726e+02 
    0.000    4.630000  0.000000e+00  2.554926e+02 
    0.000    4.733000  0.000000e+00  2.536075e+02 
    0.000    4.836000  0.000000e+00  2.517320e+02 
    0.000    4.939000  0.000000e+00  2.499386e+02 
    0.000    5.042000  0.000000e+00  2.482718e+02 
    0.000    5.145000  0.000000e+00  2.467396e+02 
    0.000    5.248000  0.000000e+00  2.451322e+02 
    0.000    5.351000  0.000000e+00  2.432617e+02 
    0.000    5.453000  0.000000e+00  2.409155e+02 
    0.000    5.556000  0.000000e+00  2.380979e+02 
    0.000    5.659000  0.000000e+00  2.349681e+02 
    0.000    5.762000  0.000000e+00  2.318751e+02 
    0.000    5.865000  0.000000e+00  2.290101e+02 
    0.000    5.968000  0.000000e+00  2.266217e+02 
    0.000    6.071000  0.000000e+00  2.246989e+02 
    0.000    6.174000  0.000000e+00  2.231581e+02 
    0.000    6.277000  0.000000e+00  2.218777e+02 
    0.000    6.380000  0.000000e+00  2.207816e+02 
    0.000    6.482000  0.000000e+00  2.197779e+02 
    0.000    6.585000  0.000000e+00  2.189308e+02 
    0.000    6.688000  0.000000e+00  2.181025e+02 
    0.000    6.791000  0.000000e+00  2.172854e+02 
    0.000    6.894000  0.000000e+00  2.164994e+02 
    0.000    6.997000  0.000000e+00  2.157586e+02 
    0.000    7.100000  0.000000e+00  2.150457e+02 
    0.000    7.203000  0.000000e+00  2.144299e+02 
    0.000    7.306000  0.000000e+00  2.139386e+02 
    0.000    7.408000  0.000000e+00  2.134886e+02 
    0.000    7.511000  0.000000e+00  2.131292e+02 
    0.000    7.614000  0.000000e+00  2.128402e+02 
    0.000    7.717000  0.000000e+00  2.125402e+02 
    0.000    7.820000  0.000000e+00  2.122645e+02 
    0.000    7.923000  0.000000e+00  2.120113e+02 
    0.000    8.026000  0.000000e+00  2.117652e+02 
    0.000    8.129001  0.000000e+00  2.115340e+02 
    0.000    8.232000  0.000000e+00  2.112875e+02 
    0.000    8.334001  0.000000e+00  2.110726e+02 
    0.000    8.437000  0.000000e+00  2.108201e+02 
    0.000    8.540000  0.000000e+00  2.105940e+02 
    0.000    8.643001  0.000000e+00  2.103862e+02 
    0.000    8.746000  0.000000e+00  2.101562e+02 
    0.000    8.849000  0.000000e+00  2.099164e+02 
    0.000    8.952001  0.000000e+00  2.098394e+02 
    0.000    9.055000  0.000000e+00  2.097571e+02 
    0.000    9.158000  0.000000e+00  2.095906e+02 
    0.000    9.260000  0.000000e+00  2.094339e+02 
    0.000    9.363000  0.000000e+00  2.093578e+02 
    0.000    9.466001  0.000000e+00  2.092850e+02 
    0.000    9.569000  0.000000e+00  2.092227e+02 
    0.000    9.672000  0.000000e+00  2.091680e+02 
    0.000    9.775001  0.000000e+00  2.091209e+02 
    0.000    9.878000  0.000000e+00  2.090887e+02 
    0.000    9.981000  0.000000e+00  2.090673e+02 
    0.000   10.084001  0.000000e+00  2.090520e+02 
    0.000   10.186000  0.000000e+00  2.090404e+02 
    0.000   10.289001  0.000000e+00  2.090314e+02 
    0.000   10.392000  0.000000e+00  2.090212e+02 
    0.000   10.495000  0.000000e+00  2.090016e+02 
    0.000   10.598001  0.000000e+00  2.089760e+02 
    0.000   10.701000  0.000000e+00  2.089470e+02 
    0.000   10.804000  0.000000e+00  2.089139e+02 
    0.000   10.907001  0.000000e+00  2.088782e+02 
    0.000   11.010000  0.000000e+00  2.088397e+02 
    0.000   11.112000  0.000000e+00  2.087951e+02 
    0.000   11.215000  0.000000e+00  2.087455e+02 
    0.000   11.318000  0.000000e+00  2.086927e+02 
    0.000   11.421000  0.000000e+00  2.086338e+02 
    0.000   11.524000  0.000000e+00  2.085706e+02 
    0.000   11.627000  0.000000e+00  2.085054e+02 
    0.000   11.730000  0.000000e+00  2.084431e+02 
    0.000   11.833000  0.000000e+00  2.083831e+02 
    0.000   11.936000  0.000000e+00  2.083243e+02 
    0.000   12.039001  0.000000e+00  2.082679e+02 
    0.000   12.141001  0.000000e+00  2.082138e+02 
    0.000   12.244000  0.000000e+00  2.081604e+02 
    0.000   12.347000  0.000000e+00  2.081060e+02 
    0.000   12.450001  0.000000e+00  2.080505e+02 
    0.000   12.553000  0.000000e+00  2.079945e+02 
    0.000   12.656000  0.000000e+00  2.079372e+02 
    0.000   12.759000  0.000000e+00  2.078784e+02 
    0.000   12.862000  0.000000e+00  2.078188e+02 
    0.000   12.965000  0.000000e+00  2.077589e+02 
    0.000   13.067000  0.000000e+00  2.076996e+02 
    0.000   13.170000  0.000000e+00  2.076399e+02 
    0.000   13.273001  0.000000e+00  2.075814e+02 
    0.000   13.376000  0.000000e+00  2.075256e+02 
    0.000   13.479000  0.000000e+00  2.074721e+02 
    0.000   13.582001  0.000000e+00  2.074201e+02 
    0.000   13.685000  0.000000e+00  2.073721e+02 
    0.000   13.788000  0.000000e+00  2.073270e+02 
    0.000   13.891001  0.000000e+00  2.072840e+02 
    0.000   13.993000  0.000000e+00  2.072457e+02 
    0.000   14.096001  0.000000e+00  2.072110e+02 
    0.000   14.199000  0.000000e+00  2.071790e+02 
    0.000   14.302000  0.000000e+00  2.071495e+02 
    0.000   14.405001  0.000000e+00  2.071220e+02 
    0.000   14.508000  0.000000e+00  2.070964e+02 
    0.000   14.611000  0.000000e+00  2.070712e+02 
    0.000   14.714001  0.000000e+00  2.070439e+02 
    0.000   14.817000  0.000000e+00  2.070152e+02 
    0.000   14.919001  0.000000e+00  2.069863e+02 
    0.000   15.022000  0.000000e+00  2.069556e+02 
    0.000   15.125000  0.000000e+00  2.069236e+02 
    0.000   15.228001  0.000000e+00  2.068910e+02 
    0.000   15.331000  0.000000e+00  2.068581e+02 
    0.000   15.434000  0.000000e+00  2.068251e+02 
    0.000   15.537001  0.000000e+00  2.067919e+02 
    0.000   15.640000  0.000000e+00  2.067582e+02 
    0.000   15.743000  0.000000e+00  2.067212e+02 
    0.000   15.845000  0.000000e+00  2.066821e+02 
    0.000   15.948000  0.000000e+00  2.066412e+02 
    0.000   16.051001  0.000000e+00  2.065992e+02 
    0.000   16.154001  0.000000e+00  2.065562e+02 
    0.000   16.257000  0.000000e+00  2.065125e+02 
    0.000   16.360001  0.000000e+00  2.064689e+02 
    0.000   16.462999  0.000000e+00  2.064264e+02 
    0.000   16.566000  0.000000e+00  2.063846e+02 
    0.000   16.669001  0.000000e+00  2.063433e+02 
    0.000   16.771999  0.000000e+00  2.063046e+02 
    0.000   16.874001  0.000000e+00  2.062685e+02 
    0.000   16.977001  0.000000e+00  2.062335e+02 
    0.000   17.080000  0.000000e+00  2.062003e+02 
    0.000   17.183001  0.000000e+00  2.061692e+02 
    0.000   17.286001  0.000000e+00  2.061396e+02 
    0.000   17.389000  0.000000e+00  2.061114e+02 
    0.000   17.492001  0.000000e+00  2.060834e+02 
    0.000   17.595001  0.000000e+00  2.060556e+02 
    0.000   17.698000  0.000000e+00  2.060283e+02 
    0.000   17.800001  0.000000e+00  2.060014e+02 
    0.000   17.903000  0.000000e+00  2.059743e+02 
    0.000   18.006001  0.000000e+00  2.059475e+02 
    0.000   18.109001  0.000000e+00  2.059208e+02 
    0.000   18.212000  0.000000e+00  2.058944e+02 
    0.000   18.315001  0.000000e+00  2.058682e+02 
    0.000   18.418001  0.000000e+00  2.058423e+02 
    0.000   18.521000  0.000000e+00  2.058166e+02 
    0.000   18.624001  0.000000e+00  2.057909e+02 
    0.000   18.726000  0.000000e+00  2.057656e+02 
    0.000   18.829000  0.000000e+00  2.057403e+02 
    0.000   18.932001  0.000000e+00  2.057147e+02 
    0.000   19.035000  0.000000e+00  2.056885e+02 
    0.000   19.138000  0.000000e+00  2.056619e+02 
    0.000   19.241001  0.000000e+00  2.056352e+02 
    0.000   19.344000  0.000000e+00  2.056084e+02 
    0.000   19.447001  0.000000e+00  2.055819e+02 
    0.000   19.550001  0.000000e+00  2.055555e+02 
    0.000   19.652000  0.000000e+00  2.055294e+02 
    0.000   19.755001  0.000000e+00  2.055044e+02 
    0.000   19.858000  0.000000e+00  2.054806e+02 
    0.000   19.961000  0.000000e+00  2.054578e+02 
    0.000   20.064001  0.000000e+00  2.054357e+02 
    0.000   20.363001  0.000000e+00  2.053757e+02 
    0.000   20.859001  0.000000e+00  2.052818e+02 
    0.000   21.355000  0.000000e+00  2.051965e+02 
    0.000   21.851000  0.000000e+00  2.051192e+02 
    0.000   22.346001  0.000000e+00  2.050408e+02 
    0.000   22.842001  0.000000e+00  2.049651e+02 
    0.000   23.337999  0.000000e+00  2.049016e+02 
    0.000   23.834000  0.000000e+00  2.048518e+02 
    0.000   24.329000  0.000000e+00  2.048140e+02 
    0.000   24.825001  0.000000e+00  2.047920e+02 
    0.000   25.321001  0.000000e+00  2.047846e+02 
    0.000   25.816999  0.000000e+00  2.047854e+02 
    0.000   26.312000  0.000000e+00  2.047999e+02 
    0.000   26.808001  0.000000e+00  2.048232e+02 
    0.000   27.304001  0.000000e+00  2.048483e+02 
    0.000   27.800001  0.000000e+00  2.048727e+02 
    0.000   28.295000  0.000000e+00  2.048977e+02 
    0.000   28.791000  0.000000e+00  2.049290e+02 
    0.000   29.287001  0.000000e+00  2.049731e+02 
    0.000   29.783001  0.000000e+00  2.050271e+02 
    0.000   30.278000  0.000000e+00  2.050865e+02 
    0.000   30.774000  0.000000e+00  2.051429e+02 
    0.000   31.270000  0.000000e+00  2.051961e+02 
    0.000   31.766001  0.000000e+00  2.052469e+02 
    0.000   32.260998  0.000000e+00  2.052998e+02 
    0.000   32.757000  0.000000e+00  2.053565e+02 
    0.000   33.252998  0.000000e+00  2.054192e+02 
    0.000   33.748997  0.000000e+00  2.054864e+02 
    0.000   34.243999  0.000000e+00  2.055561e+02 
    0.000   34.739998  0.000000e+00  2.056232e+02 
    0.000   35.236000  0.000000e+00  2.056863e+02 
    0.000   35.731998  0.000000e+00  2.057434e+02 
    0.000   36.226997  0.000000e+00  2.057955e+02 
    0.000   36.723000  0.000000e+00  2.058438e+02 
    0.000   37.218998  0.000000e+00  2.058890e+02 
    0.000   37.715000  0.000000e+00  2.059338e+02 
    0.000   38.209999  0.000000e+00  2.059785e+02 
    0.000   38.705997  0.000000e+00  2.060239e+02 
    0.000   39.202000  0.000000e+00  2.060702e+02 
    0.000   39.697998  0.000000e+00  2.061185e+02 
    0.000   40.197998  0.000000e+00  2.061702e+02 
    0.000   45.197998  0.000000e+00  2.066232e+02 
    0.000   50.197998  0.000000e+00  2.068454e+02 
    0.000   55.197998  0.000000e+00  2.068471e+02 
    0.000   60.197998  0.000000e+00  2.067782e+02 
    0.000   65.198006  0.000000e+00  2.067259e+02 
