   68.121    0.000000  2.619304e-23  4.355821e+00 
   68.121    0.102000  2.634030e-23  4.425489e+00 
   68.121    0.205000  2.648783e-23  4.496812e+00 
   68.121    0.308000  2.663472e-23  4.568415e+00 
   68.121    0.411000  2.678141e-23  4.639950e+00 
   68.121    0.514000  5.250939e-23  7.681362e+00 
   68.121    0.617000  1.456954e-22  1.175274e+01 
   68.121    0.720000  5.462695e-22  1.666635e+01 
   68.121    0.823000  2.638692e-21  2.222342e+01 
   68.121    0.926000  1.649718e-20  2.849895e+01 
   68.121    1.028000  1.265293e-19  3.530069e+01 
   68.121    1.131000  1.203053e-18  4.265771e+01 
   68.121    1.234000  1.426316e-17  5.065556e+01 
   68.121    1.337000  2.076806e-16  5.925309e+01 
   68.121    1.440000  3.662792e-15  6.841492e+01 
   68.121    1.543000  7.724019e-14  7.811220e+01 
   68.121    1.646000  1.921637e-12  8.832053e+01 
   68.121    1.749000  5.753109e-11  9.917130e+01 
   68.121    1.852000  5.292358e-06  1.344627e+02 
   68.121    1.955000  2.139777e-05  1.400813e+02 
   68.121    2.057000  7.935786e-05  1.456315e+02 
   68.121    2.160000  2.903570e-04  1.514219e+02 
   68.121    2.263000  1.036998e-03  1.574543e+02 
   68.121    2.366000  3.159870e-03  1.630872e+02 
   68.121    2.469000  8.455209e-03  1.684412e+02 
   68.121    2.572000  3.494933e-02  1.770304e+02 
   68.121    2.675000  1.561681e-01  1.873015e+02 
   68.121    2.778000  8.789589e-01  2.016129e+02 
   68.121    2.881000  7.165486e+00  2.244501e+02 
   68.121    2.983000  1.067844e+01  2.292792e+02 
   68.121    3.086000  1.533817e+01  2.341153e+02 
   68.121    3.189000  2.142257e+01  2.389497e+02 
   68.121    3.292000  2.960545e+01  2.439831e+02 
   68.121    3.395000  3.952297e+01  2.487610e+02 
   68.121    3.498000  5.130618e+01  2.533171e+02 
   68.121    3.601000  6.689298e+01  2.581980e+02 
   68.121    3.704000  8.524281e+01  2.628536e+02 
   68.121    3.807000  1.083898e+02  2.676444e+02 
   68.121    3.909000  1.357556e+02  2.722589e+02 
   68.121    4.012000  1.629297e+02  2.760482e+02 
   68.121    4.115000  1.914471e+02  2.794304e+02 
   68.121    4.218000  2.184504e+02  2.821987e+02 
   68.121    4.321000  2.418023e+02  2.843186e+02 
   68.121    4.424000  2.627988e+02  2.860491e+02 
   68.121    4.527000  2.792964e+02  2.872976e+02 
   68.121    4.630000  2.899036e+02  2.880389e+02 
   68.121    4.733000  2.952950e+02  2.883768e+02 
   68.121    4.835000  2.986548e+02  2.885692e+02 
   68.121    4.938000  3.024008e+02  2.888007e+02 
   68.121    5.041000  3.063836e+02  2.890581e+02 
   68.121    5.144000  3.106312e+02  2.893418e+02 
   68.121    5.247000  3.145677e+02  2.896074e+02 
   68.121    5.350000  3.188415e+02  2.899029e+02 
   68.121    5.453000  3.230406e+02  2.901965e+02 
   68.121    5.556000  3.272741e+02  2.904954e+02 
   68.121    5.659000  3.314479e+02  2.907921e+02 
   68.121    5.761000  3.357254e+02  2.910980e+02 
   68.121    5.864000  3.398430e+02  2.913936e+02 
   68.121    5.967000  3.438832e+02  2.916848e+02 
   68.121    6.070000  3.478490e+02  2.919714e+02 
   68.121    6.173000  3.518371e+02  2.922594e+02 
   68.121    6.276000  3.557145e+02  2.925392e+02 
   68.121    6.379000  3.567463e+02  2.926271e+02 
   68.121    6.482000  3.577706e+02  2.927169e+02 
   68.121    6.585000  3.587913e+02  2.928079e+02 
   68.121    6.687000  3.598049e+02  2.928987e+02 
   68.121    6.790000  3.608331e+02  2.929909e+02 
   68.121    6.893000  3.618575e+02  2.930836e+02 
   68.121    6.996000  3.628655e+02  2.931766e+02 
   68.121    7.099000  3.638488e+02  2.932699e+02 
   68.121    7.202000  3.647921e+02  2.933633e+02 
   68.121    7.305000  3.656808e+02  2.934565e+02 
   68.121    7.408000  3.692960e+02  2.937417e+02 
   68.121    7.511000  3.730105e+02  2.940341e+02 
   68.121    7.614000  3.765641e+02  2.943174e+02 
   68.121    7.716000  3.802413e+02  2.946084e+02 
   68.121    7.819000  3.844514e+02  2.949324e+02 
   68.121    7.922000  3.886196e+02  2.952507e+02 
   68.121    8.025000  3.926235e+02  2.955552e+02 
   68.121    8.128000  3.971120e+02  2.958853e+02 
   68.121    8.231000  4.015932e+02  2.962095e+02 
   68.121    8.334000  4.061634e+02  2.965330e+02 
   68.121    8.437000  4.107699e+02  2.968520e+02 
   68.121    8.540000  4.152011e+02  2.971546e+02 
   68.121    8.642000  4.186012e+02  2.973935e+02 
   68.121    8.745000  4.227321e+02  2.976677e+02 
   68.121    8.848000  4.265423e+02  2.979189e+02 
   68.121    8.951000  4.276379e+02  2.980458e+02 
   68.121    9.054000  4.287018e+02  2.981682e+02 
   68.121    9.157000  4.297795e+02  2.982903e+02 
   68.121    9.260000  4.314398e+02  2.984647e+02 
   68.121    9.363000  4.330470e+02  2.986282e+02 
   68.121    9.466000  4.346413e+02  2.987882e+02 
   68.121    9.568000  4.362277e+02  2.989444e+02 
   68.121    9.671000  4.377886e+02  2.990992e+02 
   68.121    9.774000  4.393973e+02  2.992553e+02 
   68.121    9.877000  4.411881e+02  2.994242e+02 
   68.121    9.980000  4.416433e+02  2.994757e+02 
   68.121   10.083000  4.420931e+02  2.995258e+02 
   68.121   10.186000  4.425676e+02  2.995737e+02 
   68.121   10.289000  4.430329e+02  2.996203e+02 
   68.121   10.392000  4.434894e+02  2.996659e+02 
   68.121   10.494000  4.439337e+02  2.997100e+02 
   68.121   10.597000  4.443745e+02  2.997536e+02 
   68.121   10.700000  4.448081e+02  2.997964e+02 
   68.121   10.803000  4.452353e+02  2.998383e+02 
   68.121   10.906000  4.456563e+02  2.998796e+02 
   68.121   11.009000  4.460714e+02  2.999202e+02 
   68.121   11.112000  4.464815e+02  2.999603e+02 
   68.121   11.215000  4.468868e+02  2.999998e+02 
   68.121   11.318000  4.472871e+02  3.000389e+02 
   68.121   11.420000  4.476786e+02  3.000772e+02 
   68.121   11.523000  4.480688e+02  3.001155e+02 
   68.121   11.626000  4.484536e+02  3.001535e+02 
   68.121   11.729000  4.488330e+02  3.001911e+02 
   68.121   11.832000  4.492067e+02  3.002284e+02 
   68.121   11.935000  4.495748e+02  3.002654e+02 
   68.121   12.038000  4.499375e+02  3.003019e+02 
   68.121   12.141000  4.502949e+02  3.003381e+02 
   68.121   12.244000  4.506471e+02  3.003739e+02 
   68.121   12.346000  4.509910e+02  3.004088e+02 
   68.121   12.449000  4.513339e+02  3.004436e+02 
   68.121   12.552000  4.516721e+02  3.004779e+02 
   68.121   12.655000  4.520059e+02  3.005116e+02 
   68.121   12.758000  4.523352e+02  3.005448e+02 
   68.121   12.861000  4.526606e+02  3.005775e+02 
   68.121   12.964000  4.529821e+02  3.006095e+02 
   68.121   13.067000  4.533000e+02  3.006408e+02 
   68.121   13.170000  4.536142e+02  3.006716e+02 
   68.121   13.273000  4.539248e+02  3.007016e+02 
   68.121   13.375000  4.542291e+02  3.007305e+02 
   68.121   13.478000  4.545329e+02  3.007589e+02 
   68.121   13.581000  4.548334e+02  3.007864e+02 
   68.121   13.684000  4.551307e+02  3.008130e+02 
   68.121   13.787000  4.554250e+02  3.008387e+02 
   68.121   13.890000  4.557160e+02  3.008634e+02 
   68.121   13.993000  4.560040e+02  3.008873e+02 
   68.121   14.096000  4.562887e+02  3.009103e+02 
   68.121   14.199000  4.565703e+02  3.009325e+02 
   68.121   14.301000  4.568459e+02  3.009537e+02 
   68.121   14.404000  4.571208e+02  3.009746e+02 
   68.121   14.507000  4.573923e+02  3.009949e+02 
   68.121   14.610000  4.576605e+02  3.010147e+02 
   68.121   14.713000  4.579253e+02  3.010340e+02 
   68.121   14.816000  4.581869e+02  3.010529e+02 
   68.121   14.919000  4.584452e+02  3.010713e+02 
   68.121   15.022000  4.587003e+02  3.010892e+02 
   68.121   15.125000  4.589524e+02  3.011067e+02 
   68.121   15.227000  4.591989e+02  3.011237e+02 
   68.121   15.330000  4.594448e+02  3.011403e+02 
   68.121   15.433000  4.596876e+02  3.011566e+02 
   68.121   15.536000  4.599275e+02  3.011724e+02 
   68.121   15.639000  4.601643e+02  3.011879e+02 
   68.121   15.742000  4.603983e+02  3.012029e+02 
   68.121   15.845000  4.606295e+02  3.012176e+02 
   68.121   15.948000  4.608580e+02  3.012318e+02 
   68.121   16.051001  4.610840e+02  3.012457e+02 
   68.121   16.153000  4.613055e+02  3.012589e+02 
   68.121   16.256001  4.615267e+02  3.012718e+02 
   68.121   16.358999  4.617456e+02  3.012842e+02 
   68.121   16.462000  4.619623e+02  3.012961e+02 
   68.121   16.565001  4.621769e+02  3.013074e+02 
   68.121   16.667999  4.623894e+02  3.013182e+02 
   68.121   16.771000  4.626001e+02  3.013283e+02 
   68.121   16.874001  4.628091e+02  3.013376e+02 
   68.121   16.976999  4.630165e+02  3.013462e+02 
   68.121   17.079000  4.632205e+02  3.013539e+02 
   68.121   17.181999  4.634252e+02  3.013606e+02 
   68.121   17.285000  4.636287e+02  3.013665e+02 
   68.121   17.388000  4.638310e+02  3.013715e+02 
   68.121   17.490999  4.640319e+02  3.013756e+02 
   68.121   17.594000  4.642315e+02  3.013790e+02 
   68.121   17.697001  4.644297e+02  3.013817e+02 
   68.121   17.799999  4.646265e+02  3.013837e+02 
   68.121   17.903000  4.648216e+02  3.013851e+02 
   68.121   18.006001  4.650152e+02  3.013860e+02 
   68.121   18.108000  4.652053e+02  3.013864e+02 
   68.121   18.211000  4.653955e+02  3.013864e+02 
   68.121   18.313999  4.655843e+02  3.013858e+02 
   68.121   18.417000  4.657715e+02  3.013847e+02 
   68.121   18.520000  4.659571e+02  3.013832e+02 
   68.121   18.622999  4.661411e+02  3.013812e+02 
   68.121   18.726000  4.663237e+02  3.013787e+02 
   68.121   18.829000  4.665048e+02  3.013758e+02 
   68.121   18.931999  4.666844e+02  3.013724e+02 
   68.121   19.034000  4.668608e+02  3.013687e+02 
   68.121   19.136999  4.670376e+02  3.013645e+02 
   68.121   19.240000  4.672130e+02  3.013598e+02 
   68.121   19.343000  4.673872e+02  3.013548e+02 
   68.121   19.445999  4.675602e+02  3.013492e+02 
   68.121   19.549000  4.677318e+02  3.013433e+02 
   68.121   19.652000  4.679023e+02  3.013369e+02 
   68.121   19.754999  4.680715e+02  3.013301e+02 
   68.121   19.858000  4.682395e+02  3.013228e+02 
   68.121   19.959999  4.684046e+02  3.013153e+02 
   68.121   20.063000  4.685704e+02  3.013071e+02 
   68.121   20.363001  4.690473e+02  3.012806e+02 
   68.121   20.858000  4.698115e+02  3.012310e+02 
   68.121   21.354000  4.705491e+02  3.011744e+02 
   68.121   21.850000  4.712566e+02  3.011133e+02 
   68.121   22.346001  4.719265e+02  3.010529e+02 
   68.121   22.841000  4.725523e+02  3.009973e+02 
   68.121   23.337000  4.731364e+02  3.009473e+02 
   68.121   23.833000  4.736841e+02  3.009003e+02 
   68.121   24.329000  4.742011e+02  3.008542e+02 
   68.121   24.823999  4.746864e+02  3.008098e+02 
   68.121   25.320000  4.751402e+02  3.007682e+02 
   68.121   25.816000  4.755638e+02  3.007294e+02 
   68.121   26.312000  4.759602e+02  3.006926e+02 
   68.121   26.806999  4.763302e+02  3.006576e+02 
   68.121   27.302999  4.766765e+02  3.006243e+02 
   68.121   27.799000  4.770004e+02  3.005924e+02 
   68.121   28.295000  4.773040e+02  3.005616e+02 
   68.121   28.790001  4.775892e+02  3.005316e+02 
   68.121   29.285999  4.778592e+02  3.005019e+02 
   68.121   29.782000  4.781152e+02  3.004725e+02 
   68.121   30.278000  4.783587e+02  3.004434e+02 
   68.121   30.773001  4.785910e+02  3.004146e+02 
   68.121   31.268999  4.788146e+02  3.003862e+02 
   68.121   31.764999  4.790307e+02  3.003581e+02 
   68.121   32.261002  4.792414e+02  3.003303e+02 
   68.121   32.756001  4.794482e+02  3.003029e+02 
   68.121   33.251999  4.796537e+02  3.002761e+02 
   68.121   33.748001  4.798590e+02  3.002502e+02 
   68.121   34.243999  4.800653e+02  3.002255e+02 
   68.121   34.738998  4.802740e+02  3.002021e+02 
   68.121   35.235001  4.804870e+02  3.001802e+02 
   68.121   35.730999  4.807052e+02  3.001596e+02 
   68.121   36.227001  4.809289e+02  3.001404e+02 
   68.121   36.722000  4.811577e+02  3.001223e+02 
   68.121   37.217999  4.813924e+02  3.001055e+02 
   68.121   37.714001  4.816313e+02  3.000898e+02 
   68.121   38.209999  4.818737e+02  3.000752e+02 
   68.121   38.706001  4.821174e+02  3.000617e+02 
   68.121   39.201000  4.823604e+02  3.000494e+02 
   68.121   39.696999  4.826013e+02  3.000383e+02 
   68.121   40.196999  4.828363e+02  3.000294e+02 
   68.121   45.196999  4.846939e+02  2.999930e+02 
   68.121   50.196999  4.854014e+02  2.999891e+02 
   68.121   55.196999  4.856474e+02  2.999920e+02 
   68.121   60.196999  4.863712e+02  2.999954e+02 
   68.121   65.196999  4.875984e+02  2.999979e+02 
