   67.351    0.000000  0.000000e+00  2.185336e+00 
   67.351    0.103000  0.000000e+00  2.223979e+00 
   67.351    0.206000  0.000000e+00  2.262707e+00 
   67.351    0.309000  0.000000e+00  2.301325e+00 
   67.351    0.412000  0.000000e+00  2.339790e+00 
   67.351    0.515000  0.000000e+00  7.632649e+00 
   67.351    0.617000  0.000000e+00  1.507337e+01 
   67.351    0.720000  0.000000e+00  2.442713e+01 
   67.351    0.823000  0.000000e+00  3.549593e+01 
   67.351    0.926000  0.000000e+00  4.819139e+01 
   67.351    1.029000  0.000000e+00  6.243562e+01 
   67.351    1.132000  0.000000e+00  7.828214e+01 
   67.351    1.235000  3.729692e-39  9.569894e+01 
   67.351    1.338000  2.347417e-33  1.148094e+02 
   67.351    1.441000  3.832441e-27  1.357084e+02 
   67.351    1.543000  1.410347e-20  1.584899e+02 
   67.351    1.646000  1.499989e-13  1.839858e+02 
   67.351    1.749000  2.558087e-13  1.849008e+02 
   67.351    1.852000  2.241086e-09  2.013809e+02 
   67.351    1.955000  9.640768e-06  2.185639e+02 
   67.351    2.058000  8.610124e-03  2.377121e+02 
   67.351    2.161000  1.017476e+00  2.619313e+02 
   67.351    2.264000  1.038906e+00  2.617068e+02 
   67.351    2.367000  1.043949e+00  2.614375e+02 
   67.351    2.469000  1.048904e+00  2.612066e+02 
   67.351    2.572000  1.053859e+00  2.610038e+02 
   67.351    2.675000  1.058771e+00  2.608262e+02 
   67.351    2.778000  1.063650e+00  2.606697e+02 
   67.351    2.881000  1.068498e+00  2.605315e+02 
   67.351    2.984000  1.073318e+00  2.604092e+02 
   67.351    3.087000  1.078104e+00  2.603014e+02 
   67.351    3.190000  1.082859e+00  2.602065e+02 
   67.351    3.293000  1.087581e+00  2.601232e+02 
   67.351    3.395000  1.092225e+00  2.600511e+02 
   67.351    3.498000  1.096881e+00  2.599878e+02 
   67.351    3.601000  1.101512e+00  2.599329e+02 
   67.351    3.704000  1.106130e+00  2.598854e+02 
   67.351    3.807000  1.110735e+00  2.598446e+02 
   67.351    3.910000  1.115335e+00  2.598098e+02 
   67.351    4.013000  1.119933e+00  2.597805e+02 
   67.351    4.116000  1.124530e+00  2.597562e+02 
   67.351    4.219000  1.129129e+00  2.597365e+02 
   67.351    4.321000  1.133679e+00  2.597214e+02 
   67.351    4.424000  1.140899e+00  2.597313e+02 
   67.351    4.527000  1.162354e+00  2.598560e+02 
   67.351    4.630000  1.213150e+00  2.602029e+02 
   67.351    4.733000  1.315397e+00  2.609016e+02 
   67.351    4.836000  1.479195e+00  2.619478e+02 
   67.351    4.939000  1.699338e+00  2.632211e+02 
   67.351    5.042000  1.942290e+00  2.644819e+02 
   67.351    5.145000  2.168549e+00  2.655460e+02 
   67.351    5.247000  2.360935e+00  2.663817e+02 
   67.351    5.350000  2.542249e+00  2.671235e+02 
   67.351    5.453000  2.754879e+00  2.679516e+02 
   67.351    5.556000  3.024980e+00  2.689429e+02 
   67.351    5.659000  3.324241e+00  2.699658e+02 
   67.351    5.762000  3.615283e+00  2.708929e+02 
   67.351    5.865000  3.889680e+00  2.717144e+02 
   67.351    5.968000  4.197091e+00  2.725863e+02 
   67.351    6.071000  4.550912e+00  2.735336e+02 
   67.351    6.174000  5.024409e+00  2.747196e+02 
   67.351    6.276000  5.830581e+00  2.765548e+02 
   67.351    6.379000  7.361997e+00  2.795442e+02 
   67.351    6.482000  1.005645e+01  2.837646e+02 
   67.351    6.585000  1.463374e+01  2.892017e+02 
   67.351    6.688000  2.218726e+01  2.957446e+02 
   67.351    6.791000  3.359862e+01  3.028530e+02 
   67.351    6.894000  5.454233e+01  3.119261e+02 
   67.351    6.997000  8.772841e+01  3.216563e+02 
   67.351    7.100000  1.318569e+02  3.306317e+02 
   67.351    7.202000  2.320028e+02  3.437136e+02 
   67.351    7.305000  3.513734e+02  3.532438e+02 
   67.351    7.408000  4.007958e+02  3.560572e+02 
   67.351    7.511000  4.044584e+02  3.562254e+02 
   67.351    7.614000  4.074168e+02  3.563694e+02 
   67.351    7.717000  4.106185e+02  3.565331e+02 
   67.351    7.820000  4.140836e+02  3.567102e+02 
   67.351    7.923000  4.172593e+02  3.568726e+02 
   67.351    8.026000  4.204765e+02  3.570356e+02 
   67.351    8.128000  4.234649e+02  3.571854e+02 
   67.351    8.231000  4.265912e+02  3.573392e+02 
   67.351    8.334000  4.297620e+02  3.574932e+02 
   67.351    8.437000  4.328094e+02  3.576409e+02 
   67.351    8.540000  4.372428e+02  3.578438e+02 
   67.351    8.643000  4.404094e+02  3.579933e+02 
   67.351    8.746000  4.412993e+02  3.580578e+02 
   67.351    8.849000  4.424035e+02  3.581366e+02 
   67.351    8.952000  4.439018e+02  3.582384e+02 
   67.351    9.054000  4.459996e+02  3.583736e+02 
   67.351    9.157000  4.486756e+02  3.585390e+02 
   67.351    9.260000  4.510033e+02  3.586432e+02 
   67.351    9.363000  4.533388e+02  3.587451e+02 
   67.351    9.466000  4.550334e+02  3.588216e+02 
   67.351    9.569000  4.555269e+02  3.588530e+02 
   67.351    9.672000  4.560171e+02  3.588831e+02 
   67.351    9.775000  4.565011e+02  3.589120e+02 
   67.351    9.878000  4.569749e+02  3.589400e+02 
   67.351    9.980000  4.574333e+02  3.589669e+02 
   67.351   10.083000  4.578860e+02  3.589931e+02 
   67.351   10.186000  4.583609e+02  3.590173e+02 
   67.351   10.289000  4.588243e+02  3.590408e+02 
   67.351   10.392000  4.592785e+02  3.590638e+02 
   67.351   10.495000  4.597268e+02  3.590861e+02 
   67.351   10.598000  4.601695e+02  3.591078e+02 
   67.351   10.701000  4.606062e+02  3.591291e+02 
   67.351   10.804000  4.610363e+02  3.591501e+02 
   67.351   10.906000  4.614555e+02  3.591706e+02 
   67.351   11.009000  4.618727e+02  3.591910e+02 
   67.351   11.112000  4.622845e+02  3.592112e+02 
   67.351   11.215000  4.626909e+02  3.592313e+02 
   67.351   11.318000  4.630923e+02  3.592513e+02 
   67.351   11.421000  4.634886e+02  3.592711e+02 
   67.351   11.524000  4.638800e+02  3.592908e+02 
   67.351   11.627000  4.642664e+02  3.593103e+02 
   67.351   11.730000  4.646477e+02  3.593298e+02 
   67.351   11.832000  4.650204e+02  3.593488e+02 
   67.351   11.935000  4.653916e+02  3.593679e+02 
   67.351   12.038000  4.657578e+02  3.593867e+02 
   67.351   12.141000  4.661189e+02  3.594054e+02 
   67.351   12.244000  4.664751e+02  3.594239e+02 
   67.351   12.347000  4.668265e+02  3.594421e+02 
   67.351   12.450000  4.671731e+02  3.594602e+02 
   67.351   12.553000  4.675150e+02  3.594779e+02 
   67.351   12.656000  4.678521e+02  3.594954e+02 
   67.351   12.759000  4.681848e+02  3.595124e+02 
   67.351   12.861000  4.685100e+02  3.595289e+02 
   67.351   12.964000  4.688345e+02  3.595452e+02 
   67.351   13.067000  4.691551e+02  3.595608e+02 
   67.351   13.170000  4.694717e+02  3.595760e+02 
   67.351   13.273000  4.697847e+02  3.595906e+02 
   67.351   13.376000  4.700941e+02  3.596046e+02 
   67.351   13.479000  4.704000e+02  3.596181e+02 
   67.351   13.582000  4.707024e+02  3.596309e+02 
   67.351   13.685000  4.710013e+02  3.596432e+02 
   67.351   13.787000  4.712941e+02  3.596548e+02 
   67.351   13.890000  4.715863e+02  3.596658e+02 
   67.351   13.993000  4.718752e+02  3.596763e+02 
   67.351   14.096000  4.721609e+02  3.596861e+02 
   67.351   14.199000  4.724435e+02  3.596953e+02 
   67.351   14.302000  4.727228e+02  3.597040e+02 
   67.351   14.405000  4.729991e+02  3.597120e+02 
   67.351   14.508000  4.732722e+02  3.597195e+02 
   67.351   14.611000  4.735422e+02  3.597265e+02 
   67.351   14.713000  4.738065e+02  3.597330e+02 
   67.351   14.816000  4.740702e+02  3.597392e+02 
   67.351   14.919000  4.743307e+02  3.597450e+02 
   67.351   15.022000  4.745880e+02  3.597505e+02 
   67.351   15.125000  4.748422e+02  3.597557e+02 
   67.351   15.228000  4.750932e+02  3.597607e+02 
   67.351   15.331000  4.753412e+02  3.597654e+02 
   67.351   15.434000  4.755861e+02  3.597698e+02 
   67.351   15.537000  4.758280e+02  3.597740e+02 
   67.351   15.639000  4.760646e+02  3.597779e+02 
   67.351   15.742000  4.763006e+02  3.597815e+02 
   67.351   15.845000  4.765338e+02  3.597848e+02 
   67.351   15.948000  4.767642e+02  3.597878e+02 
   67.351   16.051001  4.769920e+02  3.597904e+02 
   67.351   16.153999  4.772174e+02  3.597927e+02 
   67.351   16.257000  4.774403e+02  3.597947e+02 
   67.351   16.360001  4.776609e+02  3.597964e+02 
   67.351   16.462999  4.778792e+02  3.597977e+02 
   67.351   16.565001  4.780931e+02  3.597986e+02 
   67.351   16.667999  4.783069e+02  3.597992e+02 
   67.351   16.771000  4.785188e+02  3.597994e+02 
   67.351   16.874001  4.787286e+02  3.597990e+02 
   67.351   16.976999  4.789366e+02  3.597982e+02 
   67.351   17.080000  4.791429e+02  3.597968e+02 
   67.351   17.183001  4.793477e+02  3.597947e+02 
   67.351   17.285999  4.795511e+02  3.597918e+02 
   67.351   17.389000  4.797531e+02  3.597882e+02 
   67.351   17.492001  4.799539e+02  3.597837e+02 
   67.351   17.594000  4.801516e+02  3.597785e+02 
   67.351   17.697001  4.803501e+02  3.597723e+02 
   67.351   17.799999  4.805473e+02  3.597655e+02 
   67.351   17.903000  4.807430e+02  3.597581e+02 
   67.351   18.006001  4.809373e+02  3.597500e+02 
   67.351   18.108999  4.811301e+02  3.597414e+02 
   67.351   18.212000  4.813212e+02  3.597324e+02 
   67.351   18.315001  4.815106e+02  3.597231e+02 
   67.351   18.417999  4.816982e+02  3.597133e+02 
   67.351   18.520000  4.818824e+02  3.597033e+02 
   67.351   18.622999  4.820669e+02  3.596928e+02 
   67.351   18.726000  4.822499e+02  3.596818e+02 
   67.351   18.829000  4.824315e+02  3.596704e+02 
   67.351   18.931999  4.826115e+02  3.596586e+02 
   67.351   19.035000  4.827902e+02  3.596463e+02 
   67.351   19.138000  4.829676e+02  3.596336e+02 
   67.351   19.240999  4.831438e+02  3.596205e+02 
   67.351   19.344000  4.833185e+02  3.596070e+02 
   67.351   19.445999  4.834903e+02  3.595933e+02 
   67.351   19.549000  4.836624e+02  3.595792e+02 
   67.351   19.652000  4.838332e+02  3.595647e+02 
   67.351   19.754999  4.840027e+02  3.595499e+02 
   67.351   19.858000  4.841708e+02  3.595349e+02 
   67.351   19.961000  4.843377e+02  3.595195e+02 
   67.351   20.063999  4.845036e+02  3.595036e+02 
   67.351   20.363001  4.849803e+02  3.594546e+02 
   67.351   20.858999  4.857484e+02  3.593680e+02 
   67.351   21.355000  4.864883e+02  3.592755e+02 
   67.351   21.850000  4.871997e+02  3.591780e+02 
   67.351   22.346001  4.878796e+02  3.590801e+02 
   67.351   22.842001  4.885204e+02  3.589874e+02 
   67.351   23.337999  4.891184e+02  3.589027e+02 
   67.351   23.833000  4.896747e+02  3.588255e+02 
   67.351   24.329000  4.901977e+02  3.587525e+02 
   67.351   24.825001  4.906896e+02  3.586826e+02 
   67.351   25.320999  4.911500e+02  3.586166e+02 
   67.351   25.816000  4.915787e+02  3.585554e+02 
   67.351   26.312000  4.919799e+02  3.584981e+02 
   67.351   26.808001  4.923555e+02  3.584438e+02 
   67.351   27.304001  4.927074e+02  3.583921e+02 
   67.351   27.799000  4.930351e+02  3.583434e+02 
   67.351   28.295000  4.933415e+02  3.582975e+02 
   67.351   28.791000  4.936288e+02  3.582535e+02 
   67.351   29.287001  4.939003e+02  3.582109e+02 
   67.351   29.782000  4.941576e+02  3.581693e+02 
   67.351   30.278000  4.944036e+02  3.581282e+02 
   67.351   30.774000  4.946394e+02  3.580879e+02 
   67.351   31.270000  4.948668e+02  3.580482e+02 
   67.351   31.764999  4.950869e+02  3.580093e+02 
   67.351   32.261002  4.953028e+02  3.579711e+02 
   67.351   32.757000  4.955158e+02  3.579338e+02 
   67.351   33.252998  4.957275e+02  3.578978e+02 
   67.351   33.748001  4.959392e+02  3.578634e+02 
   67.351   34.243999  4.961528e+02  3.578307e+02 
   67.351   34.740002  4.963697e+02  3.577999e+02 
   67.351   35.236000  4.965909e+02  3.577711e+02 
   67.351   35.730999  4.968169e+02  3.577441e+02 
   67.351   36.227001  4.970493e+02  3.577190e+02 
   67.351   36.723000  4.972875e+02  3.576954e+02 
   67.351   37.219002  4.975310e+02  3.576735e+02 
   67.351   37.714001  4.977782e+02  3.576531e+02 
   67.351   38.209999  4.980285e+02  3.576341e+02 
   67.351   38.706001  4.982795e+02  3.576165e+02 
   67.351   39.202000  4.985294e+02  3.576004e+02 
   67.351   39.696999  4.987754e+02  3.575858e+02 
   67.351   40.196999  4.990153e+02  3.575740e+02 
   67.351   45.196999  5.008941e+02  3.575204e+02 
   67.351   50.196999  5.016037e+02  3.575095e+02 
   67.351   55.196999  5.018547e+02  3.575093e+02 
   67.351   60.196999  5.026218e+02  3.575112e+02 
   67.351   65.196999  5.038618e+02  3.575130e+02 
