    0.000    0.000000  0.000000e+00  3.502142e+02 
    0.000    0.103000  0.000000e+00  3.497704e+02 
    0.000    0.206000  0.000000e+00  3.485837e+02 
    0.000    0.309000  0.000000e+00  3.470226e+02 
    0.000    0.412000  0.000000e+00  3.454455e+02 
    0.000    0.515000  0.000000e+00  3.438146e+02 
    0.000    0.617000  0.000000e+00  3.420558e+02 
    0.000    0.720000  0.000000e+00  3.402516e+02 
    0.000    0.823000  0.000000e+00  3.385460e+02 
    0.000    0.926000  0.000000e+00  3.368615e+02 
    0.000    1.029000  0.000000e+00  3.351320e+02 
    0.000    1.132000  0.000000e+00  3.333968e+02 
    0.000    1.235000  0.000000e+00  3.317717e+02 
    0.000    1.338000  0.000000e+00  3.301928e+02 
    0.000    1.441000  0.000000e+00  3.286080e+02 
    0.000    1.543000  0.000000e+00  3.270131e+02 
    0.000    1.646000  0.000000e+00  3.253962e+02 
    0.000    1.749000  0.000000e+00  3.238044e+02 
    0.000    1.852000  0.000000e+00  3.226005e+02 
    0.000    1.955000  0.000000e+00  3.071265e+02 
    0.000    2.058000  0.000000e+00  3.014946e+02 
    0.000    2.161000  0.000000e+00  2.983196e+02 
    0.000    2.264000  0.000000e+00  2.956891e+02 
    0.000    2.367000  0.000000e+00  2.929964e+02 
    0.000    2.469000  0.000000e+00  2.902863e+02 
    0.000    2.572000  0.000000e+00  2.875575e+02 
    0.000    2.675000  0.000000e+00  2.847704e+02 
    0.000    2.778000  0.000000e+00  2.818303e+02 
    0.000    2.881000  0.000000e+00  2.785152e+02 
    0.000    2.984000  0.000000e+00  2.776621e+02 
    0.000    3.087000  0.000000e+00  2.765878e+02 
    0.000    3.190000  0.000000e+00  2.753269e+02 
    0.000    3.293000  0.000000e+00  2.738984e+02 
    0.000    3.395000  0.000000e+00  2.724980e+02 
    0.000    3.498000  0.000000e+00  2.711342e+02 
    0.000    3.601000  0.000000e+00  2.698022e+02 
    0.000    3.704000  0.000000e+00  2.684626e+02 
    0.000    3.807000  0.000000e+00  2.670905e+02 
    0.000    3.910000  0.000000e+00  2.656312e+02 
    0.000    4.013000  0.000000e+00  2.640633e+02 
    0.000    4.116000  0.000000e+00  2.623946e+02 
    0.000    4.219000  0.000000e+00  2.606604e+02 
    0.000    4.321000  0.000000e+00  2.588778e+02 
    0.000    4.424000  0.000000e+00  2.570821e+02 
    0.000    4.527000  0.000000e+00  2.553484e+02 
    0.000    4.630000  0.000000e+00  2.537687e+02 
    0.000    4.733000  0.000000e+00  2.523557e+02 
    0.000    4.836000  0.000000e+00  2.510037e+02 
    0.000    4.939000  0.000000e+00  2.497227e+02 
    0.000    5.042000  0.000000e+00  2.485733e+02 
    0.000    5.145000  0.000000e+00  2.473991e+02 
    0.000    5.248000  0.000000e+00  2.462491e+02 
    0.000    5.350000  0.000000e+00  2.450993e+02 
    0.000    5.453000  0.000000e+00  2.439399e+02 
    0.000    5.556000  0.000000e+00  2.427652e+02 
    0.000    5.659000  0.000000e+00  2.416245e+02 
    0.000    5.762000  0.000000e+00  2.404960e+02 
    0.000    5.865000  0.000000e+00  2.393387e+02 
    0.000    5.968000  0.000000e+00  2.382135e+02 
    0.000    6.071000  0.000000e+00  2.370970e+02 
    0.000    6.174000  0.000000e+00  2.360379e+02 
    0.000    6.276000  0.000000e+00  2.351538e+02 
    0.000    6.379000  0.000000e+00  2.342754e+02 
    0.000    6.482000  0.000000e+00  2.334134e+02 
    0.000    6.585000  0.000000e+00  2.325697e+02 
    0.000    6.688000  0.000000e+00  2.317493e+02 
    0.000    6.791000  0.000000e+00  2.309497e+02 
    0.000    6.894000  0.000000e+00  2.301281e+02 
    0.000    6.997000  0.000000e+00  2.293543e+02 
    0.000    7.100000  0.000000e+00  2.286201e+02 
    0.000    7.202000  0.000000e+00  2.280010e+02 
    0.000    7.305000  0.000000e+00  2.274476e+02 
    0.000    7.408000  0.000000e+00  2.270097e+02 
    0.000    7.511000  0.000000e+00  2.266872e+02 
    0.000    7.614000  0.000000e+00  2.264363e+02 
    0.000    7.717000  0.000000e+00  2.262272e+02 
    0.000    7.820000  0.000000e+00  2.260626e+02 
    0.000    7.923000  0.000000e+00  2.259267e+02 
    0.000    8.026000  0.000000e+00  2.258124e+02 
    0.000    8.128000  0.000000e+00  2.257013e+02 
    0.000    8.231000  0.000000e+00  2.256131e+02 
    0.000    8.334000  0.000000e+00  2.255111e+02 
    0.000    8.437000  0.000000e+00  2.254005e+02 
    0.000    8.540000  0.000000e+00  2.252859e+02 
    0.000    8.643000  0.000000e+00  2.251433e+02 
    0.000    8.746000  0.000000e+00  2.249765e+02 
    0.000    8.849000  0.000000e+00  2.247973e+02 
    0.000    8.952000  0.000000e+00  2.246306e+02 
    0.000    9.054000  0.000000e+00  2.244420e+02 
    0.000    9.157000  0.000000e+00  2.242333e+02 
    0.000    9.260000  0.000000e+00  2.238882e+02 
    0.000    9.363000  0.000000e+00  2.236638e+02 
    0.000    9.466000  0.000000e+00  2.235011e+02 
    0.000    9.569000  0.000000e+00  2.234170e+02 
    0.000    9.672000  0.000000e+00  2.233400e+02 
    0.000    9.775000  0.000000e+00  2.232708e+02 
    0.000    9.878000  0.000000e+00  2.232167e+02 
    0.000    9.980000  0.000000e+00  2.231742e+02 
    0.000   10.083000  0.000000e+00  2.231383e+02 
    0.000   10.186000  0.000000e+00  2.231083e+02 
    0.000   10.289000  0.000000e+00  2.230829e+02 
    0.000   10.392000  0.000000e+00  2.230573e+02 
    0.000   10.495000  0.000000e+00  2.230235e+02 
    0.000   10.598000  0.000000e+00  2.229850e+02 
    0.000   10.701000  0.000000e+00  2.229431e+02 
    0.000   10.804000  0.000000e+00  2.228961e+02 
    0.000   10.907000  0.000000e+00  2.228456e+02 
    0.000   11.009000  0.000000e+00  2.227929e+02 
    0.000   11.112000  0.000000e+00  2.227346e+02 
    0.000   11.215000  0.000000e+00  2.226729e+02 
    0.000   11.318000  0.000000e+00  2.226087e+02 
    0.000   11.421000  0.000000e+00  2.225393e+02 
    0.000   11.524000  0.000000e+00  2.224663e+02 
    0.000   11.627000  0.000000e+00  2.223919e+02 
    0.000   11.730000  0.000000e+00  2.223197e+02 
    0.000   11.833000  0.000000e+00  2.222492e+02 
    0.000   11.935000  0.000000e+00  2.221804e+02 
    0.000   12.038000  0.000000e+00  2.221146e+02 
    0.000   12.141000  0.000000e+00  2.220518e+02 
    0.000   12.244000  0.000000e+00  2.219910e+02 
    0.000   12.347000  0.000000e+00  2.219292e+02 
    0.000   12.450000  0.000000e+00  2.218665e+02 
    0.000   12.553000  0.000000e+00  2.218036e+02 
    0.000   12.656000  0.000000e+00  2.217395e+02 
    0.000   12.759000  0.000000e+00  2.216741e+02 
    0.000   12.861000  0.000000e+00  2.216087e+02 
    0.000   12.964000  0.000000e+00  2.215424e+02 
    0.000   13.067000  0.000000e+00  2.214760e+02 
    0.000   13.170000  0.000000e+00  2.214097e+02 
    0.000   13.273000  0.000000e+00  2.213445e+02 
    0.000   13.376000  0.000000e+00  2.212820e+02 
    0.000   13.479000  0.000000e+00  2.212214e+02 
    0.000   13.582000  0.000000e+00  2.211626e+02 
    0.000   13.685000  0.000000e+00  2.211084e+02 
    0.000   13.787000  0.000000e+00  2.210583e+02 
    0.000   13.890000  0.000000e+00  2.210101e+02 
    0.000   13.993000  0.000000e+00  2.209669e+02 
    0.000   14.096000  0.000000e+00  2.209281e+02 
    0.000   14.199000  0.000000e+00  2.208924e+02 
    0.000   14.302000  0.000000e+00  2.208589e+02 
    0.000   14.405000  0.000000e+00  2.208271e+02 
    0.000   14.508000  0.000000e+00  2.207968e+02 
    0.000   14.611000  0.000000e+00  2.207669e+02 
    0.000   14.713000  0.000000e+00  2.207352e+02 
    0.000   14.816000  0.000000e+00  2.207018e+02 
    0.000   14.919000  0.000000e+00  2.206680e+02 
    0.000   15.022000  0.000000e+00  2.206323e+02 
    0.000   15.125000  0.000000e+00  2.205951e+02 
    0.000   15.228000  0.000000e+00  2.205572e+02 
    0.000   15.331000  0.000000e+00  2.205188e+02 
    0.000   15.434000  0.000000e+00  2.191990e+02 
    0.000   15.537000  0.000000e+00  2.191611e+02 
    0.000   15.640000  0.000000e+00  2.191224e+02 
    0.000   15.742000  0.000000e+00  2.190816e+02 
    0.000   15.845000  0.000000e+00  2.190384e+02 
    0.000   15.948000  0.000000e+00  2.189942e+02 
    0.000   16.051001  0.000000e+00  2.189492e+02 
    0.000   16.153999  0.000000e+00  2.189037e+02 
    0.000   16.257000  0.000000e+00  2.188578e+02 
    0.000   16.360001  0.000000e+00  2.188123e+02 
    0.000   16.462999  0.000000e+00  2.187683e+02 
    0.000   16.566000  0.000000e+00  2.187253e+02 
    0.000   16.667999  0.000000e+00  2.186834e+02 
    0.000   16.771000  0.000000e+00  2.186433e+02 
    0.000   16.874001  0.000000e+00  2.186053e+02 
    0.000   16.976999  0.000000e+00  2.185686e+02 
    0.000   17.080000  0.000000e+00  2.185333e+02 
    0.000   17.183001  0.000000e+00  2.184995e+02 
    0.000   17.285999  0.000000e+00  2.184669e+02 
    0.000   17.389000  0.000000e+00  2.184352e+02 
    0.000   17.492001  0.000000e+00  2.184040e+02 
    0.000   17.594000  0.000000e+00  2.183734e+02 
    0.000   17.697001  0.000000e+00  2.183430e+02 
    0.000   17.799999  0.000000e+00  2.183130e+02 
    0.000   17.903000  0.000000e+00  2.182834e+02 
    0.000   18.006001  0.000000e+00  2.182542e+02 
    0.000   18.108999  0.000000e+00  2.182254e+02 
    0.000   18.212000  0.000000e+00  2.181969e+02 
    0.000   18.315001  0.000000e+00  2.181686e+02 
    0.000   18.417999  0.000000e+00  2.181406e+02 
    0.000   18.520000  0.000000e+00  2.181131e+02 
    0.000   18.622999  0.000000e+00  2.180854e+02 
    0.000   18.726000  0.000000e+00  2.180578e+02 
    0.000   18.829000  0.000000e+00  2.180304e+02 
    0.000   18.931999  0.000000e+00  2.180027e+02 
    0.000   19.035000  0.000000e+00  2.179743e+02 
    0.000   19.138000  0.000000e+00  2.179455e+02 
    0.000   19.240999  0.000000e+00  2.179165e+02 
    0.000   19.344000  0.000000e+00  2.178877e+02 
    0.000   19.445999  0.000000e+00  2.178595e+02 
    0.000   19.549000  0.000000e+00  2.178315e+02 
    0.000   19.652000  0.000000e+00  2.178037e+02 
    0.000   19.754999  0.000000e+00  2.177775e+02 
    0.000   19.858000  0.000000e+00  2.177527e+02 
    0.000   19.961000  0.000000e+00  2.177292e+02 
    0.000   20.063999  0.000000e+00  2.177065e+02 
    0.000   20.363001  0.000000e+00  2.176432e+02 
    0.000   20.858999  0.000000e+00  2.175411e+02 
    0.000   21.355000  0.000000e+00  2.174486e+02 
    0.000   21.850000  0.000000e+00  2.173642e+02 
    0.000   22.346001  0.000000e+00  2.172800e+02 
    0.000   22.842001  0.000000e+00  2.172010e+02 
    0.000   23.337999  0.000000e+00  2.171339e+02 
    0.000   23.833000  0.000000e+00  2.170796e+02 
    0.000   24.329000  0.000000e+00  2.170375e+02 
    0.000   24.825001  0.000000e+00  2.170134e+02 
    0.000   25.320999  0.000000e+00  2.170031e+02 
    0.000   25.816000  0.000000e+00  2.170008e+02 
    0.000   26.312000  0.000000e+00  2.170136e+02 
    0.000   26.808001  0.000000e+00  2.170357e+02 
    0.000   27.304001  0.000000e+00  2.170594e+02 
    0.000   27.799000  0.000000e+00  2.170819e+02 
    0.000   28.295000  0.000000e+00  2.171051e+02 
    0.000   28.791000  0.000000e+00  2.171351e+02 
    0.000   29.287001  0.000000e+00  2.171782e+02 
    0.000   29.782000  0.000000e+00  2.172314e+02 
    0.000   30.278000  0.000000e+00  2.172904e+02 
    0.000   30.774000  0.000000e+00  2.173460e+02 
    0.000   31.270000  0.000000e+00  2.173980e+02 
    0.000   31.764999  0.000000e+00  2.174476e+02 
    0.000   32.261002  0.000000e+00  2.174996e+02 
    0.000   32.757000  0.000000e+00  2.175555e+02 
    0.000   33.252998  0.000000e+00  2.176176e+02 
    0.000   33.748001  0.000000e+00  2.176844e+02 
    0.000   34.243999  0.000000e+00  2.177542e+02 
    0.000   34.740002  0.000000e+00  2.178214e+02 
    0.000   35.236000  0.000000e+00  2.178844e+02 
    0.000   35.730999  0.000000e+00  2.179409e+02 
    0.000   36.227001  0.000000e+00  2.179921e+02 
    0.000   36.723000  0.000000e+00  2.180396e+02 
    0.000   37.219002  0.000000e+00  2.180843e+02 
    0.000   37.714001  0.000000e+00  2.181288e+02 
    0.000   38.209999  0.000000e+00  2.181736e+02 
    0.000   38.706001  0.000000e+00  2.182193e+02 
    0.000   39.202000  0.000000e+00  2.182659e+02 
    0.000   39.698002  0.000000e+00  2.183144e+02 
    0.000   40.198002  0.000000e+00  2.183660e+02 
    0.000   45.198002  0.000000e+00  2.188176e+02 
    0.000   50.198002  0.000000e+00  2.190394e+02 
    0.000   55.198002  0.000000e+00  2.190411e+02 
    0.000   60.198002  0.000000e+00  2.189721e+02 
    0.000   65.197998  0.000000e+00  2.189198e+02 
