   66.963    0.000000  4.798275e+01  2.842977e+01 
   66.963    0.103000  4.825396e+01  2.860987e+01 
   66.963    0.205000  4.852093e+01  2.881020e+01 
   66.963    0.308000  7.030066e+01  4.132432e+01 
   66.963    0.411000  7.434828e+01  4.422900e+01 
   66.963    0.514000  7.475827e+01  4.441901e+01 
   66.963    0.617000  7.516892e+01  4.462107e+01 
   66.963    0.720000  7.670844e+01  4.566045e+01 
   66.963    0.823000  7.841007e+01  4.680996e+01 
   66.963    0.926000  7.930999e+01  4.737543e+01 
   66.963    1.029000  8.055199e+01  4.818851e+01 
   66.963    1.131000  8.142035e+01  4.873285e+01 
   66.963    1.234000  8.267100e+01  4.954658e+01 
   66.963    1.337000  8.350368e+01  5.005906e+01 
   66.963    1.440000  8.394692e+01  5.029663e+01 
   66.963    1.543000  8.438902e+01  5.053761e+01 
   66.963    1.646000  8.497276e+01  5.083405e+01 
   66.963    1.749000  8.583218e+01  5.123379e+01 
   66.963    1.852000  1.068963e+02  6.044413e+01 
   66.963    1.955000  1.541404e+02  7.511762e+01 
   66.963    2.057000  3.018618e+02  9.950455e+01 
   66.963    2.160000  3.758171e+02  1.134677e+02 
   66.963    2.263000  3.776613e+02  1.135556e+02 
   66.963    2.366000  3.794858e+02  1.136735e+02 
   66.963    2.469000  3.812913e+02  1.138123e+02 
   66.963    2.572000  3.830785e+02  1.139672e+02 
   66.963    2.675000  3.848513e+02  1.141343e+02 
   66.963    2.778000  3.866151e+02  1.143110e+02 
   66.963    2.881000  3.883705e+02  1.144954e+02 
   66.963    2.983000  3.901016e+02  1.146845e+02 
   66.963    3.086000  3.918403e+02  1.148810e+02 
   66.963    3.189000  3.935679e+02  1.150825e+02 
   66.963    3.292000  3.952841e+02  1.152881e+02 
   66.963    3.395000  3.969893e+02  1.154973e+02 
   66.963    3.498000  3.986829e+02  1.157094e+02 
   66.963    3.601000  4.003701e+02  1.159237e+02 
   66.963    3.704000  4.020549e+02  1.161396e+02 
   66.963    3.807000  4.037366e+02  1.163569e+02 
   66.963    3.909000  4.053987e+02  1.165731e+02 
   66.963    4.012000  4.070724e+02  1.167922e+02 
   66.963    4.115000  4.087366e+02  1.170122e+02 
   66.963    4.218000  4.103849e+02  1.172329e+02 
   66.963    4.321000  4.120131e+02  1.174544e+02 
   66.963    4.424000  4.136169e+02  1.176763e+02 
   66.963    4.527000  4.151926e+02  1.178985e+02 
   66.963    4.630000  4.167413e+02  1.181205e+02 
   66.963    4.733000  4.182646e+02  1.183421e+02 
   66.963    4.835000  4.197448e+02  1.185611e+02 
   66.963    4.938000  4.212119e+02  1.187816e+02 
   66.963    5.041000  4.226527e+02  1.190013e+02 
   66.963    5.144000  4.240650e+02  1.192200e+02 
   66.963    5.247000  4.254499e+02  1.194377e+02 
   66.963    5.350000  4.268076e+02  1.196543e+02 
   66.963    5.453000  4.281381e+02  1.198697e+02 
   66.963    5.556000  4.294435e+02  1.200838e+02 
   66.963    5.659000  4.307237e+02  1.202965e+02 
   66.963    5.761000  4.319676e+02  1.205058e+02 
   66.963    5.864000  4.332020e+02  1.207156e+02 
   66.963    5.967000  4.344154e+02  1.209238e+02 
   66.963    6.070000  4.356131e+02  1.211304e+02 
   66.963    6.173000  4.368030e+02  1.213350e+02 
   66.963    6.276000  4.379867e+02  1.215378e+02 
   66.963    6.379000  4.391659e+02  1.217385e+02 
   66.963    6.482000  4.403416e+02  1.219372e+02 
   66.963    6.585000  4.415160e+02  1.221338e+02 
   66.963    6.688000  4.426917e+02  1.223282e+02 
   66.963    6.790000  4.438573e+02  1.225184e+02 
   66.963    6.893000  4.450239e+02  1.227083e+02 
   66.963    6.996000  4.461649e+02  1.228960e+02 
   66.963    7.099000  4.472702e+02  1.230815e+02 
   66.963    7.202000  4.483197e+02  1.232647e+02 
   66.963    7.305000  4.492958e+02  1.234454e+02 
   66.963    7.408000  4.501977e+02  1.236235e+02 
   66.963    7.511000  4.510309e+02  1.237988e+02 
   66.963    7.614000  4.517941e+02  1.239713e+02 
   66.963    7.716000  4.524992e+02  1.241395e+02 
   66.963    7.819000  4.531918e+02  1.243066e+02 
   66.963    7.922000  4.538709e+02  1.244712e+02 
   66.963    8.025000  4.545403e+02  1.246334e+02 
   66.963    8.128000  4.552051e+02  1.247932e+02 
   66.963    8.231000  4.558653e+02  1.249509e+02 
   66.963    8.334000  4.565157e+02  1.251062e+02 
   66.963    8.437000  4.571509e+02  1.252590e+02 
   66.963    8.540000  4.577711e+02  1.254094e+02 
   66.963    8.642000  4.583735e+02  1.255559e+02 
   66.963    8.745000  4.589719e+02  1.257012e+02 
   66.963    8.848000  4.595604e+02  1.258440e+02 
   66.963    8.951000  4.601395e+02  1.259841e+02 
   66.963    9.054000  4.607077e+02  1.261215e+02 
   66.963    9.157000  4.612640e+02  1.262564e+02 
   66.963    9.260000  4.618085e+02  1.263886e+02 
   66.963    9.363000  4.623414e+02  1.265182e+02 
   66.963    9.466000  4.628624e+02  1.266452e+02 
   66.963    9.568000  4.633669e+02  1.267687e+02 
   66.963    9.671000  4.638649e+02  1.268911e+02 
   66.963    9.774000  4.643511e+02  1.270112e+02 
   66.963    9.877000  4.648250e+02  1.271291e+02 
   66.963    9.980000  4.652863e+02  1.272449e+02 
   66.963   10.083000  4.657698e+02  1.273581e+02 
   66.963   10.186000  4.662453e+02  1.274693e+02 
   66.963   10.289000  4.667135e+02  1.275785e+02 
   66.963   10.392000  4.671745e+02  1.276859e+02 
   66.963   10.493999  4.676243e+02  1.277903e+02 
   66.963   10.597000  4.680716e+02  1.278939e+02 
   66.963   10.700000  4.685117e+02  1.279958e+02 
   66.963   10.802999  4.689442e+02  1.280960e+02 
   66.963   10.906000  4.693694e+02  1.281947e+02 
   66.963   11.009000  4.697881e+02  1.282920e+02 
   66.963   11.112000  4.702020e+02  1.283878e+02 
   66.963   11.215000  4.706115e+02  1.284824e+02 
   66.963   11.318000  4.710163e+02  1.285756e+02 
   66.963   11.420000  4.714124e+02  1.286667e+02 
   66.963   11.523000  4.718076e+02  1.287574e+02 
   66.963   11.625999  4.721976e+02  1.288469e+02 
   66.963   11.729000  4.725824e+02  1.289352e+02 
   66.963   11.832000  4.729618e+02  1.290224e+02 
   66.963   11.934999  4.733357e+02  1.291084e+02 
   66.963   12.038000  4.737043e+02  1.291932e+02 
   66.963   12.141000  4.740678e+02  1.292769e+02 
   66.963   12.243999  4.744260e+02  1.293594e+02 
   66.963   12.347000  4.747792e+02  1.294408e+02 
   66.963   12.449000  4.751241e+02  1.295202e+02 
   66.963   12.552000  4.754675e+02  1.295993e+02 
   66.963   12.655000  4.758060e+02  1.296772e+02 
   66.963   12.757999  4.761399e+02  1.297538e+02 
   66.963   12.861000  4.764695e+02  1.298293e+02 
   66.963   12.964000  4.767949e+02  1.299035e+02 
   66.963   13.066999  4.771165e+02  1.299765e+02 
   66.963   13.170000  4.774342e+02  1.300483e+02 
   66.963   13.273000  4.777481e+02  1.301189e+02 
   66.963   13.375000  4.780554e+02  1.301876e+02 
   66.963   13.478000  4.783620e+02  1.302558e+02 
   66.963   13.581000  4.786651e+02  1.303229e+02 
   66.963   13.684000  4.789647e+02  1.303887e+02 
   66.963   13.787000  4.792609e+02  1.304534e+02 
   66.963   13.890000  4.795538e+02  1.305169e+02 
   66.963   13.993000  4.798434e+02  1.305793e+02 
   66.963   14.096000  4.801299e+02  1.306405e+02 
   66.963   14.199000  4.804131e+02  1.307005e+02 
   66.963   14.301000  4.806906e+02  1.307588e+02 
   66.963   14.404000  4.809676e+02  1.308165e+02 
   66.963   14.507000  4.812416e+02  1.308731e+02 
   66.963   14.610000  4.815124e+02  1.309286e+02 
   66.963   14.713000  4.817801e+02  1.309832e+02 
   66.963   14.816000  4.820447e+02  1.310367e+02 
   66.963   14.919000  4.823062e+02  1.310893e+02 
   66.963   15.022000  4.825645e+02  1.311409e+02 
   66.963   15.125000  4.828196e+02  1.311917e+02 
   66.963   15.227000  4.830692e+02  1.312411e+02 
   66.963   15.330000  4.833181e+02  1.312902e+02 
   66.963   15.433000  4.835640e+02  1.313384e+02 
   66.963   15.536000  4.838070e+02  1.313858e+02 
   66.963   15.639000  4.840469e+02  1.314324e+02 
   66.963   15.742000  4.842840e+02  1.314782e+02 
   66.963   15.845000  4.845182e+02  1.315232e+02 
   66.963   15.947999  4.847497e+02  1.315674e+02 
   66.963   16.051001  4.849787e+02  1.316108e+02 
   66.963   16.153002  4.852030e+02  1.316530e+02 
   66.963   16.256001  4.854271e+02  1.316948e+02 
   66.963   16.359001  4.856488e+02  1.317357e+02 
   66.963   16.462000  4.858682e+02  1.317759e+02 
   66.963   16.565001  4.860852e+02  1.318153e+02 
   66.963   16.668001  4.863000e+02  1.318540e+02 
   66.963   16.771000  4.865127e+02  1.318918e+02 
   66.963   16.874001  4.867234e+02  1.319289e+02 
   66.963   16.977001  4.869321e+02  1.319652e+02 
   66.963   17.080000  4.871391e+02  1.320006e+02 
   66.963   17.182001  4.873425e+02  1.320349e+02 
   66.963   17.285002  4.875465e+02  1.320686e+02 
   66.963   17.388000  4.877490e+02  1.321013e+02 
   66.963   17.491001  4.879503e+02  1.321332e+02 
   66.963   17.594002  4.881505e+02  1.321642e+02 
   66.963   17.697001  4.883494e+02  1.321943e+02 
   66.963   17.800001  4.885471e+02  1.322234e+02 
   66.963   17.903002  4.887434e+02  1.322519e+02 
   66.963   18.006001  4.889383e+02  1.322795e+02 
   66.963   18.108002  4.891298e+02  1.323061e+02 
   66.963   18.211000  4.893215e+02  1.323323e+02 
   66.963   18.314001  4.895115e+02  1.323579e+02 
   66.963   18.417002  4.896997e+02  1.323829e+02 
   66.963   18.520000  4.898861e+02  1.324072e+02 
   66.963   18.623001  4.900710e+02  1.324309e+02 
   66.963   18.726002  4.902542e+02  1.324540e+02 
   66.963   18.829000  4.904360e+02  1.324764e+02 
   66.963   18.932001  4.906162e+02  1.324982e+02 
   66.963   19.034000  4.907934e+02  1.325191e+02 
   66.963   19.137001  4.909712e+02  1.325396e+02 
   66.963   19.240002  4.911477e+02  1.325594e+02 
   66.963   19.343000  4.913229e+02  1.325786e+02 
   66.963   19.446001  4.914969e+02  1.325972e+02 
   66.963   19.549002  4.916695e+02  1.326153e+02 
   66.963   19.652000  4.918409e+02  1.326328e+02 
   66.963   19.755001  4.920108e+02  1.326497e+02 
   66.963   19.858002  4.921794e+02  1.326662e+02 
   66.963   19.960001  4.923450e+02  1.326821e+02 
   66.963   20.063002  4.925113e+02  1.326975e+02 
   66.963   20.363001  4.929902e+02  1.327390e+02 
   66.963   20.858002  4.937576e+02  1.327988e+02 
   66.963   21.354000  4.944982e+02  1.328483e+02 
   66.963   21.850000  4.952124e+02  1.328880e+02 
   66.963   22.346001  4.958958e+02  1.329205e+02 
   66.963   22.841002  4.965403e+02  1.329494e+02 
   66.963   23.337000  4.971440e+02  1.329771e+02 
   66.963   23.833000  4.977065e+02  1.330038e+02 
   66.963   24.329000  4.982325e+02  1.330286e+02 
   66.963   24.824001  4.987259e+02  1.330506e+02 
   66.963   25.320002  4.991891e+02  1.330703e+02 
   66.963   25.816000  4.996217e+02  1.330884e+02 
   66.963   26.312000  5.000256e+02  1.331053e+02 
   66.963   26.807001  5.004031e+02  1.331203e+02 
   66.963   27.303001  5.007578e+02  1.331334e+02 
   66.963   27.799002  5.010893e+02  1.331449e+02 
   66.963   28.295000  5.013986e+02  1.331550e+02 
   66.963   28.790001  5.016877e+02  1.331638e+02 
   66.963   29.286001  5.019605e+02  1.331711e+02 
   66.963   29.782001  5.022198e+02  1.331769e+02 
   66.963   30.278002  5.024674e+02  1.331810e+02 
   66.963   30.773001  5.027047e+02  1.331836e+02 
   66.963   31.269001  5.029342e+02  1.331848e+02 
   66.963   31.765001  5.031572e+02  1.331848e+02 
   66.963   32.260998  5.033758e+02  1.331839e+02 
   66.963   32.756001  5.035914e+02  1.331821e+02 
   66.963   33.251999  5.038062e+02  1.331797e+02 
   66.963   33.747997  5.040217e+02  1.331770e+02 
   66.963   34.243999  5.042389e+02  1.331742e+02 
   66.963   34.738998  5.044591e+02  1.331713e+02 
   66.963   35.235001  5.046842e+02  1.331685e+02 
   66.963   35.730999  5.049148e+02  1.331659e+02 
   66.963   36.226997  5.051514e+02  1.331634e+02 
   66.963   36.722000  5.053934e+02  1.331610e+02 
   66.963   37.217999  5.056411e+02  1.331589e+02 
   66.963   37.714001  5.058927e+02  1.331568e+02 
   66.963   38.209999  5.061468e+02  1.331550e+02 
   66.963   38.704998  5.064008e+02  1.331534e+02 
   66.963   39.201000  5.066541e+02  1.331520e+02 
   66.963   39.696999  5.069037e+02  1.331510e+02 
   66.963   40.196999  5.071462e+02  1.331509e+02 
   66.963   45.196999  5.090366e+02  1.331659e+02 
   66.963   50.196999  5.097473e+02  1.331823e+02 
   66.963   55.196999  5.100010e+02  1.331940e+02 
   66.963   60.196999  5.107872e+02  1.332016e+02 
   66.963   65.197006  5.120370e+02  1.332062e+02 
