   67.157    0.000000  8.810240e+01  3.371749e+01 
   67.157    0.103000  8.860518e+01  3.392513e+01 
   67.157    0.205000  8.910059e+01  3.415348e+01 
   67.157    0.308000  8.959753e+01  3.439851e+01 
   67.157    0.411000  9.144435e+01  3.552839e+01 
   67.157    0.514000  9.313223e+01  3.655793e+01 
   67.157    0.617000  9.466147e+01  3.748484e+01 
   67.157    0.720000  9.600676e+01  3.829267e+01 
   67.157    0.823000  9.717606e+01  3.898677e+01 
   67.157    0.926000  9.818370e+01  3.957590e+01 
   67.157    1.029000  9.908675e+01  4.009717e+01 
   67.157    1.131000  1.007935e+02  4.112293e+01 
   67.157    1.234000  1.013273e+02  4.140572e+01 
   67.157    1.337000  1.018652e+02  4.169013e+01 
   67.157    1.440000  1.024049e+02  4.197587e+01 
   67.157    1.543000  1.029425e+02  4.226319e+01 
   67.157    1.646000  1.034775e+02  4.255181e+01 
   67.157    1.749000  1.040113e+02  4.284112e+01 
   67.157    1.852000  1.337590e+02  5.455741e+01 
   67.157    1.955000  1.353039e+02  5.519577e+01 
   67.157    2.058000  2.046862e+02  7.358370e+01 
   67.157    2.160000  2.948523e+02  8.879816e+01 
   67.157    2.263000  2.963113e+02  8.892065e+01 
   67.157    2.366000  2.977549e+02  8.907209e+01 
   67.157    2.469000  2.991834e+02  8.924258e+01 
   67.157    2.572000  3.005974e+02  8.942714e+01 
   67.157    2.675000  3.019968e+02  8.962266e+01 
   67.157    2.778000  3.033835e+02  8.982665e+01 
   67.157    2.881000  3.047566e+02  9.003758e+01 
   67.157    2.984000  3.061146e+02  9.025429e+01 
   67.157    3.086000  3.074442e+02  9.047355e+01 
   67.157    3.189000  3.087733e+02  9.069868e+01 
   67.157    3.292000  3.100909e+02  9.092677e+01 
   67.157    3.395000  3.113985e+02  9.115718e+01 
   67.157    3.498000  3.126971e+02  9.138943e+01 
   67.157    3.601000  3.139905e+02  9.162292e+01 
   67.157    3.704000  3.152826e+02  9.185719e+01 
   67.157    3.807000  3.165752e+02  9.209189e+01 
   67.157    3.910000  3.178731e+02  9.232664e+01 
   67.157    4.012000  3.191660e+02  9.255893e+01 
   67.157    4.115000  3.204778e+02  9.279327e+01 
   67.157    4.218000  3.217942e+02  9.302734e+01 
   67.157    4.321000  3.231122e+02  9.326112e+01 
   67.157    4.424000  3.244248e+02  9.349469e+01 
   67.157    4.527000  3.257257e+02  9.372808e+01 
   67.157    4.630000  3.270116e+02  9.396117e+01 
   67.157    4.733000  3.282800e+02  9.419386e+01 
   67.157    4.836000  3.295286e+02  9.442591e+01 
   67.157    4.938000  3.307450e+02  9.465495e+01 
   67.157    5.041000  3.319532e+02  9.488534e+01 
   67.157    5.144000  3.331389e+02  9.511476e+01 
   67.157    5.247000  3.343018e+02  9.534311e+01 
   67.157    5.350000  3.354408e+02  9.557033e+01 
   67.157    5.453000  3.365552e+02  9.579631e+01 
   67.157    5.556000  3.376465e+02  9.602098e+01 
   67.157    5.659000  3.387143e+02  9.624432e+01 
   67.157    5.762000  3.397591e+02  9.646623e+01 
   67.157    5.864000  3.407727e+02  9.668456e+01 
   67.157    5.967000  3.417741e+02  9.690355e+01 
   67.157    6.070000  3.427554e+02  9.712104e+01 
   67.157    6.173000  3.437195e+02  9.733696e+01 
   67.157    6.276000  3.446685e+02  9.755114e+01 
   67.157    6.379000  3.456053e+02  9.776350e+01 
   67.157    6.482000  3.465311e+02  9.797403e+01 
   67.157    6.585000  3.474481e+02  9.818252e+01 
   67.157    6.688000  3.507307e+02  9.864377e+01 
   67.157    6.790000  3.548834e+02  9.918951e+01 
   67.157    6.893000  3.557954e+02  9.938908e+01 
   67.157    6.996000  3.566904e+02  9.958660e+01 
   67.157    7.099000  3.575624e+02  9.978193e+01 
   67.157    7.202000  3.584003e+02  9.997493e+01 
   67.157    7.305000  3.591953e+02  1.001654e+02 
   67.157    7.408000  3.599429e+02  1.003531e+02 
   67.157    7.511000  3.606378e+02  1.005379e+02 
   67.157    7.614000  3.612717e+02  1.007199e+02 
   67.157    7.716000  3.618511e+02  1.008973e+02 
   67.157    7.819000  3.624129e+02  1.010736e+02 
   67.157    7.921999  3.629544e+02  1.012472e+02 
   67.157    8.025001  3.704490e+02  1.021447e+02 
   67.157    8.128000  3.724875e+02  1.024680e+02 
   67.157    8.231000  3.753066e+02  1.028675e+02 
   67.157    8.334001  4.339604e+02  1.082646e+02 
   67.157    8.437000  4.427068e+02  1.090724e+02 
   67.157    8.540000  4.449152e+02  1.093525e+02 
   67.157    8.643001  4.483480e+02  1.097263e+02 
   67.157    8.745000  4.551720e+02  1.103525e+02 
   67.157    8.848001  4.557297e+02  1.104973e+02 
   67.157    8.951000  4.562773e+02  1.106399e+02 
   67.157    9.054000  4.568188e+02  1.107801e+02 
   67.157    9.157001  4.573535e+02  1.109179e+02 
   67.157    9.260000  4.578807e+02  1.110532e+02 
   67.157    9.363000  4.583999e+02  1.111861e+02 
   67.157    9.466001  4.589111e+02  1.113166e+02 
   67.157    9.569000  4.594146e+02  1.114447e+02 
   67.157    9.671000  4.599056e+02  1.115695e+02 
   67.157    9.774000  4.603921e+02  1.116932e+02 
   67.157    9.877000  4.608664e+02  1.118149e+02 
   67.157    9.980000  4.613280e+02  1.119344e+02 
   67.157   10.083000  4.618118e+02  1.120514e+02 
   67.157   10.186000  4.622860e+02  1.121664e+02 
   67.157   10.289001  4.627513e+02  1.122796e+02 
   67.157   10.392000  4.632091e+02  1.123910e+02 
   67.157   10.495000  4.636611e+02  1.125005e+02 
   67.157   10.597000  4.641033e+02  1.126072e+02 
   67.157   10.700001  4.645432e+02  1.127132e+02 
   67.157   10.803000  4.649755e+02  1.128176e+02 
   67.157   10.906000  4.653999e+02  1.129205e+02 
   67.157   11.009000  4.658176e+02  1.130219e+02 
   67.157   11.112000  4.662303e+02  1.131218e+02 
   67.157   11.215000  4.666386e+02  1.132205e+02 
   67.157   11.318000  4.670423e+02  1.133177e+02 
   67.157   11.421000  4.674412e+02  1.134137e+02 
   67.157   11.523001  4.678314e+02  1.135074e+02 
   67.157   11.626000  4.682203e+02  1.136008e+02 
   67.157   11.729000  4.686038e+02  1.136930e+02 
   67.157   11.832001  4.689819e+02  1.137839e+02 
   67.157   11.935000  4.693546e+02  1.138735e+02 
   67.157   12.038000  4.697221e+02  1.139620e+02 
   67.157   12.141001  4.700847e+02  1.140493e+02 
   67.157   12.244000  4.704424e+02  1.141354e+02 
   67.157   12.347000  4.707951e+02  1.142203e+02 
   67.157   12.449000  4.711396e+02  1.143032e+02 
   67.157   12.552000  4.714826e+02  1.143857e+02 
   67.157   12.655001  4.718207e+02  1.144670e+02 
   67.157   12.758000  4.721543e+02  1.145471e+02 
   67.157   12.861000  4.724835e+02  1.146259e+02 
   67.157   12.964001  4.728087e+02  1.147035e+02 
   67.157   13.067000  4.731300e+02  1.147798e+02 
   67.157   13.170000  4.734475e+02  1.148549e+02 
   67.157   13.273001  4.737611e+02  1.149287e+02 
   67.157   13.375000  4.740681e+02  1.150006e+02 
   67.157   13.478001  4.743746e+02  1.150719e+02 
   67.157   13.581000  4.746774e+02  1.151420e+02 
   67.157   13.684000  4.749768e+02  1.152109e+02 
   67.157   13.787001  4.752729e+02  1.152786e+02 
   67.157   13.890000  4.755655e+02  1.153451e+02 
   67.157   13.993000  4.758549e+02  1.154104e+02 
   67.157   14.096001  4.761411e+02  1.154746e+02 
   67.157   14.199000  4.764241e+02  1.155375e+02 
   67.157   14.302000  4.767039e+02  1.155993e+02 
   67.157   14.404000  4.769780e+02  1.156594e+02 
   67.157   14.507000  4.772516e+02  1.157190e+02 
   67.157   14.610001  4.775220e+02  1.157775e+02 
   67.157   14.713000  4.777892e+02  1.158349e+02 
   67.157   14.816000  4.780534e+02  1.158913e+02 
   67.157   14.919001  4.783145e+02  1.159468e+02 
   67.157   15.022000  4.785723e+02  1.160014e+02 
   67.157   15.125000  4.788270e+02  1.160550e+02 
   67.157   15.228001  4.790786e+02  1.161077e+02 
   67.157   15.330000  4.793248e+02  1.161591e+02 
   67.157   15.433001  4.795703e+02  1.162101e+02 
   67.157   15.536000  4.798127e+02  1.162604e+02 
   67.157   15.639000  4.800523e+02  1.163097e+02 
   67.157   15.742001  4.802889e+02  1.163583e+02 
   67.157   15.845000  4.805226e+02  1.164060e+02 
   67.157   15.948000  4.807537e+02  1.164529e+02 
   67.157   16.051001  4.809821e+02  1.164990e+02 
   67.157   16.154001  4.812082e+02  1.165442e+02 
   67.157   16.256001  4.814296e+02  1.165882e+02 
   67.157   16.359001  4.816507e+02  1.166317e+02 
   67.157   16.462000  4.818696e+02  1.166745e+02 
   67.157   16.565001  4.820862e+02  1.167165e+02 
   67.157   16.668001  4.823005e+02  1.167577e+02 
   67.157   16.771000  4.825128e+02  1.167981e+02 
   67.157   16.874001  4.827231e+02  1.168377e+02 
   67.157   16.977001  4.829315e+02  1.168764e+02 
   67.157   17.080000  4.831381e+02  1.169143e+02 
   67.157   17.182001  4.833413e+02  1.169510e+02 
   67.157   17.285000  4.835450e+02  1.169871e+02 
   67.157   17.388000  4.837472e+02  1.170223e+02 
   67.157   17.491001  4.839482e+02  1.170566e+02 
   67.157   17.594000  4.841481e+02  1.170900e+02 
   67.157   17.697001  4.843467e+02  1.171225e+02 
   67.157   17.800001  4.845441e+02  1.171541e+02 
   67.157   17.903000  4.847401e+02  1.171848e+02 
   67.157   18.006001  4.849347e+02  1.172148e+02 
   67.157   18.108000  4.851259e+02  1.172438e+02 
   67.157   18.211000  4.853173e+02  1.172723e+02 
   67.157   18.314001  4.855070e+02  1.173002e+02 
   67.157   18.417000  4.856949e+02  1.173275e+02 
   67.157   18.520000  4.858811e+02  1.173541e+02 
   67.157   18.623001  4.860657e+02  1.173800e+02 
   67.157   18.726000  4.862489e+02  1.174053e+02 
   67.157   18.829000  4.864305e+02  1.174299e+02 
   67.157   18.932001  4.866107e+02  1.174539e+02 
   67.157   19.035000  4.867896e+02  1.174772e+02 
   67.157   19.137001  4.869655e+02  1.174996e+02 
   67.157   19.240000  4.871418e+02  1.175216e+02 
   67.157   19.343000  4.873168e+02  1.175430e+02 
   67.157   19.446001  4.874905e+02  1.175639e+02 
   67.157   19.549000  4.876630e+02  1.175841e+02 
   67.157   19.652000  4.878340e+02  1.176038e+02 
   67.157   19.755001  4.880037e+02  1.176230e+02 
   67.157   19.858000  4.881721e+02  1.176417e+02 
   67.157   19.961000  4.883391e+02  1.176598e+02 
   67.157   20.063000  4.885036e+02  1.176772e+02 
   67.157   20.363001  4.889823e+02  1.177248e+02 
   67.157   20.858000  4.897492e+02  1.177945e+02 
   67.157   21.354000  4.904896e+02  1.178537e+02 
   67.157   21.850000  4.912034e+02  1.179029e+02 
   67.157   22.346001  4.918857e+02  1.179448e+02 
   67.157   22.841000  4.925283e+02  1.179828e+02 
   67.157   23.337000  4.931300e+02  1.180189e+02 
   67.157   23.833000  4.936905e+02  1.180535e+02 
   67.157   24.329000  4.942153e+02  1.180856e+02 
   67.157   24.825001  4.947088e+02  1.181143e+02 
   67.157   25.320000  4.951700e+02  1.181403e+02 
   67.157   25.816000  4.956015e+02  1.181645e+02 
   67.157   26.312000  4.960042e+02  1.181869e+02 
   67.157   26.808001  4.963813e+02  1.182071e+02 
   67.157   27.302999  4.967340e+02  1.182252e+02 
   67.157   27.799000  4.970641e+02  1.182414e+02 
   67.157   28.295000  4.973719e+02  1.182559e+02 
   67.157   28.791000  4.976603e+02  1.182688e+02 
   67.157   29.286001  4.979318e+02  1.182799e+02 
   67.157   29.782000  4.981903e+02  1.182892e+02 
   67.157   30.278000  4.984371e+02  1.182967e+02 
   67.157   30.774000  4.986739e+02  1.183025e+02 
   67.157   31.269001  4.989019e+02  1.183069e+02 
   67.157   31.764999  4.991235e+02  1.183100e+02 
   67.157   32.260998  4.993407e+02  1.183119e+02 
   67.157   32.757000  4.995551e+02  1.183128e+02 
   67.157   33.251999  4.997679e+02  1.183130e+02 
   67.157   33.747997  4.999817e+02  1.183127e+02 
   67.157   34.243999  5.001972e+02  1.183121e+02 
   67.157   34.739998  5.004159e+02  1.183113e+02 
   67.157   35.234997  5.006386e+02  1.183105e+02 
   67.157   35.730999  5.008672e+02  1.183096e+02 
   67.157   36.226997  5.011016e+02  1.183088e+02 
   67.157   36.723000  5.013419e+02  1.183080e+02 
   67.157   37.217999  5.015870e+02  1.183073e+02 
   67.157   37.713997  5.018366e+02  1.183067e+02 
   67.157   38.209999  5.020887e+02  1.183061e+02 
   67.157   38.705997  5.023415e+02  1.183057e+02 
   67.157   39.201000  5.025926e+02  1.183054e+02 
   67.157   39.696999  5.028405e+02  1.183053e+02 
   67.157   40.196999  5.030818e+02  1.183061e+02 
   67.157   45.196999  5.049671e+02  1.183260e+02 
   67.157   50.196999  5.056779e+02  1.183443e+02 
   67.157   55.196999  5.059302e+02  1.183569e+02 
   67.157   60.196999  5.067064e+02  1.183648e+02 
   67.157   65.196999  5.079519e+02  1.183697e+02 
