    0.000    0.000000  0.000000e+00  3.517248e+02 
    0.000    0.102000  0.000000e+00  3.507433e+02 
    0.000    0.205000  0.000000e+00  3.494219e+02 
    0.000    0.308000  0.000000e+00  3.480305e+02 
    0.000    0.411000  0.000000e+00  3.464814e+02 
    0.000    0.514000  0.000000e+00  3.449119e+02 
    0.000    0.617000  0.000000e+00  3.433121e+02 
    0.000    0.720000  0.000000e+00  3.416893e+02 
    0.000    0.823000  0.000000e+00  3.400889e+02 
    0.000    0.926000  0.000000e+00  3.384467e+02 
    0.000    1.028000  0.000000e+00  3.368596e+02 
    0.000    1.131000  0.000000e+00  3.351626e+02 
    0.000    1.234000  0.000000e+00  3.335648e+02 
    0.000    1.337000  0.000000e+00  3.321016e+02 
    0.000    1.440000  0.000000e+00  3.305488e+02 
    0.000    1.543000  0.000000e+00  3.288404e+02 
    0.000    1.646000  0.000000e+00  3.270558e+02 
    0.000    1.749000  0.000000e+00  3.255475e+02 
    0.000    1.852000  0.000000e+00  3.243705e+02 
    0.000    1.954000  0.000000e+00  3.070831e+02 
    0.000    2.057000  0.000000e+00  3.046654e+02 
    0.000    2.160000  0.000000e+00  3.034853e+02 
    0.000    2.263000  0.000000e+00  3.022864e+02 
    0.000    2.366000  0.000000e+00  3.010983e+02 
    0.000    2.469000  0.000000e+00  2.999228e+02 
    0.000    2.572000  0.000000e+00  2.987617e+02 
    0.000    2.675000  0.000000e+00  2.975665e+02 
    0.000    2.778000  0.000000e+00  2.963145e+02 
    0.000    2.880000  0.000000e+00  2.950565e+02 
    0.000    2.983000  0.000000e+00  2.938038e+02 
    0.000    3.086000  0.000000e+00  2.925586e+02 
    0.000    3.189000  0.000000e+00  2.912915e+02 
    0.000    3.292000  0.000000e+00  2.900184e+02 
    0.000    3.395000  0.000000e+00  2.887435e+02 
    0.000    3.498000  0.000000e+00  2.874718e+02 
    0.000    3.601000  0.000000e+00  2.862129e+02 
    0.000    3.704000  0.000000e+00  2.849708e+02 
    0.000    3.806000  0.000000e+00  2.837484e+02 
    0.000    3.909000  0.000000e+00  2.825011e+02 
    0.000    4.012000  0.000000e+00  2.812514e+02 
    0.000    4.115000  0.000000e+00  2.800067e+02 
    0.000    4.218000  0.000000e+00  2.787710e+02 
    0.000    4.321000  0.000000e+00  2.775486e+02 
    0.000    4.424000  0.000000e+00  2.763393e+02 
    0.000    4.527000  0.000000e+00  2.751491e+02 
    0.000    4.630000  0.000000e+00  2.739726e+02 
    0.000    4.733000  0.000000e+00  2.727925e+02 
    0.000    4.835000  0.000000e+00  2.716306e+02 
    0.000    4.938000  0.000000e+00  2.704675e+02 
    0.000    5.041000  0.000000e+00  2.693119e+02 
    0.000    5.144000  0.000000e+00  2.681720e+02 
    0.000    5.247000  0.000000e+00  2.670466e+02 
    0.000    5.350000  0.000000e+00  2.659378e+02 
    0.000    5.453000  0.000000e+00  2.648481e+02 
    0.000    5.556000  0.000000e+00  2.637693e+02 
    0.000    5.659000  0.000000e+00  2.627071e+02 
    0.000    5.761000  0.000000e+00  2.616730e+02 
    0.000    5.864000  0.000000e+00  2.606530e+02 
    0.000    5.967000  0.000000e+00  2.596577e+02 
    0.000    6.070000  0.000000e+00  2.586889e+02 
    0.000    6.173000  0.000000e+00  2.577466e+02 
    0.000    6.276000  0.000000e+00  2.568290e+02 
    0.000    6.379000  0.000000e+00  2.559303e+02 
    0.000    6.482000  0.000000e+00  2.550353e+02 
    0.000    6.585000  0.000000e+00  2.541776e+02 
    0.000    6.687000  0.000000e+00  2.533583e+02 
    0.000    6.790000  0.000000e+00  2.525573e+02 
    0.000    6.893000  0.000000e+00  2.518160e+02 
    0.000    6.996000  0.000000e+00  2.511584e+02 
    0.000    7.099000  0.000000e+00  2.505585e+02 
    0.000    7.202000  0.000000e+00  2.500706e+02 
    0.000    7.305000  0.000000e+00  2.496861e+02 
    0.000    7.408000  0.000000e+00  2.493671e+02 
    0.000    7.511000  0.000000e+00  2.491678e+02 
    0.000    7.613000  0.000000e+00  2.490509e+02 
    0.000    7.716000  0.000000e+00  2.489734e+02 
    0.000    7.819000  0.000000e+00  2.489173e+02 
    0.000    7.922000  0.000000e+00  2.488780e+02 
    0.000    8.025000  0.000000e+00  2.488272e+02 
    0.000    8.127999  0.000000e+00  2.486308e+02 
    0.000    8.231000  0.000000e+00  2.483522e+02 
    0.000    8.334000  0.000000e+00  2.454960e+02 
    0.000    8.436999  0.000000e+00  2.447802e+02 
    0.000    8.539000  0.000000e+00  2.445261e+02 
    0.000    8.642000  0.000000e+00  2.442019e+02 
    0.000    8.745000  0.000000e+00  2.435616e+02 
    0.000    8.848000  0.000000e+00  2.434123e+02 
    0.000    8.951000  0.000000e+00  2.432670e+02 
    0.000    9.054000  0.000000e+00  2.431245e+02 
    0.000    9.157000  0.000000e+00  2.429851e+02 
    0.000    9.259999  0.000000e+00  2.428681e+02 
    0.000    9.363000  0.000000e+00  2.427672e+02 
    0.000    9.465000  0.000000e+00  2.426771e+02 
    0.000    9.568000  0.000000e+00  2.425970e+02 
    0.000    9.671000  0.000000e+00  2.425253e+02 
    0.000    9.774000  0.000000e+00  2.424610e+02 
    0.000    9.877000  0.000000e+00  2.424054e+02 
    0.000    9.980000  0.000000e+00  2.423565e+02 
    0.000   10.083000  0.000000e+00  2.423087e+02 
    0.000   10.186000  0.000000e+00  2.422531e+02 
    0.000   10.289000  0.000000e+00  2.421932e+02 
    0.000   10.391000  0.000000e+00  2.421359e+02 
    0.000   10.493999  0.000000e+00  2.420868e+02 
    0.000   10.597000  0.000000e+00  2.420445e+02 
    0.000   10.700000  0.000000e+00  2.420027e+02 
    0.000   10.802999  0.000000e+00  2.419519e+02 
    0.000   10.906000  0.000000e+00  2.418954e+02 
    0.000   11.009000  0.000000e+00  2.418345e+02 
    0.000   11.112000  0.000000e+00  2.417638e+02 
    0.000   11.215000  0.000000e+00  2.416862e+02 
    0.000   11.318000  0.000000e+00  2.416049e+02 
    0.000   11.420000  0.000000e+00  2.415204e+02 
    0.000   11.523000  0.000000e+00  2.414321e+02 
    0.000   11.625999  0.000000e+00  2.413424e+02 
    0.000   11.729000  0.000000e+00  2.412508e+02 
    0.000   11.832000  0.000000e+00  2.411579e+02 
    0.000   11.934999  0.000000e+00  2.410644e+02 
    0.000   12.038000  0.000000e+00  2.409710e+02 
    0.000   12.141000  0.000000e+00  2.408780e+02 
    0.000   12.243999  0.000000e+00  2.407852e+02 
    0.000   12.346000  0.000000e+00  2.406980e+02 
    0.000   12.448999  0.000000e+00  2.406147e+02 
    0.000   12.552000  0.000000e+00  2.405343e+02 
    0.000   12.655000  0.000000e+00  2.404577e+02 
    0.000   12.757999  0.000000e+00  2.403849e+02 
    0.000   12.861000  0.000000e+00  2.403149e+02 
    0.000   12.964000  0.000000e+00  2.402478e+02 
    0.000   13.066999  0.000000e+00  2.401835e+02 
    0.000   13.170000  0.000000e+00  2.401215e+02 
    0.000   13.271999  0.000000e+00  2.400618e+02 
    0.000   13.375000  0.000000e+00  2.400023e+02 
    0.000   13.478000  0.000000e+00  2.399437e+02 
    0.000   13.580999  0.000000e+00  2.398860e+02 
    0.000   13.684000  0.000000e+00  2.398281e+02 
    0.000   13.787000  0.000000e+00  2.397702e+02 
    0.000   13.889999  0.000000e+00  2.397127e+02 
    0.000   13.993000  0.000000e+00  2.396569e+02 
    0.000   14.096000  0.000000e+00  2.396026e+02 
    0.000   14.198000  0.000000e+00  2.395501e+02 
    0.000   14.301000  0.000000e+00  2.394990e+02 
    0.000   14.403999  0.000000e+00  2.394502e+02 
    0.000   14.507000  0.000000e+00  2.394032e+02 
    0.000   14.610000  0.000000e+00  2.393571e+02 
    0.000   14.712999  0.000000e+00  2.393106e+02 
    0.000   14.816000  0.000000e+00  2.392639e+02 
    0.000   14.919000  0.000000e+00  2.392175e+02 
    0.000   15.021999  0.000000e+00  2.391712e+02 
    0.000   15.124000  0.000000e+00  2.391253e+02 
    0.000   15.226999  0.000000e+00  2.390792e+02 
    0.000   15.330000  0.000000e+00  2.390325e+02 
    0.000   15.433000  0.000000e+00  2.389843e+02 
    0.000   15.535999  0.000000e+00  2.389353e+02 
    0.000   15.639000  0.000000e+00  2.388865e+02 
    0.000   15.742000  0.000000e+00  2.388399e+02 
    0.000   15.844999  0.000000e+00  2.387953e+02 
    0.000   15.948000  0.000000e+00  2.387519e+02 
    0.000   16.051001  0.000000e+00  2.387107e+02 
    0.000   16.153000  0.000000e+00  2.386720e+02 
    0.000   16.256001  0.000000e+00  2.386345e+02 
    0.000   16.358999  0.000000e+00  2.385968e+02 
    0.000   16.462000  0.000000e+00  2.385564e+02 
    0.000   16.565001  0.000000e+00  2.385141e+02 
    0.000   16.667999  0.000000e+00  2.384708e+02 
    0.000   16.771000  0.000000e+00  2.384271e+02 
    0.000   16.874001  0.000000e+00  2.383832e+02 
    0.000   16.976999  0.000000e+00  2.383391e+02 
    0.000   17.079000  0.000000e+00  2.382955e+02 
    0.000   17.181999  0.000000e+00  2.382516e+02 
    0.000   17.285000  0.000000e+00  2.382079e+02 
    0.000   17.388000  0.000000e+00  2.381644e+02 
    0.000   17.490999  0.000000e+00  2.381213e+02 
    0.000   17.594000  0.000000e+00  2.380786e+02 
    0.000   17.697001  0.000000e+00  2.380361e+02 
    0.000   17.799999  0.000000e+00  2.379944e+02 
    0.000   17.903000  0.000000e+00  2.379541e+02 
    0.000   18.004999  0.000000e+00  2.379151e+02 
    0.000   18.108000  0.000000e+00  2.378767e+02 
    0.000   18.211000  0.000000e+00  2.378399e+02 
    0.000   18.313999  0.000000e+00  2.378048e+02 
    0.000   18.417000  0.000000e+00  2.377709e+02 
    0.000   18.520000  0.000000e+00  2.377381e+02 
    0.000   18.622999  0.000000e+00  2.377061e+02 
    0.000   18.726000  0.000000e+00  2.376748e+02 
    0.000   18.829000  0.000000e+00  2.376441e+02 
    0.000   18.931000  0.000000e+00  2.376145e+02 
    0.000   19.034000  0.000000e+00  2.375855e+02 
    0.000   19.136999  0.000000e+00  2.375572e+02 
    0.000   19.240000  0.000000e+00  2.375296e+02 
    0.000   19.343000  0.000000e+00  2.375017e+02 
    0.000   19.445999  0.000000e+00  2.374731e+02 
    0.000   19.549000  0.000000e+00  2.374443e+02 
    0.000   19.652000  0.000000e+00  2.374154e+02 
    0.000   19.754999  0.000000e+00  2.373858e+02 
    0.000   19.857000  0.000000e+00  2.373557e+02 
    0.000   19.959999  0.000000e+00  2.373249e+02 
    0.000   20.063000  0.000000e+00  2.372938e+02 
    0.000   20.362999  0.000000e+00  2.372039e+02 
    0.000   20.858000  0.000000e+00  2.370658e+02 
    0.000   21.354000  0.000000e+00  2.369526e+02 
    0.000   21.850000  0.000000e+00  2.368590e+02 
    0.000   22.346001  0.000000e+00  2.367697e+02 
    0.000   22.841000  0.000000e+00  2.366786e+02 
    0.000   23.337000  0.000000e+00  2.365890e+02 
    0.000   23.833000  0.000000e+00  2.365135e+02 
    0.000   24.329000  0.000000e+00  2.364643e+02 
    0.000   24.823999  0.000000e+00  2.364419e+02 
    0.000   25.320000  0.000000e+00  2.364370e+02 
    0.000   25.816000  0.000000e+00  2.364295e+02 
    0.000   26.312000  0.000000e+00  2.364241e+02 
    0.000   26.806999  0.000000e+00  2.364282e+02 
    0.000   27.302999  0.000000e+00  2.364396e+02 
    0.000   27.799000  0.000000e+00  2.364590e+02 
    0.000   28.295000  0.000000e+00  2.364893e+02 
    0.000   28.789999  0.000000e+00  2.365253e+02 
    0.000   29.285999  0.000000e+00  2.365651e+02 
    0.000   29.782000  0.000000e+00  2.366100e+02 
    0.000   30.278000  0.000000e+00  2.366613e+02 
    0.000   30.772999  0.000000e+00  2.367162e+02 
    0.000   31.268999  0.000000e+00  2.367728e+02 
    0.000   31.764999  0.000000e+00  2.368302e+02 
    0.000   32.261002  0.000000e+00  2.368883e+02 
    0.000   32.756001  0.000000e+00  2.369463e+02 
    0.000   33.252003  0.000000e+00  2.370028e+02 
    0.000   33.748001  0.000000e+00  2.370587e+02 
    0.000   34.244003  0.000000e+00  2.371152e+02 
    0.000   34.739002  0.000000e+00  2.371746e+02 
    0.000   35.235001  0.000000e+00  2.372369e+02 
    0.000   35.731003  0.000000e+00  2.372975e+02 
    0.000   36.227001  0.000000e+00  2.373559e+02 
    0.000   36.722000  0.000000e+00  2.374085e+02 
    0.000   37.218002  0.000000e+00  2.374563e+02 
    0.000   37.714001  0.000000e+00  2.375005e+02 
    0.000   38.210003  0.000000e+00  2.375420e+02 
    0.000   38.705002  0.000000e+00  2.375837e+02 
    0.000   39.201000  0.000000e+00  2.376266e+02 
    0.000   39.697002  0.000000e+00  2.376725e+02 
    0.000   40.197002  0.000000e+00  2.377230e+02 
    0.000   45.197002  0.000000e+00  2.381720e+02 
    0.000   50.197002  0.000000e+00  2.383976e+02 
    0.000   55.197002  0.000000e+00  2.383911e+02 
    0.000   60.197002  0.000000e+00  2.383241e+02 
    0.000   65.196999  0.000000e+00  2.382716e+02 
