   67.833    0.000000  1.240524e-23  4.686751e+00 
   67.833    0.103000  1.247500e-23  4.760714e+00 
   67.833    0.206000  1.254430e-23  4.835714e+00 
   67.833    0.309000  1.261350e-23  4.910894e+00 
   67.833    0.411000  1.268200e-23  4.985221e+00 
   67.833    0.514000  1.275116e-23  5.059998e+00 
   67.833    0.617000  3.813779e-23  9.965050e+00 
   67.833    0.720000  2.074507e-22  1.667782e+01 
   67.833    0.823000  1.841890e-21  2.475214e+01 
   67.833    0.926000  2.607224e-20  3.418073e+01 
   67.833    1.029000  5.512375e-19  4.473700e+01 
   67.833    1.132000  1.718416e-17  5.644284e+01 
   67.833    1.235000  7.780701e-16  6.930669e+01 
   67.833    1.337000  4.741984e-14  8.310767e+01 
   67.833    1.440000  4.198031e-12  9.819571e+01 
   67.833    1.543000  5.202960e-10  1.146142e+02 
   67.833    1.646000  8.863244e-08  1.325950e+02 
   67.833    1.749000  3.902768e-05  1.536685e+02 
   67.833    1.852000  8.252732e-03  1.763427e+02 
   67.833    1.955000  7.307580e-01  2.047389e+02 
   67.833    2.058000  2.138770e+01  2.434580e+02 
   67.833    2.161000  2.317677e+02  2.867229e+02 
   67.833    2.263000  2.331944e+02  2.864035e+02 
   67.833    2.366000  2.345451e+02  2.861443e+02 
   67.833    2.469000  2.360612e+02  2.859674e+02 
   67.833    2.572000  2.375449e+02  2.858229e+02 
   67.833    2.675000  2.391384e+02  2.857234e+02 
   67.833    2.778000  2.411830e+02  2.857098e+02 
   67.833    2.881000  2.447319e+02  2.859210e+02 
   67.833    2.984000  2.503091e+02  2.864257e+02 
   67.833    3.087000  2.584806e+02  2.872873e+02 
   67.833    3.189000  2.690420e+02  2.884507e+02 
   67.833    3.292000  2.702326e+02  2.884150e+02 
   67.833    3.395000  2.714133e+02  2.883967e+02 
   67.833    3.498000  2.725869e+02  2.883922e+02 
   67.833    3.601000  2.737561e+02  2.883994e+02 
   67.833    3.704000  2.749258e+02  2.884160e+02 
   67.833    3.807000  2.760959e+02  2.884414e+02 
   67.833    3.910000  2.772662e+02  2.884748e+02 
   67.833    4.013000  2.784361e+02  2.885154e+02 
   67.833    4.116000  2.796015e+02  2.885632e+02 
   67.833    4.218000  2.807461e+02  2.886174e+02 
   67.833    4.321000  2.818899e+02  2.886786e+02 
   67.833    4.424000  2.830212e+02  2.887457e+02 
   67.833    4.527000  2.841384e+02  2.888181e+02 
   67.833    4.630000  2.852412e+02  2.888951e+02 
   67.833    4.733000  2.863324e+02  2.889760e+02 
   67.833    4.836000  2.874101e+02  2.890602e+02 
   67.833    4.939000  2.884739e+02  2.891476e+02 
   67.833    5.042000  2.895236e+02  2.892378e+02 
   67.833    5.144000  2.905469e+02  2.893297e+02 
   67.833    5.247000  2.918172e+02  2.894601e+02 
   67.833    5.350000  2.930695e+02  2.895922e+02 
   67.833    5.453000  2.942965e+02  2.897248e+02 
   67.833    5.556000  2.955032e+02  2.898581e+02 
   67.833    5.659000  2.966932e+02  2.899925e+02 
   67.833    5.762000  2.978702e+02  2.901284e+02 
   67.833    5.865000  2.988005e+02  2.902325e+02 
   67.833    5.968000  2.997168e+02  2.903377e+02 
   67.833    6.070000  3.006089e+02  2.904430e+02 
   67.833    6.173000  3.021752e+02  2.906035e+02 
   67.833    6.276000  3.053076e+02  2.908853e+02 
   67.833    6.379000  3.108332e+02  2.913451e+02 
   67.833    6.482000  3.206178e+02  2.921049e+02 
   67.833    6.585000  3.354043e+02  2.931786e+02 
   67.833    6.688000  3.532900e+02  2.943890e+02 
   67.833    6.791000  3.718113e+02  2.955565e+02 
   67.833    6.894000  3.872952e+02  2.964780e+02 
   67.833    6.996000  3.903687e+02  2.966800e+02 
   67.833    7.099000  3.937024e+02  2.968983e+02 
   67.833    7.202000  3.971066e+02  2.971231e+02 
   67.833    7.305000  4.010717e+02  2.973824e+02 
   67.833    7.408000  4.040015e+02  2.975865e+02 
   67.833    7.511000  4.065350e+02  2.977721e+02 
   67.833    7.614000  4.086790e+02  2.979410e+02 
   67.833    7.717000  4.109286e+02  2.981175e+02 
   67.833    7.820000  4.134340e+02  2.983071e+02 
   67.833    7.921999  4.159898e+02  2.984971e+02 
   67.833    8.025001  4.183538e+02  2.986753e+02 
   67.833    8.128000  4.206217e+02  2.988461e+02 
   67.833    8.231000  4.228562e+02  2.990133e+02 
   67.833    8.334001  4.248809e+02  2.991684e+02 
   67.833    8.437000  4.268671e+02  2.993206e+02 
   67.833    8.540000  4.291589e+02  2.994870e+02 
   67.833    8.643001  4.311436e+02  2.996366e+02 
   67.833    8.746000  4.331123e+02  2.997836e+02 
   67.833    8.848001  4.350266e+02  2.999230e+02 
   67.833    8.951000  4.370656e+02  3.000668e+02 
   67.833    9.054000  4.378479e+02  3.001578e+02 
   67.833    9.157001  4.386665e+02  3.002502e+02 
   67.833    9.260000  4.395306e+02  3.003443e+02 
   67.833    9.363000  4.404073e+02  3.004413e+02 
   67.833    9.466001  4.413170e+02  3.005391e+02 
   67.833    9.569000  4.422597e+02  3.006376e+02 
   67.833    9.672000  4.432251e+02  3.007359e+02 
   67.833    9.775001  4.442058e+02  3.008337e+02 
   67.833    9.877000  4.451893e+02  3.009301e+02 
   67.833    9.980000  4.461624e+02  3.010242e+02 
   67.833   10.083000  4.471141e+02  3.011231e+02 
   67.833   10.186000  4.480534e+02  3.012240e+02 
   67.833   10.289001  4.489510e+02  3.013198e+02 
   67.833   10.392000  4.494053e+02  3.013653e+02 
   67.833   10.495000  4.498523e+02  3.014099e+02 
   67.833   10.598001  4.502924e+02  3.014534e+02 
   67.833   10.701000  4.507261e+02  3.014962e+02 
   67.833   10.803000  4.511502e+02  3.015378e+02 
   67.833   10.906000  4.515733e+02  3.015791e+02 
   67.833   11.009000  4.519909e+02  3.016198e+02 
   67.833   11.112000  4.524028e+02  3.016599e+02 
   67.833   11.215000  4.528092e+02  3.016996e+02 
   67.833   11.318000  4.532100e+02  3.017388e+02 
   67.833   11.421000  4.536055e+02  3.017777e+02 
   67.833   11.524000  4.539958e+02  3.018161e+02 
   67.833   11.627000  4.543807e+02  3.018542e+02 
   67.833   11.729000  4.547566e+02  3.018916e+02 
   67.833   11.832001  4.551306e+02  3.019289e+02 
   67.833   11.935000  4.554991e+02  3.019659e+02 
   67.833   12.038000  4.558624e+02  3.020023e+02 
   67.833   12.141001  4.562207e+02  3.020383e+02 
   67.833   12.244000  4.565739e+02  3.020738e+02 
   67.833   12.347000  4.569224e+02  3.021088e+02 
   67.833   12.450001  4.572661e+02  3.021432e+02 
   67.833   12.553000  4.576052e+02  3.021772e+02 
   67.833   12.655001  4.579366e+02  3.022102e+02 
   67.833   12.758000  4.582671e+02  3.022430e+02 
   67.833   12.861000  4.585938e+02  3.022751e+02 
   67.833   12.964001  4.589166e+02  3.023067e+02 
   67.833   13.067000  4.592357e+02  3.023376e+02 
   67.833   13.170000  4.595511e+02  3.023679e+02 
   67.833   13.273001  4.598627e+02  3.023975e+02 
   67.833   13.376000  4.601709e+02  3.024264e+02 
   67.833   13.479000  4.604755e+02  3.024545e+02 
   67.833   13.581000  4.607737e+02  3.024816e+02 
   67.833   13.684000  4.610715e+02  3.025081e+02 
   67.833   13.787001  4.613661e+02  3.025338e+02 
   67.833   13.890000  4.616575e+02  3.025585e+02 
   67.833   13.993000  4.619458e+02  3.025825e+02 
   67.833   14.096001  4.622310e+02  3.026055e+02 
   67.833   14.199000  4.625131e+02  3.026276e+02 
   67.833   14.302000  4.627921e+02  3.026490e+02 
   67.833   14.405001  4.630678e+02  3.026696e+02 
   67.833   14.508000  4.633404e+02  3.026896e+02 
   67.833   14.610001  4.636070e+02  3.027088e+02 
   67.833   14.713000  4.638729e+02  3.027276e+02 
   67.833   14.816000  4.641355e+02  3.027460e+02 
   67.833   14.919001  4.643948e+02  3.027640e+02 
   67.833   15.022000  4.646510e+02  3.027815e+02 
   67.833   15.125000  4.649039e+02  3.027986e+02 
   67.833   15.228001  4.651537e+02  3.028152e+02 
   67.833   15.331000  4.654004e+02  3.028315e+02 
   67.833   15.434000  4.656440e+02  3.028473e+02 
   67.833   15.536000  4.658824e+02  3.028625e+02 
   67.833   15.639000  4.661200e+02  3.028775e+02 
   67.833   15.742001  4.663547e+02  3.028921e+02 
   67.833   15.845000  4.665866e+02  3.029063e+02 
   67.833   15.948000  4.668159e+02  3.029201e+02 
   67.833   16.051001  4.670426e+02  3.029335e+02 
   67.833   16.154001  4.672669e+02  3.029464e+02 
   67.833   16.257000  4.674888e+02  3.029590e+02 
   67.833   16.360001  4.677084e+02  3.029711e+02 
   67.833   16.462000  4.679236e+02  3.029825e+02 
   67.833   16.565001  4.681387e+02  3.029937e+02 
   67.833   16.668001  4.683517e+02  3.030043e+02 
   67.833   16.771000  4.685628e+02  3.030143e+02 
   67.833   16.874001  4.687720e+02  3.030235e+02 
   67.833   16.977001  4.689795e+02  3.030322e+02 
   67.833   17.080000  4.691854e+02  3.030400e+02 
   67.833   17.183001  4.693901e+02  3.030469e+02 
   67.833   17.286001  4.695935e+02  3.030529e+02 
   67.833   17.388000  4.697937e+02  3.030579e+02 
   67.833   17.491001  4.699947e+02  3.030620e+02 
   67.833   17.594000  4.701944e+02  3.030653e+02 
   67.833   17.697001  4.703929e+02  3.030677e+02 
   67.833   17.800001  4.705900e+02  3.030695e+02 
   67.833   17.903000  4.707855e+02  3.030707e+02 
   67.833   18.006001  4.709794e+02  3.030713e+02 
   67.833   18.109001  4.711717e+02  3.030714e+02 
   67.833   18.212000  4.713623e+02  3.030710e+02 
   67.833   18.314001  4.715495e+02  3.030702e+02 
   67.833   18.417000  4.717369e+02  3.030689e+02 
   67.833   18.520000  4.719227e+02  3.030671e+02 
   67.833   18.623001  4.721070e+02  3.030649e+02 
   67.833   18.726000  4.722898e+02  3.030621e+02 
   67.833   18.829000  4.724711e+02  3.030589e+02 
   67.833   18.932001  4.726509e+02  3.030552e+02 
   67.833   19.035000  4.728293e+02  3.030511e+02 
   67.833   19.138000  4.730064e+02  3.030466e+02 
   67.833   19.241001  4.731821e+02  3.030416e+02 
   67.833   19.343000  4.733548e+02  3.030362e+02 
   67.833   19.446001  4.735279e+02  3.030304e+02 
   67.833   19.549000  4.736998e+02  3.030242e+02 
   67.833   19.652000  4.738703e+02  3.030175e+02 
   67.833   19.755001  4.740396e+02  3.030105e+02 
   67.833   19.858000  4.742077e+02  3.030031e+02 
   67.833   19.961000  4.743745e+02  3.029953e+02 
   67.833   20.064001  4.745405e+02  3.029868e+02 
   67.833   20.363001  4.750168e+02  3.029595e+02 
   67.833   20.859001  4.757840e+02  3.029080e+02 
   67.833   21.354000  4.765215e+02  3.028496e+02 
   67.833   21.850000  4.772313e+02  3.027861e+02 
   67.833   22.346001  4.779051e+02  3.027224e+02 
   67.833   22.842001  4.785374e+02  3.026631e+02 
   67.833   23.337000  4.791255e+02  3.026097e+02 
   67.833   23.833000  4.796765e+02  3.025602e+02 
   67.833   24.329000  4.801956e+02  3.025123e+02 
   67.833   24.825001  4.806842e+02  3.024658e+02 
   67.833   25.320000  4.811398e+02  3.024222e+02 
   67.833   25.816000  4.815655e+02  3.023817e+02 
   67.833   26.312000  4.819636e+02  3.023434e+02 
   67.833   26.808001  4.823363e+02  3.023068e+02 
   67.833   27.302999  4.826838e+02  3.022721e+02 
   67.833   27.799000  4.830090e+02  3.022390e+02 
   67.833   28.295000  4.833134e+02  3.022073e+02 
   67.833   28.791000  4.835997e+02  3.021763e+02 
   67.833   29.286001  4.838698e+02  3.021460e+02 
   67.833   29.782000  4.841266e+02  3.021158e+02 
   67.833   30.278000  4.843711e+02  3.020858e+02 
   67.833   30.774000  4.846050e+02  3.020562e+02 
   67.833   31.269001  4.848296e+02  3.020269e+02 
   67.833   31.764999  4.850473e+02  3.019978e+02 
   67.833   32.260998  4.852602e+02  3.019690e+02 
   67.833   32.757000  4.854700e+02  3.019406e+02 
   67.833   33.252998  4.856780e+02  3.019129e+02 
   67.833   33.747997  4.858855e+02  3.018863e+02 
   67.833   34.243999  4.860945e+02  3.018609e+02 
   67.833   34.739998  4.863064e+02  3.018370e+02 
   67.833   35.236000  4.865224e+02  3.018146e+02 
   67.833   35.730999  4.867431e+02  3.017936e+02 
   67.833   36.226997  4.869700e+02  3.017739e+02 
   67.833   36.723000  4.872026e+02  3.017555e+02 
   67.833   37.218998  4.874406e+02  3.017383e+02 
   67.833   37.713997  4.876824e+02  3.017223e+02 
   67.833   38.209999  4.879277e+02  3.017074e+02 
   67.833   38.705997  4.881742e+02  3.016937e+02 
   67.833   39.202000  4.884201e+02  3.016811e+02 
   67.833   39.696999  4.886626e+02  3.016697e+02 
   67.833   40.196999  4.888995e+02  3.016607e+02 
   67.833   45.196999  4.907659e+02  3.016234e+02 
   67.833   50.196999  4.914745e+02  3.016191e+02 
   67.833   55.196999  4.917223e+02  3.016219e+02 
   67.833   60.196999  4.924623e+02  3.016252e+02 
   67.833   65.196999  4.936945e+02  3.016278e+02 
