   67.562    0.000000  7.764680e-07  8.770313e+00 
   67.562    0.103000  7.806210e-07  8.894300e+00 
   67.562    0.205000  7.847215e-07  9.019180e+00 
   67.562    0.308000  7.888464e-07  9.146171e+00 
   67.562    0.411000  7.929555e-07  9.273463e+00 
   67.562    0.514000  7.970405e-07  9.400764e+00 
   67.562    0.617000  1.016054e-06  1.192464e+01 
   67.562    0.720000  1.446680e-06  1.546167e+01 
   67.562    0.823000  2.168589e-06  1.939400e+01 
   67.562    0.926000  3.567825e-06  2.407765e+01 
   67.562    1.029000  6.367544e-06  2.938457e+01 
   67.562    1.131000  1.214454e-05  3.517310e+01 
   67.562    1.234000  2.478731e-05  4.146000e+01 
   67.562    1.337000  5.333575e-05  4.812535e+01 
   67.562    1.440000  1.202823e-04  5.514043e+01 
   67.562    1.543000  2.858568e-04  6.262209e+01 
   67.562    1.646000  7.230745e-04  7.075147e+01 
   67.562    1.749000  1.941716e-03  7.959916e+01 
   67.562    1.852000  3.120748e-01  1.214676e+02 
   67.562    1.955000  8.580757e+00  1.629155e+02 
   67.562    2.057000  6.179490e+01  2.009081e+02 
   67.562    2.160000  1.789813e+02  2.273594e+02 
   67.562    2.263000  3.083416e+02  2.410021e+02 
   67.562    2.366000  3.099195e+02  2.407599e+02 
   67.562    2.469000  3.120453e+02  2.406467e+02 
   67.562    2.572000  3.142118e+02  2.405903e+02 
   67.562    2.675000  3.163061e+02  2.405679e+02 
   67.562    2.778000  3.181382e+02  2.405495e+02 
   67.562    2.881000  3.199850e+02  2.405617e+02 
   67.562    2.983000  3.218306e+02  2.405986e+02 
   67.562    3.086000  3.232702e+02  2.406026e+02 
   67.562    3.189000  3.246974e+02  2.406218e+02 
   67.562    3.292000  3.261143e+02  2.406541e+02 
   67.562    3.395000  3.275230e+02  2.406977e+02 
   67.562    3.498000  3.289247e+02  2.407513e+02 
   67.562    3.601000  3.303201e+02  2.408137e+02 
   67.562    3.704000  3.317120e+02  2.408839e+02 
   67.562    3.807000  3.330995e+02  2.409613e+02 
   67.562    3.910000  3.344814e+02  2.410453e+02 
   67.562    4.012000  3.358426e+02  2.411346e+02 
   67.562    4.115000  3.372090e+02  2.412303e+02 
   67.562    4.218000  3.385672e+02  2.413311e+02 
   67.562    4.321000  3.399150e+02  2.414366e+02 
   67.562    4.424000  3.412516e+02  2.415464e+02 
   67.562    4.527000  3.425753e+02  2.416600e+02 
   67.562    4.630000  3.438850e+02  2.417771e+02 
   67.562    4.733000  3.456585e+02  2.419283e+02 
   67.562    4.836000  3.473592e+02  2.420779e+02 
   67.562    4.938000  3.490971e+02  2.422643e+02 
   67.562    5.041000  3.509080e+02  2.424630e+02 
   67.562    5.144000  3.527081e+02  2.426636e+02 
   67.562    5.247000  3.544892e+02  2.428647e+02 
   67.562    5.350000  3.562423e+02  2.430651e+02 
   67.562    5.453000  3.579575e+02  2.432635e+02 
   67.562    5.556000  3.596385e+02  2.434604e+02 
   67.562    5.659000  3.619330e+02  2.436687e+02 
   67.562    5.762000  3.645489e+02  2.438996e+02 
   67.562    5.864000  3.668028e+02  2.441071e+02 
   67.562    5.967000  3.682318e+02  2.442816e+02 
   67.562    6.070000  3.696939e+02  2.444636e+02 
   67.562    6.173000  3.716708e+02  2.446590e+02 
   67.562    6.276000  3.741380e+02  2.448873e+02 
   67.562    6.379000  3.765110e+02  2.451091e+02 
   67.562    6.482000  3.797941e+02  2.453900e+02 
   67.562    6.585000  3.863940e+02  2.458810e+02 
   67.562    6.688000  3.900630e+02  2.461787e+02 
   67.562    6.790000  3.929269e+02  2.464234e+02 
   67.562    6.893000  3.957879e+02  2.466672e+02 
   67.562    6.996000  3.985210e+02  2.469006e+02 
   67.562    7.099000  4.013629e+02  2.471392e+02 
   67.562    7.202000  4.052427e+02  2.474422e+02 
   67.562    7.305000  4.076909e+02  2.476587e+02 
   67.562    7.408000  4.101329e+02  2.478775e+02 
   67.562    7.511000  4.127256e+02  2.481072e+02 
   67.562    7.614000  4.152402e+02  2.483336e+02 
   67.562    7.716000  4.180847e+02  2.485781e+02 
   67.562    7.819000  4.203858e+02  2.487887e+02 
   67.562    7.921999  4.227059e+02  2.489980e+02 
   67.562    8.025001  4.251085e+02  2.492097e+02 
   67.562    8.128000  4.275543e+02  2.494210e+02 
   67.562    8.231000  4.298852e+02  2.496232e+02 
   67.562    8.334001  4.322621e+02  2.498259e+02 
   67.562    8.437000  4.350946e+02  2.500522e+02 
   67.562    8.540000  4.375494e+02  2.502561e+02 
   67.562    8.642000  4.399099e+02  2.504529e+02 
   67.562    8.745000  4.422778e+02  2.506496e+02 
   67.562    8.848001  4.441469e+02  2.508180e+02 
   67.562    8.951000  4.454338e+02  2.509913e+02 
   67.562    9.054000  4.467726e+02  2.511675e+02 
   67.562    9.157001  4.482133e+02  2.513512e+02 
   67.562    9.260000  4.497705e+02  2.515432e+02 
   67.562    9.363000  4.502533e+02  2.516266e+02 
   67.562    9.466001  4.507354e+02  2.517079e+02 
   67.562    9.568000  4.512123e+02  2.517865e+02 
   67.562    9.671000  4.516935e+02  2.518640e+02 
   67.562    9.774000  4.521713e+02  2.519395e+02 
   67.562    9.877000  4.526414e+02  2.520133e+02 
   67.562    9.980000  4.531028e+02  2.520853e+02 
   67.562   10.083000  4.535552e+02  2.521556e+02 
   67.562   10.186000  4.540301e+02  2.522235e+02 
   67.562   10.289001  4.544933e+02  2.522900e+02 
   67.562   10.392000  4.549471e+02  2.523552e+02 
   67.562   10.495000  4.553947e+02  2.524192e+02 
   67.562   10.597000  4.558326e+02  2.524814e+02 
   67.562   10.700001  4.562688e+02  2.525431e+02 
   67.562   10.803000  4.566990e+02  2.526038e+02 
   67.562   10.906000  4.571231e+02  2.526636e+02 
   67.562   11.009000  4.575411e+02  2.527225e+02 
   67.562   11.112000  4.579533e+02  2.527807e+02 
   67.562   11.215000  4.583597e+02  2.528381e+02 
   67.562   11.318000  4.587606e+02  2.528948e+02 
   67.562   11.421000  4.591564e+02  2.529509e+02 
   67.562   11.523001  4.595435e+02  2.530057e+02 
   67.562   11.626000  4.599291e+02  2.530604e+02 
   67.562   11.729000  4.603096e+02  2.531144e+02 
   67.562   11.832001  4.606847e+02  2.531677e+02 
   67.562   11.935000  4.610545e+02  2.532204e+02 
   67.562   12.038000  4.614192e+02  2.532723e+02 
   67.562   12.141001  4.617788e+02  2.533235e+02 
   67.562   12.244000  4.621335e+02  2.533740e+02 
   67.562   12.347000  4.624833e+02  2.534237e+02 
   67.562   12.449000  4.628252e+02  2.534723e+02 
   67.562   12.552000  4.631657e+02  2.535205e+02 
   67.562   12.655001  4.635017e+02  2.535680e+02 
   67.562   12.758000  4.638334e+02  2.536147e+02 
   67.562   12.861000  4.641611e+02  2.536606e+02 
   67.562   12.964001  4.644848e+02  2.537057e+02 
   67.562   13.067000  4.648048e+02  2.537498e+02 
   67.562   13.170000  4.651210e+02  2.537931e+02 
   67.562   13.273001  4.654334e+02  2.538356e+02 
   67.562   13.375000  4.657393e+02  2.538767e+02 
   67.562   13.478001  4.660447e+02  2.539173e+02 
   67.562   13.581000  4.663466e+02  2.539571e+02 
   67.562   13.684000  4.666451e+02  2.539959e+02 
   67.562   13.787001  4.669403e+02  2.540338e+02 
   67.562   13.890000  4.672321e+02  2.540708e+02 
   67.562   13.993000  4.675208e+02  2.541069e+02 
   67.562   14.096001  4.678063e+02  2.541421e+02 
   67.562   14.199000  4.680886e+02  2.541763e+02 
   67.562   14.301001  4.683651e+02  2.542094e+02 
   67.562   14.404000  4.686411e+02  2.542419e+02 
   67.562   14.507000  4.689140e+02  2.542736e+02 
   67.562   14.610001  4.691838e+02  2.543045e+02 
   67.562   14.713000  4.694503e+02  2.543347e+02 
   67.562   14.816000  4.697137e+02  2.543642e+02 
   67.562   14.919001  4.699738e+02  2.543932e+02 
   67.562   15.022000  4.702307e+02  2.544215e+02 
   67.562   15.125000  4.704845e+02  2.544493e+02 
   67.562   15.228001  4.707351e+02  2.544765e+02 
   67.562   15.330000  4.709803e+02  2.545029e+02 
   67.562   15.433001  4.712247e+02  2.545290e+02 
   67.562   15.536000  4.714662e+02  2.545546e+02 
   67.562   15.639000  4.717046e+02  2.545796e+02 
   67.562   15.742001  4.719401e+02  2.546040e+02 
   67.562   15.845000  4.721727e+02  2.546279e+02 
   67.562   15.948000  4.724026e+02  2.546513e+02 
   67.562   16.051001  4.726300e+02  2.546740e+02 
   67.562   16.154001  4.728549e+02  2.546963e+02 
   67.562   16.256001  4.730752e+02  2.547178e+02 
   67.562   16.359001  4.732954e+02  2.547390e+02 
   67.562   16.462000  4.735133e+02  2.547596e+02 
   67.562   16.565001  4.737289e+02  2.547796e+02 
   67.562   16.668001  4.739424e+02  2.547991e+02 
   67.562   16.771000  4.741540e+02  2.548180e+02 
   67.562   16.874001  4.743636e+02  2.548361e+02 
   67.562   16.977001  4.745713e+02  2.548537e+02 
   67.562   17.080000  4.747773e+02  2.548704e+02 
   67.562   17.182001  4.749800e+02  2.548861e+02 
   67.562   17.285000  4.751833e+02  2.549011e+02 
   67.562   17.388000  4.753853e+02  2.549152e+02 
   67.562   17.491001  4.755861e+02  2.549284e+02 
   67.562   17.594000  4.757858e+02  2.549407e+02 
   67.562   17.697001  4.759843e+02  2.549520e+02 
   67.562   17.800001  4.761814e+02  2.549626e+02 
   67.562   17.903000  4.763771e+02  2.549724e+02 
   67.562   18.006001  4.765712e+02  2.549816e+02 
   67.562   18.108000  4.767619e+02  2.549901e+02 
   67.562   18.211000  4.769528e+02  2.549981e+02 
   67.562   18.314001  4.771421e+02  2.550056e+02 
   67.562   18.417000  4.773296e+02  2.550126e+02 
   67.562   18.520000  4.775155e+02  2.550191e+02 
   67.562   18.623001  4.776999e+02  2.550250e+02 
   67.562   18.726000  4.778829e+02  2.550303e+02 
   67.562   18.829000  4.780643e+02  2.550352e+02 
   67.562   18.932001  4.782443e+02  2.550394e+02 
   67.562   19.034000  4.784211e+02  2.550432e+02 
   67.562   19.137001  4.785984e+02  2.550464e+02 
   67.562   19.240000  4.787744e+02  2.550492e+02 
   67.562   19.343000  4.789490e+02  2.550515e+02 
   67.562   19.446001  4.791223e+02  2.550533e+02 
   67.562   19.549000  4.792943e+02  2.550547e+02 
   67.562   19.652000  4.794649e+02  2.550557e+02 
   67.562   19.755001  4.796342e+02  2.550562e+02 
   67.562   19.858000  4.798023e+02  2.550563e+02 
   67.562   19.961000  4.799692e+02  2.550560e+02 
   67.562   20.063000  4.801335e+02  2.550551e+02 
   67.562   20.363001  4.806117e+02  2.550493e+02 
   67.562   20.858000  4.813780e+02  2.550325e+02 
   67.562   21.354000  4.821179e+02  2.550074e+02 
   67.562   21.850000  4.828297e+02  2.549753e+02 
   67.562   22.346001  4.835074e+02  2.549407e+02 
   67.562   22.841000  4.841437e+02  2.549077e+02 
   67.562   23.337000  4.847385e+02  2.548784e+02 
   67.562   23.833000  4.852935e+02  2.548520e+02 
   67.562   24.329000  4.858149e+02  2.548262e+02 
   67.562   24.823999  4.863046e+02  2.548007e+02 
   67.562   25.320000  4.867638e+02  2.547762e+02 
   67.562   25.816000  4.871921e+02  2.547534e+02 
   67.562   26.312000  4.875921e+02  2.547319e+02 
   67.562   26.807001  4.879659e+02  2.547111e+02 
   67.562   27.302999  4.883163e+02  2.546909e+02 
   67.562   27.799000  4.886433e+02  2.546715e+02 
   67.562   28.295000  4.889487e+02  2.546527e+02 
   67.562   28.790001  4.892350e+02  2.546342e+02 
   67.562   29.286001  4.895059e+02  2.546155e+02 
   67.562   29.782000  4.897632e+02  2.545965e+02 
   67.562   30.278000  4.900085e+02  2.545770e+02 
   67.562   30.773001  4.902431e+02  2.545572e+02 
   67.562   31.269001  4.904695e+02  2.545372e+02 
   67.562   31.764999  4.906889e+02  2.545169e+02 
   67.562   32.260998  4.909035e+02  2.544965e+02 
   67.562   32.757000  4.911151e+02  2.544762e+02 
   67.562   33.251999  4.913249e+02  2.544562e+02 
   67.562   33.747997  4.915351e+02  2.544368e+02 
   67.562   34.243999  4.917467e+02  2.544183e+02 
   67.562   34.739998  4.919615e+02  2.544007e+02 
   67.562   35.234997  4.921799e+02  2.543843e+02 
   67.562   35.730999  4.924041e+02  2.543688e+02 
   67.562   36.226997  4.926342e+02  2.543543e+02 
   67.562   36.723000  4.928700e+02  2.543408e+02 
   67.562   37.217999  4.931108e+02  2.543282e+02 
   67.562   37.713997  4.933563e+02  2.543165e+02 
   67.562   38.209999  4.936045e+02  2.543056e+02 
   67.562   38.705997  4.938535e+02  2.542955e+02 
   67.562   39.201000  4.941012e+02  2.542863e+02 
   67.562   39.696999  4.943461e+02  2.542781e+02 
   67.562   40.196999  4.945847e+02  2.542718e+02 
   67.562   45.196999  4.964579e+02  2.542506e+02 
   67.562   50.196999  4.971675e+02  2.542529e+02 
   67.562   55.196999  4.974171e+02  2.542585e+02 
   67.562   60.196999  4.981727e+02  2.542632e+02 
   67.562   65.196999  4.994089e+02  2.542664e+02 
