    0.000    0.000000  0.000000e+00  3.516247e+02 
    0.000    0.103000  0.000000e+00  3.507909e+02 
    0.000    0.206000  0.000000e+00  3.494727e+02 
    0.000    0.309000  0.000000e+00  3.481482e+02 
    0.000    0.412000  0.000000e+00  3.467360e+02 
    0.000    0.515000  0.000000e+00  3.454444e+02 
    0.000    0.618000  0.000000e+00  3.430924e+02 
    0.000    0.720000  0.000000e+00  3.400781e+02 
    0.000    0.823000  0.000000e+00  3.369099e+02 
    0.000    0.926000  0.000000e+00  3.334686e+02 
    0.000    1.029000  0.000000e+00  3.298519e+02 
    0.000    1.132000  0.000000e+00  3.263271e+02 
    0.000    1.235000  0.000000e+00  3.227436e+02 
    0.000    1.338000  0.000000e+00  3.192134e+02 
    0.000    1.441000  0.000000e+00  3.157202e+02 
    0.000    1.544000  0.000000e+00  3.122721e+02 
    0.000    1.646000  0.000000e+00  3.094063e+02 
    0.000    1.749000  0.000000e+00  3.079330e+02 
    0.000    1.852000  0.000000e+00  3.044462e+02 
    0.000    1.955000  0.000000e+00  3.016221e+02 
    0.000    2.058000  0.000000e+00  2.992382e+02 
    0.000    2.161000  0.000000e+00  2.971074e+02 
    0.000    2.264000  0.000000e+00  2.941813e+02 
    0.000    2.367000  0.000000e+00  2.915444e+02 
    0.000    2.470000  0.000000e+00  2.895683e+02 
    0.000    2.572000  0.000000e+00  2.872420e+02 
    0.000    2.675000  0.000000e+00  2.857376e+02 
    0.000    2.778000  0.000000e+00  2.844059e+02 
    0.000    2.881000  0.000000e+00  2.831939e+02 
    0.000    2.984000  0.000000e+00  2.820309e+02 
    0.000    3.087000  0.000000e+00  2.808797e+02 
    0.000    3.190000  0.000000e+00  2.797224e+02 
    0.000    3.293000  0.000000e+00  2.785530e+02 
    0.000    3.396000  0.000000e+00  2.773814e+02 
    0.000    3.498000  0.000000e+00  2.762182e+02 
    0.000    3.601000  0.000000e+00  2.750488e+02 
    0.000    3.704000  0.000000e+00  2.738842e+02 
    0.000    3.807000  0.000000e+00  2.727249e+02 
    0.000    3.910000  0.000000e+00  2.715566e+02 
    0.000    4.013000  0.000000e+00  2.703897e+02 
    0.000    4.116000  0.000000e+00  2.692228e+02 
    0.000    4.219000  0.000000e+00  2.680584e+02 
    0.000    4.322000  0.000000e+00  2.669045e+02 
    0.000    4.424000  0.000000e+00  2.657652e+02 
    0.000    4.527000  0.000000e+00  2.645345e+02 
    0.000    4.630000  0.000000e+00  2.632734e+02 
    0.000    4.733000  0.000000e+00  2.619740e+02 
    0.000    4.836000  0.000000e+00  2.607038e+02 
    0.000    4.939000  0.000000e+00  2.595396e+02 
    0.000    5.042000  0.000000e+00  2.583820e+02 
    0.000    5.145000  0.000000e+00  2.572330e+02 
    0.000    5.248000  0.000000e+00  2.559489e+02 
    0.000    5.350000  0.000000e+00  2.544344e+02 
    0.000    5.453000  0.000000e+00  2.525664e+02 
    0.000    5.556000  0.000000e+00  2.502414e+02 
    0.000    5.659000  0.000000e+00  2.474628e+02 
    0.000    5.762000  0.000000e+00  2.442626e+02 
    0.000    5.865000  0.000000e+00  2.409001e+02 
    0.000    5.968000  0.000000e+00  2.378214e+02 
    0.000    6.071000  0.000000e+00  2.352247e+02 
    0.000    6.174000  0.000000e+00  2.333120e+02 
    0.000    6.276000  0.000000e+00  2.319639e+02 
    0.000    6.379000  0.000000e+00  2.309030e+02 
    0.000    6.482000  0.000000e+00  2.301350e+02 
    0.000    6.585000  0.000000e+00  2.293826e+02 
    0.000    6.688000  0.000000e+00  2.286607e+02 
    0.000    6.791000  0.000000e+00  2.279617e+02 
    0.000    6.894000  0.000000e+00  2.273199e+02 
    0.000    6.997000  0.000000e+00  2.267551e+02 
    0.000    7.100000  0.000000e+00  2.262441e+02 
    0.000    7.202000  0.000000e+00  2.258562e+02 
    0.000    7.305000  0.000000e+00  2.255701e+02 
    0.000    7.408000  0.000000e+00  2.253491e+02 
    0.000    7.511000  0.000000e+00  2.252226e+02 
    0.000    7.614000  0.000000e+00  2.251589e+02 
    0.000    7.717000  0.000000e+00  2.251204e+02 
    0.000    7.820000  0.000000e+00  2.250782e+02 
    0.000    7.923000  0.000000e+00  2.250361e+02 
    0.000    8.026000  0.000000e+00  2.249732e+02 
    0.000    8.129001  0.000000e+00  2.248704e+02 
    0.000    8.231001  0.000000e+00  2.247450e+02 
    0.000    8.334001  0.000000e+00  2.246049e+02 
    0.000    8.437000  0.000000e+00  2.244559e+02 
    0.000    8.540000  0.000000e+00  2.243020e+02 
    0.000    8.643001  0.000000e+00  2.241505e+02 
    0.000    8.746000  0.000000e+00  2.240014e+02 
    0.000    8.849000  0.000000e+00  2.238532e+02 
    0.000    8.952001  0.000000e+00  2.237151e+02 
    0.000    9.055000  0.000000e+00  2.235844e+02 
    0.000    9.157001  0.000000e+00  2.234616e+02 
    0.000    9.260000  0.000000e+00  2.233634e+02 
    0.000    9.363001  0.000000e+00  2.232840e+02 
    0.000    9.466001  0.000000e+00  2.232176e+02 
    0.000    9.569000  0.000000e+00  2.231684e+02 
    0.000    9.672001  0.000000e+00  2.231322e+02 
    0.000    9.775001  0.000000e+00  2.231023e+02 
    0.000    9.878000  0.000000e+00  2.230720e+02 
    0.000    9.981001  0.000000e+00  2.230424e+02 
    0.000   10.083000  0.000000e+00  2.230123e+02 
    0.000   10.186001  0.000000e+00  2.229761e+02 
    0.000   10.289001  0.000000e+00  2.229366e+02 
    0.000   10.392000  0.000000e+00  2.229008e+02 
    0.000   10.495001  0.000000e+00  2.228763e+02 
    0.000   10.598001  0.000000e+00  2.228601e+02 
    0.000   10.701000  0.000000e+00  2.228431e+02 
    0.000   10.804001  0.000000e+00  2.228133e+02 
    0.000   10.907001  0.000000e+00  2.227751e+02 
    0.000   11.009001  0.000000e+00  2.227311e+02 
    0.000   11.112000  0.000000e+00  2.226759e+02 
    0.000   11.215000  0.000000e+00  2.226131e+02 
    0.000   11.318001  0.000000e+00  2.225460e+02 
    0.000   11.421000  0.000000e+00  2.224744e+02 
    0.000   11.524000  0.000000e+00  2.223997e+02 
    0.000   11.627001  0.000000e+00  2.223229e+02 
    0.000   11.730000  0.000000e+00  2.222439e+02 
    0.000   11.833000  0.000000e+00  2.221632e+02 
    0.000   11.935000  0.000000e+00  2.220824e+02 
    0.000   12.038000  0.000000e+00  2.220044e+02 
    0.000   12.141001  0.000000e+00  2.219292e+02 
    0.000   12.244000  0.000000e+00  2.218556e+02 
    0.000   12.347000  0.000000e+00  2.217856e+02 
    0.000   12.450001  0.000000e+00  2.217189e+02 
    0.000   12.553000  0.000000e+00  2.216543e+02 
    0.000   12.656000  0.000000e+00  2.215932e+02 
    0.000   12.759001  0.000000e+00  2.215355e+02 
    0.000   12.862000  0.000000e+00  2.214803e+02 
    0.000   12.964001  0.000000e+00  2.214268e+02 
    0.000   13.067000  0.000000e+00  2.213734e+02 
    0.000   13.170000  0.000000e+00  2.213207e+02 
    0.000   13.273001  0.000000e+00  2.212680e+02 
    0.000   13.376000  0.000000e+00  2.212141e+02 
    0.000   13.479000  0.000000e+00  2.211594e+02 
    0.000   13.582001  0.000000e+00  2.211046e+02 
    0.000   13.685000  0.000000e+00  2.210501e+02 
    0.000   13.788000  0.000000e+00  2.209959e+02 
    0.000   13.890000  0.000000e+00  2.209424e+02 
    0.000   13.993000  0.000000e+00  2.208910e+02 
    0.000   14.096001  0.000000e+00  2.208421e+02 
    0.000   14.199000  0.000000e+00  2.207948e+02 
    0.000   14.302000  0.000000e+00  2.207501e+02 
    0.000   14.405001  0.000000e+00  2.207084e+02 
    0.000   14.508000  0.000000e+00  2.206689e+02 
    0.000   14.611000  0.000000e+00  2.206308e+02 
    0.000   14.714001  0.000000e+00  2.205928e+02 
    0.000   14.816000  0.000000e+00  2.205555e+02 
    0.000   14.919001  0.000000e+00  2.205184e+02 
    0.000   15.022000  0.000000e+00  2.204811e+02 
    0.000   15.125000  0.000000e+00  2.204436e+02 
    0.000   15.228001  0.000000e+00  2.204063e+02 
    0.000   15.331000  0.000000e+00  2.203690e+02 
    0.000   15.434000  0.000000e+00  2.203315e+02 
    0.000   15.537001  0.000000e+00  2.202939e+02 
    0.000   15.640000  0.000000e+00  2.202562e+02 
    0.000   15.742001  0.000000e+00  2.202175e+02 
    0.000   15.845000  0.000000e+00  2.201776e+02 
    0.000   15.948001  0.000000e+00  2.201373e+02 
    0.000   16.050999  0.000000e+00  2.200991e+02 
    0.000   16.153999  0.000000e+00  2.200633e+02 
    0.000   16.257000  0.000000e+00  2.200290e+02 
    0.000   16.359999  0.000000e+00  2.199956e+02 
    0.000   16.462999  0.000000e+00  2.199624e+02 
    0.000   16.566000  0.000000e+00  2.199294e+02 
    0.000   16.667999  0.000000e+00  2.198970e+02 
    0.000   16.771000  0.000000e+00  2.198625e+02 
    0.000   16.873999  0.000000e+00  2.198263e+02 
    0.000   16.976999  0.000000e+00  2.197893e+02 
    0.000   17.080000  0.000000e+00  2.197518e+02 
    0.000   17.182999  0.000000e+00  2.197139e+02 
    0.000   17.285999  0.000000e+00  2.196759e+02 
    0.000   17.389000  0.000000e+00  2.196377e+02 
    0.000   17.491999  0.000000e+00  2.195997e+02 
    0.000   17.594000  0.000000e+00  2.195624e+02 
    0.000   17.696999  0.000000e+00  2.195248e+02 
    0.000   17.799999  0.000000e+00  2.194875e+02 
    0.000   17.903000  0.000000e+00  2.194505e+02 
    0.000   18.005999  0.000000e+00  2.194140e+02 
    0.000   18.108999  0.000000e+00  2.193778e+02 
    0.000   18.212000  0.000000e+00  2.193431e+02 
    0.000   18.314999  0.000000e+00  2.193101e+02 
    0.000   18.417999  0.000000e+00  2.192782e+02 
    0.000   18.521000  0.000000e+00  2.192474e+02 
    0.000   18.622999  0.000000e+00  2.192183e+02 
    0.000   18.726000  0.000000e+00  2.191901e+02 
    0.000   18.828999  0.000000e+00  2.191629e+02 
    0.000   18.931999  0.000000e+00  2.191365e+02 
    0.000   19.035000  0.000000e+00  2.191109e+02 
    0.000   19.137999  0.000000e+00  2.190860e+02 
    0.000   19.240999  0.000000e+00  2.190616e+02 
    0.000   19.344000  0.000000e+00  2.190375e+02 
    0.000   19.446999  0.000000e+00  2.190137e+02 
    0.000   19.549000  0.000000e+00  2.189904e+02 
    0.000   19.652000  0.000000e+00  2.189673e+02 
    0.000   19.754999  0.000000e+00  2.189430e+02 
    0.000   19.858000  0.000000e+00  2.189176e+02 
    0.000   19.960999  0.000000e+00  2.188915e+02 
    0.000   20.063999  0.000000e+00  2.188649e+02 
    0.000   20.362999  0.000000e+00  2.187839e+02 
    0.000   20.858999  0.000000e+00  2.186567e+02 
    0.000   21.355000  0.000000e+00  2.185540e+02 
    0.000   21.850000  0.000000e+00  2.184719e+02 
    0.000   22.345999  0.000000e+00  2.183968e+02 
    0.000   22.841999  0.000000e+00  2.183225e+02 
    0.000   23.337999  0.000000e+00  2.182479e+02 
    0.000   23.833000  0.000000e+00  2.181816e+02 
    0.000   24.328999  0.000000e+00  2.181382e+02 
    0.000   24.824999  0.000000e+00  2.181208e+02 
    0.000   25.320999  0.000000e+00  2.181197e+02 
    0.000   25.816000  0.000000e+00  2.181201e+02 
    0.000   26.312000  0.000000e+00  2.181141e+02 
    0.000   26.807999  0.000000e+00  2.181170e+02 
    0.000   27.303999  0.000000e+00  2.181352e+02 
    0.000   27.799000  0.000000e+00  2.181638e+02 
    0.000   28.295000  0.000000e+00  2.181977e+02 
    0.000   28.791000  0.000000e+00  2.182396e+02 
    0.000   29.286999  0.000000e+00  2.182834e+02 
    0.000   29.782000  0.000000e+00  2.183293e+02 
    0.000   30.278000  0.000000e+00  2.183804e+02 
    0.000   30.774000  0.000000e+00  2.184388e+02 
    0.000   31.269999  0.000000e+00  2.184996e+02 
    0.000   31.764999  0.000000e+00  2.185581e+02 
    0.000   32.260998  0.000000e+00  2.186148e+02 
    0.000   32.757000  0.000000e+00  2.186705e+02 
    0.000   33.252998  0.000000e+00  2.187259e+02 
    0.000   33.748001  0.000000e+00  2.187823e+02 
    0.000   34.243999  0.000000e+00  2.188406e+02 
    0.000   34.739998  0.000000e+00  2.189026e+02 
    0.000   35.236000  0.000000e+00  2.189675e+02 
    0.000   35.731998  0.000000e+00  2.190307e+02 
    0.000   36.227001  0.000000e+00  2.190913e+02 
    0.000   36.723000  0.000000e+00  2.191450e+02 
    0.000   37.218998  0.000000e+00  2.191926e+02 
    0.000   37.715000  0.000000e+00  2.192366e+02 
    0.000   38.209999  0.000000e+00  2.192777e+02 
    0.000   38.706001  0.000000e+00  2.193198e+02 
    0.000   39.202000  0.000000e+00  2.193638e+02 
    0.000   39.697998  0.000000e+00  2.194104e+02 
    0.000   40.197998  0.000000e+00  2.194602e+02 
    0.000   45.197998  0.000000e+00  2.199084e+02 
    0.000   50.197998  0.000000e+00  2.201306e+02 
    0.000   55.197998  0.000000e+00  2.201250e+02 
    0.000   60.197998  0.000000e+00  2.200584e+02 
    0.000   65.198006  0.000000e+00  2.200057e+02 
