   66.836    0.000000  5.316142e-09  8.080753e+00 
   66.836    0.103000  5.344257e-09  8.196038e+00 
   66.836    0.206000  5.372259e-09  8.313322e+00 
   66.836    0.309000  5.400281e-09  8.431246e+00 
   66.836    0.411000  5.428075e-09  8.548102e+00 
   66.836    0.514000  5.456105e-09  8.665957e+00 
   66.836    0.617000  5.484069e-09  8.783503e+00 
   66.836    0.720000  7.097188e-09  1.129741e+01 
   66.836    0.823000  1.016404e-08  1.465558e+01 
   66.836    0.926000  1.568197e-08  1.855811e+01 
   66.836    1.029000  2.666512e-08  2.316509e+01 
   66.836    1.132000  4.928163e-08  2.833155e+01 
   66.836    1.235000  9.780963e-08  3.394294e+01 
   66.836    1.337000  2.046600e-07  3.984425e+01 
   66.836    1.440000  4.535086e-07  4.607037e+01 
   66.836    1.543000  1.069285e-06  5.270755e+01 
   66.836    1.646000  2.700838e-06  5.983236e+01 
   66.836    1.749000  3.756651e-06  6.229438e+01 
   66.836    1.852000  2.897973e-04  8.896468e+01 
   66.836    1.955000  1.643337e-02  1.167994e+02 
   66.836    2.058000  5.571201e-01  1.476338e+02 
   66.836    2.161000  9.024124e+00  1.826065e+02 
   66.836    2.263000  6.837400e+01  2.192678e+02 
   66.836    2.366000  2.915150e+02  2.501769e+02 
   66.836    2.469000  3.100241e+02  2.509498e+02 
   66.836    2.572000  3.173223e+02  2.511097e+02 
   66.836    2.675000  3.206845e+02  2.510849e+02 
   66.836    2.778000  3.220961e+02  2.509805e+02 
   66.836    2.881000  3.234964e+02  2.509035e+02 
   66.836    2.984000  3.248891e+02  2.508488e+02 
   66.836    3.087000  3.262758e+02  2.508130e+02 
   66.836    3.189000  3.276454e+02  2.507935e+02 
   66.836    3.292000  3.290269e+02  2.507877e+02 
   66.836    3.395000  3.304089e+02  2.507941e+02 
   66.836    3.498000  3.317927e+02  2.508114e+02 
   66.836    3.601000  3.331806e+02  2.508384e+02 
   66.836    3.704000  3.345745e+02  2.508739e+02 
   66.836    3.807000  3.359718e+02  2.509179e+02 
   66.836    3.910000  3.373672e+02  2.509701e+02 
   66.836    4.013000  3.387566e+02  2.510303e+02 
   66.836    4.115000  3.401228e+02  2.510973e+02 
   66.836    4.218000  3.414885e+02  2.511721e+02 
   66.836    4.321000  3.428380e+02  2.512534e+02 
   66.836    4.424000  3.441708e+02  2.513404e+02 
   66.836    4.527000  3.454854e+02  2.514326e+02 
   66.836    4.630000  3.467821e+02  2.515289e+02 
   66.836    4.733000  3.480607e+02  2.516290e+02 
   66.836    4.836000  3.493183e+02  2.517326e+02 
   66.836    4.939000  3.505543e+02  2.518392e+02 
   66.836    5.041000  3.737035e+02  2.547066e+02 
   66.836    5.144000  3.749630e+02  2.548088e+02 
   66.836    5.247000  3.764048e+02  2.549413e+02 
   66.836    5.350000  3.786157e+02  2.551732e+02 
   66.836    5.453000  3.852135e+02  2.559344e+02 
   66.836    5.556000  4.216932e+02  2.598876e+02 
   66.836    5.659000  4.233486e+02  2.600296e+02 
   66.836    5.762000  4.253235e+02  2.601766e+02 
   66.836    5.865000  4.281622e+02  2.603722e+02 
   66.836    5.968000  4.310419e+02  2.605725e+02 
   66.836    6.070000  4.340905e+02  2.607827e+02 
   66.836    6.173000  4.371392e+02  2.609940e+02 
   66.836    6.276000  4.405050e+02  2.612209e+02 
   66.836    6.379000  4.416966e+02  2.613375e+02 
   66.836    6.482000  4.428846e+02  2.614543e+02 
   66.836    6.585000  4.440718e+02  2.615710e+02 
   66.836    6.688000  4.452618e+02  2.616871e+02 
   66.836    6.791000  4.464554e+02  2.618027e+02 
   66.836    6.894000  4.476349e+02  2.619180e+02 
   66.836    6.996000  4.487648e+02  2.620321e+02 
   66.836    7.099000  4.498561e+02  2.621473e+02 
   66.836    7.202000  4.508849e+02  2.622622e+02 
   66.836    7.305000  4.518420e+02  2.623763e+02 
   66.836    7.408000  4.527249e+02  2.624894e+02 
   66.836    7.511000  4.535410e+02  2.626012e+02 
   66.836    7.614000  4.542909e+02  2.627119e+02 
   66.836    7.717000  4.549957e+02  2.628209e+02 
   66.836    7.820000  4.556850e+02  2.629283e+02 
   66.836    7.922000  4.563595e+02  2.630334e+02 
   66.836    8.025000  4.570331e+02  2.631379e+02 
   66.836    8.127999  4.577010e+02  2.632411e+02 
   66.836    8.231000  4.583630e+02  2.633429e+02 
   66.836    8.334000  4.590148e+02  2.634429e+02 
   66.836    8.436999  4.596521e+02  2.635412e+02 
   66.836    8.540000  4.602748e+02  2.636376e+02 
   66.836    8.643000  4.608864e+02  2.637319e+02 
   66.836    8.745999  4.614894e+02  2.638242e+02 
   66.836    8.848000  4.620776e+02  2.639135e+02 
   66.836    8.951000  4.626621e+02  2.640013e+02 
   66.836    9.054000  4.632368e+02  2.640868e+02 
   66.836    9.157000  4.637988e+02  2.641700e+02 
   66.836    9.259999  4.643479e+02  2.642511e+02 
   66.836    9.363000  4.648840e+02  2.643300e+02 
   66.836    9.466000  4.654071e+02  2.644069e+02 
   66.836    9.568999  4.659179e+02  2.644819e+02 
   66.836    9.672000  4.664167e+02  2.645552e+02 
   66.836    9.774000  4.668988e+02  2.646260e+02 
   66.836    9.877000  4.673737e+02  2.646959e+02 
   66.836    9.980000  4.678366e+02  2.647641e+02 
   66.836   10.083000  4.683233e+02  2.648298e+02 
   66.836   10.186000  4.688020e+02  2.648941e+02 
   66.836   10.289000  4.692737e+02  2.649569e+02 
   66.836   10.392000  4.697379e+02  2.650183e+02 
   66.836   10.495000  4.701946e+02  2.650783e+02 
   66.836   10.598000  4.706433e+02  2.651370e+02 
   66.836   10.700000  4.710801e+02  2.651939e+02 
   66.836   10.802999  4.715141e+02  2.652504e+02 
   66.836   10.906000  4.719411e+02  2.653059e+02 
   66.836   11.009000  4.723619e+02  2.653605e+02 
   66.836   11.112000  4.727777e+02  2.654144e+02 
   66.836   11.215000  4.731889e+02  2.654675e+02 
   66.836   11.318000  4.735952e+02  2.655200e+02 
   66.836   11.421000  4.739965e+02  2.655717e+02 
   66.836   11.524000  4.743925e+02  2.656228e+02 
   66.836   11.625999  4.747794e+02  2.656728e+02 
   66.836   11.729000  4.751645e+02  2.657227e+02 
   66.836   11.832000  4.755442e+02  2.657720e+02 
   66.836   11.934999  4.759184e+02  2.658207e+02 
   66.836   12.038000  4.762872e+02  2.658688e+02 
   66.836   12.141000  4.766508e+02  2.659164e+02 
   66.836   12.243999  4.770092e+02  2.659633e+02 
   66.836   12.347000  4.773625e+02  2.660095e+02 
   66.836   12.450000  4.777108e+02  2.660551e+02 
   66.836   12.552999  4.780541e+02  2.661001e+02 
   66.836   12.655000  4.783894e+02  2.661439e+02 
   66.836   12.757999  4.787233e+02  2.661873e+02 
   66.836   12.861000  4.790530e+02  2.662300e+02 
   66.836   12.964000  4.793787e+02  2.662718e+02 
   66.836   13.066999  4.797005e+02  2.663128e+02 
   66.836   13.170000  4.800185e+02  2.663530e+02 
   66.836   13.273000  4.803326e+02  2.663923e+02 
   66.836   13.375999  4.806430e+02  2.664308e+02 
   66.836   13.479000  4.809500e+02  2.664685e+02 
   66.836   13.580999  4.812503e+02  2.665049e+02 
   66.836   13.684000  4.815502e+02  2.665409e+02 
   66.836   13.787000  4.818467e+02  2.665760e+02 
   66.836   13.889999  4.821400e+02  2.666102e+02 
   66.836   13.993000  4.824299e+02  2.666435e+02 
   66.836   14.096000  4.827166e+02  2.666760e+02 
   66.836   14.198999  4.830002e+02  2.667075e+02 
   66.836   14.302000  4.832806e+02  2.667382e+02 
   66.836   14.405000  4.835579e+02  2.667679e+02 
   66.836   14.507000  4.838295e+02  2.667966e+02 
   66.836   14.610000  4.841006e+02  2.668246e+02 
   66.836   14.712999  4.843685e+02  2.668520e+02 
   66.836   14.816000  4.846334e+02  2.668786e+02 
   66.836   14.919000  4.848951e+02  2.669046e+02 
   66.836   15.021999  4.851537e+02  2.669299e+02 
   66.836   15.125000  4.854091e+02  2.669546e+02 
   66.836   15.228000  4.856615e+02  2.669788e+02 
   66.836   15.330999  4.859107e+02  2.670024e+02 
   66.836   15.433000  4.861545e+02  2.670252e+02 
   66.836   15.535999  4.863978e+02  2.670478e+02 
   66.836   15.639000  4.866381e+02  2.670698e+02 
   66.836   15.742000  4.868754e+02  2.670913e+02 
   66.836   15.844999  4.871100e+02  2.671123e+02 
   66.836   15.948000  4.873418e+02  2.671328e+02 
   66.836   16.051001  4.875711e+02  2.671528e+02 
   66.836   16.153999  4.877979e+02  2.671721e+02 
   66.836   16.257000  4.880224e+02  2.671910e+02 
   66.836   16.358999  4.882422e+02  2.672090e+02 
   66.836   16.462000  4.884619e+02  2.672267e+02 
   66.836   16.565001  4.886794e+02  2.672438e+02 
   66.836   16.667999  4.888946e+02  2.672603e+02 
   66.836   16.771000  4.891077e+02  2.672763e+02 
   66.836   16.874001  4.893187e+02  2.672917e+02 
   66.836   16.976999  4.895277e+02  2.673065e+02 
   66.836   17.080000  4.897349e+02  2.673206e+02 
   66.836   17.183001  4.899406e+02  2.673339e+02 
   66.836   17.285999  4.901447e+02  2.673465e+02 
   66.836   17.388000  4.903454e+02  2.673582e+02 
   66.836   17.490999  4.905468e+02  2.673692e+02 
   66.836   17.594000  4.907470e+02  2.673792e+02 
   66.836   17.697001  4.909461e+02  2.673884e+02 
   66.836   17.799999  4.911440e+02  2.673968e+02 
   66.836   17.903000  4.913404e+02  2.674045e+02 
   66.836   18.006001  4.915356e+02  2.674114e+02 
   66.836   18.108999  4.917292e+02  2.674177e+02 
   66.836   18.212000  4.919213e+02  2.674235e+02 
   66.836   18.313999  4.921097e+02  2.674287e+02 
   66.836   18.417000  4.922982e+02  2.674335e+02 
   66.836   18.520000  4.924848e+02  2.674379e+02 
   66.836   18.622999  4.926698e+02  2.674418e+02 
   66.836   18.726000  4.928533e+02  2.674452e+02 
   66.836   18.829000  4.930350e+02  2.674482e+02 
   66.836   18.931999  4.932153e+02  2.674506e+02 
   66.836   19.035000  4.933943e+02  2.674524e+02 
   66.836   19.138000  4.935721e+02  2.674537e+02 
   66.836   19.240000  4.937469e+02  2.674544e+02 
   66.836   19.343000  4.939222e+02  2.674546e+02 
   66.836   19.445999  4.940963e+02  2.674543e+02 
   66.836   19.549000  4.942691e+02  2.674535e+02 
   66.836   19.652000  4.944406e+02  2.674522e+02 
   66.836   19.754999  4.946107e+02  2.674505e+02 
   66.836   19.858000  4.947795e+02  2.674485e+02 
   66.836   19.961000  4.949470e+02  2.674461e+02 
   66.836   20.063999  4.951134e+02  2.674431e+02 
   66.836   20.362999  4.955910e+02  2.674316e+02 
   66.836   20.858999  4.963602e+02  2.674059e+02 
   66.836   21.354000  4.970994e+02  2.673725e+02 
   66.836   21.850000  4.978140e+02  2.673312e+02 
   66.836   22.346001  4.984988e+02  2.672854e+02 
   66.836   22.841999  4.991469e+02  2.672401e+02 
   66.836   23.337000  4.997520e+02  2.671986e+02 
   66.836   23.833000  5.003167e+02  2.671615e+02 
   66.836   24.329000  5.008444e+02  2.671271e+02 
   66.836   24.824999  5.013400e+02  2.670938e+02 
   66.836   25.320000  5.018038e+02  2.670616e+02 
   66.836   25.816000  5.022381e+02  2.670312e+02 
   66.836   26.312000  5.026433e+02  2.670030e+02 
   66.836   26.808001  5.030224e+02  2.669762e+02 
   66.836   27.302999  5.033770e+02  2.669501e+02 
   66.836   27.799000  5.037095e+02  2.669247e+02 
   66.836   28.295000  5.040200e+02  2.669003e+02 
   66.836   28.791000  5.043109e+02  2.668767e+02 
   66.836   29.285999  5.045843e+02  2.668537e+02 
   66.836   29.782000  5.048444e+02  2.668307e+02 
   66.836   30.278000  5.050927e+02  2.668075e+02 
   66.836   30.774000  5.053311e+02  2.667840e+02 
   66.836   31.268999  5.055609e+02  2.667604e+02 
   66.836   31.764999  5.057844e+02  2.667367e+02 
   66.836   32.261002  5.060037e+02  2.667131e+02 
   66.836   32.757000  5.062204e+02  2.666898e+02 
   66.836   33.252003  5.064358e+02  2.666671e+02 
   66.836   33.748001  5.066523e+02  2.666451e+02 
   66.836   34.244003  5.068707e+02  2.666241e+02 
   66.836   34.740002  5.070927e+02  2.666043e+02 
   66.836   35.235001  5.073187e+02  2.665857e+02 
   66.836   35.731003  5.075508e+02  2.665683e+02 
   66.836   36.227001  5.077889e+02  2.665520e+02 
   66.836   36.723003  5.080330e+02  2.665369e+02 
   66.836   37.218002  5.082816e+02  2.665228e+02 
   66.836   37.714001  5.085346e+02  2.665096e+02 
   66.836   38.210003  5.087900e+02  2.664973e+02 
   66.836   38.706001  5.090457e+02  2.664861e+02 
   66.836   39.201000  5.092996e+02  2.664759e+02 
   66.836   39.697002  5.095501e+02  2.664666e+02 
   66.836   40.197002  5.097935e+02  2.664595e+02 
   66.836   45.197002  5.116876e+02  2.664338e+02 
   66.836   50.197002  5.123986e+02  2.664341e+02 
   66.836   55.197002  5.126532e+02  2.664389e+02 
   66.836   60.197002  5.134455e+02  2.664432e+02 
   66.836   65.196999  5.146985e+02  2.664462e+02 
