   67.267    0.000000  4.651941e+00  2.121433e+01 
   67.267    0.103000  4.677767e+00  2.139763e+01 
   67.267    0.206000  4.703473e+00  2.159277e+01 
   67.267    0.309000  5.273188e+00  2.600359e+01 
   67.267    0.411000  5.577024e+00  2.821953e+01 
   67.267    0.514000  5.606321e+00  2.843204e+01 
   67.267    0.617000  5.635428e+00  2.864904e+01 
   67.267    0.720000  5.664498e+00  2.886853e+01 
   67.267    0.823000  5.693650e+00  2.908942e+01 
   67.267    0.926000  5.722945e+00  2.931110e+01 
   67.267    1.029000  5.752413e+00  2.953319e+01 
   67.267    1.132000  5.782093e+00  2.975542e+01 
   67.267    1.235000  5.812014e+00  2.997761e+01 
   67.267    1.338000  5.842138e+00  3.019969e+01 
   67.267    1.440000  5.872012e+00  3.041965e+01 
   67.267    1.543000  5.902078e+00  3.064194e+01 
   67.267    1.646000  5.932034e+00  3.086425e+01 
   67.267    1.749000  5.974217e+00  3.117537e+01 
   67.267    1.852000  5.927869e+01  8.993375e+01 
   67.267    1.955000  1.338763e+02  1.164952e+02 
   67.267    2.058000  1.832542e+02  1.275153e+02 
   67.267    2.161000  1.841603e+02  1.275114e+02 
   67.267    2.264000  1.850634e+02  1.275434e+02 
   67.267    2.366000  1.859549e+02  1.276003e+02 
   67.267    2.469000  1.868507e+02  1.276785e+02 
   67.267    2.572000  1.877400e+02  1.277743e+02 
   67.267    2.675000  1.886218e+02  1.278851e+02 
   67.267    2.778000  1.894956e+02  1.280087e+02 
   67.267    2.881000  1.903620e+02  1.281427e+02 
   67.267    2.984000  1.912212e+02  1.282857e+02 
   67.267    3.087000  1.920731e+02  1.284365e+02 
   67.267    3.190000  1.929182e+02  1.285940e+02 
   67.267    3.292000  1.937486e+02  1.287556e+02 
   67.267    3.395000  1.945817e+02  1.289237e+02 
   67.267    3.498000  1.954097e+02  1.290960e+02 
   67.267    3.601000  1.962341e+02  1.292718e+02 
   67.267    3.704000  1.970568e+02  1.294504e+02 
   67.267    3.807000  1.978782e+02  1.296316e+02 
   67.267    3.910000  1.987002e+02  1.298148e+02 
   67.267    4.013000  1.995235e+02  1.299997e+02 
   67.267    4.116000  2.003480e+02  1.301861e+02 
   67.267    4.218000  2.011653e+02  1.303719e+02 
   67.267    4.321000  2.019901e+02  1.305608e+02 
   67.267    4.424000  2.028117e+02  1.307509e+02 
   67.267    4.527000  2.036275e+02  1.309421e+02 
   67.267    4.630000  2.044344e+02  1.311344e+02 
   67.267    4.733000  2.052295e+02  1.313276e+02 
   67.267    4.836000  2.060107e+02  1.315215e+02 
   67.267    4.939000  2.067777e+02  1.317157e+02 
   67.267    5.042000  2.075308e+02  1.319102e+02 
   67.267    5.144000  2.085195e+02  1.321435e+02 
   67.267    5.247000  2.094720e+02  1.323739e+02 
   67.267    5.350000  2.104796e+02  1.326150e+02 
   67.267    5.453000  2.115470e+02  1.328674e+02 
   67.267    5.556000  2.128298e+02  1.331552e+02 
   67.267    5.659000  2.141880e+02  1.334561e+02 
   67.267    5.762000  2.156090e+02  1.337676e+02 
   67.267    5.865000  2.176006e+02  1.341682e+02 
   67.267    5.968000  2.191858e+02  1.345043e+02 
   67.267    6.070000  2.207534e+02  1.348367e+02 
   67.267    6.173000  2.235457e+02  1.353583e+02 
   67.267    6.276000  2.256197e+02  1.357658e+02 
   67.267    6.379000  2.308156e+02  1.366410e+02 
   67.267    6.482000  2.418196e+02  1.383328e+02 
   67.267    6.585000  2.630135e+02  1.412945e+02 
   67.267    6.688000  2.936079e+02  1.451144e+02 
   67.267    6.791000  3.306242e+02  1.491799e+02 
   67.267    6.894000  3.687174e+02  1.528504e+02 
   67.267    6.996000  3.938577e+02  1.550545e+02 
   67.267    7.099000  3.974835e+02  1.554225e+02 
   67.267    7.202000  4.002554e+02  1.557245e+02 
   67.267    7.305000  4.034071e+02  1.560616e+02 
   67.267    7.408000  4.061282e+02  1.563667e+02 
   67.267    7.511000  4.089716e+02  1.566845e+02 
   67.267    7.614000  4.120323e+02  1.570224e+02 
   67.267    7.717000  4.151322e+02  1.573641e+02 
   67.267    7.820000  4.180057e+02  1.576858e+02 
   67.267    7.923000  4.202704e+02  1.579588e+02 
   67.267    8.025000  4.226451e+02  1.582371e+02 
   67.267    8.127999  4.254201e+02  1.585432e+02 
   67.267    8.231000  4.282514e+02  1.588498e+02 
   67.267    8.334000  4.309231e+02  1.591415e+02 
   67.267    8.436999  4.333720e+02  1.594147e+02 
   67.267    8.540000  4.362721e+02  1.597185e+02 
   67.267    8.643000  4.390718e+02  1.600125e+02 
   67.267    8.745999  4.419250e+02  1.603082e+02 
   67.267    8.849000  4.443691e+02  1.605725e+02 
   67.267    8.951000  4.467883e+02  1.608312e+02 
   67.267    9.054000  4.495217e+02  1.611087e+02 
   67.267    9.157000  4.523170e+02  1.613863e+02 
   67.267    9.259999  4.556915e+02  1.616982e+02 
   67.267    9.363000  4.562010e+02  1.618130e+02 
   67.267    9.466000  4.567047e+02  1.619256e+02 
   67.267    9.568999  4.572027e+02  1.620360e+02 
   67.267    9.672000  4.576952e+02  1.621445e+02 
   67.267    9.775000  4.581799e+02  1.622509e+02 
   67.267    9.877000  4.586490e+02  1.623544e+02 
   67.267    9.980000  4.591109e+02  1.624569e+02 
   67.267   10.083000  4.595959e+02  1.625569e+02 
   67.267   10.186000  4.600701e+02  1.626551e+02 
   67.267   10.289000  4.605338e+02  1.627516e+02 
   67.267   10.392000  4.609887e+02  1.628465e+02 
   67.267   10.495000  4.614377e+02  1.629399e+02 
   67.267   10.598000  4.618810e+02  1.630316e+02 
   67.267   10.701000  4.623182e+02  1.631219e+02 
   67.267   10.802999  4.627443e+02  1.632101e+02 
   67.267   10.906000  4.631677e+02  1.632977e+02 
   67.267   11.009000  4.635847e+02  1.633841e+02 
   67.267   11.112000  4.639964e+02  1.634694e+02 
   67.267   11.215000  4.644032e+02  1.635535e+02 
   67.267   11.318000  4.648051e+02  1.636365e+02 
   67.267   11.421000  4.652023e+02  1.637184e+02 
   67.267   11.524000  4.655948e+02  1.637992e+02 
   67.267   11.627000  4.659823e+02  1.638790e+02 
   67.267   11.729000  4.663610e+02  1.639569e+02 
   67.267   11.832000  4.667382e+02  1.640346e+02 
   67.267   11.934999  4.671102e+02  1.641112e+02 
   67.267   12.038000  4.674771e+02  1.641868e+02 
   67.267   12.141000  4.678390e+02  1.642614e+02 
   67.267   12.243999  4.681958e+02  1.643349e+02 
   67.267   12.347000  4.685478e+02  1.644075e+02 
   67.267   12.450000  4.688950e+02  1.644790e+02 
   67.267   12.552999  4.692373e+02  1.645495e+02 
   67.267   12.655000  4.695717e+02  1.646183e+02 
   67.267   12.757999  4.699048e+02  1.646867e+02 
   67.267   12.861000  4.702336e+02  1.647540e+02 
   67.267   12.964000  4.705585e+02  1.648203e+02 
   67.267   13.066999  4.708795e+02  1.648853e+02 
   67.267   13.170000  4.711968e+02  1.649493e+02 
   67.267   13.273000  4.715103e+02  1.650121e+02 
   67.267   13.375999  4.718201e+02  1.650738e+02 
   67.267   13.479000  4.721264e+02  1.651343e+02 
   67.267   13.582000  4.724291e+02  1.651938e+02 
   67.267   13.684000  4.727255e+02  1.652516e+02 
   67.267   13.787000  4.730214e+02  1.653088e+02 
   67.267   13.889999  4.733139e+02  1.653650e+02 
   67.267   13.993000  4.736031e+02  1.654201e+02 
   67.267   14.096000  4.738892e+02  1.654741e+02 
   67.267   14.198999  4.741721e+02  1.655270e+02 
   67.267   14.302000  4.744517e+02  1.655789e+02 
   67.267   14.405000  4.747282e+02  1.656298e+02 
   67.267   14.507999  4.750017e+02  1.656796e+02 
   67.267   14.610000  4.752694e+02  1.657280e+02 
   67.267   14.712999  4.755365e+02  1.657760e+02 
   67.267   14.816000  4.758005e+02  1.658231e+02 
   67.267   14.919000  4.760614e+02  1.658693e+02 
   67.267   15.021999  4.763190e+02  1.659147e+02 
   67.267   15.125000  4.765735e+02  1.659594e+02 
   67.267   15.228000  4.768249e+02  1.660033e+02 
   67.267   15.330999  4.770732e+02  1.660464e+02 
   67.267   15.434000  4.773184e+02  1.660888e+02 
   67.267   15.535999  4.775583e+02  1.661301e+02 
   67.267   15.639000  4.777976e+02  1.661710e+02 
   67.267   15.742000  4.780339e+02  1.662112e+02 
   67.267   15.844999  4.782674e+02  1.662506e+02 
   67.267   15.948000  4.784981e+02  1.662893e+02 
   67.267   16.051001  4.787263e+02  1.663273e+02 
   67.267   16.153999  4.789521e+02  1.663645e+02 
   67.267   16.257000  4.791754e+02  1.664010e+02 
   67.267   16.360001  4.793962e+02  1.664367e+02 
   67.267   16.462000  4.796126e+02  1.664714e+02 
   67.267   16.565001  4.798289e+02  1.665058e+02 
   67.267   16.667999  4.800430e+02  1.665395e+02 
   67.267   16.771000  4.802550e+02  1.665724e+02 
   67.267   16.874001  4.804651e+02  1.666045e+02 
   67.267   16.976999  4.806733e+02  1.666359e+02 
   67.267   17.080000  4.808798e+02  1.666665e+02 
   67.267   17.183001  4.810848e+02  1.666962e+02 
   67.267   17.285999  4.812884e+02  1.667251e+02 
   67.267   17.388000  4.814885e+02  1.667527e+02 
   67.267   17.490999  4.816894e+02  1.667798e+02 
   67.267   17.594000  4.818893e+02  1.668059e+02 
   67.267   17.697001  4.820879e+02  1.668311e+02 
   67.267   17.799999  4.822852e+02  1.668554e+02 
   67.267   17.903000  4.824810e+02  1.668790e+02 
   67.267   18.006001  4.826755e+02  1.669018e+02 
   67.267   18.108999  4.828684e+02  1.669239e+02 
   67.267   18.212000  4.830597e+02  1.669454e+02 
   67.267   18.315001  4.832492e+02  1.669662e+02 
   67.267   18.417000  4.834353e+02  1.669863e+02 
   67.267   18.520000  4.836214e+02  1.670059e+02 
   67.267   18.622999  4.838060e+02  1.670249e+02 
   67.267   18.726000  4.839892e+02  1.670432e+02 
   67.267   18.829000  4.841708e+02  1.670610e+02 
   67.267   18.931999  4.843510e+02  1.670782e+02 
   67.267   19.035000  4.845298e+02  1.670947e+02 
   67.267   19.138000  4.847074e+02  1.671106e+02 
   67.267   19.240999  4.848837e+02  1.671259e+02 
   67.267   19.343000  4.850569e+02  1.671405e+02 
   67.267   19.445999  4.852306e+02  1.671548e+02 
   67.267   19.549000  4.854028e+02  1.671685e+02 
   67.267   19.652000  4.855737e+02  1.671817e+02 
   67.267   19.754999  4.857433e+02  1.671945e+02 
   67.267   19.858000  4.859116e+02  1.672067e+02 
   67.267   19.961000  4.860786e+02  1.672185e+02 
   67.267   20.063999  4.862447e+02  1.672296e+02 
   67.267   20.362999  4.867217e+02  1.672586e+02 
   67.267   20.858999  4.874903e+02  1.672984e+02 
   67.267   21.354000  4.882292e+02  1.673283e+02 
   67.267   21.850000  4.889425e+02  1.673492e+02 
   67.267   22.346001  4.896232e+02  1.673644e+02 
   67.267   22.841999  4.902651e+02  1.673776e+02 
   67.267   23.337000  4.908631e+02  1.673908e+02 
   67.267   23.833000  4.914214e+02  1.674042e+02 
   67.267   24.329000  4.919451e+02  1.674161e+02 
   67.267   24.824999  4.924376e+02  1.674259e+02 
   67.267   25.320000  4.928976e+02  1.674344e+02 
   67.267   25.816000  4.933278e+02  1.674422e+02 
   67.267   26.312000  4.937296e+02  1.674493e+02 
   67.267   26.808001  4.941059e+02  1.674552e+02 
   67.267   27.302999  4.944577e+02  1.674598e+02 
   67.267   27.799000  4.947867e+02  1.674636e+02 
   67.267   28.295000  4.950936e+02  1.674665e+02 
   67.267   28.791000  4.953814e+02  1.674685e+02 
   67.267   29.285999  4.956526e+02  1.674692e+02 
   67.267   29.782000  4.959109e+02  1.674686e+02 
   67.267   30.278000  4.961572e+02  1.674667e+02 
   67.267   30.774000  4.963934e+02  1.674636e+02 
   67.267   31.270000  4.966213e+02  1.674594e+02 
   67.267   31.764999  4.968419e+02  1.674543e+02 
   67.267   32.261002  4.970584e+02  1.674483e+02 
   67.267   32.757000  4.972721e+02  1.674418e+02 
   67.267   33.253002  4.974845e+02  1.674349e+02 
   67.267   33.748001  4.976968e+02  1.674280e+02 
   67.267   34.244003  4.979112e+02  1.674211e+02 
   67.267   34.740002  4.981288e+02  1.674145e+02 
   67.267   35.236000  4.983507e+02  1.674082e+02 
   67.267   35.731003  4.985775e+02  1.674022e+02 
   67.267   36.227001  4.988107e+02  1.673967e+02 
   67.267   36.723003  4.990497e+02  1.673914e+02 
   67.267   37.219002  4.992941e+02  1.673866e+02 
   67.267   37.714001  4.995421e+02  1.673821e+02 
   67.267   38.210003  4.997932e+02  1.673779e+02 
   67.267   38.706001  5.000450e+02  1.673741e+02 
   67.267   39.202003  5.002956e+02  1.673707e+02 
   67.267   39.697002  5.005422e+02  1.673678e+02 
   67.267   40.197002  5.007827e+02  1.673661e+02 
   67.267   45.197002  5.026649e+02  1.673717e+02 
   67.267   50.197002  5.033756e+02  1.673845e+02 
   67.267   55.197002  5.036273e+02  1.673946e+02 
   67.267   60.197002  5.043982e+02  1.674015e+02 
   67.267   65.196999  5.056408e+02  1.674058e+02 
