    0.000    0.000000  0.000000e+00  3.516385e+02 
    0.000    0.103000  0.000000e+00  3.507988e+02 
    0.000    0.206000  0.000000e+00  3.495882e+02 
    0.000    0.308000  0.000000e+00  3.482506e+02 
    0.000    0.411000  0.000000e+00  3.468851e+02 
    0.000    0.514000  0.000000e+00  3.454560e+02 
    0.000    0.617000  0.000000e+00  3.428232e+02 
    0.000    0.720000  0.000000e+00  3.413069e+02 
    0.000    0.823000  0.000000e+00  3.397386e+02 
    0.000    0.926000  0.000000e+00  3.381574e+02 
    0.000    1.029000  0.000000e+00  3.365904e+02 
    0.000    1.132000  0.000000e+00  3.350742e+02 
    0.000    1.234000  0.000000e+00  3.335429e+02 
    0.000    1.337000  0.000000e+00  3.319866e+02 
    0.000    1.440000  0.000000e+00  3.303120e+02 
    0.000    1.543000  0.000000e+00  3.285113e+02 
    0.000    1.646000  0.000000e+00  3.268050e+02 
    0.000    1.749000  0.000000e+00  3.229384e+02 
    0.000    1.852000  0.000000e+00  3.208324e+02 
    0.000    1.955000  0.000000e+00  3.063859e+02 
    0.000    2.058000  0.000000e+00  3.014826e+02 
    0.000    2.160000  0.000000e+00  2.986770e+02 
    0.000    2.263000  0.000000e+00  2.970149e+02 
    0.000    2.366000  0.000000e+00  2.960133e+02 
    0.000    2.469000  0.000000e+00  2.949510e+02 
    0.000    2.572000  0.000000e+00  2.938483e+02 
    0.000    2.675000  0.000000e+00  2.926920e+02 
    0.000    2.778000  0.000000e+00  2.914817e+02 
    0.000    2.881000  0.000000e+00  2.902616e+02 
    0.000    2.984000  0.000000e+00  2.890597e+02 
    0.000    3.087000  0.000000e+00  2.878604e+02 
    0.000    3.189000  0.000000e+00  2.866376e+02 
    0.000    3.292000  0.000000e+00  2.853957e+02 
    0.000    3.395000  0.000000e+00  2.841628e+02 
    0.000    3.498000  0.000000e+00  2.829390e+02 
    0.000    3.601000  0.000000e+00  2.817198e+02 
    0.000    3.704000  0.000000e+00  2.805023e+02 
    0.000    3.807000  0.000000e+00  2.792895e+02 
    0.000    3.910000  0.000000e+00  2.780557e+02 
    0.000    4.013000  0.000000e+00  2.768156e+02 
    0.000    4.115000  0.000000e+00  2.755891e+02 
    0.000    4.218000  0.000000e+00  2.743626e+02 
    0.000    4.321000  0.000000e+00  2.731513e+02 
    0.000    4.424000  0.000000e+00  2.719543e+02 
    0.000    4.527000  0.000000e+00  2.707761e+02 
    0.000    4.630000  0.000000e+00  2.696116e+02 
    0.000    4.733000  0.000000e+00  2.684473e+02 
    0.000    4.836000  0.000000e+00  2.672950e+02 
    0.000    4.939000  0.000000e+00  2.661491e+02 
    0.000    5.041000  0.000000e+00  2.650151e+02 
    0.000    5.144000  0.000000e+00  2.638857e+02 
    0.000    5.247000  0.000000e+00  2.627708e+02 
    0.000    5.350000  0.000000e+00  2.616725e+02 
    0.000    5.453000  0.000000e+00  2.605920e+02 
    0.000    5.556000  0.000000e+00  2.587870e+02 
    0.000    5.659000  0.000000e+00  2.577365e+02 
    0.000    5.762000  0.000000e+00  2.567045e+02 
    0.000    5.865000  0.000000e+00  2.556950e+02 
    0.000    5.967000  0.000000e+00  2.547150e+02 
    0.000    6.070000  0.000000e+00  2.537546e+02 
    0.000    6.173000  0.000000e+00  2.528240e+02 
    0.000    6.276000  0.000000e+00  2.519187e+02 
    0.000    6.379000  0.000000e+00  2.509491e+02 
    0.000    6.482000  0.000000e+00  2.499822e+02 
    0.000    6.585000  0.000000e+00  2.490120e+02 
    0.000    6.688000  0.000000e+00  2.480388e+02 
    0.000    6.791000  0.000000e+00  2.470952e+02 
    0.000    6.893000  0.000000e+00  2.462310e+02 
    0.000    6.996000  0.000000e+00  2.454418e+02 
    0.000    7.099000  0.000000e+00  2.446243e+02 
    0.000    7.202000  0.000000e+00  2.440923e+02 
    0.000    7.305000  0.000000e+00  2.436728e+02 
    0.000    7.408000  0.000000e+00  2.432832e+02 
    0.000    7.511000  0.000000e+00  2.430475e+02 
    0.000    7.614000  0.000000e+00  2.428618e+02 
    0.000    7.717000  0.000000e+00  2.426996e+02 
    0.000    7.819000  0.000000e+00  2.425460e+02 
    0.000    7.922000  0.000000e+00  2.424280e+02 
    0.000    8.025000  0.000000e+00  2.423024e+02 
    0.000    8.127999  0.000000e+00  2.421517e+02 
    0.000    8.231000  0.000000e+00  2.419854e+02 
    0.000    8.334000  0.000000e+00  2.416732e+02 
    0.000    8.436999  0.000000e+00  2.413648e+02 
    0.000    8.540000  0.000000e+00  2.411597e+02 
    0.000    8.643000  0.000000e+00  2.409440e+02 
    0.000    8.745000  0.000000e+00  2.407101e+02 
    0.000    8.848000  0.000000e+00  2.403708e+02 
    0.000    8.950999  0.000000e+00  2.366776e+02 
    0.000    9.054000  0.000000e+00  2.365497e+02 
    0.000    9.157000  0.000000e+00  2.364257e+02 
    0.000    9.259999  0.000000e+00  2.363231e+02 
    0.000    9.363000  0.000000e+00  2.362359e+02 
    0.000    9.466000  0.000000e+00  2.361572e+02 
    0.000    9.568999  0.000000e+00  2.360848e+02 
    0.000    9.672000  0.000000e+00  2.360174e+02 
    0.000    9.773999  0.000000e+00  2.359580e+02 
    0.000    9.877000  0.000000e+00  2.359099e+02 
    0.000    9.980000  0.000000e+00  2.358707e+02 
    0.000   10.082999  0.000000e+00  2.358330e+02 
    0.000   10.186000  0.000000e+00  2.357889e+02 
    0.000   10.289000  0.000000e+00  2.357414e+02 
    0.000   10.391999  0.000000e+00  2.356955e+02 
    0.000   10.495000  0.000000e+00  2.356554e+02 
    0.000   10.598000  0.000000e+00  2.356199e+02 
    0.000   10.700000  0.000000e+00  2.355836e+02 
    0.000   10.802999  0.000000e+00  2.355378e+02 
    0.000   10.905999  0.000000e+00  2.354859e+02 
    0.000   11.009000  0.000000e+00  2.354290e+02 
    0.000   11.112000  0.000000e+00  2.353620e+02 
    0.000   11.214999  0.000000e+00  2.352883e+02 
    0.000   11.318000  0.000000e+00  2.352109e+02 
    0.000   11.421000  0.000000e+00  2.351297e+02 
    0.000   11.523999  0.000000e+00  2.350461e+02 
    0.000   11.625999  0.000000e+00  2.349616e+02 
    0.000   11.729000  0.000000e+00  2.348741e+02 
    0.000   11.832000  0.000000e+00  2.347852e+02 
    0.000   11.934999  0.000000e+00  2.346955e+02 
    0.000   12.037999  0.000000e+00  2.346059e+02 
    0.000   12.141000  0.000000e+00  2.345163e+02 
    0.000   12.243999  0.000000e+00  2.344269e+02 
    0.000   12.346999  0.000000e+00  2.343429e+02 
    0.000   12.450000  0.000000e+00  2.342639e+02 
    0.000   12.552000  0.000000e+00  2.341886e+02 
    0.000   12.655000  0.000000e+00  2.341164e+02 
    0.000   12.757999  0.000000e+00  2.340478e+02 
    0.000   12.861000  0.000000e+00  2.339819e+02 
    0.000   12.964000  0.000000e+00  2.339186e+02 
    0.000   13.066999  0.000000e+00  2.338581e+02 
    0.000   13.170000  0.000000e+00  2.337998e+02 
    0.000   13.273000  0.000000e+00  2.337432e+02 
    0.000   13.375999  0.000000e+00  2.336875e+02 
    0.000   13.478000  0.000000e+00  2.336334e+02 
    0.000   13.580999  0.000000e+00  2.335797e+02 
    0.000   13.684000  0.000000e+00  2.335256e+02 
    0.000   13.787000  0.000000e+00  2.334716e+02 
    0.000   13.889999  0.000000e+00  2.334179e+02 
    0.000   13.993000  0.000000e+00  2.333657e+02 
    0.000   14.096000  0.000000e+00  2.333150e+02 
    0.000   14.198999  0.000000e+00  2.332653e+02 
    0.000   14.302000  0.000000e+00  2.332169e+02 
    0.000   14.403999  0.000000e+00  2.331703e+02 
    0.000   14.507000  0.000000e+00  2.331245e+02 
    0.000   14.610000  0.000000e+00  2.330792e+02 
    0.000   14.712999  0.000000e+00  2.330334e+02 
    0.000   14.816000  0.000000e+00  2.329875e+02 
    0.000   14.919000  0.000000e+00  2.329419e+02 
    0.000   15.021999  0.000000e+00  2.328963e+02 
    0.000   15.125000  0.000000e+00  2.328508e+02 
    0.000   15.228000  0.000000e+00  2.328056e+02 
    0.000   15.330999  0.000000e+00  2.327601e+02 
    0.000   15.433000  0.000000e+00  2.327143e+02 
    0.000   15.535999  0.000000e+00  2.326678e+02 
    0.000   15.639000  0.000000e+00  2.326223e+02 
    0.000   15.742000  0.000000e+00  2.325802e+02 
    0.000   15.844999  0.000000e+00  2.325412e+02 
    0.000   15.947999  0.000000e+00  2.325040e+02 
    0.000   16.051001  0.000000e+00  2.324673e+02 
    0.000   16.154001  0.000000e+00  2.324308e+02 
    0.000   16.257000  0.000000e+00  2.323948e+02 
    0.000   16.359001  0.000000e+00  2.323581e+02 
    0.000   16.462000  0.000000e+00  2.323180e+02 
    0.000   16.565001  0.000000e+00  2.322758e+02 
    0.000   16.668001  0.000000e+00  2.322325e+02 
    0.000   16.771000  0.000000e+00  2.321890e+02 
    0.000   16.874001  0.000000e+00  2.321455e+02 
    0.000   16.977001  0.000000e+00  2.321019e+02 
    0.000   17.080000  0.000000e+00  2.320585e+02 
    0.000   17.183001  0.000000e+00  2.320153e+02 
    0.000   17.285000  0.000000e+00  2.319728e+02 
    0.000   17.388000  0.000000e+00  2.319299e+02 
    0.000   17.491001  0.000000e+00  2.318881e+02 
    0.000   17.594000  0.000000e+00  2.318469e+02 
    0.000   17.697001  0.000000e+00  2.318063e+02 
    0.000   17.800001  0.000000e+00  2.317667e+02 
    0.000   17.903000  0.000000e+00  2.317288e+02 
    0.000   18.006001  0.000000e+00  2.316922e+02 
    0.000   18.109001  0.000000e+00  2.316566e+02 
    0.000   18.211000  0.000000e+00  2.316229e+02 
    0.000   18.314001  0.000000e+00  2.315902e+02 
    0.000   18.417000  0.000000e+00  2.315587e+02 
    0.000   18.520000  0.000000e+00  2.315280e+02 
    0.000   18.623001  0.000000e+00  2.314979e+02 
    0.000   18.726000  0.000000e+00  2.314683e+02 
    0.000   18.829000  0.000000e+00  2.314392e+02 
    0.000   18.932001  0.000000e+00  2.314108e+02 
    0.000   19.035000  0.000000e+00  2.313831e+02 
    0.000   19.137001  0.000000e+00  2.313563e+02 
    0.000   19.240000  0.000000e+00  2.313298e+02 
    0.000   19.343000  0.000000e+00  2.313028e+02 
    0.000   19.446001  0.000000e+00  2.312750e+02 
    0.000   19.549000  0.000000e+00  2.312467e+02 
    0.000   19.652000  0.000000e+00  2.312183e+02 
    0.000   19.755001  0.000000e+00  2.311893e+02 
    0.000   19.858000  0.000000e+00  2.311599e+02 
    0.000   19.961000  0.000000e+00  2.311302e+02 
    0.000   20.064001  0.000000e+00  2.311002e+02 
    0.000   20.363001  0.000000e+00  2.310153e+02 
    0.000   20.859001  0.000000e+00  2.308868e+02 
    0.000   21.354000  0.000000e+00  2.307819e+02 
    0.000   21.850000  0.000000e+00  2.306922e+02 
    0.000   22.346001  0.000000e+00  2.306060e+02 
    0.000   22.842001  0.000000e+00  2.305159e+02 
    0.000   23.337000  0.000000e+00  2.304287e+02 
    0.000   23.833000  0.000000e+00  2.303570e+02 
    0.000   24.329000  0.000000e+00  2.303116e+02 
    0.000   24.825001  0.000000e+00  2.302935e+02 
    0.000   25.320000  0.000000e+00  2.302896e+02 
    0.000   25.816000  0.000000e+00  2.302842e+02 
    0.000   26.312000  0.000000e+00  2.302849e+02 
    0.000   26.808001  0.000000e+00  2.302920e+02 
    0.000   27.303001  0.000000e+00  2.303044e+02 
    0.000   27.799000  0.000000e+00  2.303248e+02 
    0.000   28.295000  0.000000e+00  2.303553e+02 
    0.000   28.791000  0.000000e+00  2.303896e+02 
    0.000   29.286001  0.000000e+00  2.304295e+02 
    0.000   29.782001  0.000000e+00  2.304762e+02 
    0.000   30.278000  0.000000e+00  2.305287e+02 
    0.000   30.774000  0.000000e+00  2.305842e+02 
    0.000   31.269001  0.000000e+00  2.306414e+02 
    0.000   31.765001  0.000000e+00  2.306998e+02 
    0.000   32.261002  0.000000e+00  2.307589e+02 
    0.000   32.757000  0.000000e+00  2.308176e+02 
    0.000   33.251999  0.000000e+00  2.308746e+02 
    0.000   33.748001  0.000000e+00  2.309315e+02 
    0.000   34.243999  0.000000e+00  2.309892e+02 
    0.000   34.740002  0.000000e+00  2.310494e+02 
    0.000   35.235001  0.000000e+00  2.311117e+02 
    0.000   35.730999  0.000000e+00  2.311719e+02 
    0.000   36.227001  0.000000e+00  2.312294e+02 
    0.000   36.723000  0.000000e+00  2.312821e+02 
    0.000   37.218002  0.000000e+00  2.313305e+02 
    0.000   37.714001  0.000000e+00  2.313752e+02 
    0.000   38.209999  0.000000e+00  2.314169e+02 
    0.000   38.706001  0.000000e+00  2.314587e+02 
    0.000   39.201000  0.000000e+00  2.315014e+02 
    0.000   39.697002  0.000000e+00  2.315473e+02 
    0.000   40.197002  0.000000e+00  2.315977e+02 
    0.000   45.197002  0.000000e+00  2.320464e+02 
    0.000   50.197002  0.000000e+00  2.322728e+02 
    0.000   55.197002  0.000000e+00  2.322665e+02 
    0.000   60.197002  0.000000e+00  2.321992e+02 
    0.000   65.196999  0.000000e+00  2.321469e+02 
