    0.000    0.000000  0.000000e+00  3.518756e+02 
    0.000    0.103000  0.000000e+00  3.509776e+02 
    0.000    0.206000  0.000000e+00  3.497644e+02 
    0.000    0.308000  0.000000e+00  3.484011e+02 
    0.000    0.411000  0.000000e+00  3.469985e+02 
    0.000    0.514000  0.000000e+00  3.456085e+02 
    0.000    0.617000  0.000000e+00  3.440946e+02 
    0.000    0.720000  0.000000e+00  3.424864e+02 
    0.000    0.823000  0.000000e+00  3.408234e+02 
    0.000    0.926000  0.000000e+00  3.391143e+02 
    0.000    1.029000  0.000000e+00  3.373268e+02 
    0.000    1.132000  0.000000e+00  3.355031e+02 
    0.000    1.234000  0.000000e+00  3.336031e+02 
    0.000    1.337000  0.000000e+00  3.316650e+02 
    0.000    1.440000  0.000000e+00  3.297334e+02 
    0.000    1.543000  0.000000e+00  3.278011e+02 
    0.000    1.646000  0.000000e+00  3.257878e+02 
    0.000    1.749000  0.000000e+00  3.236620e+02 
    0.000    1.852000  0.000000e+00  3.113954e+02 
    0.000    1.955000  0.000000e+00  3.042481e+02 
    0.000    2.058000  0.000000e+00  2.997214e+02 
    0.000    2.161000  0.000000e+00  2.962786e+02 
    0.000    2.263000  0.000000e+00  2.930535e+02 
    0.000    2.366000  0.000000e+00  2.922876e+02 
    0.000    2.469000  0.000000e+00  2.913953e+02 
    0.000    2.572000  0.000000e+00  2.904486e+02 
    0.000    2.675000  0.000000e+00  2.894436e+02 
    0.000    2.778000  0.000000e+00  2.868989e+02 
    0.000    2.881000  0.000000e+00  2.859041e+02 
    0.000    2.984000  0.000000e+00  2.848327e+02 
    0.000    3.087000  0.000000e+00  2.837357e+02 
    0.000    3.189000  0.000000e+00  2.826120e+02 
    0.000    3.292000  0.000000e+00  2.814644e+02 
    0.000    3.395000  0.000000e+00  2.802992e+02 
    0.000    3.498000  0.000000e+00  2.791267e+02 
    0.000    3.601000  0.000000e+00  2.779441e+02 
    0.000    3.704000  0.000000e+00  2.767516e+02 
    0.000    3.807000  0.000000e+00  2.755590e+02 
    0.000    3.910000  0.000000e+00  2.743649e+02 
    0.000    4.013000  0.000000e+00  2.731758e+02 
    0.000    4.115000  0.000000e+00  2.719920e+02 
    0.000    4.218000  0.000000e+00  2.707934e+02 
    0.000    4.321000  0.000000e+00  2.696009e+02 
    0.000    4.424000  0.000000e+00  2.684095e+02 
    0.000    4.527000  0.000000e+00  2.672249e+02 
    0.000    4.630000  0.000000e+00  2.660486e+02 
    0.000    4.733000  0.000000e+00  2.648736e+02 
    0.000    4.836000  0.000000e+00  2.637085e+02 
    0.000    4.939000  0.000000e+00  2.625505e+02 
    0.000    5.041000  0.000000e+00  2.614070e+02 
    0.000    5.144000  0.000000e+00  2.601583e+02 
    0.000    5.247000  0.000000e+00  2.590281e+02 
    0.000    5.350000  0.000000e+00  2.579090e+02 
    0.000    5.453000  0.000000e+00  2.568058e+02 
    0.000    5.556000  0.000000e+00  2.557178e+02 
    0.000    5.659000  0.000000e+00  2.546483e+02 
    0.000    5.762000  0.000000e+00  2.535981e+02 
    0.000    5.865000  0.000000e+00  2.525672e+02 
    0.000    5.967000  0.000000e+00  2.515239e+02 
    0.000    6.070000  0.000000e+00  2.504773e+02 
    0.000    6.173000  0.000000e+00  2.494296e+02 
    0.000    6.276000  0.000000e+00  2.484216e+02 
    0.000    6.379000  0.000000e+00  2.474313e+02 
    0.000    6.482000  0.000000e+00  2.464515e+02 
    0.000    6.585000  0.000000e+00  2.454869e+02 
    0.000    6.688000  0.000000e+00  2.445387e+02 
    0.000    6.791000  0.000000e+00  2.435967e+02 
    0.000    6.893000  0.000000e+00  2.426978e+02 
    0.000    6.996000  0.000000e+00  2.417815e+02 
    0.000    7.099000  0.000000e+00  2.409241e+02 
    0.000    7.202000  0.000000e+00  2.402336e+02 
    0.000    7.305000  0.000000e+00  2.396996e+02 
    0.000    7.408000  0.000000e+00  2.392666e+02 
    0.000    7.511000  0.000000e+00  2.389610e+02 
    0.000    7.614000  0.000000e+00  2.387424e+02 
    0.000    7.717000  0.000000e+00  2.385532e+02 
    0.000    7.819000  0.000000e+00  2.383963e+02 
    0.000    7.922000  0.000000e+00  2.382451e+02 
    0.000    8.025001  0.000000e+00  2.381445e+02 
    0.000    8.128000  0.000000e+00  2.379966e+02 
    0.000    8.231000  0.000000e+00  2.378545e+02 
    0.000    8.334001  0.000000e+00  2.376965e+02 
    0.000    8.437000  0.000000e+00  2.375123e+02 
    0.000    8.540000  0.000000e+00  2.373050e+02 
    0.000    8.643001  0.000000e+00  2.370779e+02 
    0.000    8.746000  0.000000e+00  2.368562e+02 
    0.000    8.848001  0.000000e+00  2.366230e+02 
    0.000    8.951000  0.000000e+00  2.363891e+02 
    0.000    9.054000  0.000000e+00  2.361445e+02 
    0.000    9.157001  0.000000e+00  2.358830e+02 
    0.000    9.260000  0.000000e+00  2.356161e+02 
    0.000    9.363000  0.000000e+00  2.353407e+02 
    0.000    9.466001  0.000000e+00  2.352457e+02 
    0.000    9.569000  0.000000e+00  2.351590e+02 
    0.000    9.672000  0.000000e+00  2.350787e+02 
    0.000    9.774000  0.000000e+00  2.350084e+02 
    0.000    9.877000  0.000000e+00  2.349552e+02 
    0.000    9.980000  0.000000e+00  2.349146e+02 
    0.000   10.083000  0.000000e+00  2.348781e+02 
    0.000   10.186000  0.000000e+00  2.348377e+02 
    0.000   10.289001  0.000000e+00  2.347955e+02 
    0.000   10.392000  0.000000e+00  2.347513e+02 
    0.000   10.495000  0.000000e+00  2.347018e+02 
    0.000   10.598001  0.000000e+00  2.346494e+02 
    0.000   10.700000  0.000000e+00  2.345961e+02 
    0.000   10.803000  0.000000e+00  2.345407e+02 
    0.000   10.906000  0.000000e+00  2.344845e+02 
    0.000   11.009000  0.000000e+00  2.344255e+02 
    0.000   11.112000  0.000000e+00  2.343582e+02 
    0.000   11.215000  0.000000e+00  2.342856e+02 
    0.000   11.318000  0.000000e+00  2.342100e+02 
    0.000   11.421000  0.000000e+00  2.341313e+02 
    0.000   11.524000  0.000000e+00  2.340505e+02 
    0.000   11.626000  0.000000e+00  2.339697e+02 
    0.000   11.729000  0.000000e+00  2.338892e+02 
    0.000   11.832000  0.000000e+00  2.338099e+02 
    0.000   11.935000  0.000000e+00  2.337312e+02 
    0.000   12.038000  0.000000e+00  2.336522e+02 
    0.000   12.141000  0.000000e+00  2.335731e+02 
    0.000   12.244000  0.000000e+00  2.334942e+02 
    0.000   12.347000  0.000000e+00  2.334151e+02 
    0.000   12.450000  0.000000e+00  2.333361e+02 
    0.000   12.552000  0.000000e+00  2.332579e+02 
    0.000   12.655000  0.000000e+00  2.331826e+02 
    0.000   12.758000  0.000000e+00  2.331113e+02 
    0.000   12.861000  0.000000e+00  2.330426e+02 
    0.000   12.964000  0.000000e+00  2.329763e+02 
    0.000   13.067000  0.000000e+00  2.329123e+02 
    0.000   13.170000  0.000000e+00  2.328503e+02 
    0.000   13.273000  0.000000e+00  2.327899e+02 
    0.000   13.376000  0.000000e+00  2.327313e+02 
    0.000   13.478001  0.000000e+00  2.326747e+02 
    0.000   13.581000  0.000000e+00  2.326189e+02 
    0.000   13.684000  0.000000e+00  2.325649e+02 
    0.000   13.787000  0.000000e+00  2.325125e+02 
    0.000   13.890000  0.000000e+00  2.324613e+02 
    0.000   13.993000  0.000000e+00  2.324110e+02 
    0.000   14.096000  0.000000e+00  2.323615e+02 
    0.000   14.199000  0.000000e+00  2.323126e+02 
    0.000   14.302000  0.000000e+00  2.322651e+02 
    0.000   14.405000  0.000000e+00  2.322190e+02 
    0.000   14.507000  0.000000e+00  2.321745e+02 
    0.000   14.610001  0.000000e+00  2.321304e+02 
    0.000   14.713000  0.000000e+00  2.320865e+02 
    0.000   14.816000  0.000000e+00  2.320429e+02 
    0.000   14.919001  0.000000e+00  2.319999e+02 
    0.000   15.022000  0.000000e+00  2.319563e+02 
    0.000   15.125000  0.000000e+00  2.319124e+02 
    0.000   15.228001  0.000000e+00  2.318685e+02 
    0.000   15.331000  0.000000e+00  2.318262e+02 
    0.000   15.433001  0.000000e+00  2.317862e+02 
    0.000   15.536000  0.000000e+00  2.317474e+02 
    0.000   15.639000  0.000000e+00  2.317098e+02 
    0.000   15.742001  0.000000e+00  2.316733e+02 
    0.000   15.845000  0.000000e+00  2.316377e+02 
    0.000   15.948001  0.000000e+00  2.316030e+02 
    0.000   16.050999  0.000000e+00  2.315645e+02 
    0.000   16.153999  0.000000e+00  2.315220e+02 
    0.000   16.257000  0.000000e+00  2.314772e+02 
    0.000   16.358999  0.000000e+00  2.314312e+02 
    0.000   16.462000  0.000000e+00  2.313832e+02 
    0.000   16.564999  0.000000e+00  2.313341e+02 
    0.000   16.667999  0.000000e+00  2.312843e+02 
    0.000   16.771000  0.000000e+00  2.312358e+02 
    0.000   16.873999  0.000000e+00  2.311884e+02 
    0.000   16.976999  0.000000e+00  2.311418e+02 
    0.000   17.080000  0.000000e+00  2.310966e+02 
    0.000   17.182999  0.000000e+00  2.310539e+02 
    0.000   17.285000  0.000000e+00  2.310132e+02 
    0.000   17.387999  0.000000e+00  2.309733e+02 
    0.000   17.490999  0.000000e+00  2.309353e+02 
    0.000   17.594000  0.000000e+00  2.308991e+02 
    0.000   17.696999  0.000000e+00  2.308640e+02 
    0.000   17.799999  0.000000e+00  2.308301e+02 
    0.000   17.903000  0.000000e+00  2.307973e+02 
    0.000   18.005999  0.000000e+00  2.307655e+02 
    0.000   18.108999  0.000000e+00  2.307345e+02 
    0.000   18.210999  0.000000e+00  2.307042e+02 
    0.000   18.313999  0.000000e+00  2.306738e+02 
    0.000   18.417000  0.000000e+00  2.306438e+02 
    0.000   18.519999  0.000000e+00  2.306142e+02 
    0.000   18.622999  0.000000e+00  2.305849e+02 
    0.000   18.726000  0.000000e+00  2.305558e+02 
    0.000   18.828999  0.000000e+00  2.305271e+02 
    0.000   18.931999  0.000000e+00  2.304986e+02 
    0.000   19.035000  0.000000e+00  2.304700e+02 
    0.000   19.137999  0.000000e+00  2.304414e+02 
    0.000   19.240000  0.000000e+00  2.304132e+02 
    0.000   19.342999  0.000000e+00  2.303844e+02 
    0.000   19.445999  0.000000e+00  2.303550e+02 
    0.000   19.549000  0.000000e+00  2.303255e+02 
    0.000   19.651999  0.000000e+00  2.302959e+02 
    0.000   19.754999  0.000000e+00  2.302663e+02 
    0.000   19.858000  0.000000e+00  2.302367e+02 
    0.000   19.960999  0.000000e+00  2.302072e+02 
    0.000   20.063999  0.000000e+00  2.301778e+02 
    0.000   20.362999  0.000000e+00  2.300962e+02 
    0.000   20.858999  0.000000e+00  2.299784e+02 
    0.000   21.354000  0.000000e+00  2.298787e+02 
    0.000   21.849998  0.000000e+00  2.297886e+02 
    0.000   22.345999  0.000000e+00  2.296986e+02 
    0.000   22.841999  0.000000e+00  2.296077e+02 
    0.000   23.337000  0.000000e+00  2.295248e+02 
    0.000   23.832998  0.000000e+00  2.294610e+02 
    0.000   24.328999  0.000000e+00  2.294201e+02 
    0.000   24.824999  0.000000e+00  2.293962e+02 
    0.000   25.320000  0.000000e+00  2.293815e+02 
    0.000   25.816000  0.000000e+00  2.293806e+02 
    0.000   26.311998  0.000000e+00  2.293881e+02 
    0.000   26.807999  0.000000e+00  2.293994e+02 
    0.000   27.302999  0.000000e+00  2.294152e+02 
    0.000   27.799000  0.000000e+00  2.294360e+02 
    0.000   28.295000  0.000000e+00  2.294613e+02 
    0.000   28.790998  0.000000e+00  2.294950e+02 
    0.000   29.285999  0.000000e+00  2.295368e+02 
    0.000   29.782000  0.000000e+00  2.295845e+02 
    0.000   30.278000  0.000000e+00  2.296362e+02 
    0.000   30.774000  0.000000e+00  2.296902e+02 
    0.000   31.268999  0.000000e+00  2.297456e+02 
    0.000   31.764999  0.000000e+00  2.298022e+02 
    0.000   32.261002  0.000000e+00  2.298596e+02 
    0.000   32.757000  0.000000e+00  2.299176e+02 
    0.000   33.252003  0.000000e+00  2.299757e+02 
    0.000   33.748001  0.000000e+00  2.300358e+02 
    0.000   34.243999  0.000000e+00  2.300986e+02 
    0.000   34.740002  0.000000e+00  2.301618e+02 
    0.000   35.235001  0.000000e+00  2.302237e+02 
    0.000   35.731003  0.000000e+00  2.302822e+02 
    0.000   36.227001  0.000000e+00  2.303373e+02 
    0.000   36.723000  0.000000e+00  2.303887e+02 
    0.000   37.218002  0.000000e+00  2.304370e+02 
    0.000   37.714001  0.000000e+00  2.304816e+02 
    0.000   38.210003  0.000000e+00  2.305228e+02 
    0.000   38.706001  0.000000e+00  2.305643e+02 
    0.000   39.201000  0.000000e+00  2.306069e+02 
    0.000   39.697002  0.000000e+00  2.306528e+02 
    0.000   40.197002  0.000000e+00  2.307037e+02 
    0.000   45.197002  0.000000e+00  2.311533e+02 
    0.000   50.197002  0.000000e+00  2.313791e+02 
    0.000   55.197002  0.000000e+00  2.313756e+02 
    0.000   60.197002  0.000000e+00  2.313074e+02 
    0.000   65.196999  0.000000e+00  2.312553e+02 
