   67.748    0.000000  1.015836e+01  2.098497e+01 
   67.748    0.103000  1.021878e+01  2.117269e+01 
   67.748    0.206000  1.027830e+01  2.137406e+01 
   67.748    0.309000  1.033726e+01  2.158287e+01 
   67.748    0.412000  1.039599e+01  2.179622e+01 
   67.748    0.515000  1.101962e+01  2.409662e+01 
   67.748    0.617000  1.128176e+01  2.504195e+01 
   67.748    0.720000  1.193106e+01  2.680166e+01 
   67.748    0.823000  1.327656e+01  3.012580e+01 
   67.748    0.926000  1.538948e+01  3.468182e+01 
   67.748    1.029000  1.850453e+01  4.037192e+01 
   67.748    1.132000  2.300406e+01  4.715921e+01 
   67.748    1.235000  2.936095e+01  5.491611e+01 
   67.748    1.338000  3.851995e+01  6.378742e+01 
   67.748    1.441000  5.180147e+01  7.380140e+01 
   67.748    1.543000  7.100327e+01  8.486607e+01 
   67.748    1.646000  9.954408e+01  9.714885e+01 
   67.748    1.749000  1.419696e+02  1.103127e+02 
   67.748    1.852000  1.520732e+02  1.121022e+02 
   67.748    1.955000  1.551595e+02  1.125977e+02 
   67.748    2.058000  1.572748e+02  1.129365e+02 
   67.748    2.161000  2.425785e+02  1.290809e+02 
   67.748    2.264000  3.174187e+02  1.384846e+02 
   67.748    2.367000  3.194023e+02  1.385931e+02 
   67.748    2.469000  3.213839e+02  1.387404e+02 
   67.748    2.572000  3.234075e+02  1.389207e+02 
   67.748    2.675000  3.255264e+02  1.391383e+02 
   67.748    2.778000  3.272777e+02  1.393059e+02 
   67.748    2.881000  3.290314e+02  1.394857e+02 
   67.748    2.984000  3.307949e+02  1.396762e+02 
   67.748    3.087000  3.322961e+02  1.398294e+02 
   67.748    3.190000  3.337863e+02  1.399897e+02 
   67.748    3.293000  3.352640e+02  1.401561e+02 
   67.748    3.396000  3.367289e+02  1.403280e+02 
   67.748    3.498000  3.381656e+02  1.405030e+02 
   67.748    3.601000  3.396058e+02  1.406835e+02 
   67.748    3.704000  3.410418e+02  1.408670e+02 
   67.748    3.807000  3.424741e+02  1.410530e+02 
   67.748    3.910000  3.439044e+02  1.412411e+02 
   67.748    4.013000  3.453331e+02  1.414311e+02 
   67.748    4.116000  3.467580e+02  1.416226e+02 
   67.748    4.219000  3.481769e+02  1.418156e+02 
   67.748    4.322000  3.495879e+02  1.420098e+02 
   67.748    4.424000  3.509758e+02  1.422031e+02 
   67.748    4.527000  3.523659e+02  1.423992e+02 
   67.748    4.630000  3.537437e+02  1.425959e+02 
   67.748    4.733000  3.551108e+02  1.427928e+02 
   67.748    4.836000  3.564658e+02  1.429898e+02 
   67.748    4.939000  3.578066e+02  1.431867e+02 
   67.748    5.042000  3.591318e+02  1.433835e+02 
   67.748    5.145000  3.604382e+02  1.435801e+02 
   67.748    5.248000  3.617233e+02  1.437765e+02 
   67.748    5.350000  3.629721e+02  1.439707e+02 
   67.748    5.453000  3.642078e+02  1.441665e+02 
   67.748    5.556000  3.654192e+02  1.443617e+02 
   67.748    5.659000  3.666055e+02  1.445563e+02 
   67.748    5.762000  3.677675e+02  1.447502e+02 
   67.748    5.865000  3.689075e+02  1.449433e+02 
   67.748    5.968000  3.700248e+02  1.451355e+02 
   67.748    6.071000  3.711203e+02  1.453268e+02 
   67.748    6.174000  3.721953e+02  1.455171e+02 
   67.748    6.276000  3.732435e+02  1.457042e+02 
   67.748    6.379000  3.742892e+02  1.458919e+02 
   67.748    6.482000  3.753248e+02  1.460781e+02 
   67.748    6.585000  3.763531e+02  1.462630e+02 
   67.748    6.688000  3.773795e+02  1.464462e+02 
   67.748    6.791000  3.784051e+02  1.466277e+02 
   67.748    6.894000  3.797432e+02  1.468623e+02 
   67.748    6.997000  3.810840e+02  1.470940e+02 
   67.748    7.100000  3.824271e+02  1.473237e+02 
   67.748    7.202000  3.837470e+02  1.475510e+02 
   67.748    7.305000  3.850443e+02  1.477810e+02 
   67.748    7.408000  3.890474e+02  1.482254e+02 
   67.748    7.511000  3.928459e+02  1.486518e+02 
   67.748    7.614000  3.969879e+02  1.491104e+02 
   67.748    7.717000  4.005704e+02  1.495207e+02 
   67.748    7.820000  4.040704e+02  1.499202e+02 
   67.748    7.923000  4.074272e+02  1.503032e+02 
   67.748    8.026000  4.106906e+02  1.506735e+02 
   67.748    8.128000  4.138450e+02  1.510286e+02 
   67.748    8.231001  4.174312e+02  1.514137e+02 
   67.748    8.334001  4.206543e+02  1.517659e+02 
   67.748    8.437000  4.237965e+02  1.521086e+02 
   67.748    8.540000  4.263221e+02  1.524012e+02 
   67.748    8.643001  4.291339e+02  1.527128e+02 
   67.748    8.746000  4.330522e+02  1.531026e+02 
   67.748    8.849000  4.364055e+02  1.534428e+02 
   67.748    8.952001  4.387375e+02  1.537051e+02 
   67.748    9.054001  4.421763e+02  1.540415e+02 
   67.748    9.157001  4.454784e+02  1.543636e+02 
   67.748    9.260000  4.459725e+02  1.544832e+02 
   67.748    9.363001  4.464690e+02  1.546005e+02 
   67.748    9.466001  4.469695e+02  1.547155e+02 
   67.748    9.569000  4.474404e+02  1.548290e+02 
   67.748    9.672001  4.479124e+02  1.549402e+02 
   67.748    9.775001  4.483828e+02  1.550492e+02 
   67.748    9.878000  4.488480e+02  1.551561e+02 
   67.748    9.981001  4.493072e+02  1.552608e+02 
   67.748   10.083000  4.497545e+02  1.553625e+02 
   67.748   10.186001  4.502290e+02  1.554627e+02 
   67.748   10.289001  4.506920e+02  1.555612e+02 
   67.748   10.392000  4.511455e+02  1.556580e+02 
   67.748   10.495001  4.515927e+02  1.557532e+02 
   67.748   10.598001  4.520341e+02  1.558469e+02 
   67.748   10.701000  4.524695e+02  1.559391e+02 
   67.748   10.804001  4.528990e+02  1.560299e+02 
   67.748   10.907001  4.533228e+02  1.561193e+02 
   67.748   11.009001  4.537366e+02  1.562066e+02 
   67.748   11.112000  4.541488e+02  1.562936e+02 
   67.748   11.215000  4.545553e+02  1.563793e+02 
   67.748   11.318001  4.549562e+02  1.564640e+02 
   67.748   11.421000  4.553519e+02  1.565476e+02 
   67.748   11.524000  4.557423e+02  1.566301e+02 
   67.748   11.627001  4.561273e+02  1.567116e+02 
   67.748   11.730000  4.565069e+02  1.567920e+02 
   67.748   11.833000  4.568810e+02  1.568714e+02 
   67.748   11.935000  4.572460e+02  1.569490e+02 
   67.748   12.038000  4.576094e+02  1.570263e+02 
   67.748   12.141001  4.579678e+02  1.571024e+02 
   67.748   12.244000  4.583212e+02  1.571776e+02 
   67.748   12.347000  4.586698e+02  1.572516e+02 
   67.748   12.450001  4.590139e+02  1.573246e+02 
   67.748   12.553000  4.593534e+02  1.573965e+02 
   67.748   12.656000  4.596884e+02  1.574673e+02 
   67.748   12.759001  4.600191e+02  1.575370e+02 
   67.748   12.861000  4.603427e+02  1.576051e+02 
   67.748   12.964001  4.606656e+02  1.576726e+02 
   67.748   13.067000  4.609849e+02  1.577391e+02 
   67.748   13.170000  4.613004e+02  1.578045e+02 
   67.748   13.273001  4.616123e+02  1.578688e+02 
   67.748   13.376000  4.619206e+02  1.579320e+02 
   67.748   13.479000  4.622254e+02  1.579940e+02 
   67.748   13.582001  4.625266e+02  1.580549e+02 
   67.748   13.685000  4.628245e+02  1.581147e+02 
   67.748   13.787001  4.631164e+02  1.581728e+02 
   67.748   13.890000  4.634077e+02  1.582302e+02 
   67.748   13.993000  4.636960e+02  1.582865e+02 
   67.748   14.096001  4.639812e+02  1.583417e+02 
   67.748   14.199000  4.642633e+02  1.583957e+02 
   67.748   14.302000  4.645422e+02  1.584486e+02 
   67.748   14.405001  4.648180e+02  1.585004e+02 
   67.748   14.508000  4.650906e+02  1.585513e+02 
   67.748   14.611000  4.653599e+02  1.586012e+02 
   67.748   14.714001  4.656260e+02  1.586502e+02 
   67.748   14.816000  4.658862e+02  1.586978e+02 
   67.748   14.919001  4.661457e+02  1.587451e+02 
   67.748   15.022000  4.664020e+02  1.587917e+02 
   67.748   15.125000  4.666552e+02  1.588374e+02 
   67.748   15.228001  4.669052e+02  1.588823e+02 
   67.748   15.331000  4.671520e+02  1.589265e+02 
   67.748   15.434000  4.673958e+02  1.589699e+02 
   67.748   15.537001  4.676366e+02  1.590125e+02 
   67.748   15.640000  4.678744e+02  1.590544e+02 
   67.748   15.742001  4.681070e+02  1.590952e+02 
   67.748   15.845000  4.683390e+02  1.591356e+02 
   67.748   15.948001  4.685683e+02  1.591753e+02 
   67.748   16.050999  4.687952e+02  1.592143e+02 
   67.748   16.153999  4.690196e+02  1.592526e+02 
   67.748   16.257000  4.692416e+02  1.592902e+02 
   67.748   16.359999  4.694613e+02  1.593271e+02 
   67.748   16.462999  4.696788e+02  1.593632e+02 
   67.748   16.566000  4.698941e+02  1.593987e+02 
   67.748   16.667999  4.701052e+02  1.594330e+02 
   67.748   16.771000  4.703163e+02  1.594669e+02 
   67.748   16.873999  4.705257e+02  1.595000e+02 
   67.748   16.976999  4.707331e+02  1.595323e+02 
   67.748   17.080000  4.709390e+02  1.595637e+02 
   67.748   17.182999  4.711436e+02  1.595941e+02 
   67.748   17.285999  4.713470e+02  1.596235e+02 
   67.748   17.389000  4.715490e+02  1.596520e+02 
   67.748   17.491999  4.717499e+02  1.596795e+02 
   67.748   17.594000  4.719477e+02  1.597058e+02 
   67.748   17.696999  4.721461e+02  1.597314e+02 
   67.748   17.799999  4.723432e+02  1.597563e+02 
   67.748   17.903000  4.725387e+02  1.597803e+02 
   67.748   18.005999  4.727327e+02  1.598037e+02 
   67.748   18.108999  4.729250e+02  1.598264e+02 
   67.748   18.212000  4.731156e+02  1.598484e+02 
   67.748   18.314999  4.733047e+02  1.598698e+02 
   67.748   18.417999  4.734921e+02  1.598906e+02 
   67.748   18.519999  4.736760e+02  1.599106e+02 
   67.748   18.622999  4.738603e+02  1.599302e+02 
   67.748   18.726000  4.740432e+02  1.599491e+02 
   67.748   18.828999  4.742245e+02  1.599674e+02 
   67.748   18.931999  4.744043e+02  1.599851e+02 
   67.748   19.035000  4.745827e+02  1.600022e+02 
   67.748   19.137999  4.747598e+02  1.600187e+02 
   67.748   19.240999  4.749356e+02  1.600347e+02 
   67.748   19.344000  4.751100e+02  1.600501e+02 
   67.748   19.446999  4.752831e+02  1.600650e+02 
   67.748   19.549000  4.754533e+02  1.600792e+02 
   67.748   19.652000  4.756238e+02  1.600931e+02 
   67.748   19.754999  4.757930e+02  1.601064e+02 
   67.748   19.858000  4.759611e+02  1.601192e+02 
   67.748   19.960999  4.761278e+02  1.601315e+02 
   67.748   20.063999  4.762937e+02  1.601432e+02 
   67.748   20.362999  4.767701e+02  1.601736e+02 
   67.748   20.858999  4.775374e+02  1.602157e+02 
   67.748   21.355000  4.782767e+02  1.602480e+02 
   67.748   21.850000  4.789857e+02  1.602717e+02 
   67.748   22.345999  4.796607e+02  1.602908e+02 
   67.748   22.841999  4.802948e+02  1.603084e+02 
   67.748   23.337999  4.808859e+02  1.603259e+02 
   67.748   23.833000  4.814371e+02  1.603425e+02 
   67.748   24.328999  4.819568e+02  1.603570e+02 
   67.748   24.824999  4.824461e+02  1.603692e+02 
   67.748   25.320999  4.829037e+02  1.603801e+02 
   67.748   25.816000  4.833295e+02  1.603902e+02 
   67.748   26.312000  4.837280e+02  1.603993e+02 
   67.748   26.807999  4.841012e+02  1.604070e+02 
   67.748   27.303999  4.844500e+02  1.604136e+02 
   67.748   27.799000  4.847749e+02  1.604191e+02 
   67.748   28.295000  4.850794e+02  1.604236e+02 
   67.748   28.791000  4.853656e+02  1.604268e+02 
   67.748   29.286999  4.856359e+02  1.604287e+02 
   67.748   29.782000  4.858922e+02  1.604292e+02 
   67.748   30.278000  4.861367e+02  1.604283e+02 
   67.748   30.774000  4.863708e+02  1.604262e+02 
   67.748   31.269999  4.865962e+02  1.604231e+02 
   67.748   31.764999  4.868138e+02  1.604191e+02 
   67.748   32.260998  4.870270e+02  1.604142e+02 
   67.748   32.757000  4.872371e+02  1.604087e+02 
   67.748   33.252998  4.874457e+02  1.604026e+02 
   67.748   33.748001  4.876539e+02  1.603964e+02 
   67.748   34.243999  4.878637e+02  1.603902e+02 
   67.748   34.739998  4.880765e+02  1.603842e+02 
   67.748   35.236000  4.882935e+02  1.603784e+02 
   67.748   35.730999  4.885152e+02  1.603730e+02 
   67.748   36.227001  4.887431e+02  1.603679e+02 
   67.748   36.723000  4.889768e+02  1.603631e+02 
   67.748   37.218998  4.892158e+02  1.603586e+02 
   67.748   37.715000  4.894591e+02  1.603545e+02 
   67.748   38.209999  4.897049e+02  1.603506e+02 
   67.748   38.706001  4.899521e+02  1.603472e+02 
   67.748   39.202000  4.901988e+02  1.603441e+02 
   67.748   39.697998  4.904423e+02  1.603414e+02 
   67.748   40.197998  4.906797e+02  1.603400e+02 
   67.748   45.197998  4.925475e+02  1.603467e+02 
   67.748   50.197998  4.932561e+02  1.603600e+02 
   67.748   55.197998  4.935043e+02  1.603705e+02 
   67.748   60.197998  4.942497e+02  1.603774e+02 
   67.748   65.198006  4.954826e+02  1.603818e+02 
