   67.976    0.000000  2.654336e-17  5.505078e+00 
   67.976    0.103000  2.669113e-17  5.591019e+00 
   67.976    0.206000  2.683746e-17  5.678406e+00 
   67.976    0.309000  2.698292e-17  5.766222e+00 
   67.976    0.412000  2.712802e-17  5.854047e+00 
   67.976    0.515000  2.727308e-17  5.941537e+00 
   67.976    0.618000  2.741840e-17  6.028557e+00 
   67.976    0.721000  3.881572e-17  8.254369e+00 
   67.976    0.823000  6.316744e-17  1.116417e+01 
   67.976    0.926000  1.201254e-16  1.477906e+01 
   67.976    1.029000  2.567262e-16  1.882439e+01 
   67.976    1.132000  6.014098e-16  2.314560e+01 
   67.976    1.235000  1.587457e-15  2.795678e+01 
   67.976    1.338000  4.666242e-15  3.319079e+01 
   67.976    1.441000  1.514882e-14  3.880135e+01 
   67.976    1.544000  5.376757e-14  4.473469e+01 
   67.976    1.647000  2.072025e-13  5.095043e+01 
   67.976    1.749000  8.477919e-13  5.731380e+01 
   67.976    1.852000  1.009623e-12  5.810370e+01 
   67.976    1.955000  1.283327e-12  5.921957e+01 
   67.976    2.058000  1.560606e-12  6.013603e+01 
   67.976    2.161000  1.812805e-12  6.084195e+01 
   67.976    2.264000  2.027336e-12  6.137406e+01 
   67.976    2.367000  2.211967e-12  6.179508e+01 
   67.976    2.470000  3.240091e-09  8.993327e+01 
   67.976    2.573000  1.668447e-06  1.151897e+02 
   67.976    2.675000  3.060637e-04  1.385481e+02 
   67.976    2.778000  2.214247e-02  1.618710e+02 
   67.976    2.881000  5.878567e-01  1.866503e+02 
   67.976    2.984000  6.413510e+00  2.140422e+02 
   67.976    3.087000  3.337635e+01  2.411007e+02 
   67.976    3.190000  3.432869e+01  2.412463e+02 
   67.976    3.293000  3.524928e+01  2.414227e+02 
   67.976    3.396000  3.609579e+01  2.415983e+02 
   67.976    3.499000  3.697266e+01  2.418136e+02 
   67.976    3.602000  3.798774e+01  2.421102e+02 
   67.976    3.704000  3.897489e+01  2.424102e+02 
   67.976    3.807000  3.986520e+01  2.426793e+02 
   67.976    3.910000  4.066125e+01  2.429193e+02 
   67.976    4.013000  4.147139e+01  2.431763e+02 
   67.976    4.116000  4.272077e+01  2.436294e+02 
   67.976    4.219000  4.476241e+01  2.444104e+02 
   67.976    4.322000  4.744504e+01  2.454263e+02 
   67.976    4.425000  5.095255e+01  2.467157e+02 
   67.976    4.528000  5.555113e+01  2.483291e+02 
   67.976    4.630000  6.169308e+01  2.503503e+02 
   67.976    4.733000  7.023170e+01  2.529284e+02 
   67.976    4.836000  8.238321e+01  2.562064e+02 
   67.976    4.939000  9.701154e+01  2.596639e+02 
   67.976    5.042000  1.156293e+02  2.634835e+02 
   67.976    5.145000  1.345612e+02  2.668539e+02 
   67.976    5.248000  1.509994e+02  2.694529e+02 
   67.976    5.351000  1.643683e+02  2.713851e+02 
   67.976    5.454000  1.735893e+02  2.726332e+02 
   67.976    5.556000  1.798088e+02  2.734406e+02 
   67.976    5.659000  1.856036e+02  2.741804e+02 
   67.976    5.762000  1.931901e+02  2.751374e+02 
   67.976    5.865000  2.028873e+02  2.763239e+02 
   67.976    5.968000  2.156380e+02  2.778134e+02 
   67.976    6.071000  2.311923e+02  2.795213e+02 
   67.976    6.174000  2.495961e+02  2.813994e+02 
   67.976    6.277000  2.697638e+02  2.832986e+02 
   67.976    6.380000  2.893743e+02  2.850054e+02 
   67.976    6.482000  3.044300e+02  2.862360e+02 
   67.976    6.585000  3.168416e+02  2.872064e+02 
   67.976    6.688000  3.270948e+02  2.879832e+02 
   67.976    6.791000  3.313480e+02  2.883082e+02 
   67.976    6.894000  3.361716e+02  2.886764e+02 
   67.976    6.997000  3.413784e+02  2.890716e+02 
   67.976    7.100000  3.465263e+02  2.894610e+02 
   67.976    7.203000  3.511767e+02  2.898153e+02 
   67.976    7.306000  3.556928e+02  2.901628e+02 
   67.976    7.408000  3.604873e+02  2.905309e+02 
   67.976    7.511000  3.653582e+02  2.909052e+02 
   67.976    7.614000  3.701046e+02  2.912722e+02 
   67.976    7.717000  3.752281e+02  2.916635e+02 
   67.976    7.820000  3.802901e+02  2.920463e+02 
   67.976    7.923000  3.855724e+02  2.924388e+02 
   67.976    8.026000  3.905564e+02  2.928071e+02 
   67.976    8.129000  3.959996e+02  2.931966e+02 
   67.976    8.231999  4.014868e+02  2.935804e+02 
   67.976    8.334000  4.063153e+02  2.939172e+02 
   67.976    8.436999  4.115030e+02  2.942673e+02 
   67.976    8.540000  4.164794e+02  2.945975e+02 
   67.976    8.643000  4.214248e+02  2.949181e+02 
   67.976    8.745999  4.262646e+02  2.952221e+02 
   67.976    8.849000  4.307502e+02  2.955009e+02 
   67.976    8.952000  4.319464e+02  2.956351e+02 
   67.976    9.054999  4.333722e+02  2.957883e+02 
   67.976    9.158000  4.361793e+02  2.959699e+02 
   67.976    9.261000  4.389985e+02  2.961490e+02 
   67.976    9.363000  4.417536e+02  2.963215e+02 
   67.976    9.466000  4.422358e+02  2.963847e+02 
   67.976    9.568999  4.427210e+02  2.964461e+02 
   67.976    9.672000  4.432111e+02  2.965056e+02 
   67.976    9.775000  4.436714e+02  2.965644e+02 
   67.976    9.877999  4.441295e+02  2.966216e+02 
   67.976    9.981000  4.445850e+02  2.966771e+02 
   67.976   10.084000  4.450357e+02  2.967310e+02 
   67.976   10.186999  4.455114e+02  2.967824e+02 
   67.976   10.289000  4.459733e+02  2.968322e+02 
   67.976   10.391999  4.464309e+02  2.968814e+02 
   67.976   10.495000  4.468806e+02  2.969297e+02 
   67.976   10.598000  4.473224e+02  2.969770e+02 
   67.976   10.700999  4.477571e+02  2.970234e+02 
   67.976   10.804000  4.481856e+02  2.970691e+02 
   67.976   10.907000  4.486080e+02  2.971140e+02 
   67.976   11.009999  4.490247e+02  2.971583e+02 
   67.976   11.113000  4.494362e+02  2.972020e+02 
   67.976   11.214999  4.498386e+02  2.972447e+02 
   67.976   11.318000  4.502397e+02  2.972874e+02 
   67.976   11.421000  4.506358e+02  2.973296e+02 
   67.976   11.523999  4.510268e+02  2.973713e+02 
   67.976   11.627000  4.514124e+02  2.974128e+02 
   67.976   11.730000  4.517923e+02  2.974538e+02 
   67.976   11.832999  4.521664e+02  2.974945e+02 
   67.976   11.936000  4.525348e+02  2.975348e+02 
   67.976   12.039000  4.528978e+02  2.975746e+02 
   67.976   12.141000  4.532522e+02  2.976136e+02 
   67.976   12.243999  4.536049e+02  2.976526e+02 
   67.976   12.346999  4.539528e+02  2.976910e+02 
   67.976   12.450000  4.542961e+02  2.977289e+02 
   67.976   12.552999  4.546347e+02  2.977663e+02 
   67.976   12.655999  4.549689e+02  2.978030e+02 
   67.976   12.759000  4.552987e+02  2.978392e+02 
   67.976   12.862000  4.556247e+02  2.978748e+02 
   67.976   12.964999  4.559467e+02  2.979098e+02 
   67.976   13.066999  4.562621e+02  2.979438e+02 
   67.976   13.169999  4.565769e+02  2.979774e+02 
   67.976   13.273000  4.568881e+02  2.980103e+02 
   67.976   13.375999  4.571957e+02  2.980424e+02 
   67.976   13.478999  4.575000e+02  2.980737e+02 
   67.976   13.582000  4.578009e+02  2.981042e+02 
   67.976   13.684999  4.580986e+02  2.981337e+02 
   67.976   13.787999  4.583932e+02  2.981623e+02 
   67.976   13.891000  4.586846e+02  2.981899e+02 
   67.976   13.993000  4.589701e+02  2.982164e+02 
   67.976   14.096000  4.592553e+02  2.982422e+02 
   67.976   14.198999  4.595374e+02  2.982671e+02 
   67.976   14.302000  4.598161e+02  2.982913e+02 
   67.976   14.405000  4.600916e+02  2.983148e+02 
   67.976   14.507999  4.603637e+02  2.983376e+02 
   67.976   14.611000  4.606324e+02  2.983599e+02 
   67.976   14.714000  4.608979e+02  2.983816e+02 
   67.976   14.816999  4.611600e+02  2.984029e+02 
   67.976   14.919999  4.614189e+02  2.984237e+02 
   67.976   15.021999  4.616721e+02  2.984438e+02 
   67.976   15.125000  4.619246e+02  2.984637e+02 
   67.976   15.228000  4.621740e+02  2.984831e+02 
   67.976   15.330999  4.624203e+02  2.985021e+02 
   67.976   15.434000  4.626636e+02  2.985207e+02 
   67.976   15.537000  4.629038e+02  2.985388e+02 
   67.976   15.639999  4.631411e+02  2.985565e+02 
   67.976   15.743000  4.633755e+02  2.985737e+02 
   67.976   15.846000  4.636071e+02  2.985906e+02 
   67.976   15.947999  4.638339e+02  2.986068e+02 
   67.976   16.051001  4.640603e+02  2.986228e+02 
   67.976   16.154001  4.642844e+02  2.986383e+02 
   67.976   16.257000  4.645060e+02  2.986533e+02 
   67.976   16.360001  4.647254e+02  2.986678e+02 
   67.976   16.463001  4.649425e+02  2.986818e+02 
   67.976   16.566000  4.651575e+02  2.986953e+02 
   67.976   16.669001  4.653704e+02  2.987082e+02 
   67.976   16.772001  4.655813e+02  2.987204e+02 
   67.976   16.874001  4.657886e+02  2.987317e+02 
   67.976   16.977001  4.659962e+02  2.987425e+02 
   67.976   17.080000  4.662022e+02  2.987524e+02 
   67.976   17.183001  4.664070e+02  2.987614e+02 
   67.976   17.286001  4.666107e+02  2.987694e+02 
   67.976   17.389000  4.668130e+02  2.987765e+02 
   67.976   17.492001  4.670141e+02  2.987828e+02 
   67.976   17.595001  4.672139e+02  2.987883e+02 
   67.976   17.698000  4.674124e+02  2.987930e+02 
   67.976   17.800001  4.676075e+02  2.987970e+02 
   67.976   17.903000  4.678028e+02  2.988005e+02 
   67.976   18.006001  4.679966e+02  2.988034e+02 
   67.976   18.109001  4.681887e+02  2.988058e+02 
   67.976   18.212000  4.683792e+02  2.988077e+02 
   67.976   18.315001  4.685682e+02  2.988091e+02 
   67.976   18.418001  4.687556e+02  2.988099e+02 
   67.976   18.521000  4.689413e+02  2.988103e+02 
   67.976   18.624001  4.691256e+02  2.988102e+02 
   67.976   18.726000  4.693066e+02  2.988096e+02 
   67.976   18.829000  4.694879e+02  2.988085e+02 
   67.976   18.932001  4.696677e+02  2.988070e+02 
   67.976   19.035000  4.698460e+02  2.988051e+02 
   67.976   19.138000  4.700230e+02  2.988026e+02 
   67.976   19.241001  4.701987e+02  2.987998e+02 
   67.976   19.344000  4.703730e+02  2.987965e+02 
   67.976   19.447001  4.705462e+02  2.987928e+02 
   67.976   19.550001  4.707180e+02  2.987886e+02 
   67.976   19.653000  4.708885e+02  2.987841e+02 
   67.976   19.755001  4.710562e+02  2.987791e+02 
   67.976   19.858000  4.712243e+02  2.987737e+02 
   67.976   19.961000  4.713911e+02  2.987679e+02 
   67.976   20.064001  4.715571e+02  2.987615e+02 
   67.976   20.363001  4.720332e+02  2.987401e+02 
   67.976   20.859001  4.727999e+02  2.986983e+02 
   67.976   21.355001  4.735384e+02  2.986495e+02 
   67.976   21.851000  4.742474e+02  2.985955e+02 
   67.976   22.346001  4.749184e+02  2.985414e+02 
   67.976   22.842001  4.755486e+02  2.984912e+02 
   67.976   23.338001  4.761357e+02  2.984462e+02 
   67.976   23.834000  4.766853e+02  2.984043e+02 
   67.976   24.329000  4.772026e+02  2.983634e+02 
   67.976   24.825001  4.776904e+02  2.983235e+02 
   67.976   25.321001  4.781458e+02  2.982861e+02 
   67.976   25.817001  4.785707e+02  2.982513e+02 
   67.976   26.312000  4.789672e+02  2.982185e+02 
   67.976   26.808001  4.793390e+02  2.981870e+02 
   67.976   27.304001  4.796862e+02  2.981570e+02 
   67.976   27.800001  4.800107e+02  2.981284e+02 
   67.976   28.295000  4.803138e+02  2.981008e+02 
   67.976   28.791000  4.805995e+02  2.980738e+02 
   67.976   29.287001  4.808695e+02  2.980471e+02 
   67.976   29.783001  4.811257e+02  2.980204e+02 
   67.976   30.278000  4.813690e+02  2.979938e+02 
   67.976   30.774000  4.816022e+02  2.979673e+02 
   67.976   31.270000  4.818263e+02  2.979411e+02 
   67.976   31.766001  4.820429e+02  2.979151e+02 
   67.976   32.261002  4.822537e+02  2.978894e+02 
   67.976   32.757000  4.824616e+02  2.978639e+02 
   67.976   33.253002  4.826679e+02  2.978389e+02 
   67.976   33.749001  4.828742e+02  2.978146e+02 
   67.976   34.243999  4.830813e+02  2.977916e+02 
   67.976   34.740002  4.832917e+02  2.977697e+02 
   67.976   35.236000  4.835062e+02  2.977491e+02 
   67.976   35.732002  4.837258e+02  2.977298e+02 
   67.976   36.227001  4.839506e+02  2.977117e+02 
   67.976   36.723000  4.841815e+02  2.976948e+02 
   67.976   37.219002  4.844177e+02  2.976790e+02 
   67.976   37.715000  4.846582e+02  2.976642e+02 
   67.976   38.209999  4.849015e+02  2.976506e+02 
   67.976   38.706001  4.851465e+02  2.976380e+02 
   67.976   39.202000  4.853912e+02  2.976264e+02 
   67.976   39.698002  4.856331e+02  2.976160e+02 
   67.976   40.198002  4.858691e+02  2.976078e+02 
   67.976   45.198002  4.877320e+02  2.975751e+02 
   67.976   50.198002  4.884409e+02  2.975728e+02 
   67.976   55.198002  4.886878e+02  2.975764e+02 
   67.976   60.198002  4.894190e+02  2.975801e+02 
   67.976   65.197998  4.906497e+02  2.975828e+02 
