   68.171    0.000000  3.887793e-20  4.720769e+00 
   68.171    0.103000  3.909317e-20  4.795979e+00 
   68.171    0.206000  3.930663e-20  4.872269e+00 
   68.171    0.309000  3.951893e-20  4.948900e+00 
   68.171    0.412000  3.973051e-20  5.025554e+00 
   68.171    0.515000  3.994187e-20  5.101900e+00 
   68.171    0.618000  5.815574e-20  7.105777e+00 
   68.171    0.720000  1.011500e-19  9.833940e+00 
   68.171    0.823000  2.077724e-19  1.314722e+01 
   68.171    0.926000  4.777785e-19  1.674450e+01 
   68.171    1.029000  1.260953e-18  2.079824e+01 
   68.171    1.132000  3.786692e-18  2.527183e+01 
   68.171    1.235000  1.277008e-17  3.010289e+01 
   68.171    1.338000  4.777288e-17  3.523593e+01 
   68.171    1.441000  1.960526e-16  4.062117e+01 
   68.171    1.544000  8.803265e-16  4.625353e+01 
   68.171    1.646000  4.330029e-15  5.216006e+01 
   68.171    1.749000  5.888969e-15  5.339101e+01 
   68.171    1.852000  1.249101e-14  5.647263e+01 
   68.171    1.955000  3.560442e-14  6.080313e+01 
   68.171    2.058000  1.394748e-13  6.649260e+01 
   68.171    2.161000  7.136797e-13  7.335140e+01 
   68.171    2.264000  3.746277e-12  8.038618e+01 
   68.171    2.367000  1.319638e-08  1.085894e+02 
   68.171    2.470000  9.184319e-06  1.328603e+02 
   68.171    2.572000  1.601141e-03  1.549566e+02 
   68.171    2.675000  1.022776e-01  1.783326e+02 
   68.171    2.778000  2.958436e+00  2.074825e+02 
   68.171    2.881000  4.967539e+00  2.129379e+02 
   68.171    2.984000  7.935219e+00  2.184894e+02 
   68.171    3.087000  1.212458e+01  2.240272e+02 
   68.171    3.190000  1.790548e+01  2.295739e+02 
   68.171    3.293000  2.527876e+01  2.348515e+02 
   68.171    3.396000  3.406524e+01  2.397110e+02 
   68.171    3.499000  4.438660e+01  2.442646e+02 
   68.171    3.601000  5.580203e+01  2.483862e+02 
   68.171    3.704000  6.793801e+01  2.520565e+02 
   68.171    3.807000  8.026345e+01  2.552529e+02 
   68.171    3.910000  9.191737e+01  2.579056e+02 
   68.171    4.013000  1.037271e+02  2.603200e+02 
   68.171    4.116000  1.120932e+02  2.618668e+02 
   68.171    4.219000  1.202521e+02  2.632930e+02 
   68.171    4.322000  1.278843e+02  2.645584e+02 
   68.171    4.425000  1.345486e+02  2.656096e+02 
   68.171    4.527000  1.398213e+02  2.664038e+02 
   68.171    4.630000  1.437370e+02  2.669678e+02 
   68.171    4.733000  1.463371e+02  2.673224e+02 
   68.171    4.836000  1.481940e+02  2.675652e+02 
   68.171    4.939000  1.501257e+02  2.678284e+02 
   68.171    5.042000  1.522357e+02  2.681266e+02 
   68.171    5.145000  1.543470e+02  2.684298e+02 
   68.171    5.248000  1.579962e+02  2.689766e+02 
   68.171    5.351000  1.624963e+02  2.696470e+02 
   68.171    5.453000  1.683523e+02  2.705059e+02 
   68.171    5.556000  1.769202e+02  2.717242e+02 
   68.171    5.659000  1.886093e+02  2.733083e+02 
   68.171    5.762000  2.045650e+02  2.753342e+02 
   68.171    5.865000  2.262532e+02  2.778607e+02 
   68.171    5.968000  2.525103e+02  2.806180e+02 
   68.171    6.071000  2.790503e+02  2.831255e+02 
   68.171    6.174000  3.079931e+02  2.855826e+02 
   68.171    6.277000  3.226956e+02  2.867398e+02 
   68.171    6.379000  3.296662e+02  2.872727e+02 
   68.171    6.482000  3.346191e+02  2.876486e+02 
   68.171    6.585000  3.398401e+02  2.880414e+02 
   68.171    6.688000  3.448066e+02  2.884111e+02 
   68.171    6.791000  3.498886e+02  2.887845e+02 
   68.171    6.894000  3.543805e+02  2.891131e+02 
   68.171    6.997000  3.589333e+02  2.894447e+02 
   68.171    7.100000  3.638460e+02  2.897995e+02 
   68.171    7.203000  3.685903e+02  2.901421e+02 
   68.171    7.305000  3.730434e+02  2.904653e+02 
   68.171    7.408000  3.774340e+02  2.907850e+02 
   68.171    7.511000  3.816971e+02  2.910968e+02 
   68.171    7.614000  3.859121e+02  2.914062e+02 
   68.171    7.717000  3.897242e+02  2.916904e+02 
   68.171    7.820000  3.932029e+02  2.919524e+02 
   68.171    7.923000  3.965537e+02  2.922057e+02 
   68.171    8.026000  3.997927e+02  2.924509e+02 
   68.171    8.129000  4.028794e+02  2.926852e+02 
   68.171    8.231000  4.057910e+02  2.929069e+02 
   68.171    8.334000  4.086944e+02  2.931263e+02 
   68.171    8.436999  4.115710e+02  2.933414e+02 
   68.171    8.540000  4.144312e+02  2.935528e+02 
   68.171    8.643000  4.171842e+02  2.937553e+02 
   68.171    8.745999  4.198895e+02  2.939519e+02 
   68.171    8.849000  4.224987e+02  2.941404e+02 
   68.171    8.952000  4.235687e+02  2.942696e+02 
   68.171    9.054999  4.245856e+02  2.943923e+02 
   68.171    9.158000  4.263539e+02  2.945859e+02 
   68.171    9.259999  4.281156e+02  2.947726e+02 
   68.171    9.363000  4.298333e+02  2.949536e+02 
   68.171    9.466000  4.315369e+02  2.951311e+02 
   68.171    9.568999  4.332426e+02  2.953058e+02 
   68.171    9.672000  4.349526e+02  2.954774e+02 
   68.171    9.775000  4.367203e+02  2.956508e+02 
   68.171    9.877999  4.386108e+02  2.958315e+02 
   68.171    9.981000  4.405865e+02  2.960197e+02 
   68.171   10.084000  4.410353e+02  2.960720e+02 
   68.171   10.186000  4.415051e+02  2.961215e+02 
   68.171   10.289000  4.419713e+02  2.961702e+02 
   68.171   10.392000  4.424291e+02  2.962177e+02 
   68.171   10.495000  4.428783e+02  2.962643e+02 
   68.171   10.598000  4.433187e+02  2.963099e+02 
   68.171   10.701000  4.437513e+02  2.963546e+02 
   68.171   10.804000  4.441777e+02  2.963985e+02 
   68.171   10.907000  4.445984e+02  2.964417e+02 
   68.171   11.009999  4.450135e+02  2.964843e+02 
   68.171   11.112000  4.454196e+02  2.965258e+02 
   68.171   11.215000  4.458249e+02  2.965672e+02 
   68.171   11.318000  4.462252e+02  2.966081e+02 
   68.171   11.421000  4.466201e+02  2.966486e+02 
   68.171   11.524000  4.470098e+02  2.966887e+02 
   68.171   11.627000  4.473941e+02  2.967284e+02 
   68.171   11.730000  4.477729e+02  2.967678e+02 
   68.171   11.833000  4.481465e+02  2.968068e+02 
   68.171   11.936000  4.485146e+02  2.968454e+02 
   68.171   12.038000  4.488739e+02  2.968834e+02 
   68.171   12.141000  4.492315e+02  2.969212e+02 
   68.171   12.243999  4.495840e+02  2.969587e+02 
   68.171   12.347000  4.499315e+02  2.969957e+02 
   68.171   12.450000  4.502744e+02  2.970322e+02 
   68.171   12.552999  4.506127e+02  2.970682e+02 
   68.171   12.656000  4.509464e+02  2.971037e+02 
   68.171   12.759000  4.512757e+02  2.971386e+02 
   68.171   12.862000  4.516011e+02  2.971729e+02 
   68.171   12.964000  4.519195e+02  2.972062e+02 
   68.171   13.066999  4.522374e+02  2.972392e+02 
   68.171   13.170000  4.525516e+02  2.972715e+02 
   68.171   13.273000  4.528622e+02  2.973030e+02 
   68.171   13.375999  4.531694e+02  2.973337e+02 
   68.171   13.479000  4.534733e+02  2.973636e+02 
   68.171   13.582000  4.537739e+02  2.973926e+02 
   68.171   13.684999  4.540713e+02  2.974207e+02 
   68.171   13.788000  4.543656e+02  2.974478e+02 
   68.171   13.891000  4.546568e+02  2.974740e+02 
   68.171   13.993000  4.549420e+02  2.974991e+02 
   68.171   14.096000  4.552267e+02  2.975235e+02 
   68.171   14.198999  4.555082e+02  2.975472e+02 
   68.171   14.302000  4.557864e+02  2.975702e+02 
   68.171   14.405000  4.560612e+02  2.975926e+02 
   68.171   14.507999  4.563327e+02  2.976143e+02 
   68.171   14.611000  4.566007e+02  2.976356e+02 
   68.171   14.714000  4.568655e+02  2.976563e+02 
   68.171   14.816999  4.571270e+02  2.976766e+02 
   68.171   14.919000  4.573828e+02  2.976963e+02 
   68.171   15.021999  4.576378e+02  2.977156e+02 
   68.171   15.125000  4.578898e+02  2.977345e+02 
   68.171   15.228000  4.581387e+02  2.977530e+02 
   68.171   15.330999  4.583846e+02  2.977710e+02 
   68.171   15.434000  4.586274e+02  2.977886e+02 
   68.171   15.537000  4.588672e+02  2.978058e+02 
   68.171   15.639999  4.591040e+02  2.978226e+02 
   68.171   15.743000  4.593380e+02  2.978390e+02 
   68.171   15.844999  4.595669e+02  2.978548e+02 
   68.171   15.948000  4.597954e+02  2.978703e+02 
   68.171   16.051001  4.600214e+02  2.978853e+02 
   68.171   16.153999  4.602450e+02  2.978999e+02 
   68.171   16.257000  4.604662e+02  2.979140e+02 
   68.171   16.360001  4.606851e+02  2.979276e+02 
   68.171   16.462999  4.609018e+02  2.979407e+02 
   68.171   16.566000  4.611164e+02  2.979532e+02 
   68.171   16.669001  4.613289e+02  2.979651e+02 
   68.171   16.771000  4.615376e+02  2.979762e+02 
   68.171   16.874001  4.617467e+02  2.979866e+02 
   68.171   16.976999  4.619541e+02  2.979963e+02 
   68.171   17.080000  4.621601e+02  2.980051e+02 
   68.171   17.183001  4.623649e+02  2.980130e+02 
   68.171   17.285999  4.625685e+02  2.980200e+02 
   68.171   17.389000  4.627708e+02  2.980261e+02 
   68.171   17.492001  4.629717e+02  2.980314e+02 
   68.171   17.594999  4.631714e+02  2.980359e+02 
   68.171   17.697001  4.633677e+02  2.980397e+02 
   68.171   17.799999  4.635644e+02  2.980428e+02 
   68.171   17.903000  4.637596e+02  2.980454e+02 
   68.171   18.006001  4.639531e+02  2.980474e+02 
   68.171   18.108999  4.641450e+02  2.980489e+02 
   68.171   18.212000  4.643354e+02  2.980499e+02 
   68.171   18.315001  4.645241e+02  2.980504e+02 
   68.171   18.417999  4.647113e+02  2.980504e+02 
   68.171   18.521000  4.648969e+02  2.980500e+02 
   68.171   18.624001  4.650811e+02  2.980491e+02 
   68.171   18.726000  4.652619e+02  2.980477e+02 
   68.171   18.829000  4.654430e+02  2.980458e+02 
   68.171   18.931999  4.656225e+02  2.980435e+02 
   68.171   19.035000  4.658007e+02  2.980408e+02 
   68.171   19.138000  4.659775e+02  2.980376e+02 
   68.171   19.240999  4.661529e+02  2.980341e+02 
   68.171   19.344000  4.663271e+02  2.980300e+02 
   68.171   19.447001  4.665001e+02  2.980255e+02 
   68.171   19.549999  4.666718e+02  2.980206e+02 
   68.171   19.652000  4.668406e+02  2.980152e+02 
   68.171   19.754999  4.670098e+02  2.980094e+02 
   68.171   19.858000  4.671778e+02  2.980031e+02 
   68.171   19.961000  4.673446e+02  2.979965e+02 
   68.171   20.063999  4.675104e+02  2.979893e+02 
   68.171   20.362999  4.679857e+02  2.979658e+02 
   68.171   20.858999  4.687513e+02  2.979207e+02 
   68.171   21.355000  4.694889e+02  2.978687e+02 
   68.171   21.851000  4.701963e+02  2.978121e+02 
   68.171   22.346001  4.708645e+02  2.977561e+02 
   68.171   22.841999  4.714909e+02  2.977047e+02 
   68.171   23.337999  4.720744e+02  2.976584e+02 
   68.171   23.834000  4.726218e+02  2.976150e+02 
   68.171   24.329000  4.731377e+02  2.975722e+02 
   68.171   24.824999  4.736237e+02  2.975307e+02 
   68.171   25.320999  4.740774e+02  2.974920e+02 
   68.171   25.816999  4.745010e+02  2.974558e+02 
   68.171   26.312000  4.748964e+02  2.974215e+02 
   68.171   26.808001  4.752670e+02  2.973888e+02 
   68.171   27.303999  4.756133e+02  2.973576e+02 
   68.171   27.799999  4.759370e+02  2.973277e+02 
   68.171   28.295000  4.762399e+02  2.972989e+02 
   68.171   28.791000  4.765255e+02  2.972706e+02 
   68.171   29.287001  4.767953e+02  2.972427e+02 
   68.171   29.782999  4.770512e+02  2.972149e+02 
   68.171   30.278000  4.772941e+02  2.971873e+02 
   68.171   30.774000  4.775266e+02  2.971600e+02 
   68.171   31.270000  4.777500e+02  2.971329e+02 
   68.171   31.765999  4.779657e+02  2.971062e+02 
   68.171   32.261002  4.781755e+02  2.970798e+02 
   68.171   32.757000  4.783822e+02  2.970537e+02 
   68.171   33.253002  4.785870e+02  2.970280e+02 
   68.171   33.749001  4.787918e+02  2.970032e+02 
   68.171   34.244003  4.789972e+02  2.969796e+02 
   68.171   34.740002  4.792057e+02  2.969571e+02 
   68.171   35.236000  4.794182e+02  2.969360e+02 
   68.171   35.732002  4.796357e+02  2.969162e+02 
   68.171   36.227001  4.798584e+02  2.968977e+02 
   68.171   36.723003  4.800871e+02  2.968804e+02 
   68.171   37.219002  4.803210e+02  2.968642e+02 
   68.171   37.715000  4.805594e+02  2.968490e+02 
   68.171   38.210003  4.808007e+02  2.968350e+02 
   68.171   38.706001  4.810439e+02  2.968221e+02 
   68.171   39.202003  4.812869e+02  2.968103e+02 
   68.171   39.698002  4.815274e+02  2.967996e+02 
   68.171   40.198002  4.817622e+02  2.967911e+02 
   68.171   45.198002  4.836188e+02  2.967568e+02 
   68.171   50.198002  4.843270e+02  2.967538e+02 
   68.171   55.198002  4.845726e+02  2.967571e+02 
   68.171   60.198002  4.852931e+02  2.967607e+02 
   68.171   65.197998  4.865202e+02  2.967633e+02 
