   67.283    0.000000  1.552384e+00  1.894164e+01 
   67.283    0.103000  1.560916e+00  1.913053e+01 
   67.283    0.206000  1.569407e+00  1.932810e+01 
   67.283    0.309000  1.577836e+00  1.953085e+01 
   67.283    0.412000  1.586177e+00  1.973725e+01 
   67.283    0.514000  1.594349e+00  1.994406e+01 
   67.283    0.617000  1.602547e+00  2.015436e+01 
   67.283    0.720000  1.610732e+00  2.036531e+01 
   67.283    0.823000  1.618938e+00  2.057639e+01 
   67.283    0.926000  1.627179e+00  2.078725e+01 
   67.283    1.029000  1.635463e+00  2.099774e+01 
   67.283    1.132000  1.643802e+00  2.120767e+01 
   67.283    1.235000  1.652201e+00  2.141695e+01 
   67.283    1.338000  1.660651e+00  2.162555e+01 
   67.283    1.440000  1.669025e+00  2.183157e+01 
   67.283    1.543000  1.677450e+00  2.203916e+01 
   67.283    1.646000  1.685840e+00  2.224620e+01 
   67.283    1.749000  1.698360e+00  2.253927e+01 
   67.283    1.852000  4.235669e+00  4.299796e+01 
   67.283    1.955000  1.333091e+01  7.021297e+01 
   67.283    2.058000  5.166140e+01  1.065620e+02 
   67.283    2.161000  2.284218e+02  1.510345e+02 
   67.283    2.264000  2.295423e+02  1.509444e+02 
   67.283    2.366000  2.306485e+02  1.509030e+02 
   67.283    2.469000  2.317598e+02  1.508962e+02 
   67.283    2.572000  2.328631e+02  1.509179e+02 
   67.283    2.675000  2.339572e+02  1.509632e+02 
   67.283    2.778000  2.350412e+02  1.510282e+02 
   67.283    2.881000  2.361160e+02  1.511095e+02 
   67.283    2.984000  2.371820e+02  1.512048e+02 
   67.283    3.087000  2.382389e+02  1.513120e+02 
   67.283    3.190000  2.392873e+02  1.514296e+02 
   67.283    3.292000  2.403177e+02  1.515549e+02 
   67.283    3.395000  2.413512e+02  1.516891e+02 
   67.283    3.498000  2.423785e+02  1.518300e+02 
   67.283    3.601000  2.434015e+02  1.519766e+02 
   67.283    3.704000  2.444223e+02  1.521281e+02 
   67.283    3.807000  2.454416e+02  1.522837e+02 
   67.283    3.910000  2.464615e+02  1.524429e+02 
   67.283    4.013000  2.474832e+02  1.526052e+02 
   67.283    4.116000  2.485063e+02  1.527703e+02 
   67.283    4.218000  2.495206e+02  1.529363e+02 
   67.283    4.321000  2.505441e+02  1.531063e+02 
   67.283    4.424000  2.515636e+02  1.532786e+02 
   67.283    4.527000  2.525758e+02  1.534532e+02 
   67.283    4.630000  2.535770e+02  1.536299e+02 
   67.283    4.733000  2.545634e+02  1.538085e+02 
   67.283    4.836000  2.555325e+02  1.539887e+02 
   67.283    4.939000  2.564841e+02  1.541702e+02 
   67.283    5.042000  2.574183e+02  1.543526e+02 
   67.283    5.144000  2.585447e+02  1.545604e+02 
   67.283    5.247000  2.596928e+02  1.547741e+02 
   67.283    5.350000  2.614246e+02  1.550595e+02 
   67.283    5.453000  2.647924e+02  1.555382e+02 
   67.283    5.556000  2.681858e+02  1.560173e+02 
   67.283    5.659000  2.713397e+02  1.564670e+02 
   67.283    5.762000  2.733978e+02  1.567895e+02 
   67.283    5.865000  2.756697e+02  1.571369e+02 
   67.283    5.968000  2.780227e+02  1.574934e+02 
   67.283    6.071000  2.804575e+02  1.578588e+02 
   67.283    6.173000  2.866088e+02  1.586387e+02 
   67.283    6.276000  2.987189e+02  1.600424e+02 
   67.283    6.379000  3.167993e+02  1.619852e+02 
   67.283    6.482000  3.390869e+02  1.641993e+02 
   67.283    6.585000  3.616209e+02  1.662766e+02 
   67.283    6.688000  3.801408e+02  1.678899e+02 
   67.283    6.791000  3.912732e+02  1.688499e+02 
   67.283    6.894000  3.963737e+02  1.693249e+02 
   67.283    6.997000  4.001968e+02  1.696998e+02 
   67.283    7.099000  4.032072e+02  1.700111e+02 
   67.283    7.202000  4.059873e+02  1.703072e+02 
   67.283    7.305000  4.090496e+02  1.706268e+02 
   67.283    7.408000  4.116074e+02  1.709095e+02 
   67.283    7.511000  4.140541e+02  1.711858e+02 
   67.283    7.614000  4.164214e+02  1.714584e+02 
   67.283    7.717000  4.199495e+02  1.718179e+02 
   67.283    7.820000  4.226683e+02  1.721146e+02 
   67.283    7.923000  4.247528e+02  1.723634e+02 
   67.283    8.025000  4.266613e+02  1.725966e+02 
   67.283    8.128000  4.286358e+02  1.728329e+02 
   67.283    8.231000  4.330359e+02  1.732356e+02 
   67.283    8.334000  4.352382e+02  1.734814e+02 
   67.283    8.437000  4.371421e+02  1.737048e+02 
   67.283    8.540000  4.392674e+02  1.739420e+02 
   67.283    8.643000  4.413812e+02  1.741765e+02 
   67.283    8.746000  4.441677e+02  1.744547e+02 
   67.283    8.849000  4.464296e+02  1.746954e+02 
   67.283    8.951000  4.484248e+02  1.749148e+02 
   67.283    9.054000  4.503764e+02  1.751292e+02 
   67.283    9.157000  4.529557e+02  1.753809e+02 
   67.283    9.260000  4.553558e+02  1.756172e+02 
   67.283    9.363000  4.558650e+02  1.757284e+02 
   67.283    9.466000  4.563685e+02  1.758374e+02 
   67.283    9.569000  4.568663e+02  1.759442e+02 
   67.283    9.672000  4.573586e+02  1.760491e+02 
   67.283    9.775000  4.578431e+02  1.761519e+02 
   67.283    9.877000  4.583119e+02  1.762519e+02 
   67.283    9.980000  4.587735e+02  1.763509e+02 
   67.283   10.083000  4.592581e+02  1.764472e+02 
   67.283   10.186000  4.597320e+02  1.765418e+02 
   67.283   10.289000  4.601954e+02  1.766348e+02 
   67.283   10.392000  4.606501e+02  1.767261e+02 
   67.283   10.495000  4.610988e+02  1.768159e+02 
   67.283   10.598000  4.615420e+02  1.769043e+02 
   67.283   10.701000  4.619789e+02  1.769911e+02 
   67.283   10.802999  4.624048e+02  1.770759e+02 
   67.283   10.906000  4.628280e+02  1.771602e+02 
   67.283   11.009000  4.632448e+02  1.772433e+02 
   67.283   11.112000  4.636564e+02  1.773252e+02 
   67.283   11.215000  4.640630e+02  1.774061e+02 
   67.283   11.318000  4.644647e+02  1.774859e+02 
   67.283   11.421000  4.648617e+02  1.775646e+02 
   67.283   11.524000  4.652540e+02  1.776424e+02 
   67.283   11.627000  4.656414e+02  1.777191e+02 
   67.283   11.730000  4.660237e+02  1.777947e+02 
   67.283   11.832000  4.663970e+02  1.778687e+02 
   67.283   11.934999  4.667689e+02  1.779423e+02 
   67.283   12.038000  4.671356e+02  1.780150e+02 
   67.283   12.141000  4.674973e+02  1.780867e+02 
   67.283   12.243999  4.678540e+02  1.781574e+02 
   67.283   12.347000  4.682058e+02  1.782272e+02 
   67.283   12.450000  4.685529e+02  1.782959e+02 
   67.283   12.552999  4.688951e+02  1.783637e+02 
   67.283   12.656000  4.692326e+02  1.784305e+02 
   67.283   12.757999  4.695623e+02  1.784956e+02 
   67.283   12.861000  4.698911e+02  1.785603e+02 
   67.283   12.964000  4.702158e+02  1.786239e+02 
   67.283   13.066999  4.705367e+02  1.786864e+02 
   67.283   13.170000  4.708539e+02  1.787478e+02 
   67.283   13.273000  4.711672e+02  1.788080e+02 
   67.283   13.375999  4.714770e+02  1.788672e+02 
   67.283   13.479000  4.717831e+02  1.789253e+02 
   67.283   13.582000  4.720857e+02  1.789823e+02 
   67.283   13.684000  4.723820e+02  1.790377e+02 
   67.283   13.787000  4.726778e+02  1.790925e+02 
   67.283   13.890000  4.729702e+02  1.791463e+02 
   67.283   13.993000  4.732593e+02  1.791990e+02 
   67.283   14.096000  4.735453e+02  1.792507e+02 
   67.283   14.199000  4.738280e+02  1.793013e+02 
   67.283   14.302000  4.741076e+02  1.793509e+02 
   67.283   14.405000  4.743840e+02  1.793994e+02 
   67.283   14.507999  4.746574e+02  1.794470e+02 
   67.283   14.610000  4.749250e+02  1.794932e+02 
   67.283   14.713000  4.751920e+02  1.795390e+02 
   67.283   14.816000  4.754559e+02  1.795838e+02 
   67.283   14.919000  4.757166e+02  1.796279e+02 
   67.283   15.022000  4.759742e+02  1.796712e+02 
   67.283   15.125000  4.762286e+02  1.797137e+02 
   67.283   15.228000  4.764799e+02  1.797555e+02 
   67.283   15.331000  4.767281e+02  1.797966e+02 
   67.283   15.434000  4.769733e+02  1.798369e+02 
   67.283   15.536000  4.772131e+02  1.798761e+02 
   67.283   15.639000  4.774522e+02  1.799151e+02 
   67.283   15.742000  4.776885e+02  1.799533e+02 
   67.283   15.845000  4.779219e+02  1.799908e+02 
   67.283   15.947999  4.781526e+02  1.800275e+02 
   67.283   16.051001  4.783807e+02  1.800635e+02 
   67.283   16.154001  4.786063e+02  1.800988e+02 
   67.283   16.257000  4.788295e+02  1.801334e+02 
   67.283   16.360001  4.790503e+02  1.801673e+02 
   67.283   16.462000  4.792667e+02  1.802002e+02 
   67.283   16.565001  4.794829e+02  1.802328e+02 
   67.283   16.668001  4.796969e+02  1.802646e+02 
   67.283   16.771000  4.799089e+02  1.802957e+02 
   67.283   16.874001  4.801189e+02  1.803261e+02 
   67.283   16.977001  4.803270e+02  1.803557e+02 
   67.283   17.080000  4.805334e+02  1.803845e+02 
   67.283   17.183001  4.807384e+02  1.804124e+02 
   67.283   17.286001  4.809419e+02  1.804395e+02 
   67.283   17.389000  4.811440e+02  1.804657e+02 
   67.283   17.491001  4.813429e+02  1.804908e+02 
   67.283   17.594002  4.815426e+02  1.805151e+02 
   67.283   17.697001  4.817412e+02  1.805385e+02 
   67.283   17.800001  4.819384e+02  1.805612e+02 
   67.283   17.903002  4.821343e+02  1.805830e+02 
   67.283   18.006001  4.823287e+02  1.806041e+02 
   67.283   18.109001  4.825215e+02  1.806244e+02 
   67.283   18.212000  4.827127e+02  1.806441e+02 
   67.283   18.315001  4.829023e+02  1.806633e+02 
   67.283   18.417002  4.830882e+02  1.806816e+02 
   67.283   18.520000  4.832743e+02  1.806996e+02 
   67.283   18.623001  4.834589e+02  1.807169e+02 
   67.283   18.726002  4.836420e+02  1.807336e+02 
   67.283   18.829000  4.838236e+02  1.807497e+02 
   67.283   18.932001  4.840037e+02  1.807652e+02 
   67.283   19.035002  4.841825e+02  1.807801e+02 
   67.283   19.138000  4.843600e+02  1.807943e+02 
   67.283   19.241001  4.845363e+02  1.808080e+02 
   67.283   19.343000  4.847094e+02  1.808210e+02 
   67.283   19.446001  4.848830e+02  1.808337e+02 
   67.283   19.549002  4.850552e+02  1.808458e+02 
   67.283   19.652000  4.852261e+02  1.808574e+02 
   67.283   19.755001  4.853956e+02  1.808685e+02 
   67.283   19.858002  4.855639e+02  1.808792e+02 
   67.283   19.961000  4.857308e+02  1.808894e+02 
   67.283   20.064001  4.858969e+02  1.808990e+02 
   67.283   20.363001  4.863738e+02  1.809234e+02 
   67.283   20.859001  4.871422e+02  1.809558e+02 
   67.283   21.355001  4.878824e+02  1.809785e+02 
   67.283   21.850000  4.885941e+02  1.809924e+02 
   67.283   22.346001  4.892746e+02  1.810008e+02 
   67.283   22.842001  4.899163e+02  1.810077e+02 
   67.283   23.338001  4.905153e+02  1.810152e+02 
   67.283   23.833000  4.910723e+02  1.810231e+02 
   67.283   24.329000  4.915958e+02  1.810300e+02 
   67.283   24.825001  4.920882e+02  1.810350e+02 
   67.283   25.321001  4.925490e+02  1.810391e+02 
   67.283   25.816000  4.929781e+02  1.810428e+02 
   67.283   26.312000  4.933797e+02  1.810460e+02 
   67.283   26.808001  4.937559e+02  1.810483e+02 
   67.283   27.304001  4.941083e+02  1.810495e+02 
   67.283   27.799002  4.944366e+02  1.810501e+02 
   67.283   28.295000  4.947434e+02  1.810501e+02 
   67.283   28.791000  4.950312e+02  1.810493e+02 
   67.283   29.287001  4.953029e+02  1.810475e+02 
   67.283   29.782001  4.955605e+02  1.810444e+02 
   67.283   30.278002  4.958067e+02  1.810401e+02 
   67.283   30.774000  4.960429e+02  1.810347e+02 
   67.283   31.270000  4.962707e+02  1.810284e+02 
   67.283   31.765001  4.964912e+02  1.810212e+02 
   67.283   32.260998  4.967077e+02  1.810133e+02 
   67.283   32.757000  4.969213e+02  1.810048e+02 
   67.283   33.252998  4.971335e+02  1.809962e+02 
   67.283   33.747997  4.973458e+02  1.809875e+02 
   67.283   34.243999  4.975600e+02  1.809791e+02 
   67.283   34.739998  4.977775e+02  1.809709e+02 
   67.283   35.236000  4.979993e+02  1.809633e+02 
   67.283   35.730999  4.982260e+02  1.809560e+02 
   67.283   36.226997  4.984590e+02  1.809493e+02 
   67.283   36.723000  4.986979e+02  1.809429e+02 
   67.283   37.218998  4.989422e+02  1.809370e+02 
   67.283   37.714001  4.991900e+02  1.809315e+02 
   67.283   38.209999  4.994410e+02  1.809264e+02 
   67.283   38.705997  4.996925e+02  1.809218e+02 
   67.283   39.202000  4.999431e+02  1.809176e+02 
   67.283   39.696999  5.001895e+02  1.809140e+02 
   67.283   40.196999  5.004300e+02  1.809117e+02 
   67.283   45.196999  5.023112e+02  1.809138e+02 
   67.283   50.196999  5.030215e+02  1.809252e+02 
   67.283   55.196999  5.032729e+02  1.809347e+02 
   67.283   60.196999  5.040433e+02  1.809413e+02 
   67.283   65.197006  5.052851e+02  1.809455e+02 
