    0.000    0.000000  0.000000e+00  3.499366e+02 
    0.000    0.103000  0.000000e+00  3.490660e+02 
    0.000    0.206000  0.000000e+00  3.477390e+02 
    0.000    0.309000  0.000000e+00  3.462759e+02 
    0.000    0.412000  0.000000e+00  3.446747e+02 
    0.000    0.515000  0.000000e+00  3.431660e+02 
    0.000    0.617000  0.000000e+00  3.416407e+02 
    0.000    0.720000  0.000000e+00  3.400588e+02 
    0.000    0.823000  0.000000e+00  3.385360e+02 
    0.000    0.926000  0.000000e+00  3.369633e+02 
    0.000    1.029000  0.000000e+00  3.353767e+02 
    0.000    1.132000  0.000000e+00  3.339225e+02 
    0.000    1.235000  0.000000e+00  3.324096e+02 
    0.000    1.338000  0.000000e+00  3.309247e+02 
    0.000    1.441000  0.000000e+00  3.293924e+02 
    0.000    1.543000  0.000000e+00  3.277577e+02 
    0.000    1.646000  0.000000e+00  3.261546e+02 
    0.000    1.749000  0.000000e+00  3.246943e+02 
    0.000    1.852000  0.000000e+00  3.228875e+02 
    0.000    1.955000  0.000000e+00  3.196211e+02 
    0.000    2.058000  0.000000e+00  3.127753e+02 
    0.000    2.161000  0.000000e+00  3.115707e+02 
    0.000    2.264000  0.000000e+00  3.102804e+02 
    0.000    2.367000  0.000000e+00  3.090345e+02 
    0.000    2.470000  0.000000e+00  3.077947e+02 
    0.000    2.572000  0.000000e+00  3.065491e+02 
    0.000    2.675000  0.000000e+00  3.052570e+02 
    0.000    2.778000  0.000000e+00  3.039130e+02 
    0.000    2.881000  0.000000e+00  3.025589e+02 
    0.000    2.984000  0.000000e+00  3.012206e+02 
    0.000    3.087000  0.000000e+00  2.998922e+02 
    0.000    3.190000  0.000000e+00  2.985530e+02 
    0.000    3.293000  0.000000e+00  2.972160e+02 
    0.000    3.396000  0.000000e+00  2.958951e+02 
    0.000    3.498000  0.000000e+00  2.945983e+02 
    0.000    3.601000  0.000000e+00  2.933124e+02 
    0.000    3.704000  0.000000e+00  2.920507e+02 
    0.000    3.807000  0.000000e+00  2.908066e+02 
    0.000    3.910000  0.000000e+00  2.895472e+02 
    0.000    4.013000  0.000000e+00  2.882850e+02 
    0.000    4.116000  0.000000e+00  2.870339e+02 
    0.000    4.219000  0.000000e+00  2.857989e+02 
    0.000    4.322000  0.000000e+00  2.845821e+02 
    0.000    4.424000  0.000000e+00  2.833804e+02 
    0.000    4.527000  0.000000e+00  2.821838e+02 
    0.000    4.630000  0.000000e+00  2.809996e+02 
    0.000    4.733000  0.000000e+00  2.798087e+02 
    0.000    4.836000  0.000000e+00  2.786250e+02 
    0.000    4.939000  0.000000e+00  2.774530e+02 
    0.000    5.042000  0.000000e+00  2.762943e+02 
    0.000    5.145000  0.000000e+00  2.751539e+02 
    0.000    5.248000  0.000000e+00  2.740287e+02 
    0.000    5.350000  0.000000e+00  2.729287e+02 
    0.000    5.453000  0.000000e+00  2.718392e+02 
    0.000    5.556000  0.000000e+00  2.707643e+02 
    0.000    5.659000  0.000000e+00  2.697078e+02 
    0.000    5.762000  0.000000e+00  2.686716e+02 
    0.000    5.865000  0.000000e+00  2.676550e+02 
    0.000    5.968000  0.000000e+00  2.666599e+02 
    0.000    6.071000  0.000000e+00  2.656888e+02 
    0.000    6.174000  0.000000e+00  2.647412e+02 
    0.000    6.276000  0.000000e+00  2.638223e+02 
    0.000    6.379000  0.000000e+00  2.629151e+02 
    0.000    6.482000  0.000000e+00  2.620268e+02 
    0.000    6.585000  0.000000e+00  2.611624e+02 
    0.000    6.688000  0.000000e+00  2.603406e+02 
    0.000    6.791000  0.000000e+00  2.595507e+02 
    0.000    6.894000  0.000000e+00  2.588170e+02 
    0.000    6.997000  0.000000e+00  2.581581e+02 
    0.000    7.100000  0.000000e+00  2.575530e+02 
    0.000    7.202000  0.000000e+00  2.570659e+02 
    0.000    7.305000  0.000000e+00  2.566797e+02 
    0.000    7.408000  0.000000e+00  2.563604e+02 
    0.000    7.511000  0.000000e+00  2.561574e+02 
    0.000    7.614000  0.000000e+00  2.560323e+02 
    0.000    7.717000  0.000000e+00  2.559458e+02 
    0.000    7.820000  0.000000e+00  2.558770e+02 
    0.000    7.923000  0.000000e+00  2.558226e+02 
    0.000    8.026000  0.000000e+00  2.557546e+02 
    0.000    8.127999  0.000000e+00  2.556488e+02 
    0.000    8.231000  0.000000e+00  2.555196e+02 
    0.000    8.334000  0.000000e+00  2.553722e+02 
    0.000    8.436999  0.000000e+00  2.552088e+02 
    0.000    8.540000  0.000000e+00  2.550369e+02 
    0.000    8.643000  0.000000e+00  2.548636e+02 
    0.000    8.745999  0.000000e+00  2.546901e+02 
    0.000    8.849000  0.000000e+00  2.545159e+02 
    0.000    8.952000  0.000000e+00  2.543487e+02 
    0.000    9.054999  0.000000e+00  2.541866e+02 
    0.000    9.157000  0.000000e+00  2.540305e+02 
    0.000    9.259999  0.000000e+00  2.538979e+02 
    0.000    9.363000  0.000000e+00  2.537834e+02 
    0.000    9.466000  0.000000e+00  2.536799e+02 
    0.000    9.568999  0.000000e+00  2.535883e+02 
    0.000    9.672000  0.000000e+00  2.535058e+02 
    0.000    9.775000  0.000000e+00  2.534308e+02 
    0.000    9.877999  0.000000e+00  2.533630e+02 
    0.000    9.981000  0.000000e+00  2.533011e+02 
    0.000   10.083000  0.000000e+00  2.532408e+02 
    0.000   10.186000  0.000000e+00  2.531725e+02 
    0.000   10.289000  0.000000e+00  2.531002e+02 
    0.000   10.392000  0.000000e+00  2.530308e+02 
    0.000   10.495000  0.000000e+00  2.529719e+02 
    0.000   10.598000  0.000000e+00  2.529212e+02 
    0.000   10.701000  0.000000e+00  2.528712e+02 
    0.000   10.804000  0.000000e+00  2.528108e+02 
    0.000   10.907000  0.000000e+00  2.527440e+02 
    0.000   11.009000  0.000000e+00  2.526734e+02 
    0.000   11.112000  0.000000e+00  2.525928e+02 
    0.000   11.215000  0.000000e+00  2.525060e+02 
    0.000   11.318000  0.000000e+00  2.524156e+02 
    0.000   11.421000  0.000000e+00  2.523204e+02 
    0.000   11.524000  0.000000e+00  2.522218e+02 
    0.000   11.627000  0.000000e+00  2.521214e+02 
    0.000   11.730000  0.000000e+00  2.520190e+02 
    0.000   11.833000  0.000000e+00  2.519152e+02 
    0.000   11.934999  0.000000e+00  2.518118e+02 
    0.000   12.038000  0.000000e+00  2.517096e+02 
    0.000   12.141000  0.000000e+00  2.516097e+02 
    0.000   12.243999  0.000000e+00  2.515110e+02 
    0.000   12.347000  0.000000e+00  2.514180e+02 
    0.000   12.450000  0.000000e+00  2.513305e+02 
    0.000   12.552999  0.000000e+00  2.512464e+02 
    0.000   12.656000  0.000000e+00  2.511660e+02 
    0.000   12.759000  0.000000e+00  2.510888e+02 
    0.000   12.861000  0.000000e+00  2.510148e+02 
    0.000   12.964000  0.000000e+00  2.509427e+02 
    0.000   13.066999  0.000000e+00  2.508734e+02 
    0.000   13.170000  0.000000e+00  2.508063e+02 
    0.000   13.273000  0.000000e+00  2.507406e+02 
    0.000   13.375999  0.000000e+00  2.506751e+02 
    0.000   13.479000  0.000000e+00  2.506100e+02 
    0.000   13.582000  0.000000e+00  2.505457e+02 
    0.000   13.684999  0.000000e+00  2.504814e+02 
    0.000   13.787000  0.000000e+00  2.504179e+02 
    0.000   13.889999  0.000000e+00  2.503542e+02 
    0.000   13.993000  0.000000e+00  2.502926e+02 
    0.000   14.096000  0.000000e+00  2.502330e+02 
    0.000   14.198999  0.000000e+00  2.501749e+02 
    0.000   14.302000  0.000000e+00  2.501189e+02 
    0.000   14.405000  0.000000e+00  2.500652e+02 
    0.000   14.507999  0.000000e+00  2.500134e+02 
    0.000   14.611000  0.000000e+00  2.499627e+02 
    0.000   14.714000  0.000000e+00  2.499117e+02 
    0.000   14.816000  0.000000e+00  2.498613e+02 
    0.000   14.919000  0.000000e+00  2.498109e+02 
    0.000   15.021999  0.000000e+00  2.497609e+02 
    0.000   15.125000  0.000000e+00  2.497115e+02 
    0.000   15.228000  0.000000e+00  2.496627e+02 
    0.000   15.330999  0.000000e+00  2.496133e+02 
    0.000   15.434000  0.000000e+00  2.495626e+02 
    0.000   15.537000  0.000000e+00  2.495112e+02 
    0.000   15.639999  0.000000e+00  2.494599e+02 
    0.000   15.742000  0.000000e+00  2.494104e+02 
    0.000   15.844999  0.000000e+00  2.493617e+02 
    0.000   15.948000  0.000000e+00  2.493138e+02 
    0.000   16.051001  0.000000e+00  2.492685e+02 
    0.000   16.153999  0.000000e+00  2.492260e+02 
    0.000   16.257000  0.000000e+00  2.491856e+02 
    0.000   16.360001  0.000000e+00  2.491453e+02 
    0.000   16.462999  0.000000e+00  2.491029e+02 
    0.000   16.566000  0.000000e+00  2.490589e+02 
    0.000   16.667999  0.000000e+00  2.490147e+02 
    0.000   16.771000  0.000000e+00  2.489693e+02 
    0.000   16.874001  0.000000e+00  2.489231e+02 
    0.000   16.976999  0.000000e+00  2.488767e+02 
    0.000   17.080000  0.000000e+00  2.488302e+02 
    0.000   17.183001  0.000000e+00  2.487840e+02 
    0.000   17.285999  0.000000e+00  2.487380e+02 
    0.000   17.389000  0.000000e+00  2.486922e+02 
    0.000   17.492001  0.000000e+00  2.486465e+02 
    0.000   17.594000  0.000000e+00  2.486013e+02 
    0.000   17.697001  0.000000e+00  2.485559e+02 
    0.000   17.799999  0.000000e+00  2.485111e+02 
    0.000   17.903000  0.000000e+00  2.484672e+02 
    0.000   18.006001  0.000000e+00  2.484242e+02 
    0.000   18.108999  0.000000e+00  2.483820e+02 
    0.000   18.212000  0.000000e+00  2.483415e+02 
    0.000   18.315001  0.000000e+00  2.483028e+02 
    0.000   18.417999  0.000000e+00  2.482655e+02 
    0.000   18.520000  0.000000e+00  2.482298e+02 
    0.000   18.622999  0.000000e+00  2.481948e+02 
    0.000   18.726000  0.000000e+00  2.481609e+02 
    0.000   18.829000  0.000000e+00  2.481279e+02 
    0.000   18.931999  0.000000e+00  2.480958e+02 
    0.000   19.035000  0.000000e+00  2.480645e+02 
    0.000   19.138000  0.000000e+00  2.480341e+02 
    0.000   19.240999  0.000000e+00  2.480044e+02 
    0.000   19.344000  0.000000e+00  2.479745e+02 
    0.000   19.447001  0.000000e+00  2.479441e+02 
    0.000   19.549000  0.000000e+00  2.479138e+02 
    0.000   19.652000  0.000000e+00  2.478833e+02 
    0.000   19.754999  0.000000e+00  2.478519e+02 
    0.000   19.858000  0.000000e+00  2.478195e+02 
    0.000   19.961000  0.000000e+00  2.477865e+02 
    0.000   20.063999  0.000000e+00  2.477531e+02 
    0.000   20.362999  0.000000e+00  2.476568e+02 
    0.000   20.858999  0.000000e+00  2.475085e+02 
    0.000   21.355000  0.000000e+00  2.473869e+02 
    0.000   21.850000  0.000000e+00  2.472852e+02 
    0.000   22.346001  0.000000e+00  2.471890e+02 
    0.000   22.841999  0.000000e+00  2.470925e+02 
    0.000   23.337999  0.000000e+00  2.469976e+02 
    0.000   23.833000  0.000000e+00  2.469169e+02 
    0.000   24.329000  0.000000e+00  2.468634e+02 
    0.000   24.824999  0.000000e+00  2.468369e+02 
    0.000   25.320999  0.000000e+00  2.468287e+02 
    0.000   25.816000  0.000000e+00  2.468184e+02 
    0.000   26.312000  0.000000e+00  2.468087e+02 
    0.000   26.808001  0.000000e+00  2.468098e+02 
    0.000   27.303999  0.000000e+00  2.468199e+02 
    0.000   27.799000  0.000000e+00  2.468384e+02 
    0.000   28.295000  0.000000e+00  2.468671e+02 
    0.000   28.791000  0.000000e+00  2.469022e+02 
    0.000   29.287001  0.000000e+00  2.469403e+02 
    0.000   29.782000  0.000000e+00  2.469833e+02 
    0.000   30.278000  0.000000e+00  2.470335e+02 
    0.000   30.774000  0.000000e+00  2.470883e+02 
    0.000   31.270000  0.000000e+00  2.471448e+02 
    0.000   31.764999  0.000000e+00  2.472010e+02 
    0.000   32.261002  0.000000e+00  2.472578e+02 
    0.000   32.757000  0.000000e+00  2.473146e+02 
    0.000   33.253002  0.000000e+00  2.473698e+02 
    0.000   33.748001  0.000000e+00  2.474247e+02 
    0.000   34.244003  0.000000e+00  2.474807e+02 
    0.000   34.740002  0.000000e+00  2.475399e+02 
    0.000   35.236000  0.000000e+00  2.476020e+02 
    0.000   35.731003  0.000000e+00  2.476625e+02 
    0.000   36.227001  0.000000e+00  2.477211e+02 
    0.000   36.723003  0.000000e+00  2.477736e+02 
    0.000   37.219002  0.000000e+00  2.478209e+02 
    0.000   37.714001  0.000000e+00  2.478647e+02 
    0.000   38.210003  0.000000e+00  2.479060e+02 
    0.000   38.706001  0.000000e+00  2.479477e+02 
    0.000   39.202003  0.000000e+00  2.479908e+02 
    0.000   39.698002  0.000000e+00  2.480367e+02 
    0.000   40.198002  0.000000e+00  2.480866e+02 
    0.000   45.198002  0.000000e+00  2.485344e+02 
    0.000   50.198002  0.000000e+00  2.487593e+02 
    0.000   55.198002  0.000000e+00  2.487528e+02 
    0.000   60.198002  0.000000e+00  2.486858e+02 
    0.000   65.197998  0.000000e+00  2.486333e+02 
