    0.000    0.000000  0.000000e+00  3.530509e+02 
    0.000    0.102000  0.000000e+00  3.520991e+02 
    0.000    0.205000  0.000000e+00  3.508295e+02 
    0.000    0.308000  0.000000e+00  3.494062e+02 
    0.000    0.411000  0.000000e+00  3.479037e+02 
    0.000    0.514000  0.000000e+00  3.463488e+02 
    0.000    0.617000  0.000000e+00  3.434553e+02 
    0.000    0.720000  0.000000e+00  3.397425e+02 
    0.000    0.823000  0.000000e+00  3.356036e+02 
    0.000    0.926000  0.000000e+00  3.313647e+02 
    0.000    1.028000  0.000000e+00  3.273170e+02 
    0.000    1.131000  0.000000e+00  3.234037e+02 
    0.000    1.234000  0.000000e+00  3.198086e+02 
    0.000    1.337000  0.000000e+00  3.165515e+02 
    0.000    1.440000  0.000000e+00  3.136234e+02 
    0.000    1.543000  0.000000e+00  3.109611e+02 
    0.000    1.646000  0.000000e+00  3.083122e+02 
    0.000    1.749000  0.000000e+00  3.056491e+02 
    0.000    1.852000  0.000000e+00  3.038514e+02 
    0.000    1.954000  0.000000e+00  3.000555e+02 
    0.000    2.057000  0.000000e+00  2.977089e+02 
    0.000    2.160000  0.000000e+00  2.954385e+02 
    0.000    2.263000  0.000000e+00  2.927665e+02 
    0.000    2.366000  0.000000e+00  2.901994e+02 
    0.000    2.469000  0.000000e+00  2.877133e+02 
    0.000    2.572000  0.000000e+00  2.853520e+02 
    0.000    2.675000  0.000000e+00  2.829965e+02 
    0.000    2.778000  0.000000e+00  2.806287e+02 
    0.000    2.880000  0.000000e+00  2.781758e+02 
    0.000    2.983000  0.000000e+00  2.755023e+02 
    0.000    3.086000  0.000000e+00  2.725652e+02 
    0.000    3.189000  0.000000e+00  2.713717e+02 
    0.000    3.292000  0.000000e+00  2.700281e+02 
    0.000    3.395000  0.000000e+00  2.686966e+02 
    0.000    3.498000  0.000000e+00  2.674305e+02 
    0.000    3.601000  0.000000e+00  2.662082e+02 
    0.000    3.704000  0.000000e+00  2.650143e+02 
    0.000    3.806000  0.000000e+00  2.638918e+02 
    0.000    3.909000  0.000000e+00  2.628084e+02 
    0.000    4.012000  0.000000e+00  2.617046e+02 
    0.000    4.115000  0.000000e+00  2.605970e+02 
    0.000    4.218000  0.000000e+00  2.593802e+02 
    0.000    4.321000  0.000000e+00  2.581414e+02 
    0.000    4.424000  0.000000e+00  2.568146e+02 
    0.000    4.527000  0.000000e+00  2.553970e+02 
    0.000    4.630000  0.000000e+00  2.539414e+02 
    0.000    4.732000  0.000000e+00  2.524790e+02 
    0.000    4.835000  0.000000e+00  2.510175e+02 
    0.000    4.938000  0.000000e+00  2.495683e+02 
    0.000    5.041000  0.000000e+00  2.481372e+02 
    0.000    5.144000  0.000000e+00  2.467000e+02 
    0.000    5.247000  0.000000e+00  2.451559e+02 
    0.000    5.350000  0.000000e+00  2.435078e+02 
    0.000    5.453000  0.000000e+00  2.418295e+02 
    0.000    5.556000  0.000000e+00  2.401984e+02 
    0.000    5.659000  0.000000e+00  2.386973e+02 
    0.000    5.761000  0.000000e+00  2.374350e+02 
    0.000    5.864000  0.000000e+00  2.362810e+02 
    0.000    5.967000  0.000000e+00  2.353581e+02 
    0.000    6.070000  0.000000e+00  2.344422e+02 
    0.000    6.173000  0.000000e+00  2.335340e+02 
    0.000    6.276000  0.000000e+00  2.326396e+02 
    0.000    6.379000  0.000000e+00  2.317605e+02 
    0.000    6.482000  0.000000e+00  2.308976e+02 
    0.000    6.585000  0.000000e+00  2.300536e+02 
    0.000    6.687000  0.000000e+00  2.292394e+02 
    0.000    6.790000  0.000000e+00  2.284395e+02 
    0.000    6.893000  0.000000e+00  2.276668e+02 
    0.000    6.996000  0.000000e+00  2.269227e+02 
    0.000    7.099000  0.000000e+00  2.262049e+02 
    0.000    7.202000  0.000000e+00  2.256231e+02 
    0.000    7.305000  0.000000e+00  2.248210e+02 
    0.000    7.408000  0.000000e+00  2.242212e+02 
    0.000    7.511000  0.000000e+00  2.238284e+02 
    0.000    7.613000  0.000000e+00  2.234838e+02 
    0.000    7.716000  0.000000e+00  2.231352e+02 
    0.000    7.819000  0.000000e+00  2.228044e+02 
    0.000    7.922000  0.000000e+00  2.225107e+02 
    0.000    8.025001  0.000000e+00  2.222183e+02 
    0.000    8.128000  0.000000e+00  2.219356e+02 
    0.000    8.231000  0.000000e+00  2.217206e+02 
    0.000    8.334001  0.000000e+00  2.214534e+02 
    0.000    8.437000  0.000000e+00  2.212251e+02 
    0.000    8.539001  0.000000e+00  2.209945e+02 
    0.000    8.642000  0.000000e+00  2.209257e+02 
    0.000    8.745000  0.000000e+00  2.208407e+02 
    0.000    8.848001  0.000000e+00  2.207475e+02 
    0.000    8.951000  0.000000e+00  2.206495e+02 
    0.000    9.054000  0.000000e+00  2.205480e+02 
    0.000    9.157001  0.000000e+00  2.204454e+02 
    0.000    9.260000  0.000000e+00  2.203503e+02 
    0.000    9.363000  0.000000e+00  2.202603e+02 
    0.000    9.465000  0.000000e+00  2.201761e+02 
    0.000    9.568000  0.000000e+00  2.201028e+02 
    0.000    9.671000  0.000000e+00  2.200380e+02 
    0.000    9.774000  0.000000e+00  2.199837e+02 
    0.000    9.877000  0.000000e+00  2.199486e+02 
    0.000    9.980000  0.000000e+00  2.199273e+02 
    0.000   10.083000  0.000000e+00  2.199098e+02 
    0.000   10.186000  0.000000e+00  2.198869e+02 
    0.000   10.289001  0.000000e+00  2.198613e+02 
    0.000   10.391000  0.000000e+00  2.198329e+02 
    0.000   10.494000  0.000000e+00  2.197972e+02 
    0.000   10.597000  0.000000e+00  2.197573e+02 
    0.000   10.700000  0.000000e+00  2.197156e+02 
    0.000   10.803000  0.000000e+00  2.196728e+02 
    0.000   10.906000  0.000000e+00  2.196297e+02 
    0.000   11.009000  0.000000e+00  2.195837e+02 
    0.000   11.112000  0.000000e+00  2.195291e+02 
    0.000   11.215000  0.000000e+00  2.194687e+02 
    0.000   11.318000  0.000000e+00  2.194050e+02 
    0.000   11.420000  0.000000e+00  2.193384e+02 
    0.000   11.523000  0.000000e+00  2.192688e+02 
    0.000   11.626000  0.000000e+00  2.191983e+02 
    0.000   11.729000  0.000000e+00  2.191289e+02 
    0.000   11.832000  0.000000e+00  2.190605e+02 
    0.000   11.935000  0.000000e+00  2.189925e+02 
    0.000   12.038000  0.000000e+00  2.189251e+02 
    0.000   12.141000  0.000000e+00  2.188579e+02 
    0.000   12.244000  0.000000e+00  2.187911e+02 
    0.000   12.346000  0.000000e+00  2.187245e+02 
    0.000   12.449000  0.000000e+00  2.186569e+02 
    0.000   12.552000  0.000000e+00  2.185894e+02 
    0.000   12.655000  0.000000e+00  2.185230e+02 
    0.000   12.758000  0.000000e+00  2.184579e+02 
    0.000   12.861000  0.000000e+00  2.183938e+02 
    0.000   12.964000  0.000000e+00  2.183316e+02 
    0.000   13.067000  0.000000e+00  2.182719e+02 
    0.000   13.170000  0.000000e+00  2.182141e+02 
    0.000   13.272000  0.000000e+00  2.181584e+02 
    0.000   13.375000  0.000000e+00  2.181042e+02 
    0.000   13.478001  0.000000e+00  2.180515e+02 
    0.000   13.581000  0.000000e+00  2.180002e+02 
    0.000   13.684000  0.000000e+00  2.179503e+02 
    0.000   13.787000  0.000000e+00  2.179016e+02 
    0.000   13.890000  0.000000e+00  2.178538e+02 
    0.000   13.993000  0.000000e+00  2.178081e+02 
    0.000   14.096000  0.000000e+00  2.177643e+02 
    0.000   14.198000  0.000000e+00  2.177221e+02 
    0.000   14.301001  0.000000e+00  2.176814e+02 
    0.000   14.404000  0.000000e+00  2.176429e+02 
    0.000   14.507000  0.000000e+00  2.176061e+02 
    0.000   14.610001  0.000000e+00  2.175700e+02 
    0.000   14.713000  0.000000e+00  2.175336e+02 
    0.000   14.816000  0.000000e+00  2.174970e+02 
    0.000   14.919001  0.000000e+00  2.174607e+02 
    0.000   15.022000  0.000000e+00  2.174241e+02 
    0.000   15.124001  0.000000e+00  2.173877e+02 
    0.000   15.227000  0.000000e+00  2.173510e+02 
    0.000   15.330000  0.000000e+00  2.173158e+02 
    0.000   15.433001  0.000000e+00  2.172825e+02 
    0.000   15.536000  0.000000e+00  2.172506e+02 
    0.000   15.639000  0.000000e+00  2.172191e+02 
    0.000   15.742001  0.000000e+00  2.171854e+02 
    0.000   15.845000  0.000000e+00  2.171502e+02 
    0.000   15.948001  0.000000e+00  2.171141e+02 
    0.000   16.050999  0.000000e+00  2.170744e+02 
    0.000   16.153000  0.000000e+00  2.170315e+02 
    0.000   16.255999  0.000000e+00  2.169859e+02 
    0.000   16.358999  0.000000e+00  2.169392e+02 
    0.000   16.462000  0.000000e+00  2.168922e+02 
    0.000   16.564999  0.000000e+00  2.168450e+02 
    0.000   16.667999  0.000000e+00  2.167975e+02 
    0.000   16.771000  0.000000e+00  2.167522e+02 
    0.000   16.873999  0.000000e+00  2.167088e+02 
    0.000   16.976999  0.000000e+00  2.166666e+02 
    0.000   17.078999  0.000000e+00  2.166267e+02 
    0.000   17.181999  0.000000e+00  2.165894e+02 
    0.000   17.285000  0.000000e+00  2.165542e+02 
    0.000   17.387999  0.000000e+00  2.165205e+02 
    0.000   17.490999  0.000000e+00  2.164885e+02 
    0.000   17.594000  0.000000e+00  2.164581e+02 
    0.000   17.696999  0.000000e+00  2.164288e+02 
    0.000   17.799999  0.000000e+00  2.164003e+02 
    0.000   17.903000  0.000000e+00  2.163719e+02 
    0.000   18.004999  0.000000e+00  2.163442e+02 
    0.000   18.108000  0.000000e+00  2.163166e+02 
    0.000   18.210999  0.000000e+00  2.162888e+02 
    0.000   18.313999  0.000000e+00  2.162608e+02 
    0.000   18.417000  0.000000e+00  2.162328e+02 
    0.000   18.519999  0.000000e+00  2.162050e+02 
    0.000   18.622999  0.000000e+00  2.161776e+02 
    0.000   18.726000  0.000000e+00  2.161506e+02 
    0.000   18.828999  0.000000e+00  2.161240e+02 
    0.000   18.931000  0.000000e+00  2.160976e+02 
    0.000   19.033998  0.000000e+00  2.160706e+02 
    0.000   19.136999  0.000000e+00  2.160434e+02 
    0.000   19.240000  0.000000e+00  2.160161e+02 
    0.000   19.342999  0.000000e+00  2.159886e+02 
    0.000   19.445999  0.000000e+00  2.159606e+02 
    0.000   19.549000  0.000000e+00  2.159324e+02 
    0.000   19.651999  0.000000e+00  2.159042e+02 
    0.000   19.754999  0.000000e+00  2.158764e+02 
    0.000   19.856998  0.000000e+00  2.158494e+02 
    0.000   19.959999  0.000000e+00  2.158226e+02 
    0.000   20.063000  0.000000e+00  2.157961e+02 
    0.000   20.362999  0.000000e+00  2.157247e+02 
    0.000   20.858000  0.000000e+00  2.156216e+02 
    0.000   21.354000  0.000000e+00  2.155295e+02 
    0.000   21.849998  0.000000e+00  2.154487e+02 
    0.000   22.345999  0.000000e+00  2.153666e+02 
    0.000   22.841000  0.000000e+00  2.152830e+02 
    0.000   23.337000  0.000000e+00  2.152090e+02 
    0.000   23.832998  0.000000e+00  2.151533e+02 
    0.000   24.328999  0.000000e+00  2.151171e+02 
    0.000   24.823999  0.000000e+00  2.150922e+02 
    0.000   25.320000  0.000000e+00  2.150810e+02 
    0.000   25.816000  0.000000e+00  2.150840e+02 
    0.000   26.311998  0.000000e+00  2.150949e+02 
    0.000   26.806999  0.000000e+00  2.151127e+02 
    0.000   27.302999  0.000000e+00  2.151335e+02 
    0.000   27.799000  0.000000e+00  2.151559e+02 
    0.000   28.295000  0.000000e+00  2.151822e+02 
    0.000   28.789999  0.000000e+00  2.152158e+02 
    0.000   29.285999  0.000000e+00  2.152586e+02 
    0.000   29.782000  0.000000e+00  2.153087e+02 
    0.000   30.278000  0.000000e+00  2.153638e+02 
    0.000   30.772999  0.000000e+00  2.154193e+02 
    0.000   31.268999  0.000000e+00  2.154745e+02 
    0.000   31.764999  0.000000e+00  2.155295e+02 
    0.000   32.261002  0.000000e+00  2.155851e+02 
    0.000   32.756001  0.000000e+00  2.156422e+02 
    0.000   33.252003  0.000000e+00  2.157022e+02 
    0.000   33.748001  0.000000e+00  2.157655e+02 
    0.000   34.243999  0.000000e+00  2.158316e+02 
    0.000   34.739002  0.000000e+00  2.158963e+02 
    0.000   35.235001  0.000000e+00  2.159586e+02 
    0.000   35.731003  0.000000e+00  2.160169e+02 
    0.000   36.227001  0.000000e+00  2.160716e+02 
    0.000   36.722000  0.000000e+00  2.161223e+02 
    0.000   37.218002  0.000000e+00  2.161696e+02 
    0.000   37.714001  0.000000e+00  2.162143e+02 
    0.000   38.210003  0.000000e+00  2.162568e+02 
    0.000   38.705002  0.000000e+00  2.162995e+02 
    0.000   39.201000  0.000000e+00  2.163433e+02 
    0.000   39.697002  0.000000e+00  2.163899e+02 
    0.000   40.197002  0.000000e+00  2.164410e+02 
    0.000   45.197002  0.000000e+00  2.168926e+02 
    0.000   50.197002  0.000000e+00  2.171169e+02 
    0.000   55.197002  0.000000e+00  2.171155e+02 
    0.000   60.197002  0.000000e+00  2.170470e+02 
    0.000   65.196999  0.000000e+00  2.169948e+02 
