    0.000    0.000000  0.000000e+00  3.516635e+02 
    0.000    0.103000  0.000000e+00  3.508014e+02 
    0.000    0.205000  0.000000e+00  3.496014e+02 
    0.000    0.308000  0.000000e+00  3.482458e+02 
    0.000    0.411000  0.000000e+00  3.468803e+02 
    0.000    0.514000  0.000000e+00  3.454629e+02 
    0.000    0.617000  0.000000e+00  3.439333e+02 
    0.000    0.720000  0.000000e+00  3.423916e+02 
    0.000    0.823000  0.000000e+00  3.408138e+02 
    0.000    0.926000  0.000000e+00  3.392217e+02 
    0.000    1.029000  0.000000e+00  3.376505e+02 
    0.000    1.131000  0.000000e+00  3.361385e+02 
    0.000    1.234000  0.000000e+00  3.345694e+02 
    0.000    1.337000  0.000000e+00  3.329894e+02 
    0.000    1.440000  0.000000e+00  3.313039e+02 
    0.000    1.543000  0.000000e+00  3.233518e+02 
    0.000    1.646000  0.000000e+00  3.177066e+02 
    0.000    1.749000  0.000000e+00  3.133815e+02 
    0.000    1.852000  0.000000e+00  3.099674e+02 
    0.000    1.955000  0.000000e+00  3.069326e+02 
    0.000    2.057000  0.000000e+00  3.039744e+02 
    0.000    2.160000  0.000000e+00  3.006722e+02 
    0.000    2.263000  0.000000e+00  2.996611e+02 
    0.000    2.366000  0.000000e+00  2.985887e+02 
    0.000    2.469000  0.000000e+00  2.974798e+02 
    0.000    2.572000  0.000000e+00  2.963388e+02 
    0.000    2.675000  0.000000e+00  2.951550e+02 
    0.000    2.778000  0.000000e+00  2.939188e+02 
    0.000    2.881000  0.000000e+00  2.926728e+02 
    0.000    2.983000  0.000000e+00  2.914565e+02 
    0.000    3.086000  0.000000e+00  2.902386e+02 
    0.000    3.189000  0.000000e+00  2.889922e+02 
    0.000    3.292000  0.000000e+00  2.877372e+02 
    0.000    3.395000  0.000000e+00  2.864904e+02 
    0.000    3.498000  0.000000e+00  2.852536e+02 
    0.000    3.601000  0.000000e+00  2.840224e+02 
    0.000    3.704000  0.000000e+00  2.827944e+02 
    0.000    3.807000  0.000000e+00  2.815722e+02 
    0.000    3.909000  0.000000e+00  2.803374e+02 
    0.000    4.012000  0.000000e+00  2.790861e+02 
    0.000    4.115000  0.000000e+00  2.778421e+02 
    0.000    4.218000  0.000000e+00  2.766088e+02 
    0.000    4.321000  0.000000e+00  2.753894e+02 
    0.000    4.424000  0.000000e+00  2.741844e+02 
    0.000    4.527000  0.000000e+00  2.729984e+02 
    0.000    4.630000  0.000000e+00  2.718280e+02 
    0.000    4.733000  0.000000e+00  2.706573e+02 
    0.000    4.835000  0.000000e+00  2.695065e+02 
    0.000    4.938000  0.000000e+00  2.683534e+02 
    0.000    5.041000  0.000000e+00  2.672052e+02 
    0.000    5.144000  0.000000e+00  2.660713e+02 
    0.000    5.247000  0.000000e+00  2.649509e+02 
    0.000    5.350000  0.000000e+00  2.638470e+02 
    0.000    5.453000  0.000000e+00  2.627617e+02 
    0.000    5.556000  0.000000e+00  2.616833e+02 
    0.000    5.659000  0.000000e+00  2.606187e+02 
    0.000    5.762000  0.000000e+00  2.595741e+02 
    0.000    5.864000  0.000000e+00  2.585375e+02 
    0.000    5.967000  0.000000e+00  2.574879e+02 
    0.000    6.070000  0.000000e+00  2.564613e+02 
    0.000    6.173000  0.000000e+00  2.554477e+02 
    0.000    6.276000  0.000000e+00  2.541829e+02 
    0.000    6.379000  0.000000e+00  2.525867e+02 
    0.000    6.482000  0.000000e+00  2.502922e+02 
    0.000    6.585000  0.000000e+00  2.470984e+02 
    0.000    6.688000  0.000000e+00  2.430142e+02 
    0.000    6.790000  0.000000e+00  2.386109e+02 
    0.000    6.893000  0.000000e+00  2.359865e+02 
    0.000    6.996000  0.000000e+00  2.343525e+02 
    0.000    7.099000  0.000000e+00  2.333959e+02 
    0.000    7.202000  0.000000e+00  2.328712e+02 
    0.000    7.305000  0.000000e+00  2.324816e+02 
    0.000    7.408000  0.000000e+00  2.321569e+02 
    0.000    7.511000  0.000000e+00  2.318875e+02 
    0.000    7.614000  0.000000e+00  2.317446e+02 
    0.000    7.716000  0.000000e+00  2.316256e+02 
    0.000    7.819000  0.000000e+00  2.315502e+02 
    0.000    7.922000  0.000000e+00  2.314496e+02 
    0.000    8.025001  0.000000e+00  2.312872e+02 
    0.000    8.128000  0.000000e+00  2.311705e+02 
    0.000    8.231000  0.000000e+00  2.310260e+02 
    0.000    8.334001  0.000000e+00  2.308851e+02 
    0.000    8.437000  0.000000e+00  2.307160e+02 
    0.000    8.540000  0.000000e+00  2.305455e+02 
    0.000    8.642000  0.000000e+00  2.303527e+02 
    0.000    8.745000  0.000000e+00  2.301599e+02 
    0.000    8.848001  0.000000e+00  2.299594e+02 
    0.000    8.951000  0.000000e+00  2.297369e+02 
    0.000    9.054000  0.000000e+00  2.295465e+02 
    0.000    9.157001  0.000000e+00  2.294282e+02 
    0.000    9.260000  0.000000e+00  2.293323e+02 
    0.000    9.363000  0.000000e+00  2.292526e+02 
    0.000    9.466001  0.000000e+00  2.291815e+02 
    0.000    9.568000  0.000000e+00  2.291175e+02 
    0.000    9.671000  0.000000e+00  2.290580e+02 
    0.000    9.774000  0.000000e+00  2.290051e+02 
    0.000    9.877000  0.000000e+00  2.289644e+02 
    0.000    9.980000  0.000000e+00  2.289328e+02 
    0.000   10.083000  0.000000e+00  2.289032e+02 
    0.000   10.186000  0.000000e+00  2.288668e+02 
    0.000   10.289001  0.000000e+00  2.288265e+02 
    0.000   10.392000  0.000000e+00  2.287873e+02 
    0.000   10.494000  0.000000e+00  2.287541e+02 
    0.000   10.597000  0.000000e+00  2.287252e+02 
    0.000   10.700000  0.000000e+00  2.286956e+02 
    0.000   10.803000  0.000000e+00  2.286565e+02 
    0.000   10.906000  0.000000e+00  2.286110e+02 
    0.000   11.009000  0.000000e+00  2.285607e+02 
    0.000   11.112000  0.000000e+00  2.284999e+02 
    0.000   11.215000  0.000000e+00  2.284320e+02 
    0.000   11.318000  0.000000e+00  2.283601e+02 
    0.000   11.421000  0.000000e+00  2.282843e+02 
    0.000   11.523000  0.000000e+00  2.282064e+02 
    0.000   11.626000  0.000000e+00  2.281260e+02 
    0.000   11.729000  0.000000e+00  2.280433e+02 
    0.000   11.832000  0.000000e+00  2.279590e+02 
    0.000   11.935000  0.000000e+00  2.278737e+02 
    0.000   12.038000  0.000000e+00  2.277883e+02 
    0.000   12.141000  0.000000e+00  2.277028e+02 
    0.000   12.244000  0.000000e+00  2.276173e+02 
    0.000   12.347000  0.000000e+00  2.275368e+02 
    0.000   12.449000  0.000000e+00  2.274619e+02 
    0.000   12.552000  0.000000e+00  2.273892e+02 
    0.000   12.655000  0.000000e+00  2.273203e+02 
    0.000   12.758000  0.000000e+00  2.272548e+02 
    0.000   12.861000  0.000000e+00  2.271920e+02 
    0.000   12.964000  0.000000e+00  2.271318e+02 
    0.000   13.067000  0.000000e+00  2.270743e+02 
    0.000   13.170000  0.000000e+00  2.270189e+02 
    0.000   13.273000  0.000000e+00  2.269651e+02 
    0.000   13.375000  0.000000e+00  2.269128e+02 
    0.000   13.478000  0.000000e+00  2.268609e+02 
    0.000   13.581000  0.000000e+00  2.268099e+02 
    0.000   13.684000  0.000000e+00  2.267586e+02 
    0.000   13.787000  0.000000e+00  2.267072e+02 
    0.000   13.890000  0.000000e+00  2.266561e+02 
    0.000   13.993000  0.000000e+00  2.266063e+02 
    0.000   14.096000  0.000000e+00  2.265579e+02 
    0.000   14.199000  0.000000e+00  2.265105e+02 
    0.000   14.301001  0.000000e+00  2.264649e+02 
    0.000   14.404000  0.000000e+00  2.264201e+02 
    0.000   14.507000  0.000000e+00  2.263764e+02 
    0.000   14.610001  0.000000e+00  2.263334e+02 
    0.000   14.713000  0.000000e+00  2.262898e+02 
    0.000   14.816000  0.000000e+00  2.262460e+02 
    0.000   14.919000  0.000000e+00  2.262025e+02 
    0.000   15.022000  0.000000e+00  2.261588e+02 
    0.000   15.125000  0.000000e+00  2.261152e+02 
    0.000   15.227000  0.000000e+00  2.260723e+02 
    0.000   15.330000  0.000000e+00  2.260286e+02 
    0.000   15.433001  0.000000e+00  2.259843e+02 
    0.000   15.536000  0.000000e+00  2.259396e+02 
    0.000   15.639000  0.000000e+00  2.258955e+02 
    0.000   15.742001  0.000000e+00  2.258550e+02 
    0.000   15.845000  0.000000e+00  2.258174e+02 
    0.000   15.948001  0.000000e+00  2.257817e+02 
    0.000   16.050999  0.000000e+00  2.257466e+02 
    0.000   16.153000  0.000000e+00  2.257119e+02 
    0.000   16.255999  0.000000e+00  2.256773e+02 
    0.000   16.358999  0.000000e+00  2.256419e+02 
    0.000   16.462000  0.000000e+00  2.256034e+02 
    0.000   16.564999  0.000000e+00  2.255626e+02 
    0.000   16.667999  0.000000e+00  2.255206e+02 
    0.000   16.771000  0.000000e+00  2.254784e+02 
    0.000   16.873999  0.000000e+00  2.254361e+02 
    0.000   16.976999  0.000000e+00  2.253937e+02 
    0.000   17.080000  0.000000e+00  2.253515e+02 
    0.000   17.181999  0.000000e+00  2.253098e+02 
    0.000   17.285000  0.000000e+00  2.252680e+02 
    0.000   17.387999  0.000000e+00  2.252263e+02 
    0.000   17.490999  0.000000e+00  2.251854e+02 
    0.000   17.594000  0.000000e+00  2.251454e+02 
    0.000   17.696999  0.000000e+00  2.251058e+02 
    0.000   17.799999  0.000000e+00  2.250671e+02 
    0.000   17.903000  0.000000e+00  2.250302e+02 
    0.000   18.005999  0.000000e+00  2.249945e+02 
    0.000   18.108000  0.000000e+00  2.249601e+02 
    0.000   18.210999  0.000000e+00  2.249269e+02 
    0.000   18.313999  0.000000e+00  2.248950e+02 
    0.000   18.417000  0.000000e+00  2.248643e+02 
    0.000   18.519999  0.000000e+00  2.248345e+02 
    0.000   18.622999  0.000000e+00  2.248053e+02 
    0.000   18.726000  0.000000e+00  2.247765e+02 
    0.000   18.828999  0.000000e+00  2.247482e+02 
    0.000   18.931999  0.000000e+00  2.247205e+02 
    0.000   19.033998  0.000000e+00  2.246938e+02 
    0.000   19.136999  0.000000e+00  2.246674e+02 
    0.000   19.240000  0.000000e+00  2.246417e+02 
    0.000   19.342999  0.000000e+00  2.246155e+02 
    0.000   19.445999  0.000000e+00  2.245884e+02 
    0.000   19.549000  0.000000e+00  2.245609e+02 
    0.000   19.651999  0.000000e+00  2.245331e+02 
    0.000   19.754999  0.000000e+00  2.245048e+02 
    0.000   19.858000  0.000000e+00  2.244760e+02 
    0.000   19.959999  0.000000e+00  2.244472e+02 
    0.000   20.063000  0.000000e+00  2.244179e+02 
    0.000   20.362999  0.000000e+00  2.243343e+02 
    0.000   20.858000  0.000000e+00  2.242085e+02 
    0.000   21.354000  0.000000e+00  2.241056e+02 
    0.000   21.849998  0.000000e+00  2.240181e+02 
    0.000   22.345999  0.000000e+00  2.239341e+02 
    0.000   22.841000  0.000000e+00  2.238461e+02 
    0.000   23.337000  0.000000e+00  2.237602e+02 
    0.000   23.832998  0.000000e+00  2.236897e+02 
    0.000   24.328999  0.000000e+00  2.236452e+02 
    0.000   24.823999  0.000000e+00  2.236282e+02 
    0.000   25.320000  0.000000e+00  2.236254e+02 
    0.000   25.816000  0.000000e+00  2.236210e+02 
    0.000   26.311998  0.000000e+00  2.236224e+02 
    0.000   26.806999  0.000000e+00  2.236303e+02 
    0.000   27.302999  0.000000e+00  2.236432e+02 
    0.000   27.799000  0.000000e+00  2.236641e+02 
    0.000   28.295000  0.000000e+00  2.236951e+02 
    0.000   28.789999  0.000000e+00  2.237298e+02 
    0.000   29.285999  0.000000e+00  2.237701e+02 
    0.000   29.782000  0.000000e+00  2.238171e+02 
    0.000   30.278000  0.000000e+00  2.238699e+02 
    0.000   30.772999  0.000000e+00  2.239255e+02 
    0.000   31.268999  0.000000e+00  2.239829e+02 
    0.000   31.764999  0.000000e+00  2.240415e+02 
    0.000   32.261002  0.000000e+00  2.241007e+02 
    0.000   32.756001  0.000000e+00  2.241595e+02 
    0.000   33.252003  0.000000e+00  2.242168e+02 
    0.000   33.748001  0.000000e+00  2.242738e+02 
    0.000   34.243999  0.000000e+00  2.243316e+02 
    0.000   34.739002  0.000000e+00  2.243918e+02 
    0.000   35.235001  0.000000e+00  2.244543e+02 
    0.000   35.731003  0.000000e+00  2.245146e+02 
    0.000   36.227001  0.000000e+00  2.245723e+02 
    0.000   36.722000  0.000000e+00  2.246251e+02 
    0.000   37.218002  0.000000e+00  2.246736e+02 
    0.000   37.714001  0.000000e+00  2.247185e+02 
    0.000   38.210003  0.000000e+00  2.247603e+02 
    0.000   38.706001  0.000000e+00  2.248021e+02 
    0.000   39.201000  0.000000e+00  2.248449e+02 
    0.000   39.697002  0.000000e+00  2.248908e+02 
    0.000   40.197002  0.000000e+00  2.249412e+02 
    0.000   45.197002  0.000000e+00  2.253909e+02 
    0.000   50.197002  0.000000e+00  2.256178e+02 
    0.000   55.197002  0.000000e+00  2.256118e+02 
    0.000   60.197002  0.000000e+00  2.255445e+02 
    0.000   65.196999  0.000000e+00  2.254920e+02 
