   67.875    0.000000  9.376292e-22  4.978232e+00 
   67.875    0.102000  9.429808e-22  5.055143e+00 
   67.875    0.205000  9.483465e-22  5.134013e+00 
   67.875    0.308000  9.537030e-22  5.213154e+00 
   67.875    0.411000  9.590581e-22  5.292218e+00 
   67.875    0.514000  9.644118e-22  5.370980e+00 
   67.875    0.617000  1.017308e-21  5.732226e+00 
   67.875    0.720000  1.125751e-21  6.376246e+00 
   67.875    0.823000  1.295973e-21  7.242245e+00 
   67.875    0.926000  1.542658e-21  8.284307e+00 
   67.875    1.029000  1.891989e-21  9.476136e+00 
   67.875    1.131000  2.378250e-21  1.078455e+01 
   67.875    1.234000  3.069054e-21  1.221744e+01 
   67.875    1.337000  4.047881e-21  1.374885e+01 
   67.875    1.440000  5.462260e-21  1.538351e+01 
   67.875    1.543000  7.497912e-21  1.709005e+01 
   67.875    1.646000  1.044972e-20  1.885575e+01 
   67.875    1.749000  1.074545e-20  1.900525e+01 
   67.875    1.852000  1.098344e-20  1.913034e+01 
   67.875    1.955000  1.121041e-20  1.925104e+01 
   67.875    2.057000  1.360367e-15  6.058431e+01 
   67.875    2.160000  1.714690e-09  1.094864e+02 
   67.875    2.263000  1.009171e-02  1.718737e+02 
   67.875    2.366000  1.018605e-02  1.716856e+02 
   67.875    2.469000  1.027402e-02  1.715285e+02 
   67.875    2.572000  1.036183e-02  1.713976e+02 
   67.875    2.675000  1.044788e-02  1.712882e+02 
   67.875    2.778000  1.052912e-02  1.711965e+02 
   67.875    2.881000  1.060077e-02  1.711173e+02 
   67.875    2.983000  1.065786e-02  1.710469e+02 
   67.875    3.086000  8.867040e-02  1.856998e+02 
   67.875    3.189000  9.750622e-01  2.063658e+02 
   67.875    3.292000  1.470696e+01  2.410956e+02 
   67.875    3.395000  3.039285e+02  3.016868e+02 
   67.875    3.498000  3.066603e+02  3.015145e+02 
   67.875    3.601000  3.091170e+02  3.013813e+02 
   67.875    3.704000  3.114092e+02  3.012783e+02 
   67.875    3.807000  3.135361e+02  3.011961e+02 
   67.875    3.909000  3.155667e+02  3.011379e+02 
   67.875    4.012000  3.176108e+02  3.011054e+02 
   67.875    4.115000  3.197133e+02  3.011029e+02 
   67.875    4.218000  3.219021e+02  3.011315e+02 
   67.875    4.321000  3.241613e+02  3.011873e+02 
   67.875    4.424000  3.264510e+02  3.012633e+02 
   67.875    4.527000  3.287482e+02  3.013553e+02 
   67.875    4.630000  3.305716e+02  3.013868e+02 
   67.875    4.733000  3.331401e+02  3.014702e+02 
   67.875    4.835000  3.355051e+02  3.015527e+02 
   67.875    4.938000  3.378734e+02  3.016439e+02 
   67.875    5.041000  3.402913e+02  3.017456e+02 
   67.875    5.144000  3.427575e+02  3.018575e+02 
   67.875    5.247000  3.449146e+02  3.019589e+02 
   67.875    5.350000  3.471130e+02  3.020690e+02 
   67.875    5.453000  3.492032e+02  3.021790e+02 
   67.875    5.556000  3.506527e+02  3.022714e+02 
   67.875    5.659000  3.520879e+02  3.023685e+02 
   67.875    5.761000  3.534929e+02  3.024687e+02 
   67.875    5.864000  3.548937e+02  3.025735e+02 
   67.875    5.967000  3.562790e+02  3.026818e+02 
   67.875    6.070000  3.588705e+02  3.028490e+02 
   67.875    6.173000  3.616434e+02  3.030295e+02 
   67.875    6.276000  3.644261e+02  3.032128e+02 
   67.875    6.379000  3.677522e+02  3.034276e+02 
   67.875    6.482000  3.708958e+02  3.036328e+02 
   67.875    6.585000  3.740540e+02  3.038392e+02 
   67.875    6.687000  3.772347e+02  3.040460e+02 
   67.875    6.790000  3.804039e+02  3.042518e+02 
   67.875    6.893000  3.835751e+02  3.044566e+02 
   67.875    6.996000  3.866495e+02  3.046547e+02 
   67.875    7.099000  3.899962e+02  3.048659e+02 
   67.875    7.202000  3.930146e+02  3.050599e+02 
   67.875    7.305000  3.958979e+02  3.052491e+02 
   67.875    7.408000  3.986755e+02  3.054344e+02 
   67.875    7.511000  4.014291e+02  3.056208e+02 
   67.875    7.614000  4.040304e+02  3.058028e+02 
   67.875    7.716000  4.064245e+02  3.059753e+02 
   67.875    7.819000  4.087872e+02  3.061462e+02 
   67.875    7.922000  4.111028e+02  3.063141e+02 
   67.875    8.025000  4.133830e+02  3.064794e+02 
   67.875    8.127999  4.156403e+02  3.066419e+02 
   67.875    8.231000  4.178756e+02  3.068017e+02 
   67.875    8.334000  4.200440e+02  3.069569e+02 
   67.875    8.436999  4.221940e+02  3.071101e+02 
   67.875    8.540000  4.244266e+02  3.072659e+02 
   67.875    8.641999  4.267301e+02  3.074227e+02 
   67.875    8.745000  4.289132e+02  3.075726e+02 
   67.875    8.848000  4.314626e+02  3.077339e+02 
   67.875    8.950999  4.335856e+02  3.078740e+02 
   67.875    9.054000  4.358142e+02  3.080164e+02 
   67.875    9.157000  4.379053e+02  3.081502e+02 
   67.875    9.259999  4.387562e+02  3.082399e+02 
   67.875    9.363000  4.396513e+02  3.083312e+02 
   67.875    9.466000  4.405816e+02  3.084231e+02 
   67.875    9.568000  4.414990e+02  3.085157e+02 
   67.875    9.671000  4.424388e+02  3.086083e+02 
   67.875    9.773999  4.433895e+02  3.086998e+02 
   67.875    9.877000  4.443431e+02  3.087899e+02 
   67.875    9.980000  4.452882e+02  3.088778e+02 
   67.875   10.082999  4.462127e+02  3.089704e+02 
   67.875   10.186000  4.471417e+02  3.090664e+02 
   67.875   10.289000  4.480404e+02  3.091587e+02 
   67.875   10.391999  4.485016e+02  3.092032e+02 
   67.875   10.493999  4.489506e+02  3.092464e+02 
   67.875   10.596999  4.494074e+02  3.092903e+02 
   67.875   10.700000  4.498412e+02  3.093316e+02 
   67.875   10.802999  4.502695e+02  3.093723e+02 
   67.875   10.905999  4.506925e+02  3.094122e+02 
   67.875   11.009000  4.511103e+02  3.094515e+02 
   67.875   11.112000  4.515226e+02  3.094904e+02 
   67.875   11.214999  4.519295e+02  3.095287e+02 
   67.875   11.318000  4.523309e+02  3.095667e+02 
   67.875   11.419999  4.527231e+02  3.096040e+02 
   67.875   11.523000  4.531137e+02  3.096413e+02 
   67.875   11.625999  4.534988e+02  3.096783e+02 
   67.875   11.728999  4.538784e+02  3.097149e+02 
   67.875   11.832000  4.542525e+02  3.097512e+02 
   67.875   11.934999  4.546211e+02  3.097871e+02 
   67.875   12.037999  4.549845e+02  3.098227e+02 
   67.875   12.141000  4.553427e+02  3.098578e+02 
   67.875   12.243999  4.556959e+02  3.098924e+02 
   67.875   12.346999  4.560443e+02  3.099265e+02 
   67.875   12.448999  4.563846e+02  3.099599e+02 
   67.875   12.552000  4.567235e+02  3.099930e+02 
   67.875   12.655000  4.570580e+02  3.100257e+02 
   67.875   12.757999  4.573884e+02  3.100577e+02 
   67.875   12.861000  4.577148e+02  3.100892e+02 
   67.875   12.964000  4.580376e+02  3.101202e+02 
   67.875   13.066999  4.583565e+02  3.101505e+02 
   67.875   13.169999  4.586717e+02  3.101802e+02 
   67.875   13.273000  4.589832e+02  3.102092e+02 
   67.875   13.375000  4.592883e+02  3.102372e+02 
   67.875   13.478000  4.595928e+02  3.102648e+02 
   67.875   13.580999  4.598939e+02  3.102916e+02 
   67.875   13.684000  4.601917e+02  3.103175e+02 
   67.875   13.787000  4.604864e+02  3.103426e+02 
   67.875   13.889999  4.607778e+02  3.103667e+02 
   67.875   13.993000  4.610662e+02  3.103900e+02 
   67.875   14.096000  4.613515e+02  3.104124e+02 
   67.875   14.198999  4.616337e+02  3.104340e+02 
   67.875   14.301000  4.619100e+02  3.104545e+02 
   67.875   14.403999  4.621857e+02  3.104746e+02 
   67.875   14.507000  4.624582e+02  3.104940e+02 
   67.875   14.610000  4.627274e+02  3.105129e+02 
   67.875   14.712999  4.629933e+02  3.105312e+02 
   67.875   14.816000  4.632558e+02  3.105492e+02 
   67.875   14.919000  4.635151e+02  3.105667e+02 
   67.875   15.021999  4.637711e+02  3.105837e+02 
   67.875   15.125000  4.640240e+02  3.106003e+02 
   67.875   15.226999  4.642713e+02  3.106164e+02 
   67.875   15.330000  4.645179e+02  3.106322e+02 
   67.875   15.433000  4.647615e+02  3.106476e+02 
   67.875   15.535999  4.650020e+02  3.106627e+02 
   67.875   15.639000  4.652396e+02  3.106772e+02 
   67.875   15.742000  4.654743e+02  3.106915e+02 
   67.875   15.844999  4.657062e+02  3.107053e+02 
   67.875   15.947999  4.659354e+02  3.107188e+02 
   67.875   16.051001  4.661621e+02  3.107318e+02 
   67.875   16.153000  4.663842e+02  3.107443e+02 
   67.875   16.256001  4.666061e+02  3.107564e+02 
   67.875   16.359001  4.668256e+02  3.107682e+02 
   67.875   16.462000  4.670429e+02  3.107794e+02 
   67.875   16.565001  4.672581e+02  3.107902e+02 
   67.875   16.668001  4.674711e+02  3.108004e+02 
   67.875   16.771000  4.676822e+02  3.108100e+02 
   67.875   16.874001  4.678915e+02  3.108189e+02 
   67.875   16.977001  4.680990e+02  3.108271e+02 
   67.875   17.080000  4.683050e+02  3.108346e+02 
   67.875   17.182001  4.685078e+02  3.108410e+02 
   67.875   17.285000  4.687114e+02  3.108466e+02 
   67.875   17.388000  4.689137e+02  3.108512e+02 
   67.875   17.491001  4.691147e+02  3.108549e+02 
   67.875   17.594000  4.693145e+02  3.108579e+02 
   67.875   17.697001  4.695131e+02  3.108600e+02 
   67.875   17.800001  4.697101e+02  3.108615e+02 
   67.875   17.903000  4.699056e+02  3.108623e+02 
   67.875   18.006001  4.700995e+02  3.108626e+02 
   67.875   18.108000  4.702899e+02  3.108625e+02 
   67.875   18.211000  4.704806e+02  3.108618e+02 
   67.875   18.314001  4.706696e+02  3.108606e+02 
   67.875   18.417000  4.708571e+02  3.108590e+02 
   67.875   18.520000  4.710429e+02  3.108569e+02 
   67.875   18.623001  4.712272e+02  3.108544e+02 
   67.875   18.726000  4.714101e+02  3.108513e+02 
   67.875   18.829000  4.715914e+02  3.108478e+02 
   67.875   18.932001  4.717712e+02  3.108439e+02 
   67.875   19.034000  4.719479e+02  3.108395e+02 
   67.875   19.137001  4.721250e+02  3.108347e+02 
   67.875   19.240000  4.723008e+02  3.108294e+02 
   67.875   19.343000  4.724752e+02  3.108238e+02 
   67.875   19.446001  4.726483e+02  3.108177e+02 
   67.875   19.549000  4.728202e+02  3.108112e+02 
   67.875   19.652000  4.729908e+02  3.108043e+02 
   67.875   19.755001  4.731601e+02  3.107970e+02 
   67.875   19.858000  4.733282e+02  3.107893e+02 
   67.875   19.960001  4.734935e+02  3.107813e+02 
   67.875   20.063000  4.736595e+02  3.107726e+02 
   67.875   20.363001  4.741375e+02  3.107444e+02 
   67.875   20.858000  4.749032e+02  3.106919e+02 
   67.875   21.354000  4.756422e+02  3.106324e+02 
   67.875   21.850000  4.763519e+02  3.105679e+02 
   67.875   22.346001  4.770254e+02  3.105035e+02 
   67.875   22.841000  4.776560e+02  3.104438e+02 
   67.875   23.337000  4.782448e+02  3.103897e+02 
   67.875   23.833000  4.787955e+02  3.103396e+02 
   67.875   24.329000  4.793145e+02  3.102911e+02 
   67.875   24.824001  4.798021e+02  3.102441e+02 
   67.875   25.320000  4.802584e+02  3.102000e+02 
   67.875   25.816000  4.806840e+02  3.101591e+02 
   67.875   26.312000  4.810819e+02  3.101204e+02 
   67.875   26.807001  4.814536e+02  3.100835e+02 
   67.875   27.303001  4.818017e+02  3.100484e+02 
   67.875   27.799000  4.821267e+02  3.100150e+02 
   67.875   28.295000  4.824309e+02  3.099830e+02 
   67.875   28.790001  4.827166e+02  3.099519e+02 
   67.875   29.286001  4.829871e+02  3.099212e+02 
   67.875   29.782001  4.832437e+02  3.098908e+02 
   67.875   30.278000  4.834881e+02  3.098606e+02 
   67.875   30.773001  4.837213e+02  3.098308e+02 
   67.875   31.269001  4.839461e+02  3.098013e+02 
   67.875   31.765001  4.841635e+02  3.097721e+02 
   67.875   32.261002  4.843758e+02  3.097432e+02 
   67.875   32.756001  4.845845e+02  3.097148e+02 
   67.875   33.251999  4.847921e+02  3.096870e+02 
   67.875   33.748001  4.849995e+02  3.096602e+02 
   67.875   34.243999  4.852081e+02  3.096347e+02 
   67.875   34.739002  4.854191e+02  3.096107e+02 
   67.875   35.235001  4.856346e+02  3.095880e+02 
   67.875   35.730999  4.858552e+02  3.095669e+02 
   67.875   36.227001  4.860816e+02  3.095470e+02 
   67.875   36.723000  4.863137e+02  3.095285e+02 
   67.875   37.218002  4.865506e+02  3.095112e+02 
   67.875   37.714001  4.867923e+02  3.094951e+02 
   67.875   38.209999  4.870372e+02  3.094800e+02 
   67.875   38.706001  4.872832e+02  3.094662e+02 
   67.875   39.201000  4.875283e+02  3.094536e+02 
   67.875   39.697002  4.877709e+02  3.094421e+02 
   67.875   40.197002  4.880076e+02  3.094330e+02 
   67.875   45.197002  4.898736e+02  3.093952e+02 
   67.875   50.197002  4.905828e+02  3.093908e+02 
   67.875   55.197002  4.908304e+02  3.093935e+02 
   67.875   60.197002  4.915674e+02  3.093968e+02 
   67.875   65.196999  4.927997e+02  3.093993e+02 
