    0.000    0.000000  0.000000e+00  3.493818e+02 
    0.000    0.103000  0.000000e+00  3.485670e+02 
    0.000    0.206000  0.000000e+00  3.473994e+02 
    0.000    0.309000  0.000000e+00  3.460409e+02 
    0.000    0.412000  0.000000e+00  3.445597e+02 
    0.000    0.515000  0.000000e+00  3.430385e+02 
    0.000    0.617000  0.000000e+00  3.414633e+02 
    0.000    0.720000  0.000000e+00  3.397866e+02 
    0.000    0.823000  0.000000e+00  3.379524e+02 
    0.000    0.926000  0.000000e+00  3.360052e+02 
    0.000    1.029000  0.000000e+00  3.340638e+02 
    0.000    1.132000  0.000000e+00  3.321768e+02 
    0.000    1.235000  0.000000e+00  3.303903e+02 
    0.000    1.338000  0.000000e+00  3.286362e+02 
    0.000    1.441000  0.000000e+00  3.269006e+02 
    0.000    1.543000  0.000000e+00  3.251808e+02 
    0.000    1.646000  0.000000e+00  3.233575e+02 
    0.000    1.749000  0.000000e+00  3.214671e+02 
    0.000    1.852000  0.000000e+00  3.198134e+02 
    0.000    1.955000  0.000000e+00  3.185024e+02 
    0.000    2.058000  0.000000e+00  3.172542e+02 
    0.000    2.161000  0.000000e+00  3.147678e+02 
    0.000    2.264000  0.000000e+00  3.131031e+02 
    0.000    2.367000  0.000000e+00  3.119440e+02 
    0.000    2.469000  0.000000e+00  3.107894e+02 
    0.000    2.572000  0.000000e+00  3.096341e+02 
    0.000    2.675000  0.000000e+00  3.084559e+02 
    0.000    2.778000  0.000000e+00  3.072388e+02 
    0.000    2.881000  0.000000e+00  3.059824e+02 
    0.000    2.984000  0.000000e+00  3.046706e+02 
    0.000    3.087000  0.000000e+00  3.033477e+02 
    0.000    3.190000  0.000000e+00  3.020529e+02 
    0.000    3.293000  0.000000e+00  3.007802e+02 
    0.000    3.396000  0.000000e+00  2.994959e+02 
    0.000    3.498000  0.000000e+00  2.982195e+02 
    0.000    3.601000  0.000000e+00  2.969308e+02 
    0.000    3.704000  0.000000e+00  2.956380e+02 
    0.000    3.807000  0.000000e+00  2.943507e+02 
    0.000    3.910000  0.000000e+00  2.930631e+02 
    0.000    4.013000  0.000000e+00  2.917819e+02 
    0.000    4.116000  0.000000e+00  2.905045e+02 
    0.000    4.219000  0.000000e+00  2.892285e+02 
    0.000    4.322000  0.000000e+00  2.879632e+02 
    0.000    4.424000  0.000000e+00  2.867096e+02 
    0.000    4.527000  0.000000e+00  2.854553e+02 
    0.000    4.630000  0.000000e+00  2.842170e+02 
    0.000    4.733000  0.000000e+00  2.829952e+02 
    0.000    4.836000  0.000000e+00  2.817911e+02 
    0.000    4.939000  0.000000e+00  2.805985e+02 
    0.000    5.042000  0.000000e+00  2.794148e+02 
    0.000    5.145000  0.000000e+00  2.782477e+02 
    0.000    5.248000  0.000000e+00  2.770913e+02 
    0.000    5.350000  0.000000e+00  2.759576e+02 
    0.000    5.453000  0.000000e+00  2.748341e+02 
    0.000    5.556000  0.000000e+00  2.737308e+02 
    0.000    5.659000  0.000000e+00  2.726491e+02 
    0.000    5.762000  0.000000e+00  2.715896e+02 
    0.000    5.865000  0.000000e+00  2.705504e+02 
    0.000    5.968000  0.000000e+00  2.695340e+02 
    0.000    6.071000  0.000000e+00  2.685345e+02 
    0.000    6.174000  0.000000e+00  2.675513e+02 
    0.000    6.276000  0.000000e+00  2.665952e+02 
    0.000    6.379000  0.000000e+00  2.656501e+02 
    0.000    6.482000  0.000000e+00  2.647253e+02 
    0.000    6.585000  0.000000e+00  2.638214e+02 
    0.000    6.688000  0.000000e+00  2.629420e+02 
    0.000    6.791000  0.000000e+00  2.620842e+02 
    0.000    6.894000  0.000000e+00  2.612592e+02 
    0.000    6.997000  0.000000e+00  2.604750e+02 
    0.000    7.100000  0.000000e+00  2.597243e+02 
    0.000    7.202000  0.000000e+00  2.590912e+02 
    0.000    7.305000  0.000000e+00  2.585648e+02 
    0.000    7.408000  0.000000e+00  2.578467e+02 
    0.000    7.511000  0.000000e+00  2.573359e+02 
    0.000    7.614000  0.000000e+00  2.569199e+02 
    0.000    7.717000  0.000000e+00  2.566005e+02 
    0.000    7.820000  0.000000e+00  2.563033e+02 
    0.000    7.923000  0.000000e+00  2.560312e+02 
    0.000    8.026000  0.000000e+00  2.557765e+02 
    0.000    8.128000  0.000000e+00  2.555361e+02 
    0.000    8.231001  0.000000e+00  2.552723e+02 
    0.000    8.334001  0.000000e+00  2.550236e+02 
    0.000    8.437000  0.000000e+00  2.547654e+02 
    0.000    8.540000  0.000000e+00  2.545426e+02 
    0.000    8.643001  0.000000e+00  2.542805e+02 
    0.000    8.746000  0.000000e+00  2.539291e+02 
    0.000    8.849000  0.000000e+00  2.536111e+02 
    0.000    8.952001  0.000000e+00  2.533544e+02 
    0.000    9.054001  0.000000e+00  2.530212e+02 
    0.000    9.157001  0.000000e+00  2.526956e+02 
    0.000    9.260000  0.000000e+00  2.525633e+02 
    0.000    9.363001  0.000000e+00  2.524354e+02 
    0.000    9.466001  0.000000e+00  2.523121e+02 
    0.000    9.569000  0.000000e+00  2.522016e+02 
    0.000    9.672001  0.000000e+00  2.521004e+02 
    0.000    9.775001  0.000000e+00  2.520092e+02 
    0.000    9.878000  0.000000e+00  2.519363e+02 
    0.000    9.981001  0.000000e+00  2.518766e+02 
    0.000   10.083000  0.000000e+00  2.518224e+02 
    0.000   10.186001  0.000000e+00  2.517647e+02 
    0.000   10.289001  0.000000e+00  2.517059e+02 
    0.000   10.392000  0.000000e+00  2.516447e+02 
    0.000   10.495001  0.000000e+00  2.515757e+02 
    0.000   10.598001  0.000000e+00  2.515021e+02 
    0.000   10.701000  0.000000e+00  2.514272e+02 
    0.000   10.804001  0.000000e+00  2.513524e+02 
    0.000   10.907001  0.000000e+00  2.512783e+02 
    0.000   11.009001  0.000000e+00  2.512037e+02 
    0.000   11.112000  0.000000e+00  2.511219e+02 
    0.000   11.215000  0.000000e+00  2.510359e+02 
    0.000   11.318001  0.000000e+00  2.509478e+02 
    0.000   11.421000  0.000000e+00  2.508565e+02 
    0.000   11.524000  0.000000e+00  2.507631e+02 
    0.000   11.627001  0.000000e+00  2.506693e+02 
    0.000   11.730000  0.000000e+00  2.505780e+02 
    0.000   11.833000  0.000000e+00  2.504891e+02 
    0.000   11.935000  0.000000e+00  2.504023e+02 
    0.000   12.038000  0.000000e+00  2.503161e+02 
    0.000   12.141001  0.000000e+00  2.502311e+02 
    0.000   12.244000  0.000000e+00  2.501473e+02 
    0.000   12.347000  0.000000e+00  2.500632e+02 
    0.000   12.450001  0.000000e+00  2.499789e+02 
    0.000   12.553000  0.000000e+00  2.498949e+02 
    0.000   12.656000  0.000000e+00  2.498115e+02 
    0.000   12.759001  0.000000e+00  2.497288e+02 
    0.000   12.861000  0.000000e+00  2.496475e+02 
    0.000   12.964001  0.000000e+00  2.495672e+02 
    0.000   13.067000  0.000000e+00  2.494893e+02 
    0.000   13.170000  0.000000e+00  2.494132e+02 
    0.000   13.273001  0.000000e+00  2.493392e+02 
    0.000   13.376000  0.000000e+00  2.492680e+02 
    0.000   13.479000  0.000000e+00  2.491991e+02 
    0.000   13.582001  0.000000e+00  2.491319e+02 
    0.000   13.685000  0.000000e+00  2.490664e+02 
    0.000   13.787001  0.000000e+00  2.490028e+02 
    0.000   13.890000  0.000000e+00  2.489398e+02 
    0.000   13.993000  0.000000e+00  2.488798e+02 
    0.000   14.096001  0.000000e+00  2.488226e+02 
    0.000   14.199000  0.000000e+00  2.487675e+02 
    0.000   14.302000  0.000000e+00  2.487148e+02 
    0.000   14.405001  0.000000e+00  2.486648e+02 
    0.000   14.508000  0.000000e+00  2.486170e+02 
    0.000   14.611000  0.000000e+00  2.485703e+02 
    0.000   14.714001  0.000000e+00  2.485231e+02 
    0.000   14.816000  0.000000e+00  2.484761e+02 
    0.000   14.919001  0.000000e+00  2.484291e+02 
    0.000   15.022000  0.000000e+00  2.483819e+02 
    0.000   15.125000  0.000000e+00  2.483346e+02 
    0.000   15.228001  0.000000e+00  2.482877e+02 
    0.000   15.331000  0.000000e+00  2.482419e+02 
    0.000   15.434000  0.000000e+00  2.481978e+02 
    0.000   15.537001  0.000000e+00  2.481549e+02 
    0.000   15.640000  0.000000e+00  2.481124e+02 
    0.000   15.742001  0.000000e+00  2.480677e+02 
    0.000   15.845000  0.000000e+00  2.480207e+02 
    0.000   15.948001  0.000000e+00  2.479728e+02 
    0.000   16.050999  0.000000e+00  2.479221e+02 
    0.000   16.153999  0.000000e+00  2.478685e+02 
    0.000   16.257000  0.000000e+00  2.478132e+02 
    0.000   16.359999  0.000000e+00  2.477572e+02 
    0.000   16.462999  0.000000e+00  2.477012e+02 
    0.000   16.566000  0.000000e+00  2.476454e+02 
    0.000   16.667999  0.000000e+00  2.475901e+02 
    0.000   16.771000  0.000000e+00  2.475367e+02 
    0.000   16.873999  0.000000e+00  2.474856e+02 
    0.000   16.976999  0.000000e+00  2.474359e+02 
    0.000   17.080000  0.000000e+00  2.473883e+02 
    0.000   17.182999  0.000000e+00  2.473434e+02 
    0.000   17.285999  0.000000e+00  2.473007e+02 
    0.000   17.389000  0.000000e+00  2.472595e+02 
    0.000   17.491999  0.000000e+00  2.472198e+02 
    0.000   17.594000  0.000000e+00  2.471820e+02 
    0.000   17.696999  0.000000e+00  2.471448e+02 
    0.000   17.799999  0.000000e+00  2.471083e+02 
    0.000   17.903000  0.000000e+00  2.470719e+02 
    0.000   18.005999  0.000000e+00  2.470358e+02 
    0.000   18.108999  0.000000e+00  2.470002e+02 
    0.000   18.212000  0.000000e+00  2.469646e+02 
    0.000   18.314999  0.000000e+00  2.469290e+02 
    0.000   18.417999  0.000000e+00  2.468935e+02 
    0.000   18.519999  0.000000e+00  2.468587e+02 
    0.000   18.622999  0.000000e+00  2.468241e+02 
    0.000   18.726000  0.000000e+00  2.467901e+02 
    0.000   18.828999  0.000000e+00  2.467565e+02 
    0.000   18.931999  0.000000e+00  2.467229e+02 
    0.000   19.035000  0.000000e+00  2.466889e+02 
    0.000   19.137999  0.000000e+00  2.466547e+02 
    0.000   19.240999  0.000000e+00  2.466204e+02 
    0.000   19.344000  0.000000e+00  2.465858e+02 
    0.000   19.446999  0.000000e+00  2.465509e+02 
    0.000   19.549000  0.000000e+00  2.465161e+02 
    0.000   19.652000  0.000000e+00  2.464809e+02 
    0.000   19.754999  0.000000e+00  2.464464e+02 
    0.000   19.858000  0.000000e+00  2.464128e+02 
    0.000   19.960999  0.000000e+00  2.463798e+02 
    0.000   20.063999  0.000000e+00  2.463472e+02 
    0.000   20.362999  0.000000e+00  2.462590e+02 
    0.000   20.858999  0.000000e+00  2.461285e+02 
    0.000   21.355000  0.000000e+00  2.460101e+02 
    0.000   21.850000  0.000000e+00  2.459047e+02 
    0.000   22.345999  0.000000e+00  2.458000e+02 
    0.000   22.841999  0.000000e+00  2.456967e+02 
    0.000   23.337999  0.000000e+00  2.456070e+02 
    0.000   23.833000  0.000000e+00  2.455377e+02 
    0.000   24.328999  0.000000e+00  2.454874e+02 
    0.000   24.824999  0.000000e+00  2.454491e+02 
    0.000   25.320999  0.000000e+00  2.454274e+02 
    0.000   25.816000  0.000000e+00  2.454201e+02 
    0.000   26.312000  0.000000e+00  2.454227e+02 
    0.000   26.807999  0.000000e+00  2.454344e+02 
    0.000   27.303999  0.000000e+00  2.454495e+02 
    0.000   27.799000  0.000000e+00  2.454661e+02 
    0.000   28.295000  0.000000e+00  2.454870e+02 
    0.000   28.791000  0.000000e+00  2.455153e+02 
    0.000   29.286999  0.000000e+00  2.455537e+02 
    0.000   29.782000  0.000000e+00  2.456003e+02 
    0.000   30.278000  0.000000e+00  2.456529e+02 
    0.000   30.774000  0.000000e+00  2.457050e+02 
    0.000   31.269999  0.000000e+00  2.457564e+02 
    0.000   31.764999  0.000000e+00  2.458076e+02 
    0.000   32.260998  0.000000e+00  2.458601e+02 
    0.000   32.757000  0.000000e+00  2.459146e+02 
    0.000   33.252998  0.000000e+00  2.459727e+02 
    0.000   33.748001  0.000000e+00  2.460346e+02 
    0.000   34.243999  0.000000e+00  2.460998e+02 
    0.000   34.739998  0.000000e+00  2.461635e+02 
    0.000   35.236000  0.000000e+00  2.462242e+02 
    0.000   35.730999  0.000000e+00  2.462806e+02 
    0.000   36.227001  0.000000e+00  2.463337e+02 
    0.000   36.723000  0.000000e+00  2.463828e+02 
    0.000   37.218998  0.000000e+00  2.464285e+02 
    0.000   37.715000  0.000000e+00  2.464723e+02 
    0.000   38.209999  0.000000e+00  2.465143e+02 
    0.000   38.706001  0.000000e+00  2.465570e+02 
    0.000   39.202000  0.000000e+00  2.466006e+02 
    0.000   39.697998  0.000000e+00  2.466470e+02 
    0.000   40.197998  0.000000e+00  2.466978e+02 
    0.000   45.197998  0.000000e+00  2.471477e+02 
    0.000   50.197998  0.000000e+00  2.473710e+02 
    0.000   55.197998  0.000000e+00  2.473699e+02 
    0.000   60.197998  0.000000e+00  2.473012e+02 
    0.000   65.198006  0.000000e+00  2.472490e+02 
