    0.000    0.000000  0.000000e+00  3.535350e+02 
    0.000    0.102000  0.000000e+00  3.526500e+02 
    0.000    0.205000  0.000000e+00  3.513423e+02 
    0.000    0.308000  0.000000e+00  3.498285e+02 
    0.000    0.411000  0.000000e+00  3.483136e+02 
    0.000    0.514000  0.000000e+00  3.467617e+02 
    0.000    0.617000  0.000000e+00  3.383913e+02 
    0.000    0.720000  0.000000e+00  3.331395e+02 
    0.000    0.823000  0.000000e+00  3.293220e+02 
    0.000    0.926000  0.000000e+00  3.260935e+02 
    0.000    1.028000  0.000000e+00  3.231446e+02 
    0.000    1.131000  0.000000e+00  3.200836e+02 
    0.000    1.234000  0.000000e+00  3.171719e+02 
    0.000    1.337000  0.000000e+00  3.144566e+02 
    0.000    1.440000  0.000000e+00  3.119513e+02 
    0.000    1.543000  0.000000e+00  3.096005e+02 
    0.000    1.646000  0.000000e+00  3.069624e+02 
    0.000    1.749000  0.000000e+00  3.059492e+02 
    0.000    1.852000  0.000000e+00  3.042952e+02 
    0.000    1.954000  0.000000e+00  3.029641e+02 
    0.000    2.057000  0.000000e+00  3.018441e+02 
    0.000    2.160000  0.000000e+00  3.007256e+02 
    0.000    2.263000  0.000000e+00  2.995668e+02 
    0.000    2.366000  0.000000e+00  2.983638e+02 
    0.000    2.469000  0.000000e+00  2.971694e+02 
    0.000    2.572000  0.000000e+00  2.879183e+02 
    0.000    2.675000  0.000000e+00  2.841491e+02 
    0.000    2.778000  0.000000e+00  2.813770e+02 
    0.000    2.880000  0.000000e+00  2.788156e+02 
    0.000    2.983000  0.000000e+00  2.761466e+02 
    0.000    3.086000  0.000000e+00  2.733815e+02 
    0.000    3.189000  0.000000e+00  2.705009e+02 
    0.000    3.292000  0.000000e+00  2.674072e+02 
    0.000    3.395000  0.000000e+00  2.666777e+02 
    0.000    3.498000  0.000000e+00  2.658254e+02 
    0.000    3.601000  0.000000e+00  2.649051e+02 
    0.000    3.704000  0.000000e+00  2.639367e+02 
    0.000    3.807000  0.000000e+00  2.629401e+02 
    0.000    3.909000  0.000000e+00  2.619141e+02 
    0.000    4.012000  0.000000e+00  2.608614e+02 
    0.000    4.115000  0.000000e+00  2.597914e+02 
    0.000    4.218000  0.000000e+00  2.587022e+02 
    0.000    4.321000  0.000000e+00  2.576019e+02 
    0.000    4.424000  0.000000e+00  2.564786e+02 
    0.000    4.527000  0.000000e+00  2.553436e+02 
    0.000    4.630000  0.000000e+00  2.542058e+02 
    0.000    4.733000  0.000000e+00  2.530616e+02 
    0.000    4.835000  0.000000e+00  2.519247e+02 
    0.000    4.938000  0.000000e+00  2.508091e+02 
    0.000    5.041000  0.000000e+00  2.496965e+02 
    0.000    5.144000  0.000000e+00  2.485927e+02 
    0.000    5.247000  0.000000e+00  2.474579e+02 
    0.000    5.350000  0.000000e+00  2.463271e+02 
    0.000    5.453000  0.000000e+00  2.451134e+02 
    0.000    5.556000  0.000000e+00  2.437527e+02 
    0.000    5.659000  0.000000e+00  2.422616e+02 
    0.000    5.761000  0.000000e+00  2.405950e+02 
    0.000    5.864000  0.000000e+00  2.385973e+02 
    0.000    5.967000  0.000000e+00  2.361893e+02 
    0.000    6.070000  0.000000e+00  2.332935e+02 
    0.000    6.173000  0.000000e+00  2.297807e+02 
    0.000    6.276000  0.000000e+00  2.258007e+02 
    0.000    6.379000  0.000000e+00  2.215561e+02 
    0.000    6.482000  0.000000e+00  2.173570e+02 
    0.000    6.585000  0.000000e+00  2.139158e+02 
    0.000    6.687000  0.000000e+00  2.112536e+02 
    0.000    6.790000  0.000000e+00  2.094652e+02 
    0.000    6.893000  0.000000e+00  2.080815e+02 
    0.000    6.996000  0.000000e+00  2.074762e+02 
    0.000    7.099000  0.000000e+00  2.068801e+02 
    0.000    7.202000  0.000000e+00  2.064173e+02 
    0.000    7.305000  0.000000e+00  2.060903e+02 
    0.000    7.408000  0.000000e+00  2.058398e+02 
    0.000    7.511000  0.000000e+00  2.057195e+02 
    0.000    7.613000  0.000000e+00  2.055483e+02 
    0.000    7.716000  0.000000e+00  2.054233e+02 
    0.000    7.819000  0.000000e+00  2.052998e+02 
    0.000    7.922000  0.000000e+00  2.052321e+02 
    0.000    8.025001  0.000000e+00  2.051494e+02 
    0.000    8.128000  0.000000e+00  2.050551e+02 
    0.000    8.231001  0.000000e+00  2.049585e+02 
    0.000    8.334001  0.000000e+00  2.048242e+02 
    0.000    8.437000  0.000000e+00  2.047004e+02 
    0.000    8.539001  0.000000e+00  2.045685e+02 
    0.000    8.642000  0.000000e+00  2.044196e+02 
    0.000    8.745001  0.000000e+00  2.042532e+02 
    0.000    8.848001  0.000000e+00  2.041812e+02 
    0.000    8.951000  0.000000e+00  2.041051e+02 
    0.000    9.054001  0.000000e+00  2.040260e+02 
    0.000    9.157001  0.000000e+00  2.039458e+02 
    0.000    9.260000  0.000000e+00  2.038744e+02 
    0.000    9.363001  0.000000e+00  2.038089e+02 
    0.000    9.465000  0.000000e+00  2.037487e+02 
    0.000    9.568001  0.000000e+00  2.036989e+02 
    0.000    9.671000  0.000000e+00  2.036569e+02 
    0.000    9.774000  0.000000e+00  2.036245e+02 
    0.000    9.877001  0.000000e+00  2.036113e+02 
    0.000    9.980000  0.000000e+00  2.036120e+02 
    0.000   10.083000  0.000000e+00  2.036163e+02 
    0.000   10.186001  0.000000e+00  2.036138e+02 
    0.000   10.289001  0.000000e+00  2.036072e+02 
    0.000   10.392000  0.000000e+00  2.035976e+02 
    0.000   10.494000  0.000000e+00  2.035819e+02 
    0.000   10.597000  0.000000e+00  2.035623e+02 
    0.000   10.700001  0.000000e+00  2.035404e+02 
    0.000   10.803000  0.000000e+00  2.035158e+02 
    0.000   10.906000  0.000000e+00  2.034894e+02 
    0.000   11.009001  0.000000e+00  2.034597e+02 
    0.000   11.112000  0.000000e+00  2.034206e+02 
    0.000   11.215000  0.000000e+00  2.033747e+02 
    0.000   11.318001  0.000000e+00  2.033250e+02 
    0.000   11.420000  0.000000e+00  2.032714e+02 
    0.000   11.523001  0.000000e+00  2.032142e+02 
    0.000   11.626000  0.000000e+00  2.031553e+02 
    0.000   11.729000  0.000000e+00  2.030968e+02 
    0.000   11.832001  0.000000e+00  2.030387e+02 
    0.000   11.935000  0.000000e+00  2.029806e+02 
    0.000   12.038000  0.000000e+00  2.029220e+02 
    0.000   12.141001  0.000000e+00  2.028632e+02 
    0.000   12.244000  0.000000e+00  2.028043e+02 
    0.000   12.346001  0.000000e+00  2.027455e+02 
    0.000   12.449000  0.000000e+00  2.026859e+02 
    0.000   12.552000  0.000000e+00  2.026262e+02 
    0.000   12.655001  0.000000e+00  2.025686e+02 
    0.000   12.758000  0.000000e+00  2.025137e+02 
    0.000   12.861000  0.000000e+00  2.024604e+02 
    0.000   12.964001  0.000000e+00  2.024090e+02 
    0.000   13.067000  0.000000e+00  2.023596e+02 
    0.000   13.170000  0.000000e+00  2.023118e+02 
    0.000   13.272000  0.000000e+00  2.022657e+02 
    0.000   13.375000  0.000000e+00  2.022207e+02 
    0.000   13.478001  0.000000e+00  2.021769e+02 
    0.000   13.581000  0.000000e+00  2.021342e+02 
    0.000   13.684000  0.000000e+00  2.020926e+02 
    0.000   13.787001  0.000000e+00  2.020519e+02 
    0.000   13.890000  0.000000e+00  2.020121e+02 
    0.000   13.993000  0.000000e+00  2.019734e+02 
    0.000   14.096001  0.000000e+00  2.019359e+02 
    0.000   14.198001  0.000000e+00  2.018995e+02 
    0.000   14.301001  0.000000e+00  2.018641e+02 
    0.000   14.404000  0.000000e+00  2.018304e+02 
    0.000   14.507000  0.000000e+00  2.017980e+02 
    0.000   14.610001  0.000000e+00  2.017663e+02 
    0.000   14.713000  0.000000e+00  2.017347e+02 
    0.000   14.816000  0.000000e+00  2.017031e+02 
    0.000   14.919001  0.000000e+00  2.016720e+02 
    0.000   15.022000  0.000000e+00  2.016405e+02 
    0.000   15.125000  0.000000e+00  2.016086e+02 
    0.000   15.227000  0.000000e+00  2.015771e+02 
    0.000   15.330001  0.000000e+00  2.015466e+02 
    0.000   15.433001  0.000000e+00  2.015180e+02 
    0.000   15.536000  0.000000e+00  2.014910e+02 
    0.000   15.639001  0.000000e+00  2.014645e+02 
    0.000   15.742001  0.000000e+00  2.014366e+02 
    0.000   15.845000  0.000000e+00  2.014076e+02 
    0.000   15.948001  0.000000e+00  2.013781e+02 
    0.000   16.050999  0.000000e+00  2.013448e+02 
    0.000   16.153000  0.000000e+00  2.013079e+02 
    0.000   16.255999  0.000000e+00  2.012681e+02 
    0.000   16.358999  0.000000e+00  2.012268e+02 
    0.000   16.462000  0.000000e+00  2.011847e+02 
    0.000   16.564999  0.000000e+00  2.011420e+02 
    0.000   16.667999  0.000000e+00  2.010987e+02 
    0.000   16.771000  0.000000e+00  2.010570e+02 
    0.000   16.873999  0.000000e+00  2.010170e+02 
    0.000   16.976999  0.000000e+00  2.009780e+02 
    0.000   17.078999  0.000000e+00  2.009410e+02 
    0.000   17.181999  0.000000e+00  2.009066e+02 
    0.000   17.285000  0.000000e+00  2.008743e+02 
    0.000   17.387999  0.000000e+00  2.008434e+02 
    0.000   17.490999  0.000000e+00  2.008145e+02 
    0.000   17.594000  0.000000e+00  2.007871e+02 
    0.000   17.696999  0.000000e+00  2.007609e+02 
    0.000   17.799999  0.000000e+00  2.007355e+02 
    0.000   17.903000  0.000000e+00  2.007103e+02 
    0.000   18.004999  0.000000e+00  2.006857e+02 
    0.000   18.108000  0.000000e+00  2.006612e+02 
    0.000   18.210999  0.000000e+00  2.006367e+02 
    0.000   18.313999  0.000000e+00  2.006121e+02 
    0.000   18.417000  0.000000e+00  2.005875e+02 
    0.000   18.519999  0.000000e+00  2.005631e+02 
    0.000   18.622999  0.000000e+00  2.005389e+02 
    0.000   18.726000  0.000000e+00  2.005150e+02 
    0.000   18.828999  0.000000e+00  2.004914e+02 
    0.000   18.931000  0.000000e+00  2.004679e+02 
    0.000   19.034000  0.000000e+00  2.004438e+02 
    0.000   19.136999  0.000000e+00  2.004196e+02 
    0.000   19.240000  0.000000e+00  2.003954e+02 
    0.000   19.343000  0.000000e+00  2.003708e+02 
    0.000   19.445999  0.000000e+00  2.003459e+02 
    0.000   19.549000  0.000000e+00  2.003209e+02 
    0.000   19.652000  0.000000e+00  2.002958e+02 
    0.000   19.754999  0.000000e+00  2.002710e+02 
    0.000   19.858000  0.000000e+00  2.002465e+02 
    0.000   19.959999  0.000000e+00  2.002225e+02 
    0.000   20.063000  0.000000e+00  2.001985e+02 
    0.000   20.362999  0.000000e+00  2.001335e+02 
    0.000   20.858000  0.000000e+00  2.000404e+02 
    0.000   21.354000  0.000000e+00  1.999588e+02 
    0.000   21.850000  0.000000e+00  1.998876e+02 
    0.000   22.345999  0.000000e+00  1.998146e+02 
    0.000   22.841000  0.000000e+00  1.997386e+02 
    0.000   23.337000  0.000000e+00  1.996700e+02 
    0.000   23.833000  0.000000e+00  1.996189e+02 
    0.000   24.328999  0.000000e+00  1.995881e+02 
    0.000   24.823999  0.000000e+00  1.995698e+02 
    0.000   25.320000  0.000000e+00  1.995629e+02 
    0.000   25.816000  0.000000e+00  1.995701e+02 
    0.000   26.312000  0.000000e+00  1.995841e+02 
    0.000   26.806999  0.000000e+00  1.996033e+02 
    0.000   27.302999  0.000000e+00  1.996258e+02 
    0.000   27.799000  0.000000e+00  1.996504e+02 
    0.000   28.295000  0.000000e+00  1.996788e+02 
    0.000   28.789999  0.000000e+00  1.997150e+02 
    0.000   29.285999  0.000000e+00  1.997595e+02 
    0.000   29.782000  0.000000e+00  1.998107e+02 
    0.000   30.278000  0.000000e+00  1.998668e+02 
    0.000   30.772999  0.000000e+00  1.999237e+02 
    0.000   31.268999  0.000000e+00  1.999808e+02 
    0.000   31.764999  0.000000e+00  2.000378e+02 
    0.000   32.260998  0.000000e+00  2.000953e+02 
    0.000   32.756001  0.000000e+00  2.001534e+02 
    0.000   33.251999  0.000000e+00  2.002135e+02 
    0.000   33.748001  0.000000e+00  2.002766e+02 
    0.000   34.243999  0.000000e+00  2.003424e+02 
    0.000   34.738998  0.000000e+00  2.004075e+02 
    0.000   35.235001  0.000000e+00  2.004706e+02 
    0.000   35.730999  0.000000e+00  2.005297e+02 
    0.000   36.227001  0.000000e+00  2.005854e+02 
    0.000   36.722000  0.000000e+00  2.006370e+02 
    0.000   37.217999  0.000000e+00  2.006853e+02 
    0.000   37.714001  0.000000e+00  2.007305e+02 
    0.000   38.209999  0.000000e+00  2.007729e+02 
    0.000   38.704998  0.000000e+00  2.008155e+02 
    0.000   39.201000  0.000000e+00  2.008592e+02 
    0.000   39.696999  0.000000e+00  2.009057e+02 
    0.000   40.196999  0.000000e+00  2.009568e+02 
    0.000   45.196999  0.000000e+00  2.014091e+02 
    0.000   50.196999  0.000000e+00  2.016343e+02 
    0.000   55.196999  0.000000e+00  2.016325e+02 
    0.000   60.196999  0.000000e+00  2.015641e+02 
    0.000   65.197006  0.000000e+00  2.015119e+02 
