   67.960    0.000000  7.050788e-19  5.204957e+00 
   67.960    0.103000  7.090450e-19  5.286536e+00 
   67.960    0.206000  7.129723e-19  5.369523e+00 
   67.960    0.309000  7.168827e-19  5.452876e+00 
   67.960    0.412000  7.207865e-19  5.536149e+00 
   67.960    0.515000  7.246917e-19  5.619090e+00 
   67.960    0.618000  9.020383e-19  6.990150e+00 
   67.960    0.721000  1.252418e-18  8.949280e+00 
   67.960    0.823000  1.823025e-18  1.110015e+01 
   67.960    0.926000  2.856489e-18  1.358403e+01 
   67.960    1.029000  4.831529e-18  1.640278e+01 
   67.960    1.132000  8.746437e-18  1.949888e+01 
   67.960    1.235000  1.682321e-17  2.282652e+01 
   67.960    1.338000  3.415241e-17  2.634607e+01 
   67.960    1.441000  7.271206e-17  3.002133e+01 
   67.960    1.544000  1.614303e-16  3.382073e+01 
   67.960    1.647000  3.716136e-16  3.771188e+01 
   67.960    1.750000  9.041723e-16  4.181137e+01 
   67.960    1.852000  1.023431e-15  4.236197e+01 
   67.960    1.955000  1.155797e-15  4.291150e+01 
   67.960    2.058000  1.284113e-15  4.339341e+01 
   67.960    2.161000  1.415552e-15  4.384624e+01 
   67.960    2.264000  2.930534e-10  8.994356e+01 
   67.960    2.367000  2.807532e-02  1.664234e+02 
   67.960    2.470000  3.033395e-02  1.666561e+02 
   67.960    2.573000  3.304458e-02  1.669946e+02 
   67.960    2.676000  3.533147e-02  1.672576e+02 
   67.960    2.778000  1.534575e-01  1.779799e+02 
   67.960    2.881000  6.244904e-01  1.901068e+02 
   67.960    2.984000  2.283315e+00  2.038764e+02 
   67.960    3.087000  7.093704e+00  2.185232e+02 
   67.960    3.190000  7.325466e+00  2.186776e+02 
   67.960    3.293000  7.540906e+00  2.188407e+02 
   67.960    3.396000  7.755444e+00  2.190284e+02 
   67.960    3.499000  7.980197e+00  2.192531e+02 
   67.960    3.602000  8.186191e+00  2.194640e+02 
   67.960    3.704000  8.376719e+00  2.196648e+02 
   67.960    3.807000  8.500234e+00  2.197692e+02 
   67.960    3.910000  8.585123e+00  2.198231e+02 
   67.960    4.013000  8.669910e+00  2.198883e+02 
   67.960    4.116000  8.847867e+00  2.201136e+02 
   67.960    4.219000  9.174485e+00  2.205774e+02 
   67.960    4.322000  9.695925e+00  2.213291e+02 
   67.960    4.425000  1.048605e+01  2.224373e+02 
   67.960    4.528000  1.160499e+01  2.239198e+02 
   67.960    4.630000  1.314721e+01  2.258063e+02 
   67.960    4.733000  1.478676e+01  2.276339e+02 
   67.960    4.836000  1.661865e+01  2.295035e+02 
   67.960    4.939000  1.849544e+01  2.312606e+02 
   67.960    5.042000  2.055235e+01  2.330365e+02 
   67.960    5.145000  2.335455e+01  2.352526e+02 
   67.960    5.248000  2.740657e+01  2.381155e+02 
   67.960    5.351000  3.333680e+01  2.417503e+02 
   67.960    5.454000  4.242002e+01  2.464195e+02 
   67.960    5.556000  5.666675e+01  2.523142e+02 
   67.960    5.659000  7.678570e+01  2.588170e+02 
   67.960    5.762000  1.017076e+02  2.651021e+02 
   67.960    5.865000  1.253760e+02  2.699266e+02 
   67.960    5.968000  1.447434e+02  2.732993e+02 
   67.960    6.071000  1.567057e+02  2.751751e+02 
   67.960    6.174000  1.640013e+02  2.762516e+02 
   67.960    6.277000  1.690641e+02  2.769739e+02 
   67.960    6.380000  1.726955e+02  2.774825e+02 
   67.960    6.482000  1.758605e+02  2.779244e+02 
   67.960    6.585000  1.773620e+02  2.781327e+02 
   67.960    6.688000  1.788863e+02  2.783488e+02 
   67.960    6.791000  1.803706e+02  2.785631e+02 
   67.960    6.894000  1.818930e+02  2.787863e+02 
   67.960    6.997000  1.836694e+02  2.790487e+02 
   67.960    7.100000  1.859697e+02  2.793890e+02 
   67.960    7.203000  1.886761e+02  2.797915e+02 
   67.960    7.306000  1.919964e+02  2.802873e+02 
   67.960    7.409000  1.958186e+02  2.808573e+02 
   67.960    7.511000  2.004589e+02  2.815430e+02 
   67.960    7.614000  2.063941e+02  2.824047e+02 
   67.960    7.717000  2.175537e+02  2.839358e+02 
   67.960    7.820000  2.313491e+02  2.857228e+02 
   67.960    7.923000  2.463717e+02  2.875583e+02 
   67.960    8.026000  2.635851e+02  2.895259e+02 
   67.960    8.129000  2.823302e+02  2.915167e+02 
   67.960    8.232000  3.089818e+02  2.940688e+02 
   67.960    8.335000  3.366888e+02  2.964447e+02 
   67.960    8.437000  3.659674e+02  2.986740e+02 
   67.960    8.540000  3.894518e+02  3.002869e+02 
   67.960    8.643000  4.043423e+02  3.012453e+02 
   67.960    8.746000  4.168762e+02  3.020022e+02 
   67.960    8.849000  4.301455e+02  3.027471e+02 
   67.960    8.952000  4.314078e+02  3.028790e+02 
   67.960    9.055000  4.329269e+02  3.030315e+02 
   67.960    9.158000  4.361850e+02  3.032251e+02 
   67.960    9.261000  4.401479e+02  3.034468e+02 
   67.960    9.363000  4.413828e+02  3.035668e+02 
   67.960    9.466000  4.426109e+02  3.036841e+02 
   67.960    9.569000  4.431083e+02  3.037393e+02 
   67.960    9.672000  4.435745e+02  3.037947e+02 
   67.960    9.775000  4.440391e+02  3.038484e+02 
   67.960    9.878000  4.444999e+02  3.039005e+02 
   67.960    9.981000  4.449567e+02  3.039511e+02 
   67.960   10.084000  4.454074e+02  3.040004e+02 
   67.960   10.187000  4.458825e+02  3.040471e+02 
   67.960   10.289000  4.463431e+02  3.040924e+02 
   67.960   10.392000  4.467990e+02  3.041374e+02 
   67.960   10.495000  4.472469e+02  3.041817e+02 
   67.960   10.598000  4.476869e+02  3.042252e+02 
   67.960   10.701000  4.481200e+02  3.042680e+02 
   67.960   10.804000  4.485477e+02  3.043102e+02 
   67.960   10.907000  4.489702e+02  3.043517e+02 
   67.960   11.010000  4.493874e+02  3.043926e+02 
   67.960   11.113000  4.497992e+02  3.044331e+02 
   67.960   11.215000  4.502017e+02  3.044728e+02 
   67.960   11.318000  4.506026e+02  3.045125e+02 
   67.960   11.421000  4.509981e+02  3.045518e+02 
   67.960   11.524000  4.513883e+02  3.045909e+02 
   67.960   11.627000  4.517729e+02  3.046296e+02 
   67.960   11.730000  4.521521e+02  3.046680e+02 
   67.960   11.833000  4.525257e+02  3.047061e+02 
   67.960   11.936000  4.528938e+02  3.047439e+02 
   67.960   12.039000  4.532566e+02  3.047813e+02 
   67.960   12.141000  4.536109e+02  3.048179e+02 
   67.960   12.243999  4.539635e+02  3.048545e+02 
   67.960   12.347000  4.543112e+02  3.048906e+02 
   67.960   12.450000  4.546542e+02  3.049261e+02 
   67.960   12.552999  4.549926e+02  3.049612e+02 
   67.960   12.656000  4.553265e+02  3.049958e+02 
   67.960   12.759000  4.556562e+02  3.050298e+02 
   67.960   12.862000  4.559821e+02  3.050633e+02 
   67.960   12.965000  4.563043e+02  3.050961e+02 
   67.960   13.068000  4.566227e+02  3.051284e+02 
   67.960   13.170000  4.569343e+02  3.051597e+02 
   67.960   13.273000  4.572453e+02  3.051906e+02 
   67.960   13.375999  4.575529e+02  3.052208e+02 
   67.960   13.479000  4.578570e+02  3.052503e+02 
   67.960   13.582000  4.581577e+02  3.052789e+02 
   67.960   13.684999  4.584553e+02  3.053067e+02 
   67.960   13.788000  4.587497e+02  3.053335e+02 
   67.960   13.891000  4.590409e+02  3.053595e+02 
   67.960   13.993999  4.593291e+02  3.053846e+02 
   67.960   14.096000  4.596113e+02  3.054085e+02 
   67.960   14.199000  4.598932e+02  3.054318e+02 
   67.960   14.302000  4.601719e+02  3.054543e+02 
   67.960   14.405000  4.604473e+02  3.054763e+02 
   67.960   14.507999  4.607194e+02  3.054975e+02 
   67.960   14.611000  4.609882e+02  3.055182e+02 
   67.960   14.714000  4.612536e+02  3.055384e+02 
   67.960   14.816999  4.615158e+02  3.055581e+02 
   67.960   14.920000  4.617746e+02  3.055774e+02 
   67.960   15.022000  4.620278e+02  3.055961e+02 
   67.960   15.125000  4.622803e+02  3.056145e+02 
   67.960   15.228000  4.625296e+02  3.056325e+02 
   67.960   15.331000  4.627758e+02  3.056501e+02 
   67.960   15.434000  4.630191e+02  3.056673e+02 
   67.960   15.537000  4.632593e+02  3.056841e+02 
   67.960   15.640000  4.634965e+02  3.057004e+02 
   67.960   15.743000  4.637309e+02  3.057163e+02 
   67.960   15.846000  4.639624e+02  3.057319e+02 
   67.960   15.947999  4.641891e+02  3.057469e+02 
   67.960   16.051001  4.644155e+02  3.057616e+02 
   67.960   16.154001  4.646395e+02  3.057759e+02 
   67.960   16.257000  4.648611e+02  3.057897e+02 
   67.960   16.360001  4.650804e+02  3.058031e+02 
   67.960   16.463001  4.652975e+02  3.058159e+02 
   67.960   16.566000  4.655124e+02  3.058282e+02 
   67.960   16.669001  4.657252e+02  3.058400e+02 
   67.960   16.772001  4.659361e+02  3.058512e+02 
   67.960   16.874001  4.661432e+02  3.058615e+02 
   67.960   16.977001  4.663506e+02  3.058712e+02 
   67.960   17.080000  4.665565e+02  3.058802e+02 
   67.960   17.183001  4.667613e+02  3.058881e+02 
   67.960   17.286001  4.669648e+02  3.058951e+02 
   67.960   17.389000  4.671670e+02  3.059013e+02 
   67.960   17.492001  4.673679e+02  3.059066e+02 
   67.960   17.595001  4.675676e+02  3.059111e+02 
   67.960   17.698000  4.677660e+02  3.059148e+02 
   67.960   17.801001  4.679630e+02  3.059178e+02 
   67.960   17.903002  4.681564e+02  3.059202e+02 
   67.960   18.006001  4.683501e+02  3.059221e+02 
   67.960   18.109001  4.685422e+02  3.059236e+02 
   67.960   18.212000  4.687326e+02  3.059245e+02 
   67.960   18.315001  4.689215e+02  3.059249e+02 
   67.960   18.418001  4.691088e+02  3.059249e+02 
   67.960   18.521000  4.692945e+02  3.059243e+02 
   67.960   18.624001  4.694787e+02  3.059233e+02 
   67.960   18.727001  4.696614e+02  3.059218e+02 
   67.960   18.829000  4.698408e+02  3.059199e+02 
   67.960   18.932001  4.700205e+02  3.059174e+02 
   67.960   19.035002  4.701988e+02  3.059146e+02 
   67.960   19.138000  4.703758e+02  3.059113e+02 
   67.960   19.241001  4.705514e+02  3.059076e+02 
   67.960   19.344002  4.707256e+02  3.059034e+02 
   67.960   19.447001  4.708987e+02  3.058989e+02 
   67.960   19.550001  4.710704e+02  3.058939e+02 
   67.960   19.653002  4.712409e+02  3.058885e+02 
   67.960   19.755001  4.714085e+02  3.058828e+02 
   67.960   19.858002  4.715765e+02  3.058766e+02 
   67.960   19.961000  4.717433e+02  3.058699e+02 
   67.960   20.064001  4.719091e+02  3.058627e+02 
   67.960   20.363001  4.723851e+02  3.058390e+02 
   67.960   20.859001  4.731516e+02  3.057935e+02 
   67.960   21.355001  4.738900e+02  3.057411e+02 
   67.960   21.851002  4.745990e+02  3.056836e+02 
   67.960   22.346001  4.752701e+02  3.056261e+02 
   67.960   22.842001  4.759007e+02  3.055727e+02 
   67.960   23.338001  4.764882e+02  3.055247e+02 
   67.960   23.834002  4.770380e+02  3.054801e+02 
   67.960   24.329000  4.775553e+02  3.054367e+02 
   67.960   24.825001  4.780432e+02  3.053945e+02 
   67.960   25.321001  4.784987e+02  3.053549e+02 
   67.960   25.817001  4.789236e+02  3.053182e+02 
   67.960   26.312000  4.793202e+02  3.052835e+02 
   67.960   26.808001  4.796920e+02  3.052502e+02 
   67.960   27.304001  4.800394e+02  3.052186e+02 
   67.960   27.800001  4.803639e+02  3.051885e+02 
   67.960   28.295000  4.806671e+02  3.051595e+02 
   67.960   28.791000  4.809529e+02  3.051312e+02 
   67.960   29.287001  4.812229e+02  3.051032e+02 
   67.960   29.783001  4.814792e+02  3.050754e+02 
   67.960   30.278002  4.817227e+02  3.050477e+02 
   67.960   30.774000  4.819559e+02  3.050201e+02 
   67.960   31.270000  4.821802e+02  3.049928e+02 
   67.960   31.766001  4.823971e+02  3.049659e+02 
   67.960   32.260998  4.826083e+02  3.049391e+02 
   67.960   32.757000  4.828166e+02  3.049127e+02 
   67.960   33.252998  4.830233e+02  3.048868e+02 
   67.960   33.749001  4.832300e+02  3.048618e+02 
   67.960   34.244999  4.834379e+02  3.048379e+02 
   67.960   34.739998  4.836481e+02  3.048154e+02 
   67.960   35.236000  4.838628e+02  3.047942e+02 
   67.960   35.731998  4.840827e+02  3.047743e+02 
   67.960   36.228001  4.843082e+02  3.047557e+02 
   67.960   36.723000  4.845390e+02  3.047383e+02 
   67.960   37.218998  4.847755e+02  3.047221e+02 
   67.960   37.715000  4.850163e+02  3.047069e+02 
   67.960   38.210999  4.852603e+02  3.046929e+02 
   67.960   38.705997  4.855051e+02  3.046799e+02 
   67.960   39.202000  4.857499e+02  3.046681e+02 
   67.960   39.697998  4.859919e+02  3.046573e+02 
   67.960   40.197998  4.862280e+02  3.046489e+02 
   67.960   45.197998  4.880905e+02  3.046146e+02 
   67.960   50.197998  4.887986e+02  3.046116e+02 
   67.960   55.197998  4.890455e+02  3.046149e+02 
   67.960   60.197998  4.897784e+02  3.046185e+02 
   67.960   65.198006  4.910084e+02  3.046212e+02 
