   67.495    0.000000  3.325871e-06  9.231561e+00 
   67.495    0.103000  3.343637e-06  9.360202e+00 
   67.495    0.206000  3.361353e-06  9.491143e+00 
   67.495    0.309000  3.379002e-06  9.623057e+00 
   67.495    0.411000  3.396409e-06  9.754059e+00 
   67.495    0.514000  3.413872e-06  9.886382e+00 
   67.495    0.617000  4.278711e-06  1.237218e+01 
   67.495    0.720000  5.997411e-06  1.595229e+01 
   67.495    0.823000  8.791814e-06  1.989878e+01 
   67.495    0.926000  1.397259e-05  2.454511e+01 
   67.495    1.029000  2.399728e-05  2.984168e+01 
   67.495    1.132000  4.424364e-05  3.572252e+01 
   67.495    1.235000  8.669232e-05  4.210119e+01 
   67.495    1.337000  1.779813e-04  4.886446e+01 
   67.495    1.440000  3.862710e-04  5.612749e+01 
   67.495    1.543000  8.730417e-04  6.379441e+01 
   67.495    1.646000  2.070439e-03  7.203055e+01 
   67.495    1.749000  5.203079e-03  8.107845e+01 
   67.495    1.852000  3.646494e-02  9.695002e+01 
   67.495    1.955000  2.847250e-01  1.159984e+02 
   67.495    2.058000  2.542904e+00  1.412026e+02 
   67.495    2.161000  2.338456e+01  1.758025e+02 
   67.495    2.263000  2.013117e+02  2.195347e+02 
   67.495    2.366000  2.108178e+02  2.201435e+02 
   67.495    2.469000  2.184820e+02  2.206194e+02 
   67.495    2.572000  2.226908e+02  2.208041e+02 
   67.495    2.675000  2.259543e+02  2.209372e+02 
   67.495    2.778000  2.356783e+02  2.225016e+02 
   67.495    2.881000  2.367645e+02  2.224767e+02 
   67.495    2.984000  2.378381e+02  2.224747e+02 
   67.495    3.087000  2.389002e+02  2.224914e+02 
   67.495    3.189000  2.399428e+02  2.225231e+02 
   67.495    3.292000  2.409877e+02  2.225681e+02 
   67.495    3.395000  2.420267e+02  2.226244e+02 
   67.495    3.498000  2.430604e+02  2.226904e+02 
   67.495    3.601000  2.445545e+02  2.228112e+02 
   67.495    3.704000  2.463598e+02  2.229702e+02 
   67.495    3.807000  2.512986e+02  2.234411e+02 
   67.495    3.910000  2.610992e+02  2.243655e+02 
   67.495    4.013000  2.763095e+02  2.257363e+02 
   67.495    4.115000  2.957527e+02  2.273744e+02 
   67.495    4.218000  3.164391e+02  2.289877e+02 
   67.495    4.321000  3.343224e+02  2.302858e+02 
   67.495    4.424000  3.470297e+02  2.311611e+02 
   67.495    4.527000  3.514107e+02  2.314615e+02 
   67.495    4.630000  3.527515e+02  2.315639e+02 
   67.495    4.733000  3.540790e+02  2.316724e+02 
   67.495    4.836000  3.553911e+02  2.317859e+02 
   67.495    4.939000  3.566882e+02  2.319035e+02 
   67.495    5.042000  3.579714e+02  2.320246e+02 
   67.495    5.144000  3.592262e+02  2.321474e+02 
   67.495    5.247000  3.604771e+02  2.322740e+02 
   67.495    5.350000  3.617119e+02  2.324027e+02 
   67.495    5.453000  3.629292e+02  2.325334e+02 
   67.495    5.556000  3.641291e+02  2.326658e+02 
   67.495    5.659000  3.653107e+02  2.327997e+02 
   67.495    5.762000  3.664724e+02  2.329348e+02 
   67.495    5.865000  3.676126e+02  2.330710e+02 
   67.495    5.968000  3.687300e+02  2.332083e+02 
   67.495    6.070000  3.698152e+02  2.333449e+02 
   67.495    6.173000  3.708916e+02  2.334834e+02 
   67.495    6.276000  3.719516e+02  2.336220e+02 
   67.495    6.379000  3.746411e+02  2.338781e+02 
   67.495    6.482000  3.772937e+02  2.341308e+02 
   67.495    6.585000  3.802026e+02  2.344009e+02 
   67.495    6.688000  3.830069e+02  2.346627e+02 
   67.495    6.791000  3.859445e+02  2.349333e+02 
   67.495    6.894000  3.897515e+02  2.352626e+02 
   67.495    6.996000  3.928877e+02  2.355412e+02 
   67.495    7.099000  3.965789e+02  2.358563e+02 
   67.495    7.202000  3.998455e+02  2.361418e+02 
   67.495    7.305000  4.028470e+02  2.364117e+02 
   67.495    7.408000  4.056707e+02  2.366718e+02 
   67.495    7.511000  4.087829e+02  2.369526e+02 
   67.495    7.614000  4.114480e+02  2.372046e+02 
   67.495    7.717000  4.143971e+02  2.374745e+02 
   67.495    7.820000  4.170007e+02  2.377189e+02 
   67.495    7.922000  4.198180e+02  2.379733e+02 
   67.495    8.025000  4.226252e+02  2.382243e+02 
   67.495    8.128000  4.252425e+02  2.384600e+02 
   67.495    8.231000  4.276722e+02  2.386811e+02 
   67.495    8.334000  4.301995e+02  2.389059e+02 
   67.495    8.437000  4.334844e+02  2.391738e+02 
   67.495    8.540000  4.359675e+02  2.393920e+02 
   67.495    8.643000  4.390445e+02  2.396433e+02 
   67.495    8.746000  4.420472e+02  2.398879e+02 
   67.495    8.848000  4.434687e+02  2.400851e+02 
   67.495    8.951000  4.448109e+02  2.402725e+02 
   67.495    9.054000  4.462790e+02  2.404709e+02 
   67.495    9.157000  4.479399e+02  2.406866e+02 
   67.495    9.260000  4.497457e+02  2.409138e+02 
   67.495    9.363000  4.516458e+02  2.411465e+02 
   67.495    9.466000  4.521283e+02  2.412305e+02 
   67.495    9.569000  4.526103e+02  2.413125e+02 
   67.495    9.672000  4.530919e+02  2.413926e+02 
   67.495    9.774000  4.535654e+02  2.414700e+02 
   67.495    9.877000  4.540358e+02  2.415464e+02 
   67.495    9.980000  4.544975e+02  2.416209e+02 
   67.495   10.083000  4.549501e+02  2.416938e+02 
   67.495   10.186000  4.554253e+02  2.417644e+02 
   67.495   10.289000  4.558887e+02  2.418335e+02 
   67.495   10.392000  4.563428e+02  2.419013e+02 
   67.495   10.495000  4.567908e+02  2.419678e+02 
   67.495   10.598000  4.572332e+02  2.420331e+02 
   67.495   10.700000  4.576655e+02  2.420967e+02 
   67.495   10.802999  4.580960e+02  2.421599e+02 
   67.495   10.906000  4.585203e+02  2.422221e+02 
   67.495   11.009000  4.589385e+02  2.422835e+02 
   67.495   11.112000  4.593510e+02  2.423440e+02 
   67.495   11.215000  4.597576e+02  2.424037e+02 
   67.495   11.318000  4.601587e+02  2.424627e+02 
   67.495   11.421000  4.605547e+02  2.425210e+02 
   67.495   11.524000  4.609458e+02  2.425786e+02 
   67.495   11.627000  4.613318e+02  2.426355e+02 
   67.495   11.729000  4.617087e+02  2.426911e+02 
   67.495   11.832000  4.620840e+02  2.427465e+02 
   67.495   11.934999  4.624540e+02  2.428013e+02 
   67.495   12.038000  4.628188e+02  2.428552e+02 
   67.495   12.141000  4.631787e+02  2.429085e+02 
   67.495   12.243999  4.635335e+02  2.429610e+02 
   67.495   12.347000  4.638835e+02  2.430127e+02 
   67.495   12.450000  4.642289e+02  2.430637e+02 
   67.495   12.552999  4.645696e+02  2.431139e+02 
   67.495   12.655000  4.649025e+02  2.431628e+02 
   67.495   12.757999  4.652343e+02  2.432113e+02 
   67.495   12.861000  4.655621e+02  2.432591e+02 
   67.495   12.964000  4.658860e+02  2.433059e+02 
   67.495   13.066999  4.662061e+02  2.433519e+02 
   67.495   13.170000  4.665225e+02  2.433970e+02 
   67.495   13.273000  4.668350e+02  2.434412e+02 
   67.495   13.375999  4.671441e+02  2.434844e+02 
   67.495   13.479000  4.674496e+02  2.435268e+02 
   67.495   13.581000  4.677487e+02  2.435678e+02 
   67.495   13.684000  4.680473e+02  2.436083e+02 
   67.495   13.787000  4.683426e+02  2.436479e+02 
   67.495   13.890000  4.686346e+02  2.436866e+02 
   67.495   13.993000  4.689233e+02  2.437243e+02 
   67.495   14.096000  4.692089e+02  2.437610e+02 
   67.495   14.199000  4.694914e+02  2.437969e+02 
   67.495   14.302000  4.697706e+02  2.438318e+02 
   67.495   14.405000  4.700468e+02  2.438659e+02 
   67.495   14.507000  4.703172e+02  2.438988e+02 
   67.495   14.610000  4.705870e+02  2.439313e+02 
   67.495   14.713000  4.708537e+02  2.439630e+02 
   67.495   14.816000  4.711172e+02  2.439941e+02 
   67.495   14.919000  4.713774e+02  2.440245e+02 
   67.495   15.022000  4.716344e+02  2.440543e+02 
   67.495   15.125000  4.718882e+02  2.440836e+02 
   67.495   15.228000  4.721389e+02  2.441122e+02 
   67.495   15.331000  4.723865e+02  2.441403e+02 
   67.495   15.433000  4.726287e+02  2.441675e+02 
   67.495   15.536000  4.728702e+02  2.441944e+02 
   67.495   15.639000  4.731088e+02  2.442208e+02 
   67.495   15.742000  4.733444e+02  2.442466e+02 
   67.495   15.845000  4.735771e+02  2.442718e+02 
   67.495   15.947999  4.738071e+02  2.442964e+02 
   67.495   16.051001  4.740345e+02  2.443205e+02 
   67.495   16.154001  4.742595e+02  2.443441e+02 
   67.495   16.257000  4.744821e+02  2.443671e+02 
   67.495   16.360001  4.747023e+02  2.443895e+02 
   67.495   16.462000  4.749182e+02  2.444111e+02 
   67.495   16.565001  4.751339e+02  2.444324e+02 
   67.495   16.668001  4.753475e+02  2.444531e+02 
   67.495   16.771000  4.755591e+02  2.444732e+02 
   67.495   16.874001  4.757688e+02  2.444925e+02 
   67.495   16.977001  4.759766e+02  2.445112e+02 
   67.495   17.080000  4.761827e+02  2.445292e+02 
   67.495   17.183001  4.763875e+02  2.445462e+02 
   67.495   17.286001  4.765909e+02  2.445624e+02 
   67.495   17.388000  4.767910e+02  2.445775e+02 
   67.495   17.491001  4.769919e+02  2.445919e+02 
   67.495   17.594002  4.771917e+02  2.446053e+02 
   67.495   17.697001  4.773902e+02  2.446178e+02 
   67.495   17.800001  4.775875e+02  2.446295e+02 
   67.495   17.903002  4.777832e+02  2.446405e+02 
   67.495   18.006001  4.779774e+02  2.446509e+02 
   67.495   18.109001  4.781701e+02  2.446606e+02 
   67.495   18.212000  4.783610e+02  2.446697e+02 
   67.495   18.314001  4.785485e+02  2.446783e+02 
   67.495   18.417002  4.787361e+02  2.446863e+02 
   67.495   18.520000  4.789221e+02  2.446939e+02 
   67.495   18.623001  4.791066e+02  2.447009e+02 
   67.495   18.726002  4.792896e+02  2.447074e+02 
   67.495   18.829000  4.794711e+02  2.447133e+02 
   67.495   18.932001  4.796512e+02  2.447187e+02 
   67.495   19.035002  4.798298e+02  2.447235e+02 
   67.495   19.138000  4.800072e+02  2.447278e+02 
   67.495   19.240002  4.801815e+02  2.447316e+02 
   67.495   19.343000  4.803562e+02  2.447350e+02 
   67.495   19.446001  4.805295e+02  2.447379e+02 
   67.495   19.549002  4.807016e+02  2.447403e+02 
   67.495   19.652000  4.808723e+02  2.447423e+02 
   67.495   19.755001  4.810417e+02  2.447439e+02 
   67.495   19.858002  4.812098e+02  2.447450e+02 
   67.495   19.961000  4.813767e+02  2.447457e+02 
   67.495   20.064001  4.815427e+02  2.447458e+02 
   67.495   20.363001  4.820194e+02  2.447430e+02 
   67.495   20.859001  4.827876e+02  2.447309e+02 
   67.495   21.354000  4.835261e+02  2.447105e+02 
   67.495   21.850000  4.842381e+02  2.446830e+02 
   67.495   22.346001  4.849160e+02  2.446526e+02 
   67.495   22.842001  4.855537e+02  2.446236e+02 
   67.495   23.337000  4.861473e+02  2.445981e+02 
   67.495   23.833000  4.867024e+02  2.445751e+02 
   67.495   24.329000  4.872239e+02  2.445526e+02 
   67.495   24.825001  4.877146e+02  2.445300e+02 
   67.495   25.320002  4.881729e+02  2.445084e+02 
   67.495   25.816000  4.886013e+02  2.444883e+02 
   67.495   26.312000  4.890012e+02  2.444693e+02 
   67.495   26.808001  4.893758e+02  2.444507e+02 
   67.495   27.303001  4.897255e+02  2.444326e+02 
   67.495   27.799002  4.900525e+02  2.444153e+02 
   67.495   28.295000  4.903579e+02  2.443983e+02 
   67.495   28.791000  4.906448e+02  2.443815e+02 
   67.495   29.286001  4.909152e+02  2.443645e+02 
   67.495   29.782001  4.911725e+02  2.443470e+02 
   67.495   30.278002  4.914179e+02  2.443291e+02 
   67.495   30.774000  4.916530e+02  2.443107e+02 
   67.495   31.269001  4.918792e+02  2.442921e+02 
   67.495   31.765001  4.920987e+02  2.442731e+02 
   67.495   32.260998  4.923135e+02  2.442539e+02 
   67.495   32.757000  4.925254e+02  2.442348e+02 
   67.495   33.251999  4.927355e+02  2.442159e+02 
   67.495   33.747997  4.929461e+02  2.441976e+02 
   67.495   34.243999  4.931583e+02  2.441801e+02 
   67.495   34.739998  4.933736e+02  2.441635e+02 
   67.495   35.235001  4.935927e+02  2.441479e+02 
   67.495   35.730999  4.938176e+02  2.441332e+02 
   67.495   36.226997  4.940482e+02  2.441195e+02 
   67.495   36.723000  4.942848e+02  2.441067e+02 
   67.495   37.217999  4.945262e+02  2.440947e+02 
   67.495   37.714001  4.947723e+02  2.440836e+02 
   67.495   38.209999  4.950212e+02  2.440733e+02 
   67.495   38.705997  4.952708e+02  2.440638e+02 
   67.495   39.202000  4.955195e+02  2.440551e+02 
   67.495   39.696999  4.957644e+02  2.440472e+02 
   67.495   40.196999  4.960034e+02  2.440414e+02 
   67.495   45.196999  4.978784e+02  2.440225e+02 
   67.495   50.196999  4.985880e+02  2.440256e+02 
   67.495   55.196999  4.988380e+02  2.440316e+02 
   67.495   60.196999  4.995973e+02  2.440365e+02 
   67.495   65.197006  5.008347e+02  2.440398e+02 
