 ... increasing number_of_streams to 16 because of Cox and Munk!
	Command being timed: "/xnilu_wrk2/projects/NEVAR/libRadtran/bin/uvspec"
	User time (seconds): 8.41
	System time (seconds): 0.49
	Percent of CPU this job got: 98%
	Elapsed (wall clock) time (h:mm:ss or m:ss): 0:09.05
	Average shared text size (kbytes): 0
	Average unshared data size (kbytes): 0
	Average stack size (kbytes): 0
	Average total size (kbytes): 0
	Maximum resident set size (kbytes): 488816
	Average resident set size (kbytes): 0
	Major (requiring I/O) page faults: 0
	Minor (reclaiming a frame) page faults: 118634
	Voluntary context switches: 189
	Involuntary context switches: 31
	Swaps: 0
	File system inputs: 8
	File system outputs: 48
	Socket messages sent: 0
	Socket messages received: 0
	Signals delivered: 0
	Page size (bytes): 4096
	Exit status: 0
