    0.000    0.000000  0.000000e+00  3.521994e+02 
    0.000    0.103000  0.000000e+00  3.513261e+02 
    0.000    0.206000  0.000000e+00  3.501153e+02 
    0.000    0.308000  0.000000e+00  3.487639e+02 
    0.000    0.411000  0.000000e+00  3.473937e+02 
    0.000    0.514000  0.000000e+00  3.459741e+02 
    0.000    0.617000  0.000000e+00  3.444434e+02 
    0.000    0.720000  0.000000e+00  3.429026e+02 
    0.000    0.823000  0.000000e+00  3.413242e+02 
    0.000    0.926000  0.000000e+00  3.397323e+02 
    0.000    1.029000  0.000000e+00  3.381619e+02 
    0.000    1.132000  0.000000e+00  3.366436e+02 
    0.000    1.234000  0.000000e+00  3.350866e+02 
    0.000    1.337000  0.000000e+00  3.335067e+02 
    0.000    1.440000  0.000000e+00  3.318230e+02 
    0.000    1.543000  0.000000e+00  3.172589e+02 
    0.000    1.646000  0.000000e+00  3.111393e+02 
    0.000    1.749000  0.000000e+00  3.073409e+02 
    0.000    1.852000  0.000000e+00  3.046142e+02 
    0.000    1.955000  0.000000e+00  3.021707e+02 
    0.000    2.058000  0.000000e+00  2.996483e+02 
    0.000    2.160000  0.000000e+00  2.968076e+02 
    0.000    2.263000  0.000000e+00  2.958529e+02 
    0.000    2.366000  0.000000e+00  2.948251e+02 
    0.000    2.469000  0.000000e+00  2.937520e+02 
    0.000    2.572000  0.000000e+00  2.926430e+02 
    0.000    2.675000  0.000000e+00  2.914860e+02 
    0.000    2.778000  0.000000e+00  2.902745e+02 
    0.000    2.881000  0.000000e+00  2.890504e+02 
    0.000    2.984000  0.000000e+00  2.878461e+02 
    0.000    3.086000  0.000000e+00  2.866553e+02 
    0.000    3.189000  0.000000e+00  2.854238e+02 
    0.000    3.292000  0.000000e+00  2.841833e+02 
    0.000    3.395000  0.000000e+00  2.829501e+02 
    0.000    3.498000  0.000000e+00  2.817259e+02 
    0.000    3.601000  0.000000e+00  2.805066e+02 
    0.000    3.704000  0.000000e+00  2.792897e+02 
    0.000    3.807000  0.000000e+00  2.780781e+02 
    0.000    3.910000  0.000000e+00  2.768455e+02 
    0.000    4.012000  0.000000e+00  2.756141e+02 
    0.000    4.115000  0.000000e+00  2.743774e+02 
    0.000    4.218000  0.000000e+00  2.731519e+02 
    0.000    4.321000  0.000000e+00  2.719404e+02 
    0.000    4.424000  0.000000e+00  2.707428e+02 
    0.000    4.527000  0.000000e+00  2.695638e+02 
    0.000    4.630000  0.000000e+00  2.684007e+02 
    0.000    4.733000  0.000000e+00  2.672366e+02 
    0.000    4.836000  0.000000e+00  2.660840e+02 
    0.000    4.939000  0.000000e+00  2.649390e+02 
    0.000    5.041000  0.000000e+00  2.638051e+02 
    0.000    5.144000  0.000000e+00  2.626753e+02 
    0.000    5.247000  0.000000e+00  2.615602e+02 
    0.000    5.350000  0.000000e+00  2.604615e+02 
    0.000    5.453000  0.000000e+00  2.593807e+02 
    0.000    5.556000  0.000000e+00  2.583076e+02 
    0.000    5.659000  0.000000e+00  2.572476e+02 
    0.000    5.762000  0.000000e+00  2.562075e+02 
    0.000    5.865000  0.000000e+00  2.551913e+02 
    0.000    5.967000  0.000000e+00  2.541713e+02 
    0.000    6.070000  0.000000e+00  2.531668e+02 
    0.000    6.173000  0.000000e+00  2.521730e+02 
    0.000    6.276000  0.000000e+00  2.511654e+02 
    0.000    6.379000  0.000000e+00  2.498717e+02 
    0.000    6.482000  0.000000e+00  2.480015e+02 
    0.000    6.585000  0.000000e+00  2.451754e+02 
    0.000    6.688000  0.000000e+00  2.411912e+02 
    0.000    6.791000  0.000000e+00  2.368078e+02 
    0.000    6.893000  0.000000e+00  2.333964e+02 
    0.000    6.996000  0.000000e+00  2.310856e+02 
    0.000    7.099000  0.000000e+00  2.298514e+02 
    0.000    7.202000  0.000000e+00  2.293387e+02 
    0.000    7.305000  0.000000e+00  2.289619e+02 
    0.000    7.408000  0.000000e+00  2.286504e+02 
    0.000    7.511000  0.000000e+00  2.284257e+02 
    0.000    7.614000  0.000000e+00  2.282850e+02 
    0.000    7.717000  0.000000e+00  2.281924e+02 
    0.000    7.819000  0.000000e+00  2.281290e+02 
    0.000    7.922000  0.000000e+00  2.280703e+02 
    0.000    8.025000  0.000000e+00  2.279894e+02 
    0.000    8.127999  0.000000e+00  2.278749e+02 
    0.000    8.231000  0.000000e+00  2.277593e+02 
    0.000    8.334000  0.000000e+00  2.276199e+02 
    0.000    8.436999  0.000000e+00  2.274574e+02 
    0.000    8.540000  0.000000e+00  2.272993e+02 
    0.000    8.643000  0.000000e+00  2.271281e+02 
    0.000    8.745000  0.000000e+00  2.269522e+02 
    0.000    8.848000  0.000000e+00  2.267647e+02 
    0.000    8.950999  0.000000e+00  2.265471e+02 
    0.000    9.054000  0.000000e+00  2.263770e+02 
    0.000    9.157000  0.000000e+00  2.262628e+02 
    0.000    9.259999  0.000000e+00  2.261708e+02 
    0.000    9.363000  0.000000e+00  2.260951e+02 
    0.000    9.466000  0.000000e+00  2.260282e+02 
    0.000    9.568999  0.000000e+00  2.259675e+02 
    0.000    9.671000  0.000000e+00  2.259127e+02 
    0.000    9.773999  0.000000e+00  2.258638e+02 
    0.000    9.877000  0.000000e+00  2.258271e+02 
    0.000    9.980000  0.000000e+00  2.257994e+02 
    0.000   10.082999  0.000000e+00  2.257742e+02 
    0.000   10.186000  0.000000e+00  2.257420e+02 
    0.000   10.289000  0.000000e+00  2.257059e+02 
    0.000   10.391999  0.000000e+00  2.256708e+02 
    0.000   10.495000  0.000000e+00  2.256413e+02 
    0.000   10.598000  0.000000e+00  2.256162e+02 
    0.000   10.700000  0.000000e+00  2.255909e+02 
    0.000   10.802999  0.000000e+00  2.255556e+02 
    0.000   10.905999  0.000000e+00  2.255138e+02 
    0.000   11.009000  0.000000e+00  2.254672e+02 
    0.000   11.112000  0.000000e+00  2.254100e+02 
    0.000   11.214999  0.000000e+00  2.253455e+02 
    0.000   11.318000  0.000000e+00  2.252768e+02 
    0.000   11.421000  0.000000e+00  2.252043e+02 
    0.000   11.523999  0.000000e+00  2.251288e+02 
    0.000   11.625999  0.000000e+00  2.250522e+02 
    0.000   11.728999  0.000000e+00  2.249724e+02 
    0.000   11.832000  0.000000e+00  2.248909e+02 
    0.000   11.934999  0.000000e+00  2.248084e+02 
    0.000   12.037999  0.000000e+00  2.247256e+02 
    0.000   12.141000  0.000000e+00  2.246426e+02 
    0.000   12.243999  0.000000e+00  2.245597e+02 
    0.000   12.346999  0.000000e+00  2.244816e+02 
    0.000   12.450000  0.000000e+00  2.244083e+02 
    0.000   12.552000  0.000000e+00  2.243387e+02 
    0.000   12.655000  0.000000e+00  2.242720e+02 
    0.000   12.757999  0.000000e+00  2.242088e+02 
    0.000   12.861000  0.000000e+00  2.241481e+02 
    0.000   12.964000  0.000000e+00  2.240900e+02 
    0.000   13.066999  0.000000e+00  2.240345e+02 
    0.000   13.169999  0.000000e+00  2.239811e+02 
    0.000   13.273000  0.000000e+00  2.239293e+02 
    0.000   13.375999  0.000000e+00  2.238785e+02 
    0.000   13.478000  0.000000e+00  2.238291e+02 
    0.000   13.580999  0.000000e+00  2.237800e+02 
    0.000   13.684000  0.000000e+00  2.237306e+02 
    0.000   13.787000  0.000000e+00  2.236810e+02 
    0.000   13.889999  0.000000e+00  2.236317e+02 
    0.000   13.993000  0.000000e+00  2.235837e+02 
    0.000   14.096000  0.000000e+00  2.235372e+02 
    0.000   14.198999  0.000000e+00  2.234916e+02 
    0.000   14.302000  0.000000e+00  2.234473e+02 
    0.000   14.403999  0.000000e+00  2.234046e+02 
    0.000   14.507000  0.000000e+00  2.233626e+02 
    0.000   14.610000  0.000000e+00  2.233213e+02 
    0.000   14.712999  0.000000e+00  2.232794e+02 
    0.000   14.816000  0.000000e+00  2.232372e+02 
    0.000   14.919000  0.000000e+00  2.231952e+02 
    0.000   15.021999  0.000000e+00  2.231531e+02 
    0.000   15.125000  0.000000e+00  2.231111e+02 
    0.000   15.228000  0.000000e+00  2.230693e+02 
    0.000   15.330000  0.000000e+00  2.230275e+02 
    0.000   15.433000  0.000000e+00  2.229846e+02 
    0.000   15.535999  0.000000e+00  2.229413e+02 
    0.000   15.639000  0.000000e+00  2.228986e+02 
    0.000   15.742000  0.000000e+00  2.228594e+02 
    0.000   15.844999  0.000000e+00  2.228232e+02 
    0.000   15.947999  0.000000e+00  2.227888e+02 
    0.000   16.051001  0.000000e+00  2.227550e+02 
    0.000   16.154001  0.000000e+00  2.227213e+02 
    0.000   16.257000  0.000000e+00  2.226880e+02 
    0.000   16.359001  0.000000e+00  2.226542e+02 
    0.000   16.462000  0.000000e+00  2.226169e+02 
    0.000   16.565001  0.000000e+00  2.225774e+02 
    0.000   16.668001  0.000000e+00  2.225367e+02 
    0.000   16.771000  0.000000e+00  2.224957e+02 
    0.000   16.874001  0.000000e+00  2.224546e+02 
    0.000   16.977001  0.000000e+00  2.224134e+02 
    0.000   17.080000  0.000000e+00  2.223723e+02 
    0.000   17.183001  0.000000e+00  2.223315e+02 
    0.000   17.285000  0.000000e+00  2.222913e+02 
    0.000   17.388000  0.000000e+00  2.222508e+02 
    0.000   17.491001  0.000000e+00  2.222111e+02 
    0.000   17.594000  0.000000e+00  2.221723e+02 
    0.000   17.697001  0.000000e+00  2.221339e+02 
    0.000   17.800001  0.000000e+00  2.220965e+02 
    0.000   17.903000  0.000000e+00  2.220607e+02 
    0.000   18.006001  0.000000e+00  2.220263e+02 
    0.000   18.109001  0.000000e+00  2.219928e+02 
    0.000   18.211000  0.000000e+00  2.219611e+02 
    0.000   18.314001  0.000000e+00  2.219305e+02 
    0.000   18.417000  0.000000e+00  2.219010e+02 
    0.000   18.520000  0.000000e+00  2.218724e+02 
    0.000   18.623001  0.000000e+00  2.218443e+02 
    0.000   18.726000  0.000000e+00  2.218167e+02 
    0.000   18.829000  0.000000e+00  2.217896e+02 
    0.000   18.932001  0.000000e+00  2.217630e+02 
    0.000   19.035000  0.000000e+00  2.217372e+02 
    0.000   19.137001  0.000000e+00  2.217123e+02 
    0.000   19.240000  0.000000e+00  2.216877e+02 
    0.000   19.343000  0.000000e+00  2.216626e+02 
    0.000   19.446001  0.000000e+00  2.216367e+02 
    0.000   19.549000  0.000000e+00  2.216103e+02 
    0.000   19.652000  0.000000e+00  2.215836e+02 
    0.000   19.755001  0.000000e+00  2.215565e+02 
    0.000   19.858000  0.000000e+00  2.215288e+02 
    0.000   19.961000  0.000000e+00  2.215008e+02 
    0.000   20.063000  0.000000e+00  2.214729e+02 
    0.000   20.363001  0.000000e+00  2.213924e+02 
    0.000   20.859001  0.000000e+00  2.212713e+02 
    0.000   21.354000  0.000000e+00  2.211731e+02 
    0.000   21.850000  0.000000e+00  2.210899e+02 
    0.000   22.346001  0.000000e+00  2.210098e+02 
    0.000   22.842001  0.000000e+00  2.209251e+02 
    0.000   23.337000  0.000000e+00  2.208423e+02 
    0.000   23.833000  0.000000e+00  2.207742e+02 
    0.000   24.329000  0.000000e+00  2.207319e+02 
    0.000   24.825001  0.000000e+00  2.207166e+02 
    0.000   25.320000  0.000000e+00  2.207155e+02 
    0.000   25.816000  0.000000e+00  2.207126e+02 
    0.000   26.312000  0.000000e+00  2.207153e+02 
    0.000   26.808001  0.000000e+00  2.207243e+02 
    0.000   27.303001  0.000000e+00  2.207383e+02 
    0.000   27.799000  0.000000e+00  2.207601e+02 
    0.000   28.295000  0.000000e+00  2.207918e+02 
    0.000   28.791000  0.000000e+00  2.208273e+02 
    0.000   29.286001  0.000000e+00  2.208682e+02 
    0.000   29.782001  0.000000e+00  2.209157e+02 
    0.000   30.278000  0.000000e+00  2.209691e+02 
    0.000   30.774000  0.000000e+00  2.210255e+02 
    0.000   31.269001  0.000000e+00  2.210834e+02 
    0.000   31.765001  0.000000e+00  2.211425e+02 
    0.000   32.261002  0.000000e+00  2.212022e+02 
    0.000   32.757000  0.000000e+00  2.212616e+02 
    0.000   33.251999  0.000000e+00  2.213191e+02 
    0.000   33.748001  0.000000e+00  2.213765e+02 
    0.000   34.243999  0.000000e+00  2.214346e+02 
    0.000   34.740002  0.000000e+00  2.214952e+02 
    0.000   35.235001  0.000000e+00  2.215578e+02 
    0.000   35.730999  0.000000e+00  2.216184e+02 
    0.000   36.227001  0.000000e+00  2.216763e+02 
    0.000   36.723000  0.000000e+00  2.217293e+02 
    0.000   37.218002  0.000000e+00  2.217780e+02 
    0.000   37.714001  0.000000e+00  2.218230e+02 
    0.000   38.209999  0.000000e+00  2.218649e+02 
    0.000   38.706001  0.000000e+00  2.219068e+02 
    0.000   39.201000  0.000000e+00  2.219497e+02 
    0.000   39.697002  0.000000e+00  2.219956e+02 
    0.000   40.197002  0.000000e+00  2.220461e+02 
    0.000   45.197002  0.000000e+00  2.224957e+02 
    0.000   50.197002  0.000000e+00  2.227225e+02 
    0.000   55.197002  0.000000e+00  2.227164e+02 
    0.000   60.197002  0.000000e+00  2.226491e+02 
    0.000   65.196999  0.000000e+00  2.225967e+02 
