    0.000    0.000000  0.000000e+00  3.509637e+02 
    0.000    0.103000  0.000000e+00  3.500042e+02 
    0.000    0.206000  0.000000e+00  3.489066e+02 
    0.000    0.309000  0.000000e+00  3.477393e+02 
    0.000    0.411000  0.000000e+00  3.464789e+02 
    0.000    0.514000  0.000000e+00  3.450884e+02 
    0.000    0.617000  0.000000e+00  3.435480e+02 
    0.000    0.720000  0.000000e+00  3.420241e+02 
    0.000    0.823000  0.000000e+00  3.405021e+02 
    0.000    0.926000  0.000000e+00  3.389774e+02 
    0.000    1.029000  0.000000e+00  3.374110e+02 
    0.000    1.132000  0.000000e+00  3.357655e+02 
    0.000    1.235000  0.000000e+00  3.340416e+02 
    0.000    1.337000  0.000000e+00  3.323749e+02 
    0.000    1.440000  0.000000e+00  3.307121e+02 
    0.000    1.543000  0.000000e+00  3.290435e+02 
    0.000    1.646000  0.000000e+00  3.273717e+02 
    0.000    1.749000  0.000000e+00  3.257773e+02 
    0.000    1.852000  0.000000e+00  3.160065e+02 
    0.000    1.955000  0.000000e+00  3.095701e+02 
    0.000    2.058000  0.000000e+00  3.044633e+02 
    0.000    2.161000  0.000000e+00  2.995778e+02 
    0.000    2.263000  0.000000e+00  2.987981e+02 
    0.000    2.366000  0.000000e+00  2.978853e+02 
    0.000    2.469000  0.000000e+00  2.968708e+02 
    0.000    2.572000  0.000000e+00  2.957655e+02 
    0.000    2.675000  0.000000e+00  2.946020e+02 
    0.000    2.778000  0.000000e+00  2.933984e+02 
    0.000    2.881000  0.000000e+00  2.921848e+02 
    0.000    2.984000  0.000000e+00  2.909808e+02 
    0.000    3.087000  0.000000e+00  2.897754e+02 
    0.000    3.189000  0.000000e+00  2.885482e+02 
    0.000    3.292000  0.000000e+00  2.873019e+02 
    0.000    3.395000  0.000000e+00  2.860525e+02 
    0.000    3.498000  0.000000e+00  2.848068e+02 
    0.000    3.601000  0.000000e+00  2.835653e+02 
    0.000    3.704000  0.000000e+00  2.823288e+02 
    0.000    3.807000  0.000000e+00  2.811004e+02 
    0.000    3.910000  0.000000e+00  2.798723e+02 
    0.000    4.013000  0.000000e+00  2.786501e+02 
    0.000    4.115000  0.000000e+00  2.774407e+02 
    0.000    4.218000  0.000000e+00  2.762257e+02 
    0.000    4.321000  0.000000e+00  2.750226e+02 
    0.000    4.424000  0.000000e+00  2.738217e+02 
    0.000    4.527000  0.000000e+00  2.726295e+02 
    0.000    4.630000  0.000000e+00  2.714469e+02 
    0.000    4.733000  0.000000e+00  2.702638e+02 
    0.000    4.836000  0.000000e+00  2.690924e+02 
    0.000    4.939000  0.000000e+00  2.679313e+02 
    0.000    5.041000  0.000000e+00  2.667890e+02 
    0.000    5.144000  0.000000e+00  2.656325e+02 
    0.000    5.247000  0.000000e+00  2.644641e+02 
    0.000    5.350000  0.000000e+00  2.632877e+02 
    0.000    5.453000  0.000000e+00  2.621340e+02 
    0.000    5.556000  0.000000e+00  2.609388e+02 
    0.000    5.659000  0.000000e+00  2.597551e+02 
    0.000    5.762000  0.000000e+00  2.585622e+02 
    0.000    5.865000  0.000000e+00  2.571227e+02 
    0.000    5.967000  0.000000e+00  2.555586e+02 
    0.000    6.070000  0.000000e+00  2.538840e+02 
    0.000    6.173000  0.000000e+00  2.520355e+02 
    0.000    6.276000  0.000000e+00  2.499971e+02 
    0.000    6.379000  0.000000e+00  2.480021e+02 
    0.000    6.482000  0.000000e+00  2.460751e+02 
    0.000    6.585000  0.000000e+00  2.442262e+02 
    0.000    6.688000  0.000000e+00  2.426202e+02 
    0.000    6.791000  0.000000e+00  2.410121e+02 
    0.000    6.894000  0.000000e+00  2.393259e+02 
    0.000    6.996000  0.000000e+00  2.375459e+02 
    0.000    7.099000  0.000000e+00  2.357885e+02 
    0.000    7.202000  0.000000e+00  2.343299e+02 
    0.000    7.305000  0.000000e+00  2.333243e+02 
    0.000    7.408000  0.000000e+00  2.328263e+02 
    0.000    7.511000  0.000000e+00  2.325524e+02 
    0.000    7.614000  0.000000e+00  2.323965e+02 
    0.000    7.717000  0.000000e+00  2.322683e+02 
    0.000    7.820000  0.000000e+00  2.321621e+02 
    0.000    7.922000  0.000000e+00  2.320942e+02 
    0.000    8.025000  0.000000e+00  2.320116e+02 
    0.000    8.127999  0.000000e+00  2.319172e+02 
    0.000    8.231000  0.000000e+00  2.317737e+02 
    0.000    8.334000  0.000000e+00  2.316366e+02 
    0.000    8.436999  0.000000e+00  2.314674e+02 
    0.000    8.540000  0.000000e+00  2.312997e+02 
    0.000    8.643000  0.000000e+00  2.311029e+02 
    0.000    8.745999  0.000000e+00  2.309011e+02 
    0.000    8.848000  0.000000e+00  2.307165e+02 
    0.000    8.950999  0.000000e+00  2.305278e+02 
    0.000    9.054000  0.000000e+00  2.303335e+02 
    0.000    9.157000  0.000000e+00  2.301267e+02 
    0.000    9.259999  0.000000e+00  2.299693e+02 
    0.000    9.363000  0.000000e+00  2.298867e+02 
    0.000    9.466000  0.000000e+00  2.298105e+02 
    0.000    9.568999  0.000000e+00  2.297394e+02 
    0.000    9.672000  0.000000e+00  2.296723e+02 
    0.000    9.773999  0.000000e+00  2.296133e+02 
    0.000    9.877000  0.000000e+00  2.295681e+02 
    0.000    9.980000  0.000000e+00  2.295333e+02 
    0.000   10.082999  0.000000e+00  2.295014e+02 
    0.000   10.186000  0.000000e+00  2.294654e+02 
    0.000   10.289000  0.000000e+00  2.294275e+02 
    0.000   10.391999  0.000000e+00  2.293894e+02 
    0.000   10.495000  0.000000e+00  2.293506e+02 
    0.000   10.598000  0.000000e+00  2.293121e+02 
    0.000   10.700000  0.000000e+00  2.292723e+02 
    0.000   10.802999  0.000000e+00  2.292267e+02 
    0.000   10.905999  0.000000e+00  2.291777e+02 
    0.000   11.009000  0.000000e+00  2.291246e+02 
    0.000   11.112000  0.000000e+00  2.290620e+02 
    0.000   11.214999  0.000000e+00  2.289930e+02 
    0.000   11.318000  0.000000e+00  2.289206e+02 
    0.000   11.421000  0.000000e+00  2.288460e+02 
    0.000   11.523999  0.000000e+00  2.287699e+02 
    0.000   11.625999  0.000000e+00  2.286934e+02 
    0.000   11.729000  0.000000e+00  2.286149e+02 
    0.000   11.832000  0.000000e+00  2.285356e+02 
    0.000   11.934999  0.000000e+00  2.284559e+02 
    0.000   12.037999  0.000000e+00  2.283742e+02 
    0.000   12.141000  0.000000e+00  2.282910e+02 
    0.000   12.243999  0.000000e+00  2.282072e+02 
    0.000   12.346999  0.000000e+00  2.281261e+02 
    0.000   12.450000  0.000000e+00  2.280476e+02 
    0.000   12.552999  0.000000e+00  2.279706e+02 
    0.000   12.655000  0.000000e+00  2.278987e+02 
    0.000   12.757999  0.000000e+00  2.278309e+02 
    0.000   12.861000  0.000000e+00  2.277663e+02 
    0.000   12.964000  0.000000e+00  2.277045e+02 
    0.000   13.066999  0.000000e+00  2.276456e+02 
    0.000   13.170000  0.000000e+00  2.275889e+02 
    0.000   13.273000  0.000000e+00  2.275339e+02 
    0.000   13.375999  0.000000e+00  2.274802e+02 
    0.000   13.479000  0.000000e+00  2.274277e+02 
    0.000   13.580999  0.000000e+00  2.273768e+02 
    0.000   13.684000  0.000000e+00  2.273261e+02 
    0.000   13.787000  0.000000e+00  2.272762e+02 
    0.000   13.889999  0.000000e+00  2.272270e+02 
    0.000   13.993000  0.000000e+00  2.271788e+02 
    0.000   14.096000  0.000000e+00  2.271316e+02 
    0.000   14.198999  0.000000e+00  2.270853e+02 
    0.000   14.302000  0.000000e+00  2.270398e+02 
    0.000   14.405000  0.000000e+00  2.269953e+02 
    0.000   14.507000  0.000000e+00  2.269521e+02 
    0.000   14.610000  0.000000e+00  2.269089e+02 
    0.000   14.712999  0.000000e+00  2.268655e+02 
    0.000   14.816000  0.000000e+00  2.268220e+02 
    0.000   14.919000  0.000000e+00  2.267788e+02 
    0.000   15.021999  0.000000e+00  2.267346e+02 
    0.000   15.125000  0.000000e+00  2.266897e+02 
    0.000   15.228000  0.000000e+00  2.266446e+02 
    0.000   15.330999  0.000000e+00  2.265999e+02 
    0.000   15.433000  0.000000e+00  2.265559e+02 
    0.000   15.535999  0.000000e+00  2.265120e+02 
    0.000   15.639000  0.000000e+00  2.264695e+02 
    0.000   15.742000  0.000000e+00  2.264307e+02 
    0.000   15.844999  0.000000e+00  2.263951e+02 
    0.000   15.947999  0.000000e+00  2.263615e+02 
    0.000   16.051001  0.000000e+00  2.263266e+02 
    0.000   16.154001  0.000000e+00  2.262900e+02 
    0.000   16.257000  0.000000e+00  2.262525e+02 
    0.000   16.359001  0.000000e+00  2.262140e+02 
    0.000   16.462000  0.000000e+00  2.261724e+02 
    0.000   16.565001  0.000000e+00  2.261289e+02 
    0.000   16.668001  0.000000e+00  2.260842e+02 
    0.000   16.771000  0.000000e+00  2.260396e+02 
    0.000   16.874001  0.000000e+00  2.259952e+02 
    0.000   16.977001  0.000000e+00  2.259507e+02 
    0.000   17.080000  0.000000e+00  2.259068e+02 
    0.000   17.183001  0.000000e+00  2.258639e+02 
    0.000   17.285000  0.000000e+00  2.258222e+02 
    0.000   17.388000  0.000000e+00  2.257806e+02 
    0.000   17.491001  0.000000e+00  2.257405e+02 
    0.000   17.594000  0.000000e+00  2.257017e+02 
    0.000   17.697001  0.000000e+00  2.256638e+02 
    0.000   17.800001  0.000000e+00  2.256270e+02 
    0.000   17.903000  0.000000e+00  2.255919e+02 
    0.000   18.006001  0.000000e+00  2.255582e+02 
    0.000   18.109001  0.000000e+00  2.255255e+02 
    0.000   18.212000  0.000000e+00  2.254938e+02 
    0.000   18.314001  0.000000e+00  2.254634e+02 
    0.000   18.417000  0.000000e+00  2.254335e+02 
    0.000   18.520000  0.000000e+00  2.254044e+02 
    0.000   18.623001  0.000000e+00  2.253755e+02 
    0.000   18.726000  0.000000e+00  2.253468e+02 
    0.000   18.829000  0.000000e+00  2.253186e+02 
    0.000   18.932001  0.000000e+00  2.252909e+02 
    0.000   19.035000  0.000000e+00  2.252635e+02 
    0.000   19.138000  0.000000e+00  2.252367e+02 
    0.000   19.240000  0.000000e+00  2.252105e+02 
    0.000   19.343000  0.000000e+00  2.251835e+02 
    0.000   19.446001  0.000000e+00  2.251556e+02 
    0.000   19.549000  0.000000e+00  2.251272e+02 
    0.000   19.652000  0.000000e+00  2.250986e+02 
    0.000   19.755001  0.000000e+00  2.250698e+02 
    0.000   19.858000  0.000000e+00  2.250406e+02 
    0.000   19.961000  0.000000e+00  2.250113e+02 
    0.000   20.064001  0.000000e+00  2.249819e+02 
    0.000   20.363001  0.000000e+00  2.248987e+02 
    0.000   20.859001  0.000000e+00  2.247740e+02 
    0.000   21.354000  0.000000e+00  2.246727e+02 
    0.000   21.850000  0.000000e+00  2.245834e+02 
    0.000   22.346001  0.000000e+00  2.244966e+02 
    0.000   22.842001  0.000000e+00  2.244069e+02 
    0.000   23.337000  0.000000e+00  2.243218e+02 
    0.000   23.833000  0.000000e+00  2.242534e+02 
    0.000   24.329000  0.000000e+00  2.242097e+02 
    0.000   24.825001  0.000000e+00  2.241917e+02 
    0.000   25.320000  0.000000e+00  2.241843e+02 
    0.000   25.816000  0.000000e+00  2.241803e+02 
    0.000   26.312000  0.000000e+00  2.241848e+02 
    0.000   26.808001  0.000000e+00  2.241930e+02 
    0.000   27.303001  0.000000e+00  2.242057e+02 
    0.000   27.799000  0.000000e+00  2.242265e+02 
    0.000   28.295000  0.000000e+00  2.242558e+02 
    0.000   28.791000  0.000000e+00  2.242899e+02 
    0.000   29.286001  0.000000e+00  2.243311e+02 
    0.000   29.782001  0.000000e+00  2.243786e+02 
    0.000   30.278000  0.000000e+00  2.244300e+02 
    0.000   30.774000  0.000000e+00  2.244844e+02 
    0.000   31.269001  0.000000e+00  2.245409e+02 
    0.000   31.765001  0.000000e+00  2.245990e+02 
    0.000   32.261002  0.000000e+00  2.246582e+02 
    0.000   32.757000  0.000000e+00  2.247174e+02 
    0.000   33.251999  0.000000e+00  2.247751e+02 
    0.000   33.748001  0.000000e+00  2.248329e+02 
    0.000   34.243999  0.000000e+00  2.248919e+02 
    0.000   34.740002  0.000000e+00  2.249528e+02 
    0.000   35.235001  0.000000e+00  2.250151e+02 
    0.000   35.730999  0.000000e+00  2.250746e+02 
    0.000   36.227001  0.000000e+00  2.251309e+02 
    0.000   36.723000  0.000000e+00  2.251831e+02 
    0.000   37.218002  0.000000e+00  2.252319e+02 
    0.000   37.714001  0.000000e+00  2.252767e+02 
    0.000   38.209999  0.000000e+00  2.253180e+02 
    0.000   38.706001  0.000000e+00  2.253594e+02 
    0.000   39.201000  0.000000e+00  2.254019e+02 
    0.000   39.697002  0.000000e+00  2.254477e+02 
    0.000   40.197002  0.000000e+00  2.254986e+02 
    0.000   45.197002  0.000000e+00  2.259484e+02 
    0.000   50.197002  0.000000e+00  2.261754e+02 
    0.000   55.197002  0.000000e+00  2.261697e+02 
    0.000   60.197002  0.000000e+00  2.261020e+02 
    0.000   65.196999  0.000000e+00  2.260498e+02 
