   68.163    0.000000  1.508976e-20  4.673594e+00 
   68.163    0.103000  1.517334e-20  4.748301e+00 
   68.163    0.206000  1.525622e-20  4.824051e+00 
   68.163    0.309000  1.533864e-20  4.900121e+00 
   68.163    0.412000  1.542079e-20  4.976209e+00 
   68.163    0.515000  1.550287e-20  5.052003e+00 
   68.163    0.617000  2.232009e-20  6.982243e+00 
   68.163    0.720000  3.830240e-20  9.629567e+00 
   68.163    0.823000  7.698055e-20  1.283134e+01 
   68.163    0.926000  1.736085e-19  1.634165e+01 
   68.163    1.029000  4.430038e-19  2.023043e+01 
   68.163    1.132000  1.282159e-18  2.453043e+01 
   68.163    1.235000  4.157244e-18  2.918315e+01 
   68.163    1.338000  1.495094e-17  3.414301e+01 
   68.163    1.441000  5.892659e-17  3.935764e+01 
   68.163    1.544000  2.521437e-16  4.478523e+01 
   68.163    1.646000  1.171207e-15  5.044708e+01 
   68.163    1.749000  1.621527e-15  5.174410e+01 
   68.163    1.852000  4.075463e-15  5.550077e+01 
   68.163    1.955000  1.334479e-14  6.037614e+01 
   68.163    2.058000  1.621955e-11  8.334453e+01 
   68.163    2.161000  7.384211e-09  1.041960e+02 
   68.163    2.264000  1.202672e-06  1.226905e+02 
   68.163    2.367000  7.371118e-05  1.389956e+02 
   68.163    2.470000  1.952338e-03  1.537278e+02 
   68.163    2.572000  2.475083e-02  1.672975e+02 
   68.163    2.675000  1.870051e-01  1.807025e+02 
   68.163    2.778000  8.442564e-01  1.933114e+02 
   68.163    2.881000  2.721042e+00  2.054730e+02 
   68.163    2.984000  7.051322e+00  2.173687e+02 
   68.163    3.087000  1.110975e+01  2.231525e+02 
   68.163    3.190000  1.633306e+01  2.285309e+02 
   68.163    3.293000  2.325715e+01  2.338674e+02 
   68.163    3.396000  3.155627e+01  2.387931e+02 
   68.163    3.498000  4.215318e+01  2.437618e+02 
   68.163    3.601000  5.565413e+01  2.487979e+02 
   68.163    3.704000  7.144527e+01  2.535301e+02 
   68.163    3.807000  8.978568e+01  2.580228e+02 
   68.163    3.910000  1.101143e+02  2.621529e+02 
   68.163    4.013000  1.297396e+02  2.655353e+02 
   68.163    4.116000  1.455638e+02  2.679263e+02 
   68.163    4.219000  1.600094e+02  2.699135e+02 
   68.163    4.322000  1.729983e+02  2.715649e+02 
   68.163    4.424000  1.828746e+02  2.727335e+02 
   68.163    4.527000  1.906814e+02  2.736093e+02 
   68.163    4.630000  1.953361e+02  2.740930e+02 
   68.163    4.733000  1.979350e+02  2.743361e+02 
   68.163    4.836000  2.008238e+02  2.746243e+02 
   68.163    4.939000  2.035497e+02  2.749007e+02 
   68.163    5.042000  2.063839e+02  2.751965e+02 
   68.163    5.145000  2.091518e+02  2.754900e+02 
   68.163    5.248000  2.121709e+02  2.758177e+02 
   68.163    5.350000  2.179935e+02  2.764688e+02 
   68.163    5.453000  2.248791e+02  2.772253e+02 
   68.163    5.556000  2.315881e+02  2.779455e+02 
   68.163    5.659000  2.398271e+02  2.788098e+02 
   68.163    5.762000  2.513911e+02  2.799798e+02 
   68.163    5.865000  2.649115e+02  2.812824e+02 
   68.163    5.968000  2.814424e+02  2.827857e+02 
   68.163    6.071000  3.004266e+02  2.843995e+02 
   68.163    6.174000  3.208888e+02  2.860148e+02 
   68.163    6.276000  3.351419e+02  2.870756e+02 
   68.163    6.379000  3.397248e+02  2.874140e+02 
   68.163    6.482000  3.440852e+02  2.877374e+02 
   68.163    6.585000  3.484715e+02  2.880621e+02 
   68.163    6.688000  3.528895e+02  2.883870e+02 
   68.163    6.791000  3.572840e+02  2.887074e+02 
   68.163    6.894000  3.615912e+02  2.890197e+02 
   68.163    6.997000  3.658901e+02  2.893305e+02 
   68.163    7.100000  3.704201e+02  2.896559e+02 
   68.163    7.202000  3.747021e+02  2.899642e+02 
   68.163    7.305000  3.786767e+02  2.902536e+02 
   68.163    7.408000  3.825418e+02  2.905369e+02 
   68.163    7.511000  3.863271e+02  2.908160e+02 
   68.163    7.614000  3.899541e+02  2.910866e+02 
   68.163    7.717000  3.933307e+02  2.913423e+02 
   68.163    7.820000  3.964261e+02  2.915798e+02 
   68.163    7.923000  3.994471e+02  2.918123e+02 
   68.163    8.026000  4.023559e+02  2.920372e+02 
   68.163    8.129000  4.051647e+02  2.922547e+02 
   68.163    8.231000  4.079494e+02  2.924685e+02 
   68.163    8.334001  4.106269e+02  2.926746e+02 
   68.163    8.437000  4.131810e+02  2.928713e+02 
   68.163    8.540000  4.159586e+02  2.930779e+02 
   68.163    8.643001  4.188738e+02  2.932890e+02 
   68.163    8.746000  4.212539e+02  2.934678e+02 
   68.163    8.849000  4.235335e+02  2.936385e+02 
   68.163    8.952001  4.246065e+02  2.937679e+02 
   68.163    9.055000  4.256367e+02  2.938918e+02 
   68.163    9.157001  4.266801e+02  2.940155e+02 
   68.163    9.260000  4.284214e+02  2.942012e+02 
   68.163    9.363000  4.301190e+02  2.943809e+02 
   68.163    9.466001  4.317970e+02  2.945566e+02 
   68.163    9.569000  4.334767e+02  2.947294e+02 
   68.163    9.672000  4.351603e+02  2.948993e+02 
   68.163    9.775001  4.369015e+02  2.950709e+02 
   68.163    9.878000  4.387759e+02  2.952509e+02 
   68.163    9.981000  4.407568e+02  2.954402e+02 
   68.163   10.083000  4.412014e+02  2.954920e+02 
   68.163   10.186000  4.416759e+02  2.955421e+02 
   68.163   10.289001  4.421422e+02  2.955909e+02 
   68.163   10.392000  4.426002e+02  2.956385e+02 
   68.163   10.495000  4.430495e+02  2.956851e+02 
   68.163   10.598001  4.434901e+02  2.957307e+02 
   68.163   10.701000  4.439228e+02  2.957754e+02 
   68.163   10.804000  4.443494e+02  2.958193e+02 
   68.163   10.907001  4.447701e+02  2.958625e+02 
   68.163   11.009000  4.451812e+02  2.959046e+02 
   68.163   11.112000  4.455914e+02  2.959465e+02 
   68.163   11.215000  4.459969e+02  2.959879e+02 
   68.163   11.318000  4.463972e+02  2.960287e+02 
   68.163   11.421000  4.467923e+02  2.960692e+02 
   68.163   11.524000  4.471820e+02  2.961092e+02 
   68.163   11.627000  4.475664e+02  2.961489e+02 
   68.163   11.730000  4.479454e+02  2.961882e+02 
   68.163   11.833000  4.483190e+02  2.962271e+02 
   68.163   11.935000  4.486836e+02  2.962654e+02 
   68.163   12.038000  4.490465e+02  2.963036e+02 
   68.163   12.141000  4.494042e+02  2.963414e+02 
   68.163   12.244000  4.497567e+02  2.963788e+02 
   68.163   12.347000  4.501044e+02  2.964157e+02 
   68.163   12.450000  4.504474e+02  2.964521e+02 
   68.163   12.553000  4.507857e+02  2.964880e+02 
   68.163   12.656000  4.511194e+02  2.965234e+02 
   68.163   12.759000  4.514489e+02  2.965582e+02 
   68.163   12.862000  4.517743e+02  2.965924e+02 
   68.163   12.964000  4.520928e+02  2.966257e+02 
   68.163   13.067000  4.524107e+02  2.966586e+02 
   68.163   13.170000  4.527250e+02  2.966908e+02 
   68.163   13.273000  4.530357e+02  2.967223e+02 
   68.163   13.376000  4.533430e+02  2.967529e+02 
   68.163   13.479000  4.536469e+02  2.967827e+02 
   68.163   13.582000  4.539475e+02  2.968116e+02 
   68.163   13.685000  4.542450e+02  2.968396e+02 
   68.163   13.788000  4.545394e+02  2.968666e+02 
   68.163   13.890000  4.548278e+02  2.968924e+02 
   68.163   13.993000  4.551158e+02  2.969177e+02 
   68.163   14.096000  4.554006e+02  2.969420e+02 
   68.163   14.199000  4.556822e+02  2.969656e+02 
   68.163   14.302000  4.559604e+02  2.969885e+02 
   68.163   14.405000  4.562353e+02  2.970108e+02 
   68.163   14.508000  4.565068e+02  2.970325e+02 
   68.163   14.611000  4.567749e+02  2.970536e+02 
   68.163   14.714000  4.570397e+02  2.970743e+02 
   68.163   14.816000  4.572988e+02  2.970943e+02 
   68.163   14.919000  4.575570e+02  2.971140e+02 
   68.163   15.022000  4.578122e+02  2.971332e+02 
   68.163   15.125000  4.580642e+02  2.971521e+02 
   68.163   15.228000  4.583132e+02  2.971704e+02 
   68.163   15.331000  4.585591e+02  2.971884e+02 
   68.163   15.434000  4.588019e+02  2.972058e+02 
   68.163   15.537000  4.590418e+02  2.972230e+02 
   68.163   15.640000  4.592787e+02  2.972396e+02 
   68.163   15.742001  4.595104e+02  2.972557e+02 
   68.163   15.845000  4.597416e+02  2.972716e+02 
   68.163   15.948001  4.599702e+02  2.972870e+02 
   68.163   16.050999  4.601962e+02  2.973020e+02 
   68.163   16.153999  4.604199e+02  2.973165e+02 
   68.163   16.257000  4.606411e+02  2.973305e+02 
   68.163   16.359999  4.608600e+02  2.973440e+02 
   68.163   16.462999  4.610768e+02  2.973570e+02 
   68.163   16.566000  4.612914e+02  2.973694e+02 
   68.163   16.667999  4.615019e+02  2.973811e+02 
   68.163   16.771000  4.617126e+02  2.973922e+02 
   68.163   16.873999  4.619217e+02  2.974025e+02 
   68.163   16.976999  4.621292e+02  2.974121e+02 
   68.163   17.080000  4.623352e+02  2.974208e+02 
   68.163   17.182999  4.625400e+02  2.974286e+02 
   68.163   17.285999  4.627437e+02  2.974355e+02 
   68.163   17.389000  4.629460e+02  2.974415e+02 
   68.163   17.491999  4.631469e+02  2.974467e+02 
   68.163   17.594999  4.633466e+02  2.974511e+02 
   68.163   17.696999  4.635430e+02  2.974548e+02 
   68.163   17.799999  4.637397e+02  2.974579e+02 
   68.163   17.903000  4.639349e+02  2.974603e+02 
   68.163   18.005999  4.641285e+02  2.974623e+02 
   68.163   18.108999  4.643205e+02  2.974637e+02 
   68.163   18.212000  4.645108e+02  2.974646e+02 
   68.163   18.314999  4.646996e+02  2.974650e+02 
   68.163   18.417999  4.648868e+02  2.974649e+02 
   68.163   18.521000  4.650725e+02  2.974644e+02 
   68.163   18.622999  4.652548e+02  2.974634e+02 
   68.163   18.726000  4.654374e+02  2.974619e+02 
   68.163   18.828999  4.656185e+02  2.974599e+02 
   68.163   18.931999  4.657981e+02  2.974575e+02 
   68.163   19.035000  4.659763e+02  2.974547e+02 
   68.163   19.137999  4.661532e+02  2.974514e+02 
   68.163   19.240999  4.663286e+02  2.974478e+02 
   68.163   19.344000  4.665028e+02  2.974437e+02 
   68.163   19.446999  4.666758e+02  2.974391e+02 
   68.163   19.549000  4.668459e+02  2.974341e+02 
   68.163   19.651999  4.670164e+02  2.974286e+02 
   68.163   19.754999  4.671856e+02  2.974226e+02 
   68.163   19.858000  4.673537e+02  2.974163e+02 
   68.163   19.960999  4.675204e+02  2.974096e+02 
   68.163   20.063999  4.676862e+02  2.974023e+02 
   68.163   20.362999  4.681617e+02  2.973785e+02 
   68.163   20.858999  4.689274e+02  2.973330e+02 
   68.163   21.355000  4.696651e+02  2.972806e+02 
   68.163   21.849998  4.703711e+02  2.972236e+02 
   68.163   22.345999  4.710408e+02  2.971671e+02 
   68.163   22.841999  4.716673e+02  2.971153e+02 
   68.163   23.337999  4.722509e+02  2.970687e+02 
   68.163   23.832998  4.727973e+02  2.970250e+02 
   68.163   24.328999  4.733143e+02  2.969818e+02 
   68.163   24.824999  4.738004e+02  2.969400e+02 
   68.163   25.320999  4.742542e+02  2.969010e+02 
   68.163   25.816000  4.746770e+02  2.968646e+02 
   68.163   26.311998  4.750733e+02  2.968300e+02 
   68.163   26.807999  4.754440e+02  2.967971e+02 
   68.163   27.303999  4.757903e+02  2.967656e+02 
   68.163   27.799000  4.761134e+02  2.967356e+02 
   68.163   28.295000  4.764170e+02  2.967065e+02 
   68.163   28.790998  4.767026e+02  2.966781e+02 
   68.163   29.286999  4.769725e+02  2.966500e+02 
   68.163   29.782000  4.772279e+02  2.966221e+02 
   68.163   30.278000  4.774713e+02  2.965944e+02 
   68.163   30.773998  4.777038e+02  2.965669e+02 
   68.163   31.269999  4.779273e+02  2.965396e+02 
   68.163   31.765999  4.781430e+02  2.965128e+02 
   68.163   32.261002  4.783529e+02  2.964862e+02 
   68.163   32.757000  4.785595e+02  2.964600e+02 
   68.163   33.253002  4.787645e+02  2.964343e+02 
   68.163   33.749001  4.789692e+02  2.964094e+02 
   68.163   34.243999  4.791747e+02  2.963856e+02 
   68.163   34.740002  4.793833e+02  2.963630e+02 
   68.163   35.236000  4.795958e+02  2.963419e+02 
   68.163   35.732002  4.798135e+02  2.963220e+02 
   68.163   36.227001  4.800362e+02  2.963034e+02 
   68.163   36.723000  4.802649e+02  2.962860e+02 
   68.163   37.219002  4.804990e+02  2.962697e+02 
   68.163   37.715000  4.807375e+02  2.962545e+02 
   68.163   38.210003  4.809788e+02  2.962404e+02 
   68.163   38.706001  4.812220e+02  2.962274e+02 
   68.163   39.202000  4.814651e+02  2.962156e+02 
   68.163   39.698002  4.817057e+02  2.962048e+02 
   68.163   40.198002  4.819406e+02  2.961963e+02 
   68.163   45.198002  4.837976e+02  2.961618e+02 
   68.163   50.198002  4.845061e+02  2.961587e+02 
   68.163   55.198002  4.847518e+02  2.961619e+02 
   68.163   60.198002  4.854726e+02  2.961655e+02 
   68.163   65.197998  4.867000e+02  2.961681e+02 
