   67.081    0.000000  3.045630e+02  4.053014e+01 
   67.081    0.103000  3.062950e+02  4.075309e+01 
   67.081    0.206000  3.080177e+02  4.100485e+01 
   67.081    0.309000  3.143624e+02  4.229468e+01 
   67.081    0.412000  3.204849e+02  4.352593e+01 
   67.081    0.515000  3.264804e+02  4.471584e+01 
   67.081    0.618000  3.319867e+02  4.578828e+01 
   67.081    0.721000  3.366952e+02  4.668487e+01 
   67.081    0.824000  3.403149e+02  4.735382e+01 
   67.081    0.926000  3.429867e+02  4.783055e+01 
   67.081    1.029000  3.456432e+02  4.830421e+01 
   67.081    1.132000  3.482167e+02  4.876135e+01 
   67.081    1.235000  3.507106e+02  4.920093e+01 
   67.081    1.338000  3.531208e+02  4.962057e+01 
   67.081    1.441000  3.554495e+02  5.002285e+01 
   67.081    1.544000  3.573187e+02  5.033750e+01 
   67.081    1.647000  3.591754e+02  5.065376e+01 
   67.081    1.750000  3.610210e+02  5.097089e+01 
   67.081    1.852000  3.628420e+02  5.128510e+01 
   67.081    1.955000  3.695091e+02  5.253220e+01 
   67.081    2.058000  3.713586e+02  5.284440e+01 
   67.081    2.161000  3.731951e+02  5.315738e+01 
   67.081    2.264000  3.750134e+02  5.347060e+01 
   67.081    2.367000  3.768088e+02  5.378367e+01 
   67.081    2.470000  3.785860e+02  5.409607e+01 
   67.081    2.573000  3.803504e+02  5.440741e+01 
   67.081    2.676000  3.821036e+02  5.471751e+01 
   67.081    2.778000  3.838327e+02  5.502311e+01 
   67.081    2.881000  3.855688e+02  5.533017e+01 
   67.081    2.984000  3.872921e+02  5.563564e+01 
   67.081    3.087000  3.890020e+02  5.593942e+01 
   67.081    3.190000  3.906995e+02  5.624146e+01 
   67.081    3.293000  3.923853e+02  5.654167e+01 
   67.081    3.396000  3.940603e+02  5.683999e+01 
   67.081    3.499000  3.957247e+02  5.713637e+01 
   67.081    3.602000  3.973831e+02  5.743069e+01 
   67.081    3.705000  3.990397e+02  5.772286e+01 
   67.081    3.807000  4.006798e+02  5.800999e+01 
   67.081    3.910000  4.023403e+02  5.829766e+01 
   67.081    4.013000  4.040078e+02  5.858304e+01 
   67.081    4.116000  4.056776e+02  5.886617e+01 
   67.081    4.219000  4.073446e+02  5.914709e+01 
   67.081    4.322000  4.090043e+02  5.942577e+01 
   67.081    4.425000  4.106500e+02  5.970229e+01 
   67.081    4.528000  4.122752e+02  5.997668e+01 
   67.081    4.631000  4.138781e+02  6.024891e+01 
   67.081    4.733000  4.154448e+02  6.051631e+01 
   67.081    4.836000  4.170031e+02  6.078411e+01 
   67.081    4.939000  4.185367e+02  6.104969e+01 
   67.081    5.042000  4.200443e+02  6.131304e+01 
   67.081    5.145000  4.215226e+02  6.157413e+01 
   67.081    5.248000  4.229709e+02  6.183296e+01 
   67.081    5.351000  4.243877e+02  6.208952e+01 
   67.081    5.454000  4.257722e+02  6.234380e+01 
   67.081    5.557000  4.271265e+02  6.259579e+01 
   67.081    5.659000  4.284366e+02  6.284308e+01 
   67.081    5.762000  4.297298e+02  6.309050e+01 
   67.081    5.865000  4.309964e+02  6.333563e+01 
   67.081    5.968000  4.322358e+02  6.357846e+01 
   67.081    6.071000  4.334516e+02  6.381895e+01 
   67.081    6.174000  4.346491e+02  6.405706e+01 
   67.081    6.277000  4.358311e+02  6.429269e+01 
   67.081    6.380000  4.370024e+02  6.452577e+01 
   67.081    6.483000  4.381652e+02  6.475629e+01 
   67.081    6.585000  4.393107e+02  6.498195e+01 
   67.081    6.688000  4.404649e+02  6.520707e+01 
   67.081    6.791000  4.416165e+02  6.542941e+01 
   67.081    6.894000  4.427587e+02  6.564898e+01 
   67.081    6.997000  4.438831e+02  6.586574e+01 
   67.081    7.100000  4.449806e+02  6.607964e+01 
   67.081    7.203000  4.460313e+02  6.629059e+01 
   67.081    7.306000  4.470182e+02  6.649838e+01 
   67.081    7.409000  4.479387e+02  6.670295e+01 
   67.081    7.511000  4.487822e+02  6.690222e+01 
   67.081    7.614000  4.495582e+02  6.710004e+01 
   67.081    7.717000  4.502773e+02  6.729455e+01 
   67.081    7.820000  4.509725e+02  6.748592e+01 
   67.081    7.923000  4.516476e+02  6.767428e+01 
   67.081    8.026000  4.523101e+02  6.785976e+01 
   67.081    8.129000  4.529691e+02  6.804263e+01 
   67.081    8.231999  4.536239e+02  6.822293e+01 
   67.081    8.335000  4.542683e+02  6.840061e+01 
   67.081    8.436999  4.548905e+02  6.857395e+01 
   67.081    8.540000  4.555023e+02  6.874636e+01 
   67.081    8.643000  4.560995e+02  6.891605e+01 
   67.081    8.745999  4.566830e+02  6.908301e+01 
   67.081    8.849000  4.572528e+02  6.924725e+01 
   67.081    8.952000  4.578124e+02  6.940872e+01 
   67.081    9.054999  4.583644e+02  6.956746e+01 
   67.081    9.158000  4.589081e+02  6.972344e+01 
   67.081    9.261000  4.594423e+02  6.987664e+01 
   67.081    9.363000  4.599615e+02  7.002560e+01 
   67.081    9.466000  4.604763e+02  7.017331e+01 
   67.081    9.568999  4.609819e+02  7.031844e+01 
   67.081    9.672000  4.614788e+02  7.046107e+01 
   67.081    9.775000  4.619652e+02  7.060119e+01 
   67.081    9.877999  4.624390e+02  7.073887e+01 
   67.081    9.981000  4.628997e+02  7.087414e+01 
   67.081   10.084000  4.633820e+02  7.100694e+01 
   67.081   10.186999  4.638560e+02  7.113754e+01 
   67.081   10.290000  4.643222e+02  7.126602e+01 
   67.081   10.391999  4.647769e+02  7.139118e+01 
   67.081   10.495000  4.652300e+02  7.151550e+01 
   67.081   10.598000  4.656771e+02  7.163776e+01 
   67.081   10.700999  4.661172e+02  7.175805e+01 
   67.081   10.804000  4.665495e+02  7.187649e+01 
   67.081   10.907000  4.669740e+02  7.199315e+01 
   67.081   11.009999  4.673918e+02  7.210809e+01 
   67.081   11.113000  4.678048e+02  7.222141e+01 
   67.081   11.216000  4.682134e+02  7.233315e+01 
   67.081   11.318000  4.686134e+02  7.244225e+01 
   67.081   11.421000  4.690125e+02  7.255092e+01 
   67.081   11.523999  4.694067e+02  7.265810e+01 
   67.081   11.627000  4.697959e+02  7.276380e+01 
   67.081   11.730000  4.701797e+02  7.286806e+01 
   67.081   11.832999  4.705580e+02  7.297089e+01 
   67.081   11.936000  4.709309e+02  7.307232e+01 
   67.081   12.039000  4.712986e+02  7.317236e+01 
   67.081   12.141999  4.716614e+02  7.327102e+01 
   67.081   12.243999  4.720157e+02  7.336736e+01 
   67.081   12.346999  4.723684e+02  7.346328e+01 
   67.081   12.450000  4.727163e+02  7.355783e+01 
   67.081   12.552999  4.730593e+02  7.365102e+01 
   67.081   12.655999  4.733974e+02  7.374282e+01 
   67.081   12.759000  4.737309e+02  7.383325e+01 
   67.081   12.862000  4.740601e+02  7.392230e+01 
   67.081   12.964999  4.743853e+02  7.400997e+01 
   67.081   13.068000  4.747066e+02  7.409624e+01 
   67.081   13.170000  4.750209e+02  7.418031e+01 
   67.081   13.273000  4.753345e+02  7.426382e+01 
   67.081   13.375999  4.756445e+02  7.434598e+01 
   67.081   13.479000  4.759509e+02  7.442680e+01 
   67.081   13.582000  4.762537e+02  7.450629e+01 
   67.081   13.684999  4.765530e+02  7.458447e+01 
   67.081   13.787999  4.768490e+02  7.466138e+01 
   67.081   13.891000  4.771416e+02  7.473699e+01 
   67.081   13.993999  4.774309e+02  7.481132e+01 
   67.081   14.096000  4.777143e+02  7.488367e+01 
   67.081   14.198999  4.779973e+02  7.495545e+01 
   67.081   14.302000  4.782771e+02  7.502599e+01 
   67.081   14.405000  4.785539e+02  7.509531e+01 
   67.081   14.507999  4.788275e+02  7.516341e+01 
   67.081   14.611000  4.790979e+02  7.523033e+01 
   67.081   14.714000  4.793652e+02  7.529614e+01 
   67.081   14.816999  4.796295e+02  7.536086e+01 
   67.081   14.920000  4.798905e+02  7.542450e+01 
   67.081   15.021999  4.801459e+02  7.548649e+01 
   67.081   15.125000  4.804006e+02  7.554809e+01 
   67.081   15.228000  4.806523e+02  7.560870e+01 
   67.081   15.330999  4.809008e+02  7.566833e+01 
   67.081   15.434000  4.811463e+02  7.572702e+01 
   67.081   15.537000  4.813889e+02  7.578478e+01 
   67.081   15.639999  4.816284e+02  7.584162e+01 
   67.081   15.743000  4.818651e+02  7.589754e+01 
   67.081   15.846000  4.820989e+02  7.595256e+01 
   67.081   15.949000  4.823300e+02  7.600668e+01 
   67.081   16.051001  4.825563e+02  7.605935e+01 
   67.081   16.154001  4.827824e+02  7.611163e+01 
   67.081   16.257000  4.830061e+02  7.616299e+01 
   67.081   16.360001  4.832273e+02  7.621345e+01 
   67.081   16.463001  4.834462e+02  7.626304e+01 
   67.081   16.566000  4.836629e+02  7.631178e+01 
   67.081   16.669001  4.838773e+02  7.635965e+01 
   67.081   16.772001  4.840896e+02  7.640665e+01 
   67.081   16.875000  4.843000e+02  7.645280e+01 
   67.081   16.977001  4.845064e+02  7.649766e+01 
   67.081   17.080000  4.847131e+02  7.654205e+01 
   67.081   17.183001  4.849183e+02  7.658552e+01 
   67.081   17.286001  4.851220e+02  7.662807e+01 
   67.081   17.389000  4.853243e+02  7.666969e+01 
   67.081   17.492001  4.855254e+02  7.671039e+01 
   67.081   17.595001  4.857253e+02  7.675015e+01 
   67.081   17.698000  4.859240e+02  7.678900e+01 
   67.081   17.801001  4.861214e+02  7.682697e+01 
   67.081   17.903000  4.863156e+02  7.686375e+01 
   67.081   18.006001  4.865102e+02  7.690009e+01 
   67.081   18.109001  4.867033e+02  7.693562e+01 
   67.081   18.212000  4.868947e+02  7.697044e+01 
   67.081   18.315001  4.870844e+02  7.700456e+01 
   67.081   18.418001  4.872724e+02  7.703800e+01 
   67.081   18.521000  4.874586e+02  7.707075e+01 
   67.081   18.624001  4.876432e+02  7.710280e+01 
   67.081   18.727001  4.878264e+02  7.713415e+01 
   67.081   18.829000  4.880063e+02  7.716452e+01 
   67.081   18.932001  4.881864e+02  7.719450e+01 
   67.081   19.035000  4.883652e+02  7.722377e+01 
   67.081   19.138000  4.885429e+02  7.725237e+01 
   67.081   19.241001  4.887192e+02  7.728030e+01 
   67.081   19.344000  4.888943e+02  7.730758e+01 
   67.081   19.447001  4.890680e+02  7.733426e+01 
   67.081   19.550001  4.892405e+02  7.736033e+01 
   67.081   19.653000  4.894116e+02  7.738580e+01 
   67.081   19.755001  4.895797e+02  7.741048e+01 
   67.081   19.858000  4.897480e+02  7.743484e+01 
   67.081   19.961000  4.899151e+02  7.745868e+01 
   67.081   20.064001  4.900812e+02  7.748188e+01 
   67.081   20.363001  4.905582e+02  7.754579e+01 
   67.081   20.859001  4.913266e+02  7.764225e+01 
   67.081   21.355001  4.920669e+02  7.772736e+01 
   67.081   21.851000  4.927807e+02  7.780173e+01 
   67.081   22.346001  4.934617e+02  7.786773e+01 
   67.081   22.842001  4.941060e+02  7.792849e+01 
   67.081   23.338001  4.947079e+02  7.798566e+01 
   67.081   23.834000  4.952688e+02  7.803965e+01 
   67.081   24.329000  4.957927e+02  7.808967e+01 
   67.081   24.825001  4.962862e+02  7.813545e+01 
   67.081   25.321001  4.967485e+02  7.817741e+01 
   67.081   25.817001  4.971801e+02  7.821634e+01 
   67.081   26.312000  4.975821e+02  7.825240e+01 
   67.081   26.808001  4.979594e+02  7.828550e+01 
   67.081   27.304001  4.983130e+02  7.831558e+01 
   67.081   27.800001  4.986434e+02  7.834299e+01 
   67.081   28.295000  4.989509e+02  7.836794e+01 
   67.081   28.791000  4.992395e+02  7.839062e+01 
   67.081   29.287001  4.995117e+02  7.841103e+01 
   67.081   29.783001  4.997703e+02  7.842915e+01 
   67.081   30.279001  5.000173e+02  7.844504e+01 
   67.081   30.774000  5.002539e+02  7.845888e+01 
   67.081   31.270000  5.004827e+02  7.847091e+01 
   67.081   31.766001  5.007047e+02  7.848129e+01 
   67.081   32.262001  5.009224e+02  7.849017e+01 
   67.081   32.757000  5.011369e+02  7.849774e+01 
   67.081   33.253002  5.013507e+02  7.850427e+01 
   67.081   33.749001  5.015652e+02  7.850996e+01 
   67.081   34.244999  5.017813e+02  7.851501e+01 
   67.081   34.740002  5.020004e+02  7.851952e+01 
   67.081   35.236000  5.022243e+02  7.852361e+01 
   67.081   35.732002  5.024537e+02  7.852736e+01 
   67.081   36.228001  5.026890e+02  7.853082e+01 
   67.081   36.723000  5.029297e+02  7.853404e+01 
   67.081   37.219002  5.031761e+02  7.853705e+01 
   67.081   37.715000  5.034265e+02  7.853989e+01 
   67.081   38.211002  5.036794e+02  7.854256e+01 
   67.081   38.706001  5.039323e+02  7.854514e+01 
   67.081   39.202000  5.041845e+02  7.854763e+01 
   67.081   39.698002  5.044330e+02  7.855009e+01 
   67.081   40.198002  5.046748e+02  7.855312e+01 
   67.081   45.198002  5.065612e+02  7.858558e+01 
   67.081   50.198002  5.072711e+02  7.860880e+01 
   67.081   55.198002  5.075240e+02  7.862343e+01 
   67.081   60.198002  5.083047e+02  7.863235e+01 
   67.081   65.197998  5.095510e+02  7.863767e+01 
