   67.756    0.000000  8.342288e+00  2.044683e+01 
   67.756    0.103000  8.390734e+00  2.063100e+01 
   67.756    0.206000  8.438409e+00  2.082830e+01 
   67.756    0.309000  8.485594e+00  2.103272e+01 
   67.756    0.412000  8.532554e+00  2.124147e+01 
   67.756    0.515000  9.372782e+00  2.484847e+01 
   67.756    0.618000  9.729557e+00  2.631531e+01 
   67.756    0.721000  1.039719e+01  2.778469e+01 
   67.756    0.823000  1.106814e+01  2.918510e+01 
   67.756    0.926000  1.188372e+01  3.077809e+01 
   67.756    1.029000  1.286920e+01  3.256860e+01 
   67.756    1.132000  1.393751e+01  3.438155e+01 
   67.756    1.235000  1.851420e+01  4.249787e+01 
   67.756    1.338000  2.474781e+01  5.104632e+01 
   67.756    1.441000  3.287777e+01  5.982842e+01 
   67.756    1.544000  4.367061e+01  6.907692e+01 
   67.756    1.647000  5.833066e+01  7.895673e+01 
   67.756    1.749000  7.886722e+01  8.969137e+01 
   67.756    1.852000  1.086966e+02  1.015266e+02 
   67.756    1.955000  1.527058e+02  1.143754e+02 
   67.756    2.058000  2.184974e+02  1.278438e+02 
   67.756    2.161000  3.168714e+02  1.406718e+02 
   67.756    2.264000  3.190666e+02  1.407192e+02 
   67.756    2.367000  3.210659e+02  1.408303e+02 
   67.756    2.470000  3.230789e+02  1.409752e+02 
   67.756    2.573000  3.251194e+02  1.411509e+02 
   67.756    2.675000  3.272444e+02  1.413626e+02 
   67.756    2.778000  3.290217e+02  1.415269e+02 
   67.756    2.881000  3.308016e+02  1.417034e+02 
   67.756    2.984000  3.325912e+02  1.418909e+02 
   67.756    3.087000  3.341014e+02  1.420385e+02 
   67.756    3.190000  3.356007e+02  1.421935e+02 
   67.756    3.293000  3.370874e+02  1.423550e+02 
   67.756    3.396000  3.385613e+02  1.425222e+02 
   67.756    3.499000  3.400213e+02  1.426943e+02 
   67.756    3.601000  3.414565e+02  1.428688e+02 
   67.756    3.704000  3.429009e+02  1.430482e+02 
   67.756    3.807000  3.443415e+02  1.432304e+02 
   67.756    3.910000  3.457801e+02  1.434148e+02 
   67.756    4.013000  3.472170e+02  1.436012e+02 
   67.756    4.116000  3.486502e+02  1.437894e+02 
   67.756    4.219000  3.500776e+02  1.439791e+02 
   67.756    4.322000  3.514970e+02  1.441702e+02 
   67.756    4.425000  3.529073e+02  1.443625e+02 
   67.756    4.527000  3.542925e+02  1.445539e+02 
   67.756    4.630000  3.556789e+02  1.447478e+02 
   67.756    4.733000  3.570543e+02  1.449422e+02 
   67.756    4.836000  3.584176e+02  1.451367e+02 
   67.756    4.939000  3.597668e+02  1.453313e+02 
   67.756    5.042000  3.611004e+02  1.455258e+02 
   67.756    5.145000  3.624152e+02  1.457203e+02 
   67.756    5.248000  3.637088e+02  1.459146e+02 
   67.756    5.351000  3.649785e+02  1.461087e+02 
   67.756    5.453000  3.662106e+02  1.463006e+02 
   67.756    5.556000  3.674302e+02  1.464940e+02 
   67.756    5.659000  3.686246e+02  1.466868e+02 
   67.756    5.762000  3.697945e+02  1.468790e+02 
   67.756    5.865000  3.709421e+02  1.470704e+02 
   67.756    5.968000  3.720668e+02  1.472611e+02 
   67.756    6.071000  3.731696e+02  1.474508e+02 
   67.756    6.174000  3.742517e+02  1.476396e+02 
   67.756    6.277000  3.753171e+02  1.478271e+02 
   67.756    6.379000  3.763594e+02  1.480116e+02 
   67.756    6.482000  3.774014e+02  1.481965e+02 
   67.756    6.585000  3.784358e+02  1.483799e+02 
   67.756    6.688000  3.794680e+02  1.485618e+02 
   67.756    6.791000  3.804994e+02  1.487421e+02 
   67.756    6.894000  3.815322e+02  1.489206e+02 
   67.756    6.997000  3.828701e+02  1.491493e+02 
   67.756    7.100000  3.842205e+02  1.493775e+02 
   67.756    7.203000  3.855773e+02  1.496084e+02 
   67.756    7.306000  3.882307e+02  1.499274e+02 
   67.756    7.408000  3.916289e+02  1.503109e+02 
   67.756    7.511000  3.949921e+02  1.506940e+02 
   67.756    7.614000  3.981972e+02  1.510681e+02 
   67.756    7.717000  4.014862e+02  1.514506e+02 
   67.756    7.820000  4.048727e+02  1.518381e+02 
   67.756    7.923000  4.079988e+02  1.521998e+02 
   67.756    8.026000  4.112258e+02  1.525654e+02 
   67.756    8.129000  4.142650e+02  1.529108e+02 
   67.756    8.231999  4.176042e+02  1.532751e+02 
   67.756    8.334000  4.206677e+02  1.536129e+02 
   67.756    8.436999  4.238728e+02  1.539596e+02 
   67.756    8.540000  4.265722e+02  1.542647e+02 
   67.756    8.643000  4.297457e+02  1.546023e+02 
   67.756    8.745999  4.334395e+02  1.549739e+02 
   67.756    8.849000  4.365572e+02  1.552958e+02 
   67.756    8.952000  4.383507e+02  1.555182e+02 
   67.756    9.054999  4.419955e+02  1.558695e+02 
   67.756    9.158000  4.452859e+02  1.561900e+02 
   67.756    9.259999  4.457751e+02  1.563077e+02 
   67.756    9.363000  4.462715e+02  1.564243e+02 
   67.756    9.466000  4.467717e+02  1.565387e+02 
   67.756    9.568999  4.472425e+02  1.566515e+02 
   67.756    9.672000  4.477144e+02  1.567620e+02 
   67.756    9.775000  4.481848e+02  1.568703e+02 
   67.756    9.877999  4.486502e+02  1.569765e+02 
   67.756    9.981000  4.491096e+02  1.570806e+02 
   67.756   10.084000  4.495616e+02  1.571826e+02 
   67.756   10.186000  4.500320e+02  1.572812e+02 
   67.756   10.289000  4.504955e+02  1.573790e+02 
   67.756   10.391999  4.509494e+02  1.574751e+02 
   67.756   10.495000  4.513968e+02  1.575697e+02 
   67.756   10.598000  4.518383e+02  1.576627e+02 
   67.756   10.700999  4.522740e+02  1.577543e+02 
   67.756   10.804000  4.527038e+02  1.578444e+02 
   67.756   10.907000  4.531278e+02  1.579332e+02 
   67.756   11.009999  4.535459e+02  1.580208e+02 
   67.756   11.112000  4.539543e+02  1.581062e+02 
   67.756   11.214999  4.543610e+02  1.581914e+02 
   67.756   11.318000  4.547622e+02  1.582755e+02 
   67.756   11.421000  4.551580e+02  1.583585e+02 
   67.756   11.523999  4.555486e+02  1.584404e+02 
   67.756   11.627000  4.559339e+02  1.585213e+02 
   67.756   11.730000  4.563137e+02  1.586012e+02 
   67.756   11.832999  4.566880e+02  1.586800e+02 
   67.756   11.936000  4.570568e+02  1.587578e+02 
   67.756   12.037999  4.574169e+02  1.588338e+02 
   67.756   12.141000  4.577755e+02  1.589094e+02 
   67.756   12.243999  4.581291e+02  1.589840e+02 
   67.756   12.346999  4.584779e+02  1.590575e+02 
   67.756   12.450000  4.588222e+02  1.591300e+02 
   67.756   12.552999  4.591618e+02  1.592014e+02 
   67.756   12.655999  4.594970e+02  1.592717e+02 
   67.756   12.759000  4.598279e+02  1.593410e+02 
   67.756   12.862000  4.601548e+02  1.594092e+02 
   67.756   12.964999  4.604779e+02  1.594763e+02 
   67.756   13.066999  4.607943e+02  1.595417e+02 
   67.756   13.169999  4.611100e+02  1.596066e+02 
   67.756   13.273000  4.614220e+02  1.596705e+02 
   67.756   13.375999  4.617304e+02  1.597332e+02 
   67.756   13.478999  4.620353e+02  1.597948e+02 
   67.756   13.582000  4.623367e+02  1.598553e+02 
   67.756   13.684999  4.626347e+02  1.599146e+02 
   67.756   13.787999  4.629295e+02  1.599728e+02 
   67.756   13.891000  4.632211e+02  1.600299e+02 
   67.756   13.993000  4.635067e+02  1.600852e+02 
   67.756   14.096000  4.637920e+02  1.601400e+02 
   67.756   14.198999  4.640742e+02  1.601936e+02 
   67.756   14.302000  4.643533e+02  1.602461e+02 
   67.756   14.405000  4.646292e+02  1.602975e+02 
   67.756   14.507999  4.649019e+02  1.603480e+02 
   67.756   14.611000  4.651714e+02  1.603975e+02 
   67.756   14.714000  4.654375e+02  1.604461e+02 
   67.756   14.816999  4.657005e+02  1.604938e+02 
   67.756   14.919000  4.659576e+02  1.605403e+02 
   67.756   15.021999  4.662141e+02  1.605864e+02 
   67.756   15.125000  4.664673e+02  1.606318e+02 
   67.756   15.228000  4.667174e+02  1.606764e+02 
   67.756   15.330999  4.669644e+02  1.607202e+02 
   67.756   15.434000  4.672083e+02  1.607632e+02 
   67.756   15.537000  4.674493e+02  1.608055e+02 
   67.756   15.639999  4.676872e+02  1.608471e+02 
   67.756   15.743000  4.679221e+02  1.608879e+02 
   67.756   15.844999  4.681520e+02  1.609276e+02 
   67.756   15.947999  4.683815e+02  1.609669e+02 
   67.756   16.051001  4.686084e+02  1.610056e+02 
   67.756   16.154001  4.688329e+02  1.610436e+02 
   67.756   16.257000  4.690551e+02  1.610808e+02 
   67.756   16.360001  4.692749e+02  1.611174e+02 
   67.756   16.463001  4.694925e+02  1.611532e+02 
   67.756   16.566000  4.697078e+02  1.611884e+02 
   67.756   16.669001  4.699211e+02  1.612228e+02 
   67.756   16.771000  4.701302e+02  1.612560e+02 
   67.756   16.874001  4.703397e+02  1.612888e+02 
   67.756   16.977001  4.705472e+02  1.613208e+02 
   67.756   17.080000  4.707531e+02  1.613519e+02 
   67.756   17.183001  4.709578e+02  1.613820e+02 
   67.756   17.286001  4.711612e+02  1.614112e+02 
   67.756   17.389000  4.713633e+02  1.614394e+02 
   67.756   17.492001  4.715642e+02  1.614666e+02 
   67.756   17.595001  4.717639e+02  1.614929e+02 
   67.756   17.698000  4.719625e+02  1.615183e+02 
   67.756   17.800001  4.721577e+02  1.615426e+02 
   67.756   17.903000  4.723533e+02  1.615664e+02 
   67.756   18.006001  4.725472e+02  1.615895e+02 
   67.756   18.109001  4.727396e+02  1.616119e+02 
   67.756   18.212000  4.729303e+02  1.616337e+02 
   67.756   18.315001  4.731194e+02  1.616548e+02 
   67.756   18.418001  4.733069e+02  1.616753e+02 
   67.756   18.521000  4.734928e+02  1.616952e+02 
   67.756   18.624001  4.736771e+02  1.617145e+02 
   67.756   18.726000  4.738582e+02  1.617330e+02 
   67.756   18.829000  4.740396e+02  1.617510e+02 
   67.756   18.932001  4.742195e+02  1.617684e+02 
   67.756   19.035000  4.743979e+02  1.617853e+02 
   67.756   19.138000  4.745751e+02  1.618015e+02 
   67.756   19.241001  4.747509e+02  1.618173e+02 
   67.756   19.344000  4.749254e+02  1.618324e+02 
   67.756   19.447001  4.750986e+02  1.618471e+02 
   67.756   19.550001  4.752704e+02  1.618612e+02 
   67.756   19.652000  4.754394e+02  1.618746e+02 
   67.756   19.755001  4.756086e+02  1.618877e+02 
   67.756   19.858000  4.757767e+02  1.619003e+02 
   67.756   19.961000  4.759435e+02  1.619123e+02 
   67.756   20.064001  4.761095e+02  1.619238e+02 
   67.756   20.363001  4.765860e+02  1.619536e+02 
   67.756   20.859001  4.773536e+02  1.619945e+02 
   67.756   21.355001  4.780931e+02  1.620256e+02 
   67.756   21.851000  4.788038e+02  1.620484e+02 
   67.756   22.346001  4.794778e+02  1.620664e+02 
   67.756   22.842001  4.801122e+02  1.620829e+02 
   67.756   23.338001  4.807037e+02  1.620995e+02 
   67.756   23.834000  4.812563e+02  1.621153e+02 
   67.756   24.329000  4.817753e+02  1.621290e+02 
   67.756   24.825001  4.822649e+02  1.621404e+02 
   67.756   25.321001  4.827227e+02  1.621507e+02 
   67.756   25.817001  4.831496e+02  1.621602e+02 
   67.756   26.312000  4.835477e+02  1.621686e+02 
   67.756   26.808001  4.839211e+02  1.621758e+02 
   67.756   27.304001  4.842701e+02  1.621818e+02 
   67.756   27.800001  4.845959e+02  1.621869e+02 
   67.756   28.295000  4.848999e+02  1.621909e+02 
   67.756   28.791000  4.851862e+02  1.621938e+02 
   67.756   29.287001  4.854568e+02  1.621952e+02 
   67.756   29.783001  4.857136e+02  1.621953e+02 
   67.756   30.278000  4.859578e+02  1.621941e+02 
   67.756   30.774000  4.861920e+02  1.621917e+02 
   67.756   31.270000  4.864174e+02  1.621882e+02 
   67.756   31.766001  4.866356e+02  1.621839e+02 
   67.756   32.261002  4.868483e+02  1.621788e+02 
   67.756   32.757000  4.870584e+02  1.621729e+02 
   67.756   33.253002  4.872669e+02  1.621666e+02 
   67.756   33.749001  4.874755e+02  1.621601e+02 
   67.756   34.243999  4.876848e+02  1.621537e+02 
   67.756   34.740002  4.878975e+02  1.621474e+02 
   67.756   35.236000  4.881143e+02  1.621415e+02 
   67.756   35.732002  4.883364e+02  1.621359e+02 
   67.756   36.227001  4.885637e+02  1.621306e+02 
   67.756   36.723000  4.887973e+02  1.621256e+02 
   67.756   37.219002  4.890362e+02  1.621210e+02 
   67.756   37.715000  4.892794e+02  1.621167e+02 
   67.756   38.209999  4.895251e+02  1.621127e+02 
   67.756   38.706001  4.897722e+02  1.621091e+02 
   67.756   39.202000  4.900188e+02  1.621059e+02 
   67.756   39.698002  4.902623e+02  1.621031e+02 
   67.756   40.198002  4.904997e+02  1.621015e+02 
   67.756   45.198002  4.923683e+02  1.621077e+02 
   67.756   50.198002  4.930778e+02  1.621208e+02 
   67.756   55.198002  4.933260e+02  1.621312e+02 
   67.756   60.198002  4.940703e+02  1.621381e+02 
   67.756   65.197998  4.953039e+02  1.621424e+02 
