    0.000    0.000000  0.000000e+00  3.497328e+02 
    0.000    0.103000  0.000000e+00  3.490435e+02 
    0.000    0.206000  0.000000e+00  3.477196e+02 
    0.000    0.309000  0.000000e+00  3.463850e+02 
    0.000    0.412000  0.000000e+00  3.449842e+02 
    0.000    0.515000  0.000000e+00  3.436411e+02 
    0.000    0.618000  0.000000e+00  3.421655e+02 
    0.000    0.721000  0.000000e+00  3.406462e+02 
    0.000    0.823000  0.000000e+00  3.392855e+02 
    0.000    0.926000  0.000000e+00  3.378379e+02 
    0.000    1.029000  0.000000e+00  3.362778e+02 
    0.000    1.132000  0.000000e+00  3.347463e+02 
    0.000    1.235000  0.000000e+00  3.331366e+02 
    0.000    1.338000  0.000000e+00  3.315637e+02 
    0.000    1.441000  0.000000e+00  3.299541e+02 
    0.000    1.544000  0.000000e+00  3.283004e+02 
    0.000    1.647000  0.000000e+00  3.269377e+02 
    0.000    1.749000  0.000000e+00  3.229531e+02 
    0.000    1.852000  0.000000e+00  3.187447e+02 
    0.000    1.955000  0.000000e+00  3.143235e+02 
    0.000    2.058000  0.000000e+00  3.096054e+02 
    0.000    2.161000  0.000000e+00  3.044997e+02 
    0.000    2.264000  0.000000e+00  3.034832e+02 
    0.000    2.367000  0.000000e+00  3.023805e+02 
    0.000    2.470000  0.000000e+00  3.012318e+02 
    0.000    2.573000  0.000000e+00  3.000522e+02 
    0.000    2.675000  0.000000e+00  2.988384e+02 
    0.000    2.778000  0.000000e+00  2.975731e+02 
    0.000    2.881000  0.000000e+00  2.962949e+02 
    0.000    2.984000  0.000000e+00  2.950174e+02 
    0.000    3.087000  0.000000e+00  2.937399e+02 
    0.000    3.190000  0.000000e+00  2.924489e+02 
    0.000    3.293000  0.000000e+00  2.911582e+02 
    0.000    3.396000  0.000000e+00  2.898823e+02 
    0.000    3.499000  0.000000e+00  2.886207e+02 
    0.000    3.601000  0.000000e+00  2.873849e+02 
    0.000    3.704000  0.000000e+00  2.861583e+02 
    0.000    3.807000  0.000000e+00  2.849479e+02 
    0.000    3.910000  0.000000e+00  2.837263e+02 
    0.000    4.013000  0.000000e+00  2.825060e+02 
    0.000    4.116000  0.000000e+00  2.812923e+02 
    0.000    4.219000  0.000000e+00  2.800889e+02 
    0.000    4.322000  0.000000e+00  2.789009e+02 
    0.000    4.425000  0.000000e+00  2.777215e+02 
    0.000    4.528000  0.000000e+00  2.765573e+02 
    0.000    4.630000  0.000000e+00  2.754151e+02 
    0.000    4.733000  0.000000e+00  2.742676e+02 
    0.000    4.836000  0.000000e+00  2.731349e+02 
    0.000    4.939000  0.000000e+00  2.720148e+02 
    0.000    5.042000  0.000000e+00  2.709070e+02 
    0.000    5.145000  0.000000e+00  2.698167e+02 
    0.000    5.248000  0.000000e+00  2.687345e+02 
    0.000    5.351000  0.000000e+00  2.676636e+02 
    0.000    5.454000  0.000000e+00  2.666082e+02 
    0.000    5.556000  0.000000e+00  2.655702e+02 
    0.000    5.659000  0.000000e+00  2.645381e+02 
    0.000    5.762000  0.000000e+00  2.635244e+02 
    0.000    5.865000  0.000000e+00  2.625284e+02 
    0.000    5.968000  0.000000e+00  2.615512e+02 
    0.000    6.071000  0.000000e+00  2.605912e+02 
    0.000    6.174000  0.000000e+00  2.596466e+02 
    0.000    6.277000  0.000000e+00  2.587181e+02 
    0.000    6.380000  0.000000e+00  2.578192e+02 
    0.000    6.482000  0.000000e+00  2.569508e+02 
    0.000    6.585000  0.000000e+00  2.561006e+02 
    0.000    6.688000  0.000000e+00  2.552910e+02 
    0.000    6.791000  0.000000e+00  2.545132e+02 
    0.000    6.894000  0.000000e+00  2.537950e+02 
    0.000    6.997000  0.000000e+00  2.531535e+02 
    0.000    7.100000  0.000000e+00  2.525668e+02 
    0.000    7.203000  0.000000e+00  2.521029e+02 
    0.000    7.306000  0.000000e+00  2.517495e+02 
    0.000    7.408000  0.000000e+00  2.514684e+02 
    0.000    7.511000  0.000000e+00  2.512905e+02 
    0.000    7.614000  0.000000e+00  2.511831e+02 
    0.000    7.717000  0.000000e+00  2.511075e+02 
    0.000    7.820000  0.000000e+00  2.510372e+02 
    0.000    7.923000  0.000000e+00  2.509734e+02 
    0.000    8.026000  0.000000e+00  2.508911e+02 
    0.000    8.129000  0.000000e+00  2.507683e+02 
    0.000    8.232000  0.000000e+00  2.506221e+02 
    0.000    8.334000  0.000000e+00  2.504619e+02 
    0.000    8.437000  0.000000e+00  2.502892e+02 
    0.000    8.540000  0.000000e+00  2.501106e+02 
    0.000    8.643000  0.000000e+00  2.499333e+02 
    0.000    8.746000  0.000000e+00  2.497575e+02 
    0.000    8.849000  0.000000e+00  2.495820e+02 
    0.000    8.952000  0.000000e+00  2.494149e+02 
    0.000    9.055000  0.000000e+00  2.492535e+02 
    0.000    9.158000  0.000000e+00  2.490981e+02 
    0.000    9.260000  0.000000e+00  2.489686e+02 
    0.000    9.363000  0.000000e+00  2.488559e+02 
    0.000    9.466000  0.000000e+00  2.487556e+02 
    0.000    9.569000  0.000000e+00  2.486725e+02 
    0.000    9.672000  0.000000e+00  2.486023e+02 
    0.000    9.775000  0.000000e+00  2.485397e+02 
    0.000    9.878000  0.000000e+00  2.484797e+02 
    0.000    9.981000  0.000000e+00  2.484224e+02 
    0.000   10.084000  0.000000e+00  2.483644e+02 
    0.000   10.186000  0.000000e+00  2.482993e+02 
    0.000   10.289000  0.000000e+00  2.482291e+02 
    0.000   10.392000  0.000000e+00  2.481625e+02 
    0.000   10.495000  0.000000e+00  2.481079e+02 
    0.000   10.598000  0.000000e+00  2.480623e+02 
    0.000   10.701000  0.000000e+00  2.480172e+02 
    0.000   10.804000  0.000000e+00  2.479619e+02 
    0.000   10.907000  0.000000e+00  2.479001e+02 
    0.000   11.010000  0.000000e+00  2.478335e+02 
    0.000   11.113000  0.000000e+00  2.477573e+02 
    0.000   11.215000  0.000000e+00  2.476755e+02 
    0.000   11.318000  0.000000e+00  2.475891e+02 
    0.000   11.421000  0.000000e+00  2.474980e+02 
    0.000   11.524000  0.000000e+00  2.474037e+02 
    0.000   11.627000  0.000000e+00  2.473076e+02 
    0.000   11.730000  0.000000e+00  2.472095e+02 
    0.000   11.833000  0.000000e+00  2.471101e+02 
    0.000   11.936000  0.000000e+00  2.470103e+02 
    0.000   12.039000  0.000000e+00  2.469133e+02 
    0.000   12.141000  0.000000e+00  2.468198e+02 
    0.000   12.243999  0.000000e+00  2.467271e+02 
    0.000   12.347000  0.000000e+00  2.466395e+02 
    0.000   12.450000  0.000000e+00  2.465568e+02 
    0.000   12.552999  0.000000e+00  2.464773e+02 
    0.000   12.656000  0.000000e+00  2.464012e+02 
    0.000   12.759000  0.000000e+00  2.463283e+02 
    0.000   12.862000  0.000000e+00  2.462578e+02 
    0.000   12.965000  0.000000e+00  2.461892e+02 
    0.000   13.066999  0.000000e+00  2.461229e+02 
    0.000   13.170000  0.000000e+00  2.460574e+02 
    0.000   13.273000  0.000000e+00  2.459928e+02 
    0.000   13.375999  0.000000e+00  2.459277e+02 
    0.000   13.479000  0.000000e+00  2.458626e+02 
    0.000   13.582000  0.000000e+00  2.457978e+02 
    0.000   13.684999  0.000000e+00  2.457331e+02 
    0.000   13.788000  0.000000e+00  2.456687e+02 
    0.000   13.891000  0.000000e+00  2.456047e+02 
    0.000   13.993000  0.000000e+00  2.455437e+02 
    0.000   14.096000  0.000000e+00  2.454844e+02 
    0.000   14.199000  0.000000e+00  2.454269e+02 
    0.000   14.302000  0.000000e+00  2.453721e+02 
    0.000   14.405000  0.000000e+00  2.453203e+02 
    0.000   14.507999  0.000000e+00  2.452708e+02 
    0.000   14.611000  0.000000e+00  2.452228e+02 
    0.000   14.714000  0.000000e+00  2.451750e+02 
    0.000   14.816999  0.000000e+00  2.451275e+02 
    0.000   14.919000  0.000000e+00  2.450811e+02 
    0.000   15.022000  0.000000e+00  2.450343e+02 
    0.000   15.125000  0.000000e+00  2.449879e+02 
    0.000   15.228000  0.000000e+00  2.449419e+02 
    0.000   15.331000  0.000000e+00  2.448957e+02 
    0.000   15.434000  0.000000e+00  2.448490e+02 
    0.000   15.537000  0.000000e+00  2.448021e+02 
    0.000   15.640000  0.000000e+00  2.447551e+02 
    0.000   15.743000  0.000000e+00  2.447073e+02 
    0.000   15.846000  0.000000e+00  2.446590e+02 
    0.000   15.947999  0.000000e+00  2.446110e+02 
    0.000   16.051001  0.000000e+00  2.445651e+02 
    0.000   16.154001  0.000000e+00  2.445222e+02 
    0.000   16.257000  0.000000e+00  2.444812e+02 
    0.000   16.360001  0.000000e+00  2.444411e+02 
    0.000   16.463001  0.000000e+00  2.444007e+02 
    0.000   16.566000  0.000000e+00  2.443600e+02 
    0.000   16.669001  0.000000e+00  2.443196e+02 
    0.000   16.772001  0.000000e+00  2.442777e+02 
    0.000   16.874001  0.000000e+00  2.442348e+02 
    0.000   16.977001  0.000000e+00  2.441910e+02 
    0.000   17.080000  0.000000e+00  2.441469e+02 
    0.000   17.183001  0.000000e+00  2.441029e+02 
    0.000   17.286001  0.000000e+00  2.440590e+02 
    0.000   17.389000  0.000000e+00  2.440151e+02 
    0.000   17.492001  0.000000e+00  2.439713e+02 
    0.000   17.595001  0.000000e+00  2.439274e+02 
    0.000   17.698000  0.000000e+00  2.438837e+02 
    0.000   17.800001  0.000000e+00  2.438406e+02 
    0.000   17.903002  0.000000e+00  2.437977e+02 
    0.000   18.006001  0.000000e+00  2.437553e+02 
    0.000   18.109001  0.000000e+00  2.437133e+02 
    0.000   18.212000  0.000000e+00  2.436730e+02 
    0.000   18.315001  0.000000e+00  2.436344e+02 
    0.000   18.418001  0.000000e+00  2.435971e+02 
    0.000   18.521000  0.000000e+00  2.435609e+02 
    0.000   18.624001  0.000000e+00  2.435262e+02 
    0.000   18.726002  0.000000e+00  2.434929e+02 
    0.000   18.829000  0.000000e+00  2.434602e+02 
    0.000   18.932001  0.000000e+00  2.434285e+02 
    0.000   19.035002  0.000000e+00  2.433979e+02 
    0.000   19.138000  0.000000e+00  2.433680e+02 
    0.000   19.241001  0.000000e+00  2.433390e+02 
    0.000   19.344002  0.000000e+00  2.433102e+02 
    0.000   19.447001  0.000000e+00  2.432815e+02 
    0.000   19.550001  0.000000e+00  2.432530e+02 
    0.000   19.652000  0.000000e+00  2.432251e+02 
    0.000   19.755001  0.000000e+00  2.431958e+02 
    0.000   19.858002  0.000000e+00  2.431652e+02 
    0.000   19.961000  0.000000e+00  2.431339e+02 
    0.000   20.064001  0.000000e+00  2.431020e+02 
    0.000   20.363001  0.000000e+00  2.430073e+02 
    0.000   20.859001  0.000000e+00  2.428599e+02 
    0.000   21.355001  0.000000e+00  2.427393e+02 
    0.000   21.851002  0.000000e+00  2.426398e+02 
    0.000   22.346001  0.000000e+00  2.425484e+02 
    0.000   22.842001  0.000000e+00  2.424584e+02 
    0.000   23.338001  0.000000e+00  2.423694e+02 
    0.000   23.834002  0.000000e+00  2.422917e+02 
    0.000   24.329000  0.000000e+00  2.422394e+02 
    0.000   24.825001  0.000000e+00  2.422134e+02 
    0.000   25.321001  0.000000e+00  2.422050e+02 
    0.000   25.817001  0.000000e+00  2.421981e+02 
    0.000   26.312000  0.000000e+00  2.421863e+02 
    0.000   26.808001  0.000000e+00  2.421842e+02 
    0.000   27.304001  0.000000e+00  2.421965e+02 
    0.000   27.800001  0.000000e+00  2.422193e+02 
    0.000   28.295000  0.000000e+00  2.422492e+02 
    0.000   28.791000  0.000000e+00  2.422881e+02 
    0.000   29.287001  0.000000e+00  2.423288e+02 
    0.000   29.783001  0.000000e+00  2.423721e+02 
    0.000   30.278002  0.000000e+00  2.424206e+02 
    0.000   30.774000  0.000000e+00  2.424760e+02 
    0.000   31.270000  0.000000e+00  2.425340e+02 
    0.000   31.766001  0.000000e+00  2.425905e+02 
    0.000   32.260998  0.000000e+00  2.426460e+02 
    0.000   32.757000  0.000000e+00  2.427011e+02 
    0.000   33.252998  0.000000e+00  2.427557e+02 
    0.000   33.749001  0.000000e+00  2.428109e+02 
    0.000   34.243999  0.000000e+00  2.428672e+02 
    0.000   34.739998  0.000000e+00  2.429274e+02 
    0.000   35.236000  0.000000e+00  2.429907e+02 
    0.000   35.731998  0.000000e+00  2.430526e+02 
    0.000   36.226997  0.000000e+00  2.431122e+02 
    0.000   36.723000  0.000000e+00  2.431652e+02 
    0.000   37.218998  0.000000e+00  2.432122e+02 
    0.000   37.715000  0.000000e+00  2.432556e+02 
    0.000   38.209999  0.000000e+00  2.432962e+02 
    0.000   38.705997  0.000000e+00  2.433378e+02 
    0.000   39.202000  0.000000e+00  2.433813e+02 
    0.000   39.697998  0.000000e+00  2.434276e+02 
    0.000   40.197998  0.000000e+00  2.434774e+02 
    0.000   45.197998  0.000000e+00  2.439251e+02 
    0.000   50.197998  0.000000e+00  2.441478e+02 
    0.000   55.197998  0.000000e+00  2.441417e+02 
    0.000   60.197998  0.000000e+00  2.440750e+02 
    0.000   65.198006  0.000000e+00  2.440224e+02 
