   66.811    0.000000  1.991277e+01  2.522421e+01 
   66.811    0.103000  2.002540e+01  2.541361e+01 
   66.811    0.206000  2.013769e+01  2.562082e+01 
   66.811    0.309000  2.121469e+01  2.801682e+01 
   66.811    0.411000  3.083829e+01  3.986460e+01 
   66.811    0.514000  3.767731e+01  4.671405e+01 
   66.811    0.617000  3.788507e+01  4.688338e+01 
   66.811    0.720000  3.809289e+01  4.706852e+01 
   66.811    0.823000  4.707194e+01  5.425860e+01 
   66.811    0.926000  5.752106e+01  6.120534e+01 
   66.811    1.029000  7.001093e+01  6.818884e+01 
   66.811    1.132000  8.476619e+01  7.512563e+01 
   66.811    1.235000  1.020936e+02  8.196390e+01 
   66.811    1.337000  1.222276e+02  8.860680e+01 
   66.811    1.440000  1.457574e+02  9.500368e+01 
   66.811    1.543000  1.492899e+02  9.610620e+01 
   66.811    1.646000  1.514411e+02  9.672487e+01 
   66.811    1.749000  1.537546e+02  9.716220e+01 
   66.811    1.852000  1.567176e+02  9.773957e+01 
   66.811    1.955000  1.622001e+02  9.880638e+01 
   66.811    2.058000  1.741638e+02  1.010377e+02 
   66.811    2.161000  1.945636e+02  1.045434e+02 
   66.811    2.263000  2.232500e+02  1.089168e+02 
   66.811    2.366000  2.486051e+02  1.123464e+02 
   66.811    2.469000  2.647609e+02  1.143618e+02 
   66.811    2.572000  2.760103e+02  1.157033e+02 
   66.811    2.675000  2.848827e+02  1.167347e+02 
   66.811    2.778000  2.929947e+02  1.176580e+02 
   66.811    2.881000  3.003654e+02  1.184843e+02 
   66.811    2.984000  3.066042e+02  1.191815e+02 
   66.811    3.087000  3.118141e+02  1.197683e+02 
   66.811    3.190000  3.172936e+02  1.203772e+02 
   66.811    3.292000  3.231403e+02  1.210152e+02 
   66.811    3.395000  3.291324e+02  1.216602e+02 
   66.811    3.498000  3.355783e+02  1.223393e+02 
   66.811    3.601000  3.415453e+02  1.229644e+02 
   66.811    3.704000  3.471414e+02  1.235478e+02 
   66.811    3.807000  3.520490e+02  1.240634e+02 
   66.811    3.910000  3.562661e+02  1.245143e+02 
   66.811    4.013000  3.593785e+02  1.248662e+02 
   66.811    4.116000  3.608336e+02  1.250711e+02 
   66.811    4.218000  3.622601e+02  1.252762e+02 
   66.811    4.321000  3.636832e+02  1.254847e+02 
   66.811    4.424000  3.650888e+02  1.256943e+02 
   66.811    4.527000  3.664752e+02  1.259046e+02 
   66.811    4.630000  3.678430e+02  1.261151e+02 
   66.811    4.733000  3.691917e+02  1.263257e+02 
   66.811    4.836000  3.705186e+02  1.265362e+02 
   66.811    4.939000  3.718227e+02  1.267464e+02 
   66.811    5.042000  3.731032e+02  1.269562e+02 
   66.811    5.144000  3.743460e+02  1.271635e+02 
   66.811    5.247000  3.759048e+02  1.274353e+02 
   66.811    5.350000  4.139891e+02  1.341854e+02 
   66.811    5.453000  4.165972e+02  1.345880e+02 
   66.811    5.556000  4.187307e+02  1.349182e+02 
   66.811    5.659000  4.214881e+02  1.352286e+02 
   66.811    5.762000  4.243177e+02  1.355457e+02 
   66.811    5.865000  4.272787e+02  1.358734e+02 
   66.811    5.968000  4.303810e+02  1.362117e+02 
   66.811    6.070000  4.337639e+02  1.365695e+02 
   66.811    6.173000  4.373072e+02  1.369382e+02 
   66.811    6.276000  4.410849e+02  1.373214e+02 
   66.811    6.379000  4.422770e+02  1.375087e+02 
   66.811    6.482000  4.434656e+02  1.376950e+02 
   66.811    6.585000  4.446535e+02  1.378799e+02 
   66.811    6.688000  4.458444e+02  1.380631e+02 
   66.811    6.791000  4.470381e+02  1.382447e+02 
   66.811    6.894000  4.482163e+02  1.384247e+02 
   66.811    6.996000  4.493443e+02  1.386015e+02 
   66.811    7.099000  4.504329e+02  1.387784e+02 
   66.811    7.202000  4.514580e+02  1.389535e+02 
   66.811    7.305000  4.524110e+02  1.391265e+02 
   66.811    7.408000  4.532902e+02  1.392973e+02 
   66.811    7.511000  4.541030e+02  1.394656e+02 
   66.811    7.614000  4.548491e+02  1.396315e+02 
   66.811    7.717000  4.555520e+02  1.397949e+02 
   66.811    7.820000  4.562412e+02  1.399558e+02 
   66.811    7.922000  4.569154e+02  1.401129e+02 
   66.811    8.025001  4.575890e+02  1.402692e+02 
   66.811    8.128000  4.582568e+02  1.404234e+02 
   66.811    8.231000  4.589185e+02  1.405755e+02 
   66.811    8.334001  4.595698e+02  1.407253e+02 
   66.811    8.437000  4.602064e+02  1.408728e+02 
   66.811    8.540000  4.608286e+02  1.410179e+02 
   66.811    8.643001  4.614400e+02  1.411605e+02 
   66.811    8.746000  4.620427e+02  1.413006e+02 
   66.811    8.848001  4.626306e+02  1.414368e+02 
   66.811    8.951000  4.632148e+02  1.415717e+02 
   66.811    9.054000  4.637892e+02  1.417039e+02 
   66.811    9.157001  4.643506e+02  1.418336e+02 
   66.811    9.260000  4.648993e+02  1.419608e+02 
   66.811    9.363000  4.654347e+02  1.420853e+02 
   66.811    9.466001  4.659573e+02  1.422074e+02 
   66.811    9.569000  4.664677e+02  1.423271e+02 
   66.811    9.672000  4.669660e+02  1.424446e+02 
   66.811    9.775001  4.674523e+02  1.425599e+02 
   66.811    9.877000  4.679221e+02  1.426720e+02 
   66.811    9.980000  4.683845e+02  1.427830e+02 
   66.811   10.083000  4.688706e+02  1.428915e+02 
   66.811   10.186000  4.693491e+02  1.429981e+02 
   66.811   10.289001  4.698205e+02  1.431028e+02 
   66.811   10.392000  4.702844e+02  1.432055e+02 
   66.811   10.495000  4.707407e+02  1.433064e+02 
   66.811   10.598001  4.711891e+02  1.434055e+02 
   66.811   10.701000  4.716299e+02  1.435029e+02 
   66.811   10.803000  4.720594e+02  1.435978e+02 
   66.811   10.906000  4.724861e+02  1.436922e+02 
   66.811   11.009000  4.729066e+02  1.437852e+02 
   66.811   11.112000  4.733223e+02  1.438768e+02 
   66.811   11.215000  4.737334e+02  1.439673e+02 
   66.811   11.318000  4.741395e+02  1.440564e+02 
   66.811   11.421000  4.745405e+02  1.441444e+02 
   66.811   11.524000  4.749363e+02  1.442312e+02 
   66.811   11.627000  4.753268e+02  1.443169e+02 
   66.811   11.729000  4.757080e+02  1.444006e+02 
   66.811   11.832000  4.760874e+02  1.444840e+02 
   66.811   11.935000  4.764614e+02  1.445663e+02 
   66.811   12.038000  4.768300e+02  1.446475e+02 
   66.811   12.141000  4.771934e+02  1.447277e+02 
   66.811   12.244000  4.775515e+02  1.448067e+02 
   66.811   12.347000  4.779046e+02  1.448846e+02 
   66.811   12.450000  4.782527e+02  1.449614e+02 
   66.811   12.553000  4.785958e+02  1.450371e+02 
   66.811   12.655000  4.789308e+02  1.451109e+02 
   66.811   12.758000  4.792646e+02  1.451842e+02 
   66.811   12.861000  4.795941e+02  1.452565e+02 
   66.811   12.964000  4.799197e+02  1.453275e+02 
   66.811   13.067000  4.802413e+02  1.453973e+02 
   66.811   13.170000  4.805591e+02  1.454659e+02 
   66.811   13.273000  4.808730e+02  1.455334e+02 
   66.811   13.376000  4.811833e+02  1.455997e+02 
   66.811   13.479000  4.814901e+02  1.456649e+02 
   66.811   13.581000  4.817903e+02  1.457283e+02 
   66.811   13.684000  4.820901e+02  1.457912e+02 
   66.811   13.787000  4.823865e+02  1.458529e+02 
   66.811   13.890000  4.826795e+02  1.459135e+02 
   66.811   13.993000  4.829693e+02  1.459730e+02 
   66.811   14.096000  4.832560e+02  1.460313e+02 
   66.811   14.199000  4.835394e+02  1.460885e+02 
   66.811   14.302000  4.838196e+02  1.461445e+02 
   66.811   14.405000  4.840968e+02  1.461995e+02 
   66.811   14.507000  4.843683e+02  1.462528e+02 
   66.811   14.610001  4.846392e+02  1.463055e+02 
   66.811   14.713000  4.849070e+02  1.463573e+02 
   66.811   14.816000  4.851718e+02  1.464081e+02 
   66.811   14.919001  4.854333e+02  1.464580e+02 
   66.811   15.022000  4.856918e+02  1.465069e+02 
   66.811   15.125000  4.859471e+02  1.465550e+02 
   66.811   15.228001  4.861992e+02  1.466023e+02 
   66.811   15.331000  4.864484e+02  1.466487e+02 
   66.811   15.434000  4.866945e+02  1.466943e+02 
   66.811   15.536000  4.869352e+02  1.467387e+02 
   66.811   15.639000  4.871754e+02  1.467827e+02 
   66.811   15.742001  4.874126e+02  1.468260e+02 
   66.811   15.845000  4.876470e+02  1.468685e+02 
   66.811   15.948001  4.878787e+02  1.469103e+02 
   66.811   16.050999  4.881079e+02  1.469512e+02 
   66.811   16.153999  4.883347e+02  1.469914e+02 
   66.811   16.257000  4.885590e+02  1.470308e+02 
   66.811   16.359999  4.887809e+02  1.470695e+02 
   66.811   16.462000  4.889984e+02  1.471069e+02 
   66.811   16.564999  4.892158e+02  1.471440e+02 
   66.811   16.667999  4.894309e+02  1.471803e+02 
   66.811   16.771000  4.896439e+02  1.472158e+02 
   66.811   16.873999  4.898548e+02  1.472506e+02 
   66.811   16.976999  4.900638e+02  1.472847e+02 
   66.811   17.080000  4.902709e+02  1.473179e+02 
   66.811   17.182999  4.904765e+02  1.473503e+02 
   66.811   17.285999  4.906806e+02  1.473818e+02 
   66.811   17.387999  4.908812e+02  1.474121e+02 
   66.811   17.490999  4.910826e+02  1.474418e+02 
   66.811   17.594000  4.912828e+02  1.474706e+02 
   66.811   17.696999  4.914818e+02  1.474985e+02 
   66.811   17.799999  4.916796e+02  1.475256e+02 
   66.811   17.903000  4.918760e+02  1.475518e+02 
   66.811   18.005999  4.920712e+02  1.475772e+02 
   66.811   18.108999  4.922648e+02  1.476019e+02 
   66.811   18.212000  4.924567e+02  1.476260e+02 
   66.811   18.313999  4.926451e+02  1.476492e+02 
   66.811   18.417000  4.928334e+02  1.476721e+02 
   66.811   18.519999  4.930201e+02  1.476943e+02 
   66.811   18.622999  4.932050e+02  1.477159e+02 
   66.811   18.726000  4.933884e+02  1.477370e+02 
   66.811   18.828999  4.935700e+02  1.477574e+02 
   66.811   18.931999  4.937502e+02  1.477772e+02 
   66.811   19.035000  4.939292e+02  1.477964e+02 
   66.811   19.137999  4.941070e+02  1.478149e+02 
   66.811   19.240000  4.942818e+02  1.478325e+02 
   66.811   19.342999  4.944570e+02  1.478498e+02 
   66.811   19.445999  4.946310e+02  1.478664e+02 
   66.811   19.549000  4.948038e+02  1.478825e+02 
   66.811   19.651999  4.949752e+02  1.478981e+02 
   66.811   19.754999  4.951453e+02  1.479131e+02 
   66.811   19.858000  4.953141e+02  1.479276e+02 
   66.811   19.960999  4.954814e+02  1.479416e+02 
   66.811   20.063999  4.956478e+02  1.479551e+02 
   66.811   20.362999  4.961252e+02  1.479909e+02 
   66.811   20.858999  4.968941e+02  1.480419e+02 
   66.811   21.354000  4.976331e+02  1.480828e+02 
   66.811   21.849998  4.983475e+02  1.481140e+02 
   66.811   22.345999  4.990320e+02  1.481380e+02 
   66.811   22.841999  4.996797e+02  1.481587e+02 
   66.811   23.337000  5.002844e+02  1.481785e+02 
   66.811   23.832998  5.008487e+02  1.481979e+02 
   66.811   24.328999  5.013760e+02  1.482162e+02 
   66.811   24.824999  5.018713e+02  1.482322e+02 
   66.811   25.320000  5.023348e+02  1.482462e+02 
   66.811   25.816000  5.027687e+02  1.482589e+02 
   66.811   26.311998  5.031736e+02  1.482708e+02 
   66.811   26.807999  5.035524e+02  1.482813e+02 
   66.811   27.302999  5.039068e+02  1.482902e+02 
   66.811   27.799000  5.042390e+02  1.482976e+02 
   66.811   28.295000  5.045493e+02  1.483038e+02 
   66.811   28.790998  5.048399e+02  1.483090e+02 
   66.811   29.285999  5.051132e+02  1.483129e+02 
   66.811   29.782000  5.053731e+02  1.483155e+02 
   66.811   30.278000  5.056214e+02  1.483166e+02 
   66.811   30.774000  5.058597e+02  1.483163e+02 
   66.811   31.268999  5.060894e+02  1.483149e+02 
   66.811   31.764999  5.063130e+02  1.483124e+02 
   66.811   32.261002  5.065323e+02  1.483090e+02 
   66.811   32.757000  5.067492e+02  1.483049e+02 
   66.811   33.252003  5.069647e+02  1.483003e+02 
   66.811   33.748001  5.071813e+02  1.482956e+02 
   66.811   34.243999  5.074000e+02  1.482908e+02 
   66.811   34.740002  5.076222e+02  1.482861e+02 
   66.811   35.235001  5.078485e+02  1.482816e+02 
   66.811   35.731003  5.080809e+02  1.482773e+02 
   66.811   36.227001  5.083194e+02  1.482733e+02 
   66.811   36.723000  5.085637e+02  1.482696e+02 
   66.811   37.219002  5.088132e+02  1.482661e+02 
   66.811   37.714001  5.090660e+02  1.482629e+02 
   66.811   38.210003  5.093216e+02  1.482599e+02 
   66.811   38.706001  5.095775e+02  1.482573e+02 
   66.811   39.202000  5.098321e+02  1.482550e+02 
   66.811   39.697002  5.100823e+02  1.482530e+02 
   66.811   40.197002  5.103258e+02  1.482522e+02 
   66.811   45.197002  5.122191e+02  1.482630e+02 
   66.811   50.197002  5.129291e+02  1.482777e+02 
   66.811   55.197002  5.131838e+02  1.482887e+02 
   66.811   60.197002  5.139783e+02  1.482960e+02 
   66.811   65.196999  5.152307e+02  1.483004e+02 
