   66.760    0.000000  8.274806e-04  1.064508e+01 
   66.760    0.103000  8.320000e-04  1.078731e+01 
   66.760    0.206000  8.365102e-04  1.093269e+01 
   66.760    0.309000  8.410329e-04  1.107927e+01 
   66.760    0.412000  8.455633e-04  1.122633e+01 
   66.760    0.515000  8.500854e-04  1.137360e+01 
   66.760    0.618000  1.016111e-03  1.376034e+01 
   66.760    0.721000  1.344265e-03  1.737195e+01 
   66.760    0.823000  1.885056e-03  2.162003e+01 
   66.760    0.926000  2.734197e-03  2.621661e+01 
   66.760    1.029000  4.185400e-03  3.141060e+01 
   66.760    1.132000  6.803880e-03  3.729176e+01 
   66.760    1.235000  1.169016e-02  4.383615e+01 
   66.760    1.338000  2.113054e-02  5.103988e+01 
   66.760    1.441000  4.002038e-02  5.892983e+01 
   66.760    1.544000  7.925794e-02  6.758456e+01 
   66.760    1.647000  1.632549e-01  7.706606e+01 
   66.760    1.749000  4.317921e-01  9.023112e+01 
   66.760    1.852000  1.201607e+00  1.052848e+02 
   66.760    1.955000  1.558008e+00  1.088475e+02 
   66.760    2.058000  2.026066e+00  1.126280e+02 
   66.760    2.161000  2.607664e+00  1.164109e+02 
   66.760    2.264000  3.347153e+00  1.203004e+02 
   66.760    2.367000  4.145004e+00  1.237432e+02 
   66.760    2.470000  5.037698e+00  1.269832e+02 
   66.760    2.573000  6.051545e+00  1.301224e+02 
   66.760    2.675000  7.247503e+00  1.333143e+02 
   66.760    2.778000  8.430940e+00  1.360626e+02 
   66.760    2.881000  9.585637e+00  1.384473e+02 
   66.760    2.984000  1.090048e+01  1.408914e+02 
   66.760    3.087000  1.259356e+01  1.437068e+02 
   66.760    3.190000  1.495369e+01  1.471500e+02 
   66.760    3.293000  1.833712e+01  1.513651e+02 
   66.760    3.396000  2.335678e+01  1.565426e+02 
   66.760    3.499000  3.095843e+01  1.628151e+02 
   66.760    3.601000  4.259404e+01  1.702327e+02 
   66.760    3.704000  6.038917e+01  1.787316e+02 
   66.760    3.807000  8.556580e+01  1.875921e+02 
   66.760    3.910000  1.243819e+02  1.974653e+02 
   66.760    4.013000  1.745500e+02  2.066277e+02 
   66.760    4.116000  2.314304e+02  2.143000e+02 
   66.760    4.219000  2.905290e+02  2.204098e+02 
   66.760    4.322000  3.426703e+02  2.247192e+02 
   66.760    4.425000  3.817778e+02  2.274254e+02 
   66.760    4.527000  3.954172e+02  2.282511e+02 
   66.760    4.630000  4.012585e+02  2.285770e+02 
   66.760    4.733000  4.027231e+02  2.286399e+02 
   66.760    4.836000  4.041685e+02  2.287144e+02 
   66.760    4.939000  4.055929e+02  2.287985e+02 
   66.760    5.042000  4.069940e+02  2.288908e+02 
   66.760    5.145000  4.083692e+02  2.289902e+02 
   66.760    5.248000  4.097188e+02  2.290956e+02 
   66.760    5.351000  4.125287e+02  2.293885e+02 
   66.760    5.453000  4.150652e+02  2.296537e+02 
   66.760    5.556000  4.174038e+02  2.298991e+02 
   66.760    5.659000  4.195617e+02  2.301275e+02 
   66.760    5.762000  4.218327e+02  2.303141e+02 
   66.760    5.865000  4.242032e+02  2.305095e+02 
   66.760    5.968000  4.266385e+02  2.307114e+02 
   66.760    6.071000  4.291426e+02  2.309191e+02 
   66.760    6.174000  4.317691e+02  2.311354e+02 
   66.760    6.277000  4.329621e+02  2.312647e+02 
   66.760    6.379000  4.341404e+02  2.313933e+02 
   66.760    6.482000  4.353297e+02  2.315233e+02 
   66.760    6.585000  4.365187e+02  2.316533e+02 
   66.760    6.688000  4.377062e+02  2.317831e+02 
   66.760    6.791000  4.388897e+02  2.319127e+02 
   66.760    6.894000  4.400509e+02  2.320423e+02 
   66.760    6.997000  4.411660e+02  2.321721e+02 
   66.760    7.100000  4.422236e+02  2.323022e+02 
   66.760    7.203000  4.432141e+02  2.324320e+02 
   66.760    7.306000  4.441342e+02  2.325611e+02 
   66.760    7.408000  4.449729e+02  2.326880e+02 
   66.760    7.511000  4.457564e+02  2.328149e+02 
   66.760    7.614000  4.464782e+02  2.329404e+02 
   66.760    7.717000  4.471610e+02  2.330642e+02 
   66.760    7.820000  4.478323e+02  2.331864e+02 
   66.760    7.923000  4.484981e+02  2.333071e+02 
   66.760    8.026000  4.491582e+02  2.334261e+02 
   66.760    8.129000  4.498125e+02  2.335436e+02 
   66.760    8.232000  4.509708e+02  2.337184e+02 
   66.760    8.334000  4.521412e+02  2.338931e+02 
   66.760    8.437000  4.533477e+02  2.340715e+02 
   66.760    8.540000  4.539604e+02  2.341814e+02 
   66.760    8.643000  4.545628e+02  2.342891e+02 
   66.760    8.746000  4.551573e+02  2.343947e+02 
   66.760    8.849000  4.602451e+02  2.350021e+02 
   66.760    8.952000  4.642480e+02  2.354727e+02 
   66.760    9.055000  4.648278e+02  2.355696e+02 
   66.760    9.158000  4.653951e+02  2.356642e+02 
   66.760    9.260000  4.659434e+02  2.357558e+02 
   66.760    9.363000  4.664833e+02  2.358462e+02 
   66.760    9.466000  4.670097e+02  2.359344e+02 
   66.760    9.569000  4.675227e+02  2.360208e+02 
   66.760    9.672000  4.680223e+02  2.361054e+02 
   66.760    9.775000  4.685096e+02  2.361882e+02 
   66.760    9.878000  4.689852e+02  2.362692e+02 
   66.760    9.981000  4.694493e+02  2.363484e+02 
   66.760   10.084000  4.699040e+02  2.364259e+02 
   66.760   10.186000  4.703799e+02  2.365004e+02 
   66.760   10.289000  4.708534e+02  2.365741e+02 
   66.760   10.392000  4.713190e+02  2.366461e+02 
   66.760   10.495000  4.717754e+02  2.367166e+02 
   66.760   10.598000  4.722225e+02  2.367858e+02 
   66.760   10.701000  4.726613e+02  2.368536e+02 
   66.760   10.804000  4.730937e+02  2.369203e+02 
   66.760   10.907000  4.735201e+02  2.369860e+02 
   66.760   11.010000  4.739408e+02  2.370507e+02 
   66.760   11.112000  4.743524e+02  2.371139e+02 
   66.760   11.215000  4.747631e+02  2.371769e+02 
   66.760   11.318000  4.751688e+02  2.372390e+02 
   66.760   11.421000  4.755693e+02  2.373003e+02 
   66.760   11.524000  4.759647e+02  2.373609e+02 
   66.760   11.627000  4.763547e+02  2.374207e+02 
   66.760   11.730000  4.767395e+02  2.374797e+02 
   66.760   11.833000  4.771189e+02  2.375380e+02 
   66.760   11.936000  4.774929e+02  2.375956e+02 
   66.760   12.038000  4.778580e+02  2.376519e+02 
   66.760   12.141000  4.782215e+02  2.377081e+02 
   66.760   12.244000  4.785797e+02  2.377635e+02 
   66.760   12.347000  4.789328e+02  2.378181e+02 
   66.760   12.450000  4.792810e+02  2.378720e+02 
   66.760   12.553000  4.796242e+02  2.379250e+02 
   66.760   12.656000  4.799627e+02  2.379772e+02 
   66.760   12.759000  4.802966e+02  2.380286e+02 
   66.760   12.862000  4.806263e+02  2.380791e+02 
   66.760   12.965000  4.809519e+02  2.381286e+02 
   66.760   13.067000  4.812706e+02  2.381768e+02 
   66.760   13.170000  4.815884e+02  2.382245e+02 
   66.760   13.273000  4.819025e+02  2.382713e+02 
   66.760   13.376000  4.822129e+02  2.383172e+02 
   66.760   13.479000  4.825197e+02  2.383622e+02 
   66.760   13.582000  4.828230e+02  2.384062e+02 
   66.760   13.685000  4.831229e+02  2.384493e+02 
   66.760   13.788000  4.834195e+02  2.384914e+02 
   66.760   13.891000  4.837127e+02  2.385327e+02 
   66.760   13.993000  4.839999e+02  2.385725e+02 
   66.760   14.096000  4.842867e+02  2.386118e+02 
   66.760   14.199000  4.845703e+02  2.386501e+02 
   66.760   14.302000  4.848507e+02  2.386875e+02 
   66.760   14.405000  4.851281e+02  2.387240e+02 
   66.760   14.508000  4.854023e+02  2.387595e+02 
   66.760   14.611000  4.856734e+02  2.387941e+02 
   66.760   14.714000  4.859414e+02  2.388279e+02 
   66.760   14.817000  4.862063e+02  2.388609e+02 
   66.760   14.919000  4.864655e+02  2.388929e+02 
   66.760   15.022000  4.867241e+02  2.389244e+02 
   66.760   15.125000  4.869795e+02  2.389554e+02 
   66.760   15.228000  4.872318e+02  2.389856e+02 
   66.760   15.331000  4.874811e+02  2.390153e+02 
   66.760   15.434000  4.877274e+02  2.390443e+02 
   66.760   15.537000  4.879706e+02  2.390728e+02 
   66.760   15.640000  4.882109e+02  2.391006e+02 
   66.760   15.743000  4.884483e+02  2.391278e+02 
   66.760   15.845000  4.886806e+02  2.391543e+02 
   66.760   15.948000  4.889124e+02  2.391803e+02 
   66.760   16.051001  4.891418e+02  2.392058e+02 
   66.760   16.153999  4.893687e+02  2.392307e+02 
   66.760   16.257000  4.895932e+02  2.392549e+02 
   66.760   16.360001  4.898154e+02  2.392786e+02 
   66.760   16.462999  4.900352e+02  2.393016e+02 
   66.760   16.566000  4.902527e+02  2.393239e+02 
   66.760   16.669001  4.904681e+02  2.393456e+02 
   66.760   16.771000  4.906791e+02  2.393665e+02 
   66.760   16.874001  4.908903e+02  2.393870e+02 
   66.760   16.976999  4.910993e+02  2.394069e+02 
   66.760   17.080000  4.913065e+02  2.394261e+02 
   66.760   17.183001  4.915122e+02  2.394445e+02 
   66.760   17.285999  4.917164e+02  2.394621e+02 
   66.760   17.389000  4.919191e+02  2.394789e+02 
   66.760   17.492001  4.921205e+02  2.394949e+02 
   66.760   17.594999  4.923208e+02  2.395099e+02 
   66.760   17.698000  4.925200e+02  2.395241e+02 
   66.760   17.799999  4.927159e+02  2.395373e+02 
   66.760   17.903000  4.929124e+02  2.395499e+02 
   66.760   18.006001  4.931077e+02  2.395617e+02 
   66.760   18.108999  4.933015e+02  2.395729e+02 
   66.760   18.212000  4.934936e+02  2.395834e+02 
   66.760   18.315001  4.936839e+02  2.395935e+02 
   66.760   18.417999  4.938724e+02  2.396031e+02 
   66.760   18.521000  4.940592e+02  2.396122e+02 
   66.760   18.624001  4.942443e+02  2.396208e+02 
   66.760   18.726000  4.944259e+02  2.396289e+02 
   66.760   18.829000  4.946077e+02  2.396365e+02 
   66.760   18.931999  4.947879e+02  2.396436e+02 
   66.760   19.035000  4.949669e+02  2.396500e+02 
   66.760   19.138000  4.951447e+02  2.396559e+02 
   66.760   19.240999  4.953212e+02  2.396612e+02 
   66.760   19.344000  4.954965e+02  2.396659e+02 
   66.760   19.447001  4.956706e+02  2.396702e+02 
   66.760   19.549999  4.958434e+02  2.396739e+02 
   66.760   19.652000  4.960132e+02  2.396771e+02 
   66.760   19.754999  4.961834e+02  2.396799e+02 
   66.760   19.858000  4.963522e+02  2.396823e+02 
   66.760   19.961000  4.965197e+02  2.396842e+02 
   66.760   20.063999  4.966862e+02  2.396856e+02 
   66.760   20.363001  4.971638e+02  2.396867e+02 
   66.760   20.858999  4.979329e+02  2.396815e+02 
   66.760   21.355000  4.986736e+02  2.396680e+02 
   66.760   21.851000  4.993882e+02  2.396461e+02 
   66.760   22.346001  5.000718e+02  2.396189e+02 
   66.760   22.842001  5.007202e+02  2.395912e+02 
   66.760   23.337999  5.013268e+02  2.395658e+02 
   66.760   23.834000  5.018918e+02  2.395437e+02 
   66.760   24.329000  5.024185e+02  2.395233e+02 
   66.760   24.825001  5.029142e+02  2.395032e+02 
   66.760   25.320999  5.033791e+02  2.394831e+02 
   66.760   25.816999  5.038136e+02  2.394642e+02 
   66.760   26.312000  5.042181e+02  2.394467e+02 
   66.760   26.808001  5.045973e+02  2.394297e+02 
   66.760   27.304001  5.049528e+02  2.394129e+02 
   66.760   27.799999  5.052855e+02  2.393961e+02 
   66.760   28.295000  5.055957e+02  2.393798e+02 
   66.760   28.791000  5.058869e+02  2.393637e+02 
   66.760   29.287001  5.061612e+02  2.393478e+02 
   66.760   29.783001  5.064215e+02  2.393315e+02 
   66.760   30.278000  5.066695e+02  2.393148e+02 
   66.760   30.774000  5.069081e+02  2.392975e+02 
   66.760   31.270000  5.071387e+02  2.392797e+02 
   66.760   31.766001  5.073626e+02  2.392616e+02 
   66.760   32.261002  5.075819e+02  2.392434e+02 
   66.760   32.757000  5.077992e+02  2.392252e+02 
   66.760   33.252998  5.080156e+02  2.392073e+02 
   66.760   33.749001  5.082327e+02  2.391899e+02 
   66.760   34.243999  5.084514e+02  2.391732e+02 
   66.760   34.740002  5.086741e+02  2.391574e+02 
   66.760   35.236000  5.089014e+02  2.391426e+02 
   66.760   35.731998  5.091344e+02  2.391287e+02 
   66.760   36.227001  5.093730e+02  2.391157e+02 
   66.760   36.723000  5.096179e+02  2.391036e+02 
   66.760   37.219002  5.098679e+02  2.390923e+02 
   66.760   37.715000  5.101218e+02  2.390818e+02 
   66.760   38.209999  5.103774e+02  2.390720e+02 
   66.760   38.706001  5.106339e+02  2.390631e+02 
   66.760   39.202000  5.108889e+02  2.390550e+02 
   66.760   39.698002  5.111399e+02  2.390477e+02 
   66.760   40.198002  5.113838e+02  2.390423e+02 
   66.760   45.198002  5.132786e+02  2.390264e+02 
   66.760   50.198002  5.139888e+02  2.390305e+02 
   66.760   55.198002  5.142439e+02  2.390370e+02 
   66.760   60.198002  5.150408e+02  2.390420e+02 
   66.760   65.197998  5.162945e+02  2.390454e+02 
