   67.064    0.000000  1.216677e+02  3.583743e+01 
   67.064    0.103000  1.223571e+02  3.604964e+01 
   67.064    0.206000  1.230432e+02  3.628686e+01 
   67.064    0.309000  1.257022e+02  3.751816e+01 
   67.064    0.412000  1.281939e+02  3.867075e+01 
   67.064    0.515000  1.305905e+02  3.977490e+01 
   67.064    0.618000  1.328589e+02  4.081239e+01 
   67.064    0.721000  1.348728e+02  4.172241e+01 
   67.064    0.824000  1.366334e+02  4.250742e+01 
   67.064    0.926000  1.377133e+02  4.296573e+01 
   67.064    1.029000  1.387846e+02  4.342081e+01 
   67.064    1.132000  1.398246e+02  4.386180e+01 
   67.064    1.235000  1.408278e+02  4.428446e+01 
   67.064    1.338000  1.417973e+02  4.468873e+01 
   67.064    1.441000  1.427326e+02  4.507613e+01 
   67.064    1.544000  1.434781e+02  4.537578e+01 
   67.064    1.647000  1.442185e+02  4.567700e+01 
   67.064    1.750000  1.449543e+02  4.597923e+01 
   67.064    1.852000  1.719386e+02  5.437762e+01 
   67.064    1.955000  2.282711e+02  6.745288e+01 
   67.064    2.058000  3.716346e+02  8.703459e+01 
   67.064    2.161000  3.734723e+02  8.716220e+01 
   67.064    2.264000  3.752919e+02  8.731973e+01 
   67.064    2.367000  3.770886e+02  8.749739e+01 
   67.064    2.470000  3.788669e+02  8.768938e+01 
   67.064    2.573000  3.806325e+02  8.789193e+01 
   67.064    2.676000  3.823867e+02  8.810277e+01 
   67.064    2.778000  3.841169e+02  8.831775e+01 
   67.064    2.881000  3.858541e+02  8.854014e+01 
   67.064    2.984000  3.875786e+02  8.876709e+01 
   67.064    3.087000  3.892896e+02  8.899781e+01 
   67.064    3.190000  3.909882e+02  8.923158e+01 
   67.064    3.293000  3.926751e+02  8.946780e+01 
   67.064    3.396000  3.943512e+02  8.970594e+01 
   67.064    3.499000  3.960165e+02  8.994561e+01 
   67.064    3.602000  3.976759e+02  9.018626e+01 
   67.064    3.704000  3.993169e+02  9.042510e+01 
   67.064    3.807000  4.009735e+02  9.066650e+01 
   67.064    3.910000  4.026347e+02  9.090777e+01 
   67.064    4.013000  4.043029e+02  9.114872e+01 
   67.064    4.116000  4.059737e+02  9.138937e+01 
   67.064    4.219000  4.076414e+02  9.162971e+01 
   67.064    4.322000  4.093022e+02  9.186967e+01 
   67.064    4.425000  4.109491e+02  9.210928e+01 
   67.064    4.528000  4.125755e+02  9.234850e+01 
   67.064    4.630000  4.141636e+02  9.258486e+01 
   67.064    4.733000  4.157465e+02  9.282274e+01 
   67.064    4.836000  4.173059e+02  9.305971e+01 
   67.064    4.939000  4.188405e+02  9.329566e+01 
   67.064    5.042000  4.203493e+02  9.353052e+01 
   67.064    5.145000  4.218287e+02  9.376421e+01 
   67.064    5.248000  4.232782e+02  9.399665e+01 
   67.064    5.351000  4.246961e+02  9.422779e+01 
   67.064    5.454000  4.260817e+02  9.445753e+01 
   67.064    5.556000  4.274238e+02  9.468360e+01 
   67.064    5.659000  4.287476e+02  9.491040e+01 
   67.064    5.762000  4.300419e+02  9.513564e+01 
   67.064    5.865000  4.313094e+02  9.535927e+01 
   67.064    5.968000  4.325498e+02  9.558125e+01 
   67.064    6.071000  4.337664e+02  9.580150e+01 
   67.064    6.174000  4.349647e+02  9.601985e+01 
   67.064    6.277000  4.361473e+02  9.623618e+01 
   67.064    6.380000  4.373192e+02  9.645034e+01 
   67.064    6.482000  4.384710e+02  9.666024e+01 
   67.064    6.585000  4.396280e+02  9.686988e+01 
   67.064    6.688000  4.407826e+02  9.707706e+01 
   67.064    6.791000  4.419347e+02  9.728175e+01 
   67.064    6.894000  4.430776e+02  9.748398e+01 
   67.064    6.997000  4.442027e+02  9.768374e+01 
   67.064    7.100000  4.453013e+02  9.788100e+01 
   67.064    7.203000  4.463535e+02  9.807567e+01 
   67.064    7.306000  4.473420e+02  9.826754e+01 
   67.064    7.409000  4.482640e+02  9.845649e+01 
   67.064    7.511000  4.491091e+02  9.864061e+01 
   67.064    7.614000  4.498868e+02  9.882347e+01 
   67.064    7.717000  4.506070e+02  9.900336e+01 
   67.064    7.820000  4.513027e+02  9.918034e+01 
   67.064    7.923000  4.519784e+02  9.935454e+01 
   67.064    8.026000  4.526411e+02  9.952612e+01 
   67.064    8.129001  4.533003e+02  9.969531e+01 
   67.064    8.232000  4.539554e+02  9.986217e+01 
   67.064    8.335000  4.546003e+02  1.000266e+02 
   67.064    8.437000  4.552229e+02  1.001870e+02 
   67.064    8.540000  4.558351e+02  1.003464e+02 
   67.064    8.643001  4.564326e+02  1.005033e+02 
   67.064    8.746000  4.570167e+02  1.006576e+02 
   67.064    8.849000  4.575868e+02  1.008092e+02 
   67.064    8.952001  4.581466e+02  1.009583e+02 
   67.064    9.055000  4.586989e+02  1.011046e+02 
   67.064    9.158000  4.592428e+02  1.012483e+02 
   67.064    9.261001  4.597773e+02  1.013894e+02 
   67.064    9.363001  4.602968e+02  1.015263e+02 
   67.064    9.466001  4.608118e+02  1.016620e+02 
   67.064    9.569000  4.613178e+02  1.017953e+02 
   67.064    9.672001  4.618149e+02  1.019262e+02 
   67.064    9.775001  4.623016e+02  1.020547e+02 
   67.064    9.878000  4.627757e+02  1.021809e+02 
   67.064    9.981001  4.632368e+02  1.023048e+02 
   67.064   10.084001  4.637195e+02  1.024261e+02 
   67.064   10.187000  4.641937e+02  1.025455e+02 
   67.064   10.289001  4.646556e+02  1.026617e+02 
   67.064   10.392000  4.651150e+02  1.027770e+02 
   67.064   10.495001  4.655683e+02  1.028905e+02 
   67.064   10.598001  4.660155e+02  1.030020e+02 
   67.064   10.701000  4.664558e+02  1.031117e+02 
   67.064   10.804001  4.668885e+02  1.032197e+02 
   67.064   10.907001  4.673132e+02  1.033260e+02 
   67.064   11.010000  4.677312e+02  1.034308e+02 
   67.064   11.113001  4.681444e+02  1.035341e+02 
   67.064   11.215000  4.685491e+02  1.036349e+02 
   67.064   11.318001  4.689532e+02  1.037354e+02 
   67.064   11.421000  4.693524e+02  1.038345e+02 
   67.064   11.524000  4.697468e+02  1.039322e+02 
   67.064   11.627001  4.701362e+02  1.040286e+02 
   67.064   11.730000  4.705201e+02  1.041237e+02 
   67.064   11.833000  4.708986e+02  1.042175e+02 
   67.064   11.936001  4.712717e+02  1.043101e+02 
   67.064   12.039001  4.716396e+02  1.044013e+02 
   67.064   12.141001  4.719990e+02  1.044905e+02 
   67.064   12.244000  4.723569e+02  1.045793e+02 
   67.064   12.347000  4.727098e+02  1.046668e+02 
   67.064   12.450001  4.730578e+02  1.047531e+02 
   67.064   12.553000  4.734009e+02  1.048382e+02 
   67.064   12.656000  4.737392e+02  1.049220e+02 
   67.064   12.759001  4.740728e+02  1.050045e+02 
   67.064   12.862000  4.744022e+02  1.050858e+02 
   67.064   12.965000  4.747275e+02  1.051658e+02 
   67.064   13.068001  4.750489e+02  1.052444e+02 
   67.064   13.170000  4.753633e+02  1.053211e+02 
   67.064   13.273001  4.756771e+02  1.053972e+02 
   67.064   13.376000  4.759872e+02  1.054720e+02 
   67.064   13.479000  4.762937e+02  1.055455e+02 
   67.064   13.582001  4.765966e+02  1.056178e+02 
   67.064   13.685000  4.768960e+02  1.056889e+02 
   67.064   13.788000  4.771921e+02  1.057588e+02 
   67.064   13.891001  4.774848e+02  1.058274e+02 
   67.064   13.994000  4.777742e+02  1.058948e+02 
   67.064   14.096001  4.780577e+02  1.059604e+02 
   67.064   14.199000  4.783408e+02  1.060254e+02 
   67.064   14.302000  4.786207e+02  1.060892e+02 
   67.064   14.405001  4.788976e+02  1.061519e+02 
   67.064   14.508000  4.791713e+02  1.062134e+02 
   67.064   14.611000  4.794418e+02  1.062738e+02 
   67.064   14.714001  4.797092e+02  1.063331e+02 
   67.064   14.817000  4.799735e+02  1.063914e+02 
   67.064   14.920000  4.802347e+02  1.064488e+02 
   67.064   15.022000  4.804901e+02  1.065046e+02 
   67.064   15.125000  4.807450e+02  1.065600e+02 
   67.064   15.228001  4.809967e+02  1.066145e+02 
   67.064   15.331000  4.812453e+02  1.066681e+02 
   67.064   15.434000  4.814909e+02  1.067208e+02 
   67.064   15.537001  4.817336e+02  1.067727e+02 
   67.064   15.640000  4.819732e+02  1.068237e+02 
   67.064   15.743000  4.822100e+02  1.068739e+02 
   67.064   15.846001  4.824438e+02  1.069232e+02 
   67.064   15.948001  4.826728e+02  1.069712e+02 
   67.064   16.050999  4.829014e+02  1.070188e+02 
   67.064   16.153999  4.831276e+02  1.070656e+02 
   67.064   16.257000  4.833513e+02  1.071115e+02 
   67.064   16.359999  4.835727e+02  1.071566e+02 
   67.064   16.462999  4.837917e+02  1.072008e+02 
   67.064   16.566000  4.840084e+02  1.072443e+02 
   67.064   16.668999  4.842228e+02  1.072869e+02 
   67.064   16.771999  4.844352e+02  1.073287e+02 
   67.064   16.873999  4.846436e+02  1.073693e+02 
   67.064   16.976999  4.848521e+02  1.074095e+02 
   67.064   17.080000  4.850589e+02  1.074488e+02 
   67.064   17.182999  4.852641e+02  1.074872e+02 
   67.064   17.285999  4.854679e+02  1.075247e+02 
   67.064   17.389000  4.856703e+02  1.075613e+02 
   67.064   17.491999  4.858714e+02  1.075970e+02 
   67.064   17.594999  4.860713e+02  1.076317e+02 
   67.064   17.698000  4.862701e+02  1.076656e+02 
   67.064   17.800999  4.864676e+02  1.076985e+02 
   67.064   17.903000  4.866617e+02  1.077304e+02 
   67.064   18.005999  4.868564e+02  1.077617e+02 
   67.064   18.108999  4.870496e+02  1.077923e+02 
   67.064   18.212000  4.872411e+02  1.078222e+02 
   67.064   18.314999  4.874308e+02  1.078514e+02 
   67.064   18.417999  4.876188e+02  1.078800e+02 
   67.064   18.521000  4.878051e+02  1.079080e+02 
   67.064   18.623999  4.879898e+02  1.079352e+02 
   67.064   18.726999  4.881730e+02  1.079618e+02 
   67.064   18.828999  4.883529e+02  1.079875e+02 
   67.064   18.931999  4.885331e+02  1.080127e+02 
   67.064   19.035000  4.887120e+02  1.080373e+02 
   67.064   19.137999  4.888897e+02  1.080612e+02 
   67.064   19.240999  4.890661e+02  1.080845e+02 
   67.064   19.344000  4.892412e+02  1.081071e+02 
   67.064   19.446999  4.894150e+02  1.081292e+02 
   67.064   19.549999  4.895875e+02  1.081507e+02 
   67.064   19.653000  4.897586e+02  1.081716e+02 
   67.064   19.754999  4.899267e+02  1.081918e+02 
   67.064   19.858000  4.900952e+02  1.082116e+02 
   67.064   19.960999  4.902623e+02  1.082310e+02 
   67.064   20.063999  4.904284e+02  1.082497e+02 
   67.064   20.362999  4.909055e+02  1.083006e+02 
   67.064   20.858999  4.916742e+02  1.083761e+02 
   67.064   21.355000  4.924146e+02  1.084407e+02 
   67.064   21.851000  4.931286e+02  1.084951e+02 
   67.064   22.345999  4.938098e+02  1.085418e+02 
   67.064   22.841999  4.944543e+02  1.085845e+02 
   67.064   23.337999  4.950565e+02  1.086249e+02 
   67.064   23.834000  4.956175e+02  1.086634e+02 
   67.064   24.328999  4.961415e+02  1.086990e+02 
   67.064   24.824999  4.966352e+02  1.087312e+02 
   67.064   25.320999  4.970977e+02  1.087605e+02 
   67.064   25.816999  4.975294e+02  1.087876e+02 
   67.064   26.312000  4.979316e+02  1.088127e+02 
   67.064   26.807999  4.983090e+02  1.088356e+02 
   67.064   27.303999  4.986627e+02  1.088560e+02 
   67.064   27.799999  4.989932e+02  1.088745e+02 
   67.064   28.295000  4.993008e+02  1.088911e+02 
   67.064   28.791000  4.995895e+02  1.089059e+02 
   67.064   29.286999  4.998617e+02  1.089189e+02 
   67.064   29.782999  5.001205e+02  1.089300e+02 
   67.064   30.278000  5.003670e+02  1.089391e+02 
   67.064   30.774000  5.006041e+02  1.089466e+02 
   67.064   31.269999  5.008329e+02  1.089525e+02 
   67.064   31.765999  5.010551e+02  1.089570e+02 
   67.064   32.260998  5.012724e+02  1.089602e+02 
   67.064   32.757000  5.014874e+02  1.089625e+02 
   67.064   33.252998  5.017013e+02  1.089639e+02 
   67.064   33.749001  5.019159e+02  1.089648e+02 
   67.064   34.243999  5.021317e+02  1.089654e+02 
   67.064   34.739998  5.023513e+02  1.089657e+02 
   67.064   35.236000  5.025754e+02  1.089658e+02 
   67.064   35.731998  5.028049e+02  1.089659e+02 
   67.064   36.227001  5.030399e+02  1.089660e+02 
   67.064   36.723000  5.032812e+02  1.089660e+02 
   67.064   37.218998  5.035277e+02  1.089660e+02 
   67.064   37.715000  5.037783e+02  1.089661e+02 
   67.064   38.209999  5.040308e+02  1.089662e+02 
   67.064   38.706001  5.042844e+02  1.089664e+02 
   67.064   39.202000  5.045367e+02  1.089666e+02 
   67.064   39.697998  5.047853e+02  1.089671e+02 
   67.064   40.197998  5.050272e+02  1.089684e+02 
   67.064   45.197998  5.069145e+02  1.089908e+02 
   67.064   50.197998  5.076250e+02  1.090102e+02 
   67.064   55.197998  5.078779e+02  1.090231e+02 
   67.064   60.197998  5.086592e+02  1.090313e+02 
   67.064   65.198006  5.099063e+02  1.090363e+02 
