    0.000    0.000000  0.000000e+00  3.534950e+02 
    0.000    0.102000  0.000000e+00  3.526040e+02 
    0.000    0.205000  0.000000e+00  3.512924e+02 
    0.000    0.308000  0.000000e+00  3.497802e+02 
    0.000    0.411000  0.000000e+00  3.482707e+02 
    0.000    0.514000  0.000000e+00  3.444707e+02 
    0.000    0.617000  0.000000e+00  3.399055e+02 
    0.000    0.720000  0.000000e+00  3.354297e+02 
    0.000    0.823000  0.000000e+00  3.312536e+02 
    0.000    0.926000  0.000000e+00  3.275316e+02 
    0.000    1.028000  0.000000e+00  3.242278e+02 
    0.000    1.131000  0.000000e+00  3.209957e+02 
    0.000    1.234000  0.000000e+00  3.179372e+02 
    0.000    1.337000  0.000000e+00  3.150993e+02 
    0.000    1.440000  0.000000e+00  3.124966e+02 
    0.000    1.543000  0.000000e+00  3.100674e+02 
    0.000    1.646000  0.000000e+00  3.075096e+02 
    0.000    1.749000  0.000000e+00  3.053065e+02 
    0.000    1.852000  0.000000e+00  3.022818e+02 
    0.000    1.954000  0.000000e+00  3.001857e+02 
    0.000    2.057000  0.000000e+00  2.983222e+02 
    0.000    2.160000  0.000000e+00  2.958111e+02 
    0.000    2.263000  0.000000e+00  2.935409e+02 
    0.000    2.366000  0.000000e+00  2.913124e+02 
    0.000    2.469000  0.000000e+00  2.891651e+02 
    0.000    2.572000  0.000000e+00  2.871016e+02 
    0.000    2.675000  0.000000e+00  2.850329e+02 
    0.000    2.778000  0.000000e+00  2.828953e+02 
    0.000    2.880000  0.000000e+00  2.806275e+02 
    0.000    2.983000  0.000000e+00  2.781372e+02 
    0.000    3.086000  0.000000e+00  2.754921e+02 
    0.000    3.189000  0.000000e+00  2.727232e+02 
    0.000    3.292000  0.000000e+00  2.697916e+02 
    0.000    3.395000  0.000000e+00  2.689820e+02 
    0.000    3.498000  0.000000e+00  2.680758e+02 
    0.000    3.601000  0.000000e+00  2.671142e+02 
    0.000    3.704000  0.000000e+00  2.661138e+02 
    0.000    3.806000  0.000000e+00  2.650957e+02 
    0.000    3.909000  0.000000e+00  2.640389e+02 
    0.000    4.012000  0.000000e+00  2.629680e+02 
    0.000    4.115000  0.000000e+00  2.618806e+02 
    0.000    4.218000  0.000000e+00  2.607762e+02 
    0.000    4.321000  0.000000e+00  2.596669e+02 
    0.000    4.424000  0.000000e+00  2.585435e+02 
    0.000    4.527000  0.000000e+00  2.573852e+02 
    0.000    4.630000  0.000000e+00  2.562231e+02 
    0.000    4.732000  0.000000e+00  2.550312e+02 
    0.000    4.835000  0.000000e+00  2.538199e+02 
    0.000    4.938000  0.000000e+00  2.525569e+02 
    0.000    5.041000  0.000000e+00  2.512175e+02 
    0.000    5.144000  0.000000e+00  2.495524e+02 
    0.000    5.247000  0.000000e+00  2.475894e+02 
    0.000    5.350000  0.000000e+00  2.452909e+02 
    0.000    5.453000  0.000000e+00  2.427102e+02 
    0.000    5.556000  0.000000e+00  2.399842e+02 
    0.000    5.658000  0.000000e+00  2.371997e+02 
    0.000    5.761000  0.000000e+00  2.345097e+02 
    0.000    5.864000  0.000000e+00  2.316414e+02 
    0.000    5.967000  0.000000e+00  2.287651e+02 
    0.000    6.070000  0.000000e+00  2.258402e+02 
    0.000    6.173000  0.000000e+00  2.229169e+02 
    0.000    6.276000  0.000000e+00  2.202132e+02 
    0.000    6.379000  0.000000e+00  2.178839e+02 
    0.000    6.482000  0.000000e+00  2.156788e+02 
    0.000    6.585000  0.000000e+00  2.137235e+02 
    0.000    6.687000  0.000000e+00  2.120481e+02 
    0.000    6.790000  0.000000e+00  2.106592e+02 
    0.000    6.893000  0.000000e+00  2.100065e+02 
    0.000    6.996000  0.000000e+00  2.093696e+02 
    0.000    7.099000  0.000000e+00  2.087497e+02 
    0.000    7.202000  0.000000e+00  2.082714e+02 
    0.000    7.305000  0.000000e+00  2.079319e+02 
    0.000    7.408000  0.000000e+00  2.076728e+02 
    0.000    7.511000  0.000000e+00  2.075450e+02 
    0.000    7.613000  0.000000e+00  2.075022e+02 
    0.000    7.716000  0.000000e+00  2.073304e+02 
    0.000    7.819000  0.000000e+00  2.071731e+02 
    0.000    7.922000  0.000000e+00  2.070797e+02 
    0.000    8.025000  0.000000e+00  2.069525e+02 
    0.000    8.127999  0.000000e+00  2.068157e+02 
    0.000    8.231000  0.000000e+00  2.066802e+02 
    0.000    8.334000  0.000000e+00  2.065386e+02 
    0.000    8.436999  0.000000e+00  2.063698e+02 
    0.000    8.539000  0.000000e+00  2.061901e+02 
    0.000    8.641999  0.000000e+00  2.061385e+02 
    0.000    8.745000  0.000000e+00  2.060710e+02 
    0.000    8.848000  0.000000e+00  2.059953e+02 
    0.000    8.950999  0.000000e+00  2.059159e+02 
    0.000    9.054000  0.000000e+00  2.058336e+02 
    0.000    9.157000  0.000000e+00  2.057504e+02 
    0.000    9.259999  0.000000e+00  2.056760e+02 
    0.000    9.363000  0.000000e+00  2.056077e+02 
    0.000    9.464999  0.000000e+00  2.055448e+02 
    0.000    9.568000  0.000000e+00  2.054922e+02 
    0.000    9.671000  0.000000e+00  2.054475e+02 
    0.000    9.773999  0.000000e+00  2.054128e+02 
    0.000    9.877000  0.000000e+00  2.053973e+02 
    0.000    9.980000  0.000000e+00  2.053955e+02 
    0.000   10.082999  0.000000e+00  2.053971e+02 
    0.000   10.186000  0.000000e+00  2.053922e+02 
    0.000   10.289000  0.000000e+00  2.053834e+02 
    0.000   10.391000  0.000000e+00  2.053717e+02 
    0.000   10.493999  0.000000e+00  2.053538e+02 
    0.000   10.596999  0.000000e+00  2.053321e+02 
    0.000   10.700000  0.000000e+00  2.053081e+02 
    0.000   10.802999  0.000000e+00  2.052816e+02 
    0.000   10.905999  0.000000e+00  2.052534e+02 
    0.000   11.009000  0.000000e+00  2.052218e+02 
    0.000   11.112000  0.000000e+00  2.051808e+02 
    0.000   11.214999  0.000000e+00  2.051333e+02 
    0.000   11.316999  0.000000e+00  2.050823e+02 
    0.000   11.420000  0.000000e+00  2.050267e+02 
    0.000   11.523000  0.000000e+00  2.049680e+02 
    0.000   11.625999  0.000000e+00  2.049077e+02 
    0.000   11.729000  0.000000e+00  2.048480e+02 
    0.000   11.832000  0.000000e+00  2.047885e+02 
    0.000   11.934999  0.000000e+00  2.047292e+02 
    0.000   12.037999  0.000000e+00  2.046695e+02 
    0.000   12.141000  0.000000e+00  2.046095e+02 
    0.000   12.243999  0.000000e+00  2.045494e+02 
    0.000   12.346000  0.000000e+00  2.044895e+02 
    0.000   12.448999  0.000000e+00  2.044288e+02 
    0.000   12.552000  0.000000e+00  2.043681e+02 
    0.000   12.655000  0.000000e+00  2.043096e+02 
    0.000   12.757999  0.000000e+00  2.042537e+02 
    0.000   12.861000  0.000000e+00  2.041996e+02 
    0.000   12.964000  0.000000e+00  2.041473e+02 
    0.000   13.066999  0.000000e+00  2.040970e+02 
    0.000   13.170000  0.000000e+00  2.040483e+02 
    0.000   13.271999  0.000000e+00  2.040015e+02 
    0.000   13.375000  0.000000e+00  2.039557e+02 
    0.000   13.478000  0.000000e+00  2.039111e+02 
    0.000   13.580999  0.000000e+00  2.038676e+02 
    0.000   13.684000  0.000000e+00  2.038253e+02 
    0.000   13.787000  0.000000e+00  2.037839e+02 
    0.000   13.889999  0.000000e+00  2.037433e+02 
    0.000   13.993000  0.000000e+00  2.037039e+02 
    0.000   14.096000  0.000000e+00  2.036656e+02 
    0.000   14.198000  0.000000e+00  2.036286e+02 
    0.000   14.301000  0.000000e+00  2.035927e+02 
    0.000   14.403999  0.000000e+00  2.035583e+02 
    0.000   14.507000  0.000000e+00  2.035253e+02 
    0.000   14.610000  0.000000e+00  2.034929e+02 
    0.000   14.712999  0.000000e+00  2.034606e+02 
    0.000   14.816000  0.000000e+00  2.034285e+02 
    0.000   14.919000  0.000000e+00  2.033968e+02 
    0.000   15.021999  0.000000e+00  2.033646e+02 
    0.000   15.124000  0.000000e+00  2.033325e+02 
    0.000   15.226999  0.000000e+00  2.033002e+02 
    0.000   15.330000  0.000000e+00  2.032692e+02 
    0.000   15.433000  0.000000e+00  2.032402e+02 
    0.000   15.535999  0.000000e+00  2.032126e+02 
    0.000   15.639000  0.000000e+00  2.031856e+02 
    0.000   15.742000  0.000000e+00  2.031572e+02 
    0.000   15.844999  0.000000e+00  2.031277e+02 
    0.000   15.947999  0.000000e+00  2.030978e+02 
    0.000   16.050001  0.000000e+00  2.030643e+02 
    0.000   16.153000  0.000000e+00  2.030265e+02 
    0.000   16.256001  0.000000e+00  2.029863e+02 
    0.000   16.359001  0.000000e+00  2.029447e+02 
    0.000   16.462000  0.000000e+00  2.029022e+02 
    0.000   16.565001  0.000000e+00  2.028591e+02 
    0.000   16.668001  0.000000e+00  2.028154e+02 
    0.000   16.771000  0.000000e+00  2.027735e+02 
    0.000   16.874001  0.000000e+00  2.027332e+02 
    0.000   16.977001  0.000000e+00  2.026938e+02 
    0.000   17.079000  0.000000e+00  2.026566e+02 
    0.000   17.182001  0.000000e+00  2.026220e+02 
    0.000   17.285000  0.000000e+00  2.025894e+02 
    0.000   17.388000  0.000000e+00  2.025582e+02 
    0.000   17.491001  0.000000e+00  2.025290e+02 
    0.000   17.594000  0.000000e+00  2.025014e+02 
    0.000   17.697001  0.000000e+00  2.024749e+02 
    0.000   17.800001  0.000000e+00  2.024492e+02 
    0.000   17.903000  0.000000e+00  2.024238e+02 
    0.000   18.005001  0.000000e+00  2.023990e+02 
    0.000   18.108000  0.000000e+00  2.023743e+02 
    0.000   18.211000  0.000000e+00  2.023495e+02 
    0.000   18.314001  0.000000e+00  2.023247e+02 
    0.000   18.417000  0.000000e+00  2.022999e+02 
    0.000   18.520000  0.000000e+00  2.022753e+02 
    0.000   18.623001  0.000000e+00  2.022509e+02 
    0.000   18.726000  0.000000e+00  2.022268e+02 
    0.000   18.829000  0.000000e+00  2.022030e+02 
    0.000   18.931000  0.000000e+00  2.021794e+02 
    0.000   19.034000  0.000000e+00  2.021552e+02 
    0.000   19.137001  0.000000e+00  2.021308e+02 
    0.000   19.240000  0.000000e+00  2.021064e+02 
    0.000   19.343000  0.000000e+00  2.020817e+02 
    0.000   19.446001  0.000000e+00  2.020566e+02 
    0.000   19.549000  0.000000e+00  2.020314e+02 
    0.000   19.652000  0.000000e+00  2.020062e+02 
    0.000   19.755001  0.000000e+00  2.019813e+02 
    0.000   19.857000  0.000000e+00  2.019570e+02 
    0.000   19.960001  0.000000e+00  2.019326e+02 
    0.000   20.063000  0.000000e+00  2.019086e+02 
    0.000   20.363001  0.000000e+00  2.018433e+02 
    0.000   20.858000  0.000000e+00  2.017498e+02 
    0.000   21.354000  0.000000e+00  2.016679e+02 
    0.000   21.850000  0.000000e+00  2.015962e+02 
    0.000   22.346001  0.000000e+00  2.015228e+02 
    0.000   22.841002  0.000000e+00  2.014466e+02 
    0.000   23.337000  0.000000e+00  2.013777e+02 
    0.000   23.833000  0.000000e+00  2.013264e+02 
    0.000   24.329000  0.000000e+00  2.012953e+02 
    0.000   24.824001  0.000000e+00  2.012769e+02 
    0.000   25.320000  0.000000e+00  2.012697e+02 
    0.000   25.816000  0.000000e+00  2.012768e+02 
    0.000   26.312000  0.000000e+00  2.012906e+02 
    0.000   26.807001  0.000000e+00  2.013096e+02 
    0.000   27.303001  0.000000e+00  2.013319e+02 
    0.000   27.799000  0.000000e+00  2.013564e+02 
    0.000   28.295000  0.000000e+00  2.013847e+02 
    0.000   28.790001  0.000000e+00  2.014207e+02 
    0.000   29.286001  0.000000e+00  2.014652e+02 
    0.000   29.782001  0.000000e+00  2.015163e+02 
    0.000   30.278000  0.000000e+00  2.015723e+02 
    0.000   30.773001  0.000000e+00  2.016292e+02 
    0.000   31.269001  0.000000e+00  2.016863e+02 
    0.000   31.765001  0.000000e+00  2.017433e+02 
    0.000   32.261002  0.000000e+00  2.018007e+02 
    0.000   32.756001  0.000000e+00  2.018588e+02 
    0.000   33.251999  0.000000e+00  2.019190e+02 
    0.000   33.748001  0.000000e+00  2.019819e+02 
    0.000   34.243999  0.000000e+00  2.020478e+02 
    0.000   34.739002  0.000000e+00  2.021128e+02 
    0.000   35.235001  0.000000e+00  2.021758e+02 
    0.000   35.730999  0.000000e+00  2.022349e+02 
    0.000   36.227001  0.000000e+00  2.022905e+02 
    0.000   36.722000  0.000000e+00  2.023420e+02 
    0.000   37.218002  0.000000e+00  2.023904e+02 
    0.000   37.714001  0.000000e+00  2.024355e+02 
    0.000   38.209999  0.000000e+00  2.024778e+02 
    0.000   38.705002  0.000000e+00  2.025203e+02 
    0.000   39.201000  0.000000e+00  2.025640e+02 
    0.000   39.697002  0.000000e+00  2.026105e+02 
    0.000   40.197002  0.000000e+00  2.026615e+02 
    0.000   45.197002  0.000000e+00  2.031131e+02 
    0.000   50.197002  0.000000e+00  2.033379e+02 
    0.000   55.197002  0.000000e+00  2.033359e+02 
    0.000   60.197002  0.000000e+00  2.032675e+02 
    0.000   65.196999  0.000000e+00  2.032153e+02 
