    0.000    0.000000  0.000000e+00  3.517546e+02 
    0.000    0.103000  0.000000e+00  3.507773e+02 
    0.000    0.206000  0.000000e+00  3.496518e+02 
    0.000    0.309000  0.000000e+00  3.484770e+02 
    0.000    0.412000  0.000000e+00  3.472061e+02 
    0.000    0.514000  0.000000e+00  3.458219e+02 
    0.000    0.617000  0.000000e+00  3.442773e+02 
    0.000    0.720000  0.000000e+00  3.427526e+02 
    0.000    0.823000  0.000000e+00  3.412285e+02 
    0.000    0.926000  0.000000e+00  3.397042e+02 
    0.000    1.029000  0.000000e+00  3.381406e+02 
    0.000    1.132000  0.000000e+00  3.364979e+02 
    0.000    1.235000  0.000000e+00  3.347765e+02 
    0.000    1.338000  0.000000e+00  3.330976e+02 
    0.000    1.441000  0.000000e+00  3.314404e+02 
    0.000    1.543000  0.000000e+00  3.297834e+02 
    0.000    1.646000  0.000000e+00  3.281093e+02 
    0.000    1.749000  0.000000e+00  3.265106e+02 
    0.000    1.852000  0.000000e+00  3.089473e+02 
    0.000    1.955000  0.000000e+00  3.027330e+02 
    0.000    2.058000  0.000000e+00  2.987814e+02 
    0.000    2.161000  0.000000e+00  2.946682e+02 
    0.000    2.264000  0.000000e+00  2.939897e+02 
    0.000    2.367000  0.000000e+00  2.931471e+02 
    0.000    2.469000  0.000000e+00  2.921926e+02 
    0.000    2.572000  0.000000e+00  2.911299e+02 
    0.000    2.675000  0.000000e+00  2.900049e+02 
    0.000    2.778000  0.000000e+00  2.888343e+02 
    0.000    2.881000  0.000000e+00  2.876476e+02 
    0.000    2.984000  0.000000e+00  2.864692e+02 
    0.000    3.087000  0.000000e+00  2.852884e+02 
    0.000    3.190000  0.000000e+00  2.840750e+02 
    0.000    3.293000  0.000000e+00  2.828506e+02 
    0.000    3.395000  0.000000e+00  2.816277e+02 
    0.000    3.498000  0.000000e+00  2.803958e+02 
    0.000    3.601000  0.000000e+00  2.791683e+02 
    0.000    3.704000  0.000000e+00  2.779459e+02 
    0.000    3.807000  0.000000e+00  2.767305e+02 
    0.000    3.910000  0.000000e+00  2.755146e+02 
    0.000    4.013000  0.000000e+00  2.743036e+02 
    0.000    4.116000  0.000000e+00  2.730977e+02 
    0.000    4.219000  0.000000e+00  2.718952e+02 
    0.000    4.321000  0.000000e+00  2.707095e+02 
    0.000    4.424000  0.000000e+00  2.695161e+02 
    0.000    4.527000  0.000000e+00  2.683324e+02 
    0.000    4.630000  0.000000e+00  2.671587e+02 
    0.000    4.733000  0.000000e+00  2.659832e+02 
    0.000    4.836000  0.000000e+00  2.646207e+02 
    0.000    4.939000  0.000000e+00  2.630495e+02 
    0.000    5.042000  0.000000e+00  2.618207e+02 
    0.000    5.145000  0.000000e+00  2.606672e+02 
    0.000    5.247000  0.000000e+00  2.594813e+02 
    0.000    5.350000  0.000000e+00  2.582151e+02 
    0.000    5.453000  0.000000e+00  2.569218e+02 
    0.000    5.556000  0.000000e+00  2.556182e+02 
    0.000    5.659000  0.000000e+00  2.543011e+02 
    0.000    5.762000  0.000000e+00  2.529565e+02 
    0.000    5.865000  0.000000e+00  2.515158e+02 
    0.000    5.968000  0.000000e+00  2.500184e+02 
    0.000    6.071000  0.000000e+00  2.484949e+02 
    0.000    6.173000  0.000000e+00  2.470364e+02 
    0.000    6.276000  0.000000e+00  2.456617e+02 
    0.000    6.379000  0.000000e+00  2.443264e+02 
    0.000    6.482000  0.000000e+00  2.432340e+02 
    0.000    6.585000  0.000000e+00  2.417978e+02 
    0.000    6.688000  0.000000e+00  2.394538e+02 
    0.000    6.791000  0.000000e+00  2.355827e+02 
    0.000    6.894000  0.000000e+00  2.300351e+02 
    0.000    6.997000  0.000000e+00  2.237415e+02 
    0.000    7.099000  0.000000e+00  2.178625e+02 
    0.000    7.202000  0.000000e+00  2.132634e+02 
    0.000    7.305000  0.000000e+00  2.115333e+02 
    0.000    7.408000  0.000000e+00  2.107951e+02 
    0.000    7.511000  0.000000e+00  2.106079e+02 
    0.000    7.614000  0.000000e+00  2.105368e+02 
    0.000    7.717000  0.000000e+00  2.104932e+02 
    0.000    7.820000  0.000000e+00  2.104669e+02 
    0.000    7.923000  0.000000e+00  2.104661e+02 
    0.000    8.026000  0.000000e+00  2.104595e+02 
    0.000    8.127999  0.000000e+00  2.104270e+02 
    0.000    8.231000  0.000000e+00  2.103623e+02 
    0.000    8.334000  0.000000e+00  2.102860e+02 
    0.000    8.436999  0.000000e+00  2.101585e+02 
    0.000    8.540000  0.000000e+00  2.100406e+02 
    0.000    8.643000  0.000000e+00  2.099062e+02 
    0.000    8.745999  0.000000e+00  2.097688e+02 
    0.000    8.849000  0.000000e+00  2.096324e+02 
    0.000    8.952000  0.000000e+00  2.094932e+02 
    0.000    9.054000  0.000000e+00  2.093480e+02 
    0.000    9.157000  0.000000e+00  2.092053e+02 
    0.000    9.259999  0.000000e+00  2.090941e+02 
    0.000    9.363000  0.000000e+00  2.090406e+02 
    0.000    9.466000  0.000000e+00  2.089932e+02 
    0.000    9.568999  0.000000e+00  2.089505e+02 
    0.000    9.672000  0.000000e+00  2.089114e+02 
    0.000    9.775000  0.000000e+00  2.088787e+02 
    0.000    9.877999  0.000000e+00  2.088601e+02 
    0.000    9.980000  0.000000e+00  2.088516e+02 
    0.000   10.083000  0.000000e+00  2.088460e+02 
    0.000   10.186000  0.000000e+00  2.088358e+02 
    0.000   10.289000  0.000000e+00  2.088230e+02 
    0.000   10.392000  0.000000e+00  2.088094e+02 
    0.000   10.495000  0.000000e+00  2.087944e+02 
    0.000   10.598000  0.000000e+00  2.087788e+02 
    0.000   10.701000  0.000000e+00  2.087615e+02 
    0.000   10.804000  0.000000e+00  2.087378e+02 
    0.000   10.906000  0.000000e+00  2.087101e+02 
    0.000   11.009000  0.000000e+00  2.086779e+02 
    0.000   11.112000  0.000000e+00  2.086355e+02 
    0.000   11.215000  0.000000e+00  2.085858e+02 
    0.000   11.318000  0.000000e+00  2.085321e+02 
    0.000   11.421000  0.000000e+00  2.084754e+02 
    0.000   11.524000  0.000000e+00  2.084165e+02 
    0.000   11.627000  0.000000e+00  2.083561e+02 
    0.000   11.730000  0.000000e+00  2.082939e+02 
    0.000   11.832000  0.000000e+00  2.082310e+02 
    0.000   11.934999  0.000000e+00  2.081665e+02 
    0.000   12.038000  0.000000e+00  2.080996e+02 
    0.000   12.141000  0.000000e+00  2.080307e+02 
    0.000   12.243999  0.000000e+00  2.079608e+02 
    0.000   12.347000  0.000000e+00  2.078930e+02 
    0.000   12.450000  0.000000e+00  2.078275e+02 
    0.000   12.552999  0.000000e+00  2.077631e+02 
    0.000   12.656000  0.000000e+00  2.077027e+02 
    0.000   12.757999  0.000000e+00  2.076473e+02 
    0.000   12.861000  0.000000e+00  2.075943e+02 
    0.000   12.964000  0.000000e+00  2.075438e+02 
    0.000   13.066999  0.000000e+00  2.074960e+02 
    0.000   13.170000  0.000000e+00  2.074502e+02 
    0.000   13.273000  0.000000e+00  2.074059e+02 
    0.000   13.375999  0.000000e+00  2.073627e+02 
    0.000   13.479000  0.000000e+00  2.073206e+02 
    0.000   13.582000  0.000000e+00  2.072792e+02 
    0.000   13.684999  0.000000e+00  2.072384e+02 
    0.000   13.787000  0.000000e+00  2.071985e+02 
    0.000   13.889999  0.000000e+00  2.071589e+02 
    0.000   13.993000  0.000000e+00  2.071201e+02 
    0.000   14.096000  0.000000e+00  2.070820e+02 
    0.000   14.198999  0.000000e+00  2.070447e+02 
    0.000   14.302000  0.000000e+00  2.070081e+02 
    0.000   14.405000  0.000000e+00  2.069722e+02 
    0.000   14.507999  0.000000e+00  2.069372e+02 
    0.000   14.611000  0.000000e+00  2.069024e+02 
    0.000   14.712999  0.000000e+00  2.068675e+02 
    0.000   14.816000  0.000000e+00  2.068320e+02 
    0.000   14.919000  0.000000e+00  2.067967e+02 
    0.000   15.021999  0.000000e+00  2.067603e+02 
    0.000   15.125000  0.000000e+00  2.067230e+02 
    0.000   15.228000  0.000000e+00  2.066853e+02 
    0.000   15.330999  0.000000e+00  2.066477e+02 
    0.000   15.434000  0.000000e+00  2.066104e+02 
    0.000   15.537000  0.000000e+00  2.065734e+02 
    0.000   15.639000  0.000000e+00  2.065376e+02 
    0.000   15.742000  0.000000e+00  2.065053e+02 
    0.000   15.844999  0.000000e+00  2.064760e+02 
    0.000   15.948000  0.000000e+00  2.064487e+02 
    0.000   16.051001  0.000000e+00  2.064201e+02 
    0.000   16.153999  0.000000e+00  2.063896e+02 
    0.000   16.257000  0.000000e+00  2.063582e+02 
    0.000   16.360001  0.000000e+00  2.063254e+02 
    0.000   16.462999  0.000000e+00  2.062897e+02 
    0.000   16.565001  0.000000e+00  2.062522e+02 
    0.000   16.667999  0.000000e+00  2.062131e+02 
    0.000   16.771000  0.000000e+00  2.061740e+02 
    0.000   16.874001  0.000000e+00  2.061349e+02 
    0.000   16.976999  0.000000e+00  2.060956e+02 
    0.000   17.080000  0.000000e+00  2.060569e+02 
    0.000   17.183001  0.000000e+00  2.060192e+02 
    0.000   17.285999  0.000000e+00  2.059823e+02 
    0.000   17.389000  0.000000e+00  2.059458e+02 
    0.000   17.490999  0.000000e+00  2.059111e+02 
    0.000   17.594000  0.000000e+00  2.058773e+02 
    0.000   17.697001  0.000000e+00  2.058444e+02 
    0.000   17.799999  0.000000e+00  2.058127e+02 
    0.000   17.903000  0.000000e+00  2.057826e+02 
    0.000   18.006001  0.000000e+00  2.057537e+02 
    0.000   18.108999  0.000000e+00  2.057259e+02 
    0.000   18.212000  0.000000e+00  2.056991e+02 
    0.000   18.315001  0.000000e+00  2.056731e+02 
    0.000   18.417999  0.000000e+00  2.056480e+02 
    0.000   18.520000  0.000000e+00  2.056237e+02 
    0.000   18.622999  0.000000e+00  2.055994e+02 
    0.000   18.726000  0.000000e+00  2.055753e+02 
    0.000   18.829000  0.000000e+00  2.055516e+02 
    0.000   18.931999  0.000000e+00  2.055283e+02 
    0.000   19.035000  0.000000e+00  2.055054e+02 
    0.000   19.138000  0.000000e+00  2.054829e+02 
    0.000   19.240999  0.000000e+00  2.054608e+02 
    0.000   19.344000  0.000000e+00  2.054381e+02 
    0.000   19.445999  0.000000e+00  2.054147e+02 
    0.000   19.549000  0.000000e+00  2.053906e+02 
    0.000   19.652000  0.000000e+00  2.053661e+02 
    0.000   19.754999  0.000000e+00  2.053413e+02 
    0.000   19.858000  0.000000e+00  2.053161e+02 
    0.000   19.961000  0.000000e+00  2.052908e+02 
    0.000   20.063999  0.000000e+00  2.052653e+02 
    0.000   20.362999  0.000000e+00  2.051931e+02 
    0.000   20.858999  0.000000e+00  2.050857e+02 
    0.000   21.355000  0.000000e+00  2.050002e+02 
    0.000   21.850000  0.000000e+00  2.049260e+02 
    0.000   22.346001  0.000000e+00  2.048530e+02 
    0.000   22.841999  0.000000e+00  2.047754e+02 
    0.000   23.337999  0.000000e+00  2.047005e+02 
    0.000   23.833000  0.000000e+00  2.046409e+02 
    0.000   24.329000  0.000000e+00  2.046048e+02 
    0.000   24.824999  0.000000e+00  2.045937e+02 
    0.000   25.320999  0.000000e+00  2.045924e+02 
    0.000   25.816000  0.000000e+00  2.045939e+02 
    0.000   26.312000  0.000000e+00  2.046032e+02 
    0.000   26.808001  0.000000e+00  2.046156e+02 
    0.000   27.303999  0.000000e+00  2.046321e+02 
    0.000   27.799000  0.000000e+00  2.046562e+02 
    0.000   28.295000  0.000000e+00  2.046884e+02 
    0.000   28.791000  0.000000e+00  2.047251e+02 
    0.000   29.287001  0.000000e+00  2.047687e+02 
    0.000   29.782000  0.000000e+00  2.048182e+02 
    0.000   30.278000  0.000000e+00  2.048717e+02 
    0.000   30.774000  0.000000e+00  2.049281e+02 
    0.000   31.270000  0.000000e+00  2.049865e+02 
    0.000   31.764999  0.000000e+00  2.050461e+02 
    0.000   32.261002  0.000000e+00  2.051068e+02 
    0.000   32.757000  0.000000e+00  2.051675e+02 
    0.000   33.253002  0.000000e+00  2.052266e+02 
    0.000   33.748001  0.000000e+00  2.052855e+02 
    0.000   34.244003  0.000000e+00  2.053454e+02 
    0.000   34.740002  0.000000e+00  2.054073e+02 
    0.000   35.236000  0.000000e+00  2.054705e+02 
    0.000   35.731003  0.000000e+00  2.055307e+02 
    0.000   36.227001  0.000000e+00  2.055877e+02 
    0.000   36.723003  0.000000e+00  2.056406e+02 
    0.000   37.219002  0.000000e+00  2.056900e+02 
    0.000   37.714001  0.000000e+00  2.057353e+02 
    0.000   38.210003  0.000000e+00  2.057770e+02 
    0.000   38.706001  0.000000e+00  2.058187e+02 
    0.000   39.202003  0.000000e+00  2.058616e+02 
    0.000   39.697002  0.000000e+00  2.059076e+02 
    0.000   40.197002  0.000000e+00  2.059587e+02 
    0.000   45.197002  0.000000e+00  2.064094e+02 
    0.000   50.197002  0.000000e+00  2.066365e+02 
    0.000   55.197002  0.000000e+00  2.066310e+02 
    0.000   60.197002  0.000000e+00  2.065634e+02 
    0.000   65.196999  0.000000e+00  2.065112e+02 
