   66.853    0.000000  6.760170e-32  3.864748e+00 
   66.853    0.103000  6.798877e-32  3.927696e+00 
   66.853    0.206000  6.837485e-32  3.991191e+00 
   66.853    0.309000  6.876064e-32  4.054728e+00 
   66.853    0.412000  6.914635e-32  4.118089e+00 
   66.853    0.514000  6.952793e-32  4.180564e+00 
   66.853    0.617000  4.475881e-31  1.045101e+01 
   66.853    0.720000  8.132497e-30  1.914268e+01 
   66.853    0.823000  3.567890e-28  2.986272e+01 
   66.853    0.926000  3.413042e-26  4.240207e+01 
   66.853    1.029000  6.594211e-24  5.662605e+01 
   66.853    1.132000  2.530805e-21  7.258913e+01 
   66.853    1.235000  1.816951e-18  9.018810e+01 
   66.853    1.338000  2.412620e-15  1.095046e+02 
   66.853    1.440000  5.362807e-12  1.304383e+02 
   66.853    1.543000  2.228754e-08  1.537149e+02 
   66.853    1.646000  1.650959e-04  1.809764e+02 
   66.853    1.749000  6.657020e-04  1.866229e+02 
   66.853    1.852000  2.075468e-02  2.034568e+02 
   66.853    1.955000  2.292136e-01  2.185998e+02 
   66.853    2.058000  1.016364e+00  2.305504e+02 
   66.853    2.161000  2.746744e+00  2.402939e+02 
   66.853    2.264000  1.854346e+01  2.663003e+02 
   66.853    2.366000  4.049857e+01  2.793465e+02 
   66.853    2.469000  6.594475e+01  2.873492e+02 
   66.853    2.572000  9.980771e+01  2.946619e+02 
   66.853    2.675000  1.368826e+02  3.004227e+02 
   66.853    2.778000  1.694973e+02  3.043129e+02 
   66.853    2.881000  1.900758e+02  3.063029e+02 
   66.853    2.984000  1.999155e+02  3.070716e+02 
   66.853    3.087000  2.007872e+02  3.069729e+02 
   66.853    3.190000  2.016539e+02  3.068979e+02 
   66.853    3.292000  2.025068e+02  3.068429e+02 
   66.853    3.395000  2.033635e+02  3.068040e+02 
   66.853    3.498000  2.042159e+02  3.067795e+02 
   66.853    3.601000  2.050671e+02  3.067670e+02 
   66.853    3.704000  2.059200e+02  3.067644e+02 
   66.853    3.807000  2.067743e+02  3.067711e+02 
   66.853    3.910000  2.076298e+02  3.067863e+02 
   66.853    4.013000  2.084860e+02  3.068093e+02 
   66.853    4.116000  2.093390e+02  3.068402e+02 
   66.853    4.218000  2.101754e+02  3.068788e+02 
   66.853    4.321000  2.110096e+02  3.069252e+02 
   66.853    4.424000  2.118313e+02  3.069785e+02 
   66.853    4.527000  2.173122e+02  3.075490e+02 
   66.853    4.630000  2.243027e+02  3.082674e+02 
   66.853    4.733000  2.321471e+02  3.090540e+02 
   66.853    4.836000  2.394018e+02  3.097611e+02 
   66.853    4.939000  2.453657e+02  3.103285e+02 
   66.853    5.042000  2.503795e+02  3.107983e+02 
   66.853    5.144000  2.567139e+02  3.113872e+02 
   66.853    5.247000  2.644450e+02  3.120911e+02 
   66.853    5.350000  2.741687e+02  3.129489e+02 
   66.853    5.453000  2.855832e+02  3.139160e+02 
   66.853    5.556000  3.030098e+02  3.153083e+02 
   66.853    5.659000  3.257278e+02  3.169832e+02 
   66.853    5.762000  3.529788e+02  3.188047e+02 
   66.853    5.865000  3.806735e+02  3.204679e+02 
   66.853    5.968000  4.048108e+02  3.217757e+02 
   66.853    6.070000  4.231893e+02  3.226906e+02 
   66.853    6.173000  4.318088e+02  3.231042e+02 
   66.853    6.276000  4.403090e+02  3.235021e+02 
   66.853    6.379000  4.414850e+02  3.235672e+02 
   66.853    6.482000  4.426557e+02  3.236351e+02 
   66.853    6.585000  4.438242e+02  3.237048e+02 
   66.853    6.688000  4.449947e+02  3.237756e+02 
   66.853    6.791000  4.461680e+02  3.238471e+02 
   66.853    6.894000  4.473309e+02  3.239196e+02 
   66.853    6.997000  4.484661e+02  3.239933e+02 
   66.853    7.099000  4.495523e+02  3.240672e+02 
   66.853    7.202000  4.505915e+02  3.241430e+02 
   66.853    7.305000  4.515580e+02  3.242194e+02 
   66.853    7.408000  4.524496e+02  3.242960e+02 
   66.853    7.511000  4.532723e+02  3.243725e+02 
   66.853    7.614000  4.540251e+02  3.244487e+02 
   66.853    7.717000  4.547306e+02  3.245240e+02 
   66.853    7.820000  4.554192e+02  3.245985e+02 
   66.853    7.923000  4.560973e+02  3.246720e+02 
   66.853    8.025000  4.567609e+02  3.247438e+02 
   66.853    8.128000  4.574265e+02  3.248155e+02 
   66.853    8.231000  4.580873e+02  3.248862e+02 
   66.853    8.334000  4.587376e+02  3.249556e+02 
   66.853    8.437000  4.593721e+02  3.250237e+02 
   66.853    8.540000  4.599908e+02  3.250902e+02 
   66.853    8.643000  4.605977e+02  3.251551e+02 
   66.853    8.746000  4.611957e+02  3.252181e+02 
   66.853    8.849000  4.617846e+02  3.252793e+02 
   66.853    8.951000  4.623589e+02  3.253378e+02 
   66.853    9.054000  4.629289e+02  3.253947e+02 
   66.853    9.157000  4.634871e+02  3.254497e+02 
   66.853    9.260000  4.640331e+02  3.255026e+02 
   66.853    9.363000  4.645668e+02  3.255535e+02 
   66.853    9.466000  4.650885e+02  3.256025e+02 
   66.853    9.569000  4.655991e+02  3.256500e+02 
   66.853    9.672000  4.660987e+02  3.256959e+02 
   66.853    9.775000  4.665869e+02  3.257403e+02 
   66.853    9.877000  4.670576e+02  3.257829e+02 
   66.853    9.980000  4.675202e+02  3.258246e+02 
   66.853   10.083000  4.680052e+02  3.258643e+02 
   66.853   10.186000  4.684817e+02  3.259028e+02 
   66.853   10.289000  4.689505e+02  3.259402e+02 
   66.853   10.392000  4.694120e+02  3.259764e+02 
   66.853   10.495000  4.698667e+02  3.260116e+02 
   66.853   10.598000  4.703145e+02  3.260457e+02 
   66.853   10.701000  4.707552e+02  3.260789e+02 
   66.853   10.802999  4.711847e+02  3.261110e+02 
   66.853   10.906000  4.716115e+02  3.261427e+02 
   66.853   11.009000  4.720320e+02  3.261739e+02 
   66.853   11.112000  4.724473e+02  3.262046e+02 
   66.853   11.215000  4.728577e+02  3.262349e+02 
   66.853   11.318000  4.732631e+02  3.262648e+02 
   66.853   11.421000  4.736635e+02  3.262943e+02 
   66.853   11.524000  4.740591e+02  3.263235e+02 
   66.853   11.627000  4.744496e+02  3.263523e+02 
   66.853   11.729000  4.748309e+02  3.263806e+02 
   66.853   11.832000  4.752104e+02  3.264089e+02 
   66.853   11.934999  4.755846e+02  3.264368e+02 
   66.853   12.038000  4.759534e+02  3.264645e+02 
   66.853   12.141000  4.763170e+02  3.264919e+02 
   66.853   12.243999  4.766754e+02  3.265190e+02 
   66.853   12.347000  4.770287e+02  3.265457e+02 
   66.853   12.450000  4.773771e+02  3.265720e+02 
   66.853   12.552999  4.777206e+02  3.265980e+02 
   66.853   12.656000  4.780593e+02  3.266234e+02 
   66.853   12.757999  4.783901e+02  3.266482e+02 
   66.853   12.861000  4.787198e+02  3.266726e+02 
   66.853   12.964000  4.790454e+02  3.266964e+02 
   66.853   13.066999  4.793672e+02  3.267196e+02 
   66.853   13.170000  4.796851e+02  3.267422e+02 
   66.853   13.273000  4.799992e+02  3.267641e+02 
   66.853   13.375999  4.803096e+02  3.267853e+02 
   66.853   13.479000  4.806165e+02  3.268060e+02 
   66.853   13.582000  4.809197e+02  3.268260e+02 
   66.853   13.684000  4.812167e+02  3.268451e+02 
   66.853   13.787000  4.815131e+02  3.268637e+02 
   66.853   13.890000  4.818061e+02  3.268817e+02 
   66.853   13.993000  4.820959e+02  3.268989e+02 
   66.853   14.096000  4.823825e+02  3.269154e+02 
   66.853   14.199000  4.826660e+02  3.269311e+02 
   66.853   14.302000  4.829463e+02  3.269461e+02 
   66.853   14.405000  4.832234e+02  3.269604e+02 
   66.853   14.507999  4.834976e+02  3.269740e+02 
   66.853   14.610000  4.837659e+02  3.269868e+02 
   66.853   14.713000  4.840338e+02  3.269992e+02 
   66.853   14.816000  4.842986e+02  3.270110e+02 
   66.853   14.919000  4.845602e+02  3.270223e+02 
   66.853   15.022000  4.848186e+02  3.270332e+02 
   66.853   15.125000  4.850740e+02  3.270436e+02 
   66.853   15.228000  4.853262e+02  3.270537e+02 
   66.853   15.331000  4.855754e+02  3.270634e+02 
   66.853   15.434000  4.858215e+02  3.270727e+02 
   66.853   15.536000  4.860623e+02  3.270815e+02 
   66.853   15.639000  4.863024e+02  3.270901e+02 
   66.853   15.742000  4.865397e+02  3.270983e+02 
   66.853   15.845000  4.867741e+02  3.271062e+02 
   66.853   15.947999  4.870058e+02  3.271137e+02 
   66.853   16.051001  4.872349e+02  3.271209e+02 
   66.853   16.154001  4.874617e+02  3.271276e+02 
   66.853   16.257000  4.876859e+02  3.271339e+02 
   66.853   16.360001  4.879078e+02  3.271398e+02 
   66.853   16.462000  4.881252e+02  3.271452e+02 
   66.853   16.565001  4.883426e+02  3.271501e+02 
   66.853   16.668001  4.885576e+02  3.271547e+02 
   66.853   16.771000  4.887705e+02  3.271588e+02 
   66.853   16.874001  4.889815e+02  3.271623e+02 
   66.853   16.977001  4.891904e+02  3.271655e+02 
   66.853   17.080000  4.893975e+02  3.271680e+02 
   66.853   17.183001  4.896031e+02  3.271698e+02 
   66.853   17.286001  4.898072e+02  3.271709e+02 
   66.853   17.389000  4.900098e+02  3.271712e+02 
   66.853   17.491001  4.902092e+02  3.271708e+02 
   66.853   17.594002  4.904094e+02  3.271695e+02 
   66.853   17.697001  4.906085e+02  3.271674e+02 
   66.853   17.800001  4.908062e+02  3.271645e+02 
   66.853   17.903002  4.910026e+02  3.271610e+02 
   66.853   18.006001  4.911976e+02  3.271568e+02 
   66.853   18.109001  4.913912e+02  3.271521e+02 
   66.853   18.212000  4.915831e+02  3.271468e+02 
   66.853   18.315001  4.917733e+02  3.271412e+02 
   66.853   18.417002  4.919597e+02  3.271354e+02 
   66.853   18.520000  4.921463e+02  3.271291e+02 
   66.853   18.623001  4.923313e+02  3.271223e+02 
   66.853   18.726002  4.925146e+02  3.271152e+02 
   66.853   18.829000  4.926964e+02  3.271077e+02 
   66.853   18.932001  4.928766e+02  3.270997e+02 
   66.853   19.035002  4.930556e+02  3.270911e+02 
   66.853   19.138000  4.932334e+02  3.270821e+02 
   66.853   19.241001  4.934099e+02  3.270725e+02 
   66.853   19.343000  4.935836e+02  3.270626e+02 
   66.853   19.446001  4.937576e+02  3.270522e+02 
   66.853   19.549002  4.939303e+02  3.270413e+02 
   66.853   19.652000  4.941017e+02  3.270301e+02 
   66.853   19.755001  4.942719e+02  3.270185e+02 
   66.853   19.858002  4.944406e+02  3.270066e+02 
   66.853   19.961000  4.946079e+02  3.269944e+02 
   66.853   20.064001  4.947743e+02  3.269818e+02 
   66.853   20.363001  4.952518e+02  3.269423e+02 
   66.853   20.859001  4.960208e+02  3.268714e+02 
   66.853   21.355001  4.967614e+02  3.267941e+02 
   66.853   21.850000  4.974745e+02  3.267104e+02 
   66.853   22.346001  4.981589e+02  3.266240e+02 
   66.853   22.842001  4.988064e+02  3.265406e+02 
   66.853   23.338001  4.994120e+02  3.264637e+02 
   66.853   23.833000  4.999749e+02  3.263940e+02 
   66.853   24.329000  5.005020e+02  3.263291e+02 
   66.853   24.825001  5.009973e+02  3.262672e+02 
   66.853   25.321001  5.014616e+02  3.262081e+02 
   66.853   25.816000  5.018945e+02  3.261530e+02 
   66.853   26.312000  5.022992e+02  3.261017e+02 
   66.853   26.808001  5.026779e+02  3.260532e+02 
   66.853   27.304001  5.030328e+02  3.260069e+02 
   66.853   27.799002  5.033641e+02  3.259627e+02 
   66.853   28.295000  5.036741e+02  3.259208e+02 
   66.853   28.791000  5.039645e+02  3.258808e+02 
   66.853   29.287001  5.042380e+02  3.258423e+02 
   66.853   29.782001  5.044972e+02  3.258047e+02 
   66.853   30.278002  5.047452e+02  3.257675e+02 
   66.853   30.774000  5.049834e+02  3.257307e+02 
   66.853   31.270000  5.052134e+02  3.256944e+02 
   66.853   31.765001  5.054362e+02  3.256588e+02 
   66.853   32.260998  5.056552e+02  3.256237e+02 
   66.853   32.757000  5.058716e+02  3.255894e+02 
   66.853   33.252998  5.060872e+02  3.255562e+02 
   66.853   33.747997  5.063030e+02  3.255245e+02 
   66.853   34.243999  5.065212e+02  3.254944e+02 
   66.853   34.739998  5.067429e+02  3.254659e+02 
   66.853   35.236000  5.069692e+02  3.254393e+02 
   66.853   35.730999  5.072006e+02  3.254145e+02 
   66.853   36.226997  5.074384e+02  3.253913e+02 
   66.853   36.723000  5.076823e+02  3.253696e+02 
   66.853   37.218998  5.079312e+02  3.253495e+02 
   66.853   37.714001  5.081834e+02  3.253307e+02 
   66.853   38.209999  5.084386e+02  3.253132e+02 
   66.853   38.705997  5.086941e+02  3.252970e+02 
   66.853   39.202000  5.089482e+02  3.252823e+02 
   66.853   39.696999  5.091981e+02  3.252689e+02 
   66.853   40.196999  5.094413e+02  3.252582e+02 
   66.853   45.196999  5.113347e+02  3.252114e+02 
   66.853   50.196999  5.120455e+02  3.252031e+02 
   66.853   55.196999  5.122999e+02  3.252041e+02 
   66.853   60.196999  5.130916e+02  3.252065e+02 
   66.853   65.197006  5.143439e+02  3.252086e+02 
