   67.275    0.000000  3.169400e+01  2.814906e+01 
   67.275    0.103000  3.187211e+01  2.834796e+01 
   67.275    0.206000  3.204944e+01  2.856555e+01 
   67.275    0.308000  3.466746e+01  3.245048e+01 
   67.275    0.411000  3.557412e+01  3.374077e+01 
   67.275    0.514000  3.576312e+01  3.398844e+01 
   67.275    0.617000  3.595090e+01  3.424179e+01 
   67.275    0.720000  3.613847e+01  3.449860e+01 
   67.275    0.823000  3.632661e+01  3.475757e+01 
   67.275    0.926000  3.651573e+01  3.501797e+01 
   67.275    1.029000  3.670602e+01  3.527933e+01 
   67.275    1.132000  3.689774e+01  3.554129e+01 
   67.275    1.234000  3.708916e+01  3.580104e+01 
   67.275    1.337000  3.728378e+01  3.606361e+01 
   67.275    1.440000  3.747872e+01  3.632664e+01 
   67.275    1.543000  3.767302e+01  3.659030e+01 
   67.275    1.646000  3.786660e+01  3.685438e+01 
   67.275    1.749000  3.815081e+01  3.725356e+01 
   67.275    1.852000  5.278809e+01  4.995876e+01 
   67.275    1.955000  8.867177e+01  6.974236e+01 
   67.275    2.058000  1.994436e+02  9.885265e+01 
   67.275    2.161000  2.004298e+02  9.891473e+01 
   67.275    2.263000  2.014032e+02  9.900886e+01 
   67.275    2.366000  2.023830e+02  9.912628e+01 
   67.275    2.469000  2.033581e+02  9.926129e+01 
   67.275    2.572000  2.043262e+02  9.941079e+01 
   67.275    2.675000  2.052860e+02  9.957233e+01 
   67.275    2.778000  2.062371e+02  9.974389e+01 
   67.275    2.881000  2.071802e+02  9.992355e+01 
   67.275    2.984000  2.081156e+02  1.001100e+02 
   67.275    3.087000  2.090429e+02  1.003021e+02 
   67.275    3.189000  2.099537e+02  1.004972e+02 
   67.275    3.292000  2.108663e+02  1.006982e+02 
   67.275    3.395000  2.117732e+02  1.009025e+02 
   67.275    3.498000  2.126745e+02  1.011096e+02 
   67.275    3.601000  2.135719e+02  1.013188e+02 
   67.275    3.704000  2.144675e+02  1.015298e+02 
   67.275    3.807000  2.153618e+02  1.017421e+02 
   67.275    3.910000  2.162566e+02  1.019555e+02 
   67.275    4.013000  2.171529e+02  1.021696e+02 
   67.275    4.115000  2.180416e+02  1.023822e+02 
   67.275    4.218000  2.189399e+02  1.025973e+02 
   67.275    4.321000  2.198378e+02  1.028127e+02 
   67.275    4.424000  2.207323e+02  1.030285e+02 
   67.275    4.527000  2.216203e+02  1.032446e+02 
   67.275    4.630000  2.224987e+02  1.034610e+02 
   67.275    4.733000  2.233643e+02  1.036775e+02 
   67.275    4.836000  2.242146e+02  1.038940e+02 
   67.275    4.939000  2.250863e+02  1.041221e+02 
   67.275    5.041000  2.258981e+02  1.043358e+02 
   67.275    5.144000  2.269376e+02  1.045877e+02 
   67.275    5.247000  2.279460e+02  1.048365e+02 
   67.275    5.350000  2.290710e+02  1.051050e+02 
   67.275    5.453000  2.303597e+02  1.054000e+02 
   67.275    5.556000  2.325738e+02  1.058372e+02 
   67.275    5.659000  2.349749e+02  1.063012e+02 
   67.275    5.762000  2.375096e+02  1.067832e+02 
   67.275    5.865000  2.401258e+02  1.072744e+02 
   67.275    5.967000  2.429597e+02  1.077939e+02 
   67.275    6.070000  2.456281e+02  1.082867e+02 
   67.275    6.173000  2.495937e+02  1.089648e+02 
   67.275    6.276000  2.562529e+02  1.100162e+02 
   67.275    6.379000  2.685553e+02  1.118081e+02 
   67.275    6.482000  2.887389e+02  1.145126e+02 
   67.275    6.585000  3.155696e+02  1.177859e+02 
   67.275    6.688000  3.474676e+02  1.212887e+02 
   67.275    6.791000  3.730262e+02  1.238623e+02 
   67.275    6.893000  3.908253e+02  1.255625e+02 
   67.275    6.996000  3.964861e+02  1.261450e+02 
   67.275    7.099000  3.995746e+02  1.265010e+02 
   67.275    7.202000  4.021827e+02  1.268176e+02 
   67.275    7.305000  4.052405e+02  1.271766e+02 
   67.275    7.408000  4.078651e+02  1.275003e+02 
   67.275    7.511000  4.103768e+02  1.278167e+02 
   67.275    7.614000  4.130537e+02  1.281502e+02 
   67.275    7.717000  4.161755e+02  1.285222e+02 
   67.275    7.819000  4.190447e+02  1.288692e+02 
   67.275    7.921999  4.212102e+02  1.291568e+02 
   67.275    8.025001  4.233341e+02  1.294387e+02 
   67.275    8.128000  4.256168e+02  1.297303e+02 
   67.275    8.231000  4.287247e+02  1.300848e+02 
   67.275    8.334001  4.312337e+02  1.303880e+02 
   67.275    8.437000  4.333472e+02  1.306577e+02 
   67.275    8.540000  4.358530e+02  1.309565e+02 
   67.275    8.643001  4.384110e+02  1.312569e+02 
   67.275    8.746000  4.411308e+02  1.315678e+02 
   67.275    8.848001  4.434194e+02  1.318423e+02 
   67.275    8.951000  4.456687e+02  1.321118e+02 
   67.275    9.054000  4.479142e+02  1.323776e+02 
   67.275    9.157001  4.504981e+02  1.326648e+02 
   67.275    9.260000  4.537472e+02  1.329963e+02 
   67.275    9.363000  4.560329e+02  1.332532e+02 
   67.275    9.466001  4.565365e+02  1.333763e+02 
   67.275    9.569000  4.570344e+02  1.334972e+02 
   67.275    9.672000  4.575268e+02  1.336160e+02 
   67.275    9.774000  4.580067e+02  1.337316e+02 
   67.275    9.877000  4.584803e+02  1.338462e+02 
   67.275    9.980000  4.589420e+02  1.339588e+02 
   67.275   10.083000  4.594269e+02  1.340687e+02 
   67.275   10.186000  4.599010e+02  1.341768e+02 
   67.275   10.289001  4.603645e+02  1.342831e+02 
   67.275   10.392000  4.608193e+02  1.343877e+02 
   67.275   10.495000  4.612682e+02  1.344906e+02 
   67.275   10.598001  4.617115e+02  1.345918e+02 
   67.275   10.700001  4.621443e+02  1.346904e+02 
   67.275   10.803000  4.625745e+02  1.347885e+02 
   67.275   10.906000  4.629977e+02  1.348852e+02 
   67.275   11.009000  4.634146e+02  1.349805e+02 
   67.275   11.112000  4.638263e+02  1.350745e+02 
   67.275   11.215000  4.642331e+02  1.351673e+02 
   67.275   11.318000  4.646349e+02  1.352588e+02 
   67.275   11.421000  4.650320e+02  1.353491e+02 
   67.275   11.524000  4.654243e+02  1.354382e+02 
   67.275   11.626000  4.658081e+02  1.355253e+02 
   67.275   11.729000  4.661904e+02  1.356120e+02 
   67.275   11.832001  4.665675e+02  1.356976e+02 
   67.275   11.935000  4.669394e+02  1.357820e+02 
   67.275   12.038000  4.673062e+02  1.358652e+02 
   67.275   12.141001  4.676681e+02  1.359474e+02 
   67.275   12.244000  4.680249e+02  1.360284e+02 
   67.275   12.347000  4.683768e+02  1.361083e+02 
   67.275   12.450001  4.687239e+02  1.361871e+02 
   67.275   12.552000  4.690629e+02  1.362640e+02 
   67.275   12.655001  4.694005e+02  1.363405e+02 
   67.275   12.758000  4.697334e+02  1.364159e+02 
   67.275   12.861000  4.700623e+02  1.364901e+02 
   67.275   12.964001  4.703871e+02  1.365630e+02 
   67.275   13.067000  4.707081e+02  1.366348e+02 
   67.275   13.170000  4.710252e+02  1.367054e+02 
   67.275   13.273001  4.713387e+02  1.367747e+02 
   67.275   13.376000  4.716485e+02  1.368429e+02 
   67.275   13.478001  4.719518e+02  1.369092e+02 
   67.275   13.581000  4.722544e+02  1.369750e+02 
   67.275   13.684000  4.725536e+02  1.370396e+02 
   67.275   13.787001  4.728495e+02  1.371030e+02 
   67.275   13.890000  4.731419e+02  1.371654e+02 
   67.275   13.993000  4.734311e+02  1.372265e+02 
   67.275   14.096001  4.737171e+02  1.372865e+02 
   67.275   14.199000  4.739999e+02  1.373454e+02 
   67.275   14.302000  4.742795e+02  1.374032e+02 
   67.275   14.405001  4.745561e+02  1.374599e+02 
   67.275   14.507000  4.748268e+02  1.375150e+02 
   67.275   14.610001  4.750971e+02  1.375696e+02 
   67.275   14.713000  4.753641e+02  1.376233e+02 
   67.275   14.816000  4.756281e+02  1.376760e+02 
   67.275   14.919001  4.758889e+02  1.377278e+02 
   67.275   15.022000  4.761465e+02  1.377787e+02 
   67.275   15.125000  4.764010e+02  1.378287e+02 
   67.275   15.228001  4.766523e+02  1.378780e+02 
   67.275   15.331000  4.769006e+02  1.379264e+02 
   67.275   15.433001  4.771434e+02  1.379735e+02 
   67.275   15.536000  4.773856e+02  1.380204e+02 
   67.275   15.639000  4.776248e+02  1.380664e+02 
   67.275   15.742001  4.778611e+02  1.381116e+02 
   67.275   15.845000  4.780946e+02  1.381560e+02 
   67.275   15.948000  4.783253e+02  1.381996e+02 
   67.275   16.051001  4.785534e+02  1.382424e+02 
   67.275   16.154001  4.787791e+02  1.382845e+02 
   67.275   16.257000  4.790023e+02  1.383257e+02 
   67.275   16.359001  4.792210e+02  1.383658e+02 
   67.275   16.462000  4.794395e+02  1.384055e+02 
   67.275   16.565001  4.796558e+02  1.384445e+02 
   67.275   16.668001  4.798699e+02  1.384827e+02 
   67.275   16.771000  4.800819e+02  1.385202e+02 
   67.275   16.874001  4.802920e+02  1.385568e+02 
   67.275   16.977001  4.805001e+02  1.385927e+02 
   67.275   17.080000  4.807065e+02  1.386277e+02 
   67.275   17.183001  4.809115e+02  1.386618e+02 
   67.275   17.285000  4.811131e+02  1.386948e+02 
   67.275   17.388000  4.813152e+02  1.387271e+02 
   67.275   17.491001  4.815161e+02  1.387585e+02 
   67.275   17.594000  4.817159e+02  1.387890e+02 
   67.275   17.697001  4.819144e+02  1.388185e+02 
   67.275   17.800001  4.821117e+02  1.388473e+02 
   67.275   17.903000  4.823076e+02  1.388752e+02 
   67.275   18.006001  4.825020e+02  1.389023e+02 
   67.275   18.109001  4.826949e+02  1.389287e+02 
   67.275   18.211000  4.828843e+02  1.389541e+02 
   67.275   18.314001  4.830738e+02  1.389792e+02 
   67.275   18.417000  4.832617e+02  1.390036e+02 
   67.275   18.520000  4.834478e+02  1.390275e+02 
   67.275   18.623001  4.836324e+02  1.390506e+02 
   67.275   18.726000  4.838155e+02  1.390731e+02 
   67.275   18.829000  4.839971e+02  1.390950e+02 
   67.275   18.932001  4.841772e+02  1.391162e+02 
   67.275   19.035000  4.843561e+02  1.391368e+02 
   67.275   19.138000  4.845337e+02  1.391567e+02 
   67.275   19.240000  4.847082e+02  1.391759e+02 
   67.275   19.343000  4.848831e+02  1.391947e+02 
   67.275   19.446001  4.850567e+02  1.392129e+02 
   67.275   19.549000  4.852289e+02  1.392305e+02 
   67.275   19.652000  4.853998e+02  1.392477e+02 
   67.275   19.755001  4.855694e+02  1.392643e+02 
   67.275   19.858000  4.857377e+02  1.392804e+02 
   67.275   19.961000  4.859046e+02  1.392961e+02 
   67.275   20.064001  4.860707e+02  1.393111e+02 
   67.275   20.363001  4.865477e+02  1.393512e+02 
   67.275   20.859001  4.873162e+02  1.394090e+02 
   67.275   21.354000  4.880550e+02  1.394564e+02 
   67.275   21.850000  4.887682e+02  1.394944e+02 
   67.275   22.346001  4.894489e+02  1.395259e+02 
   67.275   22.842001  4.900907e+02  1.395545e+02 
   67.275   23.337000  4.906885e+02  1.395819e+02 
   67.275   23.833000  4.912468e+02  1.396084e+02 
   67.275   24.329000  4.917704e+02  1.396326e+02 
   67.275   24.825001  4.922628e+02  1.396540e+02 
   67.275   25.320000  4.927228e+02  1.396732e+02 
   67.275   25.816000  4.931529e+02  1.396911e+02 
   67.275   26.312000  4.935546e+02  1.397075e+02 
   67.275   26.808001  4.939308e+02  1.397221e+02 
   67.275   27.302999  4.942826e+02  1.397349e+02 
   67.275   27.799000  4.946116e+02  1.397463e+02 
   67.275   28.295000  4.949185e+02  1.397564e+02 
   67.275   28.791000  4.952063e+02  1.397651e+02 
   67.275   29.286001  4.954774e+02  1.397721e+02 
   67.275   29.782000  4.957356e+02  1.397775e+02 
   67.275   30.278000  4.959819e+02  1.397813e+02 
   67.275   30.774000  4.962181e+02  1.397837e+02 
   67.275   31.269001  4.964455e+02  1.397847e+02 
   67.275   31.764999  4.966665e+02  1.397845e+02 
   67.275   32.260998  4.968830e+02  1.397833e+02 
   67.275   32.757000  4.970966e+02  1.397813e+02 
   67.275   33.251999  4.973085e+02  1.397787e+02 
   67.275   33.747997  4.975212e+02  1.397758e+02 
   67.275   34.243999  4.977355e+02  1.397728e+02 
   67.275   34.739998  4.979531e+02  1.397697e+02 
   67.275   35.234997  4.981745e+02  1.397667e+02 
   67.275   35.730999  4.984017e+02  1.397639e+02 
   67.275   36.226997  4.986348e+02  1.397612e+02 
   67.275   36.723000  4.988738e+02  1.397587e+02 
   67.275   37.217999  4.991176e+02  1.397563e+02 
   67.275   37.713997  4.993660e+02  1.397542e+02 
   67.275   38.209999  4.996170e+02  1.397522e+02 
   67.275   38.705997  4.998687e+02  1.397505e+02 
   67.275   39.201000  5.001187e+02  1.397489e+02 
   67.275   39.696999  5.003658e+02  1.397477e+02 
   67.275   40.196999  5.006062e+02  1.397476e+02 
   67.275   45.196999  5.024879e+02  1.397618e+02 
   67.275   50.196999  5.031985e+02  1.397779e+02 
   67.275   55.196999  5.034500e+02  1.397895e+02 
   67.275   60.196999  5.042206e+02  1.397970e+02 
   67.275   65.196999  5.054629e+02  1.398017e+02 
