   67.773    0.000000  1.084841e-12  6.730089e+00 
   67.773    0.103000  1.090624e-12  6.830701e+00 
   67.773    0.206000  1.096329e-12  6.933041e+00 
   67.773    0.309000  1.101992e-12  7.035944e+00 
   67.773    0.412000  1.107623e-12  7.138929e+00 
   67.773    0.515000  1.113235e-12  7.241673e+00 
   67.773    0.618000  1.118835e-12  7.343965e+00 
   67.773    0.720000  1.124370e-12  7.444742e+00 
   67.773    0.823000  1.141062e-12  7.610111e+00 
   67.773    0.926000  1.158539e-12  7.777891e+00 
   67.773    1.029000  1.179177e-12  7.961197e+00 
   67.773    1.132000  1.204449e-12  8.167308e+00 
   67.773    1.235000  1.692377e-08  5.411504e+01 
   67.773    1.338000  1.725975e-05  8.814273e+01 
   67.773    1.441000  2.424031e-03  1.156552e+02 
   67.773    1.544000  7.280748e-02  1.388764e+02 
   67.773    1.646000  6.873890e-01  1.588532e+02 
   67.773    1.749000  3.049766e+00  1.763656e+02 
   67.773    1.852000  8.297725e+00  1.914559e+02 
   67.773    1.955000  8.809831e+00  1.919996e+02 
   67.773    2.058000  1.521589e+01  2.017418e+02 
   67.773    2.161000  2.592003e+02  2.581787e+02 
   67.773    2.264000  3.013019e+02  2.604524e+02 
   67.773    2.367000  3.032095e+02  2.602631e+02 
   67.773    2.470000  3.051348e+02  2.601283e+02 
   67.773    2.572000  3.070788e+02  2.600396e+02 
   67.773    2.675000  3.091407e+02  2.599939e+02 
   67.773    2.778000  3.115435e+02  2.600146e+02 
   67.773    2.881000  3.150578e+02  2.601918e+02 
   67.773    2.984000  3.223552e+02  2.608372e+02 
   67.773    3.087000  3.435602e+02  2.630306e+02 
   67.773    3.190000  3.451518e+02  2.630102e+02 
   67.773    3.293000  3.467258e+02  2.630099e+02 
   67.773    3.396000  3.482836e+02  2.630258e+02 
   67.773    3.498000  3.498098e+02  2.630554e+02 
   67.773    3.601000  3.513386e+02  2.630966e+02 
   67.773    3.704000  3.528630e+02  2.631471e+02 
   67.773    3.807000  3.543832e+02  2.632059e+02 
   67.773    3.910000  3.559002e+02  2.632721e+02 
   67.773    4.013000  3.574134e+02  2.633449e+02 
   67.773    4.116000  3.589200e+02  2.634240e+02 
   67.773    4.219000  3.604170e+02  2.635088e+02 
   67.773    4.322000  3.619012e+02  2.635991e+02 
   67.773    4.425000  3.633706e+02  2.636942e+02 
   67.773    4.527000  3.648079e+02  2.637929e+02 
   67.773    4.630000  3.662400e+02  2.638965e+02 
   67.773    4.733000  3.676556e+02  2.640033e+02 
   67.773    4.836000  3.690530e+02  2.641129e+02 
   67.773    4.939000  3.704312e+02  2.642249e+02 
   67.773    5.042000  3.717899e+02  2.643391e+02 
   67.773    5.145000  3.731266e+02  2.644553e+02 
   67.773    5.248000  3.744413e+02  2.645733e+02 
   67.773    5.351000  3.757340e+02  2.646928e+02 
   67.773    5.453000  3.769913e+02  2.648125e+02 
   67.773    5.556000  3.782397e+02  2.649345e+02 
   67.773    5.659000  3.794671e+02  2.650574e+02 
   67.773    5.762000  3.806734e+02  2.651812e+02 
   67.773    5.865000  3.818591e+02  2.653056e+02 
   67.773    5.968000  3.830235e+02  2.654306e+02 
   67.773    6.071000  3.841671e+02  2.655561e+02 
   67.773    6.174000  3.852904e+02  2.656818e+02 
   67.773    6.277000  3.863971e+02  2.658075e+02 
   67.773    6.379000  3.874801e+02  2.659317e+02 
   67.773    6.482000  3.885623e+02  2.660567e+02 
   67.773    6.585000  3.896353e+02  2.661813e+02 
   67.773    6.688000  3.907030e+02  2.663053e+02 
   67.773    6.791000  3.925652e+02  2.664787e+02 
   67.773    6.894000  3.949070e+02  2.666803e+02 
   67.773    6.997000  3.973185e+02  2.668839e+02 
   67.773    7.100000  3.998108e+02  2.670906e+02 
   67.773    7.203000  4.022488e+02  2.672935e+02 
   67.773    7.305000  4.047344e+02  2.674998e+02 
   67.773    7.408000  4.074305e+02  2.677207e+02 
   67.773    7.511000  4.097825e+02  2.679227e+02 
   67.773    7.614000  4.119810e+02  2.681195e+02 
   67.773    7.717000  4.141007e+02  2.683138e+02 
   67.773    7.820000  4.161722e+02  2.685048e+02 
   67.773    7.923000  4.183889e+02  2.687036e+02 
   67.773    8.026000  4.211331e+02  2.689316e+02 
   67.773    8.129000  4.236149e+02  2.691410e+02 
   67.773    8.231000  4.262416e+02  2.693550e+02 
   67.773    8.334000  4.281295e+02  2.695255e+02 
   67.773    8.436999  4.300565e+02  2.696970e+02 
   67.773    8.540000  4.318353e+02  2.698590e+02 
   67.773    8.643000  4.342736e+02  2.700557e+02 
   67.773    8.745999  4.364548e+02  2.702364e+02 
   67.773    8.849000  4.382739e+02  2.703932e+02 
   67.773    8.952000  4.398857e+02  2.705370e+02 
   67.773    9.054999  4.418013e+02  2.706948e+02 
   67.773    9.157000  4.436328e+02  2.708451e+02 
   67.773    9.259999  4.441155e+02  2.709221e+02 
   67.773    9.363000  4.450094e+02  2.710361e+02 
   67.773    9.466000  4.459507e+02  2.711520e+02 
   67.773    9.568999  4.469226e+02  2.712676e+02 
   67.773    9.672000  4.473900e+02  2.713373e+02 
   67.773    9.775000  4.478571e+02  2.714052e+02 
   67.773    9.877999  4.483203e+02  2.714712e+02 
   67.773    9.981000  4.487787e+02  2.715354e+02 
   67.773   10.084000  4.492306e+02  2.715980e+02 
   67.773   10.186000  4.497014e+02  2.716576e+02 
   67.773   10.289000  4.501656e+02  2.717165e+02 
   67.773   10.392000  4.506203e+02  2.717741e+02 
   67.773   10.495000  4.510676e+02  2.718307e+02 
   67.773   10.598000  4.515081e+02  2.718861e+02 
   67.773   10.701000  4.519422e+02  2.719405e+02 
   67.773   10.804000  4.523709e+02  2.719940e+02 
   67.773   10.907000  4.527943e+02  2.720466e+02 
   67.773   11.009999  4.532123e+02  2.720984e+02 
   67.773   11.112000  4.536207e+02  2.721490e+02 
   67.773   11.215000  4.540274e+02  2.721994e+02 
   67.773   11.318000  4.544285e+02  2.722492e+02 
   67.773   11.421000  4.548243e+02  2.722985e+02 
   67.773   11.524000  4.552148e+02  2.723472e+02 
   67.773   11.627000  4.556000e+02  2.723954e+02 
   67.773   11.730000  4.559797e+02  2.724430e+02 
   67.773   11.833000  4.563539e+02  2.724901e+02 
   67.773   11.936000  4.567226e+02  2.725366e+02 
   67.773   12.038000  4.570825e+02  2.725821e+02 
   67.773   12.141000  4.574409e+02  2.726274e+02 
   67.773   12.243999  4.577942e+02  2.726721e+02 
   67.773   12.347000  4.581427e+02  2.727161e+02 
   67.773   12.450000  4.584866e+02  2.727595e+02 
   67.773   12.552999  4.588257e+02  2.728022e+02 
   67.773   12.656000  4.591605e+02  2.728442e+02 
   67.773   12.759000  4.594910e+02  2.728855e+02 
   67.773   12.862000  4.598177e+02  2.729261e+02 
   67.773   12.964000  4.601376e+02  2.729656e+02 
   67.773   13.066999  4.604568e+02  2.730047e+02 
   67.773   13.170000  4.607722e+02  2.730431e+02 
   67.773   13.273000  4.610840e+02  2.730807e+02 
   67.773   13.375999  4.613922e+02  2.731175e+02 
   67.773   13.479000  4.616969e+02  2.731534e+02 
   67.773   13.582000  4.619982e+02  2.731885e+02 
   67.773   13.684999  4.622961e+02  2.732227e+02 
   67.773   13.788000  4.625908e+02  2.732559e+02 
   67.773   13.889999  4.628795e+02  2.732879e+02 
   67.773   13.993000  4.631678e+02  2.733192e+02 
   67.773   14.096000  4.634531e+02  2.733496e+02 
   67.773   14.198999  4.637353e+02  2.733791e+02 
   67.773   14.302000  4.640143e+02  2.734077e+02 
   67.773   14.405000  4.642901e+02  2.734355e+02 
   67.773   14.507999  4.645627e+02  2.734625e+02 
   67.773   14.611000  4.648321e+02  2.734888e+02 
   67.773   14.714000  4.650981e+02  2.735145e+02 
   67.773   14.816999  4.653609e+02  2.735397e+02 
   67.773   14.919000  4.656179e+02  2.735641e+02 
   67.773   15.021999  4.658741e+02  2.735882e+02 
   67.773   15.125000  4.661273e+02  2.736118e+02 
   67.773   15.228000  4.663772e+02  2.736349e+02 
   67.773   15.330999  4.666240e+02  2.736574e+02 
   67.773   15.434000  4.668678e+02  2.736795e+02 
   67.773   15.537000  4.671085e+02  2.737011e+02 
   67.773   15.639999  4.673462e+02  2.737222e+02 
   67.773   15.743000  4.675811e+02  2.737428e+02 
   67.773   15.844999  4.678108e+02  2.737627e+02 
   67.773   15.948000  4.680401e+02  2.737823e+02 
   67.773   16.051001  4.682669e+02  2.738015e+02 
   67.773   16.153999  4.684914e+02  2.738201e+02 
   67.773   16.257000  4.687134e+02  2.738383e+02 
   67.773   16.360001  4.689332e+02  2.738559e+02 
   67.773   16.462999  4.691507e+02  2.738730e+02 
   67.773   16.566000  4.693660e+02  2.738896e+02 
   67.773   16.669001  4.695791e+02  2.739056e+02 
   67.773   16.771000  4.697883e+02  2.739208e+02 
   67.773   16.874001  4.699977e+02  2.739354e+02 
   67.773   16.976999  4.702052e+02  2.739494e+02 
   67.773   17.080000  4.704112e+02  2.739625e+02 
   67.773   17.183001  4.706160e+02  2.739747e+02 
   67.773   17.285999  4.708194e+02  2.739860e+02 
   67.773   17.389000  4.710216e+02  2.739963e+02 
   67.773   17.492001  4.712226e+02  2.740058e+02 
   67.773   17.594999  4.714224e+02  2.740143e+02 
   67.773   17.697001  4.716190e+02  2.740220e+02 
   67.773   17.799999  4.718162e+02  2.740289e+02 
   67.773   17.903000  4.720117e+02  2.740352e+02 
   67.773   18.006001  4.722057e+02  2.740410e+02 
   67.773   18.108999  4.723979e+02  2.740462e+02 
   67.773   18.212000  4.725886e+02  2.740508e+02 
   67.773   18.315001  4.727777e+02  2.740550e+02 
   67.773   18.417999  4.729651e+02  2.740586e+02 
   67.773   18.521000  4.731510e+02  2.740618e+02 
   67.773   18.622999  4.733336e+02  2.740643e+02 
   67.773   18.726000  4.735164e+02  2.740664e+02 
   67.773   18.829000  4.736978e+02  2.740680e+02 
   67.773   18.931999  4.738776e+02  2.740690e+02 
   67.773   19.035000  4.740561e+02  2.740696e+02 
   67.773   19.138000  4.742333e+02  2.740697e+02 
   67.773   19.240999  4.744090e+02  2.740694e+02 
   67.773   19.344000  4.745835e+02  2.740686e+02 
   67.773   19.447001  4.747567e+02  2.740674e+02 
   67.773   19.549999  4.749285e+02  2.740657e+02 
   67.773   19.652000  4.750974e+02  2.740637e+02 
   67.773   19.754999  4.752667e+02  2.740612e+02 
   67.773   19.858000  4.754348e+02  2.740582e+02 
   67.773   19.961000  4.756016e+02  2.740549e+02 
   67.773   20.063999  4.757676e+02  2.740509e+02 
   67.773   20.362999  4.762440e+02  2.740364e+02 
   67.773   20.858999  4.770115e+02  2.740056e+02 
   67.773   21.355000  4.777509e+02  2.739671e+02 
   67.773   21.851000  4.784613e+02  2.739226e+02 
   67.773   22.346001  4.791348e+02  2.738770e+02 
   67.773   22.841999  4.797685e+02  2.738341e+02 
   67.773   23.337999  4.803592e+02  2.737958e+02 
   67.773   23.834000  4.809112e+02  2.737606e+02 
   67.773   24.329000  4.814297e+02  2.737263e+02 
   67.773   24.824999  4.819191e+02  2.736925e+02 
   67.773   25.320999  4.823765e+02  2.736606e+02 
   67.773   25.816999  4.828029e+02  2.736310e+02 
   67.773   26.312000  4.832006e+02  2.736031e+02 
   67.773   26.808001  4.835736e+02  2.735762e+02 
   67.773   27.303999  4.839222e+02  2.735504e+02 
   67.773   27.799999  4.842475e+02  2.735259e+02 
   67.773   28.295000  4.845512e+02  2.735022e+02 
   67.773   28.791000  4.848373e+02  2.734789e+02 
   67.773   29.287001  4.851075e+02  2.734557e+02 
   67.773   29.782999  4.853641e+02  2.734324e+02 
   67.773   30.278000  4.856081e+02  2.734089e+02 
   67.773   30.774000  4.858420e+02  2.733853e+02 
   67.773   31.270000  4.860671e+02  2.733617e+02 
   67.773   31.765999  4.862849e+02  2.733382e+02 
   67.773   32.261002  4.864972e+02  2.733148e+02 
   67.773   32.757000  4.867068e+02  2.732915e+02 
   67.773   33.253002  4.869149e+02  2.732686e+02 
   67.773   33.749001  4.871232e+02  2.732464e+02 
   67.773   34.244003  4.873323e+02  2.732253e+02 
   67.773   34.740002  4.875447e+02  2.732053e+02 
   67.773   35.236000  4.877614e+02  2.731864e+02 
   67.773   35.732002  4.879832e+02  2.731688e+02 
   67.773   36.227001  4.882104e+02  2.731523e+02 
   67.773   36.723003  4.884437e+02  2.731368e+02 
   67.773   37.219002  4.886824e+02  2.731223e+02 
   67.773   37.715000  4.889253e+02  2.731089e+02 
   67.773   38.210003  4.891707e+02  2.730964e+02 
   67.773   38.706001  4.894177e+02  2.730849e+02 
   67.773   39.202003  4.896641e+02  2.730744e+02 
   67.773   39.698002  4.899074e+02  2.730649e+02 
   67.773   40.198002  4.901447e+02  2.730575e+02 
   67.773   45.198002  4.920126e+02  2.730298e+02 
   67.773   50.198002  4.927216e+02  2.730295e+02 
   67.773   55.198002  4.929698e+02  2.730340e+02 
   67.773   60.198002  4.937131e+02  2.730381e+02 
   67.773   65.197998  4.949464e+02  2.730411e+02 
