    0.000    0.000000  0.000000e+00  3.511238e+02 
    0.000    0.103000  0.000000e+00  3.505163e+02 
    0.000    0.206000  0.000000e+00  3.491907e+02 
    0.000    0.309000  0.000000e+00  3.475833e+02 
    0.000    0.412000  0.000000e+00  3.460334e+02 
    0.000    0.515000  0.000000e+00  3.443925e+02 
    0.000    0.618000  0.000000e+00  3.426834e+02 
    0.000    0.721000  0.000000e+00  3.405154e+02 
    0.000    0.824000  0.000000e+00  3.379783e+02 
    0.000    0.926000  0.000000e+00  3.351535e+02 
    0.000    1.029000  0.000000e+00  3.320078e+02 
    0.000    1.132000  0.000000e+00  3.286353e+02 
    0.000    1.235000  0.000000e+00  3.253460e+02 
    0.000    1.338000  0.000000e+00  3.221556e+02 
    0.000    1.441000  0.000000e+00  3.190150e+02 
    0.000    1.544000  0.000000e+00  3.159095e+02 
    0.000    1.647000  0.000000e+00  3.128964e+02 
    0.000    1.750000  0.000000e+00  3.099464e+02 
    0.000    1.852000  0.000000e+00  3.090387e+02 
    0.000    1.955000  0.000000e+00  3.079670e+02 
    0.000    2.058000  0.000000e+00  3.068004e+02 
    0.000    2.161000  0.000000e+00  3.055022e+02 
    0.000    2.264000  0.000000e+00  3.041344e+02 
    0.000    2.367000  0.000000e+00  3.011008e+02 
    0.000    2.470000  0.000000e+00  2.962416e+02 
    0.000    2.573000  0.000000e+00  2.951407e+02 
    0.000    2.676000  0.000000e+00  2.939184e+02 
    0.000    2.778000  0.000000e+00  2.926020e+02 
    0.000    2.881000  0.000000e+00  2.860679e+02 
    0.000    2.984000  0.000000e+00  2.812016e+02 
    0.000    3.087000  0.000000e+00  2.769562e+02 
    0.000    3.190000  0.000000e+00  2.760858e+02 
    0.000    3.293000  0.000000e+00  2.751099e+02 
    0.000    3.396000  0.000000e+00  2.740685e+02 
    0.000    3.499000  0.000000e+00  2.729850e+02 
    0.000    3.602000  0.000000e+00  2.718638e+02 
    0.000    3.705000  0.000000e+00  2.707111e+02 
    0.000    3.807000  0.000000e+00  2.695585e+02 
    0.000    3.910000  0.000000e+00  2.683861e+02 
    0.000    4.013000  0.000000e+00  2.672074e+02 
    0.000    4.116000  0.000000e+00  2.660267e+02 
    0.000    4.219000  0.000000e+00  2.648392e+02 
    0.000    4.322000  0.000000e+00  2.636776e+02 
    0.000    4.425000  0.000000e+00  2.624832e+02 
    0.000    4.528000  0.000000e+00  2.612252e+02 
    0.000    4.631000  0.000000e+00  2.598640e+02 
    0.000    4.733000  0.000000e+00  2.584094e+02 
    0.000    4.836000  0.000000e+00  2.568911e+02 
    0.000    4.939000  0.000000e+00  2.553765e+02 
    0.000    5.042000  0.000000e+00  2.539454e+02 
    0.000    5.145000  0.000000e+00  2.526239e+02 
    0.000    5.248000  0.000000e+00  2.514066e+02 
    0.000    5.351000  0.000000e+00  2.501988e+02 
    0.000    5.454000  0.000000e+00  2.489669e+02 
    0.000    5.557000  0.000000e+00  2.476225e+02 
    0.000    5.659000  0.000000e+00  2.460934e+02 
    0.000    5.762000  0.000000e+00  2.442426e+02 
    0.000    5.865000  0.000000e+00  2.420869e+02 
    0.000    5.968000  0.000000e+00  2.396278e+02 
    0.000    6.071000  0.000000e+00  2.370801e+02 
    0.000    6.174000  0.000000e+00  2.347097e+02 
    0.000    6.277000  0.000000e+00  2.327153e+02 
    0.000    6.380000  0.000000e+00  2.311518e+02 
    0.000    6.483000  0.000000e+00  2.298275e+02 
    0.000    6.585000  0.000000e+00  2.289339e+02 
    0.000    6.688000  0.000000e+00  2.280850e+02 
    0.000    6.791000  0.000000e+00  2.272518e+02 
    0.000    6.894000  0.000000e+00  2.264452e+02 
    0.000    6.997000  0.000000e+00  2.256879e+02 
    0.000    7.100000  0.000000e+00  2.249675e+02 
    0.000    7.203000  0.000000e+00  2.243343e+02 
    0.000    7.306000  0.000000e+00  2.238000e+02 
    0.000    7.409000  0.000000e+00  2.233663e+02 
    0.000    7.511000  0.000000e+00  2.230416e+02 
    0.000    7.614000  0.000000e+00  2.227879e+02 
    0.000    7.717000  0.000000e+00  2.225692e+02 
    0.000    7.820000  0.000000e+00  2.223848e+02 
    0.000    7.923000  0.000000e+00  2.222372e+02 
    0.000    8.026000  0.000000e+00  2.220951e+02 
    0.000    8.129000  0.000000e+00  2.219598e+02 
    0.000    8.231999  0.000000e+00  2.218345e+02 
    0.000    8.335000  0.000000e+00  2.217075e+02 
    0.000    8.436999  0.000000e+00  2.215705e+02 
    0.000    8.540000  0.000000e+00  2.214281e+02 
    0.000    8.643000  0.000000e+00  2.212686e+02 
    0.000    8.745999  0.000000e+00  2.210905e+02 
    0.000    8.849000  0.000000e+00  2.209055e+02 
    0.000    8.952000  0.000000e+00  2.207034e+02 
    0.000    9.054999  0.000000e+00  2.205229e+02 
    0.000    9.158000  0.000000e+00  2.203316e+02 
    0.000    9.261000  0.000000e+00  2.201678e+02 
    0.000    9.363999  0.000000e+00  2.200085e+02 
    0.000    9.466000  0.000000e+00  2.198542e+02 
    0.000    9.568999  0.000000e+00  2.197091e+02 
    0.000    9.672000  0.000000e+00  2.195697e+02 
    0.000    9.775000  0.000000e+00  2.194384e+02 
    0.000    9.877999  0.000000e+00  2.193221e+02 
    0.000    9.981000  0.000000e+00  2.192177e+02 
    0.000   10.084000  0.000000e+00  2.191668e+02 
    0.000   10.186999  0.000000e+00  2.191199e+02 
    0.000   10.290000  0.000000e+00  2.190996e+02 
    0.000   10.392000  0.000000e+00  2.190788e+02 
    0.000   10.495000  0.000000e+00  2.190485e+02 
    0.000   10.598000  0.000000e+00  2.190125e+02 
    0.000   10.701000  0.000000e+00  2.189733e+02 
    0.000   10.804000  0.000000e+00  2.187935e+02 
    0.000   10.907000  0.000000e+00  2.187483e+02 
    0.000   11.009999  0.000000e+00  2.187006e+02 
    0.000   11.113000  0.000000e+00  2.186467e+02 
    0.000   11.216000  0.000000e+00  2.185885e+02 
    0.000   11.318000  0.000000e+00  2.185279e+02 
    0.000   11.421000  0.000000e+00  2.184610e+02 
    0.000   11.524000  0.000000e+00  2.183900e+02 
    0.000   11.627000  0.000000e+00  2.183172e+02 
    0.000   11.730000  0.000000e+00  2.182476e+02 
    0.000   11.833000  0.000000e+00  2.181806e+02 
    0.000   11.936000  0.000000e+00  2.181149e+02 
    0.000   12.039000  0.000000e+00  2.180519e+02 
    0.000   12.142000  0.000000e+00  2.179910e+02 
    0.000   12.243999  0.000000e+00  2.179321e+02 
    0.000   12.347000  0.000000e+00  2.178717e+02 
    0.000   12.450000  0.000000e+00  2.178103e+02 
    0.000   12.552999  0.000000e+00  2.177487e+02 
    0.000   12.656000  0.000000e+00  2.176859e+02 
    0.000   12.759000  0.000000e+00  2.176217e+02 
    0.000   12.862000  0.000000e+00  2.175568e+02 
    0.000   12.965000  0.000000e+00  2.174919e+02 
    0.000   13.068000  0.000000e+00  2.174271e+02 
    0.000   13.170000  0.000000e+00  2.173631e+02 
    0.000   13.273000  0.000000e+00  2.172997e+02 
    0.000   13.375999  0.000000e+00  2.172393e+02 
    0.000   13.479000  0.000000e+00  2.171811e+02 
    0.000   13.582000  0.000000e+00  2.171247e+02 
    0.000   13.684999  0.000000e+00  2.170721e+02 
    0.000   13.788000  0.000000e+00  2.170227e+02 
    0.000   13.891000  0.000000e+00  2.169754e+02 
    0.000   13.993999  0.000000e+00  2.169324e+02 
    0.000   14.097000  0.000000e+00  2.168936e+02 
    0.000   14.198999  0.000000e+00  2.168579e+02 
    0.000   14.302000  0.000000e+00  2.168242e+02 
    0.000   14.405000  0.000000e+00  2.167928e+02 
    0.000   14.507999  0.000000e+00  2.167632e+02 
    0.000   14.611000  0.000000e+00  2.167342e+02 
    0.000   14.714000  0.000000e+00  2.167032e+02 
    0.000   14.816999  0.000000e+00  2.166709e+02 
    0.000   14.920000  0.000000e+00  2.166382e+02 
    0.000   15.023000  0.000000e+00  2.166040e+02 
    0.000   15.125000  0.000000e+00  2.165690e+02 
    0.000   15.228000  0.000000e+00  2.165331e+02 
    0.000   15.330999  0.000000e+00  2.164969e+02 
    0.000   15.434000  0.000000e+00  2.151723e+02 
    0.000   15.537000  0.000000e+00  2.151370e+02 
    0.000   15.639999  0.000000e+00  2.151010e+02 
    0.000   15.743000  0.000000e+00  2.150618e+02 
    0.000   15.846000  0.000000e+00  2.150202e+02 
    0.000   15.948999  0.000000e+00  2.149772e+02 
    0.000   16.051001  0.000000e+00  2.149335e+02 
    0.000   16.153999  0.000000e+00  2.148884e+02 
    0.000   16.257000  0.000000e+00  2.148427e+02 
    0.000   16.360001  0.000000e+00  2.147970e+02 
    0.000   16.462999  0.000000e+00  2.147525e+02 
    0.000   16.566000  0.000000e+00  2.147088e+02 
    0.000   16.669001  0.000000e+00  2.146655e+02 
    0.000   16.771999  0.000000e+00  2.146249e+02 
    0.000   16.875000  0.000000e+00  2.145866e+02 
    0.000   16.976999  0.000000e+00  2.145501e+02 
    0.000   17.080000  0.000000e+00  2.145150e+02 
    0.000   17.183001  0.000000e+00  2.144820e+02 
    0.000   17.285999  0.000000e+00  2.144506e+02 
    0.000   17.389000  0.000000e+00  2.144205e+02 
    0.000   17.492001  0.000000e+00  2.143907e+02 
    0.000   17.594999  0.000000e+00  2.143611e+02 
    0.000   17.698000  0.000000e+00  2.143319e+02 
    0.000   17.801001  0.000000e+00  2.143030e+02 
    0.000   17.903000  0.000000e+00  2.142744e+02 
    0.000   18.006001  0.000000e+00  2.142458e+02 
    0.000   18.108999  0.000000e+00  2.142175e+02 
    0.000   18.212000  0.000000e+00  2.141894e+02 
    0.000   18.315001  0.000000e+00  2.141615e+02 
    0.000   18.417999  0.000000e+00  2.141339e+02 
    0.000   18.521000  0.000000e+00  2.141066e+02 
    0.000   18.624001  0.000000e+00  2.140793e+02 
    0.000   18.726999  0.000000e+00  2.140522e+02 
    0.000   18.830000  0.000000e+00  2.140253e+02 
    0.000   18.931999  0.000000e+00  2.139985e+02 
    0.000   19.035000  0.000000e+00  2.139708e+02 
    0.000   19.138000  0.000000e+00  2.139428e+02 
    0.000   19.240999  0.000000e+00  2.139146e+02 
    0.000   19.344000  0.000000e+00  2.138864e+02 
    0.000   19.447001  0.000000e+00  2.138585e+02 
    0.000   19.549999  0.000000e+00  2.138306e+02 
    0.000   19.653000  0.000000e+00  2.138030e+02 
    0.000   19.756001  0.000000e+00  2.137766e+02 
    0.000   19.858000  0.000000e+00  2.137518e+02 
    0.000   19.961000  0.000000e+00  2.137277e+02 
    0.000   20.063999  0.000000e+00  2.137042e+02 
    0.000   20.364000  0.000000e+00  2.136404e+02 
    0.000   20.858999  0.000000e+00  2.135409e+02 
    0.000   21.355000  0.000000e+00  2.134503e+02 
    0.000   21.851000  0.000000e+00  2.133679e+02 
    0.000   22.347000  0.000000e+00  2.132849e+02 
    0.000   22.841999  0.000000e+00  2.132054e+02 
    0.000   23.337999  0.000000e+00  2.131384e+02 
    0.000   23.834000  0.000000e+00  2.130855e+02 
    0.000   24.330000  0.000000e+00  2.130450e+02 
    0.000   24.824999  0.000000e+00  2.130205e+02 
    0.000   25.320999  0.000000e+00  2.130109e+02 
    0.000   25.816999  0.000000e+00  2.130097e+02 
    0.000   26.313000  0.000000e+00  2.130224e+02 
    0.000   26.808001  0.000000e+00  2.130442e+02 
    0.000   27.303999  0.000000e+00  2.130679e+02 
    0.000   27.799999  0.000000e+00  2.130910e+02 
    0.000   28.296000  0.000000e+00  2.131149e+02 
    0.000   28.791000  0.000000e+00  2.131452e+02 
    0.000   29.287001  0.000000e+00  2.131884e+02 
    0.000   29.782999  0.000000e+00  2.132415e+02 
    0.000   30.278999  0.000000e+00  2.133002e+02 
    0.000   30.774000  0.000000e+00  2.133560e+02 
    0.000   31.270000  0.000000e+00  2.134086e+02 
    0.000   31.765999  0.000000e+00  2.134589e+02 
    0.000   32.262001  0.000000e+00  2.135114e+02 
    0.000   32.757000  0.000000e+00  2.135675e+02 
    0.000   33.253002  0.000000e+00  2.136298e+02 
    0.000   33.749001  0.000000e+00  2.136965e+02 
    0.000   34.245003  0.000000e+00  2.137660e+02 
    0.000   34.740002  0.000000e+00  2.138327e+02 
    0.000   35.236000  0.000000e+00  2.138955e+02 
    0.000   35.732002  0.000000e+00  2.139523e+02 
    0.000   36.228001  0.000000e+00  2.140042e+02 
    0.000   36.723003  0.000000e+00  2.140522e+02 
    0.000   37.219002  0.000000e+00  2.140972e+02 
    0.000   37.715000  0.000000e+00  2.141419e+02 
    0.000   38.211002  0.000000e+00  2.141864e+02 
    0.000   38.706001  0.000000e+00  2.142316e+02 
    0.000   39.202003  0.000000e+00  2.142777e+02 
    0.000   39.698002  0.000000e+00  2.143259e+02 
    0.000   40.198002  0.000000e+00  2.143775e+02 
    0.000   45.198002  0.000000e+00  2.148296e+02 
    0.000   50.198002  0.000000e+00  2.150514e+02 
    0.000   55.198002  0.000000e+00  2.150530e+02 
    0.000   60.198002  0.000000e+00  2.149840e+02 
    0.000   65.197998  0.000000e+00  2.149317e+02 
