    0.000    0.000000  0.000000e+00  3.495045e+02 
    0.000    0.103000  0.000000e+00  3.487613e+02 
    0.000    0.206000  0.000000e+00  3.472004e+02 
    0.000    0.309000  0.000000e+00  3.456495e+02 
    0.000    0.411000  0.000000e+00  3.440104e+02 
    0.000    0.514000  0.000000e+00  3.424984e+02 
    0.000    0.617000  0.000000e+00  3.409510e+02 
    0.000    0.720000  0.000000e+00  3.394606e+02 
    0.000    0.823000  0.000000e+00  3.380309e+02 
    0.000    0.926000  0.000000e+00  3.365254e+02 
    0.000    1.029000  0.000000e+00  3.349557e+02 
    0.000    1.132000  0.000000e+00  3.334957e+02 
    0.000    1.235000  0.000000e+00  3.319394e+02 
    0.000    1.337000  0.000000e+00  3.304175e+02 
    0.000    1.440000  0.000000e+00  3.288596e+02 
    0.000    1.543000  0.000000e+00  3.272259e+02 
    0.000    1.646000  0.000000e+00  3.257978e+02 
    0.000    1.749000  0.000000e+00  3.244162e+02 
    0.000    1.852000  0.000000e+00  3.228782e+02 
    0.000    1.955000  0.000000e+00  3.204751e+02 
    0.000    2.058000  0.000000e+00  3.135278e+02 
    0.000    2.161000  0.000000e+00  3.122755e+02 
    0.000    2.263000  0.000000e+00  3.110159e+02 
    0.000    2.366000  0.000000e+00  3.097710e+02 
    0.000    2.469000  0.000000e+00  3.085107e+02 
    0.000    2.572000  0.000000e+00  3.072125e+02 
    0.000    2.675000  0.000000e+00  3.058806e+02 
    0.000    2.778000  0.000000e+00  3.045130e+02 
    0.000    2.881000  0.000000e+00  3.031379e+02 
    0.000    2.984000  0.000000e+00  3.017715e+02 
    0.000    3.087000  0.000000e+00  3.004149e+02 
    0.000    3.189000  0.000000e+00  2.990718e+02 
    0.000    3.292000  0.000000e+00  2.977296e+02 
    0.000    3.395000  0.000000e+00  2.964045e+02 
    0.000    3.498000  0.000000e+00  2.950960e+02 
    0.000    3.601000  0.000000e+00  2.938115e+02 
    0.000    3.704000  0.000000e+00  2.925534e+02 
    0.000    3.807000  0.000000e+00  2.913157e+02 
    0.000    3.910000  0.000000e+00  2.900742e+02 
    0.000    4.013000  0.000000e+00  2.888384e+02 
    0.000    4.115000  0.000000e+00  2.876208e+02 
    0.000    4.218000  0.000000e+00  2.864039e+02 
    0.000    4.321000  0.000000e+00  2.852051e+02 
    0.000    4.424000  0.000000e+00  2.840072e+02 
    0.000    4.527000  0.000000e+00  2.828184e+02 
    0.000    4.630000  0.000000e+00  2.816423e+02 
    0.000    4.733000  0.000000e+00  2.804680e+02 
    0.000    4.836000  0.000000e+00  2.793065e+02 
    0.000    4.939000  0.000000e+00  2.781575e+02 
    0.000    5.041000  0.000000e+00  2.770272e+02 
    0.000    5.144000  0.000000e+00  2.759044e+02 
    0.000    5.247000  0.000000e+00  2.747945e+02 
    0.000    5.350000  0.000000e+00  2.736993e+02 
    0.000    5.453000  0.000000e+00  2.726221e+02 
    0.000    5.556000  0.000000e+00  2.715602e+02 
    0.000    5.659000  0.000000e+00  2.705166e+02 
    0.000    5.762000  0.000000e+00  2.694911e+02 
    0.000    5.865000  0.000000e+00  2.684816e+02 
    0.000    5.968000  0.000000e+00  2.674904e+02 
    0.000    6.070000  0.000000e+00  2.665261e+02 
    0.000    6.173000  0.000000e+00  2.655720e+02 
    0.000    6.276000  0.000000e+00  2.646364e+02 
    0.000    6.379000  0.000000e+00  2.637278e+02 
    0.000    6.482000  0.000000e+00  2.628410e+02 
    0.000    6.585000  0.000000e+00  2.619797e+02 
    0.000    6.688000  0.000000e+00  2.611632e+02 
    0.000    6.791000  0.000000e+00  2.603809e+02 
    0.000    6.894000  0.000000e+00  2.596540e+02 
    0.000    6.996000  0.000000e+00  2.590046e+02 
    0.000    7.099000  0.000000e+00  2.584022e+02 
    0.000    7.202000  0.000000e+00  2.579147e+02 
    0.000    7.305000  0.000000e+00  2.575345e+02 
    0.000    7.408000  0.000000e+00  2.572216e+02 
    0.000    7.511000  0.000000e+00  2.570220e+02 
    0.000    7.614000  0.000000e+00  2.568981e+02 
    0.000    7.717000  0.000000e+00  2.568103e+02 
    0.000    7.820000  0.000000e+00  2.567337e+02 
    0.000    7.922000  0.000000e+00  2.566683e+02 
    0.000    8.025000  0.000000e+00  2.565876e+02 
    0.000    8.127999  0.000000e+00  2.564677e+02 
    0.000    8.231000  0.000000e+00  2.563251e+02 
    0.000    8.334000  0.000000e+00  2.561653e+02 
    0.000    8.436999  0.000000e+00  2.559912e+02 
    0.000    8.540000  0.000000e+00  2.558093e+02 
    0.000    8.643000  0.000000e+00  2.556270e+02 
    0.000    8.745999  0.000000e+00  2.554454e+02 
    0.000    8.848000  0.000000e+00  2.552651e+02 
    0.000    8.951000  0.000000e+00  2.550924e+02 
    0.000    9.054000  0.000000e+00  2.549267e+02 
    0.000    9.157000  0.000000e+00  2.547669e+02 
    0.000    9.259999  0.000000e+00  2.546335e+02 
    0.000    9.363000  0.000000e+00  2.545191e+02 
    0.000    9.466000  0.000000e+00  2.544165e+02 
    0.000    9.568999  0.000000e+00  2.543266e+02 
    0.000    9.672000  0.000000e+00  2.542468e+02 
    0.000    9.774000  0.000000e+00  2.541748e+02 
    0.000    9.877000  0.000000e+00  2.541071e+02 
    0.000    9.980000  0.000000e+00  2.540436e+02 
    0.000   10.083000  0.000000e+00  2.539809e+02 
    0.000   10.186000  0.000000e+00  2.539122e+02 
    0.000   10.289000  0.000000e+00  2.538402e+02 
    0.000   10.392000  0.000000e+00  2.537718e+02 
    0.000   10.495000  0.000000e+00  2.537147e+02 
    0.000   10.598000  0.000000e+00  2.536662e+02 
    0.000   10.700000  0.000000e+00  2.536190e+02 
    0.000   10.802999  0.000000e+00  2.535594e+02 
    0.000   10.906000  0.000000e+00  2.534924e+02 
    0.000   11.009000  0.000000e+00  2.534204e+02 
    0.000   11.112000  0.000000e+00  2.533387e+02 
    0.000   11.215000  0.000000e+00  2.532505e+02 
    0.000   11.318000  0.000000e+00  2.531586e+02 
    0.000   11.421000  0.000000e+00  2.530613e+02 
    0.000   11.524000  0.000000e+00  2.529603e+02 
    0.000   11.627000  0.000000e+00  2.528574e+02 
    0.000   11.729000  0.000000e+00  2.527536e+02 
    0.000   11.832000  0.000000e+00  2.526478e+02 
    0.000   11.934999  0.000000e+00  2.525415e+02 
    0.000   12.038000  0.000000e+00  2.524390e+02 
    0.000   12.141000  0.000000e+00  2.523399e+02 
    0.000   12.243999  0.000000e+00  2.522427e+02 
    0.000   12.347000  0.000000e+00  2.521511e+02 
    0.000   12.450000  0.000000e+00  2.520648e+02 
    0.000   12.552999  0.000000e+00  2.519821e+02 
    0.000   12.655000  0.000000e+00  2.519037e+02 
    0.000   12.757999  0.000000e+00  2.518277e+02 
    0.000   12.861000  0.000000e+00  2.517544e+02 
    0.000   12.964000  0.000000e+00  2.516830e+02 
    0.000   13.066999  0.000000e+00  2.516134e+02 
    0.000   13.170000  0.000000e+00  2.515453e+02 
    0.000   13.273000  0.000000e+00  2.514782e+02 
    0.000   13.375999  0.000000e+00  2.514109e+02 
    0.000   13.479000  0.000000e+00  2.513440e+02 
    0.000   13.580999  0.000000e+00  2.512781e+02 
    0.000   13.684000  0.000000e+00  2.512120e+02 
    0.000   13.787000  0.000000e+00  2.511464e+02 
    0.000   13.889999  0.000000e+00  2.510813e+02 
    0.000   13.993000  0.000000e+00  2.510185e+02 
    0.000   14.096000  0.000000e+00  2.509581e+02 
    0.000   14.198999  0.000000e+00  2.508994e+02 
    0.000   14.302000  0.000000e+00  2.508428e+02 
    0.000   14.405000  0.000000e+00  2.507887e+02 
    0.000   14.507000  0.000000e+00  2.507372e+02 
    0.000   14.610000  0.000000e+00  2.506862e+02 
    0.000   14.712999  0.000000e+00  2.506351e+02 
    0.000   14.816000  0.000000e+00  2.505840e+02 
    0.000   14.919000  0.000000e+00  2.505334e+02 
    0.000   15.021999  0.000000e+00  2.504834e+02 
    0.000   15.125000  0.000000e+00  2.504341e+02 
    0.000   15.228000  0.000000e+00  2.503855e+02 
    0.000   15.330999  0.000000e+00  2.503365e+02 
    0.000   15.433000  0.000000e+00  2.502871e+02 
    0.000   15.535999  0.000000e+00  2.502367e+02 
    0.000   15.639000  0.000000e+00  2.501863e+02 
    0.000   15.742000  0.000000e+00  2.501364e+02 
    0.000   15.844999  0.000000e+00  2.500870e+02 
    0.000   15.948000  0.000000e+00  2.500380e+02 
    0.000   16.051001  0.000000e+00  2.499920e+02 
    0.000   16.153999  0.000000e+00  2.499491e+02 
    0.000   16.257000  0.000000e+00  2.499085e+02 
    0.000   16.358999  0.000000e+00  2.498688e+02 
    0.000   16.462000  0.000000e+00  2.498271e+02 
    0.000   16.565001  0.000000e+00  2.497842e+02 
    0.000   16.667999  0.000000e+00  2.497409e+02 
    0.000   16.771000  0.000000e+00  2.496963e+02 
    0.000   16.874001  0.000000e+00  2.496508e+02 
    0.000   16.976999  0.000000e+00  2.496046e+02 
    0.000   17.080000  0.000000e+00  2.495583e+02 
    0.000   17.183001  0.000000e+00  2.495120e+02 
    0.000   17.285999  0.000000e+00  2.494657e+02 
    0.000   17.388000  0.000000e+00  2.494198e+02 
    0.000   17.490999  0.000000e+00  2.493737e+02 
    0.000   17.594000  0.000000e+00  2.493278e+02 
    0.000   17.697001  0.000000e+00  2.492821e+02 
    0.000   17.799999  0.000000e+00  2.492368e+02 
    0.000   17.903000  0.000000e+00  2.491923e+02 
    0.000   18.006001  0.000000e+00  2.491485e+02 
    0.000   18.108999  0.000000e+00  2.491053e+02 
    0.000   18.212000  0.000000e+00  2.490639e+02 
    0.000   18.313999  0.000000e+00  2.490248e+02 
    0.000   18.417000  0.000000e+00  2.489867e+02 
    0.000   18.520000  0.000000e+00  2.489499e+02 
    0.000   18.622999  0.000000e+00  2.489145e+02 
    0.000   18.726000  0.000000e+00  2.488803e+02 
    0.000   18.829000  0.000000e+00  2.488472e+02 
    0.000   18.931999  0.000000e+00  2.488149e+02 
    0.000   19.035000  0.000000e+00  2.487834e+02 
    0.000   19.138000  0.000000e+00  2.487526e+02 
    0.000   19.240000  0.000000e+00  2.487228e+02 
    0.000   19.343000  0.000000e+00  2.486927e+02 
    0.000   19.445999  0.000000e+00  2.486625e+02 
    0.000   19.549000  0.000000e+00  2.486323e+02 
    0.000   19.652000  0.000000e+00  2.486023e+02 
    0.000   19.754999  0.000000e+00  2.485713e+02 
    0.000   19.858000  0.000000e+00  2.485391e+02 
    0.000   19.961000  0.000000e+00  2.485062e+02 
    0.000   20.063999  0.000000e+00  2.484728e+02 
    0.000   20.362999  0.000000e+00  2.483752e+02 
    0.000   20.858999  0.000000e+00  2.482257e+02 
    0.000   21.354000  0.000000e+00  2.481031e+02 
    0.000   21.850000  0.000000e+00  2.479994e+02 
    0.000   22.346001  0.000000e+00  2.479030e+02 
    0.000   22.841999  0.000000e+00  2.478074e+02 
    0.000   23.337000  0.000000e+00  2.477129e+02 
    0.000   23.833000  0.000000e+00  2.476314e+02 
    0.000   24.329000  0.000000e+00  2.475776e+02 
    0.000   24.824999  0.000000e+00  2.475509e+02 
    0.000   25.320000  0.000000e+00  2.475427e+02 
    0.000   25.816000  0.000000e+00  2.475326e+02 
    0.000   26.312000  0.000000e+00  2.475212e+02 
    0.000   26.808001  0.000000e+00  2.475214e+02 
    0.000   27.302999  0.000000e+00  2.475324e+02 
    0.000   27.799000  0.000000e+00  2.475518e+02 
    0.000   28.295000  0.000000e+00  2.475805e+02 
    0.000   28.791000  0.000000e+00  2.476163e+02 
    0.000   29.285999  0.000000e+00  2.476544e+02 
    0.000   29.782000  0.000000e+00  2.476971e+02 
    0.000   30.278000  0.000000e+00  2.477474e+02 
    0.000   30.774000  0.000000e+00  2.478030e+02 
    0.000   31.268999  0.000000e+00  2.478600e+02 
    0.000   31.764999  0.000000e+00  2.479161e+02 
    0.000   32.261002  0.000000e+00  2.479720e+02 
    0.000   32.757000  0.000000e+00  2.480276e+02 
    0.000   33.252003  0.000000e+00  2.480821e+02 
    0.000   33.748001  0.000000e+00  2.481370e+02 
    0.000   34.244003  0.000000e+00  2.481929e+02 
    0.000   34.740002  0.000000e+00  2.482522e+02 
    0.000   35.235001  0.000000e+00  2.483145e+02 
    0.000   35.731003  0.000000e+00  2.483756e+02 
    0.000   36.227001  0.000000e+00  2.484347e+02 
    0.000   36.723003  0.000000e+00  2.484875e+02 
    0.000   37.218002  0.000000e+00  2.485346e+02 
    0.000   37.714001  0.000000e+00  2.485784e+02 
    0.000   38.210003  0.000000e+00  2.486197e+02 
    0.000   38.706001  0.000000e+00  2.486616e+02 
    0.000   39.201000  0.000000e+00  2.487048e+02 
    0.000   39.697002  0.000000e+00  2.487506e+02 
    0.000   40.197002  0.000000e+00  2.488003e+02 
    0.000   45.197002  0.000000e+00  2.492474e+02 
    0.000   50.197002  0.000000e+00  2.494717e+02 
    0.000   55.197002  0.000000e+00  2.494654e+02 
    0.000   60.197002  0.000000e+00  2.493986e+02 
    0.000   65.196999  0.000000e+00  2.493459e+02 
