   68.002    0.000000  0.000000e+00  2.327963e+00 
   68.002    0.103000  0.000000e+00  2.369412e+00 
   68.002    0.206000  0.000000e+00  2.411102e+00 
   68.002    0.309000  0.000000e+00  2.452739e+00 
   68.002    0.412000  0.000000e+00  2.494221e+00 
   68.002    0.515000  0.000000e+00  2.535414e+00 
   68.002    0.617000  0.000000e+00  2.575894e+00 
   68.002    0.720000  0.000000e+00  9.297535e+00 
   68.002    0.823000  0.000000e+00  1.877758e+01 
   68.002    0.926000  0.000000e+00  3.065088e+01 
   68.002    1.029000  0.000000e+00  4.474966e+01 
   68.002    1.132000  0.000000e+00  6.097766e+01 
   68.002    1.235000  6.638838e-39  7.928831e+01 
   68.002    1.338000  5.984328e-33  9.977666e+01 
   68.002    1.441000  1.906880e-26  1.225200e+02 
   68.002    1.543000  1.782529e-19  1.475806e+02 
   68.002    1.646000  6.388725e-12  1.761137e+02 
   68.002    1.749000  7.436967e-04  2.127534e+02 
   68.002    1.852000  8.007243e-04  2.126825e+02 
   68.002    1.955000  9.076949e-04  2.128140e+02 
   68.002    2.058000  1.016423e-03  2.129510e+02 
   68.002    2.161000  3.851004e-03  2.175991e+02 
   68.002    2.264000  1.675026e-02  2.233709e+02 
   68.002    2.367000  8.535080e-02  2.309979e+02 
   68.002    2.469000  4.988738e-01  2.415334e+02 
   68.002    2.572000  3.454670e+00  2.571677e+02 
   68.002    2.675000  3.944676e+00  2.580039e+02 
   68.002    2.778000  4.493477e+00  2.589275e+02 
   68.002    2.881000  5.114256e+00  2.599302e+02 
   68.002    2.984000  5.798673e+00  2.609726e+02 
   68.002    3.087000  6.523959e+00  2.620053e+02 
   68.002    3.190000  7.379707e+00  2.631585e+02 
   68.002    3.293000  8.485404e+00  2.645589e+02 
   68.002    3.395000  9.958964e+00  2.662764e+02 
   68.002    3.498000  1.181535e+01  2.682181e+02 
   68.002    3.601000  1.408909e+01  2.703293e+02 
   68.002    3.704000  1.664149e+01  2.724188e+02 
   68.002    3.807000  1.938448e+01  2.744104e+02 
   68.002    3.910000  2.190176e+01  2.760463e+02 
   68.002    4.013000  2.397719e+01  2.772761e+02 
   68.002    4.116000  2.618948e+01  2.785132e+02 
   68.002    4.219000  2.946382e+01  2.802498e+02 
   68.002    4.321000  3.459393e+01  2.827306e+02 
   68.002    4.424000  4.245754e+01  2.860445e+02 
   68.002    4.527000  5.371558e+01  2.900298e+02 
   68.002    4.630000  6.805771e+01  2.942172e+02 
   68.002    4.733000  8.445916e+01  2.981819e+02 
   68.002    4.836000  1.022793e+02  3.018103e+02 
   68.002    4.939000  1.200685e+02  3.049248e+02 
   68.002    5.042000  1.399868e+02  3.079812e+02 
   68.002    5.145000  1.609168e+02  3.108098e+02 
   68.002    5.247000  1.824916e+02  3.134038e+02 
   68.002    5.350000  2.042155e+02  3.157492e+02 
   68.002    5.453000  2.264178e+02  3.179232e+02 
   68.002    5.556000  2.514188e+02  3.201487e+02 
   68.002    5.659000  2.714044e+02  3.217654e+02 
   68.002    5.762000  2.906310e+02  3.232130e+02 
   68.002    5.865000  3.082133e+02  3.244536e+02 
   68.002    5.968000  3.247333e+02  3.255551e+02 
   68.002    6.071000  3.348416e+02  3.261937e+02 
   68.002    6.174000  3.417607e+02  3.266184e+02 
   68.002    6.276000  3.427452e+02  3.266583e+02 
   68.002    6.379000  3.437287e+02  3.267047e+02 
   68.002    6.482000  3.447030e+02  3.267558e+02 
   68.002    6.585000  3.456708e+02  3.268107e+02 
   68.002    6.688000  3.489093e+02  3.270131e+02 
   68.002    6.791000  3.515355e+02  3.271779e+02 
   68.002    6.894000  3.548093e+02  3.273844e+02 
   68.002    6.997000  3.574831e+02  3.275537e+02 
   68.002    7.100000  3.603046e+02  3.277335e+02 
   68.002    7.202000  3.629717e+02  3.279061e+02 
   68.002    7.305000  3.654869e+02  3.280737e+02 
   68.002    7.408000  3.679060e+02  3.282390e+02 
   68.002    7.511000  3.702151e+02  3.284017e+02 
   68.002    7.614000  3.725463e+02  3.285705e+02 
   68.002    7.717000  3.746988e+02  3.287319e+02 
   68.002    7.820000  3.768455e+02  3.288940e+02 
   68.002    7.923000  3.788881e+02  3.290513e+02 
   68.002    8.026000  3.810279e+02  3.292149e+02 
   68.002    8.128000  3.830663e+02  3.293715e+02 
   68.002    8.231000  3.850437e+02  3.295241e+02 
   68.002    8.334001  3.870455e+02  3.296771e+02 
   68.002    8.437000  3.890256e+02  3.298276e+02 
   68.002    8.540000  3.911847e+02  3.299872e+02 
   68.002    8.643001  3.931928e+02  3.301365e+02 
   68.002    8.746000  3.952712e+02  3.302855e+02 
   68.002    8.849000  3.973461e+02  3.304326e+02 
   68.002    8.952001  3.983679e+02  3.305415e+02 
   68.002    9.054000  3.995585e+02  3.306653e+02 
   68.002    9.157001  4.010473e+02  3.308161e+02 
   68.002    9.260000  4.028816e+02  3.309433e+02 
   68.002    9.363000  4.047676e+02  3.310717e+02 
   68.002    9.466001  4.051906e+02  3.311183e+02 
   68.002    9.569000  4.056170e+02  3.311632e+02 
   68.002    9.672000  4.060486e+02  3.312066e+02 
   68.002    9.775001  4.064514e+02  3.312493e+02 
   68.002    9.878000  4.068525e+02  3.312905e+02 
   68.002    9.980000  4.072475e+02  3.313298e+02 
   68.002   10.083000  4.076420e+02  3.313682e+02 
   68.002   10.186000  4.080611e+02  3.314046e+02 
   68.002   10.289001  4.084717e+02  3.314399e+02 
   68.002   10.392000  4.088741e+02  3.314743e+02 
   68.002   10.495000  4.092692e+02  3.315079e+02 
   68.002   10.598001  4.096572e+02  3.315408e+02 
   68.002   10.701000  4.100386e+02  3.315730e+02 
   68.002   10.804000  4.104145e+02  3.316047e+02 
   68.002   10.906000  4.107812e+02  3.316356e+02 
   68.002   11.009000  4.111465e+02  3.316663e+02 
   68.002   11.112000  4.115070e+02  3.316967e+02 
   68.002   11.215000  4.118631e+02  3.317269e+02 
   68.002   11.318000  4.122145e+02  3.317567e+02 
   68.002   11.421000  4.125615e+02  3.317864e+02 
   68.002   11.524000  4.129039e+02  3.318160e+02 
   68.002   11.627000  4.132415e+02  3.318454e+02 
   68.002   11.730000  4.135739e+02  3.318747e+02 
   68.002   11.833000  4.139012e+02  3.319038e+02 
   68.002   11.935000  4.142202e+02  3.319326e+02 
   68.002   12.038000  4.145376e+02  3.319615e+02 
   68.002   12.141001  4.148503e+02  3.319901e+02 
   68.002   12.244000  4.151585e+02  3.320185e+02 
   68.002   12.347000  4.154623e+02  3.320467e+02 
   68.002   12.450001  4.157621e+02  3.320745e+02 
   68.002   12.553000  4.160578e+02  3.321020e+02 
   68.002   12.656000  4.338938e+02  3.343925e+02 
   68.002   12.759000  4.547475e+02  3.366885e+02 
   68.002   12.861000  4.550701e+02  3.367079e+02 
   68.002   12.964001  4.553920e+02  3.367273e+02 
   68.002   13.067000  4.557102e+02  3.367461e+02 
   68.002   13.170000  4.560248e+02  3.367646e+02 
   68.002   13.273001  4.563358e+02  3.367827e+02 
   68.002   13.376000  4.566432e+02  3.368001e+02 
   68.002   13.479000  4.569473e+02  3.368169e+02 
   68.002   13.582001  4.572480e+02  3.368331e+02 
   68.002   13.685000  4.575456e+02  3.368485e+02 
   68.002   13.787001  4.578371e+02  3.368630e+02 
   68.002   13.890000  4.581284e+02  3.368769e+02 
   68.002   13.993000  4.584165e+02  3.368900e+02 
   68.002   14.096001  4.587015e+02  3.369023e+02 
   68.002   14.199000  4.589833e+02  3.369139e+02 
   68.002   14.302000  4.592619e+02  3.369250e+02 
   68.002   14.405001  4.595372e+02  3.369355e+02 
   68.002   14.508000  4.598092e+02  3.369455e+02 
   68.002   14.611000  4.600778e+02  3.369552e+02 
   68.002   14.713000  4.603405e+02  3.369644e+02 
   68.002   14.816000  4.606024e+02  3.369734e+02 
   68.002   14.919001  4.608611e+02  3.369821e+02 
   68.002   15.022000  4.611166e+02  3.369905e+02 
   68.002   15.125000  4.613690e+02  3.369986e+02 
   68.002   15.228001  4.616182e+02  3.370064e+02 
   68.002   15.331000  4.618643e+02  3.370140e+02 
   68.002   15.434000  4.621419e+02  3.370246e+02 
   68.002   15.537001  4.623821e+02  3.370316e+02 
   68.002   15.639000  4.626169e+02  3.370382e+02 
   68.002   15.742001  4.628512e+02  3.370446e+02 
   68.002   15.845000  4.630827e+02  3.370508e+02 
   68.002   15.948000  4.633116e+02  3.370566e+02 
   68.002   16.051001  4.635379e+02  3.370621e+02 
   68.002   16.154001  4.637618e+02  3.370673e+02 
   68.002   16.257000  4.639834e+02  3.370721e+02 
   68.002   16.360001  4.642026e+02  3.370765e+02 
   68.002   16.462999  4.644197e+02  3.370805e+02 
   68.002   16.566000  4.646346e+02  3.370841e+02 
   68.002   16.668001  4.648452e+02  3.370872e+02 
   68.002   16.771000  4.650561e+02  3.370897e+02 
   68.002   16.874001  4.652653e+02  3.370915e+02 
   68.002   16.977001  4.654728e+02  3.370927e+02 
   68.002   17.080000  4.656788e+02  3.370931e+02 
   68.002   17.183001  4.658835e+02  3.370926e+02 
   68.002   17.286001  4.660871e+02  3.370912e+02 
   68.002   17.389000  4.662894e+02  3.370889e+02 
   68.002   17.492001  4.664904e+02  3.370858e+02 
   68.002   17.594000  4.666882e+02  3.370821e+02 
   68.002   17.697001  4.668866e+02  3.370775e+02 
   68.002   17.800001  4.670835e+02  3.370723e+02 
   68.002   17.903000  4.672788e+02  3.370667e+02 
   68.002   18.006001  4.674725e+02  3.370605e+02 
   68.002   18.109001  4.676645e+02  3.370539e+02 
   68.002   18.212000  4.678549e+02  3.370468e+02 
   68.002   18.315001  4.680439e+02  3.370394e+02 
   68.002   18.418001  4.682311e+02  3.370315e+02 
   68.002   18.520000  4.684150e+02  3.370232e+02 
   68.002   18.623001  4.685992e+02  3.370144e+02 
   68.002   18.726000  4.687819e+02  3.370052e+02 
   68.002   18.829000  4.689631e+02  3.369956e+02 
   68.002   18.932001  4.691428e+02  3.369856e+02 
   68.002   19.035000  4.693211e+02  3.369753e+02 
   68.002   19.138000  4.694981e+02  3.369645e+02 
   68.002   19.241001  4.696736e+02  3.369534e+02 
   68.002   19.344000  4.698479e+02  3.369419e+02 
   68.002   19.446001  4.700193e+02  3.369301e+02 
   68.002   19.549000  4.701911e+02  3.369178e+02 
   68.002   19.652000  4.703615e+02  3.369052e+02 
   68.002   19.755001  4.705308e+02  3.368922e+02 
   68.002   19.858000  4.706988e+02  3.368788e+02 
   68.002   19.961000  4.708656e+02  3.368651e+02 
   68.002   20.064001  4.710315e+02  3.368509e+02 
   68.002   20.363001  4.715074e+02  3.368068e+02 
   68.002   20.859001  4.722738e+02  3.367286e+02 
   68.002   21.355000  4.730121e+02  3.366445e+02 
   68.002   21.850000  4.737194e+02  3.365569e+02 
   68.002   22.346001  4.743914e+02  3.364707e+02 
   68.002   22.842001  4.750213e+02  3.363909e+02 
   68.002   23.337999  4.756082e+02  3.363185e+02 
   68.002   23.833000  4.761564e+02  3.362513e+02 
   68.002   24.329000  4.766745e+02  3.361863e+02 
   68.002   24.825001  4.771622e+02  3.361239e+02 
   68.002   25.321001  4.776174e+02  3.360656e+02 
   68.002   25.816000  4.780412e+02  3.360116e+02 
   68.002   26.312000  4.784384e+02  3.359606e+02 
   68.002   26.808001  4.788099e+02  3.359123e+02 
   68.002   27.304001  4.791570e+02  3.358665e+02 
   68.002   27.799000  4.794806e+02  3.358234e+02 
   68.002   28.295000  4.797842e+02  3.357820e+02 
   68.002   28.791000  4.800699e+02  3.357422e+02 
   68.002   29.287001  4.803398e+02  3.357032e+02 
   68.002   29.782000  4.805953e+02  3.356651e+02 
   68.002   30.278000  4.808391e+02  3.356276e+02 
   68.002   30.774000  4.810721e+02  3.355907e+02 
   68.002   31.270000  4.812961e+02  3.355545e+02 
   68.002   31.764999  4.815122e+02  3.355192e+02 
   68.002   32.260998  4.817234e+02  3.354845e+02 
   68.002   32.757000  4.819311e+02  3.354506e+02 
   68.002   33.252998  4.821373e+02  3.354175e+02 
   68.002   33.747997  4.823430e+02  3.353857e+02 
   68.002   34.243999  4.825504e+02  3.353554e+02 
   68.002   34.739998  4.827607e+02  3.353268e+02 
   68.002   35.236000  4.829749e+02  3.353000e+02 
   68.002   35.730999  4.831939e+02  3.352749e+02 
   68.002   36.226997  4.834189e+02  3.352514e+02 
   68.002   36.723000  4.836496e+02  3.352293e+02 
   68.002   37.218998  4.838857e+02  3.352088e+02 
   68.002   37.713997  4.841255e+02  3.351897e+02 
   68.002   38.209999  4.843690e+02  3.351719e+02 
   68.002   38.705997  4.846139e+02  3.351555e+02 
   68.002   39.202000  4.848583e+02  3.351404e+02 
   68.002   39.696999  4.850996e+02  3.351267e+02 
   68.002   40.196999  4.853354e+02  3.351157e+02 
   68.002   45.196999  4.871969e+02  3.350665e+02 
   68.002   50.196999  4.879053e+02  3.350574e+02 
   68.002   55.196999  4.881519e+02  3.350580e+02 
   68.002   60.196999  4.888822e+02  3.350603e+02 
   68.002   65.196999  4.901118e+02  3.350623e+02 
