    0.000    0.000000  0.000000e+00  3.521777e+02 
    0.000    0.103000  0.000000e+00  3.512986e+02 
    0.000    0.205000  0.000000e+00  3.500724e+02 
    0.000    0.308000  0.000000e+00  3.486980e+02 
    0.000    0.411000  0.000000e+00  3.472909e+02 
    0.000    0.514000  0.000000e+00  3.458917e+02 
    0.000    0.617000  0.000000e+00  3.442802e+02 
    0.000    0.720000  0.000000e+00  3.424482e+02 
    0.000    0.823000  0.000000e+00  3.404238e+02 
    0.000    0.926000  0.000000e+00  3.382372e+02 
    0.000    1.029000  0.000000e+00  3.358583e+02 
    0.000    1.131000  0.000000e+00  3.333609e+02 
    0.000    1.234000  0.000000e+00  3.306676e+02 
    0.000    1.337000  0.000000e+00  3.278823e+02 
    0.000    1.440000  0.000000e+00  3.250540e+02 
    0.000    1.543000  0.000000e+00  3.222046e+02 
    0.000    1.646000  0.000000e+00  3.192596e+02 
    0.000    1.749000  0.000000e+00  3.161866e+02 
    0.000    1.852000  0.000000e+00  3.047528e+02 
    0.000    1.955000  0.000000e+00  3.005453e+02 
    0.000    2.057000  0.000000e+00  2.977177e+02 
    0.000    2.160000  0.000000e+00  2.955141e+02 
    0.000    2.263000  0.000000e+00  2.939636e+02 
    0.000    2.366000  0.000000e+00  2.931100e+02 
    0.000    2.469000  0.000000e+00  2.921758e+02 
    0.000    2.572000  0.000000e+00  2.912012e+02 
    0.000    2.675000  0.000000e+00  2.901889e+02 
    0.000    2.778000  0.000000e+00  2.891472e+02 
    0.000    2.881000  0.000000e+00  2.880683e+02 
    0.000    2.983000  0.000000e+00  2.869454e+02 
    0.000    3.086000  0.000000e+00  2.858041e+02 
    0.000    3.189000  0.000000e+00  2.846388e+02 
    0.000    3.292000  0.000000e+00  2.834637e+02 
    0.000    3.395000  0.000000e+00  2.822753e+02 
    0.000    3.498000  0.000000e+00  2.810811e+02 
    0.000    3.601000  0.000000e+00  2.798795e+02 
    0.000    3.704000  0.000000e+00  2.786700e+02 
    0.000    3.807000  0.000000e+00  2.774623e+02 
    0.000    3.910000  0.000000e+00  2.762536e+02 
    0.000    4.012000  0.000000e+00  2.750592e+02 
    0.000    4.115000  0.000000e+00  2.738554e+02 
    0.000    4.218000  0.000000e+00  2.726471e+02 
    0.000    4.321000  0.000000e+00  2.714453e+02 
    0.000    4.424000  0.000000e+00  2.702450e+02 
    0.000    4.527000  0.000000e+00  2.690524e+02 
    0.000    4.630000  0.000000e+00  2.678689e+02 
    0.000    4.733000  0.000000e+00  2.666683e+02 
    0.000    4.836000  0.000000e+00  2.654794e+02 
    0.000    4.938000  0.000000e+00  2.642692e+02 
    0.000    5.041000  0.000000e+00  2.630478e+02 
    0.000    5.144000  0.000000e+00  2.618392e+02 
    0.000    5.247000  0.000000e+00  2.606379e+02 
    0.000    5.350000  0.000000e+00  2.594477e+02 
    0.000    5.453000  0.000000e+00  2.582740e+02 
    0.000    5.556000  0.000000e+00  2.571184e+02 
    0.000    5.659000  0.000000e+00  2.559888e+02 
    0.000    5.762000  0.000000e+00  2.548600e+02 
    0.000    5.864000  0.000000e+00  2.537744e+02 
    0.000    5.967000  0.000000e+00  2.527173e+02 
    0.000    6.070000  0.000000e+00  2.516719e+02 
    0.000    6.173000  0.000000e+00  2.506491e+02 
    0.000    6.276000  0.000000e+00  2.496171e+02 
    0.000    6.379000  0.000000e+00  2.486123e+02 
    0.000    6.482000  0.000000e+00  2.475718e+02 
    0.000    6.585000  0.000000e+00  2.463474e+02 
    0.000    6.688000  0.000000e+00  2.453323e+02 
    0.000    6.790000  0.000000e+00  2.443954e+02 
    0.000    6.893000  0.000000e+00  2.434776e+02 
    0.000    6.996000  0.000000e+00  2.425978e+02 
    0.000    7.099000  0.000000e+00  2.417379e+02 
    0.000    7.202000  0.000000e+00  2.409654e+02 
    0.000    7.305000  0.000000e+00  2.404456e+02 
    0.000    7.408000  0.000000e+00  2.400141e+02 
    0.000    7.511000  0.000000e+00  2.397019e+02 
    0.000    7.614000  0.000000e+00  2.394785e+02 
    0.000    7.716000  0.000000e+00  2.392790e+02 
    0.000    7.819000  0.000000e+00  2.391399e+02 
    0.000    7.921999  0.000000e+00  2.390201e+02 
    0.000    8.025001  0.000000e+00  2.388973e+02 
    0.000    8.128000  0.000000e+00  2.387591e+02 
    0.000    8.231000  0.000000e+00  2.386224e+02 
    0.000    8.334001  0.000000e+00  2.384669e+02 
    0.000    8.437000  0.000000e+00  2.382681e+02 
    0.000    8.540000  0.000000e+00  2.380804e+02 
    0.000    8.642000  0.000000e+00  2.378810e+02 
    0.000    8.745000  0.000000e+00  2.376664e+02 
    0.000    8.848001  0.000000e+00  2.374716e+02 
    0.000    8.951000  0.000000e+00  2.372445e+02 
    0.000    9.054000  0.000000e+00  2.370088e+02 
    0.000    9.157001  0.000000e+00  2.367601e+02 
    0.000    9.260000  0.000000e+00  2.365082e+02 
    0.000    9.363000  0.000000e+00  2.364063e+02 
    0.000    9.466001  0.000000e+00  2.363097e+02 
    0.000    9.568000  0.000000e+00  2.362224e+02 
    0.000    9.671000  0.000000e+00  2.361406e+02 
    0.000    9.774000  0.000000e+00  2.360674e+02 
    0.000    9.877000  0.000000e+00  2.360122e+02 
    0.000    9.980000  0.000000e+00  2.359700e+02 
    0.000   10.083000  0.000000e+00  2.359325e+02 
    0.000   10.186000  0.000000e+00  2.358911e+02 
    0.000   10.289001  0.000000e+00  2.358476e+02 
    0.000   10.392000  0.000000e+00  2.358026e+02 
    0.000   10.495000  0.000000e+00  2.357521e+02 
    0.000   10.597000  0.000000e+00  2.356992e+02 
    0.000   10.700001  0.000000e+00  2.356444e+02 
    0.000   10.803000  0.000000e+00  2.355878e+02 
    0.000   10.906000  0.000000e+00  2.355306e+02 
    0.000   11.009000  0.000000e+00  2.354710e+02 
    0.000   11.112000  0.000000e+00  2.354031e+02 
    0.000   11.215000  0.000000e+00  2.353296e+02 
    0.000   11.318000  0.000000e+00  2.352532e+02 
    0.000   11.421000  0.000000e+00  2.351737e+02 
    0.000   11.523001  0.000000e+00  2.350928e+02 
    0.000   11.626000  0.000000e+00  2.350102e+02 
    0.000   11.729000  0.000000e+00  2.349290e+02 
    0.000   11.832001  0.000000e+00  2.348488e+02 
    0.000   11.935000  0.000000e+00  2.347693e+02 
    0.000   12.038000  0.000000e+00  2.346895e+02 
    0.000   12.141001  0.000000e+00  2.346097e+02 
    0.000   12.244000  0.000000e+00  2.345300e+02 
    0.000   12.347000  0.000000e+00  2.344503e+02 
    0.000   12.449000  0.000000e+00  2.343712e+02 
    0.000   12.552000  0.000000e+00  2.342916e+02 
    0.000   12.655001  0.000000e+00  2.342154e+02 
    0.000   12.758000  0.000000e+00  2.341433e+02 
    0.000   12.861000  0.000000e+00  2.340739e+02 
    0.000   12.964001  0.000000e+00  2.340069e+02 
    0.000   13.067000  0.000000e+00  2.339422e+02 
    0.000   13.170000  0.000000e+00  2.338794e+02 
    0.000   13.273001  0.000000e+00  2.338184e+02 
    0.000   13.375000  0.000000e+00  2.337597e+02 
    0.000   13.478001  0.000000e+00  2.337018e+02 
    0.000   13.581000  0.000000e+00  2.336454e+02 
    0.000   13.684000  0.000000e+00  2.335909e+02 
    0.000   13.787001  0.000000e+00  2.335378e+02 
    0.000   13.890000  0.000000e+00  2.334861e+02 
    0.000   13.993000  0.000000e+00  2.334352e+02 
    0.000   14.096001  0.000000e+00  2.333850e+02 
    0.000   14.199000  0.000000e+00  2.333356e+02 
    0.000   14.301001  0.000000e+00  2.332879e+02 
    0.000   14.404000  0.000000e+00  2.332412e+02 
    0.000   14.507000  0.000000e+00  2.331958e+02 
    0.000   14.610001  0.000000e+00  2.331512e+02 
    0.000   14.713000  0.000000e+00  2.331068e+02 
    0.000   14.816000  0.000000e+00  2.330627e+02 
    0.000   14.919001  0.000000e+00  2.330191e+02 
    0.000   15.022000  0.000000e+00  2.329751e+02 
    0.000   15.125000  0.000000e+00  2.329308e+02 
    0.000   15.228001  0.000000e+00  2.328865e+02 
    0.000   15.330000  0.000000e+00  2.328440e+02 
    0.000   15.433001  0.000000e+00  2.328032e+02 
    0.000   15.536000  0.000000e+00  2.327639e+02 
    0.000   15.639000  0.000000e+00  2.327259e+02 
    0.000   15.742001  0.000000e+00  2.326889e+02 
    0.000   15.845000  0.000000e+00  2.326529e+02 
    0.000   15.948000  0.000000e+00  2.326178e+02 
    0.000   16.051001  0.000000e+00  2.325791e+02 
    0.000   16.154001  0.000000e+00  2.325365e+02 
    0.000   16.256001  0.000000e+00  2.324919e+02 
    0.000   16.359001  0.000000e+00  2.324451e+02 
    0.000   16.462000  0.000000e+00  2.323969e+02 
    0.000   16.565001  0.000000e+00  2.323475e+02 
    0.000   16.668001  0.000000e+00  2.322974e+02 
    0.000   16.771000  0.000000e+00  2.322485e+02 
    0.000   16.874001  0.000000e+00  2.322007e+02 
    0.000   16.977001  0.000000e+00  2.321537e+02 
    0.000   17.080000  0.000000e+00  2.321081e+02 
    0.000   17.182001  0.000000e+00  2.320653e+02 
    0.000   17.285000  0.000000e+00  2.320238e+02 
    0.000   17.388000  0.000000e+00  2.319835e+02 
    0.000   17.491001  0.000000e+00  2.319452e+02 
    0.000   17.594000  0.000000e+00  2.319086e+02 
    0.000   17.697001  0.000000e+00  2.318732e+02 
    0.000   17.800001  0.000000e+00  2.318389e+02 
    0.000   17.903000  0.000000e+00  2.318057e+02 
    0.000   18.006001  0.000000e+00  2.317735e+02 
    0.000   18.108000  0.000000e+00  2.317425e+02 
    0.000   18.211000  0.000000e+00  2.317115e+02 
    0.000   18.314001  0.000000e+00  2.316808e+02 
    0.000   18.417000  0.000000e+00  2.316505e+02 
    0.000   18.520000  0.000000e+00  2.316205e+02 
    0.000   18.623001  0.000000e+00  2.315909e+02 
    0.000   18.726000  0.000000e+00  2.315616e+02 
    0.000   18.829000  0.000000e+00  2.315326e+02 
    0.000   18.932001  0.000000e+00  2.315038e+02 
    0.000   19.034000  0.000000e+00  2.314751e+02 
    0.000   19.137001  0.000000e+00  2.314462e+02 
    0.000   19.240000  0.000000e+00  2.314175e+02 
    0.000   19.343000  0.000000e+00  2.313884e+02 
    0.000   19.446001  0.000000e+00  2.313589e+02 
    0.000   19.549000  0.000000e+00  2.313291e+02 
    0.000   19.652000  0.000000e+00  2.312992e+02 
    0.000   19.755001  0.000000e+00  2.312694e+02 
    0.000   19.858000  0.000000e+00  2.312395e+02 
    0.000   19.961000  0.000000e+00  2.312098e+02 
    0.000   20.063000  0.000000e+00  2.311804e+02 
    0.000   20.363001  0.000000e+00  2.310977e+02 
    0.000   20.858000  0.000000e+00  2.309788e+02 
    0.000   21.354000  0.000000e+00  2.308777e+02 
    0.000   21.850000  0.000000e+00  2.307866e+02 
    0.000   22.346001  0.000000e+00  2.306958e+02 
    0.000   22.841000  0.000000e+00  2.306042e+02 
    0.000   23.337000  0.000000e+00  2.305202e+02 
    0.000   23.833000  0.000000e+00  2.304556e+02 
    0.000   24.329000  0.000000e+00  2.304140e+02 
    0.000   24.823999  0.000000e+00  2.303896e+02 
    0.000   25.320000  0.000000e+00  2.303743e+02 
    0.000   25.816000  0.000000e+00  2.303730e+02 
    0.000   26.312000  0.000000e+00  2.303801e+02 
    0.000   26.807001  0.000000e+00  2.303910e+02 
    0.000   27.302999  0.000000e+00  2.304066e+02 
    0.000   27.799000  0.000000e+00  2.304271e+02 
    0.000   28.295000  0.000000e+00  2.304521e+02 
    0.000   28.790001  0.000000e+00  2.304855e+02 
    0.000   29.286001  0.000000e+00  2.305272e+02 
    0.000   29.782000  0.000000e+00  2.305746e+02 
    0.000   30.278000  0.000000e+00  2.306261e+02 
    0.000   30.773001  0.000000e+00  2.306799e+02 
    0.000   31.269001  0.000000e+00  2.307353e+02 
    0.000   31.764999  0.000000e+00  2.307917e+02 
    0.000   32.260998  0.000000e+00  2.308491e+02 
    0.000   32.757000  0.000000e+00  2.309070e+02 
    0.000   33.251999  0.000000e+00  2.309649e+02 
    0.000   33.747997  0.000000e+00  2.310249e+02 
    0.000   34.243999  0.000000e+00  2.310877e+02 
    0.000   34.739998  0.000000e+00  2.311508e+02 
    0.000   35.234997  0.000000e+00  2.312127e+02 
    0.000   35.730999  0.000000e+00  2.312711e+02 
    0.000   36.226997  0.000000e+00  2.313263e+02 
    0.000   36.723000  0.000000e+00  2.313777e+02 
    0.000   37.217999  0.000000e+00  2.314259e+02 
    0.000   37.713997  0.000000e+00  2.314705e+02 
    0.000   38.209999  0.000000e+00  2.315118e+02 
    0.000   38.705997  0.000000e+00  2.315532e+02 
    0.000   39.201000  0.000000e+00  2.315958e+02 
    0.000   39.696999  0.000000e+00  2.316416e+02 
    0.000   40.196999  0.000000e+00  2.316924e+02 
    0.000   45.196999  0.000000e+00  2.321423e+02 
    0.000   50.196999  0.000000e+00  2.323683e+02 
    0.000   55.196999  0.000000e+00  2.323649e+02 
    0.000   60.196999  0.000000e+00  2.322967e+02 
    0.000   65.196999  0.000000e+00  2.322446e+02 
