    0.000    0.000000  0.000000e+00  3.517771e+02 
    0.000    0.103000  0.000000e+00  3.509375e+02 
    0.000    0.206000  0.000000e+00  3.496170e+02 
    0.000    0.309000  0.000000e+00  3.482855e+02 
    0.000    0.412000  0.000000e+00  3.468721e+02 
    0.000    0.514000  0.000000e+00  3.455803e+02 
    0.000    0.617000  0.000000e+00  3.415735e+02 
    0.000    0.720000  0.000000e+00  3.370421e+02 
    0.000    0.823000  0.000000e+00  3.331635e+02 
    0.000    0.926000  0.000000e+00  3.295636e+02 
    0.000    1.029000  0.000000e+00  3.260919e+02 
    0.000    1.132000  0.000000e+00  3.229443e+02 
    0.000    1.235000  0.000000e+00  3.197337e+02 
    0.000    1.338000  0.000000e+00  3.165749e+02 
    0.000    1.440000  0.000000e+00  3.134050e+02 
    0.000    1.543000  0.000000e+00  3.102050e+02 
    0.000    1.646000  0.000000e+00  3.077145e+02 
    0.000    1.749000  0.000000e+00  3.065063e+02 
    0.000    1.852000  0.000000e+00  3.038347e+02 
    0.000    1.955000  0.000000e+00  3.014609e+02 
    0.000    2.058000  0.000000e+00  2.993448e+02 
    0.000    2.161000  0.000000e+00  2.973696e+02 
    0.000    2.264000  0.000000e+00  2.941296e+02 
    0.000    2.366000  0.000000e+00  2.923844e+02 
    0.000    2.469000  0.000000e+00  2.906389e+02 
    0.000    2.572000  0.000000e+00  2.888301e+02 
    0.000    2.675000  0.000000e+00  2.870661e+02 
    0.000    2.778000  0.000000e+00  2.854169e+02 
    0.000    2.881000  0.000000e+00  2.839669e+02 
    0.000    2.984000  0.000000e+00  2.826795e+02 
    0.000    3.087000  0.000000e+00  2.815461e+02 
    0.000    3.190000  0.000000e+00  2.803841e+02 
    0.000    3.292000  0.000000e+00  2.792165e+02 
    0.000    3.395000  0.000000e+00  2.780377e+02 
    0.000    3.498000  0.000000e+00  2.768622e+02 
    0.000    3.601000  0.000000e+00  2.756903e+02 
    0.000    3.704000  0.000000e+00  2.745222e+02 
    0.000    3.807000  0.000000e+00  2.733593e+02 
    0.000    3.910000  0.000000e+00  2.721883e+02 
    0.000    4.013000  0.000000e+00  2.710178e+02 
    0.000    4.116000  0.000000e+00  2.698481e+02 
    0.000    4.218000  0.000000e+00  2.686878e+02 
    0.000    4.321000  0.000000e+00  2.675294e+02 
    0.000    4.424000  0.000000e+00  2.663795e+02 
    0.000    4.527000  0.000000e+00  2.649770e+02 
    0.000    4.630000  0.000000e+00  2.635069e+02 
    0.000    4.733000  0.000000e+00  2.620009e+02 
    0.000    4.836000  0.000000e+00  2.605479e+02 
    0.000    4.939000  0.000000e+00  2.591803e+02 
    0.000    5.042000  0.000000e+00  2.578743e+02 
    0.000    5.144000  0.000000e+00  2.565107e+02 
    0.000    5.247000  0.000000e+00  2.550686e+02 
    0.000    5.350000  0.000000e+00  2.535310e+02 
    0.000    5.453000  0.000000e+00  2.519256e+02 
    0.000    5.556000  0.000000e+00  2.500252e+02 
    0.000    5.659000  0.000000e+00  2.479221e+02 
    0.000    5.762000  0.000000e+00  2.456999e+02 
    0.000    5.865000  0.000000e+00  2.435670e+02 
    0.000    5.968000  0.000000e+00  2.416741e+02 
    0.000    6.070000  0.000000e+00  2.400759e+02 
    0.000    6.173000  0.000000e+00  2.388940e+02 
    0.000    6.276000  0.000000e+00  2.377239e+02 
    0.000    6.379000  0.000000e+00  2.368973e+02 
    0.000    6.482000  0.000000e+00  2.360890e+02 
    0.000    6.585000  0.000000e+00  2.353016e+02 
    0.000    6.688000  0.000000e+00  2.345488e+02 
    0.000    6.791000  0.000000e+00  2.338219e+02 
    0.000    6.894000  0.000000e+00  2.331543e+02 
    0.000    6.997000  0.000000e+00  2.325666e+02 
    0.000    7.099000  0.000000e+00  2.320394e+02 
    0.000    7.202000  0.000000e+00  2.316282e+02 
    0.000    7.305000  0.000000e+00  2.313251e+02 
    0.000    7.408000  0.000000e+00  2.310886e+02 
    0.000    7.511000  0.000000e+00  2.309485e+02 
    0.000    7.614000  0.000000e+00  2.308723e+02 
    0.000    7.717000  0.000000e+00  2.308227e+02 
    0.000    7.820000  0.000000e+00  2.307697e+02 
    0.000    7.923000  0.000000e+00  2.307173e+02 
    0.000    8.025000  0.000000e+00  2.306460e+02 
    0.000    8.128000  0.000000e+00  2.305341e+02 
    0.000    8.231000  0.000000e+00  2.303989e+02 
    0.000    8.334000  0.000000e+00  2.302502e+02 
    0.000    8.437000  0.000000e+00  2.300928e+02 
    0.000    8.540000  0.000000e+00  2.299306e+02 
    0.000    8.643000  0.000000e+00  2.297709e+02 
    0.000    8.746000  0.000000e+00  2.296137e+02 
    0.000    8.849000  0.000000e+00  2.294576e+02 
    0.000    8.951000  0.000000e+00  2.293128e+02 
    0.000    9.054000  0.000000e+00  2.291741e+02 
    0.000    9.157000  0.000000e+00  2.290422e+02 
    0.000    9.260000  0.000000e+00  2.289363e+02 
    0.000    9.363000  0.000000e+00  2.288492e+02 
    0.000    9.466000  0.000000e+00  2.287751e+02 
    0.000    9.569000  0.000000e+00  2.287184e+02 
    0.000    9.672000  0.000000e+00  2.286749e+02 
    0.000    9.775000  0.000000e+00  2.286380e+02 
    0.000    9.877000  0.000000e+00  2.286013e+02 
    0.000    9.980000  0.000000e+00  2.285651e+02 
    0.000   10.083000  0.000000e+00  2.285280e+02 
    0.000   10.186000  0.000000e+00  2.284854e+02 
    0.000   10.289000  0.000000e+00  2.284396e+02 
    0.000   10.392000  0.000000e+00  2.283975e+02 
    0.000   10.495000  0.000000e+00  2.283669e+02 
    0.000   10.598000  0.000000e+00  2.283447e+02 
    0.000   10.701000  0.000000e+00  2.283221e+02 
    0.000   10.802999  0.000000e+00  2.282872e+02 
    0.000   10.906000  0.000000e+00  2.282437e+02 
    0.000   11.009000  0.000000e+00  2.281942e+02 
    0.000   11.112000  0.000000e+00  2.281340e+02 
    0.000   11.215000  0.000000e+00  2.280665e+02 
    0.000   11.318000  0.000000e+00  2.279947e+02 
    0.000   11.421000  0.000000e+00  2.279186e+02 
    0.000   11.524000  0.000000e+00  2.278395e+02 
    0.000   11.627000  0.000000e+00  2.277585e+02 
    0.000   11.729000  0.000000e+00  2.276761e+02 
    0.000   11.832000  0.000000e+00  2.275914e+02 
    0.000   11.934999  0.000000e+00  2.275060e+02 
    0.000   12.038000  0.000000e+00  2.274242e+02 
    0.000   12.141000  0.000000e+00  2.273455e+02 
    0.000   12.243999  0.000000e+00  2.272684e+02 
    0.000   12.347000  0.000000e+00  2.271949e+02 
    0.000   12.450000  0.000000e+00  2.271249e+02 
    0.000   12.552999  0.000000e+00  2.270571e+02 
    0.000   12.656000  0.000000e+00  2.269928e+02 
    0.000   12.757999  0.000000e+00  2.269326e+02 
    0.000   12.861000  0.000000e+00  2.268743e+02 
    0.000   12.964000  0.000000e+00  2.268174e+02 
    0.000   13.066999  0.000000e+00  2.267612e+02 
    0.000   13.170000  0.000000e+00  2.267058e+02 
    0.000   13.273000  0.000000e+00  2.266504e+02 
    0.000   13.375999  0.000000e+00  2.265939e+02 
    0.000   13.479000  0.000000e+00  2.265366e+02 
    0.000   13.582000  0.000000e+00  2.264793e+02 
    0.000   13.684000  0.000000e+00  2.264228e+02 
    0.000   13.787000  0.000000e+00  2.263661e+02 
    0.000   13.890000  0.000000e+00  2.263099e+02 
    0.000   13.993000  0.000000e+00  2.262561e+02 
    0.000   14.096000  0.000000e+00  2.262049e+02 
    0.000   14.199000  0.000000e+00  2.261553e+02 
    0.000   14.302000  0.000000e+00  2.261084e+02 
    0.000   14.405000  0.000000e+00  2.260645e+02 
    0.000   14.507999  0.000000e+00  2.260229e+02 
    0.000   14.610000  0.000000e+00  2.259830e+02 
    0.000   14.713000  0.000000e+00  2.259431e+02 
    0.000   14.816000  0.000000e+00  2.259034e+02 
    0.000   14.919000  0.000000e+00  2.258644e+02 
    0.000   15.022000  0.000000e+00  2.258251e+02 
    0.000   15.125000  0.000000e+00  2.257858e+02 
    0.000   15.228000  0.000000e+00  2.257467e+02 
    0.000   15.331000  0.000000e+00  2.257075e+02 
    0.000   15.434000  0.000000e+00  2.256682e+02 
    0.000   15.536000  0.000000e+00  2.256293e+02 
    0.000   15.639000  0.000000e+00  2.255899e+02 
    0.000   15.742000  0.000000e+00  2.255493e+02 
    0.000   15.845000  0.000000e+00  2.255078e+02 
    0.000   15.947999  0.000000e+00  2.254659e+02 
    0.000   16.051001  0.000000e+00  2.254262e+02 
    0.000   16.154001  0.000000e+00  2.253888e+02 
    0.000   16.257000  0.000000e+00  2.253531e+02 
    0.000   16.360001  0.000000e+00  2.253182e+02 
    0.000   16.462000  0.000000e+00  2.252839e+02 
    0.000   16.565001  0.000000e+00  2.252495e+02 
    0.000   16.668001  0.000000e+00  2.252154e+02 
    0.000   16.771000  0.000000e+00  2.251796e+02 
    0.000   16.874001  0.000000e+00  2.251421e+02 
    0.000   16.977001  0.000000e+00  2.251038e+02 
    0.000   17.080000  0.000000e+00  2.250650e+02 
    0.000   17.183001  0.000000e+00  2.250259e+02 
    0.000   17.286001  0.000000e+00  2.249867e+02 
    0.000   17.389000  0.000000e+00  2.249472e+02 
    0.000   17.491001  0.000000e+00  2.249084e+02 
    0.000   17.594002  0.000000e+00  2.248694e+02 
    0.000   17.697001  0.000000e+00  2.248306e+02 
    0.000   17.800001  0.000000e+00  2.247921e+02 
    0.000   17.903002  0.000000e+00  2.247540e+02 
    0.000   18.006001  0.000000e+00  2.247163e+02 
    0.000   18.109001  0.000000e+00  2.246789e+02 
    0.000   18.212000  0.000000e+00  2.246431e+02 
    0.000   18.315001  0.000000e+00  2.246089e+02 
    0.000   18.417002  0.000000e+00  2.245762e+02 
    0.000   18.520000  0.000000e+00  2.245443e+02 
    0.000   18.623001  0.000000e+00  2.245138e+02 
    0.000   18.726002  0.000000e+00  2.244845e+02 
    0.000   18.829000  0.000000e+00  2.244563e+02 
    0.000   18.932001  0.000000e+00  2.244288e+02 
    0.000   19.035002  0.000000e+00  2.244022e+02 
    0.000   19.138000  0.000000e+00  2.243762e+02 
    0.000   19.241001  0.000000e+00  2.243508e+02 
    0.000   19.343000  0.000000e+00  2.243261e+02 
    0.000   19.446001  0.000000e+00  2.243013e+02 
    0.000   19.549002  0.000000e+00  2.242768e+02 
    0.000   19.652000  0.000000e+00  2.242527e+02 
    0.000   19.755001  0.000000e+00  2.242275e+02 
    0.000   19.858002  0.000000e+00  2.242012e+02 
    0.000   19.961000  0.000000e+00  2.241741e+02 
    0.000   20.064001  0.000000e+00  2.241467e+02 
    0.000   20.363001  0.000000e+00  2.240632e+02 
    0.000   20.859001  0.000000e+00  2.239321e+02 
    0.000   21.355001  0.000000e+00  2.238256e+02 
    0.000   21.850000  0.000000e+00  2.237401e+02 
    0.000   22.346001  0.000000e+00  2.236618e+02 
    0.000   22.842001  0.000000e+00  2.235847e+02 
    0.000   23.338001  0.000000e+00  2.235077e+02 
    0.000   23.833000  0.000000e+00  2.234392e+02 
    0.000   24.329000  0.000000e+00  2.233939e+02 
    0.000   24.825001  0.000000e+00  2.233748e+02 
    0.000   25.321001  0.000000e+00  2.233722e+02 
    0.000   25.816000  0.000000e+00  2.233713e+02 
    0.000   26.312000  0.000000e+00  2.233642e+02 
    0.000   26.808001  0.000000e+00  2.233660e+02 
    0.000   27.304001  0.000000e+00  2.233833e+02 
    0.000   27.799002  0.000000e+00  2.234111e+02 
    0.000   28.295000  0.000000e+00  2.234443e+02 
    0.000   28.791000  0.000000e+00  2.234855e+02 
    0.000   29.287001  0.000000e+00  2.235287e+02 
    0.000   29.782001  0.000000e+00  2.235742e+02 
    0.000   30.278002  0.000000e+00  2.236248e+02 
    0.000   30.774000  0.000000e+00  2.236828e+02 
    0.000   31.270000  0.000000e+00  2.237432e+02 
    0.000   31.765001  0.000000e+00  2.238013e+02 
    0.000   32.260998  0.000000e+00  2.238576e+02 
    0.000   32.757000  0.000000e+00  2.239130e+02 
    0.000   33.252998  0.000000e+00  2.239681e+02 
    0.000   33.747997  0.000000e+00  2.240243e+02 
    0.000   34.243999  0.000000e+00  2.240824e+02 
    0.000   34.739998  0.000000e+00  2.241441e+02 
    0.000   35.236000  0.000000e+00  2.242088e+02 
    0.000   35.730999  0.000000e+00  2.242717e+02 
    0.000   36.226997  0.000000e+00  2.243323e+02 
    0.000   36.723000  0.000000e+00  2.243859e+02 
    0.000   37.218998  0.000000e+00  2.244334e+02 
    0.000   37.714001  0.000000e+00  2.244772e+02 
    0.000   38.209999  0.000000e+00  2.245183e+02 
    0.000   38.705997  0.000000e+00  2.245603e+02 
    0.000   39.202000  0.000000e+00  2.246042e+02 
    0.000   39.696999  0.000000e+00  2.246506e+02 
    0.000   40.196999  0.000000e+00  2.247004e+02 
    0.000   45.196999  0.000000e+00  2.251485e+02 
    0.000   50.196999  0.000000e+00  2.253707e+02 
    0.000   55.196999  0.000000e+00  2.253651e+02 
    0.000   60.196999  0.000000e+00  2.252985e+02 
    0.000   65.197006  0.000000e+00  2.252458e+02 
