    0.000    0.000000  0.000000e+00  3.525945e+02 
    0.000    0.103000  0.000000e+00  3.516099e+02 
    0.000    0.206000  0.000000e+00  3.502779e+02 
    0.000    0.309000  0.000000e+00  3.489317e+02 
    0.000    0.412000  0.000000e+00  3.475492e+02 
    0.000    0.514000  0.000000e+00  3.461619e+02 
    0.000    0.617000  0.000000e+00  3.444210e+02 
    0.000    0.720000  0.000000e+00  3.423605e+02 
    0.000    0.823000  0.000000e+00  3.400492e+02 
    0.000    0.926000  0.000000e+00  3.375060e+02 
    0.000    1.029000  0.000000e+00  3.347323e+02 
    0.000    1.132000  0.000000e+00  3.318219e+02 
    0.000    1.235000  0.000000e+00  3.287134e+02 
    0.000    1.338000  0.000000e+00  3.255340e+02 
    0.000    1.440000  0.000000e+00  3.223564e+02 
    0.000    1.543000  0.000000e+00  3.191325e+02 
    0.000    1.646000  0.000000e+00  3.157999e+02 
    0.000    1.749000  0.000000e+00  3.123253e+02 
    0.000    1.852000  0.000000e+00  3.065115e+02 
    0.000    1.955000  0.000000e+00  3.024863e+02 
    0.000    2.058000  0.000000e+00  2.993979e+02 
    0.000    2.161000  0.000000e+00  2.963769e+02 
    0.000    2.264000  0.000000e+00  2.955761e+02 
    0.000    2.367000  0.000000e+00  2.946631e+02 
    0.000    2.469000  0.000000e+00  2.936850e+02 
    0.000    2.572000  0.000000e+00  2.926541e+02 
    0.000    2.675000  0.000000e+00  2.915851e+02 
    0.000    2.778000  0.000000e+00  2.902769e+02 
    0.000    2.881000  0.000000e+00  2.891724e+02 
    0.000    2.984000  0.000000e+00  2.880288e+02 
    0.000    3.087000  0.000000e+00  2.868646e+02 
    0.000    3.190000  0.000000e+00  2.856768e+02 
    0.000    3.293000  0.000000e+00  2.844804e+02 
    0.000    3.395000  0.000000e+00  2.832757e+02 
    0.000    3.498000  0.000000e+00  2.820560e+02 
    0.000    3.601000  0.000000e+00  2.808188e+02 
    0.000    3.704000  0.000000e+00  2.795150e+02 
    0.000    3.807000  0.000000e+00  2.780775e+02 
    0.000    3.910000  0.000000e+00  2.764022e+02 
    0.000    4.013000  0.000000e+00  2.744468e+02 
    0.000    4.116000  0.000000e+00  2.722301e+02 
    0.000    4.219000  0.000000e+00  2.699405e+02 
    0.000    4.321000  0.000000e+00  2.678370e+02 
    0.000    4.424000  0.000000e+00  2.659118e+02 
    0.000    4.527000  0.000000e+00  2.645681e+02 
    0.000    4.630000  0.000000e+00  2.633632e+02 
    0.000    4.733000  0.000000e+00  2.622443e+02 
    0.000    4.836000  0.000000e+00  2.611230e+02 
    0.000    4.939000  0.000000e+00  2.600032e+02 
    0.000    5.042000  0.000000e+00  2.588863e+02 
    0.000    5.145000  0.000000e+00  2.577798e+02 
    0.000    5.247000  0.000000e+00  2.566869e+02 
    0.000    5.350000  0.000000e+00  2.555938e+02 
    0.000    5.453000  0.000000e+00  2.545152e+02 
    0.000    5.556000  0.000000e+00  2.534474e+02 
    0.000    5.659000  0.000000e+00  2.523934e+02 
    0.000    5.762000  0.000000e+00  2.513554e+02 
    0.000    5.865000  0.000000e+00  2.503324e+02 
    0.000    5.968000  0.000000e+00  2.493276e+02 
    0.000    6.071000  0.000000e+00  2.483428e+02 
    0.000    6.173000  0.000000e+00  2.473847e+02 
    0.000    6.276000  0.000000e+00  2.445972e+02 
    0.000    6.379000  0.000000e+00  2.435707e+02 
    0.000    6.482000  0.000000e+00  2.425839e+02 
    0.000    6.585000  0.000000e+00  2.416069e+02 
    0.000    6.688000  0.000000e+00  2.406416e+02 
    0.000    6.791000  0.000000e+00  2.396840e+02 
    0.000    6.894000  0.000000e+00  2.387450e+02 
    0.000    6.997000  0.000000e+00  2.378661e+02 
    0.000    7.099000  0.000000e+00  2.370208e+02 
    0.000    7.202000  0.000000e+00  2.363315e+02 
    0.000    7.305000  0.000000e+00  2.357757e+02 
    0.000    7.408000  0.000000e+00  2.353099e+02 
    0.000    7.511000  0.000000e+00  2.349589e+02 
    0.000    7.614000  0.000000e+00  2.347030e+02 
    0.000    7.717000  0.000000e+00  2.344901e+02 
    0.000    7.820000  0.000000e+00  2.343243e+02 
    0.000    7.923000  0.000000e+00  2.341812e+02 
    0.000    8.025001  0.000000e+00  2.340442e+02 
    0.000    8.128000  0.000000e+00  2.338921e+02 
    0.000    8.231000  0.000000e+00  2.337362e+02 
    0.000    8.334001  0.000000e+00  2.335583e+02 
    0.000    8.437000  0.000000e+00  2.333462e+02 
    0.000    8.540000  0.000000e+00  2.331362e+02 
    0.000    8.643001  0.000000e+00  2.329078e+02 
    0.000    8.746000  0.000000e+00  2.326692e+02 
    0.000    8.849000  0.000000e+00  2.324359e+02 
    0.000    8.952001  0.000000e+00  2.322168e+02 
    0.000    9.054000  0.000000e+00  2.319790e+02 
    0.000    9.157001  0.000000e+00  2.317163e+02 
    0.000    9.260000  0.000000e+00  2.314513e+02 
    0.000    9.363000  0.000000e+00  2.311893e+02 
    0.000    9.466001  0.000000e+00  2.311018e+02 
    0.000    9.569000  0.000000e+00  2.310217e+02 
    0.000    9.672000  0.000000e+00  2.309474e+02 
    0.000    9.775001  0.000000e+00  2.308815e+02 
    0.000    9.878000  0.000000e+00  2.308335e+02 
    0.000    9.980000  0.000000e+00  2.307991e+02 
    0.000   10.083000  0.000000e+00  2.307687e+02 
    0.000   10.186000  0.000000e+00  2.307339e+02 
    0.000   10.289001  0.000000e+00  2.306969e+02 
    0.000   10.392000  0.000000e+00  2.306584e+02 
    0.000   10.495000  0.000000e+00  2.306160e+02 
    0.000   10.598001  0.000000e+00  2.305713e+02 
    0.000   10.701000  0.000000e+00  2.305252e+02 
    0.000   10.804000  0.000000e+00  2.304760e+02 
    0.000   10.906000  0.000000e+00  2.304256e+02 
    0.000   11.009000  0.000000e+00  2.303717e+02 
    0.000   11.112000  0.000000e+00  2.303085e+02 
    0.000   11.215000  0.000000e+00  2.302389e+02 
    0.000   11.318000  0.000000e+00  2.301661e+02 
    0.000   11.421000  0.000000e+00  2.300903e+02 
    0.000   11.524000  0.000000e+00  2.300126e+02 
    0.000   11.627000  0.000000e+00  2.299340e+02 
    0.000   11.730000  0.000000e+00  2.298557e+02 
    0.000   11.832001  0.000000e+00  2.297783e+02 
    0.000   11.935000  0.000000e+00  2.297006e+02 
    0.000   12.038000  0.000000e+00  2.296216e+02 
    0.000   12.141001  0.000000e+00  2.295419e+02 
    0.000   12.244000  0.000000e+00  2.294619e+02 
    0.000   12.347000  0.000000e+00  2.293829e+02 
    0.000   12.450001  0.000000e+00  2.293051e+02 
    0.000   12.553000  0.000000e+00  2.292281e+02 
    0.000   12.656000  0.000000e+00  2.291549e+02 
    0.000   12.758000  0.000000e+00  2.290867e+02 
    0.000   12.861000  0.000000e+00  2.290208e+02 
    0.000   12.964001  0.000000e+00  2.289575e+02 
    0.000   13.067000  0.000000e+00  2.288967e+02 
    0.000   13.170000  0.000000e+00  2.288379e+02 
    0.000   13.273001  0.000000e+00  2.287807e+02 
    0.000   13.376000  0.000000e+00  2.287253e+02 
    0.000   13.479000  0.000000e+00  2.286713e+02 
    0.000   13.582001  0.000000e+00  2.286186e+02 
    0.000   13.684000  0.000000e+00  2.285678e+02 
    0.000   13.787001  0.000000e+00  2.285178e+02 
    0.000   13.890000  0.000000e+00  2.284690e+02 
    0.000   13.993000  0.000000e+00  2.284206e+02 
    0.000   14.096001  0.000000e+00  2.283725e+02 
    0.000   14.199000  0.000000e+00  2.283250e+02 
    0.000   14.302000  0.000000e+00  2.282784e+02 
    0.000   14.405001  0.000000e+00  2.282329e+02 
    0.000   14.508000  0.000000e+00  2.281884e+02 
    0.000   14.611000  0.000000e+00  2.281445e+02 
    0.000   14.713000  0.000000e+00  2.281013e+02 
    0.000   14.816000  0.000000e+00  2.280580e+02 
    0.000   14.919001  0.000000e+00  2.280153e+02 
    0.000   15.022000  0.000000e+00  2.279722e+02 
    0.000   15.125000  0.000000e+00  2.279288e+02 
    0.000   15.228001  0.000000e+00  2.278857e+02 
    0.000   15.331000  0.000000e+00  2.278437e+02 
    0.000   15.434000  0.000000e+00  2.278035e+02 
    0.000   15.537001  0.000000e+00  2.277646e+02 
    0.000   15.639000  0.000000e+00  2.277274e+02 
    0.000   15.742001  0.000000e+00  2.276918e+02 
    0.000   15.845000  0.000000e+00  2.276579e+02 
    0.000   15.948000  0.000000e+00  2.276253e+02 
    0.000   16.051001  0.000000e+00  2.275895e+02 
    0.000   16.154001  0.000000e+00  2.275499e+02 
    0.000   16.257000  0.000000e+00  2.275080e+02 
    0.000   16.360001  0.000000e+00  2.274644e+02 
    0.000   16.462999  0.000000e+00  2.274189e+02 
    0.000   16.565001  0.000000e+00  2.273723e+02 
    0.000   16.668001  0.000000e+00  2.273244e+02 
    0.000   16.771000  0.000000e+00  2.272773e+02 
    0.000   16.874001  0.000000e+00  2.272310e+02 
    0.000   16.977001  0.000000e+00  2.271853e+02 
    0.000   17.080000  0.000000e+00  2.271408e+02 
    0.000   17.183001  0.000000e+00  2.270984e+02 
    0.000   17.286001  0.000000e+00  2.270577e+02 
    0.000   17.389000  0.000000e+00  2.270181e+02 
    0.000   17.491001  0.000000e+00  2.269807e+02 
    0.000   17.594000  0.000000e+00  2.269446e+02 
    0.000   17.697001  0.000000e+00  2.269096e+02 
    0.000   17.800001  0.000000e+00  2.268758e+02 
    0.000   17.903000  0.000000e+00  2.268434e+02 
    0.000   18.006001  0.000000e+00  2.268121e+02 
    0.000   18.109001  0.000000e+00  2.267818e+02 
    0.000   18.212000  0.000000e+00  2.267518e+02 
    0.000   18.315001  0.000000e+00  2.267219e+02 
    0.000   18.417000  0.000000e+00  2.266926e+02 
    0.000   18.520000  0.000000e+00  2.266635e+02 
    0.000   18.623001  0.000000e+00  2.266347e+02 
    0.000   18.726000  0.000000e+00  2.266062e+02 
    0.000   18.829000  0.000000e+00  2.265782e+02 
    0.000   18.932001  0.000000e+00  2.265503e+02 
    0.000   19.035000  0.000000e+00  2.265225e+02 
    0.000   19.138000  0.000000e+00  2.264948e+02 
    0.000   19.241001  0.000000e+00  2.264672e+02 
    0.000   19.344000  0.000000e+00  2.264393e+02 
    0.000   19.446001  0.000000e+00  2.264112e+02 
    0.000   19.549000  0.000000e+00  2.263826e+02 
    0.000   19.652000  0.000000e+00  2.263539e+02 
    0.000   19.755001  0.000000e+00  2.263251e+02 
    0.000   19.858000  0.000000e+00  2.262964e+02 
    0.000   19.961000  0.000000e+00  2.262677e+02 
    0.000   20.064001  0.000000e+00  2.262390e+02 
    0.000   20.363001  0.000000e+00  2.261589e+02 
    0.000   20.859001  0.000000e+00  2.260425e+02 
    0.000   21.355000  0.000000e+00  2.259452e+02 
    0.000   21.850000  0.000000e+00  2.258570e+02 
    0.000   22.346001  0.000000e+00  2.257695e+02 
    0.000   22.842001  0.000000e+00  2.256803e+02 
    0.000   23.337999  0.000000e+00  2.255977e+02 
    0.000   23.833000  0.000000e+00  2.255336e+02 
    0.000   24.329000  0.000000e+00  2.254933e+02 
    0.000   24.825001  0.000000e+00  2.254728e+02 
    0.000   25.321001  0.000000e+00  2.254605e+02 
    0.000   25.816000  0.000000e+00  2.254601e+02 
    0.000   26.312000  0.000000e+00  2.254681e+02 
    0.000   26.808001  0.000000e+00  2.254790e+02 
    0.000   27.304001  0.000000e+00  2.254947e+02 
    0.000   27.799000  0.000000e+00  2.255163e+02 
    0.000   28.295000  0.000000e+00  2.255425e+02 
    0.000   28.791000  0.000000e+00  2.255762e+02 
    0.000   29.287001  0.000000e+00  2.256180e+02 
    0.000   29.782000  0.000000e+00  2.256657e+02 
    0.000   30.278000  0.000000e+00  2.257174e+02 
    0.000   30.774000  0.000000e+00  2.257720e+02 
    0.000   31.270000  0.000000e+00  2.258285e+02 
    0.000   31.764999  0.000000e+00  2.258861e+02 
    0.000   32.260998  0.000000e+00  2.259444e+02 
    0.000   32.757000  0.000000e+00  2.260028e+02 
    0.000   33.252998  0.000000e+00  2.260608e+02 
    0.000   33.747997  0.000000e+00  2.261202e+02 
    0.000   34.243999  0.000000e+00  2.261821e+02 
    0.000   34.739998  0.000000e+00  2.262448e+02 
    0.000   35.236000  0.000000e+00  2.263072e+02 
    0.000   35.730999  0.000000e+00  2.263661e+02 
    0.000   36.226997  0.000000e+00  2.264218e+02 
    0.000   36.723000  0.000000e+00  2.264738e+02 
    0.000   37.218998  0.000000e+00  2.265227e+02 
    0.000   37.713997  0.000000e+00  2.265675e+02 
    0.000   38.209999  0.000000e+00  2.266087e+02 
    0.000   38.705997  0.000000e+00  2.266501e+02 
    0.000   39.202000  0.000000e+00  2.266926e+02 
    0.000   39.696999  0.000000e+00  2.267383e+02 
    0.000   40.196999  0.000000e+00  2.267891e+02 
    0.000   45.196999  0.000000e+00  2.272391e+02 
    0.000   50.196999  0.000000e+00  2.274655e+02 
    0.000   55.196999  0.000000e+00  2.274616e+02 
    0.000   60.196999  0.000000e+00  2.273935e+02 
    0.000   65.196999  0.000000e+00  2.273413e+02 
