    0.000    0.000000  0.000000e+00  3.489358e+02 
    0.000    0.103000  0.000000e+00  3.482756e+02 
    0.000    0.205000  0.000000e+00  3.469755e+02 
    0.000    0.308000  0.000000e+00  3.456387e+02 
    0.000    0.411000  0.000000e+00  3.442513e+02 
    0.000    0.514000  0.000000e+00  3.429150e+02 
    0.000    0.617000  0.000000e+00  3.414599e+02 
    0.000    0.720000  0.000000e+00  3.399432e+02 
    0.000    0.823000  0.000000e+00  3.385468e+02 
    0.000    0.926000  0.000000e+00  3.370856e+02 
    0.000    1.029000  0.000000e+00  3.355105e+02 
    0.000    1.131000  0.000000e+00  3.339848e+02 
    0.000    1.234000  0.000000e+00  3.323568e+02 
    0.000    1.337000  0.000000e+00  3.307301e+02 
    0.000    1.440000  0.000000e+00  3.290203e+02 
    0.000    1.543000  0.000000e+00  3.271628e+02 
    0.000    1.646000  0.000000e+00  3.255461e+02 
    0.000    1.749000  0.000000e+00  3.239322e+02 
    0.000    1.852000  0.000000e+00  3.222407e+02 
    0.000    1.955000  0.000000e+00  3.175991e+02 
    0.000    2.057000  0.000000e+00  3.136850e+02 
    0.000    2.160000  0.000000e+00  3.101714e+02 
    0.000    2.263000  0.000000e+00  3.089985e+02 
    0.000    2.366000  0.000000e+00  3.077823e+02 
    0.000    2.469000  0.000000e+00  3.065422e+02 
    0.000    2.572000  0.000000e+00  3.052861e+02 
    0.000    2.675000  0.000000e+00  3.040029e+02 
    0.000    2.778000  0.000000e+00  3.026839e+02 
    0.000    2.881000  0.000000e+00  3.013555e+02 
    0.000    2.983000  0.000000e+00  3.000406e+02 
    0.000    3.086000  0.000000e+00  2.987219e+02 
    0.000    3.189000  0.000000e+00  2.973944e+02 
    0.000    3.292000  0.000000e+00  2.960707e+02 
    0.000    3.395000  0.000000e+00  2.947641e+02 
    0.000    3.498000  0.000000e+00  2.934747e+02 
    0.000    3.601000  0.000000e+00  2.922054e+02 
    0.000    3.704000  0.000000e+00  2.909576e+02 
    0.000    3.807000  0.000000e+00  2.897271e+02 
    0.000    3.909000  0.000000e+00  2.884948e+02 
    0.000    4.012000  0.000000e+00  2.872542e+02 
    0.000    4.115000  0.000000e+00  2.860231e+02 
    0.000    4.218000  0.000000e+00  2.848027e+02 
    0.000    4.321000  0.000000e+00  2.835990e+02 
    0.000    4.424000  0.000000e+00  2.824055e+02 
    0.000    4.527000  0.000000e+00  2.812281e+02 
    0.000    4.630000  0.000000e+00  2.800665e+02 
    0.000    4.733000  0.000000e+00  2.789097e+02 
    0.000    4.836000  0.000000e+00  2.777671e+02 
    0.000    4.938000  0.000000e+00  2.766455e+02 
    0.000    5.041000  0.000000e+00  2.755268e+02 
    0.000    5.144000  0.000000e+00  2.744272e+02 
    0.000    5.247000  0.000000e+00  2.733367e+02 
    0.000    5.350000  0.000000e+00  2.722577e+02 
    0.000    5.453000  0.000000e+00  2.711950e+02 
    0.000    5.556000  0.000000e+00  2.701426e+02 
    0.000    5.659000  0.000000e+00  2.691053e+02 
    0.000    5.762000  0.000000e+00  2.680857e+02 
    0.000    5.864000  0.000000e+00  2.670908e+02 
    0.000    5.967000  0.000000e+00  2.661061e+02 
    0.000    6.070000  0.000000e+00  2.651398e+02 
    0.000    6.173000  0.000000e+00  2.641891e+02 
    0.000    6.276000  0.000000e+00  2.632545e+02 
    0.000    6.379000  0.000000e+00  2.623493e+02 
    0.000    6.482000  0.000000e+00  2.614686e+02 
    0.000    6.585000  0.000000e+00  2.606129e+02 
    0.000    6.688000  0.000000e+00  2.597980e+02 
    0.000    6.790000  0.000000e+00  2.590204e+02 
    0.000    6.893000  0.000000e+00  2.582933e+02 
    0.000    6.996000  0.000000e+00  2.576442e+02 
    0.000    7.099000  0.000000e+00  2.570506e+02 
    0.000    7.202000  0.000000e+00  2.565766e+02 
    0.000    7.305000  0.000000e+00  2.562146e+02 
    0.000    7.408000  0.000000e+00  2.559213e+02 
    0.000    7.511000  0.000000e+00  2.557356e+02 
    0.000    7.614000  0.000000e+00  2.556217e+02 
    0.000    7.716000  0.000000e+00  2.555425e+02 
    0.000    7.819000  0.000000e+00  2.554674e+02 
    0.000    7.922000  0.000000e+00  2.553988e+02 
    0.000    8.025001  0.000000e+00  2.553138e+02 
    0.000    8.128000  0.000000e+00  2.551880e+02 
    0.000    8.231000  0.000000e+00  2.550380e+02 
    0.000    8.334001  0.000000e+00  2.548728e+02 
    0.000    8.437000  0.000000e+00  2.546964e+02 
    0.000    8.540000  0.000000e+00  2.545139e+02 
    0.000    8.642000  0.000000e+00  2.543338e+02 
    0.000    8.745000  0.000000e+00  2.541536e+02 
    0.000    8.848001  0.000000e+00  2.539737e+02 
    0.000    8.951000  0.000000e+00  2.538018e+02 
    0.000    9.054000  0.000000e+00  2.536358e+02 
    0.000    9.157001  0.000000e+00  2.534748e+02 
    0.000    9.260000  0.000000e+00  2.533388e+02 
    0.000    9.363000  0.000000e+00  2.532210e+02 
    0.000    9.466001  0.000000e+00  2.531153e+02 
    0.000    9.568000  0.000000e+00  2.530280e+02 
    0.000    9.671000  0.000000e+00  2.529530e+02 
    0.000    9.774000  0.000000e+00  2.528856e+02 
    0.000    9.877000  0.000000e+00  2.528209e+02 
    0.000    9.980000  0.000000e+00  2.527590e+02 
    0.000   10.083000  0.000000e+00  2.526969e+02 
    0.000   10.186000  0.000000e+00  2.526268e+02 
    0.000   10.289001  0.000000e+00  2.525524e+02 
    0.000   10.392000  0.000000e+00  2.524809e+02 
    0.000   10.495000  0.000000e+00  2.524218e+02 
    0.000   10.597000  0.000000e+00  2.523724e+02 
    0.000   10.700000  0.000000e+00  2.523238e+02 
    0.000   10.803000  0.000000e+00  2.522648e+02 
    0.000   10.906000  0.000000e+00  2.521993e+02 
    0.000   11.009000  0.000000e+00  2.521294e+02 
    0.000   11.112000  0.000000e+00  2.520499e+02 
    0.000   11.215000  0.000000e+00  2.519640e+02 
    0.000   11.318000  0.000000e+00  2.518745e+02 
    0.000   11.421000  0.000000e+00  2.517803e+02 
    0.000   11.523000  0.000000e+00  2.516837e+02 
    0.000   11.626000  0.000000e+00  2.515845e+02 
    0.000   11.729000  0.000000e+00  2.514835e+02 
    0.000   11.832000  0.000000e+00  2.513812e+02 
    0.000   11.935000  0.000000e+00  2.512785e+02 
    0.000   12.038000  0.000000e+00  2.511788e+02 
    0.000   12.141000  0.000000e+00  2.510818e+02 
    0.000   12.244000  0.000000e+00  2.509864e+02 
    0.000   12.347000  0.000000e+00  2.508963e+02 
    0.000   12.449000  0.000000e+00  2.508118e+02 
    0.000   12.552000  0.000000e+00  2.507299e+02 
    0.000   12.655000  0.000000e+00  2.506514e+02 
    0.000   12.758000  0.000000e+00  2.505761e+02 
    0.000   12.861000  0.000000e+00  2.505034e+02 
    0.000   12.964000  0.000000e+00  2.504326e+02 
    0.000   13.067000  0.000000e+00  2.503636e+02 
    0.000   13.170000  0.000000e+00  2.502961e+02 
    0.000   13.273000  0.000000e+00  2.502294e+02 
    0.000   13.375000  0.000000e+00  2.501630e+02 
    0.000   13.478000  0.000000e+00  2.500959e+02 
    0.000   13.581000  0.000000e+00  2.500292e+02 
    0.000   13.684000  0.000000e+00  2.499627e+02 
    0.000   13.787000  0.000000e+00  2.498965e+02 
    0.000   13.890000  0.000000e+00  2.498306e+02 
    0.000   13.993000  0.000000e+00  2.497671e+02 
    0.000   14.096000  0.000000e+00  2.497060e+02 
    0.000   14.199000  0.000000e+00  2.496468e+02 
    0.000   14.301001  0.000000e+00  2.495906e+02 
    0.000   14.404000  0.000000e+00  2.495370e+02 
    0.000   14.507000  0.000000e+00  2.494859e+02 
    0.000   14.610001  0.000000e+00  2.494362e+02 
    0.000   14.713000  0.000000e+00  2.493867e+02 
    0.000   14.816000  0.000000e+00  2.493376e+02 
    0.000   14.919000  0.000000e+00  2.492891e+02 
    0.000   15.022000  0.000000e+00  2.492409e+02 
    0.000   15.125000  0.000000e+00  2.491929e+02 
    0.000   15.227000  0.000000e+00  2.491459e+02 
    0.000   15.330000  0.000000e+00  2.490983e+02 
    0.000   15.433001  0.000000e+00  2.490502e+02 
    0.000   15.536000  0.000000e+00  2.490019e+02 
    0.000   15.639000  0.000000e+00  2.489536e+02 
    0.000   15.742001  0.000000e+00  2.489045e+02 
    0.000   15.845000  0.000000e+00  2.488548e+02 
    0.000   15.948001  0.000000e+00  2.488051e+02 
    0.000   16.050999  0.000000e+00  2.487579e+02 
    0.000   16.153999  0.000000e+00  2.487137e+02 
    0.000   16.255999  0.000000e+00  2.486719e+02 
    0.000   16.358999  0.000000e+00  2.486306e+02 
    0.000   16.462000  0.000000e+00  2.485889e+02 
    0.000   16.564999  0.000000e+00  2.485471e+02 
    0.000   16.667999  0.000000e+00  2.485056e+02 
    0.000   16.771000  0.000000e+00  2.484626e+02 
    0.000   16.873999  0.000000e+00  2.484183e+02 
    0.000   16.976999  0.000000e+00  2.483734e+02 
    0.000   17.080000  0.000000e+00  2.483282e+02 
    0.000   17.181999  0.000000e+00  2.482836e+02 
    0.000   17.285000  0.000000e+00  2.482386e+02 
    0.000   17.387999  0.000000e+00  2.481936e+02 
    0.000   17.490999  0.000000e+00  2.481488e+02 
    0.000   17.594000  0.000000e+00  2.481039e+02 
    0.000   17.696999  0.000000e+00  2.480591e+02 
    0.000   17.799999  0.000000e+00  2.480146e+02 
    0.000   17.903000  0.000000e+00  2.479706e+02 
    0.000   18.005999  0.000000e+00  2.479272e+02 
    0.000   18.108000  0.000000e+00  2.478845e+02 
    0.000   18.210999  0.000000e+00  2.478431e+02 
    0.000   18.313999  0.000000e+00  2.478034e+02 
    0.000   18.417000  0.000000e+00  2.477651e+02 
    0.000   18.519999  0.000000e+00  2.477279e+02 
    0.000   18.622999  0.000000e+00  2.476921e+02 
    0.000   18.726000  0.000000e+00  2.476575e+02 
    0.000   18.828999  0.000000e+00  2.476238e+02 
    0.000   18.931999  0.000000e+00  2.475912e+02 
    0.000   19.033998  0.000000e+00  2.475599e+02 
    0.000   19.136999  0.000000e+00  2.475291e+02 
    0.000   19.240000  0.000000e+00  2.474991e+02 
    0.000   19.342999  0.000000e+00  2.474694e+02 
    0.000   19.445999  0.000000e+00  2.474398e+02 
    0.000   19.549000  0.000000e+00  2.474104e+02 
    0.000   19.651999  0.000000e+00  2.473814e+02 
    0.000   19.754999  0.000000e+00  2.473512e+02 
    0.000   19.858000  0.000000e+00  2.473198e+02 
    0.000   19.959999  0.000000e+00  2.472880e+02 
    0.000   20.063000  0.000000e+00  2.472553e+02 
    0.000   20.362999  0.000000e+00  2.471579e+02 
    0.000   20.858000  0.000000e+00  2.470070e+02 
    0.000   21.354000  0.000000e+00  2.468826e+02 
    0.000   21.849998  0.000000e+00  2.467797e+02 
    0.000   22.345999  0.000000e+00  2.466850e+02 
    0.000   22.841000  0.000000e+00  2.465925e+02 
    0.000   23.337000  0.000000e+00  2.465011e+02 
    0.000   23.832998  0.000000e+00  2.464211e+02 
    0.000   24.328999  0.000000e+00  2.463667e+02 
    0.000   24.823999  0.000000e+00  2.463389e+02 
    0.000   25.320000  0.000000e+00  2.463291e+02 
    0.000   25.816000  0.000000e+00  2.463209e+02 
    0.000   26.311998  0.000000e+00  2.463079e+02 
    0.000   26.806999  0.000000e+00  2.463047e+02 
    0.000   27.302999  0.000000e+00  2.463161e+02 
    0.000   27.799000  0.000000e+00  2.463380e+02 
    0.000   28.295000  0.000000e+00  2.463671e+02 
    0.000   28.789999  0.000000e+00  2.464052e+02 
    0.000   29.285999  0.000000e+00  2.464454e+02 
    0.000   29.782000  0.000000e+00  2.464881e+02 
    0.000   30.278000  0.000000e+00  2.465362e+02 
    0.000   30.772999  0.000000e+00  2.465911e+02 
    0.000   31.268999  0.000000e+00  2.466487e+02 
    0.000   31.764999  0.000000e+00  2.467048e+02 
    0.000   32.261002  0.000000e+00  2.467600e+02 
    0.000   32.756001  0.000000e+00  2.468147e+02 
    0.000   33.252003  0.000000e+00  2.468690e+02 
    0.000   33.748001  0.000000e+00  2.469240e+02 
    0.000   34.243999  0.000000e+00  2.469801e+02 
    0.000   34.739002  0.000000e+00  2.470399e+02 
    0.000   35.235001  0.000000e+00  2.471030e+02 
    0.000   35.731003  0.000000e+00  2.471647e+02 
    0.000   36.227001  0.000000e+00  2.472244e+02 
    0.000   36.723000  0.000000e+00  2.472773e+02 
    0.000   37.218002  0.000000e+00  2.473241e+02 
    0.000   37.714001  0.000000e+00  2.473674e+02 
    0.000   38.210003  0.000000e+00  2.474080e+02 
    0.000   38.706001  0.000000e+00  2.474495e+02 
    0.000   39.201000  0.000000e+00  2.474928e+02 
    0.000   39.697002  0.000000e+00  2.475390e+02 
    0.000   40.197002  0.000000e+00  2.475887e+02 
    0.000   45.197002  0.000000e+00  2.480365e+02 
    0.000   50.197002  0.000000e+00  2.482593e+02 
    0.000   55.197002  0.000000e+00  2.482532e+02 
    0.000   60.197002  0.000000e+00  2.481866e+02 
    0.000   65.196999  0.000000e+00  2.481339e+02 
