   67.613    0.000000  0.000000e+00  1.506823e+00 
   67.613    0.103000  0.000000e+00  1.535370e+00 
   67.613    0.205000  0.000000e+00  1.563606e+00 
   67.613    0.308000  0.000000e+00  1.592026e+00 
   67.613    0.411000  0.000000e+00  1.620185e+00 
   67.613    0.514000  0.000000e+00  1.648129e+00 
   67.613    0.617000  0.000000e+00  7.504568e+00 
   67.613    0.720000  0.000000e+00  1.588399e+01 
   67.613    0.823000  0.000000e+00  2.650267e+01 
   67.613    0.926000  0.000000e+00  3.918393e+01 
   67.613    1.029000  0.000000e+00  5.383017e+01 
   67.613    1.132000  0.000000e+00  7.039602e+01 
   67.613    1.234000  0.000000e+00  8.871524e+01 
   67.613    1.337000  0.000000e+00  1.092379e+02 
   67.613    1.440000  1.572397e-41  1.320596e+02 
   67.613    1.543000  1.393455e-30  1.576332e+02 
   67.613    1.646000  6.453214e-19  1.867084e+02 
   67.613    1.749000  9.877538e-19  1.871640e+02 
   67.613    1.852000  1.605944e-18  1.877564e+02 
   67.613    1.955000  2.924759e-18  1.885669e+02 
   67.613    2.058000  5.359057e-18  1.894210e+02 
   67.613    2.160000  8.925529e-18  1.901466e+02 
   67.613    2.263000  1.304420e-17  1.906736e+02 
   67.613    2.366000  1.689361e-17  1.910131e+02 
   67.613    2.469000  2.064289e-17  1.912700e+02 
   67.613    2.572000  2.467798e-17  1.915076e+02 
   67.613    2.675000  1.328200e-14  2.009330e+02 
   67.613    2.778000  8.524602e-12  2.108024e+02 
   67.613    2.881000  4.939227e-09  2.211367e+02 
   67.613    2.984000  1.888087e-06  2.320053e+02 
   67.613    3.086000  3.553385e-04  2.438838e+02 
   67.613    3.189000  3.303494e-02  2.589257e+02 
   67.613    3.292000  1.420539e+00  2.812875e+02 
   67.613    3.395000  3.026580e+01  3.159070e+02 
   67.613    3.498000  3.039391e+01  3.156232e+02 
   67.613    3.601000  3.052122e+01  3.153864e+02 
   67.613    3.704000  3.064795e+01  3.151838e+02 
   67.613    3.807000  3.077404e+01  3.150095e+02 
   67.613    3.910000  3.089950e+01  3.148589e+02 
   67.613    4.012000  3.102299e+01  3.147303e+02 
   67.613    4.115000  3.114693e+01  3.146186e+02 
   67.613    4.218000  3.127017e+01  3.145226e+02 
   67.613    4.321000  3.139258e+01  3.144409e+02 
   67.613    4.424000  3.151421e+01  3.143718e+02 
   67.613    4.527000  3.171905e+01  3.143510e+02 
   67.613    4.630000  3.191788e+01  3.143380e+02 
   67.613    4.733000  3.211663e+01  3.143341e+02 
   67.613    4.836000  3.231817e+01  3.143402e+02 
   67.613    4.938000  3.248382e+01  3.143467e+02 
   67.613    5.041000  3.265248e+01  3.143618e+02 
   67.613    5.144000  3.282054e+01  3.143839e+02 
   67.613    5.247000  3.298703e+01  3.144122e+02 
   67.613    5.350000  3.315135e+01  3.144460e+02 
   67.613    5.453000  3.345078e+01  3.145397e+02 
   67.613    5.556000  3.410266e+01  3.148004e+02 
   67.613    5.659000  3.527798e+01  3.152970e+02 
   67.613    5.762000  3.728136e+01  3.161416e+02 
   67.613    5.864000  4.028560e+01  3.173619e+02 
   67.613    5.967000  4.465940e+01  3.190334e+02 
   67.613    6.070000  5.087813e+01  3.212202e+02 
   67.613    6.173000  5.965633e+01  3.239960e+02 
   67.613    6.276000  7.363144e+01  3.278359e+02 
   67.613    6.379000  9.787543e+01  3.332990e+02 
   67.613    6.482000  1.429505e+02  3.409546e+02 
   67.613    6.585000  2.097349e+02  3.489645e+02 
   67.613    6.688000  2.825584e+02  3.551595e+02 
   67.613    6.790000  3.502782e+02  3.594372e+02 
   67.613    6.893000  3.934091e+02  3.615797e+02 
   67.613    6.996000  3.944611e+02  3.615815e+02 
   67.613    7.099000  3.955092e+02  3.615933e+02 
   67.613    7.202000  3.965182e+02  3.616151e+02 
   67.613    7.305000  3.974516e+02  3.616463e+02 
   67.613    7.408000  3.983070e+02  3.616846e+02 
   67.613    7.511000  3.990915e+02  3.617277e+02 
   67.613    7.614000  4.035043e+02  3.619482e+02 
   67.613    7.717000  4.074475e+02  3.621471e+02 
   67.613    7.819000  4.112255e+02  3.623360e+02 
   67.613    7.922000  4.147491e+02  3.625114e+02 
   67.613    8.025000  4.188175e+02  3.627075e+02 
   67.613    8.128000  4.222150e+02  3.628717e+02 
   67.613    8.231000  4.256673e+02  3.630357e+02 
   67.613    8.334000  4.294506e+02  3.632106e+02 
   67.613    8.437000  4.330549e+02  3.633763e+02 
   67.613    8.540000  4.366435e+02  3.635396e+02 
   67.613    8.643000  4.401576e+02  3.636977e+02 
   67.613    8.745000  4.435687e+02  3.638492e+02 
   67.613    8.848000  4.467801e+02  3.639908e+02 
   67.613    8.951000  4.472762e+02  3.640306e+02 
   67.613    9.054000  4.477672e+02  3.640689e+02 
   67.613    9.157000  4.482543e+02  3.641057e+02 
   67.613    9.260000  4.487396e+02  3.641410e+02 
   67.613    9.363000  4.492238e+02  3.641747e+02 
   67.613    9.466000  4.497070e+02  3.642069e+02 
   67.613    9.569000  4.501892e+02  3.642375e+02 
   67.613    9.671000  4.506659e+02  3.642664e+02 
   67.613    9.774000  4.511433e+02  3.642942e+02 
   67.613    9.877000  4.516129e+02  3.643207e+02 
   67.613    9.980000  4.520734e+02  3.643460e+02 
   67.613   10.083000  4.525249e+02  3.643703e+02 
   67.613   10.186000  4.529986e+02  3.643924e+02 
   67.613   10.289000  4.534610e+02  3.644138e+02 
   67.613   10.392000  4.539144e+02  3.644345e+02 
   67.613   10.495000  4.543617e+02  3.644546e+02 
   67.613   10.597000  4.547991e+02  3.644739e+02 
   67.613   10.700000  4.552350e+02  3.644929e+02 
   67.613   10.802999  4.556649e+02  3.645115e+02 
   67.613   10.906000  4.560886e+02  3.645298e+02 
   67.613   11.009000  4.565064e+02  3.645479e+02 
   67.613   11.112000  4.569186e+02  3.645658e+02 
   67.613   11.215000  4.573254e+02  3.645836e+02 
   67.613   11.318000  4.577268e+02  3.646013e+02 
   67.613   11.421000  4.581229e+02  3.646189e+02 
   67.613   11.523000  4.585100e+02  3.646363e+02 
   67.613   11.625999  4.588955e+02  3.646538e+02 
   67.613   11.729000  4.592757e+02  3.646713e+02 
   67.613   11.832000  4.596506e+02  3.646886e+02 
   67.613   11.934999  4.600201e+02  3.647058e+02 
   67.613   12.038000  4.603846e+02  3.647228e+02 
   67.613   12.141000  4.607440e+02  3.647396e+02 
   67.613   12.243999  4.610984e+02  3.647562e+02 
   67.613   12.347000  4.614481e+02  3.647726e+02 
   67.613   12.449000  4.617897e+02  3.647885e+02 
   67.613   12.552000  4.621299e+02  3.648044e+02 
   67.613   12.655000  4.624657e+02  3.648199e+02 
   67.613   12.757999  4.627971e+02  3.648350e+02 
   67.613   12.861000  4.631246e+02  3.648498e+02 
   67.613   12.964000  4.634482e+02  3.648641e+02 
   67.613   13.066999  4.637681e+02  3.648779e+02 
   67.613   13.170000  4.640842e+02  3.648913e+02 
   67.613   13.273000  4.643966e+02  3.649042e+02 
   67.613   13.375999  4.647055e+02  3.649166e+02 
   67.613   13.478000  4.650078e+02  3.649283e+02 
   67.613   13.581000  4.653096e+02  3.649395e+02 
   67.613   13.684000  4.656080e+02  3.649502e+02 
   67.613   13.787000  4.659031e+02  3.649602e+02 
   67.613   13.890000  4.661948e+02  3.649696e+02 
   67.613   13.993000  4.664833e+02  3.649784e+02 
   67.613   14.096000  4.667688e+02  3.649865e+02 
   67.613   14.199000  4.670511e+02  3.649940e+02 
   67.613   14.302000  4.673302e+02  3.650008e+02 
   67.613   14.404000  4.676036e+02  3.650070e+02 
   67.613   14.507000  4.678765e+02  3.650128e+02 
   67.613   14.610000  4.681462e+02  3.650180e+02 
   67.613   14.713000  4.684127e+02  3.650229e+02 
   67.613   14.816000  4.686759e+02  3.650274e+02 
   67.613   14.919000  4.689359e+02  3.650317e+02 
   67.613   15.022000  4.691927e+02  3.650357e+02 
   67.613   15.125000  4.694463e+02  3.650394e+02 
   67.613   15.228000  4.696967e+02  3.650429e+02 
   67.613   15.330000  4.699416e+02  3.650461e+02 
   67.613   15.433000  4.701859e+02  3.650491e+02 
   67.613   15.536000  4.704271e+02  3.650517e+02 
   67.613   15.639000  4.706654e+02  3.650542e+02 
   67.613   15.742000  4.709007e+02  3.650563e+02 
   67.613   15.845000  4.711332e+02  3.650582e+02 
   67.613   15.947999  4.713629e+02  3.650598e+02 
   67.613   16.051001  4.715901e+02  3.650612e+02 
   67.613   16.154001  4.718149e+02  3.650622e+02 
   67.613   16.256001  4.720351e+02  3.650630e+02 
   67.613   16.359001  4.722551e+02  3.650635e+02 
   67.613   16.462000  4.724728e+02  3.650637e+02 
   67.613   16.565001  4.726884e+02  3.650636e+02 
   67.613   16.668001  4.729017e+02  3.650630e+02 
   67.613   16.771000  4.731131e+02  3.650620e+02 
   67.613   16.874001  4.733226e+02  3.650605e+02 
   67.613   16.977001  4.735302e+02  3.650585e+02 
   67.613   17.080000  4.737362e+02  3.650558e+02 
   67.613   17.182001  4.739389e+02  3.650523e+02 
   67.613   17.285002  4.741422e+02  3.650480e+02 
   67.613   17.388000  4.743442e+02  3.650428e+02 
   67.613   17.491001  4.745451e+02  3.650368e+02 
   67.613   17.594002  4.747448e+02  3.650299e+02 
   67.613   17.697001  4.749433e+02  3.650222e+02 
   67.613   17.800001  4.751405e+02  3.650137e+02 
   67.613   17.903002  4.753361e+02  3.650047e+02 
   67.613   18.006001  4.755302e+02  3.649952e+02 
   67.613   18.109001  4.757227e+02  3.649852e+02 
   67.613   18.211000  4.759117e+02  3.649749e+02 
   67.613   18.314001  4.761010e+02  3.649642e+02 
   67.613   18.417002  4.762885e+02  3.649530e+02 
   67.613   18.520000  4.764744e+02  3.649415e+02 
   67.613   18.623001  4.766588e+02  3.649296e+02 
   67.613   18.726002  4.768418e+02  3.649172e+02 
   67.613   18.829000  4.770232e+02  3.649044e+02 
   67.613   18.932001  4.772032e+02  3.648913e+02 
   67.613   19.035002  4.773817e+02  3.648777e+02 
   67.613   19.137001  4.775573e+02  3.648639e+02 
   67.613   19.240002  4.777332e+02  3.648496e+02 
   67.613   19.343000  4.779077e+02  3.648350e+02 
   67.613   19.446001  4.780810e+02  3.648200e+02 
   67.613   19.549002  4.782529e+02  3.648046e+02 
   67.613   19.652000  4.784236e+02  3.647890e+02 
   67.613   19.755001  4.785929e+02  3.647730e+02 
   67.613   19.858002  4.787610e+02  3.647567e+02 
   67.613   19.961000  4.789279e+02  3.647401e+02 
   67.613   20.063002  4.790923e+02  3.647231e+02 
   67.613   20.363001  4.795705e+02  3.646702e+02 
   67.613   20.859001  4.803384e+02  3.645778e+02 
   67.613   21.354000  4.810767e+02  3.644798e+02 
   67.613   21.850000  4.817879e+02  3.643775e+02 
   67.613   22.346001  4.824642e+02  3.642765e+02 
   67.613   22.842001  4.830998e+02  3.641819e+02 
   67.613   23.337000  4.836914e+02  3.640958e+02 
   67.613   23.833000  4.842450e+02  3.640162e+02 
   67.613   24.329000  4.847655e+02  3.639406e+02 
   67.613   24.825001  4.852554e+02  3.638680e+02 
   67.613   25.320002  4.857127e+02  3.638000e+02 
   67.613   25.816000  4.861402e+02  3.637366e+02 
   67.613   26.312000  4.865395e+02  3.636772e+02 
   67.613   26.808001  4.869135e+02  3.636208e+02 
   67.613   27.303001  4.872626e+02  3.635676e+02 
   67.613   27.799002  4.875889e+02  3.635174e+02 
   67.613   28.295000  4.878940e+02  3.634697e+02 
   67.613   28.791000  4.881808e+02  3.634240e+02 
   67.613   29.286001  4.884511e+02  3.633797e+02 
   67.613   29.782001  4.887084e+02  3.633363e+02 
   67.613   30.278002  4.889536e+02  3.632937e+02 
   67.613   30.774000  4.891884e+02  3.632520e+02 
   67.613   31.269001  4.894141e+02  3.632111e+02 
   67.613   31.765001  4.896332e+02  3.631709e+02 
   67.613   32.260998  4.898477e+02  3.631315e+02 
   67.613   32.757000  4.900591e+02  3.630930e+02 
   67.613   33.251999  4.902685e+02  3.630560e+02 
   67.613   33.747997  4.904782e+02  3.630205e+02 
   67.613   34.243999  4.906893e+02  3.629868e+02 
   67.613   34.739998  4.909034e+02  3.629552e+02 
   67.613   35.235001  4.911212e+02  3.629256e+02 
   67.613   35.730999  4.913448e+02  3.628978e+02 
   67.613   36.226997  4.915742e+02  3.628719e+02 
   67.613   36.723000  4.918094e+02  3.628477e+02 
   67.613   37.217999  4.920495e+02  3.628251e+02 
   67.613   37.714001  4.922943e+02  3.628040e+02 
   67.613   38.209999  4.925419e+02  3.627844e+02 
   67.613   38.705997  4.927905e+02  3.627663e+02 
   67.613   39.201000  4.930378e+02  3.627496e+02 
   67.613   39.696999  4.932823e+02  3.627345e+02 
   67.613   40.196999  4.935206e+02  3.627223e+02 
   67.613   45.196999  4.953925e+02  3.626660e+02 
   67.613   50.196999  4.961017e+02  3.626540e+02 
   67.613   55.196999  4.963509e+02  3.626534e+02 
   67.613   60.196999  4.971037e+02  3.626550e+02 
   67.613   65.197006  4.983390e+02  3.626567e+02 
