    0.000    0.000000  0.000000e+00  3.518233e+02 
    0.000    0.103000  0.000000e+00  3.508449e+02 
    0.000    0.206000  0.000000e+00  3.497197e+02 
    0.000    0.309000  0.000000e+00  3.485412e+02 
    0.000    0.411000  0.000000e+00  3.472715e+02 
    0.000    0.514000  0.000000e+00  3.458752e+02 
    0.000    0.617000  0.000000e+00  3.443282e+02 
    0.000    0.720000  0.000000e+00  3.427993e+02 
    0.000    0.823000  0.000000e+00  3.412708e+02 
    0.000    0.926000  0.000000e+00  3.397404e+02 
    0.000    1.029000  0.000000e+00  3.381727e+02 
    0.000    1.132000  0.000000e+00  3.365254e+02 
    0.000    1.235000  0.000000e+00  3.347974e+02 
    0.000    1.337000  0.000000e+00  3.331193e+02 
    0.000    1.440000  0.000000e+00  3.314500e+02 
    0.000    1.543000  0.000000e+00  3.297743e+02 
    0.000    1.646000  0.000000e+00  3.280945e+02 
    0.000    1.749000  0.000000e+00  3.264867e+02 
    0.000    1.852000  0.000000e+00  3.051077e+02 
    0.000    1.955000  0.000000e+00  3.004983e+02 
    0.000    2.058000  0.000000e+00  2.977289e+02 
    0.000    2.161000  0.000000e+00  2.950478e+02 
    0.000    2.263000  0.000000e+00  2.922188e+02 
    0.000    2.366000  0.000000e+00  2.914907e+02 
    0.000    2.469000  0.000000e+00  2.905930e+02 
    0.000    2.572000  0.000000e+00  2.895741e+02 
    0.000    2.675000  0.000000e+00  2.884804e+02 
    0.000    2.778000  0.000000e+00  2.873347e+02 
    0.000    2.881000  0.000000e+00  2.861695e+02 
    0.000    2.984000  0.000000e+00  2.850082e+02 
    0.000    3.087000  0.000000e+00  2.838422e+02 
    0.000    3.190000  0.000000e+00  2.826425e+02 
    0.000    3.292000  0.000000e+00  2.814359e+02 
    0.000    3.395000  0.000000e+00  2.802133e+02 
    0.000    3.498000  0.000000e+00  2.789917e+02 
    0.000    3.601000  0.000000e+00  2.777726e+02 
    0.000    3.704000  0.000000e+00  2.765576e+02 
    0.000    3.807000  0.000000e+00  2.753488e+02 
    0.000    3.910000  0.000000e+00  2.741387e+02 
    0.000    4.013000  0.000000e+00  2.729331e+02 
    0.000    4.116000  0.000000e+00  2.717316e+02 
    0.000    4.218000  0.000000e+00  2.705413e+02 
    0.000    4.321000  0.000000e+00  2.693502e+02 
    0.000    4.424000  0.000000e+00  2.681618e+02 
    0.000    4.527000  0.000000e+00  2.669812e+02 
    0.000    4.630000  0.000000e+00  2.658104e+02 
    0.000    4.733000  0.000000e+00  2.636774e+02 
    0.000    4.836000  0.000000e+00  2.615788e+02 
    0.000    4.939000  0.000000e+00  2.593688e+02 
    0.000    5.042000  0.000000e+00  2.581481e+02 
    0.000    5.144000  0.000000e+00  2.569375e+02 
    0.000    5.247000  0.000000e+00  2.557681e+02 
    0.000    5.350000  0.000000e+00  2.545936e+02 
    0.000    5.453000  0.000000e+00  2.534121e+02 
    0.000    5.556000  0.000000e+00  2.521458e+02 
    0.000    5.659000  0.000000e+00  2.509731e+02 
    0.000    5.762000  0.000000e+00  2.497913e+02 
    0.000    5.865000  0.000000e+00  2.485973e+02 
    0.000    5.968000  0.000000e+00  2.473992e+02 
    0.000    6.070000  0.000000e+00  2.462157e+02 
    0.000    6.173000  0.000000e+00  2.450416e+02 
    0.000    6.276000  0.000000e+00  2.438957e+02 
    0.000    6.379000  0.000000e+00  2.425931e+02 
    0.000    6.482000  0.000000e+00  2.409179e+02 
    0.000    6.585000  0.000000e+00  2.383246e+02 
    0.000    6.688000  0.000000e+00  2.334590e+02 
    0.000    6.791000  0.000000e+00  2.257491e+02 
    0.000    6.894000  0.000000e+00  2.166645e+02 
    0.000    6.996000  0.000000e+00  2.067803e+02 
    0.000    7.099000  0.000000e+00  1.992886e+02 
    0.000    7.202000  0.000000e+00  1.943758e+02 
    0.000    7.305000  0.000000e+00  1.924961e+02 
    0.000    7.408000  0.000000e+00  1.915867e+02 
    0.000    7.511000  0.000000e+00  1.914975e+02 
    0.000    7.614000  0.000000e+00  1.914997e+02 
    0.000    7.717000  0.000000e+00  1.915285e+02 
    0.000    7.820000  0.000000e+00  1.915659e+02 
    0.000    7.921999  0.000000e+00  1.916284e+02 
    0.000    8.025001  0.000000e+00  1.916787e+02 
    0.000    8.128000  0.000000e+00  1.916965e+02 
    0.000    8.231000  0.000000e+00  1.916905e+02 
    0.000    8.334001  0.000000e+00  1.916618e+02 
    0.000    8.437000  0.000000e+00  1.915689e+02 
    0.000    8.540000  0.000000e+00  1.914929e+02 
    0.000    8.643001  0.000000e+00  1.914039e+02 
    0.000    8.746000  0.000000e+00  1.913101e+02 
    0.000    8.848001  0.000000e+00  1.912086e+02 
    0.000    8.951000  0.000000e+00  1.911045e+02 
    0.000    9.054000  0.000000e+00  1.910456e+02 
    0.000    9.157001  0.000000e+00  1.909497e+02 
    0.000    9.260000  0.000000e+00  1.908784e+02 
    0.000    9.363000  0.000000e+00  1.908490e+02 
    0.000    9.466001  0.000000e+00  1.908255e+02 
    0.000    9.569000  0.000000e+00  1.908061e+02 
    0.000    9.672000  0.000000e+00  1.907899e+02 
    0.000    9.775001  0.000000e+00  1.907797e+02 
    0.000    9.877000  0.000000e+00  1.907832e+02 
    0.000    9.980000  0.000000e+00  1.907963e+02 
    0.000   10.083000  0.000000e+00  1.908115e+02 
    0.000   10.186000  0.000000e+00  1.908217e+02 
    0.000   10.289001  0.000000e+00  1.908288e+02 
    0.000   10.392000  0.000000e+00  1.908346e+02 
    0.000   10.495000  0.000000e+00  1.908384e+02 
    0.000   10.598001  0.000000e+00  1.908413e+02 
    0.000   10.701000  0.000000e+00  1.908416e+02 
    0.000   10.803000  0.000000e+00  1.908352e+02 
    0.000   10.906000  0.000000e+00  1.908242e+02 
    0.000   11.009000  0.000000e+00  1.908082e+02 
    0.000   11.112000  0.000000e+00  1.907813e+02 
    0.000   11.215000  0.000000e+00  1.907468e+02 
    0.000   11.318000  0.000000e+00  1.907078e+02 
    0.000   11.421000  0.000000e+00  1.906653e+02 
    0.000   11.524000  0.000000e+00  1.906202e+02 
    0.000   11.627000  0.000000e+00  1.905731e+02 
    0.000   11.729000  0.000000e+00  1.905242e+02 
    0.000   11.832001  0.000000e+00  1.904731e+02 
    0.000   11.935000  0.000000e+00  1.904207e+02 
    0.000   12.038000  0.000000e+00  1.903655e+02 
    0.000   12.141001  0.000000e+00  1.903080e+02 
    0.000   12.244000  0.000000e+00  1.902491e+02 
    0.000   12.347000  0.000000e+00  1.901920e+02 
    0.000   12.450001  0.000000e+00  1.901368e+02 
    0.000   12.553000  0.000000e+00  1.900826e+02 
    0.000   12.655001  0.000000e+00  1.900324e+02 
    0.000   12.758000  0.000000e+00  1.899860e+02 
    0.000   12.861000  0.000000e+00  1.899424e+02 
    0.000   12.964001  0.000000e+00  1.899011e+02 
    0.000   13.067000  0.000000e+00  1.898622e+02 
    0.000   13.170000  0.000000e+00  1.898251e+02 
    0.000   13.273001  0.000000e+00  1.897893e+02 
    0.000   13.376000  0.000000e+00  1.897545e+02 
    0.000   13.479000  0.000000e+00  1.897204e+02 
    0.000   13.581000  0.000000e+00  1.896874e+02 
    0.000   13.684000  0.000000e+00  1.896544e+02 
    0.000   13.787001  0.000000e+00  1.896219e+02 
    0.000   13.890000  0.000000e+00  1.895897e+02 
    0.000   13.993000  0.000000e+00  1.895582e+02 
    0.000   14.096001  0.000000e+00  1.895274e+02 
    0.000   14.199000  0.000000e+00  1.894972e+02 
    0.000   14.302000  0.000000e+00  1.894676e+02 
    0.000   14.405001  0.000000e+00  1.894386e+02 
    0.000   14.508000  0.000000e+00  1.894102e+02 
    0.000   14.610001  0.000000e+00  1.893822e+02 
    0.000   14.713000  0.000000e+00  1.893534e+02 
    0.000   14.816000  0.000000e+00  1.893243e+02 
    0.000   14.919001  0.000000e+00  1.892951e+02 
    0.000   15.022000  0.000000e+00  1.892646e+02 
    0.000   15.125000  0.000000e+00  1.892332e+02 
    0.000   15.228001  0.000000e+00  1.892012e+02 
    0.000   15.331000  0.000000e+00  1.891692e+02 
    0.000   15.434000  0.000000e+00  1.891373e+02 
    0.000   15.536000  0.000000e+00  1.891059e+02 
    0.000   15.639000  0.000000e+00  1.890751e+02 
    0.000   15.742001  0.000000e+00  1.890479e+02 
    0.000   15.845000  0.000000e+00  1.890236e+02 
    0.000   15.948000  0.000000e+00  1.890012e+02 
    0.000   16.051001  0.000000e+00  1.889774e+02 
    0.000   16.154001  0.000000e+00  1.889515e+02 
    0.000   16.257000  0.000000e+00  1.889247e+02 
    0.000   16.360001  0.000000e+00  1.888963e+02 
    0.000   16.462000  0.000000e+00  1.888652e+02 
    0.000   16.565001  0.000000e+00  1.888317e+02 
    0.000   16.668001  0.000000e+00  1.887968e+02 
    0.000   16.771000  0.000000e+00  1.887617e+02 
    0.000   16.874001  0.000000e+00  1.887266e+02 
    0.000   16.977001  0.000000e+00  1.886914e+02 
    0.000   17.080000  0.000000e+00  1.886566e+02 
    0.000   17.183001  0.000000e+00  1.886228e+02 
    0.000   17.286001  0.000000e+00  1.885897e+02 
    0.000   17.388000  0.000000e+00  1.885573e+02 
    0.000   17.491001  0.000000e+00  1.885260e+02 
    0.000   17.594000  0.000000e+00  1.884960e+02 
    0.000   17.697001  0.000000e+00  1.884669e+02 
    0.000   17.800001  0.000000e+00  1.884388e+02 
    0.000   17.903000  0.000000e+00  1.884124e+02 
    0.000   18.006001  0.000000e+00  1.883871e+02 
    0.000   18.109001  0.000000e+00  1.883629e+02 
    0.000   18.212000  0.000000e+00  1.883396e+02 
    0.000   18.314001  0.000000e+00  1.883173e+02 
    0.000   18.417000  0.000000e+00  1.882955e+02 
    0.000   18.520000  0.000000e+00  1.882743e+02 
    0.000   18.623001  0.000000e+00  1.882533e+02 
    0.000   18.726000  0.000000e+00  1.882325e+02 
    0.000   18.829000  0.000000e+00  1.882120e+02 
    0.000   18.932001  0.000000e+00  1.881918e+02 
    0.000   19.035000  0.000000e+00  1.881720e+02 
    0.000   19.138000  0.000000e+00  1.881526e+02 
    0.000   19.240000  0.000000e+00  1.881337e+02 
    0.000   19.343000  0.000000e+00  1.881140e+02 
    0.000   19.446001  0.000000e+00  1.880932e+02 
    0.000   19.549000  0.000000e+00  1.880719e+02 
    0.000   19.652000  0.000000e+00  1.880503e+02 
    0.000   19.755001  0.000000e+00  1.880283e+02 
    0.000   19.858000  0.000000e+00  1.880059e+02 
    0.000   19.961000  0.000000e+00  1.879832e+02 
    0.000   20.064001  0.000000e+00  1.879604e+02 
    0.000   20.363001  0.000000e+00  1.878957e+02 
    0.000   20.859001  0.000000e+00  1.878000e+02 
    0.000   21.354000  0.000000e+00  1.877256e+02 
    0.000   21.850000  0.000000e+00  1.876614e+02 
    0.000   22.346001  0.000000e+00  1.875977e+02 
    0.000   22.842001  0.000000e+00  1.875283e+02 
    0.000   23.337000  0.000000e+00  1.874605e+02 
    0.000   23.833000  0.000000e+00  1.874070e+02 
    0.000   24.329000  0.000000e+00  1.873764e+02 
    0.000   24.825001  0.000000e+00  1.873702e+02 
    0.000   25.320000  0.000000e+00  1.873733e+02 
    0.000   25.816000  0.000000e+00  1.873787e+02 
    0.000   26.312000  0.000000e+00  1.873913e+02 
    0.000   26.808001  0.000000e+00  1.874068e+02 
    0.000   27.302999  0.000000e+00  1.874259e+02 
    0.000   27.799000  0.000000e+00  1.874524e+02 
    0.000   28.295000  0.000000e+00  1.874867e+02 
    0.000   28.791000  0.000000e+00  1.875253e+02 
    0.000   29.286001  0.000000e+00  1.875706e+02 
    0.000   29.782000  0.000000e+00  1.876218e+02 
    0.000   30.278000  0.000000e+00  1.876767e+02 
    0.000   30.774000  0.000000e+00  1.877343e+02 
    0.000   31.269001  0.000000e+00  1.877938e+02 
    0.000   31.764999  0.000000e+00  1.878546e+02 
    0.000   32.260998  0.000000e+00  1.879163e+02 
    0.000   32.757000  0.000000e+00  1.879780e+02 
    0.000   33.251999  0.000000e+00  1.880378e+02 
    0.000   33.747997  0.000000e+00  1.880975e+02 
    0.000   34.243999  0.000000e+00  1.881582e+02 
    0.000   34.739998  0.000000e+00  1.882208e+02 
    0.000   35.234997  0.000000e+00  1.882845e+02 
    0.000   35.730999  0.000000e+00  1.883452e+02 
    0.000   36.226997  0.000000e+00  1.884027e+02 
    0.000   36.723000  0.000000e+00  1.884561e+02 
    0.000   37.218998  0.000000e+00  1.885059e+02 
    0.000   37.713997  0.000000e+00  1.885515e+02 
    0.000   38.209999  0.000000e+00  1.885935e+02 
    0.000   38.705997  0.000000e+00  1.886356e+02 
    0.000   39.202000  0.000000e+00  1.886787e+02 
    0.000   39.696999  0.000000e+00  1.887249e+02 
    0.000   40.196999  0.000000e+00  1.887763e+02 
    0.000   45.196999  0.000000e+00  1.892284e+02 
    0.000   50.196999  0.000000e+00  1.894561e+02 
    0.000   55.196999  0.000000e+00  1.894507e+02 
    0.000   60.196999  0.000000e+00  1.893831e+02 
    0.000   65.196999  0.000000e+00  1.893309e+02 
