    0.000    0.000000  0.000000e+00  3.507863e+02 
    0.000    0.103000  0.000000e+00  3.498615e+02 
    0.000    0.206000  0.000000e+00  3.486522e+02 
    0.000    0.309000  0.000000e+00  3.473851e+02 
    0.000    0.412000  0.000000e+00  3.461419e+02 
    0.000    0.515000  0.000000e+00  3.448281e+02 
    0.000    0.618000  0.000000e+00  3.434471e+02 
    0.000    0.721000  0.000000e+00  3.418440e+02 
    0.000    0.823000  0.000000e+00  3.400565e+02 
    0.000    0.926000  0.000000e+00  3.380693e+02 
    0.000    1.029000  0.000000e+00  3.359570e+02 
    0.000    1.132000  0.000000e+00  3.337263e+02 
    0.000    1.235000  0.000000e+00  3.313398e+02 
    0.000    1.338000  0.000000e+00  3.288175e+02 
    0.000    1.441000  0.000000e+00  3.262172e+02 
    0.000    1.544000  0.000000e+00  3.235720e+02 
    0.000    1.647000  0.000000e+00  3.209557e+02 
    0.000    1.749000  0.000000e+00  3.175274e+02 
    0.000    1.852000  0.000000e+00  3.141577e+02 
    0.000    1.955000  0.000000e+00  3.121068e+02 
    0.000    2.058000  0.000000e+00  3.099337e+02 
    0.000    2.161000  0.000000e+00  3.077376e+02 
    0.000    2.264000  0.000000e+00  3.055092e+02 
    0.000    2.367000  0.000000e+00  3.034008e+02 
    0.000    2.470000  0.000000e+00  3.013224e+02 
    0.000    2.573000  0.000000e+00  2.992418e+02 
    0.000    2.675000  0.000000e+00  2.971474e+02 
    0.000    2.778000  0.000000e+00  2.951743e+02 
    0.000    2.881000  0.000000e+00  2.932979e+02 
    0.000    2.984000  0.000000e+00  2.913898e+02 
    0.000    3.087000  0.000000e+00  2.893635e+02 
    0.000    3.190000  0.000000e+00  2.871567e+02 
    0.000    3.293000  0.000000e+00  2.847500e+02 
    0.000    3.396000  0.000000e+00  2.820948e+02 
    0.000    3.499000  0.000000e+00  2.792082e+02 
    0.000    3.601000  0.000000e+00  2.761359e+02 
    0.000    3.704000  0.000000e+00  2.729264e+02 
    0.000    3.807000  0.000000e+00  2.697817e+02 
    0.000    3.910000  0.000000e+00  2.665187e+02 
    0.000    4.013000  0.000000e+00  2.634971e+02 
    0.000    4.116000  0.000000e+00  2.608011e+02 
    0.000    4.219000  0.000000e+00  2.583941e+02 
    0.000    4.322000  0.000000e+00  2.563358e+02 
    0.000    4.425000  0.000000e+00  2.546122e+02 
    0.000    4.527000  0.000000e+00  2.533923e+02 
    0.000    4.630000  0.000000e+00  2.523037e+02 
    0.000    4.733000  0.000000e+00  2.512976e+02 
    0.000    4.836000  0.000000e+00  2.502879e+02 
    0.000    4.939000  0.000000e+00  2.492744e+02 
    0.000    5.042000  0.000000e+00  2.482594e+02 
    0.000    5.145000  0.000000e+00  2.472503e+02 
    0.000    5.248000  0.000000e+00  2.462524e+02 
    0.000    5.351000  0.000000e+00  2.451500e+02 
    0.000    5.453000  0.000000e+00  2.440824e+02 
    0.000    5.556000  0.000000e+00  2.430215e+02 
    0.000    5.659000  0.000000e+00  2.419806e+02 
    0.000    5.762000  0.000000e+00  2.409934e+02 
    0.000    5.865000  0.000000e+00  2.400114e+02 
    0.000    5.968000  0.000000e+00  2.390383e+02 
    0.000    6.071000  0.000000e+00  2.380769e+02 
    0.000    6.174000  0.000000e+00  2.371249e+02 
    0.000    6.277000  0.000000e+00  2.362468e+02 
    0.000    6.379000  0.000000e+00  2.354006e+02 
    0.000    6.482000  0.000000e+00  2.345686e+02 
    0.000    6.585000  0.000000e+00  2.337639e+02 
    0.000    6.688000  0.000000e+00  2.330045e+02 
    0.000    6.791000  0.000000e+00  2.322802e+02 
    0.000    6.894000  0.000000e+00  2.316283e+02 
    0.000    6.997000  0.000000e+00  2.310698e+02 
    0.000    7.100000  0.000000e+00  2.305762e+02 
    0.000    7.203000  0.000000e+00  2.301977e+02 
    0.000    7.306000  0.000000e+00  2.299174e+02 
    0.000    7.408000  0.000000e+00  2.297002e+02 
    0.000    7.511000  0.000000e+00  2.295592e+02 
    0.000    7.614000  0.000000e+00  2.294712e+02 
    0.000    7.717000  0.000000e+00  2.294022e+02 
    0.000    7.820000  0.000000e+00  2.293180e+02 
    0.000    7.923000  0.000000e+00  2.292261e+02 
    0.000    8.026000  0.000000e+00  2.291147e+02 
    0.000    8.129000  0.000000e+00  2.289702e+02 
    0.000    8.232000  0.000000e+00  2.287466e+02 
    0.000    8.334000  0.000000e+00  2.285128e+02 
    0.000    8.437000  0.000000e+00  2.282708e+02 
    0.000    8.540000  0.000000e+00  2.280967e+02 
    0.000    8.643000  0.000000e+00  2.279286e+02 
    0.000    8.746000  0.000000e+00  2.277655e+02 
    0.000    8.849000  0.000000e+00  2.270646e+02 
    0.000    8.952000  0.000000e+00  2.265159e+02 
    0.000    9.055000  0.000000e+00  2.263787e+02 
    0.000    9.158000  0.000000e+00  2.262496e+02 
    0.000    9.260000  0.000000e+00  2.261488e+02 
    0.000    9.363000  0.000000e+00  2.260667e+02 
    0.000    9.466000  0.000000e+00  2.259983e+02 
    0.000    9.569000  0.000000e+00  2.259480e+02 
    0.000    9.672000  0.000000e+00  2.259111e+02 
    0.000    9.775000  0.000000e+00  2.258796e+02 
    0.000    9.878000  0.000000e+00  2.258441e+02 
    0.000    9.981000  0.000000e+00  2.258068e+02 
    0.000   10.084000  0.000000e+00  2.257704e+02 
    0.000   10.186000  0.000000e+00  2.257359e+02 
    0.000   10.289000  0.000000e+00  2.257027e+02 
    0.000   10.392000  0.000000e+00  2.256737e+02 
    0.000   10.495000  0.000000e+00  2.256526e+02 
    0.000   10.598000  0.000000e+00  2.256373e+02 
    0.000   10.701000  0.000000e+00  2.256190e+02 
    0.000   10.804000  0.000000e+00  2.255839e+02 
    0.000   10.907000  0.000000e+00  2.255376e+02 
    0.000   11.010000  0.000000e+00  2.254842e+02 
    0.000   11.112000  0.000000e+00  2.254216e+02 
    0.000   11.215000  0.000000e+00  2.253517e+02 
    0.000   11.318000  0.000000e+00  2.252782e+02 
    0.000   11.421000  0.000000e+00  2.252025e+02 
    0.000   11.524000  0.000000e+00  2.251253e+02 
    0.000   11.627000  0.000000e+00  2.250471e+02 
    0.000   11.730000  0.000000e+00  2.249690e+02 
    0.000   11.833000  0.000000e+00  2.248910e+02 
    0.000   11.936000  0.000000e+00  2.248132e+02 
    0.000   12.038000  0.000000e+00  2.247389e+02 
    0.000   12.141000  0.000000e+00  2.246662e+02 
    0.000   12.244000  0.000000e+00  2.245949e+02 
    0.000   12.347000  0.000000e+00  2.245256e+02 
    0.000   12.450000  0.000000e+00  2.244578e+02 
    0.000   12.553000  0.000000e+00  2.243913e+02 
    0.000   12.656000  0.000000e+00  2.243279e+02 
    0.000   12.759000  0.000000e+00  2.242678e+02 
    0.000   12.862000  0.000000e+00  2.242101e+02 
    0.000   12.965000  0.000000e+00  2.241533e+02 
    0.000   13.067000  0.000000e+00  2.240973e+02 
    0.000   13.170000  0.000000e+00  2.240412e+02 
    0.000   13.273000  0.000000e+00  2.239852e+02 
    0.000   13.376000  0.000000e+00  2.239286e+02 
    0.000   13.479000  0.000000e+00  2.238716e+02 
    0.000   13.582000  0.000000e+00  2.238147e+02 
    0.000   13.685000  0.000000e+00  2.237580e+02 
    0.000   13.788000  0.000000e+00  2.237015e+02 
    0.000   13.891000  0.000000e+00  2.236454e+02 
    0.000   13.993000  0.000000e+00  2.235919e+02 
    0.000   14.096000  0.000000e+00  2.235401e+02 
    0.000   14.199000  0.000000e+00  2.234897e+02 
    0.000   14.302000  0.000000e+00  2.234424e+02 
    0.000   14.405000  0.000000e+00  2.233990e+02 
    0.000   14.508000  0.000000e+00  2.233584e+02 
    0.000   14.611000  0.000000e+00  2.233195e+02 
    0.000   14.714000  0.000000e+00  2.232813e+02 
    0.000   14.817000  0.000000e+00  2.232438e+02 
    0.000   14.919000  0.000000e+00  2.232074e+02 
    0.000   15.022000  0.000000e+00  2.231701e+02 
    0.000   15.125000  0.000000e+00  2.231324e+02 
    0.000   15.228000  0.000000e+00  2.230947e+02 
    0.000   15.331000  0.000000e+00  2.230570e+02 
    0.000   15.434000  0.000000e+00  2.230191e+02 
    0.000   15.537000  0.000000e+00  2.229814e+02 
    0.000   15.640000  0.000000e+00  2.229435e+02 
    0.000   15.743000  0.000000e+00  2.229044e+02 
    0.000   15.845000  0.000000e+00  2.228649e+02 
    0.000   15.948000  0.000000e+00  2.228246e+02 
    0.000   16.051001  0.000000e+00  2.227857e+02 
    0.000   16.153999  0.000000e+00  2.227485e+02 
    0.000   16.257000  0.000000e+00  2.227123e+02 
    0.000   16.360001  0.000000e+00  2.226773e+02 
    0.000   16.462999  0.000000e+00  2.226435e+02 
    0.000   16.566000  0.000000e+00  2.226109e+02 
    0.000   16.669001  0.000000e+00  2.225790e+02 
    0.000   16.771000  0.000000e+00  2.225450e+02 
    0.000   16.874001  0.000000e+00  2.225085e+02 
    0.000   16.976999  0.000000e+00  2.224708e+02 
    0.000   17.080000  0.000000e+00  2.224323e+02 
    0.000   17.183001  0.000000e+00  2.223932e+02 
    0.000   17.285999  0.000000e+00  2.223537e+02 
    0.000   17.389000  0.000000e+00  2.223139e+02 
    0.000   17.492001  0.000000e+00  2.222747e+02 
    0.000   17.594999  0.000000e+00  2.222359e+02 
    0.000   17.698000  0.000000e+00  2.221975e+02 
    0.000   17.799999  0.000000e+00  2.221598e+02 
    0.000   17.903000  0.000000e+00  2.221224e+02 
    0.000   18.006001  0.000000e+00  2.220855e+02 
    0.000   18.108999  0.000000e+00  2.220490e+02 
    0.000   18.212000  0.000000e+00  2.220141e+02 
    0.000   18.315001  0.000000e+00  2.219807e+02 
    0.000   18.417999  0.000000e+00  2.219486e+02 
    0.000   18.521000  0.000000e+00  2.219175e+02 
    0.000   18.624001  0.000000e+00  2.218876e+02 
    0.000   18.726000  0.000000e+00  2.218590e+02 
    0.000   18.829000  0.000000e+00  2.218309e+02 
    0.000   18.931999  0.000000e+00  2.218035e+02 
    0.000   19.035000  0.000000e+00  2.217764e+02 
    0.000   19.138000  0.000000e+00  2.217497e+02 
    0.000   19.240999  0.000000e+00  2.217234e+02 
    0.000   19.344000  0.000000e+00  2.216976e+02 
    0.000   19.447001  0.000000e+00  2.216723e+02 
    0.000   19.549999  0.000000e+00  2.216475e+02 
    0.000   19.652000  0.000000e+00  2.216234e+02 
    0.000   19.754999  0.000000e+00  2.215986e+02 
    0.000   19.858000  0.000000e+00  2.215733e+02 
    0.000   19.961000  0.000000e+00  2.215479e+02 
    0.000   20.063999  0.000000e+00  2.215223e+02 
    0.000   20.363001  0.000000e+00  2.214429e+02 
    0.000   20.858999  0.000000e+00  2.213132e+02 
    0.000   21.355000  0.000000e+00  2.212053e+02 
    0.000   21.851000  0.000000e+00  2.211190e+02 
    0.000   22.346001  0.000000e+00  2.210410e+02 
    0.000   22.842001  0.000000e+00  2.209664e+02 
    0.000   23.337999  0.000000e+00  2.208937e+02 
    0.000   23.834000  0.000000e+00  2.208267e+02 
    0.000   24.329000  0.000000e+00  2.207802e+02 
    0.000   24.825001  0.000000e+00  2.207608e+02 
    0.000   25.320999  0.000000e+00  2.207573e+02 
    0.000   25.816999  0.000000e+00  2.207579e+02 
    0.000   26.312000  0.000000e+00  2.207522e+02 
    0.000   26.808001  0.000000e+00  2.207539e+02 
    0.000   27.304001  0.000000e+00  2.207729e+02 
    0.000   27.799999  0.000000e+00  2.208042e+02 
    0.000   28.295000  0.000000e+00  2.208387e+02 
    0.000   28.791000  0.000000e+00  2.208796e+02 
    0.000   29.287001  0.000000e+00  2.209230e+02 
    0.000   29.783001  0.000000e+00  2.209688e+02 
    0.000   30.278000  0.000000e+00  2.210188e+02 
    0.000   30.774000  0.000000e+00  2.210770e+02 
    0.000   31.270000  0.000000e+00  2.211380e+02 
    0.000   31.766001  0.000000e+00  2.211971e+02 
    0.000   32.261002  0.000000e+00  2.212525e+02 
    0.000   32.757000  0.000000e+00  2.213060e+02 
    0.000   33.252998  0.000000e+00  2.213599e+02 
    0.000   33.749001  0.000000e+00  2.214161e+02 
    0.000   34.243999  0.000000e+00  2.214750e+02 
    0.000   34.740002  0.000000e+00  2.215381e+02 
    0.000   35.236000  0.000000e+00  2.216041e+02 
    0.000   35.731998  0.000000e+00  2.216678e+02 
    0.000   36.227001  0.000000e+00  2.217284e+02 
    0.000   36.723000  0.000000e+00  2.217819e+02 
    0.000   37.219002  0.000000e+00  2.218293e+02 
    0.000   37.715000  0.000000e+00  2.218731e+02 
    0.000   38.209999  0.000000e+00  2.219143e+02 
    0.000   38.706001  0.000000e+00  2.219565e+02 
    0.000   39.202000  0.000000e+00  2.220006e+02 
    0.000   39.698002  0.000000e+00  2.220470e+02 
    0.000   40.198002  0.000000e+00  2.220962e+02 
    0.000   45.198002  0.000000e+00  2.225416e+02 
    0.000   50.198002  0.000000e+00  2.227626e+02 
    0.000   55.198002  0.000000e+00  2.227578e+02 
    0.000   60.198002  0.000000e+00  2.226913e+02 
    0.000   65.197998  0.000000e+00  2.226385e+02 
