   67.191    0.000000  2.046339e-02  1.237417e+01 
   67.191    0.103000  2.057512e-02  1.251854e+01 
   67.191    0.206000  2.068599e-02  1.266733e+01 
   67.191    0.308000  2.079508e-02  1.281689e+01 
   67.191    0.411000  2.090423e-02  1.296927e+01 
   67.191    0.514000  2.107641e-02  1.319231e+01 
   67.191    0.617000  2.658650e-02  1.854173e+01 
   67.191    0.720000  2.696118e-02  1.888643e+01 
   67.191    0.823000  2.728538e-02  1.918739e+01 
   67.191    0.926000  2.756121e-02  1.944656e+01 
   67.191    1.029000  2.784383e-02  1.970970e+01 
   67.191    1.132000  2.808427e-02  1.993698e+01 
   67.191    1.234000  2.822516e-02  2.008251e+01 
   67.191    1.337000  2.836780e-02  2.022937e+01 
   67.191    1.440000  2.851007e-02  2.037612e+01 
   67.191    1.543000  2.865127e-02  2.052278e+01 
   67.191    1.646000  2.884740e-02  2.071377e+01 
   67.191    1.749000  3.674409e-02  2.627685e+01 
   67.191    1.852000  4.110158e-02  2.887159e+01 
   67.191    1.955000  3.777727e+00  9.114876e+01 
   67.191    2.058000  4.855929e+01  1.441978e+02 
   67.191    2.160000  1.618842e+02  1.785865e+02 
   67.191    2.263000  2.863217e+02  1.959283e+02 
   67.191    2.366000  2.877063e+02  1.957727e+02 
   67.191    2.469000  2.890799e+02  1.956697e+02 
   67.191    2.572000  2.904424e+02  1.956051e+02 
   67.191    2.675000  2.917925e+02  1.955717e+02 
   67.191    2.778000  2.931310e+02  1.955636e+02 
   67.191    2.881000  2.944566e+02  1.955771e+02 
   67.191    2.984000  2.957681e+02  1.956095e+02 
   67.191    3.087000  2.970654e+02  1.956580e+02 
   67.191    3.189000  2.983378e+02  1.957196e+02 
   67.191    3.292000  2.996116e+02  1.957937e+02 
   67.191    3.395000  3.008766e+02  1.958779e+02 
   67.191    3.498000  3.021337e+02  1.959709e+02 
   67.191    3.601000  3.033872e+02  1.960714e+02 
   67.191    3.704000  3.046414e+02  1.961779e+02 
   67.191    3.807000  3.058975e+02  1.962898e+02 
   67.191    3.910000  3.071580e+02  1.964065e+02 
   67.191    4.013000  3.084243e+02  1.965274e+02 
   67.191    4.115000  3.096823e+02  1.966511e+02 
   67.191    4.218000  3.109548e+02  1.967798e+02 
   67.191    4.321000  3.122267e+02  1.969123e+02 
   67.191    4.424000  3.134912e+02  1.970486e+02 
   67.191    4.527000  3.147426e+02  1.971887e+02 
   67.191    4.630000  3.159776e+02  1.973322e+02 
   67.191    4.733000  3.171946e+02  1.974787e+02 
   67.191    4.836000  3.183907e+02  1.976278e+02 
   67.191    4.939000  3.195663e+02  1.977789e+02 
   67.191    5.041000  3.207104e+02  1.979303e+02 
   67.191    5.144000  3.218430e+02  1.980847e+02 
   67.191    5.247000  3.229529e+02  1.982404e+02 
   67.191    5.350000  3.240389e+02  1.983972e+02 
   67.191    5.453000  3.251009e+02  1.985548e+02 
   67.191    5.556000  3.308184e+02  1.995053e+02 
   67.191    5.659000  3.318511e+02  1.996610e+02 
   67.191    5.762000  3.328625e+02  1.998177e+02 
   67.191    5.865000  3.338549e+02  1.999750e+02 
   67.191    5.967000  3.348180e+02  2.001311e+02 
   67.191    6.070000  3.357710e+02  2.002891e+02 
   67.191    6.173000  3.367068e+02  2.004470e+02 
   67.191    6.276000  3.376273e+02  2.006046e+02 
   67.191    6.379000  3.396952e+02  2.008603e+02 
   67.191    6.482000  3.419608e+02  2.011317e+02 
   67.191    6.585000  3.445502e+02  2.014287e+02 
   67.191    6.688000  3.475625e+02  2.017581e+02 
   67.191    6.791000  3.504845e+02  2.020764e+02 
   67.191    6.893000  3.531964e+02  2.023741e+02 
   67.191    6.996000  3.558873e+02  2.026690e+02 
   67.191    7.099000  3.597040e+02  2.030534e+02 
   67.191    7.202000  3.611867e+02  2.032478e+02 
   67.191    7.305000  3.624496e+02  2.034265e+02 
   67.191    7.408000  3.641617e+02  2.036439e+02 
   67.191    7.511000  3.653739e+02  2.038228e+02 
   67.191    7.614000  3.669651e+02  2.040355e+02 
   67.191    7.717000  3.687936e+02  2.042688e+02 
   67.191    7.819000  3.709000e+02  2.045220e+02 
   67.191    7.922000  3.727873e+02  2.047571e+02 
   67.191    8.025000  3.746127e+02  2.049855e+02 
   67.191    8.127999  3.763106e+02  2.052019e+02 
   67.191    8.231000  3.779653e+02  2.054129e+02 
   67.191    8.334000  3.815523e+02  2.057699e+02 
   67.191    8.436999  3.848095e+02  2.060981e+02 
   67.191    8.540000  3.863058e+02  2.062910e+02 
   67.191    8.643000  3.878849e+02  2.064891e+02 
   67.191    8.745000  3.897085e+02  2.067036e+02 
   67.191    8.848000  3.931285e+02  2.070353e+02 
   67.191    8.950999  4.556423e+02  2.110896e+02 
   67.191    9.054000  4.561798e+02  2.111911e+02 
   67.191    9.157000  4.567107e+02  2.112908e+02 
   67.191    9.259999  4.572345e+02  2.113885e+02 
   67.191    9.363000  4.577508e+02  2.114841e+02 
   67.191    9.466000  4.582596e+02  2.115777e+02 
   67.191    9.568999  4.587613e+02  2.116695e+02 
   67.191    9.672000  4.592558e+02  2.117596e+02 
   67.191    9.773999  4.597364e+02  2.118470e+02 
   67.191    9.877000  4.602098e+02  2.119335e+02 
   67.191    9.980000  4.606708e+02  2.120183e+02 
   67.191   10.082999  4.611541e+02  2.121005e+02 
   67.191   10.186000  4.616280e+02  2.121812e+02 
   67.191   10.289000  4.620930e+02  2.122605e+02 
   67.191   10.391999  4.625504e+02  2.123383e+02 
   67.191   10.495000  4.630015e+02  2.124147e+02 
   67.191   10.598000  4.634468e+02  2.124898e+02 
   67.191   10.700000  4.638810e+02  2.125629e+02 
   67.191   10.802999  4.643122e+02  2.126356e+02 
   67.191   10.905999  4.647358e+02  2.127073e+02 
   67.191   11.009000  4.651530e+02  2.127779e+02 
   67.191   11.112000  4.655655e+02  2.128475e+02 
   67.191   11.214999  4.659734e+02  2.129162e+02 
   67.191   11.318000  4.663767e+02  2.129841e+02 
   67.191   11.421000  4.667749e+02  2.130510e+02 
   67.191   11.523999  4.671679e+02  2.131171e+02 
   67.191   11.625999  4.675520e+02  2.131817e+02 
   67.191   11.729000  4.679346e+02  2.132461e+02 
   67.191   11.832000  4.683120e+02  2.133096e+02 
   67.191   11.934999  4.686842e+02  2.133723e+02 
   67.191   12.037999  4.690515e+02  2.134342e+02 
   67.191   12.141000  4.694138e+02  2.134953e+02 
   67.191   12.243999  4.697711e+02  2.135556e+02 
   67.191   12.346999  4.701236e+02  2.136150e+02 
   67.191   12.450000  4.704712e+02  2.136736e+02 
   67.191   12.552000  4.708106e+02  2.137309e+02 
   67.191   12.655000  4.711486e+02  2.137878e+02 
   67.191   12.757999  4.714819e+02  2.138437e+02 
   67.191   12.861000  4.718109e+02  2.138988e+02 
   67.191   12.964000  4.721359e+02  2.139529e+02 
   67.191   13.066999  4.724571e+02  2.140061e+02 
   67.191   13.170000  4.727744e+02  2.140582e+02 
   67.191   13.273000  4.730878e+02  2.141094e+02 
   67.191   13.375999  4.733977e+02  2.141595e+02 
   67.191   13.478000  4.737010e+02  2.142082e+02 
   67.191   13.580999  4.740036e+02  2.142563e+02 
   67.191   13.684000  4.743029e+02  2.143035e+02 
   67.191   13.787000  4.745987e+02  2.143497e+02 
   67.191   13.889999  4.748912e+02  2.143950e+02 
   67.191   13.993000  4.751804e+02  2.144392e+02 
   67.191   14.096000  4.754665e+02  2.144825e+02 
   67.191   14.198999  4.757493e+02  2.145248e+02 
   67.191   14.302000  4.760290e+02  2.145661e+02 
   67.191   14.403999  4.763028e+02  2.146062e+02 
   67.191   14.507000  4.765763e+02  2.146457e+02 
   67.191   14.610000  4.768466e+02  2.146843e+02 
   67.191   14.712999  4.771137e+02  2.147221e+02 
   67.191   14.816000  4.773778e+02  2.147592e+02 
   67.191   14.919000  4.776387e+02  2.147955e+02 
   67.191   15.021999  4.778964e+02  2.148311e+02 
   67.191   15.125000  4.781509e+02  2.148661e+02 
   67.191   15.228000  4.784023e+02  2.149004e+02 
   67.191   15.330999  4.786507e+02  2.149340e+02 
   67.191   15.433000  4.788936e+02  2.149667e+02 
   67.191   15.535999  4.791359e+02  2.149991e+02 
   67.191   15.639000  4.793752e+02  2.150309e+02 
   67.191   15.742000  4.796116e+02  2.150621e+02 
   67.191   15.844999  4.798451e+02  2.150926e+02 
   67.191   15.947999  4.800760e+02  2.151224e+02 
   67.191   16.051001  4.803042e+02  2.151517e+02 
   67.191   16.154001  4.805301e+02  2.151802e+02 
   67.191   16.257000  4.807534e+02  2.152081e+02 
   67.191   16.359001  4.809723e+02  2.152351e+02 
   67.191   16.462000  4.811909e+02  2.152618e+02 
   67.191   16.565001  4.814073e+02  2.152879e+02 
   67.191   16.668001  4.816214e+02  2.153133e+02 
   67.191   16.771000  4.818335e+02  2.153380e+02 
   67.191   16.874001  4.820436e+02  2.153621e+02 
   67.191   16.977001  4.822518e+02  2.153855e+02 
   67.191   17.080000  4.824583e+02  2.154081e+02 
   67.191   17.183001  4.826634e+02  2.154298e+02 
   67.191   17.285000  4.828650e+02  2.154505e+02 
   67.191   17.388000  4.830672e+02  2.154706e+02 
   67.191   17.491001  4.832681e+02  2.154898e+02 
   67.191   17.594000  4.834679e+02  2.155081e+02 
   67.191   17.697001  4.836666e+02  2.155254e+02 
   67.191   17.800001  4.838639e+02  2.155420e+02 
   67.191   17.903000  4.840598e+02  2.155578e+02 
   67.191   18.006001  4.842543e+02  2.155729e+02 
   67.191   18.109001  4.844472e+02  2.155874e+02 
   67.191   18.211000  4.846366e+02  2.156010e+02 
   67.191   18.314001  4.848262e+02  2.156143e+02 
   67.191   18.417000  4.850140e+02  2.156271e+02 
   67.191   18.520000  4.852002e+02  2.156392e+02 
   67.191   18.623001  4.853848e+02  2.156508e+02 
   67.191   18.726000  4.855680e+02  2.156618e+02 
   67.191   18.829000  4.857496e+02  2.156723e+02 
   67.191   18.932001  4.859297e+02  2.156822e+02 
   67.191   19.035000  4.861086e+02  2.156914e+02 
   67.191   19.137001  4.862845e+02  2.157000e+02 
   67.191   19.240000  4.864607e+02  2.157082e+02 
   67.191   19.343000  4.866357e+02  2.157158e+02 
   67.191   19.446001  4.868093e+02  2.157229e+02 
   67.191   19.549000  4.869816e+02  2.157296e+02 
   67.191   19.652000  4.871526e+02  2.157358e+02 
   67.191   19.755001  4.873222e+02  2.157415e+02 
   67.191   19.858000  4.874905e+02  2.157468e+02 
   67.191   19.961000  4.876575e+02  2.157517e+02 
   67.191   20.064001  4.878235e+02  2.157560e+02 
   67.191   20.363001  4.883005e+02  2.157652e+02 
   67.191   20.859001  4.890691e+02  2.157728e+02 
   67.191   21.354000  4.898079e+02  2.157715e+02 
   67.191   21.850000  4.905212e+02  2.157619e+02 
   67.191   22.346001  4.912022e+02  2.157479e+02 
   67.191   22.842001  4.918444e+02  2.157336e+02 
   67.191   23.337000  4.924427e+02  2.157215e+02 
   67.191   23.833000  4.930013e+02  2.157113e+02 
   67.191   24.329000  4.935250e+02  2.157014e+02 
   67.191   24.825001  4.940175e+02  2.156906e+02 
   67.191   25.320000  4.944775e+02  2.156798e+02 
   67.191   25.816000  4.949077e+02  2.156697e+02 
   67.191   26.312000  4.953096e+02  2.156601e+02 
   67.191   26.808001  4.956861e+02  2.156504e+02 
   67.191   27.303001  4.960381e+02  2.156404e+02 
   67.191   27.799000  4.963674e+02  2.156304e+02 
   67.191   28.295000  4.966746e+02  2.156206e+02 
   67.191   28.791000  4.969624e+02  2.156106e+02 
   67.191   29.286001  4.972337e+02  2.156001e+02 
   67.191   29.782001  4.974920e+02  2.155888e+02 
   67.191   30.278000  4.977385e+02  2.155767e+02 
   67.191   30.774000  4.979749e+02  2.155638e+02 
   67.191   31.269001  4.982027e+02  2.155504e+02 
   67.191   31.765001  4.984242e+02  2.155363e+02 
   67.191   32.261002  4.986412e+02  2.155219e+02 
   67.191   32.757000  4.988554e+02  2.155072e+02 
   67.191   33.251999  4.990680e+02  2.154927e+02 
   67.191   33.748001  4.992814e+02  2.154785e+02 
   67.191   34.243999  4.994965e+02  2.154649e+02 
   67.191   34.740002  4.997148e+02  2.154520e+02 
   67.191   35.235001  4.999371e+02  2.154398e+02 
   67.191   35.730999  5.001652e+02  2.154283e+02 
   67.191   36.227001  5.003992e+02  2.154176e+02 
   67.191   36.723000  5.006391e+02  2.154076e+02 
   67.191   37.218002  5.008839e+02  2.153983e+02 
   67.191   37.714001  5.011331e+02  2.153896e+02 
   67.191   38.209999  5.013849e+02  2.153816e+02 
   67.191   38.706001  5.016374e+02  2.153742e+02 
   67.191   39.201000  5.018881e+02  2.153675e+02 
   67.191   39.697002  5.021357e+02  2.153615e+02 
   67.191   40.197002  5.023767e+02  2.153573e+02 
   67.191   45.197002  5.042600e+02  2.153476e+02 
   67.191   50.197002  5.049700e+02  2.153544e+02 
   67.191   55.197002  5.052221e+02  2.153619e+02 
   67.191   60.197002  5.059976e+02  2.153675e+02 
   67.191   65.196999  5.072410e+02  2.153712e+02 
