   66.802    0.000000  2.901347e+01  2.811617e+01 
   66.802    0.103000  2.917542e+01  2.831402e+01 
   66.802    0.205000  2.933517e+01  2.852886e+01 
   66.802    0.308000  3.066193e+01  3.075639e+01 
   66.802    0.411000  3.136622e+01  3.190184e+01 
   66.802    0.514000  3.181413e+01  3.260928e+01 
   66.802    0.617000  3.213844e+01  3.310982e+01 
   66.802    0.720000  3.242040e+01  3.354128e+01 
   66.802    0.823000  3.277042e+01  3.408835e+01 
   66.802    0.926000  3.321423e+01  3.479123e+01 
   66.802    1.029000  3.370376e+01  3.556609e+01 
   66.802    1.131000  3.570638e+01  3.786427e+01 
   66.802    1.234000  3.592950e+01  3.816034e+01 
   66.802    1.337000  3.614022e+01  3.842596e+01 
   66.802    1.440000  3.640507e+01  3.873823e+01 
   66.802    1.543000  3.669201e+01  3.907061e+01 
   66.802    1.646000  3.715898e+01  3.955212e+01 
   66.802    1.749000  3.788914e+01  4.024669e+01 
   66.802    1.852000  3.901070e+01  4.124807e+01 
   66.802    1.955000  4.097765e+01  4.288707e+01 
   66.802    2.058000  4.485089e+01  4.585948e+01 
   66.802    2.160000  5.684986e+01  5.477212e+01 
   66.802    2.263000  1.694066e+02  9.375258e+01 
   66.802    2.366000  2.183755e+02  1.018565e+02 
   66.802    2.469000  2.379991e+02  1.046008e+02 
   66.802    2.572000  2.504260e+02  1.062263e+02 
   66.802    2.675000  2.601534e+02  1.074516e+02 
   66.802    2.778000  2.683943e+02  1.084647e+02 
   66.802    2.881000  2.757720e+02  1.093569e+02 
   66.802    2.984000  2.829018e+02  1.102068e+02 
   66.802    3.086000  2.895080e+02  1.109862e+02 
   66.802    3.189000  2.958340e+02  1.117264e+02 
   66.802    3.292000  3.020070e+02  1.124422e+02 
   66.802    3.395000  3.084776e+02  1.131816e+02 
   66.802    3.498000  3.142634e+02  1.138414e+02 
   66.802    3.601000  3.199743e+02  1.144873e+02 
   66.802    3.704000  3.258936e+02  1.151477e+02 
   66.802    3.807000  3.322501e+02  1.158447e+02 
   66.802    3.910000  3.390647e+02  1.165788e+02 
   66.802    4.012000  3.464169e+02  1.173550e+02 
   66.802    4.115000  3.552684e+02  1.182612e+02 
   66.802    4.218000  3.654194e+02  1.192673e+02 
   66.802    4.321000  3.767318e+02  1.203495e+02 
   66.802    4.424000  3.873091e+02  1.213368e+02 
   66.802    4.527000  3.943931e+02  1.220096e+02 
   66.802    4.630000  3.958590e+02  1.222076e+02 
   66.802    4.733000  3.973050e+02  1.224085e+02 
   66.802    4.836000  3.987279e+02  1.226113e+02 
   66.802    4.938000  4.001131e+02  1.228135e+02 
   66.802    5.041000  4.014868e+02  1.230185e+02 
   66.802    5.144000  4.028338e+02  1.232242e+02 
   66.802    5.247000  4.052607e+02  1.236212e+02 
   66.802    5.350000  4.076970e+02  1.240216e+02 
   66.802    5.453000  4.101525e+02  1.244268e+02 
   66.802    5.556000  4.123423e+02  1.247880e+02 
   66.802    5.659000  4.157193e+02  1.251670e+02 
   66.802    5.762000  4.192962e+02  1.255610e+02 
   66.802    5.864000  4.230135e+02  1.259639e+02 
   66.802    5.967000  4.271697e+02  1.264009e+02 
   66.802    6.070000  4.316611e+02  1.268613e+02 
   66.802    6.173000  4.363515e+02  1.273329e+02 
   66.802    6.276000  4.412425e+02  1.278146e+02 
   66.802    6.379000  4.424350e+02  1.280053e+02 
   66.802    6.482000  4.436238e+02  1.281949e+02 
   66.802    6.585000  4.448120e+02  1.283832e+02 
   66.802    6.688000  4.460032e+02  1.285700e+02 
   66.802    6.790000  4.471855e+02  1.287532e+02 
   66.802    6.893000  4.483638e+02  1.289366e+02 
   66.802    6.996000  4.495032e+02  1.291186e+02 
   66.802    7.099000  4.505926e+02  1.292990e+02 
   66.802    7.202000  4.516187e+02  1.294776e+02 
   66.802    7.305000  4.525728e+02  1.296541e+02 
   66.802    7.408000  4.534529e+02  1.298284e+02 
   66.802    7.511000  4.542665e+02  1.300002e+02 
   66.802    7.614000  4.550135e+02  1.301696e+02 
   66.802    7.716000  4.557101e+02  1.303347e+02 
   66.802    7.819000  4.563994e+02  1.304990e+02 
   66.802    7.922000  4.570804e+02  1.306609e+02 
   66.802    8.025000  4.577541e+02  1.308206e+02 
   66.802    8.127999  4.584220e+02  1.309780e+02 
   66.802    8.231000  4.590840e+02  1.311333e+02 
   66.802    8.334000  4.597354e+02  1.312863e+02 
   66.802    8.436999  4.603723e+02  1.314369e+02 
   66.802    8.540000  4.609948e+02  1.315851e+02 
   66.802    8.643000  4.616063e+02  1.317308e+02 
   66.802    8.745000  4.622033e+02  1.318726e+02 
   66.802    8.848000  4.627971e+02  1.320132e+02 
   66.802    8.950999  4.633815e+02  1.321512e+02 
   66.802    9.054000  4.639560e+02  1.322866e+02 
   66.802    9.157000  4.645177e+02  1.324193e+02 
   66.802    9.259999  4.650665e+02  1.325495e+02 
   66.802    9.363000  4.656022e+02  1.326771e+02 
   66.802    9.466000  4.661250e+02  1.328022e+02 
   66.802    9.568999  4.666355e+02  1.329249e+02 
   66.802    9.671000  4.671291e+02  1.330443e+02 
   66.802    9.773999  4.676156e+02  1.331625e+02 
   66.802    9.877000  4.680901e+02  1.332785e+02 
   66.802    9.980000  4.685527e+02  1.333925e+02 
   66.802   10.082999  4.690391e+02  1.335039e+02 
   66.802   10.186000  4.695177e+02  1.336133e+02 
   66.802   10.289000  4.699892e+02  1.337208e+02 
   66.802   10.391999  4.704533e+02  1.338264e+02 
   66.802   10.495000  4.709097e+02  1.339301e+02 
   66.802   10.596999  4.713539e+02  1.340309e+02 
   66.802   10.700000  4.717948e+02  1.341310e+02 
   66.802   10.802999  4.722286e+02  1.342295e+02 
   66.802   10.905999  4.726554e+02  1.343266e+02 
   66.802   11.009000  4.730761e+02  1.344222e+02 
   66.802   11.112000  4.734919e+02  1.345164e+02 
   66.802   11.214999  4.739030e+02  1.346094e+02 
   66.802   11.318000  4.743092e+02  1.347011e+02 
   66.802   11.421000  4.747103e+02  1.347915e+02 
   66.802   11.523000  4.751024e+02  1.348799e+02 
   66.802   11.625999  4.754929e+02  1.349680e+02 
   66.802   11.729000  4.758780e+02  1.350549e+02 
   66.802   11.832000  4.762575e+02  1.351407e+02 
   66.802   11.934999  4.766315e+02  1.352253e+02 
   66.802   12.037999  4.770003e+02  1.353088e+02 
   66.802   12.141000  4.773638e+02  1.353911e+02 
   66.802   12.243999  4.777220e+02  1.354724e+02 
   66.802   12.346999  4.780751e+02  1.355524e+02 
   66.802   12.448999  4.784199e+02  1.356306e+02 
   66.802   12.552000  4.787631e+02  1.357084e+02 
   66.802   12.655000  4.791015e+02  1.357850e+02 
   66.802   12.757999  4.794353e+02  1.358605e+02 
   66.802   12.861000  4.797650e+02  1.359347e+02 
   66.802   12.964000  4.800906e+02  1.360077e+02 
   66.802   13.066999  4.804123e+02  1.360795e+02 
   66.802   13.170000  4.807301e+02  1.361501e+02 
   66.802   13.273000  4.810441e+02  1.362196e+02 
   66.802   13.375000  4.813515e+02  1.362871e+02 
   66.802   13.478000  4.816583e+02  1.363542e+02 
   66.802   13.580999  4.819615e+02  1.364201e+02 
   66.802   13.684000  4.822613e+02  1.364849e+02 
   66.802   13.787000  4.825578e+02  1.365485e+02 
   66.802   13.889999  4.828509e+02  1.366109e+02 
   66.802   13.993000  4.831408e+02  1.366722e+02 
   66.802   14.096000  4.834274e+02  1.367324e+02 
   66.802   14.198999  4.837109e+02  1.367913e+02 
   66.802   14.302000  4.839912e+02  1.368492e+02 
   66.802   14.403999  4.842658e+02  1.369053e+02 
   66.802   14.507000  4.845399e+02  1.369609e+02 
   66.802   14.610000  4.848109e+02  1.370154e+02 
   66.802   14.712999  4.850788e+02  1.370689e+02 
   66.802   14.816000  4.853436e+02  1.371214e+02 
   66.802   14.919000  4.856052e+02  1.371729e+02 
   66.802   15.021999  4.858637e+02  1.372235e+02 
   66.802   15.125000  4.861191e+02  1.372733e+02 
   66.802   15.228000  4.863713e+02  1.373222e+02 
   66.802   15.330000  4.866180e+02  1.373697e+02 
   66.802   15.433000  4.868642e+02  1.374169e+02 
   66.802   15.535999  4.871074e+02  1.374633e+02 
   66.802   15.639000  4.873476e+02  1.375089e+02 
   66.802   15.742000  4.875848e+02  1.375537e+02 
   66.802   15.844999  4.878193e+02  1.375978e+02 
   66.802   15.947999  4.880511e+02  1.376410e+02 
   66.802   16.051001  4.882803e+02  1.376835e+02 
   66.802   16.154001  4.885071e+02  1.377252e+02 
   66.802   16.256001  4.887292e+02  1.377656e+02 
   66.802   16.359001  4.889512e+02  1.378057e+02 
   66.802   16.462000  4.891709e+02  1.378450e+02 
   66.802   16.565001  4.893883e+02  1.378835e+02 
   66.802   16.668001  4.896035e+02  1.379212e+02 
   66.802   16.771000  4.898165e+02  1.379581e+02 
   66.802   16.874001  4.900275e+02  1.379943e+02 
   66.802   16.977001  4.902364e+02  1.380297e+02 
   66.802   17.080000  4.904436e+02  1.380643e+02 
   66.802   17.182001  4.906472e+02  1.380977e+02 
   66.802   17.285000  4.908513e+02  1.381306e+02 
   66.802   17.388000  4.910539e+02  1.381626e+02 
   66.802   17.491001  4.912553e+02  1.381937e+02 
   66.802   17.594000  4.914556e+02  1.382238e+02 
   66.802   17.697001  4.916547e+02  1.382531e+02 
   66.802   17.800001  4.918524e+02  1.382815e+02 
   66.802   17.903000  4.920489e+02  1.383091e+02 
   66.802   18.006001  4.922440e+02  1.383359e+02 
   66.802   18.108000  4.924358e+02  1.383617e+02 
   66.802   18.211000  4.926278e+02  1.383871e+02 
   66.802   18.314001  4.928180e+02  1.384118e+02 
   66.802   18.417000  4.930064e+02  1.384360e+02 
   66.802   18.520000  4.931931e+02  1.384596e+02 
   66.802   18.623001  4.933781e+02  1.384825e+02 
   66.802   18.726000  4.935614e+02  1.385049e+02 
   66.802   18.829000  4.937432e+02  1.385266e+02 
   66.802   18.932001  4.939234e+02  1.385477e+02 
   66.802   19.035000  4.941024e+02  1.385681e+02 
   66.802   19.137001  4.942784e+02  1.385877e+02 
   66.802   19.240000  4.944550e+02  1.386068e+02 
   66.802   19.343000  4.946302e+02  1.386253e+02 
   66.802   19.446001  4.948043e+02  1.386432e+02 
   66.802   19.549000  4.949771e+02  1.386606e+02 
   66.802   19.652000  4.951485e+02  1.386774e+02 
   66.802   19.755001  4.953186e+02  1.386936e+02 
   66.802   19.858000  4.954874e+02  1.387094e+02 
   66.802   19.961000  4.956548e+02  1.387247e+02 
   66.802   20.063000  4.958196e+02  1.387392e+02 
   66.802   20.363001  4.962987e+02  1.387787e+02 
   66.802   20.858000  4.970661e+02  1.388354e+02 
   66.802   21.354000  4.978067e+02  1.388820e+02 
   66.802   21.850000  4.985212e+02  1.389187e+02 
   66.802   22.346001  4.992058e+02  1.389481e+02 
   66.802   22.841002  4.998523e+02  1.389738e+02 
   66.802   23.337000  5.004583e+02  1.389983e+02 
   66.802   23.833000  5.010227e+02  1.390221e+02 
   66.802   24.329000  5.015501e+02  1.390444e+02 
   66.802   24.824001  5.020445e+02  1.390641e+02 
   66.802   25.320000  5.025090e+02  1.390816e+02 
   66.802   25.816000  5.029430e+02  1.390977e+02 
   66.802   26.312000  5.033480e+02  1.391126e+02 
   66.802   26.808001  5.037268e+02  1.391261e+02 
   66.802   27.303001  5.040813e+02  1.391376e+02 
   66.802   27.799000  5.044136e+02  1.391476e+02 
   66.802   28.295000  5.047239e+02  1.391562e+02 
   66.802   28.791000  5.050146e+02  1.391635e+02 
   66.802   29.286001  5.052880e+02  1.391696e+02 
   66.802   29.782001  5.055479e+02  1.391741e+02 
   66.802   30.278000  5.057962e+02  1.391771e+02 
   66.802   30.774000  5.060346e+02  1.391787e+02 
   66.802   31.269001  5.062643e+02  1.391790e+02 
   66.802   31.765001  5.064879e+02  1.391781e+02 
   66.802   32.261002  5.067073e+02  1.391763e+02 
   66.802   32.757000  5.069242e+02  1.391738e+02 
   66.802   33.251999  5.071397e+02  1.391707e+02 
   66.802   33.748001  5.073565e+02  1.391672e+02 
   66.802   34.243999  5.075752e+02  1.391637e+02 
   66.802   34.740002  5.077974e+02  1.391602e+02 
   66.802   35.235001  5.080238e+02  1.391568e+02 
   66.802   35.730999  5.082563e+02  1.391536e+02 
   66.802   36.227001  5.084948e+02  1.391506e+02 
   66.802   36.723000  5.087392e+02  1.391478e+02 
   66.802   37.218002  5.089883e+02  1.391451e+02 
   66.802   37.714001  5.092416e+02  1.391427e+02 
   66.802   38.209999  5.094973e+02  1.391405e+02 
   66.802   38.706001  5.097533e+02  1.391385e+02 
   66.802   39.201000  5.100074e+02  1.391368e+02 
   66.802   39.697002  5.102581e+02  1.391354e+02 
   66.802   40.197002  5.105017e+02  1.391352e+02 
   66.802   45.197002  5.123956e+02  1.391487e+02 
   66.802   50.197002  5.131058e+02  1.391646e+02 
   66.802   55.197002  5.133606e+02  1.391760e+02 
   66.802   60.197002  5.141553e+02  1.391834e+02 
   66.802   65.196999  5.154081e+02  1.391880e+02 
