   67.258    0.000000  1.218628e-04  1.093636e+01 
   67.258    0.103000  1.225265e-04  1.108027e+01 
   67.258    0.206000  1.231872e-04  1.122713e+01 
   67.258    0.308000  1.238370e-04  1.137406e+01 
   67.258    0.411000  1.244868e-04  1.152327e+01 
   67.258    0.514000  1.251301e-04  1.167282e+01 
   67.258    0.617000  1.258285e-04  1.182731e+01 
   67.258    0.720000  1.267044e-04  1.199645e+01 
   67.258    0.823000  1.275245e-04  1.215984e+01 
   67.258    0.926000  1.284091e-04  1.232750e+01 
   67.258    1.029000  1.292906e-04  1.249354e+01 
   67.258    1.132000  1.301609e-04  1.265718e+01 
   67.258    1.234000  1.310204e-04  1.281753e+01 
   67.258    1.337000  1.319380e-04  1.298219e+01 
   67.258    1.440000  1.329745e-04  1.315560e+01 
   67.258    1.543000  1.341749e-04  1.334164e+01 
   67.258    1.646000  1.068268e-02  5.383858e+01 
   67.258    1.749000  4.873273e-01  9.472402e+01 
   67.258    1.852000  1.357340e+01  1.455781e+02 
   67.258    1.955000  2.387372e+02  2.106261e+02 
   67.258    2.058000  2.409792e+02  2.105477e+02 
   67.258    2.160000  2.421591e+02  2.103749e+02 
   67.258    2.263000  2.433464e+02  2.102451e+02 
   67.258    2.366000  2.445302e+02  2.101509e+02 
   67.258    2.469000  2.457083e+02  2.100872e+02 
   67.258    2.572000  2.468780e+02  2.100501e+02 
   67.258    2.675000  2.480379e+02  2.100361e+02 
   67.258    2.778000  2.491871e+02  2.100424e+02 
   67.258    2.881000  2.503266e+02  2.100659e+02 
   67.258    2.984000  2.514568e+02  2.101043e+02 
   67.258    3.086000  2.525662e+02  2.101555e+02 
   67.258    3.189000  2.536772e+02  2.102187e+02 
   67.258    3.292000  2.547800e+02  2.102922e+02 
   67.258    3.395000  2.558756e+02  2.103747e+02 
   67.258    3.498000  2.569646e+02  2.104651e+02 
   67.258    3.601000  2.580489e+02  2.105624e+02 
   67.258    3.704000  2.591309e+02  2.106657e+02 
   67.258    3.807000  2.602112e+02  2.107743e+02 
   67.258    3.910000  2.612922e+02  2.108875e+02 
   67.258    4.013000  2.623749e+02  2.110048e+02 
   67.258    4.115000  2.634485e+02  2.111247e+02 
   67.258    4.218000  2.645338e+02  2.112493e+02 
   67.258    4.321000  2.656185e+02  2.113771e+02 
   67.258    4.424000  2.666992e+02  2.115083e+02 
   67.258    4.527000  2.677722e+02  2.116427e+02 
   67.258    4.630000  2.688336e+02  2.117801e+02 
   67.258    4.733000  2.698795e+02  2.119204e+02 
   67.258    4.836000  2.709070e+02  2.120632e+02 
   67.258    4.939000  2.719160e+02  2.122080e+02 
   67.258    5.041000  2.728968e+02  2.123531e+02 
   67.258    5.144000  2.743310e+02  2.125468e+02 
   67.258    5.247000  2.756844e+02  2.127353e+02 
   67.258    5.350000  2.770590e+02  2.129287e+02 
   67.258    5.453000  2.785139e+02  2.131328e+02 
   67.258    5.556000  2.800560e+02  2.133476e+02 
   67.258    5.659000  2.817197e+02  2.135765e+02 
   67.258    5.762000  2.834008e+02  2.138086e+02 
   67.258    5.865000  2.853191e+02  2.140651e+02 
   67.258    5.967000  2.872217e+02  2.143201e+02 
   67.258    6.070000  2.892409e+02  2.145880e+02 
   67.258    6.173000  2.920843e+02  2.149370e+02 
   67.258    6.276000  2.944750e+02  2.152403e+02 
   67.258    6.379000  2.975450e+02  2.156089e+02 
   67.258    6.482000  3.008936e+02  2.160024e+02 
   67.258    6.585000  3.089298e+02  2.168308e+02 
   67.258    6.688000  3.240977e+02  2.182644e+02 
   67.258    6.791000  3.461590e+02  2.201773e+02 
   67.258    6.893000  3.718400e+02  2.222064e+02 
   67.258    6.996000  3.966576e+02  2.239977e+02 
   67.258    7.099000  4.016859e+02  2.243927e+02 
   67.258    7.202000  4.046104e+02  2.246493e+02 
   67.258    7.305000  4.076427e+02  2.249159e+02 
   67.258    7.408000  4.103818e+02  2.251652e+02 
   67.258    7.511000  4.131888e+02  2.254210e+02 
   67.258    7.614000  4.160436e+02  2.256818e+02 
   67.258    7.717000  4.187759e+02  2.259356e+02 
   67.258    7.819000  4.214355e+02  2.261823e+02 
   67.258    7.922000  4.238581e+02  2.264132e+02 
   67.258    8.025001  4.261932e+02  2.266368e+02 
   67.258    8.128000  4.292091e+02  2.268990e+02 
   67.258    8.231000  4.318610e+02  2.271360e+02 
   67.258    8.334001  4.344068e+02  2.273641e+02 
   67.258    8.437000  4.369588e+02  2.275907e+02 
   67.258    8.540000  4.396186e+02  2.278216e+02 
   67.258    8.643001  4.422812e+02  2.280504e+02 
   67.258    8.745000  4.448557e+02  2.282715e+02 
   67.258    8.848001  4.473946e+02  2.284891e+02 
   67.258    8.951000  4.499290e+02  2.287034e+02 
   67.258    9.054000  4.527465e+02  2.289297e+02 
   67.258    9.157001  4.553438e+02  2.291401e+02 
   67.258    9.260000  4.558591e+02  2.292325e+02 
   67.258    9.363000  4.563687e+02  2.293228e+02 
   67.258    9.466001  4.568724e+02  2.294110e+02 
   67.258    9.569000  4.573706e+02  2.294973e+02 
   67.258    9.671000  4.578583e+02  2.295809e+02 
   67.258    9.774000  4.583432e+02  2.296635e+02 
   67.258    9.877000  4.588170e+02  2.297444e+02 
   67.258    9.980000  4.592791e+02  2.298235e+02 
   67.258   10.083000  4.597643e+02  2.299001e+02 
   67.258   10.186000  4.602387e+02  2.299751e+02 
   67.258   10.289001  4.607025e+02  2.300488e+02 
   67.258   10.392000  4.611576e+02  2.301210e+02 
   67.258   10.495000  4.616067e+02  2.301920e+02 
   67.258   10.598001  4.620501e+02  2.302616e+02 
   67.258   10.700000  4.624832e+02  2.303294e+02 
   67.258   10.803000  4.629136e+02  2.303968e+02 
   67.258   10.906000  4.633370e+02  2.304631e+02 
   67.258   11.009000  4.637542e+02  2.305285e+02 
   67.258   11.112000  4.641660e+02  2.305930e+02 
   67.258   11.215000  4.645729e+02  2.306566e+02 
   67.258   11.318000  4.649749e+02  2.307194e+02 
   67.258   11.421000  4.653721e+02  2.307814e+02 
   67.258   11.524000  4.657647e+02  2.308427e+02 
   67.258   11.626000  4.661486e+02  2.309025e+02 
   67.258   11.729000  4.665311e+02  2.309621e+02 
   67.258   11.832000  4.669084e+02  2.310210e+02 
   67.258   11.935000  4.672805e+02  2.310790e+02 
   67.258   12.038000  4.676474e+02  2.311363e+02 
   67.258   12.141000  4.680094e+02  2.311929e+02 
   67.258   12.244000  4.683664e+02  2.312486e+02 
   67.258   12.347000  4.687184e+02  2.313036e+02 
   67.258   12.450000  4.690657e+02  2.313578e+02 
   67.258   12.552000  4.694048e+02  2.314108e+02 
   67.258   12.655000  4.697425e+02  2.314634e+02 
   67.258   12.758000  4.700756e+02  2.315152e+02 
   67.258   12.861000  4.704046e+02  2.315661e+02 
   67.258   12.964000  4.707295e+02  2.316161e+02 
   67.258   13.067000  4.710506e+02  2.316651e+02 
   67.258   13.170000  4.713679e+02  2.317132e+02 
   67.258   13.273000  4.716815e+02  2.317603e+02 
   67.258   13.376000  4.719914e+02  2.318065e+02 
   67.258   13.478000  4.722948e+02  2.318513e+02 
   67.258   13.581000  4.725975e+02  2.318956e+02 
   67.258   13.684000  4.728969e+02  2.319389e+02 
   67.258   13.787000  4.731928e+02  2.319813e+02 
   67.258   13.890000  4.734854e+02  2.320227e+02 
   67.258   13.993000  4.737747e+02  2.320632e+02 
   67.258   14.096000  4.740608e+02  2.321028e+02 
   67.258   14.199000  4.743437e+02  2.321414e+02 
   67.258   14.302000  4.746234e+02  2.321791e+02 
   67.258   14.404000  4.748973e+02  2.322156e+02 
   67.258   14.507000  4.751708e+02  2.322515e+02 
   67.258   14.610001  4.754412e+02  2.322866e+02 
   67.258   14.713000  4.757083e+02  2.323210e+02 
   67.258   14.816000  4.759724e+02  2.323546e+02 
   67.258   14.919000  4.762333e+02  2.323875e+02 
   67.258   15.022000  4.764910e+02  2.324198e+02 
   67.258   15.125000  4.767456e+02  2.324514e+02 
   67.258   15.228000  4.769970e+02  2.324824e+02 
   67.258   15.331000  4.772453e+02  2.325129e+02 
   67.258   15.433001  4.774883e+02  2.325424e+02 
   67.258   15.536000  4.777305e+02  2.325717e+02 
   67.258   15.639000  4.779698e+02  2.326003e+02 
   67.258   15.742001  4.782062e+02  2.326284e+02 
   67.258   15.845000  4.784398e+02  2.326559e+02 
   67.258   15.948001  4.786706e+02  2.326827e+02 
   67.258   16.050999  4.788988e+02  2.327090e+02 
   67.258   16.153999  4.791245e+02  2.327346e+02 
   67.258   16.257000  4.793479e+02  2.327596e+02 
   67.258   16.358999  4.795666e+02  2.327838e+02 
   67.258   16.462000  4.797852e+02  2.328076e+02 
   67.258   16.564999  4.800015e+02  2.328309e+02 
   67.258   16.667999  4.802157e+02  2.328535e+02 
   67.258   16.771000  4.804277e+02  2.328755e+02 
   67.258   16.873999  4.806379e+02  2.328968e+02 
   67.258   16.976999  4.808461e+02  2.329175e+02 
   67.258   17.080000  4.810526e+02  2.329374e+02 
   67.258   17.182999  4.812576e+02  2.329565e+02 
   67.258   17.285000  4.814592e+02  2.329745e+02 
   67.258   17.387999  4.816614e+02  2.329919e+02 
   67.258   17.490999  4.818623e+02  2.330084e+02 
   67.258   17.594000  4.820622e+02  2.330240e+02 
   67.258   17.696999  4.822608e+02  2.330387e+02 
   67.258   17.799999  4.824581e+02  2.330526e+02 
   67.258   17.903000  4.826540e+02  2.330657e+02 
   67.258   18.005999  4.828485e+02  2.330782e+02 
   67.258   18.108999  4.830415e+02  2.330899e+02 
   67.258   18.210999  4.832309e+02  2.331010e+02 
   67.258   18.313999  4.834205e+02  2.331117e+02 
   67.258   18.417000  4.836084e+02  2.331218e+02 
   67.258   18.519999  4.837946e+02  2.331314e+02 
   67.258   18.622999  4.839792e+02  2.331404e+02 
   67.258   18.726000  4.841624e+02  2.331488e+02 
   67.258   18.828999  4.843441e+02  2.331567e+02 
   67.258   18.931999  4.845242e+02  2.331641e+02 
   67.258   19.035000  4.847031e+02  2.331708e+02 
   67.258   19.136999  4.848790e+02  2.331770e+02 
   67.258   19.240000  4.850553e+02  2.331826e+02 
   67.258   19.342999  4.852302e+02  2.331878e+02 
   67.258   19.445999  4.854039e+02  2.331925e+02 
   67.258   19.549000  4.855762e+02  2.331967e+02 
   67.258   19.651999  4.857471e+02  2.332005e+02 
   67.258   19.754999  4.859167e+02  2.332038e+02 
   67.258   19.858000  4.860851e+02  2.332067e+02 
   67.258   19.960999  4.862521e+02  2.332093e+02 
   67.258   20.063999  4.864182e+02  2.332112e+02 
   67.258   20.362999  4.868953e+02  2.332135e+02 
   67.258   20.858999  4.876640e+02  2.332099e+02 
   67.258   21.354000  4.884030e+02  2.331978e+02 
   67.258   21.849998  4.891163e+02  2.331778e+02 
   67.258   22.345999  4.897972e+02  2.331538e+02 
   67.258   22.841999  4.904392e+02  2.331302e+02 
   67.258   23.337000  4.910373e+02  2.331094e+02 
   67.258   23.832998  4.915957e+02  2.330913e+02 
   67.258   24.328999  4.921195e+02  2.330738e+02 
   67.258   24.824999  4.926121e+02  2.330559e+02 
   67.258   25.320000  4.930722e+02  2.330385e+02 
   67.258   25.816000  4.935025e+02  2.330223e+02 
   67.258   26.311998  4.939043e+02  2.330070e+02 
   67.258   26.807999  4.942806e+02  2.329919e+02 
   67.258   27.302999  4.946325e+02  2.329769e+02 
   67.258   27.799000  4.949616e+02  2.329624e+02 
   67.258   28.295000  4.952686e+02  2.329482e+02 
   67.258   28.790998  4.955565e+02  2.329342e+02 
   67.258   29.285999  4.958277e+02  2.329198e+02 
   67.258   29.782000  4.960859e+02  2.329049e+02 
   67.258   30.278000  4.963323e+02  2.328893e+02 
   67.258   30.773998  4.965686e+02  2.328731e+02 
   67.258   31.268999  4.967961e+02  2.328565e+02 
   67.258   31.764999  4.970172e+02  2.328395e+02 
   67.258   32.261002  4.972337e+02  2.328222e+02 
   67.258   32.757000  4.974474e+02  2.328048e+02 
   67.258   33.252003  4.976594e+02  2.327877e+02 
   67.258   33.748001  4.978722e+02  2.327710e+02 
   67.258   34.243999  4.980866e+02  2.327551e+02 
   67.258   34.740002  4.983043e+02  2.327399e+02 
   67.258   35.235001  4.985258e+02  2.327257e+02 
   67.258   35.731003  4.987532e+02  2.327124e+02 
   67.258   36.227001  4.989864e+02  2.326999e+02 
   67.258   36.723000  4.992255e+02  2.326882e+02 
   67.258   37.218002  4.994695e+02  2.326774e+02 
   67.258   37.714001  4.997180e+02  2.326672e+02 
   67.258   38.210003  4.999692e+02  2.326578e+02 
   67.258   38.706001  5.002210e+02  2.326492e+02 
   67.258   39.201000  5.004712e+02  2.326413e+02 
   67.258   39.697002  5.007184e+02  2.326342e+02 
   67.258   40.197002  5.009590e+02  2.326290e+02 
   67.258   45.197002  5.028416e+02  2.326140e+02 
   67.258   50.197002  5.035526e+02  2.326187e+02 
   67.258   55.197002  5.038043e+02  2.326253e+02 
   67.258   60.197002  5.045755e+02  2.326305e+02 
   67.258   65.196999  5.058185e+02  2.326339e+02 
