    0.000    0.000000  0.000000e+00  3.524377e+02 
    0.000    0.103000  0.000000e+00  3.514545e+02 
    0.000    0.206000  0.000000e+00  3.501254e+02 
    0.000    0.309000  0.000000e+00  3.488047e+02 
    0.000    0.412000  0.000000e+00  3.474772e+02 
    0.000    0.514000  0.000000e+00  3.460393e+02 
    0.000    0.617000  0.000000e+00  3.444844e+02 
    0.000    0.720000  0.000000e+00  3.429228e+02 
    0.000    0.823000  0.000000e+00  3.413734e+02 
    0.000    0.926000  0.000000e+00  3.398258e+02 
    0.000    1.029000  0.000000e+00  3.382560e+02 
    0.000    1.132000  0.000000e+00  3.366441e+02 
    0.000    1.235000  0.000000e+00  3.349529e+02 
    0.000    1.338000  0.000000e+00  3.332956e+02 
    0.000    1.440000  0.000000e+00  3.316817e+02 
    0.000    1.543000  0.000000e+00  3.300720e+02 
    0.000    1.646000  0.000000e+00  3.284241e+02 
    0.000    1.749000  0.000000e+00  3.267191e+02 
    0.000    1.852000  0.000000e+00  3.249601e+02 
    0.000    1.955000  0.000000e+00  3.015768e+02 
    0.000    2.058000  0.000000e+00  2.980738e+02 
    0.000    2.161000  0.000000e+00  2.955512e+02 
    0.000    2.264000  0.000000e+00  2.934406e+02 
    0.000    2.366000  0.000000e+00  2.926606e+02 
    0.000    2.469000  0.000000e+00  2.917375e+02 
    0.000    2.572000  0.000000e+00  2.907190e+02 
    0.000    2.675000  0.000000e+00  2.896474e+02 
    0.000    2.778000  0.000000e+00  2.885435e+02 
    0.000    2.881000  0.000000e+00  2.874135e+02 
    0.000    2.984000  0.000000e+00  2.862565e+02 
    0.000    3.087000  0.000000e+00  2.850847e+02 
    0.000    3.190000  0.000000e+00  2.838951e+02 
    0.000    3.293000  0.000000e+00  2.826988e+02 
    0.000    3.395000  0.000000e+00  2.814959e+02 
    0.000    3.498000  0.000000e+00  2.802791e+02 
    0.000    3.601000  0.000000e+00  2.790611e+02 
    0.000    3.704000  0.000000e+00  2.778409e+02 
    0.000    3.807000  0.000000e+00  2.766254e+02 
    0.000    3.910000  0.000000e+00  2.754178e+02 
    0.000    4.013000  0.000000e+00  2.742192e+02 
    0.000    4.116000  0.000000e+00  2.730226e+02 
    0.000    4.219000  0.000000e+00  2.718224e+02 
    0.000    4.321000  0.000000e+00  2.706362e+02 
    0.000    4.424000  0.000000e+00  2.694488e+02 
    0.000    4.527000  0.000000e+00  2.681515e+02 
    0.000    4.630000  0.000000e+00  2.668587e+02 
    0.000    4.733000  0.000000e+00  2.655590e+02 
    0.000    4.836000  0.000000e+00  2.643310e+02 
    0.000    4.939000  0.000000e+00  2.630942e+02 
    0.000    5.042000  0.000000e+00  2.618537e+02 
    0.000    5.145000  0.000000e+00  2.606215e+02 
    0.000    5.247000  0.000000e+00  2.594043e+02 
    0.000    5.350000  0.000000e+00  2.581768e+02 
    0.000    5.453000  0.000000e+00  2.567702e+02 
    0.000    5.556000  0.000000e+00  2.549309e+02 
    0.000    5.659000  0.000000e+00  2.521708e+02 
    0.000    5.762000  0.000000e+00  2.481499e+02 
    0.000    5.865000  0.000000e+00  2.425324e+02 
    0.000    5.968000  0.000000e+00  2.356941e+02 
    0.000    6.071000  0.000000e+00  2.284608e+02 
    0.000    6.173000  0.000000e+00  2.216172e+02 
    0.000    6.276000  0.000000e+00  2.154149e+02 
    0.000    6.379000  0.000000e+00  2.100288e+02 
    0.000    6.482000  0.000000e+00  2.051376e+02 
    0.000    6.585000  0.000000e+00  2.006140e+02 
    0.000    6.688000  0.000000e+00  1.964446e+02 
    0.000    6.791000  0.000000e+00  1.925444e+02 
    0.000    6.894000  0.000000e+00  1.886916e+02 
    0.000    6.997000  0.000000e+00  1.852975e+02 
    0.000    7.099000  0.000000e+00  1.823192e+02 
    0.000    7.202000  0.000000e+00  1.801131e+02 
    0.000    7.305000  0.000000e+00  1.790781e+02 
    0.000    7.408000  0.000000e+00  1.788261e+02 
    0.000    7.511000  0.000000e+00  1.787904e+02 
    0.000    7.614000  0.000000e+00  1.788120e+02 
    0.000    7.717000  0.000000e+00  1.788715e+02 
    0.000    7.820000  0.000000e+00  1.789503e+02 
    0.000    7.923000  0.000000e+00  1.790481e+02 
    0.000    8.025001  0.000000e+00  1.791291e+02 
    0.000    8.128000  0.000000e+00  1.791743e+02 
    0.000    8.231000  0.000000e+00  1.791916e+02 
    0.000    8.334001  0.000000e+00  1.791921e+02 
    0.000    8.437000  0.000000e+00  1.791689e+02 
    0.000    8.540000  0.000000e+00  1.791360e+02 
    0.000    8.643001  0.000000e+00  1.790868e+02 
    0.000    8.746000  0.000000e+00  1.790491e+02 
    0.000    8.849000  0.000000e+00  1.790048e+02 
    0.000    8.951000  0.000000e+00  1.789601e+02 
    0.000    9.054000  0.000000e+00  1.789142e+02 
    0.000    9.157001  0.000000e+00  1.788687e+02 
    0.000    9.260000  0.000000e+00  1.788383e+02 
    0.000    9.363000  0.000000e+00  1.787717e+02 
    0.000    9.466001  0.000000e+00  1.787101e+02 
    0.000    9.569000  0.000000e+00  1.787007e+02 
    0.000    9.672000  0.000000e+00  1.786945e+02 
    0.000    9.775001  0.000000e+00  1.786950e+02 
    0.000    9.878000  0.000000e+00  1.787121e+02 
    0.000    9.980000  0.000000e+00  1.787409e+02 
    0.000   10.083000  0.000000e+00  1.787727e+02 
    0.000   10.186000  0.000000e+00  1.787982e+02 
    0.000   10.289001  0.000000e+00  1.788198e+02 
    0.000   10.392000  0.000000e+00  1.788391e+02 
    0.000   10.495000  0.000000e+00  1.788547e+02 
    0.000   10.598001  0.000000e+00  1.788680e+02 
    0.000   10.701000  0.000000e+00  1.788784e+02 
    0.000   10.804000  0.000000e+00  1.788824e+02 
    0.000   10.906000  0.000000e+00  1.788820e+02 
    0.000   11.009000  0.000000e+00  1.788764e+02 
    0.000   11.112000  0.000000e+00  1.788591e+02 
    0.000   11.215000  0.000000e+00  1.788332e+02 
    0.000   11.318000  0.000000e+00  1.788022e+02 
    0.000   11.421000  0.000000e+00  1.787674e+02 
    0.000   11.524000  0.000000e+00  1.787296e+02 
    0.000   11.627000  0.000000e+00  1.786895e+02 
    0.000   11.730000  0.000000e+00  1.786473e+02 
    0.000   11.832001  0.000000e+00  1.786039e+02 
    0.000   11.935000  0.000000e+00  1.785588e+02 
    0.000   12.038000  0.000000e+00  1.785113e+02 
    0.000   12.141001  0.000000e+00  1.784619e+02 
    0.000   12.244000  0.000000e+00  1.784112e+02 
    0.000   12.347000  0.000000e+00  1.783621e+02 
    0.000   12.450001  0.000000e+00  1.783147e+02 
    0.000   12.553000  0.000000e+00  1.782681e+02 
    0.000   12.656000  0.000000e+00  1.782248e+02 
    0.000   12.758000  0.000000e+00  1.781857e+02 
    0.000   12.861000  0.000000e+00  1.781487e+02 
    0.000   12.964001  0.000000e+00  1.781137e+02 
    0.000   13.067000  0.000000e+00  1.780805e+02 
    0.000   13.170000  0.000000e+00  1.780486e+02 
    0.000   13.273001  0.000000e+00  1.780179e+02 
    0.000   13.376000  0.000000e+00  1.779880e+02 
    0.000   13.479000  0.000000e+00  1.779588e+02 
    0.000   13.582001  0.000000e+00  1.779303e+02 
    0.000   13.684000  0.000000e+00  1.779025e+02 
    0.000   13.787001  0.000000e+00  1.778747e+02 
    0.000   13.890000  0.000000e+00  1.778473e+02 
    0.000   13.993000  0.000000e+00  1.778199e+02 
    0.000   14.096001  0.000000e+00  1.777925e+02 
    0.000   14.199000  0.000000e+00  1.777651e+02 
    0.000   14.302000  0.000000e+00  1.777383e+02 
    0.000   14.405001  0.000000e+00  1.777122e+02 
    0.000   14.508000  0.000000e+00  1.776865e+02 
    0.000   14.611000  0.000000e+00  1.776611e+02 
    0.000   14.713000  0.000000e+00  1.776359e+02 
    0.000   14.816000  0.000000e+00  1.776103e+02 
    0.000   14.919001  0.000000e+00  1.775849e+02 
    0.000   15.022000  0.000000e+00  1.775587e+02 
    0.000   15.125000  0.000000e+00  1.775319e+02 
    0.000   15.228001  0.000000e+00  1.775048e+02 
    0.000   15.331000  0.000000e+00  1.774783e+02 
    0.000   15.434000  0.000000e+00  1.774528e+02 
    0.000   15.537001  0.000000e+00  1.774281e+02 
    0.000   15.639000  0.000000e+00  1.774046e+02 
    0.000   15.742001  0.000000e+00  1.773835e+02 
    0.000   15.845000  0.000000e+00  1.773645e+02 
    0.000   15.948000  0.000000e+00  1.773469e+02 
    0.000   16.051001  0.000000e+00  1.773262e+02 
    0.000   16.154001  0.000000e+00  1.773019e+02 
    0.000   16.257000  0.000000e+00  1.772754e+02 
    0.000   16.360001  0.000000e+00  1.772470e+02 
    0.000   16.462999  0.000000e+00  1.772161e+02 
    0.000   16.565001  0.000000e+00  1.771835e+02 
    0.000   16.668001  0.000000e+00  1.771494e+02 
    0.000   16.771000  0.000000e+00  1.771156e+02 
    0.000   16.874001  0.000000e+00  1.770819e+02 
    0.000   16.977001  0.000000e+00  1.770483e+02 
    0.000   17.080000  0.000000e+00  1.770155e+02 
    0.000   17.183001  0.000000e+00  1.769845e+02 
    0.000   17.286001  0.000000e+00  1.769547e+02 
    0.000   17.389000  0.000000e+00  1.769256e+02 
    0.000   17.491001  0.000000e+00  1.768986e+02 
    0.000   17.594000  0.000000e+00  1.768727e+02 
    0.000   17.697001  0.000000e+00  1.768478e+02 
    0.000   17.800001  0.000000e+00  1.768240e+02 
    0.000   17.903000  0.000000e+00  1.768016e+02 
    0.000   18.006001  0.000000e+00  1.767804e+02 
    0.000   18.109001  0.000000e+00  1.767600e+02 
    0.000   18.212000  0.000000e+00  1.767401e+02 
    0.000   18.315001  0.000000e+00  1.767204e+02 
    0.000   18.417000  0.000000e+00  1.767012e+02 
    0.000   18.520000  0.000000e+00  1.766822e+02 
    0.000   18.623001  0.000000e+00  1.766631e+02 
    0.000   18.726000  0.000000e+00  1.766440e+02 
    0.000   18.829000  0.000000e+00  1.766251e+02 
    0.000   18.932001  0.000000e+00  1.766064e+02 
    0.000   19.035000  0.000000e+00  1.765880e+02 
    0.000   19.138000  0.000000e+00  1.765698e+02 
    0.000   19.241001  0.000000e+00  1.765519e+02 
    0.000   19.344000  0.000000e+00  1.765334e+02 
    0.000   19.446001  0.000000e+00  1.765144e+02 
    0.000   19.549000  0.000000e+00  1.764946e+02 
    0.000   19.652000  0.000000e+00  1.764746e+02 
    0.000   19.755001  0.000000e+00  1.764543e+02 
    0.000   19.858000  0.000000e+00  1.764338e+02 
    0.000   19.961000  0.000000e+00  1.764131e+02 
    0.000   20.064001  0.000000e+00  1.763923e+02 
    0.000   20.363001  0.000000e+00  1.763346e+02 
    0.000   20.859001  0.000000e+00  1.762524e+02 
    0.000   21.355000  0.000000e+00  1.761882e+02 
    0.000   21.850000  0.000000e+00  1.761304e+02 
    0.000   22.346001  0.000000e+00  1.760714e+02 
    0.000   22.842001  0.000000e+00  1.760069e+02 
    0.000   23.337999  0.000000e+00  1.759444e+02 
    0.000   23.833000  0.000000e+00  1.758977e+02 
    0.000   24.329000  0.000000e+00  1.758731e+02 
    0.000   24.825001  0.000000e+00  1.758692e+02 
    0.000   25.321001  0.000000e+00  1.758722e+02 
    0.000   25.816000  0.000000e+00  1.758826e+02 
    0.000   26.312000  0.000000e+00  1.759002e+02 
    0.000   26.808001  0.000000e+00  1.759192e+02 
    0.000   27.304001  0.000000e+00  1.759421e+02 
    0.000   27.799000  0.000000e+00  1.759710e+02 
    0.000   28.295000  0.000000e+00  1.760045e+02 
    0.000   28.791000  0.000000e+00  1.760437e+02 
    0.000   29.287001  0.000000e+00  1.760903e+02 
    0.000   29.782000  0.000000e+00  1.761427e+02 
    0.000   30.278000  0.000000e+00  1.761990e+02 
    0.000   30.774000  0.000000e+00  1.762581e+02 
    0.000   31.270000  0.000000e+00  1.763189e+02 
    0.000   31.764999  0.000000e+00  1.763801e+02 
    0.000   32.260998  0.000000e+00  1.764417e+02 
    0.000   32.757000  0.000000e+00  1.765031e+02 
    0.000   33.252998  0.000000e+00  1.765634e+02 
    0.000   33.747997  0.000000e+00  1.766243e+02 
    0.000   34.243999  0.000000e+00  1.766873e+02 
    0.000   34.739998  0.000000e+00  1.767513e+02 
    0.000   35.236000  0.000000e+00  1.768156e+02 
    0.000   35.730999  0.000000e+00  1.768764e+02 
    0.000   36.226997  0.000000e+00  1.769339e+02 
    0.000   36.723000  0.000000e+00  1.769875e+02 
    0.000   37.218998  0.000000e+00  1.770377e+02 
    0.000   37.713997  0.000000e+00  1.770836e+02 
    0.000   38.209999  0.000000e+00  1.771258e+02 
    0.000   38.705997  0.000000e+00  1.771680e+02 
    0.000   39.202000  0.000000e+00  1.772113e+02 
    0.000   39.696999  0.000000e+00  1.772575e+02 
    0.000   40.196999  0.000000e+00  1.773087e+02 
    0.000   45.196999  0.000000e+00  1.777614e+02 
    0.000   50.196999  0.000000e+00  1.779892e+02 
    0.000   55.196999  0.000000e+00  1.779851e+02 
    0.000   60.196999  0.000000e+00  1.779172e+02 
    0.000   65.196999  0.000000e+00  1.778649e+02 
