    0.000    0.000000  0.000000e+00  3.518217e+02 
    0.000    0.103000  0.000000e+00  3.510924e+02 
    0.000    0.206000  0.000000e+00  3.497485e+02 
    0.000    0.309000  0.000000e+00  3.481970e+02 
    0.000    0.411000  0.000000e+00  3.466426e+02 
    0.000    0.514000  0.000000e+00  3.450211e+02 
    0.000    0.617000  0.000000e+00  3.433785e+02 
    0.000    0.720000  0.000000e+00  3.416685e+02 
    0.000    0.823000  0.000000e+00  3.398108e+02 
    0.000    0.926000  0.000000e+00  3.377649e+02 
    0.000    1.029000  0.000000e+00  3.355589e+02 
    0.000    1.132000  0.000000e+00  3.332239e+02 
    0.000    1.235000  0.000000e+00  3.308607e+02 
    0.000    1.338000  0.000000e+00  3.285294e+02 
    0.000    1.440000  0.000000e+00  3.262337e+02 
    0.000    1.543000  0.000000e+00  3.239123e+02 
    0.000    1.646000  0.000000e+00  3.215154e+02 
    0.000    1.749000  0.000000e+00  3.190564e+02 
    0.000    1.852000  0.000000e+00  3.177908e+02 
    0.000    1.955000  0.000000e+00  3.023280e+02 
    0.000    2.058000  0.000000e+00  2.989011e+02 
    0.000    2.161000  0.000000e+00  2.964347e+02 
    0.000    2.264000  0.000000e+00  2.938788e+02 
    0.000    2.366000  0.000000e+00  2.899914e+02 
    0.000    2.469000  0.000000e+00  2.893498e+02 
    0.000    2.572000  0.000000e+00  2.884821e+02 
    0.000    2.675000  0.000000e+00  2.874792e+02 
    0.000    2.778000  0.000000e+00  2.863567e+02 
    0.000    2.881000  0.000000e+00  2.850606e+02 
    0.000    2.984000  0.000000e+00  2.837785e+02 
    0.000    3.087000  0.000000e+00  2.824441e+02 
    0.000    3.190000  0.000000e+00  2.801007e+02 
    0.000    3.292000  0.000000e+00  2.789803e+02 
    0.000    3.395000  0.000000e+00  2.774892e+02 
    0.000    3.498000  0.000000e+00  2.763703e+02 
    0.000    3.601000  0.000000e+00  2.752255e+02 
    0.000    3.704000  0.000000e+00  2.740533e+02 
    0.000    3.807000  0.000000e+00  2.728706e+02 
    0.000    3.910000  0.000000e+00  2.716802e+02 
    0.000    4.013000  0.000000e+00  2.704904e+02 
    0.000    4.116000  0.000000e+00  2.693006e+02 
    0.000    4.218000  0.000000e+00  2.681194e+02 
    0.000    4.321000  0.000000e+00  2.669383e+02 
    0.000    4.424000  0.000000e+00  2.657578e+02 
    0.000    4.527000  0.000000e+00  2.645847e+02 
    0.000    4.630000  0.000000e+00  2.634257e+02 
    0.000    4.733000  0.000000e+00  2.622869e+02 
    0.000    4.836000  0.000000e+00  2.611667e+02 
    0.000    4.939000  0.000000e+00  2.600314e+02 
    0.000    5.042000  0.000000e+00  2.588715e+02 
    0.000    5.144000  0.000000e+00  2.577470e+02 
    0.000    5.247000  0.000000e+00  2.566005e+02 
    0.000    5.350000  0.000000e+00  2.554661e+02 
    0.000    5.453000  0.000000e+00  2.543476e+02 
    0.000    5.556000  0.000000e+00  2.532453e+02 
    0.000    5.659000  0.000000e+00  2.521606e+02 
    0.000    5.762000  0.000000e+00  2.510926e+02 
    0.000    5.865000  0.000000e+00  2.500410e+02 
    0.000    5.968000  0.000000e+00  2.490084e+02 
    0.000    6.070000  0.000000e+00  2.479539e+02 
    0.000    6.173000  0.000000e+00  2.467558e+02 
    0.000    6.276000  0.000000e+00  2.455076e+02 
    0.000    6.379000  0.000000e+00  2.442795e+02 
    0.000    6.482000  0.000000e+00  2.430861e+02 
    0.000    6.585000  0.000000e+00  2.420563e+02 
    0.000    6.688000  0.000000e+00  2.410431e+02 
    0.000    6.791000  0.000000e+00  2.399516e+02 
    0.000    6.894000  0.000000e+00  2.389214e+02 
    0.000    6.996000  0.000000e+00  2.380488e+02 
    0.000    7.099000  0.000000e+00  2.372292e+02 
    0.000    7.202000  0.000000e+00  2.365643e+02 
    0.000    7.305000  0.000000e+00  2.360078e+02 
    0.000    7.408000  0.000000e+00  2.355271e+02 
    0.000    7.511000  0.000000e+00  2.351899e+02 
    0.000    7.614000  0.000000e+00  2.349494e+02 
    0.000    7.717000  0.000000e+00  2.347787e+02 
    0.000    7.820000  0.000000e+00  2.346318e+02 
    0.000    7.923000  0.000000e+00  2.344961e+02 
    0.000    8.025000  0.000000e+00  2.343797e+02 
    0.000    8.128000  0.000000e+00  2.342675e+02 
    0.000    8.231000  0.000000e+00  2.341564e+02 
    0.000    8.334000  0.000000e+00  2.340383e+02 
    0.000    8.437000  0.000000e+00  2.339037e+02 
    0.000    8.540000  0.000000e+00  2.337619e+02 
    0.000    8.643000  0.000000e+00  2.335758e+02 
    0.000    8.746000  0.000000e+00  2.333914e+02 
    0.000    8.849000  0.000000e+00  2.332039e+02 
    0.000    8.951000  0.000000e+00  2.330052e+02 
    0.000    9.054000  0.000000e+00  2.328475e+02 
    0.000    9.157000  0.000000e+00  2.326913e+02 
    0.000    9.260000  0.000000e+00  2.325327e+02 
    0.000    9.363000  0.000000e+00  2.323753e+02 
    0.000    9.466000  0.000000e+00  2.322187e+02 
    0.000    9.569000  0.000000e+00  2.320726e+02 
    0.000    9.672000  0.000000e+00  2.319347e+02 
    0.000    9.775000  0.000000e+00  2.318060e+02 
    0.000    9.877000  0.000000e+00  2.316944e+02 
    0.000    9.980000  0.000000e+00  2.315963e+02 
    0.000   10.083000  0.000000e+00  2.315060e+02 
    0.000   10.186000  0.000000e+00  2.314180e+02 
    0.000   10.289000  0.000000e+00  2.313324e+02 
    0.000   10.392000  0.000000e+00  2.312461e+02 
    0.000   10.495000  0.000000e+00  2.312003e+02 
    0.000   10.598000  0.000000e+00  2.311509e+02 
    0.000   10.701000  0.000000e+00  2.310995e+02 
    0.000   10.803000  0.000000e+00  2.310468e+02 
    0.000   10.906000  0.000000e+00  2.309928e+02 
    0.000   11.009000  0.000000e+00  2.309364e+02 
    0.000   11.112000  0.000000e+00  2.308721e+02 
    0.000   11.215000  0.000000e+00  2.308026e+02 
    0.000   11.318000  0.000000e+00  2.307299e+02 
    0.000   11.421000  0.000000e+00  2.306528e+02 
    0.000   11.524000  0.000000e+00  2.305724e+02 
    0.000   11.627000  0.000000e+00  2.304909e+02 
    0.000   11.729000  0.000000e+00  2.304135e+02 
    0.000   11.832000  0.000000e+00  2.303381e+02 
    0.000   11.935000  0.000000e+00  2.302641e+02 
    0.000   12.038000  0.000000e+00  2.301915e+02 
    0.000   12.141000  0.000000e+00  2.301199e+02 
    0.000   12.244000  0.000000e+00  2.300492e+02 
    0.000   12.347000  0.000000e+00  2.299781e+02 
    0.000   12.450000  0.000000e+00  2.299065e+02 
    0.000   12.553000  0.000000e+00  2.298349e+02 
    0.000   12.656000  0.000000e+00  2.297632e+02 
    0.000   12.758000  0.000000e+00  2.296921e+02 
    0.000   12.861000  0.000000e+00  2.296205e+02 
    0.000   12.964000  0.000000e+00  2.295501e+02 
    0.000   13.067000  0.000000e+00  2.294814e+02 
    0.000   13.170000  0.000000e+00  2.294142e+02 
    0.000   13.273000  0.000000e+00  2.293487e+02 
    0.000   13.376000  0.000000e+00  2.292861e+02 
    0.000   13.479000  0.000000e+00  2.292257e+02 
    0.000   13.582000  0.000000e+00  2.291669e+02 
    0.000   13.684000  0.000000e+00  2.291110e+02 
    0.000   13.787000  0.000000e+00  2.290563e+02 
    0.000   13.890000  0.000000e+00  2.290029e+02 
    0.000   13.993000  0.000000e+00  2.289532e+02 
    0.000   14.096000  0.000000e+00  2.289068e+02 
    0.000   14.199000  0.000000e+00  2.288628e+02 
    0.000   14.302000  0.000000e+00  2.288211e+02 
    0.000   14.405000  0.000000e+00  2.287818e+02 
    0.000   14.508000  0.000000e+00  2.287444e+02 
    0.000   14.610000  0.000000e+00  2.287082e+02 
    0.000   14.713000  0.000000e+00  2.286707e+02 
    0.000   14.816000  0.000000e+00  2.286326e+02 
    0.000   14.919000  0.000000e+00  2.285946e+02 
    0.000   15.022000  0.000000e+00  2.285560e+02 
    0.000   15.125000  0.000000e+00  2.285170e+02 
    0.000   15.228000  0.000000e+00  2.284782e+02 
    0.000   15.331000  0.000000e+00  2.284397e+02 
    0.000   15.434000  0.000000e+00  2.284019e+02 
    0.000   15.536000  0.000000e+00  2.283650e+02 
    0.000   15.639000  0.000000e+00  2.283273e+02 
    0.000   15.742000  0.000000e+00  2.282864e+02 
    0.000   15.845000  0.000000e+00  2.282430e+02 
    0.000   15.948000  0.000000e+00  2.281982e+02 
    0.000   16.051001  0.000000e+00  2.281513e+02 
    0.000   16.153999  0.000000e+00  2.281025e+02 
    0.000   16.257000  0.000000e+00  2.280524e+02 
    0.000   16.360001  0.000000e+00  2.280022e+02 
    0.000   16.462000  0.000000e+00  2.279533e+02 
    0.000   16.565001  0.000000e+00  2.279046e+02 
    0.000   16.667999  0.000000e+00  2.278562e+02 
    0.000   16.771000  0.000000e+00  2.278107e+02 
    0.000   16.874001  0.000000e+00  2.277676e+02 
    0.000   16.976999  0.000000e+00  2.277260e+02 
    0.000   17.080000  0.000000e+00  2.276866e+02 
    0.000   17.183001  0.000000e+00  2.276500e+02 
    0.000   17.285999  0.000000e+00  2.276154e+02 
    0.000   17.389000  0.000000e+00  2.275824e+02 
    0.000   17.490999  0.000000e+00  2.275505e+02 
    0.000   17.594000  0.000000e+00  2.275189e+02 
    0.000   17.697001  0.000000e+00  2.274880e+02 
    0.000   17.799999  0.000000e+00  2.274573e+02 
    0.000   17.903000  0.000000e+00  2.274263e+02 
    0.000   18.006001  0.000000e+00  2.273952e+02 
    0.000   18.108999  0.000000e+00  2.273643e+02 
    0.000   18.212000  0.000000e+00  2.273334e+02 
    0.000   18.315001  0.000000e+00  2.273026e+02 
    0.000   18.417000  0.000000e+00  2.272721e+02 
    0.000   18.520000  0.000000e+00  2.272416e+02 
    0.000   18.622999  0.000000e+00  2.272114e+02 
    0.000   18.726000  0.000000e+00  2.271816e+02 
    0.000   18.829000  0.000000e+00  2.271521e+02 
    0.000   18.931999  0.000000e+00  2.271225e+02 
    0.000   19.035000  0.000000e+00  2.270926e+02 
    0.000   19.138000  0.000000e+00  2.270625e+02 
    0.000   19.240999  0.000000e+00  2.270323e+02 
    0.000   19.343000  0.000000e+00  2.270023e+02 
    0.000   19.445999  0.000000e+00  2.269720e+02 
    0.000   19.549000  0.000000e+00  2.269417e+02 
    0.000   19.652000  0.000000e+00  2.269115e+02 
    0.000   19.754999  0.000000e+00  2.268823e+02 
    0.000   19.858000  0.000000e+00  2.268543e+02 
    0.000   19.961000  0.000000e+00  2.268272e+02 
    0.000   20.063999  0.000000e+00  2.268006e+02 
    0.000   20.363001  0.000000e+00  2.267289e+02 
    0.000   20.858999  0.000000e+00  2.266205e+02 
    0.000   21.355000  0.000000e+00  2.265212e+02 
    0.000   21.850000  0.000000e+00  2.264336e+02 
    0.000   22.346001  0.000000e+00  2.263445e+02 
    0.000   22.842001  0.000000e+00  2.262560e+02 
    0.000   23.337999  0.000000e+00  2.261812e+02 
    0.000   23.833000  0.000000e+00  2.261243e+02 
    0.000   24.329000  0.000000e+00  2.260819e+02 
    0.000   24.825001  0.000000e+00  2.260527e+02 
    0.000   25.320999  0.000000e+00  2.260399e+02 
    0.000   25.816000  0.000000e+00  2.260385e+02 
    0.000   26.312000  0.000000e+00  2.260485e+02 
    0.000   26.808001  0.000000e+00  2.260669e+02 
    0.000   27.304001  0.000000e+00  2.260874e+02 
    0.000   27.799000  0.000000e+00  2.261082e+02 
    0.000   28.295000  0.000000e+00  2.261322e+02 
    0.000   28.791000  0.000000e+00  2.261624e+02 
    0.000   29.287001  0.000000e+00  2.262038e+02 
    0.000   29.782000  0.000000e+00  2.262544e+02 
    0.000   30.278000  0.000000e+00  2.263110e+02 
    0.000   30.774000  0.000000e+00  2.263663e+02 
    0.000   31.270000  0.000000e+00  2.264195e+02 
    0.000   31.764999  0.000000e+00  2.264705e+02 
    0.000   32.261002  0.000000e+00  2.265233e+02 
    0.000   32.757000  0.000000e+00  2.265793e+02 
    0.000   33.252998  0.000000e+00  2.266405e+02 
    0.000   33.748001  0.000000e+00  2.267056e+02 
    0.000   34.243999  0.000000e+00  2.267733e+02 
    0.000   34.740002  0.000000e+00  2.268388e+02 
    0.000   35.236000  0.000000e+00  2.269008e+02 
    0.000   35.730999  0.000000e+00  2.269578e+02 
    0.000   36.227001  0.000000e+00  2.270106e+02 
    0.000   36.723000  0.000000e+00  2.270594e+02 
    0.000   37.219002  0.000000e+00  2.271050e+02 
    0.000   37.714001  0.000000e+00  2.271493e+02 
    0.000   38.209999  0.000000e+00  2.271930e+02 
    0.000   38.706001  0.000000e+00  2.272372e+02 
    0.000   39.202000  0.000000e+00  2.272822e+02 
    0.000   39.696999  0.000000e+00  2.273296e+02 
    0.000   40.196999  0.000000e+00  2.273808e+02 
    0.000   45.196999  0.000000e+00  2.278322e+02 
    0.000   50.196999  0.000000e+00  2.280540e+02 
    0.000   55.196999  0.000000e+00  2.280546e+02 
    0.000   60.196999  0.000000e+00  2.279858e+02 
    0.000   65.196999  0.000000e+00  2.279336e+02 
