   67.309    0.000000  2.540315e-02  1.330119e+01 
   67.309    0.103000  2.554092e-02  1.346380e+01 
   67.309    0.206000  2.567857e-02  1.363052e+01 
   67.309    0.309000  2.581525e-02  1.379960e+01 
   67.309    0.411000  2.594919e-02  1.396853e+01 
   67.309    0.514000  2.608291e-02  1.414002e+01 
   67.309    0.617000  2.621546e-02  1.431186e+01 
   67.309    0.720000  2.634738e-02  1.448359e+01 
   67.309    0.823000  2.647920e-02  1.465484e+01 
   67.309    0.926000  2.661129e-02  1.482534e+01 
   67.309    1.029000  2.674404e-02  1.499496e+01 
   67.309    1.132000  2.687782e-02  1.516355e+01 
   67.309    1.235000  2.701280e-02  1.533109e+01 
   67.309    1.337000  2.714733e-02  1.549599e+01 
   67.309    1.440000  2.728340e-02  1.566156e+01 
   67.309    1.543000  2.741919e-02  1.582624e+01 
   67.309    1.646000  2.755460e-02  1.598999e+01 
   67.309    1.749000  2.768940e-02  1.615279e+01 
   67.309    1.852000  2.632711e-01  4.734362e+01 
   67.309    1.955000  2.404583e+00  8.188535e+01 
   67.309    2.058000  2.116016e+01  1.255208e+02 
   67.309    2.161000  1.767808e+02  1.811141e+02 
   67.309    2.263000  1.805974e+02  1.817067e+02 
   67.309    2.366000  1.814756e+02  1.815920e+02 
   67.309    2.469000  1.823470e+02  1.815189e+02 
   67.309    2.572000  1.832102e+02  1.814794e+02 
   67.309    2.675000  1.840660e+02  1.814671e+02 
   67.309    2.778000  1.849158e+02  1.814769e+02 
   67.309    2.881000  1.857604e+02  1.815052e+02 
   67.309    2.984000  1.866000e+02  1.815494e+02 
   67.309    3.087000  1.874339e+02  1.816077e+02 
   67.309    3.189000  1.882539e+02  1.816777e+02 
   67.309    3.292000  1.890762e+02  1.817594e+02 
   67.309    3.395000  1.898931e+02  1.818507e+02 
   67.309    3.498000  1.907043e+02  1.819507e+02 
   67.309    3.601000  1.915113e+02  1.820582e+02 
   67.309    3.704000  1.923160e+02  1.821721e+02 
   67.309    3.807000  1.931185e+02  1.822916e+02 
   67.309    3.910000  1.939204e+02  1.824160e+02 
   67.309    4.013000  1.947218e+02  1.825449e+02 
   67.309    4.115000  1.955154e+02  1.826763e+02 
   67.309    4.218000  1.963170e+02  1.828125e+02 
   67.309    4.321000  1.971180e+02  1.829520e+02 
   67.309    4.424000  1.979169e+02  1.830945e+02 
   67.309    4.527000  1.987122e+02  1.832399e+02 
   67.309    4.630000  1.995010e+02  1.833882e+02 
   67.309    4.733000  2.002799e+02  1.835392e+02 
   67.309    4.836000  2.010473e+02  1.836925e+02 
   67.309    4.939000  2.018016e+02  1.838479e+02 
   67.309    5.041000  2.025338e+02  1.840035e+02 
   67.309    5.144000  2.035291e+02  1.842013e+02 
   67.309    5.247000  2.047799e+02  1.844386e+02 
   67.309    5.350000  2.062626e+02  1.847117e+02 
   67.309    5.453000  2.076596e+02  1.849750e+02 
   67.309    5.556000  2.095642e+02  1.853122e+02 
   67.309    5.659000  2.114732e+02  1.856508e+02 
   67.309    5.762000  2.136452e+02  1.860264e+02 
   67.309    5.865000  2.185665e+02  1.867786e+02 
   67.309    5.967000  2.251664e+02  1.877373e+02 
   67.309    6.070000  2.333306e+02  1.888696e+02 
   67.309    6.173000  2.440451e+02  1.902748e+02 
   67.309    6.276000  2.578277e+02  1.919724e+02 
   67.309    6.379000  2.721277e+02  1.936363e+02 
   67.309    6.482000  2.866126e+02  1.952343e+02 
   67.309    6.585000  3.010552e+02  1.967501e+02 
   67.309    6.688000  3.129367e+02  1.979578e+02 
   67.309    6.791000  3.254887e+02  1.991849e+02 
   67.309    6.894000  3.405374e+02  2.005824e+02 
   67.309    6.996000  3.591140e+02  2.022012e+02 
   67.309    7.099000  3.792516e+02  2.038440e+02 
   67.309    7.202000  3.974765e+02  2.052490e+02 
   67.309    7.305000  4.102531e+02  2.062090e+02 
   67.309    7.408000  4.151172e+02  2.066140e+02 
   67.309    7.511000  4.180267e+02  2.068883e+02 
   67.309    7.614000  4.201647e+02  2.071136e+02 
   67.309    7.717000  4.225304e+02  2.073559e+02 
   67.309    7.820000  4.250125e+02  2.076042e+02 
   67.309    7.922000  4.271384e+02  2.078271e+02 
   67.309    8.025000  4.293647e+02  2.080555e+02 
   67.309    8.127999  4.312354e+02  2.082589e+02 
   67.309    8.231000  4.338188e+02  2.085052e+02 
   67.309    8.334000  4.357894e+02  2.087109e+02 
   67.309    8.436999  4.379734e+02  2.089286e+02 
   67.309    8.540000  4.398687e+02  2.091270e+02 
   67.309    8.643000  4.422016e+02  2.093512e+02 
   67.309    8.745999  4.445143e+02  2.095729e+02 
   67.309    8.848000  4.464014e+02  2.097666e+02 
   67.309    8.950999  4.484124e+02  2.099661e+02 
   67.309    9.054000  4.505819e+02  2.101719e+02 
   67.309    9.157000  4.530833e+02  2.103938e+02 
   67.309    9.259999  4.549054e+02  2.105728e+02 
   67.309    9.363000  4.554070e+02  2.106716e+02 
   67.309    9.466000  4.559044e+02  2.107683e+02 
   67.309    9.568999  4.563983e+02  2.108630e+02 
   67.309    9.672000  4.568887e+02  2.109557e+02 
   67.309    9.773999  4.573681e+02  2.110457e+02 
   67.309    9.877000  4.578421e+02  2.111347e+02 
   67.309    9.980000  4.583052e+02  2.112219e+02 
   67.309   10.082999  4.587580e+02  2.113074e+02 
   67.309   10.186000  4.592331e+02  2.113904e+02 
   67.309   10.289000  4.596966e+02  2.114719e+02 
   67.309   10.391999  4.601510e+02  2.115519e+02 
   67.309   10.495000  4.605995e+02  2.116306e+02 
   67.309   10.598000  4.610424e+02  2.117079e+02 
   67.309   10.700000  4.614750e+02  2.117832e+02 
   67.309   10.802999  4.619052e+02  2.118581e+02 
   67.309   10.905999  4.623287e+02  2.119319e+02 
   67.309   11.009000  4.627461e+02  2.120047e+02 
   67.309   11.112000  4.631580e+02  2.120765e+02 
   67.309   11.214999  4.635646e+02  2.121473e+02 
   67.309   11.318000  4.639661e+02  2.122172e+02 
   67.309   11.421000  4.643625e+02  2.122863e+02 
   67.309   11.523999  4.647541e+02  2.123544e+02 
   67.309   11.625999  4.651368e+02  2.124211e+02 
   67.309   11.729000  4.655183e+02  2.124875e+02 
   67.309   11.832000  4.658947e+02  2.125530e+02 
   67.309   11.934999  4.662661e+02  2.126177e+02 
   67.309   12.037999  4.666323e+02  2.126815e+02 
   67.309   12.141000  4.669937e+02  2.127444e+02 
   67.309   12.243999  4.673500e+02  2.128065e+02 
   67.309   12.346999  4.677014e+02  2.128677e+02 
   67.309   12.450000  4.680481e+02  2.129281e+02 
   67.309   12.552999  4.683901e+02  2.129875e+02 
   67.309   12.655000  4.687241e+02  2.130455e+02 
   67.309   12.757999  4.690568e+02  2.131032e+02 
   67.309   12.861000  4.693853e+02  2.131599e+02 
   67.309   12.964000  4.697099e+02  2.132156e+02 
   67.309   13.066999  4.700305e+02  2.132703e+02 
   67.309   13.170000  4.703473e+02  2.133240e+02 
   67.309   13.273000  4.706603e+02  2.133767e+02 
   67.309   13.375999  4.709698e+02  2.134283e+02 
   67.309   13.479000  4.712758e+02  2.134789e+02 
   67.309   13.580999  4.715753e+02  2.135281e+02 
   67.309   13.684000  4.718744e+02  2.135767e+02 
   67.309   13.787000  4.721700e+02  2.136243e+02 
   67.309   13.889999  4.724623e+02  2.136710e+02 
   67.309   13.993000  4.727513e+02  2.137166e+02 
   67.309   14.096000  4.730371e+02  2.137613e+02 
   67.309   14.198999  4.733197e+02  2.138049e+02 
   67.309   14.302000  4.735992e+02  2.138476e+02 
   67.309   14.405000  4.738755e+02  2.138894e+02 
   67.309   14.507000  4.741461e+02  2.139299e+02 
   67.309   14.610000  4.744161e+02  2.139698e+02 
   67.309   14.712999  4.746830e+02  2.140090e+02 
   67.309   14.816000  4.749467e+02  2.140474e+02 
   67.309   14.919000  4.752073e+02  2.140851e+02 
   67.309   15.021999  4.754646e+02  2.141220e+02 
   67.309   15.125000  4.757189e+02  2.141583e+02 
   67.309   15.228000  4.759700e+02  2.141939e+02 
   67.309   15.330999  4.762180e+02  2.142289e+02 
   67.309   15.433000  4.764606e+02  2.142629e+02 
   67.309   15.535999  4.767026e+02  2.142966e+02 
   67.309   15.639000  4.769416e+02  2.143296e+02 
   67.309   15.742000  4.771776e+02  2.143620e+02 
   67.309   15.844999  4.774108e+02  2.143938e+02 
   67.309   15.947999  4.776413e+02  2.144248e+02 
   67.309   16.051001  4.778692e+02  2.144552e+02 
   67.309   16.154001  4.780946e+02  2.144850e+02 
   67.309   16.257000  4.783176e+02  2.145142e+02 
   67.309   16.359001  4.785360e+02  2.145424e+02 
   67.309   16.462000  4.787544e+02  2.145702e+02 
   67.309   16.565001  4.789705e+02  2.145975e+02 
   67.309   16.668001  4.791844e+02  2.146241e+02 
   67.309   16.771000  4.793962e+02  2.146500e+02 
   67.309   16.874001  4.796062e+02  2.146752e+02 
   67.309   16.977001  4.798142e+02  2.146997e+02 
   67.309   17.080000  4.800205e+02  2.147234e+02 
   67.309   17.183001  4.802254e+02  2.147462e+02 
   67.309   17.285000  4.804269e+02  2.147680e+02 
   67.309   17.388000  4.806289e+02  2.147891e+02 
   67.309   17.491001  4.808297e+02  2.148094e+02 
   67.309   17.594000  4.810295e+02  2.148287e+02 
   67.309   17.697001  4.812280e+02  2.148471e+02 
   67.309   17.800001  4.814253e+02  2.148646e+02 
   67.309   17.903000  4.816210e+02  2.148814e+02 
   67.309   18.006001  4.818154e+02  2.148975e+02 
   67.309   18.109001  4.820082e+02  2.149129e+02 
   67.309   18.212000  4.821993e+02  2.149277e+02 
   67.309   18.314001  4.823869e+02  2.149419e+02 
   67.309   18.417000  4.825746e+02  2.149556e+02 
   67.309   18.520000  4.827607e+02  2.149687e+02 
   67.309   18.623001  4.829452e+02  2.149812e+02 
   67.309   18.726000  4.831283e+02  2.149932e+02 
   67.309   18.829000  4.833098e+02  2.150045e+02 
   67.309   18.932001  4.834899e+02  2.150154e+02 
   67.309   19.035000  4.836686e+02  2.150256e+02 
   67.309   19.138000  4.838462e+02  2.150352e+02 
   67.309   19.240000  4.840206e+02  2.150442e+02 
   67.309   19.343000  4.841954e+02  2.150528e+02 
   67.309   19.446001  4.843689e+02  2.150609e+02 
   67.309   19.549000  4.845410e+02  2.150685e+02 
   67.309   19.652000  4.847119e+02  2.150756e+02 
   67.309   19.755001  4.848813e+02  2.150823e+02 
   67.309   19.858000  4.850495e+02  2.150885e+02 
   67.309   19.961000  4.852164e+02  2.150943e+02 
   67.309   20.064001  4.853824e+02  2.150995e+02 
   67.309   20.363001  4.858592e+02  2.151113e+02 
   67.309   20.859001  4.866274e+02  2.151230e+02 
   67.309   21.354000  4.873660e+02  2.151257e+02 
   67.309   21.850000  4.880789e+02  2.151203e+02 
   67.309   22.346001  4.887589e+02  2.151104e+02 
   67.309   22.842001  4.893997e+02  2.151001e+02 
   67.309   23.337000  4.899966e+02  2.150917e+02 
   67.309   23.833000  4.905540e+02  2.150850e+02 
   67.309   24.329000  4.910771e+02  2.150781e+02 
   67.309   24.825001  4.915690e+02  2.150701e+02 
   67.309   25.320000  4.920285e+02  2.150620e+02 
   67.309   25.816000  4.924581e+02  2.150545e+02 
   67.309   26.312000  4.928593e+02  2.150473e+02 
   67.309   26.808001  4.932350e+02  2.150397e+02 
   67.309   27.303001  4.935861e+02  2.150319e+02 
   67.309   27.799000  4.939145e+02  2.150240e+02 
   67.309   28.295000  4.942208e+02  2.150161e+02 
   67.309   28.791000  4.945082e+02  2.150078e+02 
   67.309   29.286001  4.947791e+02  2.149988e+02 
   67.309   29.782001  4.950370e+02  2.149890e+02 
   67.309   30.278000  4.952830e+02  2.149783e+02 
   67.309   30.774000  4.955189e+02  2.149669e+02 
   67.309   31.269001  4.957459e+02  2.149548e+02 
   67.309   31.765001  4.959665e+02  2.149420e+02 
   67.309   32.261002  4.961826e+02  2.149288e+02 
   67.309   32.757000  4.963958e+02  2.149154e+02 
   67.309   33.251999  4.966073e+02  2.149020e+02 
   67.309   33.748001  4.968196e+02  2.148888e+02 
   67.309   34.243999  4.970336e+02  2.148761e+02 
   67.309   34.740002  4.972509e+02  2.148640e+02 
   67.309   35.235001  4.974719e+02  2.148526e+02 
   67.309   35.730999  4.976988e+02  2.148419e+02 
   67.309   36.227001  4.979316e+02  2.148319e+02 
   67.309   36.723000  4.981703e+02  2.148225e+02 
   67.309   37.218002  4.984137e+02  2.148138e+02 
   67.309   37.714001  4.986618e+02  2.148057e+02 
   67.309   38.209999  4.989125e+02  2.147981e+02 
   67.309   38.706001  4.991638e+02  2.147912e+02 
   67.309   39.201000  4.994135e+02  2.147850e+02 
   67.309   39.697002  4.996603e+02  2.147794e+02 
   67.309   40.197002  4.999005e+02  2.147755e+02 
   67.309   45.197002  5.017803e+02  2.147678e+02 
   67.309   50.197002  5.024899e+02  2.147753e+02 
   67.309   55.197002  5.027411e+02  2.147833e+02 
   67.309   60.197002  5.035107e+02  2.147890e+02 
   67.309   65.196999  5.047514e+02  2.147928e+02 
