    0.000    0.000000  0.000000e+00  3.533850e+02 
    0.000    0.103000  0.000000e+00  3.524353e+02 
    0.000    0.205000  0.000000e+00  3.511660e+02 
    0.000    0.308000  0.000000e+00  3.497336e+02 
    0.000    0.411000  0.000000e+00  3.482272e+02 
    0.000    0.514000  0.000000e+00  3.419228e+02 
    0.000    0.617000  0.000000e+00  3.367543e+02 
    0.000    0.720000  0.000000e+00  3.326599e+02 
    0.000    0.823000  0.000000e+00  3.290043e+02 
    0.000    0.926000  0.000000e+00  3.255657e+02 
    0.000    1.029000  0.000000e+00  3.224451e+02 
    0.000    1.131000  0.000000e+00  3.193538e+02 
    0.000    1.234000  0.000000e+00  3.165286e+02 
    0.000    1.337000  0.000000e+00  3.139190e+02 
    0.000    1.440000  0.000000e+00  3.115165e+02 
    0.000    1.543000  0.000000e+00  3.092598e+02 
    0.000    1.646000  0.000000e+00  3.067877e+02 
    0.000    1.749000  0.000000e+00  3.042519e+02 
    0.000    1.852000  0.000000e+00  3.026057e+02 
    0.000    1.955000  0.000000e+00  3.002440e+02 
    0.000    2.057000  0.000000e+00  2.981884e+02 
    0.000    2.160000  0.000000e+00  2.960745e+02 
    0.000    2.263000  0.000000e+00  2.940677e+02 
    0.000    2.366000  0.000000e+00  2.921856e+02 
    0.000    2.469000  0.000000e+00  2.904637e+02 
    0.000    2.572000  0.000000e+00  2.888555e+02 
    0.000    2.675000  0.000000e+00  2.873355e+02 
    0.000    2.778000  0.000000e+00  2.859235e+02 
    0.000    2.881000  0.000000e+00  2.846173e+02 
    0.000    2.983000  0.000000e+00  2.833950e+02 
    0.000    3.086000  0.000000e+00  2.822215e+02 
    0.000    3.189000  0.000000e+00  2.810795e+02 
    0.000    3.292000  0.000000e+00  2.799395e+02 
    0.000    3.395000  0.000000e+00  2.787802e+02 
    0.000    3.498000  0.000000e+00  2.775967e+02 
    0.000    3.601000  0.000000e+00  2.763848e+02 
    0.000    3.704000  0.000000e+00  2.751414e+02 
    0.000    3.807000  0.000000e+00  2.738628e+02 
    0.000    3.909000  0.000000e+00  2.725067e+02 
    0.000    4.012000  0.000000e+00  2.710286e+02 
    0.000    4.115000  0.000000e+00  2.693953e+02 
    0.000    4.218000  0.000000e+00  2.675009e+02 
    0.000    4.321000  0.000000e+00  2.652570e+02 
    0.000    4.424000  0.000000e+00  2.627083e+02 
    0.000    4.527000  0.000000e+00  2.599326e+02 
    0.000    4.630000  0.000000e+00  2.573048e+02 
    0.000    4.733000  0.000000e+00  2.546292e+02 
    0.000    4.835000  0.000000e+00  2.520415e+02 
    0.000    4.938000  0.000000e+00  2.493259e+02 
    0.000    5.041000  0.000000e+00  2.464478e+02 
    0.000    5.144000  0.000000e+00  2.430965e+02 
    0.000    5.247000  0.000000e+00  2.391966e+02 
    0.000    5.350000  0.000000e+00  2.353079e+02 
    0.000    5.453000  0.000000e+00  2.314922e+02 
    0.000    5.556000  0.000000e+00  2.273466e+02 
    0.000    5.659000  0.000000e+00  2.234517e+02 
    0.000    5.761000  0.000000e+00  2.202808e+02 
    0.000    5.864000  0.000000e+00  2.176246e+02 
    0.000    5.967000  0.000000e+00  2.150396e+02 
    0.000    6.070000  0.000000e+00  2.128216e+02 
    0.000    6.173000  0.000000e+00  2.108800e+02 
    0.000    6.276000  0.000000e+00  2.090479e+02 
    0.000    6.379000  0.000000e+00  2.074709e+02 
    0.000    6.482000  0.000000e+00  2.062161e+02 
    0.000    6.585000  0.000000e+00  2.052063e+02 
    0.000    6.688000  0.000000e+00  2.042657e+02 
    0.000    6.790000  0.000000e+00  2.032929e+02 
    0.000    6.893000  0.000000e+00  2.026344e+02 
    0.000    6.996000  0.000000e+00  2.019933e+02 
    0.000    7.099000  0.000000e+00  2.013691e+02 
    0.000    7.202000  0.000000e+00  2.008659e+02 
    0.000    7.305000  0.000000e+00  2.004884e+02 
    0.000    7.408000  0.000000e+00  1.998511e+02 
    0.000    7.511000  0.000000e+00  1.994521e+02 
    0.000    7.614000  0.000000e+00  1.992481e+02 
    0.000    7.716000  0.000000e+00  1.989205e+02 
    0.000    7.819000  0.000000e+00  1.986042e+02 
    0.000    7.922000  0.000000e+00  1.984304e+02 
    0.000    8.025000  0.000000e+00  1.982218e+02 
    0.000    8.128000  0.000000e+00  1.980504e+02 
    0.000    8.231000  0.000000e+00  1.978466e+02 
    0.000    8.334000  0.000000e+00  1.977507e+02 
    0.000    8.437000  0.000000e+00  1.975392e+02 
    0.000    8.540000  0.000000e+00  1.973093e+02 
    0.000    8.642000  0.000000e+00  1.972782e+02 
    0.000    8.745000  0.000000e+00  1.972291e+02 
    0.000    8.848000  0.000000e+00  1.971705e+02 
    0.000    8.951000  0.000000e+00  1.971062e+02 
    0.000    9.054000  0.000000e+00  1.970378e+02 
    0.000    9.157000  0.000000e+00  1.969675e+02 
    0.000    9.260000  0.000000e+00  1.969042e+02 
    0.000    9.363000  0.000000e+00  1.968456e+02 
    0.000    9.466000  0.000000e+00  1.967912e+02 
    0.000    9.568000  0.000000e+00  1.967487e+02 
    0.000    9.671000  0.000000e+00  1.967141e+02 
    0.000    9.774000  0.000000e+00  1.966888e+02 
    0.000    9.877000  0.000000e+00  1.966825e+02 
    0.000    9.980000  0.000000e+00  1.966896e+02 
    0.000   10.083000  0.000000e+00  1.967006e+02 
    0.000   10.186000  0.000000e+00  1.967058e+02 
    0.000   10.289000  0.000000e+00  1.967073e+02 
    0.000   10.392000  0.000000e+00  1.967053e+02 
    0.000   10.493999  0.000000e+00  1.966956e+02 
    0.000   10.597000  0.000000e+00  1.966809e+02 
    0.000   10.700000  0.000000e+00  1.966637e+02 
    0.000   10.802999  0.000000e+00  1.966445e+02 
    0.000   10.906000  0.000000e+00  1.966242e+02 
    0.000   11.009000  0.000000e+00  1.966007e+02 
    0.000   11.112000  0.000000e+00  1.965678e+02 
    0.000   11.215000  0.000000e+00  1.965282e+02 
    0.000   11.318000  0.000000e+00  1.964846e+02 
    0.000   11.420000  0.000000e+00  1.964373e+02 
    0.000   11.523000  0.000000e+00  1.963865e+02 
    0.000   11.625999  0.000000e+00  1.963340e+02 
    0.000   11.729000  0.000000e+00  1.962821e+02 
    0.000   11.832000  0.000000e+00  1.962306e+02 
    0.000   11.934999  0.000000e+00  1.961790e+02 
    0.000   12.038000  0.000000e+00  1.961273e+02 
    0.000   12.141000  0.000000e+00  1.960755e+02 
    0.000   12.243999  0.000000e+00  1.960236e+02 
    0.000   12.347000  0.000000e+00  1.959709e+02 
    0.000   12.449000  0.000000e+00  1.959180e+02 
    0.000   12.552000  0.000000e+00  1.958641e+02 
    0.000   12.655000  0.000000e+00  1.958110e+02 
    0.000   12.757999  0.000000e+00  1.957589e+02 
    0.000   12.861000  0.000000e+00  1.957075e+02 
    0.000   12.964000  0.000000e+00  1.956575e+02 
    0.000   13.066999  0.000000e+00  1.956097e+02 
    0.000   13.170000  0.000000e+00  1.955636e+02 
    0.000   13.273000  0.000000e+00  1.955189e+02 
    0.000   13.375000  0.000000e+00  1.954763e+02 
    0.000   13.478000  0.000000e+00  1.954346e+02 
    0.000   13.581000  0.000000e+00  1.953940e+02 
    0.000   13.684000  0.000000e+00  1.953545e+02 
    0.000   13.787000  0.000000e+00  1.953161e+02 
    0.000   13.890000  0.000000e+00  1.952786e+02 
    0.000   13.993000  0.000000e+00  1.952427e+02 
    0.000   14.096000  0.000000e+00  1.952086e+02 
    0.000   14.199000  0.000000e+00  1.951756e+02 
    0.000   14.301000  0.000000e+00  1.951446e+02 
    0.000   14.404000  0.000000e+00  1.951153e+02 
    0.000   14.507000  0.000000e+00  1.950876e+02 
    0.000   14.610000  0.000000e+00  1.950605e+02 
    0.000   14.713000  0.000000e+00  1.950327e+02 
    0.000   14.816000  0.000000e+00  1.950047e+02 
    0.000   14.919000  0.000000e+00  1.949767e+02 
    0.000   15.022000  0.000000e+00  1.949482e+02 
    0.000   15.125000  0.000000e+00  1.949194e+02 
    0.000   15.227000  0.000000e+00  1.948908e+02 
    0.000   15.330000  0.000000e+00  1.948630e+02 
    0.000   15.433000  0.000000e+00  1.948371e+02 
    0.000   15.536000  0.000000e+00  1.948124e+02 
    0.000   15.639000  0.000000e+00  1.947880e+02 
    0.000   15.742000  0.000000e+00  1.947614e+02 
    0.000   15.845000  0.000000e+00  1.947329e+02 
    0.000   15.947999  0.000000e+00  1.947035e+02 
    0.000   16.051001  0.000000e+00  1.946705e+02 
    0.000   16.153002  0.000000e+00  1.946340e+02 
    0.000   16.256001  0.000000e+00  1.945947e+02 
    0.000   16.359001  0.000000e+00  1.945541e+02 
    0.000   16.462000  0.000000e+00  1.945131e+02 
    0.000   16.565001  0.000000e+00  1.944717e+02 
    0.000   16.668001  0.000000e+00  1.944300e+02 
    0.000   16.771000  0.000000e+00  1.943902e+02 
    0.000   16.874001  0.000000e+00  1.943524e+02 
    0.000   16.977001  0.000000e+00  1.943156e+02 
    0.000   17.080000  0.000000e+00  1.942807e+02 
    0.000   17.182001  0.000000e+00  1.942489e+02 
    0.000   17.285002  0.000000e+00  1.942190e+02 
    0.000   17.388000  0.000000e+00  1.941906e+02 
    0.000   17.491001  0.000000e+00  1.941639e+02 
    0.000   17.594002  0.000000e+00  1.941388e+02 
    0.000   17.697001  0.000000e+00  1.941147e+02 
    0.000   17.800001  0.000000e+00  1.940914e+02 
    0.000   17.903002  0.000000e+00  1.940682e+02 
    0.000   18.006001  0.000000e+00  1.940453e+02 
    0.000   18.108002  0.000000e+00  1.940230e+02 
    0.000   18.211000  0.000000e+00  1.940002e+02 
    0.000   18.314001  0.000000e+00  1.939771e+02 
    0.000   18.417002  0.000000e+00  1.939539e+02 
    0.000   18.520000  0.000000e+00  1.939309e+02 
    0.000   18.623001  0.000000e+00  1.939082e+02 
    0.000   18.726002  0.000000e+00  1.938859e+02 
    0.000   18.829000  0.000000e+00  1.938639e+02 
    0.000   18.932001  0.000000e+00  1.938418e+02 
    0.000   19.034000  0.000000e+00  1.938195e+02 
    0.000   19.137001  0.000000e+00  1.937967e+02 
    0.000   19.240002  0.000000e+00  1.937739e+02 
    0.000   19.343000  0.000000e+00  1.937506e+02 
    0.000   19.446001  0.000000e+00  1.937269e+02 
    0.000   19.549002  0.000000e+00  1.937029e+02 
    0.000   19.652000  0.000000e+00  1.936788e+02 
    0.000   19.755001  0.000000e+00  1.936551e+02 
    0.000   19.858002  0.000000e+00  1.936319e+02 
    0.000   19.960001  0.000000e+00  1.936093e+02 
    0.000   20.063002  0.000000e+00  1.935866e+02 
    0.000   20.363001  0.000000e+00  1.935263e+02 
    0.000   20.858002  0.000000e+00  1.934404e+02 
    0.000   21.354000  0.000000e+00  1.933644e+02 
    0.000   21.850000  0.000000e+00  1.932986e+02 
    0.000   22.346001  0.000000e+00  1.932300e+02 
    0.000   22.841002  0.000000e+00  1.931582e+02 
    0.000   23.337000  0.000000e+00  1.930942e+02 
    0.000   23.833000  0.000000e+00  1.930471e+02 
    0.000   24.329000  0.000000e+00  1.930185e+02 
    0.000   24.824001  0.000000e+00  1.930004e+02 
    0.000   25.320002  0.000000e+00  1.929952e+02 
    0.000   25.816000  0.000000e+00  1.930035e+02 
    0.000   26.312000  0.000000e+00  1.930191e+02 
    0.000   26.807001  0.000000e+00  1.930410e+02 
    0.000   27.303001  0.000000e+00  1.930656e+02 
    0.000   27.799002  0.000000e+00  1.930912e+02 
    0.000   28.295000  0.000000e+00  1.931204e+02 
    0.000   28.790001  0.000000e+00  1.931566e+02 
    0.000   29.286001  0.000000e+00  1.932017e+02 
    0.000   29.782001  0.000000e+00  1.932539e+02 
    0.000   30.278002  0.000000e+00  1.933110e+02 
    0.000   30.773001  0.000000e+00  1.933684e+02 
    0.000   31.269001  0.000000e+00  1.934255e+02 
    0.000   31.765001  0.000000e+00  1.934820e+02 
    0.000   32.260998  0.000000e+00  1.935392e+02 
    0.000   32.756001  0.000000e+00  1.935975e+02 
    0.000   33.251999  0.000000e+00  1.936588e+02 
    0.000   33.747997  0.000000e+00  1.937231e+02 
    0.000   34.243999  0.000000e+00  1.937902e+02 
    0.000   34.738998  0.000000e+00  1.938559e+02 
    0.000   35.235001  0.000000e+00  1.939190e+02 
    0.000   35.730999  0.000000e+00  1.939780e+02 
    0.000   36.226997  0.000000e+00  1.940334e+02 
    0.000   36.723000  0.000000e+00  1.940848e+02 
    0.000   37.217999  0.000000e+00  1.941326e+02 
    0.000   37.714001  0.000000e+00  1.941777e+02 
    0.000   38.209999  0.000000e+00  1.942206e+02 
    0.000   38.705997  0.000000e+00  1.942638e+02 
    0.000   39.201000  0.000000e+00  1.943078e+02 
    0.000   39.696999  0.000000e+00  1.943546e+02 
    0.000   40.196999  0.000000e+00  1.944059e+02 
    0.000   45.196999  0.000000e+00  1.948583e+02 
    0.000   50.196999  0.000000e+00  1.950827e+02 
    0.000   55.196999  0.000000e+00  1.950814e+02 
    0.000   60.196999  0.000000e+00  1.950128e+02 
    0.000   65.197006  0.000000e+00  1.949607e+02 
