    0.000    0.000000  0.000000e+00  3.496176e+02 
    0.000    0.103000  0.000000e+00  3.488730e+02 
    0.000    0.206000  0.000000e+00  3.473165e+02 
    0.000    0.309000  0.000000e+00  3.457679e+02 
    0.000    0.412000  0.000000e+00  3.441208e+02 
    0.000    0.514000  0.000000e+00  3.426169e+02 
    0.000    0.617000  0.000000e+00  3.410980e+02 
    0.000    0.720000  0.000000e+00  3.396068e+02 
    0.000    0.823000  0.000000e+00  3.381729e+02 
    0.000    0.926000  0.000000e+00  3.366659e+02 
    0.000    1.029000  0.000000e+00  3.350951e+02 
    0.000    1.132000  0.000000e+00  3.336346e+02 
    0.000    1.235000  0.000000e+00  3.320762e+02 
    0.000    1.338000  0.000000e+00  3.305456e+02 
    0.000    1.440000  0.000000e+00  3.289980e+02 
    0.000    1.543000  0.000000e+00  3.273591e+02 
    0.000    1.646000  0.000000e+00  3.259286e+02 
    0.000    1.749000  0.000000e+00  3.245081e+02 
    0.000    1.852000  0.000000e+00  3.229125e+02 
    0.000    1.955000  0.000000e+00  3.202871e+02 
    0.000    2.058000  0.000000e+00  3.130109e+02 
    0.000    2.161000  0.000000e+00  3.117792e+02 
    0.000    2.264000  0.000000e+00  3.105258e+02 
    0.000    2.366000  0.000000e+00  3.093000e+02 
    0.000    2.469000  0.000000e+00  3.080467e+02 
    0.000    2.572000  0.000000e+00  3.067564e+02 
    0.000    2.675000  0.000000e+00  3.054312e+02 
    0.000    2.778000  0.000000e+00  3.040693e+02 
    0.000    2.881000  0.000000e+00  3.026992e+02 
    0.000    2.984000  0.000000e+00  3.013372e+02 
    0.000    3.087000  0.000000e+00  2.999845e+02 
    0.000    3.190000  0.000000e+00  2.986370e+02 
    0.000    3.292000  0.000000e+00  2.973084e+02 
    0.000    3.395000  0.000000e+00  2.959846e+02 
    0.000    3.498000  0.000000e+00  2.946783e+02 
    0.000    3.601000  0.000000e+00  2.933953e+02 
    0.000    3.704000  0.000000e+00  2.921396e+02 
    0.000    3.807000  0.000000e+00  2.909041e+02 
    0.000    3.910000  0.000000e+00  2.896644e+02 
    0.000    4.013000  0.000000e+00  2.884310e+02 
    0.000    4.116000  0.000000e+00  2.872068e+02 
    0.000    4.218000  0.000000e+00  2.860009e+02 
    0.000    4.321000  0.000000e+00  2.848022e+02 
    0.000    4.424000  0.000000e+00  2.836051e+02 
    0.000    4.527000  0.000000e+00  2.824177e+02 
    0.000    4.630000  0.000000e+00  2.812422e+02 
    0.000    4.733000  0.000000e+00  2.800690e+02 
    0.000    4.836000  0.000000e+00  2.789085e+02 
    0.000    4.939000  0.000000e+00  2.777603e+02 
    0.000    5.042000  0.000000e+00  2.766231e+02 
    0.000    5.144000  0.000000e+00  2.755104e+02 
    0.000    5.247000  0.000000e+00  2.744001e+02 
    0.000    5.350000  0.000000e+00  2.733051e+02 
    0.000    5.453000  0.000000e+00  2.722287e+02 
    0.000    5.556000  0.000000e+00  2.711671e+02 
    0.000    5.659000  0.000000e+00  2.701237e+02 
    0.000    5.762000  0.000000e+00  2.690984e+02 
    0.000    5.865000  0.000000e+00  2.680893e+02 
    0.000    5.968000  0.000000e+00  2.670987e+02 
    0.000    6.071000  0.000000e+00  2.661277e+02 
    0.000    6.173000  0.000000e+00  2.651823e+02 
    0.000    6.276000  0.000000e+00  2.642462e+02 
    0.000    6.379000  0.000000e+00  2.633375e+02 
    0.000    6.482000  0.000000e+00  2.624510e+02 
    0.000    6.585000  0.000000e+00  2.615898e+02 
    0.000    6.688000  0.000000e+00  2.607734e+02 
    0.000    6.791000  0.000000e+00  2.599913e+02 
    0.000    6.894000  0.000000e+00  2.592642e+02 
    0.000    6.997000  0.000000e+00  2.586095e+02 
    0.000    7.099000  0.000000e+00  2.580128e+02 
    0.000    7.202000  0.000000e+00  2.575242e+02 
    0.000    7.305000  0.000000e+00  2.571438e+02 
    0.000    7.408000  0.000000e+00  2.568302e+02 
    0.000    7.511000  0.000000e+00  2.566302e+02 
    0.000    7.614000  0.000000e+00  2.565064e+02 
    0.000    7.717000  0.000000e+00  2.564189e+02 
    0.000    7.820000  0.000000e+00  2.563426e+02 
    0.000    7.923000  0.000000e+00  2.562766e+02 
    0.000    8.025001  0.000000e+00  2.561974e+02 
    0.000    8.128000  0.000000e+00  2.560782e+02 
    0.000    8.231000  0.000000e+00  2.559361e+02 
    0.000    8.334001  0.000000e+00  2.557769e+02 
    0.000    8.437000  0.000000e+00  2.556033e+02 
    0.000    8.540000  0.000000e+00  2.554218e+02 
    0.000    8.643001  0.000000e+00  2.552399e+02 
    0.000    8.746000  0.000000e+00  2.550586e+02 
    0.000    8.849000  0.000000e+00  2.548771e+02 
    0.000    8.951000  0.000000e+00  2.547065e+02 
    0.000    9.054000  0.000000e+00  2.545411e+02 
    0.000    9.157001  0.000000e+00  2.543815e+02 
    0.000    9.260000  0.000000e+00  2.542482e+02 
    0.000    9.363000  0.000000e+00  2.541342e+02 
    0.000    9.466001  0.000000e+00  2.540319e+02 
    0.000    9.569000  0.000000e+00  2.539424e+02 
    0.000    9.672000  0.000000e+00  2.538628e+02 
    0.000    9.775001  0.000000e+00  2.537904e+02 
    0.000    9.877000  0.000000e+00  2.537236e+02 
    0.000    9.980000  0.000000e+00  2.536606e+02 
    0.000   10.083000  0.000000e+00  2.535984e+02 
    0.000   10.186000  0.000000e+00  2.535302e+02 
    0.000   10.289001  0.000000e+00  2.534586e+02 
    0.000   10.392000  0.000000e+00  2.533904e+02 
    0.000   10.495000  0.000000e+00  2.533336e+02 
    0.000   10.598001  0.000000e+00  2.532855e+02 
    0.000   10.701000  0.000000e+00  2.532381e+02 
    0.000   10.803000  0.000000e+00  2.531796e+02 
    0.000   10.906000  0.000000e+00  2.531128e+02 
    0.000   11.009000  0.000000e+00  2.530412e+02 
    0.000   11.112000  0.000000e+00  2.529599e+02 
    0.000   11.215000  0.000000e+00  2.528720e+02 
    0.000   11.318000  0.000000e+00  2.527805e+02 
    0.000   11.421000  0.000000e+00  2.526835e+02 
    0.000   11.524000  0.000000e+00  2.525828e+02 
    0.000   11.627000  0.000000e+00  2.524801e+02 
    0.000   11.730000  0.000000e+00  2.523757e+02 
    0.000   11.832000  0.000000e+00  2.522711e+02 
    0.000   11.935000  0.000000e+00  2.521651e+02 
    0.000   12.038000  0.000000e+00  2.520628e+02 
    0.000   12.141000  0.000000e+00  2.519638e+02 
    0.000   12.244000  0.000000e+00  2.518668e+02 
    0.000   12.347000  0.000000e+00  2.517754e+02 
    0.000   12.450000  0.000000e+00  2.516893e+02 
    0.000   12.553000  0.000000e+00  2.516068e+02 
    0.000   12.656000  0.000000e+00  2.515278e+02 
    0.000   12.758000  0.000000e+00  2.514527e+02 
    0.000   12.861000  0.000000e+00  2.513795e+02 
    0.000   12.964000  0.000000e+00  2.513083e+02 
    0.000   13.067000  0.000000e+00  2.512388e+02 
    0.000   13.170000  0.000000e+00  2.511708e+02 
    0.000   13.273000  0.000000e+00  2.511039e+02 
    0.000   13.376000  0.000000e+00  2.510369e+02 
    0.000   13.479000  0.000000e+00  2.509700e+02 
    0.000   13.582000  0.000000e+00  2.509037e+02 
    0.000   13.684000  0.000000e+00  2.508384e+02 
    0.000   13.787000  0.000000e+00  2.507729e+02 
    0.000   13.890000  0.000000e+00  2.507080e+02 
    0.000   13.993000  0.000000e+00  2.506454e+02 
    0.000   14.096000  0.000000e+00  2.505851e+02 
    0.000   14.199000  0.000000e+00  2.505264e+02 
    0.000   14.302000  0.000000e+00  2.504700e+02 
    0.000   14.405000  0.000000e+00  2.504160e+02 
    0.000   14.508000  0.000000e+00  2.503641e+02 
    0.000   14.610001  0.000000e+00  2.503138e+02 
    0.000   14.713000  0.000000e+00  2.502628e+02 
    0.000   14.816000  0.000000e+00  2.502118e+02 
    0.000   14.919000  0.000000e+00  2.501614e+02 
    0.000   15.022000  0.000000e+00  2.501115e+02 
    0.000   15.125000  0.000000e+00  2.500623e+02 
    0.000   15.228000  0.000000e+00  2.500138e+02 
    0.000   15.331000  0.000000e+00  2.499650e+02 
    0.000   15.434000  0.000000e+00  2.499152e+02 
    0.000   15.536000  0.000000e+00  2.498654e+02 
    0.000   15.639000  0.000000e+00  2.498151e+02 
    0.000   15.742001  0.000000e+00  2.497654e+02 
    0.000   15.845000  0.000000e+00  2.497160e+02 
    0.000   15.948001  0.000000e+00  2.496672e+02 
    0.000   16.050999  0.000000e+00  2.496212e+02 
    0.000   16.153999  0.000000e+00  2.495784e+02 
    0.000   16.257000  0.000000e+00  2.495379e+02 
    0.000   16.359999  0.000000e+00  2.494980e+02 
    0.000   16.462000  0.000000e+00  2.494567e+02 
    0.000   16.564999  0.000000e+00  2.494138e+02 
    0.000   16.667999  0.000000e+00  2.493706e+02 
    0.000   16.771000  0.000000e+00  2.493262e+02 
    0.000   16.873999  0.000000e+00  2.492807e+02 
    0.000   16.976999  0.000000e+00  2.492347e+02 
    0.000   17.080000  0.000000e+00  2.491884e+02 
    0.000   17.182999  0.000000e+00  2.491422e+02 
    0.000   17.285999  0.000000e+00  2.490960e+02 
    0.000   17.389000  0.000000e+00  2.490498e+02 
    0.000   17.490999  0.000000e+00  2.490042e+02 
    0.000   17.594000  0.000000e+00  2.489584e+02 
    0.000   17.696999  0.000000e+00  2.489128e+02 
    0.000   17.799999  0.000000e+00  2.488675e+02 
    0.000   17.903000  0.000000e+00  2.488231e+02 
    0.000   18.005999  0.000000e+00  2.487794e+02 
    0.000   18.108999  0.000000e+00  2.487363e+02 
    0.000   18.212000  0.000000e+00  2.486949e+02 
    0.000   18.314999  0.000000e+00  2.486555e+02 
    0.000   18.417000  0.000000e+00  2.486179e+02 
    0.000   18.519999  0.000000e+00  2.485811e+02 
    0.000   18.622999  0.000000e+00  2.485458e+02 
    0.000   18.726000  0.000000e+00  2.485117e+02 
    0.000   18.828999  0.000000e+00  2.484786e+02 
    0.000   18.931999  0.000000e+00  2.484464e+02 
    0.000   19.035000  0.000000e+00  2.484150e+02 
    0.000   19.137999  0.000000e+00  2.483843e+02 
    0.000   19.240999  0.000000e+00  2.483542e+02 
    0.000   19.342999  0.000000e+00  2.483246e+02 
    0.000   19.445999  0.000000e+00  2.482944e+02 
    0.000   19.549000  0.000000e+00  2.482643e+02 
    0.000   19.651999  0.000000e+00  2.482343e+02 
    0.000   19.754999  0.000000e+00  2.482034e+02 
    0.000   19.858000  0.000000e+00  2.481712e+02 
    0.000   19.960999  0.000000e+00  2.481384e+02 
    0.000   20.063999  0.000000e+00  2.481051e+02 
    0.000   20.362999  0.000000e+00  2.480077e+02 
    0.000   20.858999  0.000000e+00  2.478585e+02 
    0.000   21.355000  0.000000e+00  2.477359e+02 
    0.000   21.849998  0.000000e+00  2.476328e+02 
    0.000   22.345999  0.000000e+00  2.475366e+02 
    0.000   22.841999  0.000000e+00  2.474413e+02 
    0.000   23.337999  0.000000e+00  2.473467e+02 
    0.000   23.832998  0.000000e+00  2.472655e+02 
    0.000   24.328999  0.000000e+00  2.472119e+02 
    0.000   24.824999  0.000000e+00  2.471852e+02 
    0.000   25.320999  0.000000e+00  2.471771e+02 
    0.000   25.816000  0.000000e+00  2.471671e+02 
    0.000   26.311998  0.000000e+00  2.471558e+02 
    0.000   26.807999  0.000000e+00  2.471561e+02 
    0.000   27.303999  0.000000e+00  2.471672e+02 
    0.000   27.799000  0.000000e+00  2.471866e+02 
    0.000   28.295000  0.000000e+00  2.472152e+02 
    0.000   28.790998  0.000000e+00  2.472511e+02 
    0.000   29.286999  0.000000e+00  2.472893e+02 
    0.000   29.782000  0.000000e+00  2.473320e+02 
    0.000   30.278000  0.000000e+00  2.473823e+02 
    0.000   30.773998  0.000000e+00  2.474379e+02 
    0.000   31.269999  0.000000e+00  2.474951e+02 
    0.000   31.764999  0.000000e+00  2.475511e+02 
    0.000   32.261002  0.000000e+00  2.476070e+02 
    0.000   32.757000  0.000000e+00  2.476626e+02 
    0.000   33.253002  0.000000e+00  2.477173e+02 
    0.000   33.748001  0.000000e+00  2.477721e+02 
    0.000   34.243999  0.000000e+00  2.478280e+02 
    0.000   34.740002  0.000000e+00  2.478874e+02 
    0.000   35.236000  0.000000e+00  2.479498e+02 
    0.000   35.731003  0.000000e+00  2.480108e+02 
    0.000   36.227001  0.000000e+00  2.480699e+02 
    0.000   36.723000  0.000000e+00  2.481227e+02 
    0.000   37.219002  0.000000e+00  2.481699e+02 
    0.000   37.714001  0.000000e+00  2.482137e+02 
    0.000   38.210003  0.000000e+00  2.482550e+02 
    0.000   38.706001  0.000000e+00  2.482969e+02 
    0.000   39.202000  0.000000e+00  2.483401e+02 
    0.000   39.697002  0.000000e+00  2.483859e+02 
    0.000   40.197002  0.000000e+00  2.484355e+02 
    0.000   45.197002  0.000000e+00  2.488828e+02 
    0.000   50.197002  0.000000e+00  2.491071e+02 
    0.000   55.197002  0.000000e+00  2.491008e+02 
    0.000   60.197002  0.000000e+00  2.490340e+02 
    0.000   65.196999  0.000000e+00  2.489813e+02 
