   66.937    0.000000  3.349903e+01  2.922845e+01 
   66.937    0.103000  3.368411e+01  2.944340e+01 
   66.937    0.205000  3.386658e+01  2.967452e+01 
   66.937    0.308000  3.408890e+01  2.997591e+01 
   66.937    0.411000  3.431197e+01  3.028513e+01 
   66.937    0.514000  3.449678e+01  3.054181e+01 
   66.937    0.617000  3.468133e+01  3.080275e+01 
   66.937    0.720000  3.486528e+01  3.106718e+01 
   66.937    0.823000  3.521166e+01  3.158139e+01 
   66.937    0.926000  3.552400e+01  3.204517e+01 
   66.937    1.029000  3.579938e+01  3.245354e+01 
   66.937    1.131000  3.603737e+01  3.280488e+01 
   66.937    1.234000  3.646575e+01  3.327017e+01 
   66.937    1.337000  3.712991e+01  3.391869e+01 
   66.937    1.440000  3.817256e+01  3.485480e+01 
   66.937    1.543000  3.984265e+01  3.624875e+01 
   66.937    1.646000  4.196171e+01  3.792572e+01 
   66.937    1.749000  4.423024e+01  3.964338e+01 
   66.937    1.852000  4.636237e+01  4.120631e+01 
   66.937    1.955000  1.000190e+02  6.942388e+01 
   66.937    2.057000  2.002094e+02  9.576846e+01 
   66.937    2.160000  3.760707e+02  1.180497e+02 
   66.937    2.263000  3.779276e+02  1.180681e+02 
   66.937    2.366000  3.797636e+02  1.181293e+02 
   66.937    2.469000  3.815799e+02  1.182197e+02 
   66.937    2.572000  3.833784e+02  1.183323e+02 
   66.937    2.675000  3.851624e+02  1.184620e+02 
   66.937    2.778000  3.869383e+02  1.186049e+02 
   66.937    2.881000  3.887056e+02  1.187589e+02 
   66.937    2.983000  3.904465e+02  1.189208e+02 
   66.937    3.086000  3.921927e+02  1.190924e+02 
   66.937    3.189000  3.939251e+02  1.192714e+02 
   66.937    3.292000  3.956433e+02  1.194568e+02 
   66.937    3.395000  3.973492e+02  1.196473e+02 
   66.937    3.498000  3.990435e+02  1.198424e+02 
   66.937    3.601000  4.007317e+02  1.200409e+02 
   66.937    3.704000  4.024186e+02  1.202421e+02 
   66.937    3.807000  4.041048e+02  1.204455e+02 
   66.937    3.909000  4.057765e+02  1.206486e+02 
   66.937    4.012000  4.074673e+02  1.208552e+02 
   66.937    4.115000  4.091553e+02  1.210633e+02 
   66.937    4.218000  4.108331e+02  1.212729e+02 
   66.937    4.321000  4.124956e+02  1.214837e+02 
   66.937    4.424000  4.141361e+02  1.216958e+02 
   66.937    4.527000  4.157477e+02  1.219091e+02 
   66.937    4.630000  4.173304e+02  1.221229e+02 
   66.937    4.733000  4.188848e+02  1.223371e+02 
   66.937    4.836000  4.204071e+02  1.225514e+02 
   66.937    4.938000  4.218835e+02  1.227636e+02 
   66.937    5.041000  4.233446e+02  1.229775e+02 
   66.937    5.144000  4.247735e+02  1.231910e+02 
   66.937    5.247000  4.261718e+02  1.234039e+02 
   66.937    5.350000  4.275401e+02  1.236161e+02 
   66.937    5.453000  4.288779e+02  1.238275e+02 
   66.937    5.556000  4.301873e+02  1.240380e+02 
   66.937    5.659000  4.314681e+02  1.242475e+02 
   66.937    5.762000  4.327222e+02  1.244558e+02 
   66.937    5.864000  4.339407e+02  1.246609e+02 
   66.937    5.967000  4.351476e+02  1.248666e+02 
   66.937    6.070000  4.363369e+02  1.250708e+02 
   66.937    6.173000  4.375152e+02  1.252733e+02 
   66.937    6.276000  4.386842e+02  1.254739e+02 
   66.937    6.379000  4.398477e+02  1.256726e+02 
   66.937    6.482000  4.410085e+02  1.258694e+02 
   66.937    6.585000  4.421674e+02  1.260641e+02 
   66.937    6.688000  4.433246e+02  1.262568e+02 
   66.937    6.790000  4.444679e+02  1.264454e+02 
   66.937    6.893000  4.456118e+02  1.266338e+02 
   66.937    6.996000  4.467354e+02  1.268199e+02 
   66.937    7.099000  4.478297e+02  1.270038e+02 
   66.937    7.202000  4.488739e+02  1.271854e+02 
   66.937    7.305000  4.498502e+02  1.273645e+02 
   66.937    7.408000  4.507554e+02  1.275409e+02 
   66.937    7.511000  4.515915e+02  1.277146e+02 
   66.937    7.614000  4.523553e+02  1.278857e+02 
   66.937    7.716000  4.530595e+02  1.280523e+02 
   66.937    7.819000  4.537501e+02  1.282179e+02 
   66.937    7.922000  4.544268e+02  1.283810e+02 
   66.937    8.025001  4.550939e+02  1.285417e+02 
   66.937    8.128000  4.557574e+02  1.287002e+02 
   66.937    8.231000  4.564171e+02  1.288566e+02 
   66.937    8.334001  4.570664e+02  1.290106e+02 
   66.937    8.437000  4.576987e+02  1.291623e+02 
   66.937    8.540000  4.583140e+02  1.293116e+02 
   66.937    8.642000  4.589100e+02  1.294570e+02 
   66.937    8.745000  4.595010e+02  1.296014e+02 
   66.937    8.848001  4.600818e+02  1.297432e+02 
   66.937    8.951000  4.606533e+02  1.298823e+02 
   66.937    9.054000  4.612155e+02  1.300190e+02 
   66.937    9.157001  4.617677e+02  1.301530e+02 
   66.937    9.260000  4.623087e+02  1.302843e+02 
   66.937    9.363000  4.628381e+02  1.304131e+02 
   66.937    9.466001  4.633564e+02  1.305394e+02 
   66.937    9.568000  4.638600e+02  1.306620e+02 
   66.937    9.671000  4.643592e+02  1.307836e+02 
   66.937    9.774000  4.648476e+02  1.309029e+02 
   66.937    9.877000  4.653232e+02  1.310199e+02 
   66.937    9.980000  4.657854e+02  1.311348e+02 
   66.937   10.083000  4.662693e+02  1.312471e+02 
   66.937   10.186000  4.667449e+02  1.313575e+02 
   66.937   10.289001  4.672133e+02  1.314660e+02 
   66.937   10.392000  4.676747e+02  1.315726e+02 
   66.937   10.495000  4.681296e+02  1.316774e+02 
   66.937   10.597000  4.685738e+02  1.317794e+02 
   66.937   10.700000  4.690153e+02  1.318806e+02 
   66.937   10.803000  4.694489e+02  1.319801e+02 
   66.937   10.906000  4.698748e+02  1.320782e+02 
   66.937   11.009000  4.702938e+02  1.321748e+02 
   66.937   11.112000  4.707079e+02  1.322700e+02 
   66.937   11.215000  4.711176e+02  1.323638e+02 
   66.937   11.318000  4.715226e+02  1.324564e+02 
   66.937   11.421000  4.719227e+02  1.325477e+02 
   66.937   11.523000  4.723142e+02  1.326370e+02 
   66.937   11.626000  4.727045e+02  1.327258e+02 
   66.937   11.729000  4.730894e+02  1.328135e+02 
   66.937   11.832000  4.734689e+02  1.329001e+02 
   66.937   11.935000  4.738429e+02  1.329854e+02 
   66.937   12.038000  4.742117e+02  1.330697e+02 
   66.937   12.141000  4.745753e+02  1.331528e+02 
   66.937   12.244000  4.749337e+02  1.332348e+02 
   66.937   12.347000  4.752871e+02  1.333156e+02 
   66.937   12.449000  4.756321e+02  1.333945e+02 
   66.937   12.552000  4.759756e+02  1.334731e+02 
   66.937   12.655000  4.763143e+02  1.335504e+02 
   66.937   12.758000  4.766483e+02  1.336266e+02 
   66.937   12.861000  4.769781e+02  1.337016e+02 
   66.937   12.964000  4.773037e+02  1.337754e+02 
   66.937   13.067000  4.776254e+02  1.338480e+02 
   66.937   13.170000  4.779433e+02  1.339193e+02 
   66.937   13.273000  4.782574e+02  1.339894e+02 
   66.937   13.375000  4.785648e+02  1.340577e+02 
   66.937   13.478000  4.788716e+02  1.341254e+02 
   66.937   13.581000  4.791749e+02  1.341920e+02 
   66.937   13.684000  4.794746e+02  1.342574e+02 
   66.937   13.787000  4.797710e+02  1.343216e+02 
   66.937   13.890000  4.800640e+02  1.343847e+02 
   66.937   13.993000  4.803538e+02  1.344466e+02 
   66.937   14.096000  4.806404e+02  1.345074e+02 
   66.937   14.199000  4.809238e+02  1.345670e+02 
   66.937   14.301001  4.812013e+02  1.346249e+02 
   66.937   14.404000  4.814784e+02  1.346822e+02 
   66.937   14.507000  4.817525e+02  1.347384e+02 
   66.937   14.610001  4.820234e+02  1.347936e+02 
   66.937   14.713000  4.822911e+02  1.348477e+02 
   66.937   14.816000  4.825558e+02  1.349009e+02 
   66.937   14.919000  4.828174e+02  1.349530e+02 
   66.937   15.022000  4.830757e+02  1.350043e+02 
   66.937   15.125000  4.833310e+02  1.350547e+02 
   66.937   15.227000  4.835807e+02  1.351037e+02 
   66.937   15.330000  4.838298e+02  1.351524e+02 
   66.937   15.433001  4.840758e+02  1.352002e+02 
   66.937   15.536000  4.843189e+02  1.352472e+02 
   66.937   15.639000  4.845590e+02  1.352935e+02 
   66.937   15.742001  4.847962e+02  1.353389e+02 
   66.937   15.845000  4.850305e+02  1.353835e+02 
   66.937   15.948001  4.852621e+02  1.354274e+02 
   66.937   16.050999  4.854911e+02  1.354705e+02 
   66.937   16.153999  4.857178e+02  1.355128e+02 
   66.937   16.255999  4.859397e+02  1.355539e+02 
   66.937   16.358999  4.861615e+02  1.355945e+02 
   66.937   16.462000  4.863809e+02  1.356344e+02 
   66.937   16.564999  4.865981e+02  1.356735e+02 
   66.937   16.667999  4.868130e+02  1.357118e+02 
   66.937   16.771000  4.870258e+02  1.357493e+02 
   66.937   16.873999  4.872367e+02  1.357861e+02 
   66.937   16.976999  4.874455e+02  1.358221e+02 
   66.937   17.080000  4.876526e+02  1.358572e+02 
   66.937   17.181999  4.878561e+02  1.358911e+02 
   66.937   17.285000  4.880601e+02  1.359245e+02 
   66.937   17.387999  4.882626e+02  1.359570e+02 
   66.937   17.490999  4.884639e+02  1.359886e+02 
   66.937   17.594000  4.886641e+02  1.360193e+02 
   66.937   17.696999  4.888630e+02  1.360491e+02 
   66.937   17.799999  4.890607e+02  1.360780e+02 
   66.937   17.903000  4.892570e+02  1.361061e+02 
   66.937   18.005999  4.894519e+02  1.361334e+02 
   66.937   18.108000  4.896435e+02  1.361597e+02 
   66.937   18.210999  4.898353e+02  1.361856e+02 
   66.937   18.313999  4.900254e+02  1.362108e+02 
   66.937   18.417000  4.902137e+02  1.362355e+02 
   66.937   18.519999  4.904001e+02  1.362595e+02 
   66.937   18.622999  4.905850e+02  1.362829e+02 
   66.937   18.726000  4.907683e+02  1.363057e+02 
   66.937   18.828999  4.909501e+02  1.363279e+02 
   66.937   18.931999  4.911303e+02  1.363494e+02 
   66.937   19.033998  4.913076e+02  1.363700e+02 
   66.937   19.136999  4.914854e+02  1.363902e+02 
   66.937   19.240000  4.916619e+02  1.364097e+02 
   66.937   19.342999  4.918371e+02  1.364286e+02 
   66.937   19.445999  4.920111e+02  1.364470e+02 
   66.937   19.549000  4.921838e+02  1.364647e+02 
   66.937   19.651999  4.923552e+02  1.364819e+02 
   66.937   19.754999  4.925252e+02  1.364986e+02 
   66.937   19.858000  4.926939e+02  1.365148e+02 
   66.937   19.959999  4.928596e+02  1.365303e+02 
   66.937   20.063000  4.930259e+02  1.365454e+02 
   66.937   20.362999  4.935049e+02  1.365861e+02 
   66.937   20.858000  4.942724e+02  1.366446e+02 
   66.937   21.354000  4.950130e+02  1.366929e+02 
   66.937   21.849998  4.957274e+02  1.367312e+02 
   66.937   22.345999  4.964116e+02  1.367623e+02 
   66.937   22.841000  4.970573e+02  1.367897e+02 
   66.937   23.337000  4.976624e+02  1.368159e+02 
   66.937   23.832998  4.982260e+02  1.368412e+02 
   66.937   24.328999  4.987530e+02  1.368649e+02 
   66.937   24.823999  4.992470e+02  1.368859e+02 
   66.937   25.320000  4.997112e+02  1.369046e+02 
   66.937   25.816000  5.001447e+02  1.369218e+02 
   66.937   26.311998  5.005492e+02  1.369379e+02 
   66.937   26.806999  5.009269e+02  1.369523e+02 
   66.937   27.302999  5.012816e+02  1.369648e+02 
   66.937   27.799000  5.016133e+02  1.369758e+02 
   66.937   28.295000  5.019229e+02  1.369853e+02 
   66.937   28.789999  5.022122e+02  1.369935e+02 
   66.937   29.285999  5.024854e+02  1.370004e+02 
   66.937   29.782000  5.027449e+02  1.370056e+02 
   66.937   30.278000  5.029927e+02  1.370093e+02 
   66.937   30.772999  5.032301e+02  1.370115e+02 
   66.937   31.268999  5.034597e+02  1.370123e+02 
   66.937   31.764999  5.036825e+02  1.370121e+02 
   66.937   32.261002  5.039009e+02  1.370108e+02 
   66.937   32.756001  5.041163e+02  1.370087e+02 
   66.937   33.252003  5.043312e+02  1.370060e+02 
   66.937   33.748001  5.045468e+02  1.370030e+02 
   66.937   34.243999  5.047643e+02  1.369999e+02 
   66.937   34.739002  5.049847e+02  1.369967e+02 
   66.937   35.235001  5.052101e+02  1.369937e+02 
   66.937   35.731003  5.054410e+02  1.369908e+02 
   66.937   36.227001  5.056779e+02  1.369880e+02 
   66.937   36.723000  5.059207e+02  1.369855e+02 
   66.937   37.218002  5.061682e+02  1.369831e+02 
   66.937   37.714001  5.064200e+02  1.369809e+02 
   66.937   38.210003  5.066743e+02  1.369789e+02 
   66.937   38.706001  5.069290e+02  1.369771e+02 
   66.937   39.201000  5.071819e+02  1.369756e+02 
   66.937   39.697002  5.074316e+02  1.369743e+02 
   66.937   40.197002  5.076744e+02  1.369742e+02 
   66.937   45.197002  5.095663e+02  1.369886e+02 
   66.937   50.197002  5.102777e+02  1.370048e+02 
   66.937   55.197002  5.105316e+02  1.370164e+02 
   66.937   60.197002  5.113185e+02  1.370239e+02 
   66.937   65.196999  5.125696e+02  1.370286e+02 
