   66.861    0.000000  8.104925e-17  5.524427e+00 
   66.861    0.103000  8.148574e-17  5.609763e+00 
   66.861    0.206000  8.192064e-17  5.696201e+00 
   66.861    0.309000  8.235523e-17  5.782897e+00 
   66.861    0.412000  8.279003e-17  5.869509e+00 
   66.861    0.515000  8.322430e-17  5.955837e+00 
   66.861    0.618000  1.791097e-16  1.030620e+01 
   66.861    0.720000  5.884177e-16  1.634134e+01 
   66.861    0.823000  2.747667e-15  2.360600e+01 
   66.861    0.926000  1.772471e-14  3.203165e+01 
   66.861    1.029000  1.492613e-13  4.133259e+01 
   66.861    1.132000  1.670813e-12  5.169437e+01 
   66.861    1.235000  2.428669e-11  6.304156e+01 
   66.861    1.338000  4.468110e-10  7.529779e+01 
   66.861    1.441000  1.028259e-08  8.848882e+01 
   66.861    1.544000  3.012047e-07  1.028590e+02 
   66.861    1.646000  1.071117e-05  1.183753e+02 
   66.861    1.749000  2.600387e-05  1.229263e+02 
   66.861    1.852000  7.958307e-04  1.421228e+02 
   66.861    1.955000  1.376888e-02  1.601957e+02 
   66.861    2.058000  9.634436e-02  1.745282e+02 
   66.861    2.161000  3.560672e-01  1.857436e+02 
   66.861    2.264000  2.739630e+00  2.082634e+02 
   66.861    2.367000  1.477174e+01  2.327749e+02 
   66.861    2.470000  3.483344e+01  2.466731e+02 
   66.861    2.572000  8.540897e+01  2.634308e+02 
   66.861    2.675000  1.136456e+02  2.689565e+02 
   66.861    2.778000  1.293223e+02  2.713773e+02 
   66.861    2.881000  1.360013e+02  2.722158e+02 
   66.861    2.984000  1.387417e+02  2.724500e+02 
   66.861    3.087000  1.399951e+02  2.724792e+02 
   66.861    3.190000  1.405992e+02  2.724300e+02 
   66.861    3.293000  1.411997e+02  2.723990e+02 
   66.861    3.396000  1.417971e+02  2.723836e+02 
   66.861    3.498000  1.423856e+02  2.723816e+02 
   66.861    3.601000  1.429790e+02  2.723908e+02 
   66.861    3.704000  1.435736e+02  2.724094e+02 
   66.861    3.807000  1.441691e+02  2.724365e+02 
   66.861    3.910000  1.447655e+02  2.724716e+02 
   66.861    4.013000  1.453624e+02  2.725139e+02 
   66.861    4.116000  1.459569e+02  2.725637e+02 
   66.861    4.219000  1.465457e+02  2.726209e+02 
   66.861    4.322000  1.471273e+02  2.726850e+02 
   66.861    4.424000  1.476946e+02  2.727549e+02 
   66.861    4.527000  1.494288e+02  2.730282e+02 
   66.861    4.630000  1.516847e+02  2.733914e+02 
   66.861    4.733000  1.544450e+02  2.738381e+02 
   66.861    4.836000  1.569993e+02  2.742504e+02 
   66.861    4.939000  1.584382e+02  2.744832e+02 
   66.861    5.042000  1.598666e+02  2.747184e+02 
   66.861    5.145000  1.613266e+02  2.749625e+02 
   66.861    5.248000  1.642807e+02  2.754474e+02 
   66.861    5.350000  1.698755e+02  2.763345e+02 
   66.861    5.453000  1.795899e+02  2.777967e+02 
   66.861    5.556000  1.954919e+02  2.800118e+02 
   66.861    5.659000  2.193860e+02  2.830031e+02 
   66.861    5.762000  2.537908e+02  2.867469e+02 
   66.861    5.865000  2.981287e+02  2.908150e+02 
   66.861    5.968000  3.452417e+02  2.944196e+02 
   66.861    6.071000  3.881735e+02  2.971796e+02 
   66.861    6.174000  4.174912e+02  2.988108e+02 
   66.861    6.276000  4.330263e+02  2.996025e+02 
   66.861    6.379000  4.413278e+02  3.000129e+02 
   66.861    6.482000  4.424981e+02  3.000808e+02 
   66.861    6.585000  4.436664e+02  3.001525e+02 
   66.861    6.688000  4.448367e+02  3.002267e+02 
   66.861    6.791000  4.460097e+02  3.003027e+02 
   66.861    6.894000  4.471720e+02  3.003808e+02 
   66.861    6.997000  4.483066e+02  3.004612e+02 
   66.861    7.100000  4.494029e+02  3.005437e+02 
   66.861    7.202000  4.504313e+02  3.006273e+02 
   66.861    7.305000  4.513967e+02  3.007133e+02 
   66.861    7.408000  4.522873e+02  3.008002e+02 
   66.861    7.511000  4.531092e+02  3.008874e+02 
   66.861    7.614000  4.538611e+02  3.009747e+02 
   66.861    7.717000  4.545660e+02  3.010615e+02 
   66.861    7.820000  4.552545e+02  3.011472e+02 
   66.861    7.923000  4.559323e+02  3.012318e+02 
   66.861    8.026000  4.566023e+02  3.013155e+02 
   66.861    8.129001  4.572679e+02  3.013981e+02 
   66.861    8.231001  4.579221e+02  3.014788e+02 
   66.861    8.334001  4.585722e+02  3.015591e+02 
   66.861    8.437000  4.592064e+02  3.016380e+02 
   66.861    8.540000  4.598248e+02  3.017154e+02 
   66.861    8.643001  4.604316e+02  3.017910e+02 
   66.861    8.746000  4.610294e+02  3.018648e+02 
   66.861    8.849000  4.616182e+02  3.019367e+02 
   66.861    8.952001  4.621980e+02  3.020065e+02 
   66.861    9.055000  4.627679e+02  3.020742e+02 
   66.861    9.157001  4.633204e+02  3.021393e+02 
   66.861    9.260000  4.638663e+02  3.022028e+02 
   66.861    9.363001  4.643998e+02  3.022643e+02 
   66.861    9.466001  4.649213e+02  3.023240e+02 
   66.861    9.569000  4.654318e+02  3.023820e+02 
   66.861    9.672001  4.659313e+02  3.024384e+02 
   66.861    9.775001  4.664192e+02  3.024932e+02 
   66.861    9.878000  4.668944e+02  3.025465e+02 
   66.861    9.981001  4.673568e+02  3.025984e+02 
   66.861   10.083000  4.678369e+02  3.026478e+02 
   66.861   10.186001  4.683133e+02  3.026964e+02 
   66.861   10.289001  4.687820e+02  3.027437e+02 
   66.861   10.392000  4.692433e+02  3.027898e+02 
   66.861   10.495001  4.696979e+02  3.028347e+02 
   66.861   10.598001  4.701455e+02  3.028785e+02 
   66.861   10.701000  4.705861e+02  3.029212e+02 
   66.861   10.804001  4.710197e+02  3.029631e+02 
   66.861   10.907001  4.714464e+02  3.030042e+02 
   66.861   11.009001  4.718628e+02  3.030443e+02 
   66.861   11.112000  4.722780e+02  3.030841e+02 
   66.861   11.215000  4.726883e+02  3.031234e+02 
   66.861   11.318001  4.730935e+02  3.031622e+02 
   66.861   11.421000  4.734939e+02  3.032005e+02 
   66.861   11.524000  4.738894e+02  3.032383e+02 
   66.861   11.627001  4.742797e+02  3.032757e+02 
   66.861   11.730000  4.746647e+02  3.033127e+02 
   66.861   11.833000  4.750442e+02  3.033492e+02 
   66.861   11.935000  4.754146e+02  3.033851e+02 
   66.861   12.038000  4.757833e+02  3.034208e+02 
   66.861   12.141001  4.761468e+02  3.034562e+02 
   66.861   12.244000  4.765051e+02  3.034911e+02 
   66.861   12.347000  4.768584e+02  3.035255e+02 
   66.861   12.450001  4.772067e+02  3.035595e+02 
   66.861   12.553000  4.775501e+02  3.035930e+02 
   66.861   12.656000  4.778887e+02  3.036259e+02 
   66.861   12.759001  4.782227e+02  3.036583e+02 
   66.861   12.862000  4.785523e+02  3.036899e+02 
   66.861   12.964001  4.788748e+02  3.037206e+02 
   66.861   13.067000  4.791964e+02  3.037509e+02 
   66.861   13.170000  4.795143e+02  3.037805e+02 
   66.861   13.273001  4.798283e+02  3.038094e+02 
   66.861   13.376000  4.801386e+02  3.038375e+02 
   66.861   13.479000  4.804454e+02  3.038649e+02 
   66.861   13.582001  4.807487e+02  3.038915e+02 
   66.861   13.685000  4.810484e+02  3.039175e+02 
   66.861   13.788000  4.813448e+02  3.039427e+02 
   66.861   13.890000  4.816349e+02  3.039669e+02 
   66.861   13.993000  4.819247e+02  3.039906e+02 
   66.861   14.096001  4.822112e+02  3.040135e+02 
   66.861   14.199000  4.824946e+02  3.040355e+02 
   66.861   14.302000  4.827748e+02  3.040568e+02 
   66.861   14.405001  4.830520e+02  3.040773e+02 
   66.861   14.508000  4.833261e+02  3.040970e+02 
   66.861   14.611000  4.835970e+02  3.041160e+02 
   66.861   14.714001  4.838648e+02  3.041344e+02 
   66.861   14.816000  4.841270e+02  3.041520e+02 
   66.861   14.919001  4.843885e+02  3.041692e+02 
   66.861   15.022000  4.846469e+02  3.041859e+02 
   66.861   15.125000  4.849022e+02  3.042021e+02 
   66.861   15.228001  4.851544e+02  3.042179e+02 
   66.861   15.331000  4.854035e+02  3.042332e+02 
   66.861   15.434000  4.856496e+02  3.042480e+02 
   66.861   15.537001  4.858927e+02  3.042625e+02 
   66.861   15.640000  4.861328e+02  3.042765e+02 
   66.861   15.742001  4.863677e+02  3.042899e+02 
   66.861   15.845000  4.866020e+02  3.043031e+02 
   66.861   15.948001  4.868337e+02  3.043159e+02 
   66.861   16.050999  4.870628e+02  3.043283e+02 
   66.861   16.153999  4.872895e+02  3.043401e+02 
   66.861   16.257000  4.875137e+02  3.043515e+02 
   66.861   16.359999  4.877356e+02  3.043624e+02 
   66.861   16.462999  4.879551e+02  3.043728e+02 
   66.861   16.566000  4.881724e+02  3.043827e+02 
   66.861   16.667999  4.883853e+02  3.043921e+02 
   66.861   16.771000  4.885982e+02  3.044009e+02 
   66.861   16.873999  4.888091e+02  3.044093e+02 
   66.861   16.976999  4.890180e+02  3.044172e+02 
   66.861   17.080000  4.892250e+02  3.044244e+02 
   66.861   17.182999  4.894306e+02  3.044309e+02 
   66.861   17.285999  4.896347e+02  3.044366e+02 
   66.861   17.389000  4.898372e+02  3.044417e+02 
   66.861   17.491999  4.900386e+02  3.044458e+02 
   66.861   17.594000  4.902368e+02  3.044491e+02 
   66.861   17.696999  4.904359e+02  3.044516e+02 
   66.861   17.799999  4.906336e+02  3.044533e+02 
   66.861   17.903000  4.908299e+02  3.044543e+02 
   66.861   18.005999  4.910249e+02  3.044547e+02 
   66.861   18.108999  4.912185e+02  3.044544e+02 
   66.861   18.212000  4.914103e+02  3.044537e+02 
   66.861   18.314999  4.916005e+02  3.044525e+02 
   66.861   18.417999  4.917888e+02  3.044510e+02 
   66.861   18.521000  4.919753e+02  3.044491e+02 
   66.861   18.622999  4.921584e+02  3.044467e+02 
   66.861   18.726000  4.923418e+02  3.044439e+02 
   66.861   18.828999  4.925235e+02  3.044406e+02 
   66.861   18.931999  4.927037e+02  3.044369e+02 
   66.861   19.035000  4.928827e+02  3.044326e+02 
   66.861   19.137999  4.930604e+02  3.044277e+02 
   66.861   19.240999  4.932370e+02  3.044224e+02 
   66.861   19.344000  4.934122e+02  3.044165e+02 
   66.861   19.446999  4.935862e+02  3.044102e+02 
   66.861   19.549000  4.937573e+02  3.044035e+02 
   66.861   19.652000  4.939287e+02  3.043964e+02 
   66.861   19.754999  4.940988e+02  3.043889e+02 
   66.861   19.858000  4.942675e+02  3.043810e+02 
   66.861   19.960999  4.944348e+02  3.043729e+02 
   66.861   20.063999  4.946011e+02  3.043642e+02 
   66.861   20.362999  4.950786e+02  3.043362e+02 
   66.861   20.858999  4.958475e+02  3.042838e+02 
   66.861   21.355000  4.965880e+02  3.042245e+02 
   66.861   21.850000  4.973010e+02  3.041584e+02 
   66.861   22.345999  4.979853e+02  3.040887e+02 
   66.861   22.841999  4.986326e+02  3.040211e+02 
   66.861   23.337999  4.992381e+02  3.039590e+02 
   66.861   23.833000  4.998009e+02  3.039028e+02 
   66.861   24.328999  5.003280e+02  3.038506e+02 
   66.861   24.824999  5.008231e+02  3.038006e+02 
   66.861   25.320999  5.012873e+02  3.037526e+02 
   66.861   25.816000  5.017202e+02  3.037078e+02 
   66.861   26.312000  5.021248e+02  3.036661e+02 
   66.861   26.807999  5.025034e+02  3.036267e+02 
   66.861   27.303999  5.028583e+02  3.035887e+02 
   66.861   27.799000  5.031895e+02  3.035524e+02 
   66.861   28.295000  5.034995e+02  3.035178e+02 
   66.861   28.791000  5.037898e+02  3.034847e+02 
   66.861   29.286999  5.040632e+02  3.034527e+02 
   66.861   29.782000  5.043224e+02  3.034212e+02 
   66.861   30.278000  5.045704e+02  3.033898e+02 
   66.861   30.774000  5.048085e+02  3.033585e+02 
   66.861   31.269999  5.050385e+02  3.033275e+02 
   66.861   31.764999  5.052612e+02  3.032969e+02 
   66.861   32.260998  5.054801e+02  3.032666e+02 
   66.861   32.757000  5.056965e+02  3.032369e+02 
   66.861   33.252998  5.059120e+02  3.032081e+02 
   66.861   33.748001  5.061278e+02  3.031804e+02 
   66.861   34.243999  5.063459e+02  3.031541e+02 
   66.861   34.739998  5.065676e+02  3.031292e+02 
   66.861   35.236000  5.067938e+02  3.031060e+02 
   66.861   35.731998  5.070255e+02  3.030842e+02 
   66.861   36.227001  5.072629e+02  3.030639e+02 
   66.861   36.723000  5.075066e+02  3.030450e+02 
   66.861   37.218998  5.077553e+02  3.030273e+02 
   66.861   37.715000  5.080081e+02  3.030109e+02 
   66.861   38.209999  5.082626e+02  3.029956e+02 
   66.861   38.706001  5.085180e+02  3.029815e+02 
   66.861   39.202000  5.087721e+02  3.029686e+02 
   66.861   39.697998  5.090223e+02  3.029569e+02 
   66.861   40.197998  5.092655e+02  3.029477e+02 
   66.861   45.197998  5.111583e+02  3.029097e+02 
   66.861   50.197998  5.118689e+02  3.029049e+02 
   66.861   55.197998  5.121232e+02  3.029075e+02 
   66.861   60.197998  5.129147e+02  3.029107e+02 
   66.861   65.198006  5.141666e+02  3.029131e+02 
