    0.000    0.000000  0.000000e+00  3.504088e+02 
    0.000    0.103000  0.000000e+00  3.500177e+02 
    0.000    0.206000  0.000000e+00  3.488479e+02 
    0.000    0.309000  0.000000e+00  3.471297e+02 
    0.000    0.411000  0.000000e+00  3.453997e+02 
    0.000    0.514000  0.000000e+00  3.438094e+02 
    0.000    0.617000  0.000000e+00  3.418782e+02 
    0.000    0.720000  0.000000e+00  3.396605e+02 
    0.000    0.823000  0.000000e+00  3.372837e+02 
    0.000    0.926000  0.000000e+00  3.347541e+02 
    0.000    1.029000  0.000000e+00  3.321061e+02 
    0.000    1.132000  0.000000e+00  3.293300e+02 
    0.000    1.235000  0.000000e+00  3.264219e+02 
    0.000    1.337000  0.000000e+00  3.234809e+02 
    0.000    1.440000  0.000000e+00  3.204922e+02 
    0.000    1.543000  0.000000e+00  3.175078e+02 
    0.000    1.646000  0.000000e+00  3.146074e+02 
    0.000    1.749000  0.000000e+00  3.118095e+02 
    0.000    1.852000  0.000000e+00  3.077535e+02 
    0.000    1.955000  0.000000e+00  3.055078e+02 
    0.000    2.058000  0.000000e+00  3.037520e+02 
    0.000    2.161000  0.000000e+00  3.021815e+02 
    0.000    2.263000  0.000000e+00  3.005743e+02 
    0.000    2.366000  0.000000e+00  2.987655e+02 
    0.000    2.469000  0.000000e+00  2.967456e+02 
    0.000    2.572000  0.000000e+00  2.945378e+02 
    0.000    2.675000  0.000000e+00  2.921902e+02 
    0.000    2.778000  0.000000e+00  2.909460e+02 
    0.000    2.881000  0.000000e+00  2.896525e+02 
    0.000    2.984000  0.000000e+00  2.883606e+02 
    0.000    3.087000  0.000000e+00  2.870815e+02 
    0.000    3.189000  0.000000e+00  2.858061e+02 
    0.000    3.292000  0.000000e+00  2.845171e+02 
    0.000    3.395000  0.000000e+00  2.832039e+02 
    0.000    3.498000  0.000000e+00  2.818364e+02 
    0.000    3.601000  0.000000e+00  2.802561e+02 
    0.000    3.704000  0.000000e+00  2.785246e+02 
    0.000    3.807000  0.000000e+00  2.766790e+02 
    0.000    3.910000  0.000000e+00  2.747255e+02 
    0.000    4.013000  0.000000e+00  2.728147e+02 
    0.000    4.115000  0.000000e+00  2.708300e+02 
    0.000    4.218000  0.000000e+00  2.688504e+02 
    0.000    4.321000  0.000000e+00  2.669460e+02 
    0.000    4.424000  0.000000e+00  2.651685e+02 
    0.000    4.527000  0.000000e+00  2.635024e+02 
    0.000    4.630000  0.000000e+00  2.619659e+02 
    0.000    4.733000  0.000000e+00  2.605683e+02 
    0.000    4.836000  0.000000e+00  2.592963e+02 
    0.000    4.939000  0.000000e+00  2.581002e+02 
    0.000    5.041000  0.000000e+00  2.569517e+02 
    0.000    5.144000  0.000000e+00  2.558537e+02 
    0.000    5.247000  0.000000e+00  2.547377e+02 
    0.000    5.350000  0.000000e+00  2.536211e+02 
    0.000    5.453000  0.000000e+00  2.525114e+02 
    0.000    5.556000  0.000000e+00  2.514023e+02 
    0.000    5.659000  0.000000e+00  2.503087e+02 
    0.000    5.762000  0.000000e+00  2.491879e+02 
    0.000    5.865000  0.000000e+00  2.481228e+02 
    0.000    5.967000  0.000000e+00  2.470895e+02 
    0.000    6.070000  0.000000e+00  2.460357e+02 
    0.000    6.173000  0.000000e+00  2.449608e+02 
    0.000    6.276000  0.000000e+00  2.440599e+02 
    0.000    6.379000  0.000000e+00  2.431762e+02 
    0.000    6.482000  0.000000e+00  2.423106e+02 
    0.000    6.585000  0.000000e+00  2.414649e+02 
    0.000    6.688000  0.000000e+00  2.406448e+02 
    0.000    6.791000  0.000000e+00  2.398459e+02 
    0.000    6.894000  0.000000e+00  2.391058e+02 
    0.000    6.996000  0.000000e+00  2.384561e+02 
    0.000    7.099000  0.000000e+00  2.378604e+02 
    0.000    7.202000  0.000000e+00  2.373675e+02 
    0.000    7.305000  0.000000e+00  2.369196e+02 
    0.000    7.408000  0.000000e+00  2.365364e+02 
    0.000    7.511000  0.000000e+00  2.362542e+02 
    0.000    7.614000  0.000000e+00  2.360299e+02 
    0.000    7.717000  0.000000e+00  2.357948e+02 
    0.000    7.820000  0.000000e+00  2.356520e+02 
    0.000    7.922000  0.000000e+00  2.355267e+02 
    0.000    8.025000  0.000000e+00  2.354241e+02 
    0.000    8.128000  0.000000e+00  2.352939e+02 
    0.000    8.231000  0.000000e+00  2.352073e+02 
    0.000    8.334000  0.000000e+00  2.351104e+02 
    0.000    8.437000  0.000000e+00  2.349470e+02 
    0.000    8.540000  0.000000e+00  2.348209e+02 
    0.000    8.643000  0.000000e+00  2.346721e+02 
    0.000    8.746000  0.000000e+00  2.345170e+02 
    0.000    8.848000  0.000000e+00  2.343559e+02 
    0.000    8.951000  0.000000e+00  2.341637e+02 
    0.000    9.054000  0.000000e+00  2.339510e+02 
    0.000    9.157000  0.000000e+00  2.337163e+02 
    0.000    9.260000  0.000000e+00  2.334984e+02 
    0.000    9.363000  0.000000e+00  2.332760e+02 
    0.000    9.466000  0.000000e+00  2.330552e+02 
    0.000    9.569000  0.000000e+00  2.328432e+02 
    0.000    9.672000  0.000000e+00  2.326378e+02 
    0.000    9.774000  0.000000e+00  2.324328e+02 
    0.000    9.877000  0.000000e+00  2.323627e+02 
    0.000    9.980000  0.000000e+00  2.323022e+02 
    0.000   10.083000  0.000000e+00  2.322489e+02 
    0.000   10.186000  0.000000e+00  2.322035e+02 
    0.000   10.289000  0.000000e+00  2.321642e+02 
    0.000   10.392000  0.000000e+00  2.321268e+02 
    0.000   10.495000  0.000000e+00  2.320853e+02 
    0.000   10.598000  0.000000e+00  2.320417e+02 
    0.000   10.700000  0.000000e+00  2.319966e+02 
    0.000   10.803000  0.000000e+00  2.319450e+02 
    0.000   10.906000  0.000000e+00  2.318898e+02 
    0.000   11.009000  0.000000e+00  2.318314e+02 
    0.000   11.112000  0.000000e+00  2.317656e+02 
    0.000   11.215000  0.000000e+00  2.316949e+02 
    0.000   11.318000  0.000000e+00  2.316210e+02 
    0.000   11.421000  0.000000e+00  2.315419e+02 
    0.000   11.524000  0.000000e+00  2.314594e+02 
    0.000   11.627000  0.000000e+00  2.313754e+02 
    0.000   11.729000  0.000000e+00  2.312941e+02 
    0.000   11.832000  0.000000e+00  2.312137e+02 
    0.000   11.935000  0.000000e+00  2.311343e+02 
    0.000   12.038000  0.000000e+00  2.310599e+02 
    0.000   12.141000  0.000000e+00  2.309893e+02 
    0.000   12.244000  0.000000e+00  2.309211e+02 
    0.000   12.347000  0.000000e+00  2.308529e+02 
    0.000   12.450000  0.000000e+00  2.307847e+02 
    0.000   12.553000  0.000000e+00  2.307168e+02 
    0.000   12.655000  0.000000e+00  2.306491e+02 
    0.000   12.758000  0.000000e+00  2.305800e+02 
    0.000   12.861000  0.000000e+00  2.305109e+02 
    0.000   12.964000  0.000000e+00  2.304417e+02 
    0.000   13.067000  0.000000e+00  2.303725e+02 
    0.000   13.170000  0.000000e+00  2.303036e+02 
    0.000   13.273000  0.000000e+00  2.302357e+02 
    0.000   13.376000  0.000000e+00  2.301706e+02 
    0.000   13.479000  0.000000e+00  2.301075e+02 
    0.000   13.581000  0.000000e+00  2.300467e+02 
    0.000   13.684000  0.000000e+00  2.299902e+02 
    0.000   13.787000  0.000000e+00  2.299377e+02 
    0.000   13.890000  0.000000e+00  2.298875e+02 
    0.000   13.993000  0.000000e+00  2.298419e+02 
    0.000   14.096000  0.000000e+00  2.298005e+02 
    0.000   14.199000  0.000000e+00  2.297619e+02 
    0.000   14.302000  0.000000e+00  2.297250e+02 
    0.000   14.405000  0.000000e+00  2.296891e+02 
    0.000   14.507000  0.000000e+00  2.296547e+02 
    0.000   14.610000  0.000000e+00  2.296199e+02 
    0.000   14.713000  0.000000e+00  2.295822e+02 
    0.000   14.816000  0.000000e+00  2.295427e+02 
    0.000   14.919000  0.000000e+00  2.295024e+02 
    0.000   15.022000  0.000000e+00  2.294609e+02 
    0.000   15.125000  0.000000e+00  2.294184e+02 
    0.000   15.228000  0.000000e+00  2.293754e+02 
    0.000   15.331000  0.000000e+00  2.293324e+02 
    0.000   15.433000  0.000000e+00  2.292897e+02 
    0.000   15.536000  0.000000e+00  2.292468e+02 
    0.000   15.639000  0.000000e+00  2.292036e+02 
    0.000   15.742000  0.000000e+00  2.291586e+02 
    0.000   15.845000  0.000000e+00  2.291124e+02 
    0.000   15.948000  0.000000e+00  2.290656e+02 
    0.000   16.051001  0.000000e+00  2.290186e+02 
    0.000   16.153999  0.000000e+00  2.289714e+02 
    0.000   16.257000  0.000000e+00  2.289242e+02 
    0.000   16.360001  0.000000e+00  2.288775e+02 
    0.000   16.462000  0.000000e+00  2.288326e+02 
    0.000   16.565001  0.000000e+00  2.287883e+02 
    0.000   16.667999  0.000000e+00  2.287447e+02 
    0.000   16.771000  0.000000e+00  2.287032e+02 
    0.000   16.874001  0.000000e+00  2.286637e+02 
    0.000   16.976999  0.000000e+00  2.286254e+02 
    0.000   17.080000  0.000000e+00  2.285883e+02 
    0.000   17.183001  0.000000e+00  2.285523e+02 
    0.000   17.285999  0.000000e+00  2.285171e+02 
    0.000   17.388000  0.000000e+00  2.284830e+02 
    0.000   17.490999  0.000000e+00  2.284487e+02 
    0.000   17.594000  0.000000e+00  2.284146e+02 
    0.000   17.697001  0.000000e+00  2.283808e+02 
    0.000   17.799999  0.000000e+00  2.283473e+02 
    0.000   17.903000  0.000000e+00  2.283142e+02 
    0.000   18.006001  0.000000e+00  2.282815e+02 
    0.000   18.108999  0.000000e+00  2.282491e+02 
    0.000   18.212000  0.000000e+00  2.282169e+02 
    0.000   18.313999  0.000000e+00  2.281851e+02 
    0.000   18.417000  0.000000e+00  2.281533e+02 
    0.000   18.520000  0.000000e+00  2.281217e+02 
    0.000   18.622999  0.000000e+00  2.280901e+02 
    0.000   18.726000  0.000000e+00  2.280585e+02 
    0.000   18.829000  0.000000e+00  2.280272e+02 
    0.000   18.931999  0.000000e+00  2.279957e+02 
    0.000   19.035000  0.000000e+00  2.279639e+02 
    0.000   19.138000  0.000000e+00  2.279320e+02 
    0.000   19.240000  0.000000e+00  2.279004e+02 
    0.000   19.343000  0.000000e+00  2.278693e+02 
    0.000   19.445999  0.000000e+00  2.278394e+02 
    0.000   19.549000  0.000000e+00  2.278105e+02 
    0.000   19.652000  0.000000e+00  2.277822e+02 
    0.000   19.754999  0.000000e+00  2.277556e+02 
    0.000   19.858000  0.000000e+00  2.277305e+02 
    0.000   19.961000  0.000000e+00  2.277066e+02 
    0.000   20.063999  0.000000e+00  2.276837e+02 
    0.000   20.363001  0.000000e+00  2.276169e+02 
    0.000   20.858999  0.000000e+00  2.275044e+02 
    0.000   21.354000  0.000000e+00  2.274033e+02 
    0.000   21.850000  0.000000e+00  2.273101e+02 
    0.000   22.346001  0.000000e+00  2.272182e+02 
    0.000   22.842001  0.000000e+00  2.271357e+02 
    0.000   23.337000  0.000000e+00  2.270640e+02 
    0.000   23.833000  0.000000e+00  2.270036e+02 
    0.000   24.329000  0.000000e+00  2.269594e+02 
    0.000   24.825001  0.000000e+00  2.269335e+02 
    0.000   25.320000  0.000000e+00  2.269189e+02 
    0.000   25.816000  0.000000e+00  2.269143e+02 
    0.000   26.312000  0.000000e+00  2.269259e+02 
    0.000   26.808001  0.000000e+00  2.269462e+02 
    0.000   27.302999  0.000000e+00  2.269675e+02 
    0.000   27.799000  0.000000e+00  2.269879e+02 
    0.000   28.295000  0.000000e+00  2.270090e+02 
    0.000   28.791000  0.000000e+00  2.270376e+02 
    0.000   29.285999  0.000000e+00  2.270802e+02 
    0.000   29.782000  0.000000e+00  2.271332e+02 
    0.000   30.278000  0.000000e+00  2.271916e+02 
    0.000   30.774000  0.000000e+00  2.272458e+02 
    0.000   31.268999  0.000000e+00  2.272956e+02 
    0.000   31.764999  0.000000e+00  2.273429e+02 
    0.000   32.261002  0.000000e+00  2.273937e+02 
    0.000   32.757000  0.000000e+00  2.274494e+02 
    0.000   33.251999  0.000000e+00  2.275114e+02 
    0.000   33.748001  0.000000e+00  2.275783e+02 
    0.000   34.243999  0.000000e+00  2.276481e+02 
    0.000   34.740002  0.000000e+00  2.277153e+02 
    0.000   35.235001  0.000000e+00  2.277784e+02 
    0.000   35.730999  0.000000e+00  2.278341e+02 
    0.000   36.227001  0.000000e+00  2.278834e+02 
    0.000   36.723000  0.000000e+00  2.279299e+02 
    0.000   37.217999  0.000000e+00  2.279743e+02 
    0.000   37.714001  0.000000e+00  2.280190e+02 
    0.000   38.209999  0.000000e+00  2.280641e+02 
    0.000   38.706001  0.000000e+00  2.281103e+02 
    0.000   39.202000  0.000000e+00  2.281576e+02 
    0.000   39.696999  0.000000e+00  2.282066e+02 
    0.000   40.196999  0.000000e+00  2.282581e+02 
    0.000   45.196999  0.000000e+00  2.287085e+02 
    0.000   50.196999  0.000000e+00  2.289297e+02 
    0.000   55.196999  0.000000e+00  2.289327e+02 
    0.000   60.196999  0.000000e+00  2.288636e+02 
    0.000   65.196999  0.000000e+00  2.288112e+02 
