   67.368    0.000000  1.252093e-15  5.849116e+00 
   67.368    0.103000  1.258968e-15  5.937806e+00 
   67.368    0.206000  1.265847e-15  6.027615e+00 
   67.368    0.309000  1.272695e-15  6.117842e+00 
   67.368    0.411000  1.279432e-15  6.207358e+00 
   67.368    0.514000  1.286185e-15  6.297705e+00 
   67.368    0.617000  1.292891e-15  6.387850e+00 
   67.368    0.720000  1.299566e-15  6.477643e+00 
   67.368    0.823000  1.306223e-15  6.566915e+00 
   67.368    0.926000  1.312874e-15  6.655548e+00 
   67.368    1.029000  1.319529e-15  6.743490e+00 
   67.368    1.132000  8.005346e-14  2.629848e+01 
   67.368    1.235000  4.734164e-12  4.467452e+01 
   67.368    1.337000  2.628158e-10  6.259186e+01 
   67.368    1.440000  1.482221e-08  8.068581e+01 
   67.368    1.543000  8.169798e-07  9.896642e+01 
   67.368    1.646000  8.210194e-07  9.886563e+01 
   67.368    1.749000  8.250462e-07  9.878699e+01 
   67.368    1.852000  8.292294e-07  9.872630e+01 
   67.368    1.955000  9.185512e-05  1.210444e+02 
   67.368    2.058000  2.116961e-03  1.379995e+02 
   67.368    2.161000  1.641928e-02  1.509917e+02 
   67.368    2.263000  5.926592e-02  1.603626e+02 
   67.368    2.366000  5.955667e-02  1.602151e+02 
   67.368    2.469000  5.984450e-02  1.600978e+02 
   67.368    2.572000  6.012905e-02  1.600037e+02 
   67.368    2.675000  6.041059e-02  1.599283e+02 
   67.368    2.778000  6.068977e-02  1.598680e+02 
   67.368    2.881000  6.096676e-02  1.598206e+02 
   67.368    2.984000  6.124156e-02  1.597842e+02 
   67.368    3.087000  6.151399e-02  1.597578e+02 
   67.368    3.189000  6.178135e-02  1.597401e+02 
   67.368    3.292000  6.204896e-02  1.597300e+02 
   67.368    3.395000  6.231450e-02  1.597266e+02 
   67.368    3.498000  6.257808e-02  1.597292e+02 
   67.368    3.601000  6.284010e-02  1.597369e+02 
   67.368    3.704000  6.310126e-02  1.597491e+02 
   67.368    3.807000  6.336153e-02  1.597654e+02 
   67.368    3.910000  6.362109e-02  1.597853e+02 
   67.368    4.013000  6.387995e-02  1.598085e+02 
   67.368    4.115000  6.413551e-02  1.598344e+02 
   67.368    4.218000  6.439274e-02  1.598634e+02 
   67.368    4.321000  6.464896e-02  1.598949e+02 
   67.368    4.424000  6.586651e-02  1.600550e+02 
   67.368    4.527000  6.827724e-02  1.603661e+02 
   67.368    4.630000  7.284746e-02  1.609293e+02 
   67.368    4.733000  8.074412e-02  1.618309e+02 
   67.368    4.836000  9.238859e-02  1.630266e+02 
   67.368    4.939000  1.068647e-01  1.643411e+02 
   67.368    5.042000  1.218437e-01  1.655474e+02 
   67.368    5.144000  1.343641e-01  1.664624e+02 
   67.368    5.247000  1.424544e-01  1.670181e+02 
   67.368    5.350000  1.468724e-01  1.673145e+02 
   67.368    5.453000  1.491998e-01  1.674727e+02 
   67.368    5.556000  1.510614e-01  1.676023e+02 
   67.368    5.659000  1.554397e-01  1.678946e+02 
   67.368    5.762000  1.664204e-01  1.685814e+02 
   67.368    5.865000  1.921120e-01  1.700213e+02 
   67.368    5.968000  2.452488e-01  1.724986e+02 
   67.368    6.070000  3.497697e-01  1.761975e+02 
   67.368    6.173000  5.746068e-01  1.816082e+02 
   67.368    6.276000  1.048477e+00  1.886110e+02 
   67.368    6.379000  2.050513e+00  1.971131e+02 
   67.368    6.482000  3.988975e+00  2.064128e+02 
   67.368    6.585000  7.553219e+00  2.163010e+02 
   67.368    6.688000  1.400580e+01  2.269211e+02 
   67.368    6.791000  2.541268e+01  2.383038e+02 
   67.368    6.894000  4.703045e+01  2.513704e+02 
   67.368    6.996000  8.583300e+01  2.654491e+02 
   67.368    7.099000  1.647232e+02  2.819347e+02 
   67.368    7.202000  2.744175e+02  2.952197e+02 
   67.368    7.305000  3.614717e+02  3.021890e+02 
   67.368    7.408000  4.095981e+02  3.051613e+02 
   67.368    7.511000  4.124707e+02  3.053271e+02 
   67.368    7.614000  4.143691e+02  3.054515e+02 
   67.368    7.717000  4.165928e+02  3.056036e+02 
   67.368    7.820000  4.195305e+02  3.057971e+02 
   67.368    7.922000  4.216578e+02  3.059467e+02 
   67.368    8.025000  4.240145e+02  3.061091e+02 
   67.368    8.127999  4.264402e+02  3.062734e+02 
   67.368    8.231000  4.288130e+02  3.064333e+02 
   67.368    8.334000  4.317558e+02  3.066209e+02 
   67.368    8.436999  4.366014e+02  3.069002e+02 
   67.368    8.540000  4.389686e+02  3.070567e+02 
   67.368    8.643000  4.412334e+02  3.072087e+02 
   67.368    8.745999  4.421286e+02  3.073080e+02 
   67.368    8.848000  4.432371e+02  3.074265e+02 
   67.368    8.950999  4.447028e+02  3.075740e+02 
   67.368    9.054000  4.466947e+02  3.077623e+02 
   67.368    9.157000  4.492493e+02  3.079919e+02 
   67.368    9.259999  4.509345e+02  3.081070e+02 
   67.368    9.363000  4.527265e+02  3.082245e+02 
   67.368    9.466000  4.546802e+02  3.083465e+02 
   67.368    9.568999  4.551689e+02  3.084023e+02 
   67.368    9.672000  4.556561e+02  3.084565e+02 
   67.368    9.773999  4.561339e+02  3.085087e+02 
   67.368    9.877000  4.566073e+02  3.085603e+02 
   67.368    9.980000  4.570704e+02  3.086107e+02 
   67.368   10.082999  4.575235e+02  3.086599e+02 
   67.368   10.186000  4.579986e+02  3.087069e+02 
   67.368   10.289000  4.584617e+02  3.087531e+02 
   67.368   10.391999  4.589154e+02  3.087985e+02 
   67.368   10.495000  4.593632e+02  3.088429e+02 
   67.368   10.598000  4.598060e+02  3.088865e+02 
   67.368   10.700000  4.602388e+02  3.089290e+02 
   67.368   10.802999  4.606693e+02  3.089712e+02 
   67.368   10.905999  4.610931e+02  3.090129e+02 
   67.368   11.009000  4.615107e+02  3.090541e+02 
   67.368   11.112000  4.619227e+02  3.090948e+02 
   67.368   11.214999  4.623295e+02  3.091351e+02 
   67.368   11.318000  4.627311e+02  3.091750e+02 
   67.368   11.421000  4.631277e+02  3.092145e+02 
   67.368   11.523999  4.635193e+02  3.092536e+02 
   67.368   11.627000  4.639058e+02  3.092923e+02 
   67.368   11.728999  4.642835e+02  3.093303e+02 
   67.368   11.832000  4.646597e+02  3.093681e+02 
   67.368   11.934999  4.650306e+02  3.094056e+02 
   67.368   12.037999  4.653966e+02  3.094426e+02 
   67.368   12.141000  4.657577e+02  3.094792e+02 
   67.368   12.243999  4.661139e+02  3.095153e+02 
   67.368   12.346999  4.664654e+02  3.095509e+02 
   67.368   12.450000  4.668121e+02  3.095861e+02 
   67.368   12.552999  4.671541e+02  3.096208e+02 
   67.368   12.655000  4.674881e+02  3.096546e+02 
   67.368   12.757999  4.678209e+02  3.096881e+02 
   67.368   12.861000  4.681495e+02  3.097210e+02 
   67.368   12.964000  4.684742e+02  3.097533e+02 
   67.368   13.066999  4.687949e+02  3.097849e+02 
   67.368   13.169999  4.691118e+02  3.098157e+02 
   67.368   13.273000  4.694249e+02  3.098459e+02 
   67.368   13.375999  4.697345e+02  3.098752e+02 
   67.368   13.478999  4.700406e+02  3.099039e+02 
   67.368   13.580999  4.703402e+02  3.099315e+02 
   67.368   13.684000  4.706393e+02  3.099586e+02 
   67.368   13.787000  4.709351e+02  3.099850e+02 
   67.368   13.889999  4.712274e+02  3.100107e+02 
   67.368   13.993000  4.715165e+02  3.100355e+02 
   67.368   14.096000  4.718025e+02  3.100596e+02 
   67.368   14.198999  4.720852e+02  3.100830e+02 
   67.368   14.302000  4.723647e+02  3.101056e+02 
   67.368   14.405000  4.726411e+02  3.101275e+02 
   67.368   14.507000  4.729117e+02  3.101484e+02 
   67.368   14.610000  4.731819e+02  3.101689e+02 
   67.368   14.712999  4.734488e+02  3.101889e+02 
   67.368   14.816000  4.737126e+02  3.102083e+02 
   67.368   14.919000  4.739733e+02  3.102273e+02 
   67.368   15.021999  4.742307e+02  3.102457e+02 
   67.368   15.125000  4.744850e+02  3.102637e+02 
   67.368   15.228000  4.747361e+02  3.102813e+02 
   67.368   15.330999  4.749842e+02  3.102985e+02 
   67.368   15.433000  4.752268e+02  3.103152e+02 
   67.368   15.535999  4.754688e+02  3.103315e+02 
   67.368   15.639000  4.757078e+02  3.103474e+02 
   67.368   15.742000  4.759439e+02  3.103629e+02 
   67.368   15.844999  4.761771e+02  3.103780e+02 
   67.368   15.947999  4.764075e+02  3.103926e+02 
   67.368   16.051001  4.766354e+02  3.104068e+02 
   67.368   16.154001  4.768608e+02  3.104205e+02 
   67.368   16.257000  4.770838e+02  3.104338e+02 
   67.368   16.360001  4.773044e+02  3.104466e+02 
   67.368   16.462000  4.775206e+02  3.104588e+02 
   67.368   16.565001  4.777368e+02  3.104707e+02 
   67.368   16.668001  4.779507e+02  3.104821e+02 
   67.368   16.771000  4.781626e+02  3.104929e+02 
   67.368   16.874001  4.783726e+02  3.105032e+02 
   67.368   16.977001  4.785807e+02  3.105129e+02 
   67.368   17.080000  4.787870e+02  3.105220e+02 
   67.368   17.183001  4.789919e+02  3.105302e+02 
   67.368   17.286001  4.791954e+02  3.105377e+02 
   67.368   17.388000  4.793956e+02  3.105443e+02 
   67.368   17.491001  4.795965e+02  3.105500e+02 
   67.368   17.594000  4.797963e+02  3.105550e+02 
   67.368   17.697001  4.799949e+02  3.105590e+02 
   67.368   17.800001  4.801922e+02  3.105623e+02 
   67.368   17.903000  4.803880e+02  3.105649e+02 
   67.368   18.006001  4.805824e+02  3.105669e+02 
   67.368   18.109001  4.807752e+02  3.105683e+02 
   67.368   18.212000  4.809664e+02  3.105692e+02 
   67.368   18.314001  4.811541e+02  3.105696e+02 
   67.368   18.417000  4.813419e+02  3.105695e+02 
   67.368   18.520000  4.815280e+02  3.105691e+02 
   67.368   18.623001  4.817126e+02  3.105681e+02 
   67.368   18.726000  4.818957e+02  3.105667e+02 
   67.368   18.829000  4.820773e+02  3.105648e+02 
   67.368   18.932001  4.822574e+02  3.105623e+02 
   67.368   19.035000  4.824362e+02  3.105594e+02 
   67.368   19.138000  4.826138e+02  3.105560e+02 
   67.368   19.240000  4.827882e+02  3.105522e+02 
   67.368   19.343000  4.829631e+02  3.105479e+02 
   67.368   19.446001  4.831366e+02  3.105432e+02 
   67.368   19.549000  4.833088e+02  3.105381e+02 
   67.368   19.652000  4.834796e+02  3.105326e+02 
   67.368   19.755001  4.836491e+02  3.105267e+02 
   67.368   19.858000  4.838174e+02  3.105205e+02 
   67.368   19.961000  4.839843e+02  3.105140e+02 
   67.368   20.064001  4.841504e+02  3.105068e+02 
   67.368   20.363001  4.846273e+02  3.104831e+02 
   67.368   20.859001  4.853958e+02  3.104375e+02 
   67.368   21.354000  4.861347e+02  3.103847e+02 
   67.368   21.850000  4.868477e+02  3.103254e+02 
   67.368   22.346001  4.875276e+02  3.102643e+02 
   67.368   22.842001  4.881684e+02  3.102061e+02 
   67.368   23.337000  4.887651e+02  3.101534e+02 
   67.368   23.833000  4.893225e+02  3.101056e+02 
   67.368   24.329000  4.898456e+02  3.100602e+02 
   67.368   24.825001  4.903376e+02  3.100161e+02 
   67.368   25.320000  4.907972e+02  3.099744e+02 
   67.368   25.816000  4.912270e+02  3.099355e+02 
   67.368   26.312000  4.916282e+02  3.098991e+02 
   67.368   26.808001  4.920038e+02  3.098644e+02 
   67.368   27.303001  4.923548e+02  3.098312e+02 
   67.368   27.799000  4.926830e+02  3.097996e+02 
   67.368   28.295000  4.929894e+02  3.097696e+02 
   67.368   28.791000  4.932768e+02  3.097405e+02 
   67.368   29.286001  4.935477e+02  3.097121e+02 
   67.368   29.782001  4.938055e+02  3.096837e+02 
   67.368   30.278000  4.940514e+02  3.096553e+02 
   67.368   30.774000  4.942871e+02  3.096271e+02 
   67.368   31.269001  4.945139e+02  3.095990e+02 
   67.368   31.765001  4.947342e+02  3.095711e+02 
   67.368   32.261002  4.949497e+02  3.095434e+02 
   67.368   32.757000  4.951624e+02  3.095161e+02 
   67.368   33.251999  4.953735e+02  3.094896e+02 
   67.368   33.748001  4.955852e+02  3.094640e+02 
   67.368   34.243999  4.957986e+02  3.094396e+02 
   67.368   34.740002  4.960152e+02  3.094166e+02 
   67.368   35.235001  4.962357e+02  3.093950e+02 
   67.368   35.730999  4.964619e+02  3.093748e+02 
   67.368   36.227001  4.966940e+02  3.093559e+02 
   67.368   36.723000  4.969319e+02  3.093383e+02 
   67.368   37.218002  4.971747e+02  3.093218e+02 
   67.368   37.714001  4.974221e+02  3.093065e+02 
   67.368   38.209999  4.976723e+02  3.092922e+02 
   67.368   38.706001  4.979230e+02  3.092791e+02 
   67.368   39.201000  4.981723e+02  3.092671e+02 
   67.368   39.697002  4.984186e+02  3.092562e+02 
   67.368   40.197002  4.986585e+02  3.092476e+02 
   67.368   45.197002  5.005380e+02  3.092131e+02 
   67.368   50.197002  5.012488e+02  3.092099e+02 
   67.368   55.197002  5.014997e+02  3.092131e+02 
   67.368   60.197002  5.022651e+02  3.092166e+02 
   67.368   65.196999  5.035060e+02  3.092193e+02 
