    0.000    0.000000  0.000000e+00  3.517957e+02 
    0.000    0.103000  0.000000e+00  3.506291e+02 
    0.000    0.206000  0.000000e+00  3.495688e+02 
    0.000    0.309000  0.000000e+00  3.485333e+02 
    0.000    0.412000  0.000000e+00  3.473069e+02 
    0.000    0.514000  0.000000e+00  3.459155e+02 
    0.000    0.617000  0.000000e+00  3.443870e+02 
    0.000    0.720000  0.000000e+00  3.427992e+02 
    0.000    0.823000  0.000000e+00  3.412251e+02 
    0.000    0.926000  0.000000e+00  3.396882e+02 
    0.000    1.029000  0.000000e+00  3.381247e+02 
    0.000    1.132000  0.000000e+00  3.365170e+02 
    0.000    1.235000  0.000000e+00  3.348030e+02 
    0.000    1.338000  0.000000e+00  3.331319e+02 
    0.000    1.440000  0.000000e+00  3.315150e+02 
    0.000    1.543000  0.000000e+00  3.299056e+02 
    0.000    1.646000  0.000000e+00  3.282561e+02 
    0.000    1.749000  0.000000e+00  3.265863e+02 
    0.000    1.852000  0.000000e+00  3.249087e+02 
    0.000    1.955000  0.000000e+00  3.031274e+02 
    0.000    2.058000  0.000000e+00  2.977928e+02 
    0.000    2.161000  0.000000e+00  2.937404e+02 
    0.000    2.264000  0.000000e+00  2.931386e+02 
    0.000    2.366000  0.000000e+00  2.923796e+02 
    0.000    2.469000  0.000000e+00  2.914947e+02 
    0.000    2.572000  0.000000e+00  2.904893e+02 
    0.000    2.675000  0.000000e+00  2.894166e+02 
    0.000    2.778000  0.000000e+00  2.883027e+02 
    0.000    2.881000  0.000000e+00  2.871629e+02 
    0.000    2.984000  0.000000e+00  2.860001e+02 
    0.000    3.087000  0.000000e+00  2.848256e+02 
    0.000    3.190000  0.000000e+00  2.836339e+02 
    0.000    3.293000  0.000000e+00  2.824378e+02 
    0.000    3.395000  0.000000e+00  2.812315e+02 
    0.000    3.498000  0.000000e+00  2.800086e+02 
    0.000    3.601000  0.000000e+00  2.787901e+02 
    0.000    3.704000  0.000000e+00  2.775797e+02 
    0.000    3.807000  0.000000e+00  2.763781e+02 
    0.000    3.910000  0.000000e+00  2.751689e+02 
    0.000    4.013000  0.000000e+00  2.739607e+02 
    0.000    4.116000  0.000000e+00  2.727567e+02 
    0.000    4.219000  0.000000e+00  2.715561e+02 
    0.000    4.321000  0.000000e+00  2.703716e+02 
    0.000    4.424000  0.000000e+00  2.691185e+02 
    0.000    4.527000  0.000000e+00  2.678157e+02 
    0.000    4.630000  0.000000e+00  2.664072e+02 
    0.000    4.733000  0.000000e+00  2.647307e+02 
    0.000    4.836000  0.000000e+00  2.626745e+02 
    0.000    4.939000  0.000000e+00  2.603154e+02 
    0.000    5.042000  0.000000e+00  2.578758e+02 
    0.000    5.145000  0.000000e+00  2.556373e+02 
    0.000    5.247000  0.000000e+00  2.537679e+02 
    0.000    5.350000  0.000000e+00  2.522903e+02 
    0.000    5.453000  0.000000e+00  2.510185e+02 
    0.000    5.556000  0.000000e+00  2.497140e+02 
    0.000    5.659000  0.000000e+00  2.481619e+02 
    0.000    5.762000  0.000000e+00  2.459808e+02 
    0.000    5.865000  0.000000e+00  2.426352e+02 
    0.000    5.968000  0.000000e+00  2.379818e+02 
    0.000    6.071000  0.000000e+00  2.323601e+02 
    0.000    6.173000  0.000000e+00  2.261583e+02 
    0.000    6.276000  0.000000e+00  2.196137e+02 
    0.000    6.379000  0.000000e+00  2.134160e+02 
    0.000    6.482000  0.000000e+00  2.073825e+02 
    0.000    6.585000  0.000000e+00  2.016769e+02 
    0.000    6.688000  0.000000e+00  1.969291e+02 
    0.000    6.791000  0.000000e+00  1.917637e+02 
    0.000    6.894000  0.000000e+00  1.872029e+02 
    0.000    6.997000  0.000000e+00  1.832289e+02 
    0.000    7.099000  0.000000e+00  1.798950e+02 
    0.000    7.202000  0.000000e+00  1.769148e+02 
    0.000    7.305000  0.000000e+00  1.752702e+02 
    0.000    7.408000  0.000000e+00  1.744728e+02 
    0.000    7.511000  0.000000e+00  1.744437e+02 
    0.000    7.614000  0.000000e+00  1.745024e+02 
    0.000    7.717000  0.000000e+00  1.745783e+02 
    0.000    7.820000  0.000000e+00  1.746739e+02 
    0.000    7.923000  0.000000e+00  1.747877e+02 
    0.000    8.025001  0.000000e+00  1.748887e+02 
    0.000    8.128000  0.000000e+00  1.749575e+02 
    0.000    8.231000  0.000000e+00  1.750113e+02 
    0.000    8.334001  0.000000e+00  1.750265e+02 
    0.000    8.437000  0.000000e+00  1.750160e+02 
    0.000    8.540000  0.000000e+00  1.749973e+02 
    0.000    8.643001  0.000000e+00  1.749631e+02 
    0.000    8.746000  0.000000e+00  1.749338e+02 
    0.000    8.849000  0.000000e+00  1.748970e+02 
    0.000    8.951000  0.000000e+00  1.748612e+02 
    0.000    9.054000  0.000000e+00  1.748255e+02 
    0.000    9.157001  0.000000e+00  1.747903e+02 
    0.000    9.260000  0.000000e+00  1.747682e+02 
    0.000    9.363000  0.000000e+00  1.747397e+02 
    0.000    9.466001  0.000000e+00  1.747145e+02 
    0.000    9.569000  0.000000e+00  1.747121e+02 
    0.000    9.672000  0.000000e+00  1.747133e+02 
    0.000    9.775001  0.000000e+00  1.747203e+02 
    0.000    9.878000  0.000000e+00  1.747404e+02 
    0.000    9.980000  0.000000e+00  1.747696e+02 
    0.000   10.083000  0.000000e+00  1.748015e+02 
    0.000   10.186000  0.000000e+00  1.748291e+02 
    0.000   10.289001  0.000000e+00  1.748539e+02 
    0.000   10.392000  0.000000e+00  1.748763e+02 
    0.000   10.495000  0.000000e+00  1.748942e+02 
    0.000   10.598001  0.000000e+00  1.749090e+02 
    0.000   10.701000  0.000000e+00  1.749209e+02 
    0.000   10.804000  0.000000e+00  1.749272e+02 
    0.000   10.906000  0.000000e+00  1.749295e+02 
    0.000   11.009000  0.000000e+00  1.749273e+02 
    0.000   11.112000  0.000000e+00  1.749144e+02 
    0.000   11.215000  0.000000e+00  1.748937e+02 
    0.000   11.318000  0.000000e+00  1.748682e+02 
    0.000   11.421000  0.000000e+00  1.748384e+02 
    0.000   11.524000  0.000000e+00  1.748053e+02 
    0.000   11.627000  0.000000e+00  1.747698e+02 
    0.000   11.730000  0.000000e+00  1.747331e+02 
    0.000   11.832000  0.000000e+00  1.746956e+02 
    0.000   11.935000  0.000000e+00  1.746567e+02 
    0.000   12.038000  0.000000e+00  1.746145e+02 
    0.000   12.141000  0.000000e+00  1.745697e+02 
    0.000   12.244000  0.000000e+00  1.745231e+02 
    0.000   12.347000  0.000000e+00  1.744768e+02 
    0.000   12.450000  0.000000e+00  1.744309e+02 
    0.000   12.553000  0.000000e+00  1.743850e+02 
    0.000   12.656000  0.000000e+00  1.743425e+02 
    0.000   12.758000  0.000000e+00  1.743044e+02 
    0.000   12.861000  0.000000e+00  1.742684e+02 
    0.000   12.964000  0.000000e+00  1.742344e+02 
    0.000   13.067000  0.000000e+00  1.742022e+02 
    0.000   13.170000  0.000000e+00  1.741713e+02 
    0.000   13.273000  0.000000e+00  1.741415e+02 
    0.000   13.376000  0.000000e+00  1.741131e+02 
    0.000   13.479000  0.000000e+00  1.740857e+02 
    0.000   13.582000  0.000000e+00  1.740591e+02 
    0.000   13.684000  0.000000e+00  1.740334e+02 
    0.000   13.787000  0.000000e+00  1.740081e+02 
    0.000   13.890000  0.000000e+00  1.739834e+02 
    0.000   13.993000  0.000000e+00  1.739591e+02 
    0.000   14.096000  0.000000e+00  1.739354e+02 
    0.000   14.199000  0.000000e+00  1.739119e+02 
    0.000   14.302000  0.000000e+00  1.738891e+02 
    0.000   14.405000  0.000000e+00  1.738668e+02 
    0.000   14.508000  0.000000e+00  1.738449e+02 
    0.000   14.610001  0.000000e+00  1.738234e+02 
    0.000   14.713000  0.000000e+00  1.738009e+02 
    0.000   14.816000  0.000000e+00  1.737778e+02 
    0.000   14.919000  0.000000e+00  1.737544e+02 
    0.000   15.022000  0.000000e+00  1.737299e+02 
    0.000   15.125000  0.000000e+00  1.737042e+02 
    0.000   15.228000  0.000000e+00  1.736780e+02 
    0.000   15.331000  0.000000e+00  1.736517e+02 
    0.000   15.434000  0.000000e+00  1.736258e+02 
    0.000   15.537000  0.000000e+00  1.736001e+02 
    0.000   15.639000  0.000000e+00  1.735753e+02 
    0.000   15.742001  0.000000e+00  1.735535e+02 
    0.000   15.845000  0.000000e+00  1.735343e+02 
    0.000   15.948001  0.000000e+00  1.735166e+02 
    0.000   16.050999  0.000000e+00  1.734968e+02 
    0.000   16.153999  0.000000e+00  1.734742e+02 
    0.000   16.257000  0.000000e+00  1.734498e+02 
    0.000   16.359999  0.000000e+00  1.734238e+02 
    0.000   16.462999  0.000000e+00  1.733950e+02 
    0.000   16.564999  0.000000e+00  1.733644e+02 
    0.000   16.667999  0.000000e+00  1.733322e+02 
    0.000   16.771000  0.000000e+00  1.732999e+02 
    0.000   16.873999  0.000000e+00  1.732677e+02 
    0.000   16.976999  0.000000e+00  1.732354e+02 
    0.000   17.080000  0.000000e+00  1.732037e+02 
    0.000   17.182999  0.000000e+00  1.731734e+02 
    0.000   17.285999  0.000000e+00  1.731440e+02 
    0.000   17.389000  0.000000e+00  1.731152e+02 
    0.000   17.490999  0.000000e+00  1.730883e+02 
    0.000   17.594000  0.000000e+00  1.730625e+02 
    0.000   17.696999  0.000000e+00  1.730378e+02 
    0.000   17.799999  0.000000e+00  1.730142e+02 
    0.000   17.903000  0.000000e+00  1.729920e+02 
    0.000   18.005999  0.000000e+00  1.729710e+02 
    0.000   18.108999  0.000000e+00  1.729509e+02 
    0.000   18.212000  0.000000e+00  1.729315e+02 
    0.000   18.314999  0.000000e+00  1.729126e+02 
    0.000   18.417000  0.000000e+00  1.728944e+02 
    0.000   18.519999  0.000000e+00  1.728765e+02 
    0.000   18.622999  0.000000e+00  1.728588e+02 
    0.000   18.726000  0.000000e+00  1.728414e+02 
    0.000   18.828999  0.000000e+00  1.728242e+02 
    0.000   18.931999  0.000000e+00  1.728072e+02 
    0.000   19.035000  0.000000e+00  1.727904e+02 
    0.000   19.137999  0.000000e+00  1.727737e+02 
    0.000   19.240999  0.000000e+00  1.727573e+02 
    0.000   19.342999  0.000000e+00  1.727403e+02 
    0.000   19.445999  0.000000e+00  1.727222e+02 
    0.000   19.549000  0.000000e+00  1.727035e+02 
    0.000   19.651999  0.000000e+00  1.726844e+02 
    0.000   19.754999  0.000000e+00  1.726649e+02 
    0.000   19.858000  0.000000e+00  1.726451e+02 
    0.000   19.960999  0.000000e+00  1.726251e+02 
    0.000   20.063999  0.000000e+00  1.726048e+02 
    0.000   20.362999  0.000000e+00  1.725474e+02 
    0.000   20.858999  0.000000e+00  1.724649e+02 
    0.000   21.355000  0.000000e+00  1.724028e+02 
    0.000   21.849998  0.000000e+00  1.723486e+02 
    0.000   22.345999  0.000000e+00  1.722933e+02 
    0.000   22.841999  0.000000e+00  1.722315e+02 
    0.000   23.337999  0.000000e+00  1.721712e+02 
    0.000   23.832998  0.000000e+00  1.721251e+02 
    0.000   24.328999  0.000000e+00  1.721010e+02 
    0.000   24.824999  0.000000e+00  1.720984e+02 
    0.000   25.320999  0.000000e+00  1.721028e+02 
    0.000   25.816000  0.000000e+00  1.721125e+02 
    0.000   26.311998  0.000000e+00  1.721299e+02 
    0.000   26.807999  0.000000e+00  1.721487e+02 
    0.000   27.303999  0.000000e+00  1.721707e+02 
    0.000   27.799000  0.000000e+00  1.721994e+02 
    0.000   28.295000  0.000000e+00  1.722346e+02 
    0.000   28.790998  0.000000e+00  1.722750e+02 
    0.000   29.286999  0.000000e+00  1.723226e+02 
    0.000   29.782000  0.000000e+00  1.723755e+02 
    0.000   30.278000  0.000000e+00  1.724313e+02 
    0.000   30.773998  0.000000e+00  1.724893e+02 
    0.000   31.269999  0.000000e+00  1.725493e+02 
    0.000   31.764999  0.000000e+00  1.726110e+02 
    0.000   32.261002  0.000000e+00  1.726738e+02 
    0.000   32.757000  0.000000e+00  1.727366e+02 
    0.000   33.253002  0.000000e+00  1.727977e+02 
    0.000   33.748001  0.000000e+00  1.728588e+02 
    0.000   34.243999  0.000000e+00  1.729212e+02 
    0.000   34.740002  0.000000e+00  1.729849e+02 
    0.000   35.236000  0.000000e+00  1.730491e+02 
    0.000   35.731003  0.000000e+00  1.731098e+02 
    0.000   36.227001  0.000000e+00  1.731672e+02 
    0.000   36.723000  0.000000e+00  1.732207e+02 
    0.000   37.219002  0.000000e+00  1.732709e+02 
    0.000   37.714001  0.000000e+00  1.733167e+02 
    0.000   38.210003  0.000000e+00  1.733589e+02 
    0.000   38.706001  0.000000e+00  1.734010e+02 
    0.000   39.202000  0.000000e+00  1.734443e+02 
    0.000   39.697002  0.000000e+00  1.734907e+02 
    0.000   40.197002  0.000000e+00  1.735424e+02 
    0.000   45.197002  0.000000e+00  1.739955e+02 
    0.000   50.197002  0.000000e+00  1.742234e+02 
    0.000   55.197002  0.000000e+00  1.742187e+02 
    0.000   60.197002  0.000000e+00  1.741510e+02 
    0.000   65.196999  0.000000e+00  1.740989e+02 
