   67.731    0.000000  9.124926e-02  1.366953e+01 
   67.731    0.103000  9.175096e-02  1.383475e+01 
   67.731    0.206000  9.224566e-02  1.400574e+01 
   67.731    0.309000  9.273571e-02  1.417950e+01 
   67.731    0.412000  9.322334e-02  1.435465e+01 
   67.731    0.515000  9.629855e-02  1.515481e+01 
   67.731    0.618000  9.680010e-02  1.533053e+01 
   67.731    0.720000  1.141659e-01  1.821896e+01 
   67.731    0.823000  1.491754e-01  2.278397e+01 
   67.731    0.926000  2.084209e-01  2.842216e+01 
   67.731    1.029000  3.033123e-01  3.475429e+01 
   67.731    1.132000  4.527439e-01  4.158744e+01 
   67.731    1.235000  7.166093e-01  4.957745e+01 
   67.731    1.338000  1.197904e+00  5.881564e+01 
   67.731    1.441000  2.107344e+00  6.946908e+01 
   67.731    1.544000  3.887228e+00  8.178493e+01 
   67.731    1.646000  7.435723e+00  9.593918e+01 
   67.731    1.749000  1.492420e+01  1.127047e+02 
   67.731    1.852000  2.781618e+01  1.256435e+02 
   67.731    1.955000  5.492958e+01  1.410139e+02 
   67.731    2.058000  1.104677e+02  1.580316e+02 
   67.731    2.161000  2.042882e+02  1.735220e+02 
   67.731    2.264000  3.330079e+02  1.849602e+02 
   67.731    2.367000  3.365122e+02  1.849930e+02 
   67.731    2.470000  3.387298e+02  1.849926e+02 
   67.731    2.572000  3.409094e+02  1.850260e+02 
   67.731    2.675000  3.431180e+02  1.851290e+02 
   67.731    2.778000  3.449471e+02  1.852017e+02 
   67.731    2.881000  3.467827e+02  1.852922e+02 
   67.731    2.984000  3.486284e+02  1.853976e+02 
   67.731    3.087000  3.502103e+02  1.854799e+02 
   67.731    3.190000  3.517806e+02  1.855732e+02 
   67.731    3.293000  3.533377e+02  1.856763e+02 
   67.731    3.396000  3.548814e+02  1.857882e+02 
   67.731    3.498000  3.563953e+02  1.859067e+02 
   67.731    3.601000  3.579129e+02  1.860328e+02 
   67.731    3.704000  3.594259e+02  1.861642e+02 
   67.731    3.807000  3.609350e+02  1.863004e+02 
   67.731    3.910000  3.624420e+02  1.864406e+02 
   67.731    4.013000  3.639472e+02  1.865844e+02 
   67.731    4.116000  3.654485e+02  1.867315e+02 
   67.731    4.219000  3.669437e+02  1.868817e+02 
   67.731    4.322000  3.684304e+02  1.870348e+02 
   67.731    4.424000  3.698927e+02  1.871888e+02 
   67.731    4.527000  3.713575e+02  1.873465e+02 
   67.731    4.630000  3.728093e+02  1.875062e+02 
   67.731    4.733000  3.742498e+02  1.876673e+02 
   67.731    4.836000  3.756774e+02  1.878295e+02 
   67.731    4.939000  3.770902e+02  1.879927e+02 
   67.731    5.042000  3.784866e+02  1.881568e+02 
   67.731    5.145000  3.798632e+02  1.883217e+02 
   67.731    5.248000  3.812174e+02  1.884872e+02 
   67.731    5.350000  3.825334e+02  1.886517e+02 
   67.731    5.453000  3.838356e+02  1.888183e+02 
   67.731    5.556000  3.851123e+02  1.889852e+02 
   67.731    5.659000  3.863624e+02  1.891522e+02 
   67.731    5.762000  3.875869e+02  1.893192e+02 
   67.731    5.865000  3.887883e+02  1.894861e+02 
   67.731    5.968000  3.899656e+02  1.896528e+02 
   67.731    6.071000  3.911201e+02  1.898191e+02 
   67.731    6.174000  3.922529e+02  1.899849e+02 
   67.731    6.277000  3.933684e+02  1.901499e+02 
   67.731    6.379000  3.944598e+02  1.903124e+02 
   67.731    6.482000  3.955509e+02  1.904756e+02 
   67.731    6.585000  3.966342e+02  1.906376e+02 
   67.731    6.688000  3.977154e+02  1.907984e+02 
   67.731    6.791000  3.987957e+02  1.909579e+02 
   67.731    6.894000  3.998776e+02  1.911159e+02 
   67.731    6.997000  4.013934e+02  1.913322e+02 
   67.731    7.100000  4.028028e+02  1.915312e+02 
   67.731    7.203000  4.041845e+02  1.917276e+02 
   67.731    7.305000  4.062725e+02  1.919561e+02 
   67.731    7.408000  4.089272e+02  1.922275e+02 
   67.731    7.511000  4.115970e+02  1.925026e+02 
   67.731    7.614000  4.138304e+02  1.927515e+02 
   67.731    7.717000  4.158169e+02  1.929853e+02 
   67.731    7.820000  4.178315e+02  1.932200e+02 
   67.731    7.923000  4.197000e+02  1.934429e+02 
   67.731    8.026000  4.214853e+02  1.936579e+02 
   67.731    8.129001  4.232022e+02  1.938658e+02 
   67.731    8.231000  4.252163e+02  1.940909e+02 
   67.731    8.334001  4.271156e+02  1.943074e+02 
   67.731    8.437000  4.289457e+02  1.945184e+02 
   67.731    8.540000  4.306442e+02  1.947197e+02 
   67.731    8.643001  4.324704e+02  1.949285e+02 
   67.731    8.746000  4.346889e+02  1.951616e+02 
   67.731    8.849000  4.372013e+02  1.954090e+02 
   67.731    8.952001  4.394712e+02  1.956379e+02 
   67.731    9.055000  4.427421e+02  1.959276e+02 
   67.731    9.157001  4.458163e+02  1.961992e+02 
   67.731    9.260000  4.463105e+02  1.963036e+02 
   67.731    9.363000  4.468071e+02  1.964059e+02 
   67.731    9.466001  4.473076e+02  1.965060e+02 
   67.731    9.569000  4.477786e+02  1.966047e+02 
   67.731    9.672000  4.482507e+02  1.967013e+02 
   67.731    9.775001  4.487212e+02  1.967958e+02 
   67.731    9.878000  4.491866e+02  1.968883e+02 
   67.731    9.981000  4.496459e+02  1.969787e+02 
   67.731   10.083000  4.500934e+02  1.970664e+02 
   67.731   10.186000  4.505683e+02  1.971525e+02 
   67.731   10.289001  4.510316e+02  1.972370e+02 
   67.731   10.392000  4.514854e+02  1.973199e+02 
   67.731   10.495000  4.519328e+02  1.974014e+02 
   67.731   10.598001  4.523743e+02  1.974816e+02 
   67.731   10.701000  4.528099e+02  1.975603e+02 
   67.731   10.804000  4.532397e+02  1.976379e+02 
   67.731   10.907001  4.536637e+02  1.977143e+02 
   67.731   11.009000  4.540777e+02  1.977888e+02 
   67.731   11.112000  4.544900e+02  1.978631e+02 
   67.731   11.215000  4.548967e+02  1.979364e+02 
   67.731   11.318000  4.552978e+02  1.980087e+02 
   67.731   11.421000  4.556936e+02  1.980801e+02 
   67.731   11.524000  4.560842e+02  1.981507e+02 
   67.731   11.627000  4.564694e+02  1.982203e+02 
   67.731   11.730000  4.568491e+02  1.982892e+02 
   67.731   11.833000  4.572234e+02  1.983571e+02 
   67.731   11.936000  4.575922e+02  1.984241e+02 
   67.731   12.038000  4.579522e+02  1.984897e+02 
   67.731   12.141001  4.583108e+02  1.985549e+02 
   67.731   12.244000  4.586643e+02  1.986192e+02 
   67.731   12.347000  4.590131e+02  1.986826e+02 
   67.731   12.450001  4.593573e+02  1.987450e+02 
   67.731   12.553000  4.596969e+02  1.988066e+02 
   67.731   12.656000  4.600321e+02  1.988672e+02 
   67.731   12.759000  4.603629e+02  1.989268e+02 
   67.731   12.862000  4.606898e+02  1.989855e+02 
   67.731   12.964001  4.610097e+02  1.990427e+02 
   67.731   13.067000  4.613291e+02  1.990994e+02 
   67.731   13.170000  4.616448e+02  1.991552e+02 
   67.731   13.273001  4.619568e+02  1.992100e+02 
   67.731   13.376000  4.622652e+02  1.992637e+02 
   67.731   13.479000  4.625700e+02  1.993165e+02 
   67.731   13.582001  4.628714e+02  1.993682e+02 
   67.731   13.685000  4.631694e+02  1.994188e+02 
   67.731   13.788000  4.634642e+02  1.994684e+02 
   67.731   13.890000  4.637528e+02  1.995165e+02 
   67.731   13.993000  4.640412e+02  1.995639e+02 
   67.731   14.096001  4.643265e+02  1.996103e+02 
   67.731   14.199000  4.646087e+02  1.996555e+02 
   67.731   14.302000  4.648877e+02  1.996998e+02 
   67.731   14.405001  4.651635e+02  1.997431e+02 
   67.731   14.508000  4.654362e+02  1.997855e+02 
   67.731   14.611000  4.657057e+02  1.998270e+02 
   67.731   14.714001  4.659718e+02  1.998677e+02 
   67.731   14.816000  4.662322e+02  1.999073e+02 
   67.731   14.919001  4.664918e+02  1.999465e+02 
   67.731   15.022000  4.667482e+02  1.999850e+02 
   67.731   15.125000  4.670014e+02  2.000228e+02 
   67.731   15.228001  4.672515e+02  2.000600e+02 
   67.731   15.331000  4.674984e+02  2.000965e+02 
   67.731   15.434000  4.677423e+02  2.001322e+02 
   67.731   15.537001  4.679832e+02  2.001674e+02 
   67.731   15.640000  4.682210e+02  2.002018e+02 
   67.731   15.742001  4.684537e+02  2.002353e+02 
   67.731   15.845000  4.686858e+02  2.002685e+02 
   67.731   15.948000  4.689153e+02  2.003010e+02 
   67.731   16.051001  4.691422e+02  2.003329e+02 
   67.731   16.154001  4.693667e+02  2.003642e+02 
   67.731   16.257000  4.695888e+02  2.003949e+02 
   67.731   16.360001  4.698086e+02  2.004249e+02 
   67.731   16.462999  4.700261e+02  2.004542e+02 
   67.731   16.566000  4.702415e+02  2.004829e+02 
   67.731   16.669001  4.704547e+02  2.005109e+02 
   67.731   16.771000  4.706638e+02  2.005379e+02 
   67.731   16.874001  4.708732e+02  2.005645e+02 
   67.731   16.977001  4.710807e+02  2.005902e+02 
   67.731   17.080000  4.712867e+02  2.006151e+02 
   67.731   17.183001  4.714914e+02  2.006390e+02 
   67.731   17.286001  4.716948e+02  2.006620e+02 
   67.731   17.389000  4.718969e+02  2.006840e+02 
   67.731   17.492001  4.720978e+02  2.007051e+02 
   67.731   17.595001  4.722975e+02  2.007252e+02 
   67.731   17.697001  4.724941e+02  2.007442e+02 
   67.731   17.800001  4.726913e+02  2.007626e+02 
   67.731   17.903000  4.728868e+02  2.007803e+02 
   67.731   18.006001  4.730808e+02  2.007974e+02 
   67.731   18.109001  4.732732e+02  2.008138e+02 
   67.731   18.212000  4.734639e+02  2.008296e+02 
   67.731   18.315001  4.736530e+02  2.008448e+02 
   67.731   18.418001  4.738405e+02  2.008594e+02 
   67.731   18.521000  4.740263e+02  2.008735e+02 
   67.731   18.623001  4.742088e+02  2.008868e+02 
   67.731   18.726000  4.743917e+02  2.008996e+02 
   67.731   18.829000  4.745731e+02  2.009119e+02 
   67.731   18.932001  4.747529e+02  2.009236e+02 
   67.731   19.035000  4.749314e+02  2.009348e+02 
   67.731   19.138000  4.751086e+02  2.009454e+02 
   67.731   19.241001  4.752844e+02  2.009555e+02 
   67.731   19.344000  4.754588e+02  2.009651e+02 
   67.731   19.447001  4.756320e+02  2.009741e+02 
   67.731   19.549000  4.758022e+02  2.009826e+02 
   67.731   19.652000  4.759727e+02  2.009907e+02 
   67.731   19.755001  4.761420e+02  2.009983e+02 
   67.731   19.858000  4.763101e+02  2.010054e+02 
   67.731   19.961000  4.764769e+02  2.010121e+02 
   67.731   20.064001  4.766429e+02  2.010181e+02 
   67.731   20.363001  4.771194e+02  2.010323e+02 
   67.731   20.859001  4.778869e+02  2.010480e+02 
   67.731   21.355000  4.786263e+02  2.010545e+02 
   67.731   21.850000  4.793355e+02  2.010535e+02 
   67.731   22.346001  4.800107e+02  2.010489e+02 
   67.731   22.842001  4.806450e+02  2.010443e+02 
   67.731   23.337999  4.812363e+02  2.010414e+02 
   67.731   23.833000  4.817877e+02  2.010392e+02 
   67.731   24.329000  4.823075e+02  2.010358e+02 
   67.731   24.825001  4.827970e+02  2.010312e+02 
   67.731   25.321001  4.832547e+02  2.010265e+02 
   67.731   25.816999  4.836815e+02  2.010222e+02 
   67.731   26.312000  4.840794e+02  2.010177e+02 
   67.731   26.808001  4.844527e+02  2.010128e+02 
   67.731   27.304001  4.848016e+02  2.010075e+02 
   67.731   27.800001  4.851272e+02  2.010021e+02 
   67.731   28.295000  4.854312e+02  2.009962e+02 
   67.731   28.791000  4.857174e+02  2.009898e+02 
   67.731   29.287001  4.859879e+02  2.009825e+02 
   67.731   29.783001  4.862447e+02  2.009742e+02 
   67.731   30.278000  4.864888e+02  2.009650e+02 
   67.731   30.774000  4.867230e+02  2.009551e+02 
   67.731   31.270000  4.869485e+02  2.009445e+02 
   67.731   31.766001  4.871666e+02  2.009333e+02 
   67.731   32.260998  4.873794e+02  2.009216e+02 
   67.731   32.757000  4.875896e+02  2.009095e+02 
   67.731   33.252998  4.877982e+02  2.008972e+02 
   67.731   33.748997  4.880070e+02  2.008851e+02 
   67.731   34.243999  4.882165e+02  2.008734e+02 
   67.731   34.739998  4.884294e+02  2.008622e+02 
   67.731   35.236000  4.886465e+02  2.008517e+02 
   67.731   35.731998  4.888689e+02  2.008417e+02 
   67.731   36.226997  4.890965e+02  2.008324e+02 
   67.731   36.723000  4.893303e+02  2.008237e+02 
   67.731   37.218998  4.895695e+02  2.008156e+02 
   67.731   37.715000  4.898130e+02  2.008080e+02 
   67.731   38.209999  4.900589e+02  2.008010e+02 
   67.731   38.705997  4.903063e+02  2.007946e+02 
   67.731   39.202000  4.905530e+02  2.007887e+02 
   67.731   39.697998  4.907967e+02  2.007836e+02 
   67.731   40.197998  4.910341e+02  2.007800e+02 
   67.731   45.197998  4.929030e+02  2.007742e+02 
   67.731   50.197998  4.936119e+02  2.007826e+02 
   67.731   55.197998  4.938604e+02  2.007909e+02 
   67.731   60.197998  4.946063e+02  2.007968e+02 
   67.731   65.198006  4.958399e+02  2.008007e+02 
