    0.000    0.000000  0.000000e+00  3.497406e+02 
    0.000    0.103000  0.000000e+00  3.490698e+02 
    0.000    0.206000  0.000000e+00  3.477399e+02 
    0.000    0.308000  0.000000e+00  3.463386e+02 
    0.000    0.411000  0.000000e+00  3.447865e+02 
    0.000    0.514000  0.000000e+00  3.434089e+02 
    0.000    0.617000  0.000000e+00  3.420035e+02 
    0.000    0.720000  0.000000e+00  3.405146e+02 
    0.000    0.823000  0.000000e+00  3.391257e+02 
    0.000    0.926000  0.000000e+00  3.376483e+02 
    0.000    1.029000  0.000000e+00  3.360827e+02 
    0.000    1.132000  0.000000e+00  3.346396e+02 
    0.000    1.234000  0.000000e+00  3.330537e+02 
    0.000    1.337000  0.000000e+00  3.314429e+02 
    0.000    1.440000  0.000000e+00  3.297944e+02 
    0.000    1.543000  0.000000e+00  3.281054e+02 
    0.000    1.646000  0.000000e+00  3.266664e+02 
    0.000    1.749000  0.000000e+00  3.251954e+02 
    0.000    1.852000  0.000000e+00  3.201821e+02 
    0.000    1.955000  0.000000e+00  3.153851e+02 
    0.000    2.058000  0.000000e+00  3.107921e+02 
    0.000    2.160000  0.000000e+00  3.065439e+02 
    0.000    2.263000  0.000000e+00  3.054784e+02 
    0.000    2.366000  0.000000e+00  3.043700e+02 
    0.000    2.469000  0.000000e+00  3.032026e+02 
    0.000    2.572000  0.000000e+00  3.019685e+02 
    0.000    2.675000  0.000000e+00  3.006956e+02 
    0.000    2.778000  0.000000e+00  2.993964e+02 
    0.000    2.881000  0.000000e+00  2.980910e+02 
    0.000    2.984000  0.000000e+00  2.967935e+02 
    0.000    3.086000  0.000000e+00  2.955083e+02 
    0.000    3.189000  0.000000e+00  2.942066e+02 
    0.000    3.292000  0.000000e+00  2.929102e+02 
    0.000    3.395000  0.000000e+00  2.916247e+02 
    0.000    3.498000  0.000000e+00  2.903518e+02 
    0.000    3.601000  0.000000e+00  2.890995e+02 
    0.000    3.704000  0.000000e+00  2.878730e+02 
    0.000    3.807000  0.000000e+00  2.866649e+02 
    0.000    3.910000  0.000000e+00  2.854494e+02 
    0.000    4.012000  0.000000e+00  2.842458e+02 
    0.000    4.115000  0.000000e+00  2.830385e+02 
    0.000    4.218000  0.000000e+00  2.818396e+02 
    0.000    4.321000  0.000000e+00  2.806559e+02 
    0.000    4.424000  0.000000e+00  2.794730e+02 
    0.000    4.527000  0.000000e+00  2.783002e+02 
    0.000    4.630000  0.000000e+00  2.771403e+02 
    0.000    4.733000  0.000000e+00  2.759873e+02 
    0.000    4.836000  0.000000e+00  2.748482e+02 
    0.000    4.938000  0.000000e+00  2.737272e+02 
    0.000    5.041000  0.000000e+00  2.726057e+02 
    0.000    5.144000  0.000000e+00  2.715008e+02 
    0.000    5.247000  0.000000e+00  2.704061e+02 
    0.000    5.350000  0.000000e+00  2.693244e+02 
    0.000    5.453000  0.000000e+00  2.682589e+02 
    0.000    5.556000  0.000000e+00  2.672084e+02 
    0.000    5.659000  0.000000e+00  2.661750e+02 
    0.000    5.762000  0.000000e+00  2.651577e+02 
    0.000    5.864000  0.000000e+00  2.641620e+02 
    0.000    5.967000  0.000000e+00  2.631740e+02 
    0.000    6.070000  0.000000e+00  2.622043e+02 
    0.000    6.173000  0.000000e+00  2.612506e+02 
    0.000    6.276000  0.000000e+00  2.603135e+02 
    0.000    6.379000  0.000000e+00  2.594067e+02 
    0.000    6.482000  0.000000e+00  2.585258e+02 
    0.000    6.585000  0.000000e+00  2.576721e+02 
    0.000    6.688000  0.000000e+00  2.568618e+02 
    0.000    6.791000  0.000000e+00  2.560846e+02 
    0.000    6.893000  0.000000e+00  2.553709e+02 
    0.000    6.996000  0.000000e+00  2.547283e+02 
    0.000    7.099000  0.000000e+00  2.541423e+02 
    0.000    7.202000  0.000000e+00  2.536718e+02 
    0.000    7.305000  0.000000e+00  2.533077e+02 
    0.000    7.408000  0.000000e+00  2.530098e+02 
    0.000    7.511000  0.000000e+00  2.528185e+02 
    0.000    7.614000  0.000000e+00  2.526983e+02 
    0.000    7.717000  0.000000e+00  2.526107e+02 
    0.000    7.819000  0.000000e+00  2.525284e+02 
    0.000    7.921999  0.000000e+00  2.524511e+02 
    0.000    8.025001  0.000000e+00  2.523579e+02 
    0.000    8.128000  0.000000e+00  2.522267e+02 
    0.000    8.231000  0.000000e+00  2.520732e+02 
    0.000    8.334001  0.000000e+00  2.519045e+02 
    0.000    8.437000  0.000000e+00  2.517241e+02 
    0.000    8.540000  0.000000e+00  2.515372e+02 
    0.000    8.643001  0.000000e+00  2.513516e+02 
    0.000    8.745000  0.000000e+00  2.511695e+02 
    0.000    8.848001  0.000000e+00  2.509865e+02 
    0.000    8.951000  0.000000e+00  2.508148e+02 
    0.000    9.054000  0.000000e+00  2.506517e+02 
    0.000    9.157001  0.000000e+00  2.504955e+02 
    0.000    9.260000  0.000000e+00  2.503665e+02 
    0.000    9.363000  0.000000e+00  2.502572e+02 
    0.000    9.466001  0.000000e+00  2.501604e+02 
    0.000    9.569000  0.000000e+00  2.500772e+02 
    0.000    9.671000  0.000000e+00  2.500057e+02 
    0.000    9.774000  0.000000e+00  2.499398e+02 
    0.000    9.877000  0.000000e+00  2.498754e+02 
    0.000    9.980000  0.000000e+00  2.498131e+02 
    0.000   10.083000  0.000000e+00  2.497517e+02 
    0.000   10.186000  0.000000e+00  2.496877e+02 
    0.000   10.289001  0.000000e+00  2.496229e+02 
    0.000   10.392000  0.000000e+00  2.495621e+02 
    0.000   10.495000  0.000000e+00  2.495116e+02 
    0.000   10.597000  0.000000e+00  2.494693e+02 
    0.000   10.700001  0.000000e+00  2.494262e+02 
    0.000   10.803000  0.000000e+00  2.493696e+02 
    0.000   10.906000  0.000000e+00  2.493043e+02 
    0.000   11.009000  0.000000e+00  2.492334e+02 
    0.000   11.112000  0.000000e+00  2.491526e+02 
    0.000   11.215000  0.000000e+00  2.490650e+02 
    0.000   11.318000  0.000000e+00  2.489737e+02 
    0.000   11.421000  0.000000e+00  2.488778e+02 
    0.000   11.523001  0.000000e+00  2.487797e+02 
    0.000   11.626000  0.000000e+00  2.486790e+02 
    0.000   11.729000  0.000000e+00  2.485768e+02 
    0.000   11.832001  0.000000e+00  2.484738e+02 
    0.000   11.935000  0.000000e+00  2.483703e+02 
    0.000   12.038000  0.000000e+00  2.482713e+02 
    0.000   12.141001  0.000000e+00  2.481761e+02 
    0.000   12.244000  0.000000e+00  2.480831e+02 
    0.000   12.347000  0.000000e+00  2.479951e+02 
    0.000   12.450001  0.000000e+00  2.479118e+02 
    0.000   12.552000  0.000000e+00  2.478322e+02 
    0.000   12.655001  0.000000e+00  2.477556e+02 
    0.000   12.758000  0.000000e+00  2.476826e+02 
    0.000   12.861000  0.000000e+00  2.476124e+02 
    0.000   12.964001  0.000000e+00  2.475438e+02 
    0.000   13.067000  0.000000e+00  2.474761e+02 
    0.000   13.170000  0.000000e+00  2.474095e+02 
    0.000   13.273001  0.000000e+00  2.473433e+02 
    0.000   13.376000  0.000000e+00  2.472765e+02 
    0.000   13.478001  0.000000e+00  2.472101e+02 
    0.000   13.581000  0.000000e+00  2.471433e+02 
    0.000   13.684000  0.000000e+00  2.470768e+02 
    0.000   13.787001  0.000000e+00  2.470108e+02 
    0.000   13.890000  0.000000e+00  2.469453e+02 
    0.000   13.993000  0.000000e+00  2.468827e+02 
    0.000   14.096001  0.000000e+00  2.468230e+02 
    0.000   14.199000  0.000000e+00  2.467651e+02 
    0.000   14.302000  0.000000e+00  2.467098e+02 
    0.000   14.404000  0.000000e+00  2.466576e+02 
    0.000   14.507000  0.000000e+00  2.466071e+02 
    0.000   14.610001  0.000000e+00  2.465577e+02 
    0.000   14.713000  0.000000e+00  2.465081e+02 
    0.000   14.816000  0.000000e+00  2.464583e+02 
    0.000   14.919001  0.000000e+00  2.464090e+02 
    0.000   15.022000  0.000000e+00  2.463603e+02 
    0.000   15.125000  0.000000e+00  2.463124e+02 
    0.000   15.228001  0.000000e+00  2.462653e+02 
    0.000   15.330000  0.000000e+00  2.462184e+02 
    0.000   15.433001  0.000000e+00  2.461703e+02 
    0.000   15.536000  0.000000e+00  2.461218e+02 
    0.000   15.639000  0.000000e+00  2.460734e+02 
    0.000   15.742001  0.000000e+00  2.460249e+02 
    0.000   15.845000  0.000000e+00  2.459765e+02 
    0.000   15.948000  0.000000e+00  2.459281e+02 
    0.000   16.051001  0.000000e+00  2.458827e+02 
    0.000   16.154001  0.000000e+00  2.458403e+02 
    0.000   16.256001  0.000000e+00  2.458006e+02 
    0.000   16.359001  0.000000e+00  2.457611e+02 
    0.000   16.462000  0.000000e+00  2.457206e+02 
    0.000   16.565001  0.000000e+00  2.456795e+02 
    0.000   16.668001  0.000000e+00  2.456383e+02 
    0.000   16.771000  0.000000e+00  2.455954e+02 
    0.000   16.874001  0.000000e+00  2.455512e+02 
    0.000   16.977001  0.000000e+00  2.455061e+02 
    0.000   17.080000  0.000000e+00  2.454607e+02 
    0.000   17.183001  0.000000e+00  2.454152e+02 
    0.000   17.285000  0.000000e+00  2.453701e+02 
    0.000   17.388000  0.000000e+00  2.453245e+02 
    0.000   17.491001  0.000000e+00  2.452791e+02 
    0.000   17.594000  0.000000e+00  2.452338e+02 
    0.000   17.697001  0.000000e+00  2.451886e+02 
    0.000   17.800001  0.000000e+00  2.451438e+02 
    0.000   17.903000  0.000000e+00  2.450997e+02 
    0.000   18.006001  0.000000e+00  2.450561e+02 
    0.000   18.109001  0.000000e+00  2.450130e+02 
    0.000   18.211000  0.000000e+00  2.449721e+02 
    0.000   18.314001  0.000000e+00  2.449326e+02 
    0.000   18.417000  0.000000e+00  2.448946e+02 
    0.000   18.520000  0.000000e+00  2.448578e+02 
    0.000   18.623001  0.000000e+00  2.448224e+02 
    0.000   18.726000  0.000000e+00  2.447882e+02 
    0.000   18.829000  0.000000e+00  2.447551e+02 
    0.000   18.932001  0.000000e+00  2.447228e+02 
    0.000   19.035000  0.000000e+00  2.446913e+02 
    0.000   19.137001  0.000000e+00  2.446608e+02 
    0.000   19.240000  0.000000e+00  2.446307e+02 
    0.000   19.343000  0.000000e+00  2.446008e+02 
    0.000   19.446001  0.000000e+00  2.445710e+02 
    0.000   19.549000  0.000000e+00  2.445414e+02 
    0.000   19.652000  0.000000e+00  2.445121e+02 
    0.000   19.755001  0.000000e+00  2.444818e+02 
    0.000   19.858000  0.000000e+00  2.444503e+02 
    0.000   19.961000  0.000000e+00  2.444181e+02 
    0.000   20.063000  0.000000e+00  2.443858e+02 
    0.000   20.363001  0.000000e+00  2.442886e+02 
    0.000   20.859001  0.000000e+00  2.441396e+02 
    0.000   21.354000  0.000000e+00  2.440178e+02 
    0.000   21.850000  0.000000e+00  2.439146e+02 
    0.000   22.346001  0.000000e+00  2.438195e+02 
    0.000   22.842001  0.000000e+00  2.437265e+02 
    0.000   23.337000  0.000000e+00  2.436340e+02 
    0.000   23.833000  0.000000e+00  2.435532e+02 
    0.000   24.329000  0.000000e+00  2.434996e+02 
    0.000   24.825001  0.000000e+00  2.434736e+02 
    0.000   25.320000  0.000000e+00  2.434659e+02 
    0.000   25.816000  0.000000e+00  2.434570e+02 
    0.000   26.312000  0.000000e+00  2.434453e+02 
    0.000   26.808001  0.000000e+00  2.434454e+02 
    0.000   27.302999  0.000000e+00  2.434581e+02 
    0.000   27.799000  0.000000e+00  2.434793e+02 
    0.000   28.295000  0.000000e+00  2.435082e+02 
    0.000   28.791000  0.000000e+00  2.435447e+02 
    0.000   29.286001  0.000000e+00  2.435832e+02 
    0.000   29.782000  0.000000e+00  2.436259e+02 
    0.000   30.278000  0.000000e+00  2.436762e+02 
    0.000   30.774000  0.000000e+00  2.437326e+02 
    0.000   31.269001  0.000000e+00  2.437905e+02 
    0.000   31.764999  0.000000e+00  2.438464e+02 
    0.000   32.260998  0.000000e+00  2.439013e+02 
    0.000   32.757000  0.000000e+00  2.439559e+02 
    0.000   33.251999  0.000000e+00  2.440100e+02 
    0.000   33.747997  0.000000e+00  2.440649e+02 
    0.000   34.243999  0.000000e+00  2.441210e+02 
    0.000   34.739998  0.000000e+00  2.441809e+02 
    0.000   35.234997  0.000000e+00  2.442438e+02 
    0.000   35.730999  0.000000e+00  2.443054e+02 
    0.000   36.226997  0.000000e+00  2.443648e+02 
    0.000   36.723000  0.000000e+00  2.444177e+02 
    0.000   37.217999  0.000000e+00  2.444648e+02 
    0.000   37.713997  0.000000e+00  2.445086e+02 
    0.000   38.209999  0.000000e+00  2.445498e+02 
    0.000   38.705997  0.000000e+00  2.445917e+02 
    0.000   39.201000  0.000000e+00  2.446351e+02 
    0.000   39.696999  0.000000e+00  2.446810e+02 
    0.000   40.196999  0.000000e+00  2.447304e+02 
    0.000   45.196999  0.000000e+00  2.451770e+02 
    0.000   50.196999  0.000000e+00  2.454008e+02 
    0.000   55.196999  0.000000e+00  2.453948e+02 
    0.000   60.196999  0.000000e+00  2.453280e+02 
    0.000   65.196999  0.000000e+00  2.452752e+02 
