   67.055    0.000000  2.924229e+01  2.841715e+01 
   67.055    0.103000  2.940507e+01  2.862279e+01 
   67.055    0.206000  2.990840e+01  2.940846e+01 
   67.055    0.309000  3.056425e+01  3.045733e+01 
   67.055    0.412000  3.117196e+01  3.142828e+01 
   67.055    0.515000  3.175646e+01  3.235898e+01 
   67.055    0.618000  3.231664e+01  3.324636e+01 
   67.055    0.720000  3.281813e+01  3.403534e+01 
   67.055    0.823000  3.308009e+01  3.443777e+01 
   67.055    0.926000  3.334147e+01  3.484034e+01 
   67.055    1.029000  3.359934e+01  3.523775e+01 
   67.055    1.132000  3.384935e+01  3.562284e+01 
   67.055    1.235000  3.409010e+01  3.599220e+01 
   67.055    1.338000  3.432233e+01  3.634582e+01 
   67.055    1.441000  3.454555e+01  3.668434e+01 
   67.055    1.544000  3.472213e+01  3.695003e+01 
   67.055    1.646000  3.489569e+01  3.721399e+01 
   67.055    1.749000  3.506977e+01  3.748098e+01 
   67.055    1.852000  8.156362e+01  6.706264e+01 
   67.055    1.955000  1.869310e+02  9.737625e+01 
   67.055    2.058000  3.717724e+02  1.212304e+02 
   67.055    2.161000  3.736108e+02  1.212372e+02 
   67.055    2.264000  3.754313e+02  1.212872e+02 
   67.055    2.367000  3.772289e+02  1.213680e+02 
   67.055    2.470000  3.790079e+02  1.214715e+02 
   67.055    2.572000  3.807567e+02  1.215913e+02 
   67.055    2.675000  3.825110e+02  1.217264e+02 
   67.055    2.778000  3.842584e+02  1.218727e+02 
   67.055    2.881000  3.859963e+02  1.220289e+02 
   67.055    2.984000  3.877215e+02  1.221937e+02 
   67.055    3.087000  3.894332e+02  1.223660e+02 
   67.055    3.190000  3.911324e+02  1.225447e+02 
   67.055    3.293000  3.928200e+02  1.227289e+02 
   67.055    3.396000  3.944968e+02  1.229178e+02 
   67.055    3.498000  3.961462e+02  1.231088e+02 
   67.055    3.601000  3.978055e+02  1.233050e+02 
   67.055    3.704000  3.994628e+02  1.235036e+02 
   67.055    3.807000  4.011198e+02  1.237043e+02 
   67.055    3.910000  4.027815e+02  1.239064e+02 
   67.055    4.013000  4.044501e+02  1.241098e+02 
   67.055    4.116000  4.061214e+02  1.243143e+02 
   67.055    4.219000  4.077898e+02  1.245199e+02 
   67.055    4.322000  4.094512e+02  1.247267e+02 
   67.055    4.424000  4.110824e+02  1.249324e+02 
   67.055    4.527000  4.127088e+02  1.251412e+02 
   67.055    4.630000  4.143128e+02  1.253507e+02 
   67.055    4.733000  4.158963e+02  1.255605e+02 
   67.055    4.836000  4.174564e+02  1.257705e+02 
   67.055    4.939000  4.189917e+02  1.259804e+02 
   67.055    5.042000  4.205011e+02  1.261901e+02 
   67.055    5.145000  4.219812e+02  1.263995e+02 
   67.055    5.248000  4.234313e+02  1.266084e+02 
   67.055    5.351000  4.248499e+02  1.268168e+02 
   67.055    5.453000  4.262226e+02  1.270226e+02 
   67.055    5.556000  4.275781e+02  1.272296e+02 
   67.055    5.659000  4.289026e+02  1.274358e+02 
   67.055    5.762000  4.301974e+02  1.276410e+02 
   67.055    5.865000  4.314656e+02  1.278451e+02 
   67.055    5.968000  4.327065e+02  1.280482e+02 
   67.055    6.071000  4.339236e+02  1.282500e+02 
   67.055    6.174000  4.351223e+02  1.284503e+02 
   67.055    6.277000  4.363055e+02  1.286490e+02 
   67.055    6.379000  4.374661e+02  1.288439e+02 
   67.055    6.482000  4.386294e+02  1.290388e+02 
   67.055    6.585000  4.397867e+02  1.292317e+02 
   67.055    6.688000  4.409416e+02  1.294223e+02 
   67.055    6.791000  4.420941e+02  1.296108e+02 
   67.055    6.894000  4.432375e+02  1.297970e+02 
   67.055    6.997000  4.443630e+02  1.299810e+02 
   67.055    7.100000  4.454623e+02  1.301628e+02 
   67.055    7.203000  4.465156e+02  1.303424e+02 
   67.055    7.305000  4.474952e+02  1.305178e+02 
   67.055    7.408000  4.484179e+02  1.306922e+02 
   67.055    7.511000  4.492721e+02  1.308638e+02 
   67.055    7.614000  4.500509e+02  1.310327e+02 
   67.055    7.717000  4.507717e+02  1.311989e+02 
   67.055    7.820000  4.514678e+02  1.313624e+02 
   67.055    7.923000  4.521437e+02  1.315234e+02 
   67.055    8.026000  4.528067e+02  1.316819e+02 
   67.055    8.129000  4.534660e+02  1.318383e+02 
   67.055    8.231000  4.541149e+02  1.319911e+02 
   67.055    8.334000  4.547599e+02  1.321430e+02 
   67.055    8.437000  4.553889e+02  1.322927e+02 
   67.055    8.540000  4.560013e+02  1.324400e+02 
   67.055    8.643000  4.565992e+02  1.325849e+02 
   67.055    8.746000  4.571833e+02  1.327272e+02 
   67.055    8.849000  4.577537e+02  1.328671e+02 
   67.055    8.952000  4.583137e+02  1.330044e+02 
   67.055    9.055000  4.588661e+02  1.331392e+02 
   67.055    9.157000  4.594048e+02  1.332701e+02 
   67.055    9.260000  4.599395e+02  1.333997e+02 
   67.055    9.363000  4.604643e+02  1.335267e+02 
   67.055    9.466000  4.609794e+02  1.336512e+02 
   67.055    9.569000  4.614855e+02  1.337733e+02 
   67.055    9.672000  4.619828e+02  1.338932e+02 
   67.055    9.775000  4.624696e+02  1.340108e+02 
   67.055    9.878000  4.629439e+02  1.341262e+02 
   67.055    9.981000  4.634052e+02  1.342394e+02 
   67.055   10.083000  4.638834e+02  1.343490e+02 
   67.055   10.186000  4.643577e+02  1.344578e+02 
   67.055   10.289000  4.648242e+02  1.345647e+02 
   67.055   10.392000  4.652838e+02  1.346697e+02 
   67.055   10.495000  4.657372e+02  1.347729e+02 
   67.055   10.598000  4.661845e+02  1.348744e+02 
   67.055   10.701000  4.666250e+02  1.349742e+02 
   67.055   10.804000  4.670577e+02  1.350723e+02 
   67.055   10.907000  4.674826e+02  1.351690e+02 
   67.055   11.010000  4.679008e+02  1.352643e+02 
   67.055   11.112000  4.683100e+02  1.353573e+02 
   67.055   11.215000  4.687188e+02  1.354499e+02 
   67.055   11.318000  4.691229e+02  1.355412e+02 
   67.055   11.421000  4.695222e+02  1.356313e+02 
   67.055   11.524000  4.699168e+02  1.357202e+02 
   67.055   11.627000  4.703062e+02  1.358078e+02 
   67.055   11.730000  4.706903e+02  1.358943e+02 
   67.055   11.833000  4.710688e+02  1.359796e+02 
   67.055   11.936000  4.714420e+02  1.360638e+02 
   67.055   12.038000  4.718064e+02  1.361461e+02 
   67.055   12.141000  4.721694e+02  1.362280e+02 
   67.055   12.243999  4.725274e+02  1.363088e+02 
   67.055   12.347000  4.728804e+02  1.363885e+02 
   67.055   12.450000  4.732285e+02  1.364670e+02 
   67.055   12.552999  4.735717e+02  1.365445e+02 
   67.055   12.656000  4.739101e+02  1.366207e+02 
   67.055   12.759000  4.742438e+02  1.366958e+02 
   67.055   12.862000  4.745732e+02  1.367698e+02 
   67.055   12.964000  4.748954e+02  1.368418e+02 
   67.055   13.066999  4.752169e+02  1.369133e+02 
   67.055   13.170000  4.755345e+02  1.369836e+02 
   67.055   13.273000  4.758483e+02  1.370527e+02 
   67.055   13.375999  4.761584e+02  1.371206e+02 
   67.055   13.479000  4.764650e+02  1.371873e+02 
   67.055   13.582000  4.767679e+02  1.372529e+02 
   67.055   13.684999  4.770675e+02  1.373173e+02 
   67.055   13.788000  4.773636e+02  1.373805e+02 
   67.055   13.890000  4.776535e+02  1.374420e+02 
   67.055   13.993000  4.779430e+02  1.375029e+02 
   67.055   14.096000  4.782293e+02  1.375627e+02 
   67.055   14.199000  4.785125e+02  1.376213e+02 
   67.055   14.302000  4.787924e+02  1.376788e+02 
   67.055   14.405000  4.790693e+02  1.377352e+02 
   67.055   14.507999  4.793431e+02  1.377906e+02 
   67.055   14.611000  4.796137e+02  1.378448e+02 
   67.055   14.714000  4.798812e+02  1.378981e+02 
   67.055   14.816000  4.801429e+02  1.379499e+02 
   67.055   14.919000  4.804041e+02  1.380013e+02 
   67.055   15.022000  4.806621e+02  1.380517e+02 
   67.055   15.125000  4.809171e+02  1.381013e+02 
   67.055   15.228000  4.811688e+02  1.381501e+02 
   67.055   15.331000  4.814175e+02  1.381980e+02 
   67.055   15.434000  4.816632e+02  1.382452e+02 
   67.055   15.537000  4.819059e+02  1.382915e+02 
   67.055   15.640000  4.821455e+02  1.383371e+02 
   67.055   15.742000  4.823800e+02  1.383814e+02 
   67.055   15.845000  4.826140e+02  1.384254e+02 
   67.055   15.947999  4.828452e+02  1.384686e+02 
   67.055   16.051001  4.830739e+02  1.385110e+02 
   67.055   16.154001  4.833001e+02  1.385526e+02 
   67.055   16.257000  4.835239e+02  1.385934e+02 
   67.055   16.360001  4.837452e+02  1.386334e+02 
   67.055   16.463001  4.839643e+02  1.386726e+02 
   67.055   16.566000  4.841810e+02  1.387111e+02 
   67.055   16.669001  4.843955e+02  1.387488e+02 
   67.055   16.771000  4.846059e+02  1.387854e+02 
   67.055   16.874001  4.848164e+02  1.388216e+02 
   67.055   16.977001  4.850249e+02  1.388570e+02 
   67.055   17.080000  4.852317e+02  1.388915e+02 
   67.055   17.183001  4.854370e+02  1.389252e+02 
   67.055   17.286001  4.856408e+02  1.389579e+02 
   67.055   17.389000  4.858431e+02  1.389898e+02 
   67.055   17.492001  4.860443e+02  1.390208e+02 
   67.055   17.595001  4.862443e+02  1.390508e+02 
   67.055   17.697001  4.864412e+02  1.390797e+02 
   67.055   17.800001  4.866386e+02  1.391080e+02 
   67.055   17.903002  4.868347e+02  1.391354e+02 
   67.055   18.006001  4.870294e+02  1.391622e+02 
   67.055   18.109001  4.872226e+02  1.391881e+02 
   67.055   18.212000  4.874142e+02  1.392134e+02 
   67.055   18.315001  4.876040e+02  1.392381e+02 
   67.055   18.418001  4.877920e+02  1.392621e+02 
   67.055   18.521000  4.879783e+02  1.392856e+02 
   67.055   18.623001  4.881613e+02  1.393082e+02 
   67.055   18.726002  4.883445e+02  1.393303e+02 
   67.055   18.829000  4.885262e+02  1.393518e+02 
   67.055   18.932001  4.887064e+02  1.393727e+02 
   67.055   19.035002  4.888853e+02  1.393929e+02 
   67.055   19.138000  4.890630e+02  1.394124e+02 
   67.055   19.241001  4.892394e+02  1.394314e+02 
   67.055   19.344002  4.894145e+02  1.394497e+02 
   67.055   19.447001  4.895884e+02  1.394674e+02 
   67.055   19.549002  4.897592e+02  1.394845e+02 
   67.055   19.652000  4.899304e+02  1.395011e+02 
   67.055   19.755001  4.901002e+02  1.395173e+02 
   67.055   19.858002  4.902686e+02  1.395330e+02 
   67.055   19.961000  4.904358e+02  1.395481e+02 
   67.055   20.064001  4.906019e+02  1.395627e+02 
   67.055   20.363001  4.910791e+02  1.396017e+02 
   67.055   20.859001  4.918479e+02  1.396576e+02 
   67.055   21.355001  4.925884e+02  1.397032e+02 
   67.055   21.850000  4.933010e+02  1.397390e+02 
   67.055   22.346001  4.939837e+02  1.397681e+02 
   67.055   22.842001  4.946283e+02  1.397939e+02 
   67.055   23.338001  4.952306e+02  1.398188e+02 
   67.055   23.833000  4.957906e+02  1.398429e+02 
   67.055   24.329000  4.963158e+02  1.398652e+02 
   67.055   24.825001  4.968096e+02  1.398849e+02 
   67.055   25.321001  4.972721e+02  1.399024e+02 
   67.055   25.816000  4.977030e+02  1.399186e+02 
   67.055   26.312000  4.981061e+02  1.399336e+02 
   67.055   26.808001  4.984836e+02  1.399469e+02 
   67.055   27.304001  4.988374e+02  1.399584e+02 
   67.055   27.800001  4.991679e+02  1.399685e+02 
   67.055   28.295000  4.994756e+02  1.399773e+02 
   67.055   28.791000  4.997643e+02  1.399849e+02 
   67.055   29.287001  5.000366e+02  1.399910e+02 
   67.055   29.783001  5.002954e+02  1.399956e+02 
   67.055   30.278002  5.005419e+02  1.399986e+02 
   67.055   30.774000  5.007791e+02  1.400001e+02 
   67.055   31.270000  5.010080e+02  1.400003e+02 
   67.055   31.766001  5.012301e+02  1.399994e+02 
   67.055   32.260998  5.014474e+02  1.399975e+02 
   67.055   32.757000  5.016625e+02  1.399948e+02 
   67.055   33.252998  5.018765e+02  1.399915e+02 
   67.055   33.749001  5.020911e+02  1.399880e+02 
   67.055   34.243999  5.023070e+02  1.399844e+02 
   67.055   34.739998  5.025267e+02  1.399808e+02 
   67.055   35.236000  5.027508e+02  1.399773e+02 
   67.055   35.731998  5.029804e+02  1.399740e+02 
   67.055   36.226997  5.032154e+02  1.399709e+02 
   67.055   36.723000  5.034568e+02  1.399680e+02 
   67.055   37.218998  5.037034e+02  1.399653e+02 
   67.055   37.715000  5.039540e+02  1.399628e+02 
   67.055   38.209999  5.042066e+02  1.399605e+02 
   67.055   38.705997  5.044603e+02  1.399585e+02 
   67.055   39.202000  5.047126e+02  1.399567e+02 
   67.055   39.697998  5.049614e+02  1.399553e+02 
   67.055   40.197998  5.052033e+02  1.399549e+02 
   67.055   45.197998  5.070911e+02  1.399681e+02 
   67.055   50.197998  5.078018e+02  1.399838e+02 
   67.055   55.197998  5.080548e+02  1.399952e+02 
   67.055   60.197998  5.088365e+02  1.400027e+02 
   67.055   65.198006  5.100840e+02  1.400072e+02 
