    0.000    0.000000  0.000000e+00  3.512531e+02 
    0.000    0.103000  0.000000e+00  3.504088e+02 
    0.000    0.205000  0.000000e+00  3.492164e+02 
    0.000    0.308000  0.000000e+00  3.478740e+02 
    0.000    0.411000  0.000000e+00  3.465161e+02 
    0.000    0.514000  0.000000e+00  3.451083e+02 
    0.000    0.617000  0.000000e+00  3.435878e+02 
    0.000    0.720000  0.000000e+00  3.420533e+02 
    0.000    0.823000  0.000000e+00  3.404833e+02 
    0.000    0.926000  0.000000e+00  3.388992e+02 
    0.000    1.029000  0.000000e+00  3.373373e+02 
    0.000    1.131000  0.000000e+00  3.358324e+02 
    0.000    1.234000  0.000000e+00  3.342706e+02 
    0.000    1.337000  0.000000e+00  3.326971e+02 
    0.000    1.440000  0.000000e+00  3.310136e+02 
    0.000    1.543000  0.000000e+00  3.291924e+02 
    0.000    1.646000  0.000000e+00  3.274868e+02 
    0.000    1.749000  0.000000e+00  3.144136e+02 
    0.000    1.852000  0.000000e+00  3.096209e+02 
    0.000    1.955000  0.000000e+00  3.069113e+02 
    0.000    2.057000  0.000000e+00  3.051154e+02 
    0.000    2.160000  0.000000e+00  3.035854e+02 
    0.000    2.263000  0.000000e+00  3.024561e+02 
    0.000    2.366000  0.000000e+00  3.013078e+02 
    0.000    2.469000  0.000000e+00  3.001404e+02 
    0.000    2.572000  0.000000e+00  2.989540e+02 
    0.000    2.675000  0.000000e+00  2.977307e+02 
    0.000    2.778000  0.000000e+00  2.964617e+02 
    0.000    2.881000  0.000000e+00  2.951888e+02 
    0.000    2.983000  0.000000e+00  2.939492e+02 
    0.000    3.086000  0.000000e+00  2.927097e+02 
    0.000    3.189000  0.000000e+00  2.914446e+02 
    0.000    3.292000  0.000000e+00  2.901731e+02 
    0.000    3.395000  0.000000e+00  2.889116e+02 
    0.000    3.498000  0.000000e+00  2.876616e+02 
    0.000    3.601000  0.000000e+00  2.864185e+02 
    0.000    3.704000  0.000000e+00  2.851796e+02 
    0.000    3.807000  0.000000e+00  2.839474e+02 
    0.000    3.910000  0.000000e+00  2.826951e+02 
    0.000    4.012000  0.000000e+00  2.814458e+02 
    0.000    4.115000  0.000000e+00  2.801924e+02 
    0.000    4.218000  0.000000e+00  2.789514e+02 
    0.000    4.321000  0.000000e+00  2.777256e+02 
    0.000    4.424000  0.000000e+00  2.765148e+02 
    0.000    4.527000  0.000000e+00  2.753236e+02 
    0.000    4.630000  0.000000e+00  2.741486e+02 
    0.000    4.733000  0.000000e+00  2.729738e+02 
    0.000    4.836000  0.000000e+00  2.718114e+02 
    0.000    4.938000  0.000000e+00  2.706639e+02 
    0.000    5.041000  0.000000e+00  2.695119e+02 
    0.000    5.144000  0.000000e+00  2.683752e+02 
    0.000    5.247000  0.000000e+00  2.672229e+02 
    0.000    5.350000  0.000000e+00  2.661041e+02 
    0.000    5.453000  0.000000e+00  2.649974e+02 
    0.000    5.556000  0.000000e+00  2.638912e+02 
    0.000    5.659000  0.000000e+00  2.627915e+02 
    0.000    5.762000  0.000000e+00  2.617004e+02 
    0.000    5.864000  0.000000e+00  2.606636e+02 
    0.000    5.967000  0.000000e+00  2.595880e+02 
    0.000    6.070000  0.000000e+00  2.584120e+02 
    0.000    6.173000  0.000000e+00  2.569075e+02 
    0.000    6.276000  0.000000e+00  2.548219e+02 
    0.000    6.379000  0.000000e+00  2.521925e+02 
    0.000    6.482000  0.000000e+00  2.492330e+02 
    0.000    6.585000  0.000000e+00  2.460531e+02 
    0.000    6.688000  0.000000e+00  2.429130e+02 
    0.000    6.790000  0.000000e+00  2.400133e+02 
    0.000    6.893000  0.000000e+00  2.379859e+02 
    0.000    6.996000  0.000000e+00  2.363722e+02 
    0.000    7.099000  0.000000e+00  2.349800e+02 
    0.000    7.202000  0.000000e+00  2.344467e+02 
    0.000    7.305000  0.000000e+00  2.340259e+02 
    0.000    7.408000  0.000000e+00  2.336736e+02 
    0.000    7.511000  0.000000e+00  2.334068e+02 
    0.000    7.614000  0.000000e+00  2.332505e+02 
    0.000    7.716000  0.000000e+00  2.331048e+02 
    0.000    7.819000  0.000000e+00  2.329993e+02 
    0.000    7.921999  0.000000e+00  2.328531e+02 
    0.000    8.025001  0.000000e+00  2.327358e+02 
    0.000    8.128000  0.000000e+00  2.325947e+02 
    0.000    8.231000  0.000000e+00  2.324495e+02 
    0.000    8.334001  0.000000e+00  2.322934e+02 
    0.000    8.437000  0.000000e+00  2.321062e+02 
    0.000    8.540000  0.000000e+00  2.319072e+02 
    0.000    8.642000  0.000000e+00  2.316851e+02 
    0.000    8.745000  0.000000e+00  2.314571e+02 
    0.000    8.848001  0.000000e+00  2.312213e+02 
    0.000    8.951000  0.000000e+00  2.309679e+02 
    0.000    9.054000  0.000000e+00  2.307348e+02 
    0.000    9.157001  0.000000e+00  2.305168e+02 
    0.000    9.260000  0.000000e+00  2.304211e+02 
    0.000    9.363000  0.000000e+00  2.303412e+02 
    0.000    9.466001  0.000000e+00  2.302699e+02 
    0.000    9.568000  0.000000e+00  2.302056e+02 
    0.000    9.671000  0.000000e+00  2.301456e+02 
    0.000    9.774000  0.000000e+00  2.300923e+02 
    0.000    9.877000  0.000000e+00  2.300513e+02 
    0.000    9.980000  0.000000e+00  2.300190e+02 
    0.000   10.083000  0.000000e+00  2.299888e+02 
    0.000   10.186000  0.000000e+00  2.299519e+02 
    0.000   10.289001  0.000000e+00  2.299112e+02 
    0.000   10.392000  0.000000e+00  2.298717e+02 
    0.000   10.495000  0.000000e+00  2.298378e+02 
    0.000   10.597000  0.000000e+00  2.298089e+02 
    0.000   10.700001  0.000000e+00  2.297787e+02 
    0.000   10.803000  0.000000e+00  2.297390e+02 
    0.000   10.906000  0.000000e+00  2.296930e+02 
    0.000   11.009000  0.000000e+00  2.296421e+02 
    0.000   11.112000  0.000000e+00  2.295808e+02 
    0.000   11.215000  0.000000e+00  2.295124e+02 
    0.000   11.318000  0.000000e+00  2.294401e+02 
    0.000   11.421000  0.000000e+00  2.293638e+02 
    0.000   11.523001  0.000000e+00  2.292856e+02 
    0.000   11.626000  0.000000e+00  2.292049e+02 
    0.000   11.729000  0.000000e+00  2.291218e+02 
    0.000   11.832001  0.000000e+00  2.290371e+02 
    0.000   11.935000  0.000000e+00  2.289514e+02 
    0.000   12.038000  0.000000e+00  2.288657e+02 
    0.000   12.141001  0.000000e+00  2.287799e+02 
    0.000   12.244000  0.000000e+00  2.286942e+02 
    0.000   12.347000  0.000000e+00  2.286135e+02 
    0.000   12.449000  0.000000e+00  2.285385e+02 
    0.000   12.552000  0.000000e+00  2.284656e+02 
    0.000   12.655001  0.000000e+00  2.283965e+02 
    0.000   12.758000  0.000000e+00  2.283310e+02 
    0.000   12.861000  0.000000e+00  2.282680e+02 
    0.000   12.964001  0.000000e+00  2.282076e+02 
    0.000   13.067000  0.000000e+00  2.281499e+02 
    0.000   13.170000  0.000000e+00  2.280943e+02 
    0.000   13.273001  0.000000e+00  2.280403e+02 
    0.000   13.375000  0.000000e+00  2.279878e+02 
    0.000   13.478001  0.000000e+00  2.279357e+02 
    0.000   13.581000  0.000000e+00  2.278845e+02 
    0.000   13.684000  0.000000e+00  2.278330e+02 
    0.000   13.787001  0.000000e+00  2.277814e+02 
    0.000   13.890000  0.000000e+00  2.277300e+02 
    0.000   13.993000  0.000000e+00  2.276801e+02 
    0.000   14.096001  0.000000e+00  2.276315e+02 
    0.000   14.199000  0.000000e+00  2.275840e+02 
    0.000   14.301001  0.000000e+00  2.275382e+02 
    0.000   14.404000  0.000000e+00  2.274933e+02 
    0.000   14.507000  0.000000e+00  2.274494e+02 
    0.000   14.610001  0.000000e+00  2.274062e+02 
    0.000   14.713000  0.000000e+00  2.273624e+02 
    0.000   14.816000  0.000000e+00  2.273185e+02 
    0.000   14.919001  0.000000e+00  2.272746e+02 
    0.000   15.022000  0.000000e+00  2.272308e+02 
    0.000   15.125000  0.000000e+00  2.271871e+02 
    0.000   15.228001  0.000000e+00  2.271437e+02 
    0.000   15.330000  0.000000e+00  2.271002e+02 
    0.000   15.433001  0.000000e+00  2.270557e+02 
    0.000   15.536000  0.000000e+00  2.270109e+02 
    0.000   15.639000  0.000000e+00  2.269667e+02 
    0.000   15.742001  0.000000e+00  2.269261e+02 
    0.000   15.845000  0.000000e+00  2.268885e+02 
    0.000   15.948000  0.000000e+00  2.268527e+02 
    0.000   16.051001  0.000000e+00  2.268174e+02 
    0.000   16.154001  0.000000e+00  2.267824e+02 
    0.000   16.256001  0.000000e+00  2.267480e+02 
    0.000   16.359001  0.000000e+00  2.267124e+02 
    0.000   16.462000  0.000000e+00  2.266737e+02 
    0.000   16.565001  0.000000e+00  2.266328e+02 
    0.000   16.668001  0.000000e+00  2.265908e+02 
    0.000   16.771000  0.000000e+00  2.265485e+02 
    0.000   16.874001  0.000000e+00  2.265061e+02 
    0.000   16.977001  0.000000e+00  2.264637e+02 
    0.000   17.080000  0.000000e+00  2.264214e+02 
    0.000   17.182001  0.000000e+00  2.263797e+02 
    0.000   17.285000  0.000000e+00  2.263379e+02 
    0.000   17.388000  0.000000e+00  2.262961e+02 
    0.000   17.491001  0.000000e+00  2.262553e+02 
    0.000   17.594000  0.000000e+00  2.262152e+02 
    0.000   17.697001  0.000000e+00  2.261756e+02 
    0.000   17.800001  0.000000e+00  2.261370e+02 
    0.000   17.903000  0.000000e+00  2.261001e+02 
    0.000   18.006001  0.000000e+00  2.260644e+02 
    0.000   18.108000  0.000000e+00  2.260301e+02 
    0.000   18.211000  0.000000e+00  2.259969e+02 
    0.000   18.314001  0.000000e+00  2.259651e+02 
    0.000   18.417000  0.000000e+00  2.259345e+02 
    0.000   18.520000  0.000000e+00  2.259048e+02 
    0.000   18.623001  0.000000e+00  2.258756e+02 
    0.000   18.726000  0.000000e+00  2.258468e+02 
    0.000   18.829000  0.000000e+00  2.258186e+02 
    0.000   18.932001  0.000000e+00  2.257910e+02 
    0.000   19.034000  0.000000e+00  2.257644e+02 
    0.000   19.137001  0.000000e+00  2.257382e+02 
    0.000   19.240000  0.000000e+00  2.257125e+02 
    0.000   19.343000  0.000000e+00  2.256863e+02 
    0.000   19.446001  0.000000e+00  2.256593e+02 
    0.000   19.549000  0.000000e+00  2.256318e+02 
    0.000   19.652000  0.000000e+00  2.256042e+02 
    0.000   19.755001  0.000000e+00  2.255760e+02 
    0.000   19.858000  0.000000e+00  2.255473e+02 
    0.000   19.961000  0.000000e+00  2.255183e+02 
    0.000   20.063000  0.000000e+00  2.254894e+02 
    0.000   20.363001  0.000000e+00  2.254062e+02 
    0.000   20.858000  0.000000e+00  2.252809e+02 
    0.000   21.354000  0.000000e+00  2.251785e+02 
    0.000   21.850000  0.000000e+00  2.250914e+02 
    0.000   22.346001  0.000000e+00  2.250076e+02 
    0.000   22.841000  0.000000e+00  2.249198e+02 
    0.000   23.337000  0.000000e+00  2.248342e+02 
    0.000   23.833000  0.000000e+00  2.247639e+02 
    0.000   24.329000  0.000000e+00  2.247196e+02 
    0.000   24.823999  0.000000e+00  2.247026e+02 
    0.000   25.320000  0.000000e+00  2.246998e+02 
    0.000   25.816000  0.000000e+00  2.246953e+02 
    0.000   26.312000  0.000000e+00  2.246968e+02 
    0.000   26.807001  0.000000e+00  2.247046e+02 
    0.000   27.302999  0.000000e+00  2.247176e+02 
    0.000   27.799000  0.000000e+00  2.247385e+02 
    0.000   28.295000  0.000000e+00  2.247694e+02 
    0.000   28.790001  0.000000e+00  2.248041e+02 
    0.000   29.286001  0.000000e+00  2.248445e+02 
    0.000   29.782000  0.000000e+00  2.248914e+02 
    0.000   30.278000  0.000000e+00  2.249443e+02 
    0.000   30.773001  0.000000e+00  2.250000e+02 
    0.000   31.269001  0.000000e+00  2.250575e+02 
    0.000   31.764999  0.000000e+00  2.251162e+02 
    0.000   32.260998  0.000000e+00  2.251755e+02 
    0.000   32.755997  0.000000e+00  2.252344e+02 
    0.000   33.251999  0.000000e+00  2.252917e+02 
    0.000   33.747997  0.000000e+00  2.253487e+02 
    0.000   34.243999  0.000000e+00  2.254065e+02 
    0.000   34.739998  0.000000e+00  2.254669e+02 
    0.000   35.234997  0.000000e+00  2.255293e+02 
    0.000   35.730999  0.000000e+00  2.255896e+02 
    0.000   36.226997  0.000000e+00  2.256473e+02 
    0.000   36.723000  0.000000e+00  2.257001e+02 
    0.000   37.217999  0.000000e+00  2.257486e+02 
    0.000   37.713997  0.000000e+00  2.257935e+02 
    0.000   38.209999  0.000000e+00  2.258352e+02 
    0.000   38.705997  0.000000e+00  2.258771e+02 
    0.000   39.201000  0.000000e+00  2.259199e+02 
    0.000   39.696999  0.000000e+00  2.259657e+02 
    0.000   40.196999  0.000000e+00  2.260161e+02 
    0.000   45.196999  0.000000e+00  2.264652e+02 
    0.000   50.196999  0.000000e+00  2.266918e+02 
    0.000   55.196999  0.000000e+00  2.266857e+02 
    0.000   60.196999  0.000000e+00  2.266184e+02 
    0.000   65.196999  0.000000e+00  2.265660e+02 
