   67.503    0.000000  9.172296e-06  9.482389e+00 
   67.503    0.103000  9.221322e-06  9.614373e+00 
   67.503    0.206000  9.270210e-06  9.748762e+00 
   67.503    0.309000  9.318911e-06  9.884192e+00 
   67.503    0.412000  9.367417e-06  1.002003e+01 
   67.503    0.514000  9.415137e-06  1.015459e+01 
   67.503    0.617000  1.213502e-05  1.301277e+01 
   67.503    0.720000  1.743442e-05  1.694531e+01 
   67.503    0.823000  2.670471e-05  2.142869e+01 
   67.503    0.926000  4.514875e-05  2.678536e+01 
   67.503    1.029000  8.295386e-05  3.284587e+01 
   67.503    1.132000  1.637370e-04  3.950300e+01 
   67.503    1.235000  3.443005e-04  4.669767e+01 
   67.503    1.338000  7.627869e-04  5.435978e+01 
   67.503    1.440000  1.761734e-03  6.245243e+01 
   67.503    1.543000  4.390745e-03  7.147706e+01 
   67.503    1.646000  1.168104e-02  8.148721e+01 
   67.503    1.749000  3.314446e-02  9.272197e+01 
   67.503    1.852000  7.415020e-01  1.222307e+02 
   67.503    1.955000  6.839253e+00  1.510809e+02 
   67.503    2.058000  3.533995e+01  1.797100e+02 
   67.503    2.161000  1.142132e+02  2.047464e+02 
   67.503    2.264000  2.582059e+02  2.227620e+02 
   67.503    2.366000  2.729738e+02  2.235683e+02 
   67.503    2.469000  2.835195e+02  2.240896e+02 
   67.503    2.572000  2.915558e+02  2.244630e+02 
   67.503    2.675000  2.979104e+02  2.247480e+02 
   67.503    2.778000  3.026445e+02  2.249474e+02 
   67.503    2.881000  3.044369e+02  2.249932e+02 
   67.503    2.984000  3.058176e+02  2.250036e+02 
   67.503    3.087000  3.071835e+02  2.250309e+02 
   67.503    3.190000  3.085378e+02  2.250724e+02 
   67.503    3.292000  3.098689e+02  2.251253e+02 
   67.503    3.395000  3.112051e+02  2.251890e+02 
   67.503    3.498000  3.125346e+02  2.252618e+02 
   67.503    3.601000  3.138582e+02  2.253427e+02 
   67.503    3.704000  3.151785e+02  2.254305e+02 
   67.503    3.807000  3.188346e+02  2.257019e+02 
   67.503    3.910000  3.229873e+02  2.260132e+02 
   67.503    4.013000  3.275283e+02  2.263551e+02 
   67.503    4.116000  3.324492e+02  2.267257e+02 
   67.503    4.219000  3.376556e+02  2.271166e+02 
   67.503    4.321000  3.429031e+02  2.275093e+02 
   67.503    4.424000  3.480818e+02  2.278961e+02 
   67.503    4.527000  3.494293e+02  2.280137e+02 
   67.503    4.630000  3.507626e+02  2.281357e+02 
   67.503    4.733000  3.520829e+02  2.282609e+02 
   67.503    4.836000  3.533877e+02  2.283891e+02 
   67.503    4.939000  3.546776e+02  2.285198e+02 
   67.503    5.042000  3.559536e+02  2.286524e+02 
   67.503    5.145000  3.572139e+02  2.287868e+02 
   67.503    5.247000  3.584461e+02  2.289215e+02 
   67.503    5.350000  3.596740e+02  2.290588e+02 
   67.503    5.453000  3.608845e+02  2.291973e+02 
   67.503    5.556000  3.620777e+02  2.293367e+02 
   67.503    5.659000  3.632528e+02  2.294769e+02 
   67.503    5.762000  3.644079e+02  2.296179e+02 
   67.503    5.865000  3.655417e+02  2.297595e+02 
   67.503    5.968000  3.666527e+02  2.299016e+02 
   67.503    6.071000  3.681090e+02  2.300940e+02 
   67.503    6.173000  3.696767e+02  2.303040e+02 
   67.503    6.276000  3.707332e+02  2.304459e+02 
   67.503    6.379000  3.733178e+02  2.306985e+02 
   67.503    6.482000  3.761283e+02  2.309663e+02 
   67.503    6.585000  3.789688e+02  2.312352e+02 
   67.503    6.688000  3.817055e+02  2.314956e+02 
   67.503    6.791000  3.845711e+02  2.317645e+02 
   67.503    6.894000  3.881403e+02  2.320808e+02 
   67.503    6.997000  3.912852e+02  2.323641e+02 
   67.503    7.099000  3.944667e+02  2.326470e+02 
   67.503    7.202000  3.975357e+02  2.329227e+02 
   67.503    7.305000  4.002791e+02  2.331786e+02 
   67.503    7.408000  4.028411e+02  2.334245e+02 
   67.503    7.511000  4.062339e+02  2.337283e+02 
   67.503    7.614000  4.087127e+02  2.339712e+02 
   67.503    7.717000  4.118949e+02  2.342601e+02 
   67.503    7.820000  4.143219e+02  2.344962e+02 
   67.503    7.923000  4.171222e+02  2.347538e+02 
   67.503    8.025001  4.202000e+02  2.350247e+02 
   67.503    8.128000  4.228967e+02  2.352686e+02 
   67.503    8.231001  4.252398e+02  2.354874e+02 
   67.503    8.334001  4.275652e+02  2.357029e+02 
   67.503    8.437000  4.322776e+02  2.360604e+02 
   67.503    8.540000  4.352716e+02  2.363112e+02 
   67.503    8.643001  4.386355e+02  2.365813e+02 
   67.503    8.746000  4.419887e+02  2.368479e+02 
   67.503    8.849000  4.433936e+02  2.370447e+02 
   67.503    8.951000  4.447358e+02  2.372325e+02 
   67.503    9.054001  4.461875e+02  2.374301e+02 
   67.503    9.157001  4.478159e+02  2.376434e+02 
   67.503    9.260000  4.495889e+02  2.378682e+02 
   67.503    9.363001  4.514771e+02  2.381009e+02 
   67.503    9.466001  4.519595e+02  2.381855e+02 
   67.503    9.569000  4.524415e+02  2.382682e+02 
   67.503    9.672001  4.529231e+02  2.383489e+02 
   67.503    9.775001  4.534012e+02  2.384278e+02 
   67.503    9.878000  4.538714e+02  2.385048e+02 
   67.503    9.980000  4.543285e+02  2.385793e+02 
   67.503   10.083000  4.547810e+02  2.386528e+02 
   67.503   10.186001  4.552559e+02  2.387240e+02 
   67.503   10.289001  4.557192e+02  2.387937e+02 
   67.503   10.392000  4.561731e+02  2.388622e+02 
   67.503   10.495001  4.566210e+02  2.389293e+02 
   67.503   10.598001  4.570633e+02  2.389952e+02 
   67.503   10.701000  4.574997e+02  2.390600e+02 
   67.503   10.804001  4.579301e+02  2.391238e+02 
   67.503   10.906000  4.583503e+02  2.391860e+02 
   67.503   11.009001  4.587684e+02  2.392479e+02 
   67.503   11.112000  4.591807e+02  2.393090e+02 
   67.503   11.215000  4.595872e+02  2.393693e+02 
   67.503   11.318001  4.599883e+02  2.394288e+02 
   67.503   11.421000  4.603842e+02  2.394877e+02 
   67.503   11.524000  4.607751e+02  2.395458e+02 
   67.503   11.627001  4.611610e+02  2.396032e+02 
   67.503   11.730000  4.615416e+02  2.396599e+02 
   67.503   11.832001  4.619131e+02  2.397153e+02 
   67.503   11.935000  4.622830e+02  2.397706e+02 
   67.503   12.038000  4.626478e+02  2.398250e+02 
   67.503   12.141001  4.630076e+02  2.398788e+02 
   67.503   12.244000  4.633623e+02  2.399317e+02 
   67.503   12.347000  4.637122e+02  2.399839e+02 
   67.503   12.450001  4.640575e+02  2.400354e+02 
   67.503   12.553000  4.643981e+02  2.400860e+02 
   67.503   12.656000  4.647342e+02  2.401359e+02 
   67.503   12.758000  4.650627e+02  2.401844e+02 
   67.503   12.861000  4.653905e+02  2.402326e+02 
   67.503   12.964001  4.657144e+02  2.402799e+02 
   67.503   13.067000  4.660344e+02  2.403263e+02 
   67.503   13.170000  4.663506e+02  2.403718e+02 
   67.503   13.273001  4.666631e+02  2.404164e+02 
   67.503   13.376000  4.669721e+02  2.404601e+02 
   67.503   13.479000  4.672776e+02  2.405028e+02 
   67.503   13.582001  4.675796e+02  2.405447e+02 
   67.503   13.684000  4.678752e+02  2.405852e+02 
   67.503   13.787001  4.681705e+02  2.406252e+02 
   67.503   13.890000  4.684624e+02  2.406642e+02 
   67.503   13.993000  4.687511e+02  2.407023e+02 
   67.503   14.096001  4.690366e+02  2.407395e+02 
   67.503   14.199000  4.693190e+02  2.407757e+02 
   67.503   14.302000  4.695982e+02  2.408110e+02 
   67.503   14.405001  4.698743e+02  2.408455e+02 
   67.503   14.508000  4.701473e+02  2.408791e+02 
   67.503   14.610001  4.704145e+02  2.409116e+02 
   67.503   14.713000  4.706811e+02  2.409437e+02 
   67.503   14.816000  4.709445e+02  2.409751e+02 
   67.503   14.919001  4.712047e+02  2.410058e+02 
   67.503   15.022000  4.714616e+02  2.410360e+02 
   67.503   15.125000  4.717155e+02  2.410656e+02 
   67.503   15.228001  4.719661e+02  2.410946e+02 
   67.503   15.331000  4.722137e+02  2.411230e+02 
   67.503   15.434000  4.724582e+02  2.411508e+02 
   67.503   15.537001  4.726996e+02  2.411781e+02 
   67.503   15.639001  4.729358e+02  2.412045e+02 
   67.503   15.742001  4.731713e+02  2.412306e+02 
   67.503   15.845000  4.734040e+02  2.412561e+02 
   67.503   15.948001  4.736339e+02  2.412811e+02 
   67.503   16.050999  4.738613e+02  2.413055e+02 
   67.503   16.153999  4.740863e+02  2.413293e+02 
   67.503   16.257000  4.743088e+02  2.413526e+02 
   67.503   16.359999  4.745290e+02  2.413753e+02 
   67.503   16.462999  4.747470e+02  2.413974e+02 
   67.503   16.564999  4.749606e+02  2.414188e+02 
   67.503   16.667999  4.751742e+02  2.414398e+02 
   67.503   16.771000  4.753857e+02  2.414601e+02 
   67.503   16.873999  4.755954e+02  2.414798e+02 
   67.503   16.976999  4.758031e+02  2.414988e+02 
   67.503   17.080000  4.760092e+02  2.415170e+02 
   67.503   17.182999  4.762140e+02  2.415343e+02 
   67.503   17.285999  4.764174e+02  2.415507e+02 
   67.503   17.389000  4.766194e+02  2.415663e+02 
   67.503   17.490999  4.768183e+02  2.415807e+02 
   67.503   17.594000  4.770180e+02  2.415944e+02 
   67.503   17.696999  4.772166e+02  2.416072e+02 
   67.503   17.799999  4.774138e+02  2.416192e+02 
   67.503   17.903000  4.776095e+02  2.416304e+02 
   67.503   18.005999  4.778037e+02  2.416410e+02 
   67.503   18.108999  4.779963e+02  2.416510e+02 
   67.503   18.212000  4.781872e+02  2.416604e+02 
   67.503   18.314999  4.783765e+02  2.416693e+02 
   67.503   18.417000  4.785623e+02  2.416776e+02 
   67.503   18.519999  4.787483e+02  2.416854e+02 
   67.503   18.622999  4.789327e+02  2.416926e+02 
   67.503   18.726000  4.791157e+02  2.416993e+02 
   67.503   18.828999  4.792972e+02  2.417055e+02 
   67.503   18.931999  4.794772e+02  2.417111e+02 
   67.503   19.035000  4.796558e+02  2.417162e+02 
   67.503   19.137999  4.798332e+02  2.417208e+02 
   67.503   19.240999  4.800092e+02  2.417248e+02 
   67.503   19.343000  4.801821e+02  2.417284e+02 
   67.503   19.445999  4.803554e+02  2.417315e+02 
   67.503   19.549000  4.805274e+02  2.417342e+02 
   67.503   19.652000  4.806981e+02  2.417364e+02 
   67.503   19.754999  4.808675e+02  2.417382e+02 
   67.503   19.858000  4.810356e+02  2.417396e+02 
   67.503   19.960999  4.812025e+02  2.417405e+02 
   67.503   20.063999  4.813684e+02  2.417408e+02 
   67.503   20.362999  4.818451e+02  2.417386e+02 
   67.503   20.858999  4.826131e+02  2.417276e+02 
   67.503   21.355000  4.833531e+02  2.417082e+02 
   67.503   21.850000  4.840636e+02  2.416817e+02 
   67.503   22.345999  4.847413e+02  2.416523e+02 
   67.503   22.841999  4.853789e+02  2.416242e+02 
   67.503   23.337999  4.859736e+02  2.415995e+02 
   67.503   23.833000  4.865275e+02  2.415773e+02 
   67.503   24.328999  4.870489e+02  2.415555e+02 
   67.503   24.824999  4.875396e+02  2.415336e+02 
   67.503   25.320999  4.879987e+02  2.415126e+02 
   67.503   25.816000  4.884261e+02  2.414931e+02 
   67.503   26.312000  4.888260e+02  2.414746e+02 
   67.503   26.807999  4.892005e+02  2.414566e+02 
   67.503   27.303999  4.895508e+02  2.414390e+02 
   67.503   27.799000  4.898771e+02  2.414221e+02 
   67.503   28.295000  4.901825e+02  2.414056e+02 
   67.503   28.791000  4.904693e+02  2.413892e+02 
   67.503   29.286999  4.907402e+02  2.413725e+02 
   67.503   29.782000  4.909970e+02  2.413554e+02 
   67.503   30.278000  4.912423e+02  2.413378e+02 
   67.503   30.774000  4.914774e+02  2.413197e+02 
   67.503   31.269999  4.917039e+02  2.413013e+02 
   67.503   31.764999  4.919230e+02  2.412827e+02 
   67.503   32.260998  4.921378e+02  2.412638e+02 
   67.503   32.757000  4.923497e+02  2.412449e+02 
   67.503   33.252998  4.925601e+02  2.412263e+02 
   67.503   33.748001  4.927703e+02  2.412082e+02 
   67.503   34.243999  4.929824e+02  2.411909e+02 
   67.503   34.739998  4.931976e+02  2.411745e+02 
   67.503   35.236000  4.934171e+02  2.411591e+02 
   67.503   35.730999  4.936415e+02  2.411446e+02 
   67.503   36.227001  4.938721e+02  2.411311e+02 
   67.503   36.723000  4.941086e+02  2.411184e+02 
   67.503   37.218998  4.943505e+02  2.411066e+02 
   67.503   37.714001  4.945960e+02  2.410956e+02 
   67.503   38.209999  4.948448e+02  2.410854e+02 
   67.503   38.706001  4.950943e+02  2.410760e+02 
   67.503   39.202000  4.953430e+02  2.410674e+02 
   67.503   39.696999  4.955878e+02  2.410597e+02 
   67.503   40.196999  4.958267e+02  2.410540e+02 
   67.503   45.196999  4.977012e+02  2.410356e+02 
   67.503   50.196999  4.984106e+02  2.410389e+02 
   67.503   55.196999  4.986605e+02  2.410450e+02 
   67.503   60.196999  4.994195e+02  2.410499e+02 
   67.503   65.197006  5.006566e+02  2.410533e+02 
