   68.171    0.000000  2.149876e-27  3.962220e+00 
   68.171    0.103000  2.162153e-27  4.027075e+00 
   68.171    0.206000  2.174347e-27  4.092692e+00 
   68.171    0.309000  2.186493e-27  4.158535e+00 
   68.171    0.412000  2.198604e-27  4.224310e+00 
   68.171    0.514000  2.210594e-27  4.289185e+00 
   68.171    0.617000  3.198832e-27  5.949768e+00 
   68.171    0.720000  5.502107e-27  8.195278e+00 
   68.171    0.823000  1.110505e-26  1.091129e+01 
   68.171    0.926000  2.516761e-26  1.388174e+01 
   68.171    1.029000  6.481997e-26  1.718975e+01 
   68.171    1.132000  1.892855e-25  2.084071e+01 
   68.171    1.235000  6.198126e-25  2.478979e+01 
   68.171    1.338000  2.249513e-24  2.899282e+01 
   68.171    1.441000  8.938893e-24  3.340478e+01 
   68.171    1.543000  3.804245e-23  3.795098e+01 
   68.171    1.646000  1.818053e-22  4.280959e+01 
   68.171    1.749000  2.623415e-22  4.405336e+01 
   68.171    1.852000  5.875541e-22  4.683184e+01 
   68.171    1.955000  1.475362e-21  5.002565e+01 
   68.171    2.058000  1.629202e-17  7.536617e+01 
   68.171    2.161000  1.732471e-11  1.123287e+02 
   68.171    2.264000  6.097798e-11  1.166996e+02 
   68.171    2.367000  2.080196e-10  1.210796e+02 
   68.171    2.469000  3.729772e-07  1.438615e+02 
   68.171    2.572000  1.601438e-04  1.646414e+02 
   68.171    2.675000  2.017456e-02  1.857596e+02 
   68.171    2.778000  9.615609e-01  2.114557e+02 
   68.171    2.881000  1.705153e+00  2.162200e+02 
   68.171    2.984000  2.846980e+00  2.210431e+02 
   68.171    3.087000  4.544889e+00  2.259245e+02 
   68.171    3.190000  7.014470e+00  2.309020e+02 
   68.171    3.293000  1.046627e+01  2.359101e+02 
   68.171    3.395000  1.506027e+01  2.408444e+02 
   68.171    3.498000  2.101505e+01  2.457036e+02 
   68.171    3.601000  2.799928e+01  2.501528e+02 
   68.171    3.704000  3.527935e+01  2.539073e+02 
   68.171    3.807000  4.234617e+01  2.569826e+02 
   68.171    3.910000  4.943997e+01  2.596749e+02 
   68.171    4.013000  5.657964e+01  2.620886e+02 
   68.171    4.116000  6.242600e+01  2.638707e+02 
   68.171    4.219000  6.884667e+01  2.656972e+02 
   68.171    4.321000  7.546578e+01  2.674495e+02 
   68.171    4.424000  8.157753e+01  2.689557e+02 
   68.171    4.527000  8.665642e+01  2.701295e+02 
   68.171    4.630000  9.019176e+01  2.708963e+02 
   68.171    4.733000  9.237788e+01  2.713378e+02 
   68.171    4.836000  9.359710e+01  2.715578e+02 
   68.171    4.939000  9.486509e+01  2.717985e+02 
   68.171    5.042000  9.672420e+01  2.721843e+02 
   68.171    5.145000  9.927644e+01  2.727311e+02 
   68.171    5.247000  1.045784e+02  2.738794e+02 
   68.171    5.350000  1.142867e+02  2.758813e+02 
   68.171    5.453000  1.292591e+02  2.786985e+02 
   68.171    5.556000  1.492081e+02  2.820243e+02 
   68.171    5.659000  1.731085e+02  2.855027e+02 
   68.171    5.762000  2.018712e+02  2.891253e+02 
   68.171    5.865000  2.338994e+02  2.925984e+02 
   68.171    5.968000  2.669690e+02  2.956999e+02 
   68.171    6.071000  2.964941e+02  2.981317e+02 
   68.171    6.173000  3.190843e+02  2.998111e+02 
   68.171    6.276000  3.334728e+02  3.008071e+02 
   68.171    6.379000  3.423199e+02  3.013945e+02 
   68.171    6.482000  3.463046e+02  3.016528e+02 
   68.171    6.585000  3.503965e+02  3.019213e+02 
   68.171    6.688000  3.545587e+02  3.021953e+02 
   68.171    6.791000  3.586864e+02  3.024670e+02 
   68.171    6.894000  3.627977e+02  3.027380e+02 
   68.171    6.997000  3.669113e+02  3.030102e+02 
   68.171    7.100000  3.709534e+02  3.032791e+02 
   68.171    7.202000  3.749029e+02  3.035440e+02 
   68.171    7.305000  3.787008e+02  3.038022e+02 
   68.171    7.408000  3.823945e+02  3.040562e+02 
   68.171    7.511000  3.859703e+02  3.043053e+02 
   68.171    7.614000  3.894553e+02  3.045515e+02 
   68.171    7.717000  3.927043e+02  3.047852e+02 
   68.171    7.820000  3.958886e+02  3.050144e+02 
   68.171    7.923000  3.989140e+02  3.052344e+02 
   68.171    8.026000  4.018904e+02  3.054509e+02 
   68.171    8.128000  4.048007e+02  3.056618e+02 
   68.171    8.231000  4.076500e+02  3.058681e+02 
   68.171    8.334001  4.106724e+02  3.060818e+02 
   68.171    8.437000  4.137256e+02  3.062943e+02 
   68.171    8.540000  4.169177e+02  3.065111e+02 
   68.171    8.643001  4.197585e+02  3.067061e+02 
   68.171    8.746000  4.225534e+02  3.068955e+02 
   68.171    8.849000  4.238289e+02  3.070353e+02 
   68.171    8.952001  4.248986e+02  3.071548e+02 
   68.171    9.054000  4.259052e+02  3.072671e+02 
   68.171    9.157001  4.276761e+02  3.074469e+02 
   68.171    9.260000  4.294712e+02  3.076231e+02 
   68.171    9.363000  4.312177e+02  3.077932e+02 
   68.171    9.466001  4.329502e+02  3.079597e+02 
   68.171    9.569000  4.346852e+02  3.081234e+02 
   68.171    9.672000  4.364246e+02  3.082841e+02 
   68.171    9.775001  4.382168e+02  3.084458e+02 
   68.171    9.878000  4.401381e+02  3.086144e+02 
   68.171    9.980000  4.405866e+02  3.086626e+02 
   68.171   10.083000  4.410354e+02  3.087098e+02 
   68.171   10.186000  4.415097e+02  3.087547e+02 
   68.171   10.289001  4.419759e+02  3.087985e+02 
   68.171   10.392000  4.424336e+02  3.088411e+02 
   68.171   10.495000  4.428827e+02  3.088828e+02 
   68.171   10.598001  4.433231e+02  3.089236e+02 
   68.171   10.701000  4.437556e+02  3.089635e+02 
   68.171   10.804000  4.441820e+02  3.090028e+02 
   68.171   10.906000  4.445985e+02  3.090410e+02 
   68.171   11.009000  4.450135e+02  3.090789e+02 
   68.171   11.112000  4.454236e+02  3.091164e+02 
   68.171   11.215000  4.458289e+02  3.091534e+02 
   68.171   11.318000  4.462291e+02  3.091899e+02 
   68.171   11.421000  4.466241e+02  3.092261e+02 
   68.171   11.524000  4.470137e+02  3.092619e+02 
   68.171   11.627000  4.473979e+02  3.092974e+02 
   68.171   11.730000  4.477768e+02  3.093327e+02 
   68.171   11.832001  4.481466e+02  3.093673e+02 
   68.171   11.935000  4.485146e+02  3.094020e+02 
   68.171   12.038000  4.488774e+02  3.094363e+02 
   68.171   12.141001  4.492350e+02  3.094704e+02 
   68.171   12.244000  4.495874e+02  3.095040e+02 
   68.171   12.347000  4.499350e+02  3.095373e+02 
   68.171   12.450001  4.502778e+02  3.095701e+02 
   68.171   12.553000  4.506160e+02  3.096024e+02 
   68.171   12.656000  4.509497e+02  3.096343e+02 
   68.171   12.759000  4.512790e+02  3.096657e+02 
   68.171   12.861000  4.516012e+02  3.096962e+02 
   68.171   12.964001  4.519227e+02  3.097264e+02 
   68.171   13.067000  4.522406e+02  3.097560e+02 
   68.171   13.170000  4.525547e+02  3.097849e+02 
   68.171   13.273001  4.528654e+02  3.098131e+02 
   68.171   13.376000  4.531725e+02  3.098405e+02 
   68.171   13.479000  4.534764e+02  3.098671e+02 
   68.171   13.582001  4.537769e+02  3.098929e+02 
   68.171   13.685000  4.540743e+02  3.099178e+02 
   68.171   13.787001  4.543658e+02  3.099415e+02 
   68.171   13.890000  4.546569e+02  3.099646e+02 
   68.171   13.993000  4.549449e+02  3.099868e+02 
   68.171   14.096001  4.552296e+02  3.100082e+02 
   68.171   14.199000  4.555111e+02  3.100288e+02 
   68.171   14.302000  4.557892e+02  3.100488e+02 
   68.171   14.405001  4.560640e+02  3.100681e+02 
   68.171   14.508000  4.563354e+02  3.100870e+02 
   68.171   14.611000  4.566035e+02  3.101054e+02 
   68.171   14.713000  4.568657e+02  3.101231e+02 
   68.171   14.816000  4.571271e+02  3.101406e+02 
   68.171   14.919001  4.573853e+02  3.101576e+02 
   68.171   15.022000  4.576404e+02  3.101742e+02 
   68.171   15.125000  4.578924e+02  3.101904e+02 
   68.171   15.228001  4.581412e+02  3.102062e+02 
   68.171   15.331000  4.583871e+02  3.102215e+02 
   68.171   15.434000  4.586299e+02  3.102365e+02 
   68.171   15.537001  4.588697e+02  3.102511e+02 
   68.171   15.639000  4.591042e+02  3.102652e+02 
   68.171   15.742001  4.593381e+02  3.102791e+02 
   68.171   15.845000  4.595692e+02  3.102925e+02 
   68.171   15.948000  4.597977e+02  3.103056e+02 
   68.171   16.051001  4.600237e+02  3.103182e+02 
   68.171   16.154001  4.602473e+02  3.103304e+02 
   68.171   16.257000  4.604685e+02  3.103421e+02 
   68.171   16.360001  4.606873e+02  3.103534e+02 
   68.171   16.462999  4.609041e+02  3.103641e+02 
   68.171   16.565001  4.611165e+02  3.103742e+02 
   68.171   16.668001  4.613290e+02  3.103838e+02 
   68.171   16.771000  4.615397e+02  3.103928e+02 
   68.171   16.874001  4.617488e+02  3.104009e+02 
   68.171   16.977001  4.619562e+02  3.104084e+02 
   68.171   17.080000  4.621622e+02  3.104149e+02 
   68.171   17.183001  4.623670e+02  3.104206e+02 
   68.171   17.286001  4.625706e+02  3.104254e+02 
   68.171   17.389000  4.627729e+02  3.104292e+02 
   68.171   17.492001  4.629738e+02  3.104323e+02 
   68.171   17.594000  4.631715e+02  3.104347e+02 
   68.171   17.697001  4.633697e+02  3.104362e+02 
   68.171   17.800001  4.635664e+02  3.104373e+02 
   68.171   17.903000  4.637616e+02  3.104377e+02 
   68.171   18.006001  4.639551e+02  3.104376e+02 
   68.171   18.109001  4.641470e+02  3.104370e+02 
   68.171   18.212000  4.643373e+02  3.104359e+02 
   68.171   18.315001  4.645261e+02  3.104343e+02 
   68.171   18.418001  4.647133e+02  3.104323e+02 
   68.171   18.520000  4.648971e+02  3.104297e+02 
   68.171   18.623001  4.650812e+02  3.104268e+02 
   68.171   18.726000  4.652638e+02  3.104234e+02 
   68.171   18.829000  4.654448e+02  3.104195e+02 
   68.171   18.932001  4.656244e+02  3.104152e+02 
   68.171   19.035000  4.658025e+02  3.104105e+02 
   68.171   19.138000  4.659793e+02  3.104053e+02 
   68.171   19.241001  4.661548e+02  3.103998e+02 
   68.171   19.344000  4.663289e+02  3.103938e+02 
   68.171   19.446001  4.665002e+02  3.103875e+02 
   68.171   19.549000  4.666719e+02  3.103806e+02 
   68.171   19.652000  4.668424e+02  3.103733e+02 
   68.171   19.755001  4.670116e+02  3.103656e+02 
   68.171   19.858000  4.671796e+02  3.103574e+02 
   68.171   19.961000  4.673463e+02  3.103489e+02 
   68.171   20.064001  4.675121e+02  3.103398e+02 
   68.171   20.363001  4.679874e+02  3.103110e+02 
   68.171   20.859001  4.687530e+02  3.102573e+02 
   68.171   21.355000  4.694905e+02  3.101969e+02 
   68.171   21.850000  4.701964e+02  3.101323e+02 
   68.171   22.346001  4.708659e+02  3.100687e+02 
   68.171   22.842001  4.714923e+02  3.100102e+02 
   68.171   23.337999  4.720757e+02  3.099575e+02 
   68.171   23.833000  4.726219e+02  3.099081e+02 
   68.171   24.329000  4.731388e+02  3.098595e+02 
   68.171   24.825001  4.736248e+02  3.098126e+02 
   68.171   25.321001  4.740785e+02  3.097689e+02 
   68.171   25.816000  4.745012e+02  3.097281e+02 
   68.171   26.312000  4.748973e+02  3.096895e+02 
   68.171   26.808001  4.752679e+02  3.096526e+02 
   68.171   27.304001  4.756141e+02  3.096177e+02 
   68.171   27.799000  4.759372e+02  3.095844e+02 
   68.171   28.295000  4.762406e+02  3.095522e+02 
   68.171   28.791000  4.765262e+02  3.095208e+02 
   68.171   29.287001  4.767960e+02  3.094899e+02 
   68.171   29.782000  4.770514e+02  3.094594e+02 
   68.171   30.278000  4.772947e+02  3.094291e+02 
   68.171   30.774000  4.775272e+02  3.093993e+02 
   68.171   31.270000  4.777506e+02  3.093698e+02 
   68.171   31.764999  4.779659e+02  3.093409e+02 
   68.171   32.260998  4.781761e+02  3.093123e+02 
   68.171   32.757000  4.783827e+02  3.092841e+02 
   68.171   33.252998  4.785876e+02  3.092565e+02 
   68.171   33.747997  4.787919e+02  3.092299e+02 
   68.171   34.243999  4.789977e+02  3.092045e+02 
   68.171   34.739998  4.792063e+02  3.091804e+02 
   68.171   35.236000  4.794188e+02  3.091578e+02 
   68.171   35.730999  4.796359e+02  3.091367e+02 
   68.171   36.226997  4.798590e+02  3.091168e+02 
   68.171   36.723000  4.800877e+02  3.090982e+02 
   68.171   37.218998  4.803218e+02  3.090808e+02 
   68.171   37.713997  4.805597e+02  3.090647e+02 
   68.171   38.209999  4.808015e+02  3.090496e+02 
   68.171   38.705997  4.810447e+02  3.090358e+02 
   68.171   39.202000  4.812878e+02  3.090231e+02 
   68.171   39.696999  4.815278e+02  3.090116e+02 
   68.171   40.196999  4.817626e+02  3.090025e+02 
   68.171   45.196999  4.836190e+02  3.089642e+02 
   68.171   50.196999  4.843270e+02  3.089595e+02 
   68.171   55.196999  4.845727e+02  3.089621e+02 
   68.171   60.196999  4.852933e+02  3.089653e+02 
   68.171   65.196999  4.865202e+02  3.089678e+02 
