    0.000    0.000000  0.000000e+00  3.500253e+02 
    0.000    0.103000  0.000000e+00  3.492035e+02 
    0.000    0.206000  0.000000e+00  3.480268e+02 
    0.000    0.309000  0.000000e+00  3.466562e+02 
    0.000    0.412000  0.000000e+00  3.451658e+02 
    0.000    0.515000  0.000000e+00  3.436383e+02 
    0.000    0.618000  0.000000e+00  3.420526e+02 
    0.000    0.721000  0.000000e+00  3.402580e+02 
    0.000    0.823000  0.000000e+00  3.383287e+02 
    0.000    0.926000  0.000000e+00  3.362560e+02 
    0.000    1.029000  0.000000e+00  3.341788e+02 
    0.000    1.132000  0.000000e+00  3.321852e+02 
    0.000    1.235000  0.000000e+00  3.301315e+02 
    0.000    1.338000  0.000000e+00  3.281807e+02 
    0.000    1.441000  0.000000e+00  3.263624e+02 
    0.000    1.544000  0.000000e+00  3.246547e+02 
    0.000    1.647000  0.000000e+00  3.229197e+02 
    0.000    1.749000  0.000000e+00  3.211530e+02 
    0.000    1.852000  0.000000e+00  3.193231e+02 
    0.000    1.955000  0.000000e+00  3.174917e+02 
    0.000    2.058000  0.000000e+00  3.155990e+02 
    0.000    2.161000  0.000000e+00  3.135787e+02 
    0.000    2.264000  0.000000e+00  3.124286e+02 
    0.000    2.367000  0.000000e+00  3.112707e+02 
    0.000    2.470000  0.000000e+00  3.101121e+02 
    0.000    2.573000  0.000000e+00  3.089633e+02 
    0.000    2.675000  0.000000e+00  3.077993e+02 
    0.000    2.778000  0.000000e+00  3.065856e+02 
    0.000    2.881000  0.000000e+00  3.053353e+02 
    0.000    2.984000  0.000000e+00  3.040290e+02 
    0.000    3.087000  0.000000e+00  3.027083e+02 
    0.000    3.190000  0.000000e+00  3.014164e+02 
    0.000    3.293000  0.000000e+00  3.001455e+02 
    0.000    3.396000  0.000000e+00  2.988645e+02 
    0.000    3.499000  0.000000e+00  2.975829e+02 
    0.000    3.601000  0.000000e+00  2.963069e+02 
    0.000    3.704000  0.000000e+00  2.950156e+02 
    0.000    3.807000  0.000000e+00  2.937300e+02 
    0.000    3.910000  0.000000e+00  2.924439e+02 
    0.000    4.013000  0.000000e+00  2.911639e+02 
    0.000    4.116000  0.000000e+00  2.898881e+02 
    0.000    4.219000  0.000000e+00  2.886133e+02 
    0.000    4.322000  0.000000e+00  2.873488e+02 
    0.000    4.425000  0.000000e+00  2.860883e+02 
    0.000    4.527000  0.000000e+00  2.848456e+02 
    0.000    4.630000  0.000000e+00  2.836070e+02 
    0.000    4.733000  0.000000e+00  2.823848e+02 
    0.000    4.836000  0.000000e+00  2.811812e+02 
    0.000    4.939000  0.000000e+00  2.799894e+02 
    0.000    5.042000  0.000000e+00  2.788060e+02 
    0.000    5.145000  0.000000e+00  2.776393e+02 
    0.000    5.248000  0.000000e+00  2.764835e+02 
    0.000    5.351000  0.000000e+00  2.753420e+02 
    0.000    5.453000  0.000000e+00  2.742281e+02 
    0.000    5.556000  0.000000e+00  2.731232e+02 
    0.000    5.659000  0.000000e+00  2.720410e+02 
    0.000    5.762000  0.000000e+00  2.709811e+02 
    0.000    5.865000  0.000000e+00  2.699417e+02 
    0.000    5.968000  0.000000e+00  2.689248e+02 
    0.000    6.071000  0.000000e+00  2.679256e+02 
    0.000    6.174000  0.000000e+00  2.669422e+02 
    0.000    6.277000  0.000000e+00  2.659789e+02 
    0.000    6.379000  0.000000e+00  2.650416e+02 
    0.000    6.482000  0.000000e+00  2.641157e+02 
    0.000    6.585000  0.000000e+00  2.632108e+02 
    0.000    6.688000  0.000000e+00  2.623309e+02 
    0.000    6.791000  0.000000e+00  2.614727e+02 
    0.000    6.894000  0.000000e+00  2.606459e+02 
    0.000    6.997000  0.000000e+00  2.598607e+02 
    0.000    7.100000  0.000000e+00  2.591089e+02 
    0.000    7.203000  0.000000e+00  2.584645e+02 
    0.000    7.306000  0.000000e+00  2.577908e+02 
    0.000    7.408000  0.000000e+00  2.571299e+02 
    0.000    7.511000  0.000000e+00  2.566525e+02 
    0.000    7.614000  0.000000e+00  2.563116e+02 
    0.000    7.717000  0.000000e+00  2.560168e+02 
    0.000    7.820000  0.000000e+00  2.557296e+02 
    0.000    7.923000  0.000000e+00  2.554758e+02 
    0.000    8.026000  0.000000e+00  2.552251e+02 
    0.000    8.129000  0.000000e+00  2.549936e+02 
    0.000    8.231999  0.000000e+00  2.547478e+02 
    0.000    8.334000  0.000000e+00  2.545122e+02 
    0.000    8.436999  0.000000e+00  2.542509e+02 
    0.000    8.540000  0.000000e+00  2.540171e+02 
    0.000    8.643000  0.000000e+00  2.537325e+02 
    0.000    8.745999  0.000000e+00  2.533980e+02 
    0.000    8.849000  0.000000e+00  2.530967e+02 
    0.000    8.952000  0.000000e+00  2.528768e+02 
    0.000    9.054999  0.000000e+00  2.525298e+02 
    0.000    9.158000  0.000000e+00  2.522054e+02 
    0.000    9.259999  0.000000e+00  2.520747e+02 
    0.000    9.363000  0.000000e+00  2.519471e+02 
    0.000    9.466000  0.000000e+00  2.518238e+02 
    0.000    9.568999  0.000000e+00  2.517134e+02 
    0.000    9.672000  0.000000e+00  2.516125e+02 
    0.000    9.775000  0.000000e+00  2.515210e+02 
    0.000    9.877999  0.000000e+00  2.514479e+02 
    0.000    9.981000  0.000000e+00  2.513882e+02 
    0.000   10.084000  0.000000e+00  2.513341e+02 
    0.000   10.186000  0.000000e+00  2.512775e+02 
    0.000   10.289000  0.000000e+00  2.512192e+02 
    0.000   10.391999  0.000000e+00  2.511590e+02 
    0.000   10.495000  0.000000e+00  2.510909e+02 
    0.000   10.598000  0.000000e+00  2.510178e+02 
    0.000   10.700999  0.000000e+00  2.509434e+02 
    0.000   10.804000  0.000000e+00  2.508691e+02 
    0.000   10.907000  0.000000e+00  2.507955e+02 
    0.000   11.009999  0.000000e+00  2.507209e+02 
    0.000   11.112000  0.000000e+00  2.506405e+02 
    0.000   11.214999  0.000000e+00  2.505551e+02 
    0.000   11.318000  0.000000e+00  2.504676e+02 
    0.000   11.421000  0.000000e+00  2.503767e+02 
    0.000   11.523999  0.000000e+00  2.502837e+02 
    0.000   11.627000  0.000000e+00  2.501901e+02 
    0.000   11.730000  0.000000e+00  2.500992e+02 
    0.000   11.832999  0.000000e+00  2.500105e+02 
    0.000   11.936000  0.000000e+00  2.499232e+02 
    0.000   12.037999  0.000000e+00  2.498381e+02 
    0.000   12.141000  0.000000e+00  2.497533e+02 
    0.000   12.243999  0.000000e+00  2.496697e+02 
    0.000   12.346999  0.000000e+00  2.495860e+02 
    0.000   12.450000  0.000000e+00  2.495020e+02 
    0.000   12.552999  0.000000e+00  2.494182e+02 
    0.000   12.655999  0.000000e+00  2.493351e+02 
    0.000   12.759000  0.000000e+00  2.492526e+02 
    0.000   12.862000  0.000000e+00  2.491709e+02 
    0.000   12.964999  0.000000e+00  2.490908e+02 
    0.000   13.066999  0.000000e+00  2.490138e+02 
    0.000   13.169999  0.000000e+00  2.489379e+02 
    0.000   13.273000  0.000000e+00  2.488639e+02 
    0.000   13.375999  0.000000e+00  2.487928e+02 
    0.000   13.478999  0.000000e+00  2.487241e+02 
    0.000   13.582000  0.000000e+00  2.486570e+02 
    0.000   13.684999  0.000000e+00  2.485916e+02 
    0.000   13.787999  0.000000e+00  2.485276e+02 
    0.000   13.891000  0.000000e+00  2.484648e+02 
    0.000   13.993000  0.000000e+00  2.484055e+02 
    0.000   14.096000  0.000000e+00  2.483484e+02 
    0.000   14.198999  0.000000e+00  2.482934e+02 
    0.000   14.302000  0.000000e+00  2.482408e+02 
    0.000   14.405000  0.000000e+00  2.481909e+02 
    0.000   14.507999  0.000000e+00  2.481432e+02 
    0.000   14.611000  0.000000e+00  2.480967e+02 
    0.000   14.714000  0.000000e+00  2.480497e+02 
    0.000   14.816999  0.000000e+00  2.480025e+02 
    0.000   14.919000  0.000000e+00  2.479561e+02 
    0.000   15.021999  0.000000e+00  2.479091e+02 
    0.000   15.125000  0.000000e+00  2.478620e+02 
    0.000   15.228000  0.000000e+00  2.478153e+02 
    0.000   15.330999  0.000000e+00  2.477696e+02 
    0.000   15.434000  0.000000e+00  2.477255e+02 
    0.000   15.537000  0.000000e+00  2.476828e+02 
    0.000   15.639999  0.000000e+00  2.476405e+02 
    0.000   15.743000  0.000000e+00  2.475957e+02 
    0.000   15.844999  0.000000e+00  2.475493e+02 
    0.000   15.947999  0.000000e+00  2.475016e+02 
    0.000   16.051001  0.000000e+00  2.474512e+02 
    0.000   16.154001  0.000000e+00  2.473979e+02 
    0.000   16.257000  0.000000e+00  2.473428e+02 
    0.000   16.360001  0.000000e+00  2.472869e+02 
    0.000   16.463001  0.000000e+00  2.472311e+02 
    0.000   16.566000  0.000000e+00  2.471754e+02 
    0.000   16.669001  0.000000e+00  2.471198e+02 
    0.000   16.771000  0.000000e+00  2.470670e+02 
    0.000   16.874001  0.000000e+00  2.470159e+02 
    0.000   16.977001  0.000000e+00  2.469662e+02 
    0.000   17.080000  0.000000e+00  2.469186e+02 
    0.000   17.183001  0.000000e+00  2.468737e+02 
    0.000   17.286001  0.000000e+00  2.468311e+02 
    0.000   17.389000  0.000000e+00  2.467899e+02 
    0.000   17.492001  0.000000e+00  2.467504e+02 
    0.000   17.595001  0.000000e+00  2.467122e+02 
    0.000   17.698000  0.000000e+00  2.466752e+02 
    0.000   17.800001  0.000000e+00  2.466391e+02 
    0.000   17.903000  0.000000e+00  2.466029e+02 
    0.000   18.006001  0.000000e+00  2.465669e+02 
    0.000   18.109001  0.000000e+00  2.465314e+02 
    0.000   18.212000  0.000000e+00  2.464959e+02 
    0.000   18.315001  0.000000e+00  2.464604e+02 
    0.000   18.418001  0.000000e+00  2.464250e+02 
    0.000   18.521000  0.000000e+00  2.463901e+02 
    0.000   18.624001  0.000000e+00  2.463556e+02 
    0.000   18.726000  0.000000e+00  2.463220e+02 
    0.000   18.829000  0.000000e+00  2.462885e+02 
    0.000   18.932001  0.000000e+00  2.462550e+02 
    0.000   19.035000  0.000000e+00  2.462211e+02 
    0.000   19.138000  0.000000e+00  2.461870e+02 
    0.000   19.241001  0.000000e+00  2.461529e+02 
    0.000   19.344000  0.000000e+00  2.461185e+02 
    0.000   19.447001  0.000000e+00  2.460837e+02 
    0.000   19.550001  0.000000e+00  2.460486e+02 
    0.000   19.652000  0.000000e+00  2.460139e+02 
    0.000   19.755001  0.000000e+00  2.459795e+02 
    0.000   19.858000  0.000000e+00  2.459460e+02 
    0.000   19.961000  0.000000e+00  2.459130e+02 
    0.000   20.064001  0.000000e+00  2.458805e+02 
    0.000   20.363001  0.000000e+00  2.457925e+02 
    0.000   20.859001  0.000000e+00  2.456622e+02 
    0.000   21.355001  0.000000e+00  2.455441e+02 
    0.000   21.851000  0.000000e+00  2.454389e+02 
    0.000   22.346001  0.000000e+00  2.453349e+02 
    0.000   22.842001  0.000000e+00  2.452319e+02 
    0.000   23.338001  0.000000e+00  2.451422e+02 
    0.000   23.834000  0.000000e+00  2.450728e+02 
    0.000   24.329000  0.000000e+00  2.450227e+02 
    0.000   24.825001  0.000000e+00  2.449845e+02 
    0.000   25.321001  0.000000e+00  2.449628e+02 
    0.000   25.817001  0.000000e+00  2.449555e+02 
    0.000   26.312000  0.000000e+00  2.449583e+02 
    0.000   26.808001  0.000000e+00  2.449700e+02 
    0.000   27.304001  0.000000e+00  2.449852e+02 
    0.000   27.800001  0.000000e+00  2.450018e+02 
    0.000   28.295000  0.000000e+00  2.450227e+02 
    0.000   28.791000  0.000000e+00  2.450511e+02 
    0.000   29.287001  0.000000e+00  2.450894e+02 
    0.000   29.783001  0.000000e+00  2.451361e+02 
    0.000   30.278000  0.000000e+00  2.451886e+02 
    0.000   30.774000  0.000000e+00  2.452408e+02 
    0.000   31.270000  0.000000e+00  2.452923e+02 
    0.000   31.766001  0.000000e+00  2.453436e+02 
    0.000   32.261002  0.000000e+00  2.453961e+02 
    0.000   32.757000  0.000000e+00  2.454505e+02 
    0.000   33.253002  0.000000e+00  2.455087e+02 
    0.000   33.749001  0.000000e+00  2.455707e+02 
    0.000   34.243999  0.000000e+00  2.456357e+02 
    0.000   34.740002  0.000000e+00  2.456995e+02 
    0.000   35.236000  0.000000e+00  2.457602e+02 
    0.000   35.732002  0.000000e+00  2.458169e+02 
    0.000   36.227001  0.000000e+00  2.458699e+02 
    0.000   36.723000  0.000000e+00  2.459190e+02 
    0.000   37.219002  0.000000e+00  2.459648e+02 
    0.000   37.715000  0.000000e+00  2.460086e+02 
    0.000   38.209999  0.000000e+00  2.460507e+02 
    0.000   38.706001  0.000000e+00  2.460934e+02 
    0.000   39.202000  0.000000e+00  2.461370e+02 
    0.000   39.698002  0.000000e+00  2.461834e+02 
    0.000   40.198002  0.000000e+00  2.462341e+02 
    0.000   45.198002  0.000000e+00  2.466843e+02 
    0.000   50.198002  0.000000e+00  2.469078e+02 
    0.000   55.198002  0.000000e+00  2.469069e+02 
    0.000   60.198002  0.000000e+00  2.468382e+02 
    0.000   65.197998  0.000000e+00  2.467859e+02 
