   67.647    0.000000  0.000000e+00  1.392076e+00 
   67.647    0.103000  0.000000e+00  1.418733e+00 
   67.647    0.205000  0.000000e+00  1.445099e+00 
   67.647    0.308000  0.000000e+00  1.471580e+00 
   67.647    0.411000  0.000000e+00  1.497873e+00 
   67.647    0.514000  0.000000e+00  1.523941e+00 
   67.647    0.617000  0.000000e+00  6.196774e+00 
   67.647    0.720000  0.000000e+00  1.283424e+01 
   67.647    0.823000  0.000000e+00  2.119475e+01 
   67.647    0.926000  0.000000e+00  3.114701e+01 
   67.647    1.029000  0.000000e+00  4.260754e+01 
   67.647    1.131000  0.000000e+00  5.538897e+01 
   67.647    1.234000  0.000000e+00  6.970837e+01 
   67.647    1.337000  0.000000e+00  8.548588e+01 
   67.647    1.440000  0.000000e+00  1.027738e+02 
   67.647    1.543000  0.000000e+00  1.216960e+02 
   67.647    1.646000  1.504919e-36  1.424967e+02 
   67.647    1.749000  3.947378e-26  1.654963e+02 
   67.647    1.852000  2.413443e-25  1.678848e+02 
   67.647    1.955000  1.446672e-23  1.736522e+02 
   67.647    2.057000  6.163151e-22  1.790978e+02 
   67.647    2.160000  2.146556e-20  1.844112e+02 
   67.647    2.263000  3.686629e-19  1.887872e+02 
   67.647    2.366000  8.644340e-16  1.992682e+02 
   67.647    2.469000  1.032621e-12  2.091119e+02 
   67.647    2.572000  6.902758e-10  2.186828e+02 
   67.647    2.675000  1.990103e-07  2.278384e+02 
   67.647    2.778000  2.299274e-05  2.367994e+02 
   67.647    2.881000  1.141733e-03  2.461138e+02 
   67.647    2.983000  2.738751e-02  2.566232e+02 
   67.647    3.086000  3.819777e-01  2.697360e+02 
   67.647    3.189000  3.333940e+00  2.859852e+02 
   67.647    3.292000  3.365742e+00  2.857830e+02 
   67.647    3.395000  3.383003e+00  2.855851e+02 
   67.647    3.498000  3.397314e+00  2.854083e+02 
   67.647    3.601000  3.411533e+00  2.852540e+02 
   67.647    3.704000  3.425688e+00  2.851184e+02 
   67.647    3.807000  3.439771e+00  2.849991e+02 
   67.647    3.910000  3.453784e+00  2.848943e+02 
   67.647    4.012000  3.467576e+00  2.848033e+02 
   67.647    4.115000  3.481419e+00  2.847230e+02 
   67.647    4.218000  3.495183e+00  2.846530e+02 
   67.647    4.321000  3.526035e+00  2.846375e+02 
   67.647    4.424000  3.575540e+00  2.846791e+02 
   67.647    4.527000  3.630801e+00  2.847427e+02 
   67.647    4.630000  3.706796e+00  2.848663e+02 
   67.647    4.733000  3.825485e+00  2.851033e+02 
   67.647    4.836000  4.030385e+00  2.855536e+02 
   67.647    4.938000  4.365799e+00  2.862970e+02 
   67.647    5.041000  4.876865e+00  2.873810e+02 
   67.647    5.144000  5.597406e+00  2.887970e+02 
   67.647    5.247000  6.617692e+00  2.906083e+02 
   67.647    5.350000  8.388356e+00  2.933378e+02 
   67.647    5.453000  1.106021e+01  2.967382e+02 
   67.647    5.556000  1.498232e+01  3.007410e+02 
   67.647    5.659000  2.035027e+01  3.050720e+02 
   67.647    5.762000  2.671046e+01  3.091702e+02 
   67.647    5.864000  3.306492e+01  3.125560e+02 
   67.647    5.967000  4.018538e+01  3.157959e+02 
   67.647    6.070000  4.814567e+01  3.189303e+02 
   67.647    6.173000  5.803979e+01  3.223185e+02 
   67.647    6.276000  7.213551e+01  3.264509e+02 
   67.647    6.379000  9.535727e+01  3.320272e+02 
   67.647    6.482000  1.348994e+02  3.393015e+02 
   67.647    6.585000  1.968159e+02  3.475070e+02 
   67.647    6.688000  2.905331e+02  3.559558e+02 
   67.647    6.790000  3.675049e+02  3.607801e+02 
   67.647    6.893000  3.684885e+02  3.607666e+02 
   67.647    6.996000  3.694746e+02  3.607651e+02 
   67.647    7.099000  3.704577e+02  3.607730e+02 
   67.647    7.202000  3.714050e+02  3.607912e+02 
   67.647    7.305000  3.722816e+02  3.608198e+02 
   67.647    7.408000  3.730850e+02  3.608562e+02 
   67.647    7.511000  3.738219e+02  3.608980e+02 
   67.647    7.614000  3.744921e+02  3.609440e+02 
   67.647    7.716000  3.817686e+02  3.613590e+02 
   67.647    7.819000  3.895250e+02  3.617869e+02 
   67.647    7.922000  3.953575e+02  3.621048e+02 
   67.647    8.025000  4.016936e+02  3.624396e+02 
   67.647    8.127999  4.094075e+02  3.628296e+02 
   67.647    8.231000  4.158314e+02  3.631468e+02 
   67.647    8.334000  4.214996e+02  3.634213e+02 
   67.647    8.436999  4.298422e+02  3.638020e+02 
   67.647    8.540000  4.382849e+02  3.641701e+02 
   67.647    8.642000  4.450491e+02  3.644571e+02 
   67.647    8.745000  4.455713e+02  3.644972e+02 
   67.647    8.848000  4.460765e+02  3.645368e+02 
   67.647    8.951000  4.465725e+02  3.645754e+02 
   67.647    9.054000  4.470634e+02  3.646126e+02 
   67.647    9.157000  4.475503e+02  3.646484e+02 
   67.647    9.259999  4.480355e+02  3.646827e+02 
   67.647    9.363000  4.485195e+02  3.647154e+02 
   67.647    9.466000  4.490025e+02  3.647466e+02 
   67.647    9.568999  4.494845e+02  3.647762e+02 
   67.647    9.671000  4.499610e+02  3.648041e+02 
   67.647    9.774000  4.504383e+02  3.648309e+02 
   67.647    9.877000  4.509078e+02  3.648566e+02 
   67.647    9.980000  4.513683e+02  3.648810e+02 
   67.647   10.083000  4.518198e+02  3.649044e+02 
   67.647   10.186000  4.522935e+02  3.649258e+02 
   67.647   10.289000  4.527560e+02  3.649464e+02 
   67.647   10.392000  4.532093e+02  3.649664e+02 
   67.647   10.495000  4.536565e+02  3.649858e+02 
   67.647   10.597000  4.540939e+02  3.650044e+02 
   67.647   10.700000  4.545298e+02  3.650228e+02 
   67.647   10.802999  4.549596e+02  3.650408e+02 
   67.647   10.906000  4.553833e+02  3.650585e+02 
   67.647   11.009000  4.558010e+02  3.650760e+02 
   67.647   11.112000  4.562132e+02  3.650933e+02 
   67.647   11.215000  4.566200e+02  3.651105e+02 
   67.647   11.318000  4.570213e+02  3.651277e+02 
   67.647   11.421000  4.574173e+02  3.651448e+02 
   67.647   11.523000  4.578044e+02  3.651617e+02 
   67.647   11.625999  4.581898e+02  3.651788e+02 
   67.647   11.729000  4.585700e+02  3.651957e+02 
   67.647   11.832000  4.589449e+02  3.652126e+02 
   67.647   11.934999  4.593145e+02  3.652293e+02 
   67.647   12.038000  4.596789e+02  3.652459e+02 
   67.647   12.141000  4.600383e+02  3.652623e+02 
   67.647   12.243999  4.603927e+02  3.652785e+02 
   67.647   12.347000  4.607423e+02  3.652945e+02 
   67.647   12.448999  4.610839e+02  3.653101e+02 
   67.647   12.552000  4.614242e+02  3.653256e+02 
   67.647   12.655000  4.617599e+02  3.653407e+02 
   67.647   12.757999  4.620913e+02  3.653555e+02 
   67.647   12.861000  4.624188e+02  3.653699e+02 
   67.647   12.964000  4.627423e+02  3.653839e+02 
   67.647   13.066999  4.630622e+02  3.653975e+02 
   67.647   13.170000  4.633783e+02  3.654106e+02 
   67.647   13.273000  4.636907e+02  3.654231e+02 
   67.647   13.375000  4.639965e+02  3.654351e+02 
   67.647   13.478000  4.643018e+02  3.654466e+02 
   67.647   13.580999  4.646036e+02  3.654576e+02 
   67.647   13.684000  4.649020e+02  3.654679e+02 
   67.647   13.787000  4.651970e+02  3.654777e+02 
   67.647   13.889999  4.654887e+02  3.654869e+02 
   67.647   13.993000  4.657772e+02  3.654955e+02 
   67.647   14.096000  4.660627e+02  3.655033e+02 
   67.647   14.198999  4.663449e+02  3.655105e+02 
   67.647   14.301000  4.666214e+02  3.655170e+02 
   67.647   14.403999  4.668974e+02  3.655231e+02 
   67.647   14.507000  4.671703e+02  3.655286e+02 
   67.647   14.610000  4.674400e+02  3.655336e+02 
   67.647   14.712999  4.677065e+02  3.655383e+02 
   67.647   14.816000  4.679697e+02  3.655426e+02 
   67.647   14.919000  4.682297e+02  3.655467e+02 
   67.647   15.021999  4.684865e+02  3.655504e+02 
   67.647   15.125000  4.687401e+02  3.655540e+02 
   67.647   15.228000  4.689905e+02  3.655573e+02 
   67.647   15.330000  4.692354e+02  3.655603e+02 
   67.647   15.433000  4.694797e+02  3.655630e+02 
   67.647   15.535999  4.697209e+02  3.655655e+02 
   67.647   15.639000  4.699592e+02  3.655678e+02 
   67.647   15.742000  4.701945e+02  3.655697e+02 
   67.647   15.844999  4.704270e+02  3.655714e+02 
   67.647   15.948000  4.706567e+02  3.655729e+02 
   67.647   16.051001  4.708839e+02  3.655741e+02 
   67.647   16.153999  4.711087e+02  3.655750e+02 
   67.647   16.256001  4.713289e+02  3.655757e+02 
   67.647   16.358999  4.715489e+02  3.655760e+02 
   67.647   16.462000  4.717666e+02  3.655760e+02 
   67.647   16.565001  4.719821e+02  3.655757e+02 
   67.647   16.667999  4.721954e+02  3.655751e+02 
   67.647   16.771000  4.724068e+02  3.655739e+02 
   67.647   16.874001  4.726163e+02  3.655723e+02 
   67.647   16.976999  4.728239e+02  3.655701e+02 
   67.647   17.080000  4.730298e+02  3.655673e+02 
   67.647   17.181999  4.732325e+02  3.655637e+02 
   67.647   17.285000  4.734358e+02  3.655593e+02 
   67.647   17.388000  4.736378e+02  3.655540e+02 
   67.647   17.490999  4.738386e+02  3.655479e+02 
   67.647   17.594000  4.740383e+02  3.655408e+02 
   67.647   17.697001  4.742368e+02  3.655330e+02 
   67.647   17.799999  4.744340e+02  3.655244e+02 
   67.647   17.903000  4.746296e+02  3.655154e+02 
   67.647   18.006001  4.748237e+02  3.655057e+02 
   67.647   18.108000  4.750143e+02  3.654957e+02 
   67.647   18.211000  4.752051e+02  3.654852e+02 
   67.647   18.313999  4.753943e+02  3.654744e+02 
   67.647   18.417000  4.755819e+02  3.654631e+02 
   67.647   18.520000  4.757678e+02  3.654515e+02 
   67.647   18.622999  4.759522e+02  3.654395e+02 
   67.647   18.726000  4.761351e+02  3.654271e+02 
   67.647   18.829000  4.763165e+02  3.654142e+02 
   67.647   18.931999  4.764965e+02  3.654009e+02 
   67.647   19.035000  4.766750e+02  3.653873e+02 
   67.647   19.136999  4.768505e+02  3.653734e+02 
   67.647   19.240000  4.770264e+02  3.653590e+02 
   67.647   19.343000  4.772010e+02  3.653443e+02 
   67.647   19.445999  4.773742e+02  3.653292e+02 
   67.647   19.549000  4.775461e+02  3.653138e+02 
   67.647   19.652000  4.777168e+02  3.652980e+02 
   67.647   19.754999  4.778861e+02  3.652820e+02 
   67.647   19.858000  4.780542e+02  3.652656e+02 
   67.647   19.961000  4.782211e+02  3.652489e+02 
   67.647   20.063000  4.783854e+02  3.652318e+02 
   67.647   20.362999  4.788636e+02  3.651788e+02 
   67.647   20.858000  4.796300e+02  3.650862e+02 
   67.647   21.354000  4.803697e+02  3.649877e+02 
   67.647   21.850000  4.810809e+02  3.648851e+02 
   67.647   22.346001  4.817573e+02  3.647838e+02 
   67.647   22.841000  4.823917e+02  3.646891e+02 
   67.647   23.337000  4.829845e+02  3.646026e+02 
   67.647   23.833000  4.835382e+02  3.645228e+02 
   67.647   24.329000  4.840587e+02  3.644469e+02 
   67.647   24.823999  4.845477e+02  3.643743e+02 
   67.647   25.320000  4.850060e+02  3.643059e+02 
   67.647   25.816000  4.854336e+02  3.642424e+02 
   67.647   26.312000  4.858329e+02  3.641828e+02 
   67.647   26.806999  4.862063e+02  3.641264e+02 
   67.647   27.302999  4.865561e+02  3.640730e+02 
   67.647   27.799000  4.868825e+02  3.640226e+02 
   67.647   28.295000  4.871877e+02  3.639749e+02 
   67.647   28.791000  4.874745e+02  3.639290e+02 
   67.647   29.285999  4.877449e+02  3.638846e+02 
   67.647   29.782000  4.880022e+02  3.638412e+02 
   67.647   30.278000  4.882473e+02  3.637985e+02 
   67.647   30.774000  4.884821e+02  3.637567e+02 
   67.647   31.268999  4.887078e+02  3.637157e+02 
   67.647   31.764999  4.889269e+02  3.636755e+02 
   67.647   32.261002  4.891413e+02  3.636360e+02 
   67.647   32.757000  4.893525e+02  3.635975e+02 
   67.647   33.252003  4.895617e+02  3.635604e+02 
   67.647   33.748001  4.897712e+02  3.635248e+02 
   67.647   34.244003  4.899821e+02  3.634911e+02 
   67.647   34.740002  4.901959e+02  3.634594e+02 
   67.647   35.235001  4.904134e+02  3.634298e+02 
   67.647   35.731003  4.906366e+02  3.634020e+02 
   67.647   36.227001  4.908656e+02  3.633760e+02 
   67.647   36.723003  4.911005e+02  3.633517e+02 
   67.647   37.218002  4.913402e+02  3.633291e+02 
   67.647   37.714001  4.915847e+02  3.633080e+02 
   67.647   38.210003  4.918320e+02  3.632884e+02 
   67.647   38.706001  4.920803e+02  3.632702e+02 
   67.647   39.201000  4.923273e+02  3.632535e+02 
   67.647   39.697002  4.925716e+02  3.632384e+02 
   67.647   40.197002  4.928097e+02  3.632261e+02 
   67.647   45.197002  4.946810e+02  3.631697e+02 
   67.647   50.197002  4.953905e+02  3.631576e+02 
   67.647   55.197002  4.956395e+02  3.631570e+02 
   67.647   60.197002  4.963903e+02  3.631586e+02 
   67.647   65.196999  4.976252e+02  3.631603e+02 
