   67.469    0.000000  6.849831e-18  5.725163e+00 
   67.469    0.103000  6.887467e-18  5.812618e+00 
   67.469    0.206000  6.925053e-18  5.901139e+00 
   67.469    0.309000  6.962459e-18  5.990128e+00 
   67.469    0.412000  6.999623e-18  6.079196e+00 
   67.469    0.514000  7.036174e-18  6.167284e+00 
   67.469    0.617000  9.511956e-18  8.193450e+00 
   67.469    0.720000  1.416153e-17  1.071896e+01 
   67.469    0.823000  2.407105e-17  1.391331e+01 
   67.469    0.926000  4.566716e-17  1.759684e+01 
   67.469    1.029000  9.454111e-17  2.161261e+01 
   67.469    1.132000  2.102237e-16  2.585569e+01 
   67.469    1.235000  5.066357e-16  3.041136e+01 
   67.469    1.338000  1.333655e-15  3.534447e+01 
   67.469    1.440000  3.767823e-15  4.056384e+01 
   67.469    1.543000  1.161082e-14  4.615013e+01 
   67.469    1.646000  3.840376e-14  5.202372e+01 
   67.469    1.749000  1.358484e-13  5.816801e+01 
   67.469    1.852000  2.707563e-07  1.143169e+02 
   67.469    1.955000  6.717134e-05  1.372948e+02 
   67.469    2.058000  1.161590e-02  1.631170e+02 
   67.469    2.161000  1.178927e+00  1.975729e+02 
   67.469    2.264000  6.335533e+01  2.522891e+02 
   67.469    2.366000  6.385735e+01  2.520384e+02 
   67.469    2.469000  6.420197e+01  2.518108e+02 
   67.469    2.572000  6.452451e+01  2.516281e+02 
   67.469    2.675000  6.487982e+01  2.515042e+02 
   67.469    2.778000  6.518100e+01  2.513882e+02 
   67.469    2.881000  6.547888e+01  2.512977e+02 
   67.469    2.984000  6.577425e+01  2.512284e+02 
   67.469    3.087000  6.606715e+01  2.511775e+02 
   67.469    3.190000  6.635786e+01  2.511427e+02 
   67.469    3.292000  6.664371e+01  2.511221e+02 
   67.469    3.395000  6.693054e+01  2.511138e+02 
   67.469    3.498000  6.745317e+01  2.511839e+02 
   67.469    3.601000  6.835474e+01  2.513707e+02 
   67.469    3.704000  6.987344e+01  2.517374e+02 
   67.469    3.807000  7.235108e+01  2.523694e+02 
   67.469    3.910000  7.616951e+01  2.533471e+02 
   67.469    4.013000  8.161766e+01  2.547029e+02 
   67.469    4.116000  8.973608e+01  2.566188e+02 
   67.469    4.219000  1.012617e+02  2.591265e+02 
   67.469    4.321000  1.191802e+02  2.626025e+02 
   67.469    4.424000  1.448248e+02  2.668627e+02 
   67.469    4.527000  1.802915e+02  2.717398e+02 
   67.469    4.630000  2.242390e+02  2.766291e+02 
   67.469    4.733000  2.698484e+02  2.807432e+02 
   67.469    4.836000  3.080033e+02  2.836163e+02 
   67.469    4.939000  3.331435e+02  2.852682e+02 
   67.469    5.042000  3.461369e+02  2.860444e+02 
   67.469    5.145000  3.522155e+02  2.863820e+02 
   67.469    5.247000  3.534178e+02  2.864285e+02 
   67.469    5.350000  3.546126e+02  2.864848e+02 
   67.469    5.453000  3.557880e+02  2.865488e+02 
   67.469    5.556000  3.569453e+02  2.866190e+02 
   67.469    5.659000  3.580844e+02  2.866949e+02 
   67.469    5.762000  3.592050e+02  2.867754e+02 
   67.469    5.865000  3.603072e+02  2.868600e+02 
   67.469    5.968000  3.613906e+02  2.869483e+02 
   67.469    6.071000  3.624579e+02  2.870397e+02 
   67.469    6.173000  3.635016e+02  2.871326e+02 
   67.469    6.276000  3.645444e+02  2.872283e+02 
   67.469    6.379000  3.655784e+02  2.873256e+02 
   67.469    6.482000  3.678810e+02  2.875080e+02 
   67.469    6.585000  3.702665e+02  2.876967e+02 
   67.469    6.688000  3.736052e+02  2.879475e+02 
   67.469    6.791000  3.771049e+02  2.882086e+02 
   67.469    6.894000  3.807655e+02  2.884790e+02 
   67.469    6.997000  3.845380e+02  2.887549e+02 
   67.469    7.099000  3.883600e+02  2.890322e+02 
   67.469    7.202000  3.921564e+02  2.893087e+02 
   67.469    7.305000  3.958443e+02  2.895800e+02 
   67.469    7.408000  3.994539e+02  2.898475e+02 
   67.469    7.511000  4.028461e+02  2.901021e+02 
   67.469    7.614000  4.063873e+02  2.903656e+02 
   67.469    7.717000  4.097567e+02  2.906175e+02 
   67.469    7.820000  4.131848e+02  2.908693e+02 
   67.469    7.923000  4.163549e+02  2.911031e+02 
   67.469    8.025000  4.196758e+02  2.913417e+02 
   67.469    8.127999  4.229037e+02  2.915719e+02 
   67.469    8.231000  4.261758e+02  2.918012e+02 
   67.469    8.334000  4.295463e+02  2.920327e+02 
   67.469    8.436999  4.327472e+02  2.922527e+02 
   67.469    8.540000  4.358818e+02  2.924670e+02 
   67.469    8.643000  4.390511e+02  2.926810e+02 
   67.469    8.745999  4.421537e+02  2.928894e+02 
   67.469    8.849000  4.434093e+02  2.930312e+02 
   67.469    8.950999  4.447489e+02  2.931786e+02 
   67.469    9.054000  4.463305e+02  2.933450e+02 
   67.469    9.157000  4.481750e+02  2.935310e+02 
   67.469    9.259999  4.501600e+02  2.937251e+02 
   67.469    9.363000  4.521595e+02  2.939163e+02 
   67.469    9.466000  4.526491e+02  2.939791e+02 
   67.469    9.568999  4.531367e+02  2.940402e+02 
   67.469    9.672000  4.536225e+02  2.940996e+02 
   67.469    9.775000  4.541033e+02  2.941574e+02 
   67.469    9.877999  4.545750e+02  2.942136e+02 
   67.469    9.980000  4.550323e+02  2.942677e+02 
   67.469   10.082999  4.554843e+02  2.943208e+02 
   67.469   10.186000  4.559580e+02  2.943719e+02 
   67.469   10.289000  4.564197e+02  2.944217e+02 
   67.469   10.391999  4.568723e+02  2.944705e+02 
   67.469   10.495000  4.573193e+02  2.945182e+02 
   67.469   10.598000  4.577613e+02  2.945649e+02 
   67.469   10.700999  4.581974e+02  2.946107e+02 
   67.469   10.804000  4.586271e+02  2.946559e+02 
   67.469   10.905999  4.590460e+02  2.946998e+02 
   67.469   11.009000  4.594627e+02  2.947436e+02 
   67.469   11.112000  4.598740e+02  2.947868e+02 
   67.469   11.214999  4.602801e+02  2.948295e+02 
   67.469   11.318000  4.606809e+02  2.948716e+02 
   67.469   11.421000  4.610768e+02  2.949133e+02 
   67.469   11.523999  4.614677e+02  2.949546e+02 
   67.469   11.627000  4.618535e+02  2.949953e+02 
   67.469   11.730000  4.622342e+02  2.950356e+02 
   67.469   11.832000  4.626060e+02  2.950750e+02 
   67.469   11.934999  4.629762e+02  2.951143e+02 
   67.469   12.037999  4.633414e+02  2.951531e+02 
   67.469   12.141000  4.637015e+02  2.951913e+02 
   67.469   12.243999  4.640567e+02  2.952290e+02 
   67.469   12.346999  4.644072e+02  2.952662e+02 
   67.469   12.450000  4.647531e+02  2.953028e+02 
   67.469   12.552999  4.650944e+02  2.953389e+02 
   67.469   12.655999  4.654311e+02  2.953743e+02 
   67.469   12.757999  4.657599e+02  2.954088e+02 
   67.469   12.861000  4.660879e+02  2.954429e+02 
   67.469   12.964000  4.664118e+02  2.954763e+02 
   67.469   13.066999  4.667320e+02  2.955090e+02 
   67.469   13.170000  4.670483e+02  2.955410e+02 
   67.469   13.273000  4.673609e+02  2.955721e+02 
   67.469   13.375999  4.676700e+02  2.956026e+02 
   67.469   13.479000  4.679755e+02  2.956322e+02 
   67.469   13.582000  4.682775e+02  2.956611e+02 
   67.469   13.684000  4.685733e+02  2.956889e+02 
   67.469   13.787000  4.688685e+02  2.957162e+02 
   67.469   13.889999  4.691604e+02  2.957427e+02 
   67.469   13.993000  4.694491e+02  2.957684e+02 
   67.469   14.096000  4.697346e+02  2.957933e+02 
   67.469   14.198999  4.700170e+02  2.958174e+02 
   67.469   14.302000  4.702962e+02  2.958408e+02 
   67.469   14.405000  4.705723e+02  2.958633e+02 
   67.469   14.507999  4.708453e+02  2.958852e+02 
   67.469   14.610000  4.711125e+02  2.959062e+02 
   67.469   14.712999  4.713791e+02  2.959268e+02 
   67.469   14.816000  4.716425e+02  2.959469e+02 
   67.469   14.919000  4.719028e+02  2.959664e+02 
   67.469   15.021999  4.721598e+02  2.959855e+02 
   67.469   15.125000  4.724137e+02  2.960041e+02 
   67.469   15.228000  4.726644e+02  2.960223e+02 
   67.469   15.330999  4.729120e+02  2.960400e+02 
   67.469   15.434000  4.731566e+02  2.960573e+02 
   67.469   15.537000  4.733982e+02  2.960742e+02 
   67.469   15.639000  4.736344e+02  2.960904e+02 
   67.469   15.742000  4.738701e+02  2.961063e+02 
   67.469   15.844999  4.741028e+02  2.961218e+02 
   67.469   15.947999  4.743329e+02  2.961368e+02 
   67.469   16.051001  4.745603e+02  2.961514e+02 
   67.469   16.154001  4.747854e+02  2.961655e+02 
   67.469   16.257000  4.750080e+02  2.961792e+02 
   67.469   16.360001  4.752282e+02  2.961924e+02 
   67.469   16.463001  4.754462e+02  2.962051e+02 
   67.469   16.565001  4.756599e+02  2.962173e+02 
   67.469   16.668001  4.758734e+02  2.962291e+02 
   67.469   16.771000  4.760850e+02  2.962403e+02 
   67.469   16.874001  4.762947e+02  2.962509e+02 
   67.469   16.977001  4.765024e+02  2.962610e+02 
   67.469   17.080000  4.767085e+02  2.962703e+02 
   67.469   17.183001  4.769133e+02  2.962788e+02 
   67.469   17.286001  4.771166e+02  2.962864e+02 
   67.469   17.389000  4.773185e+02  2.962932e+02 
   67.469   17.491001  4.775174e+02  2.962991e+02 
   67.469   17.594000  4.777170e+02  2.963041e+02 
   67.469   17.697001  4.779156e+02  2.963083e+02 
   67.469   17.800001  4.781127e+02  2.963116e+02 
   67.469   17.903000  4.783084e+02  2.963143e+02 
   67.469   18.006001  4.785025e+02  2.963164e+02 
   67.469   18.109001  4.786952e+02  2.963179e+02 
   67.469   18.212000  4.788861e+02  2.963189e+02 
   67.469   18.315001  4.790754e+02  2.963195e+02 
   67.469   18.417000  4.792612e+02  2.963195e+02 
   67.469   18.520000  4.794471e+02  2.963192e+02 
   67.469   18.623001  4.796315e+02  2.963183e+02 
   67.469   18.726000  4.798145e+02  2.963169e+02 
   67.469   18.829000  4.799960e+02  2.963150e+02 
   67.469   18.932001  4.801759e+02  2.963126e+02 
   67.469   19.035000  4.803546e+02  2.963098e+02 
   67.469   19.138000  4.805319e+02  2.963064e+02 
   67.469   19.241001  4.807079e+02  2.963026e+02 
   67.469   19.343000  4.808809e+02  2.962985e+02 
   67.469   19.446001  4.810542e+02  2.962939e+02 
   67.469   19.549000  4.812263e+02  2.962888e+02 
   67.469   19.652000  4.813969e+02  2.962834e+02 
   67.469   19.755001  4.815663e+02  2.962776e+02 
   67.469   19.858000  4.817344e+02  2.962715e+02 
   67.469   19.961000  4.819012e+02  2.962649e+02 
   67.469   20.064001  4.820672e+02  2.962578e+02 
   67.469   20.363001  4.825438e+02  2.962341e+02 
   67.469   20.859001  4.833117e+02  2.961883e+02 
   67.469   21.355001  4.840515e+02  2.961353e+02 
   67.469   21.850000  4.847621e+02  2.960762e+02 
   67.469   22.346001  4.854401e+02  2.960157e+02 
   67.469   22.842001  4.860782e+02  2.959583e+02 
   67.469   23.338001  4.866734e+02  2.959065e+02 
   67.469   23.833000  4.872276e+02  2.958593e+02 
   67.469   24.329000  4.877492e+02  2.958141e+02 
   67.469   24.825001  4.882400e+02  2.957703e+02 
   67.469   25.321001  4.886992e+02  2.957288e+02 
   67.469   25.816000  4.891267e+02  2.956902e+02 
   67.469   26.312000  4.895269e+02  2.956540e+02 
   67.469   26.808001  4.899016e+02  2.956193e+02 
   67.469   27.304001  4.902523e+02  2.955861e+02 
   67.469   27.799000  4.905789e+02  2.955547e+02 
   67.469   28.295000  4.908845e+02  2.955246e+02 
   67.469   28.791000  4.911714e+02  2.954955e+02 
   67.469   29.287001  4.914425e+02  2.954669e+02 
   67.469   29.782001  4.916995e+02  2.954384e+02 
   67.469   30.278000  4.919450e+02  2.954100e+02 
   67.469   30.774000  4.921804e+02  2.953817e+02 
   67.469   31.270000  4.924072e+02  2.953534e+02 
   67.469   31.765001  4.926266e+02  2.953254e+02 
   67.469   32.261002  4.928419e+02  2.952975e+02 
   67.469   32.757000  4.930541e+02  2.952701e+02 
   67.469   33.253002  4.932650e+02  2.952434e+02 
   67.469   33.748001  4.934756e+02  2.952178e+02 
   67.469   34.243999  4.936880e+02  2.951935e+02 
   67.469   34.740002  4.939036e+02  2.951704e+02 
   67.469   35.236000  4.941235e+02  2.951488e+02 
   67.469   35.730999  4.943482e+02  2.951286e+02 
   67.469   36.227001  4.945793e+02  2.951097e+02 
   67.469   36.723000  4.948162e+02  2.950920e+02 
   67.469   37.219002  4.950585e+02  2.950755e+02 
   67.469   37.714001  4.953044e+02  2.950602e+02 
   67.469   38.209999  4.955536e+02  2.950459e+02 
   67.469   38.706001  4.958034e+02  2.950328e+02 
   67.469   39.202000  4.960524e+02  2.950207e+02 
   67.469   39.697002  4.962975e+02  2.950098e+02 
   67.469   40.197002  4.965366e+02  2.950013e+02 
   67.469   45.197002  4.984116e+02  2.949666e+02 
   67.469   50.197002  4.991207e+02  2.949633e+02 
   67.469   55.197002  4.993708e+02  2.949666e+02 
   67.469   60.197002  5.001321e+02  2.949701e+02 
   67.469   65.196999  5.013693e+02  2.949727e+02 
