   67.816    0.000000  2.860039e-07  8.191423e+00 
   67.816    0.103000  2.874910e-07  8.305770e+00 
   67.816    0.206000  2.889543e-07  8.423185e+00 
   67.816    0.309000  2.904042e-07  8.541739e+00 
   67.816    0.412000  2.781724e-03  6.730317e+01 
   67.816    0.514000  3.020315e-03  6.804905e+01 
   67.816    0.617000  3.035086e-03  6.805885e+01 
   67.816    0.720000  3.049825e-03  6.807874e+01 
   67.816    0.823000  3.064769e-03  6.810680e+01 
   67.816    0.926000  3.079977e-03  6.814114e+01 
   67.816    1.029000  3.095908e-03  6.818169e+01 
   67.816    1.132000  3.112996e-03  6.822894e+01 
   67.816    1.235000  1.672032e-02  8.189686e+01 
   67.816    1.338000  7.836965e-02  9.529843e+01 
   67.816    1.440000  3.199146e-01  1.087899e+02 
   67.816    1.543000  1.193643e+00  1.232596e+02 
   67.816    1.646000  3.915054e+00  1.386416e+02 
   67.816    1.749000  1.119376e+01  1.549413e+02 
   67.816    1.852000  2.777496e+01  1.718458e+02 
   67.816    1.955000  6.193970e+01  1.896664e+02 
   67.816    2.058000  1.253946e+02  2.076617e+02 
   67.816    2.161000  2.302711e+02  2.234858e+02 
   67.816    2.264000  2.318446e+02  2.233166e+02 
   67.816    2.366000  2.332235e+02  2.231872e+02 
   67.816    2.469000  2.347469e+02  2.231385e+02 
   67.816    2.572000  2.362555e+02  2.231192e+02 
   67.816    2.675000  2.378577e+02  2.231419e+02 
   67.816    2.778000  2.397971e+02  2.232445e+02 
   67.816    2.881000  2.427654e+02  2.235482e+02 
   67.816    2.984000  2.480795e+02  2.242813e+02 
   67.816    3.087000  2.574151e+02  2.257158e+02 
   67.816    3.190000  2.696561e+02  2.276018e+02 
   67.816    3.292000  2.708845e+02  2.276343e+02 
   67.816    3.395000  2.721116e+02  2.276822e+02 
   67.816    3.498000  2.733257e+02  2.277424e+02 
   67.816    3.601000  2.745303e+02  2.278124e+02 
   67.816    3.704000  2.757317e+02  2.278905e+02 
   67.816    3.807000  2.769300e+02  2.279755e+02 
   67.816    3.910000  2.781261e+02  2.280667e+02 
   67.816    4.013000  2.793195e+02  2.281635e+02 
   67.816    4.116000  2.805080e+02  2.282655e+02 
   67.816    4.218000  2.816772e+02  2.283712e+02 
   67.816    4.321000  2.828474e+02  2.284824e+02 
   67.816    4.424000  2.840059e+02  2.285977e+02 
   67.816    4.527000  2.851502e+02  2.287167e+02 
   67.816    4.630000  2.862792e+02  2.288389e+02 
   67.816    4.733000  2.873950e+02  2.289637e+02 
   67.816    4.836000  2.884962e+02  2.290906e+02 
   67.816    4.939000  2.895821e+02  2.292195e+02 
   67.816    5.042000  2.906524e+02  2.293502e+02 
   67.816    5.144000  2.918633e+02  2.295109e+02 
   67.816    5.247000  2.951753e+02  2.300452e+02 
   67.816    5.350000  3.307188e+02  2.357976e+02 
   67.816    5.453000  3.318379e+02  2.359181e+02 
   67.816    5.556000  3.329385e+02  2.360441e+02 
   67.816    5.659000  3.340206e+02  2.361736e+02 
   67.816    5.762000  3.350840e+02  2.363056e+02 
   67.816    5.865000  3.361293e+02  2.364396e+02 
   67.816    5.968000  3.371558e+02  2.365752e+02 
   67.816    6.071000  3.381639e+02  2.367120e+02 
   67.816    6.173000  3.391443e+02  2.368484e+02 
   67.816    6.276000  3.401193e+02  2.369865e+02 
   67.816    6.379000  3.410829e+02  2.371248e+02 
   67.816    6.482000  3.437770e+02  2.374017e+02 
   67.816    6.585000  3.467457e+02  2.376997e+02 
   67.816    6.688000  3.502426e+02  2.380385e+02 
   67.816    6.791000  3.539407e+02  2.383921e+02 
   67.816    6.894000  3.583827e+02  2.388014e+02 
   67.816    6.997000  3.673314e+02  2.395466e+02 
   67.816    7.099000  3.745233e+02  2.401425e+02 
   67.816    7.202000  3.832206e+02  2.408351e+02 
   67.816    7.305000  3.866087e+02  2.411373e+02 
   67.816    7.408000  3.917990e+02  2.415679e+02 
   67.816    7.511000  3.948825e+02  2.418493e+02 
   67.816    7.614000  3.975506e+02  2.421060e+02 
   67.816    7.717000  4.007595e+02  2.424017e+02 
   67.816    7.820000  4.037990e+02  2.426838e+02 
   67.816    7.923000  4.073852e+02  2.429993e+02 
   67.816    8.025001  4.121642e+02  2.433857e+02 
   67.816    8.128000  4.156184e+02  2.436816e+02 
   67.816    8.231000  4.189617e+02  2.439656e+02 
   67.816    8.334001  4.218931e+02  2.442202e+02 
   67.816    8.437000  4.247062e+02  2.444648e+02 
   67.816    8.540000  4.276440e+02  2.447141e+02 
   67.816    8.643001  4.305398e+02  2.449578e+02 
   67.816    8.746000  4.329430e+02  2.451702e+02 
   67.816    8.849000  4.355779e+02  2.453907e+02 
   67.816    8.951000  4.378332e+02  2.455864e+02 
   67.816    9.054000  4.385989e+02  2.457100e+02 
   67.816    9.157001  4.393926e+02  2.458353e+02 
   67.816    9.260000  4.402337e+02  2.459636e+02 
   67.816    9.363000  4.411188e+02  2.460945e+02 
   67.816    9.466001  4.420456e+02  2.462273e+02 
   67.816    9.569000  4.430132e+02  2.463612e+02 
   67.816    9.672000  4.439774e+02  2.464962e+02 
   67.816    9.775001  4.449599e+02  2.466307e+02 
   67.816    9.877000  4.459472e+02  2.467635e+02 
   67.816    9.980000  4.469259e+02  2.468939e+02 
   67.816   10.083000  4.478787e+02  2.470263e+02 
   67.816   10.186000  4.488249e+02  2.471591e+02 
   67.816   10.289001  4.492890e+02  2.472282e+02 
   67.816   10.392000  4.497436e+02  2.472961e+02 
   67.816   10.495000  4.501908e+02  2.473627e+02 
   67.816   10.598001  4.506311e+02  2.474282e+02 
   67.816   10.701000  4.510651e+02  2.474925e+02 
   67.816   10.803000  4.514895e+02  2.475552e+02 
   67.816   10.906000  4.519128e+02  2.476176e+02 
   67.816   11.009000  4.523306e+02  2.476790e+02 
   67.816   11.112000  4.527428e+02  2.477396e+02 
   67.816   11.215000  4.531494e+02  2.477994e+02 
   67.816   11.318000  4.535504e+02  2.478585e+02 
   67.816   11.421000  4.539460e+02  2.479169e+02 
   67.816   11.524000  4.543365e+02  2.479747e+02 
   67.816   11.627000  4.547216e+02  2.480317e+02 
   67.816   11.730000  4.551012e+02  2.480882e+02 
   67.816   11.832000  4.554716e+02  2.481434e+02 
   67.816   11.935000  4.558402e+02  2.481985e+02 
   67.816   12.038000  4.562036e+02  2.482528e+02 
   67.816   12.141000  4.565619e+02  2.483065e+02 
   67.816   12.244000  4.569151e+02  2.483594e+02 
   67.816   12.347000  4.572635e+02  2.484115e+02 
   67.816   12.450000  4.576073e+02  2.484629e+02 
   67.816   12.553000  4.579464e+02  2.485135e+02 
   67.816   12.656000  4.582810e+02  2.485634e+02 
   67.816   12.758000  4.586083e+02  2.486119e+02 
   67.816   12.861000  4.589350e+02  2.486601e+02 
   67.816   12.964000  4.592578e+02  2.487076e+02 
   67.816   13.067000  4.595770e+02  2.487541e+02 
   67.816   13.170000  4.598924e+02  2.487999e+02 
   67.816   13.273000  4.602041e+02  2.488448e+02 
   67.816   13.376000  4.605122e+02  2.488887e+02 
   67.816   13.479000  4.608169e+02  2.489318e+02 
   67.816   13.582000  4.611180e+02  2.489740e+02 
   67.816   13.684000  4.614130e+02  2.490147e+02 
   67.816   13.787000  4.617077e+02  2.490549e+02 
   67.816   13.890000  4.619991e+02  2.490941e+02 
   67.816   13.993000  4.622874e+02  2.491323e+02 
   67.816   14.096000  4.625726e+02  2.491694e+02 
   67.816   14.199000  4.628547e+02  2.492056e+02 
   67.816   14.302000  4.631337e+02  2.492408e+02 
   67.816   14.405000  4.634095e+02  2.492752e+02 
   67.816   14.508000  4.636821e+02  2.493087e+02 
   67.816   14.610001  4.639488e+02  2.493412e+02 
   67.816   14.713000  4.642148e+02  2.493733e+02 
   67.816   14.816000  4.644775e+02  2.494048e+02 
   67.816   14.919000  4.647369e+02  2.494356e+02 
   67.816   15.022000  4.649931e+02  2.494658e+02 
   67.816   15.125000  4.652462e+02  2.494955e+02 
   67.816   15.228000  4.654961e+02  2.495246e+02 
   67.816   15.331000  4.657428e+02  2.495531e+02 
   67.816   15.434000  4.659866e+02  2.495810e+02 
   67.816   15.536000  4.662249e+02  2.496081e+02 
   67.816   15.639000  4.664626e+02  2.496349e+02 
   67.816   15.742001  4.666974e+02  2.496611e+02 
   67.816   15.845000  4.669294e+02  2.496869e+02 
   67.816   15.948001  4.671587e+02  2.497120e+02 
   67.816   16.050999  4.673854e+02  2.497366e+02 
   67.816   16.153999  4.676098e+02  2.497607e+02 
   67.816   16.257000  4.678318e+02  2.497842e+02 
   67.816   16.359999  4.680515e+02  2.498071e+02 
   67.816   16.462999  4.682690e+02  2.498295e+02 
   67.816   16.564999  4.684821e+02  2.498510e+02 
   67.816   16.667999  4.686952e+02  2.498722e+02 
   67.816   16.771000  4.689064e+02  2.498926e+02 
   67.816   16.873999  4.691158e+02  2.499123e+02 
   67.816   16.976999  4.693233e+02  2.499313e+02 
   67.816   17.080000  4.695292e+02  2.499495e+02 
   67.816   17.182999  4.697339e+02  2.499667e+02 
   67.816   17.285999  4.699373e+02  2.499830e+02 
   67.816   17.389000  4.701395e+02  2.499983e+02 
   67.816   17.490999  4.703385e+02  2.500125e+02 
   67.816   17.594000  4.705382e+02  2.500260e+02 
   67.816   17.696999  4.707367e+02  2.500387e+02 
   67.816   17.799999  4.709338e+02  2.500505e+02 
   67.816   17.903000  4.711293e+02  2.500618e+02 
   67.816   18.005999  4.713232e+02  2.500723e+02 
   67.816   18.108999  4.715155e+02  2.500824e+02 
   67.816   18.212000  4.717061e+02  2.500918e+02 
   67.816   18.314999  4.718951e+02  2.501007e+02 
   67.816   18.417000  4.720807e+02  2.501089e+02 
   67.816   18.519999  4.722665e+02  2.501168e+02 
   67.816   18.622999  4.724508e+02  2.501240e+02 
   67.816   18.726000  4.726337e+02  2.501307e+02 
   67.816   18.828999  4.728150e+02  2.501369e+02 
   67.816   18.931999  4.729948e+02  2.501425e+02 
   67.816   19.035000  4.731732e+02  2.501476e+02 
   67.816   19.137999  4.733504e+02  2.501523e+02 
   67.816   19.240999  4.735261e+02  2.501564e+02 
   67.816   19.342999  4.736989e+02  2.501600e+02 
   67.816   19.445999  4.738720e+02  2.501632e+02 
   67.816   19.549000  4.740438e+02  2.501660e+02 
   67.816   19.651999  4.742143e+02  2.501683e+02 
   67.816   19.754999  4.743836e+02  2.501701e+02 
   67.816   19.858000  4.745516e+02  2.501715e+02 
   67.816   19.960999  4.747184e+02  2.501724e+02 
   67.816   20.063999  4.748844e+02  2.501728e+02 
   67.816   20.362999  4.753608e+02  2.501706e+02 
   67.816   20.858999  4.761282e+02  2.501597e+02 
   67.816   21.355000  4.768674e+02  2.501406e+02 
   67.816   21.849998  4.775762e+02  2.501149e+02 
   67.816   22.345999  4.782511e+02  2.500869e+02 
   67.816   22.841999  4.788847e+02  2.500607e+02 
   67.816   23.337999  4.794754e+02  2.500376e+02 
   67.816   23.832998  4.800263e+02  2.500166e+02 
   67.816   24.328999  4.805459e+02  2.499956e+02 
   67.816   24.824999  4.810352e+02  2.499744e+02 
   67.816   25.320999  4.814927e+02  2.499543e+02 
   67.816   25.816000  4.819183e+02  2.499356e+02 
   67.816   26.311998  4.823168e+02  2.499178e+02 
   67.816   26.807999  4.826898e+02  2.499004e+02 
   67.816   27.303999  4.830384e+02  2.498834e+02 
   67.816   27.799000  4.833631e+02  2.498672e+02 
   67.816   28.295000  4.836674e+02  2.498511e+02 
   67.816   28.790998  4.839535e+02  2.498351e+02 
   67.816   29.286999  4.842238e+02  2.498188e+02 
   67.816   29.782000  4.844798e+02  2.498020e+02 
   67.816   30.278000  4.847242e+02  2.497846e+02 
   67.816   30.773998  4.849582e+02  2.497669e+02 
   67.816   31.269999  4.851832e+02  2.497489e+02 
   67.816   31.764999  4.854004e+02  2.497308e+02 
   67.816   32.261002  4.856130e+02  2.497124e+02 
   67.816   32.757000  4.858225e+02  2.496940e+02 
   67.816   33.253002  4.860304e+02  2.496756e+02 
   67.816   33.748001  4.862379e+02  2.496578e+02 
   67.816   34.243999  4.864471e+02  2.496407e+02 
   67.816   34.740002  4.866593e+02  2.496245e+02 
   67.816   35.236000  4.868755e+02  2.496092e+02 
   67.816   35.731003  4.870966e+02  2.495949e+02 
   67.816   36.227001  4.873237e+02  2.495815e+02 
   67.816   36.723000  4.875566e+02  2.495689e+02 
   67.816   37.219002  4.877949e+02  2.495571e+02 
   67.816   37.714001  4.880369e+02  2.495462e+02 
   67.816   38.210003  4.882825e+02  2.495361e+02 
   67.816   38.706001  4.885292e+02  2.495267e+02 
   67.816   39.202000  4.887752e+02  2.495182e+02 
   67.816   39.697002  4.890178e+02  2.495106e+02 
   67.816   40.197002  4.892548e+02  2.495048e+02 
   67.816   45.197002  4.911217e+02  2.494865e+02 
   67.816   50.197002  4.918309e+02  2.494899e+02 
   67.816   55.197002  4.920788e+02  2.494961e+02 
   67.816   60.197002  4.928196e+02  2.495010e+02 
   67.816   65.196999  4.940522e+02  2.495043e+02 
