    0.000    0.000000  0.000000e+00  3.507150e+02 
    0.000    0.103000  0.000000e+00  3.502435e+02 
    0.000    0.206000  0.000000e+00  3.489985e+02 
    0.000    0.309000  0.000000e+00  3.473000e+02 
    0.000    0.411000  0.000000e+00  3.456002e+02 
    0.000    0.514000  0.000000e+00  3.440179e+02 
    0.000    0.617000  0.000000e+00  3.424042e+02 
    0.000    0.720000  0.000000e+00  3.407666e+02 
    0.000    0.823000  0.000000e+00  3.391676e+02 
    0.000    0.926000  0.000000e+00  3.376017e+02 
    0.000    1.029000  0.000000e+00  3.360428e+02 
    0.000    1.132000  0.000000e+00  3.344518e+02 
    0.000    1.235000  0.000000e+00  3.328055e+02 
    0.000    1.338000  0.000000e+00  3.311402e+02 
    0.000    1.440000  0.000000e+00  3.294738e+02 
    0.000    1.543000  0.000000e+00  3.277810e+02 
    0.000    1.646000  0.000000e+00  3.260762e+02 
    0.000    1.749000  0.000000e+00  3.243641e+02 
    0.000    1.852000  0.000000e+00  3.230512e+02 
    0.000    1.955000  0.000000e+00  3.217591e+02 
    0.000    2.058000  0.000000e+00  3.054310e+02 
    0.000    2.161000  0.000000e+00  2.995256e+02 
    0.000    2.264000  0.000000e+00  2.960753e+02 
    0.000    2.366000  0.000000e+00  2.930446e+02 
    0.000    2.469000  0.000000e+00  2.921753e+02 
    0.000    2.572000  0.000000e+00  2.892536e+02 
    0.000    2.675000  0.000000e+00  2.863551e+02 
    0.000    2.778000  0.000000e+00  2.834521e+02 
    0.000    2.881000  0.000000e+00  2.806414e+02 
    0.000    2.984000  0.000000e+00  2.780062e+02 
    0.000    3.087000  0.000000e+00  2.754596e+02 
    0.000    3.190000  0.000000e+00  2.729748e+02 
    0.000    3.292000  0.000000e+00  2.706068e+02 
    0.000    3.395000  0.000000e+00  2.695943e+02 
    0.000    3.498000  0.000000e+00  2.685001e+02 
    0.000    3.601000  0.000000e+00  2.674180e+02 
    0.000    3.704000  0.000000e+00  2.662863e+02 
    0.000    3.807000  0.000000e+00  2.650780e+02 
    0.000    3.910000  0.000000e+00  2.637479e+02 
    0.000    4.013000  0.000000e+00  2.622904e+02 
    0.000    4.116000  0.000000e+00  2.606813e+02 
    0.000    4.218000  0.000000e+00  2.589796e+02 
    0.000    4.321000  0.000000e+00  2.572471e+02 
    0.000    4.424000  0.000000e+00  2.555101e+02 
    0.000    4.527000  0.000000e+00  2.537948e+02 
    0.000    4.630000  0.000000e+00  2.522558e+02 
    0.000    4.733000  0.000000e+00  2.508831e+02 
    0.000    4.836000  0.000000e+00  2.496544e+02 
    0.000    4.939000  0.000000e+00  2.485228e+02 
    0.000    5.042000  0.000000e+00  2.473907e+02 
    0.000    5.144000  0.000000e+00  2.462732e+02 
    0.000    5.247000  0.000000e+00  2.451374e+02 
    0.000    5.350000  0.000000e+00  2.439965e+02 
    0.000    5.453000  0.000000e+00  2.428635e+02 
    0.000    5.556000  0.000000e+00  2.417325e+02 
    0.000    5.659000  0.000000e+00  2.405964e+02 
    0.000    5.762000  0.000000e+00  2.394288e+02 
    0.000    5.865000  0.000000e+00  2.381898e+02 
    0.000    5.968000  0.000000e+00  2.370050e+02 
    0.000    6.070000  0.000000e+00  2.358584e+02 
    0.000    6.173000  0.000000e+00  2.349595e+02 
    0.000    6.276000  0.000000e+00  2.340788e+02 
    0.000    6.379000  0.000000e+00  2.332146e+02 
    0.000    6.482000  0.000000e+00  2.323669e+02 
    0.000    6.585000  0.000000e+00  2.315377e+02 
    0.000    6.688000  0.000000e+00  2.307332e+02 
    0.000    6.791000  0.000000e+00  2.299499e+02 
    0.000    6.894000  0.000000e+00  2.292193e+02 
    0.000    6.997000  0.000000e+00  2.284587e+02 
    0.000    7.099000  0.000000e+00  2.277507e+02 
    0.000    7.202000  0.000000e+00  2.271762e+02 
    0.000    7.305000  0.000000e+00  2.266848e+02 
    0.000    7.408000  0.000000e+00  2.262531e+02 
    0.000    7.511000  0.000000e+00  2.259405e+02 
    0.000    7.614000  0.000000e+00  2.256964e+02 
    0.000    7.717000  0.000000e+00  2.254773e+02 
    0.000    7.820000  0.000000e+00  2.253214e+02 
    0.000    7.923000  0.000000e+00  2.251774e+02 
    0.000    8.025001  0.000000e+00  2.250553e+02 
    0.000    8.128000  0.000000e+00  2.249360e+02 
    0.000    8.231000  0.000000e+00  2.248348e+02 
    0.000    8.334001  0.000000e+00  2.247185e+02 
    0.000    8.437000  0.000000e+00  2.245875e+02 
    0.000    8.540000  0.000000e+00  2.244462e+02 
    0.000    8.643001  0.000000e+00  2.242854e+02 
    0.000    8.746000  0.000000e+00  2.240999e+02 
    0.000    8.849000  0.000000e+00  2.239037e+02 
    0.000    8.951000  0.000000e+00  2.237343e+02 
    0.000    9.054000  0.000000e+00  2.235458e+02 
    0.000    9.157001  0.000000e+00  2.233393e+02 
    0.000    9.260000  0.000000e+00  2.230264e+02 
    0.000    9.363000  0.000000e+00  2.228057e+02 
    0.000    9.466001  0.000000e+00  2.226385e+02 
    0.000    9.569000  0.000000e+00  2.225575e+02 
    0.000    9.672000  0.000000e+00  2.224837e+02 
    0.000    9.775001  0.000000e+00  2.224165e+02 
    0.000    9.877000  0.000000e+00  2.223631e+02 
    0.000    9.980000  0.000000e+00  2.223190e+02 
    0.000   10.083000  0.000000e+00  2.222812e+02 
    0.000   10.186000  0.000000e+00  2.222490e+02 
    0.000   10.289001  0.000000e+00  2.222212e+02 
    0.000   10.392000  0.000000e+00  2.221944e+02 
    0.000   10.495000  0.000000e+00  2.221619e+02 
    0.000   10.598001  0.000000e+00  2.221261e+02 
    0.000   10.701000  0.000000e+00  2.220882e+02 
    0.000   10.803000  0.000000e+00  2.220458e+02 
    0.000   10.906000  0.000000e+00  2.220000e+02 
    0.000   11.009000  0.000000e+00  2.219512e+02 
    0.000   11.112000  0.000000e+00  2.218937e+02 
    0.000   11.215000  0.000000e+00  2.218303e+02 
    0.000   11.318000  0.000000e+00  2.217632e+02 
    0.000   11.421000  0.000000e+00  2.216905e+02 
    0.000   11.524000  0.000000e+00  2.216137e+02 
    0.000   11.627000  0.000000e+00  2.215350e+02 
    0.000   11.729000  0.000000e+00  2.214600e+02 
    0.000   11.832000  0.000000e+00  2.213869e+02 
    0.000   11.935000  0.000000e+00  2.213150e+02 
    0.000   12.038000  0.000000e+00  2.212472e+02 
    0.000   12.141000  0.000000e+00  2.211826e+02 
    0.000   12.244000  0.000000e+00  2.211201e+02 
    0.000   12.347000  0.000000e+00  2.210573e+02 
    0.000   12.450000  0.000000e+00  2.209940e+02 
    0.000   12.553000  0.000000e+00  2.209307e+02 
    0.000   12.656000  0.000000e+00  2.208667e+02 
    0.000   12.758000  0.000000e+00  2.208022e+02 
    0.000   12.861000  0.000000e+00  2.207367e+02 
    0.000   12.964000  0.000000e+00  2.206711e+02 
    0.000   13.067000  0.000000e+00  2.206056e+02 
    0.000   13.170000  0.000000e+00  2.205403e+02 
    0.000   13.273000  0.000000e+00  2.204762e+02 
    0.000   13.376000  0.000000e+00  2.204151e+02 
    0.000   13.479000  0.000000e+00  2.203564e+02 
    0.000   13.582000  0.000000e+00  2.202994e+02 
    0.000   13.684000  0.000000e+00  2.202474e+02 
    0.000   13.787000  0.000000e+00  2.201985e+02 
    0.000   13.890000  0.000000e+00  2.201519e+02 
    0.000   13.993000  0.000000e+00  2.201097e+02 
    0.000   14.096000  0.000000e+00  2.200716e+02 
    0.000   14.199000  0.000000e+00  2.200363e+02 
    0.000   14.302000  0.000000e+00  2.200027e+02 
    0.000   14.405000  0.000000e+00  2.199702e+02 
    0.000   14.508000  0.000000e+00  2.199389e+02 
    0.000   14.610001  0.000000e+00  2.199080e+02 
    0.000   14.713000  0.000000e+00  2.198744e+02 
    0.000   14.816000  0.000000e+00  2.198390e+02 
    0.000   14.919000  0.000000e+00  2.198030e+02 
    0.000   15.022000  0.000000e+00  2.197659e+02 
    0.000   15.125000  0.000000e+00  2.197278e+02 
    0.000   15.228000  0.000000e+00  2.196894e+02 
    0.000   15.331000  0.000000e+00  2.196507e+02 
    0.000   15.434000  0.000000e+00  2.196118e+02 
    0.000   15.536000  0.000000e+00  2.195732e+02 
    0.000   15.639000  0.000000e+00  2.195339e+02 
    0.000   15.742001  0.000000e+00  2.194925e+02 
    0.000   15.845000  0.000000e+00  2.194495e+02 
    0.000   15.948001  0.000000e+00  2.194055e+02 
    0.000   16.050999  0.000000e+00  2.193610e+02 
    0.000   16.153999  0.000000e+00  2.193160e+02 
    0.000   16.257000  0.000000e+00  2.192707e+02 
    0.000   16.359999  0.000000e+00  2.192258e+02 
    0.000   16.462000  0.000000e+00  2.191824e+02 
    0.000   16.564999  0.000000e+00  2.191397e+02 
    0.000   16.667999  0.000000e+00  2.190975e+02 
    0.000   16.771000  0.000000e+00  2.190577e+02 
    0.000   16.873999  0.000000e+00  2.190200e+02 
    0.000   16.976999  0.000000e+00  2.189837e+02 
    0.000   17.080000  0.000000e+00  2.189489e+02 
    0.000   17.182999  0.000000e+00  2.189157e+02 
    0.000   17.285999  0.000000e+00  2.188839e+02 
    0.000   17.389000  0.000000e+00  2.188531e+02 
    0.000   17.490999  0.000000e+00  2.188225e+02 
    0.000   17.594000  0.000000e+00  2.187915e+02 
    0.000   17.696999  0.000000e+00  2.187605e+02 
    0.000   17.799999  0.000000e+00  2.187297e+02 
    0.000   17.903000  0.000000e+00  2.186990e+02 
    0.000   18.005999  0.000000e+00  2.186684e+02 
    0.000   18.108999  0.000000e+00  2.186380e+02 
    0.000   18.212000  0.000000e+00  2.186079e+02 
    0.000   18.314999  0.000000e+00  2.185781e+02 
    0.000   18.417000  0.000000e+00  2.185488e+02 
    0.000   18.519999  0.000000e+00  2.185195e+02 
    0.000   18.622999  0.000000e+00  2.184903e+02 
    0.000   18.726000  0.000000e+00  2.184612e+02 
    0.000   18.828999  0.000000e+00  2.184322e+02 
    0.000   18.931999  0.000000e+00  2.184031e+02 
    0.000   19.035000  0.000000e+00  2.183736e+02 
    0.000   19.137999  0.000000e+00  2.183440e+02 
    0.000   19.240999  0.000000e+00  2.183142e+02 
    0.000   19.342999  0.000000e+00  2.182854e+02 
    0.000   19.445999  0.000000e+00  2.182571e+02 
    0.000   19.549000  0.000000e+00  2.182296e+02 
    0.000   19.651999  0.000000e+00  2.182025e+02 
    0.000   19.754999  0.000000e+00  2.181770e+02 
    0.000   19.858000  0.000000e+00  2.181529e+02 
    0.000   19.960999  0.000000e+00  2.181300e+02 
    0.000   20.063999  0.000000e+00  2.181079e+02 
    0.000   20.362999  0.000000e+00  2.180451e+02 
    0.000   20.858999  0.000000e+00  2.179414e+02 
    0.000   21.355000  0.000000e+00  2.178492e+02 
    0.000   21.849998  0.000000e+00  2.177643e+02 
    0.000   22.345999  0.000000e+00  2.176778e+02 
    0.000   22.841999  0.000000e+00  2.175985e+02 
    0.000   23.337999  0.000000e+00  2.175313e+02 
    0.000   23.832998  0.000000e+00  2.174766e+02 
    0.000   24.328999  0.000000e+00  2.174355e+02 
    0.000   24.824999  0.000000e+00  2.174122e+02 
    0.000   25.320999  0.000000e+00  2.174015e+02 
    0.000   25.816000  0.000000e+00  2.173999e+02 
    0.000   26.311998  0.000000e+00  2.174134e+02 
    0.000   26.807999  0.000000e+00  2.174350e+02 
    0.000   27.303999  0.000000e+00  2.174579e+02 
    0.000   27.799000  0.000000e+00  2.174801e+02 
    0.000   28.295000  0.000000e+00  2.175028e+02 
    0.000   28.790998  0.000000e+00  2.175328e+02 
    0.000   29.286999  0.000000e+00  2.175765e+02 
    0.000   29.782000  0.000000e+00  2.176304e+02 
    0.000   30.278000  0.000000e+00  2.176899e+02 
    0.000   30.773998  0.000000e+00  2.177454e+02 
    0.000   31.269999  0.000000e+00  2.177967e+02 
    0.000   31.764999  0.000000e+00  2.178450e+02 
    0.000   32.261002  0.000000e+00  2.178968e+02 
    0.000   32.757000  0.000000e+00  2.179531e+02 
    0.000   33.253002  0.000000e+00  2.180158e+02 
    0.000   33.748001  0.000000e+00  2.180829e+02 
    0.000   34.243999  0.000000e+00  2.181527e+02 
    0.000   34.740002  0.000000e+00  2.182201e+02 
    0.000   35.236000  0.000000e+00  2.182836e+02 
    0.000   35.731003  0.000000e+00  2.183399e+02 
    0.000   36.227001  0.000000e+00  2.183901e+02 
    0.000   36.723000  0.000000e+00  2.184373e+02 
    0.000   37.219002  0.000000e+00  2.184821e+02 
    0.000   37.714001  0.000000e+00  2.185270e+02 
    0.000   38.210003  0.000000e+00  2.185722e+02 
    0.000   38.706001  0.000000e+00  2.186183e+02 
    0.000   39.202000  0.000000e+00  2.186653e+02 
    0.000   39.697002  0.000000e+00  2.187141e+02 
    0.000   40.197002  0.000000e+00  2.187656e+02 
    0.000   45.197002  0.000000e+00  2.192173e+02 
    0.000   50.197002  0.000000e+00  2.194383e+02 
    0.000   55.197002  0.000000e+00  2.194414e+02 
    0.000   60.197002  0.000000e+00  2.193723e+02 
    0.000   65.196999  0.000000e+00  2.193198e+02 
