   67.351    0.000000  1.812935e-29  4.031955e+00 
   67.351    0.103000  1.823661e-29  4.096654e+00 
   67.351    0.206000  1.834377e-29  4.161899e+00 
   67.351    0.309000  1.845059e-29  4.227290e+00 
   67.351    0.411000  1.855595e-29  4.292016e+00 
   67.351    0.514000  1.866191e-29  4.357234e+00 
   67.351    0.617000  1.876752e-29  4.422184e+00 
   67.351    0.720000  1.887294e-29  4.486766e+00 
   67.351    0.823000  1.897823e-29  4.550879e+00 
   67.351    0.926000  1.908351e-29  4.614506e+00 
   67.351    1.029000  1.918882e-29  4.677589e+00 
   67.351    1.132000  1.929426e-29  4.740120e+00 
   67.351    1.235000  1.142859e-24  3.619428e+01 
   67.351    1.338000  3.158769e-20  6.446374e+01 
   67.351    1.440000  3.359397e-16  9.044781e+01 
   67.351    1.543000  1.376136e-12  1.143594e+02 
   67.351    1.646000  1.714433e-09  1.356947e+02 
   67.351    1.749000  5.562588e-07  1.541396e+02 
   67.351    1.852000  4.386104e-05  1.695249e+02 
   67.351    1.955000  9.405545e-04  1.819663e+02 
   67.351    2.058000  7.067316e-03  1.916768e+02 
   67.351    2.161000  2.509545e-02  1.988335e+02 
   67.351    2.264000  5.712272e-02  2.040132e+02 
   67.351    2.366000  5.739652e-02  2.038180e+02 
   67.351    2.469000  5.767085e-02  2.036519e+02 
   67.351    2.572000  5.794260e-02  2.035103e+02 
   67.351    2.675000  5.821201e-02  2.033889e+02 
   67.351    2.778000  5.847956e-02  2.032842e+02 
   67.351    2.881000  5.874546e-02  2.031937e+02 
   67.351    2.984000  5.900974e-02  2.031157e+02 
   67.351    3.087000  5.927224e-02  2.030490e+02 
   67.351    3.190000  5.953295e-02  2.029922e+02 
   67.351    3.292000  5.978933e-02  2.029449e+02 
   67.351    3.395000  6.004643e-02  2.029052e+02 
   67.351    3.498000  6.030174e-02  2.028728e+02 
   67.351    3.601000  6.055569e-02  2.028468e+02 
   67.351    3.704000  6.080886e-02  2.028264e+02 
   67.351    3.807000  6.106132e-02  2.028112e+02 
   67.351    3.910000  6.131350e-02  2.028004e+02 
   67.351    4.013000  6.156551e-02  2.027937e+02 
   67.351    4.116000  6.181747e-02  2.027908e+02 
   67.351    4.218000  6.206700e-02  2.027913e+02 
   67.351    4.321000  6.231869e-02  2.027951e+02 
   67.351    4.424000  6.280617e-02  2.028294e+02 
   67.351    4.527000  6.425130e-02  2.029747e+02 
   67.351    4.630000  6.734266e-02  2.032984e+02 
   67.351    4.733000  7.296434e-02  2.038667e+02 
   67.351    4.836000  8.200322e-02  2.047089e+02 
   67.351    4.939000  9.407070e-02  2.057155e+02 
   67.351    5.042000  1.077652e-01  2.067294e+02 
   67.351    5.144000  1.211899e-01  2.076195e+02 
   67.351    5.247000  1.330330e-01  2.083358e+02 
   67.351    5.350000  1.428274e-01  2.088879e+02 
   67.351    5.453000  1.510235e-01  2.093268e+02 
   67.351    5.556000  1.583574e-01  2.097048e+02 
   67.351    5.659000  1.652114e-01  2.100476e+02 
   67.351    5.762000  1.723812e-01  2.103966e+02 
   67.351    5.865000  1.814383e-01  2.108233e+02 
   67.351    5.968000  1.948482e-01  2.114247e+02 
   67.351    6.070000  2.170525e-01  2.123460e+02 
   67.351    6.173000  2.656466e-01  2.140984e+02 
   67.351    6.276000  3.728053e-01  2.171280e+02 
   67.351    6.379000  6.067432e-01  2.217148e+02 
   67.351    6.482000  1.098374e+00  2.277468e+02 
   67.351    6.585000  2.148970e+00  2.352729e+02 
   67.351    6.688000  4.298496e+00  2.439966e+02 
   67.351    6.791000  8.745789e+00  2.541476e+02 
   67.351    6.894000  1.910825e+01  2.670247e+02 
   67.351    6.996000  3.803500e+01  2.801069e+02 
   67.351    7.099000  8.476426e+01  2.976212e+02 
   67.351    7.202000  2.190685e+02  3.210399e+02 
   67.351    7.305000  3.666024e+02  3.338437e+02 
   67.351    7.408000  3.979041e+02  3.357111e+02 
   67.351    7.511000  4.015837e+02  3.358984e+02 
   67.351    7.614000  4.046510e+02  3.360657e+02 
   67.351    7.717000  4.080396e+02  3.362592e+02 
   67.351    7.820000  4.122657e+02  3.364978e+02 
   67.351    7.923000  4.161138e+02  3.367148e+02 
   67.351    8.025000  4.199098e+02  3.369253e+02 
   67.351    8.127999  4.233908e+02  3.371163e+02 
   67.351    8.231000  4.268121e+02  3.373013e+02 
   67.351    8.334000  4.302503e+02  3.374845e+02 
   67.351    8.436999  4.336107e+02  3.376627e+02 
   67.351    8.540000  4.374640e+02  3.378608e+02 
   67.351    8.643000  4.407309e+02  3.380321e+02 
   67.351    8.745999  4.416216e+02  3.381107e+02 
   67.351    8.849000  4.427320e+02  3.382063e+02 
   67.351    8.950999  4.442010e+02  3.383260e+02 
   67.351    9.054000  4.462324e+02  3.384824e+02 
   67.351    9.157000  4.488474e+02  3.386746e+02 
   67.351    9.259999  4.510673e+02  3.387902e+02 
   67.351    9.363000  4.532396e+02  3.389014e+02 
   67.351    9.466000  4.550384e+02  3.389959e+02 
   67.351    9.568999  4.555320e+02  3.390382e+02 
   67.351    9.672000  4.560221e+02  3.390791e+02 
   67.351    9.775000  4.565060e+02  3.391188e+02 
   67.351    9.877000  4.569752e+02  3.391572e+02 
   67.351    9.980000  4.574380e+02  3.391951e+02 
   67.351   10.082999  4.578906e+02  3.392321e+02 
   67.351   10.186000  4.583654e+02  3.392668e+02 
   67.351   10.289000  4.588287e+02  3.393008e+02 
   67.351   10.391999  4.592828e+02  3.393342e+02 
   67.351   10.495000  4.597311e+02  3.393669e+02 
   67.351   10.598000  4.601738e+02  3.393989e+02 
   67.351   10.700999  4.606104e+02  3.394304e+02 
   67.351   10.802999  4.610362e+02  3.394611e+02 
   67.351   10.905999  4.614596e+02  3.394917e+02 
   67.351   11.009000  4.618767e+02  3.395220e+02 
   67.351   11.112000  4.622884e+02  3.395520e+02 
   67.351   11.214999  4.626948e+02  3.395817e+02 
   67.351   11.318000  4.630961e+02  3.396111e+02 
   67.351   11.421000  4.634924e+02  3.396403e+02 
   67.351   11.523999  4.638838e+02  3.396693e+02 
   67.351   11.627000  4.642701e+02  3.396979e+02 
   67.351   11.729000  4.646477e+02  3.397261e+02 
   67.351   11.832000  4.650240e+02  3.397542e+02 
   67.351   11.934999  4.653951e+02  3.397821e+02 
   67.351   12.037999  4.657613e+02  3.398097e+02 
   67.351   12.141000  4.661224e+02  3.398369e+02 
   67.351   12.243999  4.664786e+02  3.398639e+02 
   67.351   12.346999  4.668299e+02  3.398905e+02 
   67.351   12.450000  4.671765e+02  3.399167e+02 
   67.351   12.552999  4.675183e+02  3.399427e+02 
   67.351   12.655000  4.678521e+02  3.399679e+02 
   67.351   12.757999  4.681847e+02  3.399930e+02 
   67.351   12.861000  4.685132e+02  3.400175e+02 
   67.351   12.964000  4.688376e+02  3.400415e+02 
   67.351   13.066999  4.691581e+02  3.400649e+02 
   67.351   13.170000  4.694748e+02  3.400876e+02 
   67.351   13.273000  4.697877e+02  3.401098e+02 
   67.351   13.375999  4.700971e+02  3.401312e+02 
   67.351   13.479000  4.704029e+02  3.401520e+02 
   67.351   13.582000  4.707053e+02  3.401722e+02 
   67.351   13.684000  4.710013e+02  3.401915e+02 
   67.351   13.787000  4.712969e+02  3.402103e+02 
   67.351   13.889999  4.715891e+02  3.402285e+02 
   67.351   13.993000  4.718780e+02  3.402459e+02 
   67.351   14.096000  4.721637e+02  3.402627e+02 
   67.351   14.198999  4.724462e+02  3.402788e+02 
   67.351   14.302000  4.727255e+02  3.402943e+02 
   67.351   14.405000  4.730018e+02  3.403091e+02 
   67.351   14.507999  4.732749e+02  3.403232e+02 
   67.351   14.610000  4.735422e+02  3.403367e+02 
   67.351   14.712999  4.738090e+02  3.403498e+02 
   67.351   14.816000  4.740727e+02  3.403624e+02 
   67.351   14.919000  4.743332e+02  3.403746e+02 
   67.351   15.021999  4.745904e+02  3.403865e+02 
   67.351   15.125000  4.748446e+02  3.403979e+02 
   67.351   15.228000  4.750956e+02  3.404091e+02 
   67.351   15.330999  4.753435e+02  3.404199e+02 
   67.351   15.434000  4.755884e+02  3.404304e+02 
   67.351   15.535999  4.758280e+02  3.404404e+02 
   67.351   15.639000  4.760669e+02  3.404502e+02 
   67.351   15.742000  4.763029e+02  3.404596e+02 
   67.351   15.844999  4.765360e+02  3.404687e+02 
   67.351   15.947999  4.767664e+02  3.404774e+02 
   67.351   16.051001  4.769942e+02  3.404857e+02 
   67.351   16.154001  4.772196e+02  3.404936e+02 
   67.351   16.257000  4.774425e+02  3.405011e+02 
   67.351   16.360001  4.776631e+02  3.405082e+02 
   67.351   16.462000  4.778792e+02  3.405148e+02 
   67.351   16.565001  4.780952e+02  3.405211e+02 
   67.351   16.668001  4.783090e+02  3.405270e+02 
   67.351   16.771000  4.785208e+02  3.405324e+02 
   67.351   16.874001  4.787307e+02  3.405373e+02 
   67.351   16.977001  4.789386e+02  3.405416e+02 
   67.351   17.080000  4.791449e+02  3.405453e+02 
   67.351   17.183001  4.793497e+02  3.405482e+02 
   67.351   17.286001  4.795531e+02  3.405504e+02 
   67.351   17.388000  4.797531e+02  3.405519e+02 
   67.351   17.491001  4.799539e+02  3.405525e+02 
   67.351   17.594000  4.801536e+02  3.405522e+02 
   67.351   17.697001  4.803521e+02  3.405511e+02 
   67.351   17.800001  4.805492e+02  3.405492e+02 
   67.351   17.903000  4.807449e+02  3.405467e+02 
   67.351   18.006001  4.809392e+02  3.405436e+02 
   67.351   18.109001  4.811319e+02  3.405400e+02 
   67.351   18.212000  4.813230e+02  3.405359e+02 
   67.351   18.315001  4.815124e+02  3.405313e+02 
   67.351   18.417000  4.816982e+02  3.405265e+02 
   67.351   18.520000  4.818842e+02  3.405211e+02 
   67.351   18.623001  4.820687e+02  3.405153e+02 
   67.351   18.726000  4.822517e+02  3.405090e+02 
   67.351   18.829000  4.824332e+02  3.405023e+02 
   67.351   18.932001  4.826133e+02  3.404951e+02 
   67.351   19.035000  4.827920e+02  3.404875e+02 
   67.351   19.138000  4.829694e+02  3.404793e+02 
   67.351   19.241001  4.831455e+02  3.404708e+02 
   67.351   19.343000  4.833186e+02  3.404619e+02 
   67.351   19.446001  4.834920e+02  3.404526e+02 
   67.351   19.549000  4.836641e+02  3.404429e+02 
   67.351   19.652000  4.838349e+02  3.404329e+02 
   67.351   19.755001  4.840043e+02  3.404225e+02 
   67.351   19.858000  4.841725e+02  3.404118e+02 
   67.351   19.961000  4.843393e+02  3.404008e+02 
   67.351   20.064001  4.845053e+02  3.403892e+02 
   67.351   20.363001  4.849819e+02  3.403527e+02 
   67.351   20.859001  4.857500e+02  3.402864e+02 
   67.351   21.354000  4.864884e+02  3.402137e+02 
   67.351   21.850000  4.872011e+02  3.401349e+02 
   67.351   22.346001  4.878809e+02  3.400551e+02 
   67.351   22.842001  4.885216e+02  3.399794e+02 
   67.351   23.337000  4.891184e+02  3.399106e+02 
   67.351   23.833000  4.896757e+02  3.398478e+02 
   67.351   24.329000  4.901986e+02  3.397885e+02 
   67.351   24.825001  4.906906e+02  3.397313e+02 
   67.351   25.320000  4.911499e+02  3.396774e+02 
   67.351   25.816000  4.915795e+02  3.396272e+02 
   67.351   26.312000  4.919806e+02  3.395802e+02 
   67.351   26.808001  4.923562e+02  3.395356e+02 
   67.351   27.303001  4.927073e+02  3.394930e+02 
   67.351   27.799000  4.930357e+02  3.394528e+02 
   67.351   28.295000  4.933420e+02  3.394146e+02 
   67.351   28.791000  4.936294e+02  3.393780e+02 
   67.351   29.286001  4.939002e+02  3.393425e+02 
   67.351   29.782001  4.941580e+02  3.393073e+02 
   67.351   30.278000  4.944040e+02  3.392726e+02 
   67.351   30.774000  4.946398e+02  3.392382e+02 
   67.351   31.270000  4.948672e+02  3.392042e+02 
   67.351   31.765001  4.950872e+02  3.391707e+02 
   67.351   32.261002  4.953031e+02  3.391376e+02 
   67.351   32.757000  4.955161e+02  3.391053e+02 
   67.351   33.253002  4.957279e+02  3.390739e+02 
   67.351   33.748001  4.959395e+02  3.390438e+02 
   67.351   34.243999  4.961532e+02  3.390153e+02 
   67.351   34.740002  4.963701e+02  3.389883e+02 
   67.351   35.236000  4.965912e+02  3.389631e+02 
   67.351   35.730999  4.968173e+02  3.389395e+02 
   67.351   36.227001  4.970497e+02  3.389174e+02 
   67.351   36.723000  4.972879e+02  3.388969e+02 
   67.351   37.219002  4.975314e+02  3.388776e+02 
   67.351   37.714001  4.977786e+02  3.388597e+02 
   67.351   38.209999  4.980290e+02  3.388431e+02 
   67.351   38.706001  4.982799e+02  3.388277e+02 
   67.351   39.202000  4.985298e+02  3.388136e+02 
   67.351   39.697002  4.987758e+02  3.388009e+02 
   67.351   40.197002  4.990157e+02  3.387907e+02 
   67.351   45.197002  5.008943e+02  3.387466e+02 
   67.351   50.197002  5.016038e+02  3.387396e+02 
   67.351   55.197002  5.018547e+02  3.387411e+02 
   67.351   60.197002  5.026220e+02  3.387438e+02 
   67.351   65.196999  5.038618e+02  3.387460e+02 
