    0.000    0.000000  0.000000e+00  3.513534e+02 
    0.000    0.103000  0.000000e+00  3.505308e+02 
    0.000    0.205000  0.000000e+00  3.493718e+02 
    0.000    0.308000  0.000000e+00  3.480810e+02 
    0.000    0.411000  0.000000e+00  3.467655e+02 
    0.000    0.514000  0.000000e+00  3.453561e+02 
    0.000    0.617000  0.000000e+00  3.438589e+02 
    0.000    0.720000  0.000000e+00  3.423597e+02 
    0.000    0.823000  0.000000e+00  3.408095e+02 
    0.000    0.926000  0.000000e+00  3.392598e+02 
    0.000    1.029000  0.000000e+00  3.377025e+02 
    0.000    1.131000  0.000000e+00  3.360929e+02 
    0.000    1.234000  0.000000e+00  3.344192e+02 
    0.000    1.337000  0.000000e+00  3.327733e+02 
    0.000    1.440000  0.000000e+00  3.310697e+02 
    0.000    1.543000  0.000000e+00  3.292769e+02 
    0.000    1.646000  0.000000e+00  3.275489e+02 
    0.000    1.749000  0.000000e+00  3.151492e+02 
    0.000    1.852000  0.000000e+00  3.080036e+02 
    0.000    1.955000  0.000000e+00  3.024827e+02 
    0.000    2.058000  0.000000e+00  3.018390e+02 
    0.000    2.160000  0.000000e+00  3.009380e+02 
    0.000    2.263000  0.000000e+00  2.999133e+02 
    0.000    2.366000  0.000000e+00  2.988295e+02 
    0.000    2.469000  0.000000e+00  2.976956e+02 
    0.000    2.572000  0.000000e+00  2.965193e+02 
    0.000    2.675000  0.000000e+00  2.953023e+02 
    0.000    2.778000  0.000000e+00  2.940479e+02 
    0.000    2.881000  0.000000e+00  2.927899e+02 
    0.000    2.984000  0.000000e+00  2.915535e+02 
    0.000    3.086000  0.000000e+00  2.903289e+02 
    0.000    3.189000  0.000000e+00  2.890615e+02 
    0.000    3.292000  0.000000e+00  2.877850e+02 
    0.000    3.395000  0.000000e+00  2.865221e+02 
    0.000    3.498000  0.000000e+00  2.852726e+02 
    0.000    3.601000  0.000000e+00  2.840302e+02 
    0.000    3.704000  0.000000e+00  2.827911e+02 
    0.000    3.807000  0.000000e+00  2.815596e+02 
    0.000    3.910000  0.000000e+00  2.803185e+02 
    0.000    4.012000  0.000000e+00  2.790858e+02 
    0.000    4.115000  0.000000e+00  2.778487e+02 
    0.000    4.218000  0.000000e+00  2.766195e+02 
    0.000    4.321000  0.000000e+00  2.754025e+02 
    0.000    4.424000  0.000000e+00  2.741943e+02 
    0.000    4.527000  0.000000e+00  2.730000e+02 
    0.000    4.630000  0.000000e+00  2.718202e+02 
    0.000    4.733000  0.000000e+00  2.706449e+02 
    0.000    4.836000  0.000000e+00  2.694848e+02 
    0.000    4.938000  0.000000e+00  2.683398e+02 
    0.000    5.041000  0.000000e+00  2.669768e+02 
    0.000    5.144000  0.000000e+00  2.658457e+02 
    0.000    5.247000  0.000000e+00  2.647066e+02 
    0.000    5.350000  0.000000e+00  2.635829e+02 
    0.000    5.453000  0.000000e+00  2.624733e+02 
    0.000    5.556000  0.000000e+00  2.613648e+02 
    0.000    5.659000  0.000000e+00  2.602609e+02 
    0.000    5.762000  0.000000e+00  2.591824e+02 
    0.000    5.864000  0.000000e+00  2.581364e+02 
    0.000    5.967000  0.000000e+00  2.570625e+02 
    0.000    6.070000  0.000000e+00  2.557843e+02 
    0.000    6.173000  0.000000e+00  2.542729e+02 
    0.000    6.276000  0.000000e+00  2.526002e+02 
    0.000    6.379000  0.000000e+00  2.508571e+02 
    0.000    6.482000  0.000000e+00  2.491136e+02 
    0.000    6.585000  0.000000e+00  2.476270e+02 
    0.000    6.688000  0.000000e+00  2.463145e+02 
    0.000    6.790000  0.000000e+00  2.450553e+02 
    0.000    6.893000  0.000000e+00  2.440614e+02 
    0.000    6.996000  0.000000e+00  2.431795e+02 
    0.000    7.099000  0.000000e+00  2.423670e+02 
    0.000    7.202000  0.000000e+00  2.417866e+02 
    0.000    7.305000  0.000000e+00  2.412960e+02 
    0.000    7.408000  0.000000e+00  2.408821e+02 
    0.000    7.511000  0.000000e+00  2.405786e+02 
    0.000    7.614000  0.000000e+00  2.403816e+02 
    0.000    7.716000  0.000000e+00  2.402262e+02 
    0.000    7.819000  0.000000e+00  2.401036e+02 
    0.000    7.922000  0.000000e+00  2.399812e+02 
    0.000    8.025001  0.000000e+00  2.398482e+02 
    0.000    8.128000  0.000000e+00  2.396657e+02 
    0.000    8.231001  0.000000e+00  2.395071e+02 
    0.000    8.334001  0.000000e+00  2.393183e+02 
    0.000    8.437000  0.000000e+00  2.391161e+02 
    0.000    8.540000  0.000000e+00  2.389030e+02 
    0.000    8.643001  0.000000e+00  2.386777e+02 
    0.000    8.745001  0.000000e+00  2.384509e+02 
    0.000    8.848001  0.000000e+00  2.382162e+02 
    0.000    8.951000  0.000000e+00  2.379804e+02 
    0.000    9.054001  0.000000e+00  2.376653e+02 
    0.000    9.157001  0.000000e+00  2.374283e+02 
    0.000    9.260000  0.000000e+00  2.372244e+02 
    0.000    9.363001  0.000000e+00  2.371335e+02 
    0.000    9.466001  0.000000e+00  2.370502e+02 
    0.000    9.569000  0.000000e+00  2.369726e+02 
    0.000    9.671000  0.000000e+00  2.369004e+02 
    0.000    9.774000  0.000000e+00  2.368346e+02 
    0.000    9.877001  0.000000e+00  2.367822e+02 
    0.000    9.980000  0.000000e+00  2.367397e+02 
    0.000   10.083000  0.000000e+00  2.366999e+02 
    0.000   10.186001  0.000000e+00  2.366552e+02 
    0.000   10.289001  0.000000e+00  2.366078e+02 
    0.000   10.392000  0.000000e+00  2.365614e+02 
    0.000   10.495001  0.000000e+00  2.365179e+02 
    0.000   10.597000  0.000000e+00  2.364776e+02 
    0.000   10.700001  0.000000e+00  2.364358e+02 
    0.000   10.803000  0.000000e+00  2.363865e+02 
    0.000   10.906000  0.000000e+00  2.363327e+02 
    0.000   11.009001  0.000000e+00  2.362744e+02 
    0.000   11.112000  0.000000e+00  2.362063e+02 
    0.000   11.215000  0.000000e+00  2.361316e+02 
    0.000   11.318001  0.000000e+00  2.360534e+02 
    0.000   11.421000  0.000000e+00  2.359726e+02 
    0.000   11.523001  0.000000e+00  2.358908e+02 
    0.000   11.626000  0.000000e+00  2.358070e+02 
    0.000   11.729000  0.000000e+00  2.357215e+02 
    0.000   11.832001  0.000000e+00  2.356348e+02 
    0.000   11.935000  0.000000e+00  2.355473e+02 
    0.000   12.038000  0.000000e+00  2.354589e+02 
    0.000   12.141001  0.000000e+00  2.353697e+02 
    0.000   12.244000  0.000000e+00  2.352803e+02 
    0.000   12.347000  0.000000e+00  2.351950e+02 
    0.000   12.449000  0.000000e+00  2.351144e+02 
    0.000   12.552000  0.000000e+00  2.350355e+02 
    0.000   12.655001  0.000000e+00  2.349608e+02 
    0.000   12.758000  0.000000e+00  2.348904e+02 
    0.000   12.861000  0.000000e+00  2.348230e+02 
    0.000   12.964001  0.000000e+00  2.347585e+02 
    0.000   13.067000  0.000000e+00  2.346973e+02 
    0.000   13.170000  0.000000e+00  2.346384e+02 
    0.000   13.273001  0.000000e+00  2.345813e+02 
    0.000   13.375000  0.000000e+00  2.345259e+02 
    0.000   13.478001  0.000000e+00  2.344710e+02 
    0.000   13.581000  0.000000e+00  2.344171e+02 
    0.000   13.684000  0.000000e+00  2.343633e+02 
    0.000   13.787001  0.000000e+00  2.343097e+02 
    0.000   13.890000  0.000000e+00  2.342566e+02 
    0.000   13.993000  0.000000e+00  2.342048e+02 
    0.000   14.096001  0.000000e+00  2.341542e+02 
    0.000   14.199000  0.000000e+00  2.341046e+02 
    0.000   14.302000  0.000000e+00  2.340562e+02 
    0.000   14.404000  0.000000e+00  2.340094e+02 
    0.000   14.507000  0.000000e+00  2.339631e+02 
    0.000   14.610001  0.000000e+00  2.339175e+02 
    0.000   14.713000  0.000000e+00  2.338716e+02 
    0.000   14.816000  0.000000e+00  2.338258e+02 
    0.000   14.919001  0.000000e+00  2.337803e+02 
    0.000   15.022000  0.000000e+00  2.337342e+02 
    0.000   15.125000  0.000000e+00  2.336876e+02 
    0.000   15.228001  0.000000e+00  2.336410e+02 
    0.000   15.330001  0.000000e+00  2.335947e+02 
    0.000   15.433001  0.000000e+00  2.335480e+02 
    0.000   15.536000  0.000000e+00  2.335013e+02 
    0.000   15.639001  0.000000e+00  2.334558e+02 
    0.000   15.742001  0.000000e+00  2.334141e+02 
    0.000   15.845000  0.000000e+00  2.333758e+02 
    0.000   15.948001  0.000000e+00  2.333396e+02 
    0.000   16.050999  0.000000e+00  2.333031e+02 
    0.000   16.153999  0.000000e+00  2.332659e+02 
    0.000   16.255999  0.000000e+00  2.332289e+02 
    0.000   16.358999  0.000000e+00  2.331902e+02 
    0.000   16.462000  0.000000e+00  2.331487e+02 
    0.000   16.564999  0.000000e+00  2.331051e+02 
    0.000   16.667999  0.000000e+00  2.330603e+02 
    0.000   16.771000  0.000000e+00  2.330154e+02 
    0.000   16.873999  0.000000e+00  2.329706e+02 
    0.000   16.976999  0.000000e+00  2.329258e+02 
    0.000   17.080000  0.000000e+00  2.328814e+02 
    0.000   17.181999  0.000000e+00  2.328379e+02 
    0.000   17.285000  0.000000e+00  2.327946e+02 
    0.000   17.387999  0.000000e+00  2.327516e+02 
    0.000   17.490999  0.000000e+00  2.327098e+02 
    0.000   17.594000  0.000000e+00  2.326692e+02 
    0.000   17.696999  0.000000e+00  2.326292e+02 
    0.000   17.799999  0.000000e+00  2.325904e+02 
    0.000   17.903000  0.000000e+00  2.325532e+02 
    0.000   18.005999  0.000000e+00  2.325172e+02 
    0.000   18.108000  0.000000e+00  2.324827e+02 
    0.000   18.210999  0.000000e+00  2.324491e+02 
    0.000   18.313999  0.000000e+00  2.324168e+02 
    0.000   18.417000  0.000000e+00  2.323856e+02 
    0.000   18.519999  0.000000e+00  2.323552e+02 
    0.000   18.622999  0.000000e+00  2.323252e+02 
    0.000   18.726000  0.000000e+00  2.322955e+02 
    0.000   18.828999  0.000000e+00  2.322663e+02 
    0.000   18.931999  0.000000e+00  2.322376e+02 
    0.000   19.035000  0.000000e+00  2.322096e+02 
    0.000   19.136999  0.000000e+00  2.321824e+02 
    0.000   19.240000  0.000000e+00  2.321555e+02 
    0.000   19.343000  0.000000e+00  2.321280e+02 
    0.000   19.445999  0.000000e+00  2.320997e+02 
    0.000   19.549000  0.000000e+00  2.320709e+02 
    0.000   19.652000  0.000000e+00  2.320419e+02 
    0.000   19.754999  0.000000e+00  2.320125e+02 
    0.000   19.858000  0.000000e+00  2.319827e+02 
    0.000   19.960999  0.000000e+00  2.319528e+02 
    0.000   20.063000  0.000000e+00  2.319229e+02 
    0.000   20.362999  0.000000e+00  2.318373e+02 
    0.000   20.858000  0.000000e+00  2.317090e+02 
    0.000   21.354000  0.000000e+00  2.316039e+02 
    0.000   21.850000  0.000000e+00  2.315127e+02 
    0.000   22.345999  0.000000e+00  2.314245e+02 
    0.000   22.841000  0.000000e+00  2.313333e+02 
    0.000   23.337000  0.000000e+00  2.312457e+02 
    0.000   23.833000  0.000000e+00  2.311745e+02 
    0.000   24.328999  0.000000e+00  2.311288e+02 
    0.000   24.823999  0.000000e+00  2.311098e+02 
    0.000   25.320000  0.000000e+00  2.311034e+02 
    0.000   25.816000  0.000000e+00  2.310980e+02 
    0.000   26.312000  0.000000e+00  2.311003e+02 
    0.000   26.806999  0.000000e+00  2.311075e+02 
    0.000   27.302999  0.000000e+00  2.311193e+02 
    0.000   27.799000  0.000000e+00  2.311392e+02 
    0.000   28.295000  0.000000e+00  2.311686e+02 
    0.000   28.789999  0.000000e+00  2.312024e+02 
    0.000   29.285999  0.000000e+00  2.312427e+02 
    0.000   29.782000  0.000000e+00  2.312894e+02 
    0.000   30.278000  0.000000e+00  2.313412e+02 
    0.000   30.774000  0.000000e+00  2.313959e+02 
    0.000   31.268999  0.000000e+00  2.314525e+02 
    0.000   31.764999  0.000000e+00  2.315109e+02 
    0.000   32.260998  0.000000e+00  2.315701e+02 
    0.000   32.757000  0.000000e+00  2.316291e+02 
    0.000   33.251999  0.000000e+00  2.316864e+02 
    0.000   33.748001  0.000000e+00  2.317437e+02 
    0.000   34.243999  0.000000e+00  2.318017e+02 
    0.000   34.739998  0.000000e+00  2.318620e+02 
    0.000   35.235001  0.000000e+00  2.319241e+02 
    0.000   35.730999  0.000000e+00  2.319839e+02 
    0.000   36.227001  0.000000e+00  2.320408e+02 
    0.000   36.723000  0.000000e+00  2.320932e+02 
    0.000   37.217999  0.000000e+00  2.321418e+02 
    0.000   37.714001  0.000000e+00  2.321866e+02 
    0.000   38.209999  0.000000e+00  2.322279e+02 
    0.000   38.706001  0.000000e+00  2.322694e+02 
    0.000   39.201000  0.000000e+00  2.323120e+02 
    0.000   39.696999  0.000000e+00  2.323577e+02 
    0.000   40.196999  0.000000e+00  2.324084e+02 
    0.000   45.196999  0.000000e+00  2.328575e+02 
    0.000   50.196999  0.000000e+00  2.330842e+02 
    0.000   55.196999  0.000000e+00  2.330783e+02 
    0.000   60.196999  0.000000e+00  2.330108e+02 
    0.000   65.197006  0.000000e+00  2.329585e+02 
