    0.000    0.000000  0.000000e+00  3.494238e+02 
    0.000    0.103000  0.000000e+00  3.487298e+02 
    0.000    0.205000  0.000000e+00  3.474109e+02 
    0.000    0.308000  0.000000e+00  3.460239e+02 
    0.000    0.411000  0.000000e+00  3.427839e+02 
    0.000    0.514000  0.000000e+00  3.413510e+02 
    0.000    0.617000  0.000000e+00  3.399153e+02 
    0.000    0.720000  0.000000e+00  3.384467e+02 
    0.000    0.823000  0.000000e+00  3.371165e+02 
    0.000    0.926000  0.000000e+00  3.356979e+02 
    0.000    1.029000  0.000000e+00  3.341670e+02 
    0.000    1.131000  0.000000e+00  3.326660e+02 
    0.000    1.234000  0.000000e+00  3.310687e+02 
    0.000    1.337000  0.000000e+00  3.295152e+02 
    0.000    1.440000  0.000000e+00  3.279132e+02 
    0.000    1.543000  0.000000e+00  3.262669e+02 
    0.000    1.646000  0.000000e+00  3.248795e+02 
    0.000    1.749000  0.000000e+00  3.234239e+02 
    0.000    1.852000  0.000000e+00  3.218280e+02 
    0.000    1.955000  0.000000e+00  3.189724e+02 
    0.000    2.057000  0.000000e+00  3.159671e+02 
    0.000    2.160000  0.000000e+00  3.127696e+02 
    0.000    2.263000  0.000000e+00  3.107608e+02 
    0.000    2.366000  0.000000e+00  3.095039e+02 
    0.000    2.469000  0.000000e+00  3.082283e+02 
    0.000    2.572000  0.000000e+00  3.069408e+02 
    0.000    2.675000  0.000000e+00  3.056281e+02 
    0.000    2.778000  0.000000e+00  3.042847e+02 
    0.000    2.881000  0.000000e+00  3.029363e+02 
    0.000    2.983000  0.000000e+00  3.016039e+02 
    0.000    3.086000  0.000000e+00  3.002672e+02 
    0.000    3.189000  0.000000e+00  2.989247e+02 
    0.000    3.292000  0.000000e+00  2.975882e+02 
    0.000    3.395000  0.000000e+00  2.962710e+02 
    0.000    3.498000  0.000000e+00  2.949719e+02 
    0.000    3.601000  0.000000e+00  2.936942e+02 
    0.000    3.704000  0.000000e+00  2.924390e+02 
    0.000    3.807000  0.000000e+00  2.911994e+02 
    0.000    3.909000  0.000000e+00  2.899593e+02 
    0.000    4.012000  0.000000e+00  2.887117e+02 
    0.000    4.115000  0.000000e+00  2.874740e+02 
    0.000    4.218000  0.000000e+00  2.862488e+02 
    0.000    4.321000  0.000000e+00  2.850409e+02 
    0.000    4.424000  0.000000e+00  2.838427e+02 
    0.000    4.527000  0.000000e+00  2.826616e+02 
    0.000    4.630000  0.000000e+00  2.814959e+02 
    0.000    4.733000  0.000000e+00  2.803358e+02 
    0.000    4.835000  0.000000e+00  2.791976e+02 
    0.000    4.938000  0.000000e+00  2.780639e+02 
    0.000    5.041000  0.000000e+00  2.769443e+02 
    0.000    5.144000  0.000000e+00  2.758431e+02 
    0.000    5.247000  0.000000e+00  2.747499e+02 
    0.000    5.350000  0.000000e+00  2.736694e+02 
    0.000    5.453000  0.000000e+00  2.726048e+02 
    0.000    5.556000  0.000000e+00  2.715508e+02 
    0.000    5.659000  0.000000e+00  2.705124e+02 
    0.000    5.761000  0.000000e+00  2.694990e+02 
    0.000    5.864000  0.000000e+00  2.684945e+02 
    0.000    5.967000  0.000000e+00  2.675098e+02 
    0.000    6.070000  0.000000e+00  2.665428e+02 
    0.000    6.173000  0.000000e+00  2.655915e+02 
    0.000    6.276000  0.000000e+00  2.646565e+02 
    0.000    6.379000  0.000000e+00  2.637517e+02 
    0.000    6.482000  0.000000e+00  2.628709e+02 
    0.000    6.585000  0.000000e+00  2.620167e+02 
    0.000    6.688000  0.000000e+00  2.612023e+02 
    0.000    6.790000  0.000000e+00  2.604251e+02 
    0.000    6.893000  0.000000e+00  2.597024e+02 
    0.000    6.996000  0.000000e+00  2.590559e+02 
    0.000    7.099000  0.000000e+00  2.584641e+02 
    0.000    7.202000  0.000000e+00  2.579982e+02 
    0.000    7.305000  0.000000e+00  2.576414e+02 
    0.000    7.408000  0.000000e+00  2.573551e+02 
    0.000    7.511000  0.000000e+00  2.571734e+02 
    0.000    7.614000  0.000000e+00  2.570612e+02 
    0.000    7.716000  0.000000e+00  2.569808e+02 
    0.000    7.819000  0.000000e+00  2.569049e+02 
    0.000    7.922000  0.000000e+00  2.568356e+02 
    0.000    8.025001  0.000000e+00  2.567462e+02 
    0.000    8.128000  0.000000e+00  2.566169e+02 
    0.000    8.231000  0.000000e+00  2.564648e+02 
    0.000    8.334001  0.000000e+00  2.562974e+02 
    0.000    8.437000  0.000000e+00  2.561193e+02 
    0.000    8.540000  0.000000e+00  2.559353e+02 
    0.000    8.642000  0.000000e+00  2.557542e+02 
    0.000    8.745000  0.000000e+00  2.555729e+02 
    0.000    8.848001  0.000000e+00  2.553921e+02 
    0.000    8.951000  0.000000e+00  2.552195e+02 
    0.000    9.054000  0.000000e+00  2.550526e+02 
    0.000    9.157001  0.000000e+00  2.548921e+02 
    0.000    9.260000  0.000000e+00  2.547561e+02 
    0.000    9.363000  0.000000e+00  2.546379e+02 
    0.000    9.466001  0.000000e+00  2.545322e+02 
    0.000    9.568000  0.000000e+00  2.544447e+02 
    0.000    9.671000  0.000000e+00  2.543690e+02 
    0.000    9.774000  0.000000e+00  2.543007e+02 
    0.000    9.877000  0.000000e+00  2.542349e+02 
    0.000    9.980000  0.000000e+00  2.541721e+02 
    0.000   10.083000  0.000000e+00  2.541082e+02 
    0.000   10.186000  0.000000e+00  2.540367e+02 
    0.000   10.289001  0.000000e+00  2.539610e+02 
    0.000   10.392000  0.000000e+00  2.538894e+02 
    0.000   10.494000  0.000000e+00  2.538306e+02 
    0.000   10.597000  0.000000e+00  2.537802e+02 
    0.000   10.700000  0.000000e+00  2.537297e+02 
    0.000   10.803000  0.000000e+00  2.536692e+02 
    0.000   10.906000  0.000000e+00  2.536025e+02 
    0.000   11.009000  0.000000e+00  2.535309e+02 
    0.000   11.112000  0.000000e+00  2.534500e+02 
    0.000   11.215000  0.000000e+00  2.533629e+02 
    0.000   11.318000  0.000000e+00  2.532723e+02 
    0.000   11.420000  0.000000e+00  2.531779e+02 
    0.000   11.523000  0.000000e+00  2.530795e+02 
    0.000   11.626000  0.000000e+00  2.529794e+02 
    0.000   11.729000  0.000000e+00  2.528775e+02 
    0.000   11.832000  0.000000e+00  2.527746e+02 
    0.000   11.935000  0.000000e+00  2.526713e+02 
    0.000   12.038000  0.000000e+00  2.525712e+02 
    0.000   12.141000  0.000000e+00  2.524736e+02 
    0.000   12.244000  0.000000e+00  2.523777e+02 
    0.000   12.347000  0.000000e+00  2.522874e+02 
    0.000   12.449000  0.000000e+00  2.522027e+02 
    0.000   12.552000  0.000000e+00  2.521203e+02 
    0.000   12.655000  0.000000e+00  2.520415e+02 
    0.000   12.758000  0.000000e+00  2.519659e+02 
    0.000   12.861000  0.000000e+00  2.518927e+02 
    0.000   12.964000  0.000000e+00  2.518216e+02 
    0.000   13.067000  0.000000e+00  2.517522e+02 
    0.000   13.170000  0.000000e+00  2.516843e+02 
    0.000   13.273000  0.000000e+00  2.516171e+02 
    0.000   13.375000  0.000000e+00  2.515502e+02 
    0.000   13.478001  0.000000e+00  2.514827e+02 
    0.000   13.581000  0.000000e+00  2.514156e+02 
    0.000   13.684000  0.000000e+00  2.513486e+02 
    0.000   13.787000  0.000000e+00  2.512819e+02 
    0.000   13.890000  0.000000e+00  2.512157e+02 
    0.000   13.993000  0.000000e+00  2.511520e+02 
    0.000   14.096000  0.000000e+00  2.510907e+02 
    0.000   14.199000  0.000000e+00  2.510311e+02 
    0.000   14.301001  0.000000e+00  2.509747e+02 
    0.000   14.404000  0.000000e+00  2.509209e+02 
    0.000   14.507000  0.000000e+00  2.508695e+02 
    0.000   14.610001  0.000000e+00  2.508195e+02 
    0.000   14.713000  0.000000e+00  2.507697e+02 
    0.000   14.816000  0.000000e+00  2.507202e+02 
    0.000   14.919001  0.000000e+00  2.506715e+02 
    0.000   15.022000  0.000000e+00  2.506228e+02 
    0.000   15.125000  0.000000e+00  2.505745e+02 
    0.000   15.227000  0.000000e+00  2.505272e+02 
    0.000   15.330000  0.000000e+00  2.504792e+02 
    0.000   15.433001  0.000000e+00  2.504307e+02 
    0.000   15.536000  0.000000e+00  2.503821e+02 
    0.000   15.639000  0.000000e+00  2.503334e+02 
    0.000   15.742001  0.000000e+00  2.502840e+02 
    0.000   15.845000  0.000000e+00  2.502340e+02 
    0.000   15.948001  0.000000e+00  2.501840e+02 
    0.000   16.050999  0.000000e+00  2.501367e+02 
    0.000   16.153000  0.000000e+00  2.500928e+02 
    0.000   16.255999  0.000000e+00  2.500504e+02 
    0.000   16.358999  0.000000e+00  2.500088e+02 
    0.000   16.462000  0.000000e+00  2.499668e+02 
    0.000   16.564999  0.000000e+00  2.499248e+02 
    0.000   16.667999  0.000000e+00  2.498830e+02 
    0.000   16.771000  0.000000e+00  2.498397e+02 
    0.000   16.873999  0.000000e+00  2.497951e+02 
    0.000   16.976999  0.000000e+00  2.497498e+02 
    0.000   17.078999  0.000000e+00  2.497049e+02 
    0.000   17.181999  0.000000e+00  2.496595e+02 
    0.000   17.285000  0.000000e+00  2.496143e+02 
    0.000   17.387999  0.000000e+00  2.495691e+02 
    0.000   17.490999  0.000000e+00  2.495240e+02 
    0.000   17.594000  0.000000e+00  2.494789e+02 
    0.000   17.696999  0.000000e+00  2.494338e+02 
    0.000   17.799999  0.000000e+00  2.493891e+02 
    0.000   17.903000  0.000000e+00  2.493449e+02 
    0.000   18.005999  0.000000e+00  2.493012e+02 
    0.000   18.108000  0.000000e+00  2.492584e+02 
    0.000   18.210999  0.000000e+00  2.492169e+02 
    0.000   18.313999  0.000000e+00  2.491771e+02 
    0.000   18.417000  0.000000e+00  2.491386e+02 
    0.000   18.519999  0.000000e+00  2.491013e+02 
    0.000   18.622999  0.000000e+00  2.490654e+02 
    0.000   18.726000  0.000000e+00  2.490306e+02 
    0.000   18.828999  0.000000e+00  2.489968e+02 
    0.000   18.931999  0.000000e+00  2.489640e+02 
    0.000   19.033998  0.000000e+00  2.489326e+02 
    0.000   19.136999  0.000000e+00  2.489016e+02 
    0.000   19.240000  0.000000e+00  2.488715e+02 
    0.000   19.342999  0.000000e+00  2.488416e+02 
    0.000   19.445999  0.000000e+00  2.488118e+02 
    0.000   19.549000  0.000000e+00  2.487822e+02 
    0.000   19.651999  0.000000e+00  2.487530e+02 
    0.000   19.754999  0.000000e+00  2.487225e+02 
    0.000   19.858000  0.000000e+00  2.486908e+02 
    0.000   19.959999  0.000000e+00  2.486588e+02 
    0.000   20.063000  0.000000e+00  2.486259e+02 
    0.000   20.362999  0.000000e+00  2.485279e+02 
    0.000   20.858000  0.000000e+00  2.483763e+02 
    0.000   21.354000  0.000000e+00  2.482516e+02 
    0.000   21.849998  0.000000e+00  2.481481e+02 
    0.000   22.345999  0.000000e+00  2.480528e+02 
    0.000   22.841000  0.000000e+00  2.479596e+02 
    0.000   23.337000  0.000000e+00  2.478677e+02 
    0.000   23.832998  0.000000e+00  2.477876e+02 
    0.000   24.328999  0.000000e+00  2.477332e+02 
    0.000   24.823999  0.000000e+00  2.477054e+02 
    0.000   25.320000  0.000000e+00  2.476952e+02 
    0.000   25.816000  0.000000e+00  2.476868e+02 
    0.000   26.311998  0.000000e+00  2.476735e+02 
    0.000   26.806999  0.000000e+00  2.476703e+02 
    0.000   27.302999  0.000000e+00  2.476816e+02 
    0.000   27.799000  0.000000e+00  2.477035e+02 
    0.000   28.295000  0.000000e+00  2.477326e+02 
    0.000   28.789999  0.000000e+00  2.477707e+02 
    0.000   29.285999  0.000000e+00  2.478107e+02 
    0.000   29.782000  0.000000e+00  2.478534e+02 
    0.000   30.278000  0.000000e+00  2.479014e+02 
    0.000   30.772999  0.000000e+00  2.479563e+02 
    0.000   31.268999  0.000000e+00  2.480137e+02 
    0.000   31.764999  0.000000e+00  2.480697e+02 
    0.000   32.261002  0.000000e+00  2.481249e+02 
    0.000   32.756001  0.000000e+00  2.481795e+02 
    0.000   33.252003  0.000000e+00  2.482337e+02 
    0.000   33.748001  0.000000e+00  2.482887e+02 
    0.000   34.243999  0.000000e+00  2.483447e+02 
    0.000   34.739002  0.000000e+00  2.484045e+02 
    0.000   35.235001  0.000000e+00  2.484677e+02 
    0.000   35.731003  0.000000e+00  2.485293e+02 
    0.000   36.227001  0.000000e+00  2.485888e+02 
    0.000   36.722000  0.000000e+00  2.486415e+02 
    0.000   37.218002  0.000000e+00  2.486883e+02 
    0.000   37.714001  0.000000e+00  2.487316e+02 
    0.000   38.210003  0.000000e+00  2.487721e+02 
    0.000   38.705002  0.000000e+00  2.488136e+02 
    0.000   39.201000  0.000000e+00  2.488569e+02 
    0.000   39.697002  0.000000e+00  2.489031e+02 
    0.000   40.197002  0.000000e+00  2.489529e+02 
    0.000   45.197002  0.000000e+00  2.494002e+02 
    0.000   50.197002  0.000000e+00  2.496226e+02 
    0.000   55.197002  0.000000e+00  2.496164e+02 
    0.000   60.197002  0.000000e+00  2.495497e+02 
    0.000   65.196999  0.000000e+00  2.494971e+02 
