    0.000    0.000000  0.000000e+00  3.515010e+02 
    0.000    0.103000  0.000000e+00  3.508564e+02 
    0.000    0.206000  0.000000e+00  3.495001e+02 
    0.000    0.308000  0.000000e+00  3.479020e+02 
    0.000    0.411000  0.000000e+00  3.463404e+02 
    0.000    0.514000  0.000000e+00  3.447356e+02 
    0.000    0.617000  0.000000e+00  3.430527e+02 
    0.000    0.720000  0.000000e+00  3.413511e+02 
    0.000    0.823000  0.000000e+00  3.396060e+02 
    0.000    0.926000  0.000000e+00  3.377908e+02 
    0.000    1.029000  0.000000e+00  3.358657e+02 
    0.000    1.132000  0.000000e+00  3.338519e+02 
    0.000    1.234000  0.000000e+00  3.318894e+02 
    0.000    1.337000  0.000000e+00  3.299592e+02 
    0.000    1.440000  0.000000e+00  3.280415e+02 
    0.000    1.543000  0.000000e+00  3.261086e+02 
    0.000    1.646000  0.000000e+00  3.241437e+02 
    0.000    1.749000  0.000000e+00  3.228125e+02 
    0.000    1.852000  0.000000e+00  3.215825e+02 
    0.000    1.955000  0.000000e+00  3.203824e+02 
    0.000    2.058000  0.000000e+00  3.011684e+02 
    0.000    2.160000  0.000000e+00  2.971533e+02 
    0.000    2.263000  0.000000e+00  2.939116e+02 
    0.000    2.366000  0.000000e+00  2.932219e+02 
    0.000    2.469000  0.000000e+00  2.923346e+02 
    0.000    2.572000  0.000000e+00  2.913567e+02 
    0.000    2.675000  0.000000e+00  2.902806e+02 
    0.000    2.778000  0.000000e+00  2.890532e+02 
    0.000    2.881000  0.000000e+00  2.876802e+02 
    0.000    2.984000  0.000000e+00  2.862989e+02 
    0.000    3.086000  0.000000e+00  2.818004e+02 
    0.000    3.189000  0.000000e+00  2.773159e+02 
    0.000    3.292000  0.000000e+00  2.727806e+02 
    0.000    3.395000  0.000000e+00  2.682086e+02 
    0.000    3.498000  0.000000e+00  2.673968e+02 
    0.000    3.601000  0.000000e+00  2.664625e+02 
    0.000    3.704000  0.000000e+00  2.654551e+02 
    0.000    3.807000  0.000000e+00  2.644079e+02 
    0.000    3.910000  0.000000e+00  2.633349e+02 
    0.000    4.013000  0.000000e+00  2.622448e+02 
    0.000    4.115000  0.000000e+00  2.611433e+02 
    0.000    4.218000  0.000000e+00  2.600134e+02 
    0.000    4.321000  0.000000e+00  2.588761e+02 
    0.000    4.424000  0.000000e+00  2.577269e+02 
    0.000    4.527000  0.000000e+00  2.565758e+02 
    0.000    4.630000  0.000000e+00  2.554336e+02 
    0.000    4.733000  0.000000e+00  2.543371e+02 
    0.000    4.836000  0.000000e+00  2.532335e+02 
    0.000    4.939000  0.000000e+00  2.521364e+02 
    0.000    5.041000  0.000000e+00  2.510363e+02 
    0.000    5.144000  0.000000e+00  2.499262e+02 
    0.000    5.247000  0.000000e+00  2.488263e+02 
    0.000    5.350000  0.000000e+00  2.477298e+02 
    0.000    5.453000  0.000000e+00  2.466440e+02 
    0.000    5.556000  0.000000e+00  2.455699e+02 
    0.000    5.659000  0.000000e+00  2.445092e+02 
    0.000    5.762000  0.000000e+00  2.434642e+02 
    0.000    5.865000  0.000000e+00  2.424346e+02 
    0.000    5.967000  0.000000e+00  2.414287e+02 
    0.000    6.070000  0.000000e+00  2.404044e+02 
    0.000    6.173000  0.000000e+00  2.393944e+02 
    0.000    6.276000  0.000000e+00  2.384029e+02 
    0.000    6.379000  0.000000e+00  2.374101e+02 
    0.000    6.482000  0.000000e+00  2.364299e+02 
    0.000    6.585000  0.000000e+00  2.354679e+02 
    0.000    6.688000  0.000000e+00  2.345161e+02 
    0.000    6.791000  0.000000e+00  2.336079e+02 
    0.000    6.893000  0.000000e+00  2.327438e+02 
    0.000    6.996000  0.000000e+00  2.319382e+02 
    0.000    7.099000  0.000000e+00  2.311732e+02 
    0.000    7.202000  0.000000e+00  2.305233e+02 
    0.000    7.305000  0.000000e+00  2.299926e+02 
    0.000    7.408000  0.000000e+00  2.295381e+02 
    0.000    7.511000  0.000000e+00  2.292113e+02 
    0.000    7.614000  0.000000e+00  2.289555e+02 
    0.000    7.717000  0.000000e+00  2.287756e+02 
    0.000    7.819000  0.000000e+00  2.286332e+02 
    0.000    7.922000  0.000000e+00  2.285142e+02 
    0.000    8.025000  0.000000e+00  2.284105e+02 
    0.000    8.128000  0.000000e+00  2.283068e+02 
    0.000    8.231000  0.000000e+00  2.282221e+02 
    0.000    8.334000  0.000000e+00  2.281280e+02 
    0.000    8.437000  0.000000e+00  2.280202e+02 
    0.000    8.540000  0.000000e+00  2.279026e+02 
    0.000    8.643000  0.000000e+00  2.277598e+02 
    0.000    8.745000  0.000000e+00  2.276045e+02 
    0.000    8.848000  0.000000e+00  2.274355e+02 
    0.000    8.951000  0.000000e+00  2.272671e+02 
    0.000    9.054000  0.000000e+00  2.270915e+02 
    0.000    9.157000  0.000000e+00  2.269180e+02 
    0.000    9.260000  0.000000e+00  2.268037e+02 
    0.000    9.363000  0.000000e+00  2.266577e+02 
    0.000    9.466000  0.000000e+00  2.265125e+02 
    0.000    9.569000  0.000000e+00  2.263769e+02 
    0.000    9.672000  0.000000e+00  2.262489e+02 
    0.000    9.774000  0.000000e+00  2.261290e+02 
    0.000    9.877000  0.000000e+00  2.260241e+02 
    0.000    9.980000  0.000000e+00  2.259325e+02 
    0.000   10.083000  0.000000e+00  2.258487e+02 
    0.000   10.186000  0.000000e+00  2.257697e+02 
    0.000   10.289000  0.000000e+00  2.256956e+02 
    0.000   10.392000  0.000000e+00  2.256656e+02 
    0.000   10.495000  0.000000e+00  2.256259e+02 
    0.000   10.598000  0.000000e+00  2.255796e+02 
    0.000   10.700000  0.000000e+00  2.255333e+02 
    0.000   10.803000  0.000000e+00  2.254839e+02 
    0.000   10.906000  0.000000e+00  2.254332e+02 
    0.000   11.009000  0.000000e+00  2.253804e+02 
    0.000   11.112000  0.000000e+00  2.253202e+02 
    0.000   11.215000  0.000000e+00  2.252550e+02 
    0.000   11.318000  0.000000e+00  2.251869e+02 
    0.000   11.421000  0.000000e+00  2.251138e+02 
    0.000   11.524000  0.000000e+00  2.250374e+02 
    0.000   11.626000  0.000000e+00  2.249600e+02 
    0.000   11.729000  0.000000e+00  2.248853e+02 
    0.000   11.832000  0.000000e+00  2.248134e+02 
    0.000   11.935000  0.000000e+00  2.247430e+02 
    0.000   12.038000  0.000000e+00  2.246745e+02 
    0.000   12.141000  0.000000e+00  2.246077e+02 
    0.000   12.244000  0.000000e+00  2.245420e+02 
    0.000   12.347000  0.000000e+00  2.244757e+02 
    0.000   12.450000  0.000000e+00  2.244088e+02 
    0.000   12.552000  0.000000e+00  2.243423e+02 
    0.000   12.655000  0.000000e+00  2.242744e+02 
    0.000   12.758000  0.000000e+00  2.242054e+02 
    0.000   12.861000  0.000000e+00  2.241360e+02 
    0.000   12.964000  0.000000e+00  2.240672e+02 
    0.000   13.067000  0.000000e+00  2.239996e+02 
    0.000   13.170000  0.000000e+00  2.239329e+02 
    0.000   13.273000  0.000000e+00  2.238677e+02 
    0.000   13.376000  0.000000e+00  2.238051e+02 
    0.000   13.478000  0.000000e+00  2.237453e+02 
    0.000   13.581000  0.000000e+00  2.236864e+02 
    0.000   13.684000  0.000000e+00  2.236310e+02 
    0.000   13.787000  0.000000e+00  2.235785e+02 
    0.000   13.890000  0.000000e+00  2.235277e+02 
    0.000   13.993000  0.000000e+00  2.234807e+02 
    0.000   14.096000  0.000000e+00  2.234374e+02 
    0.000   14.199000  0.000000e+00  2.233966e+02 
    0.000   14.302000  0.000000e+00  2.233582e+02 
    0.000   14.405000  0.000000e+00  2.233223e+02 
    0.000   14.507000  0.000000e+00  2.232887e+02 
    0.000   14.610000  0.000000e+00  2.232558e+02 
    0.000   14.713000  0.000000e+00  2.232214e+02 
    0.000   14.816000  0.000000e+00  2.231861e+02 
    0.000   14.919000  0.000000e+00  2.231508e+02 
    0.000   15.022000  0.000000e+00  2.231145e+02 
    0.000   15.125000  0.000000e+00  2.230774e+02 
    0.000   15.228000  0.000000e+00  2.230399e+02 
    0.000   15.331000  0.000000e+00  2.230026e+02 
    0.000   15.433000  0.000000e+00  2.229659e+02 
    0.000   15.536000  0.000000e+00  2.229290e+02 
    0.000   15.639000  0.000000e+00  2.228919e+02 
    0.000   15.742000  0.000000e+00  2.228514e+02 
    0.000   15.845000  0.000000e+00  2.228083e+02 
    0.000   15.948000  0.000000e+00  2.227637e+02 
    0.000   16.051001  0.000000e+00  2.227175e+02 
    0.000   16.153999  0.000000e+00  2.226697e+02 
    0.000   16.257000  0.000000e+00  2.226208e+02 
    0.000   16.358999  0.000000e+00  2.225724e+02 
    0.000   16.462000  0.000000e+00  2.225247e+02 
    0.000   16.565001  0.000000e+00  2.224779e+02 
    0.000   16.667999  0.000000e+00  2.224318e+02 
    0.000   16.771000  0.000000e+00  2.223883e+02 
    0.000   16.874001  0.000000e+00  2.223472e+02 
    0.000   16.976999  0.000000e+00  2.223078e+02 
    0.000   17.080000  0.000000e+00  2.222703e+02 
    0.000   17.183001  0.000000e+00  2.222351e+02 
    0.000   17.285000  0.000000e+00  2.222021e+02 
    0.000   17.388000  0.000000e+00  2.221702e+02 
    0.000   17.490999  0.000000e+00  2.221389e+02 
    0.000   17.594000  0.000000e+00  2.221080e+02 
    0.000   17.697001  0.000000e+00  2.220777e+02 
    0.000   17.799999  0.000000e+00  2.220477e+02 
    0.000   17.903000  0.000000e+00  2.220175e+02 
    0.000   18.006001  0.000000e+00  2.219872e+02 
    0.000   18.108999  0.000000e+00  2.219570e+02 
    0.000   18.211000  0.000000e+00  2.219273e+02 
    0.000   18.313999  0.000000e+00  2.218975e+02 
    0.000   18.417000  0.000000e+00  2.218680e+02 
    0.000   18.520000  0.000000e+00  2.218387e+02 
    0.000   18.622999  0.000000e+00  2.218097e+02 
    0.000   18.726000  0.000000e+00  2.217811e+02 
    0.000   18.829000  0.000000e+00  2.217526e+02 
    0.000   18.931999  0.000000e+00  2.217242e+02 
    0.000   19.035000  0.000000e+00  2.216952e+02 
    0.000   19.138000  0.000000e+00  2.216658e+02 
    0.000   19.240000  0.000000e+00  2.216366e+02 
    0.000   19.343000  0.000000e+00  2.216070e+02 
    0.000   19.445999  0.000000e+00  2.215776e+02 
    0.000   19.549000  0.000000e+00  2.215483e+02 
    0.000   19.652000  0.000000e+00  2.215191e+02 
    0.000   19.754999  0.000000e+00  2.214910e+02 
    0.000   19.858000  0.000000e+00  2.214642e+02 
    0.000   19.961000  0.000000e+00  2.214382e+02 
    0.000   20.063999  0.000000e+00  2.214129e+02 
    0.000   20.363001  0.000000e+00  2.213445e+02 
    0.000   20.858999  0.000000e+00  2.212395e+02 
    0.000   21.354000  0.000000e+00  2.211444e+02 
    0.000   21.850000  0.000000e+00  2.210587e+02 
    0.000   22.346001  0.000000e+00  2.209717e+02 
    0.000   22.841999  0.000000e+00  2.208867e+02 
    0.000   23.337000  0.000000e+00  2.208155e+02 
    0.000   23.833000  0.000000e+00  2.207605e+02 
    0.000   24.329000  0.000000e+00  2.207184e+02 
    0.000   24.825001  0.000000e+00  2.206911e+02 
    0.000   25.320000  0.000000e+00  2.206799e+02 
    0.000   25.816000  0.000000e+00  2.206783e+02 
    0.000   26.312000  0.000000e+00  2.206893e+02 
    0.000   26.808001  0.000000e+00  2.207093e+02 
    0.000   27.302999  0.000000e+00  2.207312e+02 
    0.000   27.799000  0.000000e+00  2.207531e+02 
    0.000   28.295000  0.000000e+00  2.207769e+02 
    0.000   28.791000  0.000000e+00  2.208069e+02 
    0.000   29.285999  0.000000e+00  2.208489e+02 
    0.000   29.782000  0.000000e+00  2.209007e+02 
    0.000   30.278000  0.000000e+00  2.209583e+02 
    0.000   30.774000  0.000000e+00  2.210138e+02 
    0.000   31.268999  0.000000e+00  2.210666e+02 
    0.000   31.764999  0.000000e+00  2.211172e+02 
    0.000   32.261002  0.000000e+00  2.211699e+02 
    0.000   32.757000  0.000000e+00  2.212260e+02 
    0.000   33.251999  0.000000e+00  2.212874e+02 
    0.000   33.748001  0.000000e+00  2.213532e+02 
    0.000   34.243999  0.000000e+00  2.214217e+02 
    0.000   34.740002  0.000000e+00  2.214878e+02 
    0.000   35.235001  0.000000e+00  2.215502e+02 
    0.000   35.730999  0.000000e+00  2.216072e+02 
    0.000   36.227001  0.000000e+00  2.216597e+02 
    0.000   36.723000  0.000000e+00  2.217082e+02 
    0.000   37.217999  0.000000e+00  2.217533e+02 
    0.000   37.714001  0.000000e+00  2.217978e+02 
    0.000   38.209999  0.000000e+00  2.218420e+02 
    0.000   38.706001  0.000000e+00  2.218867e+02 
    0.000   39.201000  0.000000e+00  2.219322e+02 
    0.000   39.696999  0.000000e+00  2.219799e+02 
    0.000   40.196999  0.000000e+00  2.220313e+02 
    0.000   45.196999  0.000000e+00  2.224834e+02 
    0.000   50.196999  0.000000e+00  2.227053e+02 
    0.000   55.196999  0.000000e+00  2.227066e+02 
    0.000   60.196999  0.000000e+00  2.226378e+02 
    0.000   65.196999  0.000000e+00  2.225854e+02 
