    0.000    0.000000  0.000000e+00  3.514877e+02 
    0.000    0.103000  0.000000e+00  3.506246e+02 
    0.000    0.206000  0.000000e+00  3.494187e+02 
    0.000    0.309000  0.000000e+00  3.480285e+02 
    0.000    0.412000  0.000000e+00  3.465194e+02 
    0.000    0.515000  0.000000e+00  3.448520e+02 
    0.000    0.618000  0.000000e+00  3.432603e+02 
    0.000    0.720000  0.000000e+00  3.415228e+02 
    0.000    0.823000  0.000000e+00  3.395337e+02 
    0.000    0.926000  0.000000e+00  3.373410e+02 
    0.000    1.029000  0.000000e+00  3.350641e+02 
    0.000    1.132000  0.000000e+00  3.327576e+02 
    0.000    1.235000  0.000000e+00  3.304900e+02 
    0.000    1.338000  0.000000e+00  3.282082e+02 
    0.000    1.441000  0.000000e+00  3.259060e+02 
    0.000    1.544000  0.000000e+00  3.235825e+02 
    0.000    1.646000  0.000000e+00  3.211634e+02 
    0.000    1.749000  0.000000e+00  3.186319e+02 
    0.000    1.852000  0.000000e+00  3.149086e+02 
    0.000    1.955000  0.000000e+00  3.112470e+02 
    0.000    2.058000  0.000000e+00  3.077410e+02 
    0.000    2.161000  0.000000e+00  3.045808e+02 
    0.000    2.264000  0.000000e+00  3.017700e+02 
    0.000    2.367000  0.000000e+00  3.008349e+02 
    0.000    2.470000  0.000000e+00  2.998532e+02 
    0.000    2.572000  0.000000e+00  2.988518e+02 
    0.000    2.675000  0.000000e+00  2.977837e+02 
    0.000    2.778000  0.000000e+00  2.966720e+02 
    0.000    2.881000  0.000000e+00  2.955081e+02 
    0.000    2.984000  0.000000e+00  2.942762e+02 
    0.000    3.087000  0.000000e+00  2.930338e+02 
    0.000    3.190000  0.000000e+00  2.918123e+02 
    0.000    3.293000  0.000000e+00  2.906046e+02 
    0.000    3.396000  0.000000e+00  2.893803e+02 
    0.000    3.498000  0.000000e+00  2.881577e+02 
    0.000    3.601000  0.000000e+00  2.869193e+02 
    0.000    3.704000  0.000000e+00  2.856726e+02 
    0.000    3.807000  0.000000e+00  2.844278e+02 
    0.000    3.910000  0.000000e+00  2.831790e+02 
    0.000    4.013000  0.000000e+00  2.819345e+02 
    0.000    4.116000  0.000000e+00  2.806913e+02 
    0.000    4.219000  0.000000e+00  2.794472e+02 
    0.000    4.322000  0.000000e+00  2.782115e+02 
    0.000    4.424000  0.000000e+00  2.769859e+02 
    0.000    4.527000  0.000000e+00  2.757580e+02 
    0.000    4.630000  0.000000e+00  2.745443e+02 
    0.000    4.733000  0.000000e+00  2.733456e+02 
    0.000    4.836000  0.000000e+00  2.721634e+02 
    0.000    4.939000  0.000000e+00  2.709913e+02 
    0.000    5.042000  0.000000e+00  2.698274e+02 
    0.000    5.145000  0.000000e+00  2.686789e+02 
    0.000    5.248000  0.000000e+00  2.675399e+02 
    0.000    5.350000  0.000000e+00  2.664223e+02 
    0.000    5.453000  0.000000e+00  2.653144e+02 
    0.000    5.556000  0.000000e+00  2.642259e+02 
    0.000    5.659000  0.000000e+00  2.631582e+02 
    0.000    5.762000  0.000000e+00  2.621120e+02 
    0.000    5.865000  0.000000e+00  2.610858e+02 
    0.000    5.968000  0.000000e+00  2.600820e+02 
    0.000    6.071000  0.000000e+00  2.590946e+02 
    0.000    6.174000  0.000000e+00  2.581229e+02 
    0.000    6.277000  0.000000e+00  2.571710e+02 
    0.000    6.379000  0.000000e+00  2.562450e+02 
    0.000    6.482000  0.000000e+00  2.553299e+02 
    0.000    6.585000  0.000000e+00  2.544361e+02 
    0.000    6.688000  0.000000e+00  2.535666e+02 
    0.000    6.791000  0.000000e+00  2.527187e+02 
    0.000    6.894000  0.000000e+00  2.519032e+02 
    0.000    6.997000  0.000000e+00  2.510485e+02 
    0.000    7.100000  0.000000e+00  2.502480e+02 
    0.000    7.203000  0.000000e+00  2.495578e+02 
    0.000    7.305000  0.000000e+00  2.489658e+02 
    0.000    7.408000  0.000000e+00  2.483983e+02 
    0.000    7.511000  0.000000e+00  2.480156e+02 
    0.000    7.614000  0.000000e+00  2.477839e+02 
    0.000    7.717000  0.000000e+00  2.476173e+02 
    0.000    7.820000  0.000000e+00  2.474605e+02 
    0.000    7.923000  0.000000e+00  2.473239e+02 
    0.000    8.026000  0.000000e+00  2.472000e+02 
    0.000    8.129001  0.000000e+00  2.470832e+02 
    0.000    8.231000  0.000000e+00  2.469518e+02 
    0.000    8.334001  0.000000e+00  2.468150e+02 
    0.000    8.437000  0.000000e+00  2.466650e+02 
    0.000    8.540000  0.000000e+00  2.465148e+02 
    0.000    8.643001  0.000000e+00  2.463360e+02 
    0.000    8.746000  0.000000e+00  2.461160e+02 
    0.000    8.849000  0.000000e+00  2.458709e+02 
    0.000    8.952001  0.000000e+00  2.456339e+02 
    0.000    9.055000  0.000000e+00  2.453299e+02 
    0.000    9.157001  0.000000e+00  2.450380e+02 
    0.000    9.260000  0.000000e+00  2.449137e+02 
    0.000    9.363000  0.000000e+00  2.447938e+02 
    0.000    9.466001  0.000000e+00  2.446784e+02 
    0.000    9.569000  0.000000e+00  2.445759e+02 
    0.000    9.672000  0.000000e+00  2.444827e+02 
    0.000    9.775001  0.000000e+00  2.443993e+02 
    0.000    9.878000  0.000000e+00  2.443341e+02 
    0.000    9.981000  0.000000e+00  2.442823e+02 
    0.000   10.083000  0.000000e+00  2.442365e+02 
    0.000   10.186000  0.000000e+00  2.441873e+02 
    0.000   10.289001  0.000000e+00  2.441368e+02 
    0.000   10.392000  0.000000e+00  2.440841e+02 
    0.000   10.495000  0.000000e+00  2.440234e+02 
    0.000   10.598001  0.000000e+00  2.439577e+02 
    0.000   10.701000  0.000000e+00  2.438906e+02 
    0.000   10.804000  0.000000e+00  2.438235e+02 
    0.000   10.907001  0.000000e+00  2.437568e+02 
    0.000   11.009000  0.000000e+00  2.436893e+02 
    0.000   11.112000  0.000000e+00  2.436145e+02 
    0.000   11.215000  0.000000e+00  2.435353e+02 
    0.000   11.318000  0.000000e+00  2.434538e+02 
    0.000   11.421000  0.000000e+00  2.433687e+02 
    0.000   11.524000  0.000000e+00  2.432814e+02 
    0.000   11.627000  0.000000e+00  2.431935e+02 
    0.000   11.730000  0.000000e+00  2.431079e+02 
    0.000   11.833000  0.000000e+00  2.430244e+02 
    0.000   11.936000  0.000000e+00  2.429423e+02 
    0.000   12.038000  0.000000e+00  2.428620e+02 
    0.000   12.141001  0.000000e+00  2.427820e+02 
    0.000   12.244000  0.000000e+00  2.427031e+02 
    0.000   12.347000  0.000000e+00  2.426238e+02 
    0.000   12.450001  0.000000e+00  2.425441e+02 
    0.000   12.553000  0.000000e+00  2.424646e+02 
    0.000   12.656000  0.000000e+00  2.423857e+02 
    0.000   12.759000  0.000000e+00  2.423074e+02 
    0.000   12.862000  0.000000e+00  2.422297e+02 
    0.000   12.964001  0.000000e+00  2.421543e+02 
    0.000   13.067000  0.000000e+00  2.420804e+02 
    0.000   13.170000  0.000000e+00  2.420083e+02 
    0.000   13.273001  0.000000e+00  2.419382e+02 
    0.000   13.376000  0.000000e+00  2.418708e+02 
    0.000   13.479000  0.000000e+00  2.418057e+02 
    0.000   13.582001  0.000000e+00  2.417422e+02 
    0.000   13.685000  0.000000e+00  2.416804e+02 
    0.000   13.788000  0.000000e+00  2.416198e+02 
    0.000   13.890000  0.000000e+00  2.415610e+02 
    0.000   13.993000  0.000000e+00  2.415045e+02 
    0.000   14.096001  0.000000e+00  2.414509e+02 
    0.000   14.199000  0.000000e+00  2.413992e+02 
    0.000   14.302000  0.000000e+00  2.413500e+02 
    0.000   14.405001  0.000000e+00  2.413034e+02 
    0.000   14.508000  0.000000e+00  2.412589e+02 
    0.000   14.611000  0.000000e+00  2.412155e+02 
    0.000   14.714001  0.000000e+00  2.411715e+02 
    0.000   14.816000  0.000000e+00  2.411277e+02 
    0.000   14.919001  0.000000e+00  2.410839e+02 
    0.000   15.022000  0.000000e+00  2.410397e+02 
    0.000   15.125000  0.000000e+00  2.409955e+02 
    0.000   15.228001  0.000000e+00  2.409515e+02 
    0.000   15.331000  0.000000e+00  2.409086e+02 
    0.000   15.434000  0.000000e+00  2.408673e+02 
    0.000   15.537001  0.000000e+00  2.408273e+02 
    0.000   15.640000  0.000000e+00  2.407875e+02 
    0.000   15.742001  0.000000e+00  2.407455e+02 
    0.000   15.845000  0.000000e+00  2.407011e+02 
    0.000   15.948000  0.000000e+00  2.406559e+02 
    0.000   16.051001  0.000000e+00  2.406078e+02 
    0.000   16.154001  0.000000e+00  2.405568e+02 
    0.000   16.257000  0.000000e+00  2.405040e+02 
    0.000   16.360001  0.000000e+00  2.404504e+02 
    0.000   16.462999  0.000000e+00  2.403969e+02 
    0.000   16.566000  0.000000e+00  2.403435e+02 
    0.000   16.669001  0.000000e+00  2.402901e+02 
    0.000   16.771000  0.000000e+00  2.402396e+02 
    0.000   16.874001  0.000000e+00  2.401908e+02 
    0.000   16.977001  0.000000e+00  2.401434e+02 
    0.000   17.080000  0.000000e+00  2.400980e+02 
    0.000   17.183001  0.000000e+00  2.400554e+02 
    0.000   17.286001  0.000000e+00  2.400150e+02 
    0.000   17.389000  0.000000e+00  2.399761e+02 
    0.000   17.492001  0.000000e+00  2.399389e+02 
    0.000   17.595001  0.000000e+00  2.399030e+02 
    0.000   17.697001  0.000000e+00  2.398686e+02 
    0.000   17.800001  0.000000e+00  2.398345e+02 
    0.000   17.903000  0.000000e+00  2.398005e+02 
    0.000   18.006001  0.000000e+00  2.397668e+02 
    0.000   18.109001  0.000000e+00  2.397335e+02 
    0.000   18.212000  0.000000e+00  2.397002e+02 
    0.000   18.315001  0.000000e+00  2.396669e+02 
    0.000   18.418001  0.000000e+00  2.396338e+02 
    0.000   18.521000  0.000000e+00  2.396010e+02 
    0.000   18.623001  0.000000e+00  2.395690e+02 
    0.000   18.726000  0.000000e+00  2.395372e+02 
    0.000   18.829000  0.000000e+00  2.395059e+02 
    0.000   18.932001  0.000000e+00  2.394745e+02 
    0.000   19.035000  0.000000e+00  2.394427e+02 
    0.000   19.138000  0.000000e+00  2.394108e+02 
    0.000   19.241001  0.000000e+00  2.393788e+02 
    0.000   19.344000  0.000000e+00  2.393464e+02 
    0.000   19.447001  0.000000e+00  2.393136e+02 
    0.000   19.549000  0.000000e+00  2.392809e+02 
    0.000   19.652000  0.000000e+00  2.392478e+02 
    0.000   19.755001  0.000000e+00  2.392155e+02 
    0.000   19.858000  0.000000e+00  2.391839e+02 
    0.000   19.961000  0.000000e+00  2.391530e+02 
    0.000   20.064001  0.000000e+00  2.391225e+02 
    0.000   20.363001  0.000000e+00  2.390402e+02 
    0.000   20.859001  0.000000e+00  2.389188e+02 
    0.000   21.355000  0.000000e+00  2.388091e+02 
    0.000   21.850000  0.000000e+00  2.387117e+02 
    0.000   22.346001  0.000000e+00  2.386144e+02 
    0.000   22.842001  0.000000e+00  2.385175e+02 
    0.000   23.337999  0.000000e+00  2.384332e+02 
    0.000   23.833000  0.000000e+00  2.383686e+02 
    0.000   24.329000  0.000000e+00  2.383224e+02 
    0.000   24.825001  0.000000e+00  2.382878e+02 
    0.000   25.321001  0.000000e+00  2.382692e+02 
    0.000   25.816999  0.000000e+00  2.382646e+02 
    0.000   26.312000  0.000000e+00  2.382698e+02 
    0.000   26.808001  0.000000e+00  2.382837e+02 
    0.000   27.304001  0.000000e+00  2.383009e+02 
    0.000   27.800001  0.000000e+00  2.383192e+02 
    0.000   28.295000  0.000000e+00  2.383416e+02 
    0.000   28.791000  0.000000e+00  2.383714e+02 
    0.000   29.287001  0.000000e+00  2.384109e+02 
    0.000   29.783001  0.000000e+00  2.384587e+02 
    0.000   30.278000  0.000000e+00  2.385123e+02 
    0.000   30.774000  0.000000e+00  2.385657e+02 
    0.000   31.270000  0.000000e+00  2.386182e+02 
    0.000   31.766001  0.000000e+00  2.386705e+02 
    0.000   32.260998  0.000000e+00  2.387239e+02 
    0.000   32.757000  0.000000e+00  2.387792e+02 
    0.000   33.252998  0.000000e+00  2.388381e+02 
    0.000   33.748997  0.000000e+00  2.389008e+02 
    0.000   34.243999  0.000000e+00  2.389664e+02 
    0.000   34.739998  0.000000e+00  2.390307e+02 
    0.000   35.236000  0.000000e+00  2.390919e+02 
    0.000   35.731998  0.000000e+00  2.391490e+02 
    0.000   36.226997  0.000000e+00  2.392023e+02 
    0.000   36.723000  0.000000e+00  2.392518e+02 
    0.000   37.218998  0.000000e+00  2.392979e+02 
    0.000   37.715000  0.000000e+00  2.393419e+02 
    0.000   38.209999  0.000000e+00  2.393842e+02 
    0.000   38.705997  0.000000e+00  2.394271e+02 
    0.000   39.202000  0.000000e+00  2.394709e+02 
    0.000   39.697998  0.000000e+00  2.395175e+02 
    0.000   40.197998  0.000000e+00  2.395684e+02 
    0.000   45.197998  0.000000e+00  2.400187e+02 
    0.000   50.197998  0.000000e+00  2.402420e+02 
    0.000   55.197998  0.000000e+00  2.402410e+02 
    0.000   60.197998  0.000000e+00  2.401724e+02 
    0.000   65.198006  0.000000e+00  2.401203e+02 
