    0.000    0.000000  0.000000e+00  3.481499e+02 
    0.000    0.103000  0.000000e+00  3.475180e+02 
    0.000    0.206000  0.000000e+00  3.462368e+02 
    0.000    0.309000  0.000000e+00  3.449174e+02 
    0.000    0.412000  0.000000e+00  3.434428e+02 
    0.000    0.515000  0.000000e+00  3.419859e+02 
    0.000    0.618000  0.000000e+00  3.405456e+02 
    0.000    0.721000  0.000000e+00  3.389973e+02 
    0.000    0.824000  0.000000e+00  3.376188e+02 
    0.000    0.926000  0.000000e+00  3.361813e+02 
    0.000    1.029000  0.000000e+00  3.346153e+02 
    0.000    1.132000  0.000000e+00  3.330594e+02 
    0.000    1.235000  0.000000e+00  3.313912e+02 
    0.000    1.338000  0.000000e+00  3.297372e+02 
    0.000    1.441000  0.000000e+00  3.280426e+02 
    0.000    1.544000  0.000000e+00  3.262801e+02 
    0.000    1.647000  0.000000e+00  3.248292e+02 
    0.000    1.750000  0.000000e+00  3.234130e+02 
    0.000    1.852000  0.000000e+00  3.218206e+02 
    0.000    1.955000  0.000000e+00  3.201646e+02 
    0.000    2.058000  0.000000e+00  3.184488e+02 
    0.000    2.161000  0.000000e+00  3.165931e+02 
    0.000    2.264000  0.000000e+00  3.143838e+02 
    0.000    2.367000  0.000000e+00  3.130394e+02 
    0.000    2.470000  0.000000e+00  3.116936e+02 
    0.000    2.573000  0.000000e+00  3.103467e+02 
    0.000    2.676000  0.000000e+00  3.089862e+02 
    0.000    2.779000  0.000000e+00  3.075993e+02 
    0.000    2.881000  0.000000e+00  3.062188e+02 
    0.000    2.984000  0.000000e+00  3.048402e+02 
    0.000    3.087000  0.000000e+00  3.034752e+02 
    0.000    3.190000  0.000000e+00  3.021051e+02 
    0.000    3.293000  0.000000e+00  3.007429e+02 
    0.000    3.396000  0.000000e+00  2.994015e+02 
    0.000    3.499000  0.000000e+00  2.980804e+02 
    0.000    3.602000  0.000000e+00  2.967820e+02 
    0.000    3.705000  0.000000e+00  2.955074e+02 
    0.000    3.807000  0.000000e+00  2.942600e+02 
    0.000    3.910000  0.000000e+00  2.929948e+02 
    0.000    4.013000  0.000000e+00  2.917341e+02 
    0.000    4.116000  0.000000e+00  2.904834e+02 
    0.000    4.219000  0.000000e+00  2.892447e+02 
    0.000    4.322000  0.000000e+00  2.880244e+02 
    0.000    4.425000  0.000000e+00  2.868149e+02 
    0.000    4.528000  0.000000e+00  2.856231e+02 
    0.000    4.631000  0.000000e+00  2.844483e+02 
    0.000    4.733000  0.000000e+00  2.832868e+02 
    0.000    4.836000  0.000000e+00  2.821306e+02 
    0.000    4.939000  0.000000e+00  2.809902e+02 
    0.000    5.042000  0.000000e+00  2.798630e+02 
    0.000    5.145000  0.000000e+00  2.787543e+02 
    0.000    5.248000  0.000000e+00  2.776552e+02 
    0.000    5.351000  0.000000e+00  2.765679e+02 
    0.000    5.454000  0.000000e+00  2.754973e+02 
    0.000    5.557000  0.000000e+00  2.744375e+02 
    0.000    5.659000  0.000000e+00  2.734003e+02 
    0.000    5.762000  0.000000e+00  2.723722e+02 
    0.000    5.865000  0.000000e+00  2.713630e+02 
    0.000    5.968000  0.000000e+00  2.703733e+02 
    0.000    6.071000  0.000000e+00  2.694011e+02 
    0.000    6.174000  0.000000e+00  2.684450e+02 
    0.000    6.277000  0.000000e+00  2.675049e+02 
    0.000    6.380000  0.000000e+00  2.665943e+02 
    0.000    6.483000  0.000000e+00  2.657081e+02 
    0.000    6.585000  0.000000e+00  2.648531e+02 
    0.000    6.688000  0.000000e+00  2.640315e+02 
    0.000    6.791000  0.000000e+00  2.632422e+02 
    0.000    6.894000  0.000000e+00  2.625097e+02 
    0.000    6.997000  0.000000e+00  2.618552e+02 
    0.000    7.100000  0.000000e+00  2.612563e+02 
    0.000    7.203000  0.000000e+00  2.607761e+02 
    0.000    7.306000  0.000000e+00  2.604083e+02 
    0.000    7.409000  0.000000e+00  2.601096e+02 
    0.000    7.511000  0.000000e+00  2.599202e+02 
    0.000    7.614000  0.000000e+00  2.598012e+02 
    0.000    7.717000  0.000000e+00  2.597160e+02 
    0.000    7.820000  0.000000e+00  2.596363e+02 
    0.000    7.923000  0.000000e+00  2.595633e+02 
    0.000    8.026000  0.000000e+00  2.594746e+02 
    0.000    8.129000  0.000000e+00  2.593451e+02 
    0.000    8.232000  0.000000e+00  2.591913e+02 
    0.000    8.335000  0.000000e+00  2.590224e+02 
    0.000    8.437000  0.000000e+00  2.588438e+02 
    0.000    8.540000  0.000000e+00  2.586572e+02 
    0.000    8.643000  0.000000e+00  2.584716e+02 
    0.000    8.746000  0.000000e+00  2.582877e+02 
    0.000    8.849000  0.000000e+00  2.581040e+02 
    0.000    8.952000  0.000000e+00  2.579281e+02 
    0.000    9.055000  0.000000e+00  2.577580e+02 
    0.000    9.158000  0.000000e+00  2.575926e+02 
    0.000    9.261000  0.000000e+00  2.574523e+02 
    0.000    9.364000  0.000000e+00  2.573303e+02 
    0.000    9.466000  0.000000e+00  2.572215e+02 
    0.000    9.569000  0.000000e+00  2.571290e+02 
    0.000    9.672000  0.000000e+00  2.570497e+02 
    0.000    9.775000  0.000000e+00  2.569783e+02 
    0.000    9.878000  0.000000e+00  2.569096e+02 
    0.000    9.981000  0.000000e+00  2.568437e+02 
    0.000   10.084000  0.000000e+00  2.567778e+02 
    0.000   10.187000  0.000000e+00  2.567041e+02 
    0.000   10.290000  0.000000e+00  2.566259e+02 
    0.000   10.392000  0.000000e+00  2.565514e+02 
    0.000   10.495000  0.000000e+00  2.564886e+02 
    0.000   10.598000  0.000000e+00  2.564351e+02 
    0.000   10.701000  0.000000e+00  2.563831e+02 
    0.000   10.804000  0.000000e+00  2.563209e+02 
    0.000   10.907000  0.000000e+00  2.562521e+02 
    0.000   11.010000  0.000000e+00  2.561791e+02 
    0.000   11.113000  0.000000e+00  2.560966e+02 
    0.000   11.216000  0.000000e+00  2.560078e+02 
    0.000   11.318000  0.000000e+00  2.559163e+02 
    0.000   11.421000  0.000000e+00  2.558194e+02 
    0.000   11.524000  0.000000e+00  2.557192e+02 
    0.000   11.627000  0.000000e+00  2.556175e+02 
    0.000   11.730000  0.000000e+00  2.555140e+02 
    0.000   11.833000  0.000000e+00  2.554093e+02 
    0.000   11.936000  0.000000e+00  2.553043e+02 
    0.000   12.039000  0.000000e+00  2.552023e+02 
    0.000   12.142000  0.000000e+00  2.551030e+02 
    0.000   12.244000  0.000000e+00  2.550064e+02 
    0.000   12.347000  0.000000e+00  2.549140e+02 
    0.000   12.450000  0.000000e+00  2.548267e+02 
    0.000   12.553000  0.000000e+00  2.547428e+02 
    0.000   12.656000  0.000000e+00  2.546624e+02 
    0.000   12.759000  0.000000e+00  2.545852e+02 
    0.000   12.862000  0.000000e+00  2.545106e+02 
    0.000   12.965000  0.000000e+00  2.544381e+02 
    0.000   13.068000  0.000000e+00  2.543673e+02 
    0.000   13.170000  0.000000e+00  2.542987e+02 
    0.000   13.273000  0.000000e+00  2.542303e+02 
    0.000   13.376000  0.000000e+00  2.541617e+02 
    0.000   13.479000  0.000000e+00  2.540930e+02 
    0.000   13.582000  0.000000e+00  2.540248e+02 
    0.000   13.685000  0.000000e+00  2.539567e+02 
    0.000   13.788000  0.000000e+00  2.538889e+02 
    0.000   13.891000  0.000000e+00  2.538216e+02 
    0.000   13.994000  0.000000e+00  2.537566e+02 
    0.000   14.096000  0.000000e+00  2.536947e+02 
    0.000   14.199000  0.000000e+00  2.536339e+02 
    0.000   14.302000  0.000000e+00  2.535757e+02 
    0.000   14.405000  0.000000e+00  2.535207e+02 
    0.000   14.508000  0.000000e+00  2.534682e+02 
    0.000   14.611000  0.000000e+00  2.534171e+02 
    0.000   14.714000  0.000000e+00  2.533663e+02 
    0.000   14.817000  0.000000e+00  2.533159e+02 
    0.000   14.920000  0.000000e+00  2.532662e+02 
    0.000   15.023000  0.000000e+00  2.532167e+02 
    0.000   15.125000  0.000000e+00  2.531679e+02 
    0.000   15.228000  0.000000e+00  2.531192e+02 
    0.000   15.331000  0.000000e+00  2.530704e+02 
    0.000   15.434000  0.000000e+00  2.530212e+02 
    0.000   15.537000  0.000000e+00  2.529718e+02 
    0.000   15.640000  0.000000e+00  2.529224e+02 
    0.000   15.743000  0.000000e+00  2.528722e+02 
    0.000   15.846000  0.000000e+00  2.528215e+02 
    0.000   15.948999  0.000000e+00  2.527708e+02 
    0.000   16.051001  0.000000e+00  2.527230e+02 
    0.000   16.153999  0.000000e+00  2.526776e+02 
    0.000   16.257000  0.000000e+00  2.526344e+02 
    0.000   16.360001  0.000000e+00  2.525921e+02 
    0.000   16.462999  0.000000e+00  2.525496e+02 
    0.000   16.566000  0.000000e+00  2.525068e+02 
    0.000   16.669001  0.000000e+00  2.524644e+02 
    0.000   16.771999  0.000000e+00  2.524205e+02 
    0.000   16.875000  0.000000e+00  2.523754e+02 
    0.000   16.976999  0.000000e+00  2.523299e+02 
    0.000   17.080000  0.000000e+00  2.522839e+02 
    0.000   17.183001  0.000000e+00  2.522380e+02 
    0.000   17.285999  0.000000e+00  2.521921e+02 
    0.000   17.389000  0.000000e+00  2.521463e+02 
    0.000   17.492001  0.000000e+00  2.521006e+02 
    0.000   17.594999  0.000000e+00  2.520549e+02 
    0.000   17.698000  0.000000e+00  2.520092e+02 
    0.000   17.801001  0.000000e+00  2.519638e+02 
    0.000   17.903000  0.000000e+00  2.519194e+02 
    0.000   18.006001  0.000000e+00  2.518751e+02 
    0.000   18.108999  0.000000e+00  2.518313e+02 
    0.000   18.212000  0.000000e+00  2.517890e+02 
    0.000   18.315001  0.000000e+00  2.517485e+02 
    0.000   18.417999  0.000000e+00  2.517094e+02 
    0.000   18.521000  0.000000e+00  2.516714e+02 
    0.000   18.624001  0.000000e+00  2.516348e+02 
    0.000   18.726999  0.000000e+00  2.515994e+02 
    0.000   18.829000  0.000000e+00  2.515653e+02 
    0.000   18.931999  0.000000e+00  2.515319e+02 
    0.000   19.035000  0.000000e+00  2.514995e+02 
    0.000   19.138000  0.000000e+00  2.514680e+02 
    0.000   19.240999  0.000000e+00  2.514373e+02 
    0.000   19.344000  0.000000e+00  2.514069e+02 
    0.000   19.447001  0.000000e+00  2.513765e+02 
    0.000   19.549999  0.000000e+00  2.513465e+02 
    0.000   19.653000  0.000000e+00  2.513167e+02 
    0.000   19.756001  0.000000e+00  2.512859e+02 
    0.000   19.858000  0.000000e+00  2.512541e+02 
    0.000   19.961000  0.000000e+00  2.512213e+02 
    0.000   20.063999  0.000000e+00  2.511880e+02 
    0.000   20.364000  0.000000e+00  2.510887e+02 
    0.000   20.858999  0.000000e+00  2.509348e+02 
    0.000   21.355000  0.000000e+00  2.508076e+02 
    0.000   21.851000  0.000000e+00  2.507020e+02 
    0.000   22.347000  0.000000e+00  2.506049e+02 
    0.000   22.841999  0.000000e+00  2.505102e+02 
    0.000   23.337999  0.000000e+00  2.504168e+02 
    0.000   23.834000  0.000000e+00  2.503351e+02 
    0.000   24.330000  0.000000e+00  2.502792e+02 
    0.000   24.825001  0.000000e+00  2.502501e+02 
    0.000   25.320999  0.000000e+00  2.502391e+02 
    0.000   25.816999  0.000000e+00  2.502299e+02 
    0.000   26.313000  0.000000e+00  2.502160e+02 
    0.000   26.808001  0.000000e+00  2.502120e+02 
    0.000   27.304001  0.000000e+00  2.502226e+02 
    0.000   27.799999  0.000000e+00  2.502439e+02 
    0.000   28.296000  0.000000e+00  2.502724e+02 
    0.000   28.791000  0.000000e+00  2.503100e+02 
    0.000   29.287001  0.000000e+00  2.503498e+02 
    0.000   29.783001  0.000000e+00  2.503920e+02 
    0.000   30.278999  0.000000e+00  2.504397e+02 
    0.000   30.774000  0.000000e+00  2.504942e+02 
    0.000   31.270000  0.000000e+00  2.505515e+02 
    0.000   31.766001  0.000000e+00  2.506073e+02 
    0.000   32.262001  0.000000e+00  2.506622e+02 
    0.000   32.757000  0.000000e+00  2.507167e+02 
    0.000   33.252998  0.000000e+00  2.507708e+02 
    0.000   33.749001  0.000000e+00  2.508255e+02 
    0.000   34.244999  0.000000e+00  2.508815e+02 
    0.000   34.740002  0.000000e+00  2.509411e+02 
    0.000   35.236000  0.000000e+00  2.510040e+02 
    0.000   35.731998  0.000000e+00  2.510657e+02 
    0.000   36.228001  0.000000e+00  2.511252e+02 
    0.000   36.723000  0.000000e+00  2.511778e+02 
    0.000   37.219002  0.000000e+00  2.512247e+02 
    0.000   37.715000  0.000000e+00  2.512679e+02 
    0.000   38.210999  0.000000e+00  2.513084e+02 
    0.000   38.706001  0.000000e+00  2.513498e+02 
    0.000   39.202000  0.000000e+00  2.513931e+02 
    0.000   39.698002  0.000000e+00  2.514392e+02 
    0.000   40.198002  0.000000e+00  2.514889e+02 
    0.000   45.198002  0.000000e+00  2.519366e+02 
    0.000   50.198002  0.000000e+00  2.521593e+02 
    0.000   55.198002  0.000000e+00  2.521533e+02 
    0.000   60.198002  0.000000e+00  2.520866e+02 
    0.000   65.197998  0.000000e+00  2.520340e+02 
