   67.089    0.000000  2.536985e+02  4.002057e+01 
   67.089    0.103000  2.551429e+02  4.023837e+01 
   67.089    0.206000  2.565798e+02  4.048499e+01 
   67.089    0.309000  2.618291e+02  4.175588e+01 
   67.089    0.412000  2.669432e+02  4.298809e+01 
   67.089    0.515000  2.719263e+02  4.417786e+01 
   67.089    0.618000  2.765028e+02  4.525409e+01 
   67.089    0.721000  2.804050e+02  4.615299e+01 
   67.089    0.823000  2.834436e+02  4.683352e+01 
   67.089    0.926000  2.856962e+02  4.731769e+01 
   67.089    1.029000  2.879082e+02  4.779282e+01 
   67.089    1.132000  2.900575e+02  4.825297e+01 
   67.089    1.235000  2.921403e+02  4.869541e+01 
   67.089    1.338000  2.941530e+02  4.911761e+01 
   67.089    1.441000  2.960974e+02  4.952216e+01 
   67.089    1.544000  2.976577e+02  4.983577e+01 
   67.089    1.647000  2.992077e+02  5.015112e+01 
   67.089    1.749000  3.007336e+02  5.046445e+01 
   67.089    1.852000  3.022690e+02  5.078126e+01 
   67.089    1.955000  3.665249e+02  5.966942e+01 
   67.089    2.058000  3.712206e+02  6.047041e+01 
   67.089    2.161000  3.730565e+02  6.073592e+01 
   67.089    2.264000  3.748742e+02  6.100932e+01 
   67.089    2.367000  3.766692e+02  6.128799e+01 
   67.089    2.470000  3.784459e+02  6.157000e+01 
   67.089    2.573000  3.802099e+02  6.185405e+01 
   67.089    2.675000  3.819454e+02  6.213658e+01 
   67.089    2.778000  3.836906e+02  6.242239e+01 
   67.089    2.881000  3.854263e+02  6.270844e+01 
   67.089    2.984000  3.871492e+02  6.299447e+01 
   67.089    3.087000  3.888587e+02  6.328020e+01 
   67.089    3.190000  3.905557e+02  6.356539e+01 
   67.089    3.293000  3.922411e+02  6.384983e+01 
   67.089    3.396000  3.939158e+02  6.413333e+01 
   67.089    3.499000  3.955798e+02  6.441575e+01 
   67.089    3.601000  3.972216e+02  6.469412e+01 
   67.089    3.704000  3.988772e+02  6.497374e+01 
   67.089    3.807000  4.005327e+02  6.525174e+01 
   67.089    3.910000  4.021930e+02  6.552798e+01 
   67.089    4.013000  4.038601e+02  6.580244e+01 
   67.089    4.116000  4.055297e+02  6.607512e+01 
   67.089    4.219000  4.071963e+02  6.634604e+01 
   67.089    4.322000  4.088557e+02  6.661519e+01 
   67.089    4.425000  4.105010e+02  6.688261e+01 
   67.089    4.528000  4.121258e+02  6.714833e+01 
   67.089    4.630000  4.137123e+02  6.740971e+01 
   67.089    4.733000  4.152936e+02  6.767178e+01 
   67.089    4.836000  4.168515e+02  6.793196e+01 
   67.089    4.939000  4.183846e+02  6.819020e+01 
   67.089    5.042000  4.198918e+02  6.844649e+01 
   67.089    5.145000  4.213696e+02  6.870078e+01 
   67.089    5.248000  4.228175e+02  6.895305e+01 
   67.089    5.351000  4.242338e+02  6.920329e+01 
   67.089    5.454000  4.256178e+02  6.945146e+01 
   67.089    5.556000  4.269584e+02  6.969516e+01 
   67.089    5.659000  4.282806e+02  6.993916e+01 
   67.089    5.762000  4.295734e+02  7.018103e+01 
   67.089    5.865000  4.308396e+02  7.042078e+01 
   67.089    5.968000  4.320787e+02  7.065839e+01 
   67.089    6.071000  4.332941e+02  7.089381e+01 
   67.089    6.174000  4.344914e+02  7.112695e+01 
   67.089    6.277000  4.356732e+02  7.135773e+01 
   67.089    6.380000  4.368442e+02  7.158606e+01 
   67.089    6.482000  4.379952e+02  7.180972e+01 
   67.089    6.585000  4.391515e+02  7.203299e+01 
   67.089    6.688000  4.403056e+02  7.225359e+01 
   67.089    6.791000  4.414570e+02  7.247148e+01 
   67.089    6.894000  4.425990e+02  7.268668e+01 
   67.089    6.997000  4.437231e+02  7.289913e+01 
   67.089    7.100000  4.448202e+02  7.310884e+01 
   67.089    7.203000  4.458704e+02  7.331567e+01 
   67.089    7.306000  4.468567e+02  7.351942e+01 
   67.089    7.408000  4.477674e+02  7.371806e+01 
   67.089    7.511000  4.486184e+02  7.391540e+01 
   67.089    7.614000  4.493936e+02  7.410941e+01 
   67.089    7.717000  4.501122e+02  7.430019e+01 
   67.089    7.820000  4.508072e+02  7.448791e+01 
   67.089    7.923000  4.514822e+02  7.467267e+01 
   67.089    8.026000  4.521446e+02  7.485462e+01 
   67.089    8.129000  4.528035e+02  7.503401e+01 
   67.089    8.232000  4.534582e+02  7.521090e+01 
   67.089    8.334001  4.540961e+02  7.538351e+01 
   67.089    8.437000  4.547241e+02  7.555523e+01 
   67.089    8.540000  4.553357e+02  7.572434e+01 
   67.089    8.643001  4.559327e+02  7.589078e+01 
   67.089    8.746000  4.565162e+02  7.605451e+01 
   67.089    8.849000  4.570858e+02  7.621555e+01 
   67.089    8.952001  4.576453e+02  7.637385e+01 
   67.089    9.055000  4.581972e+02  7.652943e+01 
   67.089    9.158000  4.587407e+02  7.668228e+01 
   67.089    9.260000  4.592696e+02  7.683092e+01 
   67.089    9.363000  4.597938e+02  7.697824e+01 
   67.089    9.466001  4.603084e+02  7.712289e+01 
   67.089    9.569000  4.608140e+02  7.726499e+01 
   67.089    9.672000  4.613107e+02  7.740462e+01 
   67.089    9.775001  4.617970e+02  7.754177e+01 
   67.089    9.878000  4.622707e+02  7.767651e+01 
   67.089    9.981000  4.627312e+02  7.780888e+01 
   67.089   10.084001  4.632134e+02  7.793877e+01 
   67.089   10.186000  4.636826e+02  7.806526e+01 
   67.089   10.289001  4.641487e+02  7.819090e+01 
   67.089   10.392000  4.646078e+02  7.831448e+01 
   67.089   10.495000  4.650607e+02  7.843603e+01 
   67.089   10.598001  4.655077e+02  7.855556e+01 
   67.089   10.701000  4.659477e+02  7.867314e+01 
   67.089   10.804000  4.663799e+02  7.878893e+01 
   67.089   10.907001  4.668043e+02  7.890296e+01 
   67.089   11.010000  4.672221e+02  7.901531e+01 
   67.089   11.113000  4.676350e+02  7.912608e+01 
   67.089   11.215000  4.680395e+02  7.923425e+01 
   67.089   11.318000  4.684433e+02  7.934196e+01 
   67.089   11.421000  4.688423e+02  7.944819e+01 
   67.089   11.524000  4.692365e+02  7.955297e+01 
   67.089   11.627000  4.696256e+02  7.965630e+01 
   67.089   11.730000  4.700093e+02  7.975823e+01 
   67.089   11.833000  4.703875e+02  7.985878e+01 
   67.089   11.936000  4.707604e+02  7.995795e+01 
   67.089   12.039001  4.711281e+02  8.005576e+01 
   67.089   12.141000  4.714872e+02  8.015128e+01 
   67.089   12.244000  4.718449e+02  8.024642e+01 
   67.089   12.347000  4.721976e+02  8.034021e+01 
   67.089   12.450000  4.725454e+02  8.043268e+01 
   67.089   12.553000  4.728883e+02  8.052380e+01 
   67.089   12.656000  4.732263e+02  8.061357e+01 
   67.089   12.759000  4.735598e+02  8.070200e+01 
   67.089   12.862000  4.738889e+02  8.078907e+01 
   67.089   12.965000  4.742141e+02  8.087478e+01 
   67.089   13.067000  4.745322e+02  8.095830e+01 
   67.089   13.170000  4.748495e+02  8.104128e+01 
   67.089   13.273000  4.751631e+02  8.112291e+01 
   67.089   13.376000  4.754730e+02  8.120320e+01 
   67.089   13.479000  4.757794e+02  8.128218e+01 
   67.089   13.582000  4.760821e+02  8.135984e+01 
   67.089   13.685000  4.763814e+02  8.143623e+01 
   67.089   13.788000  4.766773e+02  8.151134e+01 
   67.089   13.891000  4.769699e+02  8.158517e+01 
   67.089   13.993000  4.772563e+02  8.165705e+01 
   67.089   14.096000  4.775425e+02  8.172836e+01 
   67.089   14.199000  4.778254e+02  8.179843e+01 
   67.089   14.302000  4.781052e+02  8.186726e+01 
   67.089   14.405000  4.783819e+02  8.193488e+01 
   67.089   14.508000  4.786555e+02  8.200131e+01 
   67.089   14.611000  4.789259e+02  8.206658e+01 
   67.089   14.714000  4.791931e+02  8.213074e+01 
   67.089   14.817000  4.794573e+02  8.219384e+01 
   67.089   14.919001  4.797158e+02  8.225527e+01 
   67.089   15.022000  4.799736e+02  8.231628e+01 
   67.089   15.125000  4.802283e+02  8.237631e+01 
   67.089   15.228001  4.804799e+02  8.243537e+01 
   67.089   15.331000  4.807284e+02  8.249348e+01 
   67.089   15.434000  4.809739e+02  8.255066e+01 
   67.089   15.537000  4.812164e+02  8.260693e+01 
   67.089   15.640000  4.814559e+02  8.266228e+01 
   67.089   15.743000  4.816925e+02  8.271674e+01 
   67.089   15.846000  4.819263e+02  8.277032e+01 
   67.089   15.948001  4.821551e+02  8.282249e+01 
   67.089   16.050999  4.823836e+02  8.287428e+01 
   67.089   16.153999  4.826097e+02  8.292516e+01 
   67.089   16.257000  4.828333e+02  8.297514e+01 
   67.089   16.359999  4.830545e+02  8.302423e+01 
   67.089   16.462999  4.832734e+02  8.307246e+01 
   67.089   16.566000  4.834900e+02  8.311986e+01 
   67.089   16.668999  4.837044e+02  8.316640e+01 
   67.089   16.771999  4.839167e+02  8.321210e+01 
   67.089   16.873999  4.841250e+02  8.325649e+01 
   67.089   16.976999  4.843334e+02  8.330049e+01 
   67.089   17.080000  4.845400e+02  8.334360e+01 
   67.089   17.182999  4.847452e+02  8.338577e+01 
   67.089   17.285999  4.849489e+02  8.342704e+01 
   67.089   17.389000  4.851512e+02  8.346739e+01 
   67.089   17.491999  4.853522e+02  8.350680e+01 
   67.089   17.594999  4.855522e+02  8.354529e+01 
   67.089   17.698000  4.857509e+02  8.358286e+01 
   67.089   17.799999  4.859463e+02  8.361919e+01 
   67.089   17.903000  4.861423e+02  8.365507e+01 
   67.089   18.005999  4.863369e+02  8.369014e+01 
   67.089   18.108999  4.865300e+02  8.372442e+01 
   67.089   18.212000  4.867214e+02  8.375798e+01 
   67.089   18.314999  4.869111e+02  8.379086e+01 
   67.089   18.417999  4.870990e+02  8.382307e+01 
   67.089   18.521000  4.872852e+02  8.385459e+01 
   67.089   18.623999  4.874698e+02  8.388542e+01 
   67.089   18.726000  4.876512e+02  8.391527e+01 
   67.089   18.828999  4.878328e+02  8.394473e+01 
   67.089   18.931999  4.880129e+02  8.397350e+01 
   67.089   19.035000  4.881917e+02  8.400159e+01 
   67.089   19.137999  4.883694e+02  8.402899e+01 
   67.089   19.240999  4.885457e+02  8.405573e+01 
   67.089   19.344000  4.887207e+02  8.408183e+01 
   67.089   19.446999  4.888944e+02  8.410734e+01 
   67.089   19.549999  4.890669e+02  8.413224e+01 
   67.089   19.651999  4.892363e+02  8.415632e+01 
   67.089   19.754999  4.894060e+02  8.418008e+01 
   67.089   19.858000  4.895743e+02  8.420330e+01 
   67.089   19.960999  4.897414e+02  8.422599e+01 
   67.089   20.063999  4.899075e+02  8.424805e+01 
   67.089   20.362999  4.903844e+02  8.430867e+01 
   67.089   20.858999  4.911527e+02  8.439977e+01 
   67.089   21.355000  4.918929e+02  8.447967e+01 
   67.089   21.851000  4.926067e+02  8.454896e+01 
   67.089   22.345999  4.932876e+02  8.461006e+01 
   67.089   22.841999  4.939318e+02  8.466622e+01 
   67.089   23.337999  4.945337e+02  8.471914e+01 
   67.089   23.834000  4.950944e+02  8.476920e+01 
   67.089   24.328999  4.956182e+02  8.481558e+01 
   67.089   24.824999  4.961117e+02  8.485792e+01 
   67.089   25.320999  4.965739e+02  8.489666e+01 
   67.089   25.816999  4.970054e+02  8.493260e+01 
   67.089   26.311998  4.974074e+02  8.496588e+01 
   67.089   26.807999  4.977847e+02  8.499638e+01 
   67.089   27.303999  4.981382e+02  8.502402e+01 
   67.089   27.799999  4.984685e+02  8.504916e+01 
   67.089   28.295000  4.987760e+02  8.507199e+01 
   67.089   28.790998  4.990646e+02  8.509267e+01 
   67.089   29.286999  4.993367e+02  8.511121e+01 
   67.089   29.782999  4.995953e+02  8.512754e+01 
   67.089   30.278000  4.998418e+02  8.514170e+01 
   67.089   30.774000  5.000788e+02  8.515394e+01 
   67.089   31.269999  5.003076e+02  8.516442e+01 
   67.089   31.765999  5.005296e+02  8.517331e+01 
   67.089   32.261002  5.007467e+02  8.518075e+01 
   67.089   32.757000  5.009616e+02  8.518698e+01 
   67.089   33.253002  5.011754e+02  8.519222e+01 
   67.089   33.749001  5.013898e+02  8.519670e+01 
   67.089   34.243999  5.016055e+02  8.520059e+01 
   67.089   34.740002  5.018249e+02  8.520404e+01 
   67.089   35.236000  5.020488e+02  8.520714e+01 
   67.089   35.732002  5.022781e+02  8.520996e+01 
   67.089   36.227001  5.025128e+02  8.521256e+01 
   67.089   36.723000  5.027539e+02  8.521497e+01 
   67.089   37.219002  5.030003e+02  8.521723e+01 
   67.089   37.715000  5.032506e+02  8.521936e+01 
   67.089   38.210003  5.035029e+02  8.522138e+01 
   67.089   38.706001  5.037563e+02  8.522335e+01 
   67.089   39.202000  5.040083e+02  8.522529e+01 
   67.089   39.698002  5.042568e+02  8.522723e+01 
   67.089   40.198002  5.044985e+02  8.522983e+01 
   67.089   45.198002  5.063844e+02  8.525977e+01 
   67.089   50.198002  5.070942e+02  8.528201e+01 
   67.089   55.198002  5.073470e+02  8.529623e+01 
   67.089   60.198002  5.081273e+02  8.530495e+01 
   67.089   65.197998  5.093734e+02  8.531019e+01 
