    0.000    0.000000  0.000000e+00  3.490128e+02 
    0.000    0.103000  0.000000e+00  3.481143e+02 
    0.000    0.206000  0.000000e+00  3.468572e+02 
    0.000    0.309000  0.000000e+00  3.455325e+02 
    0.000    0.412000  0.000000e+00  3.439939e+02 
    0.000    0.515000  0.000000e+00  3.424382e+02 
    0.000    0.618000  0.000000e+00  3.408459e+02 
    0.000    0.721000  0.000000e+00  3.392369e+02 
    0.000    0.824000  0.000000e+00  3.376461e+02 
    0.000    0.926000  0.000000e+00  3.360247e+02 
    0.000    1.029000  0.000000e+00  3.344524e+02 
    0.000    1.132000  0.000000e+00  3.329809e+02 
    0.000    1.235000  0.000000e+00  3.313512e+02 
    0.000    1.338000  0.000000e+00  3.299090e+02 
    0.000    1.441000  0.000000e+00  3.283652e+02 
    0.000    1.544000  0.000000e+00  3.266684e+02 
    0.000    1.647000  0.000000e+00  3.248971e+02 
    0.000    1.750000  0.000000e+00  3.234219e+02 
    0.000    1.852000  0.000000e+00  3.222769e+02 
    0.000    1.955000  0.000000e+00  3.211056e+02 
    0.000    2.058000  0.000000e+00  3.198479e+02 
    0.000    2.161000  0.000000e+00  3.183297e+02 
    0.000    2.264000  0.000000e+00  3.168107e+02 
    0.000    2.367000  0.000000e+00  3.153625e+02 
    0.000    2.470000  0.000000e+00  3.139682e+02 
    0.000    2.573000  0.000000e+00  3.126187e+02 
    0.000    2.676000  0.000000e+00  3.112564e+02 
    0.000    2.778000  0.000000e+00  3.098657e+02 
    0.000    2.881000  0.000000e+00  3.084709e+02 
    0.000    2.984000  0.000000e+00  3.071060e+02 
    0.000    3.087000  0.000000e+00  3.057573e+02 
    0.000    3.190000  0.000000e+00  3.043971e+02 
    0.000    3.293000  0.000000e+00  3.030399e+02 
    0.000    3.396000  0.000000e+00  3.016878e+02 
    0.000    3.499000  0.000000e+00  3.003464e+02 
    0.000    3.602000  0.000000e+00  2.990233e+02 
    0.000    3.704000  0.000000e+00  2.977298e+02 
    0.000    3.807000  0.000000e+00  2.964413e+02 
    0.000    3.910000  0.000000e+00  2.951430e+02 
    0.000    4.013000  0.000000e+00  2.938450e+02 
    0.000    4.116000  0.000000e+00  2.925552e+02 
    0.000    4.219000  0.000000e+00  2.912771e+02 
    0.000    4.322000  0.000000e+00  2.900153e+02 
    0.000    4.425000  0.000000e+00  2.887695e+02 
    0.000    4.528000  0.000000e+00  2.875449e+02 
    0.000    4.631000  0.000000e+00  2.863360e+02 
    0.000    4.733000  0.000000e+00  2.851338e+02 
    0.000    4.836000  0.000000e+00  2.839345e+02 
    0.000    4.939000  0.000000e+00  2.827464e+02 
    0.000    5.042000  0.000000e+00  2.815671e+02 
    0.000    5.145000  0.000000e+00  2.804050e+02 
    0.000    5.248000  0.000000e+00  2.792582e+02 
    0.000    5.351000  0.000000e+00  2.781300e+02 
    0.000    5.454000  0.000000e+00  2.770215e+02 
    0.000    5.557000  0.000000e+00  2.759248e+02 
    0.000    5.659000  0.000000e+00  2.748530e+02 
    0.000    5.762000  0.000000e+00  2.737942e+02 
    0.000    5.865000  0.000000e+00  2.727601e+02 
    0.000    5.968000  0.000000e+00  2.717503e+02 
    0.000    6.071000  0.000000e+00  2.707683e+02 
    0.000    6.174000  0.000000e+00  2.698132e+02 
    0.000    6.277000  0.000000e+00  2.688834e+02 
    0.000    6.380000  0.000000e+00  2.679725e+02 
    0.000    6.483000  0.000000e+00  2.670807e+02 
    0.000    6.585000  0.000000e+00  2.662184e+02 
    0.000    6.688000  0.000000e+00  2.653802e+02 
    0.000    6.791000  0.000000e+00  2.645680e+02 
    0.000    6.894000  0.000000e+00  2.638178e+02 
    0.000    6.997000  0.000000e+00  2.631498e+02 
    0.000    7.100000  0.000000e+00  2.625388e+02 
    0.000    7.203000  0.000000e+00  2.620429e+02 
    0.000    7.306000  0.000000e+00  2.616490e+02 
    0.000    7.409000  0.000000e+00  2.613219e+02 
    0.000    7.511000  0.000000e+00  2.611151e+02 
    0.000    7.614000  0.000000e+00  2.609853e+02 
    0.000    7.717000  0.000000e+00  2.608953e+02 
    0.000    7.820000  0.000000e+00  2.608268e+02 
    0.000    7.923000  0.000000e+00  2.607755e+02 
    0.000    8.026000  0.000000e+00  2.607106e+02 
    0.000    8.129001  0.000000e+00  2.606102e+02 
    0.000    8.232000  0.000000e+00  2.602821e+02 
    0.000    8.335000  0.000000e+00  2.464249e+02 
    0.000    8.437000  0.000000e+00  2.453028e+02 
    0.000    8.540000  0.000000e+00  2.450747e+02 
    0.000    8.643001  0.000000e+00  2.448141e+02 
    0.000    8.746000  0.000000e+00  2.446710e+02 
    0.000    8.849000  0.000000e+00  2.445262e+02 
    0.000    8.952001  0.000000e+00  2.443852e+02 
    0.000    9.055000  0.000000e+00  2.442466e+02 
    0.000    9.158000  0.000000e+00  2.441117e+02 
    0.000    9.261001  0.000000e+00  2.439985e+02 
    0.000    9.363001  0.000000e+00  2.439019e+02 
    0.000    9.466001  0.000000e+00  2.438140e+02 
    0.000    9.569000  0.000000e+00  2.437367e+02 
    0.000    9.672001  0.000000e+00  2.436675e+02 
    0.000    9.775001  0.000000e+00  2.436055e+02 
    0.000    9.878000  0.000000e+00  2.435519e+02 
    0.000    9.981001  0.000000e+00  2.435047e+02 
    0.000   10.084001  0.000000e+00  2.434578e+02 
    0.000   10.187000  0.000000e+00  2.434032e+02 
    0.000   10.289001  0.000000e+00  2.433448e+02 
    0.000   10.392000  0.000000e+00  2.432882e+02 
    0.000   10.495001  0.000000e+00  2.432402e+02 
    0.000   10.598001  0.000000e+00  2.431987e+02 
    0.000   10.701000  0.000000e+00  2.431572e+02 
    0.000   10.804001  0.000000e+00  2.431067e+02 
    0.000   10.907001  0.000000e+00  2.430508e+02 
    0.000   11.010000  0.000000e+00  2.429899e+02 
    0.000   11.113001  0.000000e+00  2.429192e+02 
    0.000   11.216001  0.000000e+00  2.428419e+02 
    0.000   11.318001  0.000000e+00  2.427616e+02 
    0.000   11.421000  0.000000e+00  2.426764e+02 
    0.000   11.524000  0.000000e+00  2.425885e+02 
    0.000   11.627001  0.000000e+00  2.424990e+02 
    0.000   11.730000  0.000000e+00  2.424076e+02 
    0.000   11.833000  0.000000e+00  2.423148e+02 
    0.000   11.936001  0.000000e+00  2.422216e+02 
    0.000   12.039001  0.000000e+00  2.421284e+02 
    0.000   12.142000  0.000000e+00  2.420355e+02 
    0.000   12.244000  0.000000e+00  2.419437e+02 
    0.000   12.347000  0.000000e+00  2.418560e+02 
    0.000   12.450001  0.000000e+00  2.417730e+02 
    0.000   12.553000  0.000000e+00  2.416928e+02 
    0.000   12.656000  0.000000e+00  2.416165e+02 
    0.000   12.759001  0.000000e+00  2.415440e+02 
    0.000   12.862000  0.000000e+00  2.414742e+02 
    0.000   12.965000  0.000000e+00  2.414072e+02 
    0.000   13.068001  0.000000e+00  2.413430e+02 
    0.000   13.170000  0.000000e+00  2.412818e+02 
    0.000   13.273001  0.000000e+00  2.412214e+02 
    0.000   13.376000  0.000000e+00  2.411619e+02 
    0.000   13.479000  0.000000e+00  2.411033e+02 
    0.000   13.582001  0.000000e+00  2.410455e+02 
    0.000   13.685000  0.000000e+00  2.409875e+02 
    0.000   13.788000  0.000000e+00  2.409296e+02 
    0.000   13.891001  0.000000e+00  2.408719e+02 
    0.000   13.994000  0.000000e+00  2.408160e+02 
    0.000   14.096001  0.000000e+00  2.407621e+02 
    0.000   14.199000  0.000000e+00  2.407090e+02 
    0.000   14.302000  0.000000e+00  2.406578e+02 
    0.000   14.405001  0.000000e+00  2.406089e+02 
    0.000   14.508000  0.000000e+00  2.405617e+02 
    0.000   14.611000  0.000000e+00  2.405154e+02 
    0.000   14.714001  0.000000e+00  2.404686e+02 
    0.000   14.817000  0.000000e+00  2.404217e+02 
    0.000   14.920000  0.000000e+00  2.403751e+02 
    0.000   15.022000  0.000000e+00  2.403289e+02 
    0.000   15.125000  0.000000e+00  2.402822e+02 
    0.000   15.228001  0.000000e+00  2.402360e+02 
    0.000   15.331000  0.000000e+00  2.401889e+02 
    0.000   15.434000  0.000000e+00  2.401404e+02 
    0.000   15.537001  0.000000e+00  2.400911e+02 
    0.000   15.640000  0.000000e+00  2.400421e+02 
    0.000   15.743000  0.000000e+00  2.399953e+02 
    0.000   15.846001  0.000000e+00  2.399505e+02 
    0.000   15.949000  0.000000e+00  2.399069e+02 
    0.000   16.050999  0.000000e+00  2.398659e+02 
    0.000   16.153999  0.000000e+00  2.398265e+02 
    0.000   16.257000  0.000000e+00  2.397888e+02 
    0.000   16.359999  0.000000e+00  2.397507e+02 
    0.000   16.462999  0.000000e+00  2.397100e+02 
    0.000   16.566000  0.000000e+00  2.396673e+02 
    0.000   16.668999  0.000000e+00  2.396237e+02 
    0.000   16.771999  0.000000e+00  2.395797e+02 
    0.000   16.875000  0.000000e+00  2.395355e+02 
    0.000   16.976999  0.000000e+00  2.394915e+02 
    0.000   17.080000  0.000000e+00  2.394472e+02 
    0.000   17.182999  0.000000e+00  2.394030e+02 
    0.000   17.285999  0.000000e+00  2.393590e+02 
    0.000   17.389000  0.000000e+00  2.393152e+02 
    0.000   17.491999  0.000000e+00  2.392717e+02 
    0.000   17.594999  0.000000e+00  2.392286e+02 
    0.000   17.698000  0.000000e+00  2.391858e+02 
    0.000   17.800999  0.000000e+00  2.391438e+02 
    0.000   17.903000  0.000000e+00  2.391034e+02 
    0.000   18.005999  0.000000e+00  2.390638e+02 
    0.000   18.108999  0.000000e+00  2.390250e+02 
    0.000   18.212000  0.000000e+00  2.389879e+02 
    0.000   18.314999  0.000000e+00  2.389524e+02 
    0.000   18.417999  0.000000e+00  2.389182e+02 
    0.000   18.521000  0.000000e+00  2.388850e+02 
    0.000   18.623999  0.000000e+00  2.388526e+02 
    0.000   18.726999  0.000000e+00  2.388209e+02 
    0.000   18.828999  0.000000e+00  2.387902e+02 
    0.000   18.931999  0.000000e+00  2.387599e+02 
    0.000   19.035000  0.000000e+00  2.387305e+02 
    0.000   19.137999  0.000000e+00  2.387018e+02 
    0.000   19.240999  0.000000e+00  2.386738e+02 
    0.000   19.344000  0.000000e+00  2.386455e+02 
    0.000   19.446999  0.000000e+00  2.386165e+02 
    0.000   19.549999  0.000000e+00  2.385872e+02 
    0.000   19.653000  0.000000e+00  2.385580e+02 
    0.000   19.754999  0.000000e+00  2.385282e+02 
    0.000   19.858000  0.000000e+00  2.384974e+02 
    0.000   19.960999  0.000000e+00  2.384662e+02 
    0.000   20.063999  0.000000e+00  2.384347e+02 
    0.000   20.362999  0.000000e+00  2.383438e+02 
    0.000   20.858999  0.000000e+00  2.382038e+02 
    0.000   21.355000  0.000000e+00  2.380890e+02 
    0.000   21.851000  0.000000e+00  2.379936e+02 
    0.000   22.345999  0.000000e+00  2.379028e+02 
    0.000   22.841999  0.000000e+00  2.378100e+02 
    0.000   23.337999  0.000000e+00  2.377192e+02 
    0.000   23.834000  0.000000e+00  2.376428e+02 
    0.000   24.328999  0.000000e+00  2.375930e+02 
    0.000   24.824999  0.000000e+00  2.375697e+02 
    0.000   25.320999  0.000000e+00  2.375640e+02 
    0.000   25.816999  0.000000e+00  2.375557e+02 
    0.000   26.312000  0.000000e+00  2.375498e+02 
    0.000   26.807999  0.000000e+00  2.375534e+02 
    0.000   27.303999  0.000000e+00  2.375643e+02 
    0.000   27.799999  0.000000e+00  2.375833e+02 
    0.000   28.295000  0.000000e+00  2.376133e+02 
    0.000   28.791000  0.000000e+00  2.376490e+02 
    0.000   29.286999  0.000000e+00  2.376884e+02 
    0.000   29.782999  0.000000e+00  2.377331e+02 
    0.000   30.278000  0.000000e+00  2.377840e+02 
    0.000   30.774000  0.000000e+00  2.378387e+02 
    0.000   31.269999  0.000000e+00  2.378951e+02 
    0.000   31.765999  0.000000e+00  2.379522e+02 
    0.000   32.262001  0.000000e+00  2.380101e+02 
    0.000   32.757000  0.000000e+00  2.380679e+02 
    0.000   33.252998  0.000000e+00  2.381241e+02 
    0.000   33.749001  0.000000e+00  2.381800e+02 
    0.000   34.244999  0.000000e+00  2.382363e+02 
    0.000   34.739998  0.000000e+00  2.382956e+02 
    0.000   35.236000  0.000000e+00  2.383577e+02 
    0.000   35.731998  0.000000e+00  2.384183e+02 
    0.000   36.228001  0.000000e+00  2.384765e+02 
    0.000   36.723000  0.000000e+00  2.385290e+02 
    0.000   37.218998  0.000000e+00  2.385766e+02 
    0.000   37.715000  0.000000e+00  2.386207e+02 
    0.000   38.210999  0.000000e+00  2.386621e+02 
    0.000   38.706001  0.000000e+00  2.387038e+02 
    0.000   39.202000  0.000000e+00  2.387467e+02 
    0.000   39.697998  0.000000e+00  2.387926e+02 
    0.000   40.197998  0.000000e+00  2.388430e+02 
    0.000   45.197998  0.000000e+00  2.392916e+02 
    0.000   50.197998  0.000000e+00  2.395170e+02 
    0.000   55.197998  0.000000e+00  2.395105e+02 
    0.000   60.197998  0.000000e+00  2.394434e+02 
    0.000   65.198006  0.000000e+00  2.393910e+02 
