    0.000    0.000000  0.000000e+00  3.514323e+02 
    0.000    0.102000  0.000000e+00  3.507855e+02 
    0.000    0.205000  0.000000e+00  3.494166e+02 
    0.000    0.308000  0.000000e+00  3.478118e+02 
    0.000    0.411000  0.000000e+00  3.462560e+02 
    0.000    0.514000  0.000000e+00  3.446515e+02 
    0.000    0.617000  0.000000e+00  3.430109e+02 
    0.000    0.720000  0.000000e+00  3.413317e+02 
    0.000    0.823000  0.000000e+00  3.395943e+02 
    0.000    0.926000  0.000000e+00  3.377634e+02 
    0.000    1.028000  0.000000e+00  3.358074e+02 
    0.000    1.131000  0.000000e+00  3.337275e+02 
    0.000    1.234000  0.000000e+00  3.316691e+02 
    0.000    1.337000  0.000000e+00  3.296436e+02 
    0.000    1.440000  0.000000e+00  3.276127e+02 
    0.000    1.543000  0.000000e+00  3.255558e+02 
    0.000    1.646000  0.000000e+00  3.234581e+02 
    0.000    1.749000  0.000000e+00  3.213130e+02 
    0.000    1.852000  0.000000e+00  3.197994e+02 
    0.000    1.954000  0.000000e+00  3.185711e+02 
    0.000    2.057000  0.000000e+00  3.173419e+02 
    0.000    2.160000  0.000000e+00  2.988791e+02 
    0.000    2.263000  0.000000e+00  2.951800e+02 
    0.000    2.366000  0.000000e+00  2.926619e+02 
    0.000    2.469000  0.000000e+00  2.904906e+02 
    0.000    2.572000  0.000000e+00  2.896731e+02 
    0.000    2.675000  0.000000e+00  2.886692e+02 
    0.000    2.778000  0.000000e+00  2.875195e+02 
    0.000    2.880000  0.000000e+00  2.863313e+02 
    0.000    2.983000  0.000000e+00  2.815098e+02 
    0.000    3.086000  0.000000e+00  2.773656e+02 
    0.000    3.189000  0.000000e+00  2.734526e+02 
    0.000    3.292000  0.000000e+00  2.695912e+02 
    0.000    3.395000  0.000000e+00  2.652859e+02 
    0.000    3.498000  0.000000e+00  2.645512e+02 
    0.000    3.601000  0.000000e+00  2.636699e+02 
    0.000    3.704000  0.000000e+00  2.627035e+02 
    0.000    3.806000  0.000000e+00  2.616961e+02 
    0.000    3.909000  0.000000e+00  2.606506e+02 
    0.000    4.012000  0.000000e+00  2.595864e+02 
    0.000    4.115000  0.000000e+00  2.585020e+02 
    0.000    4.218000  0.000000e+00  2.573975e+02 
    0.000    4.321000  0.000000e+00  2.562819e+02 
    0.000    4.424000  0.000000e+00  2.551544e+02 
    0.000    4.527000  0.000000e+00  2.540240e+02 
    0.000    4.630000  0.000000e+00  2.529314e+02 
    0.000    4.732000  0.000000e+00  2.518251e+02 
    0.000    4.835000  0.000000e+00  2.506996e+02 
    0.000    4.938000  0.000000e+00  2.496101e+02 
    0.000    5.041000  0.000000e+00  2.485072e+02 
    0.000    5.144000  0.000000e+00  2.473947e+02 
    0.000    5.247000  0.000000e+00  2.462939e+02 
    0.000    5.350000  0.000000e+00  2.451925e+02 
    0.000    5.453000  0.000000e+00  2.440988e+02 
    0.000    5.556000  0.000000e+00  2.430149e+02 
    0.000    5.659000  0.000000e+00  2.419627e+02 
    0.000    5.761000  0.000000e+00  2.409317e+02 
    0.000    5.864000  0.000000e+00  2.399069e+02 
    0.000    5.967000  0.000000e+00  2.389003e+02 
    0.000    6.070000  0.000000e+00  2.378870e+02 
    0.000    6.173000  0.000000e+00  2.368908e+02 
    0.000    6.276000  0.000000e+00  2.359082e+02 
    0.000    6.379000  0.000000e+00  2.349405e+02 
    0.000    6.482000  0.000000e+00  2.338865e+02 
    0.000    6.585000  0.000000e+00  2.329051e+02 
    0.000    6.687000  0.000000e+00  2.319963e+02 
    0.000    6.790000  0.000000e+00  2.310958e+02 
    0.000    6.893000  0.000000e+00  2.302369e+02 
    0.000    6.996000  0.000000e+00  2.294360e+02 
    0.000    7.099000  0.000000e+00  2.286671e+02 
    0.000    7.202000  0.000000e+00  2.280070e+02 
    0.000    7.305000  0.000000e+00  2.274702e+02 
    0.000    7.408000  0.000000e+00  2.270108e+02 
    0.000    7.511000  0.000000e+00  2.266755e+02 
    0.000    7.613000  0.000000e+00  2.264403e+02 
    0.000    7.716000  0.000000e+00  2.262685e+02 
    0.000    7.819000  0.000000e+00  2.261108e+02 
    0.000    7.922000  0.000000e+00  2.259882e+02 
    0.000    8.025000  0.000000e+00  2.258685e+02 
    0.000    8.127999  0.000000e+00  2.257735e+02 
    0.000    8.231000  0.000000e+00  2.256850e+02 
    0.000    8.334000  0.000000e+00  2.255841e+02 
    0.000    8.436999  0.000000e+00  2.254441e+02 
    0.000    8.539000  0.000000e+00  2.253302e+02 
    0.000    8.642000  0.000000e+00  2.251753e+02 
    0.000    8.745000  0.000000e+00  2.250136e+02 
    0.000    8.848000  0.000000e+00  2.248236e+02 
    0.000    8.951000  0.000000e+00  2.246364e+02 
    0.000    9.054000  0.000000e+00  2.244566e+02 
    0.000    9.157000  0.000000e+00  2.242720e+02 
    0.000    9.259999  0.000000e+00  2.241251e+02 
    0.000    9.363000  0.000000e+00  2.239846e+02 
    0.000    9.465000  0.000000e+00  2.238462e+02 
    0.000    9.568000  0.000000e+00  2.237176e+02 
    0.000    9.671000  0.000000e+00  2.235963e+02 
    0.000    9.774000  0.000000e+00  2.234829e+02 
    0.000    9.877000  0.000000e+00  2.233859e+02 
    0.000    9.980000  0.000000e+00  2.233011e+02 
    0.000   10.083000  0.000000e+00  2.232238e+02 
    0.000   10.186000  0.000000e+00  2.231502e+02 
    0.000   10.289000  0.000000e+00  2.230813e+02 
    0.000   10.392000  0.000000e+00  2.230539e+02 
    0.000   10.493999  0.000000e+00  2.230173e+02 
    0.000   10.597000  0.000000e+00  2.229739e+02 
    0.000   10.700000  0.000000e+00  2.229297e+02 
    0.000   10.802999  0.000000e+00  2.228829e+02 
    0.000   10.906000  0.000000e+00  2.228346e+02 
    0.000   11.009000  0.000000e+00  2.227841e+02 
    0.000   11.112000  0.000000e+00  2.227262e+02 
    0.000   11.215000  0.000000e+00  2.226632e+02 
    0.000   11.318000  0.000000e+00  2.225972e+02 
    0.000   11.420000  0.000000e+00  2.225268e+02 
    0.000   11.523000  0.000000e+00  2.224523e+02 
    0.000   11.625999  0.000000e+00  2.223763e+02 
    0.000   11.729000  0.000000e+00  2.223037e+02 
    0.000   11.832000  0.000000e+00  2.222338e+02 
    0.000   11.934999  0.000000e+00  2.221653e+02 
    0.000   12.038000  0.000000e+00  2.220986e+02 
    0.000   12.141000  0.000000e+00  2.220336e+02 
    0.000   12.243999  0.000000e+00  2.219697e+02 
    0.000   12.346000  0.000000e+00  2.219056e+02 
    0.000   12.448999  0.000000e+00  2.218401e+02 
    0.000   12.552000  0.000000e+00  2.217746e+02 
    0.000   12.655000  0.000000e+00  2.217081e+02 
    0.000   12.757999  0.000000e+00  2.216406e+02 
    0.000   12.861000  0.000000e+00  2.215726e+02 
    0.000   12.964000  0.000000e+00  2.215052e+02 
    0.000   13.066999  0.000000e+00  2.214391e+02 
    0.000   13.170000  0.000000e+00  2.213737e+02 
    0.000   13.271999  0.000000e+00  2.213105e+02 
    0.000   13.375000  0.000000e+00  2.212493e+02 
    0.000   13.478000  0.000000e+00  2.211902e+02 
    0.000   13.580999  0.000000e+00  2.211326e+02 
    0.000   13.684000  0.000000e+00  2.210785e+02 
    0.000   13.787000  0.000000e+00  2.210272e+02 
    0.000   13.889999  0.000000e+00  2.209778e+02 
    0.000   13.993000  0.000000e+00  2.209321e+02 
    0.000   14.096000  0.000000e+00  2.208900e+02 
    0.000   14.198000  0.000000e+00  2.208508e+02 
    0.000   14.301000  0.000000e+00  2.208136e+02 
    0.000   14.403999  0.000000e+00  2.207788e+02 
    0.000   14.507000  0.000000e+00  2.207461e+02 
    0.000   14.610000  0.000000e+00  2.207141e+02 
    0.000   14.712999  0.000000e+00  2.206808e+02 
    0.000   14.816000  0.000000e+00  2.206465e+02 
    0.000   14.919000  0.000000e+00  2.206122e+02 
    0.000   15.021999  0.000000e+00  2.205769e+02 
    0.000   15.124000  0.000000e+00  2.205410e+02 
    0.000   15.226999  0.000000e+00  2.205045e+02 
    0.000   15.330000  0.000000e+00  2.204681e+02 
    0.000   15.433000  0.000000e+00  2.204319e+02 
    0.000   15.535999  0.000000e+00  2.203960e+02 
    0.000   15.639000  0.000000e+00  2.203596e+02 
    0.000   15.742000  0.000000e+00  2.203199e+02 
    0.000   15.844999  0.000000e+00  2.202776e+02 
    0.000   15.948000  0.000000e+00  2.202338e+02 
    0.000   16.051001  0.000000e+00  2.201884e+02 
    0.000   16.153000  0.000000e+00  2.201417e+02 
    0.000   16.256001  0.000000e+00  2.200936e+02 
    0.000   16.358999  0.000000e+00  2.200455e+02 
    0.000   16.462000  0.000000e+00  2.199986e+02 
    0.000   16.565001  0.000000e+00  2.199526e+02 
    0.000   16.667999  0.000000e+00  2.199072e+02 
    0.000   16.771000  0.000000e+00  2.198644e+02 
    0.000   16.874001  0.000000e+00  2.198241e+02 
    0.000   16.976999  0.000000e+00  2.197854e+02 
    0.000   17.079000  0.000000e+00  2.197490e+02 
    0.000   17.181999  0.000000e+00  2.197145e+02 
    0.000   17.285000  0.000000e+00  2.196819e+02 
    0.000   17.388000  0.000000e+00  2.196507e+02 
    0.000   17.490999  0.000000e+00  2.196201e+02 
    0.000   17.594000  0.000000e+00  2.195900e+02 
    0.000   17.697001  0.000000e+00  2.195604e+02 
    0.000   17.799999  0.000000e+00  2.195310e+02 
    0.000   17.903000  0.000000e+00  2.195014e+02 
    0.000   18.004999  0.000000e+00  2.194721e+02 
    0.000   18.108000  0.000000e+00  2.194426e+02 
    0.000   18.211000  0.000000e+00  2.194133e+02 
    0.000   18.313999  0.000000e+00  2.193841e+02 
    0.000   18.417000  0.000000e+00  2.193552e+02 
    0.000   18.520000  0.000000e+00  2.193266e+02 
    0.000   18.622999  0.000000e+00  2.192982e+02 
    0.000   18.726000  0.000000e+00  2.192701e+02 
    0.000   18.829000  0.000000e+00  2.192424e+02 
    0.000   18.931000  0.000000e+00  2.192147e+02 
    0.000   19.034000  0.000000e+00  2.191863e+02 
    0.000   19.136999  0.000000e+00  2.191575e+02 
    0.000   19.240000  0.000000e+00  2.191285e+02 
    0.000   19.343000  0.000000e+00  2.190996e+02 
    0.000   19.445999  0.000000e+00  2.190707e+02 
    0.000   19.549000  0.000000e+00  2.190419e+02 
    0.000   19.652000  0.000000e+00  2.190133e+02 
    0.000   19.754999  0.000000e+00  2.189858e+02 
    0.000   19.858000  0.000000e+00  2.189595e+02 
    0.000   19.959999  0.000000e+00  2.189343e+02 
    0.000   20.063000  0.000000e+00  2.189095e+02 
    0.000   20.362999  0.000000e+00  2.188425e+02 
    0.000   20.858000  0.000000e+00  2.187400e+02 
    0.000   21.354000  0.000000e+00  2.186469e+02 
    0.000   21.850000  0.000000e+00  2.185632e+02 
    0.000   22.346001  0.000000e+00  2.184780e+02 
    0.000   22.841000  0.000000e+00  2.183948e+02 
    0.000   23.337000  0.000000e+00  2.183249e+02 
    0.000   23.833000  0.000000e+00  2.182712e+02 
    0.000   24.329000  0.000000e+00  2.182303e+02 
    0.000   24.823999  0.000000e+00  2.182040e+02 
    0.000   25.320000  0.000000e+00  2.181937e+02 
    0.000   25.816000  0.000000e+00  2.181929e+02 
    0.000   26.312000  0.000000e+00  2.182047e+02 
    0.000   26.806999  0.000000e+00  2.182252e+02 
    0.000   27.302999  0.000000e+00  2.182477e+02 
    0.000   27.799000  0.000000e+00  2.182700e+02 
    0.000   28.295000  0.000000e+00  2.182943e+02 
    0.000   28.789999  0.000000e+00  2.183247e+02 
    0.000   29.285999  0.000000e+00  2.183672e+02 
    0.000   29.782000  0.000000e+00  2.184193e+02 
    0.000   30.278000  0.000000e+00  2.184772e+02 
    0.000   30.772999  0.000000e+00  2.185329e+02 
    0.000   31.268999  0.000000e+00  2.185860e+02 
    0.000   31.764999  0.000000e+00  2.186368e+02 
    0.000   32.261002  0.000000e+00  2.186897e+02 
    0.000   32.756001  0.000000e+00  2.187459e+02 
    0.000   33.252003  0.000000e+00  2.188076e+02 
    0.000   33.748001  0.000000e+00  2.188736e+02 
    0.000   34.244003  0.000000e+00  2.189422e+02 
    0.000   34.739002  0.000000e+00  2.190083e+02 
    0.000   35.235001  0.000000e+00  2.190709e+02 
    0.000   35.731003  0.000000e+00  2.191280e+02 
    0.000   36.227001  0.000000e+00  2.191806e+02 
    0.000   36.722000  0.000000e+00  2.192290e+02 
    0.000   37.218002  0.000000e+00  2.192743e+02 
    0.000   37.714001  0.000000e+00  2.193189e+02 
    0.000   38.210003  0.000000e+00  2.193631e+02 
    0.000   38.705002  0.000000e+00  2.194079e+02 
    0.000   39.201000  0.000000e+00  2.194534e+02 
    0.000   39.697002  0.000000e+00  2.195012e+02 
    0.000   40.197002  0.000000e+00  2.195526e+02 
    0.000   45.197002  0.000000e+00  2.200047e+02 
    0.000   50.197002  0.000000e+00  2.202266e+02 
    0.000   55.197002  0.000000e+00  2.202278e+02 
    0.000   60.197002  0.000000e+00  2.201590e+02 
    0.000   65.196999  0.000000e+00  2.201067e+02 
