   67.951    0.000000  6.023612e-20  5.172191e+00 
   67.951    0.103000  6.057188e-20  5.253379e+00 
   67.951    0.206000  6.090406e-20  5.335895e+00 
   67.951    0.309000  6.123477e-20  5.418763e+00 
   67.951    0.412000  6.156482e-20  5.501529e+00 
   67.951    0.515000  6.189497e-20  5.583955e+00 
   67.951    0.618000  6.222567e-20  5.665927e+00 
   67.951    0.721000  7.424625e-20  6.781192e+00 
   67.951    0.823000  9.819770e-20  8.468122e+00 
   67.951    0.926000  1.386756e-19  1.047247e+01 
   67.951    1.029000  2.026028e-19  1.260830e+01 
   67.951    1.132000  3.097085e-19  1.493632e+01 
   67.951    1.235000  5.023724e-19  1.752693e+01 
   67.951    1.338000  8.603831e-19  2.034647e+01 
   67.951    1.441000  1.552207e-18  2.337784e+01 
   67.951    1.544000  2.932285e-18  2.658672e+01 
   67.951    1.647000  5.777328e-18  2.994908e+01 
   67.951    1.749000  1.174846e-17  3.340571e+01 
   67.951    1.852000  1.324227e-17  3.395418e+01 
   67.951    1.955000  1.499038e-17  3.453059e+01 
   67.951    2.058000  2.504592e-14  6.073408e+01 
   67.951    2.161000  4.287627e-10  9.453440e+01 
   67.951    2.264000  4.668940e-10  9.482365e+01 
   67.951    2.367000  1.379466e-07  1.162638e+02 
   67.951    2.470000  1.498998e-04  1.442508e+02 
   67.951    2.573000  1.588975e-04  1.443853e+02 
   67.951    2.675000  1.679685e-04  1.445412e+02 
   67.951    2.778000  1.980797e-02  1.687803e+02 
   67.951    2.881000  6.538393e-01  1.941521e+02 
   67.951    2.984000  7.205490e+00  2.211960e+02 
   67.951    3.087000  3.077108e+01  2.444128e+02 
   67.951    3.190000  3.155407e+01  2.444980e+02 
   67.951    3.293000  3.233453e+01  2.446295e+02 
   67.951    3.396000  3.318069e+01  2.448262e+02 
   67.951    3.499000  3.405371e+01  2.450619e+02 
   67.951    3.601000  3.490417e+01  2.453094e+02 
   67.951    3.704000  3.567531e+01  2.455351e+02 
   67.951    3.807000  3.634090e+01  2.457268e+02 
   67.951    3.910000  3.686187e+01  2.458646e+02 
   67.951    4.013000  3.718914e+01  2.459241e+02 
   67.951    4.116000  3.763095e+01  2.460513e+02 
   67.951    4.219000  3.819383e+01  2.462463e+02 
   67.951    4.322000  3.924845e+01  2.466796e+02 
   67.951    4.425000  4.106496e+01  2.474569e+02 
   67.951    4.527000  4.387220e+01  2.486412e+02 
   67.951    4.630000  4.789106e+01  2.502589e+02 
   67.951    4.733000  5.288784e+01  2.521382e+02 
   67.951    4.836000  5.831570e+01  2.540310e+02 
   67.951    4.939000  6.360699e+01  2.557470e+02 
   67.951    5.042000  6.826691e+01  2.571656e+02 
   67.951    5.145000  7.213614e+01  2.582859e+02 
   67.951    5.248000  7.661964e+01  2.595391e+02 
   67.951    5.351000  8.335594e+01  2.613354e+02 
   67.951    5.453000  9.493392e+01  2.641764e+02 
   67.951    5.556000  1.132581e+02  2.681223e+02 
   67.951    5.659000  1.399493e+02  2.729602e+02 
   67.951    5.762000  1.733821e+02  2.779398e+02 
   67.951    5.865000  2.110229e+02  2.825412e+02 
   67.951    5.968000  2.456468e+02  2.860919e+02 
   67.951    6.071000  2.733030e+02  2.885667e+02 
   67.951    6.174000  2.930305e+02  2.901714e+02 
   67.951    6.277000  3.066073e+02  2.912104e+02 
   67.951    6.380000  3.155067e+02  2.918680e+02 
   67.951    6.482000  3.222280e+02  2.923573e+02 
   67.951    6.585000  3.250435e+02  2.925632e+02 
   67.951    6.688000  3.276576e+02  2.927587e+02 
   67.951    6.791000  3.302565e+02  2.929567e+02 
   67.951    6.894000  3.329294e+02  2.931628e+02 
   67.951    6.997000  3.357780e+02  2.933835e+02 
   67.951    7.100000  3.388509e+02  2.936222e+02 
   67.951    7.203000  3.421943e+02  2.938843e+02 
   67.951    7.306000  3.452378e+02  2.941302e+02 
   67.951    7.408000  3.488564e+02  2.944221e+02 
   67.951    7.511000  3.528261e+02  2.947432e+02 
   67.951    7.614000  3.568983e+02  2.950758e+02 
   67.951    7.717000  3.621917e+02  2.954941e+02 
   67.951    7.820000  3.678884e+02  2.959356e+02 
   67.951    7.923000  3.737678e+02  2.963837e+02 
   67.951    8.026000  3.799948e+02  2.968472e+02 
   67.951    8.129001  3.863180e+02  2.973068e+02 
   67.951    8.232000  3.934887e+02  2.978069e+02 
   67.951    8.334001  3.997703e+02  2.982397e+02 
   67.951    8.437000  4.068750e+02  2.987084e+02 
   67.951    8.540000  4.132118e+02  2.991198e+02 
   67.951    8.643001  4.184440e+02  2.994595e+02 
   67.951    8.746000  4.238280e+02  2.997950e+02 
   67.951    8.849000  4.292444e+02  3.001232e+02 
   67.951    8.952001  4.305039e+02  3.002609e+02 
   67.951    9.055000  4.320340e+02  3.004207e+02 
   67.951    9.158000  4.349625e+02  3.006060e+02 
   67.951    9.260000  4.377761e+02  3.007820e+02 
   67.951    9.363000  4.390038e+02  3.009076e+02 
   67.951    9.466001  4.402254e+02  3.010302e+02 
   67.951    9.569000  4.414594e+02  3.011512e+02 
   67.951    9.672000  4.419227e+02  3.012091e+02 
   67.951    9.775001  4.423844e+02  3.012653e+02 
   67.951    9.878000  4.428425e+02  3.013199e+02 
   67.951    9.981000  4.432964e+02  3.013729e+02 
   67.951   10.084001  4.437498e+02  3.014249e+02 
   67.951   10.186000  4.442500e+02  3.014774e+02 
   67.951   10.289001  4.447125e+02  3.015254e+02 
   67.951   10.392000  4.451658e+02  3.015724e+02 
   67.951   10.495000  4.456436e+02  3.016223e+02 
   67.951   10.598001  4.460811e+02  3.016676e+02 
   67.951   10.701000  4.465118e+02  3.017121e+02 
   67.951   10.804000  4.487184e+02  3.019616e+02 
   67.951   10.907001  4.491410e+02  3.020040e+02 
   67.951   11.010000  4.495582e+02  3.020457e+02 
   67.951   11.112000  4.499661e+02  3.020866e+02 
   67.951   11.215000  4.503726e+02  3.021274e+02 
   67.951   11.318000  4.507737e+02  3.021678e+02 
   67.951   11.421000  4.511693e+02  3.022078e+02 
   67.951   11.524000  4.515595e+02  3.022474e+02 
   67.951   11.627000  4.519443e+02  3.022867e+02 
   67.951   11.730000  4.523235e+02  3.023257e+02 
   67.951   11.833000  4.526972e+02  3.023643e+02 
   67.951   11.936000  4.530654e+02  3.024025e+02 
   67.951   12.039001  4.534283e+02  3.024404e+02 
   67.951   12.141001  4.537827e+02  3.024774e+02 
   67.951   12.244000  4.541353e+02  3.025143e+02 
   67.951   12.347000  4.544832e+02  3.025508e+02 
   67.951   12.450001  4.548263e+02  3.025867e+02 
   67.951   12.553000  4.551647e+02  3.026221e+02 
   67.951   12.656000  4.554987e+02  3.026570e+02 
   67.951   12.759000  4.558285e+02  3.026913e+02 
   67.951   12.862000  4.561545e+02  3.027250e+02 
   67.951   12.965000  4.564767e+02  3.027581e+02 
   67.951   13.067000  4.567921e+02  3.027903e+02 
   67.951   13.170000  4.571068e+02  3.028222e+02 
   67.951   13.273001  4.574178e+02  3.028534e+02 
   67.951   13.376000  4.577255e+02  3.028838e+02 
   67.951   13.479000  4.580297e+02  3.029134e+02 
   67.951   13.582001  4.583305e+02  3.029422e+02 
   67.951   13.685000  4.586281e+02  3.029702e+02 
   67.951   13.788000  4.589225e+02  3.029972e+02 
   67.951   13.891001  4.592138e+02  3.030233e+02 
   67.951   13.993000  4.594992e+02  3.030483e+02 
   67.951   14.096001  4.597843e+02  3.030726e+02 
   67.951   14.199000  4.600663e+02  3.030960e+02 
   67.951   14.302000  4.603450e+02  3.031187e+02 
   67.951   14.405001  4.606204e+02  3.031407e+02 
   67.951   14.508000  4.608926e+02  3.031620e+02 
   67.951   14.611000  4.611614e+02  3.031828e+02 
   67.951   14.714001  4.614269e+02  3.032031e+02 
   67.951   14.817000  4.616891e+02  3.032229e+02 
   67.951   14.919001  4.619455e+02  3.032421e+02 
   67.951   15.022000  4.622012e+02  3.032610e+02 
   67.951   15.125000  4.624537e+02  3.032794e+02 
   67.951   15.228001  4.627031e+02  3.032975e+02 
   67.951   15.331000  4.629494e+02  3.033151e+02 
   67.951   15.434000  4.631927e+02  3.033323e+02 
   67.951   15.537001  4.634329e+02  3.033491e+02 
   67.951   15.640000  4.636702e+02  3.033655e+02 
   67.951   15.743000  4.639046e+02  3.033815e+02 
   67.951   15.845000  4.641339e+02  3.033969e+02 
   67.951   15.948000  4.643629e+02  3.034120e+02 
   67.951   16.051001  4.645893e+02  3.034268e+02 
   67.951   16.154001  4.648134e+02  3.034410e+02 
   67.951   16.257000  4.650350e+02  3.034548e+02 
   67.951   16.360001  4.652544e+02  3.034682e+02 
   67.951   16.462999  4.654715e+02  3.034810e+02 
   67.951   16.566000  4.656864e+02  3.034933e+02 
   67.951   16.669001  4.658992e+02  3.035051e+02 
   67.951   16.771999  4.661102e+02  3.035162e+02 
   67.951   16.874001  4.663174e+02  3.035266e+02 
   67.951   16.977001  4.665248e+02  3.035363e+02 
   67.951   17.080000  4.667307e+02  3.035451e+02 
   67.951   17.183001  4.669355e+02  3.035531e+02 
   67.951   17.286001  4.671390e+02  3.035601e+02 
   67.951   17.389000  4.673412e+02  3.035662e+02 
   67.951   17.492001  4.675422e+02  3.035714e+02 
   67.951   17.595001  4.677420e+02  3.035758e+02 
   67.951   17.698000  4.679404e+02  3.035795e+02 
   67.951   17.800001  4.681354e+02  3.035824e+02 
   67.951   17.903000  4.683308e+02  3.035848e+02 
   67.951   18.006001  4.685245e+02  3.035867e+02 
   67.951   18.109001  4.687166e+02  3.035880e+02 
   67.951   18.212000  4.689071e+02  3.035889e+02 
   67.951   18.315001  4.690960e+02  3.035892e+02 
   67.951   18.418001  4.692834e+02  3.035891e+02 
   67.951   18.521000  4.694691e+02  3.035885e+02 
   67.951   18.624001  4.696533e+02  3.035874e+02 
   67.951   18.726000  4.698343e+02  3.035858e+02 
   67.951   18.829000  4.700155e+02  3.035838e+02 
   67.951   18.932001  4.701952e+02  3.035813e+02 
   67.951   19.035000  4.703735e+02  3.035783e+02 
   67.951   19.138000  4.705505e+02  3.035750e+02 
   67.951   19.241001  4.707261e+02  3.035712e+02 
   67.951   19.344000  4.709004e+02  3.035669e+02 
   67.951   19.447001  4.710735e+02  3.035623e+02 
   67.951   19.550001  4.712452e+02  3.035572e+02 
   67.951   19.652000  4.714141e+02  3.035518e+02 
   67.951   19.755001  4.715833e+02  3.035459e+02 
   67.951   19.858000  4.717513e+02  3.035396e+02 
   67.951   19.961000  4.719181e+02  3.035328e+02 
   67.951   20.064001  4.720840e+02  3.035255e+02 
   67.951   20.363001  4.725601e+02  3.035015e+02 
   67.951   20.859001  4.733267e+02  3.034555e+02 
   67.951   21.355000  4.740652e+02  3.034026e+02 
   67.951   21.851000  4.747743e+02  3.033445e+02 
   67.951   22.346001  4.754455e+02  3.032865e+02 
   67.951   22.842001  4.760762e+02  3.032326e+02 
   67.951   23.337999  4.766638e+02  3.031841e+02 
   67.951   23.834000  4.772137e+02  3.031390e+02 
   67.951   24.329000  4.777310e+02  3.030952e+02 
   67.951   24.825001  4.782190e+02  3.030526e+02 
   67.951   25.321001  4.786746e+02  3.030126e+02 
   67.951   25.816999  4.790996e+02  3.029755e+02 
   67.951   26.312000  4.794963e+02  3.029405e+02 
   67.951   26.808001  4.798682e+02  3.029069e+02 
   67.951   27.304001  4.802156e+02  3.028750e+02 
   67.951   27.800001  4.805401e+02  3.028445e+02 
   67.951   28.295000  4.808434e+02  3.028153e+02 
   67.951   28.791000  4.811292e+02  3.027867e+02 
   67.951   29.287001  4.813994e+02  3.027585e+02 
   67.951   29.783001  4.816557e+02  3.027304e+02 
   67.951   30.278000  4.818991e+02  3.027025e+02 
   67.951   30.774000  4.821324e+02  3.026747e+02 
   67.951   31.270000  4.823568e+02  3.026472e+02 
   67.951   31.766001  4.825737e+02  3.026200e+02 
   67.951   32.260998  4.827849e+02  3.025931e+02 
   67.951   32.757000  4.829933e+02  3.025666e+02 
   67.951   33.252998  4.832001e+02  3.025404e+02 
   67.951   33.748997  4.834068e+02  3.025152e+02 
   67.951   34.243999  4.836143e+02  3.024912e+02 
   67.951   34.739998  4.838250e+02  3.024685e+02 
   67.951   35.236000  4.840398e+02  3.024472e+02 
   67.951   35.731998  4.842598e+02  3.024272e+02 
   67.951   36.226997  4.844849e+02  3.024085e+02 
   67.951   36.723000  4.847162e+02  3.023910e+02 
   67.951   37.218998  4.849527e+02  3.023747e+02 
   67.951   37.715000  4.851936e+02  3.023594e+02 
   67.951   38.209999  4.854372e+02  3.023453e+02 
   67.951   38.705997  4.856825e+02  3.023322e+02 
   67.951   39.202000  4.859274e+02  3.023203e+02 
   67.951   39.697998  4.861694e+02  3.023094e+02 
   67.951   40.197998  4.864056e+02  3.023009e+02 
   67.951   45.197998  4.882686e+02  3.022664e+02 
   67.951   50.197998  4.889770e+02  3.022632e+02 
   67.951   55.197998  4.892239e+02  3.022664e+02 
   67.951   60.197998  4.899572e+02  3.022700e+02 
   67.951   65.198006  4.911875e+02  3.022726e+02 
