   68.180    0.000000  2.424382e-18  5.006941e+00 
   68.180    0.103000  2.437825e-18  5.086094e+00 
   68.180    0.206000  2.451201e-18  5.166303e+00 
   68.180    0.309000  2.464510e-18  5.246895e+00 
   68.180    0.412000  2.477763e-18  5.327546e+00 
   68.180    0.515000  2.490997e-18  5.407932e+00 
   68.180    0.617000  3.565081e-18  7.451480e+00 
   68.180    0.720000  5.972265e-18  1.018491e+01 
   68.180    0.823000  1.170407e-17  1.353053e+01 
   68.180    0.926000  2.578455e-17  1.723912e+01 
   68.180    1.029000  6.319841e-17  2.126581e+01 
   68.180    1.132000  1.750090e-16  2.572919e+01 
   68.180    1.235000  5.422124e-16  3.057770e+01 
   68.180    1.338000  1.859628e-15  3.575930e+01 
   68.180    1.441000  6.991679e-15  4.122711e+01 
   68.180    1.543000  2.814881e-14  4.687871e+01 
   68.180    1.646000  1.241197e-13  5.278663e+01 
   68.180    1.749000  1.593061e-13  5.384132e+01 
   68.180    1.852000  2.693595e-13  5.611667e+01 
   68.180    1.955000  5.238071e-13  5.902503e+01 
   68.180    2.058000  1.189767e-12  6.264194e+01 
   68.180    2.161000  3.045731e-12  6.681813e+01 
   68.180    2.264000  8.148374e-12  7.122822e+01 
   68.180    2.367000  2.861658e-08  1.005797e+02 
   68.180    2.470000  1.615856e-05  1.253367e+02 
   68.180    2.572000  1.938909e-03  1.470690e+02 
   68.180    2.675000  6.870560e-02  1.678034e+02 
   68.180    2.778000  8.084065e-01  1.877486e+02 
   68.180    2.881000  3.812658e+00  2.049200e+02 
   68.180    2.984000  5.901129e+00  2.098474e+02 
   68.180    3.087000  8.489054e+00  2.143321e+02 
   68.180    3.190000  1.169868e+01  2.185883e+02 
   68.180    3.293000  1.577988e+01  2.228382e+02 
   68.180    3.396000  2.112372e+01  2.272603e+02 
   68.180    3.498000  2.793172e+01  2.317651e+02 
   68.180    3.601000  3.572093e+01  2.359404e+02 
   68.180    3.704000  4.363136e+01  2.394684e+02 
   68.180    3.807000  5.079937e+01  2.422248e+02 
   68.180    3.910000  5.774709e+01  2.446075e+02 
   68.180    4.013000  6.492866e+01  2.468463e+02 
   68.180    4.116000  7.137309e+01  2.486850e+02 
   68.180    4.219000  7.800920e+01  2.504521e+02 
   68.180    4.322000  8.397332e+01  2.519344e+02 
   68.180    4.424000  8.889156e+01  2.530859e+02 
   68.180    4.527000  9.319896e+01  2.540506e+02 
   68.180    4.630000  9.760371e+01  2.550118e+02 
   68.180    4.733000  1.029252e+02  2.561498e+02 
   68.180    4.836000  1.093181e+02  2.574727e+02 
   68.180    4.939000  1.171123e+02  2.590172e+02 
   68.180    5.042000  1.274059e+02  2.609469e+02 
   68.180    5.145000  1.425459e+02  2.635707e+02 
   68.180    5.248000  1.647184e+02  2.670021e+02 
   68.180    5.350000  1.945350e+02  2.709906e+02 
   68.180    5.453000  2.323578e+02  2.752589e+02 
   68.180    5.556000  2.663335e+02  2.785120e+02 
   68.180    5.659000  2.921956e+02  2.806942e+02 
   68.180    5.762000  3.103966e+02  2.821002e+02 
   68.180    5.865000  3.235713e+02  2.830610e+02 
   68.180    5.968000  3.326068e+02  2.836968e+02 
   68.180    6.071000  3.407950e+02  2.842633e+02 
   68.180    6.174000  3.475588e+02  2.847254e+02 
   68.180    6.276000  3.514926e+02  2.849950e+02 
   68.180    6.379000  3.552958e+02  2.852584e+02 
   68.180    6.482000  3.588246e+02  2.855055e+02 
   68.180    6.585000  3.621908e+02  2.857431e+02 
   68.180    6.688000  3.654279e+02  2.859724e+02 
   68.180    6.791000  3.685779e+02  2.861959e+02 
   68.180    6.894000  3.717668e+02  2.864223e+02 
   68.180    6.997000  3.750831e+02  2.866576e+02 
   68.180    7.100000  3.781649e+02  2.868787e+02 
   68.180    7.202000  3.812537e+02  2.871025e+02 
   68.180    7.305000  3.842293e+02  2.873228e+02 
   68.180    7.408000  3.871552e+02  2.875430e+02 
   68.180    7.511000  3.900758e+02  2.877656e+02 
   68.180    7.614000  3.928693e+02  2.879833e+02 
   68.180    7.717000  3.955371e+02  2.881956e+02 
   68.180    7.820000  3.982114e+02  2.884084e+02 
   68.180    7.923000  4.008334e+02  2.886184e+02 
   68.180    8.026000  4.034696e+02  2.888292e+02 
   68.180    8.128000  4.059995e+02  2.890322e+02 
   68.180    8.231000  4.084711e+02  2.892315e+02 
   68.180    8.334000  4.116333e+02  2.894686e+02 
   68.180    8.437000  4.144828e+02  2.896848e+02 
   68.180    8.540000  4.176801e+02  2.899174e+02 
   68.180    8.643000  4.204263e+02  2.901217e+02 
   68.180    8.746000  4.231248e+02  2.903201e+02 
   68.180    8.849000  4.244093e+02  2.904741e+02 
   68.180    8.952000  4.254774e+02  2.906053e+02 
   68.180    9.055000  4.264763e+02  2.907284e+02 
   68.180    9.157000  4.273888e+02  2.908418e+02 
   68.180    9.260000  4.292000e+02  2.910377e+02 
   68.180    9.363000  4.309591e+02  2.912271e+02 
   68.180    9.466000  4.327014e+02  2.914129e+02 
   68.180    9.569000  4.344393e+02  2.915952e+02 
   68.180    9.672000  4.361853e+02  2.917749e+02 
   68.180    9.775000  4.379787e+02  2.919552e+02 
   68.180    9.878000  4.399135e+02  2.921441e+02 
   68.180    9.981000  4.403916e+02  2.921992e+02 
   68.180   10.083000  4.408650e+02  2.922523e+02 
   68.180   10.186000  4.413382e+02  2.923044e+02 
   68.180   10.289000  4.418055e+02  2.923552e+02 
   68.180   10.392000  4.422653e+02  2.924047e+02 
   68.180   10.495000  4.427160e+02  2.924532e+02 
   68.180   10.598000  4.431569e+02  2.925006e+02 
   68.180   10.701000  4.435894e+02  2.925472e+02 
   68.180   10.804000  4.440157e+02  2.925930e+02 
   68.180   10.907000  4.444362e+02  2.926380e+02 
   68.180   11.009000  4.448471e+02  2.926819e+02 
   68.180   11.112000  4.452571e+02  2.927256e+02 
   68.180   11.215000  4.456623e+02  2.927687e+02 
   68.180   11.318000  4.460625e+02  2.928112e+02 
   68.180   11.421000  4.464574e+02  2.928534e+02 
   68.180   11.524000  4.468471e+02  2.928950e+02 
   68.180   11.627000  4.472313e+02  2.929363e+02 
   68.180   11.730000  4.476103e+02  2.929771e+02 
   68.180   11.833000  4.479839e+02  2.930176e+02 
   68.180   11.934999  4.483487e+02  2.930574e+02 
   68.180   12.038000  4.487116e+02  2.930971e+02 
   68.180   12.141000  4.490693e+02  2.931364e+02 
   68.180   12.243999  4.494217e+02  2.931753e+02 
   68.180   12.347000  4.497692e+02  2.932137e+02 
   68.180   12.450000  4.501120e+02  2.932517e+02 
   68.180   12.552999  4.504501e+02  2.932891e+02 
   68.180   12.656000  4.507836e+02  2.933260e+02 
   68.180   12.759000  4.511128e+02  2.933622e+02 
   68.180   12.861000  4.514349e+02  2.933976e+02 
   68.180   12.964000  4.517563e+02  2.934325e+02 
   68.180   13.066999  4.520741e+02  2.934668e+02 
   68.180   13.170000  4.523882e+02  2.935003e+02 
   68.180   13.273000  4.526988e+02  2.935330e+02 
   68.180   13.375999  4.530060e+02  2.935649e+02 
   68.180   13.479000  4.533099e+02  2.935959e+02 
   68.180   13.582000  4.536105e+02  2.936261e+02 
   68.180   13.684999  4.539079e+02  2.936552e+02 
   68.180   13.788000  4.542023e+02  2.936835e+02 
   68.180   13.890000  4.544906e+02  2.937105e+02 
   68.180   13.993000  4.547785e+02  2.937370e+02 
   68.180   14.096000  4.550632e+02  2.937626e+02 
   68.180   14.199000  4.553446e+02  2.937874e+02 
   68.180   14.302000  4.556227e+02  2.938116e+02 
   68.180   14.405000  4.558973e+02  2.938351e+02 
   68.180   14.507999  4.561686e+02  2.938580e+02 
   68.180   14.611000  4.564365e+02  2.938804e+02 
   68.180   14.714000  4.567011e+02  2.939023e+02 
   68.180   14.816000  4.569599e+02  2.939235e+02 
   68.180   14.919000  4.572180e+02  2.939444e+02 
   68.180   15.022000  4.574729e+02  2.939648e+02 
   68.180   15.125000  4.577248e+02  2.939848e+02 
   68.180   15.228000  4.579737e+02  2.940043e+02 
   68.180   15.331000  4.582194e+02  2.940233e+02 
   68.180   15.434000  4.584621e+02  2.940420e+02 
   68.180   15.537000  4.587019e+02  2.940602e+02 
   68.180   15.640000  4.589387e+02  2.940779e+02 
   68.180   15.742000  4.591703e+02  2.940951e+02 
   68.180   15.845000  4.594014e+02  2.941120e+02 
   68.180   15.947999  4.596298e+02  2.941285e+02 
   68.180   16.051001  4.598557e+02  2.941445e+02 
   68.180   16.154001  4.600793e+02  2.941599e+02 
   68.180   16.257000  4.603004e+02  2.941750e+02 
   68.180   16.360001  4.605192e+02  2.941895e+02 
   68.180   16.463001  4.607359e+02  2.942033e+02 
   68.180   16.566000  4.609504e+02  2.942167e+02 
   68.180   16.668001  4.611608e+02  2.942293e+02 
   68.180   16.771000  4.613716e+02  2.942412e+02 
   68.180   16.874001  4.615807e+02  2.942524e+02 
   68.180   16.977001  4.617882e+02  2.942629e+02 
   68.180   17.080000  4.619942e+02  2.942725e+02 
   68.180   17.183001  4.621991e+02  2.942811e+02 
   68.180   17.286001  4.624027e+02  2.942889e+02 
   68.180   17.389000  4.626050e+02  2.942958e+02 
   68.180   17.492001  4.628059e+02  2.943018e+02 
   68.180   17.594002  4.630036e+02  2.943071e+02 
   68.180   17.697001  4.632019e+02  2.943117e+02 
   68.180   17.800001  4.633986e+02  2.943157e+02 
   68.180   17.903002  4.635938e+02  2.943190e+02 
   68.180   18.006001  4.637873e+02  2.943218e+02 
   68.180   18.109001  4.639792e+02  2.943241e+02 
   68.180   18.212000  4.641696e+02  2.943259e+02 
   68.180   18.315001  4.643583e+02  2.943271e+02 
   68.180   18.418001  4.645455e+02  2.943279e+02 
   68.180   18.521000  4.647311e+02  2.943282e+02 
   68.180   18.623001  4.649135e+02  2.943280e+02 
   68.180   18.726002  4.650960e+02  2.943274e+02 
   68.180   18.829000  4.652771e+02  2.943263e+02 
   68.180   18.932001  4.654567e+02  2.943247e+02 
   68.180   19.035002  4.656348e+02  2.943227e+02 
   68.180   19.138000  4.658116e+02  2.943203e+02 
   68.180   19.241001  4.659870e+02  2.943174e+02 
   68.180   19.344002  4.661612e+02  2.943141e+02 
   68.180   19.447001  4.663342e+02  2.943104e+02 
   68.180   19.549002  4.665043e+02  2.943061e+02 
   68.180   19.652000  4.666748e+02  2.943014e+02 
   68.180   19.755001  4.668440e+02  2.942962e+02 
   68.180   19.858002  4.670121e+02  2.942907e+02 
   68.180   19.961000  4.671788e+02  2.942847e+02 
   68.180   20.064001  4.673446e+02  2.942782e+02 
   68.180   20.363001  4.678198e+02  2.942567e+02 
   68.180   20.859001  4.685852e+02  2.942148e+02 
   68.180   21.355001  4.693228e+02  2.941660e+02 
   68.180   21.850000  4.700284e+02  2.941125e+02 
   68.180   22.346001  4.706973e+02  2.940595e+02 
   68.180   22.842001  4.713228e+02  2.940111e+02 
   68.180   23.338001  4.719053e+02  2.939677e+02 
   68.180   23.833000  4.724510e+02  2.939269e+02 
   68.180   24.329000  4.729676e+02  2.938863e+02 
   68.180   24.825001  4.734533e+02  2.938470e+02 
   68.180   25.321001  4.739066e+02  2.938102e+02 
   68.180   25.816000  4.743290e+02  2.937759e+02 
   68.180   26.312000  4.747249e+02  2.937434e+02 
   68.180   26.808001  4.750951e+02  2.937122e+02 
   68.180   27.304001  4.754410e+02  2.936826e+02 
   68.180   27.799002  4.757638e+02  2.936542e+02 
   68.180   28.295000  4.760669e+02  2.936266e+02 
   68.180   28.791000  4.763522e+02  2.935996e+02 
   68.180   29.287001  4.766218e+02  2.935729e+02 
   68.180   29.782001  4.768770e+02  2.935463e+02 
   68.180   30.278002  4.771201e+02  2.935197e+02 
   68.180   30.774000  4.773524e+02  2.934934e+02 
   68.180   31.270000  4.775756e+02  2.934673e+02 
   68.180   31.765001  4.777906e+02  2.934415e+02 
   68.180   32.260998  4.780005e+02  2.934160e+02 
   68.180   32.757000  4.782068e+02  2.933908e+02 
   68.180   33.252998  4.784112e+02  2.933661e+02 
   68.180   33.749001  4.786156e+02  2.933420e+02 
   68.180   34.243999  4.788207e+02  2.933191e+02 
   68.180   34.739998  4.790291e+02  2.932973e+02 
   68.180   35.236000  4.792415e+02  2.932768e+02 
   68.180   35.731998  4.794589e+02  2.932576e+02 
   68.180   36.226997  4.796814e+02  2.932396e+02 
   68.180   36.723000  4.799099e+02  2.932227e+02 
   68.180   37.218998  4.801437e+02  2.932069e+02 
   68.180   37.715000  4.803820e+02  2.931922e+02 
   68.180   38.209999  4.806231e+02  2.931786e+02 
   68.180   38.705997  4.808661e+02  2.931660e+02 
   68.180   39.202000  4.811090e+02  2.931545e+02 
   68.180   39.697998  4.813495e+02  2.931441e+02 
   68.180   40.197998  4.815841e+02  2.931360e+02 
   68.180   45.197998  4.834401e+02  2.931032e+02 
   68.180   50.197998  4.841480e+02  2.931008e+02 
   68.180   55.197998  4.843936e+02  2.931044e+02 
   68.180   60.197998  4.851137e+02  2.931081e+02 
   68.180   65.198006  4.863405e+02  2.931108e+02 
