   67.765    0.000000  1.246473e-07  8.373601e+00 
   67.765    0.103000  1.253115e-07  8.493559e+00 
   67.765    0.206000  1.259678e-07  8.615957e+00 
   67.765    0.309000  1.266185e-07  8.739293e+00 
   67.765    0.412000  1.272660e-07  8.862847e+00 
   67.765    0.515000  1.279124e-07  8.986212e+00 
   67.765    0.617000  1.285523e-07  9.107905e+00 
   67.765    0.720000  1.666174e-07  1.167698e+01 
   67.765    0.823000  2.397618e-07  1.514499e+01 
   67.765    0.926000  3.691356e-07  1.911819e+01 
   67.765    1.029000  6.274338e-07  2.383865e+01 
   67.765    1.132000  1.159338e-06  2.914874e+01 
   67.765    1.235000  2.306089e-06  3.495689e+01 
   67.765    1.338000  4.887200e-06  4.117793e+01 
   67.765    1.441000  1.092578e-05  4.773880e+01 
   67.765    1.543000  2.545308e-05  5.457195e+01 
   67.765    1.646000  6.409426e-05  6.206641e+01 
   67.765    1.749000  1.725270e-04  7.018916e+01 
   67.765    1.852000  1.839165e-02  1.025729e+02 
   67.765    1.955000  9.486858e-01  1.387623e+02 
   67.765    2.058000  2.443512e+01  1.859694e+02 
   67.765    2.161000  3.100276e+02  2.402677e+02 
   67.765    2.264000  3.143912e+02  2.401267e+02 
   67.765    2.367000  3.163687e+02  2.399542e+02 
   67.765    2.469000  3.183365e+02  2.398399e+02 
   67.765    2.572000  3.203416e+02  2.397725e+02 
   67.765    2.675000  3.224552e+02  2.397540e+02 
   67.765    2.778000  3.249141e+02  2.398042e+02 
   67.765    2.881000  3.285353e+02  2.400147e+02 
   67.765    2.984000  3.360350e+02  2.406937e+02 
   67.765    3.087000  3.375620e+02  2.406835e+02 
   67.765    3.190000  3.390780e+02  2.406906e+02 
   67.765    3.293000  3.405812e+02  2.407126e+02 
   67.765    3.395000  3.420567e+02  2.407476e+02 
   67.765    3.498000  3.435323e+02  2.407947e+02 
   67.765    3.601000  3.449973e+02  2.408519e+02 
   67.765    3.704000  3.464578e+02  2.409174e+02 
   67.765    3.807000  3.479145e+02  2.409903e+02 
   67.765    3.910000  3.493692e+02  2.410699e+02 
   67.765    4.013000  3.508223e+02  2.411553e+02 
   67.765    4.116000  3.522717e+02  2.412463e+02 
   67.765    4.219000  3.537152e+02  2.413425e+02 
   67.765    4.322000  3.551506e+02  2.414436e+02 
   67.765    4.424000  3.565627e+02  2.415479e+02 
   67.765    4.527000  3.579770e+02  2.416573e+02 
   67.765    4.630000  3.593789e+02  2.417703e+02 
   67.765    4.733000  3.607699e+02  2.418861e+02 
   67.765    4.836000  3.621485e+02  2.420045e+02 
   67.765    4.939000  3.635129e+02  2.421253e+02 
   67.765    5.042000  3.648615e+02  2.422481e+02 
   67.765    5.145000  3.661910e+02  2.423730e+02 
   67.765    5.248000  3.674990e+02  2.424997e+02 
   67.765    5.350000  3.687701e+02  2.426269e+02 
   67.765    5.453000  3.700277e+02  2.427569e+02 
   67.765    5.556000  3.712606e+02  2.428882e+02 
   67.765    5.659000  3.724680e+02  2.430206e+02 
   67.765    5.762000  3.736505e+02  2.431540e+02 
   67.765    5.865000  3.748104e+02  2.432880e+02 
   67.765    5.968000  3.759471e+02  2.434227e+02 
   67.765    6.071000  3.770616e+02  2.435577e+02 
   67.765    6.174000  3.781552e+02  2.436931e+02 
   67.765    6.276000  3.792212e+02  2.438269e+02 
   67.765    6.379000  3.802845e+02  2.439617e+02 
   67.765    6.482000  3.813375e+02  2.440961e+02 
   67.765    6.585000  3.827590e+02  2.442769e+02 
   67.765    6.688000  3.838033e+02  2.444098e+02 
   67.765    6.791000  3.848468e+02  2.445418e+02 
   67.765    6.894000  3.858919e+02  2.446727e+02 
   67.765    6.997000  3.872404e+02  2.448395e+02 
   67.765    7.100000  3.886104e+02  2.450071e+02 
   67.765    7.202000  3.899671e+02  2.451743e+02 
   67.765    7.305000  3.924672e+02  2.454035e+02 
   67.765    7.408000  3.954020e+02  2.456628e+02 
   67.765    7.511000  3.981253e+02  2.459100e+02 
   67.765    7.614000  4.007785e+02  2.461572e+02 
   67.765    7.717000  4.033742e+02  2.464023e+02 
   67.765    7.820000  4.060002e+02  2.466478e+02 
   67.765    7.923000  4.085343e+02  2.468848e+02 
   67.765    8.026000  4.116346e+02  2.471547e+02 
   67.765    8.128000  4.142310e+02  2.473886e+02 
   67.765    8.231000  4.170216e+02  2.476318e+02 
   67.765    8.334001  4.195029e+02  2.478538e+02 
   67.765    8.437000  4.219642e+02  2.480730e+02 
   67.765    8.540000  4.241586e+02  2.482748e+02 
   67.765    8.643001  4.267498e+02  2.484983e+02 
   67.765    8.746000  4.298507e+02  2.487486e+02 
   67.765    8.849000  4.321421e+02  2.489467e+02 
   67.765    8.952001  4.338702e+02  2.491103e+02 
   67.765    9.054000  4.365938e+02  2.493271e+02 
   67.765    9.157001  4.391693e+02  2.495325e+02 
   67.765    9.260000  4.396533e+02  2.496173e+02 
   67.765    9.363000  4.401398e+02  2.497001e+02 
   67.765    9.466001  4.417773e+02  2.498995e+02 
   67.765    9.569000  4.436539e+02  2.501237e+02 
   67.765    9.672000  4.441203e+02  2.502011e+02 
   67.765    9.775001  4.445852e+02  2.502765e+02 
   67.765    9.878000  4.484805e+02  2.506939e+02 
   67.765    9.981000  4.489397e+02  2.507650e+02 
   67.765   10.083000  4.493872e+02  2.508337e+02 
   67.765   10.186000  4.498621e+02  2.509007e+02 
   67.765   10.289001  4.503254e+02  2.509664e+02 
   67.765   10.392000  4.507792e+02  2.510309e+02 
   67.765   10.495000  4.512266e+02  2.510941e+02 
   67.765   10.598001  4.516680e+02  2.511561e+02 
   67.765   10.701000  4.521036e+02  2.512171e+02 
   67.765   10.804000  4.525333e+02  2.512771e+02 
   67.765   10.907001  4.529572e+02  2.513362e+02 
   67.765   11.009000  4.533712e+02  2.513938e+02 
   67.765   11.112000  4.537834e+02  2.514513e+02 
   67.765   11.215000  4.541901e+02  2.515080e+02 
   67.765   11.318000  4.545912e+02  2.515640e+02 
   67.765   11.421000  4.549870e+02  2.516194e+02 
   67.765   11.524000  4.553775e+02  2.516741e+02 
   67.765   11.627000  4.557627e+02  2.517282e+02 
   67.765   11.730000  4.561424e+02  2.517817e+02 
   67.765   11.833000  4.565166e+02  2.518346e+02 
   67.765   11.935000  4.568818e+02  2.518863e+02 
   67.765   12.038000  4.572454e+02  2.519378e+02 
   67.765   12.141000  4.576039e+02  2.519886e+02 
   67.765   12.244000  4.579574e+02  2.520387e+02 
   67.765   12.347000  4.583062e+02  2.520881e+02 
   67.765   12.450000  4.586504e+02  2.521367e+02 
   67.765   12.553000  4.589900e+02  2.521847e+02 
   67.765   12.656000  4.593251e+02  2.522318e+02 
   67.765   12.759000  4.596559e+02  2.522782e+02 
   67.765   12.861000  4.599796e+02  2.523234e+02 
   67.765   12.964000  4.603026e+02  2.523682e+02 
   67.765   13.067000  4.606220e+02  2.524122e+02 
   67.765   13.170000  4.609377e+02  2.524553e+02 
   67.765   13.273000  4.612496e+02  2.524977e+02 
   67.765   13.376000  4.615580e+02  2.525391e+02 
   67.765   13.479000  4.618629e+02  2.525797e+02 
   67.765   13.582000  4.621642e+02  2.526194e+02 
   67.765   13.685000  4.624622e+02  2.526581e+02 
   67.765   13.787000  4.627541e+02  2.526955e+02 
   67.765   13.890000  4.630456e+02  2.527324e+02 
   67.765   13.993000  4.633339e+02  2.527682e+02 
   67.765   14.096000  4.636192e+02  2.528031e+02 
   67.765   14.199000  4.639014e+02  2.528371e+02 
   67.765   14.302000  4.641804e+02  2.528701e+02 
   67.765   14.405000  4.644562e+02  2.529022e+02 
   67.765   14.508000  4.647289e+02  2.529336e+02 
   67.765   14.611000  4.649984e+02  2.529642e+02 
   67.765   14.713000  4.652619e+02  2.529939e+02 
   67.765   14.816000  4.655248e+02  2.530232e+02 
   67.765   14.919000  4.657844e+02  2.530519e+02 
   67.765   15.022000  4.660408e+02  2.530800e+02 
   67.765   15.125000  4.662940e+02  2.531076e+02 
   67.765   15.228000  4.665441e+02  2.531347e+02 
   67.765   15.331000  4.667910e+02  2.531611e+02 
   67.765   15.434000  4.670349e+02  2.531871e+02 
   67.765   15.537000  4.672758e+02  2.532124e+02 
   67.765   15.640000  4.675137e+02  2.532373e+02 
   67.765   15.742001  4.677463e+02  2.532614e+02 
   67.765   15.845000  4.679785e+02  2.532851e+02 
   67.765   15.948001  4.682079e+02  2.533084e+02 
   67.765   16.050999  4.684348e+02  2.533311e+02 
   67.765   16.153999  4.686592e+02  2.533533e+02 
   67.765   16.257000  4.688814e+02  2.533750e+02 
   67.765   16.359999  4.691011e+02  2.533961e+02 
   67.765   16.462999  4.693187e+02  2.534167e+02 
   67.765   16.566000  4.695340e+02  2.534367e+02 
   67.765   16.667999  4.697451e+02  2.534559e+02 
   67.765   16.771000  4.699563e+02  2.534746e+02 
   67.765   16.873999  4.701657e+02  2.534926e+02 
   67.765   16.976999  4.703732e+02  2.535100e+02 
   67.765   17.080000  4.705792e+02  2.535265e+02 
   67.765   17.182999  4.707838e+02  2.535421e+02 
   67.765   17.285999  4.709872e+02  2.535567e+02 
   67.765   17.389000  4.711892e+02  2.535704e+02 
   67.765   17.491999  4.713901e+02  2.535833e+02 
   67.765   17.594000  4.715879e+02  2.535950e+02 
   67.765   17.696999  4.717864e+02  2.536060e+02 
   67.765   17.799999  4.719835e+02  2.536162e+02 
   67.765   17.903000  4.721791e+02  2.536258e+02 
   67.765   18.005999  4.723730e+02  2.536347e+02 
   67.765   18.108999  4.725654e+02  2.536431e+02 
   67.765   18.212000  4.727561e+02  2.536509e+02 
   67.765   18.314999  4.729452e+02  2.536582e+02 
   67.765   18.417999  4.731326e+02  2.536649e+02 
   67.765   18.519999  4.733166e+02  2.536711e+02 
   67.765   18.622999  4.735009e+02  2.536768e+02 
   67.765   18.726000  4.736838e+02  2.536819e+02 
   67.765   18.828999  4.738651e+02  2.536865e+02 
   67.765   18.931999  4.740450e+02  2.536906e+02 
   67.765   19.035000  4.742235e+02  2.536942e+02 
   67.765   19.137999  4.744006e+02  2.536973e+02 
   67.765   19.240999  4.745764e+02  2.536999e+02 
   67.765   19.344000  4.747509e+02  2.537021e+02 
   67.765   19.446999  4.749240e+02  2.537038e+02 
   67.765   19.549000  4.750942e+02  2.537050e+02 
   67.765   19.651999  4.752647e+02  2.537058e+02 
   67.765   19.754999  4.754340e+02  2.537062e+02 
   67.765   19.858000  4.756021e+02  2.537061e+02 
   67.765   19.960999  4.757689e+02  2.537056e+02 
   67.765   20.063999  4.759348e+02  2.537045e+02 
   67.765   20.362999  4.764113e+02  2.536981e+02 
   67.765   20.858999  4.771788e+02  2.536804e+02 
   67.765   21.355000  4.779182e+02  2.536547e+02 
   67.765   21.849998  4.786273e+02  2.536224e+02 
   67.765   22.345999  4.793026e+02  2.535881e+02 
   67.765   22.841999  4.799370e+02  2.535559e+02 
   67.765   23.337999  4.805284e+02  2.535273e+02 
   67.765   23.832998  4.810798e+02  2.535013e+02 
   67.765   24.328999  4.815997e+02  2.534756e+02 
   67.765   24.824999  4.820893e+02  2.534500e+02 
   67.765   25.320999  4.825471e+02  2.534257e+02 
   67.765   25.816000  4.829730e+02  2.534032e+02 
   67.765   26.311998  4.833718e+02  2.533818e+02 
   67.765   26.807999  4.837452e+02  2.533610e+02 
   67.765   27.303999  4.840941e+02  2.533409e+02 
   67.765   27.799000  4.844192e+02  2.533217e+02 
   67.765   28.295000  4.847238e+02  2.533029e+02 
   67.765   28.790998  4.850101e+02  2.532843e+02 
   67.765   29.286999  4.852806e+02  2.532655e+02 
   67.765   29.782000  4.855369e+02  2.532464e+02 
   67.765   30.278000  4.857816e+02  2.532269e+02 
   67.765   30.773998  4.860157e+02  2.532071e+02 
   67.765   31.269999  4.862411e+02  2.531871e+02 
   67.765   31.764999  4.864588e+02  2.531670e+02 
   67.765   32.261002  4.866720e+02  2.531468e+02 
   67.765   32.757000  4.868820e+02  2.531265e+02 
   67.765   33.253002  4.870905e+02  2.531065e+02 
   67.765   33.748001  4.872985e+02  2.530871e+02 
   67.765   34.243999  4.875082e+02  2.530686e+02 
   67.765   34.740002  4.877209e+02  2.530510e+02 
   67.765   35.236000  4.879376e+02  2.530345e+02 
   67.765   35.731003  4.881591e+02  2.530190e+02 
   67.765   36.227001  4.883868e+02  2.530045e+02 
   67.765   36.723000  4.886203e+02  2.529909e+02 
   67.765   37.219002  4.888592e+02  2.529783e+02 
   67.765   37.715000  4.891023e+02  2.529664e+02 
   67.765   38.210003  4.893479e+02  2.529555e+02 
   67.765   38.706001  4.895950e+02  2.529454e+02 
   67.765   39.202000  4.898414e+02  2.529362e+02 
   67.765   39.698002  4.900849e+02  2.529279e+02 
   67.765   40.198002  4.903222e+02  2.529216e+02 
   67.765   45.198002  4.921904e+02  2.529001e+02 
   67.765   50.198002  4.928997e+02  2.529022e+02 
   67.765   55.198002  4.931479e+02  2.529078e+02 
   67.765   60.198002  4.938918e+02  2.529125e+02 
   67.765   65.197998  4.951251e+02  2.529157e+02 
