    0.000    0.000000  0.000000e+00  3.507965e+02 
    0.000    0.103000  0.000000e+00  3.503465e+02 
    0.000    0.206000  0.000000e+00  3.491630e+02 
    0.000    0.309000  0.000000e+00  3.475956e+02 
    0.000    0.412000  0.000000e+00  3.460074e+02 
    0.000    0.515000  0.000000e+00  3.443677e+02 
    0.000    0.617000  0.000000e+00  3.426198e+02 
    0.000    0.720000  0.000000e+00  3.346429e+02 
    0.000    0.823000  0.000000e+00  3.287944e+02 
    0.000    0.926000  0.000000e+00  3.248387e+02 
    0.000    1.029000  0.000000e+00  3.215885e+02 
    0.000    1.132000  0.000000e+00  3.186352e+02 
    0.000    1.235000  0.000000e+00  3.161696e+02 
    0.000    1.338000  0.000000e+00  3.139024e+02 
    0.000    1.441000  0.000000e+00  3.116662e+02 
    0.000    1.543000  0.000000e+00  3.094318e+02 
    0.000    1.646000  0.000000e+00  3.072508e+02 
    0.000    1.749000  0.000000e+00  3.050298e+02 
    0.000    1.852000  0.000000e+00  3.044873e+02 
    0.000    1.955000  0.000000e+00  3.036736e+02 
    0.000    2.058000  0.000000e+00  3.027414e+02 
    0.000    2.161000  0.000000e+00  3.004707e+02 
    0.000    2.264000  0.000000e+00  2.980957e+02 
    0.000    2.367000  0.000000e+00  2.953913e+02 
    0.000    2.469000  0.000000e+00  2.924310e+02 
    0.000    2.572000  0.000000e+00  2.891879e+02 
    0.000    2.675000  0.000000e+00  2.881279e+02 
    0.000    2.778000  0.000000e+00  2.868692e+02 
    0.000    2.881000  0.000000e+00  2.854989e+02 
    0.000    2.984000  0.000000e+00  2.840630e+02 
    0.000    3.087000  0.000000e+00  2.825882e+02 
    0.000    3.190000  0.000000e+00  2.810312e+02 
    0.000    3.293000  0.000000e+00  2.793625e+02 
    0.000    3.395000  0.000000e+00  2.775712e+02 
    0.000    3.498000  0.000000e+00  2.756890e+02 
    0.000    3.601000  0.000000e+00  2.737478e+02 
    0.000    3.704000  0.000000e+00  2.718158e+02 
    0.000    3.807000  0.000000e+00  2.699238e+02 
    0.000    3.910000  0.000000e+00  2.681638e+02 
    0.000    4.013000  0.000000e+00  2.665573e+02 
    0.000    4.116000  0.000000e+00  2.649342e+02 
    0.000    4.219000  0.000000e+00  2.630891e+02 
    0.000    4.321000  0.000000e+00  2.609468e+02 
    0.000    4.424000  0.000000e+00  2.584754e+02 
    0.000    4.527000  0.000000e+00  2.557983e+02 
    0.000    4.630000  0.000000e+00  2.531272e+02 
    0.000    4.733000  0.000000e+00  2.506038e+02 
    0.000    4.836000  0.000000e+00  2.482455e+02 
    0.000    4.939000  0.000000e+00  2.460936e+02 
    0.000    5.042000  0.000000e+00  2.439638e+02 
    0.000    5.145000  0.000000e+00  2.419216e+02 
    0.000    5.247000  0.000000e+00  2.399539e+02 
    0.000    5.350000  0.000000e+00  2.380543e+02 
    0.000    5.453000  0.000000e+00  2.362096e+02 
    0.000    5.556000  0.000000e+00  2.343241e+02 
    0.000    5.659000  0.000000e+00  2.326897e+02 
    0.000    5.762000  0.000000e+00  2.311193e+02 
    0.000    5.865000  0.000000e+00  2.296373e+02 
    0.000    5.968000  0.000000e+00  2.282173e+02 
    0.000    6.071000  0.000000e+00  2.270349e+02 
    0.000    6.174000  0.000000e+00  2.259702e+02 
    0.000    6.276000  0.000000e+00  2.251443e+02 
    0.000    6.379000  0.000000e+00  2.243178e+02 
    0.000    6.482000  0.000000e+00  2.235021e+02 
    0.000    6.585000  0.000000e+00  2.226999e+02 
    0.000    6.688000  0.000000e+00  2.218178e+02 
    0.000    6.791000  0.000000e+00  2.209799e+02 
    0.000    6.894000  0.000000e+00  2.201519e+02 
    0.000    6.997000  0.000000e+00  2.194111e+02 
    0.000    7.100000  0.000000e+00  2.187057e+02 
    0.000    7.202000  0.000000e+00  2.181201e+02 
    0.000    7.305000  0.000000e+00  2.176451e+02 
    0.000    7.408000  0.000000e+00  2.172412e+02 
    0.000    7.511000  0.000000e+00  2.169467e+02 
    0.000    7.614000  0.000000e+00  2.167218e+02 
    0.000    7.717000  0.000000e+00  2.165476e+02 
    0.000    7.820000  0.000000e+00  2.164134e+02 
    0.000    7.923000  0.000000e+00  2.163098e+02 
    0.000    8.026000  0.000000e+00  2.162192e+02 
    0.000    8.128000  0.000000e+00  2.161477e+02 
    0.000    8.231000  0.000000e+00  2.160900e+02 
    0.000    8.334001  0.000000e+00  2.160240e+02 
    0.000    8.437000  0.000000e+00  2.159469e+02 
    0.000    8.540000  0.000000e+00  2.158579e+02 
    0.000    8.643001  0.000000e+00  2.157516e+02 
    0.000    8.746000  0.000000e+00  2.156232e+02 
    0.000    8.849000  0.000000e+00  2.154846e+02 
    0.000    8.952001  0.000000e+00  2.153444e+02 
    0.000    9.054000  0.000000e+00  2.151814e+02 
    0.000    9.157001  0.000000e+00  2.149859e+02 
    0.000    9.260000  0.000000e+00  2.148412e+02 
    0.000    9.363000  0.000000e+00  2.146982e+02 
    0.000    9.466001  0.000000e+00  2.146152e+02 
    0.000    9.569000  0.000000e+00  2.145421e+02 
    0.000    9.672000  0.000000e+00  2.144761e+02 
    0.000    9.775001  0.000000e+00  2.144173e+02 
    0.000    9.878000  0.000000e+00  2.143738e+02 
    0.000    9.980000  0.000000e+00  2.143417e+02 
    0.000   10.083000  0.000000e+00  2.143162e+02 
    0.000   10.186000  0.000000e+00  2.142963e+02 
    0.000   10.289001  0.000000e+00  2.142808e+02 
    0.000   10.392000  0.000000e+00  2.142652e+02 
    0.000   10.495000  0.000000e+00  2.142412e+02 
    0.000   10.598001  0.000000e+00  2.142120e+02 
    0.000   10.701000  0.000000e+00  2.141795e+02 
    0.000   10.804000  0.000000e+00  2.141412e+02 
    0.000   10.906000  0.000000e+00  2.140997e+02 
    0.000   11.009000  0.000000e+00  2.140549e+02 
    0.000   11.112000  0.000000e+00  2.140048e+02 
    0.000   11.215000  0.000000e+00  2.139509e+02 
    0.000   11.318000  0.000000e+00  2.138943e+02 
    0.000   11.421000  0.000000e+00  2.138322e+02 
    0.000   11.524000  0.000000e+00  2.137663e+02 
    0.000   11.627000  0.000000e+00  2.136985e+02 
    0.000   11.730000  0.000000e+00  2.136327e+02 
    0.000   11.833000  0.000000e+00  2.135685e+02 
    0.000   11.935000  0.000000e+00  2.135055e+02 
    0.000   12.038000  0.000000e+00  2.134456e+02 
    0.000   12.141001  0.000000e+00  2.133884e+02 
    0.000   12.244000  0.000000e+00  2.133330e+02 
    0.000   12.347000  0.000000e+00  2.132766e+02 
    0.000   12.450001  0.000000e+00  2.132191e+02 
    0.000   12.553000  0.000000e+00  2.131612e+02 
    0.000   12.656000  0.000000e+00  2.115132e+02 
    0.000   12.759000  0.000000e+00  2.097580e+02 
    0.000   12.861000  0.000000e+00  2.097007e+02 
    0.000   12.964001  0.000000e+00  2.096422e+02 
    0.000   13.067000  0.000000e+00  2.095832e+02 
    0.000   13.170000  0.000000e+00  2.095240e+02 
    0.000   13.273001  0.000000e+00  2.094656e+02 
    0.000   13.376000  0.000000e+00  2.094096e+02 
    0.000   13.479000  0.000000e+00  2.093554e+02 
    0.000   13.582001  0.000000e+00  2.093027e+02 
    0.000   13.685000  0.000000e+00  2.092545e+02 
    0.000   13.787001  0.000000e+00  2.092104e+02 
    0.000   13.890000  0.000000e+00  2.091679e+02 
    0.000   13.993000  0.000000e+00  2.091302e+02 
    0.000   14.096001  0.000000e+00  2.090969e+02 
    0.000   14.199000  0.000000e+00  2.090666e+02 
    0.000   14.302000  0.000000e+00  2.090384e+02 
    0.000   14.405001  0.000000e+00  2.090118e+02 
    0.000   14.508000  0.000000e+00  2.089866e+02 
    0.000   14.611000  0.000000e+00  2.089617e+02 
    0.000   14.713000  0.000000e+00  2.089349e+02 
    0.000   14.816000  0.000000e+00  2.089062e+02 
    0.000   14.919001  0.000000e+00  2.088770e+02 
    0.000   15.022000  0.000000e+00  2.088459e+02 
    0.000   15.125000  0.000000e+00  2.088131e+02 
    0.000   15.228001  0.000000e+00  2.087794e+02 
    0.000   15.331000  0.000000e+00  2.087452e+02 
    0.000   15.434000  0.000000e+00  2.087082e+02 
    0.000   15.537001  0.000000e+00  2.086733e+02 
    0.000   15.639000  0.000000e+00  2.086381e+02 
    0.000   15.742001  0.000000e+00  2.086001e+02 
    0.000   15.845000  0.000000e+00  2.085600e+02 
    0.000   15.948000  0.000000e+00  2.085187e+02 
    0.000   16.051001  0.000000e+00  2.084767e+02 
    0.000   16.154001  0.000000e+00  2.084340e+02 
    0.000   16.257000  0.000000e+00  2.083909e+02 
    0.000   16.360001  0.000000e+00  2.083481e+02 
    0.000   16.462999  0.000000e+00  2.083067e+02 
    0.000   16.566000  0.000000e+00  2.082664e+02 
    0.000   16.668001  0.000000e+00  2.082270e+02 
    0.000   16.771000  0.000000e+00  2.081895e+02 
    0.000   16.874001  0.000000e+00  2.081539e+02 
    0.000   16.977001  0.000000e+00  2.081197e+02 
    0.000   17.080000  0.000000e+00  2.080868e+02 
    0.000   17.183001  0.000000e+00  2.080554e+02 
    0.000   17.286001  0.000000e+00  2.080252e+02 
    0.000   17.389000  0.000000e+00  2.079960e+02 
    0.000   17.492001  0.000000e+00  2.079671e+02 
    0.000   17.594000  0.000000e+00  2.079389e+02 
    0.000   17.697001  0.000000e+00  2.079109e+02 
    0.000   17.800001  0.000000e+00  2.078832e+02 
    0.000   17.903000  0.000000e+00  2.078559e+02 
    0.000   18.006001  0.000000e+00  2.078290e+02 
    0.000   18.109001  0.000000e+00  2.078024e+02 
    0.000   18.212000  0.000000e+00  2.077761e+02 
    0.000   18.315001  0.000000e+00  2.077500e+02 
    0.000   18.418001  0.000000e+00  2.077241e+02 
    0.000   18.520000  0.000000e+00  2.076987e+02 
    0.000   18.623001  0.000000e+00  2.076731e+02 
    0.000   18.726000  0.000000e+00  2.076476e+02 
    0.000   18.829000  0.000000e+00  2.076222e+02 
    0.000   18.932001  0.000000e+00  2.075965e+02 
    0.000   19.035000  0.000000e+00  2.075702e+02 
    0.000   19.138000  0.000000e+00  2.075433e+02 
    0.000   19.241001  0.000000e+00  2.075162e+02 
    0.000   19.344000  0.000000e+00  2.074893e+02 
    0.000   19.446001  0.000000e+00  2.074630e+02 
    0.000   19.549000  0.000000e+00  2.074367e+02 
    0.000   19.652000  0.000000e+00  2.074108e+02 
    0.000   19.755001  0.000000e+00  2.073863e+02 
    0.000   19.858000  0.000000e+00  2.073633e+02 
    0.000   19.961000  0.000000e+00  2.073414e+02 
    0.000   20.064001  0.000000e+00  2.073203e+02 
    0.000   20.363001  0.000000e+00  2.072618e+02 
    0.000   20.859001  0.000000e+00  2.071673e+02 
    0.000   21.355000  0.000000e+00  2.070818e+02 
    0.000   21.850000  0.000000e+00  2.070038e+02 
    0.000   22.346001  0.000000e+00  2.069254e+02 
    0.000   22.842001  0.000000e+00  2.068515e+02 
    0.000   23.337999  0.000000e+00  2.067887e+02 
    0.000   23.833000  0.000000e+00  2.067381e+02 
    0.000   24.329000  0.000000e+00  2.066993e+02 
    0.000   24.825001  0.000000e+00  2.066781e+02 
    0.000   25.321001  0.000000e+00  2.066705e+02 
    0.000   25.816000  0.000000e+00  2.066705e+02 
    0.000   26.312000  0.000000e+00  2.066854e+02 
    0.000   26.808001  0.000000e+00  2.067093e+02 
    0.000   27.304001  0.000000e+00  2.067346e+02 
    0.000   27.799000  0.000000e+00  2.067586e+02 
    0.000   28.295000  0.000000e+00  2.067831e+02 
    0.000   28.791000  0.000000e+00  2.068141e+02 
    0.000   29.287001  0.000000e+00  2.068583e+02 
    0.000   29.782000  0.000000e+00  2.069124e+02 
    0.000   30.278000  0.000000e+00  2.069722e+02 
    0.000   30.774000  0.000000e+00  2.070286e+02 
    0.000   31.270000  0.000000e+00  2.070814e+02 
    0.000   31.764999  0.000000e+00  2.071317e+02 
    0.000   32.260998  0.000000e+00  2.071843e+02 
    0.000   32.757000  0.000000e+00  2.072407e+02 
    0.000   33.252998  0.000000e+00  2.073033e+02 
    0.000   33.747997  0.000000e+00  2.073706e+02 
    0.000   34.243999  0.000000e+00  2.074408e+02 
    0.000   34.739998  0.000000e+00  2.075084e+02 
    0.000   35.236000  0.000000e+00  2.075718e+02 
    0.000   35.730999  0.000000e+00  2.076286e+02 
    0.000   36.226997  0.000000e+00  2.076801e+02 
    0.000   36.723000  0.000000e+00  2.077279e+02 
    0.000   37.218998  0.000000e+00  2.077729e+02 
    0.000   37.713997  0.000000e+00  2.078176e+02 
    0.000   38.209999  0.000000e+00  2.078625e+02 
    0.000   38.705997  0.000000e+00  2.079084e+02 
    0.000   39.202000  0.000000e+00  2.079551e+02 
    0.000   39.696999  0.000000e+00  2.080037e+02 
    0.000   40.196999  0.000000e+00  2.080553e+02 
    0.000   45.196999  0.000000e+00  2.085076e+02 
    0.000   50.196999  0.000000e+00  2.087296e+02 
    0.000   55.196999  0.000000e+00  2.087314e+02 
    0.000   60.196999  0.000000e+00  2.086624e+02 
    0.000   65.196999  0.000000e+00  2.086102e+02 
