   67.697    0.000000  0.000000e+00  1.934288e+00 
   67.697    0.102000  0.000000e+00  1.968986e+00 
   67.697    0.205000  0.000000e+00  2.004117e+00 
   67.697    0.308000  0.000000e+00  2.039171e+00 
   67.697    0.411000  0.000000e+00  2.074029e+00 
   67.697    0.514000  0.000000e+00  2.108641e+00 
   67.697    0.617000  0.000000e+00  3.697277e+00 
   67.697    0.720000  0.000000e+00  5.910133e+00 
   67.697    0.823000  0.000000e+00  8.622718e+00 
   67.697    0.926000  0.000000e+00  1.171422e+01 
   67.697    1.028000  0.000000e+00  1.516793e+01 
   67.697    1.131000  0.000000e+00  1.902181e+01 
   67.697    1.234000  0.000000e+00  2.319066e+01 
   67.697    1.337000  0.000000e+00  2.770324e+01 
   67.697    1.440000  0.000000e+00  3.255766e+01 
   67.697    1.543000  0.000000e+00  3.772832e+01 
   67.697    1.646000  0.000000e+00  4.319254e+01 
   67.697    1.749000  0.000000e+00  4.895686e+01 
   67.697    1.852000  0.000000e+00  5.193732e+01 
   67.697    1.954000  0.000000e+00  6.856319e+01 
   67.697    2.057000  1.349305e-38  8.622509e+01 
   67.697    2.160000  1.627755e-34  1.027380e+02 
   67.697    2.263000  1.143738e-28  1.244950e+02 
   67.697    2.366000  5.873009e-23  1.460926e+02 
   67.697    2.469000  1.753160e-17  1.673214e+02 
   67.697    2.572000  1.830874e-12  1.876211e+02 
   67.697    2.675000  3.205792e-08  2.061475e+02 
   67.697    2.778000  7.030832e-05  2.233953e+02 
   67.697    2.880000  2.287147e-02  2.420844e+02 
   67.697    2.983000  1.651894e+00  2.678475e+02 
   67.697    3.086000  3.594112e+01  3.046062e+02 
   67.697    3.189000  6.466373e+01  3.129726e+02 
   67.697    3.292000  9.514744e+01  3.190183e+02 
   67.697    3.395000  1.219063e+02  3.230175e+02 
   67.697    3.498000  1.420981e+02  3.254709e+02 
   67.697    3.601000  1.569893e+02  3.270222e+02 
   67.697    3.704000  1.677145e+02  3.280134e+02 
   67.697    3.806000  1.737010e+02  3.284687e+02 
   67.697    3.909000  1.760650e+02  3.285431e+02 
   67.697    4.012000  1.782669e+02  3.286188e+02 
   67.697    4.115000  1.798673e+02  3.286451e+02 
   67.697    4.218000  1.839996e+02  3.289642e+02 
   67.697    4.321000  1.884882e+02  3.293269e+02 
   67.697    4.424000  1.947580e+02  3.298783e+02 
   67.697    4.527000  2.031517e+02  3.306338e+02 
   67.697    4.630000  2.125919e+02  3.314644e+02 
   67.697    4.732000  2.225012e+02  3.323071e+02 
   67.697    4.835000  2.324316e+02  3.331183e+02 
   67.697    4.938000  2.421855e+02  3.338854e+02 
   67.697    5.041000  2.515363e+02  3.345947e+02 
   67.697    5.144000  2.612482e+02  3.353131e+02 
   67.697    5.247000  2.738138e+02  3.362284e+02 
   67.697    5.350000  2.895403e+02  3.373318e+02 
   67.697    5.453000  3.069548e+02  3.384877e+02 
   67.697    5.556000  3.240952e+02  3.395560e+02 
   67.697    5.659000  3.386384e+02  3.404085e+02 
   67.697    5.761000  3.476104e+02  3.409055e+02 
   67.697    5.864000  3.539544e+02  3.412461e+02 
   67.697    5.967000  3.550299e+02  3.412845e+02 
   67.697    6.070000  3.560838e+02  3.413296e+02 
   67.697    6.173000  3.571182e+02  3.413799e+02 
   67.697    6.276000  3.581365e+02  3.414344e+02 
   67.697    6.379000  3.591429e+02  3.414920e+02 
   67.697    6.482000  3.601389e+02  3.415526e+02 
   67.697    6.585000  3.611265e+02  3.416154e+02 
   67.697    6.687000  3.620991e+02  3.416793e+02 
   67.697    6.790000  3.630752e+02  3.417455e+02 
   67.697    6.893000  3.640522e+02  3.418123e+02 
   67.697    6.996000  3.650394e+02  3.418792e+02 
   67.697    7.099000  3.660305e+02  3.419461e+02 
   67.697    7.202000  3.669926e+02  3.420134e+02 
   67.697    7.305000  3.737831e+02  3.424432e+02 
   67.697    7.408000  3.786871e+02  3.427553e+02 
   67.697    7.511000  3.829942e+02  3.430323e+02 
   67.697    7.613000  3.884679e+02  3.433775e+02 
   67.697    7.716000  3.949937e+02  3.437765e+02 
   67.697    7.819000  4.016300e+02  3.441702e+02 
   67.697    7.922000  4.079467e+02  3.445349e+02 
   67.697    8.025001  4.144906e+02  3.448993e+02 
   67.697    8.128000  4.209221e+02  3.452452e+02 
   67.697    8.231000  4.260064e+02  3.455161e+02 
   67.697    8.334001  4.320460e+02  3.458227e+02 
   67.697    8.437000  4.368835e+02  3.460676e+02 
   67.697    8.539001  4.416388e+02  3.463031e+02 
   67.697    8.642000  4.440200e+02  3.464719e+02 
   67.697    8.745000  4.445293e+02  3.465208e+02 
   67.697    8.848001  4.450235e+02  3.465688e+02 
   67.697    8.951000  4.455373e+02  3.466142e+02 
   67.697    9.054000  4.460450e+02  3.466582e+02 
   67.697    9.157001  4.465495e+02  3.467007e+02 
   67.697    9.260000  4.470557e+02  3.467415e+02 
   67.697    9.363000  4.475317e+02  3.467819e+02 
   67.697    9.465000  4.480028e+02  3.468202e+02 
   67.697    9.568000  4.484789e+02  3.468573e+02 
   67.697    9.671000  4.489553e+02  3.468927e+02 
   67.697    9.774000  4.494290e+02  3.469267e+02 
   67.697    9.877000  4.498960e+02  3.469592e+02 
   67.697    9.980000  4.503555e+02  3.469904e+02 
   67.697   10.083000  4.508068e+02  3.470202e+02 
   67.697   10.186000  4.512807e+02  3.470482e+02 
   67.697   10.289001  4.517435e+02  3.470752e+02 
   67.697   10.391000  4.521927e+02  3.471011e+02 
   67.697   10.494000  4.526400e+02  3.471265e+02 
   67.697   10.597000  4.530814e+02  3.471512e+02 
   67.697   10.700000  4.535168e+02  3.471754e+02 
   67.697   10.803000  4.539461e+02  3.471990e+02 
   67.697   10.906000  4.543693e+02  3.472222e+02 
   67.697   11.009000  4.547866e+02  3.472451e+02 
   67.697   11.112000  4.551983e+02  3.472677e+02 
   67.697   11.215000  4.556046e+02  3.472900e+02 
   67.697   11.318000  4.560055e+02  3.473122e+02 
   67.697   11.420000  4.563973e+02  3.473340e+02 
   67.697   11.523000  4.567877e+02  3.473559e+02 
   67.697   11.626000  4.571727e+02  3.473777e+02 
   67.697   11.729000  4.575524e+02  3.473993e+02 
   67.697   11.832000  4.579267e+02  3.474207e+02 
   67.697   11.935000  4.582957e+02  3.474419e+02 
   67.697   12.038000  4.586595e+02  3.474629e+02 
   67.697   12.141000  4.590184e+02  3.474836e+02 
   67.697   12.244000  4.593722e+02  3.475040e+02 
   67.697   12.346000  4.597178e+02  3.475239e+02 
   67.697   12.449000  4.600622e+02  3.475436e+02 
   67.697   12.552000  4.604019e+02  3.475630e+02 
   67.697   12.655000  4.607371e+02  3.475820e+02 
   67.697   12.758000  4.610680e+02  3.476006e+02 
   67.697   12.861000  4.613950e+02  3.476188e+02 
   67.697   12.964000  4.617181e+02  3.476365e+02 
   67.697   13.067000  4.620376e+02  3.476537e+02 
   67.697   13.170000  4.623533e+02  3.476704e+02 
   67.697   13.272000  4.626624e+02  3.476864e+02 
   67.697   13.375000  4.629709e+02  3.477020e+02 
   67.697   13.478001  4.632758e+02  3.477170e+02 
   67.697   13.581000  4.635772e+02  3.477314e+02 
   67.697   13.684000  4.638752e+02  3.477451e+02 
   67.697   13.787000  4.641699e+02  3.477581e+02 
   67.697   13.890000  4.644613e+02  3.477705e+02 
   67.697   13.993000  4.647495e+02  3.477822e+02 
   67.697   14.096000  4.650346e+02  3.477932e+02 
   67.697   14.198000  4.653139e+02  3.478033e+02 
   67.697   14.301001  4.655928e+02  3.478128e+02 
   67.697   14.404000  4.658686e+02  3.478218e+02 
   67.697   14.507000  4.661412e+02  3.478302e+02 
   67.697   14.610001  4.664106e+02  3.478380e+02 
   67.697   14.713000  4.666768e+02  3.478456e+02 
   67.697   14.816000  4.669396e+02  3.478527e+02 
   67.697   14.919001  4.671993e+02  3.478595e+02 
   67.697   15.022000  4.674557e+02  3.478660e+02 
   67.697   15.124001  4.677065e+02  3.478722e+02 
   67.697   15.227000  4.679566e+02  3.478781e+02 
   67.697   15.330000  4.682035e+02  3.478838e+02 
   67.697   15.433001  4.684475e+02  3.478891e+02 
   67.697   15.536000  4.686884e+02  3.478942e+02 
   67.697   15.639000  4.689263e+02  3.478989e+02 
   67.697   15.742001  4.691612e+02  3.479034e+02 
   67.697   15.845000  4.693934e+02  3.479076e+02 
   67.697   15.948001  4.696228e+02  3.479114e+02 
   67.697   16.050999  4.698497e+02  3.479150e+02 
   67.697   16.153000  4.700720e+02  3.479182e+02 
   67.697   16.255999  4.702941e+02  3.479212e+02 
   67.697   16.358999  4.705139e+02  3.479238e+02 
   67.697   16.462000  4.707314e+02  3.479261e+02 
   67.697   16.564999  4.709467e+02  3.479280e+02 
   67.697   16.667999  4.711598e+02  3.479294e+02 
   67.697   16.771000  4.713710e+02  3.479304e+02 
   67.697   16.873999  4.715803e+02  3.479308e+02 
   67.697   16.976999  4.717878e+02  3.479308e+02 
   67.697   17.078999  4.719916e+02  3.479299e+02 
   67.697   17.181999  4.721962e+02  3.479283e+02 
   67.697   17.285000  4.723995e+02  3.479257e+02 
   67.697   17.387999  4.726014e+02  3.479224e+02 
   67.697   17.490999  4.728022e+02  3.479181e+02 
   67.697   17.594000  4.730019e+02  3.479130e+02 
   67.697   17.696999  4.732003e+02  3.479070e+02 
   67.697   17.799999  4.733974e+02  3.479003e+02 
   67.697   17.903000  4.735929e+02  3.478931e+02 
   67.697   18.004999  4.737850e+02  3.478855e+02 
   67.697   18.108000  4.739773e+02  3.478773e+02 
   67.697   18.210999  4.741680e+02  3.478687e+02 
   67.697   18.313999  4.743570e+02  3.478596e+02 
   67.697   18.417000  4.745444e+02  3.478503e+02 
   67.697   18.519999  4.747302e+02  3.478405e+02 
   67.697   18.622999  4.749145e+02  3.478302e+02 
   67.697   18.726000  4.750973e+02  3.478195e+02 
   67.697   18.828999  4.752786e+02  3.478084e+02 
   67.697   18.931000  4.754567e+02  3.477970e+02 
   67.697   19.033998  4.756352e+02  3.477851e+02 
   67.697   19.136999  4.758123e+02  3.477728e+02 
   67.697   19.240000  4.759880e+02  3.477601e+02 
   67.697   19.342999  4.761624e+02  3.477471e+02 
   67.697   19.445999  4.763356e+02  3.477337e+02 
   67.697   19.549000  4.765074e+02  3.477199e+02 
   67.697   19.651999  4.766779e+02  3.477059e+02 
   67.697   19.754999  4.768472e+02  3.476915e+02 
   67.697   19.856998  4.770136e+02  3.476768e+02 
   67.697   19.959999  4.771803e+02  3.476617e+02 
   67.697   20.063000  4.773462e+02  3.476461e+02 
   67.697   20.362999  4.778241e+02  3.475977e+02 
   67.697   20.858000  4.785899e+02  3.475125e+02 
   67.697   21.354000  4.793292e+02  3.474212e+02 
   67.697   21.849998  4.800398e+02  3.473257e+02 
   67.697   22.345999  4.807152e+02  3.472313e+02 
   67.697   22.841000  4.813485e+02  3.471431e+02 
   67.697   23.337000  4.819401e+02  3.470626e+02 
   67.697   23.832998  4.824928e+02  3.469884e+02 
   67.697   24.328999  4.830127e+02  3.469176e+02 
   67.697   24.823999  4.835011e+02  3.468497e+02 
   67.697   25.320000  4.839588e+02  3.467858e+02 
   67.697   25.816000  4.843856e+02  3.467265e+02 
   67.697   26.311998  4.847844e+02  3.466708e+02 
   67.697   26.806999  4.851571e+02  3.466180e+02 
   67.697   27.302999  4.855061e+02  3.465681e+02 
   67.697   27.799000  4.858319e+02  3.465209e+02 
   67.697   28.295000  4.861366e+02  3.464761e+02 
   67.697   28.789999  4.864224e+02  3.464331e+02 
   67.697   29.285999  4.866929e+02  3.463912e+02 
   67.697   29.782000  4.869498e+02  3.463502e+02 
   67.697   30.278000  4.871945e+02  3.463098e+02 
   67.697   30.772999  4.874285e+02  3.462703e+02 
   67.697   31.268999  4.876541e+02  3.462314e+02 
   67.697   31.764999  4.878727e+02  3.461933e+02 
   67.697   32.261002  4.880864e+02  3.461559e+02 
   67.697   32.756001  4.882967e+02  3.461193e+02 
   67.697   33.252003  4.885057e+02  3.460839e+02 
   67.697   33.748001  4.887148e+02  3.460499e+02 
   67.697   34.243999  4.889252e+02  3.460178e+02 
   67.697   34.739002  4.891381e+02  3.459875e+02 
   67.697   35.235001  4.893556e+02  3.459591e+02 
   67.697   35.731003  4.895783e+02  3.459326e+02 
   67.697   36.227001  4.898069e+02  3.459077e+02 
   67.697   36.722000  4.900407e+02  3.458846e+02 
   67.697   37.218002  4.902804e+02  3.458629e+02 
   67.697   37.714001  4.905243e+02  3.458427e+02 
   67.697   38.210003  4.907712e+02  3.458239e+02 
   67.697   38.705002  4.910184e+02  3.458066e+02 
   67.697   39.201000  4.912654e+02  3.457906e+02 
   67.697   39.697002  4.915093e+02  3.457762e+02 
   67.697   40.197002  4.917470e+02  3.457645e+02 
   67.697   45.197002  4.936157e+02  3.457115e+02 
   67.697   50.197002  4.943239e+02  3.457009e+02 
   67.697   55.197002  4.945725e+02  3.457009e+02 
   67.697   60.197002  4.953212e+02  3.457029e+02 
   67.697   65.196999  4.965543e+02  3.457047e+02 
