   67.461    0.000000  3.269398e-08  8.733983e+00 
   67.461    0.103000  3.287075e-08  8.855625e+00 
   67.461    0.206000  3.304736e-08  8.979475e+00 
   67.461    0.309000  3.322274e-08  9.104448e+00 
   67.461    0.412000  3.339648e-08  9.229945e+00 
   67.461    0.514000  3.356674e-08  9.354342e+00 
   67.461    0.617000  5.514277e-08  1.313027e+01 
   67.461    0.720000  9.278133e-08  1.695354e+01 
   67.461    0.823000  1.600456e-07  2.085711e+01 
   67.461    0.926000  2.842760e-07  2.489227e+01 
   67.461    1.029000  5.241677e-07  2.913092e+01 
   67.461    1.132000  1.012133e-06  3.363537e+01 
   67.461    1.235000  2.070881e-06  3.848153e+01 
   67.461    1.338000  4.606623e-06  4.385078e+01 
   67.461    1.440000  1.134259e-05  4.985895e+01 
   67.461    1.543000  3.304439e-05  5.697347e+01 
   67.461    1.646000  1.196826e-04  6.557107e+01 
   67.461    1.749000  5.824391e-04  7.632257e+01 
   67.461    1.852000  4.143026e-03  9.024541e+01 
   67.461    1.955000  4.472284e-02  1.088296e+02 
   67.461    2.058000  6.608647e-01  1.343629e+02 
   67.461    2.161000  9.988630e+00  1.700829e+02 
   67.461    2.264000  7.803508e+01  2.090520e+02 
   67.461    2.366000  3.064119e+02  2.387231e+02 
   67.461    2.469000  3.082260e+02  2.385230e+02 
   67.461    2.572000  3.099357e+02  2.383790e+02 
   67.461    2.675000  3.114016e+02  2.382556e+02 
   67.461    2.778000  3.128488e+02  2.381680e+02 
   67.461    2.881000  3.142800e+02  2.381093e+02 
   67.461    2.984000  3.156991e+02  2.380738e+02 
   67.461    3.087000  3.171062e+02  2.380584e+02 
   67.461    3.190000  3.185029e+02  2.380602e+02 
   67.461    3.293000  3.198899e+02  2.380770e+02 
   67.461    3.395000  3.212548e+02  2.381065e+02 
   67.461    3.498000  3.226245e+02  2.381478e+02 
   67.461    3.601000  3.239866e+02  2.381994e+02 
   67.461    3.704000  3.253433e+02  2.382601e+02 
   67.461    3.807000  3.272914e+02  2.383682e+02 
   67.461    3.910000  3.301700e+02  2.385443e+02 
   67.461    4.013000  3.336369e+02  2.387646e+02 
   67.461    4.116000  3.372808e+02  2.390010e+02 
   67.461    4.219000  3.410763e+02  2.392512e+02 
   67.461    4.321000  3.435884e+02  2.394226e+02 
   67.461    4.424000  3.462366e+02  2.396077e+02 
   67.461    4.527000  3.502982e+02  2.398873e+02 
   67.461    4.630000  3.560959e+02  2.402773e+02 
   67.461    4.733000  3.650522e+02  2.408562e+02 
   67.461    4.836000  3.721550e+02  2.413112e+02 
   67.461    4.939000  3.787445e+02  2.417299e+02 
   67.461    5.042000  3.842897e+02  2.420844e+02 
   67.461    5.145000  3.856406e+02  2.421983e+02 
   67.461    5.247000  3.869574e+02  2.423145e+02 
   67.461    5.350000  3.882659e+02  2.424348e+02 
   67.461    5.453000  3.895531e+02  2.425573e+02 
   67.461    5.556000  3.908205e+02  2.426817e+02 
   67.461    5.659000  3.920681e+02  2.428076e+02 
   67.461    5.762000  3.932953e+02  2.429349e+02 
   67.461    5.865000  3.945023e+02  2.430633e+02 
   67.461    5.968000  3.956888e+02  2.431925e+02 
   67.461    6.071000  3.968575e+02  2.433224e+02 
   67.461    6.173000  3.980004e+02  2.434513e+02 
   67.461    6.276000  3.991422e+02  2.435815e+02 
   67.461    6.379000  4.002743e+02  2.437117e+02 
   67.461    6.482000  4.013969e+02  2.438416e+02 
   67.461    6.585000  4.025107e+02  2.439714e+02 
   67.461    6.688000  4.036165e+02  2.441009e+02 
   67.461    6.791000  4.056564e+02  2.442882e+02 
   67.461    6.894000  4.076205e+02  2.444702e+02 
   67.461    6.997000  4.106790e+02  2.447174e+02 
   67.461    7.099000  4.127376e+02  2.449026e+02 
   67.461    7.202000  4.149170e+02  2.450969e+02 
   67.461    7.305000  4.169404e+02  2.452841e+02 
   67.461    7.408000  4.189079e+02  2.454702e+02 
   67.461    7.511000  4.208132e+02  2.456540e+02 
   67.461    7.614000  4.227040e+02  2.458384e+02 
   67.461    7.717000  4.247643e+02  2.460329e+02 
   67.461    7.820000  4.263867e+02  2.462001e+02 
   67.461    7.923000  4.279154e+02  2.463604e+02 
   67.461    8.025001  4.293400e+02  2.465125e+02 
   67.461    8.128000  4.312559e+02  2.466918e+02 
   67.461    8.231001  4.328905e+02  2.468533e+02 
   67.461    8.334001  4.357168e+02  2.470803e+02 
   67.461    8.437000  4.373687e+02  2.472398e+02 
   67.461    8.540000  4.387257e+02  2.473824e+02 
   67.461    8.643001  4.401664e+02  2.475292e+02 
   67.461    8.746000  4.414746e+02  2.476683e+02 
   67.461    8.849000  4.426494e+02  2.478308e+02 
   67.461    8.952001  4.440482e+02  2.480148e+02 
   67.461    9.054001  4.457902e+02  2.482304e+02 
   67.461    9.157001  4.478966e+02  2.484793e+02 
   67.461    9.260000  4.501519e+02  2.487382e+02 
   67.461    9.363001  4.523230e+02  2.489835e+02 
   67.461    9.466001  4.528127e+02  2.490630e+02 
   67.461    9.569000  4.533004e+02  2.491406e+02 
   67.461    9.672001  4.537862e+02  2.492164e+02 
   67.461    9.775001  4.542672e+02  2.492903e+02 
   67.461    9.878000  4.547391e+02  2.493624e+02 
   67.461    9.980000  4.551966e+02  2.494322e+02 
   67.461   10.083000  4.556487e+02  2.495009e+02 
   67.461   10.186001  4.561227e+02  2.495674e+02 
   67.461   10.289001  4.565847e+02  2.496324e+02 
   67.461   10.392000  4.570375e+02  2.496962e+02 
   67.461   10.495001  4.574847e+02  2.497587e+02 
   67.461   10.598001  4.579268e+02  2.498201e+02 
   67.461   10.701000  4.583631e+02  2.498804e+02 
   67.461   10.804001  4.587930e+02  2.499397e+02 
   67.461   10.906000  4.592120e+02  2.499976e+02 
   67.461   11.009001  4.596289e+02  2.500552e+02 
   67.461   11.112000  4.600403e+02  2.501120e+02 
   67.461   11.215000  4.604465e+02  2.501681e+02 
   67.461   11.318001  4.608475e+02  2.502235e+02 
   67.461   11.421000  4.612435e+02  2.502782e+02 
   67.461   11.524000  4.616346e+02  2.503322e+02 
   67.461   11.627001  4.620205e+02  2.503856e+02 
   67.461   11.730000  4.624013e+02  2.504384e+02 
   67.461   11.832001  4.627733e+02  2.504899e+02 
   67.461   11.935000  4.631436e+02  2.505413e+02 
   67.461   12.038000  4.635089e+02  2.505919e+02 
   67.461   12.141001  4.638692e+02  2.506419e+02 
   67.461   12.244000  4.642245e+02  2.506912e+02 
   67.461   12.347000  4.645751e+02  2.507397e+02 
   67.461   12.450001  4.649211e+02  2.507876e+02 
   67.461   12.553000  4.652625e+02  2.508347e+02 
   67.461   12.656000  4.655993e+02  2.508810e+02 
   67.461   12.758000  4.659283e+02  2.509262e+02 
   67.461   12.861000  4.662563e+02  2.509709e+02 
   67.461   12.964001  4.665804e+02  2.510149e+02 
   67.461   13.067000  4.669006e+02  2.510579e+02 
   67.461   13.170000  4.672170e+02  2.511002e+02 
   67.461   13.273001  4.675297e+02  2.511415e+02 
   67.461   13.376000  4.678388e+02  2.511819e+02 
   67.461   13.479000  4.681445e+02  2.512215e+02 
   67.461   13.582001  4.684466e+02  2.512601e+02 
   67.461   13.684000  4.687424e+02  2.512975e+02 
   67.461   13.787001  4.690378e+02  2.513344e+02 
   67.461   13.890000  4.693297e+02  2.513704e+02 
   67.461   13.993000  4.696185e+02  2.514054e+02 
   67.461   14.096001  4.699041e+02  2.514396e+02 
   67.461   14.199000  4.701865e+02  2.514729e+02 
   67.461   14.302000  4.704658e+02  2.515053e+02 
   67.461   14.405001  4.707420e+02  2.515369e+02 
   67.461   14.508000  4.710151e+02  2.515677e+02 
   67.461   14.611000  4.712849e+02  2.515976e+02 
   67.461   14.713000  4.715491e+02  2.516267e+02 
   67.461   14.816000  4.718126e+02  2.516553e+02 
   67.461   14.919001  4.720729e+02  2.516834e+02 
   67.461   15.022000  4.723300e+02  2.517108e+02 
   67.461   15.125000  4.725840e+02  2.517377e+02 
   67.461   15.228001  4.728347e+02  2.517641e+02 
   67.461   15.331000  4.730824e+02  2.517899e+02 
   67.461   15.434000  4.733271e+02  2.518151e+02 
   67.461   15.537001  4.735687e+02  2.518399e+02 
   67.461   15.639001  4.738051e+02  2.518638e+02 
   67.461   15.742001  4.740408e+02  2.518874e+02 
   67.461   15.845000  4.742736e+02  2.519104e+02 
   67.461   15.948001  4.745037e+02  2.519330e+02 
   67.461   16.050999  4.747313e+02  2.519549e+02 
   67.461   16.153999  4.749564e+02  2.519764e+02 
   67.461   16.257000  4.751790e+02  2.519973e+02 
   67.461   16.359999  4.753993e+02  2.520177e+02 
   67.461   16.462999  4.756173e+02  2.520375e+02 
   67.461   16.564999  4.758311e+02  2.520566e+02 
   67.461   16.667999  4.760447e+02  2.520753e+02 
   67.461   16.771000  4.762563e+02  2.520934e+02 
   67.461   16.873999  4.764660e+02  2.521108e+02 
   67.461   16.976999  4.766738e+02  2.521276e+02 
   67.461   17.080000  4.768800e+02  2.521437e+02 
   67.461   17.182999  4.770847e+02  2.521588e+02 
   67.461   17.285999  4.772881e+02  2.521732e+02 
   67.461   17.389000  4.774901e+02  2.521866e+02 
   67.461   17.490999  4.776890e+02  2.521990e+02 
   67.461   17.594000  4.778887e+02  2.522106e+02 
   67.461   17.696999  4.780872e+02  2.522213e+02 
   67.461   17.799999  4.782844e+02  2.522312e+02 
   67.461   17.903000  4.784801e+02  2.522404e+02 
   67.461   18.005999  4.786743e+02  2.522489e+02 
   67.461   18.108999  4.788670e+02  2.522568e+02 
   67.461   18.212000  4.790580e+02  2.522642e+02 
   67.461   18.314999  4.792473e+02  2.522710e+02 
   67.461   18.417000  4.794331e+02  2.522773e+02 
   67.461   18.519999  4.796191e+02  2.522831e+02 
   67.461   18.622999  4.798036e+02  2.522884e+02 
   67.461   18.726000  4.799866e+02  2.522931e+02 
   67.461   18.828999  4.801681e+02  2.522973e+02 
   67.461   18.931999  4.803481e+02  2.523010e+02 
   67.461   19.035000  4.805268e+02  2.523042e+02 
   67.461   19.137999  4.807042e+02  2.523068e+02 
   67.461   19.240999  4.808802e+02  2.523089e+02 
   67.461   19.344000  4.810549e+02  2.523106e+02 
   67.461   19.445999  4.812266e+02  2.523118e+02 
   67.461   19.549000  4.813987e+02  2.523126e+02 
   67.461   19.652000  4.815693e+02  2.523130e+02 
   67.461   19.754999  4.817387e+02  2.523129e+02 
   67.461   19.858000  4.819069e+02  2.523124e+02 
   67.461   19.960999  4.820737e+02  2.523115e+02 
   67.461   20.063999  4.822397e+02  2.523100e+02 
   67.461   20.362999  4.827164e+02  2.523025e+02 
   67.461   20.858999  4.834845e+02  2.522830e+02 
   67.461   21.355000  4.842245e+02  2.522553e+02 
   67.461   21.850000  4.849352e+02  2.522208e+02 
   67.461   22.345999  4.856133e+02  2.521835e+02 
   67.461   22.841999  4.862516e+02  2.521481e+02 
   67.461   23.337999  4.868470e+02  2.521164e+02 
   67.461   23.833000  4.874014e+02  2.520880e+02 
   67.461   24.328999  4.879232e+02  2.520603e+02 
   67.461   24.824999  4.884141e+02  2.520330e+02 
   67.461   25.320999  4.888734e+02  2.520068e+02 
   67.461   25.816000  4.893011e+02  2.519826e+02 
   67.461   26.312000  4.897013e+02  2.519596e+02 
   67.461   26.807999  4.900762e+02  2.519374e+02 
   67.461   27.303999  4.904270e+02  2.519158e+02 
   67.461   27.799000  4.907536e+02  2.518952e+02 
   67.461   28.295000  4.910593e+02  2.518754e+02 
   67.461   28.791000  4.913464e+02  2.518558e+02 
   67.461   29.286999  4.916175e+02  2.518361e+02 
   67.461   29.782000  4.918745e+02  2.518161e+02 
   67.461   30.278000  4.921201e+02  2.517958e+02 
   67.461   30.774000  4.923555e+02  2.517751e+02 
   67.461   31.269999  4.925824e+02  2.517543e+02 
   67.461   31.764999  4.928018e+02  2.517332e+02 
   67.461   32.260998  4.930172e+02  2.517120e+02 
   67.461   32.757000  4.932295e+02  2.516909e+02 
   67.461   33.252998  4.934404e+02  2.516703e+02 
   67.461   33.748001  4.936510e+02  2.516503e+02 
   67.461   34.243999  4.938635e+02  2.516313e+02 
   67.461   34.739998  4.940792e+02  2.516132e+02 
   67.461   35.236000  4.942991e+02  2.515962e+02 
   67.461   35.730999  4.945239e+02  2.515803e+02 
   67.461   36.227001  4.947550e+02  2.515655e+02 
   67.461   36.723000  4.949919e+02  2.515516e+02 
   67.461   37.218998  4.952343e+02  2.515386e+02 
   67.461   37.714001  4.954803e+02  2.515266e+02 
   67.461   38.209999  4.957296e+02  2.515153e+02 
   67.461   38.706001  4.959795e+02  2.515050e+02 
   67.461   39.202000  4.962285e+02  2.514955e+02 
   67.461   39.696999  4.964736e+02  2.514871e+02 
   67.461   40.196999  4.967129e+02  2.514806e+02 
   67.461   45.196999  4.985886e+02  2.514582e+02 
   67.461   50.196999  4.992980e+02  2.514599e+02 
   67.461   55.196999  4.995483e+02  2.514653e+02 
   67.461   60.196999  5.003097e+02  2.514699e+02 
   67.461   65.197006  5.015474e+02  2.514731e+02 
