   67.233    0.000000  1.955545e-01  1.577362e+01 
   67.233    0.103000  1.966267e-01  1.594880e+01 
   67.233    0.205000  1.976813e-01  1.612848e+01 
   67.233    0.308000  1.987403e-01  1.631333e+01 
   67.233    0.411000  1.997912e-01  1.650040e+01 
   67.233    0.514000  2.008346e-01  1.668884e+01 
   67.233    0.617000  2.018746e-01  1.687790e+01 
   67.233    0.720000  2.029150e-01  1.706710e+01 
   67.233    0.823000  2.039583e-01  1.725603e+01 
   67.233    0.926000  2.050059e-01  1.744452e+01 
   67.233    1.029000  2.060568e-01  1.763247e+01 
   67.233    1.131000  2.070998e-01  1.781794e+01 
   67.233    1.234000  2.081558e-01  1.800448e+01 
   67.233    1.337000  2.092143e-01  1.819021e+01 
   67.233    1.440000  2.103686e-01  1.838273e+01 
   67.233    1.543000  2.115873e-01  1.858005e+01 
   67.233    1.646000  2.128578e-01  1.878104e+01 
   67.233    1.749000  3.918728e+00  6.578220e+01 
   67.233    1.852000  2.187147e+01  1.017042e+02 
   67.233    1.955000  6.155425e+01  1.291115e+02 
   67.233    2.057000  1.135227e+02  1.478369e+02 
   67.233    2.160000  1.647864e+02  1.596653e+02 
   67.233    2.263000  1.655937e+02  1.595971e+02 
   67.233    2.366000  1.663948e+02  1.595705e+02 
   67.233    2.469000  1.671896e+02  1.595743e+02 
   67.233    2.572000  1.679780e+02  1.596025e+02 
   67.233    2.675000  1.687594e+02  1.596511e+02 
   67.233    2.778000  1.695340e+02  1.597166e+02 
   67.233    2.881000  1.703012e+02  1.597966e+02 
   67.233    2.983000  1.710527e+02  1.598885e+02 
   67.233    3.086000  1.718033e+02  1.599923e+02 
   67.233    3.189000  1.725467e+02  1.601054e+02 
   67.233    3.292000  1.732839e+02  1.602266e+02 
   67.233    3.395000  1.740159e+02  1.603547e+02 
   67.233    3.498000  1.747434e+02  1.604887e+02 
   67.233    3.601000  1.754686e+02  1.606276e+02 
   67.233    3.704000  1.761941e+02  1.607705e+02 
   67.233    3.807000  1.769206e+02  1.609169e+02 
   67.233    3.910000  1.776495e+02  1.610663e+02 
   67.233    4.012000  1.783745e+02  1.612168e+02 
   67.233    4.115000  1.791089e+02  1.613714e+02 
   67.233    4.218000  1.798447e+02  1.615283e+02 
   67.233    4.321000  1.805802e+02  1.616875e+02 
   67.233    4.424000  1.813117e+02  1.618491e+02 
   67.233    4.527000  1.820357e+02  1.620131e+02 
   67.233    4.630000  1.827504e+02  1.621793e+02 
   67.233    4.733000  1.834547e+02  1.623473e+02 
   67.233    4.836000  1.841470e+02  1.625167e+02 
   67.233    4.938000  1.848208e+02  1.626857e+02 
   67.233    5.041000  1.854895e+02  1.628572e+02 
   67.233    5.144000  1.861453e+02  1.630294e+02 
   67.233    5.247000  1.870830e+02  1.632498e+02 
   67.233    5.350000  1.878425e+02  1.634437e+02 
   67.233    5.453000  1.886455e+02  1.636472e+02 
   67.233    5.556000  1.894970e+02  1.638605e+02 
   67.233    5.659000  1.903981e+02  1.640837e+02 
   67.233    5.762000  1.913894e+02  1.643232e+02 
   67.233    5.864000  1.921617e+02  1.645276e+02 
   67.233    5.967000  1.933806e+02  1.648071e+02 
   67.233    6.070000  1.956769e+02  1.652611e+02 
   67.233    6.173000  2.010220e+02  1.661918e+02 
   67.233    6.276000  2.119418e+02  1.679328e+02 
   67.233    6.379000  2.291079e+02  1.704467e+02 
   67.233    6.482000  2.518693e+02  1.734744e+02 
   67.233    6.585000  2.804888e+02  1.768866e+02 
   67.233    6.688000  3.130034e+02  1.803342e+02 
   67.233    6.790000  3.466289e+02  1.835034e+02 
   67.233    6.893000  3.699395e+02  1.855212e+02 
   67.233    6.996000  3.887945e+02  1.870584e+02 
   67.233    7.099000  4.053857e+02  1.883447e+02 
   67.233    7.202000  4.082408e+02  1.886157e+02 
   67.233    7.305000  4.106577e+02  1.888608e+02 
   67.233    7.408000  4.128143e+02  1.890917e+02 
   67.233    7.511000  4.155058e+02  1.893655e+02 
   67.233    7.614000  4.175487e+02  1.895971e+02 
   67.233    7.716000  4.201313e+02  1.898688e+02 
   67.233    7.819000  4.224207e+02  1.901196e+02 
   67.233    7.921999  4.259333e+02  1.904528e+02 
   67.233    8.025001  4.286568e+02  1.907287e+02 
   67.233    8.128000  4.311513e+02  1.909858e+02 
   67.233    8.231000  4.333093e+02  1.912176e+02 
   67.233    8.334001  4.352403e+02  1.914324e+02 
   67.233    8.437000  4.373914e+02  1.916603e+02 
   67.233    8.540000  4.395386e+02  1.918865e+02 
   67.233    8.642000  4.420575e+02  1.921343e+02 
   67.233    8.745000  4.445987e+02  1.923821e+02 
   67.233    8.848001  4.472461e+02  1.926343e+02 
   67.233    8.951000  4.504007e+02  1.929147e+02 
   67.233    9.054000  4.532254e+02  1.931702e+02 
   67.233    9.157001  4.558247e+02  1.934080e+02 
   67.233    9.260000  4.563484e+02  1.935146e+02 
   67.233    9.363000  4.568647e+02  1.936189e+02 
   67.233    9.466001  4.573736e+02  1.937211e+02 
   67.233    9.568000  4.578703e+02  1.938204e+02 
   67.233    9.671000  4.583647e+02  1.939187e+02 
   67.233    9.774000  4.588502e+02  1.940151e+02 
   67.233    9.877000  4.593239e+02  1.941097e+02 
   67.233    9.980000  4.597851e+02  1.942024e+02 
   67.233   10.083000  4.602686e+02  1.942925e+02 
   67.233   10.186000  4.607426e+02  1.943810e+02 
   67.233   10.289001  4.612078e+02  1.944680e+02 
   67.233   10.392000  4.616652e+02  1.945534e+02 
   67.233   10.495000  4.621164e+02  1.946373e+02 
   67.233   10.597000  4.625573e+02  1.947190e+02 
   67.233   10.700001  4.629959e+02  1.948001e+02 
   67.233   10.803000  4.634271e+02  1.948799e+02 
   67.233   10.906000  4.638509e+02  1.949586e+02 
   67.233   11.009000  4.642681e+02  1.950362e+02 
   67.233   11.112000  4.646805e+02  1.951127e+02 
   67.233   11.215000  4.650885e+02  1.951882e+02 
   67.233   11.318000  4.654918e+02  1.952626e+02 
   67.233   11.421000  4.658900e+02  1.953362e+02 
   67.233   11.523001  4.662793e+02  1.954080e+02 
   67.233   11.626000  4.666671e+02  1.954796e+02 
   67.233   11.729000  4.670498e+02  1.955503e+02 
   67.233   11.832001  4.674272e+02  1.956201e+02 
   67.233   11.935000  4.677995e+02  1.956889e+02 
   67.233   12.038000  4.681668e+02  1.957568e+02 
   67.233   12.141001  4.685291e+02  1.958238e+02 
   67.233   12.244000  4.688866e+02  1.958900e+02 
   67.233   12.347000  4.692391e+02  1.959552e+02 
   67.233   12.449000  4.695834e+02  1.960189e+02 
   67.233   12.552000  4.699262e+02  1.960823e+02 
   67.233   12.655001  4.702642e+02  1.961447e+02 
   67.233   12.758000  4.705976e+02  1.962062e+02 
   67.233   12.861000  4.709267e+02  1.962667e+02 
   67.233   12.964001  4.712517e+02  1.963262e+02 
   67.233   13.067000  4.715729e+02  1.963846e+02 
   67.233   13.170000  4.718902e+02  1.964420e+02 
   67.233   13.273001  4.722038e+02  1.964983e+02 
   67.233   13.375000  4.725107e+02  1.965530e+02 
   67.233   13.478001  4.728169e+02  1.966072e+02 
   67.233   13.581000  4.731196e+02  1.966604e+02 
   67.233   13.684000  4.734189e+02  1.967125e+02 
   67.233   13.787001  4.737148e+02  1.967636e+02 
   67.233   13.890000  4.740073e+02  1.968137e+02 
   67.233   13.993000  4.742966e+02  1.968627e+02 
   67.233   14.096001  4.745827e+02  1.969108e+02 
   67.233   14.199000  4.748655e+02  1.969578e+02 
   67.233   14.301001  4.751425e+02  1.970034e+02 
   67.233   14.404000  4.754191e+02  1.970484e+02 
   67.233   14.507000  4.756926e+02  1.970925e+02 
   67.233   14.610001  4.759630e+02  1.971357e+02 
   67.233   14.713000  4.762302e+02  1.971780e+02 
   67.233   14.816000  4.764943e+02  1.972195e+02 
   67.233   14.919001  4.767552e+02  1.972602e+02 
   67.233   15.022000  4.770129e+02  1.973001e+02 
   67.233   15.125000  4.772675e+02  1.973394e+02 
   67.233   15.228001  4.775190e+02  1.973779e+02 
   67.233   15.330000  4.777650e+02  1.974153e+02 
   67.233   15.433001  4.780103e+02  1.974525e+02 
   67.233   15.536000  4.782526e+02  1.974890e+02 
   67.233   15.639000  4.784920e+02  1.975248e+02 
   67.233   15.742001  4.787284e+02  1.975600e+02 
   67.233   15.845000  4.789620e+02  1.975944e+02 
   67.233   15.948000  4.791929e+02  1.976282e+02 
   67.233   16.051001  4.794212e+02  1.976613e+02 
   67.233   16.154001  4.796471e+02  1.976936e+02 
   67.233   16.256001  4.798683e+02  1.977250e+02 
   67.233   16.359001  4.800893e+02  1.977560e+02 
   67.233   16.462000  4.803079e+02  1.977864e+02 
   67.233   16.565001  4.805243e+02  1.978161e+02 
   67.233   16.668001  4.807385e+02  1.978451e+02 
   67.233   16.771000  4.809506e+02  1.978735e+02 
   67.233   16.874001  4.811607e+02  1.979011e+02 
   67.233   16.977001  4.813690e+02  1.979280e+02 
   67.233   17.080000  4.815754e+02  1.979542e+02 
   67.233   17.182001  4.817785e+02  1.979792e+02 
   67.233   17.285000  4.819821e+02  1.980036e+02 
   67.233   17.388000  4.821843e+02  1.980272e+02 
   67.233   17.491001  4.823852e+02  1.980498e+02 
   67.233   17.594000  4.825850e+02  1.980715e+02 
   67.233   17.697001  4.827836e+02  1.980924e+02 
   67.233   17.800001  4.829809e+02  1.981124e+02 
   67.233   17.903000  4.831768e+02  1.981317e+02 
   67.233   18.006001  4.833713e+02  1.981502e+02 
   67.233   18.108000  4.835624e+02  1.981678e+02 
   67.233   18.211000  4.837537e+02  1.981850e+02 
   67.233   18.314001  4.839433e+02  1.982016e+02 
   67.233   18.417000  4.841311e+02  1.982177e+02 
   67.233   18.520000  4.843173e+02  1.982332e+02 
   67.233   18.623001  4.845019e+02  1.982480e+02 
   67.233   18.726000  4.846851e+02  1.982623e+02 
   67.233   18.829000  4.848667e+02  1.982760e+02 
   67.233   18.932001  4.850468e+02  1.982891e+02 
   67.233   19.034000  4.852239e+02  1.983014e+02 
   67.233   19.137001  4.854016e+02  1.983133e+02 
   67.233   19.240000  4.855779e+02  1.983246e+02 
   67.233   19.343000  4.857528e+02  1.983354e+02 
   67.233   19.446001  4.859265e+02  1.983456e+02 
   67.233   19.549000  4.860988e+02  1.983554e+02 
   67.233   19.652000  4.862697e+02  1.983647e+02 
   67.233   19.755001  4.864393e+02  1.983735e+02 
   67.233   19.858000  4.866077e+02  1.983818e+02 
   67.233   19.961000  4.867747e+02  1.983897e+02 
   67.233   20.063000  4.869391e+02  1.983970e+02 
   67.233   20.363001  4.874178e+02  1.984149e+02 
   67.233   20.858000  4.881848e+02  1.984366e+02 
   67.233   21.354000  4.889251e+02  1.984491e+02 
   67.233   21.850000  4.896385e+02  1.984528e+02 
   67.233   22.346001  4.903196e+02  1.984515e+02 
   67.233   22.841000  4.909607e+02  1.984492e+02 
   67.233   23.337000  4.915605e+02  1.984480e+02 
   67.233   23.833000  4.921194e+02  1.984480e+02 
   67.233   24.329000  4.926432e+02  1.984476e+02 
   67.233   24.823999  4.931349e+02  1.984458e+02 
   67.233   25.320000  4.935961e+02  1.984433e+02 
   67.233   25.816000  4.940265e+02  1.984410e+02 
   67.233   26.312000  4.944285e+02  1.984387e+02 
   67.233   26.807001  4.948044e+02  1.984357e+02 
   67.233   27.302999  4.951573e+02  1.984320e+02 
   67.233   27.799000  4.954868e+02  1.984279e+02 
   67.233   28.295000  4.957940e+02  1.984236e+02 
   67.233   28.790001  4.960814e+02  1.984188e+02 
   67.233   29.286001  4.963533e+02  1.984132e+02 
   67.233   29.782000  4.966117e+02  1.984065e+02 
   67.233   30.278000  4.968582e+02  1.983988e+02 
   67.233   30.773001  4.970942e+02  1.983902e+02 
   67.233   31.269001  4.973224e+02  1.983807e+02 
   67.233   31.764999  4.975438e+02  1.983705e+02 
   67.233   32.260998  4.977607e+02  1.983597e+02 
   67.233   32.755997  4.979743e+02  1.983486e+02 
   67.233   33.251999  4.981870e+02  1.983374e+02 
   67.233   33.747997  4.984001e+02  1.983263e+02 
   67.233   34.243999  4.986149e+02  1.983156e+02 
   67.233   34.739998  4.988329e+02  1.983053e+02 
   67.233   35.234997  4.990547e+02  1.982957e+02 
   67.233   35.730999  4.992824e+02  1.982866e+02 
   67.233   36.226997  4.995159e+02  1.982781e+02 
   67.233   36.723000  4.997554e+02  1.982702e+02 
   67.233   37.217999  4.999996e+02  1.982628e+02 
   67.233   37.713997  5.002484e+02  1.982559e+02 
   67.233   38.209999  5.004999e+02  1.982495e+02 
   67.233   38.705997  5.007520e+02  1.982437e+02 
   67.233   39.201000  5.010024e+02  1.982384e+02 
   67.233   39.696999  5.012498e+02  1.982338e+02 
   67.233   40.196999  5.014906e+02  1.982306e+02 
   67.233   45.196999  5.033736e+02  1.982276e+02 
   67.233   50.196999  5.040842e+02  1.982370e+02 
   67.233   55.196999  5.043361e+02  1.982457e+02 
   67.233   60.196999  5.051087e+02  1.982518e+02 
   67.233   65.196999  5.063521e+02  1.982558e+02 
