    0.000    0.000000  0.000000e+00  3.535606e+02 
    0.000    0.102000  0.000000e+00  3.526838e+02 
    0.000    0.205000  0.000000e+00  3.513805e+02 
    0.000    0.308000  0.000000e+00  3.498700e+02 
    0.000    0.411000  0.000000e+00  3.483569e+02 
    0.000    0.514000  0.000000e+00  3.468093e+02 
    0.000    0.617000  0.000000e+00  3.394435e+02 
    0.000    0.720000  0.000000e+00  3.338821e+02 
    0.000    0.823000  0.000000e+00  3.297432e+02 
    0.000    0.926000  0.000000e+00  3.263637e+02 
    0.000    1.028000  0.000000e+00  3.233607e+02 
    0.000    1.131000  0.000000e+00  3.202798e+02 
    0.000    1.234000  0.000000e+00  3.173453e+02 
    0.000    1.337000  0.000000e+00  3.146082e+02 
    0.000    1.440000  0.000000e+00  3.120830e+02 
    0.000    1.543000  0.000000e+00  3.097244e+02 
    0.000    1.646000  0.000000e+00  3.071808e+02 
    0.000    1.749000  0.000000e+00  3.043806e+02 
    0.000    1.852000  0.000000e+00  3.033413e+02 
    0.000    1.955000  0.000000e+00  3.016099e+02 
    0.000    2.057000  0.000000e+00  2.999340e+02 
    0.000    2.160000  0.000000e+00  2.981208e+02 
    0.000    2.263000  0.000000e+00  2.963006e+02 
    0.000    2.366000  0.000000e+00  2.946087e+02 
    0.000    2.469000  0.000000e+00  2.903981e+02 
    0.000    2.572000  0.000000e+00  2.873968e+02 
    0.000    2.675000  0.000000e+00  2.865653e+02 
    0.000    2.778000  0.000000e+00  2.827308e+02 
    0.000    2.881000  0.000000e+00  2.796917e+02 
    0.000    2.983000  0.000000e+00  2.767420e+02 
    0.000    3.086000  0.000000e+00  2.737191e+02 
    0.000    3.189000  0.000000e+00  2.705694e+02 
    0.000    3.292000  0.000000e+00  2.669003e+02 
    0.000    3.395000  0.000000e+00  2.662062e+02 
    0.000    3.498000  0.000000e+00  2.653742e+02 
    0.000    3.601000  0.000000e+00  2.644685e+02 
    0.000    3.704000  0.000000e+00  2.635115e+02 
    0.000    3.807000  0.000000e+00  2.625250e+02 
    0.000    3.909000  0.000000e+00  2.615070e+02 
    0.000    4.012000  0.000000e+00  2.604611e+02 
    0.000    4.115000  0.000000e+00  2.593976e+02 
    0.000    4.218000  0.000000e+00  2.583140e+02 
    0.000    4.321000  0.000000e+00  2.572230e+02 
    0.000    4.424000  0.000000e+00  2.560563e+02 
    0.000    4.527000  0.000000e+00  2.549240e+02 
    0.000    4.630000  0.000000e+00  2.537906e+02 
    0.000    4.733000  0.000000e+00  2.526521e+02 
    0.000    4.835000  0.000000e+00  2.515218e+02 
    0.000    4.938000  0.000000e+00  2.503706e+02 
    0.000    5.041000  0.000000e+00  2.492193e+02 
    0.000    5.144000  0.000000e+00  2.480742e+02 
    0.000    5.247000  0.000000e+00  2.469340e+02 
    0.000    5.350000  0.000000e+00  2.458024e+02 
    0.000    5.453000  0.000000e+00  2.446844e+02 
    0.000    5.556000  0.000000e+00  2.435803e+02 
    0.000    5.659000  0.000000e+00  2.424469e+02 
    0.000    5.761000  0.000000e+00  2.411918e+02 
    0.000    5.864000  0.000000e+00  2.396716e+02 
    0.000    5.967000  0.000000e+00  2.377588e+02 
    0.000    6.070000  0.000000e+00  2.353401e+02 
    0.000    6.173000  0.000000e+00  2.324803e+02 
    0.000    6.276000  0.000000e+00  2.294018e+02 
    0.000    6.379000  0.000000e+00  2.262619e+02 
    0.000    6.482000  0.000000e+00  2.231287e+02 
    0.000    6.585000  0.000000e+00  2.204722e+02 
    0.000    6.687000  0.000000e+00  2.187225e+02 
    0.000    6.790000  0.000000e+00  2.175273e+02 
    0.000    6.893000  0.000000e+00  2.166393e+02 
    0.000    6.996000  0.000000e+00  2.159541e+02 
    0.000    7.099000  0.000000e+00  2.153117e+02 
    0.000    7.202000  0.000000e+00  2.148068e+02 
    0.000    7.305000  0.000000e+00  2.144452e+02 
    0.000    7.408000  0.000000e+00  2.141286e+02 
    0.000    7.511000  0.000000e+00  2.139457e+02 
    0.000    7.613000  0.000000e+00  2.137573e+02 
    0.000    7.716000  0.000000e+00  2.136220e+02 
    0.000    7.819000  0.000000e+00  2.135101e+02 
    0.000    7.921999  0.000000e+00  2.134172e+02 
    0.000    8.025001  0.000000e+00  2.133203e+02 
    0.000    8.128000  0.000000e+00  2.132162e+02 
    0.000    8.231000  0.000000e+00  2.131082e+02 
    0.000    8.334001  0.000000e+00  2.129796e+02 
    0.000    8.437000  0.000000e+00  2.128411e+02 
    0.000    8.540000  0.000000e+00  2.126911e+02 
    0.000    8.642000  0.000000e+00  2.125239e+02 
    0.000    8.745000  0.000000e+00  2.123394e+02 
    0.000    8.848001  0.000000e+00  2.121483e+02 
    0.000    8.951000  0.000000e+00  2.120610e+02 
    0.000    9.054000  0.000000e+00  2.119708e+02 
    0.000    9.157001  0.000000e+00  2.118795e+02 
    0.000    9.260000  0.000000e+00  2.117970e+02 
    0.000    9.363000  0.000000e+00  2.117208e+02 
    0.000    9.466001  0.000000e+00  2.116494e+02 
    0.000    9.568000  0.000000e+00  2.115896e+02 
    0.000    9.671000  0.000000e+00  2.115374e+02 
    0.000    9.774000  0.000000e+00  2.114945e+02 
    0.000    9.877000  0.000000e+00  2.114712e+02 
    0.000    9.980000  0.000000e+00  2.114620e+02 
    0.000   10.083000  0.000000e+00  2.114570e+02 
    0.000   10.186000  0.000000e+00  2.114455e+02 
    0.000   10.289001  0.000000e+00  2.114302e+02 
    0.000   10.392000  0.000000e+00  2.114121e+02 
    0.000   10.494000  0.000000e+00  2.113883e+02 
    0.000   10.597000  0.000000e+00  2.113606e+02 
    0.000   10.700001  0.000000e+00  2.113308e+02 
    0.000   10.803000  0.000000e+00  2.112986e+02 
    0.000   10.906000  0.000000e+00  2.112649e+02 
    0.000   11.009000  0.000000e+00  2.112282e+02 
    0.000   11.112000  0.000000e+00  2.111822e+02 
    0.000   11.215000  0.000000e+00  2.111299e+02 
    0.000   11.318000  0.000000e+00  2.110737e+02 
    0.000   11.420000  0.000000e+00  2.110140e+02 
    0.000   11.523001  0.000000e+00  2.109508e+02 
    0.000   11.626000  0.000000e+00  2.108860e+02 
    0.000   11.729000  0.000000e+00  2.108220e+02 
    0.000   11.832001  0.000000e+00  2.107584e+02 
    0.000   11.935000  0.000000e+00  2.106951e+02 
    0.000   12.038000  0.000000e+00  2.106315e+02 
    0.000   12.141001  0.000000e+00  2.105677e+02 
    0.000   12.244000  0.000000e+00  2.105040e+02 
    0.000   12.346001  0.000000e+00  2.104406e+02 
    0.000   12.449000  0.000000e+00  2.103765e+02 
    0.000   12.552000  0.000000e+00  2.103124e+02 
    0.000   12.655001  0.000000e+00  2.102506e+02 
    0.000   12.758000  0.000000e+00  2.101915e+02 
    0.000   12.861000  0.000000e+00  2.101341e+02 
    0.000   12.964001  0.000000e+00  2.100787e+02 
    0.000   13.067000  0.000000e+00  2.100255e+02 
    0.000   13.170000  0.000000e+00  2.099738e+02 
    0.000   13.273001  0.000000e+00  2.099236e+02 
    0.000   13.375000  0.000000e+00  2.098755e+02 
    0.000   13.478001  0.000000e+00  2.098282e+02 
    0.000   13.581000  0.000000e+00  2.097820e+02 
    0.000   13.684000  0.000000e+00  2.097371e+02 
    0.000   13.787001  0.000000e+00  2.096932e+02 
    0.000   13.890000  0.000000e+00  2.096501e+02 
    0.000   13.993000  0.000000e+00  2.096082e+02 
    0.000   14.096001  0.000000e+00  2.095676e+02 
    0.000   14.199000  0.000000e+00  2.095279e+02 
    0.000   14.301001  0.000000e+00  2.094899e+02 
    0.000   14.404000  0.000000e+00  2.094532e+02 
    0.000   14.507000  0.000000e+00  2.094179e+02 
    0.000   14.610001  0.000000e+00  2.093834e+02 
    0.000   14.713000  0.000000e+00  2.093491e+02 
    0.000   14.816000  0.000000e+00  2.093149e+02 
    0.000   14.919001  0.000000e+00  2.092811e+02 
    0.000   15.022000  0.000000e+00  2.092470e+02 
    0.000   15.125000  0.000000e+00  2.092127e+02 
    0.000   15.227000  0.000000e+00  2.091788e+02 
    0.000   15.330000  0.000000e+00  2.091459e+02 
    0.000   15.433001  0.000000e+00  2.091150e+02 
    0.000   15.536000  0.000000e+00  2.090857e+02 
    0.000   15.639000  0.000000e+00  2.090571e+02 
    0.000   15.742001  0.000000e+00  2.090271e+02 
    0.000   15.845000  0.000000e+00  2.089959e+02 
    0.000   15.948000  0.000000e+00  2.089644e+02 
    0.000   16.051001  0.000000e+00  2.089293e+02 
    0.000   16.153000  0.000000e+00  2.088905e+02 
    0.000   16.256001  0.000000e+00  2.088488e+02 
    0.000   16.359001  0.000000e+00  2.088058e+02 
    0.000   16.462000  0.000000e+00  2.087619e+02 
    0.000   16.565001  0.000000e+00  2.087174e+02 
    0.000   16.668001  0.000000e+00  2.086724e+02 
    0.000   16.771000  0.000000e+00  2.086290e+02 
    0.000   16.874001  0.000000e+00  2.085874e+02 
    0.000   16.977001  0.000000e+00  2.085467e+02 
    0.000   17.079000  0.000000e+00  2.085081e+02 
    0.000   17.182001  0.000000e+00  2.084721e+02 
    0.000   17.285000  0.000000e+00  2.084382e+02 
    0.000   17.388000  0.000000e+00  2.084058e+02 
    0.000   17.491001  0.000000e+00  2.083753e+02 
    0.000   17.594000  0.000000e+00  2.083464e+02 
    0.000   17.697001  0.000000e+00  2.083187e+02 
    0.000   17.800001  0.000000e+00  2.082917e+02 
    0.000   17.903000  0.000000e+00  2.082651e+02 
    0.000   18.006001  0.000000e+00  2.082388e+02 
    0.000   18.108000  0.000000e+00  2.082132e+02 
    0.000   18.211000  0.000000e+00  2.081873e+02 
    0.000   18.314001  0.000000e+00  2.081613e+02 
    0.000   18.417000  0.000000e+00  2.081354e+02 
    0.000   18.520000  0.000000e+00  2.081097e+02 
    0.000   18.623001  0.000000e+00  2.080843e+02 
    0.000   18.726000  0.000000e+00  2.080591e+02 
    0.000   18.829000  0.000000e+00  2.080342e+02 
    0.000   18.932001  0.000000e+00  2.080093e+02 
    0.000   19.034000  0.000000e+00  2.079844e+02 
    0.000   19.137001  0.000000e+00  2.079590e+02 
    0.000   19.240000  0.000000e+00  2.079336e+02 
    0.000   19.343000  0.000000e+00  2.079079e+02 
    0.000   19.446001  0.000000e+00  2.078820e+02 
    0.000   19.549000  0.000000e+00  2.078559e+02 
    0.000   19.652000  0.000000e+00  2.078297e+02 
    0.000   19.755001  0.000000e+00  2.078038e+02 
    0.000   19.858000  0.000000e+00  2.077784e+02 
    0.000   19.960001  0.000000e+00  2.077534e+02 
    0.000   20.063000  0.000000e+00  2.077284e+02 
    0.000   20.363001  0.000000e+00  2.076606e+02 
    0.000   20.858000  0.000000e+00  2.075631e+02 
    0.000   21.354000  0.000000e+00  2.074775e+02 
    0.000   21.850000  0.000000e+00  2.074025e+02 
    0.000   22.346001  0.000000e+00  2.073262e+02 
    0.000   22.841000  0.000000e+00  2.072473e+02 
    0.000   23.337000  0.000000e+00  2.071760e+02 
    0.000   23.833000  0.000000e+00  2.071226e+02 
    0.000   24.329000  0.000000e+00  2.070897e+02 
    0.000   24.823999  0.000000e+00  2.070696e+02 
    0.000   25.320000  0.000000e+00  2.070610e+02 
    0.000   25.816000  0.000000e+00  2.070667e+02 
    0.000   26.312000  0.000000e+00  2.070794e+02 
    0.000   26.807001  0.000000e+00  2.070975e+02 
    0.000   27.302999  0.000000e+00  2.071189e+02 
    0.000   27.799000  0.000000e+00  2.071427e+02 
    0.000   28.295000  0.000000e+00  2.071703e+02 
    0.000   28.790001  0.000000e+00  2.072056e+02 
    0.000   29.286001  0.000000e+00  2.072495e+02 
    0.000   29.782000  0.000000e+00  2.073000e+02 
    0.000   30.278000  0.000000e+00  2.073556e+02 
    0.000   30.773001  0.000000e+00  2.074121e+02 
    0.000   31.269001  0.000000e+00  2.074688e+02 
    0.000   31.764999  0.000000e+00  2.075255e+02 
    0.000   32.260998  0.000000e+00  2.075826e+02 
    0.000   32.755997  0.000000e+00  2.076404e+02 
    0.000   33.251999  0.000000e+00  2.077002e+02 
    0.000   33.747997  0.000000e+00  2.077630e+02 
    0.000   34.243999  0.000000e+00  2.078286e+02 
    0.000   34.738998  0.000000e+00  2.078934e+02 
    0.000   35.234997  0.000000e+00  2.079563e+02 
    0.000   35.730999  0.000000e+00  2.080153e+02 
    0.000   36.226997  0.000000e+00  2.080707e+02 
    0.000   36.722000  0.000000e+00  2.081221e+02 
    0.000   37.217999  0.000000e+00  2.081704e+02 
    0.000   37.713997  0.000000e+00  2.082154e+02 
    0.000   38.209999  0.000000e+00  2.082576e+02 
    0.000   38.704998  0.000000e+00  2.083001e+02 
    0.000   39.201000  0.000000e+00  2.083437e+02 
    0.000   39.696999  0.000000e+00  2.083901e+02 
    0.000   40.196999  0.000000e+00  2.084410e+02 
    0.000   45.196999  0.000000e+00  2.088926e+02 
    0.000   50.196999  0.000000e+00  2.091175e+02 
    0.000   55.196999  0.000000e+00  2.091156e+02 
    0.000   60.196999  0.000000e+00  2.090472e+02 
    0.000   65.196999  0.000000e+00  2.089950e+02 
