   67.604    0.000000  0.000000e+00  2.136529e+00 
   67.604    0.103000  0.000000e+00  2.174822e+00 
   67.604    0.206000  0.000000e+00  2.213195e+00 
   67.604    0.308000  0.000000e+00  2.251076e+00 
   67.604    0.411000  0.000000e+00  2.289088e+00 
   67.604    0.514000  0.000000e+00  2.326854e+00 
   67.604    0.617000  0.000000e+00  8.038678e+00 
   67.604    0.720000  0.000000e+00  1.606886e+01 
   67.604    0.823000  0.000000e+00  2.612904e+01 
   67.604    0.926000  0.000000e+00  3.804954e+01 
   67.604    1.029000  0.000000e+00  5.175142e+01 
   67.604    1.132000  0.000000e+00  6.721323e+01 
   67.604    1.234000  0.000000e+00  8.422688e+01 
   67.604    1.337000  1.917580e-37  1.031984e+02 
   67.604    1.440000  5.814501e-31  1.240872e+02 
   67.604    1.543000  5.236698e-24  1.471444e+02 
   67.604    1.646000  1.354063e-16  1.728276e+02 
   67.604    1.749000  9.966406e-09  2.022956e+02 
   67.604    1.852000  1.595292e-08  2.030295e+02 
   67.604    1.955000  2.363017e-08  2.036655e+02 
   67.604    2.058000  3.081502e-08  2.040623e+02 
   67.604    2.160000  3.648206e-08  2.042703e+02 
   67.604    2.263000  4.019256e-08  2.043311e+02 
   67.604    2.366000  4.275901e-08  2.043282e+02 
   67.604    2.469000  4.525874e-08  2.043328e+02 
   67.604    2.572000  4.772026e-08  2.043465e+02 
   67.604    2.675000  4.994383e-08  2.043581e+02 
   67.604    2.778000  2.005265e-05  2.190942e+02 
   67.604    2.881000  3.327238e-03  2.348197e+02 
   67.604    2.984000  2.490664e-01  2.553589e+02 
   67.604    3.086000  8.618387e+00  2.872979e+02 
   67.604    3.189000  1.581565e+02  3.350236e+02 
   67.604    3.292000  1.592432e+02  3.347348e+02 
   67.604    3.395000  1.599296e+02  3.344705e+02 
   67.604    3.498000  1.606104e+02  3.342495e+02 
   67.604    3.601000  1.612864e+02  3.340631e+02 
   67.604    3.704000  1.619592e+02  3.339047e+02 
   67.604    3.807000  1.626287e+02  3.337705e+02 
   67.604    3.910000  1.632950e+02  3.336574e+02 
   67.604    4.012000  1.639510e+02  3.335639e+02 
   67.604    4.115000  1.646096e+02  3.334861e+02 
   67.604    4.218000  1.652646e+02  3.334230e+02 
   67.604    4.321000  1.659151e+02  3.333734e+02 
   67.604    4.424000  1.665610e+02  3.333358e+02 
   67.604    4.527000  1.676265e+02  3.333538e+02 
   67.604    4.630000  1.686912e+02  3.333817e+02 
   67.604    4.733000  1.697389e+02  3.334165e+02 
   67.604    4.836000  1.708175e+02  3.334629e+02 
   67.604    4.938000  1.716971e+02  3.335132e+02 
   67.604    5.041000  1.725883e+02  3.335720e+02 
   67.604    5.144000  1.734759e+02  3.336375e+02 
   67.604    5.247000  1.743553e+02  3.337084e+02 
   67.604    5.350000  1.752238e+02  3.337842e+02 
   67.604    5.453000  1.760761e+02  3.338637e+02 
   67.604    5.556000  1.769115e+02  3.339466e+02 
   67.604    5.659000  1.777229e+02  3.340315e+02 
   67.604    5.762000  1.805007e+02  3.343279e+02 
   67.604    5.865000  1.823244e+02  3.345194e+02 
   67.604    5.967000  1.869858e+02  3.350256e+02 
   67.604    6.070000  1.964570e+02  3.360257e+02 
   67.604    6.173000  2.136411e+02  3.377227e+02 
   67.604    6.276000  2.409539e+02  3.401473e+02 
   67.604    6.379000  2.770993e+02  3.429364e+02 
   67.604    6.482000  3.195352e+02  3.457183e+02 
   67.604    6.585000  3.560369e+02  3.477565e+02 
   67.604    6.688000  3.781621e+02  3.488511e+02 
   67.604    6.791000  3.889591e+02  3.493506e+02 
   67.604    6.893000  3.930493e+02  3.495357e+02 
   67.604    6.996000  3.940926e+02  3.495823e+02 
   67.604    7.099000  3.951298e+02  3.496322e+02 
   67.604    7.202000  3.961367e+02  3.496851e+02 
   67.604    7.305000  3.970869e+02  3.497405e+02 
   67.604    7.408000  3.979734e+02  3.497973e+02 
   67.604    7.511000  3.989998e+02  3.498717e+02 
   67.604    7.614000  4.028302e+02  3.500804e+02 
   67.604    7.717000  4.063905e+02  3.502764e+02 
   67.604    7.819000  4.105340e+02  3.504956e+02 
   67.604    7.922000  4.140644e+02  3.506837e+02 
   67.604    8.025000  4.174731e+02  3.508632e+02 
   67.604    8.127999  4.208281e+02  3.510370e+02 
   67.604    8.231000  4.242417e+02  3.512100e+02 
   67.604    8.334000  4.288411e+02  3.514284e+02 
   67.604    8.436999  4.325271e+02  3.516064e+02 
   67.604    8.540000  4.361960e+02  3.517813e+02 
   67.604    8.643000  4.397443e+02  3.519490e+02 
   67.604    8.745000  4.432975e+02  3.521138e+02 
   67.604    8.848000  4.468856e+02  3.522772e+02 
   67.604    8.951000  4.473981e+02  3.523214e+02 
   67.604    9.054000  4.479032e+02  3.523642e+02 
   67.604    9.157000  4.484039e+02  3.524055e+02 
   67.604    9.259999  4.489055e+02  3.524452e+02 
   67.604    9.363000  4.494104e+02  3.524830e+02 
   67.604    9.466000  4.498848e+02  3.525205e+02 
   67.604    9.568999  4.503602e+02  3.525564e+02 
   67.604    9.671000  4.508320e+02  3.525904e+02 
   67.604    9.774000  4.513063e+02  3.526232e+02 
   67.604    9.877000  4.517741e+02  3.526546e+02 
   67.604    9.980000  4.522345e+02  3.526846e+02 
   67.604   10.083000  4.526866e+02  3.527134e+02 
   67.604   10.186000  4.531612e+02  3.527401e+02 
   67.604   10.289000  4.536242e+02  3.527659e+02 
   67.604   10.392000  4.540777e+02  3.527910e+02 
   67.604   10.495000  4.545252e+02  3.528153e+02 
   67.604   10.597000  4.549628e+02  3.528387e+02 
   67.604   10.700000  4.553989e+02  3.528618e+02 
   67.604   10.802999  4.558290e+02  3.528844e+02 
   67.604   10.906000  4.562530e+02  3.529066e+02 
   67.604   11.009000  4.566710e+02  3.529285e+02 
   67.604   11.112000  4.570834e+02  3.529501e+02 
   67.604   11.215000  4.574904e+02  3.529716e+02 
   67.604   11.318000  4.578919e+02  3.529928e+02 
   67.604   11.421000  4.582881e+02  3.530139e+02 
   67.604   11.524000  4.586791e+02  3.530350e+02 
   67.604   11.625999  4.590610e+02  3.530557e+02 
   67.604   11.729000  4.594413e+02  3.530764e+02 
   67.604   11.832000  4.598163e+02  3.530970e+02 
   67.604   11.934999  4.601859e+02  3.531174e+02 
   67.604   12.038000  4.605504e+02  3.531375e+02 
   67.604   12.141000  4.609098e+02  3.531574e+02 
   67.604   12.243999  4.612642e+02  3.531770e+02 
   67.604   12.347000  4.616138e+02  3.531964e+02 
   67.604   12.450000  4.619588e+02  3.532154e+02 
   67.604   12.552000  4.622957e+02  3.532339e+02 
   67.604   12.655000  4.626315e+02  3.532522e+02 
   67.604   12.757999  4.629630e+02  3.532701e+02 
   67.604   12.861000  4.632905e+02  3.532875e+02 
   67.604   12.964000  4.636141e+02  3.533045e+02 
   67.604   13.066999  4.639340e+02  3.533210e+02 
   67.604   13.170000  4.642502e+02  3.533369e+02 
   67.604   13.273000  4.645627e+02  3.533524e+02 
   67.604   13.375999  4.648716e+02  3.533672e+02 
   67.604   13.478000  4.651740e+02  3.533813e+02 
   67.604   13.580999  4.654758e+02  3.533951e+02 
   67.604   13.684000  4.657743e+02  3.534081e+02 
   67.604   13.787000  4.660693e+02  3.534205e+02 
   67.604   13.889999  4.663611e+02  3.534323e+02 
   67.604   13.993000  4.666496e+02  3.534434e+02 
   67.604   14.096000  4.669351e+02  3.534538e+02 
   67.604   14.198999  4.672173e+02  3.534635e+02 
   67.604   14.302000  4.674965e+02  3.534726e+02 
   67.604   14.403999  4.677698e+02  3.534810e+02 
   67.604   14.507000  4.680427e+02  3.534888e+02 
   67.604   14.610000  4.683124e+02  3.534962e+02 
   67.604   14.712999  4.685788e+02  3.535032e+02 
   67.604   14.816000  4.688421e+02  3.535098e+02 
   67.604   14.919000  4.691021e+02  3.535161e+02 
   67.604   15.021999  4.693589e+02  3.535221e+02 
   67.604   15.125000  4.696126e+02  3.535278e+02 
   67.604   15.228000  4.698631e+02  3.535332e+02 
   67.604   15.330000  4.701080e+02  3.535383e+02 
   67.604   15.433000  4.703524e+02  3.535431e+02 
   67.604   15.535999  4.705937e+02  3.535477e+02 
   67.604   15.639000  4.708319e+02  3.535520e+02 
   67.604   15.742000  4.710673e+02  3.535559e+02 
   67.604   15.844999  4.712998e+02  3.535596e+02 
   67.604   15.948000  4.715296e+02  3.535630e+02 
   67.604   16.051001  4.717568e+02  3.535660e+02 
   67.604   16.153999  4.719817e+02  3.535688e+02 
   67.604   16.257000  4.722041e+02  3.535712e+02 
   67.604   16.358999  4.724221e+02  3.535733e+02 
   67.604   16.462000  4.726399e+02  3.535750e+02 
   67.604   16.565001  4.728555e+02  3.535764e+02 
   67.604   16.667999  4.730690e+02  3.535774e+02 
   67.604   16.771000  4.732805e+02  3.535779e+02 
   67.604   16.874001  4.734901e+02  3.535779e+02 
   67.604   16.976999  4.736977e+02  3.535774e+02 
   67.604   17.080000  4.739038e+02  3.535762e+02 
   67.604   17.183001  4.741085e+02  3.535742e+02 
   67.604   17.285000  4.743099e+02  3.535714e+02 
   67.604   17.388000  4.745119e+02  3.535678e+02 
   67.604   17.490999  4.747127e+02  3.535633e+02 
   67.604   17.594000  4.749124e+02  3.535580e+02 
   67.604   17.697001  4.751110e+02  3.535517e+02 
   67.604   17.799999  4.753081e+02  3.535448e+02 
   67.604   17.903000  4.755038e+02  3.535373e+02 
   67.604   18.006001  4.756979e+02  3.535292e+02 
   67.604   18.108999  4.758904e+02  3.535207e+02 
   67.604   18.211000  4.760794e+02  3.535118e+02 
   67.604   18.313999  4.762686e+02  3.535025e+02 
   67.604   18.417000  4.764562e+02  3.534928e+02 
   67.604   18.520000  4.766421e+02  3.534826e+02 
   67.604   18.622999  4.768265e+02  3.534721e+02 
   67.604   18.726000  4.770094e+02  3.534611e+02 
   67.604   18.829000  4.771909e+02  3.534496e+02 
   67.604   18.931999  4.773708e+02  3.534378e+02 
   67.604   19.035000  4.775494e+02  3.534255e+02 
   67.604   19.136999  4.777249e+02  3.534129e+02 
   67.604   19.240000  4.779008e+02  3.533999e+02 
   67.604   19.343000  4.780754e+02  3.533865e+02 
   67.604   19.445999  4.782487e+02  3.533727e+02 
   67.604   19.549000  4.784207e+02  3.533586e+02 
   67.604   19.652000  4.785913e+02  3.533442e+02 
   67.604   19.754999  4.787606e+02  3.533295e+02 
   67.604   19.858000  4.789287e+02  3.533144e+02 
   67.604   19.961000  4.790955e+02  3.532990e+02 
   67.604   20.063000  4.792599e+02  3.532832e+02 
   67.604   20.362999  4.797380e+02  3.532339e+02 
   67.604   20.858999  4.805059e+02  3.531471e+02 
   67.604   21.354000  4.812442e+02  3.530545e+02 
   67.604   21.850000  4.819559e+02  3.529571e+02 
   67.604   22.346001  4.826332e+02  3.528603e+02 
   67.604   22.841999  4.832702e+02  3.527695e+02 
   67.604   23.337000  4.838632e+02  3.526868e+02 
   67.604   23.833000  4.844178e+02  3.526107e+02 
   67.604   24.329000  4.849389e+02  3.525383e+02 
   67.604   24.824999  4.854294e+02  3.524689e+02 
   67.604   25.320000  4.858875e+02  3.524037e+02 
   67.604   25.816000  4.863156e+02  3.523430e+02 
   67.604   26.312000  4.867153e+02  3.522862e+02 
   67.604   26.808001  4.870895e+02  3.522324e+02 
   67.604   27.302999  4.874388e+02  3.521815e+02 
   67.604   27.799000  4.877655e+02  3.521335e+02 
   67.604   28.295000  4.880706e+02  3.520879e+02 
   67.604   28.791000  4.883573e+02  3.520442e+02 
   67.604   29.285999  4.886274e+02  3.520018e+02 
   67.604   29.782000  4.888846e+02  3.519603e+02 
   67.604   30.278000  4.891297e+02  3.519194e+02 
   67.604   30.774000  4.893645e+02  3.518793e+02 
   67.604   31.268999  4.895901e+02  3.518400e+02 
   67.604   31.764999  4.898091e+02  3.518013e+02 
   67.604   32.261002  4.900232e+02  3.517634e+02 
   67.604   32.757000  4.902343e+02  3.517264e+02 
   67.604   33.252003  4.904436e+02  3.516906e+02 
   67.604   33.748001  4.906534e+02  3.516562e+02 
   67.604   34.244003  4.908646e+02  3.516237e+02 
   67.604   34.740002  4.910789e+02  3.515930e+02 
   67.604   35.235001  4.912969e+02  3.515642e+02 
   67.604   35.731003  4.915206e+02  3.515373e+02 
   67.604   36.227001  4.917502e+02  3.515121e+02 
   67.604   36.723003  4.919856e+02  3.514886e+02 
   67.604   37.218002  4.922259e+02  3.514667e+02 
   67.604   37.714001  4.924708e+02  3.514462e+02 
   67.604   38.210003  4.927186e+02  3.514272e+02 
   67.604   38.706001  4.929673e+02  3.514096e+02 
   67.604   39.201000  4.932146e+02  3.513935e+02 
   67.604   39.697002  4.934592e+02  3.513788e+02 
   67.604   40.197002  4.936975e+02  3.513670e+02 
   67.604   45.197002  4.955697e+02  3.513133e+02 
   67.604   50.197002  4.962794e+02  3.513024e+02 
   67.604   55.197002  4.965286e+02  3.513022e+02 
   67.604   60.197002  4.972817e+02  3.513041e+02 
   67.604   65.196999  4.985175e+02  3.513059e+02 
