   67.427    0.000000  1.949279e-01  1.541430e+01 
   67.427    0.103000  1.959908e-01  1.558787e+01 
   67.427    0.206000  1.970482e-01  1.576746e+01 
   67.427    0.309000  1.980927e-01  1.595080e+01 
   67.427    0.412000  1.991242e-01  1.613643e+01 
   67.427    0.515000  2.001450e-01  1.632339e+01 
   67.427    0.617000  2.011481e-01  1.650920e+01 
   67.427    0.720000  2.021580e-01  1.669693e+01 
   67.427    0.823000  2.032117e-01  1.688727e+01 
   67.427    0.926000  2.044233e-01  1.708808e+01 
   67.427    1.029000  2.056724e-01  1.729013e+01 
   67.427    1.132000  2.071007e-01  1.750358e+01 
   67.427    1.235000  2.086284e-01  1.772229e+01 
   67.427    1.338000  2.101421e-01  1.793807e+01 
   67.427    1.441000  2.115661e-01  1.814576e+01 
   67.427    1.543000  2.128955e-01  1.834447e+01 
   67.427    1.646000  2.143115e-01  1.854969e+01 
   67.427    1.749000  2.159747e-01  1.877236e+01 
   67.427    1.852000  8.086726e-01  4.071297e+01 
   67.427    1.955000  3.560310e+00  6.717448e+01 
   67.427    2.058000  1.790427e+01  1.011179e+02 
   67.427    2.161000  8.994612e+01  1.434283e+02 
   67.427    2.264000  3.397473e+02  1.819533e+02 
   67.427    2.367000  3.414664e+02  1.817997e+02 
   67.427    2.469000  3.431003e+02  1.817027e+02 
   67.427    2.572000  3.447301e+02  1.816472e+02 
   67.427    2.675000  3.463412e+02  1.816251e+02 
   67.427    2.778000  3.479378e+02  1.816290e+02 
   67.427    2.881000  3.495211e+02  1.816544e+02 
   67.427    2.984000  3.510932e+02  1.816978e+02 
   67.427    3.087000  3.526538e+02  1.817568e+02 
   67.427    3.190000  3.542037e+02  1.818292e+02 
   67.427    3.293000  3.557435e+02  1.819134e+02 
   67.427    3.395000  3.572583e+02  1.820070e+02 
   67.427    3.498000  3.587774e+02  1.821107e+02 
   67.427    3.601000  3.602881e+02  1.822224e+02 
   67.427    3.704000  3.617939e+02  1.823409e+02 
   67.427    3.807000  3.632951e+02  1.824654e+02 
   67.427    3.910000  3.647942e+02  1.825951e+02 
   67.427    4.013000  3.662920e+02  1.827295e+02 
   67.427    4.116000  3.680811e+02  1.829100e+02 
   67.427    4.219000  3.699226e+02  1.831017e+02 
   67.427    4.321000  3.718092e+02  1.833041e+02 
   67.427    4.424000  3.737953e+02  1.835237e+02 
   67.427    4.527000  3.758656e+02  1.837587e+02 
   67.427    4.630000  3.773356e+02  1.839122e+02 
   67.427    4.733000  3.787886e+02  1.840684e+02 
   67.427    4.836000  3.802207e+02  1.842269e+02 
   67.427    4.939000  3.816291e+02  1.843875e+02 
   67.427    5.042000  3.830115e+02  1.845499e+02 
   67.427    5.145000  3.843650e+02  1.847140e+02 
   67.427    5.247000  3.856784e+02  1.848776e+02 
   67.427    5.350000  3.869790e+02  1.850438e+02 
   67.427    5.453000  3.882540e+02  1.852107e+02 
   67.427    5.556000  3.895075e+02  1.853780e+02 
   67.427    5.659000  3.907406e+02  1.855455e+02 
   67.427    5.762000  3.919545e+02  1.857130e+02 
   67.427    5.865000  3.931522e+02  1.858803e+02 
   67.427    5.968000  3.943339e+02  1.860474e+02 
   67.427    6.071000  3.955016e+02  1.862140e+02 
   67.427    6.173000  3.966466e+02  1.863786e+02 
   67.427    6.276000  3.977926e+02  1.865440e+02 
   67.427    6.379000  3.989288e+02  1.867088e+02 
   67.427    6.482000  4.000534e+02  1.868729e+02 
   67.427    6.585000  4.011649e+02  1.870362e+02 
   67.427    6.688000  4.022609e+02  1.871986e+02 
   67.427    6.791000  4.054329e+02  1.875094e+02 
   67.427    6.894000  4.088029e+02  1.878322e+02 
   67.427    6.997000  4.113469e+02  1.880954e+02 
   67.427    7.100000  4.142489e+02  1.883833e+02 
   67.427    7.202000  4.166170e+02  1.886335e+02 
   67.427    7.305000  4.189493e+02  1.888827e+02 
   67.427    7.408000  4.206586e+02  1.890894e+02 
   67.427    7.511000  4.221893e+02  1.892851e+02 
   67.427    7.614000  4.238391e+02  1.894911e+02 
   67.427    7.717000  4.252391e+02  1.896810e+02 
   67.427    7.820000  4.268404e+02  1.898836e+02 
   67.427    7.923000  4.281630e+02  1.900660e+02 
   67.427    8.026000  4.295159e+02  1.902492e+02 
   67.427    8.128000  4.322131e+02  1.905188e+02 
   67.427    8.231000  4.346510e+02  1.907688e+02 
   67.427    8.334001  4.360808e+02  1.909508e+02 
   67.427    8.437000  4.389608e+02  1.912252e+02 
   67.427    8.540000  4.403582e+02  1.914023e+02 
   67.427    8.643001  4.420695e+02  1.915987e+02 
   67.427    8.746000  4.430169e+02  1.917713e+02 
   67.427    8.849000  4.441552e+02  1.919685e+02 
   67.427    8.952001  4.456066e+02  1.922040e+02 
   67.427    9.054000  4.475133e+02  1.924931e+02 
   67.427    9.157001  4.499146e+02  1.928396e+02 
   67.427    9.260000  4.524412e+02  1.931951e+02 
   67.427    9.363000  4.529406e+02  1.933003e+02 
   67.427    9.466001  4.534363e+02  1.934034e+02 
   67.427    9.569000  4.539284e+02  1.935043e+02 
   67.427    9.672000  4.544167e+02  1.936033e+02 
   67.427    9.775001  4.548989e+02  1.937003e+02 
   67.427    9.878000  4.553711e+02  1.937953e+02 
   67.427    9.980000  4.558280e+02  1.938874e+02 
   67.427   10.083000  4.563130e+02  1.939777e+02 
   67.427   10.186000  4.567871e+02  1.940663e+02 
   67.427   10.289001  4.572503e+02  1.941534e+02 
   67.427   10.392000  4.577045e+02  1.942388e+02 
   67.427   10.495000  4.581527e+02  1.943228e+02 
   67.427   10.598001  4.585954e+02  1.944054e+02 
   67.427   10.701000  4.590320e+02  1.944866e+02 
   67.427   10.804000  4.594622e+02  1.945666e+02 
   67.427   10.906000  4.598815e+02  1.946446e+02 
   67.427   11.009000  4.602986e+02  1.947223e+02 
   67.427   11.112000  4.607103e+02  1.947989e+02 
   67.427   11.215000  4.611168e+02  1.948745e+02 
   67.427   11.318000  4.615181e+02  1.949491e+02 
   67.427   11.421000  4.619144e+02  1.950228e+02 
   67.427   11.524000  4.623058e+02  1.950955e+02 
   67.427   11.627000  4.626920e+02  1.951673e+02 
   67.427   11.730000  4.630732e+02  1.952381e+02 
   67.427   11.832000  4.634456e+02  1.953073e+02 
   67.427   11.935000  4.638164e+02  1.953763e+02 
   67.427   12.038000  4.641823e+02  1.954443e+02 
   67.427   12.141000  4.645432e+02  1.955114e+02 
   67.427   12.244000  4.648994e+02  1.955776e+02 
   67.427   12.347000  4.652507e+02  1.956428e+02 
   67.427   12.450000  4.655973e+02  1.957071e+02 
   67.427   12.553000  4.659391e+02  1.957704e+02 
   67.427   12.656000  4.662763e+02  1.958328e+02 
   67.427   12.759000  4.666089e+02  1.958942e+02 
   67.427   12.861000  4.669342e+02  1.959540e+02 
   67.427   12.964000  4.672586e+02  1.960133e+02 
   67.427   13.067000  4.675792e+02  1.960717e+02 
   67.427   13.170000  4.678959e+02  1.961289e+02 
   67.427   13.273000  4.682088e+02  1.961851e+02 
   67.427   13.376000  4.685182e+02  1.962403e+02 
   67.427   13.479000  4.688241e+02  1.962944e+02 
   67.427   13.582000  4.691264e+02  1.963474e+02 
   67.427   13.685000  4.694254e+02  1.963994e+02 
   67.427   13.787000  4.697181e+02  1.964499e+02 
   67.427   13.890000  4.700103e+02  1.964998e+02 
   67.427   13.993000  4.702993e+02  1.965487e+02 
   67.427   14.096000  4.705851e+02  1.965966e+02 
   67.427   14.199000  4.708677e+02  1.966435e+02 
   67.427   14.302000  4.711472e+02  1.966893e+02 
   67.427   14.405000  4.714236e+02  1.967342e+02 
   67.427   14.508000  4.716968e+02  1.967782e+02 
   67.427   14.611000  4.719669e+02  1.968212e+02 
   67.427   14.713000  4.722312e+02  1.968630e+02 
   67.427   14.816000  4.724950e+02  1.969044e+02 
   67.427   14.919000  4.727555e+02  1.969450e+02 
   67.427   15.022000  4.730128e+02  1.969849e+02 
   67.427   15.125000  4.732671e+02  1.970240e+02 
   67.427   15.228000  4.735181e+02  1.970625e+02 
   67.427   15.331000  4.737661e+02  1.971003e+02 
   67.427   15.434000  4.740110e+02  1.971374e+02 
   67.427   15.537000  4.742529e+02  1.971738e+02 
   67.427   15.639000  4.744894e+02  1.972092e+02 
   67.427   15.742001  4.747254e+02  1.972442e+02 
   67.427   15.845000  4.749586e+02  1.972785e+02 
   67.427   15.948001  4.751889e+02  1.973121e+02 
   67.427   16.050999  4.754167e+02  1.973451e+02 
   67.427   16.153999  4.756421e+02  1.973774e+02 
   67.427   16.257000  4.758650e+02  1.974091e+02 
   67.427   16.359999  4.760854e+02  1.974401e+02 
   67.427   16.462999  4.763036e+02  1.974704e+02 
   67.427   16.564999  4.765175e+02  1.974998e+02 
   67.427   16.667999  4.767313e+02  1.975289e+02 
   67.427   16.771000  4.769430e+02  1.975572e+02 
   67.427   16.873999  4.771529e+02  1.975848e+02 
   67.427   16.976999  4.773608e+02  1.976117e+02 
   67.427   17.080000  4.775670e+02  1.976378e+02 
   67.427   17.182999  4.777719e+02  1.976629e+02 
   67.427   17.285999  4.779753e+02  1.976873e+02 
   67.427   17.389000  4.781773e+02  1.977107e+02 
   67.427   17.490999  4.783762e+02  1.977329e+02 
   67.427   17.594000  4.785759e+02  1.977544e+02 
   67.427   17.696999  4.787744e+02  1.977751e+02 
   67.427   17.799999  4.789716e+02  1.977948e+02 
   67.427   17.903000  4.791674e+02  1.978138e+02 
   67.427   18.005999  4.793617e+02  1.978321e+02 
   67.427   18.108999  4.795544e+02  1.978497e+02 
   67.427   18.212000  4.797455e+02  1.978667e+02 
   67.427   18.314999  4.799350e+02  1.978830e+02 
   67.427   18.417999  4.801227e+02  1.978988e+02 
   67.427   18.519999  4.803069e+02  1.979139e+02 
   67.427   18.622999  4.804915e+02  1.979285e+02 
   67.427   18.726000  4.806746e+02  1.979426e+02 
   67.427   18.828999  4.808561e+02  1.979560e+02 
   67.427   18.931999  4.810362e+02  1.979688e+02 
   67.427   19.035000  4.812150e+02  1.979811e+02 
   67.427   19.137999  4.813924e+02  1.979928e+02 
   67.427   19.240999  4.815686e+02  1.980039e+02 
   67.427   19.344000  4.817433e+02  1.980145e+02 
   67.427   19.445999  4.819151e+02  1.980245e+02 
   67.427   19.549000  4.820872e+02  1.980341e+02 
   67.427   19.651999  4.822580e+02  1.980432e+02 
   67.427   19.754999  4.824275e+02  1.980519e+02 
   67.427   19.858000  4.825957e+02  1.980601e+02 
   67.427   19.960999  4.827626e+02  1.980678e+02 
   67.427   20.063999  4.829287e+02  1.980748e+02 
   67.427   20.362999  4.834056e+02  1.980921e+02 
   67.427   20.858999  4.841740e+02  1.981127e+02 
   67.427   21.355000  4.849142e+02  1.981240e+02 
   67.427   21.849998  4.856253e+02  1.981270e+02 
   67.427   22.345999  4.863041e+02  1.981256e+02 
   67.427   22.841999  4.869434e+02  1.981234e+02 
   67.427   23.337999  4.875398e+02  1.981226e+02 
   67.427   23.832998  4.880950e+02  1.981227e+02 
   67.427   24.328999  4.886174e+02  1.981219e+02 
   67.427   24.824999  4.891088e+02  1.981198e+02 
   67.427   25.320999  4.895685e+02  1.981172e+02 
   67.427   25.816000  4.899967e+02  1.981148e+02 
   67.427   26.311998  4.903974e+02  1.981122e+02 
   67.427   26.807999  4.907729e+02  1.981090e+02 
   67.427   27.303999  4.911244e+02  1.981053e+02 
   67.427   27.799000  4.914516e+02  1.981012e+02 
   67.427   28.295000  4.917577e+02  1.980968e+02 
   67.427   28.790998  4.920451e+02  1.980918e+02 
   67.427   29.286999  4.923166e+02  1.980859e+02 
   67.427   29.782000  4.925739e+02  1.980790e+02 
   67.427   30.278000  4.928198e+02  1.980711e+02 
   67.427   30.773998  4.930555e+02  1.980623e+02 
   67.427   31.269999  4.932827e+02  1.980526e+02 
   67.427   31.764999  4.935027e+02  1.980423e+02 
   67.427   32.261002  4.937184e+02  1.980314e+02 
   67.427   32.757000  4.939311e+02  1.980200e+02 
   67.427   33.253002  4.941424e+02  1.980086e+02 
   67.427   33.748001  4.943534e+02  1.979974e+02 
   67.427   34.243999  4.945662e+02  1.979865e+02 
   67.427   34.740002  4.947822e+02  1.979762e+02 
   67.427   35.236000  4.950025e+02  1.979664e+02 
   67.427   35.731003  4.952276e+02  1.979572e+02 
   67.427   36.227001  4.954590e+02  1.979486e+02 
   67.427   36.723000  4.956963e+02  1.979405e+02 
   67.427   37.219002  4.959390e+02  1.979330e+02 
   67.427   37.714001  4.961854e+02  1.979260e+02 
   67.427   38.210003  4.964349e+02  1.979195e+02 
   67.427   38.706001  4.966852e+02  1.979136e+02 
   67.427   39.202000  4.969345e+02  1.979082e+02 
   67.427   39.697002  4.971800e+02  1.979034e+02 
   67.427   40.197002  4.974195e+02  1.979002e+02 
   67.427   45.197002  4.992970e+02  1.978967e+02 
   67.427   50.197002  5.000074e+02  1.979059e+02 
   67.427   55.197002  5.002579e+02  1.979145e+02 
   67.427   60.197002  5.010206e+02  1.979207e+02 
   67.427   65.196999  5.022597e+02  1.979246e+02 
