   67.596    0.000000  7.965112e-30  4.090270e+00 
   67.596    0.103000  8.012528e-30  4.156278e+00 
   67.596    0.205000  8.059340e-30  4.222300e+00 
   67.596    0.308000  8.106517e-30  4.289042e+00 
   67.596    0.411000  8.153676e-30  4.355620e+00 
   67.596    0.514000  8.200780e-30  4.421923e+00 
   67.596    0.617000  3.075231e-29  9.358352e+00 
   67.596    0.720000  2.410355e-28  1.618443e+01 
   67.596    0.823000  3.525308e-27  2.453636e+01 
   67.596    0.926000  8.768550e-26  3.414548e+01 
   67.596    1.029000  3.677077e-24  4.508201e+01 
   67.596    1.131000  2.328499e-22  5.703778e+01 
   67.596    1.234000  2.434085e-20  7.035465e+01 
   67.596    1.337000  3.907890e-18  8.487037e+01 
   67.596    1.440000  9.288718e-16  1.005295e+02 
   67.596    1.543000  3.319812e-13  1.175077e+02 
   67.596    1.646000  1.756886e-10  1.359380e+02 
   67.596    1.749000  1.348094e-07  1.559828e+02 
   67.596    1.852000  1.624549e-07  1.564493e+02 
   67.596    1.955000  1.745263e-07  1.565445e+02 
   67.596    2.057000  1.847336e-07  1.566100e+02 
   67.596    2.160000  1.932235e-07  1.566484e+02 
   67.596    2.263000  2.016848e-07  1.566953e+02 
   67.596    2.366000  2.121811e-07  1.567874e+02 
   67.596    2.469000  2.264057e-07  1.569498e+02 
   67.596    2.572000  2.422573e-07  1.571368e+02 
   67.596    2.675000  2.577958e-07  1.573152e+02 
   67.596    2.778000  2.712587e-07  1.574618e+02 
   67.596    2.881000  2.123763e-04  1.816442e+02 
   67.596    2.983000  3.685757e-02  2.061204e+02 
   67.596    3.086000  1.942467e+00  2.365494e+02 
   67.596    3.189000  3.581136e+01  2.771832e+02 
   67.596    3.292000  2.898431e+02  3.197544e+02 
   67.596    3.395000  2.910928e+02  3.194499e+02 
   67.596    3.498000  2.923324e+02  3.192052e+02 
   67.596    3.601000  2.935631e+02  3.190043e+02 
   67.596    3.704000  2.947881e+02  3.188374e+02 
   67.596    3.807000  2.960071e+02  3.186992e+02 
   67.596    3.909000  2.972081e+02  3.185867e+02 
   67.596    4.012000  2.984140e+02  3.184947e+02 
   67.596    4.115000  2.996131e+02  3.184215e+02 
   67.596    4.218000  3.008055e+02  3.183650e+02 
   67.596    4.321000  3.019899e+02  3.183236e+02 
   67.596    4.424000  3.031659e+02  3.182956e+02 
   67.596    4.527000  3.050482e+02  3.183206e+02 
   67.596    4.630000  3.069282e+02  3.183564e+02 
   67.596    4.733000  3.088063e+02  3.184016e+02 
   67.596    4.835000  3.106920e+02  3.184566e+02 
   67.596    4.938000  3.123016e+02  3.185240e+02 
   67.596    5.041000  3.139249e+02  3.186006e+02 
   67.596    5.144000  3.155417e+02  3.186840e+02 
   67.596    5.247000  3.171437e+02  3.187729e+02 
   67.596    5.350000  3.187221e+02  3.188663e+02 
   67.596    5.453000  3.202711e+02  3.189633e+02 
   67.596    5.556000  3.217895e+02  3.190637e+02 
   67.596    5.659000  3.232718e+02  3.191666e+02 
   67.596    5.762000  3.262089e+02  3.193453e+02 
   67.596    5.864000  3.290455e+02  3.195220e+02 
   67.596    5.967000  3.325188e+02  3.197413e+02 
   67.596    6.070000  3.364990e+02  3.199936e+02 
   67.596    6.173000  3.410301e+02  3.202798e+02 
   67.596    6.276000  3.494174e+02  3.207871e+02 
   67.596    6.379000  3.598736e+02  3.213954e+02 
   67.596    6.482000  3.660190e+02  3.217539e+02 
   67.596    6.585000  3.726672e+02  3.221354e+02 
   67.596    6.688000  3.789025e+02  3.224904e+02 
   67.596    6.790000  3.844037e+02  3.228038e+02 
   67.596    6.893000  3.886381e+02  3.230501e+02 
   67.596    6.996000  3.929744e+02  3.232997e+02 
   67.596    7.099000  3.940087e+02  3.233776e+02 
   67.596    7.202000  3.950131e+02  3.234563e+02 
   67.596    7.305000  3.959610e+02  3.235352e+02 
   67.596    7.408000  3.993749e+02  3.237430e+02 
   67.596    7.511000  4.028490e+02  3.239551e+02 
   67.596    7.614000  4.062505e+02  3.241660e+02 
   67.596    7.716000  4.096224e+02  3.243749e+02 
   67.596    7.819000  4.132292e+02  3.245924e+02 
   67.596    7.922000  4.165428e+02  3.247926e+02 
   67.596    8.025001  4.197826e+02  3.249860e+02 
   67.596    8.128000  4.231262e+02  3.251805e+02 
   67.596    8.231000  4.267921e+02  3.253854e+02 
   67.596    8.334001  4.305677e+02  3.255915e+02 
   67.596    8.437000  4.338343e+02  3.257731e+02 
   67.596    8.540000  4.374128e+02  3.259657e+02 
   67.596    8.642000  4.406605e+02  3.261416e+02 
   67.596    8.745000  4.439197e+02  3.263160e+02 
   67.596    8.848001  4.470538e+02  3.264826e+02 
   67.596    8.951000  4.475664e+02  3.265402e+02 
   67.596    9.054000  4.480716e+02  3.265963e+02 
   67.596    9.157001  4.485724e+02  3.266508e+02 
   67.596    9.260000  4.490741e+02  3.267034e+02 
   67.596    9.363000  4.495789e+02  3.267541e+02 
   67.596    9.466001  4.500535e+02  3.268045e+02 
   67.596    9.568000  4.505242e+02  3.268526e+02 
   67.596    9.671000  4.510006e+02  3.268995e+02 
   67.596    9.774000  4.514750e+02  3.269448e+02 
   67.596    9.877000  4.519430e+02  3.269886e+02 
   67.596    9.980000  4.524035e+02  3.270308e+02 
   67.596   10.083000  4.528557e+02  3.270717e+02 
   67.596   10.186000  4.533305e+02  3.271103e+02 
   67.596   10.289001  4.537937e+02  3.271478e+02 
   67.596   10.392000  4.542474e+02  3.271845e+02 
   67.596   10.494000  4.546906e+02  3.272199e+02 
   67.596   10.597000  4.551326e+02  3.272548e+02 
   67.596   10.700000  4.555688e+02  3.272890e+02 
   67.596   10.803000  4.559990e+02  3.273227e+02 
   67.596   10.906000  4.564231e+02  3.273557e+02 
   67.596   11.009000  4.568412e+02  3.273883e+02 
   67.596   11.112000  4.572537e+02  3.274205e+02 
   67.596   11.215000  4.576608e+02  3.274523e+02 
   67.596   11.318000  4.580624e+02  3.274838e+02 
   67.596   11.421000  4.584587e+02  3.275150e+02 
   67.596   11.523000  4.588460e+02  3.275457e+02 
   67.596   11.626000  4.592318e+02  3.275764e+02 
   67.596   11.729000  4.596122e+02  3.276068e+02 
   67.596   11.832000  4.599872e+02  3.276368e+02 
   67.596   11.935000  4.603569e+02  3.276665e+02 
   67.596   12.038000  4.607214e+02  3.276959e+02 
   67.596   12.141000  4.610810e+02  3.277249e+02 
   67.596   12.244000  4.614355e+02  3.277534e+02 
   67.596   12.347000  4.617852e+02  3.277816e+02 
   67.596   12.449000  4.621268e+02  3.278091e+02 
   67.596   12.552000  4.624672e+02  3.278363e+02 
   67.596   12.655000  4.628030e+02  3.278631e+02 
   67.596   12.758000  4.631346e+02  3.278893e+02 
   67.596   12.861000  4.634621e+02  3.279151e+02 
   67.596   12.964000  4.637858e+02  3.279402e+02 
   67.596   13.067000  4.641058e+02  3.279647e+02 
   67.596   13.170000  4.644220e+02  3.279886e+02 
   67.596   13.273000  4.647346e+02  3.280119e+02 
   67.596   13.375000  4.650405e+02  3.280343e+02 
   67.596   13.478000  4.653460e+02  3.280562e+02 
   67.596   13.581000  4.656479e+02  3.280775e+02 
   67.596   13.684000  4.659464e+02  3.280981e+02 
   67.596   13.787000  4.662415e+02  3.281179e+02 
   67.596   13.890000  4.665333e+02  3.281370e+02 
   67.596   13.993000  4.668219e+02  3.281554e+02 
   67.596   14.096000  4.671074e+02  3.281730e+02 
   67.596   14.199000  4.673897e+02  3.281898e+02 
   67.596   14.301001  4.676662e+02  3.282058e+02 
   67.596   14.404000  4.679423e+02  3.282212e+02 
   67.596   14.507000  4.682152e+02  3.282360e+02 
   67.596   14.610001  4.684850e+02  3.282502e+02 
   67.596   14.713000  4.687515e+02  3.282639e+02 
   67.596   14.816000  4.690148e+02  3.282772e+02 
   67.596   14.919000  4.692748e+02  3.282900e+02 
   67.596   15.022000  4.695317e+02  3.283025e+02 
   67.596   15.125000  4.697854e+02  3.283146e+02 
   67.596   15.227000  4.700335e+02  3.283262e+02 
   67.596   15.330000  4.702809e+02  3.283376e+02 
   67.596   15.433001  4.705253e+02  3.283486e+02 
   67.596   15.536000  4.707667e+02  3.283593e+02 
   67.596   15.639000  4.710050e+02  3.283696e+02 
   67.596   15.742001  4.712404e+02  3.283795e+02 
   67.596   15.845000  4.714730e+02  3.283890e+02 
   67.596   15.948001  4.717028e+02  3.283982e+02 
   67.596   16.050999  4.719301e+02  3.284070e+02 
   67.596   16.153000  4.721528e+02  3.284153e+02 
   67.596   16.255999  4.723752e+02  3.284234e+02 
   67.596   16.358999  4.725953e+02  3.284310e+02 
   67.596   16.462000  4.728132e+02  3.284382e+02 
   67.596   16.564999  4.730289e+02  3.284450e+02 
   67.596   16.667999  4.732424e+02  3.284514e+02 
   67.596   16.771000  4.734539e+02  3.284572e+02 
   67.596   16.873999  4.736635e+02  3.284625e+02 
   67.596   16.976999  4.738712e+02  3.284672e+02 
   67.596   17.080000  4.740773e+02  3.284712e+02 
   67.596   17.181999  4.742801e+02  3.284743e+02 
   67.596   17.285000  4.744835e+02  3.284767e+02 
   67.596   17.387999  4.746855e+02  3.284782e+02 
   67.596   17.490999  4.748864e+02  3.284788e+02 
   67.596   17.594000  4.750861e+02  3.284785e+02 
   67.596   17.696999  4.752847e+02  3.284773e+02 
   67.596   17.799999  4.754818e+02  3.284754e+02 
   67.596   17.903000  4.756775e+02  3.284730e+02 
   67.596   18.005999  4.758717e+02  3.284699e+02 
   67.596   18.108000  4.760623e+02  3.284663e+02 
   67.596   18.210999  4.762532e+02  3.284622e+02 
   67.596   18.313999  4.764425e+02  3.284578e+02 
   67.596   18.417000  4.766301e+02  3.284529e+02 
   67.596   18.519999  4.768160e+02  3.284475e+02 
   67.596   18.622999  4.770004e+02  3.284417e+02 
   67.596   18.726000  4.771834e+02  3.284354e+02 
   67.596   18.828999  4.773649e+02  3.284286e+02 
   67.596   18.931999  4.775448e+02  3.284214e+02 
   67.596   19.033998  4.777217e+02  3.284138e+02 
   67.596   19.136999  4.778990e+02  3.284058e+02 
   67.596   19.240000  4.780750e+02  3.283973e+02 
   67.596   19.342999  4.782495e+02  3.283884e+02 
   67.596   19.445999  4.784229e+02  3.283791e+02 
   67.596   19.549000  4.785948e+02  3.283695e+02 
   67.596   19.651999  4.787655e+02  3.283595e+02 
   67.596   19.754999  4.789348e+02  3.283491e+02 
   67.596   19.858000  4.791029e+02  3.283384e+02 
   67.596   19.959999  4.792682e+02  3.283275e+02 
   67.596   20.063000  4.794341e+02  3.283159e+02 
   67.596   20.362999  4.799124e+02  3.282791e+02 
   67.596   20.858000  4.806788e+02  3.282124e+02 
   67.596   21.354000  4.814187e+02  3.281390e+02 
   67.596   21.849998  4.821305e+02  3.280603e+02 
   67.596   22.345999  4.828079e+02  3.279814e+02 
   67.596   22.841000  4.834438e+02  3.279073e+02 
   67.596   23.337000  4.840380e+02  3.278398e+02 
   67.596   23.832998  4.845927e+02  3.277780e+02 
   67.596   24.328999  4.851139e+02  3.277190e+02 
   67.596   24.823999  4.856035e+02  3.276622e+02 
   67.596   25.320000  4.860626e+02  3.276086e+02 
   67.596   25.816000  4.864908e+02  3.275588e+02 
   67.596   26.311998  4.868905e+02  3.275121e+02 
   67.596   26.806999  4.872641e+02  3.274678e+02 
   67.596   27.302999  4.876142e+02  3.274257e+02 
   67.596   27.799000  4.879409e+02  3.273858e+02 
   67.596   28.295000  4.882461e+02  3.273480e+02 
   67.596   28.789999  4.885322e+02  3.273116e+02 
   67.596   29.285999  4.888029e+02  3.272759e+02 
   67.596   29.782000  4.890601e+02  3.272408e+02 
   67.596   30.278000  4.893052e+02  3.272061e+02 
   67.596   30.772999  4.895396e+02  3.271718e+02 
   67.596   31.268999  4.897657e+02  3.271380e+02 
   67.596   31.764999  4.899847e+02  3.271046e+02 
   67.596   32.261002  4.901989e+02  3.270717e+02 
   67.596   32.756001  4.904096e+02  3.270396e+02 
   67.596   33.252003  4.906193e+02  3.270082e+02 
   67.596   33.748001  4.908292e+02  3.269781e+02 
   67.596   34.243999  4.910404e+02  3.269496e+02 
   67.596   34.739002  4.912543e+02  3.269227e+02 
   67.596   35.235001  4.914728e+02  3.268974e+02 
   67.596   35.731003  4.916967e+02  3.268737e+02 
   67.596   36.227001  4.919263e+02  3.268516e+02 
   67.596   36.723000  4.921618e+02  3.268309e+02 
   67.596   37.218002  4.924021e+02  3.268116e+02 
   67.596   37.714001  4.926472e+02  3.267937e+02 
   67.596   38.210003  4.928950e+02  3.267769e+02 
   67.596   38.706001  4.931438e+02  3.267615e+02 
   67.596   39.201000  4.933911e+02  3.267474e+02 
   67.596   39.697002  4.936358e+02  3.267345e+02 
   67.596   40.197002  4.938742e+02  3.267243e+02 
   67.596   45.197002  4.957469e+02  3.266799e+02 
   67.596   50.197002  4.964568e+02  3.266727e+02 
   67.596   55.197002  4.967061e+02  3.266743e+02 
   67.596   60.197002  4.974595e+02  3.266770e+02 
   67.596   65.196999  4.986956e+02  3.266792e+02 
