   67.005    0.000000  9.097088e+01  3.436831e+01 
   67.005    0.103000  9.148283e+01  3.458156e+01 
   67.005    0.206000  9.199210e+01  3.481832e+01 
   67.005    0.309000  9.262663e+01  3.515154e+01 
   67.005    0.412000  9.463861e+01  3.637640e+01 
   67.005    0.514000  9.628867e+01  3.736929e+01 
   67.005    0.617000  9.751146e+01  3.808913e+01 
   67.005    0.720000  9.935110e+01  3.919912e+01 
   67.005    0.823000  1.003725e+02  3.978897e+01 
   67.005    0.926000  1.012986e+02  4.032045e+01 
   67.005    1.029000  1.021143e+02  4.078396e+01 
   67.005    1.132000  1.028583e+02  4.120304e+01 
   67.005    1.235000  1.035692e+02  4.160026e+01 
   67.005    1.338000  1.042684e+02  4.198816e+01 
   67.005    1.441000  1.048163e+02  4.228105e+01 
   67.005    1.543000  1.053566e+02  4.257254e+01 
   67.005    1.646000  1.058987e+02  4.286800e+01 
   67.005    1.749000  1.064373e+02  4.316415e+01 
   67.005    1.852000  1.175253e+02  4.799102e+01 
   67.005    1.955000  1.591139e+02  6.187346e+01 
   67.005    2.058000  3.714812e+02  9.439993e+01 
   67.005    2.161000  3.746518e+02  9.471543e+01 
   67.005    2.264000  3.764778e+02  9.483877e+01 
   67.005    2.367000  3.782872e+02  9.498579e+01 
   67.005    2.469000  3.800655e+02  9.514844e+01 
   67.005    2.572000  3.818513e+02  9.532573e+01 
   67.005    2.675000  3.836281e+02  9.551353e+01 
   67.005    2.778000  3.853990e+02  9.570957e+01 
   67.005    2.881000  3.871625e+02  9.591254e+01 
   67.005    2.984000  3.889165e+02  9.612146e+01 
   67.005    3.087000  3.906590e+02  9.633549e+01 
   67.005    3.190000  3.923881e+02  9.655394e+01 
   67.005    3.293000  3.941039e+02  9.677606e+01 
   67.005    3.395000  3.957915e+02  9.699894e+01 
   67.005    3.498000  3.974843e+02  9.722639e+01 
   67.005    3.601000  3.991720e+02  9.745554e+01 
   67.005    3.704000  4.008596e+02  9.768579e+01 
   67.005    3.807000  4.025472e+02  9.791685e+01 
   67.005    3.910000  4.042357e+02  9.814845e+01 
   67.005    4.013000  4.059249e+02  9.838040e+01 
   67.005    4.116000  4.076082e+02  9.861273e+01 
   67.005    4.219000  4.092774e+02  9.884548e+01 
   67.005    4.321000  4.109122e+02  9.907623e+01 
   67.005    4.424000  4.125414e+02  9.930936e+01 
   67.005    4.527000  4.141453e+02  9.954253e+01 
   67.005    4.630000  4.157231e+02  9.977539e+01 
   67.005    4.733000  4.172756e+02  1.000077e+02 
   67.005    4.836000  4.187990e+02  1.002394e+02 
   67.005    4.939000  4.202943e+02  1.004703e+02 
   67.005    5.042000  4.217631e+02  1.007002e+02 
   67.005    5.145000  4.232027e+02  1.009291e+02 
   67.005    5.247000  4.245998e+02  1.011546e+02 
   67.005    5.350000  4.259815e+02  1.013811e+02 
   67.005    5.453000  4.273334e+02  1.016064e+02 
   67.005    5.556000  4.286569e+02  1.018303e+02 
   67.005    5.659000  4.299509e+02  1.020528e+02 
   67.005    5.762000  4.312174e+02  1.022738e+02 
   67.005    5.865000  4.324595e+02  1.024933e+02 
   67.005    5.968000  4.336772e+02  1.027111e+02 
   67.005    6.071000  4.348746e+02  1.029271e+02 
   67.005    6.173000  4.360474e+02  1.031391e+02 
   67.005    6.276000  4.372208e+02  1.033510e+02 
   67.005    6.379000  4.383886e+02  1.035608e+02 
   67.005    6.482000  4.395543e+02  1.037684e+02 
   67.005    6.585000  4.407190e+02  1.039737e+02 
   67.005    6.688000  4.418832e+02  1.041767e+02 
   67.005    6.791000  4.430465e+02  1.043774e+02 
   67.005    6.894000  4.442009e+02  1.045758e+02 
   67.005    6.997000  4.453362e+02  1.047718e+02 
   67.005    7.099000  4.464322e+02  1.049635e+02 
   67.005    7.202000  4.474887e+02  1.051546e+02 
   67.005    7.305000  4.484751e+02  1.053431e+02 
   67.005    7.408000  4.493898e+02  1.055288e+02 
   67.005    7.511000  4.502342e+02  1.057116e+02 
   67.005    7.614000  4.510041e+02  1.058914e+02 
   67.005    7.717000  4.517187e+02  1.060684e+02 
   67.005    7.820000  4.524114e+02  1.062426e+02 
   67.005    7.923000  4.530882e+02  1.064141e+02 
   67.005    8.026000  4.537542e+02  1.065831e+02 
   67.005    8.128000  4.544096e+02  1.067481e+02 
   67.005    8.231000  4.550673e+02  1.069124e+02 
   67.005    8.334001  4.557150e+02  1.070742e+02 
   67.005    8.437000  4.563471e+02  1.072336e+02 
   67.005    8.540000  4.569636e+02  1.073905e+02 
   67.005    8.643001  4.575667e+02  1.075449e+02 
   67.005    8.746000  4.581582e+02  1.076967e+02 
   67.005    8.849000  4.587386e+02  1.078459e+02 
   67.005    8.952001  4.593088e+02  1.079924e+02 
   67.005    9.054000  4.598637e+02  1.081349e+02 
   67.005    9.157001  4.604138e+02  1.082761e+02 
   67.005    9.260000  4.609531e+02  1.084147e+02 
   67.005    9.363000  4.614813e+02  1.085506e+02 
   67.005    9.466001  4.619988e+02  1.086839e+02 
   67.005    9.569000  4.625062e+02  1.088148e+02 
   67.005    9.672000  4.630037e+02  1.089433e+02 
   67.005    9.775001  4.634904e+02  1.090695e+02 
   67.005    9.878000  4.639645e+02  1.091933e+02 
   67.005    9.980000  4.644214e+02  1.093138e+02 
   67.005   10.083000  4.649047e+02  1.094329e+02 
   67.005   10.186000  4.653798e+02  1.095499e+02 
   67.005   10.289001  4.658476e+02  1.096650e+02 
   67.005   10.392000  4.663085e+02  1.097781e+02 
   67.005   10.495000  4.667629e+02  1.098893e+02 
   67.005   10.598001  4.672109e+02  1.099986e+02 
   67.005   10.701000  4.676518e+02  1.101061e+02 
   67.005   10.804000  4.680849e+02  1.102119e+02 
   67.005   10.906000  4.685060e+02  1.103151e+02 
   67.005   11.009000  4.689245e+02  1.104177e+02 
   67.005   11.112000  4.693381e+02  1.105189e+02 
   67.005   11.215000  4.697472e+02  1.106187e+02 
   67.005   11.318000  4.701517e+02  1.107171e+02 
   67.005   11.421000  4.705515e+02  1.108142e+02 
   67.005   11.524000  4.709464e+02  1.109100e+02 
   67.005   11.627000  4.713363e+02  1.110044e+02 
   67.005   11.730000  4.717209e+02  1.110976e+02 
   67.005   11.832001  4.720964e+02  1.111887e+02 
   67.005   11.935000  4.724702e+02  1.112794e+02 
   67.005   12.038000  4.728387e+02  1.113689e+02 
   67.005   12.141001  4.732021e+02  1.114572e+02 
   67.005   12.244000  4.735604e+02  1.115443e+02 
   67.005   12.347000  4.739136e+02  1.116301e+02 
   67.005   12.450001  4.742618e+02  1.117147e+02 
   67.005   12.553000  4.746052e+02  1.117981e+02 
   67.005   12.656000  4.749437e+02  1.118803e+02 
   67.005   12.758000  4.752743e+02  1.119604e+02 
   67.005   12.861000  4.756038e+02  1.120401e+02 
   67.005   12.964001  4.759293e+02  1.121185e+02 
   67.005   13.067000  4.762509e+02  1.121956e+02 
   67.005   13.170000  4.765686e+02  1.122714e+02 
   67.005   13.273001  4.768825e+02  1.123460e+02 
   67.005   13.376000  4.771927e+02  1.124193e+02 
   67.005   13.479000  4.774994e+02  1.124914e+02 
   67.005   13.582001  4.778025e+02  1.125623e+02 
   67.005   13.685000  4.781021e+02  1.126320e+02 
   67.005   13.787001  4.783954e+02  1.126998e+02 
   67.005   13.890000  4.786882e+02  1.127670e+02 
   67.005   13.993000  4.789778e+02  1.128331e+02 
   67.005   14.096001  4.792642e+02  1.128979e+02 
   67.005   14.199000  4.795475e+02  1.129616e+02 
   67.005   14.302000  4.798276e+02  1.130240e+02 
   67.005   14.405001  4.801046e+02  1.130854e+02 
   67.005   14.508000  4.803785e+02  1.131455e+02 
   67.005   14.611000  4.806492e+02  1.132046e+02 
   67.005   14.713000  4.809142e+02  1.132620e+02 
   67.005   14.816000  4.811787e+02  1.133190e+02 
   67.005   14.919001  4.814401e+02  1.133751e+02 
   67.005   15.022000  4.816983e+02  1.134301e+02 
   67.005   15.125000  4.819534e+02  1.134843e+02 
   67.005   15.228001  4.822053e+02  1.135375e+02 
   67.005   15.331000  4.824542e+02  1.135898e+02 
   67.005   15.434000  4.827000e+02  1.136413e+02 
   67.005   15.537001  4.829428e+02  1.136919e+02 
   67.005   15.639000  4.831804e+02  1.137412e+02 
   67.005   15.742001  4.834173e+02  1.137902e+02 
   67.005   15.845000  4.836514e+02  1.138383e+02 
   67.005   15.948000  4.838828e+02  1.138856e+02 
   67.005   16.051001  4.841117e+02  1.139321e+02 
   67.005   16.154001  4.843381e+02  1.139777e+02 
   67.005   16.257000  4.845620e+02  1.140225e+02 
   67.005   16.360001  4.847836e+02  1.140664e+02 
   67.005   16.462999  4.850028e+02  1.141095e+02 
   67.005   16.565001  4.852176e+02  1.141514e+02 
   67.005   16.668001  4.854323e+02  1.141929e+02 
   67.005   16.771000  4.856449e+02  1.142336e+02 
   67.005   16.874001  4.858555e+02  1.142736e+02 
   67.005   16.977001  4.860641e+02  1.143127e+02 
   67.005   17.080000  4.862710e+02  1.143509e+02 
   67.005   17.183001  4.864763e+02  1.143882e+02 
   67.005   17.286001  4.866803e+02  1.144247e+02 
   67.005   17.389000  4.868828e+02  1.144602e+02 
   67.005   17.491001  4.870820e+02  1.144945e+02 
   67.005   17.594000  4.872821e+02  1.145282e+02 
   67.005   17.697001  4.874810e+02  1.145610e+02 
   67.005   17.800001  4.876786e+02  1.145929e+02 
   67.005   17.903000  4.878748e+02  1.146240e+02 
   67.005   18.006001  4.880696e+02  1.146544e+02 
   67.005   18.109001  4.882629e+02  1.146839e+02 
   67.005   18.212000  4.884546e+02  1.147128e+02 
   67.005   18.315001  4.886445e+02  1.147410e+02 
   67.005   18.418001  4.888326e+02  1.147686e+02 
   67.005   18.520000  4.890172e+02  1.147953e+02 
   67.005   18.623001  4.892020e+02  1.148216e+02 
   67.005   18.726000  4.893853e+02  1.148472e+02 
   67.005   18.829000  4.895670e+02  1.148721e+02 
   67.005   18.932001  4.897472e+02  1.148965e+02 
   67.005   19.035000  4.899262e+02  1.149201e+02 
   67.005   19.138000  4.901039e+02  1.149430e+02 
   67.005   19.241001  4.902804e+02  1.149653e+02 
   67.005   19.344000  4.904556e+02  1.149870e+02 
   67.005   19.446001  4.906278e+02  1.150079e+02 
   67.005   19.549000  4.908004e+02  1.150285e+02 
   67.005   19.652000  4.909716e+02  1.150484e+02 
   67.005   19.755001  4.911415e+02  1.150678e+02 
   67.005   19.858000  4.913101e+02  1.150868e+02 
   67.005   19.961000  4.914773e+02  1.151052e+02 
   67.005   20.064001  4.916435e+02  1.151230e+02 
   67.005   20.363001  4.921208e+02  1.151713e+02 
   67.005   20.859001  4.928897e+02  1.152424e+02 
   67.005   21.355000  4.936304e+02  1.153028e+02 
   67.005   21.850000  4.943432e+02  1.153529e+02 
   67.005   22.346001  4.950263e+02  1.153958e+02 
   67.005   22.842001  4.956716e+02  1.154345e+02 
   67.005   23.337999  4.962747e+02  1.154712e+02 
   67.005   23.833000  4.968354e+02  1.155063e+02 
   67.005   24.329000  4.973611e+02  1.155389e+02 
   67.005   24.825001  4.978553e+02  1.155682e+02 
   67.005   25.321001  4.983182e+02  1.155948e+02 
   67.005   25.816000  4.987495e+02  1.156193e+02 
   67.005   26.312000  4.991531e+02  1.156421e+02 
   67.005   26.808001  4.995311e+02  1.156628e+02 
   67.005   27.304001  4.998853e+02  1.156811e+02 
   67.005   27.799000  5.002157e+02  1.156975e+02 
   67.005   28.295000  5.005246e+02  1.157123e+02 
   67.005   28.791000  5.008137e+02  1.157254e+02 
   67.005   29.287001  5.010863e+02  1.157368e+02 
   67.005   29.782000  5.013448e+02  1.157463e+02 
   67.005   30.278000  5.015921e+02  1.157541e+02 
   67.005   30.774000  5.018296e+02  1.157601e+02 
   67.005   31.270000  5.020589e+02  1.157647e+02 
   67.005   31.764999  5.022810e+02  1.157679e+02 
   67.005   32.260998  5.024992e+02  1.157700e+02 
   67.005   32.757000  5.027148e+02  1.157711e+02 
   67.005   33.252998  5.029292e+02  1.157714e+02 
   67.005   33.747997  5.031439e+02  1.157713e+02 
   67.005   34.243999  5.033607e+02  1.157709e+02 
   67.005   34.739998  5.035809e+02  1.157703e+02 
   67.005   35.236000  5.038055e+02  1.157696e+02 
   67.005   35.730999  5.040352e+02  1.157689e+02 
   67.005   36.226997  5.042712e+02  1.157682e+02 
   67.005   36.723000  5.045132e+02  1.157676e+02 
   67.005   37.218998  5.047604e+02  1.157670e+02 
   67.005   37.713997  5.050111e+02  1.157665e+02 
   67.005   38.209999  5.052647e+02  1.157660e+02 
   67.005   38.705997  5.055189e+02  1.157657e+02 
   67.005   39.202000  5.057718e+02  1.157655e+02 
   67.005   39.696999  5.060204e+02  1.157655e+02 
   67.005   40.196999  5.062628e+02  1.157664e+02 
   67.005   45.196999  5.081522e+02  1.157868e+02 
   67.005   50.196999  5.088631e+02  1.158053e+02 
   67.005   55.196999  5.091165e+02  1.158180e+02 
   67.005   60.196999  5.099005e+02  1.158260e+02 
   67.005   65.196999  5.111494e+02  1.158308e+02 
