   66.777    0.000000  1.451037e-01  1.443257e+01 
   66.777    0.103000  1.459568e-01  1.459686e+01 
   66.777    0.205000  1.467998e-01  1.476562e+01 
   66.777    0.308000  1.476549e-01  1.493892e+01 
   66.777    0.411000  1.513748e-01  1.562068e+01 
   66.777    0.514000  1.522529e-01  1.579648e+01 
   66.777    0.617000  1.650537e-01  1.742163e+01 
   66.777    0.720000  1.907622e-01  2.025751e+01 
   66.777    0.823000  2.319301e-01  2.400512e+01 
   66.777    0.926000  2.944083e-01  2.852214e+01 
   66.777    1.029000  3.890951e-01  3.378481e+01 
   66.777    1.131000  5.286391e-01  3.960118e+01 
   66.777    1.234000  7.385589e-01  4.603384e+01 
   66.777    1.337000  1.053005e+00  5.299875e+01 
   66.777    1.440000  1.525241e+00  6.046172e+01 
   66.777    1.543000  2.236739e+00  6.838780e+01 
   66.777    1.646000  3.334736e+00  7.685334e+01 
   66.777    1.749000  4.852219e+00  8.361310e+01 
   66.777    1.852000  6.517637e+00  8.918530e+01 
   66.777    1.955000  8.234886e+00  9.375856e+01 
   66.777    2.057000  9.744028e+00  9.713783e+01 
   66.777    2.160000  1.092359e+01  9.948054e+01 
   66.777    2.263000  1.183214e+01  1.011486e+02 
   66.777    2.366000  1.248518e+01  1.022906e+02 
   66.777    2.469000  1.295194e+01  1.030887e+02 
   66.777    2.572000  1.329221e+01  1.036683e+02 
   66.777    2.675000  1.352335e+01  1.040683e+02 
   66.777    2.778000  1.375623e+01  1.044744e+02 
   66.777    2.881000  1.412315e+01  1.050972e+02 
   66.777    2.983000  1.474871e+01  1.061130e+02 
   66.777    3.086000  1.579674e+01  1.077173e+02 
   66.777    3.189000  1.747752e+01  1.100912e+02 
   66.777    3.292000  2.011693e+01  1.134319e+02 
   66.777    3.395000  2.417632e+01  1.178821e+02 
   66.777    3.498000  3.060017e+01  1.237379e+02 
   66.777    3.601000  4.275314e+01  1.323457e+02 
   66.777    3.704000  5.866086e+01  1.408152e+02 
   66.777    3.807000  8.213940e+01  1.501614e+02 
   66.777    3.910000  1.142329e+02  1.596125e+02 
   66.777    4.012000  1.517710e+02  1.679392e+02 
   66.777    4.115000  2.002813e+02  1.761653e+02 
   66.777    4.218000  2.586606e+02  1.837365e+02 
   66.777    4.321000  3.146104e+02  1.894281e+02 
   66.777    4.424000  3.587535e+02  1.931314e+02 
   66.777    4.527000  3.875167e+02  1.952324e+02 
   66.777    4.630000  4.037486e+02  1.963194e+02 
   66.777    4.733000  4.052231e+02  1.964046e+02 
   66.777    4.836000  4.066741e+02  1.965025e+02 
   66.777    4.938000  4.080868e+02  1.966092e+02 
   66.777    5.041000  4.094878e+02  1.967248e+02 
   66.777    5.144000  4.108616e+02  1.968472e+02 
   66.777    5.247000  4.129209e+02  1.970705e+02 
   66.777    5.350000  4.149754e+02  1.973002e+02 
   66.777    5.453000  4.170443e+02  1.975380e+02 
   66.777    5.556000  4.191737e+02  1.977890e+02 
   66.777    5.659000  4.221091e+02  1.980414e+02 
   66.777    5.762000  4.250695e+02  1.982979e+02 
   66.777    5.864000  4.281246e+02  1.985620e+02 
   66.777    5.967000  4.313439e+02  1.988390e+02 
   66.777    6.070000  4.347180e+02  1.991267e+02 
   66.777    6.173000  4.381104e+02  1.994152e+02 
   66.777    6.276000  4.417152e+02  1.997159e+02 
   66.777    6.379000  4.429083e+02  1.998618e+02 
   66.777    6.482000  4.440978e+02  2.000079e+02 
   66.777    6.585000  4.452866e+02  2.001538e+02 
   66.777    6.688000  4.464782e+02  2.002991e+02 
   66.777    6.790000  4.476614e+02  2.004424e+02 
   66.777    6.893000  4.488412e+02  2.005866e+02 
   66.777    6.996000  4.499823e+02  2.007307e+02 
   66.777    7.099000  4.510739e+02  2.008745e+02 
   66.777    7.202000  4.521024e+02  2.010179e+02 
   66.777    7.305000  4.530591e+02  2.011604e+02 
   66.777    7.408000  4.539415e+02  2.013018e+02 
   66.777    7.511000  4.547572e+02  2.014417e+02 
   66.777    7.614000  4.555065e+02  2.015799e+02 
   66.777    7.716000  4.562043e+02  2.017150e+02 
   66.777    7.819000  4.568941e+02  2.018495e+02 
   66.777    7.922000  4.575756e+02  2.019821e+02 
   66.777    8.025000  4.582497e+02  2.021129e+02 
   66.777    8.128000  4.589180e+02  2.022419e+02 
   66.777    8.231000  4.595804e+02  2.023693e+02 
   66.777    8.334000  4.602326e+02  2.024946e+02 
   66.777    8.437000  4.608701e+02  2.026180e+02 
   66.777    8.540000  4.614931e+02  2.027392e+02 
   66.777    8.642000  4.620991e+02  2.028571e+02 
   66.777    8.745000  4.627023e+02  2.029739e+02 
   66.777    8.848000  4.632966e+02  2.030883e+02 
   66.777    8.951000  4.638813e+02  2.032003e+02 
   66.777    9.054000  4.644563e+02  2.033098e+02 
   66.777    9.157000  4.650186e+02  2.034170e+02 
   66.777    9.260000  4.655679e+02  2.035217e+02 
   66.777    9.363000  4.661040e+02  2.036241e+02 
   66.777    9.466000  4.666273e+02  2.037243e+02 
   66.777    9.568000  4.671334e+02  2.038214e+02 
   66.777    9.671000  4.676323e+02  2.039174e+02 
   66.777    9.774000  4.681192e+02  2.040115e+02 
   66.777    9.877000  4.685942e+02  2.041037e+02 
   66.777    9.980000  4.690573e+02  2.041939e+02 
   66.777   10.083000  4.695440e+02  2.042818e+02 
   66.777   10.186000  4.700230e+02  2.043680e+02 
   66.777   10.289000  4.704948e+02  2.044525e+02 
   66.777   10.392000  4.709593e+02  2.045353e+02 
   66.777   10.495000  4.714161e+02  2.046164e+02 
   66.777   10.597000  4.718607e+02  2.046952e+02 
   66.777   10.700000  4.723019e+02  2.047733e+02 
   66.777   10.802999  4.727360e+02  2.048502e+02 
   66.777   10.906000  4.731632e+02  2.049258e+02 
   66.777   11.009000  4.735841e+02  2.050002e+02 
   66.777   11.112000  4.740001e+02  2.050737e+02 
   66.777   11.215000  4.744115e+02  2.051461e+02 
   66.777   11.318000  4.748180e+02  2.052176e+02 
   66.777   11.421000  4.752194e+02  2.052881e+02 
   66.777   11.523000  4.756117e+02  2.053570e+02 
   66.777   11.625999  4.760024e+02  2.054257e+02 
   66.777   11.729000  4.763878e+02  2.054935e+02 
   66.777   11.832000  4.767675e+02  2.055605e+02 
   66.777   11.934999  4.771418e+02  2.056266e+02 
   66.777   12.038000  4.775108e+02  2.056919e+02 
   66.777   12.141000  4.778745e+02  2.057563e+02 
   66.777   12.243999  4.782330e+02  2.058199e+02 
   66.777   12.347000  4.785863e+02  2.058826e+02 
   66.777   12.449000  4.789314e+02  2.059437e+02 
   66.777   12.552000  4.792747e+02  2.060046e+02 
   66.777   12.655000  4.796133e+02  2.060646e+02 
   66.777   12.757999  4.799474e+02  2.061235e+02 
   66.777   12.861000  4.802772e+02  2.061815e+02 
   66.777   12.964000  4.806030e+02  2.062385e+02 
   66.777   13.066999  4.809249e+02  2.062945e+02 
   66.777   13.170000  4.812429e+02  2.063494e+02 
   66.777   13.273000  4.815571e+02  2.064034e+02 
   66.777   13.375000  4.818646e+02  2.064558e+02 
   66.777   13.478000  4.821716e+02  2.065077e+02 
   66.777   13.581000  4.824749e+02  2.065587e+02 
   66.777   13.684000  4.827749e+02  2.066086e+02 
   66.777   13.787000  4.830715e+02  2.066575e+02 
   66.777   13.890000  4.833648e+02  2.067055e+02 
   66.777   13.993000  4.836548e+02  2.067524e+02 
   66.777   14.096000  4.839416e+02  2.067983e+02 
   66.777   14.199000  4.842252e+02  2.068432e+02 
   66.777   14.301000  4.845030e+02  2.068866e+02 
   66.777   14.404000  4.847804e+02  2.069294e+02 
   66.777   14.507000  4.850546e+02  2.069713e+02 
   66.777   14.610000  4.853258e+02  2.070122e+02 
   66.777   14.713000  4.855938e+02  2.070522e+02 
   66.777   14.816000  4.858587e+02  2.070914e+02 
   66.777   14.919000  4.861205e+02  2.071298e+02 
   66.777   15.022000  4.863791e+02  2.071674e+02 
   66.777   15.125000  4.866346e+02  2.072043e+02 
   66.777   15.228000  4.868870e+02  2.072405e+02 
   66.777   15.330000  4.871339e+02  2.072756e+02 
   66.777   15.433000  4.873801e+02  2.073104e+02 
   66.777   15.536000  4.876234e+02  2.073445e+02 
   66.777   15.639000  4.878638e+02  2.073780e+02 
   66.777   15.742000  4.881012e+02  2.074108e+02 
   66.777   15.845000  4.883358e+02  2.074430e+02 
   66.777   15.947999  4.885676e+02  2.074745e+02 
   66.777   16.051001  4.887970e+02  2.075054e+02 
   66.777   16.154001  4.890239e+02  2.075356e+02 
   66.777   16.256001  4.892462e+02  2.075649e+02 
   66.777   16.359001  4.894682e+02  2.075938e+02 
   66.777   16.462000  4.896880e+02  2.076219e+02 
   66.777   16.565001  4.899055e+02  2.076494e+02 
   66.777   16.668001  4.901208e+02  2.076762e+02 
   66.777   16.771000  4.903339e+02  2.077023e+02 
   66.777   16.874001  4.905450e+02  2.077278e+02 
   66.777   16.977001  4.907541e+02  2.077526e+02 
   66.777   17.080000  4.909613e+02  2.077767e+02 
   66.777   17.182001  4.911650e+02  2.077997e+02 
   66.777   17.285002  4.913692e+02  2.078221e+02 
   66.777   17.388000  4.915719e+02  2.078438e+02 
   66.777   17.491001  4.917733e+02  2.078645e+02 
   66.777   17.594002  4.919737e+02  2.078843e+02 
   66.777   17.697001  4.921729e+02  2.079032e+02 
   66.777   17.800001  4.923707e+02  2.079213e+02 
   66.777   17.903002  4.925673e+02  2.079387e+02 
   66.777   18.006001  4.927625e+02  2.079552e+02 
   66.777   18.108002  4.929543e+02  2.079709e+02 
   66.777   18.211000  4.931464e+02  2.079862e+02 
   66.777   18.314001  4.933367e+02  2.080009e+02 
   66.777   18.417002  4.935252e+02  2.080152e+02 
   66.777   18.520000  4.937119e+02  2.080289e+02 
   66.777   18.623001  4.938969e+02  2.080420e+02 
   66.777   18.726002  4.940804e+02  2.080546e+02 
   66.777   18.829000  4.942622e+02  2.080666e+02 
   66.777   18.932001  4.944425e+02  2.080781e+02 
   66.777   19.034000  4.946198e+02  2.080888e+02 
   66.777   19.137001  4.947977e+02  2.080990e+02 
   66.777   19.240002  4.949743e+02  2.081087e+02 
   66.777   19.343000  4.951496e+02  2.081178e+02 
   66.777   19.446001  4.953237e+02  2.081263e+02 
   66.777   19.549002  4.954966e+02  2.081343e+02 
   66.777   19.652000  4.956681e+02  2.081417e+02 
   66.777   19.755001  4.958383e+02  2.081487e+02 
   66.777   19.858002  4.960071e+02  2.081553e+02 
   66.777   19.961000  4.961745e+02  2.081615e+02 
   66.777   20.063002  4.963394e+02  2.081670e+02 
   66.777   20.363001  4.968187e+02  2.081801e+02 
   66.777   20.858002  4.975864e+02  2.081943e+02 
   66.777   21.354000  4.983272e+02  2.081996e+02 
   66.777   21.850000  4.990420e+02  2.081960e+02 
   66.777   22.346001  4.997269e+02  2.081865e+02 
   66.777   22.841002  5.003737e+02  2.081756e+02 
   66.777   23.337000  5.009800e+02  2.081659e+02 
   66.777   23.833000  5.015447e+02  2.081582e+02 
   66.777   24.329000  5.020724e+02  2.081512e+02 
   66.777   24.824001  5.025669e+02  2.081435e+02 
   66.777   25.320002  5.030317e+02  2.081353e+02 
   66.777   25.816000  5.034659e+02  2.081273e+02 
   66.777   26.312000  5.038711e+02  2.081199e+02 
   66.777   26.807001  5.042493e+02  2.081125e+02 
   66.777   27.303001  5.046046e+02  2.081046e+02 
   66.777   27.799002  5.049371e+02  2.080963e+02 
   66.777   28.295000  5.052476e+02  2.080878e+02 
   66.777   28.790001  5.055378e+02  2.080791e+02 
   66.777   29.286001  5.058118e+02  2.080701e+02 
   66.777   29.782001  5.060719e+02  2.080604e+02 
   66.777   30.278002  5.063202e+02  2.080498e+02 
   66.777   30.773001  5.065582e+02  2.080384e+02 
   66.777   31.269001  5.067886e+02  2.080263e+02 
   66.777   31.765001  5.070122e+02  2.080136e+02 
   66.777   32.260998  5.072318e+02  2.080005e+02 
   66.777   32.757000  5.074487e+02  2.079872e+02 
   66.777   33.251999  5.076645e+02  2.079739e+02 
   66.777   33.747997  5.078813e+02  2.079608e+02 
   66.777   34.243999  5.081002e+02  2.079482e+02 
   66.777   34.739998  5.083227e+02  2.079363e+02 
   66.777   35.235001  5.085493e+02  2.079250e+02 
   66.777   35.730999  5.087820e+02  2.079144e+02 
   66.777   36.226997  5.090207e+02  2.079045e+02 
   66.777   36.723000  5.092653e+02  2.078953e+02 
   66.777   37.217999  5.095146e+02  2.078867e+02 
   66.777   37.714001  5.097681e+02  2.078787e+02 
   66.777   38.209999  5.100240e+02  2.078712e+02 
   66.777   38.705997  5.102802e+02  2.078645e+02 
   66.777   39.201000  5.105345e+02  2.078583e+02 
   66.777   39.696999  5.107855e+02  2.078529e+02 
   66.777   40.196999  5.110292e+02  2.078491e+02 
   66.777   45.196999  5.129245e+02  2.078423e+02 
   66.777   50.196999  5.136353e+02  2.078501e+02 
   66.777   55.196999  5.138903e+02  2.078581e+02 
   66.777   60.196999  5.146860e+02  2.078639e+02 
   66.777   65.197006  5.159399e+02  2.078677e+02 
