   67.410    0.000000  5.507529e-04  1.120739e+01 
   67.410    0.103000  5.537437e-04  1.135342e+01 
   67.410    0.206000  5.567192e-04  1.150268e+01 
   67.410    0.309000  5.596603e-04  1.165377e+01 
   67.410    0.412000  5.625684e-04  1.180580e+01 
   67.410    0.514000  5.654205e-04  1.195672e+01 
   67.410    0.617000  5.682805e-04  1.210906e+01 
   67.410    0.720000  5.712486e-04  1.226319e+01 
   67.410    0.823000  5.742631e-04  1.241733e+01 
   67.410    0.926000  5.776053e-04  1.257652e+01 
   67.410    1.029000  5.813238e-04  1.274144e+01 
   67.410    1.132000  5.852320e-04  1.290831e+01 
   67.410    1.235000  5.892959e-04  1.307638e+01 
   67.410    1.338000  5.933933e-04  1.324343e+01 
   67.410    1.440000  5.972348e-04  1.340341e+01 
   67.410    1.543000  6.010018e-04  1.356173e+01 
   67.410    1.646000  6.047315e-04  1.371840e+01 
   67.410    1.749000  6.085795e-04  1.387652e+01 
   67.410    1.852000  6.295194e-03  3.798938e+01 
   67.410    1.955000  7.088767e-02  6.366954e+01 
   67.410    2.058000  8.617246e-01  9.404655e+01 
   67.410    2.161000  1.091575e+01  1.342457e+02 
   67.410    2.264000  1.371783e+02  1.907440e+02 
   67.410    2.366000  1.378914e+02  1.905677e+02 
   67.410    2.469000  1.385652e+02  1.904413e+02 
   67.410    2.572000  1.392315e+02  1.903573e+02 
   67.410    2.675000  1.398907e+02  1.903064e+02 
   67.410    2.778000  1.405445e+02  1.902816e+02 
   67.410    2.881000  1.411934e+02  1.902785e+02 
   67.410    2.984000  1.418382e+02  1.902937e+02 
   67.410    3.087000  1.424786e+02  1.903247e+02 
   67.410    3.190000  1.431151e+02  1.903695e+02 
   67.410    3.293000  1.437477e+02  1.904264e+02 
   67.410    3.395000  1.443703e+02  1.904934e+02 
   67.410    3.498000  1.449949e+02  1.905706e+02 
   67.410    3.601000  1.456162e+02  1.906562e+02 
   67.410    3.704000  1.462356e+02  1.907491e+02 
   67.410    3.807000  1.468532e+02  1.908484e+02 
   67.410    3.910000  1.474700e+02  1.909534e+02 
   67.410    4.013000  1.480863e+02  1.910635e+02 
   67.410    4.116000  1.651967e+02  1.951900e+02 
   67.410    4.219000  1.660322e+02  1.953290e+02 
   67.410    4.321000  1.668860e+02  1.954866e+02 
   67.410    4.424000  1.841723e+02  1.991438e+02 
   67.410    4.527000  2.032621e+02  2.026242e+02 
   67.410    4.630000  2.040559e+02  2.027104e+02 
   67.410    4.733000  2.048405e+02  2.028092e+02 
   67.410    4.836000  2.056136e+02  2.029169e+02 
   67.410    4.939000  2.063740e+02  2.030314e+02 
   67.410    5.042000  2.077028e+02  2.032260e+02 
   67.410    5.145000  2.089070e+02  2.034112e+02 
   67.410    5.247000  2.115931e+02  2.037889e+02 
   67.410    5.350000  2.147366e+02  2.042265e+02 
   67.410    5.453000  2.186093e+02  2.047552e+02 
   67.410    5.556000  2.220904e+02  2.052333e+02 
   67.410    5.659000  2.272793e+02  2.059165e+02 
   67.410    5.762000  2.311260e+02  2.064306e+02 
   67.410    5.865000  2.318314e+02  2.065651e+02 
   67.410    5.968000  2.325275e+02  2.067018e+02 
   67.410    6.071000  2.332153e+02  2.068402e+02 
   67.410    6.173000  2.338898e+02  2.069785e+02 
   67.410    6.276000  2.367531e+02  2.073853e+02 
   67.410    6.379000  2.412285e+02  2.079811e+02 
   67.410    6.482000  2.494137e+02  2.089963e+02 
   67.410    6.585000  2.635476e+02  2.106307e+02 
   67.410    6.688000  2.848948e+02  2.129059e+02 
   67.410    6.791000  3.117336e+02  2.155095e+02 
   67.410    6.894000  3.420526e+02  2.181629e+02 
   67.410    6.997000  3.709577e+02  2.204530e+02 
   67.410    7.099000  3.923687e+02  2.220325e+02 
   67.410    7.202000  4.008438e+02  2.226714e+02 
   67.410    7.305000  4.075563e+02  2.231864e+02 
   67.410    7.408000  4.105000e+02  2.234490e+02 
   67.410    7.511000  4.122942e+02  2.236376e+02 
   67.410    7.614000  4.143663e+02  2.238492e+02 
   67.410    7.717000  4.160097e+02  2.240345e+02 
   67.410    7.820000  4.177267e+02  2.242242e+02 
   67.410    7.923000  4.190495e+02  2.243874e+02 
   67.410    8.025001  4.205839e+02  2.245630e+02 
   67.410    8.128000  4.227168e+02  2.247760e+02 
   67.410    8.231001  4.252818e+02  2.250137e+02 
   67.410    8.334001  4.271791e+02  2.252075e+02 
   67.410    8.437000  4.319588e+02  2.255753e+02 
   67.410    8.540000  4.337528e+02  2.257589e+02 
   67.410    8.643001  4.356988e+02  2.259511e+02 
   67.410    8.746000  4.365995e+02  2.260999e+02 
   67.410    8.849000  4.377085e+02  2.262733e+02 
   67.410    8.951000  4.391467e+02  2.264829e+02 
   67.410    9.054001  4.410684e+02  2.267456e+02 
   67.410    9.157001  4.435297e+02  2.270651e+02 
   67.410    9.260000  4.461791e+02  2.273996e+02 
   67.410    9.363001  4.497875e+02  2.276683e+02 
   67.410    9.466001  4.538033e+02  2.279539e+02 
   67.410    9.569000  4.542953e+02  2.280413e+02 
   67.410    9.672001  4.547837e+02  2.281269e+02 
   67.410    9.775001  4.552657e+02  2.282107e+02 
   67.410    9.878000  4.557377e+02  2.282927e+02 
   67.410    9.980000  4.561942e+02  2.283723e+02 
   67.410   10.083000  4.566789e+02  2.284499e+02 
   67.410   10.186001  4.571527e+02  2.285261e+02 
   67.410   10.289001  4.576155e+02  2.286009e+02 
   67.410   10.392000  4.580695e+02  2.286743e+02 
   67.410   10.495001  4.585176e+02  2.287464e+02 
   67.410   10.598001  4.589602e+02  2.288173e+02 
   67.410   10.701000  4.593967e+02  2.288871e+02 
   67.410   10.804001  4.598266e+02  2.289558e+02 
   67.410   10.906000  4.602458e+02  2.290228e+02 
   67.410   11.009001  4.606628e+02  2.290895e+02 
   67.410   11.112000  4.610743e+02  2.291554e+02 
   67.410   11.215000  4.614807e+02  2.292204e+02 
   67.410   11.318001  4.618819e+02  2.292847e+02 
   67.410   11.421000  4.622780e+02  2.293481e+02 
   67.410   11.524000  4.626693e+02  2.294107e+02 
   67.410   11.627001  4.630555e+02  2.294726e+02 
   67.410   11.730000  4.634365e+02  2.295337e+02 
   67.410   11.832001  4.638087e+02  2.295934e+02 
   67.410   11.935000  4.641794e+02  2.296529e+02 
   67.410   12.038000  4.645451e+02  2.297117e+02 
   67.410   12.141001  4.649060e+02  2.297696e+02 
   67.410   12.244000  4.652620e+02  2.298267e+02 
   67.410   12.347000  4.656132e+02  2.298831e+02 
   67.410   12.450001  4.659597e+02  2.299386e+02 
   67.410   12.553000  4.663014e+02  2.299934e+02 
   67.410   12.656000  4.666384e+02  2.300473e+02 
   67.410   12.758000  4.669677e+02  2.300998e+02 
   67.410   12.861000  4.672961e+02  2.301519e+02 
   67.410   12.964001  4.676204e+02  2.302031e+02 
   67.410   13.067000  4.679408e+02  2.302534e+02 
   67.410   13.170000  4.682574e+02  2.303027e+02 
   67.410   13.273001  4.685703e+02  2.303511e+02 
   67.410   13.376000  4.688795e+02  2.303985e+02 
   67.410   13.479000  4.691854e+02  2.304449e+02 
   67.410   13.582001  4.694876e+02  2.304904e+02 
   67.410   13.684000  4.697836e+02  2.305344e+02 
   67.410   13.787001  4.700791e+02  2.305780e+02 
   67.410   13.890000  4.703712e+02  2.306206e+02 
   67.410   13.993000  4.706600e+02  2.306623e+02 
   67.410   14.096001  4.709458e+02  2.307030e+02 
   67.410   14.199000  4.712283e+02  2.307428e+02 
   67.410   14.302000  4.715077e+02  2.307816e+02 
   67.410   14.405001  4.717840e+02  2.308196e+02 
   67.410   14.508000  4.720572e+02  2.308566e+02 
   67.410   14.610001  4.723246e+02  2.308925e+02 
   67.410   14.713000  4.725914e+02  2.309280e+02 
   67.410   14.816000  4.728550e+02  2.309628e+02 
   67.410   14.919001  4.731155e+02  2.309969e+02 
   67.410   15.022000  4.733727e+02  2.310303e+02 
   67.410   15.125000  4.736269e+02  2.310631e+02 
   67.410   15.228001  4.738778e+02  2.310953e+02 
   67.410   15.331000  4.741257e+02  2.311269e+02 
   67.410   15.434000  4.743705e+02  2.311578e+02 
   67.410   15.537001  4.746123e+02  2.311882e+02 
   67.410   15.639001  4.748488e+02  2.312176e+02 
   67.410   15.742001  4.750847e+02  2.312467e+02 
   67.410   15.845000  4.753177e+02  2.312752e+02 
   67.410   15.948001  4.755480e+02  2.313031e+02 
   67.410   16.050999  4.757758e+02  2.313304e+02 
   67.410   16.153999  4.760010e+02  2.313570e+02 
   67.410   16.257000  4.762239e+02  2.313831e+02 
   67.410   16.359999  4.764443e+02  2.314086e+02 
   67.410   16.462999  4.766624e+02  2.314335e+02 
   67.410   16.564999  4.768763e+02  2.314576e+02 
   67.410   16.667999  4.770900e+02  2.314813e+02 
   67.410   16.771000  4.773017e+02  2.315044e+02 
   67.410   16.873999  4.775115e+02  2.315268e+02 
   67.410   16.976999  4.777193e+02  2.315484e+02 
   67.410   17.080000  4.779255e+02  2.315694e+02 
   67.410   17.182999  4.781303e+02  2.315894e+02 
   67.410   17.285999  4.783337e+02  2.316086e+02 
   67.410   17.389000  4.785357e+02  2.316269e+02 
   67.410   17.490999  4.787346e+02  2.316441e+02 
   67.410   17.594000  4.789343e+02  2.316606e+02 
   67.410   17.696999  4.791328e+02  2.316761e+02 
   67.410   17.799999  4.793300e+02  2.316909e+02 
   67.410   17.903000  4.795257e+02  2.317049e+02 
   67.410   18.005999  4.797200e+02  2.317182e+02 
   67.410   18.108999  4.799127e+02  2.317309e+02 
   67.410   18.212000  4.801037e+02  2.317429e+02 
   67.410   18.314999  4.802931e+02  2.317545e+02 
   67.410   18.417000  4.804790e+02  2.317653e+02 
   67.410   18.519999  4.806650e+02  2.317758e+02 
   67.410   18.622999  4.808495e+02  2.317857e+02 
   67.410   18.726000  4.810326e+02  2.317950e+02 
   67.410   18.828999  4.812141e+02  2.318037e+02 
   67.410   18.931999  4.813941e+02  2.318119e+02 
   67.410   19.035000  4.815729e+02  2.318195e+02 
   67.410   19.137999  4.817503e+02  2.318266e+02 
   67.410   19.240999  4.819264e+02  2.318332e+02 
   67.410   19.343000  4.820994e+02  2.318392e+02 
   67.410   19.445999  4.822729e+02  2.318448e+02 
   67.410   19.549000  4.824450e+02  2.318499e+02 
   67.410   19.652000  4.826157e+02  2.318546e+02 
   67.410   19.754999  4.827851e+02  2.318588e+02 
   67.410   19.858000  4.829533e+02  2.318626e+02 
   67.410   19.960999  4.831202e+02  2.318659e+02 
   67.410   20.063999  4.832862e+02  2.318687e+02 
   67.410   20.362999  4.837630e+02  2.318734e+02 
   67.410   20.858999  4.845313e+02  2.318737e+02 
   67.410   21.355000  4.852714e+02  2.318653e+02 
   67.410   21.850000  4.859823e+02  2.318493e+02 
   67.410   22.345999  4.866609e+02  2.318298e+02 
   67.410   22.841999  4.872998e+02  2.318107e+02 
   67.410   23.337999  4.878960e+02  2.317943e+02 
   67.410   23.833000  4.884509e+02  2.317799e+02 
   67.410   24.328999  4.889731e+02  2.317655e+02 
   67.410   24.824999  4.894643e+02  2.317507e+02 
   67.410   25.320999  4.899238e+02  2.317362e+02 
   67.410   25.816000  4.903518e+02  2.317227e+02 
   67.410   26.312000  4.907523e+02  2.317098e+02 
   67.410   26.807999  4.911276e+02  2.316969e+02 
   67.410   27.303999  4.914789e+02  2.316841e+02 
   67.410   27.799000  4.918060e+02  2.316717e+02 
   67.410   28.295000  4.921119e+02  2.316595e+02 
   67.410   28.791000  4.923992e+02  2.316471e+02 
   67.410   29.286999  4.926706e+02  2.316342e+02 
   67.410   29.782000  4.929278e+02  2.316207e+02 
   67.410   30.278000  4.931736e+02  2.316065e+02 
   67.410   30.774000  4.934092e+02  2.315917e+02 
   67.410   31.269999  4.936365e+02  2.315764e+02 
   67.410   31.764999  4.938564e+02  2.315606e+02 
   67.410   32.260998  4.940722e+02  2.315445e+02 
   67.410   32.757000  4.942849e+02  2.315282e+02 
   67.410   33.252998  4.944963e+02  2.315121e+02 
   67.410   33.748001  4.947074e+02  2.314965e+02 
   67.410   34.243999  4.949204e+02  2.314815e+02 
   67.410   34.739998  4.951366e+02  2.314672e+02 
   67.410   35.236000  4.953570e+02  2.314538e+02 
   67.410   35.730999  4.955824e+02  2.314413e+02 
   67.410   36.227001  4.958140e+02  2.314295e+02 
   67.410   36.723000  4.960515e+02  2.314185e+02 
   67.410   37.218998  4.962944e+02  2.314083e+02 
   67.410   37.714001  4.965409e+02  2.313987e+02 
   67.410   38.209999  4.967906e+02  2.313899e+02 
   67.410   38.706001  4.970411e+02  2.313817e+02 
   67.410   39.202000  4.972905e+02  2.313743e+02 
   67.410   39.696999  4.975360e+02  2.313676e+02 
   67.410   40.196999  4.977756e+02  2.313628e+02 
   67.410   45.196999  4.996528e+02  2.313498e+02 
   67.410   50.196999  5.003625e+02  2.313552e+02 
   67.410   55.196999  5.006131e+02  2.313622e+02 
   67.410   60.196999  5.013772e+02  2.313675e+02 
   67.410   65.197006  5.026159e+02  2.313711e+02 
