   67.359    0.000000  6.397193e-13  6.498218e+00 
   67.359    0.103000  6.431803e-13  6.594208e+00 
   67.359    0.206000  6.466364e-13  6.691480e+00 
   67.359    0.309000  6.500719e-13  6.789338e+00 
   67.359    0.412000  6.534786e-13  6.887450e+00 
   67.359    0.515000  6.568542e-13  6.985564e+00 
   67.359    0.617000  6.601730e-13  7.082514e+00 
   67.359    0.720000  6.635104e-13  7.180007e+00 
   67.359    0.823000  6.669367e-13  7.277825e+00 
   67.359    0.926000  6.714004e-13  7.384902e+00 
   67.359    1.029000  6.760234e-13  7.492537e+00 
   67.359    1.132000  6.815931e-13  7.608099e+00 
   67.359    1.235000  6.880891e-13  7.731159e+00 
   67.359    1.338000  6.950160e-13  7.856937e+00 
   67.359    1.441000  7.017120e-13  7.979340e+00 
   67.359    1.543000  7.074367e-13  8.091146e+00 
   67.359    1.646000  7.123721e-13  8.195412e+00 
   67.359    1.749000  7.164404e-13  8.291019e+00 
   67.359    1.852000  8.755924e-10  4.423963e+01 
   67.359    1.955000  4.982157e-07  7.556570e+01 
   67.359    2.058000  1.271746e-04  1.046310e+02 
   67.359    2.161000  1.305128e-02  1.322139e+02 
   67.359    2.264000  1.311512e-02  1.320598e+02 
   67.359    2.367000  1.317857e-02  1.319377e+02 
   67.359    2.469000  1.324091e-02  1.318405e+02 
   67.359    2.572000  1.330326e-02  1.317624e+02 
   67.359    2.675000  1.336508e-02  1.317006e+02 
   67.359    2.778000  1.342647e-02  1.316523e+02 
   67.359    2.881000  1.348747e-02  1.316156e+02 
   67.359    2.984000  1.354812e-02  1.315888e+02 
   67.359    3.087000  1.360834e-02  1.315710e+02 
   67.359    3.190000  1.366816e-02  1.315611e+02 
   67.359    3.293000  1.372757e-02  1.315581e+02 
   67.359    3.395000  1.378600e-02  1.315614e+02 
   67.359    3.498000  1.384458e-02  1.315703e+02 
   67.359    3.601000  1.390285e-02  1.315840e+02 
   67.359    3.704000  1.396094e-02  1.316020e+02 
   67.359    3.807000  1.401886e-02  1.316237e+02 
   67.359    3.910000  1.407672e-02  1.316486e+02 
   67.359    4.013000  1.413453e-02  1.316765e+02 
   67.359    4.116000  1.419234e-02  1.317071e+02 
   67.359    4.219000  1.425015e-02  1.317401e+02 
   67.359    4.321000  1.431911e-02  1.317820e+02 
   67.359    4.424000  1.451258e-02  1.318992e+02 
   67.359    4.527000  1.488365e-02  1.321194e+02 
   67.359    4.630000  1.555712e-02  1.325050e+02 
   67.359    4.733000  1.664119e-02  1.330925e+02 
   67.359    4.836000  1.820494e-02  1.338791e+02 
   67.359    4.939000  2.028424e-02  1.348324e+02 
   67.359    5.042000  2.270010e-02  1.358327e+02 
   67.359    5.145000  2.489981e-02  1.366641e+02 
   67.359    5.247000  2.658351e-02  1.372604e+02 
   67.359    5.350000  2.770154e-02  1.376438e+02 
   67.359    5.453000  2.836823e-02  1.378732e+02 
   67.359    5.556000  2.895607e-02  1.380760e+02 
   67.359    5.659000  2.956880e-02  1.382859e+02 
   67.359    5.762000  3.064383e-02  1.386344e+02 
   67.359    5.865000  3.301565e-02  1.393439e+02 
   67.359    5.968000  3.855358e-02  1.408039e+02 
   67.359    6.071000  5.170181e-02  1.435790e+02 
   67.359    6.174000  8.277442e-02  1.481287e+02 
   67.359    6.276000  1.589302e-01  1.547102e+02 
   67.359    6.379000  3.516369e-01  1.632750e+02 
   67.359    6.482000  8.742075e-01  1.740480e+02 
   67.359    6.585000  2.259697e+00  1.866781e+02 
   67.359    6.688000  5.669569e+00  2.006739e+02 
   67.359    6.791000  1.379699e+01  2.163142e+02 
   67.359    6.894000  3.345026e+01  2.343789e+02 
   67.359    6.997000  7.408585e+01  2.530342e+02 
   67.359    7.100000  1.610400e+02  2.734167e+02 
   67.359    7.202000  3.001673e+02  2.904617e+02 
   67.359    7.305000  3.811830e+02  2.967574e+02 
   67.359    7.408000  4.046864e+02  2.982462e+02 
   67.359    7.511000  4.078680e+02  2.984362e+02 
   67.359    7.614000  4.103694e+02  2.985997e+02 
   67.359    7.717000  4.130536e+02  2.987833e+02 
   67.359    7.820000  4.166501e+02  2.990220e+02 
   67.359    7.923000  4.198050e+02  2.992348e+02 
   67.359    8.026000  4.229804e+02  2.994469e+02 
   67.359    8.128000  4.259094e+02  2.996418e+02 
   67.359    8.231000  4.286956e+02  2.998271e+02 
   67.359    8.334001  4.318467e+02  3.000293e+02 
   67.359    8.437000  4.354236e+02  3.002512e+02 
   67.359    8.540000  4.383957e+02  3.004415e+02 
   67.359    8.643001  4.411404e+02  3.006200e+02 
   67.359    8.746000  4.420369e+02  3.007216e+02 
   67.359    8.849000  4.431482e+02  3.008433e+02 
   67.359    8.952001  4.446235e+02  3.009951e+02 
   67.359    9.054000  4.466307e+02  3.011894e+02 
   67.359    9.157001  4.492213e+02  3.014284e+02 
   67.359    9.260000  4.511367e+02  3.015561e+02 
   67.359    9.363000  4.530560e+02  3.016816e+02 
   67.359    9.466001  4.548701e+02  3.018001e+02 
   67.359    9.569000  4.553636e+02  3.018582e+02 
   67.359    9.672000  4.558537e+02  3.019148e+02 
   67.359    9.775001  4.563375e+02  3.019701e+02 
   67.359    9.878000  4.568110e+02  3.020242e+02 
   67.359    9.980000  4.572692e+02  3.020768e+02 
   67.359   10.083000  4.577217e+02  3.021288e+02 
   67.359   10.186000  4.581963e+02  3.021784e+02 
   67.359   10.289001  4.586594e+02  3.022272e+02 
   67.359   10.392000  4.591134e+02  3.022752e+02 
   67.359   10.495000  4.595616e+02  3.023223e+02 
   67.359   10.598001  4.600041e+02  3.023685e+02 
   67.359   10.701000  4.604406e+02  3.024140e+02 
   67.359   10.804000  4.608705e+02  3.024589e+02 
   67.359   10.906000  4.612896e+02  3.025027e+02 
   67.359   11.009000  4.617067e+02  3.025465e+02 
   67.359   11.112000  4.621183e+02  3.025898e+02 
   67.359   11.215000  4.625246e+02  3.026326e+02 
   67.359   11.318000  4.629258e+02  3.026749e+02 
   67.359   11.421000  4.633220e+02  3.027169e+02 
   67.359   11.524000  4.637133e+02  3.027584e+02 
   67.359   11.627000  4.640995e+02  3.027995e+02 
   67.359   11.730000  4.644807e+02  3.028401e+02 
   67.359   11.833000  4.648569e+02  3.028803e+02 
   67.359   11.935000  4.652244e+02  3.029196e+02 
   67.359   12.038000  4.655904e+02  3.029589e+02 
   67.359   12.141000  4.659515e+02  3.029977e+02 
   67.359   12.244000  4.663076e+02  3.030360e+02 
   67.359   12.347000  4.666588e+02  3.030739e+02 
   67.359   12.450000  4.670053e+02  3.031112e+02 
   67.359   12.553000  4.673470e+02  3.031480e+02 
   67.359   12.656000  4.676841e+02  3.031843e+02 
   67.359   12.759000  4.680166e+02  3.032200e+02 
   67.359   12.861000  4.683418e+02  3.032547e+02 
   67.359   12.964000  4.686661e+02  3.032891e+02 
   67.359   13.067000  4.689866e+02  3.033227e+02 
   67.359   13.170000  4.693032e+02  3.033556e+02 
   67.359   13.273000  4.696160e+02  3.033878e+02 
   67.359   13.376000  4.699254e+02  3.034191e+02 
   67.359   13.479000  4.702312e+02  3.034497e+02 
   67.359   13.582000  4.705335e+02  3.034796e+02 
   67.359   13.685000  4.708324e+02  3.035086e+02 
   67.359   13.787000  4.711250e+02  3.035367e+02 
   67.359   13.890000  4.714171e+02  3.035642e+02 
   67.359   13.993000  4.717060e+02  3.035910e+02 
   67.359   14.096000  4.719916e+02  3.036169e+02 
   67.359   14.199000  4.722741e+02  3.036422e+02 
   67.359   14.302000  4.725534e+02  3.036666e+02 
   67.359   14.405000  4.728296e+02  3.036903e+02 
   67.359   14.508000  4.731026e+02  3.037133e+02 
   67.359   14.611000  4.733725e+02  3.037357e+02 
   67.359   14.713000  4.736367e+02  3.037572e+02 
   67.359   14.816000  4.739003e+02  3.037784e+02 
   67.359   14.919001  4.741607e+02  3.037991e+02 
   67.359   15.022000  4.744179e+02  3.038193e+02 
   67.359   15.125000  4.746721e+02  3.038390e+02 
   67.359   15.228001  4.749230e+02  3.038583e+02 
   67.359   15.331000  4.751709e+02  3.038771e+02 
   67.359   15.434000  4.754157e+02  3.038956e+02 
   67.359   15.537000  4.756576e+02  3.039135e+02 
   67.359   15.639000  4.758941e+02  3.039309e+02 
   67.359   15.742001  4.761301e+02  3.039481e+02 
   67.359   15.845000  4.763632e+02  3.039647e+02 
   67.359   15.948001  4.765935e+02  3.039809e+02 
   67.359   16.050999  4.768213e+02  3.039966e+02 
   67.359   16.153999  4.770466e+02  3.040117e+02 
   67.359   16.257000  4.772695e+02  3.040265e+02 
   67.359   16.359999  4.774900e+02  3.040408e+02 
   67.359   16.462999  4.777082e+02  3.040546e+02 
   67.359   16.564999  4.779221e+02  3.040678e+02 
   67.359   16.667999  4.781359e+02  3.040806e+02 
   67.359   16.771000  4.783476e+02  3.040929e+02 
   67.359   16.873999  4.785575e+02  3.041046e+02 
   67.359   16.976999  4.787654e+02  3.041157e+02 
   67.359   17.080000  4.789716e+02  3.041261e+02 
   67.359   17.182999  4.791764e+02  3.041357e+02 
   67.359   17.285999  4.793798e+02  3.041446e+02 
   67.359   17.389000  4.795817e+02  3.041527e+02 
   67.359   17.491999  4.797825e+02  3.041599e+02 
   67.359   17.594000  4.799802e+02  3.041661e+02 
   67.359   17.696999  4.801786e+02  3.041716e+02 
   67.359   17.799999  4.803758e+02  3.041763e+02 
   67.359   17.903000  4.805715e+02  3.041803e+02 
   67.359   18.005999  4.807657e+02  3.041837e+02 
   67.359   18.108999  4.809584e+02  3.041865e+02 
   67.359   18.212000  4.811495e+02  3.041887e+02 
   67.359   18.314999  4.813388e+02  3.041905e+02 
   67.359   18.417999  4.815265e+02  3.041919e+02 
   67.359   18.519999  4.817106e+02  3.041928e+02 
   67.359   18.622999  4.818951e+02  3.041932e+02 
   67.359   18.726000  4.820780e+02  3.041931e+02 
   67.359   18.828999  4.822595e+02  3.041925e+02 
   67.359   18.931999  4.824395e+02  3.041914e+02 
   67.359   19.035000  4.826182e+02  3.041898e+02 
   67.359   19.137999  4.827956e+02  3.041877e+02 
   67.359   19.240999  4.829716e+02  3.041851e+02 
   67.359   19.344000  4.831464e+02  3.041821e+02 
   67.359   19.445999  4.833181e+02  3.041787e+02 
   67.359   19.549000  4.834902e+02  3.041749e+02 
   67.359   19.651999  4.836609e+02  3.041707e+02 
   67.359   19.754999  4.838304e+02  3.041661e+02 
   67.359   19.858000  4.839985e+02  3.041611e+02 
   67.359   19.960999  4.841653e+02  3.041558e+02 
   67.359   20.063999  4.843313e+02  3.041499e+02 
   67.359   20.362999  4.848078e+02  3.041298e+02 
   67.359   20.858999  4.855757e+02  3.040900e+02 
   67.359   21.355000  4.863156e+02  3.040428e+02 
   67.359   21.849998  4.870268e+02  3.039892e+02 
   67.359   22.345999  4.877065e+02  3.039332e+02 
   67.359   22.841999  4.883471e+02  3.038797e+02 
   67.359   23.337999  4.889450e+02  3.038315e+02 
   67.359   23.832998  4.895011e+02  3.037879e+02 
   67.359   24.328999  4.900239e+02  3.037464e+02 
   67.359   24.824999  4.905157e+02  3.037061e+02 
   67.359   25.320999  4.909759e+02  3.036677e+02 
   67.359   25.816000  4.914045e+02  3.036321e+02 
   67.359   26.311998  4.918056e+02  3.035988e+02 
   67.359   26.807999  4.921812e+02  3.035668e+02 
   67.359   27.303999  4.925329e+02  3.035360e+02 
   67.359   27.799000  4.928605e+02  3.035069e+02 
   67.359   28.295000  4.931668e+02  3.034791e+02 
   67.359   28.790998  4.934541e+02  3.034521e+02 
   67.359   29.286999  4.937255e+02  3.034256e+02 
   67.359   29.782000  4.939827e+02  3.033992e+02 
   67.359   30.278000  4.942286e+02  3.033726e+02 
   67.359   30.774000  4.944644e+02  3.033461e+02 
   67.359   31.269999  4.946918e+02  3.033195e+02 
   67.359   31.764999  4.949118e+02  3.032932e+02 
   67.359   32.261002  4.951276e+02  3.032669e+02 
   67.359   32.757000  4.953406e+02  3.032410e+02 
   67.359   33.253002  4.955523e+02  3.032157e+02 
   67.359   33.748001  4.957639e+02  3.031915e+02 
   67.359   34.243999  4.959775e+02  3.031683e+02 
   67.359   34.740002  4.961943e+02  3.031465e+02 
   67.359   35.236000  4.964154e+02  3.031259e+02 
   67.359   35.731003  4.966414e+02  3.031068e+02 
   67.359   36.227001  4.968737e+02  3.030888e+02 
   67.359   36.723000  4.971118e+02  3.030721e+02 
   67.359   37.219002  4.973553e+02  3.030564e+02 
   67.359   37.714001  4.976024e+02  3.030419e+02 
   67.359   38.210003  4.978527e+02  3.030284e+02 
   67.359   38.706001  4.981036e+02  3.030159e+02 
   67.359   39.202000  4.983535e+02  3.030044e+02 
   67.359   39.697002  4.985993e+02  3.029941e+02 
   67.359   40.197002  4.988392e+02  3.029861e+02 
   67.359   45.197002  5.007173e+02  3.029545e+02 
   67.359   50.197002  5.014265e+02  3.029524e+02 
   67.359   55.197002  5.016774e+02  3.029561e+02 
   67.359   60.197002  5.024444e+02  3.029599e+02 
   67.359   65.196999  5.036838e+02  3.029627e+02 
