   67.106    0.000000  2.448548e+02  4.005265e+01 
   67.106    0.103000  2.462488e+02  4.026807e+01 
   67.106    0.206000  2.476357e+02  4.051323e+01 
   67.106    0.309000  2.526805e+02  4.177734e+01 
   67.106    0.412000  2.576860e+02  4.303070e+01 
   67.106    0.515000  2.624892e+02  4.422446e+01 
   67.106    0.618000  2.668661e+02  4.529834e+01 
   67.106    0.721000  2.706710e+02  4.621672e+01 
   67.106    0.823000  2.725368e+02  4.662929e+01 
   67.106    0.926000  2.747041e+02  4.712143e+01 
   67.106    1.029000  2.912806e+02  4.996952e+01 
   67.106    1.132000  3.513409e+02  5.807760e+01 
   67.106    1.235000  3.538623e+02  5.844491e+01 
   67.106    1.338000  3.562950e+02  5.880550e+01 
   67.106    1.441000  3.586375e+02  5.915617e+01 
   67.106    1.544000  3.605155e+02  5.943087e+01 
   67.106    1.647000  3.623848e+02  5.971147e+01 
   67.106    1.749000  3.642312e+02  5.999340e+01 
   67.106    1.852000  3.660959e+02  6.028061e+01 
   67.106    1.955000  3.687849e+02  6.071811e+01 
   67.106    2.058000  3.706504e+02  6.100805e+01 
   67.106    2.161000  3.725068e+02  6.129970e+01 
   67.106    2.264000  3.743491e+02  6.159278e+01 
   67.106    2.367000  3.761720e+02  6.188695e+01 
   67.106    2.470000  3.779757e+02  6.218168e+01 
   67.106    2.573000  3.797611e+02  6.247656e+01 
   67.106    2.675000  3.815106e+02  6.276842e+01 
   67.106    2.778000  3.832608e+02  6.306263e+01 
   67.106    2.881000  3.849939e+02  6.335616e+01 
   67.106    2.984000  3.867078e+02  6.364886e+01 
   67.106    3.087000  3.884026e+02  6.394053e+01 
   67.106    3.190000  3.900807e+02  6.423102e+01 
   67.106    3.293000  3.917441e+02  6.452018e+01 
   67.106    3.396000  3.933950e+02  6.480788e+01 
   67.106    3.499000  3.950345e+02  6.509405e+01 
   67.106    3.601000  3.966512e+02  6.537576e+01 
   67.106    3.704000  3.982817e+02  6.565842e+01 
   67.106    3.807000  3.999129e+02  6.593919e+01 
   67.106    3.910000  4.015505e+02  6.621795e+01 
   67.106    4.013000  4.031982e+02  6.649469e+01 
   67.106    4.116000  4.048541e+02  6.676940e+01 
   67.106    4.219000  4.065157e+02  6.704209e+01 
   67.106    4.322000  4.081796e+02  6.731278e+01 
   67.106    4.425000  4.098367e+02  6.758154e+01 
   67.106    4.528000  4.114791e+02  6.784842e+01 
   67.106    4.630000  4.130864e+02  6.811079e+01 
   67.106    4.733000  4.146870e+02  6.837382e+01 
   67.106    4.836000  4.162625e+02  6.863486e+01 
   67.106    4.939000  4.178127e+02  6.889386e+01 
   67.106    5.042000  4.193380e+02  6.915081e+01 
   67.106    5.145000  4.208346e+02  6.940569e+01 
   67.106    5.248000  4.223023e+02  6.965845e+01 
   67.106    5.351000  4.237401e+02  6.990909e+01 
   67.106    5.454000  4.251467e+02  7.015756e+01 
   67.106    5.556000  4.265107e+02  7.040148e+01 
   67.106    5.659000  4.278579e+02  7.064563e+01 
   67.106    5.762000  4.291761e+02  7.088760e+01 
   67.106    5.865000  4.304676e+02  7.112738e+01 
   67.106    5.968000  4.317315e+02  7.136499e+01 
   67.106    6.071000  4.329700e+02  7.160043e+01 
   67.106    6.174000  4.341867e+02  7.183368e+01 
   67.106    6.277000  4.353844e+02  7.206467e+01 
   67.106    6.380000  4.365666e+02  7.229333e+01 
   67.106    6.482000  4.377234e+02  7.251747e+01 
   67.106    6.585000  4.388801e+02  7.274134e+01 
   67.106    6.688000  4.400309e+02  7.296256e+01 
   67.106    6.791000  4.411759e+02  7.318108e+01 
   67.106    6.894000  4.423084e+02  7.339687e+01 
   67.106    6.997000  4.434200e+02  7.360985e+01 
   67.106    7.100000  4.445032e+02  7.381995e+01 
   67.106    7.203000  4.455442e+02  7.402711e+01 
   67.106    7.306000  4.465318e+02  7.423116e+01 
   67.106    7.408000  4.474516e+02  7.443004e+01 
   67.106    7.511000  4.483147e+02  7.462754e+01 
   67.106    7.614000  4.491023e+02  7.482163e+01 
   67.106    7.717000  4.498288e+02  7.501242e+01 
   67.106    7.820000  4.505262e+02  7.520006e+01 
   67.106    7.923000  4.511983e+02  7.538467e+01 
   67.106    8.026000  4.518550e+02  7.556644e+01 
   67.106    8.129000  4.525087e+02  7.574562e+01 
   67.106    8.232000  4.531598e+02  7.592232e+01 
   67.106    8.334001  4.537954e+02  7.609476e+01 
   67.106    8.437000  4.544217e+02  7.626632e+01 
   67.106    8.540000  4.550318e+02  7.643532e+01 
   67.106    8.643001  4.556256e+02  7.660164e+01 
   67.106    8.746000  4.562020e+02  7.676526e+01 
   67.106    8.849000  4.567603e+02  7.692618e+01 
   67.106    8.952001  4.573084e+02  7.708437e+01 
   67.106    9.055000  4.578503e+02  7.723985e+01 
   67.106    9.158000  4.583855e+02  7.739260e+01 
   67.106    9.260000  4.589079e+02  7.754115e+01 
   67.106    9.363000  4.594275e+02  7.768841e+01 
   67.106    9.466001  4.599391e+02  7.783298e+01 
   67.106    9.569000  4.604429e+02  7.797502e+01 
   67.106    9.672000  4.609392e+02  7.811459e+01 
   67.106    9.775001  4.614260e+02  7.825168e+01 
   67.106    9.878000  4.619008e+02  7.838635e+01 
   67.106    9.981000  4.623629e+02  7.851865e+01 
   67.106   10.084001  4.628471e+02  7.864845e+01 
   67.106   10.186000  4.633171e+02  7.877483e+01 
   67.106   10.289001  4.637829e+02  7.890038e+01 
   67.106   10.392000  4.642410e+02  7.902386e+01 
   67.106   10.495000  4.646933e+02  7.914532e+01 
   67.106   10.598001  4.651402e+02  7.926480e+01 
   67.106   10.701000  4.655805e+02  7.938234e+01 
   67.106   10.804000  4.660131e+02  7.949809e+01 
   67.106   10.907001  4.664379e+02  7.961208e+01 
   67.106   11.010000  4.668558e+02  7.972440e+01 
   67.106   11.113000  4.672689e+02  7.983511e+01 
   67.106   11.215000  4.676735e+02  7.994325e+01 
   67.106   11.318000  4.680774e+02  8.005092e+01 
   67.106   11.421000  4.684765e+02  8.015710e+01 
   67.106   11.524000  4.688708e+02  8.026185e+01 
   67.106   11.627000  4.692600e+02  8.036513e+01 
   67.106   11.730000  4.696438e+02  8.046700e+01 
   67.106   11.833000  4.700222e+02  8.056747e+01 
   67.106   11.936000  4.703951e+02  8.066655e+01 
   67.106   12.039001  4.707629e+02  8.076426e+01 
   67.106   12.141000  4.711223e+02  8.085970e+01 
   67.106   12.244000  4.714801e+02  8.095474e+01 
   67.106   12.347000  4.718331e+02  8.104845e+01 
   67.106   12.450000  4.721812e+02  8.114083e+01 
   67.106   12.553000  4.725244e+02  8.123188e+01 
   67.106   12.656000  4.728627e+02  8.132159e+01 
   67.106   12.759000  4.731964e+02  8.140994e+01 
   67.106   12.862000  4.735259e+02  8.149696e+01 
   67.106   12.965000  4.738513e+02  8.158260e+01 
   67.106   13.067000  4.741697e+02  8.166606e+01 
   67.106   13.170000  4.744873e+02  8.174898e+01 
   67.106   13.273000  4.748011e+02  8.183053e+01 
   67.106   13.376000  4.751113e+02  8.191075e+01 
   67.106   13.479000  4.754180e+02  8.198964e+01 
   67.106   13.582000  4.757210e+02  8.206722e+01 
   67.106   13.685000  4.760205e+02  8.214350e+01 
   67.106   13.788000  4.763167e+02  8.221851e+01 
   67.106   13.891000  4.766095e+02  8.229226e+01 
   67.106   13.993000  4.768962e+02  8.236403e+01 
   67.106   14.096000  4.771826e+02  8.243526e+01 
   67.106   14.199000  4.774657e+02  8.250523e+01 
   67.106   14.302000  4.777457e+02  8.257398e+01 
   67.106   14.405000  4.780226e+02  8.264153e+01 
   67.106   14.508000  4.782964e+02  8.270787e+01 
   67.106   14.611000  4.785669e+02  8.277306e+01 
   67.106   14.714000  4.788343e+02  8.283716e+01 
   67.106   14.817000  4.790986e+02  8.290018e+01 
   67.106   14.919000  4.793573e+02  8.296155e+01 
   67.106   15.022000  4.796152e+02  8.302250e+01 
   67.106   15.125000  4.798701e+02  8.308247e+01 
   67.106   15.228000  4.801219e+02  8.314147e+01 
   67.106   15.331000  4.803705e+02  8.319952e+01 
   67.106   15.434000  4.806161e+02  8.325666e+01 
   67.106   15.537000  4.808588e+02  8.331289e+01 
   67.106   15.640000  4.810984e+02  8.336821e+01 
   67.106   15.743000  4.813352e+02  8.342263e+01 
   67.106   15.846000  4.815690e+02  8.347617e+01 
   67.106   15.948001  4.817979e+02  8.352829e+01 
   67.106   16.050999  4.820265e+02  8.358002e+01 
   67.106   16.153999  4.822527e+02  8.363086e+01 
   67.106   16.257000  4.824764e+02  8.368080e+01 
   67.106   16.359999  4.826976e+02  8.372986e+01 
   67.106   16.462999  4.829166e+02  8.377805e+01 
   67.106   16.566000  4.831333e+02  8.382542e+01 
   67.106   16.668999  4.833477e+02  8.387193e+01 
   67.106   16.771999  4.835601e+02  8.391759e+01 
   67.106   16.873999  4.837685e+02  8.396197e+01 
   67.106   16.976999  4.839770e+02  8.400593e+01 
   67.106   17.080000  4.841837e+02  8.404900e+01 
   67.106   17.182999  4.843889e+02  8.409114e+01 
   67.106   17.285999  4.845927e+02  8.413238e+01 
   67.106   17.389000  4.847951e+02  8.417269e+01 
   67.106   17.491999  4.849962e+02  8.421207e+01 
   67.106   17.594999  4.851961e+02  8.425051e+01 
   67.106   17.698000  4.853949e+02  8.428803e+01 
   67.106   17.799999  4.855905e+02  8.432432e+01 
   67.106   17.903000  4.857865e+02  8.436014e+01 
   67.106   18.005999  4.859812e+02  8.439514e+01 
   67.106   18.108999  4.861743e+02  8.442936e+01 
   67.106   18.212000  4.863658e+02  8.446284e+01 
   67.106   18.314999  4.865556e+02  8.449564e+01 
   67.106   18.417999  4.867436e+02  8.452777e+01 
   67.106   18.521000  4.869299e+02  8.455921e+01 
   67.106   18.623999  4.871147e+02  8.458995e+01 
   67.106   18.726000  4.872961e+02  8.461972e+01 
   67.106   18.828999  4.874778e+02  8.464909e+01 
   67.106   18.931999  4.876581e+02  8.467779e+01 
   67.106   19.035000  4.878370e+02  8.470580e+01 
   67.106   19.137999  4.880147e+02  8.473312e+01 
   67.106   19.240999  4.881911e+02  8.475979e+01 
   67.106   19.344000  4.883662e+02  8.478583e+01 
   67.106   19.446999  4.885400e+02  8.481126e+01 
   67.106   19.549999  4.887125e+02  8.483610e+01 
   67.106   19.651999  4.888820e+02  8.486012e+01 
   67.106   19.754999  4.890518e+02  8.488382e+01 
   67.106   19.858000  4.892202e+02  8.490697e+01 
   67.106   19.960999  4.893873e+02  8.492960e+01 
   67.106   20.063999  4.895535e+02  8.495159e+01 
   67.106   20.362999  4.900307e+02  8.501197e+01 
   67.106   20.858999  4.907995e+02  8.510270e+01 
   67.106   21.355000  4.915401e+02  8.518221e+01 
   67.106   21.851000  4.922542e+02  8.525114e+01 
   67.106   22.345999  4.929354e+02  8.531193e+01 
   67.106   22.841999  4.935796e+02  8.536782e+01 
   67.106   23.337999  4.941815e+02  8.542050e+01 
   67.106   23.834000  4.947422e+02  8.547034e+01 
   67.106   24.328999  4.952661e+02  8.551649e+01 
   67.106   24.824999  4.957598e+02  8.555859e+01 
   67.106   25.320999  4.962222e+02  8.559714e+01 
   67.106   25.816999  4.966537e+02  8.563290e+01 
   67.106   26.311998  4.970558e+02  8.566601e+01 
   67.106   26.807999  4.974330e+02  8.569636e+01 
   67.106   27.303999  4.977865e+02  8.572388e+01 
   67.106   27.799999  4.981167e+02  8.574892e+01 
   67.106   28.295000  4.984240e+02  8.577166e+01 
   67.106   28.790998  4.987125e+02  8.579225e+01 
   67.106   29.286999  4.989846e+02  8.581067e+01 
   67.106   29.782999  4.992432e+02  8.582688e+01 
   67.106   30.278000  4.994896e+02  8.584093e+01 
   67.106   30.773998  4.997265e+02  8.585307e+01 
   67.106   31.269999  4.999551e+02  8.586347e+01 
   67.106   31.765999  5.001769e+02  8.587228e+01 
   67.106   32.261002  5.003938e+02  8.587964e+01 
   67.106   32.757000  5.006084e+02  8.588579e+01 
   67.106   33.253002  5.008219e+02  8.589094e+01 
   67.106   33.749001  5.010360e+02  8.589532e+01 
   67.106   34.243999  5.012515e+02  8.589912e+01 
   67.106   34.740002  5.014706e+02  8.590247e+01 
   67.106   35.236000  5.016942e+02  8.590549e+01 
   67.106   35.732002  5.019232e+02  8.590823e+01 
   67.106   36.227001  5.021576e+02  8.591075e+01 
   67.106   36.723000  5.023984e+02  8.591310e+01 
   67.106   37.219002  5.026444e+02  8.591528e+01 
   67.106   37.715000  5.028945e+02  8.591735e+01 
   67.106   38.210003  5.031466e+02  8.591932e+01 
   67.106   38.706001  5.033997e+02  8.592123e+01 
   67.106   39.202000  5.036516e+02  8.592311e+01 
   67.106   39.698002  5.039000e+02  8.592501e+01 
   67.106   40.198002  5.041416e+02  8.592756e+01 
   67.106   45.198002  5.060286e+02  8.595724e+01 
   67.106   50.198002  5.067399e+02  8.597940e+01 
   67.106   55.198002  5.069926e+02  8.599359e+01 
   67.106   60.198002  5.077712e+02  8.600231e+01 
   67.106   65.197998  5.090181e+02  8.600754e+01 
