    0.000    0.000000  0.000000e+00  3.520236e+02 
    0.000    0.103000  0.000000e+00  3.511396e+02 
    0.000    0.206000  0.000000e+00  3.499802e+02 
    0.000    0.308000  0.000000e+00  3.486610e+02 
    0.000    0.411000  0.000000e+00  3.472578e+02 
    0.000    0.514000  0.000000e+00  3.458403e+02 
    0.000    0.617000  0.000000e+00  3.441434e+02 
    0.000    0.720000  0.000000e+00  3.421447e+02 
    0.000    0.823000  0.000000e+00  3.399164e+02 
    0.000    0.926000  0.000000e+00  3.374763e+02 
    0.000    1.029000  0.000000e+00  3.348370e+02 
    0.000    1.132000  0.000000e+00  3.319927e+02 
    0.000    1.234000  0.000000e+00  3.290920e+02 
    0.000    1.337000  0.000000e+00  3.260554e+02 
    0.000    1.440000  0.000000e+00  3.229821e+02 
    0.000    1.543000  0.000000e+00  3.199317e+02 
    0.000    1.646000  0.000000e+00  3.168458e+02 
    0.000    1.749000  0.000000e+00  3.137195e+02 
    0.000    1.852000  0.000000e+00  3.056959e+02 
    0.000    1.955000  0.000000e+00  3.014620e+02 
    0.000    2.058000  0.000000e+00  2.982876e+02 
    0.000    2.160000  0.000000e+00  2.953558e+02 
    0.000    2.263000  0.000000e+00  2.922652e+02 
    0.000    2.366000  0.000000e+00  2.915218e+02 
    0.000    2.469000  0.000000e+00  2.906678e+02 
    0.000    2.572000  0.000000e+00  2.897597e+02 
    0.000    2.675000  0.000000e+00  2.888051e+02 
    0.000    2.778000  0.000000e+00  2.878123e+02 
    0.000    2.881000  0.000000e+00  2.867784e+02 
    0.000    2.984000  0.000000e+00  2.856877e+02 
    0.000    3.086000  0.000000e+00  2.845752e+02 
    0.000    3.189000  0.000000e+00  2.834312e+02 
    0.000    3.292000  0.000000e+00  2.822801e+02 
    0.000    3.395000  0.000000e+00  2.811120e+02 
    0.000    3.498000  0.000000e+00  2.799370e+02 
    0.000    3.601000  0.000000e+00  2.787568e+02 
    0.000    3.704000  0.000000e+00  2.775716e+02 
    0.000    3.807000  0.000000e+00  2.763891e+02 
    0.000    3.910000  0.000000e+00  2.751945e+02 
    0.000    4.013000  0.000000e+00  2.739989e+02 
    0.000    4.115000  0.000000e+00  2.728105e+02 
    0.000    4.218000  0.000000e+00  2.716103e+02 
    0.000    4.321000  0.000000e+00  2.704171e+02 
    0.000    4.424000  0.000000e+00  2.692179e+02 
    0.000    4.527000  0.000000e+00  2.680203e+02 
    0.000    4.630000  0.000000e+00  2.668119e+02 
    0.000    4.733000  0.000000e+00  2.655962e+02 
    0.000    4.836000  0.000000e+00  2.643826e+02 
    0.000    4.939000  0.000000e+00  2.631937e+02 
    0.000    5.041000  0.000000e+00  2.620396e+02 
    0.000    5.144000  0.000000e+00  2.608889e+02 
    0.000    5.247000  0.000000e+00  2.597459e+02 
    0.000    5.350000  0.000000e+00  2.586140e+02 
    0.000    5.453000  0.000000e+00  2.574983e+02 
    0.000    5.556000  0.000000e+00  2.563998e+02 
    0.000    5.659000  0.000000e+00  2.552554e+02 
    0.000    5.762000  0.000000e+00  2.541250e+02 
    0.000    5.865000  0.000000e+00  2.530184e+02 
    0.000    5.967000  0.000000e+00  2.519484e+02 
    0.000    6.070000  0.000000e+00  2.508962e+02 
    0.000    6.173000  0.000000e+00  2.498474e+02 
    0.000    6.276000  0.000000e+00  2.488130e+02 
    0.000    6.379000  0.000000e+00  2.477988e+02 
    0.000    6.482000  0.000000e+00  2.463671e+02 
    0.000    6.585000  0.000000e+00  2.448741e+02 
    0.000    6.688000  0.000000e+00  2.433734e+02 
    0.000    6.791000  0.000000e+00  2.423929e+02 
    0.000    6.893000  0.000000e+00  2.414559e+02 
    0.000    6.996000  0.000000e+00  2.405542e+02 
    0.000    7.099000  0.000000e+00  2.397083e+02 
    0.000    7.202000  0.000000e+00  2.389721e+02 
    0.000    7.305000  0.000000e+00  2.384166e+02 
    0.000    7.408000  0.000000e+00  2.379434e+02 
    0.000    7.511000  0.000000e+00  2.376294e+02 
    0.000    7.614000  0.000000e+00  2.374296e+02 
    0.000    7.717000  0.000000e+00  2.372431e+02 
    0.000    7.819000  0.000000e+00  2.371063e+02 
    0.000    7.922000  0.000000e+00  2.369862e+02 
    0.000    8.025000  0.000000e+00  2.368536e+02 
    0.000    8.128000  0.000000e+00  2.367275e+02 
    0.000    8.231000  0.000000e+00  2.366004e+02 
    0.000    8.334000  0.000000e+00  2.364646e+02 
    0.000    8.437000  0.000000e+00  2.362962e+02 
    0.000    8.540000  0.000000e+00  2.361255e+02 
    0.000    8.643000  0.000000e+00  2.359265e+02 
    0.000    8.745000  0.000000e+00  2.357222e+02 
    0.000    8.848000  0.000000e+00  2.355167e+02 
    0.000    8.951000  0.000000e+00  2.354015e+02 
    0.000    9.054000  0.000000e+00  2.352846e+02 
    0.000    9.157000  0.000000e+00  2.351674e+02 
    0.000    9.260000  0.000000e+00  2.350589e+02 
    0.000    9.363000  0.000000e+00  2.349567e+02 
    0.000    9.466000  0.000000e+00  2.348590e+02 
    0.000    9.569000  0.000000e+00  2.347705e+02 
    0.000    9.672000  0.000000e+00  2.346888e+02 
    0.000    9.774000  0.000000e+00  2.346169e+02 
    0.000    9.877000  0.000000e+00  2.345628e+02 
    0.000    9.980000  0.000000e+00  2.345219e+02 
    0.000   10.083000  0.000000e+00  2.344855e+02 
    0.000   10.186000  0.000000e+00  2.344447e+02 
    0.000   10.289000  0.000000e+00  2.344021e+02 
    0.000   10.392000  0.000000e+00  2.343570e+02 
    0.000   10.495000  0.000000e+00  2.343050e+02 
    0.000   10.598000  0.000000e+00  2.342490e+02 
    0.000   10.700000  0.000000e+00  2.341923e+02 
    0.000   10.802999  0.000000e+00  2.341350e+02 
    0.000   10.906000  0.000000e+00  2.340780e+02 
    0.000   11.009000  0.000000e+00  2.340192e+02 
    0.000   11.112000  0.000000e+00  2.339526e+02 
    0.000   11.215000  0.000000e+00  2.338806e+02 
    0.000   11.318000  0.000000e+00  2.338058e+02 
    0.000   11.421000  0.000000e+00  2.337277e+02 
    0.000   11.524000  0.000000e+00  2.336474e+02 
    0.000   11.625999  0.000000e+00  2.335669e+02 
    0.000   11.729000  0.000000e+00  2.334873e+02 
    0.000   11.832000  0.000000e+00  2.334091e+02 
    0.000   11.934999  0.000000e+00  2.333318e+02 
    0.000   12.038000  0.000000e+00  2.332549e+02 
    0.000   12.141000  0.000000e+00  2.331784e+02 
    0.000   12.243999  0.000000e+00  2.331025e+02 
    0.000   12.347000  0.000000e+00  2.330261e+02 
    0.000   12.450000  0.000000e+00  2.329494e+02 
    0.000   12.552000  0.000000e+00  2.328733e+02 
    0.000   12.655000  0.000000e+00  2.327987e+02 
    0.000   12.757999  0.000000e+00  2.327267e+02 
    0.000   12.861000  0.000000e+00  2.326564e+02 
    0.000   12.964000  0.000000e+00  2.325883e+02 
    0.000   13.066999  0.000000e+00  2.325226e+02 
    0.000   13.170000  0.000000e+00  2.324589e+02 
    0.000   13.273000  0.000000e+00  2.323970e+02 
    0.000   13.375999  0.000000e+00  2.323371e+02 
    0.000   13.478000  0.000000e+00  2.322796e+02 
    0.000   13.581000  0.000000e+00  2.322229e+02 
    0.000   13.684000  0.000000e+00  2.321678e+02 
    0.000   13.787000  0.000000e+00  2.321141e+02 
    0.000   13.890000  0.000000e+00  2.320614e+02 
    0.000   13.993000  0.000000e+00  2.320103e+02 
    0.000   14.096000  0.000000e+00  2.319606e+02 
    0.000   14.199000  0.000000e+00  2.319120e+02 
    0.000   14.302000  0.000000e+00  2.318650e+02 
    0.000   14.404000  0.000000e+00  2.318203e+02 
    0.000   14.507000  0.000000e+00  2.317766e+02 
    0.000   14.610000  0.000000e+00  2.317338e+02 
    0.000   14.713000  0.000000e+00  2.316910e+02 
    0.000   14.816000  0.000000e+00  2.316482e+02 
    0.000   14.919000  0.000000e+00  2.316059e+02 
    0.000   15.022000  0.000000e+00  2.315631e+02 
    0.000   15.125000  0.000000e+00  2.315200e+02 
    0.000   15.228000  0.000000e+00  2.314770e+02 
    0.000   15.331000  0.000000e+00  2.314353e+02 
    0.000   15.433000  0.000000e+00  2.313960e+02 
    0.000   15.536000  0.000000e+00  2.313578e+02 
    0.000   15.639000  0.000000e+00  2.313206e+02 
    0.000   15.742000  0.000000e+00  2.312835e+02 
    0.000   15.845000  0.000000e+00  2.312465e+02 
    0.000   15.947999  0.000000e+00  2.312099e+02 
    0.000   16.051001  0.000000e+00  2.311697e+02 
    0.000   16.154001  0.000000e+00  2.311255e+02 
    0.000   16.257000  0.000000e+00  2.310790e+02 
    0.000   16.359001  0.000000e+00  2.310314e+02 
    0.000   16.462000  0.000000e+00  2.309821e+02 
    0.000   16.565001  0.000000e+00  2.309319e+02 
    0.000   16.668001  0.000000e+00  2.308812e+02 
    0.000   16.771000  0.000000e+00  2.308320e+02 
    0.000   16.874001  0.000000e+00  2.307841e+02 
    0.000   16.977001  0.000000e+00  2.307372e+02 
    0.000   17.080000  0.000000e+00  2.306919e+02 
    0.000   17.183001  0.000000e+00  2.306492e+02 
    0.000   17.285002  0.000000e+00  2.306090e+02 
    0.000   17.388000  0.000000e+00  2.305697e+02 
    0.000   17.491001  0.000000e+00  2.305324e+02 
    0.000   17.594002  0.000000e+00  2.304967e+02 
    0.000   17.697001  0.000000e+00  2.304624e+02 
    0.000   17.800001  0.000000e+00  2.304290e+02 
    0.000   17.903002  0.000000e+00  2.303964e+02 
    0.000   18.006001  0.000000e+00  2.303645e+02 
    0.000   18.109001  0.000000e+00  2.303333e+02 
    0.000   18.211000  0.000000e+00  2.303026e+02 
    0.000   18.314001  0.000000e+00  2.302719e+02 
    0.000   18.417002  0.000000e+00  2.302416e+02 
    0.000   18.520000  0.000000e+00  2.302117e+02 
    0.000   18.623001  0.000000e+00  2.301821e+02 
    0.000   18.726002  0.000000e+00  2.301529e+02 
    0.000   18.829000  0.000000e+00  2.301241e+02 
    0.000   18.932001  0.000000e+00  2.300953e+02 
    0.000   19.035002  0.000000e+00  2.300665e+02 
    0.000   19.137001  0.000000e+00  2.300379e+02 
    0.000   19.240002  0.000000e+00  2.300091e+02 
    0.000   19.343000  0.000000e+00  2.299798e+02 
    0.000   19.446001  0.000000e+00  2.299500e+02 
    0.000   19.549002  0.000000e+00  2.299199e+02 
    0.000   19.652000  0.000000e+00  2.298897e+02 
    0.000   19.755001  0.000000e+00  2.298595e+02 
    0.000   19.858002  0.000000e+00  2.298293e+02 
    0.000   19.961000  0.000000e+00  2.297992e+02 
    0.000   20.064001  0.000000e+00  2.297692e+02 
    0.000   20.363001  0.000000e+00  2.296870e+02 
    0.000   20.859001  0.000000e+00  2.295688e+02 
    0.000   21.354000  0.000000e+00  2.294677e+02 
    0.000   21.850000  0.000000e+00  2.293768e+02 
    0.000   22.346001  0.000000e+00  2.292855e+02 
    0.000   22.842001  0.000000e+00  2.291935e+02 
    0.000   23.337000  0.000000e+00  2.291105e+02 
    0.000   23.833000  0.000000e+00  2.290470e+02 
    0.000   24.329000  0.000000e+00  2.290061e+02 
    0.000   24.825001  0.000000e+00  2.289790e+02 
    0.000   25.320002  0.000000e+00  2.289626e+02 
    0.000   25.816000  0.000000e+00  2.289615e+02 
    0.000   26.312000  0.000000e+00  2.289684e+02 
    0.000   26.808001  0.000000e+00  2.289805e+02 
    0.000   27.303001  0.000000e+00  2.289972e+02 
    0.000   27.799002  0.000000e+00  2.290177e+02 
    0.000   28.295000  0.000000e+00  2.290424e+02 
    0.000   28.791000  0.000000e+00  2.290757e+02 
    0.000   29.286001  0.000000e+00  2.291174e+02 
    0.000   29.782001  0.000000e+00  2.291652e+02 
    0.000   30.278002  0.000000e+00  2.292172e+02 
    0.000   30.774000  0.000000e+00  2.292705e+02 
    0.000   31.269001  0.000000e+00  2.293248e+02 
    0.000   31.765001  0.000000e+00  2.293804e+02 
    0.000   32.260998  0.000000e+00  2.294368e+02 
    0.000   32.757000  0.000000e+00  2.294941e+02 
    0.000   33.251999  0.000000e+00  2.295523e+02 
    0.000   33.747997  0.000000e+00  2.296132e+02 
    0.000   34.243999  0.000000e+00  2.296771e+02 
    0.000   34.739998  0.000000e+00  2.297406e+02 
    0.000   35.235001  0.000000e+00  2.298023e+02 
    0.000   35.730999  0.000000e+00  2.298604e+02 
    0.000   36.226997  0.000000e+00  2.299151e+02 
    0.000   36.723000  0.000000e+00  2.299661e+02 
    0.000   37.217999  0.000000e+00  2.300139e+02 
    0.000   37.714001  0.000000e+00  2.300583e+02 
    0.000   38.209999  0.000000e+00  2.300998e+02 
    0.000   38.705997  0.000000e+00  2.301414e+02 
    0.000   39.201000  0.000000e+00  2.301842e+02 
    0.000   39.696999  0.000000e+00  2.302303e+02 
    0.000   40.196999  0.000000e+00  2.302812e+02 
    0.000   45.196999  0.000000e+00  2.307314e+02 
    0.000   50.196999  0.000000e+00  2.309573e+02 
    0.000   55.196999  0.000000e+00  2.309544e+02 
    0.000   60.196999  0.000000e+00  2.308860e+02 
    0.000   65.197006  0.000000e+00  2.308339e+02 
