   67.486    0.000000  5.459068e-07  8.672008e+00 
   67.486    0.103000  5.488325e-07  8.794431e+00 
   67.486    0.206000  5.517550e-07  8.919003e+00 
   67.486    0.309000  5.546590e-07  9.044621e+00 
   67.486    0.412000  5.575387e-07  9.170714e+00 
   67.486    0.514000  5.603640e-07  9.295671e+00 
   67.486    0.617000  7.914419e-07  1.277421e+01 
   67.486    0.720000  1.279948e-06  1.735885e+01 
   67.486    0.823000  2.403198e-06  2.305994e+01 
   67.486    0.926000  5.055970e-06  2.950142e+01 
   67.486    1.029000  1.158471e-05  3.641686e+01 
   67.486    1.132000  2.981756e-05  4.420442e+01 
   67.486    1.235000  8.537877e-05  5.282267e+01 
   67.486    1.338000  2.695188e-04  6.226582e+01 
   67.486    1.440000  9.191018e-04  7.247548e+01 
   67.486    1.543000  3.443698e-03  8.377047e+01 
   67.486    1.646000  1.390239e-02  9.627393e+01 
   67.486    1.749000  6.045220e-02  1.104825e+02 
   67.486    1.852000  5.341620e-01  1.309458e+02 
   67.486    1.955000  4.412940e+00  1.563422e+02 
   67.486    2.058000  3.018468e+01  1.875267e+02 
   67.486    2.161000  1.469346e+02  2.194941e+02 
   67.486    2.264000  1.519925e+02  2.198404e+02 
   67.486    2.367000  1.557446e+02  2.200723e+02 
   67.486    2.469000  1.588170e+02  2.202601e+02 
   67.486    2.572000  1.609833e+02  2.203644e+02 
   67.486    2.675000  1.627733e+02  2.204502e+02 
   67.486    2.778000  1.675687e+02  2.214549e+02 
   67.486    2.881000  1.683367e+02  2.214474e+02 
   67.486    2.984000  1.690981e+02  2.214580e+02 
   67.486    3.087000  1.698531e+02  2.214838e+02 
   67.486    3.190000  1.706025e+02  2.215226e+02 
   67.486    3.293000  1.713467e+02  2.215726e+02 
   67.486    3.395000  1.720790e+02  2.216320e+02 
   67.486    3.498000  1.728139e+02  2.217007e+02 
   67.486    3.601000  1.739194e+02  2.218289e+02 
   67.486    3.704000  1.764250e+02  2.221542e+02 
   67.486    3.807000  1.817763e+02  2.228609e+02 
   67.486    3.910000  1.923450e+02  2.242150e+02 
   67.486    4.013000  2.099477e+02  2.263225e+02 
   67.486    4.116000  2.356776e+02  2.291059e+02 
   67.486    4.219000  2.664893e+02  2.320529e+02 
   67.486    4.321000  2.957720e+02  2.345319e+02 
   67.486    4.424000  3.217733e+02  2.365096e+02 
   67.486    4.527000  3.305016e+02  2.371283e+02 
   67.486    4.630000  3.348041e+02  2.374306e+02 
   67.486    4.733000  3.360682e+02  2.375228e+02 
   67.486    4.836000  3.373178e+02  2.376221e+02 
   67.486    4.939000  3.385514e+02  2.377272e+02 
   67.486    5.042000  3.397676e+02  2.378373e+02 
   67.486    5.145000  3.409644e+02  2.379515e+02 
   67.486    5.247000  3.421310e+02  2.380681e+02 
   67.486    5.350000  3.432902e+02  2.381889e+02 
   67.486    5.453000  3.444303e+02  2.383124e+02 
   67.486    5.556000  3.455529e+02  2.384379e+02 
   67.486    5.659000  3.466578e+02  2.385654e+02 
   67.486    5.762000  3.477447e+02  2.386945e+02 
   67.486    5.865000  3.488136e+02  2.388249e+02 
   67.486    5.968000  3.498641e+02  2.389565e+02 
   67.486    6.071000  3.508988e+02  2.390890e+02 
   67.486    6.173000  3.519105e+02  2.392207e+02 
   67.486    6.276000  3.650115e+02  2.410508e+02 
   67.486    6.379000  3.682737e+02  2.413396e+02 
   67.486    6.482000  3.711732e+02  2.416027e+02 
   67.486    6.585000  3.742305e+02  2.418770e+02 
   67.486    6.688000  3.773706e+02  2.421567e+02 
   67.486    6.791000  3.806909e+02  2.424486e+02 
   67.486    6.894000  3.843411e+02  2.427623e+02 
   67.486    6.997000  3.878829e+02  2.430663e+02 
   67.486    7.099000  3.916146e+02  2.433812e+02 
   67.486    7.202000  3.950437e+02  2.436760e+02 
   67.486    7.305000  3.985702e+02  2.439789e+02 
   67.486    7.408000  4.019472e+02  2.442728e+02 
   67.486    7.511000  4.054384e+02  2.445742e+02 
   67.486    7.614000  4.086881e+02  2.448595e+02 
   67.486    7.717000  4.119764e+02  2.451458e+02 
   67.486    7.820000  4.150456e+02  2.454146e+02 
   67.486    7.923000  4.181750e+02  2.456839e+02 
   67.486    8.025001  4.211827e+02  2.459415e+02 
   67.486    8.128000  4.240918e+02  2.461902e+02 
   67.486    8.231000  4.268810e+02  2.464285e+02 
   67.486    8.334001  4.297649e+02  2.466698e+02 
   67.486    8.437000  4.329609e+02  2.469271e+02 
   67.486    8.540000  4.359292e+02  2.471687e+02 
   67.486    8.643001  4.389898e+02  2.474135e+02 
   67.486    8.746000  4.420386e+02  2.476554e+02 
   67.486    8.849000  4.435047e+02  2.478530e+02 
   67.486    8.952001  4.448403e+02  2.480348e+02 
   67.486    9.054000  4.463346e+02  2.482305e+02 
   67.486    9.157001  4.480374e+02  2.484451e+02 
   67.486    9.260000  4.498792e+02  2.486704e+02 
   67.486    9.363000  4.517928e+02  2.488988e+02 
   67.486    9.466001  4.522824e+02  2.489805e+02 
   67.486    9.569000  4.527700e+02  2.490604e+02 
   67.486    9.672000  4.532557e+02  2.491383e+02 
   67.486    9.775001  4.537366e+02  2.492145e+02 
   67.486    9.878000  4.542085e+02  2.492888e+02 
   67.486    9.980000  4.546660e+02  2.493608e+02 
   67.486   10.083000  4.551183e+02  2.494317e+02 
   67.486   10.186000  4.555923e+02  2.495004e+02 
   67.486   10.289001  4.560544e+02  2.495677e+02 
   67.486   10.392000  4.565072e+02  2.496337e+02 
   67.486   10.495000  4.569543e+02  2.496984e+02 
   67.486   10.598001  4.573964e+02  2.497619e+02 
   67.486   10.701000  4.578328e+02  2.498243e+02 
   67.486   10.804000  4.582626e+02  2.498858e+02 
   67.486   10.906000  4.586816e+02  2.499458e+02 
   67.486   11.009000  4.590985e+02  2.500054e+02 
   67.486   11.112000  4.595099e+02  2.500643e+02 
   67.486   11.215000  4.599161e+02  2.501224e+02 
   67.486   11.318000  4.603171e+02  2.501797e+02 
   67.486   11.421000  4.607131e+02  2.502364e+02 
   67.486   11.524000  4.611041e+02  2.502924e+02 
   67.486   11.627000  4.614901e+02  2.503477e+02 
   67.486   11.730000  4.618709e+02  2.504024e+02 
   67.486   11.832001  4.622428e+02  2.504557e+02 
   67.486   11.935000  4.626132e+02  2.505089e+02 
   67.486   12.038000  4.629785e+02  2.505614e+02 
   67.486   12.141001  4.633388e+02  2.506132e+02 
   67.486   12.244000  4.636941e+02  2.506642e+02 
   67.486   12.347000  4.640447e+02  2.507146e+02 
   67.486   12.450001  4.643907e+02  2.507641e+02 
   67.486   12.553000  4.647321e+02  2.508130e+02 
   67.486   12.656000  4.650689e+02  2.508610e+02 
   67.486   12.758000  4.653979e+02  2.509078e+02 
   67.486   12.861000  4.657260e+02  2.509542e+02 
   67.486   12.964001  4.660500e+02  2.509998e+02 
   67.486   13.067000  4.663702e+02  2.510445e+02 
   67.486   13.170000  4.666866e+02  2.510883e+02 
   67.486   13.273001  4.669994e+02  2.511312e+02 
   67.486   13.376000  4.673085e+02  2.511732e+02 
   67.486   13.479000  4.676142e+02  2.512143e+02 
   67.486   13.582001  4.679163e+02  2.512545e+02 
   67.486   13.684000  4.682121e+02  2.512934e+02 
   67.486   13.787001  4.685074e+02  2.513318e+02 
   67.486   13.890000  4.687994e+02  2.513692e+02 
   67.486   13.993000  4.690882e+02  2.514058e+02 
   67.486   14.096001  4.693738e+02  2.514414e+02 
   67.486   14.199000  4.696562e+02  2.514762e+02 
   67.486   14.302000  4.699355e+02  2.515100e+02 
   67.486   14.405001  4.702117e+02  2.515430e+02 
   67.486   14.508000  4.704848e+02  2.515752e+02 
   67.486   14.611000  4.707547e+02  2.516066e+02 
   67.486   14.713000  4.710188e+02  2.516370e+02 
   67.486   14.816000  4.712823e+02  2.516670e+02 
   67.486   14.919001  4.715427e+02  2.516964e+02 
   67.486   15.022000  4.717998e+02  2.517252e+02 
   67.486   15.125000  4.720538e+02  2.517534e+02 
   67.486   15.228001  4.723046e+02  2.517811e+02 
   67.486   15.331000  4.725523e+02  2.518081e+02 
   67.486   15.434000  4.727970e+02  2.518347e+02 
   67.486   15.537001  4.730386e+02  2.518606e+02 
   67.486   15.639000  4.732749e+02  2.518858e+02 
   67.486   15.742001  4.735107e+02  2.519106e+02 
   67.486   15.845000  4.737435e+02  2.519349e+02 
   67.486   15.948000  4.739736e+02  2.519586e+02 
   67.486   16.051001  4.742012e+02  2.519818e+02 
   67.486   16.154001  4.744263e+02  2.520044e+02 
   67.486   16.257000  4.746490e+02  2.520264e+02 
   67.486   16.360001  4.748693e+02  2.520480e+02 
   67.486   16.462999  4.750873e+02  2.520689e+02 
   67.486   16.565001  4.753010e+02  2.520892e+02 
   67.486   16.668001  4.755146e+02  2.521090e+02 
   67.486   16.771000  4.757262e+02  2.521282e+02 
   67.486   16.874001  4.759360e+02  2.521467e+02 
   67.486   16.977001  4.761438e+02  2.521646e+02 
   67.486   17.080000  4.763499e+02  2.521817e+02 
   67.486   17.183001  4.765547e+02  2.521980e+02 
   67.486   17.286001  4.767580e+02  2.522134e+02 
   67.486   17.389000  4.769600e+02  2.522279e+02 
   67.486   17.491001  4.771588e+02  2.522414e+02 
   67.486   17.594000  4.773585e+02  2.522541e+02 
   67.486   17.697001  4.775570e+02  2.522659e+02 
   67.486   17.800001  4.777542e+02  2.522768e+02 
   67.486   17.903000  4.779500e+02  2.522871e+02 
   67.486   18.006001  4.781442e+02  2.522967e+02 
   67.486   18.109001  4.783368e+02  2.523056e+02 
   67.486   18.212000  4.785278e+02  2.523140e+02 
   67.486   18.315001  4.787171e+02  2.523219e+02 
   67.486   18.417000  4.789029e+02  2.523292e+02 
   67.486   18.520000  4.790889e+02  2.523361e+02 
   67.486   18.623001  4.792734e+02  2.523423e+02 
   67.486   18.726000  4.794564e+02  2.523481e+02 
   67.486   18.829000  4.796379e+02  2.523533e+02 
   67.486   18.932001  4.798179e+02  2.523580e+02 
   67.486   19.035000  4.799966e+02  2.523621e+02 
   67.486   19.138000  4.801740e+02  2.523657e+02 
   67.486   19.241001  4.803500e+02  2.523688e+02 
   67.486   19.344000  4.805247e+02  2.523715e+02 
   67.486   19.446001  4.806964e+02  2.523737e+02 
   67.486   19.549000  4.808684e+02  2.523754e+02 
   67.486   19.652000  4.810391e+02  2.523767e+02 
   67.486   19.755001  4.812085e+02  2.523776e+02 
   67.486   19.858000  4.813766e+02  2.523781e+02 
   67.486   19.961000  4.815435e+02  2.523781e+02 
   67.486   20.064001  4.817095e+02  2.523775e+02 
   67.486   20.363001  4.821862e+02  2.523727e+02 
   67.486   20.859001  4.829543e+02  2.523576e+02 
   67.486   21.355000  4.836943e+02  2.523342e+02 
   67.486   21.850000  4.844050e+02  2.523037e+02 
   67.486   22.346001  4.850832e+02  2.522704e+02 
   67.486   22.842001  4.857216e+02  2.522385e+02 
   67.486   23.337999  4.863170e+02  2.522102e+02 
   67.486   23.833000  4.868716e+02  2.521848e+02 
   67.486   24.329000  4.873934e+02  2.521601e+02 
   67.486   24.825001  4.878844e+02  2.521354e+02 
   67.486   25.321001  4.883438e+02  2.521118e+02 
   67.486   25.816000  4.887715e+02  2.520899e+02 
   67.486   26.312000  4.891718e+02  2.520691e+02 
   67.486   26.808001  4.895468e+02  2.520489e+02 
   67.486   27.304001  4.898977e+02  2.520293e+02 
   67.486   27.799000  4.902244e+02  2.520105e+02 
   67.486   28.295000  4.905301e+02  2.519923e+02 
   67.486   28.791000  4.908172e+02  2.519742e+02 
   67.486   29.287001  4.910884e+02  2.519560e+02 
   67.486   29.782000  4.913455e+02  2.519375e+02 
   67.486   30.278000  4.915911e+02  2.519185e+02 
   67.486   30.774000  4.918264e+02  2.518991e+02 
   67.486   31.270000  4.920533e+02  2.518794e+02 
   67.486   31.764999  4.922727e+02  2.518595e+02 
   67.486   32.260998  4.924879e+02  2.518394e+02 
   67.486   32.757000  4.927002e+02  2.518194e+02 
   67.486   33.252998  4.929109e+02  2.517997e+02 
   67.486   33.747997  4.931214e+02  2.517807e+02 
   67.486   34.243999  4.933337e+02  2.517625e+02 
   67.486   34.739998  4.935492e+02  2.517452e+02 
   67.486   35.236000  4.937688e+02  2.517290e+02 
   67.486   35.730999  4.939934e+02  2.517139e+02 
   67.486   36.226997  4.942242e+02  2.516996e+02 
   67.486   36.723000  4.944609e+02  2.516864e+02 
   67.486   37.218998  4.947030e+02  2.516740e+02 
   67.486   37.713997  4.949487e+02  2.516624e+02 
   67.486   38.209999  4.951977e+02  2.516517e+02 
   67.486   38.705997  4.954474e+02  2.516419e+02 
   67.486   39.202000  4.956963e+02  2.516328e+02 
   67.486   39.696999  4.959413e+02  2.516247e+02 
   67.486   40.196999  4.961803e+02  2.516186e+02 
   67.486   45.196999  4.980557e+02  2.515982e+02 
   67.486   50.196999  4.987655e+02  2.516007e+02 
   67.486   55.196999  4.990156e+02  2.516064e+02 
   67.486   60.196999  4.997754e+02  2.516112e+02 
   67.486   65.196999  5.010129e+02  2.516144e+02 
