    0.000    0.000000  0.000000e+00  3.519569e+02 
    0.000    0.103000  0.000000e+00  3.511089e+02 
    0.000    0.206000  0.000000e+00  3.499367e+02 
    0.000    0.308000  0.000000e+00  3.486402e+02 
    0.000    0.411000  0.000000e+00  3.473166e+02 
    0.000    0.514000  0.000000e+00  3.459022e+02 
    0.000    0.617000  0.000000e+00  3.443972e+02 
    0.000    0.720000  0.000000e+00  3.428901e+02 
    0.000    0.823000  0.000000e+00  3.413306e+02 
    0.000    0.926000  0.000000e+00  3.397701e+02 
    0.000    1.029000  0.000000e+00  3.382047e+02 
    0.000    1.132000  0.000000e+00  3.365793e+02 
    0.000    1.234000  0.000000e+00  3.349062e+02 
    0.000    1.337000  0.000000e+00  3.332463e+02 
    0.000    1.440000  0.000000e+00  3.315349e+02 
    0.000    1.543000  0.000000e+00  3.297245e+02 
    0.000    1.646000  0.000000e+00  3.136542e+02 
    0.000    1.749000  0.000000e+00  3.074218e+02 
    0.000    1.852000  0.000000e+00  3.034761e+02 
    0.000    1.955000  0.000000e+00  2.995540e+02 
    0.000    2.058000  0.000000e+00  2.989172e+02 
    0.000    2.160000  0.000000e+00  2.980563e+02 
    0.000    2.263000  0.000000e+00  2.970620e+02 
    0.000    2.366000  0.000000e+00  2.960051e+02 
    0.000    2.469000  0.000000e+00  2.948951e+02 
    0.000    2.572000  0.000000e+00  2.937390e+02 
    0.000    2.675000  0.000000e+00  2.925404e+02 
    0.000    2.778000  0.000000e+00  2.913019e+02 
    0.000    2.881000  0.000000e+00  2.900579e+02 
    0.000    2.984000  0.000000e+00  2.888340e+02 
    0.000    3.086000  0.000000e+00  2.876222e+02 
    0.000    3.189000  0.000000e+00  2.863651e+02 
    0.000    3.292000  0.000000e+00  2.850980e+02 
    0.000    3.395000  0.000000e+00  2.838436e+02 
    0.000    3.498000  0.000000e+00  2.826019e+02 
    0.000    3.601000  0.000000e+00  2.813669e+02 
    0.000    3.704000  0.000000e+00  2.801346e+02 
    0.000    3.807000  0.000000e+00  2.789102e+02 
    0.000    3.910000  0.000000e+00  2.776754e+02 
    0.000    4.013000  0.000000e+00  2.764406e+02 
    0.000    4.115000  0.000000e+00  2.752186e+02 
    0.000    4.218000  0.000000e+00  2.739929e+02 
    0.000    4.321000  0.000000e+00  2.727799e+02 
    0.000    4.424000  0.000000e+00  2.715760e+02 
    0.000    4.527000  0.000000e+00  2.703856e+02 
    0.000    4.630000  0.000000e+00  2.692101e+02 
    0.000    4.733000  0.000000e+00  2.680383e+02 
    0.000    4.836000  0.000000e+00  2.668806e+02 
    0.000    4.939000  0.000000e+00  2.657314e+02 
    0.000    5.041000  0.000000e+00  2.645936e+02 
    0.000    5.144000  0.000000e+00  2.634320e+02 
    0.000    5.247000  0.000000e+00  2.622869e+02 
    0.000    5.350000  0.000000e+00  2.611533e+02 
    0.000    5.453000  0.000000e+00  2.600302e+02 
    0.000    5.556000  0.000000e+00  2.589065e+02 
    0.000    5.659000  0.000000e+00  2.577859e+02 
    0.000    5.762000  0.000000e+00  2.566826e+02 
    0.000    5.865000  0.000000e+00  2.555845e+02 
    0.000    5.967000  0.000000e+00  2.545148e+02 
    0.000    6.070000  0.000000e+00  2.534520e+02 
    0.000    6.173000  0.000000e+00  2.523509e+02 
    0.000    6.276000  0.000000e+00  2.513099e+02 
    0.000    6.379000  0.000000e+00  2.502319e+02 
    0.000    6.482000  0.000000e+00  2.491516e+02 
    0.000    6.585000  0.000000e+00  2.477226e+02 
    0.000    6.688000  0.000000e+00  2.457931e+02 
    0.000    6.791000  0.000000e+00  2.434643e+02 
    0.000    6.893000  0.000000e+00  2.410852e+02 
    0.000    6.996000  0.000000e+00  2.389772e+02 
    0.000    7.099000  0.000000e+00  2.381677e+02 
    0.000    7.202000  0.000000e+00  2.375844e+02 
    0.000    7.305000  0.000000e+00  2.370898e+02 
    0.000    7.408000  0.000000e+00  2.366710e+02 
    0.000    7.511000  0.000000e+00  2.363707e+02 
    0.000    7.614000  0.000000e+00  2.361501e+02 
    0.000    7.717000  0.000000e+00  2.359794e+02 
    0.000    7.819000  0.000000e+00  2.358415e+02 
    0.000    7.922000  0.000000e+00  2.357371e+02 
    0.000    8.025001  0.000000e+00  2.356292e+02 
    0.000    8.128000  0.000000e+00  2.354532e+02 
    0.000    8.231000  0.000000e+00  2.352779e+02 
    0.000    8.334001  0.000000e+00  2.350876e+02 
    0.000    8.437000  0.000000e+00  2.348766e+02 
    0.000    8.540000  0.000000e+00  2.346485e+02 
    0.000    8.643001  0.000000e+00  2.344139e+02 
    0.000    8.745000  0.000000e+00  2.341804e+02 
    0.000    8.848001  0.000000e+00  2.339449e+02 
    0.000    8.951000  0.000000e+00  2.337143e+02 
    0.000    9.054000  0.000000e+00  2.334728e+02 
    0.000    9.157001  0.000000e+00  2.332460e+02 
    0.000    9.260000  0.000000e+00  2.331459e+02 
    0.000    9.363000  0.000000e+00  2.330600e+02 
    0.000    9.466001  0.000000e+00  2.329816e+02 
    0.000    9.569000  0.000000e+00  2.329090e+02 
    0.000    9.671000  0.000000e+00  2.328418e+02 
    0.000    9.774000  0.000000e+00  2.327805e+02 
    0.000    9.877000  0.000000e+00  2.327328e+02 
    0.000    9.980000  0.000000e+00  2.326950e+02 
    0.000   10.083000  0.000000e+00  2.326603e+02 
    0.000   10.186000  0.000000e+00  2.326205e+02 
    0.000   10.289001  0.000000e+00  2.325780e+02 
    0.000   10.392000  0.000000e+00  2.325361e+02 
    0.000   10.495000  0.000000e+00  2.324970e+02 
    0.000   10.598001  0.000000e+00  2.324605e+02 
    0.000   10.700000  0.000000e+00  2.324238e+02 
    0.000   10.803000  0.000000e+00  2.323790e+02 
    0.000   10.906000  0.000000e+00  2.323292e+02 
    0.000   11.009000  0.000000e+00  2.322753e+02 
    0.000   11.112000  0.000000e+00  2.322113e+02 
    0.000   11.215000  0.000000e+00  2.321404e+02 
    0.000   11.318000  0.000000e+00  2.320660e+02 
    0.000   11.421000  0.000000e+00  2.319888e+02 
    0.000   11.524000  0.000000e+00  2.319097e+02 
    0.000   11.626000  0.000000e+00  2.318300e+02 
    0.000   11.729000  0.000000e+00  2.317477e+02 
    0.000   11.832000  0.000000e+00  2.316640e+02 
    0.000   11.935000  0.000000e+00  2.315796e+02 
    0.000   12.038000  0.000000e+00  2.314940e+02 
    0.000   12.141000  0.000000e+00  2.314077e+02 
    0.000   12.244000  0.000000e+00  2.313210e+02 
    0.000   12.347000  0.000000e+00  2.312382e+02 
    0.000   12.450000  0.000000e+00  2.311593e+02 
    0.000   12.552000  0.000000e+00  2.310835e+02 
    0.000   12.655000  0.000000e+00  2.310110e+02 
    0.000   12.758000  0.000000e+00  2.309428e+02 
    0.000   12.861000  0.000000e+00  2.308776e+02 
    0.000   12.964000  0.000000e+00  2.308153e+02 
    0.000   13.067000  0.000000e+00  2.307561e+02 
    0.000   13.170000  0.000000e+00  2.306993e+02 
    0.000   13.273000  0.000000e+00  2.306443e+02 
    0.000   13.376000  0.000000e+00  2.305904e+02 
    0.000   13.478000  0.000000e+00  2.305381e+02 
    0.000   13.581000  0.000000e+00  2.304862e+02 
    0.000   13.684000  0.000000e+00  2.304344e+02 
    0.000   13.787000  0.000000e+00  2.303828e+02 
    0.000   13.890000  0.000000e+00  2.303316e+02 
    0.000   13.993000  0.000000e+00  2.302816e+02 
    0.000   14.096000  0.000000e+00  2.302328e+02 
    0.000   14.199000  0.000000e+00  2.301850e+02 
    0.000   14.302000  0.000000e+00  2.301383e+02 
    0.000   14.404000  0.000000e+00  2.300932e+02 
    0.000   14.507000  0.000000e+00  2.300487e+02 
    0.000   14.610001  0.000000e+00  2.300048e+02 
    0.000   14.713000  0.000000e+00  2.299606e+02 
    0.000   14.816000  0.000000e+00  2.299164e+02 
    0.000   14.919000  0.000000e+00  2.298725e+02 
    0.000   15.022000  0.000000e+00  2.298280e+02 
    0.000   15.125000  0.000000e+00  2.297830e+02 
    0.000   15.228000  0.000000e+00  2.297379e+02 
    0.000   15.331000  0.000000e+00  2.296928e+02 
    0.000   15.433001  0.000000e+00  2.296479e+02 
    0.000   15.536000  0.000000e+00  2.296027e+02 
    0.000   15.639000  0.000000e+00  2.295583e+02 
    0.000   15.742001  0.000000e+00  2.295179e+02 
    0.000   15.845000  0.000000e+00  2.294809e+02 
    0.000   15.948001  0.000000e+00  2.294459e+02 
    0.000   16.050999  0.000000e+00  2.294107e+02 
    0.000   16.153999  0.000000e+00  2.293748e+02 
    0.000   16.257000  0.000000e+00  2.293387e+02 
    0.000   16.358999  0.000000e+00  2.293018e+02 
    0.000   16.462000  0.000000e+00  2.292616e+02 
    0.000   16.564999  0.000000e+00  2.292192e+02 
    0.000   16.667999  0.000000e+00  2.291755e+02 
    0.000   16.771000  0.000000e+00  2.291318e+02 
    0.000   16.873999  0.000000e+00  2.290881e+02 
    0.000   16.976999  0.000000e+00  2.290444e+02 
    0.000   17.080000  0.000000e+00  2.290010e+02 
    0.000   17.182999  0.000000e+00  2.289583e+02 
    0.000   17.285000  0.000000e+00  2.289164e+02 
    0.000   17.387999  0.000000e+00  2.288745e+02 
    0.000   17.490999  0.000000e+00  2.288337e+02 
    0.000   17.594000  0.000000e+00  2.287941e+02 
    0.000   17.696999  0.000000e+00  2.287552e+02 
    0.000   17.799999  0.000000e+00  2.287174e+02 
    0.000   17.903000  0.000000e+00  2.286811e+02 
    0.000   18.005999  0.000000e+00  2.286462e+02 
    0.000   18.108999  0.000000e+00  2.286123e+02 
    0.000   18.210999  0.000000e+00  2.285800e+02 
    0.000   18.313999  0.000000e+00  2.285487e+02 
    0.000   18.417000  0.000000e+00  2.285185e+02 
    0.000   18.519999  0.000000e+00  2.284891e+02 
    0.000   18.622999  0.000000e+00  2.284600e+02 
    0.000   18.726000  0.000000e+00  2.284313e+02 
    0.000   18.828999  0.000000e+00  2.284030e+02 
    0.000   18.931999  0.000000e+00  2.283753e+02 
    0.000   19.035000  0.000000e+00  2.283482e+02 
    0.000   19.136999  0.000000e+00  2.283219e+02 
    0.000   19.240000  0.000000e+00  2.282958e+02 
    0.000   19.342999  0.000000e+00  2.282693e+02 
    0.000   19.445999  0.000000e+00  2.282419e+02 
    0.000   19.549000  0.000000e+00  2.282140e+02 
    0.000   19.651999  0.000000e+00  2.281859e+02 
    0.000   19.754999  0.000000e+00  2.281574e+02 
    0.000   19.858000  0.000000e+00  2.281285e+02 
    0.000   19.960999  0.000000e+00  2.280993e+02 
    0.000   20.063999  0.000000e+00  2.280701e+02 
    0.000   20.362999  0.000000e+00  2.279871e+02 
    0.000   20.858999  0.000000e+00  2.278620e+02 
    0.000   21.354000  0.000000e+00  2.277605e+02 
    0.000   21.849998  0.000000e+00  2.276726e+02 
    0.000   22.345999  0.000000e+00  2.275874e+02 
    0.000   22.841999  0.000000e+00  2.274986e+02 
    0.000   23.337000  0.000000e+00  2.274134e+02 
    0.000   23.832998  0.000000e+00  2.273440e+02 
    0.000   24.328999  0.000000e+00  2.272997e+02 
    0.000   24.824999  0.000000e+00  2.272821e+02 
    0.000   25.320000  0.000000e+00  2.272771e+02 
    0.000   25.816000  0.000000e+00  2.272730e+02 
    0.000   26.311998  0.000000e+00  2.272763e+02 
    0.000   26.807999  0.000000e+00  2.272845e+02 
    0.000   27.302999  0.000000e+00  2.272970e+02 
    0.000   27.799000  0.000000e+00  2.273177e+02 
    0.000   28.295000  0.000000e+00  2.273477e+02 
    0.000   28.790998  0.000000e+00  2.273821e+02 
    0.000   29.285999  0.000000e+00  2.274228e+02 
    0.000   29.782000  0.000000e+00  2.274700e+02 
    0.000   30.278000  0.000000e+00  2.275222e+02 
    0.000   30.773998  0.000000e+00  2.275773e+02 
    0.000   31.268999  0.000000e+00  2.276344e+02 
    0.000   31.764999  0.000000e+00  2.276931e+02 
    0.000   32.261002  0.000000e+00  2.277526e+02 
    0.000   32.757000  0.000000e+00  2.278120e+02 
    0.000   33.252003  0.000000e+00  2.278696e+02 
    0.000   33.748001  0.000000e+00  2.279270e+02 
    0.000   34.243999  0.000000e+00  2.279853e+02 
    0.000   34.740002  0.000000e+00  2.280458e+02 
    0.000   35.235001  0.000000e+00  2.281081e+02 
    0.000   35.731003  0.000000e+00  2.281681e+02 
    0.000   36.227001  0.000000e+00  2.282251e+02 
    0.000   36.723000  0.000000e+00  2.282777e+02 
    0.000   37.218002  0.000000e+00  2.283265e+02 
    0.000   37.714001  0.000000e+00  2.283714e+02 
    0.000   38.210003  0.000000e+00  2.284128e+02 
    0.000   38.706001  0.000000e+00  2.284544e+02 
    0.000   39.201000  0.000000e+00  2.284971e+02 
    0.000   39.697002  0.000000e+00  2.285428e+02 
    0.000   40.197002  0.000000e+00  2.285935e+02 
    0.000   45.197002  0.000000e+00  2.290431e+02 
    0.000   50.197002  0.000000e+00  2.292701e+02 
    0.000   55.197002  0.000000e+00  2.292643e+02 
    0.000   60.197002  0.000000e+00  2.291967e+02 
    0.000   65.196999  0.000000e+00  2.291444e+02 
