   67.630    0.000000  0.000000e+00  1.947209e+00 
   67.630    0.103000  0.000000e+00  1.982617e+00 
   67.630    0.205000  0.000000e+00  2.017763e+00 
   67.630    0.308000  0.000000e+00  2.053141e+00 
   67.630    0.411000  0.000000e+00  2.088323e+00 
   67.630    0.514000  0.000000e+00  2.123268e+00 
   67.630    0.617000  0.000000e+00  8.730466e+00 
   67.630    0.720000  0.000000e+00  1.811068e+01 
   67.630    0.823000  0.000000e+00  2.993312e+01 
   67.630    0.926000  0.000000e+00  4.402351e+01 
   67.630    1.029000  0.000000e+00  6.028918e+01 
   67.630    1.131000  0.000000e+00  7.850794e+01 
   67.630    1.234000  1.093013e-42  9.905901e+01 
   67.630    1.337000  1.360423e-34  1.219643e+02 
   67.630    1.440000  5.177902e-26  1.475183e+02 
   67.630    1.543000  8.351572e-17  1.763743e+02 
   67.630    1.646000  5.599025e-07  2.108191e+02 
   67.630    1.749000  1.918138e-06  2.132396e+02 
   67.630    1.852000  7.930896e-06  2.163857e+02 
   67.630    1.955000  1.778415e-05  2.182342e+02 
   67.630    2.057000  2.655454e-05  2.191176e+02 
   67.630    2.160000  8.100638e-04  2.286441e+02 
   67.630    2.263000  2.363599e-02  2.402806e+02 
   67.630    2.366000  2.469894e-02  2.402004e+02 
   67.630    2.469000  2.538968e-02  2.400996e+02 
   67.630    2.572000  2.591175e-02  2.400028e+02 
   67.630    2.675000  4.150398e-02  2.425408e+02 
   67.630    2.778000  7.625224e-02  2.459744e+02 
   67.630    2.881000  1.693442e-01  2.508598e+02 
   67.630    2.983000  4.739065e-01  2.580086e+02 
   67.630    3.086000  1.766626e+00  2.690710e+02 
   67.630    3.189000  8.735867e+00  2.867118e+02 
   67.630    3.292000  5.630368e+01  3.145157e+02 
   67.630    3.395000  5.654468e+01  3.142870e+02 
   67.630    3.498000  5.678407e+01  3.141002e+02 
   67.630    3.601000  5.702195e+01  3.139445e+02 
   67.630    3.704000  5.725877e+01  3.138133e+02 
   67.630    3.807000  5.749440e+01  3.137031e+02 
   67.630    3.910000  5.772884e+01  3.136109e+02 
   67.630    4.012000  5.795961e+01  3.135354e+02 
   67.630    4.115000  5.819123e+01  3.134732e+02 
   67.630    4.218000  5.842152e+01  3.134233e+02 
   67.630    4.321000  5.865028e+01  3.133848e+02 
   67.630    4.424000  5.887759e+01  3.133561e+02 
   67.630    4.527000  5.927499e+01  3.133839e+02 
   67.630    4.630000  5.967827e+01  3.134214e+02 
   67.630    4.733000  6.010443e+01  3.134726e+02 
   67.630    4.836000  6.053667e+01  3.135324e+02 
   67.630    4.938000  6.084438e+01  3.135765e+02 
   67.630    5.041000  6.128598e+01  3.136516e+02 
   67.630    5.144000  6.204358e+01  3.138210e+02 
   67.630    5.247000  6.312220e+01  3.140835e+02 
   67.630    5.350000  6.486598e+01  3.145298e+02 
   67.630    5.453000  6.758138e+01  3.152287e+02 
   67.630    5.556000  7.163689e+01  3.162475e+02 
   67.630    5.659000  7.696803e+01  3.175267e+02 
   67.630    5.762000  8.400574e+01  3.191187e+02 
   67.630    5.864000  9.322938e+01  3.210596e+02 
   67.630    5.967000  1.061568e+02  3.235454e+02 
   67.630    6.070000  1.230197e+02  3.264498e+02 
   67.630    6.173000  1.471220e+02  3.300779e+02 
   67.630    6.276000  1.801832e+02  3.342955e+02 
   67.630    6.379000  2.155598e+02  3.380989e+02 
   67.630    6.482000  2.606978e+02  3.421714e+02 
   67.630    6.585000  3.056957e+02  3.455801e+02 
   67.630    6.688000  3.627286e+02  3.491612e+02 
   67.630    6.790000  3.885004e+02  3.505405e+02 
   67.630    6.893000  3.895396e+02  3.505628e+02 
   67.630    6.996000  3.905818e+02  3.505919e+02 
   67.630    7.099000  3.916196e+02  3.506264e+02 
   67.630    7.202000  3.926179e+02  3.506670e+02 
   67.630    7.305000  3.935411e+02  3.507135e+02 
   67.630    7.408000  3.943871e+02  3.507642e+02 
   67.630    7.511000  3.951631e+02  3.508176e+02 
   67.630    7.614000  3.995232e+02  3.510541e+02 
   67.630    7.716000  4.040976e+02  3.512990e+02 
   67.630    7.819000  4.090067e+02  3.515552e+02 
   67.630    7.922000  4.133772e+02  3.517819e+02 
   67.630    8.025000  4.180383e+02  3.520171e+02 
   67.630    8.128000  4.226611e+02  3.522452e+02 
   67.630    8.231000  4.272320e+02  3.524658e+02 
   67.630    8.334000  4.321796e+02  3.526967e+02 
   67.630    8.437000  4.367079e+02  3.529058e+02 
   67.630    8.540000  4.412062e+02  3.531095e+02 
   67.630    8.642000  4.454172e+02  3.532975e+02 
   67.630    8.745000  4.459387e+02  3.533436e+02 
   67.630    8.848000  4.464435e+02  3.533890e+02 
   67.630    8.951000  4.469394e+02  3.534331e+02 
   67.630    9.054000  4.474302e+02  3.534757e+02 
   67.630    9.157000  4.479172e+02  3.535168e+02 
   67.630    9.260000  4.484024e+02  3.535562e+02 
   67.630    9.363000  4.488865e+02  3.535940e+02 
   67.630    9.466000  4.493696e+02  3.536302e+02 
   67.630    9.569000  4.498517e+02  3.536649e+02 
   67.630    9.671000  4.503283e+02  3.536977e+02 
   67.630    9.774000  4.508056e+02  3.537295e+02 
   67.630    9.877000  4.512748e+02  3.537598e+02 
   67.630    9.980000  4.517351e+02  3.537889e+02 
   67.630   10.083000  4.521863e+02  3.538169e+02 
   67.630   10.186000  4.526598e+02  3.538427e+02 
   67.630   10.289000  4.531219e+02  3.538678e+02 
   67.630   10.392000  4.535750e+02  3.538920e+02 
   67.630   10.495000  4.540221e+02  3.539156e+02 
   67.630   10.597000  4.544594e+02  3.539383e+02 
   67.630   10.700000  4.548951e+02  3.539606e+02 
   67.630   10.803000  4.553247e+02  3.539826e+02 
   67.630   10.906000  4.557483e+02  3.540042e+02 
   67.630   11.009000  4.561659e+02  3.540254e+02 
   67.630   11.112000  4.565779e+02  3.540465e+02 
   67.630   11.215000  4.569845e+02  3.540674e+02 
   67.630   11.318000  4.573857e+02  3.540881e+02 
   67.630   11.421000  4.577816e+02  3.541086e+02 
   67.630   11.523000  4.581685e+02  3.541290e+02 
   67.630   11.626000  4.585539e+02  3.541494e+02 
   67.630   11.729000  4.589339e+02  3.541696e+02 
   67.630   11.832000  4.593087e+02  3.541896e+02 
   67.630   11.935000  4.596781e+02  3.542095e+02 
   67.630   12.038000  4.600423e+02  3.542292e+02 
   67.630   12.141000  4.604016e+02  3.542486e+02 
   67.630   12.244000  4.607559e+02  3.542678e+02 
   67.630   12.347000  4.611054e+02  3.542867e+02 
   67.630   12.449000  4.614468e+02  3.543051e+02 
   67.630   12.552000  4.617870e+02  3.543234e+02 
   67.630   12.655000  4.621226e+02  3.543412e+02 
   67.630   12.758000  4.624539e+02  3.543587e+02 
   67.630   12.861000  4.627813e+02  3.543758e+02 
   67.630   12.964000  4.631048e+02  3.543925e+02 
   67.630   13.067000  4.634245e+02  3.544085e+02 
   67.630   13.170000  4.637405e+02  3.544242e+02 
   67.630   13.273000  4.640528e+02  3.544392e+02 
   67.630   13.375000  4.643586e+02  3.544536e+02 
   67.630   13.478000  4.646638e+02  3.544675e+02 
   67.630   13.581000  4.649654e+02  3.544809e+02 
   67.630   13.684000  4.652637e+02  3.544936e+02 
   67.630   13.787000  4.655587e+02  3.545057e+02 
   67.630   13.890000  4.658503e+02  3.545172e+02 
   67.630   13.993000  4.661387e+02  3.545280e+02 
   67.630   14.096000  4.664241e+02  3.545380e+02 
   67.630   14.199000  4.667063e+02  3.545474e+02 
   67.630   14.301000  4.669826e+02  3.545561e+02 
   67.630   14.404000  4.672586e+02  3.545643e+02 
   67.630   14.507000  4.675314e+02  3.545719e+02 
   67.630   14.610000  4.678010e+02  3.545790e+02 
   67.630   14.713000  4.680674e+02  3.545857e+02 
   67.630   14.816000  4.683305e+02  3.545921e+02 
   67.630   14.919000  4.685904e+02  3.545981e+02 
   67.630   15.022000  4.688470e+02  3.546039e+02 
   67.630   15.125000  4.691006e+02  3.546093e+02 
   67.630   15.228000  4.693509e+02  3.546145e+02 
   67.630   15.330000  4.695957e+02  3.546194e+02 
   67.630   15.433000  4.698399e+02  3.546240e+02 
   67.630   15.536000  4.700811e+02  3.546284e+02 
   67.630   15.639000  4.703192e+02  3.546324e+02 
   67.630   15.742000  4.705545e+02  3.546361e+02 
   67.630   15.845000  4.707869e+02  3.546396e+02 
   67.630   15.948000  4.710166e+02  3.546428e+02 
   67.630   16.051001  4.712437e+02  3.546456e+02 
   67.630   16.153999  4.714684e+02  3.546482e+02 
   67.630   16.256001  4.716885e+02  3.546505e+02 
   67.630   16.358999  4.719084e+02  3.546525e+02 
   67.630   16.462000  4.721261e+02  3.546541e+02 
   67.630   16.565001  4.723416e+02  3.546554e+02 
   67.630   16.667999  4.725548e+02  3.546563e+02 
   67.630   16.771000  4.727661e+02  3.546567e+02 
   67.630   16.874001  4.729756e+02  3.546566e+02 
   67.630   16.976999  4.731831e+02  3.546559e+02 
   67.630   17.080000  4.733891e+02  3.546546e+02 
   67.630   17.181999  4.735917e+02  3.546525e+02 
   67.630   17.285000  4.737950e+02  3.546495e+02 
   67.630   17.388000  4.739970e+02  3.546457e+02 
   67.630   17.490999  4.741978e+02  3.546410e+02 
   67.630   17.594000  4.743974e+02  3.546354e+02 
   67.630   17.697001  4.745959e+02  3.546290e+02 
   67.630   17.799999  4.747931e+02  3.546219e+02 
   67.630   17.903000  4.749886e+02  3.546142e+02 
   67.630   18.006001  4.751827e+02  3.546060e+02 
   67.630   18.108000  4.753733e+02  3.545974e+02 
   67.630   18.211000  4.755641e+02  3.545882e+02 
   67.630   18.313999  4.757532e+02  3.545787e+02 
   67.630   18.417000  4.759407e+02  3.545688e+02 
   67.630   18.520000  4.761266e+02  3.545586e+02 
   67.630   18.622999  4.763109e+02  3.545479e+02 
   67.630   18.726000  4.764938e+02  3.545368e+02 
   67.630   18.829000  4.766752e+02  3.545252e+02 
   67.630   18.931999  4.768551e+02  3.545132e+02 
   67.630   19.034000  4.770319e+02  3.545010e+02 
   67.630   19.136999  4.772091e+02  3.544883e+02 
   67.630   19.240000  4.773849e+02  3.544751e+02 
   67.630   19.343000  4.775595e+02  3.544616e+02 
   67.630   19.445999  4.777327e+02  3.544478e+02 
   67.630   19.549000  4.779046e+02  3.544336e+02 
   67.630   19.652000  4.780752e+02  3.544191e+02 
   67.630   19.754999  4.782445e+02  3.544043e+02 
   67.630   19.858000  4.784126e+02  3.543891e+02 
   67.630   19.961000  4.785794e+02  3.543736e+02 
   67.630   20.063000  4.787437e+02  3.543577e+02 
   67.630   20.363001  4.792219e+02  3.543081e+02 
   67.630   20.858000  4.799880e+02  3.542209e+02 
   67.630   21.354000  4.807276e+02  3.541278e+02 
   67.630   21.850000  4.814387e+02  3.540303e+02 
   67.630   22.346001  4.821147e+02  3.539339e+02 
   67.630   22.841000  4.827489e+02  3.538438e+02 
   67.630   23.337000  4.833415e+02  3.537614e+02 
   67.630   23.833000  4.838949e+02  3.536855e+02 
   67.630   24.329000  4.844152e+02  3.536133e+02 
   67.630   24.823999  4.849040e+02  3.535441e+02 
   67.630   25.320000  4.853621e+02  3.534789e+02 
   67.630   25.816000  4.857894e+02  3.534184e+02 
   67.630   26.312000  4.861886e+02  3.533615e+02 
   67.630   26.806999  4.865617e+02  3.533077e+02 
   67.630   27.302999  4.869113e+02  3.532567e+02 
   67.630   27.799000  4.872376e+02  3.532086e+02 
   67.630   28.295000  4.875426e+02  3.531629e+02 
   67.630   28.791000  4.878293e+02  3.531190e+02 
   67.630   29.285999  4.880996e+02  3.530764e+02 
   67.630   29.782000  4.883568e+02  3.530347e+02 
   67.630   30.278000  4.886019e+02  3.529937e+02 
   67.630   30.774000  4.888366e+02  3.529534e+02 
   67.630   31.268999  4.890623e+02  3.529140e+02 
   67.630   31.764999  4.892813e+02  3.528752e+02 
   67.630   32.261002  4.894957e+02  3.528370e+02 
   67.630   32.757000  4.897070e+02  3.527998e+02 
   67.630   33.251999  4.899163e+02  3.527639e+02 
   67.630   33.748001  4.901260e+02  3.527294e+02 
   67.630   34.243999  4.903369e+02  3.526968e+02 
   67.630   34.740002  4.905509e+02  3.526661e+02 
   67.630   35.235001  4.907686e+02  3.526375e+02 
   67.630   35.730999  4.909920e+02  3.526105e+02 
   67.630   36.227001  4.912213e+02  3.525854e+02 
   67.630   36.723000  4.914563e+02  3.525619e+02 
   67.630   37.217999  4.916963e+02  3.525400e+02 
   67.630   37.714001  4.919409e+02  3.525195e+02 
   67.630   38.209999  4.921885e+02  3.525005e+02 
   67.630   38.706001  4.924369e+02  3.524829e+02 
   67.630   39.201000  4.926840e+02  3.524668e+02 
   67.630   39.696999  4.929284e+02  3.524521e+02 
   67.630   40.196999  4.931665e+02  3.524403e+02 
   67.630   45.196999  4.950375e+02  3.523864e+02 
   67.630   50.196999  4.957462e+02  3.523754e+02 
   67.630   55.196999  4.959953e+02  3.523752e+02 
   67.630   60.196999  4.967476e+02  3.523771e+02 
   67.630   65.196999  4.979821e+02  3.523789e+02 
