    0.000    0.000000  0.000000e+00  3.521651e+02 
    0.000    0.103000  0.000000e+00  3.513847e+02 
    0.000    0.206000  0.000000e+00  3.501435e+02 
    0.000    0.309000  0.000000e+00  3.487230e+02 
    0.000    0.412000  0.000000e+00  3.471577e+02 
    0.000    0.515000  0.000000e+00  3.455764e+02 
    0.000    0.618000  0.000000e+00  3.440295e+02 
    0.000    0.720000  0.000000e+00  3.424483e+02 
    0.000    0.823000  0.000000e+00  3.406298e+02 
    0.000    0.926000  0.000000e+00  3.386150e+02 
    0.000    1.029000  0.000000e+00  3.365868e+02 
    0.000    1.132000  0.000000e+00  3.347755e+02 
    0.000    1.235000  0.000000e+00  3.173471e+02 
    0.000    1.338000  0.000000e+00  3.140563e+02 
    0.000    1.441000  0.000000e+00  3.117253e+02 
    0.000    1.544000  0.000000e+00  3.095915e+02 
    0.000    1.646000  0.000000e+00  3.075713e+02 
    0.000    1.749000  0.000000e+00  3.057343e+02 
    0.000    1.852000  0.000000e+00  3.041296e+02 
    0.000    1.955000  0.000000e+00  3.031949e+02 
    0.000    2.058000  0.000000e+00  3.016576e+02 
    0.000    2.161000  0.000000e+00  2.960635e+02 
    0.000    2.264000  0.000000e+00  2.951944e+02 
    0.000    2.367000  0.000000e+00  2.943682e+02 
    0.000    2.470000  0.000000e+00  2.935015e+02 
    0.000    2.572000  0.000000e+00  2.926244e+02 
    0.000    2.675000  0.000000e+00  2.916602e+02 
    0.000    2.778000  0.000000e+00  2.905834e+02 
    0.000    2.881000  0.000000e+00  2.894395e+02 
    0.000    2.984000  0.000000e+00  2.882395e+02 
    0.000    3.087000  0.000000e+00  2.870191e+02 
    0.000    3.190000  0.000000e+00  2.858110e+02 
    0.000    3.293000  0.000000e+00  2.846134e+02 
    0.000    3.396000  0.000000e+00  2.833872e+02 
    0.000    3.498000  0.000000e+00  2.821531e+02 
    0.000    3.601000  0.000000e+00  2.809015e+02 
    0.000    3.704000  0.000000e+00  2.796435e+02 
    0.000    3.807000  0.000000e+00  2.783881e+02 
    0.000    3.910000  0.000000e+00  2.771357e+02 
    0.000    4.013000  0.000000e+00  2.758921e+02 
    0.000    4.116000  0.000000e+00  2.746531e+02 
    0.000    4.219000  0.000000e+00  2.734168e+02 
    0.000    4.322000  0.000000e+00  2.721910e+02 
    0.000    4.425000  0.000000e+00  2.709750e+02 
    0.000    4.527000  0.000000e+00  2.697809e+02 
    0.000    4.630000  0.000000e+00  2.685937e+02 
    0.000    4.733000  0.000000e+00  2.674225e+02 
    0.000    4.836000  0.000000e+00  2.662695e+02 
    0.000    4.939000  0.000000e+00  2.651259e+02 
    0.000    5.042000  0.000000e+00  2.639878e+02 
    0.000    5.145000  0.000000e+00  2.628636e+02 
    0.000    5.248000  0.000000e+00  2.617451e+02 
    0.000    5.351000  0.000000e+00  2.606351e+02 
    0.000    5.453000  0.000000e+00  2.595476e+02 
    0.000    5.556000  0.000000e+00  2.584628e+02 
    0.000    5.659000  0.000000e+00  2.573950e+02 
    0.000    5.762000  0.000000e+00  2.563461e+02 
    0.000    5.865000  0.000000e+00  2.553166e+02 
    0.000    5.968000  0.000000e+00  2.543083e+02 
    0.000    6.071000  0.000000e+00  2.533166e+02 
    0.000    6.174000  0.000000e+00  2.523409e+02 
    0.000    6.277000  0.000000e+00  2.513855e+02 
    0.000    6.379000  0.000000e+00  2.504565e+02 
    0.000    6.482000  0.000000e+00  2.495400e+02 
    0.000    6.585000  0.000000e+00  2.486460e+02 
    0.000    6.688000  0.000000e+00  2.477778e+02 
    0.000    6.791000  0.000000e+00  2.468797e+02 
    0.000    6.894000  0.000000e+00  2.459844e+02 
    0.000    6.997000  0.000000e+00  2.451310e+02 
    0.000    7.100000  0.000000e+00  2.443077e+02 
    0.000    7.203000  0.000000e+00  2.435927e+02 
    0.000    7.305000  0.000000e+00  2.429854e+02 
    0.000    7.408000  0.000000e+00  2.424281e+02 
    0.000    7.511000  0.000000e+00  2.420585e+02 
    0.000    7.614000  0.000000e+00  2.418085e+02 
    0.000    7.717000  0.000000e+00  2.416137e+02 
    0.000    7.820000  0.000000e+00  2.414465e+02 
    0.000    7.923000  0.000000e+00  2.412871e+02 
    0.000    8.026000  0.000000e+00  2.411067e+02 
    0.000    8.129000  0.000000e+00  2.409534e+02 
    0.000    8.231000  0.000000e+00  2.408015e+02 
    0.000    8.334000  0.000000e+00  2.406845e+02 
    0.000    8.436999  0.000000e+00  2.405494e+02 
    0.000    8.540000  0.000000e+00  2.404156e+02 
    0.000    8.643000  0.000000e+00  2.402209e+02 
    0.000    8.745999  0.000000e+00  2.400225e+02 
    0.000    8.849000  0.000000e+00  2.398372e+02 
    0.000    8.952000  0.000000e+00  2.396554e+02 
    0.000    9.054999  0.000000e+00  2.394502e+02 
    0.000    9.157000  0.000000e+00  2.392483e+02 
    0.000    9.259999  0.000000e+00  2.391309e+02 
    0.000    9.363000  0.000000e+00  2.390177e+02 
    0.000    9.466000  0.000000e+00  2.389085e+02 
    0.000    9.568999  0.000000e+00  2.388112e+02 
    0.000    9.672000  0.000000e+00  2.387226e+02 
    0.000    9.775000  0.000000e+00  2.386430e+02 
    0.000    9.877999  0.000000e+00  2.385810e+02 
    0.000    9.981000  0.000000e+00  2.385319e+02 
    0.000   10.084000  0.000000e+00  2.384884e+02 
    0.000   10.186000  0.000000e+00  2.384451e+02 
    0.000   10.289000  0.000000e+00  2.384017e+02 
    0.000   10.392000  0.000000e+00  2.383563e+02 
    0.000   10.495000  0.000000e+00  2.383013e+02 
    0.000   10.598000  0.000000e+00  2.382403e+02 
    0.000   10.701000  0.000000e+00  2.381774e+02 
    0.000   10.804000  0.000000e+00  2.381142e+02 
    0.000   10.907000  0.000000e+00  2.380513e+02 
    0.000   11.009999  0.000000e+00  2.379872e+02 
    0.000   11.112000  0.000000e+00  2.379178e+02 
    0.000   11.215000  0.000000e+00  2.378439e+02 
    0.000   11.318000  0.000000e+00  2.377678e+02 
    0.000   11.421000  0.000000e+00  2.376875e+02 
    0.000   11.524000  0.000000e+00  2.376044e+02 
    0.000   11.627000  0.000000e+00  2.375204e+02 
    0.000   11.730000  0.000000e+00  2.374391e+02 
    0.000   11.833000  0.000000e+00  2.373601e+02 
    0.000   11.936000  0.000000e+00  2.372824e+02 
    0.000   12.038000  0.000000e+00  2.372069e+02 
    0.000   12.141000  0.000000e+00  2.371319e+02 
    0.000   12.243999  0.000000e+00  2.370580e+02 
    0.000   12.347000  0.000000e+00  2.369839e+02 
    0.000   12.450000  0.000000e+00  2.369097e+02 
    0.000   12.552999  0.000000e+00  2.368356e+02 
    0.000   12.656000  0.000000e+00  2.367611e+02 
    0.000   12.759000  0.000000e+00  2.366858e+02 
    0.000   12.862000  0.000000e+00  2.366104e+02 
    0.000   12.964000  0.000000e+00  2.365366e+02 
    0.000   13.066999  0.000000e+00  2.364638e+02 
    0.000   13.170000  0.000000e+00  2.363923e+02 
    0.000   13.273000  0.000000e+00  2.363226e+02 
    0.000   13.375999  0.000000e+00  2.362556e+02 
    0.000   13.479000  0.000000e+00  2.361909e+02 
    0.000   13.582000  0.000000e+00  2.361278e+02 
    0.000   13.684999  0.000000e+00  2.360672e+02 
    0.000   13.788000  0.000000e+00  2.360086e+02 
    0.000   13.889999  0.000000e+00  2.359521e+02 
    0.000   13.993000  0.000000e+00  2.358982e+02 
    0.000   14.096000  0.000000e+00  2.358475e+02 
    0.000   14.198999  0.000000e+00  2.357989e+02 
    0.000   14.302000  0.000000e+00  2.357529e+02 
    0.000   14.405000  0.000000e+00  2.357099e+02 
    0.000   14.507999  0.000000e+00  2.356693e+02 
    0.000   14.611000  0.000000e+00  2.356298e+02 
    0.000   14.714000  0.000000e+00  2.355895e+02 
    0.000   14.816999  0.000000e+00  2.355488e+02 
    0.000   14.919000  0.000000e+00  2.355088e+02 
    0.000   15.021999  0.000000e+00  2.354677e+02 
    0.000   15.125000  0.000000e+00  2.354262e+02 
    0.000   15.228000  0.000000e+00  2.353847e+02 
    0.000   15.330999  0.000000e+00  2.353439e+02 
    0.000   15.434000  0.000000e+00  2.353040e+02 
    0.000   15.537000  0.000000e+00  2.352650e+02 
    0.000   15.639999  0.000000e+00  2.352260e+02 
    0.000   15.743000  0.000000e+00  2.351842e+02 
    0.000   15.844999  0.000000e+00  2.351406e+02 
    0.000   15.948000  0.000000e+00  2.350956e+02 
    0.000   16.051001  0.000000e+00  2.350480e+02 
    0.000   16.153999  0.000000e+00  2.349978e+02 
    0.000   16.257000  0.000000e+00  2.349460e+02 
    0.000   16.360001  0.000000e+00  2.348936e+02 
    0.000   16.462999  0.000000e+00  2.348417e+02 
    0.000   16.566000  0.000000e+00  2.347901e+02 
    0.000   16.669001  0.000000e+00  2.347388e+02 
    0.000   16.771000  0.000000e+00  2.346904e+02 
    0.000   16.874001  0.000000e+00  2.346439e+02 
    0.000   16.976999  0.000000e+00  2.345989e+02 
    0.000   17.080000  0.000000e+00  2.345558e+02 
    0.000   17.183001  0.000000e+00  2.345153e+02 
    0.000   17.285999  0.000000e+00  2.344768e+02 
    0.000   17.389000  0.000000e+00  2.344396e+02 
    0.000   17.492001  0.000000e+00  2.344039e+02 
    0.000   17.594999  0.000000e+00  2.343693e+02 
    0.000   17.697001  0.000000e+00  2.343361e+02 
    0.000   17.799999  0.000000e+00  2.343031e+02 
    0.000   17.903000  0.000000e+00  2.342703e+02 
    0.000   18.006001  0.000000e+00  2.342377e+02 
    0.000   18.108999  0.000000e+00  2.342055e+02 
    0.000   18.212000  0.000000e+00  2.341735e+02 
    0.000   18.315001  0.000000e+00  2.341414e+02 
    0.000   18.417999  0.000000e+00  2.341096e+02 
    0.000   18.521000  0.000000e+00  2.340780e+02 
    0.000   18.622999  0.000000e+00  2.340473e+02 
    0.000   18.726000  0.000000e+00  2.340168e+02 
    0.000   18.829000  0.000000e+00  2.339867e+02 
    0.000   18.931999  0.000000e+00  2.339566e+02 
    0.000   19.035000  0.000000e+00  2.339261e+02 
    0.000   19.138000  0.000000e+00  2.338952e+02 
    0.000   19.240999  0.000000e+00  2.338643e+02 
    0.000   19.344000  0.000000e+00  2.338330e+02 
    0.000   19.447001  0.000000e+00  2.338011e+02 
    0.000   19.549999  0.000000e+00  2.337688e+02 
    0.000   19.652000  0.000000e+00  2.337367e+02 
    0.000   19.754999  0.000000e+00  2.337052e+02 
    0.000   19.858000  0.000000e+00  2.336746e+02 
    0.000   19.961000  0.000000e+00  2.336447e+02 
    0.000   20.063999  0.000000e+00  2.336153e+02 
    0.000   20.362999  0.000000e+00  2.335368e+02 
    0.000   20.858999  0.000000e+00  2.334203e+02 
    0.000   21.355000  0.000000e+00  2.333146e+02 
    0.000   21.851000  0.000000e+00  2.332200e+02 
    0.000   22.346001  0.000000e+00  2.331257e+02 
    0.000   22.841999  0.000000e+00  2.330323e+02 
    0.000   23.337999  0.000000e+00  2.329523e+02 
    0.000   23.834000  0.000000e+00  2.328908e+02 
    0.000   24.329000  0.000000e+00  2.328457e+02 
    0.000   24.824999  0.000000e+00  2.328120e+02 
    0.000   25.320999  0.000000e+00  2.327956e+02 
    0.000   25.816999  0.000000e+00  2.327916e+02 
    0.000   26.312000  0.000000e+00  2.327979e+02 
    0.000   26.808001  0.000000e+00  2.328138e+02 
    0.000   27.303999  0.000000e+00  2.328330e+02 
    0.000   27.799999  0.000000e+00  2.328527e+02 
    0.000   28.295000  0.000000e+00  2.328754e+02 
    0.000   28.791000  0.000000e+00  2.329050e+02 
    0.000   29.287001  0.000000e+00  2.329454e+02 
    0.000   29.782999  0.000000e+00  2.329946e+02 
    0.000   30.278000  0.000000e+00  2.330493e+02 
    0.000   30.774000  0.000000e+00  2.331032e+02 
    0.000   31.270000  0.000000e+00  2.331556e+02 
    0.000   31.765999  0.000000e+00  2.332070e+02 
    0.000   32.261002  0.000000e+00  2.332597e+02 
    0.000   32.757000  0.000000e+00  2.333147e+02 
    0.000   33.253002  0.000000e+00  2.333744e+02 
    0.000   33.749001  0.000000e+00  2.334383e+02 
    0.000   34.244003  0.000000e+00  2.335053e+02 
    0.000   34.740002  0.000000e+00  2.335703e+02 
    0.000   35.236000  0.000000e+00  2.336316e+02 
    0.000   35.732002  0.000000e+00  2.336884e+02 
    0.000   36.227001  0.000000e+00  2.337413e+02 
    0.000   36.723003  0.000000e+00  2.337903e+02 
    0.000   37.219002  0.000000e+00  2.338359e+02 
    0.000   37.715000  0.000000e+00  2.338800e+02 
    0.000   38.210003  0.000000e+00  2.339230e+02 
    0.000   38.706001  0.000000e+00  2.339665e+02 
    0.000   39.202003  0.000000e+00  2.340109e+02 
    0.000   39.698002  0.000000e+00  2.340578e+02 
    0.000   40.198002  0.000000e+00  2.341089e+02 
    0.000   45.198002  0.000000e+00  2.345600e+02 
    0.000   50.198002  0.000000e+00  2.347833e+02 
    0.000   55.198002  0.000000e+00  2.347829e+02 
    0.000   60.198002  0.000000e+00  2.347142e+02 
    0.000   65.197998  0.000000e+00  2.346619e+02 
