    0.000    0.000000  0.000000e+00  3.513166e+02 
    0.000    0.103000  0.000000e+00  3.506924e+02 
    0.000    0.206000  0.000000e+00  3.493484e+02 
    0.000    0.309000  0.000000e+00  3.477321e+02 
    0.000    0.412000  0.000000e+00  3.461778e+02 
    0.000    0.515000  0.000000e+00  3.445280e+02 
    0.000    0.618000  0.000000e+00  3.428141e+02 
    0.000    0.720000  0.000000e+00  3.399424e+02 
    0.000    0.823000  0.000000e+00  3.363768e+02 
    0.000    0.926000  0.000000e+00  3.325265e+02 
    0.000    1.029000  0.000000e+00  3.285424e+02 
    0.000    1.132000  0.000000e+00  3.245570e+02 
    0.000    1.235000  0.000000e+00  3.209403e+02 
    0.000    1.338000  0.000000e+00  3.176967e+02 
    0.000    1.441000  0.000000e+00  3.146936e+02 
    0.000    1.544000  0.000000e+00  3.118534e+02 
    0.000    1.646000  0.000000e+00  3.092132e+02 
    0.000    1.749000  0.000000e+00  3.066299e+02 
    0.000    1.852000  0.000000e+00  3.058473e+02 
    0.000    1.955000  0.000000e+00  3.048071e+02 
    0.000    2.058000  0.000000e+00  3.037022e+02 
    0.000    2.161000  0.000000e+00  3.025435e+02 
    0.000    2.264000  0.000000e+00  3.013177e+02 
    0.000    2.367000  0.000000e+00  2.999782e+02 
    0.000    2.470000  0.000000e+00  2.985723e+02 
    0.000    2.572000  0.000000e+00  2.881208e+02 
    0.000    2.675000  0.000000e+00  2.844591e+02 
    0.000    2.778000  0.000000e+00  2.814446e+02 
    0.000    2.881000  0.000000e+00  2.785239e+02 
    0.000    2.984000  0.000000e+00  2.755517e+02 
    0.000    3.087000  0.000000e+00  2.723421e+02 
    0.000    3.190000  0.000000e+00  2.715729e+02 
    0.000    3.293000  0.000000e+00  2.706411e+02 
    0.000    3.396000  0.000000e+00  2.696190e+02 
    0.000    3.498000  0.000000e+00  2.685575e+02 
    0.000    3.601000  0.000000e+00  2.674600e+02 
    0.000    3.704000  0.000000e+00  2.663511e+02 
    0.000    3.807000  0.000000e+00  2.652398e+02 
    0.000    3.910000  0.000000e+00  2.641053e+02 
    0.000    4.013000  0.000000e+00  2.629622e+02 
    0.000    4.116000  0.000000e+00  2.617482e+02 
    0.000    4.219000  0.000000e+00  2.604153e+02 
    0.000    4.322000  0.000000e+00  2.589268e+02 
    0.000    4.424000  0.000000e+00  2.573334e+02 
    0.000    4.527000  0.000000e+00  2.556156e+02 
    0.000    4.630000  0.000000e+00  2.537688e+02 
    0.000    4.733000  0.000000e+00  2.517861e+02 
    0.000    4.836000  0.000000e+00  2.497267e+02 
    0.000    4.939000  0.000000e+00  2.476555e+02 
    0.000    5.042000  0.000000e+00  2.456393e+02 
    0.000    5.145000  0.000000e+00  2.436704e+02 
    0.000    5.248000  0.000000e+00  2.417637e+02 
    0.000    5.351000  0.000000e+00  2.399415e+02 
    0.000    5.453000  0.000000e+00  2.381819e+02 
    0.000    5.556000  0.000000e+00  2.364845e+02 
    0.000    5.659000  0.000000e+00  2.348525e+02 
    0.000    5.762000  0.000000e+00  2.332761e+02 
    0.000    5.865000  0.000000e+00  2.317170e+02 
    0.000    5.968000  0.000000e+00  2.300286e+02 
    0.000    6.071000  0.000000e+00  2.281984e+02 
    0.000    6.174000  0.000000e+00  2.262740e+02 
    0.000    6.277000  0.000000e+00  2.246979e+02 
    0.000    6.379000  0.000000e+00  2.233898e+02 
    0.000    6.482000  0.000000e+00  2.223291e+02 
    0.000    6.585000  0.000000e+00  2.214306e+02 
    0.000    6.688000  0.000000e+00  2.205436e+02 
    0.000    6.791000  0.000000e+00  2.196929e+02 
    0.000    6.894000  0.000000e+00  2.188677e+02 
    0.000    6.997000  0.000000e+00  2.180845e+02 
    0.000    7.100000  0.000000e+00  2.173350e+02 
    0.000    7.203000  0.000000e+00  2.166709e+02 
    0.000    7.305000  0.000000e+00  2.161239e+02 
    0.000    7.408000  0.000000e+00  2.156203e+02 
    0.000    7.511000  0.000000e+00  2.152362e+02 
    0.000    7.614000  0.000000e+00  2.148963e+02 
    0.000    7.717000  0.000000e+00  2.145829e+02 
    0.000    7.820000  0.000000e+00  2.143171e+02 
    0.000    7.923000  0.000000e+00  2.140686e+02 
    0.000    8.026000  0.000000e+00  2.138289e+02 
    0.000    8.129001  0.000000e+00  2.136228e+02 
    0.000    8.231001  0.000000e+00  2.134122e+02 
    0.000    8.334001  0.000000e+00  2.132021e+02 
    0.000    8.437000  0.000000e+00  2.130066e+02 
    0.000    8.540000  0.000000e+00  2.127982e+02 
    0.000    8.643001  0.000000e+00  2.125805e+02 
    0.000    8.746000  0.000000e+00  2.123622e+02 
    0.000    8.849000  0.000000e+00  2.121340e+02 
    0.000    8.952001  0.000000e+00  2.120535e+02 
    0.000    9.055000  0.000000e+00  2.119677e+02 
    0.000    9.157001  0.000000e+00  2.118036e+02 
    0.000    9.260000  0.000000e+00  2.116410e+02 
    0.000    9.363001  0.000000e+00  2.115146e+02 
    0.000    9.466001  0.000000e+00  2.114390e+02 
    0.000    9.569000  0.000000e+00  2.113741e+02 
    0.000    9.672001  0.000000e+00  2.113166e+02 
    0.000    9.775001  0.000000e+00  2.112669e+02 
    0.000    9.878000  0.000000e+00  2.112321e+02 
    0.000    9.981001  0.000000e+00  2.112082e+02 
    0.000   10.083000  0.000000e+00  2.111906e+02 
    0.000   10.186001  0.000000e+00  2.111761e+02 
    0.000   10.289001  0.000000e+00  2.111647e+02 
    0.000   10.392000  0.000000e+00  2.111519e+02 
    0.000   10.495001  0.000000e+00  2.111297e+02 
    0.000   10.598001  0.000000e+00  2.111016e+02 
    0.000   10.701000  0.000000e+00  2.110703e+02 
    0.000   10.804001  0.000000e+00  2.110349e+02 
    0.000   10.907001  0.000000e+00  2.109971e+02 
    0.000   11.010000  0.000000e+00  2.109563e+02 
    0.000   11.112000  0.000000e+00  2.109096e+02 
    0.000   11.215000  0.000000e+00  2.108580e+02 
    0.000   11.318001  0.000000e+00  2.108032e+02 
    0.000   11.421000  0.000000e+00  2.107424e+02 
    0.000   11.524000  0.000000e+00  2.106773e+02 
    0.000   11.627001  0.000000e+00  2.106105e+02 
    0.000   11.730000  0.000000e+00  2.105467e+02 
    0.000   11.833000  0.000000e+00  2.104852e+02 
    0.000   11.936001  0.000000e+00  2.104248e+02 
    0.000   12.038000  0.000000e+00  2.103674e+02 
    0.000   12.141001  0.000000e+00  2.103115e+02 
    0.000   12.244000  0.000000e+00  2.102568e+02 
    0.000   12.347000  0.000000e+00  2.102010e+02 
    0.000   12.450001  0.000000e+00  2.101441e+02 
    0.000   12.553000  0.000000e+00  2.100869e+02 
    0.000   12.656000  0.000000e+00  2.100283e+02 
    0.000   12.759001  0.000000e+00  2.099683e+02 
    0.000   12.862000  0.000000e+00  2.099075e+02 
    0.000   12.964001  0.000000e+00  2.098470e+02 
    0.000   13.067000  0.000000e+00  2.097861e+02 
    0.000   13.170000  0.000000e+00  2.097254e+02 
    0.000   13.273001  0.000000e+00  2.096658e+02 
    0.000   13.376000  0.000000e+00  2.096091e+02 
    0.000   13.479000  0.000000e+00  2.095545e+02 
    0.000   13.582001  0.000000e+00  2.095016e+02 
    0.000   13.685000  0.000000e+00  2.094527e+02 
    0.000   13.788000  0.000000e+00  2.094067e+02 
    0.000   13.890000  0.000000e+00  2.093632e+02 
    0.000   13.993000  0.000000e+00  2.093237e+02 
    0.000   14.096001  0.000000e+00  2.092881e+02 
    0.000   14.199000  0.000000e+00  2.092553e+02 
    0.000   14.302000  0.000000e+00  2.092250e+02 
    0.000   14.405001  0.000000e+00  2.091967e+02 
    0.000   14.508000  0.000000e+00  2.091703e+02 
    0.000   14.611000  0.000000e+00  2.091442e+02 
    0.000   14.714001  0.000000e+00  2.091161e+02 
    0.000   14.816000  0.000000e+00  2.090869e+02 
    0.000   14.919001  0.000000e+00  2.090570e+02 
    0.000   15.022000  0.000000e+00  2.090255e+02 
    0.000   15.125000  0.000000e+00  2.089928e+02 
    0.000   15.228001  0.000000e+00  2.089595e+02 
    0.000   15.331000  0.000000e+00  2.089259e+02 
    0.000   15.434000  0.000000e+00  2.088922e+02 
    0.000   15.537001  0.000000e+00  2.088584e+02 
    0.000   15.640000  0.000000e+00  2.088239e+02 
    0.000   15.743000  0.000000e+00  2.087863e+02 
    0.000   15.845000  0.000000e+00  2.087465e+02 
    0.000   15.948001  0.000000e+00  2.087050e+02 
    0.000   16.050999  0.000000e+00  2.086624e+02 
    0.000   16.153999  0.000000e+00  2.086188e+02 
    0.000   16.257000  0.000000e+00  2.085746e+02 
    0.000   16.359999  0.000000e+00  2.085305e+02 
    0.000   16.462999  0.000000e+00  2.084874e+02 
    0.000   16.566000  0.000000e+00  2.084451e+02 
    0.000   16.668999  0.000000e+00  2.084033e+02 
    0.000   16.771000  0.000000e+00  2.083645e+02 
    0.000   16.873999  0.000000e+00  2.083276e+02 
    0.000   16.976999  0.000000e+00  2.082922e+02 
    0.000   17.080000  0.000000e+00  2.082585e+02 
    0.000   17.182999  0.000000e+00  2.082269e+02 
    0.000   17.285999  0.000000e+00  2.081970e+02 
    0.000   17.389000  0.000000e+00  2.081682e+02 
    0.000   17.491999  0.000000e+00  2.081398e+02 
    0.000   17.594999  0.000000e+00  2.081115e+02 
    0.000   17.696999  0.000000e+00  2.080840e+02 
    0.000   17.799999  0.000000e+00  2.080564e+02 
    0.000   17.903000  0.000000e+00  2.080289e+02 
    0.000   18.005999  0.000000e+00  2.080016e+02 
    0.000   18.108999  0.000000e+00  2.079745e+02 
    0.000   18.212000  0.000000e+00  2.079476e+02 
    0.000   18.314999  0.000000e+00  2.079210e+02 
    0.000   18.417999  0.000000e+00  2.078947e+02 
    0.000   18.521000  0.000000e+00  2.078685e+02 
    0.000   18.622999  0.000000e+00  2.078427e+02 
    0.000   18.726000  0.000000e+00  2.078168e+02 
    0.000   18.828999  0.000000e+00  2.077910e+02 
    0.000   18.931999  0.000000e+00  2.077651e+02 
    0.000   19.035000  0.000000e+00  2.077385e+02 
    0.000   19.137999  0.000000e+00  2.077116e+02 
    0.000   19.240999  0.000000e+00  2.076844e+02 
    0.000   19.344000  0.000000e+00  2.076573e+02 
    0.000   19.446999  0.000000e+00  2.076304e+02 
    0.000   19.549000  0.000000e+00  2.076039e+02 
    0.000   19.652000  0.000000e+00  2.075772e+02 
    0.000   19.754999  0.000000e+00  2.075519e+02 
    0.000   19.858000  0.000000e+00  2.075278e+02 
    0.000   19.960999  0.000000e+00  2.075047e+02 
    0.000   20.063999  0.000000e+00  2.074822e+02 
    0.000   20.362999  0.000000e+00  2.074214e+02 
    0.000   20.858999  0.000000e+00  2.073260e+02 
    0.000   21.355000  0.000000e+00  2.072395e+02 
    0.000   21.851000  0.000000e+00  2.071608e+02 
    0.000   22.345999  0.000000e+00  2.070813e+02 
    0.000   22.841999  0.000000e+00  2.070047e+02 
    0.000   23.337999  0.000000e+00  2.069403e+02 
    0.000   23.834000  0.000000e+00  2.068899e+02 
    0.000   24.328999  0.000000e+00  2.068515e+02 
    0.000   24.824999  0.000000e+00  2.068290e+02 
    0.000   25.320999  0.000000e+00  2.068212e+02 
    0.000   25.816999  0.000000e+00  2.068216e+02 
    0.000   26.312000  0.000000e+00  2.068357e+02 
    0.000   26.807999  0.000000e+00  2.068587e+02 
    0.000   27.303999  0.000000e+00  2.068835e+02 
    0.000   27.799999  0.000000e+00  2.069075e+02 
    0.000   28.295000  0.000000e+00  2.069323e+02 
    0.000   28.791000  0.000000e+00  2.069634e+02 
    0.000   29.286999  0.000000e+00  2.070073e+02 
    0.000   29.782999  0.000000e+00  2.070612e+02 
    0.000   30.278000  0.000000e+00  2.071205e+02 
    0.000   30.774000  0.000000e+00  2.071767e+02 
    0.000   31.269999  0.000000e+00  2.072297e+02 
    0.000   31.765999  0.000000e+00  2.072804e+02 
    0.000   32.260998  0.000000e+00  2.073332e+02 
    0.000   32.757000  0.000000e+00  2.073898e+02 
    0.000   33.252998  0.000000e+00  2.074524e+02 
    0.000   33.749001  0.000000e+00  2.075195e+02 
    0.000   34.243999  0.000000e+00  2.075891e+02 
    0.000   34.739998  0.000000e+00  2.076562e+02 
    0.000   35.236000  0.000000e+00  2.077192e+02 
    0.000   35.731998  0.000000e+00  2.077762e+02 
    0.000   36.227001  0.000000e+00  2.078282e+02 
    0.000   36.723000  0.000000e+00  2.078764e+02 
    0.000   37.218998  0.000000e+00  2.079216e+02 
    0.000   37.715000  0.000000e+00  2.079664e+02 
    0.000   38.209999  0.000000e+00  2.080110e+02 
    0.000   38.706001  0.000000e+00  2.080564e+02 
    0.000   39.202000  0.000000e+00  2.081026e+02 
    0.000   39.697998  0.000000e+00  2.081510e+02 
    0.000   40.197998  0.000000e+00  2.082026e+02 
    0.000   45.197998  0.000000e+00  2.086554e+02 
    0.000   50.197998  0.000000e+00  2.088775e+02 
    0.000   55.197998  0.000000e+00  2.088792e+02 
    0.000   60.197998  0.000000e+00  2.088102e+02 
    0.000   65.198006  0.000000e+00  2.087579e+02 
