    0.000    0.000000  0.000000e+00  3.492945e+02 
    0.000    0.103000  0.000000e+00  3.483825e+02 
    0.000    0.205000  0.000000e+00  3.471233e+02 
    0.000    0.308000  0.000000e+00  3.457813e+02 
    0.000    0.411000  0.000000e+00  3.442453e+02 
    0.000    0.514000  0.000000e+00  3.426898e+02 
    0.000    0.617000  0.000000e+00  3.410984e+02 
    0.000    0.720000  0.000000e+00  3.394869e+02 
    0.000    0.823000  0.000000e+00  3.378988e+02 
    0.000    0.926000  0.000000e+00  3.362740e+02 
    0.000    1.029000  0.000000e+00  3.346847e+02 
    0.000    1.131000  0.000000e+00  3.331094e+02 
    0.000    1.234000  0.000000e+00  3.316260e+02 
    0.000    1.337000  0.000000e+00  3.301755e+02 
    0.000    1.440000  0.000000e+00  3.286323e+02 
    0.000    1.543000  0.000000e+00  3.269349e+02 
    0.000    1.646000  0.000000e+00  3.251615e+02 
    0.000    1.749000  0.000000e+00  3.236694e+02 
    0.000    1.852000  0.000000e+00  3.221607e+02 
    0.000    1.955000  0.000000e+00  3.209000e+02 
    0.000    2.058000  0.000000e+00  3.186252e+02 
    0.000    2.160000  0.000000e+00  3.164623e+02 
    0.000    2.263000  0.000000e+00  3.150038e+02 
    0.000    2.366000  0.000000e+00  3.136015e+02 
    0.000    2.469000  0.000000e+00  3.122444e+02 
    0.000    2.572000  0.000000e+00  3.109267e+02 
    0.000    2.675000  0.000000e+00  3.095946e+02 
    0.000    2.778000  0.000000e+00  3.082211e+02 
    0.000    2.881000  0.000000e+00  3.068485e+02 
    0.000    2.984000  0.000000e+00  3.055033e+02 
    0.000    3.086000  0.000000e+00  3.041812e+02 
    0.000    3.189000  0.000000e+00  3.028339e+02 
    0.000    3.292000  0.000000e+00  3.014893e+02 
    0.000    3.395000  0.000000e+00  3.001495e+02 
    0.000    3.498000  0.000000e+00  2.988185e+02 
    0.000    3.601000  0.000000e+00  2.975051e+02 
    0.000    3.704000  0.000000e+00  2.962124e+02 
    0.000    3.807000  0.000000e+00  2.949353e+02 
    0.000    3.910000  0.000000e+00  2.936463e+02 
    0.000    4.012000  0.000000e+00  2.923638e+02 
    0.000    4.115000  0.000000e+00  2.910792e+02 
    0.000    4.218000  0.000000e+00  2.898069e+02 
    0.000    4.321000  0.000000e+00  2.885499e+02 
    0.000    4.424000  0.000000e+00  2.873093e+02 
    0.000    4.527000  0.000000e+00  2.860893e+02 
    0.000    4.630000  0.000000e+00  2.848853e+02 
    0.000    4.733000  0.000000e+00  2.836797e+02 
    0.000    4.836000  0.000000e+00  2.824864e+02 
    0.000    4.938000  0.000000e+00  2.813105e+02 
    0.000    5.041000  0.000000e+00  2.801333e+02 
    0.000    5.144000  0.000000e+00  2.789738e+02 
    0.000    5.247000  0.000000e+00  2.778295e+02 
    0.000    5.350000  0.000000e+00  2.767035e+02 
    0.000    5.453000  0.000000e+00  2.755972e+02 
    0.000    5.556000  0.000000e+00  2.745029e+02 
    0.000    5.659000  0.000000e+00  2.734257e+02 
    0.000    5.762000  0.000000e+00  2.723700e+02 
    0.000    5.864000  0.000000e+00  2.713454e+02 
    0.000    5.967000  0.000000e+00  2.703363e+02 
    0.000    6.070000  0.000000e+00  2.693551e+02 
    0.000    6.173000  0.000000e+00  2.684009e+02 
    0.000    6.276000  0.000000e+00  2.674721e+02 
    0.000    6.379000  0.000000e+00  2.665624e+02 
    0.000    6.482000  0.000000e+00  2.656719e+02 
    0.000    6.585000  0.000000e+00  2.648037e+02 
    0.000    6.688000  0.000000e+00  2.637590e+02 
    0.000    6.790000  0.000000e+00  2.626707e+02 
    0.000    6.893000  0.000000e+00  2.619227e+02 
    0.000    6.996000  0.000000e+00  2.612572e+02 
    0.000    7.099000  0.000000e+00  2.606487e+02 
    0.000    7.202000  0.000000e+00  2.601531e+02 
    0.000    7.305000  0.000000e+00  2.597601e+02 
    0.000    7.408000  0.000000e+00  2.594326e+02 
    0.000    7.511000  0.000000e+00  2.592240e+02 
    0.000    7.614000  0.000000e+00  2.590955e+02 
    0.000    7.716000  0.000000e+00  2.590089e+02 
    0.000    7.819000  0.000000e+00  2.589427e+02 
    0.000    7.921999  0.000000e+00  2.588935e+02 
    0.000    8.025001  0.000000e+00  2.582597e+02 
    0.000    8.128000  0.000000e+00  2.580427e+02 
    0.000    8.231000  0.000000e+00  2.577441e+02 
    0.000    8.334001  0.000000e+00  2.534720e+02 
    0.000    8.437000  0.000000e+00  2.528070e+02 
    0.000    8.540000  0.000000e+00  2.525497e+02 
    0.000    8.643001  0.000000e+00  2.522119e+02 
    0.000    8.745000  0.000000e+00  2.516634e+02 
    0.000    8.848001  0.000000e+00  2.515068e+02 
    0.000    8.951000  0.000000e+00  2.513543e+02 
    0.000    9.054000  0.000000e+00  2.512043e+02 
    0.000    9.157001  0.000000e+00  2.510576e+02 
    0.000    9.260000  0.000000e+00  2.509330e+02 
    0.000    9.363000  0.000000e+00  2.508242e+02 
    0.000    9.466001  0.000000e+00  2.507253e+02 
    0.000    9.569000  0.000000e+00  2.506372e+02 
    0.000    9.671000  0.000000e+00  2.505585e+02 
    0.000    9.774000  0.000000e+00  2.504863e+02 
    0.000    9.877000  0.000000e+00  2.504228e+02 
    0.000    9.980000  0.000000e+00  2.503661e+02 
    0.000   10.083000  0.000000e+00  2.503102e+02 
    0.000   10.186000  0.000000e+00  2.502467e+02 
    0.000   10.289001  0.000000e+00  2.501790e+02 
    0.000   10.392000  0.000000e+00  2.501136e+02 
    0.000   10.495000  0.000000e+00  2.500571e+02 
    0.000   10.597000  0.000000e+00  2.500081e+02 
    0.000   10.700001  0.000000e+00  2.499590e+02 
    0.000   10.803000  0.000000e+00  2.499012e+02 
    0.000   10.906000  0.000000e+00  2.498379e+02 
    0.000   11.009000  0.000000e+00  2.497703e+02 
    0.000   11.112000  0.000000e+00  2.496930e+02 
    0.000   11.215000  0.000000e+00  2.496092e+02 
    0.000   11.318000  0.000000e+00  2.495219e+02 
    0.000   11.421000  0.000000e+00  2.494307e+02 
    0.000   11.523001  0.000000e+00  2.493377e+02 
    0.000   11.626000  0.000000e+00  2.492424e+02 
    0.000   11.729000  0.000000e+00  2.491453e+02 
    0.000   11.832001  0.000000e+00  2.490472e+02 
    0.000   11.935000  0.000000e+00  2.489487e+02 
    0.000   12.038000  0.000000e+00  2.488505e+02 
    0.000   12.141001  0.000000e+00  2.487527e+02 
    0.000   12.244000  0.000000e+00  2.486554e+02 
    0.000   12.347000  0.000000e+00  2.485630e+02 
    0.000   12.449000  0.000000e+00  2.484762e+02 
    0.000   12.552000  0.000000e+00  2.483916e+02 
    0.000   12.655001  0.000000e+00  2.483110e+02 
    0.000   12.758000  0.000000e+00  2.482343e+02 
    0.000   12.861000  0.000000e+00  2.481605e+02 
    0.000   12.964001  0.000000e+00  2.480895e+02 
    0.000   13.067000  0.000000e+00  2.480215e+02 
    0.000   13.170000  0.000000e+00  2.479558e+02 
    0.000   13.273001  0.000000e+00  2.478918e+02 
    0.000   13.375000  0.000000e+00  2.478293e+02 
    0.000   13.478001  0.000000e+00  2.477672e+02 
    0.000   13.581000  0.000000e+00  2.477060e+02 
    0.000   13.684000  0.000000e+00  2.476447e+02 
    0.000   13.787001  0.000000e+00  2.475834e+02 
    0.000   13.890000  0.000000e+00  2.475226e+02 
    0.000   13.993000  0.000000e+00  2.474635e+02 
    0.000   14.096001  0.000000e+00  2.474061e+02 
    0.000   14.199000  0.000000e+00  2.473499e+02 
    0.000   14.302000  0.000000e+00  2.472956e+02 
    0.000   14.404000  0.000000e+00  2.472442e+02 
    0.000   14.507000  0.000000e+00  2.471942e+02 
    0.000   14.610001  0.000000e+00  2.471451e+02 
    0.000   14.713000  0.000000e+00  2.470956e+02 
    0.000   14.816000  0.000000e+00  2.470460e+02 
    0.000   14.919001  0.000000e+00  2.469967e+02 
    0.000   15.022000  0.000000e+00  2.469475e+02 
    0.000   15.125000  0.000000e+00  2.468984e+02 
    0.000   15.228001  0.000000e+00  2.468497e+02 
    0.000   15.330000  0.000000e+00  2.468007e+02 
    0.000   15.433001  0.000000e+00  2.467499e+02 
    0.000   15.536000  0.000000e+00  2.466984e+02 
    0.000   15.639000  0.000000e+00  2.466470e+02 
    0.000   15.742001  0.000000e+00  2.465981e+02 
    0.000   15.845000  0.000000e+00  2.465510e+02 
    0.000   15.948000  0.000000e+00  2.465053e+02 
    0.000   16.051001  0.000000e+00  2.464618e+02 
    0.000   16.154001  0.000000e+00  2.464205e+02 
    0.000   16.256001  0.000000e+00  2.463811e+02 
    0.000   16.359001  0.000000e+00  2.463412e+02 
    0.000   16.462000  0.000000e+00  2.462986e+02 
    0.000   16.565001  0.000000e+00  2.462541e+02 
    0.000   16.668001  0.000000e+00  2.462087e+02 
    0.000   16.771000  0.000000e+00  2.461630e+02 
    0.000   16.874001  0.000000e+00  2.461170e+02 
    0.000   16.977001  0.000000e+00  2.460709e+02 
    0.000   17.080000  0.000000e+00  2.460249e+02 
    0.000   17.182001  0.000000e+00  2.459795e+02 
    0.000   17.285000  0.000000e+00  2.459338e+02 
    0.000   17.388000  0.000000e+00  2.458883e+02 
    0.000   17.491001  0.000000e+00  2.458432e+02 
    0.000   17.594000  0.000000e+00  2.457985e+02 
    0.000   17.697001  0.000000e+00  2.457540e+02 
    0.000   17.800001  0.000000e+00  2.457103e+02 
    0.000   17.903000  0.000000e+00  2.456680e+02 
    0.000   18.006001  0.000000e+00  2.456268e+02 
    0.000   18.108000  0.000000e+00  2.455868e+02 
    0.000   18.211000  0.000000e+00  2.455481e+02 
    0.000   18.314001  0.000000e+00  2.455111e+02 
    0.000   18.417000  0.000000e+00  2.454753e+02 
    0.000   18.520000  0.000000e+00  2.454407e+02 
    0.000   18.623001  0.000000e+00  2.454068e+02 
    0.000   18.726000  0.000000e+00  2.453737e+02 
    0.000   18.829000  0.000000e+00  2.453413e+02 
    0.000   18.932001  0.000000e+00  2.453096e+02 
    0.000   19.035000  0.000000e+00  2.452788e+02 
    0.000   19.137001  0.000000e+00  2.452491e+02 
    0.000   19.240000  0.000000e+00  2.452197e+02 
    0.000   19.343000  0.000000e+00  2.451901e+02 
    0.000   19.446001  0.000000e+00  2.451598e+02 
    0.000   19.549000  0.000000e+00  2.451293e+02 
    0.000   19.652000  0.000000e+00  2.450987e+02 
    0.000   19.755001  0.000000e+00  2.450675e+02 
    0.000   19.858000  0.000000e+00  2.450354e+02 
    0.000   19.961000  0.000000e+00  2.450031e+02 
    0.000   20.063000  0.000000e+00  2.449707e+02 
    0.000   20.363001  0.000000e+00  2.448762e+02 
    0.000   20.858000  0.000000e+00  2.447310e+02 
    0.000   21.354000  0.000000e+00  2.446111e+02 
    0.000   21.850000  0.000000e+00  2.445112e+02 
    0.000   22.346001  0.000000e+00  2.444160e+02 
    0.000   22.841000  0.000000e+00  2.443196e+02 
    0.000   23.337000  0.000000e+00  2.442256e+02 
    0.000   23.833000  0.000000e+00  2.441463e+02 
    0.000   24.329000  0.000000e+00  2.440938e+02 
    0.000   24.825001  0.000000e+00  2.440682e+02 
    0.000   25.320000  0.000000e+00  2.440606e+02 
    0.000   25.816000  0.000000e+00  2.440506e+02 
    0.000   26.312000  0.000000e+00  2.440431e+02 
    0.000   26.808001  0.000000e+00  2.440453e+02 
    0.000   27.302999  0.000000e+00  2.440549e+02 
    0.000   27.799000  0.000000e+00  2.440728e+02 
    0.000   28.295000  0.000000e+00  2.441019e+02 
    0.000   28.791000  0.000000e+00  2.441367e+02 
    0.000   29.286001  0.000000e+00  2.441753e+02 
    0.000   29.782000  0.000000e+00  2.442193e+02 
    0.000   30.278000  0.000000e+00  2.442696e+02 
    0.000   30.774000  0.000000e+00  2.443237e+02 
    0.000   31.269001  0.000000e+00  2.443795e+02 
    0.000   31.764999  0.000000e+00  2.444361e+02 
    0.000   32.260998  0.000000e+00  2.444936e+02 
    0.000   32.757000  0.000000e+00  2.445511e+02 
    0.000   33.251999  0.000000e+00  2.446068e+02 
    0.000   33.747997  0.000000e+00  2.446623e+02 
    0.000   34.243999  0.000000e+00  2.447183e+02 
    0.000   34.739998  0.000000e+00  2.447774e+02 
    0.000   35.234997  0.000000e+00  2.448392e+02 
    0.000   35.730999  0.000000e+00  2.448995e+02 
    0.000   36.226997  0.000000e+00  2.449576e+02 
    0.000   36.723000  0.000000e+00  2.450100e+02 
    0.000   37.217999  0.000000e+00  2.450574e+02 
    0.000   37.713997  0.000000e+00  2.451014e+02 
    0.000   38.209999  0.000000e+00  2.451427e+02 
    0.000   38.705997  0.000000e+00  2.451843e+02 
    0.000   39.201000  0.000000e+00  2.452270e+02 
    0.000   39.696999  0.000000e+00  2.452728e+02 
    0.000   40.196999  0.000000e+00  2.453231e+02 
    0.000   45.196999  0.000000e+00  2.457716e+02 
    0.000   50.196999  0.000000e+00  2.459971e+02 
    0.000   55.196999  0.000000e+00  2.459905e+02 
    0.000   60.196999  0.000000e+00  2.459234e+02 
    0.000   65.196999  0.000000e+00  2.458710e+02 
