    0.000    0.000000  0.000000e+00  3.510539e+02 
    0.000    0.103000  0.000000e+00  3.504182e+02 
    0.000    0.205000  0.000000e+00  3.490668e+02 
    0.000    0.308000  0.000000e+00  3.474682e+02 
    0.000    0.411000  0.000000e+00  3.459176e+02 
    0.000    0.514000  0.000000e+00  3.443199e+02 
    0.000    0.617000  0.000000e+00  3.426836e+02 
    0.000    0.720000  0.000000e+00  3.410498e+02 
    0.000    0.823000  0.000000e+00  3.394071e+02 
    0.000    0.926000  0.000000e+00  3.377242e+02 
    0.000    1.029000  0.000000e+00  3.359648e+02 
    0.000    1.132000  0.000000e+00  3.341535e+02 
    0.000    1.234000  0.000000e+00  3.324240e+02 
    0.000    1.337000  0.000000e+00  3.307546e+02 
    0.000    1.440000  0.000000e+00  3.291145e+02 
    0.000    1.543000  0.000000e+00  3.274771e+02 
    0.000    1.646000  0.000000e+00  3.258221e+02 
    0.000    1.749000  0.000000e+00  3.241436e+02 
    0.000    1.852000  0.000000e+00  3.227722e+02 
    0.000    1.955000  0.000000e+00  3.214552e+02 
    0.000    2.058000  0.000000e+00  3.201615e+02 
    0.000    2.160000  0.000000e+00  3.188488e+02 
    0.000    2.263000  0.000000e+00  3.174936e+02 
    0.000    2.366000  0.000000e+00  3.160708e+02 
    0.000    2.469000  0.000000e+00  3.145944e+02 
    0.000    2.572000  0.000000e+00  3.130707e+02 
    0.000    2.675000  0.000000e+00  3.115025e+02 
    0.000    2.778000  0.000000e+00  3.098891e+02 
    0.000    2.881000  0.000000e+00  3.083654e+02 
    0.000    2.984000  0.000000e+00  2.790573e+02 
    0.000    3.086000  0.000000e+00  2.733432e+02 
    0.000    3.189000  0.000000e+00  2.698464e+02 
    0.000    3.292000  0.000000e+00  2.664699e+02 
    0.000    3.395000  0.000000e+00  2.628949e+02 
    0.000    3.498000  0.000000e+00  2.622222e+02 
    0.000    3.601000  0.000000e+00  2.613862e+02 
    0.000    3.704000  0.000000e+00  2.604559e+02 
    0.000    3.807000  0.000000e+00  2.594724e+02 
    0.000    3.910000  0.000000e+00  2.584538e+02 
    0.000    4.012000  0.000000e+00  2.574177e+02 
    0.000    4.115000  0.000000e+00  2.563512e+02 
    0.000    4.218000  0.000000e+00  2.552643e+02 
    0.000    4.321000  0.000000e+00  2.541659e+02 
    0.000    4.424000  0.000000e+00  2.530537e+02 
    0.000    4.527000  0.000000e+00  2.519371e+02 
    0.000    4.630000  0.000000e+00  2.508558e+02 
    0.000    4.733000  0.000000e+00  2.497619e+02 
    0.000    4.836000  0.000000e+00  2.486796e+02 
    0.000    4.938000  0.000000e+00  2.475986e+02 
    0.000    5.041000  0.000000e+00  2.465023e+02 
    0.000    5.144000  0.000000e+00  2.454047e+02 
    0.000    5.247000  0.000000e+00  2.443007e+02 
    0.000    5.350000  0.000000e+00  2.431903e+02 
    0.000    5.453000  0.000000e+00  2.421000e+02 
    0.000    5.556000  0.000000e+00  2.410386e+02 
    0.000    5.659000  0.000000e+00  2.400127e+02 
    0.000    5.762000  0.000000e+00  2.389799e+02 
    0.000    5.864000  0.000000e+00  2.379685e+02 
    0.000    5.967000  0.000000e+00  2.369658e+02 
    0.000    6.070000  0.000000e+00  2.359556e+02 
    0.000    6.173000  0.000000e+00  2.349520e+02 
    0.000    6.276000  0.000000e+00  2.339734e+02 
    0.000    6.379000  0.000000e+00  2.330020e+02 
    0.000    6.482000  0.000000e+00  2.320333e+02 
    0.000    6.585000  0.000000e+00  2.310891e+02 
    0.000    6.688000  0.000000e+00  2.301736e+02 
    0.000    6.790000  0.000000e+00  2.292809e+02 
    0.000    6.893000  0.000000e+00  2.284232e+02 
    0.000    6.996000  0.000000e+00  2.276161e+02 
    0.000    7.099000  0.000000e+00  2.267977e+02 
    0.000    7.202000  0.000000e+00  2.261502e+02 
    0.000    7.305000  0.000000e+00  2.256208e+02 
    0.000    7.408000  0.000000e+00  2.251720e+02 
    0.000    7.511000  0.000000e+00  2.248468e+02 
    0.000    7.614000  0.000000e+00  2.246143e+02 
    0.000    7.717000  0.000000e+00  2.244399e+02 
    0.000    7.819000  0.000000e+00  2.243002e+02 
    0.000    7.922000  0.000000e+00  2.241837e+02 
    0.000    8.025001  0.000000e+00  2.240797e+02 
    0.000    8.128000  0.000000e+00  2.239878e+02 
    0.000    8.231000  0.000000e+00  2.239025e+02 
    0.000    8.334001  0.000000e+00  2.238092e+02 
    0.000    8.437000  0.000000e+00  2.236926e+02 
    0.000    8.540000  0.000000e+00  2.235726e+02 
    0.000    8.643001  0.000000e+00  2.233768e+02 
    0.000    8.745000  0.000000e+00  2.232202e+02 
    0.000    8.848001  0.000000e+00  2.229481e+02 
    0.000    8.951000  0.000000e+00  2.227694e+02 
    0.000    9.054000  0.000000e+00  2.225926e+02 
    0.000    9.157001  0.000000e+00  2.224132e+02 
    0.000    9.260000  0.000000e+00  2.222808e+02 
    0.000    9.363000  0.000000e+00  2.221438e+02 
    0.000    9.466001  0.000000e+00  2.220079e+02 
    0.000    9.569000  0.000000e+00  2.218818e+02 
    0.000    9.671000  0.000000e+00  2.217647e+02 
    0.000    9.774000  0.000000e+00  2.216547e+02 
    0.000    9.877000  0.000000e+00  2.215602e+02 
    0.000    9.980000  0.000000e+00  2.214790e+02 
    0.000   10.083000  0.000000e+00  2.214052e+02 
    0.000   10.186000  0.000000e+00  2.213350e+02 
    0.000   10.289001  0.000000e+00  2.212693e+02 
    0.000   10.392000  0.000000e+00  2.212442e+02 
    0.000   10.495000  0.000000e+00  2.212093e+02 
    0.000   10.597000  0.000000e+00  2.211683e+02 
    0.000   10.700000  0.000000e+00  2.211262e+02 
    0.000   10.803000  0.000000e+00  2.210813e+02 
    0.000   10.906000  0.000000e+00  2.210350e+02 
    0.000   11.009000  0.000000e+00  2.209863e+02 
    0.000   11.112000  0.000000e+00  2.209303e+02 
    0.000   11.215000  0.000000e+00  2.208690e+02 
    0.000   11.318000  0.000000e+00  2.208047e+02 
    0.000   11.421000  0.000000e+00  2.207354e+02 
    0.000   11.523000  0.000000e+00  2.206632e+02 
    0.000   11.626000  0.000000e+00  2.205887e+02 
    0.000   11.729000  0.000000e+00  2.205175e+02 
    0.000   11.832000  0.000000e+00  2.204489e+02 
    0.000   11.935000  0.000000e+00  2.203817e+02 
    0.000   12.038000  0.000000e+00  2.203164e+02 
    0.000   12.141000  0.000000e+00  2.202526e+02 
    0.000   12.244000  0.000000e+00  2.201899e+02 
    0.000   12.347000  0.000000e+00  2.201265e+02 
    0.000   12.449000  0.000000e+00  2.200629e+02 
    0.000   12.552000  0.000000e+00  2.199984e+02 
    0.000   12.655000  0.000000e+00  2.199331e+02 
    0.000   12.758000  0.000000e+00  2.198668e+02 
    0.000   12.861000  0.000000e+00  2.197999e+02 
    0.000   12.964000  0.000000e+00  2.197335e+02 
    0.000   13.067000  0.000000e+00  2.196683e+02 
    0.000   13.170000  0.000000e+00  2.196040e+02 
    0.000   13.273000  0.000000e+00  2.195411e+02 
    0.000   13.376000  0.000000e+00  2.194809e+02 
    0.000   13.478000  0.000000e+00  2.194233e+02 
    0.000   13.581000  0.000000e+00  2.193667e+02 
    0.000   13.684000  0.000000e+00  2.193136e+02 
    0.000   13.787000  0.000000e+00  2.192632e+02 
    0.000   13.890000  0.000000e+00  2.192146e+02 
    0.000   13.993000  0.000000e+00  2.191698e+02 
    0.000   14.096000  0.000000e+00  2.191286e+02 
    0.000   14.199000  0.000000e+00  2.190898e+02 
    0.000   14.302000  0.000000e+00  2.190535e+02 
    0.000   14.404000  0.000000e+00  2.190200e+02 
    0.000   14.507000  0.000000e+00  2.189881e+02 
    0.000   14.610001  0.000000e+00  2.189570e+02 
    0.000   14.713000  0.000000e+00  2.189245e+02 
    0.000   14.816000  0.000000e+00  2.188911e+02 
    0.000   14.919000  0.000000e+00  2.188575e+02 
    0.000   15.022000  0.000000e+00  2.188229e+02 
    0.000   15.125000  0.000000e+00  2.187875e+02 
    0.000   15.228000  0.000000e+00  2.187518e+02 
    0.000   15.330000  0.000000e+00  2.187164e+02 
    0.000   15.433001  0.000000e+00  2.186809e+02 
    0.000   15.536000  0.000000e+00  2.186456e+02 
    0.000   15.639000  0.000000e+00  2.186100e+02 
    0.000   15.742001  0.000000e+00  2.185709e+02 
    0.000   15.845000  0.000000e+00  2.185292e+02 
    0.000   15.948001  0.000000e+00  2.184861e+02 
    0.000   16.050999  0.000000e+00  2.184413e+02 
    0.000   16.153999  0.000000e+00  2.183949e+02 
    0.000   16.255999  0.000000e+00  2.183478e+02 
    0.000   16.358999  0.000000e+00  2.183003e+02 
    0.000   16.462000  0.000000e+00  2.182539e+02 
    0.000   16.564999  0.000000e+00  2.182085e+02 
    0.000   16.667999  0.000000e+00  2.181637e+02 
    0.000   16.771000  0.000000e+00  2.181214e+02 
    0.000   16.873999  0.000000e+00  2.180817e+02 
    0.000   16.976999  0.000000e+00  2.180436e+02 
    0.000   17.080000  0.000000e+00  2.180073e+02 
    0.000   17.181999  0.000000e+00  2.179737e+02 
    0.000   17.285000  0.000000e+00  2.179417e+02 
    0.000   17.387999  0.000000e+00  2.179110e+02 
    0.000   17.490999  0.000000e+00  2.178809e+02 
    0.000   17.594000  0.000000e+00  2.178514e+02 
    0.000   17.696999  0.000000e+00  2.178223e+02 
    0.000   17.799999  0.000000e+00  2.177935e+02 
    0.000   17.903000  0.000000e+00  2.177645e+02 
    0.000   18.005999  0.000000e+00  2.177354e+02 
    0.000   18.108999  0.000000e+00  2.177064e+02 
    0.000   18.210999  0.000000e+00  2.176779e+02 
    0.000   18.313999  0.000000e+00  2.176492e+02 
    0.000   18.417000  0.000000e+00  2.176208e+02 
    0.000   18.519999  0.000000e+00  2.175927e+02 
    0.000   18.622999  0.000000e+00  2.175648e+02 
    0.000   18.726000  0.000000e+00  2.175372e+02 
    0.000   18.828999  0.000000e+00  2.175099e+02 
    0.000   18.931999  0.000000e+00  2.174826e+02 
    0.000   19.035000  0.000000e+00  2.174546e+02 
    0.000   19.136999  0.000000e+00  2.174265e+02 
    0.000   19.240000  0.000000e+00  2.173981e+02 
    0.000   19.342999  0.000000e+00  2.173696e+02 
    0.000   19.445999  0.000000e+00  2.173411e+02 
    0.000   19.549000  0.000000e+00  2.173128e+02 
    0.000   19.651999  0.000000e+00  2.172846e+02 
    0.000   19.754999  0.000000e+00  2.172575e+02 
    0.000   19.858000  0.000000e+00  2.172317e+02 
    0.000   19.960999  0.000000e+00  2.172066e+02 
    0.000   20.063000  0.000000e+00  2.171825e+02 
    0.000   20.362999  0.000000e+00  2.171167e+02 
    0.000   20.858999  0.000000e+00  2.170160e+02 
    0.000   21.354000  0.000000e+00  2.169249e+02 
    0.000   21.849998  0.000000e+00  2.168428e+02 
    0.000   22.345999  0.000000e+00  2.167591e+02 
    0.000   22.841999  0.000000e+00  2.166771e+02 
    0.000   23.337000  0.000000e+00  2.166084e+02 
    0.000   23.832998  0.000000e+00  2.165556e+02 
    0.000   24.328999  0.000000e+00  2.165156e+02 
    0.000   24.824999  0.000000e+00  2.164900e+02 
    0.000   25.320000  0.000000e+00  2.164805e+02 
    0.000   25.816000  0.000000e+00  2.164803e+02 
    0.000   26.311998  0.000000e+00  2.164926e+02 
    0.000   26.807999  0.000000e+00  2.165136e+02 
    0.000   27.302999  0.000000e+00  2.165365e+02 
    0.000   27.799000  0.000000e+00  2.165592e+02 
    0.000   28.295000  0.000000e+00  2.165838e+02 
    0.000   28.790998  0.000000e+00  2.166146e+02 
    0.000   29.285999  0.000000e+00  2.166572e+02 
    0.000   29.782000  0.000000e+00  2.167096e+02 
    0.000   30.278000  0.000000e+00  2.167677e+02 
    0.000   30.773998  0.000000e+00  2.168238e+02 
    0.000   31.268999  0.000000e+00  2.168769e+02 
    0.000   31.764999  0.000000e+00  2.169280e+02 
    0.000   32.261002  0.000000e+00  2.169810e+02 
    0.000   32.757000  0.000000e+00  2.170375e+02 
    0.000   33.252003  0.000000e+00  2.170992e+02 
    0.000   33.748001  0.000000e+00  2.171653e+02 
    0.000   34.243999  0.000000e+00  2.172341e+02 
    0.000   34.740002  0.000000e+00  2.173004e+02 
    0.000   35.235001  0.000000e+00  2.173630e+02 
    0.000   35.731003  0.000000e+00  2.174202e+02 
    0.000   36.227001  0.000000e+00  2.174728e+02 
    0.000   36.723000  0.000000e+00  2.175215e+02 
    0.000   37.218002  0.000000e+00  2.175667e+02 
    0.000   37.714001  0.000000e+00  2.176114e+02 
    0.000   38.210003  0.000000e+00  2.176556e+02 
    0.000   38.706001  0.000000e+00  2.177005e+02 
    0.000   39.201000  0.000000e+00  2.177460e+02 
    0.000   39.697002  0.000000e+00  2.177939e+02 
    0.000   40.197002  0.000000e+00  2.178453e+02 
    0.000   45.197002  0.000000e+00  2.182976e+02 
    0.000   50.197002  0.000000e+00  2.185195e+02 
    0.000   55.197002  0.000000e+00  2.185208e+02 
    0.000   60.197002  0.000000e+00  2.184519e+02 
    0.000   65.196999  0.000000e+00  2.183996e+02 
