    0.000    0.000000  0.000000e+00  3.505085e+02 
    0.000    0.103000  0.000000e+00  3.500927e+02 
    0.000    0.206000  0.000000e+00  3.490165e+02 
    0.000    0.309000  0.000000e+00  3.473852e+02 
    0.000    0.412000  0.000000e+00  3.456740e+02 
    0.000    0.515000  0.000000e+00  3.441341e+02 
    0.000    0.618000  0.000000e+00  3.393915e+02 
    0.000    0.720000  0.000000e+00  3.343846e+02 
    0.000    0.823000  0.000000e+00  3.301624e+02 
    0.000    0.926000  0.000000e+00  3.267238e+02 
    0.000    1.029000  0.000000e+00  3.238377e+02 
    0.000    1.132000  0.000000e+00  3.212810e+02 
    0.000    1.235000  0.000000e+00  3.185956e+02 
    0.000    1.338000  0.000000e+00  3.159768e+02 
    0.000    1.441000  0.000000e+00  3.134320e+02 
    0.000    1.544000  0.000000e+00  3.109008e+02 
    0.000    1.646000  0.000000e+00  3.085367e+02 
    0.000    1.749000  0.000000e+00  3.074657e+02 
    0.000    1.852000  0.000000e+00  3.045065e+02 
    0.000    1.955000  0.000000e+00  3.036057e+02 
    0.000    2.058000  0.000000e+00  3.009291e+02 
    0.000    2.161000  0.000000e+00  2.987641e+02 
    0.000    2.264000  0.000000e+00  2.965562e+02 
    0.000    2.367000  0.000000e+00  2.941322e+02 
    0.000    2.470000  0.000000e+00  2.915766e+02 
    0.000    2.573000  0.000000e+00  2.889209e+02 
    0.000    2.675000  0.000000e+00  2.862306e+02 
    0.000    2.778000  0.000000e+00  2.836399e+02 
    0.000    2.881000  0.000000e+00  2.811677e+02 
    0.000    2.984000  0.000000e+00  2.797161e+02 
    0.000    3.087000  0.000000e+00  2.781700e+02 
    0.000    3.190000  0.000000e+00  2.766921e+02 
    0.000    3.293000  0.000000e+00  2.752431e+02 
    0.000    3.396000  0.000000e+00  2.737703e+02 
    0.000    3.499000  0.000000e+00  2.722097e+02 
    0.000    3.601000  0.000000e+00  2.705090e+02 
    0.000    3.704000  0.000000e+00  2.685773e+02 
    0.000    3.807000  0.000000e+00  2.664422e+02 
    0.000    3.910000  0.000000e+00  2.640954e+02 
    0.000    4.013000  0.000000e+00  2.615564e+02 
    0.000    4.116000  0.000000e+00  2.591549e+02 
    0.000    4.219000  0.000000e+00  2.570456e+02 
    0.000    4.322000  0.000000e+00  2.551338e+02 
    0.000    4.425000  0.000000e+00  2.534895e+02 
    0.000    4.527000  0.000000e+00  2.520581e+02 
    0.000    4.630000  0.000000e+00  2.507904e+02 
    0.000    4.733000  0.000000e+00  2.496328e+02 
    0.000    4.836000  0.000000e+00  2.485719e+02 
    0.000    4.939000  0.000000e+00  2.475002e+02 
    0.000    5.042000  0.000000e+00  2.464178e+02 
    0.000    5.145000  0.000000e+00  2.453324e+02 
    0.000    5.248000  0.000000e+00  2.442286e+02 
    0.000    5.351000  0.000000e+00  2.431040e+02 
    0.000    5.453000  0.000000e+00  2.419825e+02 
    0.000    5.556000  0.000000e+00  2.408037e+02 
    0.000    5.659000  0.000000e+00  2.396154e+02 
    0.000    5.762000  0.000000e+00  2.384182e+02 
    0.000    5.865000  0.000000e+00  2.372446e+02 
    0.000    5.968000  0.000000e+00  2.360726e+02 
    0.000    6.071000  0.000000e+00  2.349340e+02 
    0.000    6.174000  0.000000e+00  2.338409e+02 
    0.000    6.277000  0.000000e+00  2.327773e+02 
    0.000    6.379000  0.000000e+00  2.317504e+02 
    0.000    6.482000  0.000000e+00  2.309078e+02 
    0.000    6.585000  0.000000e+00  2.299570e+02 
    0.000    6.688000  0.000000e+00  2.290351e+02 
    0.000    6.791000  0.000000e+00  2.281324e+02 
    0.000    6.894000  0.000000e+00  2.274098e+02 
    0.000    6.997000  0.000000e+00  2.267738e+02 
    0.000    7.100000  0.000000e+00  2.244150e+02 
    0.000    7.203000  0.000000e+00  2.228483e+02 
    0.000    7.305000  0.000000e+00  2.221302e+02 
    0.000    7.408000  0.000000e+00  2.216086e+02 
    0.000    7.511000  0.000000e+00  2.212237e+02 
    0.000    7.614000  0.000000e+00  2.208914e+02 
    0.000    7.717000  0.000000e+00  2.206193e+02 
    0.000    7.820000  0.000000e+00  2.203837e+02 
    0.000    7.923000  0.000000e+00  2.201741e+02 
    0.000    8.026000  0.000000e+00  2.199731e+02 
    0.000    8.129000  0.000000e+00  2.198298e+02 
    0.000    8.231000  0.000000e+00  2.196750e+02 
    0.000    8.334000  0.000000e+00  2.195136e+02 
    0.000    8.437000  0.000000e+00  2.193508e+02 
    0.000    8.540000  0.000000e+00  2.191810e+02 
    0.000    8.643000  0.000000e+00  2.189975e+02 
    0.000    8.746000  0.000000e+00  2.188116e+02 
    0.000    8.849000  0.000000e+00  2.186529e+02 
    0.000    8.952000  0.000000e+00  2.185031e+02 
    0.000    9.055000  0.000000e+00  2.183523e+02 
    0.000    9.158000  0.000000e+00  2.181976e+02 
    0.000    9.260000  0.000000e+00  2.179899e+02 
    0.000    9.363000  0.000000e+00  2.177896e+02 
    0.000    9.466000  0.000000e+00  2.175940e+02 
    0.000    9.569000  0.000000e+00  2.174069e+02 
    0.000    9.672000  0.000000e+00  2.172254e+02 
    0.000    9.775000  0.000000e+00  2.170458e+02 
    0.000    9.878000  0.000000e+00  2.168655e+02 
    0.000    9.981000  0.000000e+00  2.168187e+02 
    0.000   10.084000  0.000000e+00  2.167795e+02 
    0.000   10.186000  0.000000e+00  2.167509e+02 
    0.000   10.289000  0.000000e+00  2.167299e+02 
    0.000   10.392000  0.000000e+00  2.167119e+02 
    0.000   10.495000  0.000000e+00  2.166901e+02 
    0.000   10.598000  0.000000e+00  2.166661e+02 
    0.000   10.701000  0.000000e+00  2.166401e+02 
    0.000   10.804000  0.000000e+00  2.166059e+02 
    0.000   10.907000  0.000000e+00  2.165665e+02 
    0.000   11.010000  0.000000e+00  2.165233e+02 
    0.000   11.112000  0.000000e+00  2.164723e+02 
    0.000   11.215000  0.000000e+00  2.164151e+02 
    0.000   11.318000  0.000000e+00  2.163546e+02 
    0.000   11.421000  0.000000e+00  2.162891e+02 
    0.000   11.524000  0.000000e+00  2.162202e+02 
    0.000   11.627000  0.000000e+00  2.161493e+02 
    0.000   11.730000  0.000000e+00  2.160793e+02 
    0.000   11.833000  0.000000e+00  2.160101e+02 
    0.000   11.936000  0.000000e+00  2.159413e+02 
    0.000   12.038000  0.000000e+00  2.158772e+02 
    0.000   12.141000  0.000000e+00  2.158161e+02 
    0.000   12.244000  0.000000e+00  2.157572e+02 
    0.000   12.347000  0.000000e+00  2.156984e+02 
    0.000   12.450000  0.000000e+00  2.156394e+02 
    0.000   12.553000  0.000000e+00  2.155807e+02 
    0.000   12.656000  0.000000e+00  2.155215e+02 
    0.000   12.759000  0.000000e+00  2.154618e+02 
    0.000   12.862000  0.000000e+00  2.154019e+02 
    0.000   12.964000  0.000000e+00  2.153422e+02 
    0.000   13.067000  0.000000e+00  2.152817e+02 
    0.000   13.170000  0.000000e+00  2.152212e+02 
    0.000   13.273000  0.000000e+00  2.151613e+02 
    0.000   13.376000  0.000000e+00  2.151037e+02 
    0.000   13.479000  0.000000e+00  2.150477e+02 
    0.000   13.582000  0.000000e+00  2.149931e+02 
    0.000   13.685000  0.000000e+00  2.149434e+02 
    0.000   13.788000  0.000000e+00  2.148977e+02 
    0.000   13.891000  0.000000e+00  2.148545e+02 
    0.000   13.993000  0.000000e+00  2.148160e+02 
    0.000   14.096000  0.000000e+00  2.147813e+02 
    0.000   14.199000  0.000000e+00  2.147495e+02 
    0.000   14.302000  0.000000e+00  2.147191e+02 
    0.000   14.405000  0.000000e+00  2.146894e+02 
    0.000   14.508000  0.000000e+00  2.146605e+02 
    0.000   14.611000  0.000000e+00  2.146313e+02 
    0.000   14.714000  0.000000e+00  2.145992e+02 
    0.000   14.817000  0.000000e+00  2.145648e+02 
    0.000   14.919000  0.000000e+00  2.145298e+02 
    0.000   15.022000  0.000000e+00  2.144928e+02 
    0.000   15.125000  0.000000e+00  2.144545e+02 
    0.000   15.228000  0.000000e+00  2.144156e+02 
    0.000   15.331000  0.000000e+00  2.143764e+02 
    0.000   15.434000  0.000000e+00  2.143371e+02 
    0.000   15.537000  0.000000e+00  2.142978e+02 
    0.000   15.640000  0.000000e+00  2.142584e+02 
    0.000   15.743000  0.000000e+00  2.142177e+02 
    0.000   15.845000  0.000000e+00  2.141763e+02 
    0.000   15.948000  0.000000e+00  2.141341e+02 
    0.000   16.051001  0.000000e+00  2.140919e+02 
    0.000   16.153999  0.000000e+00  2.140499e+02 
    0.000   16.257000  0.000000e+00  2.140081e+02 
    0.000   16.360001  0.000000e+00  2.139669e+02 
    0.000   16.462999  0.000000e+00  2.139271e+02 
    0.000   16.566000  0.000000e+00  2.138883e+02 
    0.000   16.669001  0.000000e+00  2.138503e+02 
    0.000   16.771000  0.000000e+00  2.138139e+02 
    0.000   16.874001  0.000000e+00  2.137783e+02 
    0.000   16.976999  0.000000e+00  2.137435e+02 
    0.000   17.080000  0.000000e+00  2.137095e+02 
    0.000   17.183001  0.000000e+00  2.136764e+02 
    0.000   17.285999  0.000000e+00  2.136439e+02 
    0.000   17.389000  0.000000e+00  2.136120e+02 
    0.000   17.492001  0.000000e+00  2.135807e+02 
    0.000   17.594999  0.000000e+00  2.135498e+02 
    0.000   17.697001  0.000000e+00  2.135196e+02 
    0.000   17.799999  0.000000e+00  2.134896e+02 
    0.000   17.903000  0.000000e+00  2.134600e+02 
    0.000   18.006001  0.000000e+00  2.134309e+02 
    0.000   18.108999  0.000000e+00  2.134021e+02 
    0.000   18.212000  0.000000e+00  2.133735e+02 
    0.000   18.315001  0.000000e+00  2.133448e+02 
    0.000   18.417999  0.000000e+00  2.133164e+02 
    0.000   18.521000  0.000000e+00  2.132880e+02 
    0.000   18.624001  0.000000e+00  2.132594e+02 
    0.000   18.726000  0.000000e+00  2.132310e+02 
    0.000   18.829000  0.000000e+00  2.132024e+02 
    0.000   18.931999  0.000000e+00  2.131736e+02 
    0.000   19.035000  0.000000e+00  2.131446e+02 
    0.000   19.138000  0.000000e+00  2.131155e+02 
    0.000   19.240999  0.000000e+00  2.130863e+02 
    0.000   19.344000  0.000000e+00  2.130582e+02 
    0.000   19.447001  0.000000e+00  2.130317e+02 
    0.000   19.549999  0.000000e+00  2.130065e+02 
    0.000   19.652000  0.000000e+00  2.129824e+02 
    0.000   19.754999  0.000000e+00  2.129595e+02 
    0.000   19.858000  0.000000e+00  2.129380e+02 
    0.000   19.961000  0.000000e+00  2.129177e+02 
    0.000   20.063999  0.000000e+00  2.128982e+02 
    0.000   20.363001  0.000000e+00  2.128397e+02 
    0.000   20.858999  0.000000e+00  2.127376e+02 
    0.000   21.355000  0.000000e+00  2.126460e+02 
    0.000   21.851000  0.000000e+00  2.125626e+02 
    0.000   22.346001  0.000000e+00  2.124814e+02 
    0.000   22.841999  0.000000e+00  2.124079e+02 
    0.000   23.337999  0.000000e+00  2.123421e+02 
    0.000   23.834000  0.000000e+00  2.122864e+02 
    0.000   24.329000  0.000000e+00  2.122475e+02 
    0.000   24.825001  0.000000e+00  2.122263e+02 
    0.000   25.320999  0.000000e+00  2.122146e+02 
    0.000   25.816999  0.000000e+00  2.122135e+02 
    0.000   26.312000  0.000000e+00  2.122287e+02 
    0.000   26.808001  0.000000e+00  2.122525e+02 
    0.000   27.304001  0.000000e+00  2.122768e+02 
    0.000   27.799999  0.000000e+00  2.122994e+02 
    0.000   28.295000  0.000000e+00  2.123225e+02 
    0.000   28.791000  0.000000e+00  2.123531e+02 
    0.000   29.287001  0.000000e+00  2.123975e+02 
    0.000   29.783001  0.000000e+00  2.124521e+02 
    0.000   30.278000  0.000000e+00  2.125113e+02 
    0.000   30.774000  0.000000e+00  2.125666e+02 
    0.000   31.270000  0.000000e+00  2.126179e+02 
    0.000   31.766001  0.000000e+00  2.126664e+02 
    0.000   32.261002  0.000000e+00  2.127178e+02 
    0.000   32.757000  0.000000e+00  2.127739e+02 
    0.000   33.252998  0.000000e+00  2.128364e+02 
    0.000   33.749001  0.000000e+00  2.129041e+02 
    0.000   34.243999  0.000000e+00  2.129751e+02 
    0.000   34.740002  0.000000e+00  2.130434e+02 
    0.000   35.236000  0.000000e+00  2.131073e+02 
    0.000   35.731998  0.000000e+00  2.131634e+02 
    0.000   36.227001  0.000000e+00  2.132129e+02 
    0.000   36.723000  0.000000e+00  2.132596e+02 
    0.000   37.219002  0.000000e+00  2.133042e+02 
    0.000   37.715000  0.000000e+00  2.133492e+02 
    0.000   38.209999  0.000000e+00  2.133945e+02 
    0.000   38.706001  0.000000e+00  2.134411e+02 
    0.000   39.202000  0.000000e+00  2.134892e+02 
    0.000   39.698002  0.000000e+00  2.135388e+02 
    0.000   40.198002  0.000000e+00  2.135904e+02 
    0.000   45.198002  0.000000e+00  2.140415e+02 
    0.000   50.198002  0.000000e+00  2.142638e+02 
    0.000   55.198002  0.000000e+00  2.142671e+02 
    0.000   60.198002  0.000000e+00  2.141979e+02 
    0.000   65.197998  0.000000e+00  2.141455e+02 
