    0.000    0.000000  0.000000e+00  3.521392e+02 
    0.000    0.103000  0.000000e+00  3.511512e+02 
    0.000    0.206000  0.000000e+00  3.498351e+02 
    0.000    0.309000  0.000000e+00  3.485215e+02 
    0.000    0.411000  0.000000e+00  3.472053e+02 
    0.000    0.514000  0.000000e+00  3.457636e+02 
    0.000    0.617000  0.000000e+00  3.442168e+02 
    0.000    0.720000  0.000000e+00  3.426653e+02 
    0.000    0.823000  0.000000e+00  3.411268e+02 
    0.000    0.926000  0.000000e+00  3.395892e+02 
    0.000    1.029000  0.000000e+00  3.380269e+02 
    0.000    1.132000  0.000000e+00  3.364201e+02 
    0.000    1.235000  0.000000e+00  3.347341e+02 
    0.000    1.337000  0.000000e+00  3.330959e+02 
    0.000    1.440000  0.000000e+00  3.314813e+02 
    0.000    1.543000  0.000000e+00  3.298816e+02 
    0.000    1.646000  0.000000e+00  3.282427e+02 
    0.000    1.749000  0.000000e+00  3.265410e+02 
    0.000    1.852000  0.000000e+00  3.153164e+02 
    0.000    1.955000  0.000000e+00  3.070434e+02 
    0.000    2.058000  0.000000e+00  3.011063e+02 
    0.000    2.161000  0.000000e+00  2.965802e+02 
    0.000    2.263000  0.000000e+00  2.942584e+02 
    0.000    2.366000  0.000000e+00  2.934673e+02 
    0.000    2.469000  0.000000e+00  2.925437e+02 
    0.000    2.572000  0.000000e+00  2.915246e+02 
    0.000    2.675000  0.000000e+00  2.904531e+02 
    0.000    2.778000  0.000000e+00  2.893498e+02 
    0.000    2.881000  0.000000e+00  2.882195e+02 
    0.000    2.984000  0.000000e+00  2.870635e+02 
    0.000    3.087000  0.000000e+00  2.858918e+02 
    0.000    3.189000  0.000000e+00  2.847090e+02 
    0.000    3.292000  0.000000e+00  2.835109e+02 
    0.000    3.395000  0.000000e+00  2.822999e+02 
    0.000    3.498000  0.000000e+00  2.810851e+02 
    0.000    3.601000  0.000000e+00  2.798680e+02 
    0.000    3.704000  0.000000e+00  2.786486e+02 
    0.000    3.807000  0.000000e+00  2.774338e+02 
    0.000    3.910000  0.000000e+00  2.762268e+02 
    0.000    4.013000  0.000000e+00  2.750295e+02 
    0.000    4.115000  0.000000e+00  2.738316e+02 
    0.000    4.218000  0.000000e+00  2.726027e+02 
    0.000    4.321000  0.000000e+00  2.713766e+02 
    0.000    4.424000  0.000000e+00  2.701515e+02 
    0.000    4.527000  0.000000e+00  2.689308e+02 
    0.000    4.630000  0.000000e+00  2.677683e+02 
    0.000    4.733000  0.000000e+00  2.665970e+02 
    0.000    4.836000  0.000000e+00  2.654324e+02 
    0.000    4.939000  0.000000e+00  2.642756e+02 
    0.000    5.042000  0.000000e+00  2.631272e+02 
    0.000    5.144000  0.000000e+00  2.620023e+02 
    0.000    5.247000  0.000000e+00  2.608779e+02 
    0.000    5.350000  0.000000e+00  2.597675e+02 
    0.000    5.453000  0.000000e+00  2.586729e+02 
    0.000    5.556000  0.000000e+00  2.575887e+02 
    0.000    5.659000  0.000000e+00  2.565181e+02 
    0.000    5.762000  0.000000e+00  2.554646e+02 
    0.000    5.865000  0.000000e+00  2.544294e+02 
    0.000    5.968000  0.000000e+00  2.534137e+02 
    0.000    6.070000  0.000000e+00  2.523445e+02 
    0.000    6.173000  0.000000e+00  2.513743e+02 
    0.000    6.276000  0.000000e+00  2.504279e+02 
    0.000    6.379000  0.000000e+00  2.495055e+02 
    0.000    6.482000  0.000000e+00  2.486080e+02 
    0.000    6.585000  0.000000e+00  2.477350e+02 
    0.000    6.688000  0.000000e+00  2.467791e+02 
    0.000    6.791000  0.000000e+00  2.456969e+02 
    0.000    6.894000  0.000000e+00  2.445480e+02 
    0.000    6.996000  0.000000e+00  2.437389e+02 
    0.000    7.099000  0.000000e+00  2.429458e+02 
    0.000    7.202000  0.000000e+00  2.423445e+02 
    0.000    7.305000  0.000000e+00  2.418610e+02 
    0.000    7.408000  0.000000e+00  2.414875e+02 
    0.000    7.511000  0.000000e+00  2.412501e+02 
    0.000    7.614000  0.000000e+00  2.410946e+02 
    0.000    7.717000  0.000000e+00  2.409938e+02 
    0.000    7.820000  0.000000e+00  2.409150e+02 
    0.000    7.922000  0.000000e+00  2.408677e+02 
    0.000    8.025000  0.000000e+00  2.408099e+02 
    0.000    8.128000  0.000000e+00  2.407015e+02 
    0.000    8.231000  0.000000e+00  2.405778e+02 
    0.000    8.334000  0.000000e+00  2.404570e+02 
    0.000    8.437000  0.000000e+00  2.402726e+02 
    0.000    8.540000  0.000000e+00  2.401261e+02 
    0.000    8.643000  0.000000e+00  2.399567e+02 
    0.000    8.746000  0.000000e+00  2.398010e+02 
    0.000    8.848000  0.000000e+00  2.395829e+02 
    0.000    8.951000  0.000000e+00  2.393180e+02 
    0.000    9.054000  0.000000e+00  2.389887e+02 
    0.000    9.157000  0.000000e+00  2.385899e+02 
    0.000    9.260000  0.000000e+00  2.381996e+02 
    0.000    9.363000  0.000000e+00  2.379310e+02 
    0.000    9.466000  0.000000e+00  2.378384e+02 
    0.000    9.569000  0.000000e+00  2.377515e+02 
    0.000    9.672000  0.000000e+00  2.376690e+02 
    0.000    9.774000  0.000000e+00  2.375959e+02 
    0.000    9.877000  0.000000e+00  2.375402e+02 
    0.000    9.980000  0.000000e+00  2.374977e+02 
    0.000   10.083000  0.000000e+00  2.374591e+02 
    0.000   10.186000  0.000000e+00  2.374162e+02 
    0.000   10.289000  0.000000e+00  2.373711e+02 
    0.000   10.392000  0.000000e+00  2.373253e+02 
    0.000   10.495000  0.000000e+00  2.372777e+02 
    0.000   10.598000  0.000000e+00  2.372296e+02 
    0.000   10.700000  0.000000e+00  2.371806e+02 
    0.000   10.803000  0.000000e+00  2.371266e+02 
    0.000   10.906000  0.000000e+00  2.370701e+02 
    0.000   11.009000  0.000000e+00  2.370098e+02 
    0.000   11.112000  0.000000e+00  2.369398e+02 
    0.000   11.215000  0.000000e+00  2.368629e+02 
    0.000   11.318000  0.000000e+00  2.367828e+02 
    0.000   11.421000  0.000000e+00  2.367005e+02 
    0.000   11.524000  0.000000e+00  2.366167e+02 
    0.000   11.627000  0.000000e+00  2.365322e+02 
    0.000   11.729000  0.000000e+00  2.364478e+02 
    0.000   11.832000  0.000000e+00  2.363624e+02 
    0.000   11.935000  0.000000e+00  2.362769e+02 
    0.000   12.038000  0.000000e+00  2.361904e+02 
    0.000   12.141000  0.000000e+00  2.361031e+02 
    0.000   12.244000  0.000000e+00  2.360156e+02 
    0.000   12.347000  0.000000e+00  2.359310e+02 
    0.000   12.450000  0.000000e+00  2.358490e+02 
    0.000   12.553000  0.000000e+00  2.357686e+02 
    0.000   12.655000  0.000000e+00  2.356935e+02 
    0.000   12.758000  0.000000e+00  2.356222e+02 
    0.000   12.861000  0.000000e+00  2.355542e+02 
    0.000   12.964000  0.000000e+00  2.354889e+02 
    0.000   13.067000  0.000000e+00  2.354261e+02 
    0.000   13.170000  0.000000e+00  2.353652e+02 
    0.000   13.273000  0.000000e+00  2.353060e+02 
    0.000   13.376000  0.000000e+00  2.352484e+02 
    0.000   13.479000  0.000000e+00  2.351921e+02 
    0.000   13.581000  0.000000e+00  2.351376e+02 
    0.000   13.684000  0.000000e+00  2.350834e+02 
    0.000   13.787000  0.000000e+00  2.350300e+02 
    0.000   13.890000  0.000000e+00  2.349776e+02 
    0.000   13.993000  0.000000e+00  2.349256e+02 
    0.000   14.096000  0.000000e+00  2.348740e+02 
    0.000   14.199000  0.000000e+00  2.348230e+02 
    0.000   14.302000  0.000000e+00  2.347730e+02 
    0.000   14.405000  0.000000e+00  2.347240e+02 
    0.000   14.507000  0.000000e+00  2.346764e+02 
    0.000   14.610000  0.000000e+00  2.346291e+02 
    0.000   14.713000  0.000000e+00  2.345821e+02 
    0.000   14.816000  0.000000e+00  2.345356e+02 
    0.000   14.919000  0.000000e+00  2.344896e+02 
    0.000   15.022000  0.000000e+00  2.344434e+02 
    0.000   15.125000  0.000000e+00  2.343970e+02 
    0.000   15.228000  0.000000e+00  2.343508e+02 
    0.000   15.331000  0.000000e+00  2.343057e+02 
    0.000   15.433000  0.000000e+00  2.342625e+02 
    0.000   15.536000  0.000000e+00  2.342200e+02 
    0.000   15.639000  0.000000e+00  2.341789e+02 
    0.000   15.742000  0.000000e+00  2.341408e+02 
    0.000   15.845000  0.000000e+00  2.341051e+02 
    0.000   15.948000  0.000000e+00  2.340712e+02 
    0.000   16.051001  0.000000e+00  2.340345e+02 
    0.000   16.153999  0.000000e+00  2.339944e+02 
    0.000   16.257000  0.000000e+00  2.339525e+02 
    0.000   16.360001  0.000000e+00  2.339090e+02 
    0.000   16.462000  0.000000e+00  2.338637e+02 
    0.000   16.565001  0.000000e+00  2.338165e+02 
    0.000   16.667999  0.000000e+00  2.337683e+02 
    0.000   16.771000  0.000000e+00  2.337206e+02 
    0.000   16.874001  0.000000e+00  2.336734e+02 
    0.000   16.976999  0.000000e+00  2.336264e+02 
    0.000   17.080000  0.000000e+00  2.335805e+02 
    0.000   17.183001  0.000000e+00  2.335364e+02 
    0.000   17.285999  0.000000e+00  2.334936e+02 
    0.000   17.388000  0.000000e+00  2.334521e+02 
    0.000   17.490999  0.000000e+00  2.334120e+02 
    0.000   17.594000  0.000000e+00  2.333734e+02 
    0.000   17.697001  0.000000e+00  2.333359e+02 
    0.000   17.799999  0.000000e+00  2.332995e+02 
    0.000   17.903000  0.000000e+00  2.332648e+02 
    0.000   18.006001  0.000000e+00  2.332313e+02 
    0.000   18.108999  0.000000e+00  2.331989e+02 
    0.000   18.212000  0.000000e+00  2.331670e+02 
    0.000   18.313999  0.000000e+00  2.331358e+02 
    0.000   18.417000  0.000000e+00  2.331049e+02 
    0.000   18.520000  0.000000e+00  2.330744e+02 
    0.000   18.622999  0.000000e+00  2.330441e+02 
    0.000   18.726000  0.000000e+00  2.330139e+02 
    0.000   18.829000  0.000000e+00  2.329841e+02 
    0.000   18.931999  0.000000e+00  2.329546e+02 
    0.000   19.035000  0.000000e+00  2.329255e+02 
    0.000   19.138000  0.000000e+00  2.328968e+02 
    0.000   19.240000  0.000000e+00  2.328687e+02 
    0.000   19.343000  0.000000e+00  2.328400e+02 
    0.000   19.445999  0.000000e+00  2.328107e+02 
    0.000   19.549000  0.000000e+00  2.327810e+02 
    0.000   19.652000  0.000000e+00  2.327512e+02 
    0.000   19.754999  0.000000e+00  2.327214e+02 
    0.000   19.858000  0.000000e+00  2.326914e+02 
    0.000   19.961000  0.000000e+00  2.326614e+02 
    0.000   20.063999  0.000000e+00  2.326314e+02 
    0.000   20.363001  0.000000e+00  2.325476e+02 
    0.000   20.858999  0.000000e+00  2.324247e+02 
    0.000   21.354000  0.000000e+00  2.323228e+02 
    0.000   21.850000  0.000000e+00  2.322295e+02 
    0.000   22.346001  0.000000e+00  2.321385e+02 
    0.000   22.842001  0.000000e+00  2.320457e+02 
    0.000   23.337000  0.000000e+00  2.319592e+02 
    0.000   23.833000  0.000000e+00  2.318914e+02 
    0.000   24.329000  0.000000e+00  2.318483e+02 
    0.000   24.825001  0.000000e+00  2.318276e+02 
    0.000   25.320000  0.000000e+00  2.318158e+02 
    0.000   25.816000  0.000000e+00  2.318131e+02 
    0.000   26.312000  0.000000e+00  2.318192e+02 
    0.000   26.808001  0.000000e+00  2.318279e+02 
    0.000   27.302999  0.000000e+00  2.318416e+02 
    0.000   27.799000  0.000000e+00  2.318625e+02 
    0.000   28.295000  0.000000e+00  2.318889e+02 
    0.000   28.791000  0.000000e+00  2.319217e+02 
    0.000   29.285999  0.000000e+00  2.319624e+02 
    0.000   29.782000  0.000000e+00  2.320096e+02 
    0.000   30.278000  0.000000e+00  2.320611e+02 
    0.000   30.774000  0.000000e+00  2.321159e+02 
    0.000   31.268999  0.000000e+00  2.321725e+02 
    0.000   31.764999  0.000000e+00  2.322300e+02 
    0.000   32.261002  0.000000e+00  2.322881e+02 
    0.000   32.757000  0.000000e+00  2.323462e+02 
    0.000   33.251999  0.000000e+00  2.324035e+02 
    0.000   33.748001  0.000000e+00  2.324619e+02 
    0.000   34.243999  0.000000e+00  2.325224e+02 
    0.000   34.740002  0.000000e+00  2.325843e+02 
    0.000   35.235001  0.000000e+00  2.326464e+02 
    0.000   35.730999  0.000000e+00  2.327055e+02 
    0.000   36.227001  0.000000e+00  2.327614e+02 
    0.000   36.723000  0.000000e+00  2.328135e+02 
    0.000   37.217999  0.000000e+00  2.328624e+02 
    0.000   37.714001  0.000000e+00  2.329072e+02 
    0.000   38.209999  0.000000e+00  2.329483e+02 
    0.000   38.706001  0.000000e+00  2.329895e+02 
    0.000   39.201000  0.000000e+00  2.330319e+02 
    0.000   39.696999  0.000000e+00  2.330776e+02 
    0.000   40.196999  0.000000e+00  2.331281e+02 
    0.000   45.196999  0.000000e+00  2.335774e+02 
    0.000   50.196999  0.000000e+00  2.338040e+02 
    0.000   55.196999  0.000000e+00  2.337994e+02 
    0.000   60.196999  0.000000e+00  2.337315e+02 
    0.000   65.196999  0.000000e+00  2.336792e+02 
