   67.663    0.000000  0.000000e+00  1.527246e+00 
   67.663    0.103000  0.000000e+00  1.555953e+00 
   67.663    0.205000  0.000000e+00  1.584390e+00 
   67.663    0.308000  0.000000e+00  1.612992e+00 
   67.663    0.411000  0.000000e+00  1.641390e+00 
   67.663    0.514000  0.000000e+00  6.299893e+00 
   67.663    0.617000  0.000000e+00  1.292952e+01 
   67.663    0.720000  0.000000e+00  2.123163e+01 
   67.663    0.823000  0.000000e+00  3.110328e+01 
   67.663    0.926000  0.000000e+00  4.246743e+01 
   67.663    1.029000  0.000000e+00  5.527464e+01 
   67.663    1.131000  0.000000e+00  6.934722e+01 
   67.663    1.234000  0.000000e+00  8.496275e+01 
   67.663    1.337000  0.000000e+00  1.020679e+02 
   67.663    1.440000  1.869612e-41  1.207323e+02 
   67.663    1.543000  1.239182e-32  1.411986e+02 
   67.663    1.646000  2.740489e-23  1.637511e+02 
   67.663    1.749000  2.083085e-13  1.890334e+02 
   67.663    1.852000  2.852252e-11  1.969987e+02 
   67.663    1.955000  3.585242e-08  2.095728e+02 
   67.663    2.057000  8.618580e-06  2.204115e+02 
   67.663    2.160000  6.768336e-04  2.309343e+02 
   67.663    2.263000  1.114389e-02  2.396418e+02 
   67.663    2.366000  5.793186e-02  2.461190e+02 
   67.663    2.469000  1.572874e-01  2.507845e+02 
   67.663    2.572000  3.098566e-01  2.543701e+02 
   67.663    2.675000  4.912460e-01  2.570176e+02 
   67.663    2.778000  6.556324e-01  2.587360e+02 
   67.663    2.881000  7.712394e-01  2.596765e+02 
   67.663    2.983000  8.296296e-01  2.600293e+02 
   67.663    3.086000  8.552457e-01  2.600955e+02 
   67.663    3.189000  8.680326e-01  2.600649e+02 
   67.663    3.292000  8.778964e-01  2.600233e+02 
   67.663    3.395000  8.884419e-01  2.600006e+02 
   67.663    3.498000  9.013960e-01  2.600103e+02 
   67.663    3.601000  9.169174e-01  2.600521e+02 
   67.663    3.704000  9.349177e-01  2.601229e+02 
   67.663    3.807000  9.572003e-01  2.602371e+02 
   67.663    3.909000  9.884897e-01  2.604335e+02 
   67.663    4.012000  1.034707e+00  2.607538e+02 
   67.663    4.115000  1.102880e+00  2.612412e+02 
   67.663    4.218000  1.211599e+00  2.620070e+02 
   67.663    4.321000  1.388940e+00  2.631732e+02 
   67.663    4.424000  1.652463e+00  2.647148e+02 
   67.663    4.527000  2.026555e+00  2.665990e+02 
   67.663    4.630000  2.450404e+00  2.684128e+02 
   67.663    4.733000  2.986341e+00  2.703723e+02 
   67.663    4.835000  3.611308e+00  2.723290e+02 
   67.663    4.938000  4.436232e+00  2.745456e+02 
   67.663    5.041000  5.570048e+00  2.771289e+02 
   67.663    5.144000  7.455278e+00  2.806572e+02 
   67.663    5.247000  1.083860e+01  2.855316e+02 
   67.663    5.350000  1.606418e+01  2.910889e+02 
   67.663    5.453000  2.405245e+01  2.972897e+02 
   67.663    5.556000  3.857550e+01  3.052148e+02 
   67.663    5.659000  6.115319e+01  3.136213e+02 
   67.663    5.761000  8.814014e+01  3.207338e+02 
   67.663    5.864000  1.175297e+02  3.265760e+02 
   67.663    5.967000  1.545667e+02  3.323047e+02 
   67.663    6.070000  1.915607e+02  3.368545e+02 
   67.663    6.173000  2.265653e+02  3.404249e+02 
   67.663    6.276000  2.620931e+02  3.435170e+02 
   67.663    6.379000  2.918632e+02  3.457727e+02 
   67.663    6.482000  3.113077e+02  3.471039e+02 
   67.663    6.585000  3.222955e+02  3.478077e+02 
   67.663    6.688000  3.309845e+02  3.483490e+02 
   67.663    6.790000  3.408287e+02  3.489581e+02 
   67.663    6.893000  3.417449e+02  3.489805e+02 
   67.663    6.996000  3.426702e+02  3.490077e+02 
   67.663    7.099000  3.436000e+02  3.490392e+02 
   67.663    7.202000  3.445041e+02  3.490764e+02 
   67.663    7.305000  3.453475e+02  3.491198e+02 
   67.663    7.408000  3.544679e+02  3.497212e+02 
   67.663    7.511000  3.621017e+02  3.502172e+02 
   67.663    7.614000  3.675981e+02  3.505782e+02 
   67.663    7.716000  3.781481e+02  3.512356e+02 
   67.663    7.819000  3.892852e+02  3.518976e+02 
   67.663    7.922000  3.966227e+02  3.523257e+02 
   67.663    8.025000  4.054807e+02  3.528171e+02 
   67.663    8.128000  4.131434e+02  3.532278e+02 
   67.663    8.231000  4.221920e+02  3.536871e+02 
   67.663    8.334000  4.268499e+02  3.539258e+02 
   67.663    8.437000  4.352648e+02  3.543244e+02 
   67.663    8.540000  4.441689e+02  3.547238e+02 
   67.663    8.642000  4.446925e+02  3.547664e+02 
   67.663    8.745000  4.452028e+02  3.548093e+02 
   67.663    8.848000  4.456976e+02  3.548517e+02 
   67.663    8.951000  4.462119e+02  3.548914e+02 
   67.663    9.054000  4.467200e+02  3.549298e+02 
   67.663    9.157000  4.472248e+02  3.549669e+02 
   67.663    9.260000  4.477311e+02  3.550025e+02 
   67.663    9.363000  4.482073e+02  3.550378e+02 
   67.663    9.466000  4.486833e+02  3.550715e+02 
   67.663    9.568000  4.491548e+02  3.551033e+02 
   67.663    9.671000  4.496314e+02  3.551339e+02 
   67.663    9.774000  4.501054e+02  3.551629e+02 
   67.663    9.877000  4.505728e+02  3.551907e+02 
   67.663    9.980000  4.510327e+02  3.552172e+02 
   67.663   10.083000  4.514845e+02  3.552426e+02 
   67.663   10.186000  4.519590e+02  3.552659e+02 
   67.663   10.289000  4.524224e+02  3.552885e+02 
   67.663   10.392000  4.528766e+02  3.553105e+02 
   67.663   10.493999  4.533199e+02  3.553315e+02 
   67.663   10.597000  4.537618e+02  3.553522e+02 
   67.663   10.700000  4.541975e+02  3.553723e+02 
   67.663   10.802999  4.546273e+02  3.553922e+02 
   67.663   10.906000  4.550509e+02  3.554116e+02 
   67.663   11.009000  4.554685e+02  3.554307e+02 
   67.663   11.112000  4.558806e+02  3.554497e+02 
   67.663   11.215000  4.562873e+02  3.554685e+02 
   67.663   11.318000  4.566886e+02  3.554873e+02 
   67.663   11.420000  4.570807e+02  3.555057e+02 
   67.663   11.523000  4.574713e+02  3.555244e+02 
   67.663   11.625999  4.578567e+02  3.555429e+02 
   67.663   11.729000  4.582368e+02  3.555613e+02 
   67.663   11.832000  4.586114e+02  3.555797e+02 
   67.663   11.934999  4.589807e+02  3.555978e+02 
   67.663   12.038000  4.593449e+02  3.556159e+02 
   67.663   12.141000  4.597040e+02  3.556337e+02 
   67.663   12.243999  4.600582e+02  3.556513e+02 
   67.663   12.347000  4.604075e+02  3.556686e+02 
   67.663   12.449000  4.607488e+02  3.556855e+02 
   67.663   12.552000  4.610888e+02  3.557022e+02 
   67.663   12.655000  4.614243e+02  3.557187e+02 
   67.663   12.757999  4.617554e+02  3.557347e+02 
   67.663   12.861000  4.620826e+02  3.557504e+02 
   67.663   12.964000  4.624060e+02  3.557657e+02 
   67.663   13.066999  4.627257e+02  3.557805e+02 
   67.663   13.170000  4.630417e+02  3.557948e+02 
   67.663   13.273000  4.633540e+02  3.558086e+02 
   67.663   13.375000  4.636597e+02  3.558217e+02 
   67.663   13.478000  4.639649e+02  3.558345e+02 
   67.663   13.581000  4.642665e+02  3.558466e+02 
   67.663   13.684000  4.645647e+02  3.558582e+02 
   67.663   13.787000  4.648596e+02  3.558691e+02 
   67.663   13.890000  4.651512e+02  3.558794e+02 
   67.663   13.993000  4.654396e+02  3.558890e+02 
   67.663   14.096000  4.657249e+02  3.558979e+02 
   67.663   14.199000  4.660072e+02  3.559061e+02 
   67.663   14.301000  4.662835e+02  3.559135e+02 
   67.663   14.404000  4.665595e+02  3.559205e+02 
   67.663   14.507000  4.668323e+02  3.559270e+02 
   67.663   14.610000  4.671019e+02  3.559329e+02 
   67.663   14.713000  4.673682e+02  3.559385e+02 
   67.663   14.816000  4.676313e+02  3.559438e+02 
   67.663   14.919000  4.678911e+02  3.559488e+02 
   67.663   15.022000  4.681477e+02  3.559535e+02 
   67.663   15.125000  4.684012e+02  3.559580e+02 
   67.663   15.227000  4.686490e+02  3.559621e+02 
   67.663   15.330000  4.688961e+02  3.559661e+02 
   67.663   15.433000  4.691403e+02  3.559697e+02 
   67.663   15.536000  4.693813e+02  3.559731e+02 
   67.663   15.639000  4.696194e+02  3.559762e+02 
   67.663   15.742000  4.698545e+02  3.559791e+02 
   67.663   15.845000  4.700868e+02  3.559816e+02 
   67.663   15.947999  4.703164e+02  3.559839e+02 
   67.663   16.051001  4.705435e+02  3.559860e+02 
   67.663   16.153002  4.707659e+02  3.559877e+02 
   67.663   16.256001  4.709882e+02  3.559892e+02 
   67.663   16.359001  4.712081e+02  3.559903e+02 
   67.663   16.462000  4.714257e+02  3.559911e+02 
   67.663   16.565001  4.716411e+02  3.559916e+02 
   67.663   16.668001  4.718544e+02  3.559916e+02 
   67.663   16.771000  4.720657e+02  3.559912e+02 
   67.663   16.874001  4.722752e+02  3.559903e+02 
   67.663   16.977001  4.724828e+02  3.559888e+02 
   67.663   17.080000  4.726888e+02  3.559867e+02 
   67.663   17.182001  4.728914e+02  3.559837e+02 
   67.663   17.285002  4.730948e+02  3.559798e+02 
   67.663   17.388000  4.732969e+02  3.559752e+02 
   67.663   17.491001  4.734977e+02  3.559696e+02 
   67.663   17.594002  4.736975e+02  3.559632e+02 
   67.663   17.697001  4.738961e+02  3.559559e+02 
   67.663   17.800001  4.740932e+02  3.559480e+02 
   67.663   17.903002  4.742888e+02  3.559395e+02 
   67.663   18.006001  4.744829e+02  3.559305e+02 
   67.663   18.108002  4.746735e+02  3.559212e+02 
   67.663   18.211000  4.748643e+02  3.559113e+02 
   67.663   18.314001  4.750534e+02  3.559011e+02 
   67.663   18.417002  4.752409e+02  3.558905e+02 
   67.663   18.520000  4.754268e+02  3.558795e+02 
   67.663   18.623001  4.756112e+02  3.558681e+02 
   67.663   18.726002  4.757941e+02  3.558562e+02 
   67.663   18.829000  4.759755e+02  3.558440e+02 
   67.663   18.932001  4.761554e+02  3.558313e+02 
   67.663   19.034000  4.763322e+02  3.558184e+02 
   67.663   19.137001  4.765095e+02  3.558049e+02 
   67.663   19.240002  4.766853e+02  3.557911e+02 
   67.663   19.343000  4.768598e+02  3.557769e+02 
   67.663   19.446001  4.770331e+02  3.557625e+02 
   67.663   19.549002  4.772050e+02  3.557476e+02 
   67.663   19.652000  4.773756e+02  3.557325e+02 
   67.663   19.755001  4.775449e+02  3.557170e+02 
   67.663   19.858002  4.777130e+02  3.557011e+02 
   67.663   19.960001  4.778782e+02  3.556852e+02 
   67.663   20.063002  4.780442e+02  3.556685e+02 
   67.663   20.363001  4.785224e+02  3.556170e+02 
   67.663   20.858002  4.792886e+02  3.555269e+02 
   67.663   21.354000  4.800282e+02  3.554311e+02 
   67.663   21.850000  4.807392e+02  3.553310e+02 
   67.663   22.346001  4.814149e+02  3.552323e+02 
   67.663   22.841002  4.820486e+02  3.551401e+02 
   67.663   23.337000  4.826407e+02  3.550559e+02 
   67.663   23.833000  4.831937e+02  3.549782e+02 
   67.663   24.329000  4.837139e+02  3.549042e+02 
   67.663   24.824001  4.842026e+02  3.548334e+02 
   67.663   25.320002  4.846606e+02  3.547667e+02 
   67.663   25.816000  4.850877e+02  3.547047e+02 
   67.663   26.312000  4.854867e+02  3.546467e+02 
   67.663   26.807001  4.858596e+02  3.545916e+02 
   67.663   27.303001  4.862090e+02  3.545396e+02 
   67.663   27.799002  4.865349e+02  3.544904e+02 
   67.663   28.295000  4.868398e+02  3.544438e+02 
   67.663   28.790001  4.871257e+02  3.543991e+02 
   67.663   29.286001  4.873964e+02  3.543556e+02 
   67.663   29.782001  4.876534e+02  3.543131e+02 
   67.663   30.278002  4.878983e+02  3.542713e+02 
   67.663   30.773001  4.881324e+02  3.542304e+02 
   67.663   31.269001  4.883582e+02  3.541903e+02 
   67.663   31.765001  4.885768e+02  3.541509e+02 
   67.663   32.260998  4.887907e+02  3.541123e+02 
   67.663   32.756001  4.890011e+02  3.540746e+02 
   67.663   33.251999  4.892104e+02  3.540381e+02 
   67.663   33.747997  4.894197e+02  3.540031e+02 
   67.663   34.243999  4.896303e+02  3.539701e+02 
   67.663   34.738998  4.898434e+02  3.539389e+02 
   67.663   35.235001  4.900612e+02  3.539097e+02 
   67.663   35.730999  4.902842e+02  3.538824e+02 
   67.663   36.226997  4.905130e+02  3.538568e+02 
   67.663   36.723000  4.907477e+02  3.538329e+02 
   67.663   37.217999  4.909872e+02  3.538107e+02 
   67.663   37.714001  4.912314e+02  3.537899e+02 
   67.663   38.209999  4.914785e+02  3.537706e+02 
   67.663   38.705997  4.917266e+02  3.537527e+02 
   67.663   39.201000  4.919734e+02  3.537363e+02 
   67.663   39.696999  4.922175e+02  3.537214e+02 
   67.663   40.196999  4.924555e+02  3.537094e+02 
   67.663   45.196999  4.943260e+02  3.536541e+02 
   67.663   50.196999  4.950351e+02  3.536426e+02 
   67.663   55.196999  4.952840e+02  3.536422e+02 
   67.663   60.196999  4.960339e+02  3.536440e+02 
   67.663   65.197006  4.972684e+02  3.536457e+02 
