   67.520    0.000000  9.501146e-03  1.233187e+01 
   67.520    0.103000  9.555173e-03  1.248536e+01 
   67.520    0.206000  9.609129e-03  1.264287e+01 
   67.520    0.309000  9.662963e-03  1.280243e+01 
   67.520    0.412000  9.716650e-03  1.296311e+01 
   67.520    0.514000  9.769494e-03  1.312285e+01 
   67.520    0.617000  1.056714e-02  1.441352e+01 
   67.520    0.720000  1.218854e-02  1.668377e+01 
   67.520    0.823000  1.478573e-02  1.967535e+01 
   67.520    0.926000  1.872555e-02  2.326071e+01 
   67.520    1.029000  2.460492e-02  2.735312e+01 
   67.520    1.132000  3.335929e-02  3.189085e+01 
   67.520    1.235000  4.643109e-02  3.682692e+01 
   67.520    1.338000  6.604028e-02  4.212745e+01 
   67.520    1.440000  9.523129e-02  4.771026e+01 
   67.520    1.543000  1.396883e-01  5.366531e+01 
   67.520    1.646000  2.069695e-01  5.992316e+01 
   67.520    1.749000  3.124170e-01  6.667751e+01 
   67.520    1.852000  9.552302e-01  8.200020e+01 
   67.520    1.955000  6.275012e+00  1.112263e+02 
   67.520    2.058000  1.380434e+02  1.743988e+02 
   67.520    2.161000  1.527115e+02  1.764661e+02 
   67.520    2.264000  1.690124e+02  1.786830e+02 
   67.520    2.366000  1.883730e+02  1.811914e+02 
   67.520    2.469000  2.122694e+02  1.840927e+02 
   67.520    2.572000  2.388082e+02  1.870918e+02 
   67.520    2.675000  3.260264e+02  1.952227e+02 
   67.520    2.778000  3.284983e+02  1.953495e+02 
   67.520    2.881000  3.304366e+02  1.954315e+02 
   67.520    2.984000  3.323031e+02  1.955269e+02 
   67.520    3.087000  3.337876e+02  1.955854e+02 
   67.520    3.190000  3.352594e+02  1.956579e+02 
   67.520    3.292000  3.367062e+02  1.957412e+02 
   67.520    3.395000  3.381585e+02  1.958352e+02 
   67.520    3.498000  3.396036e+02  1.959376e+02 
   67.520    3.601000  3.410423e+02  1.960474e+02 
   67.520    3.704000  3.424774e+02  1.961636e+02 
   67.520    3.807000  3.439078e+02  1.962854e+02 
   67.520    3.910000  3.453325e+02  1.964126e+02 
   67.520    4.013000  3.467497e+02  1.965444e+02 
   67.520    4.116000  3.481588e+02  1.966805e+02 
   67.520    4.218000  3.495455e+02  1.968191e+02 
   67.520    4.321000  3.509348e+02  1.969625e+02 
   67.520    4.424000  3.523123e+02  1.971089e+02 
   67.520    4.527000  3.536764e+02  1.972580e+02 
   67.520    4.630000  3.550262e+02  1.974096e+02 
   67.520    4.733000  3.563627e+02  1.975629e+02 
   67.520    4.836000  3.576837e+02  1.977179e+02 
   67.520    4.939000  3.589896e+02  1.978743e+02 
   67.520    5.042000  3.602813e+02  1.980318e+02 
   67.520    5.144000  3.615446e+02  1.981887e+02 
   67.520    5.247000  3.628040e+02  1.983480e+02 
   67.520    5.350000  3.640470e+02  1.985078e+02 
   67.520    5.453000  3.652724e+02  1.986682e+02 
   67.520    5.556000  3.664803e+02  1.988289e+02 
   67.520    5.659000  3.676698e+02  1.989899e+02 
   67.520    5.762000  3.688391e+02  1.991511e+02 
   67.520    5.865000  3.699867e+02  1.993124e+02 
   67.520    5.968000  3.713900e+02  1.995163e+02 
   67.520    6.071000  3.728658e+02  1.997340e+02 
   67.520    6.173000  3.744590e+02  1.999719e+02 
   67.520    6.276000  3.764159e+02  2.002005e+02 
   67.520    6.379000  3.785182e+02  2.004399e+02 
   67.520    6.482000  3.808339e+02  2.006952e+02 
   67.520    6.585000  3.831571e+02  2.009503e+02 
   67.520    6.688000  3.856317e+02  2.012160e+02 
   67.520    6.791000  3.886419e+02  2.015212e+02 
   67.520    6.894000  3.912364e+02  2.017927e+02 
   67.520    6.997000  3.953138e+02  2.021725e+02 
   67.520    7.099000  3.980169e+02  2.024453e+02 
   67.520    7.202000  4.007076e+02  2.027188e+02 
   67.520    7.305000  4.033051e+02  2.029886e+02 
   67.520    7.408000  4.058442e+02  2.032569e+02 
   67.520    7.511000  4.084314e+02  2.035305e+02 
   67.520    7.614000  4.107648e+02  2.037873e+02 
   67.520    7.717000  4.135450e+02  2.040759e+02 
   67.520    7.820000  4.164486e+02  2.043700e+02 
   67.520    7.923000  4.199690e+02  2.047033e+02 
   67.520    8.025000  4.222348e+02  2.049448e+02 
   67.520    8.127999  4.250078e+02  2.052188e+02 
   67.520    8.231000  4.274409e+02  2.054662e+02 
   67.520    8.334000  4.298578e+02  2.057101e+02 
   67.520    8.436999  4.328088e+02  2.059873e+02 
   67.520    8.540000  4.362306e+02  2.062929e+02 
   67.520    8.643000  4.392051e+02  2.065666e+02 
   67.520    8.745999  4.418885e+02  2.068195e+02 
   67.520    8.849000  4.432631e+02  2.070391e+02 
   67.520    8.950999  4.446013e+02  2.072519e+02 
   67.520    9.054000  4.460227e+02  2.074729e+02 
   67.520    9.157000  4.475942e+02  2.077090e+02 
   67.520    9.259999  4.493098e+02  2.079587e+02 
   67.520    9.363000  4.511402e+02  2.082178e+02 
   67.520    9.466000  4.516225e+02  2.083143e+02 
   67.520    9.568999  4.521044e+02  2.084088e+02 
   67.520    9.672000  4.525859e+02  2.085012e+02 
   67.520    9.775000  4.530638e+02  2.085916e+02 
   67.520    9.877000  4.535292e+02  2.086792e+02 
   67.520    9.980000  4.539905e+02  2.087658e+02 
   67.520   10.082999  4.544428e+02  2.088505e+02 
   67.520   10.186000  4.549174e+02  2.089328e+02 
   67.520   10.289000  4.553804e+02  2.090137e+02 
   67.520   10.391999  4.558340e+02  2.090930e+02 
   67.520   10.495000  4.562817e+02  2.091709e+02 
   67.520   10.598000  4.567238e+02  2.092475e+02 
   67.520   10.700999  4.571601e+02  2.093228e+02 
   67.520   10.802999  4.575861e+02  2.093963e+02 
   67.520   10.905999  4.580101e+02  2.094693e+02 
   67.520   11.009000  4.584280e+02  2.095413e+02 
   67.520   11.112000  4.588401e+02  2.096123e+02 
   67.520   11.214999  4.592465e+02  2.096824e+02 
   67.520   11.318000  4.596474e+02  2.097516e+02 
   67.520   11.421000  4.600431e+02  2.098199e+02 
   67.520   11.523999  4.604339e+02  2.098874e+02 
   67.520   11.627000  4.608196e+02  2.099540e+02 
   67.520   11.730000  4.612000e+02  2.100198e+02 
   67.520   11.832000  4.615714e+02  2.100841e+02 
   67.520   11.934999  4.619411e+02  2.101481e+02 
   67.520   12.037999  4.623057e+02  2.102113e+02 
   67.520   12.141000  4.626653e+02  2.102736e+02 
   67.520   12.243999  4.630199e+02  2.103350e+02 
   67.520   12.346999  4.633697e+02  2.103955e+02 
   67.520   12.450000  4.637149e+02  2.104552e+02 
   67.520   12.552999  4.640553e+02  2.105139e+02 
   67.520   12.655999  4.643913e+02  2.105717e+02 
   67.520   12.757999  4.647197e+02  2.106281e+02 
   67.520   12.861000  4.650473e+02  2.106840e+02 
   67.520   12.964000  4.653711e+02  2.107390e+02 
   67.520   13.066999  4.656910e+02  2.107930e+02 
   67.520   13.170000  4.660071e+02  2.108460e+02 
   67.520   13.273000  4.663195e+02  2.108980e+02 
   67.520   13.375999  4.666284e+02  2.109491e+02 
   67.520   13.479000  4.669337e+02  2.109991e+02 
   67.520   13.582000  4.672356e+02  2.110481e+02 
   67.520   13.684000  4.675312e+02  2.110956e+02 
   67.520   13.787000  4.678263e+02  2.111426e+02 
   67.520   13.889999  4.681181e+02  2.111886e+02 
   67.520   13.993000  4.684067e+02  2.112336e+02 
   67.520   14.096000  4.686921e+02  2.112776e+02 
   67.520   14.198999  4.689744e+02  2.113205e+02 
   67.520   14.302000  4.692535e+02  2.113625e+02 
   67.520   14.405000  4.695296e+02  2.114036e+02 
   67.520   14.507999  4.698025e+02  2.114438e+02 
   67.520   14.610000  4.700695e+02  2.114827e+02 
   67.520   14.712999  4.703361e+02  2.115212e+02 
   67.520   14.816000  4.705994e+02  2.115589e+02 
   67.520   14.919000  4.708594e+02  2.115960e+02 
   67.520   15.021999  4.711163e+02  2.116323e+02 
   67.520   15.125000  4.713700e+02  2.116680e+02 
   67.520   15.228000  4.716206e+02  2.117030e+02 
   67.520   15.330999  4.718680e+02  2.117374e+02 
   67.520   15.434000  4.721125e+02  2.117711e+02 
   67.520   15.535999  4.723515e+02  2.118039e+02 
   67.520   15.639000  4.725899e+02  2.118363e+02 
   67.520   15.742000  4.728253e+02  2.118681e+02 
   67.520   15.844999  4.730579e+02  2.118992e+02 
   67.520   15.947999  4.732878e+02  2.119297e+02 
   67.520   16.051001  4.735151e+02  2.119596e+02 
   67.520   16.154001  4.737400e+02  2.119888e+02 
   67.520   16.257000  4.739625e+02  2.120175e+02 
   67.520   16.360001  4.741826e+02  2.120455e+02 
   67.520   16.462000  4.743983e+02  2.120726e+02 
   67.520   16.565001  4.746140e+02  2.120994e+02 
   67.520   16.668001  4.748275e+02  2.121255e+02 
   67.520   16.771000  4.750389e+02  2.121510e+02 
   67.520   16.874001  4.752486e+02  2.121757e+02 
   67.520   16.977001  4.754563e+02  2.121997e+02 
   67.520   17.080000  4.756623e+02  2.122229e+02 
   67.520   17.183001  4.758670e+02  2.122452e+02 
   67.520   17.286001  4.760703e+02  2.122665e+02 
   67.520   17.389000  4.762723e+02  2.122870e+02 
   67.520   17.491001  4.764711e+02  2.123064e+02 
   67.520   17.594000  4.766708e+02  2.123250e+02 
   67.520   17.697001  4.768694e+02  2.123427e+02 
   67.520   17.800001  4.770665e+02  2.123595e+02 
   67.520   17.903000  4.772621e+02  2.123756e+02 
   67.520   18.006001  4.774563e+02  2.123911e+02 
   67.520   18.109001  4.776488e+02  2.124059e+02 
   67.520   18.212000  4.778397e+02  2.124200e+02 
   67.520   18.315001  4.780290e+02  2.124337e+02 
   67.520   18.417000  4.782147e+02  2.124466e+02 
   67.520   18.520000  4.784006e+02  2.124591e+02 
   67.520   18.623001  4.785850e+02  2.124710e+02 
   67.520   18.726000  4.787679e+02  2.124823e+02 
   67.520   18.829000  4.789494e+02  2.124931e+02 
   67.520   18.932001  4.791293e+02  2.125033e+02 
   67.520   19.035000  4.793079e+02  2.125129e+02 
   67.520   19.138000  4.794852e+02  2.125219e+02 
   67.520   19.241001  4.796612e+02  2.125305e+02 
   67.520   19.343000  4.798340e+02  2.125385e+02 
   67.520   19.446001  4.800074e+02  2.125460e+02 
   67.520   19.549000  4.801793e+02  2.125531e+02 
   67.520   19.652000  4.803499e+02  2.125597e+02 
   67.520   19.755001  4.805193e+02  2.125658e+02 
   67.520   19.858000  4.806873e+02  2.125715e+02 
   67.520   19.961000  4.808542e+02  2.125767e+02 
   67.520   20.064001  4.810201e+02  2.125813e+02 
   67.520   20.363001  4.814966e+02  2.125915e+02 
   67.520   20.859001  4.822645e+02  2.126005e+02 
   67.520   21.355001  4.830042e+02  2.126005e+02 
   67.520   21.850000  4.837146e+02  2.125928e+02 
   67.520   22.346001  4.843921e+02  2.125813e+02 
   67.520   22.842001  4.850295e+02  2.125701e+02 
   67.520   23.338001  4.856240e+02  2.125609e+02 
   67.520   23.833000  4.861777e+02  2.125531e+02 
   67.520   24.329000  4.866989e+02  2.125448e+02 
   67.520   24.825001  4.871894e+02  2.125355e+02 
   67.520   25.321001  4.876484e+02  2.125264e+02 
   67.520   25.816000  4.880757e+02  2.125179e+02 
   67.520   26.312000  4.884754e+02  2.125096e+02 
   67.520   26.808001  4.888498e+02  2.125011e+02 
   67.520   27.304001  4.892001e+02  2.124925e+02 
   67.520   27.799000  4.895262e+02  2.124839e+02 
   67.520   28.295000  4.898315e+02  2.124752e+02 
   67.520   28.791000  4.901183e+02  2.124661e+02 
   67.520   29.287001  4.903891e+02  2.124564e+02 
   67.520   29.782001  4.906458e+02  2.124458e+02 
   67.520   30.278000  4.908911e+02  2.124344e+02 
   67.520   30.774000  4.911261e+02  2.124223e+02 
   67.520   31.270000  4.913526e+02  2.124096e+02 
   67.520   31.765001  4.915716e+02  2.123963e+02 
   67.520   32.261002  4.917863e+02  2.123826e+02 
   67.520   32.757000  4.919981e+02  2.123686e+02 
   67.520   33.253002  4.922084e+02  2.123546e+02 
   67.520   33.748001  4.924185e+02  2.123410e+02 
   67.520   34.243999  4.926305e+02  2.123278e+02 
   67.520   34.740002  4.928456e+02  2.123153e+02 
   67.520   35.236000  4.930649e+02  2.123035e+02 
   67.520   35.730999  4.932892e+02  2.122924e+02 
   67.520   36.227001  4.935197e+02  2.122820e+02 
   67.520   36.723000  4.937560e+02  2.122722e+02 
   67.520   37.219002  4.939977e+02  2.122632e+02 
   67.520   37.714001  4.942431e+02  2.122547e+02 
   67.520   38.209999  4.944918e+02  2.122469e+02 
   67.520   38.706001  4.947411e+02  2.122397e+02 
   67.520   39.202000  4.949897e+02  2.122332e+02 
   67.520   39.697002  4.952343e+02  2.122274e+02 
   67.520   40.197002  4.954731e+02  2.122232e+02 
   67.520   45.197002  4.973467e+02  2.122143e+02 
   67.520   50.197002  4.980556e+02  2.122213e+02 
   67.520   55.197002  4.983054e+02  2.122291e+02 
   67.520   60.197002  4.990638e+02  2.122348e+02 
   67.520   65.196999  5.003002e+02  2.122385e+02 
