    0.000    0.000000  0.000000e+00  3.530317e+02 
    0.000    0.103000  0.000000e+00  3.521140e+02 
    0.000    0.206000  0.000000e+00  3.508535e+02 
    0.000    0.309000  0.000000e+00  3.494275e+02 
    0.000    0.412000  0.000000e+00  3.479261e+02 
    0.000    0.515000  0.000000e+00  3.463777e+02 
    0.000    0.618000  0.000000e+00  3.446903e+02 
    0.000    0.721000  0.000000e+00  3.424361e+02 
    0.000    0.823000  0.000000e+00  3.396773e+02 
    0.000    0.926000  0.000000e+00  3.364927e+02 
    0.000    1.029000  0.000000e+00  3.331256e+02 
    0.000    1.132000  0.000000e+00  3.295831e+02 
    0.000    1.235000  0.000000e+00  3.260436e+02 
    0.000    1.338000  0.000000e+00  3.225847e+02 
    0.000    1.441000  0.000000e+00  3.192651e+02 
    0.000    1.544000  0.000000e+00  3.161182e+02 
    0.000    1.647000  0.000000e+00  3.129940e+02 
    0.000    1.749000  0.000000e+00  3.099053e+02 
    0.000    1.852000  0.000000e+00  3.080883e+02 
    0.000    1.955000  0.000000e+00  3.052682e+02 
    0.000    2.058000  0.000000e+00  3.025387e+02 
    0.000    2.161000  0.000000e+00  2.995860e+02 
    0.000    2.264000  0.000000e+00  2.964553e+02 
    0.000    2.367000  0.000000e+00  2.911747e+02 
    0.000    2.470000  0.000000e+00  2.896696e+02 
    0.000    2.573000  0.000000e+00  2.878957e+02 
    0.000    2.675000  0.000000e+00  2.848290e+02 
    0.000    2.778000  0.000000e+00  2.821587e+02 
    0.000    2.881000  0.000000e+00  2.794742e+02 
    0.000    2.984000  0.000000e+00  2.765017e+02 
    0.000    3.087000  0.000000e+00  2.729539e+02 
    0.000    3.190000  0.000000e+00  2.721264e+02 
    0.000    3.293000  0.000000e+00  2.711693e+02 
    0.000    3.396000  0.000000e+00  2.701536e+02 
    0.000    3.499000  0.000000e+00  2.691050e+02 
    0.000    3.601000  0.000000e+00  2.680394e+02 
    0.000    3.704000  0.000000e+00  2.669500e+02 
    0.000    3.807000  0.000000e+00  2.658709e+02 
    0.000    3.910000  0.000000e+00  2.647957e+02 
    0.000    4.013000  0.000000e+00  2.637038e+02 
    0.000    4.116000  0.000000e+00  2.625982e+02 
    0.000    4.219000  0.000000e+00  2.614761e+02 
    0.000    4.322000  0.000000e+00  2.603503e+02 
    0.000    4.425000  0.000000e+00  2.592110e+02 
    0.000    4.527000  0.000000e+00  2.580733e+02 
    0.000    4.630000  0.000000e+00  2.569286e+02 
    0.000    4.733000  0.000000e+00  2.557879e+02 
    0.000    4.836000  0.000000e+00  2.545872e+02 
    0.000    4.939000  0.000000e+00  2.533856e+02 
    0.000    5.042000  0.000000e+00  2.521800e+02 
    0.000    5.145000  0.000000e+00  2.509781e+02 
    0.000    5.248000  0.000000e+00  2.496444e+02 
    0.000    5.351000  0.000000e+00  2.482593e+02 
    0.000    5.453000  0.000000e+00  2.468821e+02 
    0.000    5.556000  0.000000e+00  2.454954e+02 
    0.000    5.659000  0.000000e+00  2.442622e+02 
    0.000    5.762000  0.000000e+00  2.432587e+02 
    0.000    5.865000  0.000000e+00  2.422753e+02 
    0.000    5.968000  0.000000e+00  2.413132e+02 
    0.000    6.071000  0.000000e+00  2.403648e+02 
    0.000    6.174000  0.000000e+00  2.394268e+02 
    0.000    6.277000  0.000000e+00  2.385057e+02 
    0.000    6.380000  0.000000e+00  2.376025e+02 
    0.000    6.482000  0.000000e+00  2.367235e+02 
    0.000    6.585000  0.000000e+00  2.358570e+02 
    0.000    6.688000  0.000000e+00  2.350169e+02 
    0.000    6.791000  0.000000e+00  2.342002e+02 
    0.000    6.894000  0.000000e+00  2.334097e+02 
    0.000    6.997000  0.000000e+00  2.326490e+02 
    0.000    7.100000  0.000000e+00  2.319149e+02 
    0.000    7.203000  0.000000e+00  2.313066e+02 
    0.000    7.306000  0.000000e+00  2.308369e+02 
    0.000    7.408000  0.000000e+00  2.303266e+02 
    0.000    7.511000  0.000000e+00  2.299677e+02 
    0.000    7.614000  0.000000e+00  2.297120e+02 
    0.000    7.717000  0.000000e+00  2.295214e+02 
    0.000    7.820000  0.000000e+00  2.293435e+02 
    0.000    7.923000  0.000000e+00  2.291836e+02 
    0.000    8.026000  0.000000e+00  2.290222e+02 
    0.000    8.129000  0.000000e+00  2.288702e+02 
    0.000    8.232000  0.000000e+00  2.287215e+02 
    0.000    8.334000  0.000000e+00  2.285628e+02 
    0.000    8.437000  0.000000e+00  2.283918e+02 
    0.000    8.540000  0.000000e+00  2.282152e+02 
    0.000    8.643000  0.000000e+00  2.280634e+02 
    0.000    8.746000  0.000000e+00  2.279687e+02 
    0.000    8.849000  0.000000e+00  2.278657e+02 
    0.000    8.952000  0.000000e+00  2.277578e+02 
    0.000    9.055000  0.000000e+00  2.276465e+02 
    0.000    9.158000  0.000000e+00  2.275335e+02 
    0.000    9.260000  0.000000e+00  2.274292e+02 
    0.000    9.363000  0.000000e+00  2.273294e+02 
    0.000    9.466000  0.000000e+00  2.272338e+02 
    0.000    9.569000  0.000000e+00  2.271505e+02 
    0.000    9.672000  0.000000e+00  2.270760e+02 
    0.000    9.775000  0.000000e+00  2.270109e+02 
    0.000    9.878000  0.000000e+00  2.269656e+02 
    0.000    9.981000  0.000000e+00  2.269348e+02 
    0.000   10.084000  0.000000e+00  2.269091e+02 
    0.000   10.186000  0.000000e+00  2.268785e+02 
    0.000   10.289000  0.000000e+00  2.268448e+02 
    0.000   10.392000  0.000000e+00  2.268088e+02 
    0.000   10.495000  0.000000e+00  2.267658e+02 
    0.000   10.598000  0.000000e+00  2.267185e+02 
    0.000   10.701000  0.000000e+00  2.266696e+02 
    0.000   10.804000  0.000000e+00  2.266198e+02 
    0.000   10.907000  0.000000e+00  2.265697e+02 
    0.000   11.010000  0.000000e+00  2.265178e+02 
    0.000   11.112000  0.000000e+00  2.264579e+02 
    0.000   11.215000  0.000000e+00  2.263915e+02 
    0.000   11.318000  0.000000e+00  2.263221e+02 
    0.000   11.421000  0.000000e+00  2.262493e+02 
    0.000   11.524000  0.000000e+00  2.261743e+02 
    0.000   11.627000  0.000000e+00  2.260983e+02 
    0.000   11.730000  0.000000e+00  2.260237e+02 
    0.000   11.833000  0.000000e+00  2.259502e+02 
    0.000   11.936000  0.000000e+00  2.258774e+02 
    0.000   12.039000  0.000000e+00  2.258051e+02 
    0.000   12.141000  0.000000e+00  2.257339e+02 
    0.000   12.244000  0.000000e+00  2.256626e+02 
    0.000   12.347000  0.000000e+00  2.255911e+02 
    0.000   12.450000  0.000000e+00  2.255194e+02 
    0.000   12.553000  0.000000e+00  2.254478e+02 
    0.000   12.656000  0.000000e+00  2.253774e+02 
    0.000   12.759000  0.000000e+00  2.253083e+02 
    0.000   12.862000  0.000000e+00  2.252404e+02 
    0.000   12.965000  0.000000e+00  2.251743e+02 
    0.000   13.067000  0.000000e+00  2.251115e+02 
    0.000   13.170000  0.000000e+00  2.250500e+02 
    0.000   13.273000  0.000000e+00  2.249902e+02 
    0.000   13.376000  0.000000e+00  2.249325e+02 
    0.000   13.479000  0.000000e+00  2.248764e+02 
    0.000   13.582000  0.000000e+00  2.248218e+02 
    0.000   13.685000  0.000000e+00  2.247686e+02 
    0.000   13.788000  0.000000e+00  2.247167e+02 
    0.000   13.891000  0.000000e+00  2.246659e+02 
    0.000   13.993000  0.000000e+00  2.246175e+02 
    0.000   14.096000  0.000000e+00  2.245706e+02 
    0.000   14.199000  0.000000e+00  2.245250e+02 
    0.000   14.302000  0.000000e+00  2.244814e+02 
    0.000   14.405000  0.000000e+00  2.244399e+02 
    0.000   14.508000  0.000000e+00  2.244002e+02 
    0.000   14.611000  0.000000e+00  2.243616e+02 
    0.000   14.714000  0.000000e+00  2.243225e+02 
    0.000   14.817000  0.000000e+00  2.242834e+02 
    0.000   14.919000  0.000000e+00  2.242449e+02 
    0.000   15.022000  0.000000e+00  2.242059e+02 
    0.000   15.125000  0.000000e+00  2.241668e+02 
    0.000   15.228000  0.000000e+00  2.241279e+02 
    0.000   15.331000  0.000000e+00  2.240902e+02 
    0.000   15.434000  0.000000e+00  2.240546e+02 
    0.000   15.537000  0.000000e+00  2.240204e+02 
    0.000   15.640000  0.000000e+00  2.239870e+02 
    0.000   15.743000  0.000000e+00  2.239514e+02 
    0.000   15.845000  0.000000e+00  2.239145e+02 
    0.000   15.948000  0.000000e+00  2.238765e+02 
    0.000   16.051001  0.000000e+00  2.238352e+02 
    0.000   16.153999  0.000000e+00  2.237903e+02 
    0.000   16.257000  0.000000e+00  2.237431e+02 
    0.000   16.360001  0.000000e+00  2.236946e+02 
    0.000   16.462999  0.000000e+00  2.236459e+02 
    0.000   16.566000  0.000000e+00  2.235970e+02 
    0.000   16.669001  0.000000e+00  2.235478e+02 
    0.000   16.771999  0.000000e+00  2.235007e+02 
    0.000   16.874001  0.000000e+00  2.234559e+02 
    0.000   16.976999  0.000000e+00  2.234119e+02 
    0.000   17.080000  0.000000e+00  2.233698e+02 
    0.000   17.183001  0.000000e+00  2.233306e+02 
    0.000   17.285999  0.000000e+00  2.232937e+02 
    0.000   17.389000  0.000000e+00  2.232583e+02 
    0.000   17.492001  0.000000e+00  2.232246e+02 
    0.000   17.594999  0.000000e+00  2.231925e+02 
    0.000   17.698000  0.000000e+00  2.231616e+02 
    0.000   17.799999  0.000000e+00  2.231318e+02 
    0.000   17.903000  0.000000e+00  2.231019e+02 
    0.000   18.006001  0.000000e+00  2.230723e+02 
    0.000   18.108999  0.000000e+00  2.230432e+02 
    0.000   18.212000  0.000000e+00  2.230139e+02 
    0.000   18.315001  0.000000e+00  2.229845e+02 
    0.000   18.417999  0.000000e+00  2.229550e+02 
    0.000   18.521000  0.000000e+00  2.229258e+02 
    0.000   18.624001  0.000000e+00  2.228970e+02 
    0.000   18.726000  0.000000e+00  2.228689e+02 
    0.000   18.829000  0.000000e+00  2.228409e+02 
    0.000   18.931999  0.000000e+00  2.228129e+02 
    0.000   19.035000  0.000000e+00  2.227847e+02 
    0.000   19.138000  0.000000e+00  2.227561e+02 
    0.000   19.240999  0.000000e+00  2.227276e+02 
    0.000   19.344000  0.000000e+00  2.226988e+02 
    0.000   19.447001  0.000000e+00  2.226696e+02 
    0.000   19.549999  0.000000e+00  2.226402e+02 
    0.000   19.652000  0.000000e+00  2.226110e+02 
    0.000   19.754999  0.000000e+00  2.225820e+02 
    0.000   19.858000  0.000000e+00  2.225536e+02 
    0.000   19.961000  0.000000e+00  2.225256e+02 
    0.000   20.063999  0.000000e+00  2.224979e+02 
    0.000   20.363001  0.000000e+00  2.224232e+02 
    0.000   20.858999  0.000000e+00  2.223145e+02 
    0.000   21.355000  0.000000e+00  2.222175e+02 
    0.000   21.851000  0.000000e+00  2.221324e+02 
    0.000   22.346001  0.000000e+00  2.220465e+02 
    0.000   22.841999  0.000000e+00  2.219592e+02 
    0.000   23.337999  0.000000e+00  2.218819e+02 
    0.000   23.834000  0.000000e+00  2.218232e+02 
    0.000   24.329000  0.000000e+00  2.217845e+02 
    0.000   24.825001  0.000000e+00  2.217574e+02 
    0.000   25.320999  0.000000e+00  2.217441e+02 
    0.000   25.816999  0.000000e+00  2.217453e+02 
    0.000   26.312000  0.000000e+00  2.217547e+02 
    0.000   26.808001  0.000000e+00  2.217712e+02 
    0.000   27.304001  0.000000e+00  2.217909e+02 
    0.000   27.799999  0.000000e+00  2.218122e+02 
    0.000   28.295000  0.000000e+00  2.218374e+02 
    0.000   28.791000  0.000000e+00  2.218702e+02 
    0.000   29.287001  0.000000e+00  2.219122e+02 
    0.000   29.783001  0.000000e+00  2.219616e+02 
    0.000   30.278000  0.000000e+00  2.220159e+02 
    0.000   30.774000  0.000000e+00  2.220709e+02 
    0.000   31.270000  0.000000e+00  2.221257e+02 
    0.000   31.766001  0.000000e+00  2.221801e+02 
    0.000   32.261002  0.000000e+00  2.222353e+02 
    0.000   32.757000  0.000000e+00  2.222919e+02 
    0.000   33.252998  0.000000e+00  2.223515e+02 
    0.000   33.749001  0.000000e+00  2.224144e+02 
    0.000   34.243999  0.000000e+00  2.224801e+02 
    0.000   34.740002  0.000000e+00  2.225447e+02 
    0.000   35.236000  0.000000e+00  2.226068e+02 
    0.000   35.731998  0.000000e+00  2.226649e+02 
    0.000   36.227001  0.000000e+00  2.227194e+02 
    0.000   36.723000  0.000000e+00  2.227700e+02 
    0.000   37.219002  0.000000e+00  2.228173e+02 
    0.000   37.715000  0.000000e+00  2.228619e+02 
    0.000   38.209999  0.000000e+00  2.229042e+02 
    0.000   38.706001  0.000000e+00  2.229468e+02 
    0.000   39.202000  0.000000e+00  2.229905e+02 
    0.000   39.698002  0.000000e+00  2.230370e+02 
    0.000   40.198002  0.000000e+00  2.230879e+02 
    0.000   45.198002  0.000000e+00  2.235396e+02 
    0.000   50.198002  0.000000e+00  2.237641e+02 
    0.000   55.198002  0.000000e+00  2.237629e+02 
    0.000   60.198002  0.000000e+00  2.236943e+02 
    0.000   65.197998  0.000000e+00  2.236421e+02 
