   67.486    0.000000  3.788479e-16  6.067344e+00 
   67.486    0.103000  3.809143e-16  6.159586e+00 
   67.486    0.206000  3.829784e-16  6.252968e+00 
   67.486    0.309000  3.850318e-16  6.346827e+00 
   67.486    0.411000  3.870512e-16  6.439889e+00 
   67.486    0.514000  3.890754e-16  6.533762e+00 
   67.486    0.617000  3.910869e-16  6.627326e+00 
   67.486    0.720000  5.634772e-16  9.180572e+00 
   67.486    0.823000  9.701501e-16  1.270185e+01 
   67.486    0.926000  1.952162e-15  1.694147e+01 
   67.486    1.029000  4.395290e-15  2.157079e+01 
   67.486    1.132000  1.131588e-14  2.679273e+01 
   67.486    1.235000  3.302221e-14  3.255775e+01 
   67.486    1.337000  1.065717e-13  3.872540e+01 
   67.486    1.440000  3.847220e-13  4.535096e+01 
   67.486    1.543000  1.519236e-12  5.231562e+01 
   67.486    1.646000  6.550916e-12  5.962703e+01 
   67.486    1.749000  3.137103e-11  6.742271e+01 
   67.486    1.852000  1.359394e-08  9.146658e+01 
   67.486    1.955000  1.123356e-05  1.192580e+02 
   67.486    2.058000  6.859468e-03  1.505064e+02 
   67.486    2.161000  1.139626e+00  1.877727e+02 
   67.486    2.263000  4.470911e+01  2.367956e+02 
   67.486    2.366000  4.510392e+01  2.365955e+02 
   67.486    2.469000  4.540612e+01  2.364229e+02 
   67.486    2.572000  5.769713e+01  2.421297e+02 
   67.486    2.675000  8.830057e+01  2.520882e+02 
   67.486    2.778000  8.871105e+01  2.519304e+02 
   67.486    2.881000  8.911701e+01  2.518123e+02 
   67.486    2.984000  8.951949e+01  2.517231e+02 
   67.486    3.087000  8.991859e+01  2.516576e+02 
   67.486    3.189000  9.031076e+01  2.516123e+02 
   67.486    3.292000  9.070396e+01  2.515835e+02 
   67.486    3.395000  9.109475e+01  2.515694e+02 
   67.486    3.498000  9.175304e+01  2.516270e+02 
   67.486    3.601000  9.280939e+01  2.517823e+02 
   67.486    3.704000  9.487895e+01  2.521643e+02 
   67.486    3.807000  9.905612e+01  2.529905e+02 
   67.486    3.910000  1.067775e+02  2.545003e+02 
   67.486    4.013000  1.199219e+02  2.569105e+02 
   67.486    4.116000  1.401970e+02  2.602404e+02 
   67.486    4.218000  1.689868e+02  2.643147e+02 
   67.486    4.321000  2.109118e+02  2.692269e+02 
   67.486    4.424000  2.633954e+02  2.741494e+02 
   67.486    4.527000  2.991320e+02  2.769048e+02 
   67.486    4.630000  3.236964e+02  2.785710e+02 
   67.486    4.733000  3.376822e+02  2.794362e+02 
   67.486    4.836000  3.446101e+02  2.798341e+02 
   67.486    4.939000  3.487150e+02  2.800596e+02 
   67.486    5.042000  3.499665e+02  2.801132e+02 
   67.486    5.144000  3.511860e+02  2.801750e+02 
   67.486    5.247000  3.523980e+02  2.802445e+02 
   67.486    5.350000  3.535912e+02  2.803201e+02 
   67.486    5.453000  3.547648e+02  2.804009e+02 
   67.486    5.556000  3.559203e+02  2.804862e+02 
   67.486    5.659000  3.570579e+02  2.805753e+02 
   67.486    5.762000  3.581769e+02  2.806680e+02 
   67.486    5.865000  3.592776e+02  2.807636e+02 
   67.486    5.968000  3.603594e+02  2.808619e+02 
   67.486    6.070000  3.614144e+02  2.809615e+02 
   67.486    6.173000  3.624664e+02  2.810638e+02 
   67.486    6.276000  3.635073e+02  2.811674e+02 
   67.486    6.379000  3.645393e+02  2.812721e+02 
   67.486    6.482000  3.674071e+02  2.814996e+02 
   67.486    6.585000  3.704200e+02  2.817365e+02 
   67.486    6.688000  3.736439e+02  2.819868e+02 
   67.486    6.791000  3.770596e+02  2.822493e+02 
   67.486    6.894000  3.807151e+02  2.825259e+02 
   67.486    6.996000  3.843365e+02  2.827980e+02 
   67.486    7.099000  3.881686e+02  2.830822e+02 
   67.486    7.202000  3.919447e+02  2.833628e+02 
   67.486    7.305000  3.957713e+02  2.836478e+02 
   67.486    7.408000  3.995186e+02  2.839283e+02 
   67.486    7.511000  4.030594e+02  2.841962e+02 
   67.486    7.614000  4.066336e+02  2.844656e+02 
   67.486    7.717000  4.099237e+02  2.847166e+02 
   67.486    7.820000  4.133251e+02  2.849708e+02 
   67.486    7.922000  4.165918e+02  2.852132e+02 
   67.486    8.025000  4.198603e+02  2.854529e+02 
   67.486    8.127999  4.228009e+02  2.856711e+02 
   67.486    8.231000  4.259944e+02  2.859002e+02 
   67.486    8.334000  4.292350e+02  2.861289e+02 
   67.486    8.436999  4.324651e+02  2.863546e+02 
   67.486    8.540000  4.355826e+02  2.865720e+02 
   67.486    8.643000  4.387887e+02  2.867919e+02 
   67.486    8.745999  4.419863e+02  2.870090e+02 
   67.486    8.848000  4.433219e+02  2.871619e+02 
   67.486    8.951000  4.446568e+02  2.873135e+02 
   67.486    9.054000  4.461869e+02  2.874801e+02 
   67.486    9.157000  4.479474e+02  2.876641e+02 
   67.486    9.259999  4.498422e+02  2.878562e+02 
   67.486    9.363000  4.517880e+02  2.880486e+02 
   67.486    9.466000  4.522775e+02  2.881140e+02 
   67.486    9.568999  4.527651e+02  2.881776e+02 
   67.486    9.672000  4.532508e+02  2.882394e+02 
   67.486    9.775000  4.537318e+02  2.882996e+02 
   67.486    9.877000  4.541992e+02  2.883576e+02 
   67.486    9.980000  4.546613e+02  2.884146e+02 
   67.486   10.083000  4.551136e+02  2.884701e+02 
   67.486   10.186000  4.555879e+02  2.885234e+02 
   67.486   10.289000  4.560501e+02  2.885756e+02 
   67.486   10.392000  4.565030e+02  2.886265e+02 
   67.486   10.495000  4.569502e+02  2.886765e+02 
   67.486   10.598000  4.573923e+02  2.887253e+02 
   67.486   10.701000  4.578287e+02  2.887733e+02 
   67.486   10.802999  4.582544e+02  2.888201e+02 
   67.486   10.906000  4.586776e+02  2.888666e+02 
   67.486   11.009000  4.590946e+02  2.889124e+02 
   67.486   11.112000  4.595061e+02  2.889576e+02 
   67.486   11.215000  4.599123e+02  2.890022e+02 
   67.486   11.318000  4.603134e+02  2.890463e+02 
   67.486   11.421000  4.607094e+02  2.890899e+02 
   67.486   11.524000  4.611005e+02  2.891331e+02 
   67.486   11.627000  4.614865e+02  2.891757e+02 
   67.486   11.729000  4.618637e+02  2.892174e+02 
   67.486   11.832000  4.622393e+02  2.892590e+02 
   67.486   11.934999  4.626097e+02  2.893000e+02 
   67.486   12.038000  4.629751e+02  2.893405e+02 
   67.486   12.141000  4.633354e+02  2.893805e+02 
   67.486   12.243999  4.636908e+02  2.894199e+02 
   67.486   12.347000  4.640414e+02  2.894588e+02 
   67.486   12.450000  4.643875e+02  2.894970e+02 
   67.486   12.552999  4.647290e+02  2.895347e+02 
   67.486   12.655000  4.650626e+02  2.895714e+02 
   67.486   12.757999  4.653948e+02  2.896078e+02 
   67.486   12.861000  4.657229e+02  2.896435e+02 
   67.486   12.964000  4.660470e+02  2.896784e+02 
   67.486   13.066999  4.663673e+02  2.897126e+02 
   67.486   13.170000  4.666837e+02  2.897461e+02 
   67.486   13.273000  4.669965e+02  2.897788e+02 
   67.486   13.375999  4.673057e+02  2.898107e+02 
   67.486   13.479000  4.676114e+02  2.898418e+02 
   67.486   13.580999  4.679106e+02  2.898719e+02 
   67.486   13.684000  4.682094e+02  2.899014e+02 
   67.486   13.787000  4.685048e+02  2.899301e+02 
   67.486   13.889999  4.687968e+02  2.899580e+02 
   67.486   13.993000  4.690855e+02  2.899851e+02 
   67.486   14.096000  4.693712e+02  2.900114e+02 
   67.486   14.198999  4.696537e+02  2.900368e+02 
   67.486   14.302000  4.699330e+02  2.900615e+02 
   67.486   14.405000  4.702092e+02  2.900854e+02 
   67.486   14.507000  4.704797e+02  2.901083e+02 
   67.486   14.610000  4.707496e+02  2.901309e+02 
   67.486   14.712999  4.710164e+02  2.901527e+02 
   67.486   14.816000  4.712799e+02  2.901741e+02 
   67.486   14.919000  4.715403e+02  2.901949e+02 
   67.486   15.021999  4.717974e+02  2.902152e+02 
   67.486   15.125000  4.720515e+02  2.902350e+02 
   67.486   15.228000  4.723023e+02  2.902544e+02 
   67.486   15.330999  4.725500e+02  2.902733e+02 
   67.486   15.434000  4.727947e+02  2.902918e+02 
   67.486   15.535999  4.730341e+02  2.903096e+02 
   67.486   15.639000  4.732728e+02  2.903271e+02 
   67.486   15.742000  4.735085e+02  2.903442e+02 
   67.486   15.844999  4.737414e+02  2.903608e+02 
   67.486   15.948000  4.739716e+02  2.903769e+02 
   67.486   16.051001  4.741991e+02  2.903925e+02 
   67.486   16.153999  4.744243e+02  2.904077e+02 
   67.486   16.257000  4.746470e+02  2.904225e+02 
   67.486   16.360001  4.748673e+02  2.904367e+02 
   67.486   16.462000  4.750832e+02  2.904504e+02 
   67.486   16.565001  4.752990e+02  2.904637e+02 
   67.486   16.667999  4.755127e+02  2.904765e+02 
   67.486   16.771000  4.757243e+02  2.904887e+02 
   67.486   16.874001  4.759341e+02  2.905004e+02 
   67.486   16.976999  4.761419e+02  2.905114e+02 
   67.486   17.080000  4.763481e+02  2.905217e+02 
   67.486   17.183001  4.765528e+02  2.905312e+02 
   67.486   17.285999  4.767562e+02  2.905399e+02 
   67.486   17.388000  4.769562e+02  2.905476e+02 
   67.486   17.490999  4.771570e+02  2.905545e+02 
   67.486   17.594000  4.773568e+02  2.905605e+02 
   67.486   17.697001  4.775553e+02  2.905656e+02 
   67.486   17.799999  4.777525e+02  2.905699e+02 
   67.486   17.903000  4.779482e+02  2.905736e+02 
   67.486   18.006001  4.781424e+02  2.905767e+02 
   67.486   18.108999  4.783351e+02  2.905791e+02 
   67.486   18.212000  4.785261e+02  2.905811e+02 
   67.486   18.313999  4.787136e+02  2.905825e+02 
   67.486   18.417000  4.789013e+02  2.905835e+02 
   67.486   18.520000  4.790872e+02  2.905840e+02 
   67.486   18.622999  4.792718e+02  2.905841e+02 
   67.486   18.726000  4.794548e+02  2.905836e+02 
   67.486   18.829000  4.796363e+02  2.905826e+02 
   67.486   18.931999  4.798163e+02  2.905811e+02 
   67.486   19.035000  4.799950e+02  2.905791e+02 
   67.486   19.138000  4.801724e+02  2.905767e+02 
   67.486   19.240000  4.803467e+02  2.905738e+02 
   67.486   19.343000  4.805214e+02  2.905705e+02 
   67.486   19.445999  4.806948e+02  2.905667e+02 
   67.486   19.549000  4.808669e+02  2.905625e+02 
   67.486   19.652000  4.810376e+02  2.905580e+02 
   67.486   19.754999  4.812070e+02  2.905530e+02 
   67.486   19.858000  4.813752e+02  2.905477e+02 
   67.486   19.961000  4.815421e+02  2.905420e+02 
   67.486   20.063999  4.817080e+02  2.905357e+02 
   67.486   20.362999  4.821848e+02  2.905143e+02 
   67.486   20.858999  4.829530e+02  2.904724e+02 
   67.486   21.354000  4.836915e+02  2.904232e+02 
   67.486   21.850000  4.844037e+02  2.903676e+02 
   67.486   22.346001  4.850820e+02  2.903104e+02 
   67.486   22.841999  4.857204e+02  2.902561e+02 
   67.486   23.337000  4.863148e+02  2.902072e+02 
   67.486   23.833000  4.868705e+02  2.901627e+02 
   67.486   24.329000  4.873925e+02  2.901200e+02 
   67.486   24.824999  4.878835e+02  2.900785e+02 
   67.486   25.320000  4.883420e+02  2.900392e+02 
   67.486   25.816000  4.887708e+02  2.900026e+02 
   67.486   26.312000  4.891711e+02  2.899682e+02 
   67.486   26.808001  4.895461e+02  2.899353e+02 
   67.486   27.302999  4.898964e+02  2.899038e+02 
   67.486   27.799000  4.902238e+02  2.898739e+02 
   67.486   28.295000  4.905295e+02  2.898453e+02 
   67.486   28.791000  4.908167e+02  2.898176e+02 
   67.486   29.285999  4.910874e+02  2.897903e+02 
   67.486   29.782000  4.913450e+02  2.897630e+02 
   67.486   30.278000  4.915906e+02  2.897357e+02 
   67.486   30.774000  4.918260e+02  2.897084e+02 
   67.486   31.268999  4.920524e+02  2.896813e+02 
   67.486   31.764999  4.922723e+02  2.896543e+02 
   67.486   32.261002  4.924875e+02  2.896273e+02 
   67.486   32.757000  4.926998e+02  2.896008e+02 
   67.486   33.252003  4.929101e+02  2.895750e+02 
   67.486   33.748001  4.931209e+02  2.895502e+02 
   67.486   34.244003  4.933333e+02  2.895266e+02 
   67.486   34.740002  4.935487e+02  2.895042e+02 
   67.486   35.235001  4.937679e+02  2.894833e+02 
   67.486   35.731003  4.939929e+02  2.894637e+02 
   67.486   36.227001  4.942237e+02  2.894453e+02 
   67.486   36.723003  4.944603e+02  2.894282e+02 
   67.486   37.219002  4.947024e+02  2.894122e+02 
   67.486   37.714001  4.949482e+02  2.893973e+02 
   67.486   38.210003  4.951972e+02  2.893835e+02 
   67.486   38.706001  4.954469e+02  2.893707e+02 
   67.486   39.202003  4.956957e+02  2.893590e+02 
   67.486   39.697002  4.959407e+02  2.893484e+02 
   67.486   40.197002  4.961798e+02  2.893401e+02 
   67.486   45.197002  4.980555e+02  2.893072e+02 
   67.486   50.197002  4.987654e+02  2.893047e+02 
   67.486   55.197002  4.990155e+02  2.893082e+02 
   67.486   60.197002  4.997752e+02  2.893119e+02 
   67.486   65.196999  5.010129e+02  2.893146e+02 
