   67.680    0.000000  0.000000e+00  1.938752e+00 
   67.680    0.102000  0.000000e+00  1.973765e+00 
   67.680    0.205000  0.000000e+00  2.009183e+00 
   67.680    0.308000  0.000000e+00  2.044528e+00 
   67.680    0.411000  0.000000e+00  2.079614e+00 
   67.680    0.514000  0.000000e+00  2.114476e+00 
   67.680    0.617000  0.000000e+00  2.149070e+00 
   67.680    0.720000  0.000000e+00  7.945540e+00 
   67.680    0.823000  0.000000e+00  1.616577e+01 
   67.680    0.926000  0.000000e+00  2.645711e+01 
   67.680    1.028000  0.000000e+00  3.857193e+01 
   67.680    1.131000  0.000000e+00  5.266374e+01 
   67.680    1.234000  0.000000e+00  6.855458e+01 
   67.680    1.337000  0.000000e+00  8.621844e+01 
   67.680    1.440000  7.705833e-39  1.057749e+02 
   67.680    1.543000  1.935964e-31  1.273307e+02 
   67.680    1.646000  1.699557e-23  1.511905e+02 
   67.680    1.749000  4.969514e-15  1.777702e+02 
   67.680    1.852000  1.050601e-14  1.789996e+02 
   67.680    1.954000  6.545459e-14  1.824435e+02 
   67.680    2.057000  2.012217e-10  1.959721e+02 
   67.680    2.160000  9.256306e-08  2.071756e+02 
   67.680    2.263000  9.771206e-06  2.168101e+02 
   67.680    2.366000  3.181943e-04  2.253700e+02 
   67.680    2.469000  4.311649e-03  2.332960e+02 
   67.680    2.572000  3.070680e-02  2.408092e+02 
   67.680    2.675000  5.047926e-02  2.426512e+02 
   67.680    2.778000  1.588855e-01  2.486993e+02 
   67.680    2.881000  4.499470e-01  2.553293e+02 
   67.680    2.983000  1.119882e+00  2.623976e+02 
   67.680    3.086000  2.498172e+00  2.699016e+02 
   67.680    3.189000  5.024336e+00  2.776222e+02 
   67.680    3.292000  9.404955e+00  2.854606e+02 
   67.680    3.395000  9.611812e+00  2.854693e+02 
   67.680    3.498000  9.803372e+00  2.854916e+02 
   67.680    3.601000  9.974369e+00  2.855138e+02 
   67.680    3.704000  1.014127e+01  2.855493e+02 
   67.680    3.807000  1.034497e+01  2.856408e+02 
   67.680    3.909000  1.064599e+01  2.858528e+02 
   67.680    4.012000  1.114249e+01  2.862822e+02 
   67.680    4.115000  1.189550e+01  2.869739e+02 
   67.680    4.218000  1.297603e+01  2.879631e+02 
   67.680    4.321000  1.436696e+01  2.891820e+02 
   67.680    4.424000  1.599626e+01  2.905209e+02 
   67.680    4.527000  1.776667e+01  2.918743e+02 
   67.680    4.630000  1.965136e+01  2.932148e+02 
   67.680    4.733000  2.162755e+01  2.945255e+02 
   67.680    4.835000  2.394035e+01  2.959647e+02 
   67.680    4.938000  2.676314e+01  2.976014e+02 
   67.680    5.041000  3.060474e+01  2.996540e+02 
   67.680    5.144000  3.564637e+01  3.020857e+02 
   67.680    5.247000  4.213929e+01  3.048688e+02 
   67.680    5.350000  4.957832e+01  3.076828e+02 
   67.680    5.453000  6.023409e+01  3.112087e+02 
   67.680    5.556000  7.703284e+01  3.158878e+02 
   67.680    5.659000  1.027506e+02  3.216407e+02 
   67.680    5.761000  1.409179e+02  3.282185e+02 
   67.680    5.864000  1.750199e+02  3.328273e+02 
   67.680    5.967000  2.007138e+02  3.357565e+02 
   67.680    6.070000  2.159648e+02  3.373102e+02 
   67.680    6.173000  2.255208e+02  3.382219e+02 
   67.680    6.276000  2.342495e+02  3.390311e+02 
   67.680    6.379000  2.433655e+02  3.398575e+02 
   67.680    6.482000  2.514512e+02  3.405698e+02 
   67.680    6.585000  2.521403e+02  3.406005e+02 
   67.680    6.687000  2.528188e+02  3.406372e+02 
   67.680    6.790000  2.534998e+02  3.406796e+02 
   67.680    6.893000  2.541813e+02  3.407255e+02 
   67.680    6.996000  2.548697e+02  3.407737e+02 
   67.680    7.099000  2.555611e+02  3.408240e+02 
   67.680    7.202000  2.562329e+02  3.408776e+02 
   67.680    7.305000  2.568595e+02  3.409347e+02 
   67.680    7.408000  2.674850e+02  3.419714e+02 
   67.680    7.511000  2.777726e+02  3.429409e+02 
   67.680    7.613000  2.895649e+02  3.440114e+02 
   67.680    7.716000  3.127642e+02  3.459477e+02 
   67.680    7.819000  3.378122e+02  3.478410e+02 
   67.680    7.922000  3.564254e+02  3.491375e+02 
   67.680    8.025000  3.722111e+02  3.501647e+02 
   67.680    8.128000  3.877781e+02  3.511090e+02 
   67.680    8.231000  4.004864e+02  3.518344e+02 
   67.680    8.334000  4.208880e+02  3.528810e+02 
   67.680    8.437000  4.289582e+02  3.532830e+02 
   67.680    8.540000  4.438331e+02  3.539487e+02 
   67.680    8.642000  4.443562e+02  3.539930e+02 
   67.680    8.745000  4.448660e+02  3.540378e+02 
   67.680    8.848000  4.453605e+02  3.540823e+02 
   67.680    8.951000  4.458745e+02  3.541238e+02 
   67.680    9.054000  4.463824e+02  3.541642e+02 
   67.680    9.157000  4.468871e+02  3.542032e+02 
   67.680    9.260000  4.473934e+02  3.542407e+02 
   67.680    9.363000  4.478694e+02  3.542781e+02 
   67.680    9.466000  4.483453e+02  3.543139e+02 
   67.680    9.568000  4.488168e+02  3.543478e+02 
   67.680    9.671000  4.492933e+02  3.543803e+02 
   67.680    9.774000  4.497671e+02  3.544114e+02 
   67.680    9.877000  4.502343e+02  3.544412e+02 
   67.680    9.980000  4.506941e+02  3.544697e+02 
   67.680   10.083000  4.511456e+02  3.544972e+02 
   67.680   10.186000  4.516198e+02  3.545225e+02 
   67.680   10.289000  4.520829e+02  3.545471e+02 
   67.680   10.392000  4.525368e+02  3.545711e+02 
   67.680   10.494000  4.529800e+02  3.545942e+02 
   67.680   10.597000  4.534216e+02  3.546169e+02 
   67.680   10.700000  4.538572e+02  3.546391e+02 
   67.680   10.803000  4.542867e+02  3.546609e+02 
   67.680   10.906000  4.547101e+02  3.546824e+02 
   67.680   11.009000  4.551276e+02  3.547036e+02 
   67.680   11.112000  4.555395e+02  3.547246e+02 
   67.680   11.215000  4.559460e+02  3.547455e+02 
   67.680   11.318000  4.563470e+02  3.547662e+02 
   67.680   11.420000  4.567390e+02  3.547866e+02 
   67.680   11.523000  4.571295e+02  3.548072e+02 
   67.680   11.626000  4.575147e+02  3.548277e+02 
   67.680   11.729000  4.578946e+02  3.548480e+02 
   67.680   11.832000  4.582690e+02  3.548682e+02 
   67.680   11.935000  4.586382e+02  3.548883e+02 
   67.680   12.038000  4.590022e+02  3.549081e+02 
   67.680   12.141000  4.593612e+02  3.549278e+02 
   67.680   12.244000  4.597152e+02  3.549472e+02 
   67.680   12.346000  4.600609e+02  3.549661e+02 
   67.680   12.449000  4.604055e+02  3.549849e+02 
   67.680   12.552000  4.607453e+02  3.550034e+02 
   67.680   12.655000  4.610806e+02  3.550216e+02 
   67.680   12.758000  4.614117e+02  3.550393e+02 
   67.680   12.861000  4.617388e+02  3.550567e+02 
   67.680   12.964000  4.620620e+02  3.550736e+02 
   67.680   13.067000  4.623816e+02  3.550901e+02 
   67.680   13.170000  4.626975e+02  3.551060e+02 
   67.680   13.272000  4.630067e+02  3.551213e+02 
   67.680   13.375000  4.633152e+02  3.551361e+02 
   67.680   13.478000  4.636203e+02  3.551505e+02 
   67.680   13.581000  4.639218e+02  3.551642e+02 
   67.680   13.684000  4.642199e+02  3.551772e+02 
   67.680   13.787000  4.645147e+02  3.551897e+02 
   67.680   13.890000  4.648062e+02  3.552015e+02 
   67.680   13.993000  4.650945e+02  3.552126e+02 
   67.680   14.096000  4.653797e+02  3.552229e+02 
   67.680   14.199000  4.656619e+02  3.552326e+02 
   67.680   14.301000  4.659382e+02  3.552415e+02 
   67.680   14.404000  4.662140e+02  3.552500e+02 
   67.680   14.507000  4.664868e+02  3.552578e+02 
   67.680   14.610000  4.667562e+02  3.552652e+02 
   67.680   14.713000  4.670225e+02  3.552722e+02 
   67.680   14.816000  4.672854e+02  3.552789e+02 
   67.680   14.919000  4.675452e+02  3.552852e+02 
   67.680   15.022000  4.678017e+02  3.552913e+02 
   67.680   15.125000  4.680550e+02  3.552971e+02 
   67.680   15.227000  4.683028e+02  3.553026e+02 
   67.680   15.330000  4.685498e+02  3.553078e+02 
   67.680   15.433000  4.687939e+02  3.553127e+02 
   67.680   15.536000  4.690349e+02  3.553174e+02 
   67.680   15.639000  4.692728e+02  3.553218e+02 
   67.680   15.742000  4.695079e+02  3.553259e+02 
   67.680   15.845000  4.697401e+02  3.553297e+02 
   67.680   15.948000  4.699696e+02  3.553332e+02 
   67.680   16.051001  4.701966e+02  3.553365e+02 
   67.680   16.153000  4.704190e+02  3.553394e+02 
   67.680   16.256001  4.706411e+02  3.553420e+02 
   67.680   16.358999  4.708609e+02  3.553443e+02 
   67.680   16.462000  4.710785e+02  3.553463e+02 
   67.680   16.565001  4.712939e+02  3.553478e+02 
   67.680   16.667999  4.715071e+02  3.553490e+02 
   67.680   16.771000  4.717184e+02  3.553497e+02 
   67.680   16.874001  4.719278e+02  3.553499e+02 
   67.680   16.976999  4.721353e+02  3.553495e+02 
   67.680   17.079000  4.723392e+02  3.553485e+02 
   67.680   17.181999  4.725438e+02  3.553466e+02 
   67.680   17.285000  4.727471e+02  3.553438e+02 
   67.680   17.388000  4.729492e+02  3.553402e+02 
   67.680   17.490999  4.731500e+02  3.553357e+02 
   67.680   17.594000  4.733497e+02  3.553304e+02 
   67.680   17.697001  4.735482e+02  3.553242e+02 
   67.680   17.799999  4.737453e+02  3.553173e+02 
   67.680   17.903000  4.739409e+02  3.553098e+02 
   67.680   18.004999  4.741330e+02  3.553020e+02 
   67.680   18.108000  4.743253e+02  3.552936e+02 
   67.680   18.211000  4.745161e+02  3.552848e+02 
   67.680   18.313999  4.747052e+02  3.552756e+02 
   67.680   18.417000  4.748926e+02  3.552660e+02 
   67.680   18.520000  4.750785e+02  3.552560e+02 
   67.680   18.622999  4.752628e+02  3.552456e+02 
   67.680   18.726000  4.754457e+02  3.552347e+02 
   67.680   18.829000  4.756270e+02  3.552235e+02 
   67.680   18.931999  4.758069e+02  3.552118e+02 
   67.680   19.034000  4.759837e+02  3.551998e+02 
   67.680   19.136999  4.761608e+02  3.551873e+02 
   67.680   19.240000  4.763366e+02  3.551745e+02 
   67.680   19.343000  4.765111e+02  3.551613e+02 
   67.680   19.445999  4.766843e+02  3.551478e+02 
   67.680   19.549000  4.768562e+02  3.551339e+02 
   67.680   19.652000  4.770267e+02  3.551197e+02 
   67.680   19.754999  4.771960e+02  3.551051e+02 
   67.680   19.858000  4.773641e+02  3.550902e+02 
   67.680   19.959999  4.775292e+02  3.550752e+02 
   67.680   20.063000  4.776952e+02  3.550594e+02 
   67.680   20.363001  4.781732e+02  3.550106e+02 
   67.680   20.858000  4.789392e+02  3.549248e+02 
   67.680   21.354000  4.796787e+02  3.548331e+02 
   67.680   21.850000  4.803895e+02  3.547370e+02 
   67.680   22.346001  4.810651e+02  3.546422e+02 
   67.680   22.841000  4.816985e+02  3.545536e+02 
   67.680   23.337000  4.822904e+02  3.544727e+02 
   67.680   23.833000  4.828432e+02  3.543982e+02 
   67.680   24.329000  4.833633e+02  3.543270e+02 
   67.680   24.823999  4.838518e+02  3.542589e+02 
   67.680   25.320000  4.843097e+02  3.541947e+02 
   67.680   25.816000  4.847366e+02  3.541351e+02 
   67.680   26.312000  4.851355e+02  3.540793e+02 
   67.680   26.806999  4.855083e+02  3.540263e+02 
   67.680   27.302999  4.858575e+02  3.539761e+02 
   67.680   27.799000  4.861834e+02  3.539288e+02 
   67.680   28.295000  4.864882e+02  3.538839e+02 
   67.680   28.790001  4.867740e+02  3.538407e+02 
   67.680   29.285999  4.870446e+02  3.537987e+02 
   67.680   29.782000  4.873016e+02  3.537576e+02 
   67.680   30.278000  4.875464e+02  3.537172e+02 
   67.680   30.773001  4.877804e+02  3.536776e+02 
   67.680   31.268999  4.880061e+02  3.536386e+02 
   67.680   31.764999  4.882247e+02  3.536004e+02 
   67.680   32.261002  4.884385e+02  3.535628e+02 
   67.680   32.756001  4.886489e+02  3.535262e+02 
   67.680   33.251999  4.888580e+02  3.534907e+02 
   67.680   33.748001  4.890672e+02  3.534567e+02 
   67.680   34.243999  4.892777e+02  3.534245e+02 
   67.680   34.738998  4.894908e+02  3.533942e+02 
   67.680   35.235001  4.897083e+02  3.533657e+02 
   67.680   35.730999  4.899312e+02  3.533391e+02 
   67.680   36.227001  4.901599e+02  3.533142e+02 
   67.680   36.722000  4.903940e+02  3.532910e+02 
   67.680   37.217999  4.906338e+02  3.532693e+02 
   67.680   37.714001  4.908778e+02  3.532490e+02 
   67.680   38.209999  4.911248e+02  3.532302e+02 
   67.680   38.705002  4.913722e+02  3.532129e+02 
   67.680   39.201000  4.916194e+02  3.531969e+02 
   67.680   39.696999  4.918634e+02  3.531823e+02 
   67.680   40.196999  4.921012e+02  3.531707e+02 
   67.680   45.196999  4.939709e+02  3.531175e+02 
   67.680   50.196999  4.946794e+02  3.531068e+02 
   67.680   55.196999  4.949282e+02  3.531068e+02 
   67.680   60.196999  4.956775e+02  3.531087e+02 
   67.680   65.196999  4.969113e+02  3.531105e+02 
