   67.968    0.000000  1.338058e-24  4.478800e+00 
   67.968    0.103000  1.345826e-24  4.550970e+00 
   67.968    0.206000  1.353531e-24  4.624176e+00 
   67.968    0.309000  1.361209e-24  4.697608e+00 
   67.968    0.412000  1.368878e-24  4.770909e+00 
   67.968    0.515000  1.376548e-24  4.843859e+00 
   67.968    0.618000  1.384230e-24  4.916363e+00 
   67.968    0.720000  3.064155e-24  8.487058e+00 
   67.968    0.823000  1.078845e-23  1.353871e+01 
   67.968    0.926000  5.445052e-23  1.956808e+01 
   67.968    1.029000  3.851470e-22  2.654390e+01 
   67.968    1.132000  3.597603e-21  3.422637e+01 
   67.968    1.235000  4.544154e-20  4.278868e+01 
   67.968    1.338000  7.528113e-19  5.213165e+01 
   67.968    1.441000  1.593800e-17  6.217488e+01 
   67.968    1.544000  4.272474e-16  7.291457e+01 
   67.968    1.646000  1.420266e-14  8.432919e+01 
   67.968    1.749000  6.177196e-13  9.652526e+01 
   67.968    1.852000  7.058581e-13  9.693026e+01 
   67.968    1.955000  8.787525e-13  9.768043e+01 
   67.968    2.058000  1.046423e-12  9.827937e+01 
   67.968    2.161000  1.199489e-12  9.874682e+01 
   67.968    2.264000  1.337488e-12  9.911977e+01 
   67.968    2.367000  1.481272e-12  9.947817e+01 
   67.968    2.470000  1.639587e-12  9.984610e+01 
   67.968    2.572000  2.779858e-09  1.238445e+02 
   67.968    2.675000  2.194039e-06  1.467020e+02 
   67.968    2.778000  6.823955e-04  1.692703e+02 
   67.968    2.881000  7.366676e-02  1.936897e+02 
   67.968    2.984000  2.693013e+00  2.240441e+02 
   67.968    3.087000  3.787144e+01  2.621598e+02 
   67.968    3.190000  3.976354e+01  2.625410e+02 
   67.968    3.293000  4.144464e+01  2.628891e+02 
   67.968    3.396000  4.296673e+01  2.632111e+02 
   67.968    3.498000  4.421026e+01  2.634608e+02 
   67.968    3.601000  4.518984e+01  2.636366e+02 
   67.968    3.704000  4.584073e+01  2.637141e+02 
   67.968    3.807000  4.629826e+01  2.637406e+02 
   67.968    3.910000  4.688650e+01  2.638339e+02 
   67.968    4.013000  4.751640e+01  2.639576e+02 
   67.968    4.116000  4.864733e+01  2.642791e+02 
   67.968    4.219000  5.062729e+01  2.649118e+02 
   67.968    4.322000  5.385064e+01  2.659625e+02 
   67.968    4.424000  5.804510e+01  2.672875e+02 
   67.968    4.527000  6.344357e+01  2.689124e+02 
   67.968    4.630000  7.043727e+01  2.708875e+02 
   67.968    4.733000  7.944206e+01  2.732304e+02 
   67.968    4.836000  9.038985e+01  2.758128e+02 
   67.968    4.939000  1.028321e+02  2.784511e+02 
   67.968    5.042000  1.159660e+02  2.809546e+02 
   67.968    5.145000  1.298392e+02  2.833451e+02 
   67.968    5.248000  1.439216e+02  2.855515e+02 
   67.968    5.351000  1.576618e+02  2.875272e+02 
   67.968    5.453000  1.713838e+02  2.893565e+02 
   67.968    5.556000  1.847712e+02  2.910222e+02 
   67.968    5.659000  1.977870e+02  2.925460e+02 
   67.968    5.762000  2.104862e+02  2.939529e+02 
   67.968    5.865000  2.235370e+02  2.953261e+02 
   67.968    5.968000  2.399989e+02  2.969620e+02 
   67.968    6.071000  2.607388e+02  2.988726e+02 
   67.968    6.174000  2.854815e+02  3.009493e+02 
   67.968    6.277000  3.039424e+02  3.023714e+02 
   67.968    6.379000  3.168618e+02  3.033115e+02 
   67.968    6.482000  3.240122e+02  3.038171e+02 
   67.968    6.585000  3.275726e+02  3.040696e+02 
   67.968    6.688000  3.311219e+02  3.043242e+02 
   67.968    6.791000  3.341320e+02  3.045435e+02 
   67.968    6.894000  3.373608e+02  3.047806e+02 
   67.968    6.997000  3.408311e+02  3.050357e+02 
   67.968    7.100000  3.444066e+02  3.052995e+02 
   67.968    7.203000  3.485317e+02  3.056043e+02 
   67.968    7.305000  3.525835e+02  3.059081e+02 
   67.968    7.408000  3.570675e+02  3.062449e+02 
   67.968    7.511000  3.613945e+02  3.065733e+02 
   67.968    7.614000  3.663705e+02  3.069477e+02 
   67.968    7.717000  3.717695e+02  3.073485e+02 
   67.968    7.820000  3.770454e+02  3.077363e+02 
   67.968    7.923000  3.826011e+02  3.081365e+02 
   67.968    8.026000  3.884422e+02  3.085472e+02 
   67.968    8.129001  3.939055e+02  3.089261e+02 
   67.968    8.231001  3.998737e+02  3.093250e+02 
   67.968    8.334001  4.057382e+02  3.097080e+02 
   67.968    8.437000  4.109650e+02  3.100462e+02 
   67.968    8.540000  4.164853e+02  3.103910e+02 
   67.968    8.643001  4.216922e+02  3.107101e+02 
   67.968    8.746000  4.264391e+02  3.109946e+02 
   67.968    8.849000  4.312166e+02  3.112734e+02 
   67.968    8.952001  4.324341e+02  3.113975e+02 
   67.968    9.055000  4.338923e+02  3.115397e+02 
   67.968    9.157001  4.365799e+02  3.117022e+02 
   67.968    9.260000  4.393633e+02  3.118663e+02 
   67.968    9.363001  4.412042e+02  3.119851e+02 
   67.968    9.466001  4.424246e+02  3.120979e+02 
   67.968    9.569000  4.429219e+02  3.121517e+02 
   67.968    9.672001  4.433881e+02  3.122050e+02 
   67.968    9.775001  4.438526e+02  3.122567e+02 
   67.968    9.878000  4.443133e+02  3.123068e+02 
   67.968    9.981001  4.447699e+02  3.123553e+02 
   67.968   10.083000  4.452162e+02  3.124019e+02 
   67.968   10.186001  4.456911e+02  3.124466e+02 
   67.968   10.289001  4.461561e+02  3.124903e+02 
   67.968   10.392000  4.466118e+02  3.125330e+02 
   67.968   10.495001  4.470595e+02  3.125747e+02 
   67.968   10.598001  4.474994e+02  3.126157e+02 
   67.968   10.701000  4.479324e+02  3.126559e+02 
   67.968   10.804001  4.483600e+02  3.126954e+02 
   67.968   10.907001  4.487824e+02  3.127342e+02 
   67.968   11.010000  4.491995e+02  3.127725e+02 
   67.968   11.112000  4.496072e+02  3.128098e+02 
   67.968   11.215000  4.500135e+02  3.128472e+02 
   67.968   11.318001  4.504143e+02  3.128841e+02 
   67.968   11.421000  4.508097e+02  3.129207e+02 
   67.968   11.524000  4.511998e+02  3.129570e+02 
   67.968   11.627001  4.515844e+02  3.129930e+02 
   67.968   11.730000  4.519634e+02  3.130287e+02 
   67.968   11.833000  4.523369e+02  3.130641e+02 
   67.968   11.936001  4.527049e+02  3.130992e+02 
   67.968   12.038000  4.530641e+02  3.131335e+02 
   67.968   12.141001  4.534218e+02  3.131678e+02 
   67.968   12.244000  4.537743e+02  3.132017e+02 
   67.968   12.347000  4.541219e+02  3.132351e+02 
   67.968   12.450001  4.544649e+02  3.132680e+02 
   67.968   12.553000  4.548031e+02  3.133004e+02 
   67.968   12.656000  4.551370e+02  3.133324e+02 
   67.968   12.759001  4.554666e+02  3.133638e+02 
   67.968   12.862000  4.557925e+02  3.133947e+02 
   67.968   12.964001  4.561114e+02  3.134247e+02 
   67.968   13.067000  4.564297e+02  3.134544e+02 
   67.968   13.170000  4.567443e+02  3.134835e+02 
   67.968   13.273001  4.570553e+02  3.135119e+02 
   67.968   13.376000  4.573628e+02  3.135396e+02 
   67.968   13.479000  4.576668e+02  3.135666e+02 
   67.968   13.582001  4.579675e+02  3.135927e+02 
   67.968   13.685000  4.582650e+02  3.136180e+02 
   67.968   13.788000  4.585594e+02  3.136425e+02 
   67.968   13.890000  4.588477e+02  3.136657e+02 
   67.968   13.993000  4.591357e+02  3.136884e+02 
   67.968   14.096001  4.594207e+02  3.137101e+02 
   67.968   14.199000  4.597025e+02  3.137310e+02 
   67.968   14.302000  4.599812e+02  3.137512e+02 
   67.968   14.405001  4.602565e+02  3.137707e+02 
   67.968   14.508000  4.605285e+02  3.137896e+02 
   67.968   14.611000  4.607972e+02  3.138080e+02 
   67.968   14.714001  4.610627e+02  3.138259e+02 
   67.968   14.816000  4.613222e+02  3.138431e+02 
   67.968   14.919001  4.615810e+02  3.138602e+02 
   67.968   15.022000  4.618366e+02  3.138768e+02 
   67.968   15.125000  4.620890e+02  3.138930e+02 
   67.968   15.228001  4.623383e+02  3.139088e+02 
   67.968   15.331000  4.625902e+02  3.139248e+02 
   67.968   15.434000  4.628448e+02  3.139410e+02 
   67.968   15.537001  4.630850e+02  3.139556e+02 
   67.968   15.640000  4.633222e+02  3.139698e+02 
   67.968   15.743000  4.635565e+02  3.139837e+02 
   67.968   15.845000  4.637858e+02  3.139970e+02 
   67.968   15.948001  4.640146e+02  3.140101e+02 
   67.968   16.050999  4.642410e+02  3.140228e+02 
   67.968   16.153999  4.644650e+02  3.140350e+02 
   67.968   16.257000  4.646866e+02  3.140468e+02 
   67.968   16.359999  4.649058e+02  3.140582e+02 
   67.968   16.462999  4.651229e+02  3.140690e+02 
   67.968   16.566000  4.653377e+02  3.140794e+02 
   67.968   16.668999  4.655505e+02  3.140892e+02 
   67.968   16.771000  4.657593e+02  3.140983e+02 
   67.968   16.873999  4.659685e+02  3.141068e+02 
   67.968   16.976999  4.661758e+02  3.141146e+02 
   67.968   17.080000  4.663817e+02  3.141216e+02 
   67.968   17.182999  4.665864e+02  3.141277e+02 
   67.968   17.285999  4.667899e+02  3.141328e+02 
   67.968   17.389000  4.669921e+02  3.141370e+02 
   67.968   17.491999  4.671931e+02  3.141404e+02 
   67.968   17.594999  4.673927e+02  3.141429e+02 
   67.968   17.696999  4.675892e+02  3.141447e+02 
   67.968   17.799999  4.677861e+02  3.141458e+02 
   67.968   17.903000  4.679814e+02  3.141464e+02 
   67.968   18.005999  4.681750e+02  3.141464e+02 
   67.968   18.108999  4.683671e+02  3.141459e+02 
   67.968   18.212000  4.685575e+02  3.141450e+02 
   67.968   18.314999  4.687464e+02  3.141435e+02 
   67.968   18.417999  4.689337e+02  3.141416e+02 
   67.968   18.521000  4.691193e+02  3.141393e+02 
   67.968   18.622999  4.693017e+02  3.141365e+02 
   67.968   18.726000  4.694844e+02  3.141331e+02 
   67.968   18.828999  4.696656e+02  3.141294e+02 
   67.968   18.931999  4.698452e+02  3.141252e+02 
   67.968   19.035000  4.700235e+02  3.141205e+02 
   67.968   19.137999  4.702004e+02  3.141154e+02 
   67.968   19.240999  4.703760e+02  3.141100e+02 
   67.968   19.344000  4.705503e+02  3.141040e+02 
   67.968   19.446999  4.707233e+02  3.140977e+02 
   67.968   19.549000  4.708933e+02  3.140911e+02 
   67.968   19.652000  4.710638e+02  3.140839e+02 
   67.968   19.754999  4.712330e+02  3.140764e+02 
   67.968   19.858000  4.714010e+02  3.140685e+02 
   67.968   19.960999  4.715677e+02  3.140602e+02 
   67.968   20.063999  4.717336e+02  3.140512e+02 
   67.968   20.362999  4.722094e+02  3.140226e+02 
   67.968   20.858999  4.729760e+02  3.139691e+02 
   67.968   21.355000  4.737143e+02  3.139089e+02 
   67.968   21.851000  4.744231e+02  3.138439e+02 
   67.968   22.345999  4.750942e+02  3.137793e+02 
   67.968   22.841999  4.757246e+02  3.137193e+02 
   67.968   23.337999  4.763120e+02  3.136651e+02 
   67.968   23.834000  4.768617e+02  3.136148e+02 
   67.968   24.328999  4.773790e+02  3.135660e+02 
   67.968   24.824999  4.778668e+02  3.135187e+02 
   67.968   25.320999  4.783222e+02  3.134744e+02 
   67.968   25.816999  4.787471e+02  3.134333e+02 
   67.968   26.312000  4.791436e+02  3.133945e+02 
   67.968   26.807999  4.795154e+02  3.133574e+02 
   67.968   27.303999  4.798628e+02  3.133221e+02 
   67.968   27.799999  4.801872e+02  3.132887e+02 
   67.968   28.295000  4.804904e+02  3.132566e+02 
   67.968   28.791000  4.807761e+02  3.132253e+02 
   67.968   29.286999  4.810461e+02  3.131945e+02 
   67.968   29.782999  4.813024e+02  3.131640e+02 
   67.968   30.278000  4.815458e+02  3.131338e+02 
   67.968   30.774000  4.817791e+02  3.131038e+02 
   67.968   31.269999  4.820033e+02  3.130742e+02 
   67.968   31.765999  4.822201e+02  3.130450e+02 
   67.968   32.260998  4.824313e+02  3.130163e+02 
   67.968   32.757000  4.826396e+02  3.129879e+02 
   67.968   33.252998  4.828463e+02  3.129601e+02 
   67.968   33.749001  4.830529e+02  3.129332e+02 
   67.968   34.243999  4.832603e+02  3.129077e+02 
   67.968   34.739998  4.834709e+02  3.128836e+02 
   67.968   35.236000  4.836855e+02  3.128610e+02 
   67.968   35.731998  4.839054e+02  3.128398e+02 
   67.968   36.227001  4.841303e+02  3.128199e+02 
   67.968   36.723000  4.843615e+02  3.128013e+02 
   67.968   37.218998  4.845979e+02  3.127839e+02 
   67.968   37.715000  4.848387e+02  3.127678e+02 
   67.968   38.209999  4.850821e+02  3.127527e+02 
   67.968   38.706001  4.853272e+02  3.127389e+02 
   67.968   39.202000  4.855720e+02  3.127262e+02 
   67.968   39.697998  4.858139e+02  3.127147e+02 
   67.968   40.197998  4.860499e+02  3.127056e+02 
   67.968   45.197998  4.879120e+02  3.126675e+02 
   67.968   50.197998  4.886199e+02  3.126630e+02 
   67.968   55.197998  4.888668e+02  3.126656e+02 
   67.968   60.197998  4.895994e+02  3.126689e+02 
   67.968   65.198006  4.908290e+02  3.126714e+02 
