    0.000    0.000000  0.000000e+00  3.518329e+02 
    0.000    0.103000  0.000000e+00  3.509832e+02 
    0.000    0.206000  0.000000e+00  3.497764e+02 
    0.000    0.308000  0.000000e+00  3.484338e+02 
    0.000    0.411000  0.000000e+00  3.470671e+02 
    0.000    0.514000  0.000000e+00  3.456511e+02 
    0.000    0.617000  0.000000e+00  3.441241e+02 
    0.000    0.720000  0.000000e+00  3.425840e+02 
    0.000    0.823000  0.000000e+00  3.410089e+02 
    0.000    0.926000  0.000000e+00  3.394201e+02 
    0.000    1.029000  0.000000e+00  3.378553e+02 
    0.000    1.132000  0.000000e+00  3.363380e+02 
    0.000    1.235000  0.000000e+00  3.347751e+02 
    0.000    1.337000  0.000000e+00  3.332073e+02 
    0.000    1.440000  0.000000e+00  3.315165e+02 
    0.000    1.543000  0.000000e+00  3.296924e+02 
    0.000    1.646000  0.000000e+00  3.279828e+02 
    0.000    1.749000  0.000000e+00  3.136083e+02 
    0.000    1.852000  0.000000e+00  3.064245e+02 
    0.000    1.955000  0.000000e+00  3.006759e+02 
    0.000    2.058000  0.000000e+00  3.000662e+02 
    0.000    2.161000  0.000000e+00  2.991014e+02 
    0.000    2.263000  0.000000e+00  2.980142e+02 
    0.000    2.366000  0.000000e+00  2.969005e+02 
    0.000    2.469000  0.000000e+00  2.957661e+02 
    0.000    2.572000  0.000000e+00  2.946096e+02 
    0.000    2.675000  0.000000e+00  2.934125e+02 
    0.000    2.778000  0.000000e+00  2.921675e+02 
    0.000    2.881000  0.000000e+00  2.909175e+02 
    0.000    2.984000  0.000000e+00  2.896914e+02 
    0.000    3.087000  0.000000e+00  2.884720e+02 
    0.000    3.189000  0.000000e+00  2.872314e+02 
    0.000    3.292000  0.000000e+00  2.859734e+02 
    0.000    3.395000  0.000000e+00  2.847256e+02 
    0.000    3.498000  0.000000e+00  2.834886e+02 
    0.000    3.601000  0.000000e+00  2.822578e+02 
    0.000    3.704000  0.000000e+00  2.810304e+02 
    0.000    3.807000  0.000000e+00  2.798090e+02 
    0.000    3.910000  0.000000e+00  2.785669e+02 
    0.000    4.013000  0.000000e+00  2.773188e+02 
    0.000    4.115000  0.000000e+00  2.760848e+02 
    0.000    4.218000  0.000000e+00  2.748515e+02 
    0.000    4.321000  0.000000e+00  2.736335e+02 
    0.000    4.424000  0.000000e+00  2.724304e+02 
    0.000    4.527000  0.000000e+00  2.712464e+02 
    0.000    4.630000  0.000000e+00  2.700777e+02 
    0.000    4.733000  0.000000e+00  2.689091e+02 
    0.000    4.836000  0.000000e+00  2.677526e+02 
    0.000    4.939000  0.000000e+00  2.666031e+02 
    0.000    5.041000  0.000000e+00  2.654655e+02 
    0.000    5.144000  0.000000e+00  2.643326e+02 
    0.000    5.247000  0.000000e+00  2.631945e+02 
    0.000    5.350000  0.000000e+00  2.620792e+02 
    0.000    5.453000  0.000000e+00  2.609726e+02 
    0.000    5.556000  0.000000e+00  2.598723e+02 
    0.000    5.659000  0.000000e+00  2.587586e+02 
    0.000    5.762000  0.000000e+00  2.576850e+02 
    0.000    5.865000  0.000000e+00  2.566418e+02 
    0.000    5.967000  0.000000e+00  2.554588e+02 
    0.000    6.070000  0.000000e+00  2.539842e+02 
    0.000    6.173000  0.000000e+00  2.520074e+02 
    0.000    6.276000  0.000000e+00  2.495670e+02 
    0.000    6.379000  0.000000e+00  2.466735e+02 
    0.000    6.482000  0.000000e+00  2.439323e+02 
    0.000    6.585000  0.000000e+00  2.413280e+02 
    0.000    6.688000  0.000000e+00  2.387295e+02 
    0.000    6.791000  0.000000e+00  2.363836e+02 
    0.000    6.893000  0.000000e+00  2.350491e+02 
    0.000    6.996000  0.000000e+00  2.341248e+02 
    0.000    7.099000  0.000000e+00  2.332601e+02 
    0.000    7.202000  0.000000e+00  2.326992e+02 
    0.000    7.305000  0.000000e+00  2.322317e+02 
    0.000    7.408000  0.000000e+00  2.318419e+02 
    0.000    7.511000  0.000000e+00  2.315492e+02 
    0.000    7.614000  0.000000e+00  2.313751e+02 
    0.000    7.717000  0.000000e+00  2.312289e+02 
    0.000    7.820000  0.000000e+00  2.311151e+02 
    0.000    7.922000  0.000000e+00  2.309748e+02 
    0.000    8.025000  0.000000e+00  2.308474e+02 
    0.000    8.128000  0.000000e+00  2.306864e+02 
    0.000    8.231000  0.000000e+00  2.305332e+02 
    0.000    8.334000  0.000000e+00  2.303666e+02 
    0.000    8.437000  0.000000e+00  2.301661e+02 
    0.000    8.540000  0.000000e+00  2.299482e+02 
    0.000    8.643000  0.000000e+00  2.297133e+02 
    0.000    8.746000  0.000000e+00  2.294777e+02 
    0.000    8.848000  0.000000e+00  2.292331e+02 
    0.000    8.951000  0.000000e+00  2.289793e+02 
    0.000    9.054000  0.000000e+00  2.287009e+02 
    0.000    9.157000  0.000000e+00  2.284652e+02 
    0.000    9.260000  0.000000e+00  2.283716e+02 
    0.000    9.363000  0.000000e+00  2.282940e+02 
    0.000    9.466000  0.000000e+00  2.282249e+02 
    0.000    9.569000  0.000000e+00  2.281620e+02 
    0.000    9.672000  0.000000e+00  2.281042e+02 
    0.000    9.774000  0.000000e+00  2.280539e+02 
    0.000    9.877000  0.000000e+00  2.280152e+02 
    0.000    9.980000  0.000000e+00  2.279853e+02 
    0.000   10.083000  0.000000e+00  2.279573e+02 
    0.000   10.186000  0.000000e+00  2.279226e+02 
    0.000   10.289000  0.000000e+00  2.278841e+02 
    0.000   10.392000  0.000000e+00  2.278469e+02 
    0.000   10.495000  0.000000e+00  2.278152e+02 
    0.000   10.598000  0.000000e+00  2.277880e+02 
    0.000   10.700000  0.000000e+00  2.277602e+02 
    0.000   10.802999  0.000000e+00  2.277225e+02 
    0.000   10.906000  0.000000e+00  2.276785e+02 
    0.000   11.009000  0.000000e+00  2.276294e+02 
    0.000   11.112000  0.000000e+00  2.275700e+02 
    0.000   11.215000  0.000000e+00  2.275035e+02 
    0.000   11.318000  0.000000e+00  2.274329e+02 
    0.000   11.421000  0.000000e+00  2.273584e+02 
    0.000   11.524000  0.000000e+00  2.272812e+02 
    0.000   11.625999  0.000000e+00  2.272028e+02 
    0.000   11.729000  0.000000e+00  2.271213e+02 
    0.000   11.832000  0.000000e+00  2.270382e+02 
    0.000   11.934999  0.000000e+00  2.269541e+02 
    0.000   12.038000  0.000000e+00  2.268698e+02 
    0.000   12.141000  0.000000e+00  2.267855e+02 
    0.000   12.243999  0.000000e+00  2.267012e+02 
    0.000   12.347000  0.000000e+00  2.266220e+02 
    0.000   12.450000  0.000000e+00  2.265477e+02 
    0.000   12.552000  0.000000e+00  2.264769e+02 
    0.000   12.655000  0.000000e+00  2.264091e+02 
    0.000   12.757999  0.000000e+00  2.263448e+02 
    0.000   12.861000  0.000000e+00  2.262831e+02 
    0.000   12.964000  0.000000e+00  2.262239e+02 
    0.000   13.066999  0.000000e+00  2.261675e+02 
    0.000   13.170000  0.000000e+00  2.261131e+02 
    0.000   13.273000  0.000000e+00  2.260603e+02 
    0.000   13.375999  0.000000e+00  2.260085e+02 
    0.000   13.479000  0.000000e+00  2.259577e+02 
    0.000   13.581000  0.000000e+00  2.259081e+02 
    0.000   13.684000  0.000000e+00  2.258576e+02 
    0.000   13.787000  0.000000e+00  2.258071e+02 
    0.000   13.890000  0.000000e+00  2.257569e+02 
    0.000   13.993000  0.000000e+00  2.257080e+02 
    0.000   14.096000  0.000000e+00  2.256606e+02 
    0.000   14.199000  0.000000e+00  2.256142e+02 
    0.000   14.302000  0.000000e+00  2.255690e+02 
    0.000   14.405000  0.000000e+00  2.255251e+02 
    0.000   14.507000  0.000000e+00  2.254828e+02 
    0.000   14.610000  0.000000e+00  2.254405e+02 
    0.000   14.713000  0.000000e+00  2.253978e+02 
    0.000   14.816000  0.000000e+00  2.253548e+02 
    0.000   14.919000  0.000000e+00  2.253119e+02 
    0.000   15.022000  0.000000e+00  2.252691e+02 
    0.000   15.125000  0.000000e+00  2.252263e+02 
    0.000   15.228000  0.000000e+00  2.251838e+02 
    0.000   15.331000  0.000000e+00  2.251409e+02 
    0.000   15.433000  0.000000e+00  2.250977e+02 
    0.000   15.536000  0.000000e+00  2.250537e+02 
    0.000   15.639000  0.000000e+00  2.250104e+02 
    0.000   15.742000  0.000000e+00  2.249707e+02 
    0.000   15.845000  0.000000e+00  2.249339e+02 
    0.000   15.947999  0.000000e+00  2.248990e+02 
    0.000   16.051001  0.000000e+00  2.248645e+02 
    0.000   16.154001  0.000000e+00  2.248302e+02 
    0.000   16.257000  0.000000e+00  2.247963e+02 
    0.000   16.359001  0.000000e+00  2.247618e+02 
    0.000   16.462000  0.000000e+00  2.247238e+02 
    0.000   16.565001  0.000000e+00  2.246837e+02 
    0.000   16.668001  0.000000e+00  2.246424e+02 
    0.000   16.771000  0.000000e+00  2.246008e+02 
    0.000   16.874001  0.000000e+00  2.245592e+02 
    0.000   16.977001  0.000000e+00  2.245175e+02 
    0.000   17.080000  0.000000e+00  2.244759e+02 
    0.000   17.183001  0.000000e+00  2.244346e+02 
    0.000   17.285002  0.000000e+00  2.243938e+02 
    0.000   17.388000  0.000000e+00  2.243528e+02 
    0.000   17.491001  0.000000e+00  2.243127e+02 
    0.000   17.594002  0.000000e+00  2.242733e+02 
    0.000   17.697001  0.000000e+00  2.242344e+02 
    0.000   17.800001  0.000000e+00  2.241966e+02 
    0.000   17.903002  0.000000e+00  2.241604e+02 
    0.000   18.006001  0.000000e+00  2.241255e+02 
    0.000   18.109001  0.000000e+00  2.240916e+02 
    0.000   18.212000  0.000000e+00  2.240591e+02 
    0.000   18.314001  0.000000e+00  2.240284e+02 
    0.000   18.417002  0.000000e+00  2.239984e+02 
    0.000   18.520000  0.000000e+00  2.239694e+02 
    0.000   18.623001  0.000000e+00  2.239408e+02 
    0.000   18.726002  0.000000e+00  2.239128e+02 
    0.000   18.829000  0.000000e+00  2.238852e+02 
    0.000   18.932001  0.000000e+00  2.238583e+02 
    0.000   19.035002  0.000000e+00  2.238321e+02 
    0.000   19.138000  0.000000e+00  2.238065e+02 
    0.000   19.240002  0.000000e+00  2.237817e+02 
    0.000   19.343000  0.000000e+00  2.237562e+02 
    0.000   19.446001  0.000000e+00  2.237298e+02 
    0.000   19.549002  0.000000e+00  2.237030e+02 
    0.000   19.652000  0.000000e+00  2.236759e+02 
    0.000   19.755001  0.000000e+00  2.236483e+02 
    0.000   19.858002  0.000000e+00  2.236203e+02 
    0.000   19.961000  0.000000e+00  2.235919e+02 
    0.000   20.064001  0.000000e+00  2.235633e+02 
    0.000   20.363001  0.000000e+00  2.234820e+02 
    0.000   20.859001  0.000000e+00  2.233592e+02 
    0.000   21.354000  0.000000e+00  2.232596e+02 
    0.000   21.850000  0.000000e+00  2.231749e+02 
    0.000   22.346001  0.000000e+00  2.230934e+02 
    0.000   22.842001  0.000000e+00  2.230074e+02 
    0.000   23.337000  0.000000e+00  2.229236e+02 
    0.000   23.833000  0.000000e+00  2.228548e+02 
    0.000   24.329000  0.000000e+00  2.228119e+02 
    0.000   24.825001  0.000000e+00  2.227961e+02 
    0.000   25.320002  0.000000e+00  2.227943e+02 
    0.000   25.816000  0.000000e+00  2.227908e+02 
    0.000   26.312000  0.000000e+00  2.227931e+02 
    0.000   26.808001  0.000000e+00  2.228017e+02 
    0.000   27.303001  0.000000e+00  2.228153e+02 
    0.000   27.799002  0.000000e+00  2.228368e+02 
    0.000   28.295000  0.000000e+00  2.228683e+02 
    0.000   28.791000  0.000000e+00  2.229035e+02 
    0.000   29.286001  0.000000e+00  2.229442e+02 
    0.000   29.782001  0.000000e+00  2.229916e+02 
    0.000   30.278002  0.000000e+00  2.230448e+02 
    0.000   30.774000  0.000000e+00  2.231010e+02 
    0.000   31.269001  0.000000e+00  2.231587e+02 
    0.000   31.765001  0.000000e+00  2.232177e+02 
    0.000   32.260998  0.000000e+00  2.232772e+02 
    0.000   32.757000  0.000000e+00  2.233364e+02 
    0.000   33.251999  0.000000e+00  2.233938e+02 
    0.000   33.747997  0.000000e+00  2.234511e+02 
    0.000   34.243999  0.000000e+00  2.235091e+02 
    0.000   34.739998  0.000000e+00  2.235697e+02 
    0.000   35.235001  0.000000e+00  2.236322e+02 
    0.000   35.730999  0.000000e+00  2.236927e+02 
    0.000   36.226997  0.000000e+00  2.237505e+02 
    0.000   36.723000  0.000000e+00  2.238034e+02 
    0.000   37.217999  0.000000e+00  2.238519e+02 
    0.000   37.714001  0.000000e+00  2.238969e+02 
    0.000   38.209999  0.000000e+00  2.239387e+02 
    0.000   38.705997  0.000000e+00  2.239806e+02 
    0.000   39.201000  0.000000e+00  2.240235e+02 
    0.000   39.696999  0.000000e+00  2.240694e+02 
    0.000   40.196999  0.000000e+00  2.241198e+02 
    0.000   45.196999  0.000000e+00  2.245691e+02 
    0.000   50.196999  0.000000e+00  2.247957e+02 
    0.000   55.196999  0.000000e+00  2.247895e+02 
    0.000   60.196999  0.000000e+00  2.247222e+02 
    0.000   65.197006  0.000000e+00  2.246698e+02 
