    0.000    0.000000  0.000000e+00  3.509089e+02 
    0.000    0.103000  0.000000e+00  3.500592e+02 
    0.000    0.206000  0.000000e+00  3.488603e+02 
    0.000    0.309000  0.000000e+00  3.474754e+02 
    0.000    0.412000  0.000000e+00  3.459716e+02 
    0.000    0.515000  0.000000e+00  3.444302e+02 
    0.000    0.618000  0.000000e+00  3.428314e+02 
    0.000    0.721000  0.000000e+00  3.411655e+02 
    0.000    0.823000  0.000000e+00  3.393689e+02 
    0.000    0.926000  0.000000e+00  3.374800e+02 
    0.000    1.029000  0.000000e+00  3.356374e+02 
    0.000    1.132000  0.000000e+00  3.338877e+02 
    0.000    1.235000  0.000000e+00  3.311205e+02 
    0.000    1.338000  0.000000e+00  3.281633e+02 
    0.000    1.441000  0.000000e+00  3.249598e+02 
    0.000    1.544000  0.000000e+00  3.215766e+02 
    0.000    1.647000  0.000000e+00  3.181314e+02 
    0.000    1.749000  0.000000e+00  3.150281e+02 
    0.000    1.852000  0.000000e+00  3.126051e+02 
    0.000    1.955000  0.000000e+00  3.108495e+02 
    0.000    2.058000  0.000000e+00  3.094730e+02 
    0.000    2.161000  0.000000e+00  3.082539e+02 
    0.000    2.264000  0.000000e+00  3.070910e+02 
    0.000    2.367000  0.000000e+00  3.059747e+02 
    0.000    2.470000  0.000000e+00  3.048582e+02 
    0.000    2.573000  0.000000e+00  3.037442e+02 
    0.000    2.675000  0.000000e+00  3.026020e+02 
    0.000    2.778000  0.000000e+00  3.014040e+02 
    0.000    2.881000  0.000000e+00  3.001952e+02 
    0.000    2.984000  0.000000e+00  2.989267e+02 
    0.000    3.087000  0.000000e+00  2.976414e+02 
    0.000    3.190000  0.000000e+00  2.963806e+02 
    0.000    3.293000  0.000000e+00  2.951390e+02 
    0.000    3.396000  0.000000e+00  2.938839e+02 
    0.000    3.499000  0.000000e+00  2.926253e+02 
    0.000    3.602000  0.000000e+00  2.913639e+02 
    0.000    3.704000  0.000000e+00  2.901025e+02 
    0.000    3.807000  0.000000e+00  2.888343e+02 
    0.000    3.910000  0.000000e+00  2.875648e+02 
    0.000    4.013000  0.000000e+00  2.863014e+02 
    0.000    4.116000  0.000000e+00  2.850405e+02 
    0.000    4.219000  0.000000e+00  2.837799e+02 
    0.000    4.322000  0.000000e+00  2.825288e+02 
    0.000    4.425000  0.000000e+00  2.812810e+02 
    0.000    4.528000  0.000000e+00  2.800417e+02 
    0.000    4.630000  0.000000e+00  2.788247e+02 
    0.000    4.733000  0.000000e+00  2.776121e+02 
    0.000    4.836000  0.000000e+00  2.764178e+02 
    0.000    4.939000  0.000000e+00  2.752351e+02 
    0.000    5.042000  0.000000e+00  2.740605e+02 
    0.000    5.145000  0.000000e+00  2.729023e+02 
    0.000    5.248000  0.000000e+00  2.717542e+02 
    0.000    5.351000  0.000000e+00  2.706201e+02 
    0.000    5.454000  0.000000e+00  2.695056e+02 
    0.000    5.556000  0.000000e+00  2.684174e+02 
    0.000    5.659000  0.000000e+00  2.673406e+02 
    0.000    5.762000  0.000000e+00  2.662866e+02 
    0.000    5.865000  0.000000e+00  2.652530e+02 
    0.000    5.968000  0.000000e+00  2.642422e+02 
    0.000    6.071000  0.000000e+00  2.632480e+02 
    0.000    6.174000  0.000000e+00  2.622696e+02 
    0.000    6.277000  0.000000e+00  2.613113e+02 
    0.000    6.380000  0.000000e+00  2.603724e+02 
    0.000    6.482000  0.000000e+00  2.594594e+02 
    0.000    6.585000  0.000000e+00  2.585589e+02 
    0.000    6.688000  0.000000e+00  2.576833e+02 
    0.000    6.791000  0.000000e+00  2.568296e+02 
    0.000    6.894000  0.000000e+00  2.560080e+02 
    0.000    6.997000  0.000000e+00  2.552278e+02 
    0.000    7.100000  0.000000e+00  2.544811e+02 
    0.000    7.203000  0.000000e+00  2.538441e+02 
    0.000    7.306000  0.000000e+00  2.533210e+02 
    0.000    7.408000  0.000000e+00  2.527050e+02 
    0.000    7.511000  0.000000e+00  2.522687e+02 
    0.000    7.614000  0.000000e+00  2.519429e+02 
    0.000    7.717000  0.000000e+00  2.517063e+02 
    0.000    7.820000  0.000000e+00  2.514710e+02 
    0.000    7.923000  0.000000e+00  2.512615e+02 
    0.000    8.026000  0.000000e+00  2.510611e+02 
    0.000    8.129000  0.000000e+00  2.508765e+02 
    0.000    8.231999  0.000000e+00  2.506839e+02 
    0.000    8.334000  0.000000e+00  2.504957e+02 
    0.000    8.436999  0.000000e+00  2.502817e+02 
    0.000    8.540000  0.000000e+00  2.500734e+02 
    0.000    8.643000  0.000000e+00  2.497927e+02 
    0.000    8.745999  0.000000e+00  2.494901e+02 
    0.000    8.849000  0.000000e+00  2.488539e+02 
    0.000    8.952000  0.000000e+00  2.483793e+02 
    0.000    9.054999  0.000000e+00  2.470992e+02 
    0.000    9.158000  0.000000e+00  2.457136e+02 
    0.000    9.261000  0.000000e+00  2.455908e+02 
    0.000    9.363000  0.000000e+00  2.454732e+02 
    0.000    9.466000  0.000000e+00  2.453587e+02 
    0.000    9.568999  0.000000e+00  2.452570e+02 
    0.000    9.672000  0.000000e+00  2.451647e+02 
    0.000    9.775000  0.000000e+00  2.450818e+02 
    0.000    9.877999  0.000000e+00  2.450172e+02 
    0.000    9.981000  0.000000e+00  2.449657e+02 
    0.000   10.084000  0.000000e+00  2.449192e+02 
    0.000   10.186999  0.000000e+00  2.448694e+02 
    0.000   10.289000  0.000000e+00  2.448188e+02 
    0.000   10.392000  0.000000e+00  2.447654e+02 
    0.000   10.495000  0.000000e+00  2.447039e+02 
    0.000   10.598000  0.000000e+00  2.446374e+02 
    0.000   10.701000  0.000000e+00  2.445695e+02 
    0.000   10.804000  0.000000e+00  2.445015e+02 
    0.000   10.907000  0.000000e+00  2.444339e+02 
    0.000   11.009999  0.000000e+00  2.443650e+02 
    0.000   11.113000  0.000000e+00  2.442894e+02 
    0.000   11.215000  0.000000e+00  2.442100e+02 
    0.000   11.318000  0.000000e+00  2.441276e+02 
    0.000   11.421000  0.000000e+00  2.440417e+02 
    0.000   11.524000  0.000000e+00  2.439536e+02 
    0.000   11.627000  0.000000e+00  2.438648e+02 
    0.000   11.730000  0.000000e+00  2.437784e+02 
    0.000   11.833000  0.000000e+00  2.436941e+02 
    0.000   11.936000  0.000000e+00  2.436111e+02 
    0.000   12.039000  0.000000e+00  2.435294e+02 
    0.000   12.141000  0.000000e+00  2.434494e+02 
    0.000   12.243999  0.000000e+00  2.433696e+02 
    0.000   12.347000  0.000000e+00  2.432895e+02 
    0.000   12.450000  0.000000e+00  2.432091e+02 
    0.000   12.552999  0.000000e+00  2.431289e+02 
    0.000   12.656000  0.000000e+00  2.430492e+02 
    0.000   12.759000  0.000000e+00  2.429702e+02 
    0.000   12.862000  0.000000e+00  2.428918e+02 
    0.000   12.965000  0.000000e+00  2.428149e+02 
    0.000   13.066999  0.000000e+00  2.427410e+02 
    0.000   13.170000  0.000000e+00  2.426682e+02 
    0.000   13.273000  0.000000e+00  2.425974e+02 
    0.000   13.375999  0.000000e+00  2.425293e+02 
    0.000   13.479000  0.000000e+00  2.424634e+02 
    0.000   13.582000  0.000000e+00  2.423992e+02 
    0.000   13.684999  0.000000e+00  2.423366e+02 
    0.000   13.788000  0.000000e+00  2.422754e+02 
    0.000   13.891000  0.000000e+00  2.422153e+02 
    0.000   13.993000  0.000000e+00  2.421586e+02 
    0.000   14.096000  0.000000e+00  2.421042e+02 
    0.000   14.198999  0.000000e+00  2.420518e+02 
    0.000   14.302000  0.000000e+00  2.420018e+02 
    0.000   14.405000  0.000000e+00  2.419545e+02 
    0.000   14.507999  0.000000e+00  2.419093e+02 
    0.000   14.611000  0.000000e+00  2.418652e+02 
    0.000   14.714000  0.000000e+00  2.418205e+02 
    0.000   14.816999  0.000000e+00  2.417756e+02 
    0.000   14.920000  0.000000e+00  2.417310e+02 
    0.000   15.021999  0.000000e+00  2.416867e+02 
    0.000   15.125000  0.000000e+00  2.416418e+02 
    0.000   15.228000  0.000000e+00  2.415971e+02 
    0.000   15.330999  0.000000e+00  2.415536e+02 
    0.000   15.434000  0.000000e+00  2.415116e+02 
    0.000   15.537000  0.000000e+00  2.414708e+02 
    0.000   15.639999  0.000000e+00  2.414304e+02 
    0.000   15.743000  0.000000e+00  2.413874e+02 
    0.000   15.846000  0.000000e+00  2.413425e+02 
    0.000   15.948000  0.000000e+00  2.412970e+02 
    0.000   16.051001  0.000000e+00  2.412483e+02 
    0.000   16.153999  0.000000e+00  2.411967e+02 
    0.000   16.257000  0.000000e+00  2.411433e+02 
    0.000   16.360001  0.000000e+00  2.410891e+02 
    0.000   16.462999  0.000000e+00  2.410349e+02 
    0.000   16.566000  0.000000e+00  2.409808e+02 
    0.000   16.669001  0.000000e+00  2.409268e+02 
    0.000   16.771999  0.000000e+00  2.408751e+02 
    0.000   16.874001  0.000000e+00  2.408261e+02 
    0.000   16.976999  0.000000e+00  2.407780e+02 
    0.000   17.080000  0.000000e+00  2.407319e+02 
    0.000   17.183001  0.000000e+00  2.406887e+02 
    0.000   17.285999  0.000000e+00  2.406476e+02 
    0.000   17.389000  0.000000e+00  2.406080e+02 
    0.000   17.492001  0.000000e+00  2.405700e+02 
    0.000   17.594999  0.000000e+00  2.405334e+02 
    0.000   17.698000  0.000000e+00  2.404978e+02 
    0.000   17.799999  0.000000e+00  2.404633e+02 
    0.000   17.903000  0.000000e+00  2.404285e+02 
    0.000   18.006001  0.000000e+00  2.403940e+02 
    0.000   18.108999  0.000000e+00  2.403599e+02 
    0.000   18.212000  0.000000e+00  2.403259e+02 
    0.000   18.315001  0.000000e+00  2.402918e+02 
    0.000   18.417999  0.000000e+00  2.402579e+02 
    0.000   18.521000  0.000000e+00  2.402243e+02 
    0.000   18.624001  0.000000e+00  2.401912e+02 
    0.000   18.726000  0.000000e+00  2.401589e+02 
    0.000   18.829000  0.000000e+00  2.401268e+02 
    0.000   18.931999  0.000000e+00  2.400947e+02 
    0.000   19.035000  0.000000e+00  2.400621e+02 
    0.000   19.138000  0.000000e+00  2.400293e+02 
    0.000   19.240999  0.000000e+00  2.399965e+02 
    0.000   19.344000  0.000000e+00  2.399633e+02 
    0.000   19.447001  0.000000e+00  2.399297e+02 
    0.000   19.549999  0.000000e+00  2.398959e+02 
    0.000   19.653000  0.000000e+00  2.398620e+02 
    0.000   19.754999  0.000000e+00  2.398292e+02 
    0.000   19.858000  0.000000e+00  2.397969e+02 
    0.000   19.961000  0.000000e+00  2.397651e+02 
    0.000   20.063999  0.000000e+00  2.397338e+02 
    0.000   20.362999  0.000000e+00  2.396492e+02 
    0.000   20.858999  0.000000e+00  2.395242e+02 
    0.000   21.355000  0.000000e+00  2.394110e+02 
    0.000   21.851000  0.000000e+00  2.393103e+02 
    0.000   22.346001  0.000000e+00  2.392104e+02 
    0.000   22.841999  0.000000e+00  2.391110e+02 
    0.000   23.337999  0.000000e+00  2.390246e+02 
    0.000   23.834000  0.000000e+00  2.389580e+02 
    0.000   24.329000  0.000000e+00  2.389104e+02 
    0.000   24.824999  0.000000e+00  2.388744e+02 
    0.000   25.320999  0.000000e+00  2.388547e+02 
    0.000   25.816999  0.000000e+00  2.388491e+02 
    0.000   26.312000  0.000000e+00  2.388534e+02 
    0.000   26.808001  0.000000e+00  2.388664e+02 
    0.000   27.303999  0.000000e+00  2.388829e+02 
    0.000   27.799999  0.000000e+00  2.389006e+02 
    0.000   28.295000  0.000000e+00  2.389224e+02 
    0.000   28.791000  0.000000e+00  2.389516e+02 
    0.000   29.287001  0.000000e+00  2.389908e+02 
    0.000   29.782999  0.000000e+00  2.390382e+02 
    0.000   30.278000  0.000000e+00  2.390913e+02 
    0.000   30.774000  0.000000e+00  2.391442e+02 
    0.000   31.270000  0.000000e+00  2.391962e+02 
    0.000   31.765999  0.000000e+00  2.392480e+02 
    0.000   32.261002  0.000000e+00  2.393010e+02 
    0.000   32.757000  0.000000e+00  2.393559e+02 
    0.000   33.253002  0.000000e+00  2.394144e+02 
    0.000   33.749001  0.000000e+00  2.394768e+02 
    0.000   34.244003  0.000000e+00  2.395422e+02 
    0.000   34.740002  0.000000e+00  2.396062e+02 
    0.000   35.236000  0.000000e+00  2.396673e+02 
    0.000   35.732002  0.000000e+00  2.397241e+02 
    0.000   36.227001  0.000000e+00  2.397773e+02 
    0.000   36.723003  0.000000e+00  2.398266e+02 
    0.000   37.219002  0.000000e+00  2.398726e+02 
    0.000   37.715000  0.000000e+00  2.399166e+02 
    0.000   38.210003  0.000000e+00  2.399588e+02 
    0.000   38.706001  0.000000e+00  2.400015e+02 
    0.000   39.202003  0.000000e+00  2.400453e+02 
    0.000   39.698002  0.000000e+00  2.400918e+02 
    0.000   40.198002  0.000000e+00  2.401426e+02 
    0.000   45.198002  0.000000e+00  2.405931e+02 
    0.000   50.198002  0.000000e+00  2.408166e+02 
    0.000   55.198002  0.000000e+00  2.408157e+02 
    0.000   60.198002  0.000000e+00  2.407470e+02 
    0.000   65.197998  0.000000e+00  2.406947e+02 
