    0.000    0.000000  0.000000e+00  3.527079e+02 
    0.000    0.103000  0.000000e+00  3.517249e+02 
    0.000    0.206000  0.000000e+00  3.503853e+02 
    0.000    0.309000  0.000000e+00  3.490354e+02 
    0.000    0.411000  0.000000e+00  3.476549e+02 
    0.000    0.514000  0.000000e+00  3.462550e+02 
    0.000    0.617000  0.000000e+00  3.447466e+02 
    0.000    0.720000  0.000000e+00  3.428549e+02 
    0.000    0.823000  0.000000e+00  3.406296e+02 
    0.000    0.926000  0.000000e+00  3.381033e+02 
    0.000    1.029000  0.000000e+00  3.352896e+02 
    0.000    1.132000  0.000000e+00  3.323040e+02 
    0.000    1.235000  0.000000e+00  3.290981e+02 
    0.000    1.337000  0.000000e+00  3.258360e+02 
    0.000    1.440000  0.000000e+00  3.225292e+02 
    0.000    1.543000  0.000000e+00  3.192241e+02 
    0.000    1.646000  0.000000e+00  3.158239e+02 
    0.000    1.749000  0.000000e+00  3.123032e+02 
    0.000    1.852000  0.000000e+00  3.028721e+02 
    0.000    1.955000  0.000000e+00  2.992589e+02 
    0.000    2.058000  0.000000e+00  2.971132e+02 
    0.000    2.161000  0.000000e+00  2.948136e+02 
    0.000    2.263000  0.000000e+00  2.919744e+02 
    0.000    2.366000  0.000000e+00  2.912965e+02 
    0.000    2.469000  0.000000e+00  2.904539e+02 
    0.000    2.572000  0.000000e+00  2.892874e+02 
    0.000    2.675000  0.000000e+00  2.876004e+02 
    0.000    2.778000  0.000000e+00  2.866170e+02 
    0.000    2.881000  0.000000e+00  2.855777e+02 
    0.000    2.984000  0.000000e+00  2.844871e+02 
    0.000    3.087000  0.000000e+00  2.833685e+02 
    0.000    3.189000  0.000000e+00  2.822252e+02 
    0.000    3.292000  0.000000e+00  2.810600e+02 
    0.000    3.395000  0.000000e+00  2.798780e+02 
    0.000    3.498000  0.000000e+00  2.786680e+02 
    0.000    3.601000  0.000000e+00  2.774251e+02 
    0.000    3.704000  0.000000e+00  2.761019e+02 
    0.000    3.807000  0.000000e+00  2.746190e+02 
    0.000    3.910000  0.000000e+00  2.728857e+02 
    0.000    4.013000  0.000000e+00  2.708295e+02 
    0.000    4.116000  0.000000e+00  2.684526e+02 
    0.000    4.218000  0.000000e+00  2.658401e+02 
    0.000    4.321000  0.000000e+00  2.629610e+02 
    0.000    4.424000  0.000000e+00  2.601071e+02 
    0.000    4.527000  0.000000e+00  2.580361e+02 
    0.000    4.630000  0.000000e+00  2.563444e+02 
    0.000    4.733000  0.000000e+00  2.549374e+02 
    0.000    4.836000  0.000000e+00  2.537167e+02 
    0.000    4.939000  0.000000e+00  2.525682e+02 
    0.000    5.042000  0.000000e+00  2.515028e+02 
    0.000    5.144000  0.000000e+00  2.504475e+02 
    0.000    5.247000  0.000000e+00  2.493840e+02 
    0.000    5.350000  0.000000e+00  2.483264e+02 
    0.000    5.453000  0.000000e+00  2.472789e+02 
    0.000    5.556000  0.000000e+00  2.462386e+02 
    0.000    5.659000  0.000000e+00  2.452101e+02 
    0.000    5.762000  0.000000e+00  2.441948e+02 
    0.000    5.865000  0.000000e+00  2.431930e+02 
    0.000    5.968000  0.000000e+00  2.422076e+02 
    0.000    6.070000  0.000000e+00  2.412472e+02 
    0.000    6.173000  0.000000e+00  2.402973e+02 
    0.000    6.276000  0.000000e+00  2.393679e+02 
    0.000    6.379000  0.000000e+00  2.384621e+02 
    0.000    6.482000  0.000000e+00  2.374791e+02 
    0.000    6.585000  0.000000e+00  2.365090e+02 
    0.000    6.688000  0.000000e+00  2.355448e+02 
    0.000    6.791000  0.000000e+00  2.345891e+02 
    0.000    6.894000  0.000000e+00  2.336587e+02 
    0.000    6.996000  0.000000e+00  2.327891e+02 
    0.000    7.099000  0.000000e+00  2.319426e+02 
    0.000    7.202000  0.000000e+00  2.312421e+02 
    0.000    7.305000  0.000000e+00  2.306794e+02 
    0.000    7.408000  0.000000e+00  2.302034e+02 
    0.000    7.511000  0.000000e+00  2.298619e+02 
    0.000    7.614000  0.000000e+00  2.296004e+02 
    0.000    7.717000  0.000000e+00  2.294005e+02 
    0.000    7.820000  0.000000e+00  2.292300e+02 
    0.000    7.922000  0.000000e+00  2.290932e+02 
    0.000    8.025000  0.000000e+00  2.289567e+02 
    0.000    8.127999  0.000000e+00  2.288157e+02 
    0.000    8.231000  0.000000e+00  2.286524e+02 
    0.000    8.334000  0.000000e+00  2.284700e+02 
    0.000    8.436999  0.000000e+00  2.282698e+02 
    0.000    8.540000  0.000000e+00  2.280653e+02 
    0.000    8.643000  0.000000e+00  2.278429e+02 
    0.000    8.745999  0.000000e+00  2.276101e+02 
    0.000    8.848000  0.000000e+00  2.274999e+02 
    0.000    8.951000  0.000000e+00  2.273882e+02 
    0.000    9.054000  0.000000e+00  2.272759e+02 
    0.000    9.157000  0.000000e+00  2.271642e+02 
    0.000    9.259999  0.000000e+00  2.270656e+02 
    0.000    9.363000  0.000000e+00  2.269763e+02 
    0.000    9.466000  0.000000e+00  2.268928e+02 
    0.000    9.568999  0.000000e+00  2.268169e+02 
    0.000    9.672000  0.000000e+00  2.267467e+02 
    0.000    9.775000  0.000000e+00  2.266848e+02 
    0.000    9.877000  0.000000e+00  2.266414e+02 
    0.000    9.980000  0.000000e+00  2.266107e+02 
    0.000   10.083000  0.000000e+00  2.265842e+02 
    0.000   10.186000  0.000000e+00  2.265531e+02 
    0.000   10.289000  0.000000e+00  2.265198e+02 
    0.000   10.392000  0.000000e+00  2.264851e+02 
    0.000   10.495000  0.000000e+00  2.264462e+02 
    0.000   10.598000  0.000000e+00  2.264051e+02 
    0.000   10.701000  0.000000e+00  2.263625e+02 
    0.000   10.802999  0.000000e+00  2.263172e+02 
    0.000   10.906000  0.000000e+00  2.262696e+02 
    0.000   11.009000  0.000000e+00  2.262191e+02 
    0.000   11.112000  0.000000e+00  2.261591e+02 
    0.000   11.215000  0.000000e+00  2.260925e+02 
    0.000   11.318000  0.000000e+00  2.260226e+02 
    0.000   11.421000  0.000000e+00  2.259496e+02 
    0.000   11.524000  0.000000e+00  2.258747e+02 
    0.000   11.627000  0.000000e+00  2.257987e+02 
    0.000   11.729000  0.000000e+00  2.257236e+02 
    0.000   11.832000  0.000000e+00  2.256480e+02 
    0.000   11.934999  0.000000e+00  2.255726e+02 
    0.000   12.038000  0.000000e+00  2.254961e+02 
    0.000   12.141000  0.000000e+00  2.254186e+02 
    0.000   12.243999  0.000000e+00  2.253409e+02 
    0.000   12.347000  0.000000e+00  2.252640e+02 
    0.000   12.450000  0.000000e+00  2.251883e+02 
    0.000   12.552999  0.000000e+00  2.251133e+02 
    0.000   12.655000  0.000000e+00  2.250426e+02 
    0.000   12.757999  0.000000e+00  2.249757e+02 
    0.000   12.861000  0.000000e+00  2.249116e+02 
    0.000   12.964000  0.000000e+00  2.248501e+02 
    0.000   13.066999  0.000000e+00  2.247911e+02 
    0.000   13.170000  0.000000e+00  2.247340e+02 
    0.000   13.273000  0.000000e+00  2.246786e+02 
    0.000   13.375999  0.000000e+00  2.246249e+02 
    0.000   13.479000  0.000000e+00  2.245726e+02 
    0.000   13.580999  0.000000e+00  2.245220e+02 
    0.000   13.684000  0.000000e+00  2.244724e+02 
    0.000   13.787000  0.000000e+00  2.244240e+02 
    0.000   13.889999  0.000000e+00  2.243767e+02 
    0.000   13.993000  0.000000e+00  2.243298e+02 
    0.000   14.096000  0.000000e+00  2.242833e+02 
    0.000   14.198999  0.000000e+00  2.242373e+02 
    0.000   14.302000  0.000000e+00  2.241922e+02 
    0.000   14.405000  0.000000e+00  2.241482e+02 
    0.000   14.507000  0.000000e+00  2.241055e+02 
    0.000   14.610000  0.000000e+00  2.240631e+02 
    0.000   14.712999  0.000000e+00  2.240209e+02 
    0.000   14.816000  0.000000e+00  2.239790e+02 
    0.000   14.919000  0.000000e+00  2.239375e+02 
    0.000   15.021999  0.000000e+00  2.238958e+02 
    0.000   15.125000  0.000000e+00  2.238537e+02 
    0.000   15.228000  0.000000e+00  2.238118e+02 
    0.000   15.330999  0.000000e+00  2.237710e+02 
    0.000   15.434000  0.000000e+00  2.237320e+02 
    0.000   15.535999  0.000000e+00  2.236946e+02 
    0.000   15.639000  0.000000e+00  2.236582e+02 
    0.000   15.742000  0.000000e+00  2.236237e+02 
    0.000   15.844999  0.000000e+00  2.235909e+02 
    0.000   15.948000  0.000000e+00  2.235593e+02 
    0.000   16.051001  0.000000e+00  2.235246e+02 
    0.000   16.153999  0.000000e+00  2.234860e+02 
    0.000   16.257000  0.000000e+00  2.234452e+02 
    0.000   16.360001  0.000000e+00  2.234026e+02 
    0.000   16.462000  0.000000e+00  2.233584e+02 
    0.000   16.565001  0.000000e+00  2.233123e+02 
    0.000   16.667999  0.000000e+00  2.232653e+02 
    0.000   16.771000  0.000000e+00  2.232191e+02 
    0.000   16.874001  0.000000e+00  2.231737e+02 
    0.000   16.976999  0.000000e+00  2.231288e+02 
    0.000   17.080000  0.000000e+00  2.230851e+02 
    0.000   17.183001  0.000000e+00  2.230436e+02 
    0.000   17.285999  0.000000e+00  2.230037e+02 
    0.000   17.388000  0.000000e+00  2.229652e+02 
    0.000   17.490999  0.000000e+00  2.229282e+02 
    0.000   17.594000  0.000000e+00  2.228928e+02 
    0.000   17.697001  0.000000e+00  2.228587e+02 
    0.000   17.799999  0.000000e+00  2.228257e+02 
    0.000   17.903000  0.000000e+00  2.227940e+02 
    0.000   18.006001  0.000000e+00  2.227635e+02 
    0.000   18.108999  0.000000e+00  2.227339e+02 
    0.000   18.212000  0.000000e+00  2.227046e+02 
    0.000   18.313999  0.000000e+00  2.226757e+02 
    0.000   18.417000  0.000000e+00  2.226468e+02 
    0.000   18.520000  0.000000e+00  2.226183e+02 
    0.000   18.622999  0.000000e+00  2.225902e+02 
    0.000   18.726000  0.000000e+00  2.225624e+02 
    0.000   18.829000  0.000000e+00  2.225350e+02 
    0.000   18.931999  0.000000e+00  2.225078e+02 
    0.000   19.035000  0.000000e+00  2.224805e+02 
    0.000   19.138000  0.000000e+00  2.224534e+02 
    0.000   19.240000  0.000000e+00  2.224267e+02 
    0.000   19.343000  0.000000e+00  2.223994e+02 
    0.000   19.445999  0.000000e+00  2.223715e+02 
    0.000   19.549000  0.000000e+00  2.223434e+02 
    0.000   19.652000  0.000000e+00  2.223153e+02 
    0.000   19.754999  0.000000e+00  2.222871e+02 
    0.000   19.858000  0.000000e+00  2.222588e+02 
    0.000   19.961000  0.000000e+00  2.222306e+02 
    0.000   20.063999  0.000000e+00  2.222024e+02 
    0.000   20.362999  0.000000e+00  2.221238e+02 
    0.000   20.858999  0.000000e+00  2.220096e+02 
    0.000   21.354000  0.000000e+00  2.219145e+02 
    0.000   21.850000  0.000000e+00  2.218281e+02 
    0.000   22.346001  0.000000e+00  2.217425e+02 
    0.000   22.841999  0.000000e+00  2.216550e+02 
    0.000   23.337000  0.000000e+00  2.215739e+02 
    0.000   23.833000  0.000000e+00  2.215109e+02 
    0.000   24.329000  0.000000e+00  2.214717e+02 
    0.000   24.824999  0.000000e+00  2.214524e+02 
    0.000   25.320000  0.000000e+00  2.214411e+02 
    0.000   25.816000  0.000000e+00  2.214416e+02 
    0.000   26.312000  0.000000e+00  2.214504e+02 
    0.000   26.808001  0.000000e+00  2.214619e+02 
    0.000   27.302999  0.000000e+00  2.214782e+02 
    0.000   27.799000  0.000000e+00  2.215004e+02 
    0.000   28.295000  0.000000e+00  2.215272e+02 
    0.000   28.791000  0.000000e+00  2.215613e+02 
    0.000   29.285999  0.000000e+00  2.216034e+02 
    0.000   29.782000  0.000000e+00  2.216516e+02 
    0.000   30.278000  0.000000e+00  2.217036e+02 
    0.000   30.774000  0.000000e+00  2.217584e+02 
    0.000   31.268999  0.000000e+00  2.218150e+02 
    0.000   31.764999  0.000000e+00  2.218729e+02 
    0.000   32.261002  0.000000e+00  2.219313e+02 
    0.000   32.757000  0.000000e+00  2.219899e+02 
    0.000   33.252003  0.000000e+00  2.220480e+02 
    0.000   33.748001  0.000000e+00  2.221076e+02 
    0.000   34.244003  0.000000e+00  2.221696e+02 
    0.000   34.740002  0.000000e+00  2.222325e+02 
    0.000   35.235001  0.000000e+00  2.222949e+02 
    0.000   35.731003  0.000000e+00  2.223540e+02 
    0.000   36.227001  0.000000e+00  2.224098e+02 
    0.000   36.723003  0.000000e+00  2.224619e+02 
    0.000   37.219002  0.000000e+00  2.225109e+02 
    0.000   37.714001  0.000000e+00  2.225558e+02 
    0.000   38.210003  0.000000e+00  2.225971e+02 
    0.000   38.706001  0.000000e+00  2.226385e+02 
    0.000   39.202003  0.000000e+00  2.226811e+02 
    0.000   39.697002  0.000000e+00  2.227269e+02 
    0.000   40.197002  0.000000e+00  2.227777e+02 
    0.000   45.197002  0.000000e+00  2.232283e+02 
    0.000   50.197002  0.000000e+00  2.234552e+02 
    0.000   55.197002  0.000000e+00  2.234513e+02 
    0.000   60.197002  0.000000e+00  2.233832e+02 
    0.000   65.196999  0.000000e+00  2.233310e+02 
