   66.887    0.000000  7.720944e-01  1.814927e+01 
   66.887    0.103000  7.763596e-01  1.833120e+01 
   66.887    0.206000  7.806048e-01  1.852199e+01 
   66.887    0.309000  7.848553e-01  1.871736e+01 
   66.887    0.412000  7.891224e-01  1.891547e+01 
   66.887    0.515000  7.933947e-01  1.911554e+01 
   66.887    0.618000  7.976621e-01  1.931704e+01 
   66.887    0.720000  8.018801e-01  1.951759e+01 
   66.887    0.823000  9.497759e-01  2.271137e+01 
   66.887    0.926000  1.135048e+00  2.610755e+01 
   66.887    1.029000  1.375897e+00  2.980328e+01 
   66.887    1.132000  1.702526e+00  3.393315e+01 
   66.887    1.235000  2.163902e+00  3.864385e+01 
   66.887    1.338000  2.801049e+00  4.380743e+01 
   66.887    1.441000  3.594553e+00  4.891883e+01 
   66.887    1.544000  5.081872e+00  5.661477e+01 
   66.887    1.646000  7.161397e+00  6.451665e+01 
   66.887    1.749000  1.061496e+01  7.383173e+01 
   66.887    1.852000  1.739552e+01  8.586993e+01 
   66.887    1.955000  3.353012e+01  1.025466e+02 
   66.887    2.058000  8.089089e+01  1.262137e+02 
   66.887    2.161000  2.677000e+02  1.583992e+02 
   66.887    2.264000  2.793686e+02  1.592636e+02 
   66.887    2.367000  2.850695e+02  1.596371e+02 
   66.887    2.470000  2.877483e+02  1.597791e+02 
   66.887    2.572000  2.899833e+02  1.599106e+02 
   66.887    2.675000  2.912986e+02  1.599802e+02 
   66.887    2.778000  2.926051e+02  1.600661e+02 
   66.887    2.881000  2.939044e+02  1.601652e+02 
   66.887    2.984000  2.951988e+02  1.602754e+02 
   66.887    3.087000  2.964871e+02  1.603954e+02 
   66.887    3.190000  2.977679e+02  1.605241e+02 
   66.887    3.293000  2.990412e+02  1.606605e+02 
   66.887    3.396000  3.003079e+02  1.608035e+02 
   66.887    3.499000  3.015682e+02  1.609522e+02 
   66.887    3.601000  3.028142e+02  1.611042e+02 
   66.887    3.704000  3.040747e+02  1.612613e+02 
   66.887    3.807000  3.053373e+02  1.614218e+02 
   66.887    3.910000  3.066017e+02  1.615853e+02 
   66.887    4.013000  3.078673e+02  1.617517e+02 
   66.887    4.116000  3.091282e+02  1.619209e+02 
   66.887    4.219000  3.103772e+02  1.620931e+02 
   66.887    4.322000  3.116109e+02  1.622680e+02 
   66.887    4.425000  3.128264e+02  1.624454e+02 
   66.887    4.527000  3.140090e+02  1.626231e+02 
   66.887    4.630000  3.151821e+02  1.628041e+02 
   66.887    4.733000  3.163347e+02  1.629862e+02 
   66.887    4.836000  3.174646e+02  1.631693e+02 
   66.887    4.939000  3.185723e+02  1.633531e+02 
   66.887    5.042000  3.196591e+02  1.635374e+02 
   66.887    5.145000  3.207232e+02  1.637219e+02 
   66.887    5.248000  3.217661e+02  1.639065e+02 
   66.887    5.351000  3.227886e+02  1.640911e+02 
   66.887    5.453000  3.237807e+02  1.642738e+02 
   66.887    5.556000  3.247636e+02  1.644579e+02 
   66.887    5.659000  3.339672e+02  1.654532e+02 
   66.887    5.762000  3.512659e+02  1.671595e+02 
   66.887    5.865000  3.747035e+02  1.692822e+02 
   66.887    5.968000  4.014658e+02  1.714930e+02 
   66.887    6.071000  4.258167e+02  1.733428e+02 
   66.887    6.174000  4.384377e+02  1.742847e+02 
   66.887    6.277000  4.396193e+02  1.744385e+02 
   66.887    6.379000  4.407833e+02  1.745925e+02 
   66.887    6.482000  4.419531e+02  1.747487e+02 
   66.887    6.585000  4.431206e+02  1.749050e+02 
   66.887    6.688000  4.442902e+02  1.750609e+02 
   66.887    6.791000  4.454627e+02  1.752160e+02 
   66.887    6.894000  4.466250e+02  1.753705e+02 
   66.887    6.997000  4.477598e+02  1.755245e+02 
   66.887    7.100000  4.488569e+02  1.756778e+02 
   66.887    7.203000  4.498970e+02  1.758304e+02 
   66.887    7.305000  4.508549e+02  1.759804e+02 
   66.887    7.408000  4.517473e+02  1.761304e+02 
   66.887    7.511000  4.525706e+02  1.762789e+02 
   66.887    7.614000  4.533244e+02  1.764255e+02 
   66.887    7.717000  4.540301e+02  1.765701e+02 
   66.887    7.820000  4.547185e+02  1.767126e+02 
   66.887    7.923000  4.553965e+02  1.768531e+02 
   66.887    8.026000  4.560664e+02  1.769917e+02 
   66.887    8.129000  4.567318e+02  1.771284e+02 
   66.887    8.231000  4.573860e+02  1.772619e+02 
   66.887    8.334000  4.580363e+02  1.773948e+02 
   66.887    8.436999  4.586707e+02  1.775255e+02 
   66.887    8.540000  4.592893e+02  1.776542e+02 
   66.887    8.643000  4.598961e+02  1.777806e+02 
   66.887    8.745999  4.604940e+02  1.779047e+02 
   66.887    8.849000  4.610828e+02  1.780264e+02 
   66.887    8.952000  4.616627e+02  1.781456e+02 
   66.887    9.054999  4.622326e+02  1.782624e+02 
   66.887    9.157000  4.627853e+02  1.783757e+02 
   66.887    9.259999  4.633313e+02  1.784876e+02 
   66.887    9.363000  4.638650e+02  1.785971e+02 
   66.887    9.466000  4.643866e+02  1.787043e+02 
   66.887    9.568999  4.648972e+02  1.788092e+02 
   66.887    9.672000  4.653968e+02  1.789121e+02 
   66.887    9.775000  4.658849e+02  1.790130e+02 
   66.887    9.877999  4.663604e+02  1.791118e+02 
   66.887    9.981000  4.668229e+02  1.792087e+02 
   66.887   10.084000  4.673080e+02  1.793032e+02 
   66.887   10.186000  4.677798e+02  1.793950e+02 
   66.887   10.289000  4.682486e+02  1.794859e+02 
   66.887   10.392000  4.687100e+02  1.795752e+02 
   66.887   10.495000  4.691646e+02  1.796629e+02 
   66.887   10.598000  4.696123e+02  1.797488e+02 
   66.887   10.701000  4.700530e+02  1.798332e+02 
   66.887   10.804000  4.704867e+02  1.799162e+02 
   66.887   10.907000  4.709135e+02  1.799980e+02 
   66.887   11.009999  4.713340e+02  1.800784e+02 
   66.887   11.112000  4.717451e+02  1.801570e+02 
   66.887   11.215000  4.721555e+02  1.802353e+02 
   66.887   11.318000  4.725608e+02  1.803124e+02 
   66.887   11.421000  4.729612e+02  1.803886e+02 
   66.887   11.524000  4.733567e+02  1.804637e+02 
   66.887   11.627000  4.737471e+02  1.805379e+02 
   66.887   11.730000  4.741321e+02  1.806111e+02 
   66.887   11.833000  4.745117e+02  1.806834e+02 
   66.887   11.936000  4.748858e+02  1.807547e+02 
   66.887   12.038000  4.752510e+02  1.808245e+02 
   66.887   12.141000  4.756146e+02  1.808940e+02 
   66.887   12.243999  4.759729e+02  1.809626e+02 
   66.887   12.347000  4.763262e+02  1.810302e+02 
   66.887   12.450000  4.766746e+02  1.810968e+02 
   66.887   12.552999  4.770181e+02  1.811625e+02 
   66.887   12.656000  4.773568e+02  1.812272e+02 
   66.887   12.759000  4.776908e+02  1.812909e+02 
   66.887   12.862000  4.780205e+02  1.813535e+02 
   66.887   12.964000  4.783430e+02  1.814145e+02 
   66.887   13.066999  4.786647e+02  1.814750e+02 
   66.887   13.170000  4.789825e+02  1.815344e+02 
   66.887   13.273000  4.792966e+02  1.815928e+02 
   66.887   13.375999  4.796070e+02  1.816500e+02 
   66.887   13.479000  4.799139e+02  1.817063e+02 
   66.887   13.582000  4.802171e+02  1.817615e+02 
   66.887   13.684999  4.805169e+02  1.818156e+02 
   66.887   13.788000  4.808134e+02  1.818688e+02 
   66.887   13.889999  4.811035e+02  1.819203e+02 
   66.887   13.993000  4.813933e+02  1.819714e+02 
   66.887   14.096000  4.816799e+02  1.820213e+02 
   66.887   14.198999  4.819633e+02  1.820702e+02 
   66.887   14.302000  4.822436e+02  1.821181e+02 
   66.887   14.405000  4.825208e+02  1.821649e+02 
   66.887   14.507999  4.827949e+02  1.822107e+02 
   66.887   14.611000  4.830659e+02  1.822555e+02 
   66.887   14.714000  4.833337e+02  1.822994e+02 
   66.887   14.816999  4.835984e+02  1.823424e+02 
   66.887   14.919000  4.838575e+02  1.823842e+02 
   66.887   15.021999  4.841160e+02  1.824255e+02 
   66.887   15.125000  4.843713e+02  1.824661e+02 
   66.887   15.228000  4.846235e+02  1.825060e+02 
   66.887   15.330999  4.848727e+02  1.825451e+02 
   66.887   15.434000  4.851188e+02  1.825835e+02 
   66.887   15.537000  4.853619e+02  1.826211e+02 
   66.887   15.639999  4.856021e+02  1.826581e+02 
   66.887   15.743000  4.858393e+02  1.826944e+02 
   66.887   15.844999  4.860714e+02  1.827297e+02 
   66.887   15.948000  4.863031e+02  1.827646e+02 
   66.887   16.051001  4.865323e+02  1.827989e+02 
   66.887   16.153999  4.867590e+02  1.828324e+02 
   66.887   16.257000  4.869832e+02  1.828652e+02 
   66.887   16.360001  4.872051e+02  1.828974e+02 
   66.887   16.462999  4.874247e+02  1.829288e+02 
   66.887   16.566000  4.876420e+02  1.829595e+02 
   66.887   16.669001  4.878570e+02  1.829895e+02 
   66.887   16.771000  4.880679e+02  1.830185e+02 
   66.887   16.874001  4.882788e+02  1.830470e+02 
   66.887   16.976999  4.884877e+02  1.830749e+02 
   66.887   17.080000  4.886948e+02  1.831021e+02 
   66.887   17.183001  4.889003e+02  1.831283e+02 
   66.887   17.285999  4.891044e+02  1.831538e+02 
   66.887   17.389000  4.893070e+02  1.831784e+02 
   66.887   17.492001  4.895083e+02  1.832021e+02 
   66.887   17.594999  4.897085e+02  1.832249e+02 
   66.887   17.697001  4.899056e+02  1.832466e+02 
   66.887   17.799999  4.901033e+02  1.832676e+02 
   66.887   17.903000  4.902997e+02  1.832879e+02 
   66.887   18.006001  4.904947e+02  1.833074e+02 
   66.887   18.108999  4.906883e+02  1.833262e+02 
   66.887   18.212000  4.908801e+02  1.833444e+02 
   66.887   18.315001  4.910703e+02  1.833621e+02 
   66.887   18.417999  4.912586e+02  1.833792e+02 
   66.887   18.521000  4.914452e+02  1.833957e+02 
   66.887   18.622999  4.916283e+02  1.834115e+02 
   66.887   18.726000  4.918116e+02  1.834269e+02 
   66.887   18.829000  4.919933e+02  1.834417e+02 
   66.887   18.931999  4.921736e+02  1.834559e+02 
   66.887   19.035000  4.923525e+02  1.834695e+02 
   66.887   19.138000  4.925303e+02  1.834824e+02 
   66.887   19.240999  4.927069e+02  1.834948e+02 
   66.887   19.344000  4.928821e+02  1.835065e+02 
   66.887   19.447001  4.930562e+02  1.835177e+02 
   66.887   19.549999  4.932289e+02  1.835284e+02 
   66.887   19.652000  4.933987e+02  1.835384e+02 
   66.887   19.754999  4.935687e+02  1.835480e+02 
   66.887   19.858000  4.937374e+02  1.835573e+02 
   66.887   19.961000  4.939048e+02  1.835660e+02 
   66.887   20.063999  4.940711e+02  1.835742e+02 
   66.887   20.362999  4.945486e+02  1.835948e+02 
   66.887   20.858999  4.953176e+02  1.836212e+02 
   66.887   21.355000  4.960582e+02  1.836382e+02 
   66.887   21.851000  4.967727e+02  1.836460e+02 
   66.887   22.346001  4.974557e+02  1.836476e+02 
   66.887   22.841999  4.981032e+02  1.836472e+02 
   66.887   23.337999  4.987088e+02  1.836474e+02 
   66.887   23.834000  4.992729e+02  1.836488e+02 
   66.887   24.329000  4.997991e+02  1.836503e+02 
   66.887   24.824999  5.002944e+02  1.836505e+02 
   66.887   25.320999  5.007588e+02  1.836497e+02 
   66.887   25.816999  5.011926e+02  1.836487e+02 
   66.887   26.312000  5.015966e+02  1.836478e+02 
   66.887   26.808001  5.019753e+02  1.836464e+02 
   66.887   27.303999  5.023303e+02  1.836441e+02 
   66.887   27.799999  5.026623e+02  1.836411e+02 
   66.887   28.295000  5.029717e+02  1.836377e+02 
   66.887   28.791000  5.032621e+02  1.836337e+02 
   66.887   29.287001  5.035357e+02  1.836291e+02 
   66.887   29.782999  5.037954e+02  1.836235e+02 
   66.887   30.278000  5.040430e+02  1.836169e+02 
   66.887   30.774000  5.042811e+02  1.836092e+02 
   66.887   31.270000  5.045110e+02  1.836007e+02 
   66.887   31.765999  5.047342e+02  1.835914e+02 
   66.887   32.261002  5.049526e+02  1.835816e+02 
   66.887   32.757000  5.051689e+02  1.835714e+02 
   66.887   33.253002  5.053842e+02  1.835610e+02 
   66.887   33.749001  5.056003e+02  1.835507e+02 
   66.887   34.244003  5.058178e+02  1.835408e+02 
   66.887   34.740002  5.060392e+02  1.835312e+02 
   66.887   35.236000  5.062651e+02  1.835222e+02 
   66.887   35.732002  5.064966e+02  1.835137e+02 
   66.887   36.227001  5.067337e+02  1.835058e+02 
   66.887   36.723003  5.069771e+02  1.834984e+02 
   66.887   37.219002  5.072256e+02  1.834915e+02 
   66.887   37.715000  5.074780e+02  1.834851e+02 
   66.887   38.210003  5.077324e+02  1.834791e+02 
   66.887   38.706001  5.079875e+02  1.834737e+02 
   66.887   39.202003  5.082414e+02  1.834689e+02 
   66.887   39.698002  5.084915e+02  1.834646e+02 
   66.887   40.198002  5.087346e+02  1.834618e+02 
   66.887   45.198002  5.106273e+02  1.834608e+02 
   66.887   50.198002  5.113384e+02  1.834709e+02 
   66.887   55.198002  5.115927e+02  1.834799e+02 
   66.887   60.198002  5.123824e+02  1.834862e+02 
   66.887   65.197998  5.136343e+02  1.834903e+02 
