    0.000    0.000000  0.000000e+00  3.505156e+02 
    0.000    0.103000  0.000000e+00  3.501192e+02 
    0.000    0.205000  0.000000e+00  3.489470e+02 
    0.000    0.308000  0.000000e+00  3.472222e+02 
    0.000    0.411000  0.000000e+00  3.454870e+02 
    0.000    0.514000  0.000000e+00  3.437167e+02 
    0.000    0.617000  0.000000e+00  3.416933e+02 
    0.000    0.720000  0.000000e+00  3.394866e+02 
    0.000    0.823000  0.000000e+00  3.372056e+02 
    0.000    0.926000  0.000000e+00  3.348330e+02 
    0.000    1.029000  0.000000e+00  3.323713e+02 
    0.000    1.131000  0.000000e+00  3.298169e+02 
    0.000    1.234000  0.000000e+00  3.271170e+02 
    0.000    1.337000  0.000000e+00  3.243675e+02 
    0.000    1.440000  0.000000e+00  3.215890e+02 
    0.000    1.543000  0.000000e+00  3.188025e+02 
    0.000    1.646000  0.000000e+00  3.160901e+02 
    0.000    1.749000  0.000000e+00  3.134698e+02 
    0.000    1.852000  0.000000e+00  3.060347e+02 
    0.000    1.955000  0.000000e+00  3.029771e+02 
    0.000    2.057000  0.000000e+00  3.007222e+02 
    0.000    2.160000  0.000000e+00  2.988299e+02 
    0.000    2.263000  0.000000e+00  2.972319e+02 
    0.000    2.366000  0.000000e+00  2.958026e+02 
    0.000    2.469000  0.000000e+00  2.944770e+02 
    0.000    2.572000  0.000000e+00  2.932173e+02 
    0.000    2.675000  0.000000e+00  2.907141e+02 
    0.000    2.778000  0.000000e+00  2.860134e+02 
    0.000    2.881000  0.000000e+00  2.848878e+02 
    0.000    2.983000  0.000000e+00  2.836548e+02 
    0.000    3.086000  0.000000e+00  2.823683e+02 
    0.000    3.189000  0.000000e+00  2.810468e+02 
    0.000    3.292000  0.000000e+00  2.796878e+02 
    0.000    3.395000  0.000000e+00  2.782662e+02 
    0.000    3.498000  0.000000e+00  2.767535e+02 
    0.000    3.601000  0.000000e+00  2.749577e+02 
    0.000    3.704000  0.000000e+00  2.729402e+02 
    0.000    3.807000  0.000000e+00  2.707361e+02 
    0.000    3.910000  0.000000e+00  2.684621e+02 
    0.000    4.012000  0.000000e+00  2.661866e+02 
    0.000    4.115000  0.000000e+00  2.639800e+02 
    0.000    4.218000  0.000000e+00  2.617356e+02 
    0.000    4.321000  0.000000e+00  2.595289e+02 
    0.000    4.424000  0.000000e+00  2.575333e+02 
    0.000    4.527000  0.000000e+00  2.557300e+02 
    0.000    4.630000  0.000000e+00  2.541902e+02 
    0.000    4.733000  0.000000e+00  2.528649e+02 
    0.000    4.836000  0.000000e+00  2.516945e+02 
    0.000    4.938000  0.000000e+00  2.506353e+02 
    0.000    5.041000  0.000000e+00  2.495613e+02 
    0.000    5.144000  0.000000e+00  2.484984e+02 
    0.000    5.247000  0.000000e+00  2.474169e+02 
    0.000    5.350000  0.000000e+00  2.463299e+02 
    0.000    5.453000  0.000000e+00  2.452452e+02 
    0.000    5.556000  0.000000e+00  2.441569e+02 
    0.000    5.659000  0.000000e+00  2.430771e+02 
    0.000    5.762000  0.000000e+00  2.419984e+02 
    0.000    5.864000  0.000000e+00  2.409506e+02 
    0.000    5.967000  0.000000e+00  2.399180e+02 
    0.000    6.070000  0.000000e+00  2.388979e+02 
    0.000    6.173000  0.000000e+00  2.378828e+02 
    0.000    6.276000  0.000000e+00  2.369059e+02 
    0.000    6.379000  0.000000e+00  2.360375e+02 
    0.000    6.482000  0.000000e+00  2.351862e+02 
    0.000    6.585000  0.000000e+00  2.343540e+02 
    0.000    6.688000  0.000000e+00  2.335467e+02 
    0.000    6.790000  0.000000e+00  2.327662e+02 
    0.000    6.893000  0.000000e+00  2.320374e+02 
    0.000    6.996000  0.000000e+00  2.313939e+02 
    0.000    7.099000  0.000000e+00  2.308100e+02 
    0.000    7.202000  0.000000e+00  2.301727e+02 
    0.000    7.305000  0.000000e+00  2.296860e+02 
    0.000    7.408000  0.000000e+00  2.292850e+02 
    0.000    7.511000  0.000000e+00  2.289810e+02 
    0.000    7.614000  0.000000e+00  2.287358e+02 
    0.000    7.716000  0.000000e+00  2.285069e+02 
    0.000    7.819000  0.000000e+00  2.283407e+02 
    0.000    7.922000  0.000000e+00  2.282032e+02 
    0.000    8.025000  0.000000e+00  2.280836e+02 
    0.000    8.127999  0.000000e+00  2.279672e+02 
    0.000    8.231000  0.000000e+00  2.278706e+02 
    0.000    8.334000  0.000000e+00  2.277609e+02 
    0.000    8.436999  0.000000e+00  2.276199e+02 
    0.000    8.540000  0.000000e+00  2.274928e+02 
    0.000    8.641999  0.000000e+00  2.273474e+02 
    0.000    8.745000  0.000000e+00  2.271909e+02 
    0.000    8.848000  0.000000e+00  2.270193e+02 
    0.000    8.950999  0.000000e+00  2.268442e+02 
    0.000    9.054000  0.000000e+00  2.266514e+02 
    0.000    9.157000  0.000000e+00  2.264388e+02 
    0.000    9.259999  0.000000e+00  2.262405e+02 
    0.000    9.363000  0.000000e+00  2.260378e+02 
    0.000    9.466000  0.000000e+00  2.258366e+02 
    0.000    9.568000  0.000000e+00  2.256459e+02 
    0.000    9.671000  0.000000e+00  2.254607e+02 
    0.000    9.773999  0.000000e+00  2.252751e+02 
    0.000    9.877000  0.000000e+00  2.252131e+02 
    0.000    9.980000  0.000000e+00  2.251606e+02 
    0.000   10.082999  0.000000e+00  2.251153e+02 
    0.000   10.186000  0.000000e+00  2.250776e+02 
    0.000   10.289000  0.000000e+00  2.250461e+02 
    0.000   10.391999  0.000000e+00  2.250161e+02 
    0.000   10.495000  0.000000e+00  2.249819e+02 
    0.000   10.596999  0.000000e+00  2.249459e+02 
    0.000   10.700000  0.000000e+00  2.249073e+02 
    0.000   10.802999  0.000000e+00  2.248626e+02 
    0.000   10.905999  0.000000e+00  2.248140e+02 
    0.000   11.009000  0.000000e+00  2.247619e+02 
    0.000   11.112000  0.000000e+00  2.247024e+02 
    0.000   11.214999  0.000000e+00  2.246377e+02 
    0.000   11.318000  0.000000e+00  2.245696e+02 
    0.000   11.421000  0.000000e+00  2.244962e+02 
    0.000   11.523000  0.000000e+00  2.244197e+02 
    0.000   11.625999  0.000000e+00  2.243410e+02 
    0.000   11.729000  0.000000e+00  2.242641e+02 
    0.000   11.832000  0.000000e+00  2.241887e+02 
    0.000   11.934999  0.000000e+00  2.241143e+02 
    0.000   12.037999  0.000000e+00  2.240445e+02 
    0.000   12.141000  0.000000e+00  2.239784e+02 
    0.000   12.243999  0.000000e+00  2.239145e+02 
    0.000   12.346999  0.000000e+00  2.238506e+02 
    0.000   12.448999  0.000000e+00  2.237871e+02 
    0.000   12.552000  0.000000e+00  2.237232e+02 
    0.000   12.655000  0.000000e+00  2.236587e+02 
    0.000   12.757999  0.000000e+00  2.235935e+02 
    0.000   12.861000  0.000000e+00  2.235280e+02 
    0.000   12.964000  0.000000e+00  2.234625e+02 
    0.000   13.066999  0.000000e+00  2.233969e+02 
    0.000   13.170000  0.000000e+00  2.233314e+02 
    0.000   13.273000  0.000000e+00  2.232670e+02 
    0.000   13.375000  0.000000e+00  2.232058e+02 
    0.000   13.478000  0.000000e+00  2.231460e+02 
    0.000   13.580999  0.000000e+00  2.230879e+02 
    0.000   13.684000  0.000000e+00  2.230346e+02 
    0.000   13.787000  0.000000e+00  2.229852e+02 
    0.000   13.889999  0.000000e+00  2.229383e+02 
    0.000   13.993000  0.000000e+00  2.228958e+02 
    0.000   14.096000  0.000000e+00  2.228574e+02 
    0.000   14.198999  0.000000e+00  2.228218e+02 
    0.000   14.301000  0.000000e+00  2.227882e+02 
    0.000   14.403999  0.000000e+00  2.227553e+02 
    0.000   14.507000  0.000000e+00  2.227234e+02 
    0.000   14.610000  0.000000e+00  2.226912e+02 
    0.000   14.712999  0.000000e+00  2.226563e+02 
    0.000   14.816000  0.000000e+00  2.226194e+02 
    0.000   14.919000  0.000000e+00  2.225817e+02 
    0.000   15.021999  0.000000e+00  2.225427e+02 
    0.000   15.125000  0.000000e+00  2.225027e+02 
    0.000   15.228000  0.000000e+00  2.224621e+02 
    0.000   15.330000  0.000000e+00  2.224218e+02 
    0.000   15.433000  0.000000e+00  2.223810e+02 
    0.000   15.535999  0.000000e+00  2.223403e+02 
    0.000   15.639000  0.000000e+00  2.222993e+02 
    0.000   15.742000  0.000000e+00  2.222566e+02 
    0.000   15.844999  0.000000e+00  2.222126e+02 
    0.000   15.947999  0.000000e+00  2.221678e+02 
    0.000   16.051001  0.000000e+00  2.221228e+02 
    0.000   16.154001  0.000000e+00  2.220776e+02 
    0.000   16.256001  0.000000e+00  2.220328e+02 
    0.000   16.359001  0.000000e+00  2.219880e+02 
    0.000   16.462000  0.000000e+00  2.219446e+02 
    0.000   16.565001  0.000000e+00  2.219022e+02 
    0.000   16.668001  0.000000e+00  2.218604e+02 
    0.000   16.771000  0.000000e+00  2.218208e+02 
    0.000   16.874001  0.000000e+00  2.217831e+02 
    0.000   16.977001  0.000000e+00  2.217467e+02 
    0.000   17.080000  0.000000e+00  2.217114e+02 
    0.000   17.182001  0.000000e+00  2.216774e+02 
    0.000   17.285000  0.000000e+00  2.216440e+02 
    0.000   17.388000  0.000000e+00  2.216113e+02 
    0.000   17.491001  0.000000e+00  2.215788e+02 
    0.000   17.594000  0.000000e+00  2.215465e+02 
    0.000   17.697001  0.000000e+00  2.215145e+02 
    0.000   17.800001  0.000000e+00  2.214828e+02 
    0.000   17.903000  0.000000e+00  2.214514e+02 
    0.000   18.006001  0.000000e+00  2.214203e+02 
    0.000   18.108000  0.000000e+00  2.213899e+02 
    0.000   18.211000  0.000000e+00  2.213594e+02 
    0.000   18.314001  0.000000e+00  2.213289e+02 
    0.000   18.417000  0.000000e+00  2.212987e+02 
    0.000   18.520000  0.000000e+00  2.212687e+02 
    0.000   18.623001  0.000000e+00  2.212387e+02 
    0.000   18.726000  0.000000e+00  2.212087e+02 
    0.000   18.829000  0.000000e+00  2.211789e+02 
    0.000   18.932001  0.000000e+00  2.211490e+02 
    0.000   19.034000  0.000000e+00  2.211190e+02 
    0.000   19.137001  0.000000e+00  2.210885e+02 
    0.000   19.240000  0.000000e+00  2.210580e+02 
    0.000   19.343000  0.000000e+00  2.210284e+02 
    0.000   19.446001  0.000000e+00  2.210000e+02 
    0.000   19.549000  0.000000e+00  2.209724e+02 
    0.000   19.652000  0.000000e+00  2.209456e+02 
    0.000   19.755001  0.000000e+00  2.209203e+02 
    0.000   19.858000  0.000000e+00  2.208966e+02 
    0.000   19.961000  0.000000e+00  2.208741e+02 
    0.000   20.063000  0.000000e+00  2.208527e+02 
    0.000   20.363001  0.000000e+00  2.207895e+02 
    0.000   20.858000  0.000000e+00  2.206831e+02 
    0.000   21.354000  0.000000e+00  2.205873e+02 
    0.000   21.850000  0.000000e+00  2.204992e+02 
    0.000   22.346001  0.000000e+00  2.204120e+02 
    0.000   22.841002  0.000000e+00  2.203336e+02 
    0.000   23.337000  0.000000e+00  2.202652e+02 
    0.000   23.833000  0.000000e+00  2.202079e+02 
    0.000   24.329000  0.000000e+00  2.201665e+02 
    0.000   24.824001  0.000000e+00  2.201431e+02 
    0.000   25.320000  0.000000e+00  2.201306e+02 
    0.000   25.816000  0.000000e+00  2.201279e+02 
    0.000   26.312000  0.000000e+00  2.201412e+02 
    0.000   26.807001  0.000000e+00  2.201630e+02 
    0.000   27.303001  0.000000e+00  2.201857e+02 
    0.000   27.799000  0.000000e+00  2.202072e+02 
    0.000   28.295000  0.000000e+00  2.202294e+02 
    0.000   28.791000  0.000000e+00  2.202590e+02 
    0.000   29.286001  0.000000e+00  2.203025e+02 
    0.000   29.782001  0.000000e+00  2.203563e+02 
    0.000   30.278000  0.000000e+00  2.204154e+02 
    0.000   30.774000  0.000000e+00  2.204702e+02 
    0.000   31.269001  0.000000e+00  2.205207e+02 
    0.000   31.765001  0.000000e+00  2.205685e+02 
    0.000   32.261002  0.000000e+00  2.206198e+02 
    0.000   32.757000  0.000000e+00  2.206760e+02 
    0.000   33.251999  0.000000e+00  2.207384e+02 
    0.000   33.748001  0.000000e+00  2.208058e+02 
    0.000   34.243999  0.000000e+00  2.208760e+02 
    0.000   34.740002  0.000000e+00  2.209435e+02 
    0.000   35.235001  0.000000e+00  2.210069e+02 
    0.000   35.730999  0.000000e+00  2.210628e+02 
    0.000   36.227001  0.000000e+00  2.211124e+02 
    0.000   36.723000  0.000000e+00  2.211591e+02 
    0.000   37.218002  0.000000e+00  2.212036e+02 
    0.000   37.714001  0.000000e+00  2.212485e+02 
    0.000   38.209999  0.000000e+00  2.212937e+02 
    0.000   38.706001  0.000000e+00  2.213401e+02 
    0.000   39.201000  0.000000e+00  2.213875e+02 
    0.000   39.697002  0.000000e+00  2.214367e+02 
    0.000   40.197002  0.000000e+00  2.214882e+02 
    0.000   45.197002  0.000000e+00  2.219389e+02 
    0.000   50.197002  0.000000e+00  2.221602e+02 
    0.000   55.197002  0.000000e+00  2.221632e+02 
    0.000   60.197002  0.000000e+00  2.220941e+02 
    0.000   65.196999  0.000000e+00  2.220417e+02 
