    0.000    0.000000  0.000000e+00  3.501955e+02 
    0.000    0.103000  0.000000e+00  3.497877e+02 
    0.000    0.206000  0.000000e+00  3.487095e+02 
    0.000    0.309000  0.000000e+00  3.470769e+02 
    0.000    0.412000  0.000000e+00  3.453756e+02 
    0.000    0.515000  0.000000e+00  3.438419e+02 
    0.000    0.617000  0.000000e+00  3.419941e+02 
    0.000    0.720000  0.000000e+00  3.397949e+02 
    0.000    0.823000  0.000000e+00  3.374653e+02 
    0.000    0.926000  0.000000e+00  3.349907e+02 
    0.000    1.029000  0.000000e+00  3.324218e+02 
    0.000    1.132000  0.000000e+00  3.297893e+02 
    0.000    1.235000  0.000000e+00  3.269694e+02 
    0.000    1.338000  0.000000e+00  3.240887e+02 
    0.000    1.441000  0.000000e+00  3.211858e+02 
    0.000    1.544000  0.000000e+00  3.182632e+02 
    0.000    1.646000  0.000000e+00  3.154296e+02 
    0.000    1.749000  0.000000e+00  3.138869e+02 
    0.000    1.852000  0.000000e+00  3.112058e+02 
    0.000    1.955000  0.000000e+00  3.082857e+02 
    0.000    2.058000  0.000000e+00  3.012880e+02 
    0.000    2.161000  0.000000e+00  2.984414e+02 
    0.000    2.264000  0.000000e+00  2.960424e+02 
    0.000    2.367000  0.000000e+00  2.935429e+02 
    0.000    2.470000  0.000000e+00  2.909808e+02 
    0.000    2.572000  0.000000e+00  2.884245e+02 
    0.000    2.675000  0.000000e+00  2.858696e+02 
    0.000    2.778000  0.000000e+00  2.834414e+02 
    0.000    2.881000  0.000000e+00  2.811243e+02 
    0.000    2.984000  0.000000e+00  2.789082e+02 
    0.000    3.087000  0.000000e+00  2.771931e+02 
    0.000    3.190000  0.000000e+00  2.754084e+02 
    0.000    3.293000  0.000000e+00  2.735523e+02 
    0.000    3.396000  0.000000e+00  2.716935e+02 
    0.000    3.498000  0.000000e+00  2.697788e+02 
    0.000    3.601000  0.000000e+00  2.678056e+02 
    0.000    3.704000  0.000000e+00  2.658530e+02 
    0.000    3.807000  0.000000e+00  2.639134e+02 
    0.000    3.910000  0.000000e+00  2.620154e+02 
    0.000    4.013000  0.000000e+00  2.602413e+02 
    0.000    4.116000  0.000000e+00  2.586534e+02 
    0.000    4.219000  0.000000e+00  2.571331e+02 
    0.000    4.322000  0.000000e+00  2.556752e+02 
    0.000    4.424000  0.000000e+00  2.543241e+02 
    0.000    4.527000  0.000000e+00  2.530296e+02 
    0.000    4.630000  0.000000e+00  2.518467e+02 
    0.000    4.733000  0.000000e+00  2.507340e+02 
    0.000    4.836000  0.000000e+00  2.496075e+02 
    0.000    4.939000  0.000000e+00  2.484871e+02 
    0.000    5.042000  0.000000e+00  2.473603e+02 
    0.000    5.145000  0.000000e+00  2.462428e+02 
    0.000    5.248000  0.000000e+00  2.451000e+02 
    0.000    5.350000  0.000000e+00  2.438140e+02 
    0.000    5.453000  0.000000e+00  2.424733e+02 
    0.000    5.556000  0.000000e+00  2.411448e+02 
    0.000    5.659000  0.000000e+00  2.397453e+02 
    0.000    5.762000  0.000000e+00  2.381952e+02 
    0.000    5.865000  0.000000e+00  2.365837e+02 
    0.000    5.968000  0.000000e+00  2.348700e+02 
    0.000    6.071000  0.000000e+00  2.331066e+02 
    0.000    6.174000  0.000000e+00  2.313509e+02 
    0.000    6.276000  0.000000e+00  2.299301e+02 
    0.000    6.379000  0.000000e+00  2.289412e+02 
    0.000    6.482000  0.000000e+00  2.279672e+02 
    0.000    6.585000  0.000000e+00  2.270029e+02 
    0.000    6.688000  0.000000e+00  2.260595e+02 
    0.000    6.791000  0.000000e+00  2.251358e+02 
    0.000    6.894000  0.000000e+00  2.242690e+02 
    0.000    6.997000  0.000000e+00  2.234873e+02 
    0.000    7.100000  0.000000e+00  2.227532e+02 
    0.000    7.202000  0.000000e+00  2.221316e+02 
    0.000    7.305000  0.000000e+00  2.216147e+02 
    0.000    7.408000  0.000000e+00  2.211624e+02 
    0.000    7.511000  0.000000e+00  2.208062e+02 
    0.000    7.614000  0.000000e+00  2.205229e+02 
    0.000    7.717000  0.000000e+00  2.202905e+02 
    0.000    7.820000  0.000000e+00  2.201062e+02 
    0.000    7.923000  0.000000e+00  2.199492e+02 
    0.000    8.026000  0.000000e+00  2.198121e+02 
    0.000    8.129000  0.000000e+00  2.196906e+02 
    0.000    8.231000  0.000000e+00  2.195794e+02 
    0.000    8.334001  0.000000e+00  2.194634e+02 
    0.000    8.437000  0.000000e+00  2.193374e+02 
    0.000    8.540000  0.000000e+00  2.191955e+02 
    0.000    8.643001  0.000000e+00  2.190332e+02 
    0.000    8.746000  0.000000e+00  2.188782e+02 
    0.000    8.849000  0.000000e+00  2.187198e+02 
    0.000    8.952001  0.000000e+00  2.185709e+02 
    0.000    9.055000  0.000000e+00  2.184203e+02 
    0.000    9.157001  0.000000e+00  2.182662e+02 
    0.000    9.260000  0.000000e+00  2.180525e+02 
    0.000    9.363000  0.000000e+00  2.178465e+02 
    0.000    9.466001  0.000000e+00  2.176447e+02 
    0.000    9.569000  0.000000e+00  2.174513e+02 
    0.000    9.672000  0.000000e+00  2.172645e+02 
    0.000    9.775001  0.000000e+00  2.170791e+02 
    0.000    9.878000  0.000000e+00  2.168975e+02 
    0.000    9.981000  0.000000e+00  2.167155e+02 
    0.000   10.083000  0.000000e+00  2.166768e+02 
    0.000   10.186000  0.000000e+00  2.166481e+02 
    0.000   10.289001  0.000000e+00  2.166271e+02 
    0.000   10.392000  0.000000e+00  2.166091e+02 
    0.000   10.495000  0.000000e+00  2.165873e+02 
    0.000   10.598001  0.000000e+00  2.165635e+02 
    0.000   10.701000  0.000000e+00  2.165374e+02 
    0.000   10.804000  0.000000e+00  2.165032e+02 
    0.000   10.907001  0.000000e+00  2.164639e+02 
    0.000   11.009000  0.000000e+00  2.164210e+02 
    0.000   11.112000  0.000000e+00  2.163696e+02 
    0.000   11.215000  0.000000e+00  2.163126e+02 
    0.000   11.318000  0.000000e+00  2.162521e+02 
    0.000   11.421000  0.000000e+00  2.161867e+02 
    0.000   11.524000  0.000000e+00  2.161177e+02 
    0.000   11.627000  0.000000e+00  2.160470e+02 
    0.000   11.730000  0.000000e+00  2.159772e+02 
    0.000   11.833000  0.000000e+00  2.159082e+02 
    0.000   11.935000  0.000000e+00  2.158400e+02 
    0.000   12.038000  0.000000e+00  2.157756e+02 
    0.000   12.141000  0.000000e+00  2.157146e+02 
    0.000   12.244000  0.000000e+00  2.156559e+02 
    0.000   12.347000  0.000000e+00  2.155972e+02 
    0.000   12.450000  0.000000e+00  2.155383e+02 
    0.000   12.553000  0.000000e+00  2.154797e+02 
    0.000   12.656000  0.000000e+00  2.154207e+02 
    0.000   12.759000  0.000000e+00  2.153610e+02 
    0.000   12.862000  0.000000e+00  2.153012e+02 
    0.000   12.964000  0.000000e+00  2.152416e+02 
    0.000   13.067000  0.000000e+00  2.151812e+02 
    0.000   13.170000  0.000000e+00  2.151208e+02 
    0.000   13.273000  0.000000e+00  2.150611e+02 
    0.000   13.376000  0.000000e+00  2.150035e+02 
    0.000   13.479000  0.000000e+00  2.149477e+02 
    0.000   13.582000  0.000000e+00  2.148933e+02 
    0.000   13.685000  0.000000e+00  2.148438e+02 
    0.000   13.788000  0.000000e+00  2.147982e+02 
    0.000   13.890000  0.000000e+00  2.147556e+02 
    0.000   13.993000  0.000000e+00  2.147169e+02 
    0.000   14.096000  0.000000e+00  2.146823e+02 
    0.000   14.199000  0.000000e+00  2.146507e+02 
    0.000   14.302000  0.000000e+00  2.146205e+02 
    0.000   14.405000  0.000000e+00  2.145909e+02 
    0.000   14.508000  0.000000e+00  2.145621e+02 
    0.000   14.611000  0.000000e+00  2.145330e+02 
    0.000   14.714000  0.000000e+00  2.145009e+02 
    0.000   14.816000  0.000000e+00  2.144669e+02 
    0.000   14.919000  0.000000e+00  2.144316e+02 
    0.000   15.022000  0.000000e+00  2.143947e+02 
    0.000   15.125000  0.000000e+00  2.143566e+02 
    0.000   15.228000  0.000000e+00  2.143177e+02 
    0.000   15.331000  0.000000e+00  2.142786e+02 
    0.000   15.434000  0.000000e+00  2.142394e+02 
    0.000   15.537000  0.000000e+00  2.142003e+02 
    0.000   15.640000  0.000000e+00  2.141609e+02 
    0.000   15.742001  0.000000e+00  2.141206e+02 
    0.000   15.845000  0.000000e+00  2.140789e+02 
    0.000   15.948001  0.000000e+00  2.140368e+02 
    0.000   16.050999  0.000000e+00  2.139947e+02 
    0.000   16.153999  0.000000e+00  2.139528e+02 
    0.000   16.257000  0.000000e+00  2.139111e+02 
    0.000   16.359999  0.000000e+00  2.138701e+02 
    0.000   16.462999  0.000000e+00  2.138303e+02 
    0.000   16.566000  0.000000e+00  2.137917e+02 
    0.000   16.667999  0.000000e+00  2.137541e+02 
    0.000   16.771000  0.000000e+00  2.137175e+02 
    0.000   16.873999  0.000000e+00  2.136819e+02 
    0.000   16.976999  0.000000e+00  2.136473e+02 
    0.000   17.080000  0.000000e+00  2.136134e+02 
    0.000   17.182999  0.000000e+00  2.135803e+02 
    0.000   17.285999  0.000000e+00  2.135480e+02 
    0.000   17.389000  0.000000e+00  2.135162e+02 
    0.000   17.491999  0.000000e+00  2.134849e+02 
    0.000   17.594999  0.000000e+00  2.134541e+02 
    0.000   17.696999  0.000000e+00  2.134240e+02 
    0.000   17.799999  0.000000e+00  2.133941e+02 
    0.000   17.903000  0.000000e+00  2.133646e+02 
    0.000   18.005999  0.000000e+00  2.133356e+02 
    0.000   18.108999  0.000000e+00  2.133070e+02 
    0.000   18.212000  0.000000e+00  2.132784e+02 
    0.000   18.314999  0.000000e+00  2.132499e+02 
    0.000   18.417999  0.000000e+00  2.132215e+02 
    0.000   18.521000  0.000000e+00  2.131932e+02 
    0.000   18.622999  0.000000e+00  2.131649e+02 
    0.000   18.726000  0.000000e+00  2.131364e+02 
    0.000   18.828999  0.000000e+00  2.131078e+02 
    0.000   18.931999  0.000000e+00  2.130791e+02 
    0.000   19.035000  0.000000e+00  2.130502e+02 
    0.000   19.137999  0.000000e+00  2.130211e+02 
    0.000   19.240999  0.000000e+00  2.129920e+02 
    0.000   19.344000  0.000000e+00  2.129641e+02 
    0.000   19.446999  0.000000e+00  2.129377e+02 
    0.000   19.549000  0.000000e+00  2.129128e+02 
    0.000   19.651999  0.000000e+00  2.128885e+02 
    0.000   19.754999  0.000000e+00  2.128657e+02 
    0.000   19.858000  0.000000e+00  2.128444e+02 
    0.000   19.960999  0.000000e+00  2.128241e+02 
    0.000   20.063999  0.000000e+00  2.128047e+02 
    0.000   20.362999  0.000000e+00  2.127465e+02 
    0.000   20.858999  0.000000e+00  2.126447e+02 
    0.000   21.355000  0.000000e+00  2.125534e+02 
    0.000   21.849998  0.000000e+00  2.124706e+02 
    0.000   22.345999  0.000000e+00  2.123894e+02 
    0.000   22.841999  0.000000e+00  2.123162e+02 
    0.000   23.337999  0.000000e+00  2.122507e+02 
    0.000   23.832998  0.000000e+00  2.121954e+02 
    0.000   24.328999  0.000000e+00  2.121567e+02 
    0.000   24.824999  0.000000e+00  2.121356e+02 
    0.000   25.320999  0.000000e+00  2.121240e+02 
    0.000   25.816000  0.000000e+00  2.121232e+02 
    0.000   26.311998  0.000000e+00  2.121386e+02 
    0.000   26.807999  0.000000e+00  2.121625e+02 
    0.000   27.303999  0.000000e+00  2.121868e+02 
    0.000   27.799000  0.000000e+00  2.122094e+02 
    0.000   28.295000  0.000000e+00  2.122327e+02 
    0.000   28.790998  0.000000e+00  2.122633e+02 
    0.000   29.286999  0.000000e+00  2.123079e+02 
    0.000   29.782000  0.000000e+00  2.123625e+02 
    0.000   30.278000  0.000000e+00  2.124218e+02 
    0.000   30.773998  0.000000e+00  2.124772e+02 
    0.000   31.269999  0.000000e+00  2.125284e+02 
    0.000   31.765999  0.000000e+00  2.125770e+02 
    0.000   32.261002  0.000000e+00  2.126284e+02 
    0.000   32.757000  0.000000e+00  2.126846e+02 
    0.000   33.253002  0.000000e+00  2.127472e+02 
    0.000   33.749001  0.000000e+00  2.128149e+02 
    0.000   34.243999  0.000000e+00  2.128859e+02 
    0.000   34.740002  0.000000e+00  2.129542e+02 
    0.000   35.236000  0.000000e+00  2.130181e+02 
    0.000   35.732002  0.000000e+00  2.130742e+02 
    0.000   36.227001  0.000000e+00  2.131237e+02 
    0.000   36.723000  0.000000e+00  2.131704e+02 
    0.000   37.219002  0.000000e+00  2.132151e+02 
    0.000   37.715000  0.000000e+00  2.132601e+02 
    0.000   38.210003  0.000000e+00  2.133053e+02 
    0.000   38.706001  0.000000e+00  2.133520e+02 
    0.000   39.202000  0.000000e+00  2.134001e+02 
    0.000   39.698002  0.000000e+00  2.134497e+02 
    0.000   40.198002  0.000000e+00  2.135013e+02 
    0.000   45.198002  0.000000e+00  2.139523e+02 
    0.000   50.198002  0.000000e+00  2.141746e+02 
    0.000   55.198002  0.000000e+00  2.141778e+02 
    0.000   60.198002  0.000000e+00  2.141086e+02 
    0.000   65.197998  0.000000e+00  2.140562e+02 
