    0.000    0.000000  0.000000e+00  3.517328e+02 
    0.000    0.103000  0.000000e+00  3.508471e+02 
    0.000    0.206000  0.000000e+00  3.496284e+02 
    0.000    0.309000  0.000000e+00  3.482598e+02 
    0.000    0.411000  0.000000e+00  3.468626e+02 
    0.000    0.514000  0.000000e+00  3.454662e+02 
    0.000    0.617000  0.000000e+00  3.439272e+02 
    0.000    0.720000  0.000000e+00  3.422616e+02 
    0.000    0.823000  0.000000e+00  3.405055e+02 
    0.000    0.926000  0.000000e+00  3.386621e+02 
    0.000    1.029000  0.000000e+00  3.367000e+02 
    0.000    1.132000  0.000000e+00  3.346593e+02 
    0.000    1.235000  0.000000e+00  3.324909e+02 
    0.000    1.337000  0.000000e+00  3.302765e+02 
    0.000    1.440000  0.000000e+00  3.280181e+02 
    0.000    1.543000  0.000000e+00  3.257363e+02 
    0.000    1.646000  0.000000e+00  3.233557e+02 
    0.000    1.749000  0.000000e+00  3.208348e+02 
    0.000    1.852000  0.000000e+00  3.186386e+02 
    0.000    1.955000  0.000000e+00  3.165809e+02 
    0.000    2.058000  0.000000e+00  3.074784e+02 
    0.000    2.161000  0.000000e+00  3.009870e+02 
    0.000    2.263000  0.000000e+00  2.955946e+02 
    0.000    2.366000  0.000000e+00  2.946356e+02 
    0.000    2.469000  0.000000e+00  2.935451e+02 
    0.000    2.572000  0.000000e+00  2.924120e+02 
    0.000    2.675000  0.000000e+00  2.911606e+02 
    0.000    2.778000  0.000000e+00  2.900612e+02 
    0.000    2.881000  0.000000e+00  2.890113e+02 
    0.000    2.984000  0.000000e+00  2.879082e+02 
    0.000    3.087000  0.000000e+00  2.867769e+02 
    0.000    3.189000  0.000000e+00  2.856249e+02 
    0.000    3.292000  0.000000e+00  2.844521e+02 
    0.000    3.395000  0.000000e+00  2.832665e+02 
    0.000    3.498000  0.000000e+00  2.820747e+02 
    0.000    3.601000  0.000000e+00  2.808753e+02 
    0.000    3.704000  0.000000e+00  2.796673e+02 
    0.000    3.807000  0.000000e+00  2.784603e+02 
    0.000    3.910000  0.000000e+00  2.772529e+02 
    0.000    4.013000  0.000000e+00  2.760514e+02 
    0.000    4.115000  0.000000e+00  2.748563e+02 
    0.000    4.218000  0.000000e+00  2.736468e+02 
    0.000    4.321000  0.000000e+00  2.724447e+02 
    0.000    4.424000  0.000000e+00  2.712442e+02 
    0.000    4.527000  0.000000e+00  2.700508e+02 
    0.000    4.630000  0.000000e+00  2.688666e+02 
    0.000    4.733000  0.000000e+00  2.676838e+02 
    0.000    4.836000  0.000000e+00  2.665108e+02 
    0.000    4.939000  0.000000e+00  2.653458e+02 
    0.000    5.041000  0.000000e+00  2.641956e+02 
    0.000    5.144000  0.000000e+00  2.630486e+02 
    0.000    5.247000  0.000000e+00  2.619108e+02 
    0.000    5.350000  0.000000e+00  2.607845e+02 
    0.000    5.453000  0.000000e+00  2.596740e+02 
    0.000    5.556000  0.000000e+00  2.585797e+02 
    0.000    5.659000  0.000000e+00  2.575041e+02 
    0.000    5.762000  0.000000e+00  2.564479e+02 
    0.000    5.865000  0.000000e+00  2.554111e+02 
    0.000    5.967000  0.000000e+00  2.544040e+02 
    0.000    6.070000  0.000000e+00  2.534076e+02 
    0.000    6.173000  0.000000e+00  2.524317e+02 
    0.000    6.276000  0.000000e+00  2.514778e+02 
    0.000    6.379000  0.000000e+00  2.504651e+02 
    0.000    6.482000  0.000000e+00  2.494661e+02 
    0.000    6.585000  0.000000e+00  2.484849e+02 
    0.000    6.688000  0.000000e+00  2.475225e+02 
    0.000    6.791000  0.000000e+00  2.464761e+02 
    0.000    6.894000  0.000000e+00  2.455423e+02 
    0.000    6.996000  0.000000e+00  2.446084e+02 
    0.000    7.099000  0.000000e+00  2.437251e+02 
    0.000    7.202000  0.000000e+00  2.430100e+02 
    0.000    7.305000  0.000000e+00  2.424648e+02 
    0.000    7.408000  0.000000e+00  2.420123e+02 
    0.000    7.511000  0.000000e+00  2.416727e+02 
    0.000    7.614000  0.000000e+00  2.414374e+02 
    0.000    7.717000  0.000000e+00  2.412022e+02 
    0.000    7.820000  0.000000e+00  2.410269e+02 
    0.000    7.922000  0.000000e+00  2.408243e+02 
    0.000    8.025000  0.000000e+00  2.406662e+02 
    0.000    8.128000  0.000000e+00  2.404933e+02 
    0.000    8.231000  0.000000e+00  2.403328e+02 
    0.000    8.334000  0.000000e+00  2.401596e+02 
    0.000    8.437000  0.000000e+00  2.399068e+02 
    0.000    8.540000  0.000000e+00  2.396682e+02 
    0.000    8.643000  0.000000e+00  2.394160e+02 
    0.000    8.746000  0.000000e+00  2.391602e+02 
    0.000    8.848000  0.000000e+00  2.390400e+02 
    0.000    8.951000  0.000000e+00  2.389168e+02 
    0.000    9.054000  0.000000e+00  2.387922e+02 
    0.000    9.157000  0.000000e+00  2.386682e+02 
    0.000    9.260000  0.000000e+00  2.385556e+02 
    0.000    9.363000  0.000000e+00  2.384511e+02 
    0.000    9.466000  0.000000e+00  2.383521e+02 
    0.000    9.569000  0.000000e+00  2.382616e+02 
    0.000    9.672000  0.000000e+00  2.381774e+02 
    0.000    9.774000  0.000000e+00  2.381031e+02 
    0.000    9.877000  0.000000e+00  2.380459e+02 
    0.000    9.980000  0.000000e+00  2.380016e+02 
    0.000   10.083000  0.000000e+00  2.379614e+02 
    0.000   10.186000  0.000000e+00  2.379170e+02 
    0.000   10.289000  0.000000e+00  2.378709e+02 
    0.000   10.392000  0.000000e+00  2.378229e+02 
    0.000   10.495000  0.000000e+00  2.377697e+02 
    0.000   10.598000  0.000000e+00  2.377137e+02 
    0.000   10.700000  0.000000e+00  2.376568e+02 
    0.000   10.803000  0.000000e+00  2.375979e+02 
    0.000   10.906000  0.000000e+00  2.375383e+02 
    0.000   11.009000  0.000000e+00  2.374762e+02 
    0.000   11.112000  0.000000e+00  2.374060e+02 
    0.000   11.215000  0.000000e+00  2.373302e+02 
    0.000   11.318000  0.000000e+00  2.372517e+02 
    0.000   11.421000  0.000000e+00  2.371701e+02 
    0.000   11.524000  0.000000e+00  2.370865e+02 
    0.000   11.626000  0.000000e+00  2.370029e+02 
    0.000   11.729000  0.000000e+00  2.369198e+02 
    0.000   11.832000  0.000000e+00  2.368379e+02 
    0.000   11.935000  0.000000e+00  2.367567e+02 
    0.000   12.038000  0.000000e+00  2.366752e+02 
    0.000   12.141000  0.000000e+00  2.365937e+02 
    0.000   12.244000  0.000000e+00  2.365124e+02 
    0.000   12.347000  0.000000e+00  2.364312e+02 
    0.000   12.450000  0.000000e+00  2.363499e+02 
    0.000   12.553000  0.000000e+00  2.362689e+02 
    0.000   12.655000  0.000000e+00  2.361921e+02 
    0.000   12.758000  0.000000e+00  2.361187e+02 
    0.000   12.861000  0.000000e+00  2.360479e+02 
    0.000   12.964000  0.000000e+00  2.359796e+02 
    0.000   13.067000  0.000000e+00  2.359137e+02 
    0.000   13.170000  0.000000e+00  2.358497e+02 
    0.000   13.273000  0.000000e+00  2.357875e+02 
    0.000   13.376000  0.000000e+00  2.357270e+02 
    0.000   13.479000  0.000000e+00  2.356681e+02 
    0.000   13.581000  0.000000e+00  2.356110e+02 
    0.000   13.684000  0.000000e+00  2.355553e+02 
    0.000   13.787000  0.000000e+00  2.355012e+02 
    0.000   13.890000  0.000000e+00  2.354483e+02 
    0.000   13.993000  0.000000e+00  2.353963e+02 
    0.000   14.096000  0.000000e+00  2.353451e+02 
    0.000   14.199000  0.000000e+00  2.352946e+02 
    0.000   14.302000  0.000000e+00  2.352454e+02 
    0.000   14.405000  0.000000e+00  2.351977e+02 
    0.000   14.507000  0.000000e+00  2.351517e+02 
    0.000   14.610000  0.000000e+00  2.351060e+02 
    0.000   14.713000  0.000000e+00  2.350606e+02 
    0.000   14.816000  0.000000e+00  2.350156e+02 
    0.000   14.919000  0.000000e+00  2.349711e+02 
    0.000   15.022000  0.000000e+00  2.349261e+02 
    0.000   15.125000  0.000000e+00  2.348807e+02 
    0.000   15.228000  0.000000e+00  2.348355e+02 
    0.000   15.331000  0.000000e+00  2.347917e+02 
    0.000   15.433000  0.000000e+00  2.347504e+02 
    0.000   15.536000  0.000000e+00  2.347103e+02 
    0.000   15.639000  0.000000e+00  2.346715e+02 
    0.000   15.742000  0.000000e+00  2.346337e+02 
    0.000   15.845000  0.000000e+00  2.345968e+02 
    0.000   15.948000  0.000000e+00  2.345609e+02 
    0.000   16.051001  0.000000e+00  2.345213e+02 
    0.000   16.153999  0.000000e+00  2.344777e+02 
    0.000   16.257000  0.000000e+00  2.344318e+02 
    0.000   16.358999  0.000000e+00  2.343846e+02 
    0.000   16.462000  0.000000e+00  2.343355e+02 
    0.000   16.565001  0.000000e+00  2.342853e+02 
    0.000   16.667999  0.000000e+00  2.342343e+02 
    0.000   16.771000  0.000000e+00  2.341847e+02 
    0.000   16.874001  0.000000e+00  2.341362e+02 
    0.000   16.976999  0.000000e+00  2.340884e+02 
    0.000   17.080000  0.000000e+00  2.340422e+02 
    0.000   17.183001  0.000000e+00  2.339982e+02 
    0.000   17.285999  0.000000e+00  2.339560e+02 
    0.000   17.388000  0.000000e+00  2.339153e+02 
    0.000   17.490999  0.000000e+00  2.338763e+02 
    0.000   17.594000  0.000000e+00  2.338388e+02 
    0.000   17.697001  0.000000e+00  2.338026e+02 
    0.000   17.799999  0.000000e+00  2.337675e+02 
    0.000   17.903000  0.000000e+00  2.337335e+02 
    0.000   18.006001  0.000000e+00  2.337005e+02 
    0.000   18.108999  0.000000e+00  2.336684e+02 
    0.000   18.212000  0.000000e+00  2.336366e+02 
    0.000   18.313999  0.000000e+00  2.336054e+02 
    0.000   18.417000  0.000000e+00  2.335742e+02 
    0.000   18.520000  0.000000e+00  2.335435e+02 
    0.000   18.622999  0.000000e+00  2.335130e+02 
    0.000   18.726000  0.000000e+00  2.334829e+02 
    0.000   18.829000  0.000000e+00  2.334531e+02 
    0.000   18.931999  0.000000e+00  2.334234e+02 
    0.000   19.035000  0.000000e+00  2.333937e+02 
    0.000   19.138000  0.000000e+00  2.333640e+02 
    0.000   19.240000  0.000000e+00  2.333347e+02 
    0.000   19.343000  0.000000e+00  2.333048e+02 
    0.000   19.445999  0.000000e+00  2.332744e+02 
    0.000   19.549000  0.000000e+00  2.332438e+02 
    0.000   19.652000  0.000000e+00  2.332131e+02 
    0.000   19.754999  0.000000e+00  2.331824e+02 
    0.000   19.858000  0.000000e+00  2.331518e+02 
    0.000   19.961000  0.000000e+00  2.331213e+02 
    0.000   20.063999  0.000000e+00  2.330908e+02 
    0.000   20.363001  0.000000e+00  2.330062e+02 
    0.000   20.858999  0.000000e+00  2.328836e+02 
    0.000   21.354000  0.000000e+00  2.327795e+02 
    0.000   21.850000  0.000000e+00  2.326854e+02 
    0.000   22.346001  0.000000e+00  2.325918e+02 
    0.000   22.842001  0.000000e+00  2.324977e+02 
    0.000   23.337000  0.000000e+00  2.324119e+02 
    0.000   23.833000  0.000000e+00  2.323456e+02 
    0.000   24.329000  0.000000e+00  2.323027e+02 
    0.000   24.825001  0.000000e+00  2.322771e+02 
    0.000   25.320000  0.000000e+00  2.322607e+02 
    0.000   25.816000  0.000000e+00  2.322585e+02 
    0.000   26.312000  0.000000e+00  2.322648e+02 
    0.000   26.808001  0.000000e+00  2.322749e+02 
    0.000   27.302999  0.000000e+00  2.322898e+02 
    0.000   27.799000  0.000000e+00  2.323098e+02 
    0.000   28.295000  0.000000e+00  2.323343e+02 
    0.000   28.791000  0.000000e+00  2.323673e+02 
    0.000   29.285999  0.000000e+00  2.324085e+02 
    0.000   29.782000  0.000000e+00  2.324557e+02 
    0.000   30.278000  0.000000e+00  2.325068e+02 
    0.000   30.774000  0.000000e+00  2.325601e+02 
    0.000   31.268999  0.000000e+00  2.326149e+02 
    0.000   31.764999  0.000000e+00  2.326710e+02 
    0.000   32.261002  0.000000e+00  2.327280e+02 
    0.000   32.757000  0.000000e+00  2.327855e+02 
    0.000   33.251999  0.000000e+00  2.328432e+02 
    0.000   33.748001  0.000000e+00  2.329029e+02 
    0.000   34.243999  0.000000e+00  2.329655e+02 
    0.000   34.740002  0.000000e+00  2.330283e+02 
    0.000   35.235001  0.000000e+00  2.330900e+02 
    0.000   35.730999  0.000000e+00  2.331483e+02 
    0.000   36.227001  0.000000e+00  2.332032e+02 
    0.000   36.723000  0.000000e+00  2.332545e+02 
    0.000   37.217999  0.000000e+00  2.333026e+02 
    0.000   37.714001  0.000000e+00  2.333471e+02 
    0.000   38.209999  0.000000e+00  2.333882e+02 
    0.000   38.706001  0.000000e+00  2.334296e+02 
    0.000   39.201000  0.000000e+00  2.334721e+02 
    0.000   39.696999  0.000000e+00  2.335179e+02 
    0.000   40.196999  0.000000e+00  2.335687e+02 
    0.000   45.196999  0.000000e+00  2.340185e+02 
    0.000   50.196999  0.000000e+00  2.342446e+02 
    0.000   55.196999  0.000000e+00  2.342411e+02 
    0.000   60.196999  0.000000e+00  2.341729e+02 
    0.000   65.196999  0.000000e+00  2.341207e+02 
