    0.000    0.000000  0.000000e+00  3.490636e+02 
    0.000    0.103000  0.000000e+00  3.481972e+02 
    0.000    0.205000  0.000000e+00  3.469707e+02 
    0.000    0.308000  0.000000e+00  3.455253e+02 
    0.000    0.411000  0.000000e+00  3.441824e+02 
    0.000    0.514000  0.000000e+00  3.429251e+02 
    0.000    0.617000  0.000000e+00  3.415656e+02 
    0.000    0.720000  0.000000e+00  3.400841e+02 
    0.000    0.823000  0.000000e+00  3.386455e+02 
    0.000    0.926000  0.000000e+00  3.370720e+02 
    0.000    1.029000  0.000000e+00  3.354354e+02 
    0.000    1.131000  0.000000e+00  3.338842e+02 
    0.000    1.234000  0.000000e+00  3.322637e+02 
    0.000    1.337000  0.000000e+00  3.306257e+02 
    0.000    1.440000  0.000000e+00  3.289902e+02 
    0.000    1.543000  0.000000e+00  3.273910e+02 
    0.000    1.646000  0.000000e+00  3.259232e+02 
    0.000    1.749000  0.000000e+00  3.244664e+02 
    0.000    1.852000  0.000000e+00  3.229583e+02 
    0.000    1.955000  0.000000e+00  3.212373e+02 
    0.000    2.058000  0.000000e+00  3.192028e+02 
    0.000    2.160000  0.000000e+00  3.168081e+02 
    0.000    2.263000  0.000000e+00  3.100688e+02 
    0.000    2.366000  0.000000e+00  3.074287e+02 
    0.000    2.469000  0.000000e+00  3.057346e+02 
    0.000    2.572000  0.000000e+00  3.042148e+02 
    0.000    2.675000  0.000000e+00  3.027504e+02 
    0.000    2.778000  0.000000e+00  3.013149e+02 
    0.000    2.881000  0.000000e+00  2.998889e+02 
    0.000    2.984000  0.000000e+00  2.984514e+02 
    0.000    3.086000  0.000000e+00  2.970301e+02 
    0.000    3.189000  0.000000e+00  2.956090e+02 
    0.000    3.292000  0.000000e+00  2.941979e+02 
    0.000    3.395000  0.000000e+00  2.927740e+02 
    0.000    3.498000  0.000000e+00  2.913755e+02 
    0.000    3.601000  0.000000e+00  2.899781e+02 
    0.000    3.704000  0.000000e+00  2.885703e+02 
    0.000    3.807000  0.000000e+00  2.871516e+02 
    0.000    3.910000  0.000000e+00  2.857108e+02 
    0.000    4.012000  0.000000e+00  2.842625e+02 
    0.000    4.115000  0.000000e+00  2.827570e+02 
    0.000    4.218000  0.000000e+00  2.812161e+02 
    0.000    4.321000  0.000000e+00  2.796498e+02 
    0.000    4.424000  0.000000e+00  2.781215e+02 
    0.000    4.527000  0.000000e+00  2.767409e+02 
    0.000    4.630000  0.000000e+00  2.755963e+02 
    0.000    4.733000  0.000000e+00  2.744552e+02 
    0.000    4.836000  0.000000e+00  2.733252e+02 
    0.000    4.938000  0.000000e+00  2.722123e+02 
    0.000    5.041000  0.000000e+00  2.711005e+02 
    0.000    5.144000  0.000000e+00  2.700056e+02 
    0.000    5.247000  0.000000e+00  2.687839e+02 
    0.000    5.350000  0.000000e+00  2.675725e+02 
    0.000    5.453000  0.000000e+00  2.663703e+02 
    0.000    5.556000  0.000000e+00  2.652112e+02 
    0.000    5.659000  0.000000e+00  2.640798e+02 
    0.000    5.762000  0.000000e+00  2.629503e+02 
    0.000    5.864000  0.000000e+00  2.618314e+02 
    0.000    5.967000  0.000000e+00  2.606946e+02 
    0.000    6.070000  0.000000e+00  2.595559e+02 
    0.000    6.173000  0.000000e+00  2.584215e+02 
    0.000    6.276000  0.000000e+00  2.572912e+02 
    0.000    6.379000  0.000000e+00  2.564080e+02 
    0.000    6.482000  0.000000e+00  2.555479e+02 
    0.000    6.585000  0.000000e+00  2.547130e+02 
    0.000    6.688000  0.000000e+00  2.539168e+02 
    0.000    6.790000  0.000000e+00  2.531562e+02 
    0.000    6.893000  0.000000e+00  2.524584e+02 
    0.000    6.996000  0.000000e+00  2.518523e+02 
    0.000    7.099000  0.000000e+00  2.513099e+02 
    0.000    7.202000  0.000000e+00  2.508886e+02 
    0.000    7.305000  0.000000e+00  2.505707e+02 
    0.000    7.408000  0.000000e+00  2.503178e+02 
    0.000    7.511000  0.000000e+00  2.501529e+02 
    0.000    7.614000  0.000000e+00  2.500467e+02 
    0.000    7.716000  0.000000e+00  2.499644e+02 
    0.000    7.819000  0.000000e+00  2.498726e+02 
    0.000    7.922000  0.000000e+00  2.497775e+02 
    0.000    8.025000  0.000000e+00  2.496625e+02 
    0.000    8.127999  0.000000e+00  2.495117e+02 
    0.000    8.231000  0.000000e+00  2.493402e+02 
    0.000    8.334000  0.000000e+00  2.491588e+02 
    0.000    8.436999  0.000000e+00  2.489718e+02 
    0.000    8.540000  0.000000e+00  2.487817e+02 
    0.000    8.643000  0.000000e+00  2.485956e+02 
    0.000    8.745000  0.000000e+00  2.484146e+02 
    0.000    8.848000  0.000000e+00  2.482336e+02 
    0.000    8.950999  0.000000e+00  2.480642e+02 
    0.000    9.054000  0.000000e+00  2.479033e+02 
    0.000    9.157000  0.000000e+00  2.477504e+02 
    0.000    9.259999  0.000000e+00  2.476242e+02 
    0.000    9.363000  0.000000e+00  2.475174e+02 
    0.000    9.466000  0.000000e+00  2.474241e+02 
    0.000    9.568999  0.000000e+00  2.473481e+02 
    0.000    9.671000  0.000000e+00  2.472859e+02 
    0.000    9.773999  0.000000e+00  2.472290e+02 
    0.000    9.877000  0.000000e+00  2.471703e+02 
    0.000    9.980000  0.000000e+00  2.471113e+02 
    0.000   10.082999  0.000000e+00  2.470526e+02 
    0.000   10.186000  0.000000e+00  2.469921e+02 
    0.000   10.289000  0.000000e+00  2.469313e+02 
    0.000   10.391999  0.000000e+00  2.468750e+02 
    0.000   10.495000  0.000000e+00  2.468290e+02 
    0.000   10.596999  0.000000e+00  2.467912e+02 
    0.000   10.700000  0.000000e+00  2.467514e+02 
    0.000   10.802999  0.000000e+00  2.466973e+02 
    0.000   10.905999  0.000000e+00  2.466340e+02 
    0.000   11.009000  0.000000e+00  2.465646e+02 
    0.000   11.112000  0.000000e+00  2.464853e+02 
    0.000   11.214999  0.000000e+00  2.463993e+02 
    0.000   11.318000  0.000000e+00  2.463099e+02 
    0.000   11.421000  0.000000e+00  2.462181e+02 
    0.000   11.523000  0.000000e+00  2.461256e+02 
    0.000   11.625999  0.000000e+00  2.460313e+02 
    0.000   11.729000  0.000000e+00  2.459363e+02 
    0.000   11.832000  0.000000e+00  2.458409e+02 
    0.000   11.934999  0.000000e+00  2.457456e+02 
    0.000   12.037999  0.000000e+00  2.456539e+02 
    0.000   12.141000  0.000000e+00  2.455652e+02 
    0.000   12.243999  0.000000e+00  2.454784e+02 
    0.000   12.346999  0.000000e+00  2.453952e+02 
    0.000   12.448999  0.000000e+00  2.453160e+02 
    0.000   12.552000  0.000000e+00  2.452382e+02 
    0.000   12.655000  0.000000e+00  2.451640e+02 
    0.000   12.757999  0.000000e+00  2.450933e+02 
    0.000   12.861000  0.000000e+00  2.450252e+02 
    0.000   12.964000  0.000000e+00  2.449585e+02 
    0.000   13.066999  0.000000e+00  2.448925e+02 
    0.000   13.170000  0.000000e+00  2.448274e+02 
    0.000   13.273000  0.000000e+00  2.447625e+02 
    0.000   13.375000  0.000000e+00  2.446971e+02 
    0.000   13.478000  0.000000e+00  2.446304e+02 
    0.000   13.580999  0.000000e+00  2.445639e+02 
    0.000   13.684000  0.000000e+00  2.444977e+02 
    0.000   13.787000  0.000000e+00  2.444317e+02 
    0.000   13.889999  0.000000e+00  2.443662e+02 
    0.000   13.993000  0.000000e+00  2.443037e+02 
    0.000   14.096000  0.000000e+00  2.442438e+02 
    0.000   14.198999  0.000000e+00  2.441858e+02 
    0.000   14.302000  0.000000e+00  2.441308e+02 
    0.000   14.403999  0.000000e+00  2.440799e+02 
    0.000   14.507000  0.000000e+00  2.440312e+02 
    0.000   14.610000  0.000000e+00  2.439842e+02 
    0.000   14.712999  0.000000e+00  2.439377e+02 
    0.000   14.816000  0.000000e+00  2.438919e+02 
    0.000   14.919000  0.000000e+00  2.438469e+02 
    0.000   15.021999  0.000000e+00  2.438013e+02 
    0.000   15.125000  0.000000e+00  2.437554e+02 
    0.000   15.228000  0.000000e+00  2.437097e+02 
    0.000   15.330000  0.000000e+00  2.436646e+02 
    0.000   15.433000  0.000000e+00  2.436192e+02 
    0.000   15.535999  0.000000e+00  2.435741e+02 
    0.000   15.639000  0.000000e+00  2.435291e+02 
    0.000   15.742000  0.000000e+00  2.434831e+02 
    0.000   15.844999  0.000000e+00  2.434366e+02 
    0.000   15.947999  0.000000e+00  2.433898e+02 
    0.000   16.051001  0.000000e+00  2.433448e+02 
    0.000   16.154001  0.000000e+00  2.433018e+02 
    0.000   16.256001  0.000000e+00  2.432606e+02 
    0.000   16.359001  0.000000e+00  2.432200e+02 
    0.000   16.462000  0.000000e+00  2.431804e+02 
    0.000   16.565001  0.000000e+00  2.431417e+02 
    0.000   16.668001  0.000000e+00  2.431038e+02 
    0.000   16.771000  0.000000e+00  2.430636e+02 
    0.000   16.874001  0.000000e+00  2.430213e+02 
    0.000   16.977001  0.000000e+00  2.429781e+02 
    0.000   17.080000  0.000000e+00  2.429343e+02 
    0.000   17.182001  0.000000e+00  2.428907e+02 
    0.000   17.285000  0.000000e+00  2.428466e+02 
    0.000   17.388000  0.000000e+00  2.428023e+02 
    0.000   17.491001  0.000000e+00  2.427583e+02 
    0.000   17.594000  0.000000e+00  2.427146e+02 
    0.000   17.697001  0.000000e+00  2.426709e+02 
    0.000   17.800001  0.000000e+00  2.426276e+02 
    0.000   17.903000  0.000000e+00  2.425849e+02 
    0.000   18.006001  0.000000e+00  2.425427e+02 
    0.000   18.108000  0.000000e+00  2.425013e+02 
    0.000   18.211000  0.000000e+00  2.424610e+02 
    0.000   18.314001  0.000000e+00  2.424225e+02 
    0.000   18.417000  0.000000e+00  2.423853e+02 
    0.000   18.520000  0.000000e+00  2.423492e+02 
    0.000   18.623001  0.000000e+00  2.423145e+02 
    0.000   18.726000  0.000000e+00  2.422811e+02 
    0.000   18.829000  0.000000e+00  2.422486e+02 
    0.000   18.932001  0.000000e+00  2.422170e+02 
    0.000   19.035000  0.000000e+00  2.421860e+02 
    0.000   19.137001  0.000000e+00  2.421559e+02 
    0.000   19.240000  0.000000e+00  2.421261e+02 
    0.000   19.343000  0.000000e+00  2.420967e+02 
    0.000   19.446001  0.000000e+00  2.420678e+02 
    0.000   19.549000  0.000000e+00  2.420393e+02 
    0.000   19.652000  0.000000e+00  2.420114e+02 
    0.000   19.755001  0.000000e+00  2.419827e+02 
    0.000   19.858000  0.000000e+00  2.419531e+02 
    0.000   19.961000  0.000000e+00  2.419232e+02 
    0.000   20.063000  0.000000e+00  2.418932e+02 
    0.000   20.363001  0.000000e+00  2.418003e+02 
    0.000   20.858000  0.000000e+00  2.416532e+02 
    0.000   21.354000  0.000000e+00  2.415310e+02 
    0.000   21.850000  0.000000e+00  2.414303e+02 
    0.000   22.346001  0.000000e+00  2.413385e+02 
    0.000   22.841002  0.000000e+00  2.412509e+02 
    0.000   23.337000  0.000000e+00  2.411652e+02 
    0.000   23.833000  0.000000e+00  2.410882e+02 
    0.000   24.329000  0.000000e+00  2.410345e+02 
    0.000   24.824001  0.000000e+00  2.410082e+02 
    0.000   25.320000  0.000000e+00  2.409989e+02 
    0.000   25.816000  0.000000e+00  2.409933e+02 
    0.000   26.312000  0.000000e+00  2.409817e+02 
    0.000   26.808001  0.000000e+00  2.409790e+02 
    0.000   27.303001  0.000000e+00  2.409934e+02 
    0.000   27.799000  0.000000e+00  2.410195e+02 
    0.000   28.295000  0.000000e+00  2.410501e+02 
    0.000   28.791000  0.000000e+00  2.410883e+02 
    0.000   29.286001  0.000000e+00  2.411291e+02 
    0.000   29.782001  0.000000e+00  2.411726e+02 
    0.000   30.278000  0.000000e+00  2.412210e+02 
    0.000   30.774000  0.000000e+00  2.412773e+02 
    0.000   31.269001  0.000000e+00  2.413363e+02 
    0.000   31.765001  0.000000e+00  2.413934e+02 
    0.000   32.261002  0.000000e+00  2.414478e+02 
    0.000   32.757000  0.000000e+00  2.415006e+02 
    0.000   33.251999  0.000000e+00  2.415536e+02 
    0.000   33.748001  0.000000e+00  2.416087e+02 
    0.000   34.243999  0.000000e+00  2.416661e+02 
    0.000   34.740002  0.000000e+00  2.417275e+02 
    0.000   35.235001  0.000000e+00  2.417920e+02 
    0.000   35.730999  0.000000e+00  2.418546e+02 
    0.000   36.227001  0.000000e+00  2.419146e+02 
    0.000   36.723000  0.000000e+00  2.419675e+02 
    0.000   37.218002  0.000000e+00  2.420143e+02 
    0.000   37.714001  0.000000e+00  2.420576e+02 
    0.000   38.209999  0.000000e+00  2.420983e+02 
    0.000   38.706001  0.000000e+00  2.421401e+02 
    0.000   39.201000  0.000000e+00  2.421837e+02 
    0.000   39.697002  0.000000e+00  2.422299e+02 
    0.000   40.197002  0.000000e+00  2.422792e+02 
    0.000   45.197002  0.000000e+00  2.427248e+02 
    0.000   50.197002  0.000000e+00  2.429460e+02 
    0.000   55.197002  0.000000e+00  2.429406e+02 
    0.000   60.197002  0.000000e+00  2.428741e+02 
    0.000   65.196999  0.000000e+00  2.428214e+02 
