   66.912    0.000000  9.452694e+00  2.376213e+01 
   66.912    0.103000  9.504493e+00  2.395348e+01 
   66.912    0.206000  9.556079e+00  2.416006e+01 
   66.912    0.309000  1.453751e+01  3.603134e+01 
   66.912    0.412000  1.519765e+01  3.794067e+01 
   66.912    0.515000  1.532535e+01  3.826630e+01 
   66.912    0.618000  1.674779e+01  4.228428e+01 
   66.912    0.721000  1.683624e+01  4.248817e+01 
   66.912    0.824000  1.700034e+01  4.290937e+01 
   66.912    0.926000  1.714509e+01  4.328165e+01 
   66.912    1.029000  1.725096e+01  4.354969e+01 
   66.912    1.132000  1.733987e+01  4.377298e+01 
   66.912    1.235000  1.746498e+01  4.409659e+01 
   66.912    1.338000  1.761133e+01  4.447800e+01 
   66.912    1.441000  1.779141e+01  4.495189e+01 
   66.912    1.544000  1.792506e+01  4.524572e+01 
   66.912    1.647000  1.809841e+01  4.560069e+01 
   66.912    1.750000  1.850329e+01  4.629918e+01 
   66.912    1.852000  1.901263e+01  4.713921e+01 
   66.912    1.955000  2.931022e+01  6.124829e+01 
   66.912    2.058000  6.842152e+01  8.825552e+01 
   66.912    2.161000  3.766485e+02  1.402647e+02 
   66.912    2.264000  3.785059e+02  1.402122e+02 
   66.912    2.367000  3.803422e+02  1.402121e+02 
   66.912    2.470000  3.821590e+02  1.402477e+02 
   66.912    2.573000  3.839581e+02  1.403104e+02 
   66.912    2.676000  3.857429e+02  1.403943e+02 
   66.912    2.778000  3.875022e+02  1.404935e+02 
   66.912    2.881000  3.892697e+02  1.406074e+02 
   66.912    2.984000  3.910281e+02  1.407333e+02 
   66.912    3.087000  3.927751e+02  1.408696e+02 
   66.912    3.190000  3.945080e+02  1.410152e+02 
   66.912    3.293000  3.962269e+02  1.411689e+02 
   66.912    3.396000  3.979336e+02  1.413295e+02 
   66.912    3.499000  3.996287e+02  1.414958e+02 
   66.912    3.602000  4.013181e+02  1.416669e+02 
   66.912    3.704000  4.029895e+02  1.418400e+02 
   66.912    3.807000  4.046765e+02  1.420180e+02 
   66.912    3.910000  4.063658e+02  1.421987e+02 
   66.912    4.013000  4.080579e+02  1.423817e+02 
   66.912    4.116000  4.097468e+02  1.425670e+02 
   66.912    4.219000  4.114252e+02  1.427547e+02 
   66.912    4.322000  4.130879e+02  1.429444e+02 
   66.912    4.425000  4.147281e+02  1.431362e+02 
   66.912    4.528000  4.163391e+02  1.433299e+02 
   66.912    4.630000  4.179056e+02  1.435229e+02 
   66.912    4.733000  4.194588e+02  1.437187e+02 
   66.912    4.836000  4.209799e+02  1.439153e+02 
   66.912    4.939000  4.224699e+02  1.441123e+02 
   66.912    5.042000  4.239301e+02  1.443094e+02 
   66.912    5.145000  4.253580e+02  1.445066e+02 
   66.912    5.248000  4.267556e+02  1.447036e+02 
   66.912    5.351000  4.281229e+02  1.449003e+02 
   66.912    5.454000  4.294598e+02  1.450966e+02 
   66.912    5.557000  4.307685e+02  1.452923e+02 
   66.912    5.659000  4.320358e+02  1.454854e+02 
   66.912    5.762000  4.332886e+02  1.456797e+02 
   66.912    5.865000  4.345182e+02  1.458729e+02 
   66.912    5.968000  4.357248e+02  1.460651e+02 
   66.912    6.071000  4.369142e+02  1.462560e+02 
   66.912    6.174000  4.380926e+02  1.464453e+02 
   66.912    6.277000  4.392619e+02  1.466330e+02 
   66.912    6.380000  4.404260e+02  1.468190e+02 
   66.912    6.483000  4.415875e+02  1.470032e+02 
   66.912    6.585000  4.427355e+02  1.471837e+02 
   66.912    6.688000  4.438929e+02  1.473642e+02 
   66.912    6.791000  4.450475e+02  1.475425e+02 
   66.912    6.894000  4.461913e+02  1.477189e+02 
   66.912    6.997000  4.473143e+02  1.478933e+02 
   66.912    7.100000  4.484070e+02  1.480656e+02 
   66.912    7.203000  4.494482e+02  1.482358e+02 
   66.912    7.306000  4.504211e+02  1.484037e+02 
   66.912    7.409000  4.513228e+02  1.485690e+02 
   66.912    7.511000  4.521475e+02  1.487303e+02 
   66.912    7.614000  4.529072e+02  1.488906e+02 
   66.912    7.717000  4.536163e+02  1.490484e+02 
   66.912    7.820000  4.543064e+02  1.492037e+02 
   66.912    7.923000  4.549827e+02  1.493566e+02 
   66.912    8.026000  4.556497e+02  1.495073e+02 
   66.912    8.129000  4.563133e+02  1.496560e+02 
   66.912    8.232000  4.569727e+02  1.498026e+02 
   66.912    8.335000  4.576215e+02  1.499471e+02 
   66.912    8.437000  4.582469e+02  1.500879e+02 
   66.912    8.540000  4.588615e+02  1.502278e+02 
   66.912    8.643000  4.594630e+02  1.503653e+02 
   66.912    8.746000  4.600537e+02  1.505004e+02 
   66.912    8.849000  4.606342e+02  1.506330e+02 
   66.912    8.952000  4.612054e+02  1.507630e+02 
   66.912    9.055000  4.617674e+02  1.508906e+02 
   66.912    9.158000  4.623192e+02  1.510156e+02 
   66.912    9.261000  4.628599e+02  1.511380e+02 
   66.912    9.363000  4.633836e+02  1.512567e+02 
   66.912    9.466000  4.639016e+02  1.513742e+02 
   66.912    9.569000  4.644098e+02  1.514893e+02 
   66.912    9.672000  4.649087e+02  1.516023e+02 
   66.912    9.775000  4.653967e+02  1.517130e+02 
   66.912    9.878000  4.658717e+02  1.518216e+02 
   66.912    9.981000  4.663333e+02  1.519281e+02 
   66.912   10.084000  4.668167e+02  1.520321e+02 
   66.912   10.187000  4.672921e+02  1.521343e+02 
   66.912   10.289000  4.677556e+02  1.522337e+02 
   66.912   10.392000  4.682167e+02  1.523323e+02 
   66.912   10.495000  4.686714e+02  1.524291e+02 
   66.912   10.598000  4.691197e+02  1.525242e+02 
   66.912   10.701000  4.695609e+02  1.526176e+02 
   66.912   10.804000  4.699943e+02  1.527095e+02 
   66.912   10.907000  4.704197e+02  1.528000e+02 
   66.912   11.010000  4.708386e+02  1.528891e+02 
   66.912   11.113000  4.712525e+02  1.529770e+02 
   66.912   11.216000  4.716620e+02  1.530637e+02 
   66.912   11.318000  4.720629e+02  1.531483e+02 
   66.912   11.421000  4.724630e+02  1.532326e+02 
   66.912   11.524000  4.728581e+02  1.533157e+02 
   66.912   11.627000  4.732482e+02  1.533978e+02 
   66.912   11.730000  4.736329e+02  1.534787e+02 
   66.912   11.833000  4.740121e+02  1.535586e+02 
   66.912   11.936000  4.743860e+02  1.536375e+02 
   66.912   12.039000  4.747545e+02  1.537153e+02 
   66.912   12.142000  4.751180e+02  1.537921e+02 
   66.912   12.244000  4.754727e+02  1.538671e+02 
   66.912   12.347000  4.758258e+02  1.539417e+02 
   66.912   12.450000  4.761741e+02  1.540154e+02 
   66.912   12.553000  4.765174e+02  1.540880e+02 
   66.912   12.656000  4.768559e+02  1.541594e+02 
   66.912   12.759000  4.771897e+02  1.542298e+02 
   66.912   12.862000  4.775193e+02  1.542990e+02 
   66.912   12.965000  4.778447e+02  1.543671e+02 
   66.912   13.068000  4.781663e+02  1.544341e+02 
   66.912   13.170000  4.784810e+02  1.544992e+02 
   66.912   13.273000  4.787949e+02  1.545638e+02 
   66.912   13.376000  4.791052e+02  1.546273e+02 
   66.912   13.479000  4.794119e+02  1.546897e+02 
   66.912   13.582000  4.797150e+02  1.547509e+02 
   66.912   13.685000  4.800146e+02  1.548111e+02 
   66.912   13.788000  4.803109e+02  1.548701e+02 
   66.912   13.891000  4.806038e+02  1.549281e+02 
   66.912   13.994000  4.808934e+02  1.549849e+02 
   66.912   14.096000  4.811770e+02  1.550401e+02 
   66.912   14.199000  4.814603e+02  1.550947e+02 
   66.912   14.302000  4.817404e+02  1.551482e+02 
   66.912   14.405000  4.820175e+02  1.552006e+02 
   66.912   14.508000  4.822914e+02  1.552520e+02 
   66.912   14.611000  4.825622e+02  1.553023e+02 
   66.912   14.714000  4.828298e+02  1.553516e+02 
   66.912   14.817000  4.830944e+02  1.554001e+02 
   66.912   14.920000  4.833558e+02  1.554476e+02 
   66.912   15.022000  4.836115e+02  1.554938e+02 
   66.912   15.125000  4.838667e+02  1.555396e+02 
   66.912   15.228000  4.841187e+02  1.555846e+02 
   66.912   15.331000  4.843676e+02  1.556288e+02 
   66.912   15.434000  4.846135e+02  1.556723e+02 
   66.912   15.537000  4.848565e+02  1.557150e+02 
   66.912   15.640000  4.850964e+02  1.557569e+02 
   66.912   15.743000  4.853335e+02  1.557980e+02 
   66.912   15.846000  4.855677e+02  1.558385e+02 
   66.912   15.948000  4.857969e+02  1.558779e+02 
   66.912   16.051001  4.860259e+02  1.559169e+02 
   66.912   16.153999  4.862524e+02  1.559551e+02 
   66.912   16.257000  4.864765e+02  1.559925e+02 
   66.912   16.360001  4.866981e+02  1.560292e+02 
   66.912   16.462999  4.869174e+02  1.560652e+02 
   66.912   16.566000  4.871346e+02  1.561004e+02 
   66.912   16.669001  4.873494e+02  1.561348e+02 
   66.912   16.771999  4.875622e+02  1.561685e+02 
   66.912   16.875000  4.877729e+02  1.562015e+02 
   66.912   16.976999  4.879796e+02  1.562334e+02 
   66.912   17.080000  4.881866e+02  1.562648e+02 
   66.912   17.183001  4.883921e+02  1.562953e+02 
   66.912   17.285999  4.885961e+02  1.563250e+02 
   66.912   17.389000  4.887986e+02  1.563538e+02 
   66.912   17.492001  4.889998e+02  1.563817e+02 
   66.912   17.594999  4.891999e+02  1.564086e+02 
   66.912   17.698000  4.893989e+02  1.564347e+02 
   66.912   17.801001  4.895965e+02  1.564599e+02 
   66.912   17.903000  4.897909e+02  1.564842e+02 
   66.912   18.006001  4.899857e+02  1.565078e+02 
   66.912   18.108999  4.901791e+02  1.565308e+02 
   66.912   18.212000  4.903709e+02  1.565531e+02 
   66.912   18.315001  4.905609e+02  1.565748e+02 
   66.912   18.417999  4.907491e+02  1.565959e+02 
   66.912   18.521000  4.909355e+02  1.566164e+02 
   66.912   18.624001  4.911203e+02  1.566364e+02 
   66.912   18.726999  4.913036e+02  1.566557e+02 
   66.912   18.829000  4.914835e+02  1.566742e+02 
   66.912   18.931999  4.916637e+02  1.566923e+02 
   66.912   19.035000  4.918426e+02  1.567097e+02 
   66.912   19.138000  4.920204e+02  1.567265e+02 
   66.912   19.240999  4.921968e+02  1.567426e+02 
   66.912   19.344000  4.923720e+02  1.567582e+02 
   66.912   19.447001  4.925460e+02  1.567731e+02 
   66.912   19.549999  4.927187e+02  1.567876e+02 
   66.912   19.653000  4.928900e+02  1.568015e+02 
   66.912   19.754999  4.930583e+02  1.568147e+02 
   66.912   19.858000  4.932269e+02  1.568277e+02 
   66.912   19.961000  4.933942e+02  1.568401e+02 
   66.912   20.063999  4.935604e+02  1.568520e+02 
   66.912   20.363001  4.940377e+02  1.568832e+02 
   66.912   20.858999  4.948065e+02  1.569267e+02 
   66.912   21.355000  4.955468e+02  1.569602e+02 
   66.912   21.851000  4.962611e+02  1.569843e+02 
   66.912   22.346001  4.969436e+02  1.570016e+02 
   66.912   22.842001  4.975902e+02  1.570161e+02 
   66.912   23.337999  4.981949e+02  1.570302e+02 
   66.912   23.834000  4.987582e+02  1.570445e+02 
   66.912   24.329000  4.992837e+02  1.570578e+02 
   66.912   24.825001  4.997784e+02  1.570692e+02 
   66.912   25.320999  5.002423e+02  1.570788e+02 
   66.912   25.816999  5.006755e+02  1.570876e+02 
   66.912   26.312000  5.010789e+02  1.570957e+02 
   66.912   26.808001  5.014571e+02  1.571028e+02 
   66.912   27.304001  5.018115e+02  1.571085e+02 
   66.912   27.799999  5.021429e+02  1.571130e+02 
   66.912   28.295000  5.024517e+02  1.571166e+02 
   66.912   28.791000  5.027415e+02  1.571191e+02 
   66.912   29.287001  5.030145e+02  1.571207e+02 
   66.912   29.783001  5.032738e+02  1.571209e+02 
   66.912   30.278000  5.035210e+02  1.571198e+02 
   66.912   30.774000  5.037589e+02  1.571174e+02 
   66.912   31.270000  5.039884e+02  1.571139e+02 
   66.912   31.766001  5.042112e+02  1.571095e+02 
   66.912   32.261002  5.044293e+02  1.571042e+02 
   66.912   32.757000  5.046452e+02  1.570983e+02 
   66.912   33.252998  5.048602e+02  1.570921e+02 
   66.912   33.749001  5.050760e+02  1.570857e+02 
   66.912   34.244999  5.052937e+02  1.570794e+02 
   66.912   34.740002  5.055144e+02  1.570733e+02 
   66.912   35.236000  5.057401e+02  1.570674e+02 
   66.912   35.731998  5.059713e+02  1.570619e+02 
   66.912   36.228001  5.062085e+02  1.570567e+02 
   66.912   36.723000  5.064511e+02  1.570520e+02 
   66.912   37.219002  5.066994e+02  1.570475e+02 
   66.912   37.715000  5.069515e+02  1.570433e+02 
   66.912   38.210999  5.072061e+02  1.570395e+02 
   66.912   38.706001  5.074605e+02  1.570360e+02 
   66.912   39.202000  5.077141e+02  1.570329e+02 
   66.912   39.698002  5.079639e+02  1.570303e+02 
   66.912   40.198002  5.082067e+02  1.570289e+02 
   66.912   45.198002  5.100980e+02  1.570361e+02 
   66.912   50.198002  5.108083e+02  1.570495e+02 
   66.912   55.198002  5.110623e+02  1.570600e+02 
   66.912   60.198002  5.118513e+02  1.570669e+02 
   66.912   65.197998  5.131019e+02  1.570713e+02 
