   67.714    0.000000  6.955457e-01  1.698275e+01 
   67.714    0.103000  6.992847e-01  1.716298e+01 
   67.714    0.206000  7.029626e-01  1.735189e+01 
   67.714    0.309000  7.065993e-01  1.754532e+01 
   67.714    0.412000  7.102139e-01  1.774132e+01 
   67.714    0.515000  7.138229e-01  1.793870e+01 
   67.714    0.618000  7.174351e-01  1.813677e+01 
   67.714    0.720000  7.210178e-01  1.833322e+01 
   67.714    0.823000  7.267791e-01  1.858007e+01 
   67.714    0.926000  7.335418e-01  1.884841e+01 
   67.714    1.029000  7.422456e-01  1.915901e+01 
   67.714    1.132000  7.532131e-01  1.951812e+01 
   67.714    1.235000  7.670657e-01  1.993806e+01 
   67.714    1.338000  7.843869e-01  2.042937e+01 
   67.714    1.441000  5.198036e+00  5.363808e+01 
   67.714    1.544000  1.811796e+01  7.990382e+01 
   67.714    1.646000  4.068921e+01  1.001343e+02 
   67.714    1.749000  6.838418e+01  1.150184e+02 
   67.714    1.852000  9.428178e+01  1.252127e+02 
   67.714    1.955000  1.151589e+02  1.318981e+02 
   67.714    2.058000  1.301774e+02  1.359868e+02 
   67.714    2.161000  1.413898e+02  1.385143e+02 
   67.714    2.264000  1.502148e+02  1.399437e+02 
   67.714    2.367000  1.669617e+02  1.425911e+02 
   67.714    2.470000  1.931138e+02  1.463392e+02 
   67.714    2.572000  2.288817e+02  1.507756e+02 
   67.714    2.675000  2.682184e+02  1.549120e+02 
   67.714    2.778000  3.012601e+02  1.579010e+02 
   67.714    2.881000  3.232499e+02  1.596788e+02 
   67.714    2.984000  3.350641e+02  1.605756e+02 
   67.714    3.087000  3.401888e+02  1.609540e+02 
   67.714    3.190000  3.417138e+02  1.610708e+02 
   67.714    3.293000  3.432261e+02  1.611988e+02 
   67.714    3.396000  3.447253e+02  1.613358e+02 
   67.714    3.499000  3.462104e+02  1.614807e+02 
   67.714    3.601000  3.476703e+02  1.616304e+02 
   67.714    3.704000  3.491396e+02  1.617866e+02 
   67.714    3.807000  3.506050e+02  1.619470e+02 
   67.714    3.910000  3.520684e+02  1.621110e+02 
   67.714    4.013000  3.535301e+02  1.622781e+02 
   67.714    4.116000  3.549880e+02  1.624481e+02 
   67.714    4.219000  3.564398e+02  1.626206e+02 
   67.714    4.322000  3.578836e+02  1.627953e+02 
   67.714    4.425000  3.593179e+02  1.629721e+02 
   67.714    4.527000  3.607269e+02  1.631487e+02 
   67.714    4.630000  3.621368e+02  1.633286e+02 
   67.714    4.733000  3.635357e+02  1.635094e+02 
   67.714    4.836000  3.649221e+02  1.636909e+02 
   67.714    4.939000  3.662942e+02  1.638730e+02 
   67.714    5.042000  3.676503e+02  1.640556e+02 
   67.714    5.145000  3.689872e+02  1.642386e+02 
   67.714    5.248000  3.703025e+02  1.644218e+02 
   67.714    5.351000  3.715935e+02  1.646053e+02 
   67.714    5.453000  3.728463e+02  1.647870e+02 
   67.714    5.556000  3.740863e+02  1.649704e+02 
   67.714    5.659000  3.753007e+02  1.651537e+02 
   67.714    5.762000  3.764901e+02  1.653366e+02 
   67.714    5.865000  3.776569e+02  1.655190e+02 
   67.714    5.968000  3.788004e+02  1.657009e+02 
   67.714    6.071000  3.799218e+02  1.658821e+02 
   67.714    6.174000  3.810221e+02  1.660625e+02 
   67.714    6.277000  3.821053e+02  1.662420e+02 
   67.714    6.379000  3.831652e+02  1.664185e+02 
   67.714    6.482000  3.842249e+02  1.665957e+02 
   67.714    6.585000  3.852768e+02  1.667715e+02 
   67.714    6.688000  3.863266e+02  1.669459e+02 
   67.714    6.791000  3.873755e+02  1.671189e+02 
   67.714    6.894000  3.884259e+02  1.672901e+02 
   67.714    6.997000  3.894814e+02  1.674594e+02 
   67.714    7.100000  3.908444e+02  1.676772e+02 
   67.714    7.203000  3.921904e+02  1.678936e+02 
   67.714    7.305000  3.934850e+02  1.681077e+02 
   67.714    7.408000  3.966027e+02  1.684556e+02 
   67.714    7.511000  3.999055e+02  1.688206e+02 
   67.714    7.614000  4.034904e+02  1.692124e+02 
   67.714    7.717000  4.063717e+02  1.695477e+02 
   67.714    7.820000  4.097330e+02  1.699194e+02 
   67.714    7.923000  4.129056e+02  1.702719e+02 
   67.714    8.026000  4.161359e+02  1.706247e+02 
   67.714    8.129000  4.191770e+02  1.709578e+02 
   67.714    8.231000  4.222541e+02  1.712882e+02 
   67.714    8.334001  4.251142e+02  1.715997e+02 
   67.714    8.437000  4.280999e+02  1.719182e+02 
   67.714    8.540000  4.310861e+02  1.722339e+02 
   67.714    8.643001  4.347915e+02  1.725988e+02 
   67.714    8.746000  4.378188e+02  1.729105e+02 
   67.714    8.849000  4.418690e+02  1.732879e+02 
   67.714    8.952001  4.451678e+02  1.736070e+02 
   67.714    9.055000  4.456654e+02  1.737251e+02 
   67.714    9.158000  4.461592e+02  1.738411e+02 
   67.714    9.260000  4.466487e+02  1.739538e+02 
   67.714    9.363000  4.471454e+02  1.740652e+02 
   67.714    9.466001  4.476459e+02  1.741745e+02 
   67.714    9.569000  4.481169e+02  1.742822e+02 
   67.714    9.672000  4.485891e+02  1.743877e+02 
   67.714    9.775001  4.490598e+02  1.744910e+02 
   67.714    9.878000  4.495253e+02  1.745922e+02 
   67.714    9.981000  4.499848e+02  1.746913e+02 
   67.714   10.084001  4.504370e+02  1.747883e+02 
   67.714   10.186000  4.509076e+02  1.748821e+02 
   67.714   10.289001  4.513712e+02  1.749751e+02 
   67.714   10.392000  4.518253e+02  1.750665e+02 
   67.714   10.495000  4.522729e+02  1.751563e+02 
   67.714   10.598001  4.527146e+02  1.752447e+02 
   67.714   10.701000  4.531504e+02  1.753316e+02 
   67.714   10.804000  4.535804e+02  1.754172e+02 
   67.714   10.907001  4.540045e+02  1.755014e+02 
   67.714   11.010000  4.544228e+02  1.755845e+02 
   67.714   11.112000  4.548313e+02  1.756656e+02 
   67.714   11.215000  4.552382e+02  1.757464e+02 
   67.714   11.318000  4.556395e+02  1.758262e+02 
   67.714   11.421000  4.560355e+02  1.759049e+02 
   67.714   11.524000  4.564262e+02  1.759827e+02 
   67.714   11.627000  4.568116e+02  1.760594e+02 
   67.714   11.730000  4.571915e+02  1.761352e+02 
   67.714   11.833000  4.575659e+02  1.762101e+02 
   67.714   11.936000  4.579348e+02  1.762839e+02 
   67.714   12.038000  4.582950e+02  1.763560e+02 
   67.714   12.141000  4.586538e+02  1.764278e+02 
   67.714   12.244000  4.590074e+02  1.764986e+02 
   67.714   12.347000  4.593564e+02  1.765684e+02 
   67.714   12.450000  4.597007e+02  1.766371e+02 
   67.714   12.553000  4.600405e+02  1.767049e+02 
   67.714   12.656000  4.603758e+02  1.767716e+02 
   67.714   12.759000  4.607067e+02  1.768373e+02 
   67.714   12.862000  4.610337e+02  1.769020e+02 
   67.714   12.964000  4.613538e+02  1.769650e+02 
   67.714   13.067000  4.616732e+02  1.770276e+02 
   67.714   13.170000  4.619890e+02  1.770891e+02 
   67.714   13.273000  4.623011e+02  1.771496e+02 
   67.714   13.376000  4.626097e+02  1.772090e+02 
   67.714   13.479000  4.629146e+02  1.772673e+02 
   67.714   13.582000  4.632161e+02  1.773245e+02 
   67.714   13.685000  4.635142e+02  1.773806e+02 
   67.714   13.788000  4.638091e+02  1.774356e+02 
   67.714   13.890000  4.640979e+02  1.774890e+02 
   67.714   13.993000  4.643863e+02  1.775417e+02 
   67.714   14.096000  4.646717e+02  1.775934e+02 
   67.714   14.199000  4.649540e+02  1.776439e+02 
   67.714   14.302000  4.652331e+02  1.776933e+02 
   67.714   14.405000  4.655091e+02  1.777417e+02 
   67.714   14.508000  4.657818e+02  1.777892e+02 
   67.714   14.611000  4.660514e+02  1.778357e+02 
   67.714   14.714000  4.663176e+02  1.778813e+02 
   67.714   14.817000  4.665806e+02  1.779262e+02 
   67.714   14.919000  4.668378e+02  1.779698e+02 
   67.714   15.022000  4.670943e+02  1.780132e+02 
   67.714   15.125000  4.673476e+02  1.780557e+02 
   67.714   15.228000  4.675977e+02  1.780975e+02 
   67.714   15.331000  4.678448e+02  1.781386e+02 
   67.714   15.434000  4.680888e+02  1.781789e+02 
   67.714   15.537000  4.683297e+02  1.782185e+02 
   67.714   15.640000  4.685677e+02  1.782574e+02 
   67.714   15.743000  4.688027e+02  1.782956e+02 
   67.714   15.845000  4.690327e+02  1.783328e+02 
   67.714   15.948001  4.692621e+02  1.783696e+02 
   67.714   16.050999  4.694891e+02  1.784058e+02 
   67.714   16.153999  4.697137e+02  1.784412e+02 
   67.714   16.257000  4.699359e+02  1.784760e+02 
   67.714   16.359999  4.701558e+02  1.785101e+02 
   67.714   16.462999  4.703734e+02  1.785436e+02 
   67.714   16.566000  4.705888e+02  1.785763e+02 
   67.714   16.668999  4.708020e+02  1.786083e+02 
   67.714   16.771000  4.710113e+02  1.786393e+02 
   67.714   16.873999  4.712208e+02  1.786697e+02 
   67.714   16.976999  4.714283e+02  1.786994e+02 
   67.714   17.080000  4.716343e+02  1.787282e+02 
   67.714   17.182999  4.718391e+02  1.787560e+02 
   67.714   17.285999  4.720425e+02  1.787828e+02 
   67.714   17.389000  4.722447e+02  1.788087e+02 
   67.714   17.491999  4.724456e+02  1.788337e+02 
   67.714   17.594999  4.726454e+02  1.788577e+02 
   67.714   17.696999  4.728421e+02  1.788805e+02 
   67.714   17.799999  4.730393e+02  1.789028e+02 
   67.714   17.903000  4.732349e+02  1.789243e+02 
   67.714   18.005999  4.734289e+02  1.789452e+02 
   67.714   18.108999  4.736213e+02  1.789653e+02 
   67.714   18.212000  4.738121e+02  1.789849e+02 
   67.714   18.314999  4.740013e+02  1.790038e+02 
   67.714   18.417999  4.741888e+02  1.790222e+02 
   67.714   18.521000  4.743746e+02  1.790399e+02 
   67.714   18.622999  4.745572e+02  1.790569e+02 
   67.714   18.726000  4.747401e+02  1.790733e+02 
   67.714   18.828999  4.749216e+02  1.790892e+02 
   67.714   18.931999  4.751015e+02  1.791046e+02 
   67.714   19.035000  4.752800e+02  1.791193e+02 
   67.714   19.137999  4.754572e+02  1.791335e+02 
   67.714   19.240999  4.756331e+02  1.791471e+02 
   67.714   19.344000  4.758076e+02  1.791602e+02 
   67.714   19.446999  4.759808e+02  1.791728e+02 
   67.714   19.549999  4.761527e+02  1.791849e+02 
   67.714   19.651999  4.763216e+02  1.791963e+02 
   67.714   19.754999  4.764910e+02  1.792074e+02 
   67.714   19.858000  4.766591e+02  1.792179e+02 
   67.714   19.960999  4.768259e+02  1.792280e+02 
   67.714   20.063999  4.769919e+02  1.792374e+02 
   67.714   20.362999  4.774685e+02  1.792614e+02 
   67.714   20.858999  4.782363e+02  1.792931e+02 
   67.714   21.355000  4.789758e+02  1.793152e+02 
   67.714   21.851000  4.796866e+02  1.793291e+02 
   67.714   22.345999  4.803607e+02  1.793388e+02 
   67.714   22.841999  4.809952e+02  1.793476e+02 
   67.714   23.337999  4.815867e+02  1.793570e+02 
   67.714   23.834000  4.821394e+02  1.793662e+02 
   67.714   24.328999  4.826584e+02  1.793736e+02 
   67.714   24.824999  4.831480e+02  1.793791e+02 
   67.714   25.320999  4.836058e+02  1.793838e+02 
   67.714   25.816999  4.840327e+02  1.793882e+02 
   67.714   26.311998  4.844308e+02  1.793919e+02 
   67.714   26.807999  4.848042e+02  1.793946e+02 
   67.714   27.303999  4.851532e+02  1.793964e+02 
   67.714   27.799999  4.854789e+02  1.793976e+02 
   67.714   28.295000  4.857830e+02  1.793980e+02 
   67.714   28.790998  4.860693e+02  1.793974e+02 
   67.714   29.286999  4.863398e+02  1.793956e+02 
   67.714   29.782999  4.865967e+02  1.793926e+02 
   67.714   30.278000  4.868409e+02  1.793885e+02 
   67.714   30.773998  4.870752e+02  1.793833e+02 
   67.714   31.269999  4.873007e+02  1.793772e+02 
   67.714   31.765999  4.875189e+02  1.793704e+02 
   67.714   32.261002  4.877318e+02  1.793628e+02 
   67.714   32.757000  4.879420e+02  1.793546e+02 
   67.714   33.253002  4.881508e+02  1.793461e+02 
   67.714   33.749001  4.883596e+02  1.793376e+02 
   67.714   34.243999  4.885692e+02  1.793292e+02 
   67.714   34.740002  4.887823e+02  1.793212e+02 
   67.714   35.236000  4.889995e+02  1.793135e+02 
   67.714   35.732002  4.892220e+02  1.793063e+02 
   67.714   36.227001  4.894497e+02  1.792996e+02 
   67.714   36.723000  4.896837e+02  1.792932e+02 
   67.714   37.219002  4.899231e+02  1.792873e+02 
   67.714   37.715000  4.901667e+02  1.792818e+02 
   67.714   38.210003  4.904128e+02  1.792767e+02 
   67.714   38.706001  4.906603e+02  1.792721e+02 
   67.714   39.202000  4.909072e+02  1.792679e+02 
   67.714   39.698002  4.911509e+02  1.792642e+02 
   67.714   40.198002  4.913886e+02  1.792619e+02 
   67.714   45.198002  4.932583e+02  1.792637e+02 
   67.714   50.198002  4.939677e+02  1.792750e+02 
   67.714   55.198002  4.942163e+02  1.792845e+02 
   67.714   60.198002  4.949628e+02  1.792911e+02 
   67.714   65.197998  4.961972e+02  1.792953e+02 
