    0.000    0.000000  0.000000e+00  3.516232e+02 
    0.000    0.103000  0.000000e+00  3.506548e+02 
    0.000    0.206000  0.000000e+00  3.495528e+02 
    0.000    0.309000  0.000000e+00  3.483773e+02 
    0.000    0.412000  0.000000e+00  3.471033e+02 
    0.000    0.515000  0.000000e+00  3.457085e+02 
    0.000    0.617000  0.000000e+00  3.441696e+02 
    0.000    0.720000  0.000000e+00  3.426381e+02 
    0.000    0.823000  0.000000e+00  3.411104e+02 
    0.000    0.926000  0.000000e+00  3.395750e+02 
    0.000    1.029000  0.000000e+00  3.379972e+02 
    0.000    1.132000  0.000000e+00  3.363329e+02 
    0.000    1.235000  0.000000e+00  3.345840e+02 
    0.000    1.338000  0.000000e+00  3.328805e+02 
    0.000    1.441000  0.000000e+00  3.311951e+02 
    0.000    1.543000  0.000000e+00  3.295159e+02 
    0.000    1.646000  0.000000e+00  3.278283e+02 
    0.000    1.749000  0.000000e+00  3.262290e+02 
    0.000    1.852000  0.000000e+00  3.060520e+02 
    0.000    1.955000  0.000000e+00  3.008285e+02 
    0.000    2.058000  0.000000e+00  2.977154e+02 
    0.000    2.161000  0.000000e+00  2.942716e+02 
    0.000    2.264000  0.000000e+00  2.936017e+02 
    0.000    2.367000  0.000000e+00  2.927589e+02 
    0.000    2.469000  0.000000e+00  2.917984e+02 
    0.000    2.572000  0.000000e+00  2.907320e+02 
    0.000    2.675000  0.000000e+00  2.896030e+02 
    0.000    2.778000  0.000000e+00  2.884298e+02 
    0.000    2.881000  0.000000e+00  2.872431e+02 
    0.000    2.984000  0.000000e+00  2.860635e+02 
    0.000    3.087000  0.000000e+00  2.848801e+02 
    0.000    3.190000  0.000000e+00  2.836661e+02 
    0.000    3.293000  0.000000e+00  2.824405e+02 
    0.000    3.395000  0.000000e+00  2.812160e+02 
    0.000    3.498000  0.000000e+00  2.799840e+02 
    0.000    3.601000  0.000000e+00  2.787565e+02 
    0.000    3.704000  0.000000e+00  2.775331e+02 
    0.000    3.807000  0.000000e+00  2.763172e+02 
    0.000    3.910000  0.000000e+00  2.751009e+02 
    0.000    4.013000  0.000000e+00  2.738897e+02 
    0.000    4.116000  0.000000e+00  2.726825e+02 
    0.000    4.219000  0.000000e+00  2.714798e+02 
    0.000    4.321000  0.000000e+00  2.702854e+02 
    0.000    4.424000  0.000000e+00  2.689857e+02 
    0.000    4.527000  0.000000e+00  2.675555e+02 
    0.000    4.630000  0.000000e+00  2.659049e+02 
    0.000    4.733000  0.000000e+00  2.639716e+02 
    0.000    4.836000  0.000000e+00  2.617794e+02 
    0.000    4.939000  0.000000e+00  2.593824e+02 
    0.000    5.042000  0.000000e+00  2.569536e+02 
    0.000    5.145000  0.000000e+00  2.547912e+02 
    0.000    5.247000  0.000000e+00  2.529701e+02 
    0.000    5.350000  0.000000e+00  2.514444e+02 
    0.000    5.453000  0.000000e+00  2.501467e+02 
    0.000    5.556000  0.000000e+00  2.488853e+02 
    0.000    5.659000  0.000000e+00  2.476176e+02 
    0.000    5.762000  0.000000e+00  2.461365e+02 
    0.000    5.865000  0.000000e+00  2.440794e+02 
    0.000    5.968000  0.000000e+00  2.408528e+02 
    0.000    6.071000  0.000000e+00  2.358046e+02 
    0.000    6.174000  0.000000e+00  2.289084e+02 
    0.000    6.276000  0.000000e+00  2.208454e+02 
    0.000    6.379000  0.000000e+00  2.126411e+02 
    0.000    6.482000  0.000000e+00  2.048317e+02 
    0.000    6.585000  0.000000e+00  1.979895e+02 
    0.000    6.688000  0.000000e+00  1.922394e+02 
    0.000    6.791000  0.000000e+00  1.872552e+02 
    0.000    6.894000  0.000000e+00  1.827857e+02 
    0.000    6.997000  0.000000e+00  1.790698e+02 
    0.000    7.100000  0.000000e+00  1.755394e+02 
    0.000    7.202000  0.000000e+00  1.727010e+02 
    0.000    7.305000  0.000000e+00  1.714903e+02 
    0.000    7.408000  0.000000e+00  1.711396e+02 
    0.000    7.511000  0.000000e+00  1.711478e+02 
    0.000    7.614000  0.000000e+00  1.712144e+02 
    0.000    7.717000  0.000000e+00  1.713002e+02 
    0.000    7.820000  0.000000e+00  1.713923e+02 
    0.000    7.923000  0.000000e+00  1.715011e+02 
    0.000    8.026000  0.000000e+00  1.715929e+02 
    0.000    8.128000  0.000000e+00  1.716523e+02 
    0.000    8.231000  0.000000e+00  1.716933e+02 
    0.000    8.334001  0.000000e+00  1.717038e+02 
    0.000    8.437000  0.000000e+00  1.716846e+02 
    0.000    8.540000  0.000000e+00  1.716532e+02 
    0.000    8.643001  0.000000e+00  1.716114e+02 
    0.000    8.746000  0.000000e+00  1.715806e+02 
    0.000    8.849000  0.000000e+00  1.715441e+02 
    0.000    8.952001  0.000000e+00  1.715088e+02 
    0.000    9.054000  0.000000e+00  1.714740e+02 
    0.000    9.157001  0.000000e+00  1.714411e+02 
    0.000    9.260000  0.000000e+00  1.714119e+02 
    0.000    9.363000  0.000000e+00  1.713940e+02 
    0.000    9.466001  0.000000e+00  1.713826e+02 
    0.000    9.569000  0.000000e+00  1.713862e+02 
    0.000    9.672000  0.000000e+00  1.713926e+02 
    0.000    9.775001  0.000000e+00  1.714053e+02 
    0.000    9.878000  0.000000e+00  1.714309e+02 
    0.000    9.980000  0.000000e+00  1.714652e+02 
    0.000   10.083000  0.000000e+00  1.715011e+02 
    0.000   10.186000  0.000000e+00  1.715315e+02 
    0.000   10.289001  0.000000e+00  1.715585e+02 
    0.000   10.392000  0.000000e+00  1.715836e+02 
    0.000   10.495000  0.000000e+00  1.716064e+02 
    0.000   10.598001  0.000000e+00  1.716278e+02 
    0.000   10.701000  0.000000e+00  1.716458e+02 
    0.000   10.804000  0.000000e+00  1.716566e+02 
    0.000   10.906000  0.000000e+00  1.716623e+02 
    0.000   11.009000  0.000000e+00  1.716620e+02 
    0.000   11.112000  0.000000e+00  1.716506e+02 
    0.000   11.215000  0.000000e+00  1.716313e+02 
    0.000   11.318000  0.000000e+00  1.716071e+02 
    0.000   11.421000  0.000000e+00  1.715789e+02 
    0.000   11.524000  0.000000e+00  1.715478e+02 
    0.000   11.627000  0.000000e+00  1.715141e+02 
    0.000   11.730000  0.000000e+00  1.714779e+02 
    0.000   11.833000  0.000000e+00  1.714396e+02 
    0.000   11.935000  0.000000e+00  1.713998e+02 
    0.000   12.038000  0.000000e+00  1.713564e+02 
    0.000   12.141000  0.000000e+00  1.713105e+02 
    0.000   12.244000  0.000000e+00  1.712628e+02 
    0.000   12.347000  0.000000e+00  1.712168e+02 
    0.000   12.450000  0.000000e+00  1.711724e+02 
    0.000   12.553000  0.000000e+00  1.711286e+02 
    0.000   12.656000  0.000000e+00  1.710884e+02 
    0.000   12.759000  0.000000e+00  1.710522e+02 
    0.000   12.861000  0.000000e+00  1.710185e+02 
    0.000   12.964000  0.000000e+00  1.709867e+02 
    0.000   13.067000  0.000000e+00  1.709571e+02 
    0.000   13.170000  0.000000e+00  1.709291e+02 
    0.000   13.273000  0.000000e+00  1.709022e+02 
    0.000   13.376000  0.000000e+00  1.708761e+02 
    0.000   13.479000  0.000000e+00  1.708505e+02 
    0.000   13.582000  0.000000e+00  1.708255e+02 
    0.000   13.685000  0.000000e+00  1.708007e+02 
    0.000   13.787000  0.000000e+00  1.707764e+02 
    0.000   13.890000  0.000000e+00  1.707521e+02 
    0.000   13.993000  0.000000e+00  1.707284e+02 
    0.000   14.096000  0.000000e+00  1.707052e+02 
    0.000   14.199000  0.000000e+00  1.706824e+02 
    0.000   14.302000  0.000000e+00  1.706601e+02 
    0.000   14.405000  0.000000e+00  1.706384e+02 
    0.000   14.508000  0.000000e+00  1.706170e+02 
    0.000   14.611000  0.000000e+00  1.705957e+02 
    0.000   14.713000  0.000000e+00  1.705738e+02 
    0.000   14.816000  0.000000e+00  1.705512e+02 
    0.000   14.919001  0.000000e+00  1.705285e+02 
    0.000   15.022000  0.000000e+00  1.705044e+02 
    0.000   15.125000  0.000000e+00  1.704791e+02 
    0.000   15.228001  0.000000e+00  1.704531e+02 
    0.000   15.331000  0.000000e+00  1.704270e+02 
    0.000   15.434000  0.000000e+00  1.704010e+02 
    0.000   15.537000  0.000000e+00  1.703749e+02 
    0.000   15.639000  0.000000e+00  1.703501e+02 
    0.000   15.742001  0.000000e+00  1.703284e+02 
    0.000   15.845000  0.000000e+00  1.703095e+02 
    0.000   15.948001  0.000000e+00  1.702924e+02 
    0.000   16.050999  0.000000e+00  1.702735e+02 
    0.000   16.153999  0.000000e+00  1.702526e+02 
    0.000   16.257000  0.000000e+00  1.702306e+02 
    0.000   16.359999  0.000000e+00  1.702068e+02 
    0.000   16.462999  0.000000e+00  1.701801e+02 
    0.000   16.564999  0.000000e+00  1.701513e+02 
    0.000   16.667999  0.000000e+00  1.701209e+02 
    0.000   16.771000  0.000000e+00  1.700903e+02 
    0.000   16.873999  0.000000e+00  1.700596e+02 
    0.000   16.976999  0.000000e+00  1.700286e+02 
    0.000   17.080000  0.000000e+00  1.699981e+02 
    0.000   17.182999  0.000000e+00  1.699686e+02 
    0.000   17.285999  0.000000e+00  1.699397e+02 
    0.000   17.389000  0.000000e+00  1.699113e+02 
    0.000   17.491999  0.000000e+00  1.698842e+02 
    0.000   17.594000  0.000000e+00  1.698587e+02 
    0.000   17.696999  0.000000e+00  1.698336e+02 
    0.000   17.799999  0.000000e+00  1.698097e+02 
    0.000   17.903000  0.000000e+00  1.697874e+02 
    0.000   18.005999  0.000000e+00  1.697662e+02 
    0.000   18.108999  0.000000e+00  1.697460e+02 
    0.000   18.212000  0.000000e+00  1.697266e+02 
    0.000   18.314999  0.000000e+00  1.697080e+02 
    0.000   18.417999  0.000000e+00  1.696900e+02 
    0.000   18.519999  0.000000e+00  1.696727e+02 
    0.000   18.622999  0.000000e+00  1.696554e+02 
    0.000   18.726000  0.000000e+00  1.696383e+02 
    0.000   18.828999  0.000000e+00  1.696214e+02 
    0.000   18.931999  0.000000e+00  1.696048e+02 
    0.000   19.035000  0.000000e+00  1.695885e+02 
    0.000   19.137999  0.000000e+00  1.695726e+02 
    0.000   19.240999  0.000000e+00  1.695570e+02 
    0.000   19.344000  0.000000e+00  1.695406e+02 
    0.000   19.445999  0.000000e+00  1.695233e+02 
    0.000   19.549000  0.000000e+00  1.695053e+02 
    0.000   19.651999  0.000000e+00  1.694869e+02 
    0.000   19.754999  0.000000e+00  1.694680e+02 
    0.000   19.858000  0.000000e+00  1.694487e+02 
    0.000   19.960999  0.000000e+00  1.694291e+02 
    0.000   20.063999  0.000000e+00  1.694093e+02 
    0.000   20.362999  0.000000e+00  1.693533e+02 
    0.000   20.858999  0.000000e+00  1.692714e+02 
    0.000   21.355000  0.000000e+00  1.692097e+02 
    0.000   21.849998  0.000000e+00  1.691575e+02 
    0.000   22.345999  0.000000e+00  1.691045e+02 
    0.000   22.841999  0.000000e+00  1.690445e+02 
    0.000   23.337999  0.000000e+00  1.689849e+02 
    0.000   23.832998  0.000000e+00  1.689388e+02 
    0.000   24.328999  0.000000e+00  1.689147e+02 
    0.000   24.824999  0.000000e+00  1.689142e+02 
    0.000   25.320999  0.000000e+00  1.689223e+02 
    0.000   25.816000  0.000000e+00  1.689321e+02 
    0.000   26.311998  0.000000e+00  1.689486e+02 
    0.000   26.807999  0.000000e+00  1.689675e+02 
    0.000   27.303999  0.000000e+00  1.689897e+02 
    0.000   27.799000  0.000000e+00  1.690190e+02 
    0.000   28.295000  0.000000e+00  1.690557e+02 
    0.000   28.790998  0.000000e+00  1.690965e+02 
    0.000   29.286999  0.000000e+00  1.691438e+02 
    0.000   29.782000  0.000000e+00  1.691968e+02 
    0.000   30.278000  0.000000e+00  1.692533e+02 
    0.000   30.774000  0.000000e+00  1.693125e+02 
    0.000   31.269999  0.000000e+00  1.693735e+02 
    0.000   31.764999  0.000000e+00  1.694355e+02 
    0.000   32.261002  0.000000e+00  1.694984e+02 
    0.000   32.757000  0.000000e+00  1.695611e+02 
    0.000   33.253002  0.000000e+00  1.696220e+02 
    0.000   33.748001  0.000000e+00  1.696826e+02 
    0.000   34.243999  0.000000e+00  1.697441e+02 
    0.000   34.740002  0.000000e+00  1.698074e+02 
    0.000   35.236000  0.000000e+00  1.698719e+02 
    0.000   35.731003  0.000000e+00  1.699332e+02 
    0.000   36.227001  0.000000e+00  1.699911e+02 
    0.000   36.723000  0.000000e+00  1.700449e+02 
    0.000   37.219002  0.000000e+00  1.700951e+02 
    0.000   37.714001  0.000000e+00  1.701411e+02 
    0.000   38.210003  0.000000e+00  1.701834e+02 
    0.000   38.706001  0.000000e+00  1.702258e+02 
    0.000   39.202000  0.000000e+00  1.702692e+02 
    0.000   39.697002  0.000000e+00  1.703158e+02 
    0.000   40.197002  0.000000e+00  1.703674e+02 
    0.000   45.197002  0.000000e+00  1.708201e+02 
    0.000   50.197002  0.000000e+00  1.710479e+02 
    0.000   55.197002  0.000000e+00  1.710425e+02 
    0.000   60.197002  0.000000e+00  1.709749e+02 
    0.000   65.196999  0.000000e+00  1.709228e+02 
