   66.988    0.000000  4.532827e+01  3.002426e+01 
   66.988    0.103000  4.558163e+01  3.022516e+01 
   66.988    0.206000  4.839129e+01  3.333371e+01 
   66.988    0.309000  5.015162e+01  3.522434e+01 
   66.988    0.412000  5.134023e+01  3.646587e+01 
   66.988    0.514000  5.215856e+01  3.729987e+01 
   66.988    0.617000  5.318127e+01  3.834803e+01 
   66.988    0.720000  5.365853e+01  3.881286e+01 
   66.988    0.823000  5.399384e+01  3.913028e+01 
   66.988    0.926000  5.449011e+01  3.962111e+01 
   66.988    1.029000  5.492577e+01  4.004857e+01 
   66.988    1.132000  5.532507e+01  4.043790e+01 
   66.988    1.235000  5.570496e+01  4.080566e+01 
   66.988    1.338000  5.607294e+01  4.115904e+01 
   66.988    1.440000  5.636198e+01  4.142926e+01 
   66.988    1.543000  5.665258e+01  4.170335e+01 
   66.988    1.646000  5.694133e+01  4.197837e+01 
   66.988    1.749000  5.737614e+01  4.241119e+01 
   66.988    1.852000  6.758964e+01  4.962222e+01 
   66.988    1.955000  1.048168e+02  6.774222e+01 
   66.988    2.058000  3.717619e+02  1.123669e+02 
   66.988    2.161000  3.749290e+02  1.126017e+02 
   66.988    2.264000  3.767563e+02  1.126694e+02 
   66.988    2.366000  3.785492e+02  1.127653e+02 
   66.988    2.469000  3.803458e+02  1.128837e+02 
   66.988    2.572000  3.821327e+02  1.130187e+02 
   66.988    2.675000  3.839107e+02  1.131673e+02 
   66.988    2.778000  3.856826e+02  1.133267e+02 
   66.988    2.881000  3.874471e+02  1.134953e+02 
   66.988    2.984000  3.892024e+02  1.136719e+02 
   66.988    3.087000  3.909460e+02  1.138556e+02 
   66.988    3.190000  3.926763e+02  1.140454e+02 
   66.988    3.292000  3.943763e+02  1.142385e+02 
   66.988    3.395000  3.960810e+02  1.144379e+02 
   66.988    3.498000  3.977749e+02  1.146410e+02 
   66.988    3.601000  3.994636e+02  1.148469e+02 
   66.988    3.704000  4.011521e+02  1.150548e+02 
   66.988    3.807000  4.028405e+02  1.152645e+02 
   66.988    3.910000  4.045298e+02  1.154757e+02 
   66.988    4.013000  4.062199e+02  1.156879e+02 
   66.988    4.116000  4.079041e+02  1.159013e+02 
   66.988    4.218000  4.095580e+02  1.161139e+02 
   66.988    4.321000  4.112096e+02  1.163295e+02 
   66.988    4.424000  4.128400e+02  1.165460e+02 
   66.988    4.527000  4.144451e+02  1.167632e+02 
   66.988    4.630000  4.160241e+02  1.169807e+02 
   66.988    4.733000  4.175778e+02  1.171981e+02 
   66.988    4.836000  4.191023e+02  1.174155e+02 
   66.988    4.939000  4.205987e+02  1.176325e+02 
   66.988    5.042000  4.220686e+02  1.178490e+02 
   66.988    5.144000  4.234951e+02  1.180628e+02 
   66.988    5.247000  4.249068e+02  1.182779e+02 
   66.988    5.350000  4.262895e+02  1.184922e+02 
   66.988    5.453000  4.276425e+02  1.187056e+02 
   66.988    5.556000  4.289669e+02  1.189179e+02 
   66.988    5.659000  4.302620e+02  1.191291e+02 
   66.988    5.762000  4.315294e+02  1.193391e+02 
   66.988    5.865000  4.327725e+02  1.195478e+02 
   66.988    5.968000  4.339909e+02  1.197552e+02 
   66.988    6.071000  4.351891e+02  1.199610e+02 
   66.988    6.173000  4.363625e+02  1.201630e+02 
   66.988    6.276000  4.375365e+02  1.203651e+02 
   66.988    6.379000  4.387047e+02  1.205651e+02 
   66.988    6.482000  4.398708e+02  1.207631e+02 
   66.988    6.585000  4.410359e+02  1.209590e+02 
   66.988    6.688000  4.422006e+02  1.211527e+02 
   66.988    6.791000  4.433642e+02  1.213442e+02 
   66.988    6.894000  4.445192e+02  1.215335e+02 
   66.988    6.997000  4.456553e+02  1.217206e+02 
   66.988    7.099000  4.467524e+02  1.219037e+02 
   66.988    7.202000  4.478105e+02  1.220863e+02 
   66.988    7.305000  4.487986e+02  1.222664e+02 
   66.988    7.408000  4.497149e+02  1.224439e+02 
   66.988    7.511000  4.505609e+02  1.226186e+02 
   66.988    7.614000  4.513326e+02  1.227905e+02 
   66.988    7.717000  4.520482e+02  1.229598e+02 
   66.988    7.820000  4.527414e+02  1.231263e+02 
   66.988    7.923000  4.534187e+02  1.232903e+02 
   66.988    8.025001  4.540786e+02  1.234503e+02 
   66.988    8.128000  4.547406e+02  1.236096e+02 
   66.988    8.231000  4.553985e+02  1.237667e+02 
   66.988    8.334001  4.560467e+02  1.239215e+02 
   66.988    8.437000  4.566793e+02  1.240739e+02 
   66.988    8.540000  4.572961e+02  1.242238e+02 
   66.988    8.643001  4.578996e+02  1.243714e+02 
   66.988    8.746000  4.584915e+02  1.245163e+02 
   66.988    8.849000  4.590722e+02  1.246588e+02 
   66.988    8.951000  4.596371e+02  1.247972e+02 
   66.988    9.054000  4.601978e+02  1.249345e+02 
   66.988    9.157001  4.607481e+02  1.250691e+02 
   66.988    9.260000  4.612878e+02  1.252011e+02 
   66.988    9.363000  4.618163e+02  1.253305e+02 
   66.988    9.466001  4.623341e+02  1.254574e+02 
   66.988    9.569000  4.628417e+02  1.255819e+02 
   66.988    9.672000  4.633395e+02  1.257041e+02 
   66.988    9.775001  4.638265e+02  1.258240e+02 
   66.988    9.877000  4.642964e+02  1.259405e+02 
   66.988    9.980000  4.647581e+02  1.260560e+02 
   66.988   10.083000  4.652417e+02  1.261690e+02 
   66.988   10.186000  4.657170e+02  1.262800e+02 
   66.988   10.289001  4.661851e+02  1.263891e+02 
   66.988   10.392000  4.666462e+02  1.264963e+02 
   66.988   10.495000  4.671009e+02  1.266016e+02 
   66.988   10.598001  4.675491e+02  1.267052e+02 
   66.988   10.701000  4.679902e+02  1.268069e+02 
   66.988   10.803000  4.684193e+02  1.269061e+02 
   66.988   10.906000  4.688448e+02  1.270047e+02 
   66.988   11.009000  4.692635e+02  1.271019e+02 
   66.988   11.112000  4.696772e+02  1.271977e+02 
   66.988   11.215000  4.700865e+02  1.272922e+02 
   66.988   11.318000  4.704912e+02  1.273853e+02 
   66.988   11.421000  4.708911e+02  1.274772e+02 
   66.988   11.524000  4.712862e+02  1.275679e+02 
   66.988   11.627000  4.716762e+02  1.276573e+02 
   66.988   11.730000  4.720610e+02  1.277455e+02 
   66.988   11.832000  4.724367e+02  1.278318e+02 
   66.988   11.935000  4.728107e+02  1.279177e+02 
   66.988   12.038000  4.731794e+02  1.280024e+02 
   66.988   12.141000  4.735430e+02  1.280860e+02 
   66.988   12.244000  4.739013e+02  1.281685e+02 
   66.988   12.347000  4.742547e+02  1.282498e+02 
   66.988   12.450000  4.746031e+02  1.283300e+02 
   66.988   12.553000  4.749466e+02  1.284090e+02 
   66.988   12.656000  4.752853e+02  1.284868e+02 
   66.988   12.758000  4.756160e+02  1.285627e+02 
   66.988   12.861000  4.759456e+02  1.286381e+02 
   66.988   12.964000  4.762712e+02  1.287124e+02 
   66.988   13.067000  4.765930e+02  1.287853e+02 
   66.988   13.170000  4.769108e+02  1.288571e+02 
   66.988   13.273000  4.772248e+02  1.289277e+02 
   66.988   13.376000  4.775352e+02  1.289970e+02 
   66.988   13.479000  4.778419e+02  1.290652e+02 
   66.988   13.582000  4.781451e+02  1.291322e+02 
   66.988   13.684000  4.784419e+02  1.291973e+02 
   66.988   13.787000  4.787382e+02  1.292620e+02 
   66.988   13.890000  4.790312e+02  1.293254e+02 
   66.988   13.993000  4.793209e+02  1.293878e+02 
   66.988   14.096000  4.796074e+02  1.294489e+02 
   66.988   14.199000  4.798907e+02  1.295089e+02 
   66.988   14.302000  4.801709e+02  1.295677e+02 
   66.988   14.405000  4.804480e+02  1.296254e+02 
   66.988   14.508000  4.807220e+02  1.296820e+02 
   66.988   14.610001  4.809902e+02  1.297370e+02 
   66.988   14.713000  4.812579e+02  1.297915e+02 
   66.988   14.816000  4.815226e+02  1.298451e+02 
   66.988   14.919000  4.817840e+02  1.298976e+02 
   66.988   15.022000  4.820423e+02  1.299493e+02 
   66.988   15.125000  4.822975e+02  1.300001e+02 
   66.988   15.228000  4.825495e+02  1.300500e+02 
   66.988   15.331000  4.827984e+02  1.300991e+02 
   66.988   15.434000  4.830443e+02  1.301473e+02 
   66.988   15.536000  4.832849e+02  1.301943e+02 
   66.988   15.639000  4.835248e+02  1.302410e+02 
   66.988   15.742001  4.837619e+02  1.302868e+02 
   66.988   15.845000  4.839961e+02  1.303318e+02 
   66.988   15.948001  4.842275e+02  1.303761e+02 
   66.988   16.050999  4.844565e+02  1.304196e+02 
   66.988   16.153999  4.846830e+02  1.304622e+02 
   66.988   16.257000  4.849070e+02  1.305040e+02 
   66.988   16.359999  4.851286e+02  1.305450e+02 
   66.988   16.462000  4.853458e+02  1.305848e+02 
   66.988   16.564999  4.855628e+02  1.306243e+02 
   66.988   16.667999  4.857775e+02  1.306630e+02 
   66.988   16.771000  4.859902e+02  1.307009e+02 
   66.988   16.873999  4.862009e+02  1.307380e+02 
   66.988   16.976999  4.864095e+02  1.307743e+02 
   66.988   17.080000  4.866165e+02  1.308098e+02 
   66.988   17.182999  4.868219e+02  1.308445e+02 
   66.988   17.285999  4.870259e+02  1.308782e+02 
   66.988   17.389000  4.872284e+02  1.309110e+02 
   66.988   17.490999  4.874277e+02  1.309426e+02 
   66.988   17.594000  4.876279e+02  1.309736e+02 
   66.988   17.696999  4.878268e+02  1.310037e+02 
   66.988   17.799999  4.880244e+02  1.310329e+02 
   66.988   17.903000  4.882207e+02  1.310614e+02 
   66.988   18.005999  4.884156e+02  1.310890e+02 
   66.988   18.108999  4.886090e+02  1.311159e+02 
   66.988   18.212000  4.888007e+02  1.311421e+02 
   66.988   18.314999  4.889906e+02  1.311677e+02 
   66.988   18.417000  4.891770e+02  1.311925e+02 
   66.988   18.519999  4.893634e+02  1.312168e+02 
   66.988   18.622999  4.895483e+02  1.312406e+02 
   66.988   18.726000  4.897316e+02  1.312636e+02 
   66.988   18.828999  4.899134e+02  1.312860e+02 
   66.988   18.931999  4.900937e+02  1.313078e+02 
   66.988   19.035000  4.902727e+02  1.313289e+02 
   66.988   19.137999  4.904504e+02  1.313494e+02 
   66.988   19.240999  4.906270e+02  1.313692e+02 
   66.988   19.342999  4.908005e+02  1.313882e+02 
   66.988   19.445999  4.909745e+02  1.314069e+02 
   66.988   19.549000  4.911471e+02  1.314249e+02 
   66.988   19.651999  4.913184e+02  1.314424e+02 
   66.988   19.754999  4.914883e+02  1.314594e+02 
   66.988   19.858000  4.916569e+02  1.314759e+02 
   66.988   19.960999  4.918242e+02  1.314920e+02 
   66.988   20.063999  4.919904e+02  1.315074e+02 
   66.988   20.362999  4.924678e+02  1.315488e+02 
   66.988   20.858999  4.932370e+02  1.316087e+02 
   66.988   21.355000  4.939778e+02  1.316582e+02 
   66.988   21.849998  4.946908e+02  1.316978e+02 
   66.988   22.345999  4.953741e+02  1.317304e+02 
   66.988   22.841999  4.960196e+02  1.317595e+02 
   66.988   23.337999  4.966229e+02  1.317872e+02 
   66.988   23.832998  4.971838e+02  1.318141e+02 
   66.988   24.328999  4.977097e+02  1.318390e+02 
   66.988   24.824999  4.982040e+02  1.318611e+02 
   66.988   25.320999  4.986671e+02  1.318809e+02 
   66.988   25.816000  4.990985e+02  1.318992e+02 
   66.988   26.311998  4.995022e+02  1.319161e+02 
   66.988   26.807999  4.998803e+02  1.319313e+02 
   66.988   27.303999  5.002347e+02  1.319445e+02 
   66.988   27.799000  5.005652e+02  1.319561e+02 
   66.988   28.295000  5.008741e+02  1.319664e+02 
   66.988   28.790998  5.011634e+02  1.319753e+02 
   66.988   29.286999  5.014361e+02  1.319828e+02 
   66.988   29.782000  5.016946e+02  1.319886e+02 
   66.988   30.278000  5.019420e+02  1.319928e+02 
   66.988   30.773998  5.021796e+02  1.319954e+02 
   66.988   31.269999  5.024089e+02  1.319967e+02 
   66.988   31.764999  5.026311e+02  1.319968e+02 
   66.988   32.261002  5.028494e+02  1.319959e+02 
   66.988   32.757000  5.030650e+02  1.319942e+02 
   66.988   33.253002  5.032796e+02  1.319919e+02 
   66.988   33.748001  5.034943e+02  1.319892e+02 
   66.988   34.243999  5.037112e+02  1.319864e+02 
   66.988   34.740002  5.039315e+02  1.319836e+02 
   66.988   35.236000  5.041563e+02  1.319808e+02 
   66.988   35.731003  5.043861e+02  1.319782e+02 
   66.988   36.227001  5.046223e+02  1.319757e+02 
   66.988   36.723000  5.048645e+02  1.319734e+02 
   66.988   37.219002  5.051118e+02  1.319712e+02 
   66.988   37.714001  5.053626e+02  1.319692e+02 
   66.988   38.210003  5.056164e+02  1.319674e+02 
   66.988   38.706001  5.058707e+02  1.319658e+02 
   66.988   39.202000  5.061237e+02  1.319644e+02 
   66.988   39.697002  5.063726e+02  1.319633e+02 
   66.988   40.197002  5.066150e+02  1.319633e+02 
   66.988   45.197002  5.085053e+02  1.319783e+02 
   66.988   50.197002  5.092167e+02  1.319948e+02 
   66.988   55.197002  5.094702e+02  1.320065e+02 
   66.988   60.197002  5.102549e+02  1.320141e+02 
   66.988   65.196999  5.115045e+02  1.320188e+02 
