   68.137    0.000000  5.400413e-15  5.594155e+00 
   68.137    0.103000  5.429910e-15  5.681204e+00 
   68.137    0.206000  5.459136e-15  5.769661e+00 
   68.137    0.309000  5.488189e-15  5.858621e+00 
   68.137    0.412000  5.517133e-15  5.947633e+00 
   68.137    0.515000  7.734994e-15  8.110355e+00 
   68.137    0.618000  1.220361e-14  1.085200e+01 
   68.137    0.721000  2.232031e-14  1.428217e+01 
   68.137    0.824000  4.585722e-14  1.817362e+01 
   68.137    0.927000  1.029536e-13  2.234905e+01 
   68.137    1.029000  2.512283e-13  2.680573e+01 
   68.137    1.132000  6.865617e-13  3.173265e+01 
   68.137    1.235000  2.063297e-12  3.703551e+01 
   68.137    1.338000  6.778652e-12  4.268444e+01 
   68.137    1.441000  2.418286e-11  4.864785e+01 
   68.137    1.544000  9.292597e-11  5.488900e+01 
   68.137    1.647000  3.829998e-10  6.139204e+01 
   68.137    1.750000  1.683873e-09  6.813413e+01 
   68.137    1.853000  2.322174e-07  8.663397e+01 
   68.137    1.955000  1.438114e-05  1.042610e+02 
   68.137    2.058000  3.107544e-04  1.188900e+02 
   68.137    2.161000  3.395016e-03  1.318150e+02 
   68.137    2.264000  2.263518e-02  1.435714e+02 
   68.137    2.367000  1.055869e-01  1.545972e+02 
   68.137    2.470000  4.002163e-01  1.657285e+02 
   68.137    2.573000  1.328260e+00  1.775620e+02 
   68.137    2.676000  3.933410e+00  1.903272e+02 
   68.137    2.779000  1.046795e+01  2.040217e+02 
   68.137    2.881000  2.323368e+01  2.169325e+02 
   68.137    2.984000  2.941910e+01  2.205927e+02 
   68.137    3.087000  3.499704e+01  2.234036e+02 
   68.137    3.190000  4.041288e+01  2.258169e+02 
   68.137    3.293000  4.602912e+01  2.280783e+02 
   68.137    3.396000  5.249770e+01  2.304550e+02 
   68.137    3.499000  6.050425e+01  2.331275e+02 
   68.137    3.602000  7.149607e+01  2.364040e+02 
   68.137    3.705000  8.729274e+01  2.404792e+02 
   68.137    3.807000  1.066632e+02  2.447007e+02 
   68.137    3.910000  1.307027e+02  2.490991e+02 
   68.137    4.013000  1.595411e+02  2.535027e+02 
   68.137    4.116000  1.897021e+02  2.573661e+02 
   68.137    4.219000  2.177191e+02  2.604462e+02 
   68.137    4.322000  2.448938e+02  2.630750e+02 
   68.137    4.425000  2.675638e+02  2.650360e+02 
   68.137    4.528000  2.847300e+02  2.663942e+02 
   68.137    4.631000  2.949727e+02  2.671436e+02 
   68.137    4.733000  3.001192e+02  2.674894e+02 
   68.137    4.836000  3.030063e+02  2.676672e+02 
   68.137    4.939000  3.060330e+02  2.678666e+02 
   68.137    5.042000  3.092042e+02  2.680860e+02 
   68.137    5.145000  3.125516e+02  2.683268e+02 
   68.137    5.248000  3.164584e+02  2.686170e+02 
   68.137    5.351000  3.199735e+02  2.688817e+02 
   68.137    5.454000  3.235827e+02  2.691583e+02 
   68.137    5.557000  3.273721e+02  2.694522e+02 
   68.137    5.659000  3.313453e+02  2.697628e+02 
   68.137    5.762000  3.353694e+02  2.700791e+02 
   68.137    5.865000  3.395327e+02  2.704066e+02 
   68.137    5.968000  3.437939e+02  2.707415e+02 
   68.137    6.071000  3.475645e+02  2.710409e+02 
   68.137    6.174000  3.518521e+02  2.713772e+02 
   68.137    6.277000  3.561582e+02  2.717129e+02 
   68.137    6.380000  3.593940e+02  2.719716e+02 
   68.137    6.483000  3.604238e+02  2.720730e+02 
   68.137    6.586000  3.614509e+02  2.721757e+02 
   68.137    6.688000  3.624718e+02  2.722780e+02 
   68.137    6.791000  3.635085e+02  2.723816e+02 
   68.137    6.894000  3.645418e+02  2.724856e+02 
   68.137    6.997000  3.655587e+02  2.725898e+02 
   68.137    7.100000  3.665510e+02  2.726941e+02 
   68.137    7.203000  3.675036e+02  2.727983e+02 
   68.137    7.306000  3.730674e+02  2.732390e+02 
   68.137    7.409000  3.765340e+02  2.735283e+02 
   68.137    7.512000  3.795346e+02  2.737859e+02 
   68.137    7.614000  3.829337e+02  2.740724e+02 
   68.137    7.717000  3.862881e+02  2.743565e+02 
   68.137    7.820000  3.897519e+02  2.746460e+02 
   68.137    7.923000  3.930944e+02  2.749258e+02 
   68.137    8.026000  3.964351e+02  2.752033e+02 
   68.137    8.129000  3.995115e+02  2.754611e+02 
   68.137    8.231999  4.028782e+02  2.757345e+02 
   68.137    8.335000  4.062695e+02  2.760058e+02 
   68.137    8.438000  4.095839e+02  2.762685e+02 
   68.137    8.540000  4.129583e+02  2.765302e+02 
   68.137    8.643000  4.164123e+02  2.767927e+02 
   68.137    8.745999  4.196553e+02  2.770383e+02 
   68.137    8.849000  4.232332e+02  2.772988e+02 
   68.137    8.952000  4.243341e+02  2.774426e+02 
   68.137    9.054999  4.253926e+02  2.775804e+02 
   68.137    9.158000  4.264481e+02  2.777166e+02 
   68.137    9.261000  4.281491e+02  2.779140e+02 
   68.137    9.363999  4.297800e+02  2.781025e+02 
   68.137    9.466000  4.313916e+02  2.782867e+02 
   68.137    9.568999  4.330042e+02  2.784681e+02 
   68.137    9.672000  4.346203e+02  2.786467e+02 
   68.137    9.775000  4.362827e+02  2.788264e+02 
   68.137    9.877999  4.381404e+02  2.790256e+02 
   68.137    9.981000  4.413104e+02  2.793452e+02 
   68.137   10.084000  4.417592e+02  2.794035e+02 
   68.137   10.186999  4.422334e+02  2.794595e+02 
   68.137   10.290000  4.426994e+02  2.795142e+02 
   68.137   10.391999  4.431526e+02  2.795671e+02 
   68.137   10.495000  4.436015e+02  2.796195e+02 
   68.137   10.598000  4.440416e+02  2.796708e+02 
   68.137   10.700999  4.444740e+02  2.797211e+02 
   68.137   10.804000  4.449004e+02  2.797706e+02 
   68.137   10.907000  4.453209e+02  2.798193e+02 
   68.137   11.009999  4.457358e+02  2.798672e+02 
   68.137   11.113000  4.461459e+02  2.799145e+02 
   68.137   11.216000  4.465511e+02  2.799611e+02 
   68.137   11.318000  4.469474e+02  2.800067e+02 
   68.137   11.421000  4.473422e+02  2.800523e+02 
   68.137   11.523999  4.477318e+02  2.800973e+02 
   68.137   11.627000  4.481159e+02  2.801419e+02 
   68.137   11.730000  4.484947e+02  2.801861e+02 
   68.137   11.832999  4.488680e+02  2.802298e+02 
   68.137   11.936000  4.492360e+02  2.802731e+02 
   68.137   12.039000  4.495987e+02  2.803160e+02 
   68.137   12.141999  4.499561e+02  2.803583e+02 
   68.137   12.245000  4.503085e+02  2.804002e+02 
   68.137   12.346999  4.506526e+02  2.804411e+02 
   68.137   12.450000  4.509953e+02  2.804819e+02 
   68.137   12.552999  4.513334e+02  2.805221e+02 
   68.137   12.655999  4.516670e+02  2.805617e+02 
   68.137   12.759000  4.519962e+02  2.806007e+02 
   68.137   12.862000  4.523215e+02  2.806389e+02 
   68.137   12.964999  4.526429e+02  2.806766e+02 
   68.137   13.068000  4.529608e+02  2.807134e+02 
   68.137   13.171000  4.532749e+02  2.807496e+02 
   68.137   13.273000  4.535824e+02  2.807845e+02 
   68.137   13.375999  4.538896e+02  2.808190e+02 
   68.137   13.479000  4.541934e+02  2.808526e+02 
   68.137   13.582000  4.544938e+02  2.808853e+02 
   68.137   13.684999  4.547912e+02  2.809169e+02 
   68.137   13.787999  4.550854e+02  2.809476e+02 
   68.137   13.891000  4.553765e+02  2.809774e+02 
   68.137   13.993999  4.556644e+02  2.810062e+02 
   68.137   14.096999  4.559491e+02  2.810341e+02 
   68.137   14.198999  4.562278e+02  2.810610e+02 
   68.137   14.302000  4.565058e+02  2.810873e+02 
   68.137   14.405000  4.567805e+02  2.811131e+02 
   68.137   14.507999  4.570519e+02  2.811382e+02 
   68.137   14.611000  4.573199e+02  2.811627e+02 
   68.137   14.714000  4.575845e+02  2.811866e+02 
   68.137   14.816999  4.578459e+02  2.812101e+02 
   68.137   14.920000  4.581041e+02  2.812331e+02 
   68.137   15.023000  4.583591e+02  2.812556e+02 
   68.137   15.125000  4.586085e+02  2.812773e+02 
   68.137   15.228000  4.588573e+02  2.812988e+02 
   68.137   15.330999  4.591031e+02  2.813198e+02 
   68.137   15.434000  4.593458e+02  2.813404e+02 
   68.137   15.537000  4.595855e+02  2.813605e+02 
   68.137   15.639999  4.598223e+02  2.813801e+02 
   68.137   15.743000  4.600562e+02  2.813993e+02 
   68.137   15.846000  4.602873e+02  2.814180e+02 
   68.137   15.949000  4.605157e+02  2.814363e+02 
   68.137   16.051001  4.607394e+02  2.814539e+02 
   68.137   16.154001  4.609630e+02  2.814712e+02 
   68.137   16.257000  4.611841e+02  2.814880e+02 
   68.137   16.360001  4.614029e+02  2.815042e+02 
   68.137   16.463001  4.616196e+02  2.815199e+02 
   68.137   16.566000  4.618341e+02  2.815349e+02 
   68.137   16.669001  4.620466e+02  2.815494e+02 
   68.137   16.772001  4.622573e+02  2.815631e+02 
   68.137   16.875000  4.624663e+02  2.815760e+02 
   68.137   16.978001  4.626738e+02  2.815881e+02 
   68.137   17.080000  4.628777e+02  2.815993e+02 
   68.137   17.183001  4.630825e+02  2.816096e+02 
   68.137   17.286001  4.632861e+02  2.816190e+02 
   68.137   17.389000  4.634884e+02  2.816276e+02 
   68.137   17.492001  4.636893e+02  2.816353e+02 
   68.137   17.595001  4.638889e+02  2.816422e+02 
   68.137   17.698000  4.640871e+02  2.816484e+02 
   68.137   17.801001  4.642839e+02  2.816540e+02 
   68.137   17.904001  4.644790e+02  2.816589e+02 
   68.137   18.006001  4.646706e+02  2.816633e+02 
   68.137   18.109001  4.648625e+02  2.816671e+02 
   68.137   18.212000  4.650528e+02  2.816704e+02 
   68.137   18.315001  4.652415e+02  2.816732e+02 
   68.137   18.418001  4.654287e+02  2.816755e+02 
   68.137   18.521000  4.656143e+02  2.816773e+02 
   68.137   18.624001  4.657983e+02  2.816787e+02 
   68.137   18.727001  4.659809e+02  2.816795e+02 
   68.137   18.830000  4.661620e+02  2.816799e+02 
   68.137   18.932001  4.663398e+02  2.816797e+02 
   68.137   19.035000  4.665179e+02  2.816792e+02 
   68.137   19.138000  4.666947e+02  2.816782e+02 
   68.137   19.241001  4.668701e+02  2.816768e+02 
   68.137   19.344000  4.670442e+02  2.816749e+02 
   68.137   19.447001  4.672172e+02  2.816725e+02 
   68.137   19.550001  4.673889e+02  2.816697e+02 
   68.137   19.653000  4.675593e+02  2.816664e+02 
   68.137   19.756001  4.677285e+02  2.816626e+02 
   68.137   19.858000  4.678949e+02  2.816585e+02 
   68.137   19.961000  4.680616e+02  2.816539e+02 
   68.137   20.064001  4.682274e+02  2.816487e+02 
   68.137   20.364000  4.687042e+02  2.816311e+02 
   68.137   20.859001  4.694681e+02  2.815956e+02 
   68.137   21.355001  4.702055e+02  2.815528e+02 
   68.137   21.851000  4.709127e+02  2.815050e+02 
   68.137   22.347000  4.715820e+02  2.814573e+02 
   68.137   22.842001  4.722068e+02  2.814138e+02 
   68.137   23.338001  4.727900e+02  2.813748e+02 
   68.137   23.834000  4.733370e+02  2.813381e+02 
   68.137   24.330000  4.738537e+02  2.813015e+02 
   68.137   24.825001  4.743386e+02  2.812661e+02 
   68.137   25.321001  4.747920e+02  2.812328e+02 
   68.137   25.817001  4.752153e+02  2.812018e+02 
   68.137   26.313000  4.756113e+02  2.811723e+02 
   68.137   26.808001  4.759809e+02  2.811441e+02 
   68.137   27.304001  4.763270e+02  2.811171e+02 
   68.137   27.800001  4.766505e+02  2.810911e+02 
   68.137   28.296001  4.769538e+02  2.810659e+02 
   68.137   28.791000  4.772387e+02  2.810410e+02 
   68.137   29.287001  4.775084e+02  2.810164e+02 
   68.137   29.783001  4.777642e+02  2.809917e+02 
   68.137   30.279001  4.780074e+02  2.809669e+02 
   68.137   30.774000  4.782394e+02  2.809424e+02 
   68.137   31.270000  4.784628e+02  2.809180e+02 
   68.137   31.766001  4.786785e+02  2.808937e+02 
   68.137   32.262001  4.788888e+02  2.808696e+02 
   68.137   32.757000  4.790952e+02  2.808459e+02 
   68.137   33.253002  4.793002e+02  2.808224e+02 
   68.137   33.749001  4.795051e+02  2.807996e+02 
   68.137   34.244999  4.797112e+02  2.807778e+02 
   68.137   34.740002  4.799196e+02  2.807572e+02 
   68.137   35.236000  4.801325e+02  2.807378e+02 
   68.137   35.732002  4.803504e+02  2.807195e+02 
   68.137   36.228001  4.805739e+02  2.807025e+02 
   68.137   36.723000  4.808025e+02  2.806865e+02 
   68.137   37.219002  4.810369e+02  2.806715e+02 
   68.137   37.715000  4.812757e+02  2.806576e+02 
   68.137   38.211002  4.815178e+02  2.806447e+02 
   68.137   38.706001  4.817608e+02  2.806328e+02 
   68.137   39.202000  4.820041e+02  2.806219e+02 
   68.137   39.698002  4.822448e+02  2.806121e+02 
   68.137   40.198002  4.824797e+02  2.806044e+02 
   68.137   45.198002  4.843363e+02  2.805746e+02 
   68.137   50.198002  4.850435e+02  2.805734e+02 
   68.137   55.198002  4.852894e+02  2.805775e+02 
   68.137   60.198002  4.860124e+02  2.805815e+02 
   68.137   65.197998  4.872392e+02  2.805843e+02 
