   67.714    0.000000  1.820466e-03  1.071014e+01 
   67.714    0.103000  1.830165e-03  1.085315e+01 
   67.714    0.206000  1.839716e-03  1.099982e+01 
   67.714    0.309000  1.849164e-03  1.114811e+01 
   67.714    0.412000  1.858557e-03  1.129704e+01 
   67.714    0.515000  1.867932e-03  1.144602e+01 
   67.714    0.618000  1.877310e-03  1.159471e+01 
   67.714    0.721000  1.886697e-03  1.174290e+01 
   67.714    0.824000  1.921518e-03  1.203114e+01 
   67.714    0.926000  1.963522e-03  1.235323e+01 
   67.714    1.029000  2.019787e-03  1.274633e+01 
   67.714    1.132000  2.094749e-03  1.322661e+01 
   67.714    1.235000  2.199196e-03  1.383772e+01 
   67.714    1.338000  2.333567e-03  1.456314e+01 
   67.714    1.441000  3.380376e-03  1.909533e+01 
   67.714    1.544000  5.193306e-03  2.418654e+01 
   67.714    1.647000  8.518926e-03  2.988647e+01 
   67.714    1.750000  1.501734e-02  3.625488e+01 
   67.714    1.852000  1.576195e-02  3.679296e+01 
   67.714    1.955000  2.172184e-02  4.060976e+01 
   67.714    2.058000  3.134030e-02  4.496375e+01 
   67.714    2.161000  6.202609e-02  5.293734e+01 
   67.714    2.264000  1.541544e-01  6.390166e+01 
   67.714    2.367000  4.764974e-01  7.835730e+01 
   67.714    2.470000  1.677045e+00  9.619146e+01 
   67.714    2.573000  5.812775e+00  1.164632e+02 
   67.714    2.676000  1.749071e+01  1.376384e+02 
   67.714    2.778000  4.198842e+01  1.576160e+02 
   67.714    2.881000  8.415897e+01  1.760511e+02 
   67.714    2.984000  1.568981e+02  1.941750e+02 
   67.714    3.087000  3.132681e+02  2.134382e+02 
   67.714    3.190000  3.190460e+02  2.136108e+02 
   67.714    3.293000  3.244410e+02  2.137994e+02 
   67.714    3.396000  3.283208e+02  2.139192e+02 
   67.714    3.499000  3.297352e+02  2.139030e+02 
   67.714    3.602000  3.311394e+02  2.139083e+02 
   67.714    3.704000  3.325255e+02  2.139302e+02 
   67.714    3.807000  3.339211e+02  2.139668e+02 
   67.714    3.910000  3.353147e+02  2.140157e+02 
   67.714    4.013000  3.367067e+02  2.140756e+02 
   67.714    4.116000  3.380952e+02  2.141452e+02 
   67.714    4.219000  3.394778e+02  2.142239e+02 
   67.714    4.322000  3.408528e+02  2.143107e+02 
   67.714    4.425000  3.422188e+02  2.144048e+02 
   67.714    4.528000  3.435741e+02  2.145055e+02 
   67.714    4.630000  3.449041e+02  2.146110e+02 
   67.714    4.733000  3.462363e+02  2.147225e+02 
   67.714    4.836000  3.475568e+02  2.148383e+02 
   67.714    4.939000  3.488636e+02  2.149581e+02 
   67.714    5.042000  3.501551e+02  2.150814e+02 
   67.714    5.145000  3.533507e+02  2.153485e+02 
   67.714    5.248000  3.566625e+02  2.156260e+02 
   67.714    5.351000  3.579060e+02  2.157566e+02 
   67.714    5.454000  3.619529e+02  2.160951e+02 
   67.714    5.556000  3.657776e+02  2.164171e+02 
   67.714    5.659000  3.669651e+02  2.165527e+02 
   67.714    5.762000  3.681282e+02  2.166906e+02 
   67.714    5.865000  3.692692e+02  2.168302e+02 
   67.714    5.968000  3.703875e+02  2.169713e+02 
   67.714    6.071000  3.714839e+02  2.171135e+02 
   67.714    6.174000  3.725599e+02  2.172566e+02 
   67.714    6.277000  3.736191e+02  2.174001e+02 
   67.714    6.380000  3.746658e+02  2.175437e+02 
   67.714    6.483000  3.757023e+02  2.176872e+02 
   67.714    6.585000  3.767211e+02  2.178291e+02 
   67.714    6.688000  3.777475e+02  2.179718e+02 
   67.714    6.791000  3.787730e+02  2.181139e+02 
   67.714    6.894000  3.797999e+02  2.182550e+02 
   67.714    6.997000  3.808317e+02  2.183950e+02 
   67.714    7.100000  3.818648e+02  2.185337e+02 
   67.714    7.203000  3.831794e+02  2.187137e+02 
   67.714    7.306000  3.844625e+02  2.188950e+02 
   67.714    7.409000  3.879736e+02  2.192270e+02 
   67.714    7.511000  3.921677e+02  2.196093e+02 
   67.714    7.614000  3.970623e+02  2.200446e+02 
   67.714    7.717000  4.010752e+02  2.204150e+02 
   67.714    7.820000  4.056939e+02  2.208234e+02 
   67.714    7.923000  4.099550e+02  2.212006e+02 
   67.714    8.026000  4.144533e+02  2.215873e+02 
   67.714    8.129000  4.186522e+02  2.219468e+02 
   67.714    8.231999  4.231481e+02  2.223186e+02 
   67.714    8.335000  4.275173e+02  2.226759e+02 
   67.714    8.436999  4.318217e+02  2.230227e+02 
   67.714    8.540000  4.361935e+02  2.233686e+02 
   67.714    8.643000  4.403581e+02  2.236958e+02 
   67.714    8.745999  4.441441e+02  2.239954e+02 
   67.714    8.849000  4.446592e+02  2.240968e+02 
   67.714    8.952000  4.451632e+02  2.241967e+02 
   67.714    9.054999  4.456609e+02  2.242946e+02 
   67.714    9.158000  4.461546e+02  2.243906e+02 
   67.714    9.261000  4.466489e+02  2.244846e+02 
   67.714    9.363000  4.471408e+02  2.245755e+02 
   67.714    9.466000  4.476412e+02  2.246653e+02 
   67.714    9.568999  4.481123e+02  2.247539e+02 
   67.714    9.672000  4.485844e+02  2.248404e+02 
   67.714    9.775000  4.490551e+02  2.249249e+02 
   67.714    9.877999  4.495207e+02  2.250075e+02 
   67.714    9.981000  4.499803e+02  2.250882e+02 
   67.714   10.084000  4.504325e+02  2.251670e+02 
   67.714   10.186999  4.509078e+02  2.252435e+02 
   67.714   10.289000  4.513670e+02  2.253178e+02 
   67.714   10.391999  4.518211e+02  2.253914e+02 
   67.714   10.495000  4.522688e+02  2.254637e+02 
   67.714   10.598000  4.527105e+02  2.255347e+02 
   67.714   10.700999  4.531464e+02  2.256045e+02 
   67.714   10.804000  4.535764e+02  2.256732e+02 
   67.714   10.907000  4.540005e+02  2.257409e+02 
   67.714   11.009999  4.544189e+02  2.258076e+02 
   67.714   11.113000  4.548315e+02  2.258734e+02 
   67.714   11.214999  4.552345e+02  2.259377e+02 
   67.714   11.318000  4.556358e+02  2.260018e+02 
   67.714   11.421000  4.560318e+02  2.260652e+02 
   67.714   11.523999  4.564226e+02  2.261278e+02 
   67.714   11.627000  4.568080e+02  2.261896e+02 
   67.714   11.730000  4.571879e+02  2.262508e+02 
   67.714   11.832999  4.575624e+02  2.263111e+02 
   67.714   11.936000  4.579314e+02  2.263707e+02 
   67.714   12.039000  4.582952e+02  2.264296e+02 
   67.714   12.141999  4.586539e+02  2.264876e+02 
   67.714   12.243999  4.590042e+02  2.265442e+02 
   67.714   12.346999  4.593532e+02  2.266006e+02 
   67.714   12.450000  4.596976e+02  2.266561e+02 
   67.714   12.552999  4.600374e+02  2.267109e+02 
   67.714   12.655999  4.603727e+02  2.267647e+02 
   67.714   12.759000  4.607037e+02  2.268178e+02 
   67.714   12.862000  4.610307e+02  2.268699e+02 
   67.714   12.964999  4.613539e+02  2.269212e+02 
   67.714   13.068000  4.616735e+02  2.269716e+02 
   67.714   13.169999  4.619862e+02  2.270206e+02 
   67.714   13.273000  4.622983e+02  2.270692e+02 
   67.714   13.375999  4.626069e+02  2.271168e+02 
   67.714   13.478999  4.629119e+02  2.271635e+02 
   67.714   13.582000  4.632133e+02  2.272092e+02 
   67.714   13.684999  4.635115e+02  2.272540e+02 
   67.714   13.787999  4.638064e+02  2.272977e+02 
   67.714   13.891000  4.640981e+02  2.273404e+02 
   67.714   13.993999  4.643865e+02  2.273821e+02 
   67.714   14.096000  4.646692e+02  2.274224e+02 
   67.714   14.198999  4.649515e+02  2.274621e+02 
   67.714   14.302000  4.652306e+02  2.275008e+02 
   67.714   14.405000  4.655066e+02  2.275386e+02 
   67.714   14.507999  4.657794e+02  2.275755e+02 
   67.714   14.611000  4.660490e+02  2.276116e+02 
   67.714   14.714000  4.663152e+02  2.276470e+02 
   67.714   14.816999  4.665782e+02  2.276817e+02 
   67.714   14.919999  4.668380e+02  2.277157e+02 
   67.714   15.021999  4.670920e+02  2.277488e+02 
   67.714   15.125000  4.673454e+02  2.277816e+02 
   67.714   15.228000  4.675956e+02  2.278137e+02 
   67.714   15.330999  4.678426e+02  2.278453e+02 
   67.714   15.434000  4.680866e+02  2.278762e+02 
   67.714   15.537000  4.683276e+02  2.279065e+02 
   67.714   15.639999  4.685656e+02  2.279362e+02 
   67.714   15.743000  4.688006e+02  2.279653e+02 
   67.714   15.846000  4.690328e+02  2.279939e+02 
   67.714   15.947999  4.692602e+02  2.280216e+02 
   67.714   16.051001  4.694871e+02  2.280490e+02 
   67.714   16.154001  4.697118e+02  2.280758e+02 
   67.714   16.257000  4.699340e+02  2.281020e+02 
   67.714   16.360001  4.701538e+02  2.281277e+02 
   67.714   16.463001  4.703715e+02  2.281527e+02 
   67.714   16.566000  4.705869e+02  2.281771e+02 
   67.714   16.669001  4.708001e+02  2.282009e+02 
   67.714   16.772001  4.710115e+02  2.282240e+02 
   67.714   16.875000  4.712209e+02  2.282464e+02 
   67.714   16.977001  4.714265e+02  2.282678e+02 
   67.714   17.080000  4.716326e+02  2.282886e+02 
   67.714   17.183001  4.718373e+02  2.283085e+02 
   67.714   17.286001  4.720408e+02  2.283274e+02 
   67.714   17.389000  4.722429e+02  2.283453e+02 
   67.714   17.492001  4.724439e+02  2.283624e+02 
   67.714   17.595001  4.726437e+02  2.283785e+02 
   67.714   17.698000  4.728423e+02  2.283937e+02 
   67.714   17.801001  4.730395e+02  2.284081e+02 
   67.714   17.903000  4.732332e+02  2.284217e+02 
   67.714   18.006001  4.734273e+02  2.284348e+02 
   67.714   18.109001  4.736197e+02  2.284473e+02 
   67.714   18.212000  4.738105e+02  2.284593e+02 
   67.714   18.315001  4.739996e+02  2.284706e+02 
   67.714   18.418001  4.741871e+02  2.284814e+02 
   67.714   18.521000  4.743730e+02  2.284917e+02 
   67.714   18.624001  4.745574e+02  2.285014e+02 
   67.714   18.727001  4.747404e+02  2.285105e+02 
   67.714   18.829000  4.749200e+02  2.285190e+02 
   67.714   18.932001  4.751000e+02  2.285270e+02 
   67.714   19.035000  4.752785e+02  2.285345e+02 
   67.714   19.138000  4.754557e+02  2.285415e+02 
   67.714   19.241001  4.756316e+02  2.285480e+02 
   67.714   19.344000  4.758061e+02  2.285540e+02 
   67.714   19.447001  4.759793e+02  2.285595e+02 
   67.714   19.550001  4.761513e+02  2.285645e+02 
   67.714   19.653000  4.763219e+02  2.285691e+02 
   67.714   19.755001  4.764896e+02  2.285732e+02 
   67.714   19.858000  4.766577e+02  2.285768e+02 
   67.714   19.961000  4.768246e+02  2.285800e+02 
   67.714   20.064001  4.769905e+02  2.285826e+02 
   67.714   20.363001  4.774672e+02  2.285869e+02 
   67.714   20.859001  4.782350e+02  2.285866e+02 
   67.714   21.355001  4.789746e+02  2.285777e+02 
   67.714   21.851000  4.796854e+02  2.285617e+02 
   67.714   22.346001  4.803596e+02  2.285429e+02 
   67.714   22.842001  4.809941e+02  2.285252e+02 
   67.714   23.338001  4.815857e+02  2.285100e+02 
   67.714   23.834000  4.821385e+02  2.284963e+02 
   67.714   24.329000  4.826575e+02  2.284823e+02 
   67.714   24.825001  4.831472e+02  2.284677e+02 
   67.714   25.321001  4.836050e+02  2.284536e+02 
   67.714   25.817001  4.840320e+02  2.284406e+02 
   67.714   26.312000  4.844301e+02  2.284280e+02 
   67.714   26.808001  4.848035e+02  2.284155e+02 
   67.714   27.304001  4.851526e+02  2.284032e+02 
   67.714   27.800001  4.854783e+02  2.283911e+02 
   67.714   28.295000  4.857824e+02  2.283792e+02 
   67.714   28.791000  4.860688e+02  2.283669e+02 
   67.714   29.287001  4.863393e+02  2.283542e+02 
   67.714   29.783001  4.865962e+02  2.283407e+02 
   67.714   30.278000  4.868405e+02  2.283266e+02 
   67.714   30.774000  4.870747e+02  2.283120e+02 
   67.714   31.270000  4.873002e+02  2.282970e+02 
   67.714   31.766001  4.875185e+02  2.282815e+02 
   67.714   32.262001  4.877318e+02  2.282657e+02 
   67.714   32.757000  4.879417e+02  2.282498e+02 
   67.714   33.253002  4.881504e+02  2.282339e+02 
   67.714   33.749001  4.883592e+02  2.282183e+02 
   67.714   34.244999  4.885693e+02  2.282034e+02 
   67.714   34.740002  4.887819e+02  2.281892e+02 
   67.714   35.236000  4.889991e+02  2.281758e+02 
   67.714   35.732002  4.892216e+02  2.281633e+02 
   67.714   36.228001  4.894498e+02  2.281515e+02 
   67.714   36.723000  4.896833e+02  2.281405e+02 
   67.714   37.219002  4.899227e+02  2.281302e+02 
   67.714   37.715000  4.901663e+02  2.281206e+02 
   67.714   38.211002  4.904128e+02  2.281117e+02 
   67.714   38.706001  4.906599e+02  2.281036e+02 
   67.714   39.202000  4.909068e+02  2.280962e+02 
   67.714   39.698002  4.911505e+02  2.280895e+02 
   67.714   40.198002  4.913882e+02  2.280846e+02 
   67.714   45.198002  4.932581e+02  2.280713e+02 
   67.714   50.198002  4.939677e+02  2.280767e+02 
   67.714   55.198002  4.942162e+02  2.280837e+02 
   67.714   60.198002  4.949626e+02  2.280890e+02 
   67.714   65.197998  4.961972e+02  2.280925e+02 
