    0.000    0.000000  0.000000e+00  3.518739e+02 
    0.000    0.103000  0.000000e+00  3.510444e+02 
    0.000    0.206000  0.000000e+00  3.498724e+02 
    0.000    0.309000  0.000000e+00  3.485772e+02 
    0.000    0.411000  0.000000e+00  3.472613e+02 
    0.000    0.514000  0.000000e+00  3.458424e+02 
    0.000    0.617000  0.000000e+00  3.443193e+02 
    0.000    0.720000  0.000000e+00  3.427675e+02 
    0.000    0.823000  0.000000e+00  3.411355e+02 
    0.000    0.926000  0.000000e+00  3.394701e+02 
    0.000    1.029000  0.000000e+00  3.377567e+02 
    0.000    1.132000  0.000000e+00  3.359420e+02 
    0.000    1.235000  0.000000e+00  3.340241e+02 
    0.000    1.337000  0.000000e+00  3.321004e+02 
    0.000    1.440000  0.000000e+00  3.300501e+02 
    0.000    1.543000  0.000000e+00  3.278604e+02 
    0.000    1.646000  0.000000e+00  3.256861e+02 
    0.000    1.749000  0.000000e+00  3.075999e+02 
    0.000    1.852000  0.000000e+00  3.029437e+02 
    0.000    1.955000  0.000000e+00  3.000925e+02 
    0.000    2.058000  0.000000e+00  2.967315e+02 
    0.000    2.161000  0.000000e+00  2.960092e+02 
    0.000    2.263000  0.000000e+00  2.950965e+02 
    0.000    2.366000  0.000000e+00  2.940899e+02 
    0.000    2.469000  0.000000e+00  2.930185e+02 
    0.000    2.572000  0.000000e+00  2.918942e+02 
    0.000    2.675000  0.000000e+00  2.907206e+02 
    0.000    2.778000  0.000000e+00  2.895041e+02 
    0.000    2.881000  0.000000e+00  2.882803e+02 
    0.000    2.984000  0.000000e+00  2.870740e+02 
    0.000    3.087000  0.000000e+00  2.858683e+02 
    0.000    3.189000  0.000000e+00  2.846339e+02 
    0.000    3.292000  0.000000e+00  2.833776e+02 
    0.000    3.395000  0.000000e+00  2.821340e+02 
    0.000    3.498000  0.000000e+00  2.809023e+02 
    0.000    3.601000  0.000000e+00  2.796765e+02 
    0.000    3.704000  0.000000e+00  2.784528e+02 
    0.000    3.807000  0.000000e+00  2.772349e+02 
    0.000    3.910000  0.000000e+00  2.760075e+02 
    0.000    4.013000  0.000000e+00  2.747797e+02 
    0.000    4.115000  0.000000e+00  2.735636e+02 
    0.000    4.218000  0.000000e+00  2.723438e+02 
    0.000    4.321000  0.000000e+00  2.711366e+02 
    0.000    4.424000  0.000000e+00  2.699378e+02 
    0.000    4.527000  0.000000e+00  2.687530e+02 
    0.000    4.630000  0.000000e+00  2.675812e+02 
    0.000    4.733000  0.000000e+00  2.664137e+02 
    0.000    4.836000  0.000000e+00  2.652608e+02 
    0.000    4.939000  0.000000e+00  2.641146e+02 
    0.000    5.041000  0.000000e+00  2.629803e+02 
    0.000    5.144000  0.000000e+00  2.618320e+02 
    0.000    5.247000  0.000000e+00  2.606937e+02 
    0.000    5.350000  0.000000e+00  2.595707e+02 
    0.000    5.453000  0.000000e+00  2.584616e+02 
    0.000    5.556000  0.000000e+00  2.573551e+02 
    0.000    5.659000  0.000000e+00  2.562547e+02 
    0.000    5.762000  0.000000e+00  2.551747e+02 
    0.000    5.865000  0.000000e+00  2.541095e+02 
    0.000    5.968000  0.000000e+00  2.530515e+02 
    0.000    6.070000  0.000000e+00  2.519736e+02 
    0.000    6.173000  0.000000e+00  2.508694e+02 
    0.000    6.276000  0.000000e+00  2.497685e+02 
    0.000    6.379000  0.000000e+00  2.486076e+02 
    0.000    6.482000  0.000000e+00  2.474865e+02 
    0.000    6.585000  0.000000e+00  2.463352e+02 
    0.000    6.688000  0.000000e+00  2.451618e+02 
    0.000    6.791000  0.000000e+00  2.439742e+02 
    0.000    6.894000  0.000000e+00  2.428660e+02 
    0.000    6.996000  0.000000e+00  2.418404e+02 
    0.000    7.099000  0.000000e+00  2.409723e+02 
    0.000    7.202000  0.000000e+00  2.403830e+02 
    0.000    7.305000  0.000000e+00  2.398861e+02 
    0.000    7.408000  0.000000e+00  2.394725e+02 
    0.000    7.511000  0.000000e+00  2.391710e+02 
    0.000    7.614000  0.000000e+00  2.389602e+02 
    0.000    7.717000  0.000000e+00  2.387972e+02 
    0.000    7.820000  0.000000e+00  2.386656e+02 
    0.000    7.922000  0.000000e+00  2.385531e+02 
    0.000    8.025000  0.000000e+00  2.384311e+02 
    0.000    8.128000  0.000000e+00  2.381944e+02 
    0.000    8.231000  0.000000e+00  2.380311e+02 
    0.000    8.334000  0.000000e+00  2.378315e+02 
    0.000    8.437000  0.000000e+00  2.376246e+02 
    0.000    8.540000  0.000000e+00  2.374072e+02 
    0.000    8.643000  0.000000e+00  2.371778e+02 
    0.000    8.746000  0.000000e+00  2.369485e+02 
    0.000    8.848000  0.000000e+00  2.367226e+02 
    0.000    8.951000  0.000000e+00  2.364933e+02 
    0.000    9.054000  0.000000e+00  2.362219e+02 
    0.000    9.157000  0.000000e+00  2.359944e+02 
    0.000    9.260000  0.000000e+00  2.358905e+02 
    0.000    9.363000  0.000000e+00  2.358004e+02 
    0.000    9.466000  0.000000e+00  2.357180e+02 
    0.000    9.569000  0.000000e+00  2.356413e+02 
    0.000    9.672000  0.000000e+00  2.355694e+02 
    0.000    9.774000  0.000000e+00  2.355056e+02 
    0.000    9.877000  0.000000e+00  2.354545e+02 
    0.000    9.980000  0.000000e+00  2.354133e+02 
    0.000   10.083000  0.000000e+00  2.353747e+02 
    0.000   10.186000  0.000000e+00  2.353313e+02 
    0.000   10.289000  0.000000e+00  2.352853e+02 
    0.000   10.392000  0.000000e+00  2.352403e+02 
    0.000   10.495000  0.000000e+00  2.351983e+02 
    0.000   10.598000  0.000000e+00  2.351589e+02 
    0.000   10.700000  0.000000e+00  2.351188e+02 
    0.000   10.803000  0.000000e+00  2.350709e+02 
    0.000   10.906000  0.000000e+00  2.350182e+02 
    0.000   11.009000  0.000000e+00  2.349611e+02 
    0.000   11.112000  0.000000e+00  2.348943e+02 
    0.000   11.215000  0.000000e+00  2.348208e+02 
    0.000   11.318000  0.000000e+00  2.347438e+02 
    0.000   11.421000  0.000000e+00  2.346642e+02 
    0.000   11.524000  0.000000e+00  2.345829e+02 
    0.000   11.627000  0.000000e+00  2.345004e+02 
    0.000   11.729000  0.000000e+00  2.344167e+02 
    0.000   11.832000  0.000000e+00  2.343310e+02 
    0.000   11.935000  0.000000e+00  2.342446e+02 
    0.000   12.038000  0.000000e+00  2.341572e+02 
    0.000   12.141000  0.000000e+00  2.340691e+02 
    0.000   12.244000  0.000000e+00  2.339806e+02 
    0.000   12.347000  0.000000e+00  2.338964e+02 
    0.000   12.450000  0.000000e+00  2.338161e+02 
    0.000   12.553000  0.000000e+00  2.337382e+02 
    0.000   12.655000  0.000000e+00  2.336651e+02 
    0.000   12.758000  0.000000e+00  2.335957e+02 
    0.000   12.861000  0.000000e+00  2.335292e+02 
    0.000   12.964000  0.000000e+00  2.334657e+02 
    0.000   13.067000  0.000000e+00  2.334053e+02 
    0.000   13.170000  0.000000e+00  2.333474e+02 
    0.000   13.273000  0.000000e+00  2.332911e+02 
    0.000   13.376000  0.000000e+00  2.332361e+02 
    0.000   13.479000  0.000000e+00  2.331821e+02 
    0.000   13.581000  0.000000e+00  2.331296e+02 
    0.000   13.684000  0.000000e+00  2.330766e+02 
    0.000   13.787000  0.000000e+00  2.330239e+02 
    0.000   13.890000  0.000000e+00  2.329716e+02 
    0.000   13.993000  0.000000e+00  2.329207e+02 
    0.000   14.096000  0.000000e+00  2.328710e+02 
    0.000   14.199000  0.000000e+00  2.328222e+02 
    0.000   14.302000  0.000000e+00  2.327746e+02 
    0.000   14.405000  0.000000e+00  2.327282e+02 
    0.000   14.507000  0.000000e+00  2.326832e+02 
    0.000   14.610000  0.000000e+00  2.326384e+02 
    0.000   14.713000  0.000000e+00  2.325933e+02 
    0.000   14.816000  0.000000e+00  2.325483e+02 
    0.000   14.919000  0.000000e+00  2.325036e+02 
    0.000   15.022000  0.000000e+00  2.324582e+02 
    0.000   15.125000  0.000000e+00  2.324124e+02 
    0.000   15.228000  0.000000e+00  2.323665e+02 
    0.000   15.331000  0.000000e+00  2.323205e+02 
    0.000   15.433000  0.000000e+00  2.322749e+02 
    0.000   15.536000  0.000000e+00  2.322290e+02 
    0.000   15.639000  0.000000e+00  2.321841e+02 
    0.000   15.742000  0.000000e+00  2.321432e+02 
    0.000   15.845000  0.000000e+00  2.321056e+02 
    0.000   15.948000  0.000000e+00  2.320701e+02 
    0.000   16.051001  0.000000e+00  2.320342e+02 
    0.000   16.153999  0.000000e+00  2.319977e+02 
    0.000   16.257000  0.000000e+00  2.319609e+02 
    0.000   16.358999  0.000000e+00  2.319233e+02 
    0.000   16.462000  0.000000e+00  2.318824e+02 
    0.000   16.565001  0.000000e+00  2.318393e+02 
    0.000   16.667999  0.000000e+00  2.317951e+02 
    0.000   16.771000  0.000000e+00  2.317508e+02 
    0.000   16.874001  0.000000e+00  2.317066e+02 
    0.000   16.976999  0.000000e+00  2.316624e+02 
    0.000   17.080000  0.000000e+00  2.316186e+02 
    0.000   17.183001  0.000000e+00  2.315754e+02 
    0.000   17.285999  0.000000e+00  2.315327e+02 
    0.000   17.388000  0.000000e+00  2.314906e+02 
    0.000   17.490999  0.000000e+00  2.314495e+02 
    0.000   17.594000  0.000000e+00  2.314095e+02 
    0.000   17.697001  0.000000e+00  2.313701e+02 
    0.000   17.799999  0.000000e+00  2.313320e+02 
    0.000   17.903000  0.000000e+00  2.312954e+02 
    0.000   18.006001  0.000000e+00  2.312601e+02 
    0.000   18.108999  0.000000e+00  2.312258e+02 
    0.000   18.212000  0.000000e+00  2.311929e+02 
    0.000   18.313999  0.000000e+00  2.311615e+02 
    0.000   18.417000  0.000000e+00  2.311309e+02 
    0.000   18.520000  0.000000e+00  2.311011e+02 
    0.000   18.622999  0.000000e+00  2.310717e+02 
    0.000   18.726000  0.000000e+00  2.310426e+02 
    0.000   18.829000  0.000000e+00  2.310140e+02 
    0.000   18.931999  0.000000e+00  2.309859e+02 
    0.000   19.035000  0.000000e+00  2.309584e+02 
    0.000   19.138000  0.000000e+00  2.309316e+02 
    0.000   19.240000  0.000000e+00  2.309055e+02 
    0.000   19.343000  0.000000e+00  2.308785e+02 
    0.000   19.445999  0.000000e+00  2.308508e+02 
    0.000   19.549000  0.000000e+00  2.308225e+02 
    0.000   19.652000  0.000000e+00  2.307940e+02 
    0.000   19.754999  0.000000e+00  2.307652e+02 
    0.000   19.858000  0.000000e+00  2.307359e+02 
    0.000   19.961000  0.000000e+00  2.307065e+02 
    0.000   20.063999  0.000000e+00  2.306769e+02 
    0.000   20.363001  0.000000e+00  2.305931e+02 
    0.000   20.858999  0.000000e+00  2.304669e+02 
    0.000   21.354000  0.000000e+00  2.303644e+02 
    0.000   21.850000  0.000000e+00  2.302754e+02 
    0.000   22.346001  0.000000e+00  2.301892e+02 
    0.000   22.842001  0.000000e+00  2.300995e+02 
    0.000   23.337000  0.000000e+00  2.300137e+02 
    0.000   23.833000  0.000000e+00  2.299439e+02 
    0.000   24.329000  0.000000e+00  2.298993e+02 
    0.000   24.825001  0.000000e+00  2.298814e+02 
    0.000   25.320000  0.000000e+00  2.298759e+02 
    0.000   25.816000  0.000000e+00  2.298714e+02 
    0.000   26.312000  0.000000e+00  2.298745e+02 
    0.000   26.808001  0.000000e+00  2.298823e+02 
    0.000   27.302999  0.000000e+00  2.298947e+02 
    0.000   27.799000  0.000000e+00  2.299152e+02 
    0.000   28.295000  0.000000e+00  2.299451e+02 
    0.000   28.791000  0.000000e+00  2.299794e+02 
    0.000   29.285999  0.000000e+00  2.300200e+02 
    0.000   29.782000  0.000000e+00  2.300671e+02 
    0.000   30.278000  0.000000e+00  2.301192e+02 
    0.000   30.774000  0.000000e+00  2.301741e+02 
    0.000   31.268999  0.000000e+00  2.302311e+02 
    0.000   31.764999  0.000000e+00  2.302897e+02 
    0.000   32.261002  0.000000e+00  2.303492e+02 
    0.000   32.757000  0.000000e+00  2.304084e+02 
    0.000   33.251999  0.000000e+00  2.304659e+02 
    0.000   33.748001  0.000000e+00  2.305234e+02 
    0.000   34.243999  0.000000e+00  2.305815e+02 
    0.000   34.740002  0.000000e+00  2.306420e+02 
    0.000   35.235001  0.000000e+00  2.307043e+02 
    0.000   35.730999  0.000000e+00  2.307642e+02 
    0.000   36.227001  0.000000e+00  2.308211e+02 
    0.000   36.723000  0.000000e+00  2.308737e+02 
    0.000   37.217999  0.000000e+00  2.309223e+02 
    0.000   37.714001  0.000000e+00  2.309672e+02 
    0.000   38.209999  0.000000e+00  2.310086e+02 
    0.000   38.706001  0.000000e+00  2.310502e+02 
    0.000   39.201000  0.000000e+00  2.310928e+02 
    0.000   39.696999  0.000000e+00  2.311386e+02 
    0.000   40.196999  0.000000e+00  2.311893e+02 
    0.000   45.196999  0.000000e+00  2.316385e+02 
    0.000   50.196999  0.000000e+00  2.318653e+02 
    0.000   55.196999  0.000000e+00  2.318593e+02 
    0.000   60.196999  0.000000e+00  2.317917e+02 
    0.000   65.196999  0.000000e+00  2.317395e+02 
