   66.971    0.000000  4.833092e+00  2.057313e+01 
   66.971    0.103000  4.859634e+00  2.075652e+01 
   66.971    0.206000  4.886020e+00  2.095226e+01 
   66.971    0.308000  9.309838e+00  3.608558e+01 
   66.971    0.411000  1.001279e+01  3.877810e+01 
   66.971    0.514000  1.038859e+01  4.015474e+01 
   66.971    0.617000  1.065726e+01  4.111657e+01 
   66.971    0.720000  1.089771e+01  4.196851e+01 
   66.971    0.823000  1.114909e+01  4.285439e+01 
   66.971    0.926000  1.131074e+01  4.341557e+01 
   66.971    1.029000  1.152961e+01  4.417968e+01 
   66.971    1.132000  1.180623e+01  4.514060e+01 
   66.971    1.235000  1.202695e+01  4.589778e+01 
   66.971    1.337000  1.218253e+01  4.642594e+01 
   66.971    1.440000  1.668104e+01  5.599771e+01 
   66.971    1.543000  1.676594e+01  5.616235e+01 
   66.971    1.646000  1.687959e+01  5.638077e+01 
   66.971    1.749000  1.702148e+01  5.664790e+01 
   66.971    1.852000  3.114381e+01  7.493674e+01 
   66.971    1.955000  6.272788e+01  9.708758e+01 
   66.971    2.058000  1.439155e+02  1.251579e+02 
   66.971    2.161000  3.756965e+02  1.560339e+02 
   66.971    2.263000  3.775225e+02  1.559667e+02 
   66.971    2.366000  3.793462e+02  1.559493e+02 
   66.971    2.469000  3.811508e+02  1.559674e+02 
   66.971    2.572000  3.829373e+02  1.560129e+02 
   66.971    2.675000  3.847093e+02  1.560799e+02 
   66.971    2.778000  3.864725e+02  1.561637e+02 
   66.971    2.881000  3.882272e+02  1.562616e+02 
   66.971    2.984000  3.899749e+02  1.563717e+02 
   66.971    3.087000  3.917136e+02  1.564924e+02 
   66.971    3.189000  3.934242e+02  1.566214e+02 
   66.971    3.292000  3.951397e+02  1.567600e+02 
   66.971    3.395000  3.968442e+02  1.569059e+02 
   66.971    3.498000  3.985372e+02  1.570582e+02 
   66.971    3.601000  4.002238e+02  1.572157e+02 
   66.971    3.704000  4.019081e+02  1.573775e+02 
   66.971    3.807000  4.035892e+02  1.575431e+02 
   66.971    3.910000  4.052673e+02  1.577120e+02 
   66.971    4.013000  4.069412e+02  1.578840e+02 
   66.971    4.115000  4.085890e+02  1.580572e+02 
   66.971    4.218000  4.102366e+02  1.582350e+02 
   66.971    4.321000  4.118640e+02  1.584154e+02 
   66.971    4.424000  4.134671e+02  1.585982e+02 
   66.971    4.527000  4.150420e+02  1.587829e+02 
   66.971    4.630000  4.165899e+02  1.589690e+02 
   66.971    4.733000  4.181125e+02  1.591560e+02 
   66.971    4.836000  4.196068e+02  1.593438e+02 
   66.971    4.939000  4.210738e+02  1.595321e+02 
   66.971    5.041000  4.225002e+02  1.597188e+02 
   66.971    5.144000  4.239118e+02  1.599075e+02 
   66.971    5.247000  4.252961e+02  1.600961e+02 
   66.971    5.350000  4.266532e+02  1.602845e+02 
   66.971    5.453000  4.279831e+02  1.604725e+02 
   66.971    5.556000  4.292880e+02  1.606600e+02 
   66.971    5.659000  4.305675e+02  1.608469e+02 
   66.971    5.762000  4.318233e+02  1.610330e+02 
   66.971    5.865000  4.330576e+02  1.612183e+02 
   66.971    5.967000  4.342590e+02  1.614008e+02 
   66.971    6.070000  4.354564e+02  1.615840e+02 
   66.971    6.173000  4.366459e+02  1.617658e+02 
   66.971    6.276000  4.378294e+02  1.619460e+02 
   66.971    6.379000  4.390083e+02  1.621246e+02 
   66.971    6.482000  4.401837e+02  1.623017e+02 
   66.971    6.585000  4.413578e+02  1.624769e+02 
   66.971    6.688000  4.425334e+02  1.626503e+02 
   66.971    6.791000  4.437103e+02  1.628218e+02 
   66.971    6.893000  4.448654e+02  1.629898e+02 
   66.971    6.996000  4.460059e+02  1.631577e+02 
   66.971    7.099000  4.471105e+02  1.633237e+02 
   66.971    7.202000  4.481589e+02  1.634880e+02 
   66.971    7.305000  4.491340e+02  1.636501e+02 
   66.971    7.408000  4.500349e+02  1.638100e+02 
   66.971    7.511000  4.508672e+02  1.639674e+02 
   66.971    7.614000  4.516295e+02  1.641225e+02 
   66.971    7.717000  4.523410e+02  1.642753e+02 
   66.971    7.820000  4.530334e+02  1.644256e+02 
   66.971    7.922000  4.537057e+02  1.645723e+02 
   66.971    8.025001  4.543749e+02  1.647182e+02 
   66.971    8.128000  4.550396e+02  1.648620e+02 
   66.971    8.231001  4.556996e+02  1.650039e+02 
   66.971    8.334001  4.563497e+02  1.651436e+02 
   66.971    8.437000  4.569847e+02  1.652811e+02 
   66.971    8.540000  4.576047e+02  1.654163e+02 
   66.971    8.643001  4.582128e+02  1.655491e+02 
   66.971    8.746000  4.588111e+02  1.656795e+02 
   66.971    8.848001  4.593937e+02  1.658062e+02 
   66.971    8.951000  4.599726e+02  1.659315e+02 
   66.971    9.054001  4.605407e+02  1.660544e+02 
   66.971    9.157001  4.610967e+02  1.661748e+02 
   66.971    9.260000  4.616411e+02  1.662926e+02 
   66.971    9.363001  4.621737e+02  1.664080e+02 
   66.971    9.466001  4.626946e+02  1.665209e+02 
   66.971    9.569000  4.632039e+02  1.666317e+02 
   66.971    9.672001  4.637018e+02  1.667403e+02 
   66.971    9.774000  4.641831e+02  1.668458e+02 
   66.971    9.877001  4.646567e+02  1.669502e+02 
   66.971    9.980000  4.651179e+02  1.670526e+02 
   66.971   10.083000  4.656012e+02  1.671524e+02 
   66.971   10.186001  4.660766e+02  1.672504e+02 
   66.971   10.289001  4.665446e+02  1.673467e+02 
   66.971   10.392000  4.670055e+02  1.674411e+02 
   66.971   10.495001  4.674596e+02  1.675339e+02 
   66.971   10.598001  4.679068e+02  1.676249e+02 
   66.971   10.700001  4.683424e+02  1.677135e+02 
   66.971   10.803000  4.687749e+02  1.678015e+02 
   66.971   10.906000  4.691999e+02  1.678881e+02 
   66.971   11.009001  4.696185e+02  1.679734e+02 
   66.971   11.112000  4.700323e+02  1.680576e+02 
   66.971   11.215000  4.704417e+02  1.681406e+02 
   66.971   11.318001  4.708464e+02  1.682224e+02 
   66.971   11.421000  4.712463e+02  1.683031e+02 
   66.971   11.524000  4.716414e+02  1.683828e+02 
   66.971   11.626000  4.720276e+02  1.684606e+02 
   66.971   11.729000  4.724123e+02  1.685382e+02 
   66.971   11.832001  4.727915e+02  1.686148e+02 
   66.971   11.935000  4.731654e+02  1.686904e+02 
   66.971   12.038000  4.735339e+02  1.687650e+02 
   66.971   12.141001  4.738973e+02  1.688385e+02 
   66.971   12.244000  4.742554e+02  1.689111e+02 
   66.971   12.347000  4.746086e+02  1.689827e+02 
   66.971   12.450001  4.749568e+02  1.690533e+02 
   66.971   12.552000  4.752967e+02  1.691222e+02 
   66.971   12.655001  4.756352e+02  1.691907e+02 
   66.971   12.758000  4.759689e+02  1.692581e+02 
   66.971   12.861000  4.762984e+02  1.693244e+02 
   66.971   12.964001  4.766238e+02  1.693897e+02 
   66.971   13.067000  4.769454e+02  1.694538e+02 
   66.971   13.170000  4.772630e+02  1.695168e+02 
   66.971   13.273001  4.775769e+02  1.695787e+02 
   66.971   13.376000  4.778870e+02  1.696395e+02 
   66.971   13.479000  4.781936e+02  1.696992e+02 
   66.971   13.581000  4.784937e+02  1.697572e+02 
   66.971   13.684000  4.787932e+02  1.698147e+02 
   66.971   13.787001  4.790894e+02  1.698712e+02 
   66.971   13.890000  4.793822e+02  1.699266e+02 
   66.971   13.993000  4.796717e+02  1.699809e+02 
   66.971   14.096001  4.799582e+02  1.700340e+02 
   66.971   14.199000  4.802414e+02  1.700861e+02 
   66.971   14.302000  4.805215e+02  1.701371e+02 
   66.971   14.405001  4.807985e+02  1.701871e+02 
   66.971   14.507000  4.810698e+02  1.702355e+02 
   66.971   14.610001  4.813405e+02  1.702834e+02 
   66.971   14.713000  4.816082e+02  1.703303e+02 
   66.971   14.816000  4.818727e+02  1.703764e+02 
   66.971   14.919001  4.821341e+02  1.704216e+02 
   66.971   15.022000  4.823923e+02  1.704659e+02 
   66.971   15.125000  4.826475e+02  1.705095e+02 
   66.971   15.228001  4.828994e+02  1.705522e+02 
   66.971   15.331000  4.831483e+02  1.705943e+02 
   66.971   15.433001  4.833918e+02  1.706351e+02 
   66.971   15.536000  4.836347e+02  1.706756e+02 
   66.971   15.639001  4.838746e+02  1.707154e+02 
   66.971   15.742001  4.841116e+02  1.707545e+02 
   66.971   15.845000  4.843457e+02  1.707928e+02 
   66.971   15.948001  4.845772e+02  1.708305e+02 
   66.971   16.050999  4.848062e+02  1.708674e+02 
   66.971   16.153999  4.850327e+02  1.709036e+02 
   66.971   16.257000  4.852567e+02  1.709390e+02 
   66.971   16.358999  4.854762e+02  1.709733e+02 
   66.971   16.462000  4.856955e+02  1.710072e+02 
   66.971   16.564999  4.859126e+02  1.710405e+02 
   66.971   16.667999  4.861273e+02  1.710730e+02 
   66.971   16.771000  4.863400e+02  1.711048e+02 
   66.971   16.873999  4.865507e+02  1.711358e+02 
   66.971   16.976999  4.867593e+02  1.711661e+02 
   66.971   17.080000  4.869662e+02  1.711957e+02 
   66.971   17.182999  4.871716e+02  1.712243e+02 
   66.971   17.285000  4.873736e+02  1.712519e+02 
   66.971   17.387999  4.875761e+02  1.712788e+02 
   66.971   17.490999  4.877773e+02  1.713049e+02 
   66.971   17.594000  4.879774e+02  1.713300e+02 
   66.971   17.696999  4.881764e+02  1.713542e+02 
   66.971   17.799999  4.883740e+02  1.713776e+02 
   66.971   17.903000  4.885703e+02  1.714002e+02 
   66.971   18.005999  4.887652e+02  1.714220e+02 
   66.971   18.108999  4.889585e+02  1.714432e+02 
   66.971   18.212000  4.891502e+02  1.714637e+02 
   66.971   18.313999  4.893383e+02  1.714834e+02 
   66.971   18.417000  4.895265e+02  1.715027e+02 
   66.971   18.519999  4.897129e+02  1.715215e+02 
   66.971   18.622999  4.898977e+02  1.715396e+02 
   66.971   18.726000  4.900810e+02  1.715572e+02 
   66.971   18.828999  4.902627e+02  1.715741e+02 
   66.971   18.931999  4.904428e+02  1.715905e+02 
   66.971   19.035000  4.906218e+02  1.716062e+02 
   66.971   19.137999  4.907995e+02  1.716212e+02 
   66.971   19.240000  4.909743e+02  1.716355e+02 
   66.971   19.343000  4.911495e+02  1.716494e+02 
   66.971   19.445999  4.913234e+02  1.716626e+02 
   66.971   19.549000  4.914961e+02  1.716754e+02 
   66.971   19.652000  4.916674e+02  1.716876e+02 
   66.971   19.754999  4.918372e+02  1.716994e+02 
   66.971   19.858000  4.920058e+02  1.717106e+02 
   66.971   19.960999  4.921731e+02  1.717215e+02 
   66.971   20.063999  4.923393e+02  1.717317e+02 
   66.971   20.362999  4.928165e+02  1.717582e+02 
   66.971   20.858999  4.935854e+02  1.717939e+02 
   66.971   21.354000  4.943244e+02  1.718198e+02 
   66.971   21.850000  4.950386e+02  1.718365e+02 
   66.971   22.345999  4.957219e+02  1.718470e+02 
   66.971   22.841999  4.963676e+02  1.718551e+02 
   66.971   23.337000  4.969699e+02  1.718634e+02 
   66.971   23.833000  4.975322e+02  1.718723e+02 
   66.971   24.328999  4.980582e+02  1.718806e+02 
   66.971   24.824999  4.985525e+02  1.718870e+02 
   66.971   25.320000  4.990147e+02  1.718921e+02 
   66.971   25.816000  4.994472e+02  1.718967e+02 
   66.971   26.312000  4.998510e+02  1.719010e+02 
   66.971   26.807999  5.002292e+02  1.719042e+02 
   66.971   27.302999  5.005831e+02  1.719062e+02 
   66.971   27.799000  5.009146e+02  1.719073e+02 
   66.971   28.295000  5.012238e+02  1.719078e+02 
   66.971   28.791000  5.015134e+02  1.719076e+02 
   66.971   29.285999  5.017857e+02  1.719064e+02 
   66.971   29.782000  5.020449e+02  1.719041e+02 
   66.971   30.278000  5.022924e+02  1.719005e+02 
   66.971   30.774000  5.025302e+02  1.718957e+02 
   66.971   31.268999  5.027592e+02  1.718899e+02 
   66.971   31.764999  5.029822e+02  1.718832e+02 
   66.971   32.260998  5.032008e+02  1.718758e+02 
   66.971   32.757000  5.034167e+02  1.718679e+02 
   66.971   33.251999  5.036311e+02  1.718597e+02 
   66.971   33.748001  5.038465e+02  1.718515e+02 
   66.971   34.243999  5.040637e+02  1.718436e+02 
   66.971   34.739998  5.042842e+02  1.718359e+02 
   66.971   35.235001  5.045088e+02  1.718286e+02 
   66.971   35.730999  5.047393e+02  1.718217e+02 
   66.971   36.227001  5.049759e+02  1.718153e+02 
   66.971   36.723000  5.052183e+02  1.718094e+02 
   66.971   37.217999  5.054655e+02  1.718038e+02 
   66.971   37.714001  5.057170e+02  1.717986e+02 
   66.971   38.209999  5.059710e+02  1.717938e+02 
   66.971   38.706001  5.062256e+02  1.717895e+02 
   66.971   39.201000  5.064782e+02  1.717856e+02 
   66.971   39.696999  5.067277e+02  1.717822e+02 
   66.971   40.196999  5.069702e+02  1.717802e+02 
   66.971   45.196999  5.088600e+02  1.717836e+02 
   66.971   50.196999  5.095706e+02  1.717955e+02 
   66.971   55.196999  5.098242e+02  1.718053e+02 
   66.971   60.196999  5.106101e+02  1.718120e+02 
   66.971   65.197006  5.118595e+02  1.718162e+02 
