   67.511    0.000000  3.979867e-03  1.183010e+01 
   67.511    0.103000  4.002250e-03  1.198109e+01 
   67.511    0.206000  4.024601e-03  1.213581e+01 
   67.511    0.309000  4.046894e-03  1.229237e+01 
   67.511    0.411000  4.068900e-03  1.244835e+01 
   67.511    0.514000  4.090984e-03  1.260636e+01 
   67.511    0.617000  4.614083e-03  1.443485e+01 
   67.511    0.720000  5.645307e-03  1.740001e+01 
   67.511    0.823000  7.326826e-03  2.113304e+01 
   67.511    0.926000  9.986483e-03  2.549053e+01 
   67.511    1.029000  1.411925e-02  3.032158e+01 
   67.511    1.132000  2.048575e-02  3.550793e+01 
   67.511    1.235000  3.014598e-02  4.091634e+01 
   67.511    1.337000  4.549496e-02  4.672951e+01 
   67.511    1.440000  7.170763e-02  5.325441e+01 
   67.511    1.543000  1.173972e-01  6.048872e+01 
   67.511    1.646000  1.989159e-01  6.847471e+01 
   67.511    1.749000  3.490448e-01  7.731660e+01 
   67.511    1.852000  4.007922e-01  7.916413e+01 
   67.511    1.955000  4.707003e-01  8.140993e+01 
   67.511    2.058000  3.034287e+00  1.069776e+02 
   67.511    2.161000  2.389817e+01  1.428674e+02 
   67.511    2.263000  2.199743e+02  1.915329e+02 
   67.511    2.366000  2.455620e+02  1.937424e+02 
   67.511    2.469000  2.690274e+02  1.956280e+02 
   67.511    2.572000  2.897668e+02  1.971814e+02 
   67.511    2.675000  3.163676e+02  1.990845e+02 
   67.511    2.778000  3.252785e+02  1.996098e+02 
   67.511    2.881000  3.271975e+02  1.996752e+02 
   67.511    2.984000  3.286818e+02  1.997029e+02 
   67.511    3.087000  3.301502e+02  1.997484e+02 
   67.511    3.189000  3.315917e+02  1.998079e+02 
   67.511    3.292000  3.330365e+02  1.998802e+02 
   67.511    3.395000  3.344730e+02  1.999628e+02 
   67.511    3.498000  3.359023e+02  2.000545e+02 
   67.511    3.601000  3.373253e+02  2.001540e+02 
   67.511    3.704000  3.387448e+02  2.002603e+02 
   67.511    3.807000  3.401596e+02  2.003728e+02 
   67.511    3.910000  3.415688e+02  2.004909e+02 
   67.511    4.013000  3.429706e+02  2.006142e+02 
   67.511    4.115000  3.443506e+02  2.007409e+02 
   67.511    4.218000  3.457354e+02  2.008730e+02 
   67.511    4.321000  3.471095e+02  2.010088e+02 
   67.511    4.424000  3.484721e+02  2.011481e+02 
   67.511    4.527000  3.498214e+02  2.012903e+02 
   67.511    4.630000  3.511565e+02  2.014352e+02 
   67.511    4.733000  3.524786e+02  2.015822e+02 
   67.511    4.836000  3.537852e+02  2.017311e+02 
   67.511    4.939000  3.550768e+02  2.018816e+02 
   67.511    5.041000  3.563420e+02  2.020319e+02 
   67.511    5.144000  3.576035e+02  2.021849e+02 
   67.511    5.247000  3.588492e+02  2.023388e+02 
   67.511    5.350000  3.600787e+02  2.024936e+02 
   67.511    5.453000  3.612909e+02  2.026490e+02 
   67.511    5.556000  3.624857e+02  2.028049e+02 
   67.511    5.659000  3.636623e+02  2.029613e+02 
   67.511    5.762000  3.648189e+02  2.031180e+02 
   67.511    5.865000  3.659541e+02  2.032749e+02 
   67.511    5.967000  3.670556e+02  2.034304e+02 
   67.511    6.070000  3.685132e+02  2.036426e+02 
   67.511    6.173000  3.700929e+02  2.038753e+02 
   67.511    6.276000  3.718475e+02  2.041354e+02 
   67.511    6.379000  3.741688e+02  2.043888e+02 
   67.511    6.482000  3.766108e+02  2.046505e+02 
   67.511    6.585000  3.791079e+02  2.049156e+02 
   67.511    6.688000  3.816716e+02  2.051847e+02 
   67.511    6.791000  3.858102e+02  2.055710e+02 
   67.511    6.894000  3.887090e+02  2.058607e+02 
   67.511    6.996000  3.921044e+02  2.061835e+02 
   67.511    7.099000  3.950868e+02  2.064737e+02 
   67.511    7.202000  3.979775e+02  2.067575e+02 
   67.511    7.305000  4.006629e+02  2.070292e+02 
   67.511    7.408000  4.032927e+02  2.072994e+02 
   67.511    7.511000  4.061452e+02  2.075876e+02 
   67.511    7.614000  4.086852e+02  2.078545e+02 
   67.511    7.717000  4.118858e+02  2.081674e+02 
   67.511    7.820000  4.146017e+02  2.084427e+02 
   67.511    7.922000  4.181196e+02  2.087690e+02 
   67.511    8.025000  4.209514e+02  2.090452e+02 
   67.511    8.128000  4.238290e+02  2.093207e+02 
   67.511    8.231000  4.264283e+02  2.095741e+02 
   67.511    8.334000  4.289619e+02  2.098207e+02 
   67.511    8.437000  4.325730e+02  2.101348e+02 
   67.511    8.540000  4.357943e+02  2.104206e+02 
   67.511    8.643000  4.389504e+02  2.106998e+02 
   67.511    8.746000  4.419306e+02  2.109655e+02 
   67.511    8.848000  4.433152e+02  2.111797e+02 
   67.511    8.951000  4.446625e+02  2.113881e+02 
   67.511    9.054000  4.461039e+02  2.116052e+02 
   67.511    9.157000  4.477008e+02  2.118375e+02 
   67.511    9.260000  4.494473e+02  2.120835e+02 
   67.511    9.363000  4.513088e+02  2.123384e+02 
   67.511    9.466000  4.517912e+02  2.124326e+02 
   67.511    9.569000  4.522731e+02  2.125246e+02 
   67.511    9.672000  4.527547e+02  2.126147e+02 
   67.511    9.774000  4.532280e+02  2.127020e+02 
   67.511    9.877000  4.536981e+02  2.127881e+02 
   67.511    9.980000  4.541595e+02  2.128724e+02 
   67.511   10.083000  4.546120e+02  2.129549e+02 
   67.511   10.186000  4.550868e+02  2.130350e+02 
   67.511   10.289000  4.555499e+02  2.131137e+02 
   67.511   10.392000  4.560037e+02  2.131908e+02 
   67.511   10.495000  4.564515e+02  2.132666e+02 
   67.511   10.598000  4.568937e+02  2.133411e+02 
   67.511   10.700000  4.573258e+02  2.134136e+02 
   67.511   10.803000  4.577561e+02  2.134857e+02 
   67.511   10.906000  4.581802e+02  2.135568e+02 
   67.511   11.009000  4.585983e+02  2.136268e+02 
   67.511   11.112000  4.590105e+02  2.136958e+02 
   67.511   11.215000  4.594170e+02  2.137640e+02 
   67.511   11.318000  4.598179e+02  2.138313e+02 
   67.511   11.421000  4.602138e+02  2.138977e+02 
   67.511   11.524000  4.606047e+02  2.139634e+02 
   67.511   11.626000  4.609867e+02  2.140276e+02 
   67.511   11.729000  4.613672e+02  2.140916e+02 
   67.511   11.832000  4.617423e+02  2.141547e+02 
   67.511   11.935000  4.621121e+02  2.142170e+02 
   67.511   12.038000  4.624768e+02  2.142785e+02 
   67.511   12.141000  4.628365e+02  2.143391e+02 
   67.511   12.244000  4.631912e+02  2.143989e+02 
   67.511   12.347000  4.635411e+02  2.144578e+02 
   67.511   12.450000  4.638863e+02  2.145158e+02 
   67.511   12.553000  4.642268e+02  2.145730e+02 
   67.511   12.655000  4.645596e+02  2.146288e+02 
   67.511   12.758000  4.648913e+02  2.146841e+02 
   67.511   12.861000  4.652190e+02  2.147386e+02 
   67.511   12.964000  4.655428e+02  2.147921e+02 
   67.511   13.067000  4.658628e+02  2.148446e+02 
   67.511   13.170000  4.661790e+02  2.148961e+02 
   67.511   13.273000  4.664914e+02  2.149467e+02 
   67.511   13.376000  4.668004e+02  2.149963e+02 
   67.511   13.479000  4.671058e+02  2.150449e+02 
   67.511   13.581000  4.674048e+02  2.150921e+02 
   67.511   13.684000  4.677033e+02  2.151387e+02 
   67.511   13.787000  4.679985e+02  2.151843e+02 
   67.511   13.890000  4.682903e+02  2.152290e+02 
   67.511   13.993000  4.685790e+02  2.152726e+02 
   67.511   14.096000  4.688645e+02  2.153153e+02 
   67.511   14.199000  4.691468e+02  2.153570e+02 
   67.511   14.302000  4.694260e+02  2.153977e+02 
   67.511   14.405000  4.697021e+02  2.154375e+02 
   67.511   14.507000  4.699724e+02  2.154760e+02 
   67.511   14.610000  4.702421e+02  2.155140e+02 
   67.511   14.713000  4.705087e+02  2.155513e+02 
   67.511   14.816000  4.707720e+02  2.155878e+02 
   67.511   14.919000  4.710322e+02  2.156237e+02 
   67.511   15.022000  4.712891e+02  2.156588e+02 
   67.511   15.125000  4.715429e+02  2.156933e+02 
   67.511   15.228000  4.717935e+02  2.157272e+02 
   67.511   15.331000  4.720410e+02  2.157604e+02 
   67.511   15.433000  4.722831e+02  2.157927e+02 
   67.511   15.536000  4.725245e+02  2.158246e+02 
   67.511   15.639000  4.727629e+02  2.158559e+02 
   67.511   15.742000  4.729984e+02  2.158866e+02 
   67.511   15.845000  4.732310e+02  2.159167e+02 
   67.511   15.948000  4.734610e+02  2.159461e+02 
   67.511   16.051001  4.736883e+02  2.159749e+02 
   67.511   16.153999  4.739133e+02  2.160031e+02 
   67.511   16.257000  4.741358e+02  2.160307e+02 
   67.511   16.358999  4.743538e+02  2.160575e+02 
   67.511   16.462000  4.745717e+02  2.160839e+02 
   67.511   16.565001  4.747874e+02  2.161096e+02 
   67.511   16.667999  4.750009e+02  2.161348e+02 
   67.511   16.771000  4.752124e+02  2.161592e+02 
   67.511   16.874001  4.754221e+02  2.161830e+02 
   67.511   16.976999  4.756298e+02  2.162060e+02 
   67.511   17.080000  4.758359e+02  2.162283e+02 
   67.511   17.183001  4.760406e+02  2.162496e+02 
   67.511   17.285999  4.762440e+02  2.162700e+02 
   67.511   17.388000  4.764440e+02  2.162894e+02 
   67.511   17.490999  4.766448e+02  2.163080e+02 
   67.511   17.594000  4.768445e+02  2.163256e+02 
   67.511   17.697001  4.770431e+02  2.163423e+02 
   67.511   17.799999  4.772402e+02  2.163583e+02 
   67.511   17.903000  4.774359e+02  2.163735e+02 
   67.511   18.006001  4.776301e+02  2.163880e+02 
   67.511   18.108999  4.778227e+02  2.164018e+02 
   67.511   18.212000  4.780136e+02  2.164151e+02 
   67.511   18.313999  4.782010e+02  2.164277e+02 
   67.511   18.417000  4.783886e+02  2.164398e+02 
   67.511   18.520000  4.785745e+02  2.164514e+02 
   67.511   18.622999  4.787590e+02  2.164624e+02 
   67.511   18.726000  4.789419e+02  2.164728e+02 
   67.511   18.829000  4.791234e+02  2.164827e+02 
   67.511   18.931999  4.793034e+02  2.164920e+02 
   67.511   19.035000  4.794820e+02  2.165007e+02 
   67.511   19.138000  4.796593e+02  2.165090e+02 
   67.511   19.240000  4.798336e+02  2.165166e+02 
   67.511   19.343000  4.800082e+02  2.165237e+02 
   67.511   19.445999  4.801815e+02  2.165304e+02 
   67.511   19.549000  4.803535e+02  2.165367e+02 
   67.511   19.652000  4.805241e+02  2.165424e+02 
   67.511   19.754999  4.806935e+02  2.165477e+02 
   67.511   19.858000  4.808616e+02  2.165526e+02 
   67.511   19.961000  4.810284e+02  2.165569e+02 
   67.511   20.063999  4.811944e+02  2.165607e+02 
   67.511   20.363001  4.816710e+02  2.165685e+02 
   67.511   20.858999  4.824389e+02  2.165736e+02 
   67.511   21.354000  4.831773e+02  2.165698e+02 
   67.511   21.850000  4.838892e+02  2.165585e+02 
   67.511   22.346001  4.845668e+02  2.165435e+02 
   67.511   22.842001  4.852043e+02  2.165290e+02 
   67.511   23.337000  4.857978e+02  2.165167e+02 
   67.511   23.833000  4.863527e+02  2.165061e+02 
   67.511   24.329000  4.868740e+02  2.164952e+02 
   67.511   24.825001  4.873646e+02  2.164835e+02 
   67.511   25.320000  4.878227e+02  2.164721e+02 
   67.511   25.816000  4.882509e+02  2.164614e+02 
   67.511   26.312000  4.886508e+02  2.164512e+02 
   67.511   26.808001  4.890252e+02  2.164408e+02 
   67.511   27.302999  4.893748e+02  2.164305e+02 
   67.511   27.799000  4.897017e+02  2.164202e+02 
   67.511   28.295000  4.900070e+02  2.164100e+02 
   67.511   28.791000  4.902938e+02  2.163995e+02 
   67.511   29.285999  4.905641e+02  2.163885e+02 
   67.511   29.782000  4.908214e+02  2.163766e+02 
   67.511   30.278000  4.910667e+02  2.163640e+02 
   67.511   30.774000  4.913018e+02  2.163507e+02 
   67.511   31.268999  4.915278e+02  2.163369e+02 
   67.511   31.764999  4.917473e+02  2.163226e+02 
   67.511   32.261002  4.919621e+02  2.163079e+02 
   67.511   32.757000  4.921739e+02  2.162930e+02 
   67.511   33.251999  4.923839e+02  2.162781e+02 
   67.511   33.748001  4.925944e+02  2.162635e+02 
   67.511   34.243999  4.928065e+02  2.162496e+02 
   67.511   34.740002  4.930216e+02  2.162363e+02 
   67.511   35.235001  4.932406e+02  2.162238e+02 
   67.511   35.730999  4.934653e+02  2.162120e+02 
   67.511   36.227001  4.936959e+02  2.162010e+02 
   67.511   36.723000  4.939323e+02  2.161907e+02 
   67.511   37.217999  4.941736e+02  2.161811e+02 
   67.511   37.714001  4.944195e+02  2.161722e+02 
   67.511   38.209999  4.946682e+02  2.161639e+02 
   67.511   38.706001  4.949177e+02  2.161562e+02 
   67.511   39.201000  4.951658e+02  2.161493e+02 
   67.511   39.696999  4.954110e+02  2.161431e+02 
   67.511   40.196999  4.956499e+02  2.161387e+02 
   67.511   45.196999  4.975240e+02  2.161279e+02 
   67.511   50.196999  4.982331e+02  2.161343e+02 
   67.511   55.196999  4.984830e+02  2.161417e+02 
   67.511   60.196999  4.992416e+02  2.161472e+02 
   67.511   65.196999  5.004784e+02  2.161509e+02 
