   67.638    0.000000  0.000000e+00  2.616632e+00 
   67.638    0.102000  0.000000e+00  2.661859e+00 
   67.638    0.205000  0.000000e+00  2.707807e+00 
   67.638    0.308000  0.000000e+00  2.753680e+00 
   67.638    0.411000  0.000000e+00  2.799333e+00 
   67.638    0.514000  0.000000e+00  6.714114e+00 
   67.638    0.617000  0.000000e+00  1.216231e+01 
   67.638    0.720000  0.000000e+00  1.884108e+01 
   67.638    0.823000  0.000000e+00  2.659170e+01 
   67.638    0.926000  8.648814e-42  3.543974e+01 
   67.638    1.028000  2.298221e-39  4.516729e+01 
   67.638    1.131000  1.154582e-36  5.601631e+01 
   67.638    1.234000  1.013211e-33  6.780849e+01 
   67.638    1.337000  1.547242e-30  8.058114e+01 
   67.638    1.440000  4.035548e-27  9.434546e+01 
   67.638    1.543000  1.739551e-23  1.090867e+02 
   67.638    1.646000  1.238097e-19  1.248557e+02 
   67.638    1.749000  2.823537e-17  1.372170e+02 
   67.638    1.852000  6.118113e-14  1.555508e+02 
   67.638    1.954000  1.809965e-11  1.696129e+02 
   67.638    2.057000  1.318333e-09  1.806242e+02 
   67.638    2.160000  1.692503e-07  1.920721e+02 
   67.638    2.263000  6.205797e-06  2.012487e+02 
   67.638    2.366000  9.306959e-05  2.089083e+02 
   67.638    2.469000  7.703761e-04  2.156897e+02 
   67.638    2.572000  4.344023e-03  2.220802e+02 
   67.638    2.675000  1.957519e-02  2.285676e+02 
   67.638    2.778000  7.785572e-02  2.356061e+02 
   67.638    2.880000  2.887362e-01  2.437004e+02 
   67.638    2.983000  1.038089e+00  2.535162e+02 
   67.638    3.086000  3.571333e+00  2.655461e+02 
   67.638    3.189000  1.159625e+01  2.801443e+02 
   67.638    3.292000  3.483408e+01  2.966399e+02 
   67.638    3.395000  3.498317e+01  2.964319e+02 
   67.638    3.498000  3.513126e+01  2.962616e+02 
   67.638    3.601000  3.527843e+01  2.961197e+02 
   67.638    3.704000  3.542494e+01  2.960005e+02 
   67.638    3.806000  3.556927e+01  2.959016e+02 
   67.638    3.909000  3.571425e+01  2.958186e+02 
   67.638    4.012000  3.585838e+01  2.957506e+02 
   67.638    4.115000  3.600166e+01  2.956958e+02 
   67.638    4.218000  3.614413e+01  2.956526e+02 
   67.638    4.321000  3.628564e+01  2.956201e+02 
   67.638    4.424000  3.642626e+01  2.955969e+02 
   67.638    4.527000  3.669925e+01  2.956396e+02 
   67.638    4.630000  3.698528e+01  2.956957e+02 
   67.638    4.732000  3.740477e+01  2.958169e+02 
   67.638    4.835000  3.787511e+01  2.959654e+02 
   67.638    4.938000  3.854924e+01  2.962061e+02 
   67.638    5.041000  3.951067e+01  2.965706e+02 
   67.638    5.144000  4.172078e+01  2.974442e+02 
   67.638    5.247000  4.524410e+01  2.987878e+02 
   67.638    5.350000  5.059033e+01  3.006934e+02 
   67.638    5.453000  5.813128e+01  3.031359e+02 
   67.638    5.556000  6.788445e+01  3.059471e+02 
   67.638    5.658000  8.003227e+01  3.090241e+02 
   67.638    5.761000  9.384710e+01  3.120876e+02 
   67.638    5.864000  1.122236e+02  3.156323e+02 
   67.638    5.967000  1.348575e+02  3.193773e+02 
   67.638    6.070000  1.632482e+02  3.233676e+02 
   67.638    6.173000  1.980457e+02  3.274762e+02 
   67.638    6.276000  2.358846e+02  3.312316e+02 
   67.638    6.379000  2.716018e+02  3.342689e+02 
   67.638    6.482000  3.086818e+02  3.370184e+02 
   67.638    6.585000  3.423816e+02  3.392267e+02 
   67.638    6.687000  3.703358e+02  3.408768e+02 
   67.638    6.790000  3.911034e+02  3.419987e+02 
   67.638    6.893000  3.921497e+02  3.420305e+02 
   67.638    6.996000  3.931992e+02  3.420682e+02 
   67.638    7.099000  3.942440e+02  3.421107e+02 
   67.638    7.202000  3.952488e+02  3.421588e+02 
   67.638    7.305000  3.961777e+02  3.422123e+02 
   67.638    7.408000  3.970290e+02  3.422696e+02 
   67.638    7.511000  3.978099e+02  3.423296e+02 
   67.638    7.613000  3.985123e+02  3.423909e+02 
   67.638    7.716000  4.037307e+02  3.426872e+02 
   67.638    7.819000  4.092602e+02  3.429921e+02 
   67.638    7.922000  4.134957e+02  3.432283e+02 
   67.638    8.025000  4.188065e+02  3.435099e+02 
   67.638    8.127999  4.240714e+02  3.437820e+02 
   67.638    8.231000  4.291674e+02  3.440394e+02 
   67.638    8.334000  4.340262e+02  3.442803e+02 
   67.638    8.436999  4.392994e+02  3.445330e+02 
   67.638    8.539000  4.447072e+02  3.447844e+02 
   67.638    8.641999  4.452492e+02  3.448363e+02 
   67.638    8.745000  4.457705e+02  3.448878e+02 
   67.638    8.848000  4.462751e+02  3.449384e+02 
   67.638    8.950999  4.467709e+02  3.449877e+02 
   67.638    9.054000  4.472617e+02  3.450355e+02 
   67.638    9.157000  4.477486e+02  3.450817e+02 
   67.638    9.259999  4.482337e+02  3.451262e+02 
   67.638    9.363000  4.487178e+02  3.451691e+02 
   67.638    9.464999  4.491961e+02  3.452099e+02 
   67.638    9.568000  4.496782e+02  3.452495e+02 
   67.638    9.671000  4.501594e+02  3.452876e+02 
   67.638    9.773999  4.506366e+02  3.453242e+02 
   67.638    9.877000  4.511057e+02  3.453594e+02 
   67.638    9.980000  4.515659e+02  3.453933e+02 
   67.638   10.082999  4.520170e+02  3.454260e+02 
   67.638   10.186000  4.524903e+02  3.454565e+02 
   67.638   10.289000  4.529523e+02  3.454862e+02 
   67.638   10.391000  4.534009e+02  3.455148e+02 
   67.638   10.493999  4.538479e+02  3.455429e+02 
   67.638   10.596999  4.542893e+02  3.455703e+02 
   67.638   10.700000  4.547249e+02  3.455971e+02 
   67.638   10.802999  4.551545e+02  3.456234e+02 
   67.638   10.905999  4.555780e+02  3.456493e+02 
   67.638   11.009000  4.559955e+02  3.456748e+02 
   67.638   11.112000  4.564074e+02  3.457001e+02 
   67.638   11.214999  4.568140e+02  3.457251e+02 
   67.638   11.316999  4.572112e+02  3.457497e+02 
   67.638   11.420000  4.576070e+02  3.457743e+02 
   67.638   11.523000  4.579976e+02  3.457987e+02 
   67.638   11.625999  4.583829e+02  3.458230e+02 
   67.638   11.729000  4.587629e+02  3.458471e+02 
   67.638   11.832000  4.591375e+02  3.458710e+02 
   67.638   11.934999  4.595069e+02  3.458946e+02 
   67.638   12.037999  4.598711e+02  3.459179e+02 
   67.638   12.141000  4.602303e+02  3.459410e+02 
   67.638   12.243999  4.605845e+02  3.459638e+02 
   67.638   12.346000  4.609305e+02  3.459860e+02 
   67.638   12.448999  4.612752e+02  3.460081e+02 
   67.638   12.552000  4.616153e+02  3.460298e+02 
   67.638   12.655000  4.619509e+02  3.460511e+02 
   67.638   12.757999  4.622821e+02  3.460719e+02 
   67.638   12.861000  4.626094e+02  3.460923e+02 
   67.638   12.964000  4.629329e+02  3.461122e+02 
   67.638   13.066999  4.632526e+02  3.461315e+02 
   67.638   13.170000  4.635685e+02  3.461503e+02 
   67.638   13.271999  4.638777e+02  3.461684e+02 
   67.638   13.375000  4.641864e+02  3.461860e+02 
   67.638   13.478000  4.644916e+02  3.462030e+02 
   67.638   13.580999  4.647932e+02  3.462195e+02 
   67.638   13.684000  4.650914e+02  3.462352e+02 
   67.638   13.787000  4.653864e+02  3.462503e+02 
   67.638   13.889999  4.656779e+02  3.462647e+02 
   67.638   13.993000  4.659663e+02  3.462784e+02 
   67.638   14.096000  4.662516e+02  3.462914e+02 
   67.638   14.198000  4.665310e+02  3.463035e+02 
   67.638   14.301000  4.668100e+02  3.463152e+02 
   67.638   14.403999  4.670859e+02  3.463261e+02 
   67.638   14.507000  4.673587e+02  3.463365e+02 
   67.638   14.610000  4.676283e+02  3.463464e+02 
   67.638   14.712999  4.678946e+02  3.463558e+02 
   67.638   14.816000  4.681577e+02  3.463649e+02 
   67.638   14.919000  4.684175e+02  3.463736e+02 
   67.638   15.021999  4.686742e+02  3.463820e+02 
   67.638   15.124000  4.689252e+02  3.463900e+02 
   67.638   15.226999  4.691755e+02  3.463977e+02 
   67.638   15.330000  4.694226e+02  3.464052e+02 
   67.638   15.433000  4.696668e+02  3.464123e+02 
   67.638   15.535999  4.699079e+02  3.464191e+02 
   67.638   15.639000  4.701461e+02  3.464256e+02 
   67.638   15.742000  4.703813e+02  3.464317e+02 
   67.638   15.844999  4.706136e+02  3.464376e+02 
   67.638   15.947999  4.708433e+02  3.464431e+02 
   67.638   16.050001  4.710682e+02  3.464483e+02 
   67.638   16.153000  4.712928e+02  3.464532e+02 
   67.638   16.256001  4.715151e+02  3.464578e+02 
   67.638   16.359001  4.717349e+02  3.464620e+02 
   67.638   16.462000  4.719526e+02  3.464659e+02 
   67.638   16.565001  4.721680e+02  3.464693e+02 
   67.638   16.668001  4.723813e+02  3.464724e+02 
   67.638   16.771000  4.725925e+02  3.464750e+02 
   67.638   16.874001  4.728019e+02  3.464770e+02 
   67.638   16.977001  4.730095e+02  3.464785e+02 
   67.638   17.079000  4.732134e+02  3.464793e+02 
   67.638   17.182001  4.734180e+02  3.464792e+02 
   67.638   17.285000  4.736212e+02  3.464783e+02 
   67.638   17.388000  4.738232e+02  3.464766e+02 
   67.638   17.491001  4.740240e+02  3.464740e+02 
   67.638   17.594000  4.742236e+02  3.464705e+02 
   67.638   17.697001  4.744221e+02  3.464661e+02 
   67.638   17.800001  4.746192e+02  3.464611e+02 
   67.638   17.903000  4.748147e+02  3.464554e+02 
   67.638   18.005001  4.750069e+02  3.464493e+02 
   67.638   18.108000  4.751993e+02  3.464427e+02 
   67.638   18.211000  4.753901e+02  3.464355e+02 
   67.638   18.314001  4.755792e+02  3.464280e+02 
   67.638   18.417000  4.757667e+02  3.464201e+02 
   67.638   18.520000  4.759525e+02  3.464118e+02 
   67.638   18.623001  4.761368e+02  3.464031e+02 
   67.638   18.726000  4.763197e+02  3.463939e+02 
   67.638   18.829000  4.765011e+02  3.463843e+02 
   67.638   18.931000  4.766792e+02  3.463743e+02 
   67.638   19.034000  4.768577e+02  3.463639e+02 
   67.638   19.137001  4.770349e+02  3.463530e+02 
   67.638   19.240000  4.772107e+02  3.463417e+02 
   67.638   19.343000  4.773852e+02  3.463301e+02 
   67.638   19.446001  4.775584e+02  3.463181e+02 
   67.638   19.549000  4.777303e+02  3.463058e+02 
   67.638   19.652000  4.779009e+02  3.462931e+02 
   67.638   19.755001  4.780702e+02  3.462801e+02 
   67.638   19.857000  4.782366e+02  3.462668e+02 
   67.638   19.960001  4.784034e+02  3.462531e+02 
   67.638   20.063000  4.785693e+02  3.462388e+02 
   67.638   20.363001  4.790474e+02  3.461944e+02 
   67.638   20.858000  4.798134e+02  3.461155e+02 
   67.638   21.354000  4.805529e+02  3.460304e+02 
   67.638   21.850000  4.812639e+02  3.459407e+02 
   67.638   22.346001  4.819399e+02  3.458517e+02 
   67.638   22.841002  4.825740e+02  3.457684e+02 
   67.638   23.337000  4.831664e+02  3.456924e+02 
   67.638   23.833000  4.837198e+02  3.456225e+02 
   67.638   24.329000  4.842400e+02  3.455558e+02 
   67.638   24.824001  4.847288e+02  3.454919e+02 
   67.638   25.320000  4.851868e+02  3.454315e+02 
   67.638   25.816000  4.856140e+02  3.453755e+02 
   67.638   26.312000  4.860132e+02  3.453229e+02 
   67.638   26.807001  4.863863e+02  3.452729e+02 
   67.638   27.303001  4.867358e+02  3.452256e+02 
   67.638   27.799000  4.870620e+02  3.451809e+02 
   67.638   28.295000  4.873670e+02  3.451384e+02 
   67.638   28.790001  4.876531e+02  3.450976e+02 
   67.638   29.286001  4.879239e+02  3.450578e+02 
   67.638   29.782001  4.881811e+02  3.450187e+02 
   67.638   30.278000  4.884261e+02  3.449803e+02 
   67.638   30.773001  4.886604e+02  3.449425e+02 
   67.638   31.269001  4.888864e+02  3.449053e+02 
   67.638   31.765001  4.891055e+02  3.448687e+02 
   67.638   32.261002  4.893198e+02  3.448326e+02 
   67.638   32.756001  4.895307e+02  3.447975e+02 
   67.638   33.251999  4.897403e+02  3.447634e+02 
   67.638   33.748001  4.899499e+02  3.447308e+02 
   67.638   34.243999  4.901608e+02  3.446999e+02 
   67.638   34.739002  4.903743e+02  3.446708e+02 
   67.638   35.235001  4.905924e+02  3.446435e+02 
   67.638   35.730999  4.908157e+02  3.446179e+02 
   67.638   36.227001  4.910449e+02  3.445940e+02 
   67.638   36.722000  4.912794e+02  3.445718e+02 
   67.638   37.218002  4.915197e+02  3.445509e+02 
   67.638   37.714001  4.917643e+02  3.445315e+02 
   67.638   38.209999  4.920117e+02  3.445135e+02 
   67.638   38.705002  4.922596e+02  3.444968e+02 
   67.638   39.201000  4.925071e+02  3.444815e+02 
   67.638   39.697002  4.927514e+02  3.444676e+02 
   67.638   40.197002  4.929895e+02  3.444564e+02 
   67.638   45.197002  4.948600e+02  3.444064e+02 
   67.638   50.197002  4.955686e+02  3.443970e+02 
   67.638   55.197002  4.958176e+02  3.443975e+02 
   67.638   60.197002  4.965695e+02  3.443997e+02 
   67.638   65.196999  4.978037e+02  3.444017e+02 
