    0.000    0.000000  0.000000e+00  3.521324e+02 
    0.000    0.103000  0.000000e+00  3.513935e+02 
    0.000    0.206000  0.000000e+00  3.500406e+02 
    0.000    0.308000  0.000000e+00  3.484874e+02 
    0.000    0.411000  0.000000e+00  3.469143e+02 
    0.000    0.514000  0.000000e+00  3.452863e+02 
    0.000    0.617000  0.000000e+00  3.436346e+02 
    0.000    0.720000  0.000000e+00  3.411374e+02 
    0.000    0.823000  0.000000e+00  3.379636e+02 
    0.000    0.926000  0.000000e+00  3.343276e+02 
    0.000    1.029000  0.000000e+00  3.304519e+02 
    0.000    1.132000  0.000000e+00  3.265074e+02 
    0.000    1.235000  0.000000e+00  3.227200e+02 
    0.000    1.337000  0.000000e+00  3.192672e+02 
    0.000    1.440000  0.000000e+00  3.160999e+02 
    0.000    1.543000  0.000000e+00  3.132015e+02 
    0.000    1.646000  0.000000e+00  3.104155e+02 
    0.000    1.749000  0.000000e+00  3.077005e+02 
    0.000    1.852000  0.000000e+00  3.067915e+02 
    0.000    1.955000  0.000000e+00  3.013143e+02 
    0.000    2.058000  0.000000e+00  2.988029e+02 
    0.000    2.161000  0.000000e+00  2.962607e+02 
    0.000    2.263000  0.000000e+00  2.922658e+02 
    0.000    2.366000  0.000000e+00  2.916479e+02 
    0.000    2.469000  0.000000e+00  2.908113e+02 
    0.000    2.572000  0.000000e+00  2.898523e+02 
    0.000    2.675000  0.000000e+00  2.887947e+02 
    0.000    2.778000  0.000000e+00  2.876534e+02 
    0.000    2.881000  0.000000e+00  2.864747e+02 
    0.000    2.984000  0.000000e+00  2.852884e+02 
    0.000    3.087000  0.000000e+00  2.840996e+02 
    0.000    3.189000  0.000000e+00  2.822848e+02 
    0.000    3.292000  0.000000e+00  2.803532e+02 
    0.000    3.395000  0.000000e+00  2.792235e+02 
    0.000    3.498000  0.000000e+00  2.780781e+02 
    0.000    3.601000  0.000000e+00  2.769114e+02 
    0.000    3.704000  0.000000e+00  2.757202e+02 
    0.000    3.807000  0.000000e+00  2.745211e+02 
    0.000    3.910000  0.000000e+00  2.733159e+02 
    0.000    4.013000  0.000000e+00  2.721124e+02 
    0.000    4.115000  0.000000e+00  2.709175e+02 
    0.000    4.218000  0.000000e+00  2.697154e+02 
    0.000    4.321000  0.000000e+00  2.685250e+02 
    0.000    4.424000  0.000000e+00  2.673358e+02 
    0.000    4.527000  0.000000e+00  2.661537e+02 
    0.000    4.630000  0.000000e+00  2.649862e+02 
    0.000    4.733000  0.000000e+00  2.638396e+02 
    0.000    4.836000  0.000000e+00  2.627126e+02 
    0.000    4.939000  0.000000e+00  2.615868e+02 
    0.000    5.041000  0.000000e+00  2.604637e+02 
    0.000    5.144000  0.000000e+00  2.593396e+02 
    0.000    5.247000  0.000000e+00  2.582235e+02 
    0.000    5.350000  0.000000e+00  2.571185e+02 
    0.000    5.453000  0.000000e+00  2.560292e+02 
    0.000    5.556000  0.000000e+00  2.549561e+02 
    0.000    5.659000  0.000000e+00  2.539008e+02 
    0.000    5.762000  0.000000e+00  2.528639e+02 
    0.000    5.865000  0.000000e+00  2.518447e+02 
    0.000    5.967000  0.000000e+00  2.508378e+02 
    0.000    6.070000  0.000000e+00  2.496260e+02 
    0.000    6.173000  0.000000e+00  2.482384e+02 
    0.000    6.276000  0.000000e+00  2.465896e+02 
    0.000    6.379000  0.000000e+00  2.446373e+02 
    0.000    6.482000  0.000000e+00  2.425518e+02 
    0.000    6.585000  0.000000e+00  2.405309e+02 
    0.000    6.688000  0.000000e+00  2.388141e+02 
    0.000    6.791000  0.000000e+00  2.373249e+02 
    0.000    6.893000  0.000000e+00  2.359734e+02 
    0.000    6.996000  0.000000e+00  2.350464e+02 
    0.000    7.099000  0.000000e+00  2.342215e+02 
    0.000    7.202000  0.000000e+00  2.335468e+02 
    0.000    7.305000  0.000000e+00  2.329942e+02 
    0.000    7.408000  0.000000e+00  2.325185e+02 
    0.000    7.511000  0.000000e+00  2.321399e+02 
    0.000    7.614000  0.000000e+00  2.319202e+02 
    0.000    7.717000  0.000000e+00  2.317589e+02 
    0.000    7.820000  0.000000e+00  2.316148e+02 
    0.000    7.922000  0.000000e+00  2.314896e+02 
    0.000    8.025001  0.000000e+00  2.313776e+02 
    0.000    8.128000  0.000000e+00  2.312737e+02 
    0.000    8.231001  0.000000e+00  2.311736e+02 
    0.000    8.334001  0.000000e+00  2.310636e+02 
    0.000    8.437000  0.000000e+00  2.309367e+02 
    0.000    8.540000  0.000000e+00  2.307995e+02 
    0.000    8.643001  0.000000e+00  2.306342e+02 
    0.000    8.746000  0.000000e+00  2.304595e+02 
    0.000    8.848001  0.000000e+00  2.302830e+02 
    0.000    8.951000  0.000000e+00  2.300865e+02 
    0.000    9.054001  0.000000e+00  2.299744e+02 
    0.000    9.157001  0.000000e+00  2.298606e+02 
    0.000    9.260000  0.000000e+00  2.297532e+02 
    0.000    9.363001  0.000000e+00  2.296503e+02 
    0.000    9.466001  0.000000e+00  2.295522e+02 
    0.000    9.569000  0.000000e+00  2.294677e+02 
    0.000    9.672001  0.000000e+00  2.293932e+02 
    0.000    9.774000  0.000000e+00  2.293289e+02 
    0.000    9.877001  0.000000e+00  2.292809e+02 
    0.000    9.980000  0.000000e+00  2.292450e+02 
    0.000   10.083000  0.000000e+00  2.292143e+02 
    0.000   10.186001  0.000000e+00  2.291819e+02 
    0.000   10.289001  0.000000e+00  2.291494e+02 
    0.000   10.392000  0.000000e+00  2.291148e+02 
    0.000   10.495001  0.000000e+00  2.290723e+02 
    0.000   10.598001  0.000000e+00  2.290251e+02 
    0.000   10.700001  0.000000e+00  2.289763e+02 
    0.000   10.803000  0.000000e+00  2.289251e+02 
    0.000   10.906000  0.000000e+00  2.288730e+02 
    0.000   11.009001  0.000000e+00  2.288184e+02 
    0.000   11.112000  0.000000e+00  2.287561e+02 
    0.000   11.215000  0.000000e+00  2.286883e+02 
    0.000   11.318001  0.000000e+00  2.286174e+02 
    0.000   11.421000  0.000000e+00  2.285417e+02 
    0.000   11.524000  0.000000e+00  2.284629e+02 
    0.000   11.626000  0.000000e+00  2.283835e+02 
    0.000   11.729000  0.000000e+00  2.283067e+02 
    0.000   11.832001  0.000000e+00  2.282326e+02 
    0.000   11.935000  0.000000e+00  2.281600e+02 
    0.000   12.038000  0.000000e+00  2.280885e+02 
    0.000   12.141001  0.000000e+00  2.280182e+02 
    0.000   12.244000  0.000000e+00  2.279487e+02 
    0.000   12.347000  0.000000e+00  2.278786e+02 
    0.000   12.450001  0.000000e+00  2.278081e+02 
    0.000   12.553000  0.000000e+00  2.277375e+02 
    0.000   12.655001  0.000000e+00  2.276674e+02 
    0.000   12.758000  0.000000e+00  2.275966e+02 
    0.000   12.861000  0.000000e+00  2.275260e+02 
    0.000   12.964001  0.000000e+00  2.274565e+02 
    0.000   13.067000  0.000000e+00  2.273888e+02 
    0.000   13.170000  0.000000e+00  2.273223e+02 
    0.000   13.273001  0.000000e+00  2.272577e+02 
    0.000   13.376000  0.000000e+00  2.271959e+02 
    0.000   13.479000  0.000000e+00  2.271362e+02 
    0.000   13.581000  0.000000e+00  2.270788e+02 
    0.000   13.684000  0.000000e+00  2.270229e+02 
    0.000   13.787001  0.000000e+00  2.269689e+02 
    0.000   13.890000  0.000000e+00  2.269163e+02 
    0.000   13.993000  0.000000e+00  2.268672e+02 
    0.000   14.096001  0.000000e+00  2.268215e+02 
    0.000   14.199000  0.000000e+00  2.267781e+02 
    0.000   14.302000  0.000000e+00  2.267370e+02 
    0.000   14.405001  0.000000e+00  2.266983e+02 
    0.000   14.507000  0.000000e+00  2.266619e+02 
    0.000   14.610001  0.000000e+00  2.266260e+02 
    0.000   14.713000  0.000000e+00  2.265890e+02 
    0.000   14.816000  0.000000e+00  2.265514e+02 
    0.000   14.919001  0.000000e+00  2.265140e+02 
    0.000   15.022000  0.000000e+00  2.264760e+02 
    0.000   15.125000  0.000000e+00  2.264375e+02 
    0.000   15.228001  0.000000e+00  2.263991e+02 
    0.000   15.331000  0.000000e+00  2.263611e+02 
    0.000   15.433001  0.000000e+00  2.263241e+02 
    0.000   15.536000  0.000000e+00  2.262873e+02 
    0.000   15.639001  0.000000e+00  2.262501e+02 
    0.000   15.742001  0.000000e+00  2.262096e+02 
    0.000   15.845000  0.000000e+00  2.261666e+02 
    0.000   15.948001  0.000000e+00  2.261222e+02 
    0.000   16.050999  0.000000e+00  2.260757e+02 
    0.000   16.153999  0.000000e+00  2.260272e+02 
    0.000   16.257000  0.000000e+00  2.259775e+02 
    0.000   16.358999  0.000000e+00  2.259280e+02 
    0.000   16.462000  0.000000e+00  2.258789e+02 
    0.000   16.564999  0.000000e+00  2.258305e+02 
    0.000   16.667999  0.000000e+00  2.257824e+02 
    0.000   16.771000  0.000000e+00  2.257371e+02 
    0.000   16.873999  0.000000e+00  2.256942e+02 
    0.000   16.976999  0.000000e+00  2.256529e+02 
    0.000   17.080000  0.000000e+00  2.256136e+02 
    0.000   17.182999  0.000000e+00  2.255772e+02 
    0.000   17.285999  0.000000e+00  2.255428e+02 
    0.000   17.387999  0.000000e+00  2.255103e+02 
    0.000   17.490999  0.000000e+00  2.254782e+02 
    0.000   17.594000  0.000000e+00  2.254468e+02 
    0.000   17.696999  0.000000e+00  2.254160e+02 
    0.000   17.799999  0.000000e+00  2.253855e+02 
    0.000   17.903000  0.000000e+00  2.253547e+02 
    0.000   18.005999  0.000000e+00  2.253237e+02 
    0.000   18.108999  0.000000e+00  2.252929e+02 
    0.000   18.212000  0.000000e+00  2.252621e+02 
    0.000   18.313999  0.000000e+00  2.252316e+02 
    0.000   18.417000  0.000000e+00  2.252010e+02 
    0.000   18.519999  0.000000e+00  2.251705e+02 
    0.000   18.622999  0.000000e+00  2.251404e+02 
    0.000   18.726000  0.000000e+00  2.251106e+02 
    0.000   18.828999  0.000000e+00  2.250811e+02 
    0.000   18.931999  0.000000e+00  2.250516e+02 
    0.000   19.035000  0.000000e+00  2.250217e+02 
    0.000   19.137999  0.000000e+00  2.249916e+02 
    0.000   19.240000  0.000000e+00  2.249617e+02 
    0.000   19.343000  0.000000e+00  2.249314e+02 
    0.000   19.445999  0.000000e+00  2.249010e+02 
    0.000   19.549000  0.000000e+00  2.248707e+02 
    0.000   19.652000  0.000000e+00  2.248405e+02 
    0.000   19.754999  0.000000e+00  2.248113e+02 
    0.000   19.858000  0.000000e+00  2.247833e+02 
    0.000   19.960999  0.000000e+00  2.247560e+02 
    0.000   20.063999  0.000000e+00  2.247294e+02 
    0.000   20.362999  0.000000e+00  2.246575e+02 
    0.000   20.858999  0.000000e+00  2.245488e+02 
    0.000   21.354000  0.000000e+00  2.244496e+02 
    0.000   21.850000  0.000000e+00  2.243615e+02 
    0.000   22.345999  0.000000e+00  2.242722e+02 
    0.000   22.841999  0.000000e+00  2.241835e+02 
    0.000   23.337000  0.000000e+00  2.241088e+02 
    0.000   23.833000  0.000000e+00  2.240516e+02 
    0.000   24.328999  0.000000e+00  2.240092e+02 
    0.000   24.824999  0.000000e+00  2.239801e+02 
    0.000   25.320000  0.000000e+00  2.239673e+02 
    0.000   25.816000  0.000000e+00  2.239660e+02 
    0.000   26.312000  0.000000e+00  2.239760e+02 
    0.000   26.807999  0.000000e+00  2.239945e+02 
    0.000   27.302999  0.000000e+00  2.240149e+02 
    0.000   27.799000  0.000000e+00  2.240358e+02 
    0.000   28.295000  0.000000e+00  2.240598e+02 
    0.000   28.791000  0.000000e+00  2.240900e+02 
    0.000   29.285999  0.000000e+00  2.241314e+02 
    0.000   29.782000  0.000000e+00  2.241822e+02 
    0.000   30.278000  0.000000e+00  2.242387e+02 
    0.000   30.774000  0.000000e+00  2.242940e+02 
    0.000   31.268999  0.000000e+00  2.243469e+02 
    0.000   31.764999  0.000000e+00  2.243979e+02 
    0.000   32.260998  0.000000e+00  2.244506e+02 
    0.000   32.757000  0.000000e+00  2.245065e+02 
    0.000   33.251999  0.000000e+00  2.245675e+02 
    0.000   33.748001  0.000000e+00  2.246327e+02 
    0.000   34.243999  0.000000e+00  2.247003e+02 
    0.000   34.739998  0.000000e+00  2.247658e+02 
    0.000   35.235001  0.000000e+00  2.248278e+02 
    0.000   35.730999  0.000000e+00  2.248848e+02 
    0.000   36.227001  0.000000e+00  2.249376e+02 
    0.000   36.723000  0.000000e+00  2.249865e+02 
    0.000   37.217999  0.000000e+00  2.250319e+02 
    0.000   37.714001  0.000000e+00  2.250764e+02 
    0.000   38.209999  0.000000e+00  2.251200e+02 
    0.000   38.706001  0.000000e+00  2.251643e+02 
    0.000   39.201000  0.000000e+00  2.252092e+02 
    0.000   39.696999  0.000000e+00  2.252566e+02 
    0.000   40.196999  0.000000e+00  2.253078e+02 
    0.000   45.196999  0.000000e+00  2.257597e+02 
    0.000   50.196999  0.000000e+00  2.259818e+02 
    0.000   55.196999  0.000000e+00  2.259826e+02 
    0.000   60.196999  0.000000e+00  2.259137e+02 
    0.000   65.197006  0.000000e+00  2.258614e+02 
