   67.900    0.000000  1.142402e-35  3.557556e+00 
   67.900    0.103000  1.149371e-35  3.616581e+00 
   67.900    0.205000  1.156238e-35  3.675632e+00 
   67.900    0.308000  1.163171e-35  3.735367e+00 
   67.900    0.411000  1.170103e-35  3.794926e+00 
   67.900    0.514000  1.177033e-35  3.854170e+00 
   67.900    0.617000  1.394420e-35  4.603245e+00 
   67.900    0.720000  1.825183e-35  5.734639e+00 
   67.900    0.823000  2.548126e-35  7.075902e+00 
   67.900    0.926000  3.692787e-35  8.511469e+00 
   67.900    1.029000  5.549461e-35  1.003846e+01 
   67.900    1.131000  8.797631e-35  1.172532e+01 
   67.900    1.234000  1.477841e-34  1.358370e+01 
   67.900    1.337000  2.607370e-34  1.557810e+01 
   67.900    1.440000  4.804458e-34  1.768661e+01 
   67.900    1.543000  9.232030e-34  1.990215e+01 
   67.900    1.646000  1.843387e-33  2.220939e+01 
   67.900    1.749000  2.129798e-33  2.267091e+01 
   67.900    1.852000  1.890423e-29  4.435584e+01 
   67.900    1.955000  4.898354e-24  7.322216e+01 
   67.900    2.057000  1.146907e-17  1.073409e+02 
   67.900    2.160000  1.694789e-11  1.417733e+02 
   67.900    2.263000  1.433677e-06  1.722287e+02 
   67.900    2.366000  4.661977e-03  2.000330e+02 
   67.900    2.469000  1.291345e+00  2.329741e+02 
   67.900    2.572000  1.314153e+00  2.327950e+02 
   67.900    2.675000  1.337132e+00  2.326621e+02 
   67.900    2.778000  1.358926e+00  2.325582e+02 
   67.900    2.881000  1.374340e+00  2.324462e+02 
   67.900    2.983000  2.027677e+00  2.367980e+02 
   67.900    3.086000  3.769161e+00  2.442169e+02 
   67.900    3.189000  9.785677e+00  2.571281e+02 
   67.900    3.292000  3.989510e+01  2.805432e+02 
   67.900    3.395000  2.832528e+02  3.199644e+02 
   67.900    3.498000  2.855463e+02  3.197788e+02 
   67.900    3.601000  2.878184e+02  3.196503e+02 
   67.900    3.704000  2.900095e+02  3.195559e+02 
   67.900    3.807000  2.920159e+02  3.194776e+02 
   67.900    3.909000  2.939188e+02  3.194200e+02 
   67.900    4.012000  2.958309e+02  3.193856e+02 
   67.900    4.115000  2.977975e+02  3.193789e+02 
   67.900    4.218000  2.998304e+02  3.193996e+02 
   67.900    4.321000  3.019433e+02  3.194469e+02 
   67.900    4.424000  3.040884e+02  3.195136e+02 
   67.900    4.527000  3.058460e+02  3.195307e+02 
   67.900    4.630000  3.087892e+02  3.196275e+02 
   67.900    4.733000  3.110637e+02  3.196958e+02 
   67.900    4.835000  3.133436e+02  3.197746e+02 
   67.900    4.938000  3.160964e+02  3.198886e+02 
   67.900    5.041000  3.186913e+02  3.200006e+02 
   67.900    5.144000  3.217906e+02  3.201484e+02 
   67.900    5.247000  3.244471e+02  3.202764e+02 
   67.900    5.350000  3.271667e+02  3.204138e+02 
   67.900    5.453000  3.299486e+02  3.205598e+02 
   67.900    5.556000  3.327565e+02  3.207119e+02 
   67.900    5.659000  3.351292e+02  3.208434e+02 
   67.900    5.762000  3.364855e+02  3.209320e+02 
   67.900    5.864000  3.378132e+02  3.210236e+02 
   67.900    5.967000  3.391402e+02  3.211201e+02 
   67.900    6.070000  3.416691e+02  3.212781e+02 
   67.900    6.173000  3.442658e+02  3.214431e+02 
   67.900    6.276000  3.475325e+02  3.216487e+02 
   67.900    6.379000  3.503629e+02  3.218306e+02 
   67.900    6.482000  3.537917e+02  3.220475e+02 
   67.900    6.585000  3.569457e+02  3.222489e+02 
   67.900    6.688000  3.601083e+02  3.224503e+02 
   67.900    6.790000  3.632463e+02  3.226495e+02 
   67.900    6.893000  3.664249e+02  3.228502e+02 
   67.900    6.996000  3.696563e+02  3.230522e+02 
   67.900    7.099000  3.728371e+02  3.232502e+02 
   67.900    7.202000  3.766584e+02  3.234832e+02 
   67.900    7.305000  3.804208e+02  3.237138e+02 
   67.900    7.408000  3.840621e+02  3.239386e+02 
   67.900    7.511000  3.882361e+02  3.241923e+02 
   67.900    7.614000  3.917923e+02  3.244156e+02 
   67.900    7.716000  3.945011e+02  3.245959e+02 
   67.900    7.819000  3.972332e+02  3.247771e+02 
   67.900    7.921999  4.007599e+02  3.249965e+02 
   67.900    8.025001  4.045432e+02  3.252257e+02 
   67.900    8.128000  4.073823e+02  3.254063e+02 
   67.900    8.231000  4.103017e+02  3.255885e+02 
   67.900    8.334001  4.133984e+02  3.257768e+02 
   67.900    8.437000  4.164332e+02  3.259600e+02 
   67.900    8.540000  4.186143e+02  3.261026e+02 
   67.900    8.642000  4.214169e+02  3.262711e+02 
   67.900    8.745000  4.243061e+02  3.264414e+02 
   67.900    8.848001  4.272324e+02  3.266078e+02 
   67.900    8.951000  4.307258e+02  3.267953e+02 
   67.900    9.054000  4.334789e+02  3.269478e+02 
   67.900    9.157001  4.364519e+02  3.271064e+02 
   67.900    9.260000  4.379005e+02  3.272269e+02 
   67.900    9.363000  4.391753e+02  3.273326e+02 
   67.900    9.466001  4.401056e+02  3.274118e+02 
   67.900    9.568000  4.410176e+02  3.274914e+02 
   67.900    9.671000  4.419519e+02  3.275707e+02 
   67.900    9.774000  4.428970e+02  3.276491e+02 
   67.900    9.877000  4.438397e+02  3.277257e+02 
   67.900    9.980000  4.447737e+02  3.278004e+02 
   67.900   10.083000  4.456924e+02  3.278806e+02 
   67.900   10.186000  4.466208e+02  3.279655e+02 
   67.900   10.289001  4.475245e+02  3.280474e+02 
   67.900   10.392000  4.479852e+02  3.280835e+02 
   67.900   10.494000  4.484339e+02  3.281185e+02 
   67.900   10.597000  4.488958e+02  3.281547e+02 
   67.900   10.700001  4.493293e+02  3.281880e+02 
   67.900   10.803000  4.497573e+02  3.282207e+02 
   67.900   10.906000  4.501801e+02  3.282528e+02 
   67.900   11.009000  4.505974e+02  3.282845e+02 
   67.900   11.112000  4.510095e+02  3.283157e+02 
   67.900   11.215000  4.514161e+02  3.283467e+02 
   67.900   11.318000  4.518173e+02  3.283773e+02 
   67.900   11.421000  4.522130e+02  3.284077e+02 
   67.900   11.523001  4.525996e+02  3.284375e+02 
   67.900   11.626000  4.529845e+02  3.284674e+02 
   67.900   11.729000  4.533638e+02  3.284971e+02 
   67.900   11.832001  4.537377e+02  3.285266e+02 
   67.900   11.935000  4.541060e+02  3.285558e+02 
   67.900   12.038000  4.544691e+02  3.285847e+02 
   67.900   12.141001  4.548271e+02  3.286133e+02 
   67.900   12.244000  4.551801e+02  3.286415e+02 
   67.900   12.347000  4.555282e+02  3.286693e+02 
   67.900   12.449000  4.558683e+02  3.286964e+02 
   67.900   12.552000  4.562070e+02  3.287234e+02 
   67.900   12.655001  4.565413e+02  3.287499e+02 
   67.900   12.758000  4.568715e+02  3.287759e+02 
   67.900   12.861000  4.571978e+02  3.288015e+02 
   67.900   12.964001  4.575203e+02  3.288266e+02 
   67.900   13.067000  4.578391e+02  3.288511e+02 
   67.900   13.170000  4.581541e+02  3.288750e+02 
   67.900   13.273001  4.584655e+02  3.288984e+02 
   67.900   13.375000  4.587703e+02  3.289209e+02 
   67.900   13.478001  4.590746e+02  3.289429e+02 
   67.900   13.581000  4.593755e+02  3.289642e+02 
   67.900   13.684000  4.596732e+02  3.289847e+02 
   67.900   13.787001  4.599677e+02  3.290044e+02 
   67.900   13.890000  4.602591e+02  3.290233e+02 
   67.900   13.993000  4.605473e+02  3.290413e+02 
   67.900   14.096001  4.608324e+02  3.290584e+02 
   67.900   14.199000  4.611145e+02  3.290748e+02 
   67.900   14.301001  4.613906e+02  3.290903e+02 
   67.900   14.404000  4.616662e+02  3.291053e+02 
   67.900   14.507000  4.619385e+02  3.291197e+02 
   67.900   14.610001  4.622076e+02  3.291336e+02 
   67.900   14.713000  4.624733e+02  3.291471e+02 
   67.900   14.816000  4.627357e+02  3.291602e+02 
   67.900   14.919001  4.629948e+02  3.291729e+02 
   67.900   15.022000  4.632507e+02  3.291853e+02 
   67.900   15.125000  4.635034e+02  3.291973e+02 
   67.900   15.227000  4.637506e+02  3.292088e+02 
   67.900   15.330000  4.639971e+02  3.292201e+02 
   67.900   15.433001  4.642405e+02  3.292310e+02 
   67.900   15.536000  4.644810e+02  3.292416e+02 
   67.900   15.639000  4.647184e+02  3.292518e+02 
   67.900   15.742001  4.649529e+02  3.292617e+02 
   67.900   15.845000  4.651847e+02  3.292713e+02 
   67.900   15.948000  4.654138e+02  3.292806e+02 
   67.900   16.051001  4.656404e+02  3.292894e+02 
   67.900   16.154001  4.658645e+02  3.292979e+02 
   67.900   16.256001  4.660841e+02  3.293059e+02 
   67.900   16.359001  4.663036e+02  3.293137e+02 
   67.900   16.462000  4.665208e+02  3.293209e+02 
   67.900   16.565001  4.667358e+02  3.293277e+02 
   67.900   16.668001  4.669487e+02  3.293340e+02 
   67.900   16.771000  4.671597e+02  3.293397e+02 
   67.900   16.874001  4.673690e+02  3.293448e+02 
   67.900   16.977001  4.675764e+02  3.293492e+02 
   67.900   17.080000  4.677823e+02  3.293528e+02 
   67.900   17.182001  4.679850e+02  3.293555e+02 
   67.900   17.285000  4.681885e+02  3.293572e+02 
   67.900   17.388000  4.683907e+02  3.293581e+02 
   67.900   17.491001  4.685916e+02  3.293581e+02 
   67.900   17.594000  4.687914e+02  3.293573e+02 
   67.900   17.697001  4.689898e+02  3.293557e+02 
   67.900   17.800001  4.691869e+02  3.293534e+02 
   67.900   17.903000  4.693823e+02  3.293506e+02 
   67.900   18.006001  4.695761e+02  3.293473e+02 
   67.900   18.108000  4.697664e+02  3.293435e+02 
   67.900   18.211000  4.699569e+02  3.293392e+02 
   67.900   18.314001  4.701459e+02  3.293345e+02 
   67.900   18.417000  4.703333e+02  3.293293e+02 
   67.900   18.520000  4.705190e+02  3.293238e+02 
   67.900   18.623001  4.707033e+02  3.293177e+02 
   67.900   18.726000  4.708860e+02  3.293112e+02 
   67.900   18.829000  4.710673e+02  3.293042e+02 
   67.900   18.932001  4.712470e+02  3.292968e+02 
   67.900   19.034000  4.714237e+02  3.292891e+02 
   67.900   19.137001  4.716007e+02  3.292809e+02 
   67.900   19.240000  4.717764e+02  3.292723e+02 
   67.900   19.343000  4.719507e+02  3.292633e+02 
   67.900   19.446001  4.721238e+02  3.292539e+02 
   67.900   19.549000  4.722956e+02  3.292441e+02 
   67.900   19.652000  4.724661e+02  3.292340e+02 
   67.900   19.755001  4.726354e+02  3.292234e+02 
   67.900   19.858000  4.728034e+02  3.292125e+02 
   67.900   19.961000  4.729702e+02  3.292012e+02 
   67.900   20.063000  4.731346e+02  3.291895e+02 
   67.900   20.363001  4.736124e+02  3.291521e+02 
   67.900   20.858000  4.743778e+02  3.290847e+02 
   67.900   21.354000  4.751165e+02  3.290109e+02 
   67.900   21.850000  4.758259e+02  3.289326e+02 
   67.900   22.346001  4.764991e+02  3.288552e+02 
   67.900   22.841000  4.771294e+02  3.287833e+02 
   67.900   23.337000  4.777179e+02  3.287181e+02 
   67.900   23.833000  4.782683e+02  3.286576e+02 
   67.900   24.329000  4.787871e+02  3.285992e+02 
   67.900   24.823999  4.792744e+02  3.285430e+02 
   67.900   25.320000  4.797305e+02  3.284904e+02 
   67.900   25.816000  4.801559e+02  3.284414e+02 
   67.900   26.312000  4.805536e+02  3.283953e+02 
   67.900   26.807001  4.809252e+02  3.283515e+02 
   67.900   27.302999  4.812730e+02  3.283099e+02 
   67.900   27.799000  4.815979e+02  3.282705e+02 
   67.900   28.295000  4.819020e+02  3.282328e+02 
   67.900   28.790001  4.821876e+02  3.281964e+02 
   67.900   29.286001  4.824579e+02  3.281607e+02 
   67.900   29.782000  4.827145e+02  3.281255e+02 
   67.900   30.278000  4.829587e+02  3.280908e+02 
   67.900   30.773001  4.831918e+02  3.280567e+02 
   67.900   31.269001  4.834165e+02  3.280230e+02 
   67.900   31.764999  4.836338e+02  3.279900e+02 
   67.900   32.260998  4.838460e+02  3.279574e+02 
   67.900   32.757000  4.840551e+02  3.279254e+02 
   67.900   33.251999  4.842620e+02  3.278943e+02 
   67.900   33.747997  4.844693e+02  3.278643e+02 
   67.900   34.243999  4.846777e+02  3.278359e+02 
   67.900   34.739998  4.848890e+02  3.278090e+02 
   67.900   35.234997  4.851038e+02  3.277839e+02 
   67.900   35.730999  4.853243e+02  3.277603e+02 
   67.900   36.226997  4.855504e+02  3.277382e+02 
   67.900   36.723000  4.857823e+02  3.277176e+02 
   67.900   37.217999  4.860190e+02  3.276983e+02 
   67.900   37.713997  4.862605e+02  3.276804e+02 
   67.900   38.209999  4.865051e+02  3.276636e+02 
   67.900   38.705997  4.867510e+02  3.276483e+02 
   67.900   39.201000  4.869958e+02  3.276341e+02 
   67.900   39.696999  4.872383e+02  3.276213e+02 
   67.900   40.196999  4.874747e+02  3.276111e+02 
   67.900   45.196999  4.893393e+02  3.275664e+02 
   67.900   50.196999  4.900479e+02  3.275592e+02 
   67.900   55.196999  4.902952e+02  3.275607e+02 
   67.900   60.196999  4.910313e+02  3.275634e+02 
   67.900   65.196999  4.922625e+02  3.275656e+02 
