    0.000    0.000000  0.000000e+00  3.522991e+02 
    0.000    0.103000  0.000000e+00  3.511165e+02 
    0.000    0.206000  0.000000e+00  3.500327e+02 
    0.000    0.309000  0.000000e+00  3.489871e+02 
    0.000    0.411000  0.000000e+00  3.477584e+02 
    0.000    0.514000  0.000000e+00  3.463532e+02 
    0.000    0.617000  0.000000e+00  3.448206e+02 
    0.000    0.720000  0.000000e+00  3.432275e+02 
    0.000    0.823000  0.000000e+00  3.416486e+02 
    0.000    0.926000  0.000000e+00  3.401059e+02 
    0.000    1.029000  0.000000e+00  3.385390e+02 
    0.000    1.132000  0.000000e+00  3.284214e+02 
    0.000    1.235000  0.000000e+00  3.228312e+02 
    0.000    1.337000  0.000000e+00  3.187259e+02 
    0.000    1.440000  0.000000e+00  3.152275e+02 
    0.000    1.543000  0.000000e+00  3.119158e+02 
    0.000    1.646000  0.000000e+00  3.108901e+02 
    0.000    1.749000  0.000000e+00  3.096629e+02 
    0.000    1.852000  0.000000e+00  3.083369e+02 
    0.000    1.955000  0.000000e+00  3.012937e+02 
    0.000    2.058000  0.000000e+00  2.982057e+02 
    0.000    2.161000  0.000000e+00  2.958329e+02 
    0.000    2.263000  0.000000e+00  2.939356e+02 
    0.000    2.366000  0.000000e+00  2.931787e+02 
    0.000    2.469000  0.000000e+00  2.922923e+02 
    0.000    2.572000  0.000000e+00  2.912825e+02 
    0.000    2.675000  0.000000e+00  2.902050e+02 
    0.000    2.778000  0.000000e+00  2.890872e+02 
    0.000    2.881000  0.000000e+00  2.879426e+02 
    0.000    2.984000  0.000000e+00  2.867763e+02 
    0.000    3.087000  0.000000e+00  2.855975e+02 
    0.000    3.189000  0.000000e+00  2.844095e+02 
    0.000    3.292000  0.000000e+00  2.832073e+02 
    0.000    3.395000  0.000000e+00  2.819907e+02 
    0.000    3.498000  0.000000e+00  2.807670e+02 
    0.000    3.601000  0.000000e+00  2.795466e+02 
    0.000    3.704000  0.000000e+00  2.783340e+02 
    0.000    3.807000  0.000000e+00  2.771305e+02 
    0.000    3.910000  0.000000e+00  2.759192e+02 
    0.000    4.013000  0.000000e+00  2.747090e+02 
    0.000    4.115000  0.000000e+00  2.735106e+02 
    0.000    4.218000  0.000000e+00  2.723061e+02 
    0.000    4.321000  0.000000e+00  2.711119e+02 
    0.000    4.424000  0.000000e+00  2.697557e+02 
    0.000    4.527000  0.000000e+00  2.682035e+02 
    0.000    4.630000  0.000000e+00  2.663172e+02 
    0.000    4.733000  0.000000e+00  2.639786e+02 
    0.000    4.836000  0.000000e+00  2.612935e+02 
    0.000    4.939000  0.000000e+00  2.585253e+02 
    0.000    5.042000  0.000000e+00  2.559582e+02 
    0.000    5.144000  0.000000e+00  2.538046e+02 
    0.000    5.247000  0.000000e+00  2.521031e+02 
    0.000    5.350000  0.000000e+00  2.507351e+02 
    0.000    5.453000  0.000000e+00  2.495540e+02 
    0.000    5.556000  0.000000e+00  2.484106e+02 
    0.000    5.659000  0.000000e+00  2.470425e+02 
    0.000    5.762000  0.000000e+00  2.451116e+02 
    0.000    5.865000  0.000000e+00  2.421251e+02 
    0.000    5.968000  0.000000e+00  2.378445e+02 
    0.000    6.070000  0.000000e+00  2.323919e+02 
    0.000    6.173000  0.000000e+00  2.257555e+02 
    0.000    6.276000  0.000000e+00  2.187678e+02 
    0.000    6.379000  0.000000e+00  2.119872e+02 
    0.000    6.482000  0.000000e+00  2.060187e+02 
    0.000    6.585000  0.000000e+00  2.008156e+02 
    0.000    6.688000  0.000000e+00  1.961488e+02 
    0.000    6.791000  0.000000e+00  1.919014e+02 
    0.000    6.894000  0.000000e+00  1.878021e+02 
    0.000    6.996000  0.000000e+00  1.840571e+02 
    0.000    7.099000  0.000000e+00  1.802317e+02 
    0.000    7.202000  0.000000e+00  1.773518e+02 
    0.000    7.305000  0.000000e+00  1.757641e+02 
    0.000    7.408000  0.000000e+00  1.749871e+02 
    0.000    7.511000  0.000000e+00  1.749734e+02 
    0.000    7.614000  0.000000e+00  1.750256e+02 
    0.000    7.717000  0.000000e+00  1.750965e+02 
    0.000    7.820000  0.000000e+00  1.751781e+02 
    0.000    7.922000  0.000000e+00  1.752835e+02 
    0.000    8.025000  0.000000e+00  1.753788e+02 
    0.000    8.127999  0.000000e+00  1.754451e+02 
    0.000    8.231000  0.000000e+00  1.754951e+02 
    0.000    8.334000  0.000000e+00  1.755135e+02 
    0.000    8.436999  0.000000e+00  1.754859e+02 
    0.000    8.540000  0.000000e+00  1.754633e+02 
    0.000    8.643000  0.000000e+00  1.754260e+02 
    0.000    8.745999  0.000000e+00  1.753961e+02 
    0.000    8.848000  0.000000e+00  1.753588e+02 
    0.000    8.950999  0.000000e+00  1.753219e+02 
    0.000    9.054000  0.000000e+00  1.752856e+02 
    0.000    9.157000  0.000000e+00  1.752495e+02 
    0.000    9.259999  0.000000e+00  1.752139e+02 
    0.000    9.363000  0.000000e+00  1.751867e+02 
    0.000    9.466000  0.000000e+00  1.751628e+02 
    0.000    9.568999  0.000000e+00  1.751597e+02 
    0.000    9.672000  0.000000e+00  1.751604e+02 
    0.000    9.773999  0.000000e+00  1.751666e+02 
    0.000    9.877000  0.000000e+00  1.751860e+02 
    0.000    9.980000  0.000000e+00  1.752147e+02 
    0.000   10.082999  0.000000e+00  1.752460e+02 
    0.000   10.186000  0.000000e+00  1.752730e+02 
    0.000   10.289000  0.000000e+00  1.752972e+02 
    0.000   10.391999  0.000000e+00  1.753192e+02 
    0.000   10.495000  0.000000e+00  1.753365e+02 
    0.000   10.598000  0.000000e+00  1.753508e+02 
    0.000   10.700000  0.000000e+00  1.753622e+02 
    0.000   10.802999  0.000000e+00  1.753680e+02 
    0.000   10.905999  0.000000e+00  1.753700e+02 
    0.000   11.009000  0.000000e+00  1.753674e+02 
    0.000   11.112000  0.000000e+00  1.753542e+02 
    0.000   11.214999  0.000000e+00  1.753331e+02 
    0.000   11.318000  0.000000e+00  1.753073e+02 
    0.000   11.421000  0.000000e+00  1.752771e+02 
    0.000   11.523999  0.000000e+00  1.752436e+02 
    0.000   11.627000  0.000000e+00  1.752076e+02 
    0.000   11.728999  0.000000e+00  1.751708e+02 
    0.000   11.832000  0.000000e+00  1.751326e+02 
    0.000   11.934999  0.000000e+00  1.750934e+02 
    0.000   12.037999  0.000000e+00  1.750510e+02 
    0.000   12.141000  0.000000e+00  1.750059e+02 
    0.000   12.243999  0.000000e+00  1.749589e+02 
    0.000   12.346999  0.000000e+00  1.749123e+02 
    0.000   12.450000  0.000000e+00  1.748661e+02 
    0.000   12.552999  0.000000e+00  1.748199e+02 
    0.000   12.655000  0.000000e+00  1.747775e+02 
    0.000   12.757999  0.000000e+00  1.747387e+02 
    0.000   12.861000  0.000000e+00  1.747024e+02 
    0.000   12.964000  0.000000e+00  1.746681e+02 
    0.000   13.066999  0.000000e+00  1.746356e+02 
    0.000   13.169999  0.000000e+00  1.746044e+02 
    0.000   13.273000  0.000000e+00  1.745744e+02 
    0.000   13.375999  0.000000e+00  1.745457e+02 
    0.000   13.478999  0.000000e+00  1.745180e+02 
    0.000   13.580999  0.000000e+00  1.744913e+02 
    0.000   13.684000  0.000000e+00  1.744652e+02 
    0.000   13.787000  0.000000e+00  1.744397e+02 
    0.000   13.889999  0.000000e+00  1.744148e+02 
    0.000   13.993000  0.000000e+00  1.743903e+02 
    0.000   14.096000  0.000000e+00  1.743663e+02 
    0.000   14.198999  0.000000e+00  1.743427e+02 
    0.000   14.302000  0.000000e+00  1.743196e+02 
    0.000   14.405000  0.000000e+00  1.742971e+02 
    0.000   14.507000  0.000000e+00  1.742752e+02 
    0.000   14.610000  0.000000e+00  1.742533e+02 
    0.000   14.712999  0.000000e+00  1.742306e+02 
    0.000   14.816000  0.000000e+00  1.742073e+02 
    0.000   14.919000  0.000000e+00  1.741838e+02 
    0.000   15.021999  0.000000e+00  1.741591e+02 
    0.000   15.125000  0.000000e+00  1.741333e+02 
    0.000   15.228000  0.000000e+00  1.741069e+02 
    0.000   15.330999  0.000000e+00  1.740805e+02 
    0.000   15.433000  0.000000e+00  1.740546e+02 
    0.000   15.535999  0.000000e+00  1.740287e+02 
    0.000   15.639000  0.000000e+00  1.740035e+02 
    0.000   15.742000  0.000000e+00  1.739815e+02 
    0.000   15.844999  0.000000e+00  1.739621e+02 
    0.000   15.947999  0.000000e+00  1.739443e+02 
    0.000   16.051001  0.000000e+00  1.739244e+02 
    0.000   16.154001  0.000000e+00  1.739016e+02 
    0.000   16.257000  0.000000e+00  1.738772e+02 
    0.000   16.360001  0.000000e+00  1.738510e+02 
    0.000   16.462000  0.000000e+00  1.738223e+02 
    0.000   16.565001  0.000000e+00  1.737913e+02 
    0.000   16.668001  0.000000e+00  1.737590e+02 
    0.000   16.771000  0.000000e+00  1.737266e+02 
    0.000   16.874001  0.000000e+00  1.736943e+02 
    0.000   16.977001  0.000000e+00  1.736619e+02 
    0.000   17.080000  0.000000e+00  1.736301e+02 
    0.000   17.183001  0.000000e+00  1.735996e+02 
    0.000   17.286001  0.000000e+00  1.735701e+02 
    0.000   17.388000  0.000000e+00  1.735414e+02 
    0.000   17.491001  0.000000e+00  1.735141e+02 
    0.000   17.594000  0.000000e+00  1.734882e+02 
    0.000   17.697001  0.000000e+00  1.734634e+02 
    0.000   17.800001  0.000000e+00  1.734396e+02 
    0.000   17.903000  0.000000e+00  1.734173e+02 
    0.000   18.006001  0.000000e+00  1.733962e+02 
    0.000   18.109001  0.000000e+00  1.733760e+02 
    0.000   18.212000  0.000000e+00  1.733564e+02 
    0.000   18.314001  0.000000e+00  1.733376e+02 
    0.000   18.417000  0.000000e+00  1.733191e+02 
    0.000   18.520000  0.000000e+00  1.733011e+02 
    0.000   18.623001  0.000000e+00  1.732833e+02 
    0.000   18.726000  0.000000e+00  1.732658e+02 
    0.000   18.829000  0.000000e+00  1.732485e+02 
    0.000   18.932001  0.000000e+00  1.732314e+02 
    0.000   19.035000  0.000000e+00  1.732145e+02 
    0.000   19.138000  0.000000e+00  1.731977e+02 
    0.000   19.240000  0.000000e+00  1.731814e+02 
    0.000   19.343000  0.000000e+00  1.731642e+02 
    0.000   19.446001  0.000000e+00  1.731460e+02 
    0.000   19.549000  0.000000e+00  1.731271e+02 
    0.000   19.652000  0.000000e+00  1.731079e+02 
    0.000   19.755001  0.000000e+00  1.730884e+02 
    0.000   19.858000  0.000000e+00  1.730685e+02 
    0.000   19.961000  0.000000e+00  1.730483e+02 
    0.000   20.064001  0.000000e+00  1.730280e+02 
    0.000   20.363001  0.000000e+00  1.729703e+02 
    0.000   20.859001  0.000000e+00  1.728874e+02 
    0.000   21.354000  0.000000e+00  1.728251e+02 
    0.000   21.850000  0.000000e+00  1.727704e+02 
    0.000   22.346001  0.000000e+00  1.727148e+02 
    0.000   22.842001  0.000000e+00  1.726527e+02 
    0.000   23.337000  0.000000e+00  1.725922e+02 
    0.000   23.833000  0.000000e+00  1.725457e+02 
    0.000   24.329000  0.000000e+00  1.725214e+02 
    0.000   24.825001  0.000000e+00  1.725186e+02 
    0.000   25.320000  0.000000e+00  1.725229e+02 
    0.000   25.816000  0.000000e+00  1.725326e+02 
    0.000   26.312000  0.000000e+00  1.725497e+02 
    0.000   26.808001  0.000000e+00  1.725684e+02 
    0.000   27.303001  0.000000e+00  1.725904e+02 
    0.000   27.799000  0.000000e+00  1.726190e+02 
    0.000   28.295000  0.000000e+00  1.726541e+02 
    0.000   28.791000  0.000000e+00  1.726944e+02 
    0.000   29.286001  0.000000e+00  1.727419e+02 
    0.000   29.782001  0.000000e+00  1.727948e+02 
    0.000   30.278000  0.000000e+00  1.728505e+02 
    0.000   30.774000  0.000000e+00  1.729085e+02 
    0.000   31.269001  0.000000e+00  1.729684e+02 
    0.000   31.765001  0.000000e+00  1.730301e+02 
    0.000   32.261002  0.000000e+00  1.730929e+02 
    0.000   32.757000  0.000000e+00  1.731557e+02 
    0.000   33.251999  0.000000e+00  1.732167e+02 
    0.000   33.748001  0.000000e+00  1.732779e+02 
    0.000   34.243999  0.000000e+00  1.733403e+02 
    0.000   34.740002  0.000000e+00  1.734039e+02 
    0.000   35.235001  0.000000e+00  1.734679e+02 
    0.000   35.730999  0.000000e+00  1.735287e+02 
    0.000   36.227001  0.000000e+00  1.735862e+02 
    0.000   36.723000  0.000000e+00  1.736396e+02 
    0.000   37.218002  0.000000e+00  1.736897e+02 
    0.000   37.714001  0.000000e+00  1.737356e+02 
    0.000   38.209999  0.000000e+00  1.737778e+02 
    0.000   38.706001  0.000000e+00  1.738199e+02 
    0.000   39.201000  0.000000e+00  1.738631e+02 
    0.000   39.697002  0.000000e+00  1.739096e+02 
    0.000   40.197002  0.000000e+00  1.739612e+02 
    0.000   45.197002  0.000000e+00  1.744144e+02 
    0.000   50.197002  0.000000e+00  1.746423e+02 
    0.000   55.197002  0.000000e+00  1.746377e+02 
    0.000   60.197002  0.000000e+00  1.745700e+02 
    0.000   65.196999  0.000000e+00  1.745178e+02 
