   67.723    0.000000  1.460719e+00  1.795943e+01 
   67.723    0.103000  1.468547e+00  1.814618e+01 
   67.723    0.206000  1.476249e+00  1.834235e+01 
   67.723    0.309000  1.483866e+00  1.854350e+01 
   67.723    0.412000  1.491437e+00  1.874752e+01 
   67.723    0.515000  1.498995e+00  1.895314e+01 
   67.723    0.618000  1.506559e+00  1.915963e+01 
   67.723    0.721000  1.514133e+00  1.936659e+01 
   67.723    0.823000  1.525367e+00  1.961403e+01 
   67.723    0.926000  1.537432e+00  1.987109e+01 
   67.723    1.029000  1.551295e+00  2.014744e+01 
   67.723    1.132000  1.567853e+00  2.045304e+01 
   67.723    1.235000  2.383953e+00  2.916689e+01 
   67.723    1.338000  4.050228e+00  4.022013e+01 
   67.723    1.441000  7.708572e+00  5.396719e+01 
   67.723    1.544000  1.622013e+01  7.077346e+01 
   67.723    1.647000  3.597231e+01  9.054314e+01 
   67.723    1.749000  7.339841e+01  1.102549e+02 
   67.723    1.852000  1.254879e+02  1.268321e+02 
   67.723    1.955000  1.795812e+02  1.387667e+02 
   67.723    2.058000  2.246502e+02  1.463716e+02 
   67.723    2.161000  2.636070e+02  1.517230e+02 
   67.723    2.264000  2.907850e+02  1.547320e+02 
   67.723    2.367000  2.940903e+02  1.548951e+02 
   67.723    2.470000  2.968372e+02  1.550457e+02 
   67.723    2.573000  2.994518e+02  1.552113e+02 
   67.723    2.675000  3.021973e+02  1.554077e+02 
   67.723    2.778000  3.049955e+02  1.556224e+02 
   67.723    2.881000  3.066179e+02  1.557704e+02 
   67.723    2.984000  3.082491e+02  1.559305e+02 
   67.723    3.087000  3.096473e+02  1.560586e+02 
   67.723    3.190000  3.110353e+02  1.561950e+02 
   67.723    3.293000  3.124117e+02  1.563388e+02 
   67.723    3.396000  3.137762e+02  1.564891e+02 
   67.723    3.499000  3.151277e+02  1.566452e+02 
   67.723    3.602000  3.164697e+02  1.568060e+02 
   67.723    3.704000  3.177943e+02  1.569691e+02 
   67.723    3.807000  3.191282e+02  1.571371e+02 
   67.723    3.910000  3.204602e+02  1.573078e+02 
   67.723    4.013000  3.217905e+02  1.574811e+02 
   67.723    4.116000  3.231175e+02  1.576566e+02 
   67.723    4.219000  3.244389e+02  1.578342e+02 
   67.723    4.322000  3.257529e+02  1.580135e+02 
   67.723    4.425000  3.270584e+02  1.581945e+02 
   67.723    4.528000  3.283535e+02  1.583768e+02 
   67.723    4.630000  3.296246e+02  1.585585e+02 
   67.723    4.733000  3.308978e+02  1.587427e+02 
   67.723    4.836000  3.321596e+02  1.589274e+02 
   67.723    4.939000  3.334084e+02  1.591124e+02 
   67.723    5.042000  3.346426e+02  1.592977e+02 
   67.723    5.145000  3.358594e+02  1.594831e+02 
   67.723    5.248000  3.370565e+02  1.596687e+02 
   67.723    5.351000  3.382314e+02  1.598544e+02 
   67.723    5.454000  3.393829e+02  1.600400e+02 
   67.723    5.556000  3.405006e+02  1.602236e+02 
   67.723    5.659000  3.416058e+02  1.604087e+02 
   67.723    5.762000  3.426882e+02  1.605935e+02 
   67.723    5.865000  3.437502e+02  1.607776e+02 
   67.723    5.968000  3.447910e+02  1.609612e+02 
   67.723    6.071000  3.458114e+02  1.611441e+02 
   67.723    6.174000  3.468128e+02  1.613262e+02 
   67.723    6.277000  3.477988e+02  1.615073e+02 
   67.723    6.380000  3.487732e+02  1.616871e+02 
   67.723    6.482000  3.497285e+02  1.618641e+02 
   67.723    6.585000  3.506860e+02  1.620414e+02 
   67.723    6.688000  3.516416e+02  1.622173e+02 
   67.723    6.791000  3.525964e+02  1.623918e+02 
   67.723    6.894000  3.535526e+02  1.625645e+02 
   67.723    6.997000  3.547741e+02  1.627830e+02 
   67.723    7.100000  3.560150e+02  1.630027e+02 
   67.723    7.203000  3.572401e+02  1.632211e+02 
   67.723    7.306000  3.584357e+02  1.634405e+02 
   67.723    7.408000  3.612311e+02  1.637852e+02 
   67.723    7.511000  3.640658e+02  1.641366e+02 
   67.723    7.614000  3.670452e+02  1.645059e+02 
   67.723    7.717000  3.695589e+02  1.648349e+02 
   67.723    7.820000  3.722282e+02  1.651763e+02 
   67.723    7.923000  3.747238e+02  1.654995e+02 
   67.723    8.026000  3.772202e+02  1.658199e+02 
   67.723    8.129000  3.795629e+02  1.661235e+02 
   67.723    8.231999  3.820944e+02  1.664405e+02 
   67.723    8.334000  3.844113e+02  1.667362e+02 
   67.723    8.436999  3.868502e+02  1.670426e+02 
   67.723    8.540000  3.890955e+02  1.673316e+02 
   67.723    8.643000  3.920717e+02  1.676825e+02 
   67.723    8.745999  3.951290e+02  1.680390e+02 
   67.723    8.849000  4.028677e+02  1.687795e+02 
   67.723    8.952000  4.082835e+02  1.693175e+02 
   67.723    9.054999  4.258606e+02  1.707843e+02 
   67.723    9.158000  4.459903e+02  1.723303e+02 
   67.723    9.261000  4.464845e+02  1.724432e+02 
   67.723    9.363000  4.469764e+02  1.725528e+02 
   67.723    9.466000  4.474769e+02  1.726613e+02 
   67.723    9.568999  4.479479e+02  1.727686e+02 
   67.723    9.672000  4.484200e+02  1.728738e+02 
   67.723    9.775000  4.488906e+02  1.729768e+02 
   67.723    9.877999  4.493560e+02  1.730777e+02 
   67.723    9.981000  4.498155e+02  1.731766e+02 
   67.723   10.084000  4.502675e+02  1.732737e+02 
   67.723   10.186999  4.507426e+02  1.733681e+02 
   67.723   10.289000  4.512015e+02  1.734601e+02 
   67.723   10.392000  4.516555e+02  1.735514e+02 
   67.723   10.495000  4.521030e+02  1.736413e+02 
   67.723   10.598000  4.525446e+02  1.737296e+02 
   67.723   10.701000  4.529803e+02  1.738167e+02 
   67.723   10.804000  4.534101e+02  1.739024e+02 
   67.723   10.907000  4.538341e+02  1.739868e+02 
   67.723   11.009999  4.542523e+02  1.740701e+02 
   67.723   11.113000  4.546648e+02  1.741522e+02 
   67.723   11.215000  4.550676e+02  1.742325e+02 
   67.723   11.318000  4.554688e+02  1.743125e+02 
   67.723   11.421000  4.558647e+02  1.743916e+02 
   67.723   11.524000  4.562553e+02  1.744697e+02 
   67.723   11.627000  4.566406e+02  1.745468e+02 
   67.723   11.730000  4.570204e+02  1.746229e+02 
   67.723   11.833000  4.573947e+02  1.746981e+02 
   67.723   11.936000  4.577636e+02  1.747722e+02 
   67.723   12.039000  4.581273e+02  1.748454e+02 
   67.723   12.141000  4.584824e+02  1.749169e+02 
   67.723   12.243999  4.588360e+02  1.749881e+02 
   67.723   12.347000  4.591848e+02  1.750583e+02 
   67.723   12.450000  4.595291e+02  1.751274e+02 
   67.723   12.552999  4.598688e+02  1.751956e+02 
   67.723   12.656000  4.602040e+02  1.752627e+02 
   67.723   12.759000  4.605349e+02  1.753288e+02 
   67.723   12.862000  4.608618e+02  1.753939e+02 
   67.723   12.965000  4.611850e+02  1.754579e+02 
   67.723   13.066999  4.615013e+02  1.755203e+02 
   67.723   13.170000  4.618170e+02  1.755822e+02 
   67.723   13.273000  4.621291e+02  1.756431e+02 
   67.723   13.375999  4.624375e+02  1.757029e+02 
   67.723   13.479000  4.627424e+02  1.757617e+02 
   67.723   13.582000  4.630438e+02  1.758193e+02 
   67.723   13.684999  4.633419e+02  1.758758e+02 
   67.723   13.788000  4.636367e+02  1.759312e+02 
   67.723   13.891000  4.639283e+02  1.759855e+02 
   67.723   13.993000  4.642139e+02  1.760382e+02 
   67.723   14.096000  4.644992e+02  1.760902e+02 
   67.723   14.198999  4.647814e+02  1.761412e+02 
   67.723   14.302000  4.650605e+02  1.761910e+02 
   67.723   14.405000  4.653364e+02  1.762399e+02 
   67.723   14.507999  4.656091e+02  1.762877e+02 
   67.723   14.611000  4.658786e+02  1.763347e+02 
   67.723   14.714000  4.661448e+02  1.763808e+02 
   67.723   14.816999  4.664077e+02  1.764260e+02 
   67.723   14.920000  4.666674e+02  1.764705e+02 
   67.723   15.021999  4.669214e+02  1.765138e+02 
   67.723   15.125000  4.671747e+02  1.765567e+02 
   67.723   15.228000  4.674247e+02  1.765990e+02 
   67.723   15.330999  4.676717e+02  1.766404e+02 
   67.723   15.434000  4.679156e+02  1.766812e+02 
   67.723   15.537000  4.681566e+02  1.767212e+02 
   67.723   15.639999  4.683945e+02  1.767605e+02 
   67.723   15.743000  4.686295e+02  1.767991e+02 
   67.723   15.846000  4.688616e+02  1.768370e+02 
   67.723   15.948000  4.690888e+02  1.768739e+02 
   67.723   16.051001  4.693158e+02  1.769104e+02 
   67.723   16.153999  4.695403e+02  1.769463e+02 
   67.723   16.257000  4.697625e+02  1.769815e+02 
   67.723   16.360001  4.699823e+02  1.770160e+02 
   67.723   16.462999  4.701999e+02  1.770498e+02 
   67.723   16.566000  4.704153e+02  1.770829e+02 
   67.723   16.669001  4.706284e+02  1.771152e+02 
   67.723   16.771999  4.708397e+02  1.771469e+02 
   67.723   16.874001  4.710471e+02  1.771774e+02 
   67.723   16.976999  4.712547e+02  1.772074e+02 
   67.723   17.080000  4.714607e+02  1.772366e+02 
   67.723   17.183001  4.716653e+02  1.772648e+02 
   67.723   17.285999  4.718688e+02  1.772920e+02 
   67.723   17.389000  4.720709e+02  1.773183e+02 
   67.723   17.492001  4.722718e+02  1.773436e+02 
   67.723   17.594999  4.724716e+02  1.773679e+02 
   67.723   17.698000  4.726702e+02  1.773914e+02 
   67.723   17.799999  4.728654e+02  1.774138e+02 
   67.723   17.903000  4.730610e+02  1.774357e+02 
   67.723   18.006001  4.732550e+02  1.774569e+02 
   67.723   18.108999  4.734474e+02  1.774774e+02 
   67.723   18.212000  4.736381e+02  1.774974e+02 
   67.723   18.315001  4.738272e+02  1.775167e+02 
   67.723   18.417999  4.740147e+02  1.775354e+02 
   67.723   18.521000  4.742006e+02  1.775535e+02 
   67.723   18.624001  4.743849e+02  1.775709e+02 
   67.723   18.726000  4.745661e+02  1.775876e+02 
   67.723   18.829000  4.747474e+02  1.776039e+02 
   67.723   18.931999  4.749273e+02  1.776195e+02 
   67.723   19.035000  4.751058e+02  1.776346e+02 
   67.723   19.138000  4.752830e+02  1.776492e+02 
   67.723   19.240999  4.754588e+02  1.776631e+02 
   67.723   19.344000  4.756333e+02  1.776766e+02 
   67.723   19.447001  4.758065e+02  1.776895e+02 
   67.723   19.549999  4.759784e+02  1.777019e+02 
   67.723   19.653000  4.761490e+02  1.777138e+02 
   67.723   19.754999  4.763167e+02  1.777251e+02 
   67.723   19.858000  4.764847e+02  1.777360e+02 
   67.723   19.961000  4.766516e+02  1.777464e+02 
   67.723   20.063999  4.768175e+02  1.777561e+02 
   67.723   20.362999  4.772941e+02  1.777812e+02 
   67.723   20.858999  4.780617e+02  1.778144e+02 
   67.723   21.355000  4.788012e+02  1.778380e+02 
   67.723   21.851000  4.795119e+02  1.778535e+02 
   67.723   22.346001  4.801859e+02  1.778646e+02 
   67.723   22.841999  4.808202e+02  1.778748e+02 
   67.723   23.337999  4.814117e+02  1.778854e+02 
   67.723   23.834000  4.819642e+02  1.778958e+02 
   67.723   24.329000  4.824831e+02  1.779042e+02 
   67.723   24.824999  4.829726e+02  1.779108e+02 
   67.723   25.320999  4.834304e+02  1.779165e+02 
   67.723   25.816999  4.838572e+02  1.779219e+02 
   67.723   26.312000  4.842552e+02  1.779264e+02 
   67.723   26.808001  4.846285e+02  1.779299e+02 
   67.723   27.303999  4.849775e+02  1.779326e+02 
   67.723   27.799999  4.853032e+02  1.779345e+02 
   67.723   28.295000  4.856071e+02  1.779355e+02 
   67.723   28.791000  4.858934e+02  1.779355e+02 
   67.723   29.287001  4.861639e+02  1.779343e+02 
   67.723   29.782999  4.864207e+02  1.779319e+02 
   67.723   30.278000  4.866649e+02  1.779283e+02 
   67.723   30.774000  4.868992e+02  1.779236e+02 
   67.723   31.270000  4.871246e+02  1.779180e+02 
   67.723   31.765999  4.873428e+02  1.779116e+02 
   67.723   32.261002  4.875557e+02  1.779045e+02 
   67.723   32.757000  4.877659e+02  1.778968e+02 
   67.723   33.253002  4.879746e+02  1.778886e+02 
   67.723   33.749001  4.881833e+02  1.778804e+02 
   67.723   34.244003  4.883929e+02  1.778725e+02 
   67.723   34.740002  4.886059e+02  1.778647e+02 
   67.723   35.236000  4.888231e+02  1.778574e+02 
   67.723   35.732002  4.890455e+02  1.778505e+02 
   67.723   36.227001  4.892732e+02  1.778440e+02 
   67.723   36.723003  4.895071e+02  1.778379e+02 
   67.723   37.219002  4.897464e+02  1.778322e+02 
   67.723   37.715000  4.899899e+02  1.778270e+02 
   67.723   38.210003  4.902359e+02  1.778221e+02 
   67.723   38.706001  4.904833e+02  1.778176e+02 
   67.723   39.202003  4.907301e+02  1.778136e+02 
   67.723   39.698002  4.909739e+02  1.778101e+02 
   67.723   40.198002  4.912115e+02  1.778079e+02 
   67.723   45.198002  4.930807e+02  1.778105e+02 
   67.723   50.198002  4.937898e+02  1.778222e+02 
   67.723   55.198002  4.940383e+02  1.778319e+02 
   67.723   60.198002  4.947846e+02  1.778385e+02 
   67.723   65.197998  4.960186e+02  1.778428e+02 
