    0.000    0.000000  0.000000e+00  3.487522e+02 
    0.000    0.103000  0.000000e+00  3.479116e+02 
    0.000    0.206000  0.000000e+00  3.466128e+02 
    0.000    0.309000  0.000000e+00  3.452545e+02 
    0.000    0.412000  0.000000e+00  3.437405e+02 
    0.000    0.515000  0.000000e+00  3.422562e+02 
    0.000    0.618000  0.000000e+00  3.407852e+02 
    0.000    0.721000  0.000000e+00  3.392916e+02 
    0.000    0.824000  0.000000e+00  3.377901e+02 
    0.000    0.926000  0.000000e+00  3.362458e+02 
    0.000    1.029000  0.000000e+00  3.346835e+02 
    0.000    1.132000  0.000000e+00  3.332470e+02 
    0.000    1.235000  0.000000e+00  3.317506e+02 
    0.000    1.338000  0.000000e+00  3.302812e+02 
    0.000    1.441000  0.000000e+00  3.287394e+02 
    0.000    1.544000  0.000000e+00  3.270927e+02 
    0.000    1.647000  0.000000e+00  3.254874e+02 
    0.000    1.750000  0.000000e+00  3.240311e+02 
    0.000    1.852000  0.000000e+00  3.225006e+02 
    0.000    1.955000  0.000000e+00  3.205510e+02 
    0.000    2.058000  0.000000e+00  3.175858e+02 
    0.000    2.161000  0.000000e+00  3.161978e+02 
    0.000    2.264000  0.000000e+00  3.147807e+02 
    0.000    2.367000  0.000000e+00  3.134332e+02 
    0.000    2.470000  0.000000e+00  3.121071e+02 
    0.000    2.573000  0.000000e+00  3.107823e+02 
    0.000    2.676000  0.000000e+00  3.094267e+02 
    0.000    2.778000  0.000000e+00  3.080344e+02 
    0.000    2.881000  0.000000e+00  3.066292e+02 
    0.000    2.984000  0.000000e+00  3.052463e+02 
    0.000    3.087000  0.000000e+00  3.038766e+02 
    0.000    3.190000  0.000000e+00  3.025016e+02 
    0.000    3.293000  0.000000e+00  3.011323e+02 
    0.000    3.396000  0.000000e+00  2.997819e+02 
    0.000    3.499000  0.000000e+00  2.984503e+02 
    0.000    3.602000  0.000000e+00  2.971421e+02 
    0.000    3.704000  0.000000e+00  2.958671e+02 
    0.000    3.807000  0.000000e+00  2.945991e+02 
    0.000    3.910000  0.000000e+00  2.933187e+02 
    0.000    4.013000  0.000000e+00  2.920381e+02 
    0.000    4.116000  0.000000e+00  2.907692e+02 
    0.000    4.219000  0.000000e+00  2.895178e+02 
    0.000    4.322000  0.000000e+00  2.882859e+02 
    0.000    4.425000  0.000000e+00  2.870624e+02 
    0.000    4.528000  0.000000e+00  2.858543e+02 
    0.000    4.630000  0.000000e+00  2.846659e+02 
    0.000    4.733000  0.000000e+00  2.834611e+02 
    0.000    4.836000  0.000000e+00  2.822663e+02 
    0.000    4.939000  0.000000e+00  2.810836e+02 
    0.000    5.042000  0.000000e+00  2.799150e+02 
    0.000    5.145000  0.000000e+00  2.787654e+02 
    0.000    5.248000  0.000000e+00  2.776317e+02 
    0.000    5.351000  0.000000e+00  2.765160e+02 
    0.000    5.454000  0.000000e+00  2.754203e+02 
    0.000    5.556000  0.000000e+00  2.743462e+02 
    0.000    5.659000  0.000000e+00  2.732813e+02 
    0.000    5.762000  0.000000e+00  2.722380e+02 
    0.000    5.865000  0.000000e+00  2.712148e+02 
    0.000    5.968000  0.000000e+00  2.702133e+02 
    0.000    6.071000  0.000000e+00  2.692365e+02 
    0.000    6.174000  0.000000e+00  2.682833e+02 
    0.000    6.277000  0.000000e+00  2.673517e+02 
    0.000    6.380000  0.000000e+00  2.664405e+02 
    0.000    6.482000  0.000000e+00  2.655540e+02 
    0.000    6.585000  0.000000e+00  2.646843e+02 
    0.000    6.688000  0.000000e+00  2.638573e+02 
    0.000    6.791000  0.000000e+00  2.630620e+02 
    0.000    6.894000  0.000000e+00  2.623248e+02 
    0.000    6.997000  0.000000e+00  2.616619e+02 
    0.000    7.100000  0.000000e+00  2.610523e+02 
    0.000    7.203000  0.000000e+00  2.605592e+02 
    0.000    7.306000  0.000000e+00  2.601710e+02 
    0.000    7.409000  0.000000e+00  2.598507e+02 
    0.000    7.511000  0.000000e+00  2.596475e+02 
    0.000    7.614000  0.000000e+00  2.595189e+02 
    0.000    7.717000  0.000000e+00  2.594279e+02 
    0.000    7.820000  0.000000e+00  2.593547e+02 
    0.000    7.923000  0.000000e+00  2.592962e+02 
    0.000    8.026000  0.000000e+00  2.592223e+02 
    0.000    8.129001  0.000000e+00  2.591102e+02 
    0.000    8.232000  0.000000e+00  2.589766e+02 
    0.000    8.335000  0.000000e+00  2.588244e+02 
    0.000    8.437000  0.000000e+00  2.586582e+02 
    0.000    8.540000  0.000000e+00  2.584821e+02 
    0.000    8.643001  0.000000e+00  2.583047e+02 
    0.000    8.746000  0.000000e+00  2.581272e+02 
    0.000    8.849000  0.000000e+00  2.579490e+02 
    0.000    8.952001  0.000000e+00  2.577782e+02 
    0.000    9.055000  0.000000e+00  2.576122e+02 
    0.000    9.158000  0.000000e+00  2.574517e+02 
    0.000    9.261001  0.000000e+00  2.573159e+02 
    0.000    9.363001  0.000000e+00  2.571990e+02 
    0.000    9.466001  0.000000e+00  2.570920e+02 
    0.000    9.569000  0.000000e+00  2.569969e+02 
    0.000    9.672001  0.000000e+00  2.569108e+02 
    0.000    9.775001  0.000000e+00  2.568322e+02 
    0.000    9.878000  0.000000e+00  2.567608e+02 
    0.000    9.981001  0.000000e+00  2.566954e+02 
    0.000   10.084001  0.000000e+00  2.566302e+02 
    0.000   10.187000  0.000000e+00  2.565575e+02 
    0.000   10.289001  0.000000e+00  2.564818e+02 
    0.000   10.392000  0.000000e+00  2.564088e+02 
    0.000   10.495001  0.000000e+00  2.563464e+02 
    0.000   10.598001  0.000000e+00  2.562920e+02 
    0.000   10.701000  0.000000e+00  2.562379e+02 
    0.000   10.804001  0.000000e+00  2.561737e+02 
    0.000   10.907001  0.000000e+00  2.561034e+02 
    0.000   11.010000  0.000000e+00  2.560284e+02 
    0.000   11.113001  0.000000e+00  2.559443e+02 
    0.000   11.215000  0.000000e+00  2.558551e+02 
    0.000   11.318001  0.000000e+00  2.557615e+02 
    0.000   11.421000  0.000000e+00  2.556631e+02 
    0.000   11.524000  0.000000e+00  2.555615e+02 
    0.000   11.627001  0.000000e+00  2.554583e+02 
    0.000   11.730000  0.000000e+00  2.553531e+02 
    0.000   11.833000  0.000000e+00  2.552467e+02 
    0.000   11.936001  0.000000e+00  2.551399e+02 
    0.000   12.039001  0.000000e+00  2.550354e+02 
    0.000   12.141001  0.000000e+00  2.549340e+02 
    0.000   12.244000  0.000000e+00  2.548330e+02 
    0.000   12.347000  0.000000e+00  2.547379e+02 
    0.000   12.450001  0.000000e+00  2.546483e+02 
    0.000   12.553000  0.000000e+00  2.545623e+02 
    0.000   12.656000  0.000000e+00  2.544798e+02 
    0.000   12.759001  0.000000e+00  2.544007e+02 
    0.000   12.862000  0.000000e+00  2.543240e+02 
    0.000   12.965000  0.000000e+00  2.542501e+02 
    0.000   13.068001  0.000000e+00  2.541790e+02 
    0.000   13.170000  0.000000e+00  2.541107e+02 
    0.000   13.273001  0.000000e+00  2.540431e+02 
    0.000   13.376000  0.000000e+00  2.539759e+02 
    0.000   13.479000  0.000000e+00  2.539090e+02 
    0.000   13.582001  0.000000e+00  2.538429e+02 
    0.000   13.685000  0.000000e+00  2.537768e+02 
    0.000   13.788000  0.000000e+00  2.537111e+02 
    0.000   13.891001  0.000000e+00  2.536458e+02 
    0.000   13.994000  0.000000e+00  2.535827e+02 
    0.000   14.096001  0.000000e+00  2.535222e+02 
    0.000   14.199000  0.000000e+00  2.534625e+02 
    0.000   14.302000  0.000000e+00  2.534049e+02 
    0.000   14.405001  0.000000e+00  2.533497e+02 
    0.000   14.508000  0.000000e+00  2.532964e+02 
    0.000   14.611000  0.000000e+00  2.532442e+02 
    0.000   14.714001  0.000000e+00  2.531918e+02 
    0.000   14.817000  0.000000e+00  2.531395e+02 
    0.000   14.920000  0.000000e+00  2.530877e+02 
    0.000   15.022000  0.000000e+00  2.530368e+02 
    0.000   15.125000  0.000000e+00  2.529860e+02 
    0.000   15.228001  0.000000e+00  2.529358e+02 
    0.000   15.331000  0.000000e+00  2.528850e+02 
    0.000   15.434000  0.000000e+00  2.528330e+02 
    0.000   15.537001  0.000000e+00  2.527803e+02 
    0.000   15.640000  0.000000e+00  2.527277e+02 
    0.000   15.743000  0.000000e+00  2.526766e+02 
    0.000   15.846001  0.000000e+00  2.526266e+02 
    0.000   15.948001  0.000000e+00  2.525780e+02 
    0.000   16.050999  0.000000e+00  2.525316e+02 
    0.000   16.153999  0.000000e+00  2.524881e+02 
    0.000   16.257000  0.000000e+00  2.524464e+02 
    0.000   16.359999  0.000000e+00  2.524049e+02 
    0.000   16.462999  0.000000e+00  2.523613e+02 
    0.000   16.566000  0.000000e+00  2.523161e+02 
    0.000   16.668999  0.000000e+00  2.522704e+02 
    0.000   16.771999  0.000000e+00  2.522238e+02 
    0.000   16.873999  0.000000e+00  2.521770e+02 
    0.000   16.976999  0.000000e+00  2.521294e+02 
    0.000   17.080000  0.000000e+00  2.520818e+02 
    0.000   17.182999  0.000000e+00  2.520345e+02 
    0.000   17.285999  0.000000e+00  2.519874e+02 
    0.000   17.389000  0.000000e+00  2.519404e+02 
    0.000   17.491999  0.000000e+00  2.518935e+02 
    0.000   17.594999  0.000000e+00  2.518468e+02 
    0.000   17.698000  0.000000e+00  2.518003e+02 
    0.000   17.800999  0.000000e+00  2.517543e+02 
    0.000   17.903000  0.000000e+00  2.517097e+02 
    0.000   18.005999  0.000000e+00  2.516656e+02 
    0.000   18.108999  0.000000e+00  2.516222e+02 
    0.000   18.212000  0.000000e+00  2.515806e+02 
    0.000   18.314999  0.000000e+00  2.515408e+02 
    0.000   18.417999  0.000000e+00  2.515024e+02 
    0.000   18.521000  0.000000e+00  2.514652e+02 
    0.000   18.623999  0.000000e+00  2.514291e+02 
    0.000   18.726999  0.000000e+00  2.513940e+02 
    0.000   18.828999  0.000000e+00  2.513602e+02 
    0.000   18.931999  0.000000e+00  2.513270e+02 
    0.000   19.035000  0.000000e+00  2.512946e+02 
    0.000   19.137999  0.000000e+00  2.512630e+02 
    0.000   19.240999  0.000000e+00  2.512322e+02 
    0.000   19.344000  0.000000e+00  2.512012e+02 
    0.000   19.446999  0.000000e+00  2.511696e+02 
    0.000   19.549999  0.000000e+00  2.511379e+02 
    0.000   19.653000  0.000000e+00  2.511063e+02 
    0.000   19.754999  0.000000e+00  2.510740e+02 
    0.000   19.858000  0.000000e+00  2.510405e+02 
    0.000   19.960999  0.000000e+00  2.510064e+02 
    0.000   20.063999  0.000000e+00  2.509719e+02 
    0.000   20.362999  0.000000e+00  2.508725e+02 
    0.000   20.858999  0.000000e+00  2.507194e+02 
    0.000   21.355000  0.000000e+00  2.505935e+02 
    0.000   21.851000  0.000000e+00  2.504874e+02 
    0.000   22.345999  0.000000e+00  2.503875e+02 
    0.000   22.841999  0.000000e+00  2.502876e+02 
    0.000   23.337999  0.000000e+00  2.501899e+02 
    0.000   23.834000  0.000000e+00  2.501067e+02 
    0.000   24.328999  0.000000e+00  2.500515e+02 
    0.000   24.824999  0.000000e+00  2.500234e+02 
    0.000   25.320999  0.000000e+00  2.500136e+02 
    0.000   25.816999  0.000000e+00  2.500019e+02 
    0.000   26.312000  0.000000e+00  2.499910e+02 
    0.000   26.807999  0.000000e+00  2.499911e+02 
    0.000   27.303999  0.000000e+00  2.500003e+02 
    0.000   27.799999  0.000000e+00  2.500180e+02 
    0.000   28.295000  0.000000e+00  2.500459e+02 
    0.000   28.791000  0.000000e+00  2.500804e+02 
    0.000   29.286999  0.000000e+00  2.501179e+02 
    0.000   29.782999  0.000000e+00  2.501605e+02 
    0.000   30.278000  0.000000e+00  2.502101e+02 
    0.000   30.774000  0.000000e+00  2.502642e+02 
    0.000   31.269999  0.000000e+00  2.503201e+02 
    0.000   31.765999  0.000000e+00  2.503758e+02 
    0.000   32.260998  0.000000e+00  2.504319e+02 
    0.000   32.757000  0.000000e+00  2.504883e+02 
    0.000   33.252998  0.000000e+00  2.505430e+02 
    0.000   33.749001  0.000000e+00  2.505977e+02 
    0.000   34.243999  0.000000e+00  2.506532e+02 
    0.000   34.739998  0.000000e+00  2.507121e+02 
    0.000   35.236000  0.000000e+00  2.507739e+02 
    0.000   35.731998  0.000000e+00  2.508343e+02 
    0.000   36.227001  0.000000e+00  2.508925e+02 
    0.000   36.723000  0.000000e+00  2.509448e+02 
    0.000   37.218998  0.000000e+00  2.509918e+02 
    0.000   37.715000  0.000000e+00  2.510356e+02 
    0.000   38.209999  0.000000e+00  2.510766e+02 
    0.000   38.706001  0.000000e+00  2.511182e+02 
    0.000   39.202000  0.000000e+00  2.511612e+02 
    0.000   39.697998  0.000000e+00  2.512070e+02 
    0.000   40.197998  0.000000e+00  2.512569e+02 
    0.000   45.197998  0.000000e+00  2.517044e+02 
    0.000   50.197998  0.000000e+00  2.519292e+02 
    0.000   55.197998  0.000000e+00  2.519227e+02 
    0.000   60.197998  0.000000e+00  2.518556e+02 
    0.000   65.198006  0.000000e+00  2.518029e+02 
