    0.000    0.000000  0.000000e+00  3.500052e+02 
    0.000    0.102000  0.000000e+00  3.493081e+02 
    0.000    0.205000  0.000000e+00  3.479760e+02 
    0.000    0.308000  0.000000e+00  3.466353e+02 
    0.000    0.411000  0.000000e+00  3.452256e+02 
    0.000    0.514000  0.000000e+00  3.438758e+02 
    0.000    0.617000  0.000000e+00  3.423902e+02 
    0.000    0.720000  0.000000e+00  3.408665e+02 
    0.000    0.823000  0.000000e+00  3.394918e+02 
    0.000    0.926000  0.000000e+00  3.380367e+02 
    0.000    1.028000  0.000000e+00  3.364781e+02 
    0.000    1.131000  0.000000e+00  3.349360e+02 
    0.000    1.234000  0.000000e+00  3.333193e+02 
    0.000    1.337000  0.000000e+00  3.317394e+02 
    0.000    1.440000  0.000000e+00  3.301018e+02 
    0.000    1.543000  0.000000e+00  3.284205e+02 
    0.000    1.646000  0.000000e+00  3.269979e+02 
    0.000    1.749000  0.000000e+00  3.254984e+02 
    0.000    1.852000  0.000000e+00  3.238799e+02 
    0.000    1.954000  0.000000e+00  3.121323e+02 
    0.000    2.057000  0.000000e+00  3.067262e+02 
    0.000    2.160000  0.000000e+00  3.034594e+02 
    0.000    2.263000  0.000000e+00  3.012811e+02 
    0.000    2.366000  0.000000e+00  3.002324e+02 
    0.000    2.469000  0.000000e+00  2.991192e+02 
    0.000    2.572000  0.000000e+00  2.979677e+02 
    0.000    2.675000  0.000000e+00  2.967710e+02 
    0.000    2.778000  0.000000e+00  2.955291e+02 
    0.000    2.880000  0.000000e+00  2.942755e+02 
    0.000    2.983000  0.000000e+00  2.930110e+02 
    0.000    3.086000  0.000000e+00  2.917464e+02 
    0.000    3.189000  0.000000e+00  2.904671e+02 
    0.000    3.292000  0.000000e+00  2.891869e+02 
    0.000    3.395000  0.000000e+00  2.879204e+02 
    0.000    3.498000  0.000000e+00  2.866674e+02 
    0.000    3.601000  0.000000e+00  2.854316e+02 
    0.000    3.704000  0.000000e+00  2.842144e+02 
    0.000    3.806000  0.000000e+00  2.830183e+02 
    0.000    3.909000  0.000000e+00  2.818014e+02 
    0.000    4.012000  0.000000e+00  2.805863e+02 
    0.000    4.115000  0.000000e+00  2.793776e+02 
    0.000    4.218000  0.000000e+00  2.781781e+02 
    0.000    4.321000  0.000000e+00  2.769946e+02 
    0.000    4.424000  0.000000e+00  2.758187e+02 
    0.000    4.527000  0.000000e+00  2.746577e+02 
    0.000    4.630000  0.000000e+00  2.735111e+02 
    0.000    4.732000  0.000000e+00  2.723758e+02 
    0.000    4.835000  0.000000e+00  2.712439e+02 
    0.000    4.938000  0.000000e+00  2.701259e+02 
    0.000    5.041000  0.000000e+00  2.690201e+02 
    0.000    5.144000  0.000000e+00  2.679316e+02 
    0.000    5.247000  0.000000e+00  2.668507e+02 
    0.000    5.350000  0.000000e+00  2.657813e+02 
    0.000    5.453000  0.000000e+00  2.647271e+02 
    0.000    5.556000  0.000000e+00  2.636827e+02 
    0.000    5.659000  0.000000e+00  2.626534e+02 
    0.000    5.761000  0.000000e+00  2.616484e+02 
    0.000    5.864000  0.000000e+00  2.606520e+02 
    0.000    5.967000  0.000000e+00  2.596754e+02 
    0.000    6.070000  0.000000e+00  2.587159e+02 
    0.000    6.173000  0.000000e+00  2.577717e+02 
    0.000    6.276000  0.000000e+00  2.568437e+02 
    0.000    6.379000  0.000000e+00  2.559455e+02 
    0.000    6.482000  0.000000e+00  2.550714e+02 
    0.000    6.585000  0.000000e+00  2.542232e+02 
    0.000    6.687000  0.000000e+00  2.534212e+02 
    0.000    6.790000  0.000000e+00  2.526433e+02 
    0.000    6.893000  0.000000e+00  2.519264e+02 
    0.000    6.996000  0.000000e+00  2.512861e+02 
    0.000    7.099000  0.000000e+00  2.507004e+02 
    0.000    7.202000  0.000000e+00  2.502387e+02 
    0.000    7.305000  0.000000e+00  2.498872e+02 
    0.000    7.408000  0.000000e+00  2.496058e+02 
    0.000    7.511000  0.000000e+00  2.494296e+02 
    0.000    7.613000  0.000000e+00  2.493252e+02 
    0.000    7.716000  0.000000e+00  2.492510e+02 
    0.000    7.819000  0.000000e+00  2.491820e+02 
    0.000    7.922000  0.000000e+00  2.491196e+02 
    0.000    8.025000  0.000000e+00  2.490380e+02 
    0.000    8.128000  0.000000e+00  2.489160e+02 
    0.000    8.231000  0.000000e+00  2.487708e+02 
    0.000    8.334000  0.000000e+00  2.486103e+02 
    0.000    8.437000  0.000000e+00  2.484388e+02 
    0.000    8.539000  0.000000e+00  2.482630e+02 
    0.000    8.642000  0.000000e+00  2.480868e+02 
    0.000    8.745000  0.000000e+00  2.479124e+02 
    0.000    8.848000  0.000000e+00  2.477385e+02 
    0.000    8.951000  0.000000e+00  2.475730e+02 
    0.000    9.054000  0.000000e+00  2.474132e+02 
    0.000    9.157000  0.000000e+00  2.472597e+02 
    0.000    9.260000  0.000000e+00  2.471310e+02 
    0.000    9.363000  0.000000e+00  2.470202e+02 
    0.000    9.465000  0.000000e+00  2.469230e+02 
    0.000    9.568000  0.000000e+00  2.468419e+02 
    0.000    9.671000  0.000000e+00  2.467737e+02 
    0.000    9.774000  0.000000e+00  2.467130e+02 
    0.000    9.877000  0.000000e+00  2.466548e+02 
    0.000    9.980000  0.000000e+00  2.465995e+02 
    0.000   10.083000  0.000000e+00  2.465430e+02 
    0.000   10.186000  0.000000e+00  2.464784e+02 
    0.000   10.289000  0.000000e+00  2.464095e+02 
    0.000   10.391000  0.000000e+00  2.463450e+02 
    0.000   10.494000  0.000000e+00  2.462919e+02 
    0.000   10.597000  0.000000e+00  2.462477e+02 
    0.000   10.700000  0.000000e+00  2.462037e+02 
    0.000   10.803000  0.000000e+00  2.461495e+02 
    0.000   10.906000  0.000000e+00  2.460889e+02 
    0.000   11.009000  0.000000e+00  2.460233e+02 
    0.000   11.112000  0.000000e+00  2.459482e+02 
    0.000   11.215000  0.000000e+00  2.458667e+02 
    0.000   11.317000  0.000000e+00  2.457822e+02 
    0.000   11.420000  0.000000e+00  2.456921e+02 
    0.000   11.523000  0.000000e+00  2.455988e+02 
    0.000   11.626000  0.000000e+00  2.455036e+02 
    0.000   11.729000  0.000000e+00  2.454064e+02 
    0.000   11.832000  0.000000e+00  2.453079e+02 
    0.000   11.935000  0.000000e+00  2.452089e+02 
    0.000   12.038000  0.000000e+00  2.451129e+02 
    0.000   12.141000  0.000000e+00  2.450194e+02 
    0.000   12.244000  0.000000e+00  2.449274e+02 
    0.000   12.346000  0.000000e+00  2.448415e+02 
    0.000   12.449000  0.000000e+00  2.447596e+02 
    0.000   12.552000  0.000000e+00  2.446808e+02 
    0.000   12.655000  0.000000e+00  2.446054e+02 
    0.000   12.758000  0.000000e+00  2.445331e+02 
    0.000   12.861000  0.000000e+00  2.444633e+02 
    0.000   12.964000  0.000000e+00  2.443954e+02 
    0.000   13.067000  0.000000e+00  2.443292e+02 
    0.000   13.170000  0.000000e+00  2.442644e+02 
    0.000   13.272000  0.000000e+00  2.442009e+02 
    0.000   13.375000  0.000000e+00  2.441364e+02 
    0.000   13.478000  0.000000e+00  2.440718e+02 
    0.000   13.581000  0.000000e+00  2.440076e+02 
    0.000   13.684000  0.000000e+00  2.439435e+02 
    0.000   13.787000  0.000000e+00  2.438796e+02 
    0.000   13.890000  0.000000e+00  2.438162e+02 
    0.000   13.993000  0.000000e+00  2.437552e+02 
    0.000   14.096000  0.000000e+00  2.436966e+02 
    0.000   14.198000  0.000000e+00  2.436401e+02 
    0.000   14.301000  0.000000e+00  2.435857e+02 
    0.000   14.404000  0.000000e+00  2.435345e+02 
    0.000   14.507000  0.000000e+00  2.434856e+02 
    0.000   14.610000  0.000000e+00  2.434381e+02 
    0.000   14.713000  0.000000e+00  2.433908e+02 
    0.000   14.816000  0.000000e+00  2.433437e+02 
    0.000   14.919000  0.000000e+00  2.432974e+02 
    0.000   15.022000  0.000000e+00  2.432511e+02 
    0.000   15.124000  0.000000e+00  2.432055e+02 
    0.000   15.227000  0.000000e+00  2.431599e+02 
    0.000   15.330000  0.000000e+00  2.431141e+02 
    0.000   15.433000  0.000000e+00  2.430678e+02 
    0.000   15.536000  0.000000e+00  2.430213e+02 
    0.000   15.639000  0.000000e+00  2.429747e+02 
    0.000   15.742000  0.000000e+00  2.429272e+02 
    0.000   15.845000  0.000000e+00  2.428792e+02 
    0.000   15.948000  0.000000e+00  2.428311e+02 
    0.000   16.049999  0.000000e+00  2.427861e+02 
    0.000   16.153000  0.000000e+00  2.427435e+02 
    0.000   16.256001  0.000000e+00  2.427029e+02 
    0.000   16.358999  0.000000e+00  2.426630e+02 
    0.000   16.462000  0.000000e+00  2.426228e+02 
    0.000   16.565001  0.000000e+00  2.425825e+02 
    0.000   16.667999  0.000000e+00  2.425423e+02 
    0.000   16.771000  0.000000e+00  2.425005e+02 
    0.000   16.874001  0.000000e+00  2.424576e+02 
    0.000   16.976999  0.000000e+00  2.424139e+02 
    0.000   17.079000  0.000000e+00  2.423704e+02 
    0.000   17.181999  0.000000e+00  2.423266e+02 
    0.000   17.285000  0.000000e+00  2.422829e+02 
    0.000   17.388000  0.000000e+00  2.422392e+02 
    0.000   17.490999  0.000000e+00  2.421955e+02 
    0.000   17.594000  0.000000e+00  2.421519e+02 
    0.000   17.697001  0.000000e+00  2.421082e+02 
    0.000   17.799999  0.000000e+00  2.420649e+02 
    0.000   17.903000  0.000000e+00  2.420221e+02 
    0.000   18.004999  0.000000e+00  2.419802e+02 
    0.000   18.108000  0.000000e+00  2.419384e+02 
    0.000   18.211000  0.000000e+00  2.418982e+02 
    0.000   18.313999  0.000000e+00  2.418597e+02 
    0.000   18.417000  0.000000e+00  2.418224e+02 
    0.000   18.520000  0.000000e+00  2.417863e+02 
    0.000   18.622999  0.000000e+00  2.417516e+02 
    0.000   18.726000  0.000000e+00  2.417181e+02 
    0.000   18.829000  0.000000e+00  2.416855e+02 
    0.000   18.931000  0.000000e+00  2.416541e+02 
    0.000   19.034000  0.000000e+00  2.416235e+02 
    0.000   19.136999  0.000000e+00  2.415937e+02 
    0.000   19.240000  0.000000e+00  2.415647e+02 
    0.000   19.343000  0.000000e+00  2.415358e+02 
    0.000   19.445999  0.000000e+00  2.415071e+02 
    0.000   19.549000  0.000000e+00  2.414786e+02 
    0.000   19.652000  0.000000e+00  2.414504e+02 
    0.000   19.754999  0.000000e+00  2.414210e+02 
    0.000   19.857000  0.000000e+00  2.413907e+02 
    0.000   19.959999  0.000000e+00  2.413593e+02 
    0.000   20.063000  0.000000e+00  2.413274e+02 
    0.000   20.363001  0.000000e+00  2.412323e+02 
    0.000   20.858000  0.000000e+00  2.410850e+02 
    0.000   21.354000  0.000000e+00  2.409643e+02 
    0.000   21.850000  0.000000e+00  2.408648e+02 
    0.000   22.346001  0.000000e+00  2.407731e+02 
    0.000   22.841000  0.000000e+00  2.406834e+02 
    0.000   23.337000  0.000000e+00  2.405944e+02 
    0.000   23.833000  0.000000e+00  2.405168e+02 
    0.000   24.329000  0.000000e+00  2.404646e+02 
    0.000   24.823999  0.000000e+00  2.404389e+02 
    0.000   25.320000  0.000000e+00  2.404308e+02 
    0.000   25.816000  0.000000e+00  2.404241e+02 
    0.000   26.312000  0.000000e+00  2.404124e+02 
    0.000   26.806999  0.000000e+00  2.404104e+02 
    0.000   27.302999  0.000000e+00  2.404229e+02 
    0.000   27.799000  0.000000e+00  2.404458e+02 
    0.000   28.295000  0.000000e+00  2.404759e+02 
    0.000   28.790001  0.000000e+00  2.405148e+02 
    0.000   29.285999  0.000000e+00  2.405557e+02 
    0.000   29.782000  0.000000e+00  2.405990e+02 
    0.000   30.278000  0.000000e+00  2.406476e+02 
    0.000   30.773001  0.000000e+00  2.407029e+02 
    0.000   31.268999  0.000000e+00  2.407608e+02 
    0.000   31.764999  0.000000e+00  2.408172e+02 
    0.000   32.261002  0.000000e+00  2.408727e+02 
    0.000   32.756001  0.000000e+00  2.409276e+02 
    0.000   33.251999  0.000000e+00  2.409821e+02 
    0.000   33.748001  0.000000e+00  2.410373e+02 
    0.000   34.243999  0.000000e+00  2.410937e+02 
    0.000   34.738998  0.000000e+00  2.411537e+02 
    0.000   35.235001  0.000000e+00  2.412170e+02 
    0.000   35.730999  0.000000e+00  2.412788e+02 
    0.000   36.227001  0.000000e+00  2.413386e+02 
    0.000   36.722000  0.000000e+00  2.413914e+02 
    0.000   37.217999  0.000000e+00  2.414383e+02 
    0.000   37.714001  0.000000e+00  2.414817e+02 
    0.000   38.209999  0.000000e+00  2.415224e+02 
    0.000   38.705002  0.000000e+00  2.415639e+02 
    0.000   39.201000  0.000000e+00  2.416074e+02 
    0.000   39.696999  0.000000e+00  2.416537e+02 
    0.000   40.196999  0.000000e+00  2.417035e+02 
    0.000   45.196999  0.000000e+00  2.421515e+02 
    0.000   50.196999  0.000000e+00  2.423743e+02 
    0.000   55.196999  0.000000e+00  2.423682e+02 
    0.000   60.196999  0.000000e+00  2.423015e+02 
    0.000   65.196999  0.000000e+00  2.422487e+02 
