    0.000    0.000000  0.000000e+00  3.518966e+02 
    0.000    0.103000  0.000000e+00  3.509474e+02 
    0.000    0.206000  0.000000e+00  3.497217e+02 
    0.000    0.308000  0.000000e+00  3.483736e+02 
    0.000    0.411000  0.000000e+00  3.469115e+02 
    0.000    0.514000  0.000000e+00  3.453716e+02 
    0.000    0.617000  0.000000e+00  3.437986e+02 
    0.000    0.720000  0.000000e+00  3.421735e+02 
    0.000    0.823000  0.000000e+00  3.405514e+02 
    0.000    0.926000  0.000000e+00  3.389553e+02 
    0.000    1.029000  0.000000e+00  3.374387e+02 
    0.000    1.132000  0.000000e+00  3.359512e+02 
    0.000    1.234000  0.000000e+00  3.344713e+02 
    0.000    1.337000  0.000000e+00  3.329526e+02 
    0.000    1.440000  0.000000e+00  3.313131e+02 
    0.000    1.543000  0.000000e+00  3.295397e+02 
    0.000    1.646000  0.000000e+00  3.278902e+02 
    0.000    1.749000  0.000000e+00  3.264631e+02 
    0.000    1.852000  0.000000e+00  3.096943e+02 
    0.000    1.955000  0.000000e+00  3.041665e+02 
    0.000    2.058000  0.000000e+00  3.004084e+02 
    0.000    2.160000  0.000000e+00  2.972961e+02 
    0.000    2.263000  0.000000e+00  2.963282e+02 
    0.000    2.366000  0.000000e+00  2.953070e+02 
    0.000    2.469000  0.000000e+00  2.942402e+02 
    0.000    2.572000  0.000000e+00  2.931292e+02 
    0.000    2.675000  0.000000e+00  2.919681e+02 
    0.000    2.778000  0.000000e+00  2.907546e+02 
    0.000    2.881000  0.000000e+00  2.895237e+02 
    0.000    2.984000  0.000000e+00  2.882966e+02 
    0.000    3.086000  0.000000e+00  2.870778e+02 
    0.000    3.189000  0.000000e+00  2.858372e+02 
    0.000    3.292000  0.000000e+00  2.845961e+02 
    0.000    3.395000  0.000000e+00  2.833607e+02 
    0.000    3.498000  0.000000e+00  2.821331e+02 
    0.000    3.601000  0.000000e+00  2.809148e+02 
    0.000    3.704000  0.000000e+00  2.797060e+02 
    0.000    3.807000  0.000000e+00  2.785052e+02 
    0.000    3.910000  0.000000e+00  2.772780e+02 
    0.000    4.012000  0.000000e+00  2.760493e+02 
    0.000    4.115000  0.000000e+00  2.748185e+02 
    0.000    4.218000  0.000000e+00  2.736044e+02 
    0.000    4.321000  0.000000e+00  2.724074e+02 
    0.000    4.424000  0.000000e+00  2.712213e+02 
    0.000    4.527000  0.000000e+00  2.700514e+02 
    0.000    4.630000  0.000000e+00  2.688927e+02 
    0.000    4.733000  0.000000e+00  2.677274e+02 
    0.000    4.836000  0.000000e+00  2.665699e+02 
    0.000    4.938000  0.000000e+00  2.654291e+02 
    0.000    5.041000  0.000000e+00  2.642883e+02 
    0.000    5.144000  0.000000e+00  2.631648e+02 
    0.000    5.247000  0.000000e+00  2.620549e+02 
    0.000    5.350000  0.000000e+00  2.609617e+02 
    0.000    5.453000  0.000000e+00  2.598866e+02 
    0.000    5.556000  0.000000e+00  2.588206e+02 
    0.000    5.659000  0.000000e+00  2.577696e+02 
    0.000    5.762000  0.000000e+00  2.567379e+02 
    0.000    5.865000  0.000000e+00  2.557275e+02 
    0.000    5.967000  0.000000e+00  2.547461e+02 
    0.000    6.070000  0.000000e+00  2.537844e+02 
    0.000    6.173000  0.000000e+00  2.528514e+02 
    0.000    6.276000  0.000000e+00  2.517919e+02 
    0.000    6.379000  0.000000e+00  2.509062e+02 
    0.000    6.482000  0.000000e+00  2.500391e+02 
    0.000    6.585000  0.000000e+00  2.491936e+02 
    0.000    6.688000  0.000000e+00  2.482426e+02 
    0.000    6.791000  0.000000e+00  2.472265e+02 
    0.000    6.893000  0.000000e+00  2.461718e+02 
    0.000    6.996000  0.000000e+00  2.453896e+02 
    0.000    7.099000  0.000000e+00  2.446646e+02 
    0.000    7.202000  0.000000e+00  2.441363e+02 
    0.000    7.305000  0.000000e+00  2.437188e+02 
    0.000    7.408000  0.000000e+00  2.433264e+02 
    0.000    7.511000  0.000000e+00  2.430926e+02 
    0.000    7.614000  0.000000e+00  2.428065e+02 
    0.000    7.717000  0.000000e+00  2.420764e+02 
    0.000    7.819000  0.000000e+00  2.419006e+02 
    0.000    7.922000  0.000000e+00  2.415420e+02 
    0.000    8.025001  0.000000e+00  2.413265e+02 
    0.000    8.128000  0.000000e+00  2.411712e+02 
    0.000    8.231001  0.000000e+00  2.409805e+02 
    0.000    8.334001  0.000000e+00  2.406433e+02 
    0.000    8.437000  0.000000e+00  2.403514e+02 
    0.000    8.540000  0.000000e+00  2.401312e+02 
    0.000    8.643001  0.000000e+00  2.398913e+02 
    0.000    8.745001  0.000000e+00  2.395788e+02 
    0.000    8.848001  0.000000e+00  2.388542e+02 
    0.000    8.951000  0.000000e+00  2.387098e+02 
    0.000    9.054001  0.000000e+00  2.385713e+02 
    0.000    9.157001  0.000000e+00  2.384381e+02 
    0.000    9.260000  0.000000e+00  2.383292e+02 
    0.000    9.363001  0.000000e+00  2.382380e+02 
    0.000    9.466001  0.000000e+00  2.381566e+02 
    0.000    9.569000  0.000000e+00  2.380822e+02 
    0.000    9.671000  0.000000e+00  2.380145e+02 
    0.000    9.774000  0.000000e+00  2.379531e+02 
    0.000    9.877001  0.000000e+00  2.379028e+02 
    0.000    9.980000  0.000000e+00  2.378607e+02 
    0.000   10.083000  0.000000e+00  2.378203e+02 
    0.000   10.186001  0.000000e+00  2.377732e+02 
    0.000   10.289001  0.000000e+00  2.377227e+02 
    0.000   10.392000  0.000000e+00  2.376743e+02 
    0.000   10.495001  0.000000e+00  2.376335e+02 
    0.000   10.597000  0.000000e+00  2.375992e+02 
    0.000   10.700001  0.000000e+00  2.375638e+02 
    0.000   10.803000  0.000000e+00  2.375175e+02 
    0.000   10.906000  0.000000e+00  2.374641e+02 
    0.000   11.009001  0.000000e+00  2.374055e+02 
    0.000   11.112000  0.000000e+00  2.373366e+02 
    0.000   11.215000  0.000000e+00  2.372608e+02 
    0.000   11.318001  0.000000e+00  2.371809e+02 
    0.000   11.421000  0.000000e+00  2.370965e+02 
    0.000   11.524000  0.000000e+00  2.370090e+02 
    0.000   11.626000  0.000000e+00  2.369203e+02 
    0.000   11.729000  0.000000e+00  2.368286e+02 
    0.000   11.832001  0.000000e+00  2.367354e+02 
    0.000   11.935000  0.000000e+00  2.366414e+02 
    0.000   12.038000  0.000000e+00  2.365492e+02 
    0.000   12.141001  0.000000e+00  2.364585e+02 
    0.000   12.244000  0.000000e+00  2.363687e+02 
    0.000   12.347000  0.000000e+00  2.362846e+02 
    0.000   12.450001  0.000000e+00  2.362058e+02 
    0.000   12.552000  0.000000e+00  2.361310e+02 
    0.000   12.655001  0.000000e+00  2.360591e+02 
    0.000   12.758000  0.000000e+00  2.359904e+02 
    0.000   12.861000  0.000000e+00  2.359241e+02 
    0.000   12.964001  0.000000e+00  2.358602e+02 
    0.000   13.067000  0.000000e+00  2.357986e+02 
    0.000   13.170000  0.000000e+00  2.357390e+02 
    0.000   13.273001  0.000000e+00  2.356806e+02 
    0.000   13.376000  0.000000e+00  2.356231e+02 
    0.000   13.478001  0.000000e+00  2.355670e+02 
    0.000   13.581000  0.000000e+00  2.355111e+02 
    0.000   13.684000  0.000000e+00  2.354551e+02 
    0.000   13.787001  0.000000e+00  2.353993e+02 
    0.000   13.890000  0.000000e+00  2.353438e+02 
    0.000   13.993000  0.000000e+00  2.352898e+02 
    0.000   14.096001  0.000000e+00  2.352375e+02 
    0.000   14.199000  0.000000e+00  2.351864e+02 
    0.000   14.302000  0.000000e+00  2.351367e+02 
    0.000   14.404000  0.000000e+00  2.350890e+02 
    0.000   14.507000  0.000000e+00  2.350421e+02 
    0.000   14.610001  0.000000e+00  2.349959e+02 
    0.000   14.713000  0.000000e+00  2.349495e+02 
    0.000   14.816000  0.000000e+00  2.349031e+02 
    0.000   14.919001  0.000000e+00  2.348570e+02 
    0.000   15.022000  0.000000e+00  2.348113e+02 
    0.000   15.125000  0.000000e+00  2.347660e+02 
    0.000   15.228001  0.000000e+00  2.347211e+02 
    0.000   15.330001  0.000000e+00  2.346762e+02 
    0.000   15.433001  0.000000e+00  2.346298e+02 
    0.000   15.536000  0.000000e+00  2.345830e+02 
    0.000   15.639001  0.000000e+00  2.345366e+02 
    0.000   15.742001  0.000000e+00  2.344931e+02 
    0.000   15.845000  0.000000e+00  2.344518e+02 
    0.000   15.948001  0.000000e+00  2.344122e+02 
    0.000   16.050999  0.000000e+00  2.343741e+02 
    0.000   16.153999  0.000000e+00  2.343373e+02 
    0.000   16.257000  0.000000e+00  2.343017e+02 
    0.000   16.358999  0.000000e+00  2.342658e+02 
    0.000   16.462000  0.000000e+00  2.342265e+02 
    0.000   16.564999  0.000000e+00  2.341852e+02 
    0.000   16.667999  0.000000e+00  2.341427e+02 
    0.000   16.771000  0.000000e+00  2.340999e+02 
    0.000   16.873999  0.000000e+00  2.340567e+02 
    0.000   16.976999  0.000000e+00  2.340133e+02 
    0.000   17.080000  0.000000e+00  2.339700e+02 
    0.000   17.182999  0.000000e+00  2.339267e+02 
    0.000   17.285000  0.000000e+00  2.338839e+02 
    0.000   17.387999  0.000000e+00  2.338407e+02 
    0.000   17.490999  0.000000e+00  2.337982e+02 
    0.000   17.594000  0.000000e+00  2.337563e+02 
    0.000   17.696999  0.000000e+00  2.337147e+02 
    0.000   17.799999  0.000000e+00  2.336740e+02 
    0.000   17.903000  0.000000e+00  2.336346e+02 
    0.000   18.005999  0.000000e+00  2.335964e+02 
    0.000   18.108999  0.000000e+00  2.335590e+02 
    0.000   18.210999  0.000000e+00  2.335237e+02 
    0.000   18.313999  0.000000e+00  2.334898e+02 
    0.000   18.417000  0.000000e+00  2.334573e+02 
    0.000   18.519999  0.000000e+00  2.334259e+02 
    0.000   18.622999  0.000000e+00  2.333951e+02 
    0.000   18.726000  0.000000e+00  2.333650e+02 
    0.000   18.828999  0.000000e+00  2.333354e+02 
    0.000   18.931999  0.000000e+00  2.333066e+02 
    0.000   19.035000  0.000000e+00  2.332787e+02 
    0.000   19.136999  0.000000e+00  2.332517e+02 
    0.000   19.240000  0.000000e+00  2.332251e+02 
    0.000   19.343000  0.000000e+00  2.331981e+02 
    0.000   19.445999  0.000000e+00  2.331703e+02 
    0.000   19.549000  0.000000e+00  2.331422e+02 
    0.000   19.652000  0.000000e+00  2.331140e+02 
    0.000   19.754999  0.000000e+00  2.330851e+02 
    0.000   19.858000  0.000000e+00  2.330554e+02 
    0.000   19.960999  0.000000e+00  2.330253e+02 
    0.000   20.063000  0.000000e+00  2.329951e+02 
    0.000   20.362999  0.000000e+00  2.329083e+02 
    0.000   20.858999  0.000000e+00  2.327771e+02 
    0.000   21.354000  0.000000e+00  2.326703e+02 
    0.000   21.850000  0.000000e+00  2.325801e+02 
    0.000   22.345999  0.000000e+00  2.324939e+02 
    0.000   22.841999  0.000000e+00  2.324041e+02 
    0.000   23.337000  0.000000e+00  2.323159e+02 
    0.000   23.833000  0.000000e+00  2.322424e+02 
    0.000   24.328999  0.000000e+00  2.321964e+02 
    0.000   24.824999  0.000000e+00  2.321777e+02 
    0.000   25.320000  0.000000e+00  2.321747e+02 
    0.000   25.816000  0.000000e+00  2.321686e+02 
    0.000   26.312000  0.000000e+00  2.321671e+02 
    0.000   26.807999  0.000000e+00  2.321738e+02 
    0.000   27.302999  0.000000e+00  2.321866e+02 
    0.000   27.799000  0.000000e+00  2.322071e+02 
    0.000   28.295000  0.000000e+00  2.322378e+02 
    0.000   28.791000  0.000000e+00  2.322724e+02 
    0.000   29.285999  0.000000e+00  2.323118e+02 
    0.000   29.782000  0.000000e+00  2.323579e+02 
    0.000   30.278000  0.000000e+00  2.324109e+02 
    0.000   30.774000  0.000000e+00  2.324672e+02 
    0.000   31.268999  0.000000e+00  2.325247e+02 
    0.000   31.764999  0.000000e+00  2.325829e+02 
    0.000   32.260998  0.000000e+00  2.326414e+02 
    0.000   32.757000  0.000000e+00  2.326995e+02 
    0.000   33.251999  0.000000e+00  2.327560e+02 
    0.000   33.748001  0.000000e+00  2.328123e+02 
    0.000   34.243999  0.000000e+00  2.328692e+02 
    0.000   34.739998  0.000000e+00  2.329291e+02 
    0.000   35.235001  0.000000e+00  2.329915e+02 
    0.000   35.730999  0.000000e+00  2.330522e+02 
    0.000   36.227001  0.000000e+00  2.331105e+02 
    0.000   36.723000  0.000000e+00  2.331634e+02 
    0.000   37.217999  0.000000e+00  2.332116e+02 
    0.000   37.714001  0.000000e+00  2.332563e+02 
    0.000   38.209999  0.000000e+00  2.332982e+02 
    0.000   38.706001  0.000000e+00  2.333403e+02 
    0.000   39.201000  0.000000e+00  2.333833e+02 
    0.000   39.696999  0.000000e+00  2.334292e+02 
    0.000   40.196999  0.000000e+00  2.334793e+02 
    0.000   45.196999  0.000000e+00  2.339275e+02 
    0.000   50.196999  0.000000e+00  2.341537e+02 
    0.000   55.196999  0.000000e+00  2.341474e+02 
    0.000   60.196999  0.000000e+00  2.340802e+02 
    0.000   65.197006  0.000000e+00  2.340277e+02 
