   66.870    0.000000  0.000000e+00  1.627284e+00 
   66.870    0.103000  0.000000e+00  1.657242e+00 
   66.870    0.206000  0.000000e+00  1.687223e+00 
   66.870    0.309000  0.000000e+00  1.717031e+00 
   66.870    0.412000  0.000000e+00  1.746671e+00 
   66.870    0.515000  0.000000e+00  1.776056e+00 
   66.870    0.617000  0.000000e+00  8.653211e+00 
   66.870    0.720000  0.000000e+00  1.859505e+01 
   66.870    0.823000  0.000000e+00  3.120403e+01 
   66.870    0.926000  0.000000e+00  4.631498e+01 
   66.870    1.029000  0.000000e+00  6.380705e+01 
   66.870    1.132000  0.000000e+00  8.365000e+01 
   66.870    1.235000  0.000000e+00  1.059104e+02 
   66.870    1.338000  3.379161e-40  1.308051e+02 
   66.870    1.441000  3.603067e-29  1.588151e+02 
   66.870    1.543000  1.922230e-17  1.905238e+02 
   66.870    1.646000  8.590095e-05  2.310676e+02 
   66.870    1.749000  9.248671e-05  2.309378e+02 
   66.870    1.852000  7.102999e-03  2.429807e+02 
   66.870    1.955000  1.636342e-01  2.557974e+02 
   66.870    2.058000  1.157466e+00  2.674431e+02 
   66.870    2.161000  3.777879e+00  2.767491e+02 
   66.870    2.264000  9.237569e+00  2.853812e+02 
   66.870    2.367000  2.012386e+01  2.942972e+02 
   66.870    2.469000  4.188219e+01  3.040377e+02 
   66.870    2.572000  7.456485e+01  3.125697e+02 
   66.870    2.675000  1.088666e+02  3.184632e+02 
   66.870    2.778000  1.316783e+02  3.213811e+02 
   66.870    2.881000  1.432607e+02  3.225628e+02 
   66.870    2.984000  1.483997e+02  3.229357e+02 
   66.870    3.087000  1.490536e+02  3.228020e+02 
   66.870    3.190000  1.497039e+02  3.226909e+02 
   66.870    3.293000  1.503505e+02  3.225988e+02 
   66.870    3.395000  1.509875e+02  3.225237e+02 
   66.870    3.498000  1.516275e+02  3.224622e+02 
   66.870    3.601000  1.522670e+02  3.224124e+02 
   66.870    3.704000  1.529083e+02  3.223727e+02 
   66.870    3.807000  1.535511e+02  3.223423e+02 
   66.870    3.910000  1.541954e+02  3.223204e+02 
   66.870    4.013000  1.548405e+02  3.223065e+02 
   66.870    4.116000  1.554833e+02  3.223006e+02 
   66.870    4.219000  1.561199e+02  3.223029e+02 
   66.870    4.321000  1.567421e+02  3.223127e+02 
   66.870    4.424000  1.573606e+02  3.223296e+02 
   66.870    4.527000  1.579678e+02  3.223530e+02 
   66.870    4.630000  1.585638e+02  3.223819e+02 
   66.870    4.733000  1.598718e+02  3.225131e+02 
   66.870    4.836000  1.611901e+02  3.226507e+02 
   66.870    4.939000  1.626231e+02  3.228083e+02 
   66.870    5.042000  1.641055e+02  3.229764e+02 
   66.870    5.145000  1.655902e+02  3.231484e+02 
   66.870    5.247000  1.670509e+02  3.233206e+02 
   66.870    5.350000  1.685926e+02  3.235060e+02 
   66.870    5.453000  1.721956e+02  3.239608e+02 
   66.870    5.556000  1.773562e+02  3.246030e+02 
   66.870    5.659000  1.871687e+02  3.257824e+02 
   66.870    5.762000  2.027748e+02  3.275348e+02 
   66.870    5.865000  2.240215e+02  3.297097e+02 
   66.870    5.968000  2.500532e+02  3.321010e+02 
   66.870    6.071000  2.793176e+02  3.344948e+02 
   66.870    6.173000  3.113389e+02  3.368208e+02 
   66.870    6.276000  3.380711e+02  3.385630e+02 
   66.870    6.379000  3.593051e+02  3.398347e+02 
   66.870    6.482000  4.423391e+02  3.465450e+02 
   66.870    6.585000  4.435071e+02  3.465743e+02 
   66.870    6.688000  4.446773e+02  3.466098e+02 
   66.870    6.791000  4.458500e+02  3.466494e+02 
   66.870    6.894000  4.470120e+02  3.466929e+02 
   66.870    6.997000  4.481461e+02  3.467400e+02 
   66.870    7.100000  4.492419e+02  3.467905e+02 
   66.870    7.202000  4.502695e+02  3.468435e+02 
   66.870    7.305000  4.512342e+02  3.468995e+02 
   66.870    7.408000  4.521241e+02  3.469574e+02 
   66.870    7.511000  4.529453e+02  3.470163e+02 
   66.870    7.614000  4.536965e+02  3.470760e+02 
   66.870    7.717000  4.544010e+02  3.471356e+02 
   66.870    7.820000  4.550893e+02  3.471947e+02 
   66.870    7.923000  4.557670e+02  3.472532e+02 
   66.870    8.026000  4.564368e+02  3.473111e+02 
   66.870    8.128000  4.570958e+02  3.473678e+02 
   66.870    8.231000  4.577562e+02  3.474243e+02 
   66.870    8.334000  4.584062e+02  3.474799e+02 
   66.870    8.437000  4.590401e+02  3.475344e+02 
   66.870    8.540000  4.596584e+02  3.475876e+02 
   66.870    8.643000  4.602650e+02  3.476394e+02 
   66.870    8.746000  4.608627e+02  3.476895e+02 
   66.870    8.849000  4.614514e+02  3.477379e+02 
   66.870    8.952000  4.620311e+02  3.477844e+02 
   66.870    9.054000  4.625952e+02  3.478285e+02 
   66.870    9.157000  4.631530e+02  3.478712e+02 
   66.870    9.260000  4.636987e+02  3.479120e+02 
   66.870    9.363000  4.642320e+02  3.479509e+02 
   66.870    9.466000  4.647534e+02  3.479881e+02 
   66.870    9.569000  4.652637e+02  3.480239e+02 
   66.870    9.672000  4.657631e+02  3.480583e+02 
   66.870    9.775000  4.662509e+02  3.480914e+02 
   66.870    9.878000  4.667260e+02  3.481233e+02 
   66.870    9.980000  4.671837e+02  3.481536e+02 
   66.870   10.083000  4.676683e+02  3.481823e+02 
   66.870   10.186000  4.681446e+02  3.482100e+02 
   66.870   10.289000  4.686132e+02  3.482367e+02 
   66.870   10.392000  4.690744e+02  3.482625e+02 
   66.870   10.495000  4.695288e+02  3.482872e+02 
   66.870   10.598000  4.699764e+02  3.483110e+02 
   66.870   10.701000  4.704169e+02  3.483340e+02 
   66.870   10.804000  4.708504e+02  3.483565e+02 
   66.870   10.906000  4.712729e+02  3.483782e+02 
   66.870   11.009000  4.716932e+02  3.483997e+02 
   66.870   11.112000  4.721083e+02  3.484208e+02 
   66.870   11.215000  4.725185e+02  3.484417e+02 
   66.870   11.318000  4.729237e+02  3.484623e+02 
   66.870   11.421000  4.733240e+02  3.484827e+02 
   66.870   11.524000  4.737194e+02  3.485029e+02 
   66.870   11.627000  4.741096e+02  3.485229e+02 
   66.870   11.730000  4.744946e+02  3.485428e+02 
   66.870   11.832000  4.748703e+02  3.485622e+02 
   66.870   11.935000  4.752442e+02  3.485818e+02 
   66.870   12.038000  4.756129e+02  3.486011e+02 
   66.870   12.141000  4.759763e+02  3.486203e+02 
   66.870   12.244000  4.763345e+02  3.486393e+02 
   66.870   12.347000  4.766877e+02  3.486581e+02 
   66.870   12.450000  4.770360e+02  3.486766e+02 
   66.870   12.553000  4.773793e+02  3.486948e+02 
   66.870   12.656000  4.777179e+02  3.487127e+02 
   66.870   12.759000  4.780518e+02  3.487301e+02 
   66.870   12.861000  4.783782e+02  3.487470e+02 
   66.870   12.964000  4.787037e+02  3.487635e+02 
   66.870   13.067000  4.790253e+02  3.487795e+02 
   66.870   13.170000  4.793431e+02  3.487950e+02 
   66.870   13.273000  4.796570e+02  3.488098e+02 
   66.870   13.376000  4.799674e+02  3.488241e+02 
   66.870   13.479000  4.802741e+02  3.488379e+02 
   66.870   13.582000  4.805773e+02  3.488510e+02 
   66.870   13.685000  4.808770e+02  3.488636e+02 
   66.870   13.787000  4.811704e+02  3.488755e+02 
   66.870   13.890000  4.814633e+02  3.488869e+02 
   66.870   13.993000  4.817530e+02  3.488976e+02 
   66.870   14.096000  4.820396e+02  3.489077e+02 
   66.870   14.199000  4.823229e+02  3.489170e+02 
   66.870   14.302000  4.826031e+02  3.489258e+02 
   66.870   14.405000  4.828802e+02  3.489338e+02 
   66.870   14.508000  4.831542e+02  3.489412e+02 
   66.870   14.611000  4.834251e+02  3.489480e+02 
   66.870   14.713000  4.836903e+02  3.489543e+02 
   66.870   14.816000  4.839550e+02  3.489601e+02 
   66.870   14.919000  4.842165e+02  3.489655e+02 
   66.870   15.022000  4.844749e+02  3.489705e+02 
   66.870   15.125000  4.847301e+02  3.489752e+02 
   66.870   15.228000  4.849822e+02  3.489796e+02 
   66.870   15.331000  4.852313e+02  3.489836e+02 
   66.870   15.434000  4.854774e+02  3.489873e+02 
   66.870   15.537000  4.857204e+02  3.489908e+02 
   66.870   15.639000  4.859581e+02  3.489939e+02 
   66.870   15.742000  4.861953e+02  3.489968e+02 
   66.870   15.845000  4.864296e+02  3.489994e+02 
   66.870   15.948000  4.866612e+02  3.490017e+02 
   66.870   16.051001  4.868903e+02  3.490037e+02 
   66.870   16.153999  4.871169e+02  3.490053e+02 
   66.870   16.257000  4.873412e+02  3.490066e+02 
   66.870   16.360001  4.875630e+02  3.490074e+02 
   66.870   16.462999  4.877824e+02  3.490079e+02 
   66.870   16.565001  4.879976e+02  3.490080e+02 
   66.870   16.667999  4.882126e+02  3.490077e+02 
   66.870   16.771000  4.884254e+02  3.490070e+02 
   66.870   16.874001  4.886363e+02  3.490058e+02 
   66.870   16.976999  4.888452e+02  3.490042e+02 
   66.870   17.080000  4.890522e+02  3.490020e+02 
   66.870   17.183001  4.892577e+02  3.489992e+02 
   66.870   17.285999  4.894618e+02  3.489957e+02 
   66.870   17.389000  4.896643e+02  3.489914e+02 
   66.870   17.492001  4.898656e+02  3.489864e+02 
   66.870   17.594000  4.900639e+02  3.489806e+02 
   66.870   17.697001  4.902628e+02  3.489739e+02 
   66.870   17.799999  4.904605e+02  3.489665e+02 
   66.870   17.903000  4.906569e+02  3.489585e+02 
   66.870   18.006001  4.908519e+02  3.489498e+02 
   66.870   18.108999  4.910454e+02  3.489406e+02 
   66.870   18.212000  4.912372e+02  3.489309e+02 
   66.870   18.315001  4.914273e+02  3.489210e+02 
   66.870   18.417999  4.916156e+02  3.489107e+02 
   66.870   18.520000  4.918003e+02  3.489001e+02 
   66.870   18.622999  4.919852e+02  3.488892e+02 
   66.870   18.726000  4.921685e+02  3.488778e+02 
   66.870   18.829000  4.923502e+02  3.488660e+02 
   66.870   18.931999  4.925304e+02  3.488538e+02 
   66.870   19.035000  4.927093e+02  3.488411e+02 
   66.870   19.138000  4.928871e+02  3.488279e+02 
   66.870   19.240999  4.930636e+02  3.488142e+02 
   66.870   19.344000  4.932389e+02  3.488001e+02 
   66.870   19.445999  4.934111e+02  3.487857e+02 
   66.870   19.549000  4.935839e+02  3.487708e+02 
   66.870   19.652000  4.937552e+02  3.487556e+02 
   66.870   19.754999  4.939253e+02  3.487400e+02 
   66.870   19.858000  4.940940e+02  3.487242e+02 
   66.870   19.961000  4.942613e+02  3.487081e+02 
   66.870   20.063999  4.944276e+02  3.486915e+02 
   66.870   20.363001  4.949049e+02  3.486407e+02 
   66.870   20.858999  4.956738e+02  3.485515e+02 
   66.870   21.355000  4.964142e+02  3.484566e+02 
   66.870   21.850000  4.971272e+02  3.483558e+02 
   66.870   22.346001  4.978114e+02  3.482529e+02 
   66.870   22.842001  4.984586e+02  3.481540e+02 
   66.870   23.337999  4.990640e+02  3.480627e+02 
   66.870   23.833000  4.996267e+02  3.479798e+02 
   66.870   24.329000  5.001537e+02  3.479026e+02 
   66.870   24.825001  5.006488e+02  3.478290e+02 
   66.870   25.320999  5.011129e+02  3.477591e+02 
   66.870   25.816000  5.015457e+02  3.476939e+02 
   66.870   26.312000  5.019503e+02  3.476333e+02 
   66.870   26.808001  5.023289e+02  3.475761e+02 
   66.870   27.304001  5.026837e+02  3.475215e+02 
   66.870   27.799000  5.030149e+02  3.474697e+02 
   66.870   28.295000  5.033247e+02  3.474206e+02 
   66.870   28.791000  5.036150e+02  3.473739e+02 
   66.870   29.287001  5.038885e+02  3.473291e+02 
   66.870   29.782000  5.041476e+02  3.472855e+02 
   66.870   30.278000  5.043956e+02  3.472426e+02 
   66.870   30.774000  5.046337e+02  3.472005e+02 
   66.870   31.270000  5.048636e+02  3.471590e+02 
   66.870   31.764999  5.050863e+02  3.471184e+02 
   66.870   32.261002  5.053052e+02  3.470786e+02 
   66.870   32.757000  5.055215e+02  3.470399e+02 
   66.870   33.252998  5.057370e+02  3.470026e+02 
   66.870   33.748001  5.059528e+02  3.469669e+02 
   66.870   34.243999  5.061708e+02  3.469330e+02 
   66.870   34.740002  5.063924e+02  3.469011e+02 
   66.870   35.236000  5.066186e+02  3.468712e+02 
   66.870   35.730999  5.068498e+02  3.468433e+02 
   66.870   36.227001  5.070876e+02  3.468173e+02 
   66.870   36.723000  5.073312e+02  3.467930e+02 
   66.870   37.219002  5.075800e+02  3.467704e+02 
   66.870   37.714001  5.078321e+02  3.467493e+02 
   66.870   38.209999  5.080871e+02  3.467296e+02 
   66.870   38.706001  5.083425e+02  3.467115e+02 
   66.870   39.202000  5.085965e+02  3.466949e+02 
   66.870   39.696999  5.088462e+02  3.466798e+02 
   66.870   40.196999  5.090893e+02  3.466677e+02 
   66.870   45.196999  5.109817e+02  3.466124e+02 
   66.870   50.196999  5.116920e+02  3.466007e+02 
   66.870   55.196999  5.119464e+02  3.466002e+02 
   66.870   60.196999  5.127375e+02  3.466019e+02 
   66.870   65.196999  5.139890e+02  3.466036e+02 
