    0.000    0.000000  0.000000e+00  3.505486e+02 
    0.000    0.103000  0.000000e+00  3.497331e+02 
    0.000    0.206000  0.000000e+00  3.485851e+02 
    0.000    0.309000  0.000000e+00  3.468963e+02 
    0.000    0.411000  0.000000e+00  3.454020e+02 
    0.000    0.514000  0.000000e+00  3.440336e+02 
    0.000    0.617000  0.000000e+00  3.425648e+02 
    0.000    0.720000  0.000000e+00  3.410906e+02 
    0.000    0.823000  0.000000e+00  3.395599e+02 
    0.000    0.926000  0.000000e+00  3.380277e+02 
    0.000    1.029000  0.000000e+00  3.364887e+02 
    0.000    1.132000  0.000000e+00  3.348867e+02 
    0.000    1.235000  0.000000e+00  3.332295e+02 
    0.000    1.338000  0.000000e+00  3.315975e+02 
    0.000    1.440000  0.000000e+00  3.299232e+02 
    0.000    1.543000  0.000000e+00  3.281470e+02 
    0.000    1.646000  0.000000e+00  3.264428e+02 
    0.000    1.749000  0.000000e+00  3.248994e+02 
    0.000    1.852000  0.000000e+00  3.135654e+02 
    0.000    1.955000  0.000000e+00  3.107026e+02 
    0.000    2.058000  0.000000e+00  3.094651e+02 
    0.000    2.161000  0.000000e+00  3.084284e+02 
    0.000    2.264000  0.000000e+00  3.072951e+02 
    0.000    2.366000  0.000000e+00  3.061255e+02 
    0.000    2.469000  0.000000e+00  3.049105e+02 
    0.000    2.572000  0.000000e+00  3.036631e+02 
    0.000    2.675000  0.000000e+00  3.023855e+02 
    0.000    2.778000  0.000000e+00  3.010759e+02 
    0.000    2.881000  0.000000e+00  2.997686e+02 
    0.000    2.984000  0.000000e+00  2.984878e+02 
    0.000    3.087000  0.000000e+00  2.972179e+02 
    0.000    3.190000  0.000000e+00  2.959164e+02 
    0.000    3.292000  0.000000e+00  2.946153e+02 
    0.000    3.395000  0.000000e+00  2.933199e+02 
    0.000    3.498000  0.000000e+00  2.920417e+02 
    0.000    3.601000  0.000000e+00  2.907730e+02 
    0.000    3.704000  0.000000e+00  2.895096e+02 
    0.000    3.807000  0.000000e+00  2.882562e+02 
    0.000    3.910000  0.000000e+00  2.869944e+02 
    0.000    4.013000  0.000000e+00  2.857343e+02 
    0.000    4.116000  0.000000e+00  2.844809e+02 
    0.000    4.218000  0.000000e+00  2.832431e+02 
    0.000    4.321000  0.000000e+00  2.820081e+02 
    0.000    4.424000  0.000000e+00  2.807839e+02 
    0.000    4.527000  0.000000e+00  2.795753e+02 
    0.000    4.630000  0.000000e+00  2.783825e+02 
    0.000    4.733000  0.000000e+00  2.771947e+02 
    0.000    4.836000  0.000000e+00  2.760222e+02 
    0.000    4.939000  0.000000e+00  2.748592e+02 
    0.000    5.042000  0.000000e+00  2.737008e+02 
    0.000    5.144000  0.000000e+00  2.725414e+02 
    0.000    5.247000  0.000000e+00  2.713867e+02 
    0.000    5.350000  0.000000e+00  2.702411e+02 
    0.000    5.453000  0.000000e+00  2.691060e+02 
    0.000    5.556000  0.000000e+00  2.679550e+02 
    0.000    5.659000  0.000000e+00  2.668081e+02 
    0.000    5.762000  0.000000e+00  2.656735e+02 
    0.000    5.865000  0.000000e+00  2.645005e+02 
    0.000    5.968000  0.000000e+00  2.633934e+02 
    0.000    6.070000  0.000000e+00  2.623186e+02 
    0.000    6.173000  0.000000e+00  2.611254e+02 
    0.000    6.276000  0.000000e+00  2.600392e+02 
    0.000    6.379000  0.000000e+00  2.586233e+02 
    0.000    6.482000  0.000000e+00  2.566189e+02 
    0.000    6.585000  0.000000e+00  2.537055e+02 
    0.000    6.688000  0.000000e+00  2.502247e+02 
    0.000    6.791000  0.000000e+00  2.466314e+02 
    0.000    6.894000  0.000000e+00  2.434001e+02 
    0.000    6.996000  0.000000e+00  2.413087e+02 
    0.000    7.099000  0.000000e+00  2.406023e+02 
    0.000    7.202000  0.000000e+00  2.400434e+02 
    0.000    7.305000  0.000000e+00  2.395530e+02 
    0.000    7.408000  0.000000e+00  2.391445e+02 
    0.000    7.511000  0.000000e+00  2.388490e+02 
    0.000    7.614000  0.000000e+00  2.386216e+02 
    0.000    7.717000  0.000000e+00  2.384339e+02 
    0.000    7.820000  0.000000e+00  2.382867e+02 
    0.000    7.923000  0.000000e+00  2.381928e+02 
    0.000    8.025000  0.000000e+00  2.380839e+02 
    0.000    8.127999  0.000000e+00  2.379214e+02 
    0.000    8.231000  0.000000e+00  2.377378e+02 
    0.000    8.334000  0.000000e+00  2.375416e+02 
    0.000    8.436999  0.000000e+00  2.373362e+02 
    0.000    8.540000  0.000000e+00  2.370955e+02 
    0.000    8.643000  0.000000e+00  2.368534e+02 
    0.000    8.745999  0.000000e+00  2.366040e+02 
    0.000    8.849000  0.000000e+00  2.363726e+02 
    0.000    8.951000  0.000000e+00  2.361477e+02 
    0.000    9.054000  0.000000e+00  2.359088e+02 
    0.000    9.157000  0.000000e+00  2.356702e+02 
    0.000    9.259999  0.000000e+00  2.354230e+02 
    0.000    9.363000  0.000000e+00  2.353365e+02 
    0.000    9.466000  0.000000e+00  2.352574e+02 
    0.000    9.568999  0.000000e+00  2.351839e+02 
    0.000    9.672000  0.000000e+00  2.351148e+02 
    0.000    9.775000  0.000000e+00  2.350524e+02 
    0.000    9.877000  0.000000e+00  2.350039e+02 
    0.000    9.980000  0.000000e+00  2.349646e+02 
    0.000   10.083000  0.000000e+00  2.349281e+02 
    0.000   10.186000  0.000000e+00  2.348866e+02 
    0.000   10.289000  0.000000e+00  2.348421e+02 
    0.000   10.392000  0.000000e+00  2.347984e+02 
    0.000   10.495000  0.000000e+00  2.347574e+02 
    0.000   10.598000  0.000000e+00  2.347190e+02 
    0.000   10.701000  0.000000e+00  2.346797e+02 
    0.000   10.802999  0.000000e+00  2.346334e+02 
    0.000   10.906000  0.000000e+00  2.345816e+02 
    0.000   11.009000  0.000000e+00  2.345258e+02 
    0.000   11.112000  0.000000e+00  2.344599e+02 
    0.000   11.215000  0.000000e+00  2.343872e+02 
    0.000   11.318000  0.000000e+00  2.343109e+02 
    0.000   11.421000  0.000000e+00  2.342319e+02 
    0.000   11.524000  0.000000e+00  2.341510e+02 
    0.000   11.627000  0.000000e+00  2.340691e+02 
    0.000   11.729000  0.000000e+00  2.339859e+02 
    0.000   11.832000  0.000000e+00  2.339005e+02 
    0.000   11.934999  0.000000e+00  2.338145e+02 
    0.000   12.038000  0.000000e+00  2.337274e+02 
    0.000   12.141000  0.000000e+00  2.336396e+02 
    0.000   12.243999  0.000000e+00  2.335514e+02 
    0.000   12.347000  0.000000e+00  2.334672e+02 
    0.000   12.450000  0.000000e+00  2.333870e+02 
    0.000   12.552999  0.000000e+00  2.333092e+02 
    0.000   12.655000  0.000000e+00  2.332361e+02 
    0.000   12.757999  0.000000e+00  2.331666e+02 
    0.000   12.861000  0.000000e+00  2.331000e+02 
    0.000   12.964000  0.000000e+00  2.330365e+02 
    0.000   13.066999  0.000000e+00  2.329761e+02 
    0.000   13.170000  0.000000e+00  2.329180e+02 
    0.000   13.273000  0.000000e+00  2.328617e+02 
    0.000   13.375999  0.000000e+00  2.328065e+02 
    0.000   13.479000  0.000000e+00  2.327524e+02 
    0.000   13.582000  0.000000e+00  2.326993e+02 
    0.000   13.684000  0.000000e+00  2.326467e+02 
    0.000   13.787000  0.000000e+00  2.325938e+02 
    0.000   13.889999  0.000000e+00  2.325414e+02 
    0.000   13.993000  0.000000e+00  2.324902e+02 
    0.000   14.096000  0.000000e+00  2.324401e+02 
    0.000   14.198999  0.000000e+00  2.323911e+02 
    0.000   14.302000  0.000000e+00  2.323431e+02 
    0.000   14.405000  0.000000e+00  2.322964e+02 
    0.000   14.507999  0.000000e+00  2.322506e+02 
    0.000   14.610000  0.000000e+00  2.322059e+02 
    0.000   14.712999  0.000000e+00  2.321605e+02 
    0.000   14.816000  0.000000e+00  2.321151e+02 
    0.000   14.919000  0.000000e+00  2.320700e+02 
    0.000   15.021999  0.000000e+00  2.320243e+02 
    0.000   15.125000  0.000000e+00  2.319781e+02 
    0.000   15.228000  0.000000e+00  2.319319e+02 
    0.000   15.330999  0.000000e+00  2.318856e+02 
    0.000   15.434000  0.000000e+00  2.318392e+02 
    0.000   15.535999  0.000000e+00  2.317934e+02 
    0.000   15.639000  0.000000e+00  2.317479e+02 
    0.000   15.742000  0.000000e+00  2.317066e+02 
    0.000   15.844999  0.000000e+00  2.316685e+02 
    0.000   15.948000  0.000000e+00  2.316325e+02 
    0.000   16.051001  0.000000e+00  2.315963e+02 
    0.000   16.153999  0.000000e+00  2.315593e+02 
    0.000   16.257000  0.000000e+00  2.315222e+02 
    0.000   16.360001  0.000000e+00  2.314839e+02 
    0.000   16.462000  0.000000e+00  2.314431e+02 
    0.000   16.565001  0.000000e+00  2.313996e+02 
    0.000   16.667999  0.000000e+00  2.313550e+02 
    0.000   16.771000  0.000000e+00  2.313104e+02 
    0.000   16.874001  0.000000e+00  2.312658e+02 
    0.000   16.976999  0.000000e+00  2.312211e+02 
    0.000   17.080000  0.000000e+00  2.311768e+02 
    0.000   17.183001  0.000000e+00  2.311331e+02 
    0.000   17.285999  0.000000e+00  2.310899e+02 
    0.000   17.388000  0.000000e+00  2.310474e+02 
    0.000   17.490999  0.000000e+00  2.310058e+02 
    0.000   17.594000  0.000000e+00  2.309652e+02 
    0.000   17.697001  0.000000e+00  2.309253e+02 
    0.000   17.799999  0.000000e+00  2.308865e+02 
    0.000   17.903000  0.000000e+00  2.308493e+02 
    0.000   18.006001  0.000000e+00  2.308134e+02 
    0.000   18.108999  0.000000e+00  2.307786e+02 
    0.000   18.212000  0.000000e+00  2.307450e+02 
    0.000   18.315001  0.000000e+00  2.307128e+02 
    0.000   18.417000  0.000000e+00  2.306819e+02 
    0.000   18.520000  0.000000e+00  2.306515e+02 
    0.000   18.622999  0.000000e+00  2.306215e+02 
    0.000   18.726000  0.000000e+00  2.305919e+02 
    0.000   18.829000  0.000000e+00  2.305627e+02 
    0.000   18.931999  0.000000e+00  2.305340e+02 
    0.000   19.035000  0.000000e+00  2.305060e+02 
    0.000   19.138000  0.000000e+00  2.304785e+02 
    0.000   19.240999  0.000000e+00  2.304516e+02 
    0.000   19.343000  0.000000e+00  2.304244e+02 
    0.000   19.445999  0.000000e+00  2.303961e+02 
    0.000   19.549000  0.000000e+00  2.303672e+02 
    0.000   19.652000  0.000000e+00  2.303383e+02 
    0.000   19.754999  0.000000e+00  2.303089e+02 
    0.000   19.858000  0.000000e+00  2.302791e+02 
    0.000   19.961000  0.000000e+00  2.302491e+02 
    0.000   20.063999  0.000000e+00  2.302190e+02 
    0.000   20.362999  0.000000e+00  2.301336e+02 
    0.000   20.858999  0.000000e+00  2.300047e+02 
    0.000   21.354000  0.000000e+00  2.298994e+02 
    0.000   21.850000  0.000000e+00  2.298080e+02 
    0.000   22.346001  0.000000e+00  2.297195e+02 
    0.000   22.841999  0.000000e+00  2.296278e+02 
    0.000   23.337000  0.000000e+00  2.295402e+02 
    0.000   23.833000  0.000000e+00  2.294686e+02 
    0.000   24.329000  0.000000e+00  2.294225e+02 
    0.000   24.824999  0.000000e+00  2.294032e+02 
    0.000   25.320000  0.000000e+00  2.293967e+02 
    0.000   25.816000  0.000000e+00  2.293912e+02 
    0.000   26.312000  0.000000e+00  2.293933e+02 
    0.000   26.808001  0.000000e+00  2.294003e+02 
    0.000   27.302999  0.000000e+00  2.294120e+02 
    0.000   27.799000  0.000000e+00  2.294318e+02 
    0.000   28.295000  0.000000e+00  2.294610e+02 
    0.000   28.791000  0.000000e+00  2.294948e+02 
    0.000   29.285999  0.000000e+00  2.295349e+02 
    0.000   29.782000  0.000000e+00  2.295815e+02 
    0.000   30.278000  0.000000e+00  2.296332e+02 
    0.000   30.774000  0.000000e+00  2.296878e+02 
    0.000   31.270000  0.000000e+00  2.297444e+02 
    0.000   31.764999  0.000000e+00  2.298026e+02 
    0.000   32.261002  0.000000e+00  2.298617e+02 
    0.000   32.757000  0.000000e+00  2.299207e+02 
    0.000   33.253002  0.000000e+00  2.299781e+02 
    0.000   33.748001  0.000000e+00  2.300352e+02 
    0.000   34.244003  0.000000e+00  2.300931e+02 
    0.000   34.740002  0.000000e+00  2.301534e+02 
    0.000   35.236000  0.000000e+00  2.302156e+02 
    0.000   35.731003  0.000000e+00  2.302752e+02 
    0.000   36.227001  0.000000e+00  2.303321e+02 
    0.000   36.723003  0.000000e+00  2.303846e+02 
    0.000   37.219002  0.000000e+00  2.304332e+02 
    0.000   37.714001  0.000000e+00  2.304779e+02 
    0.000   38.210003  0.000000e+00  2.305192e+02 
    0.000   38.706001  0.000000e+00  2.305607e+02 
    0.000   39.202003  0.000000e+00  2.306033e+02 
    0.000   39.697002  0.000000e+00  2.306490e+02 
    0.000   40.197002  0.000000e+00  2.306996e+02 
    0.000   45.197002  0.000000e+00  2.311488e+02 
    0.000   50.197002  0.000000e+00  2.313757e+02 
    0.000   55.197002  0.000000e+00  2.313698e+02 
    0.000   60.197002  0.000000e+00  2.313023e+02 
    0.000   65.196999  0.000000e+00  2.312500e+02 
