    0.000    0.000000  0.000000e+00  3.525639e+02 
    0.000    0.103000  0.000000e+00  3.516755e+02 
    0.000    0.206000  0.000000e+00  3.505033e+02 
    0.000    0.308000  0.000000e+00  3.491736e+02 
    0.000    0.411000  0.000000e+00  3.477605e+02 
    0.000    0.514000  0.000000e+00  3.463347e+02 
    0.000    0.617000  0.000000e+00  3.401883e+02 
    0.000    0.720000  0.000000e+00  3.348834e+02 
    0.000    0.823000  0.000000e+00  3.307473e+02 
    0.000    0.926000  0.000000e+00  3.272412e+02 
    0.000    1.029000  0.000000e+00  3.239796e+02 
    0.000    1.132000  0.000000e+00  3.207386e+02 
    0.000    1.234000  0.000000e+00  3.177618e+02 
    0.000    1.337000  0.000000e+00  3.147714e+02 
    0.000    1.440000  0.000000e+00  3.119193e+02 
    0.000    1.543000  0.000000e+00  3.092595e+02 
    0.000    1.646000  0.000000e+00  3.065363e+02 
    0.000    1.749000  0.000000e+00  3.036168e+02 
    0.000    1.852000  0.000000e+00  3.026684e+02 
    0.000    1.955000  0.000000e+00  3.015010e+02 
    0.000    2.058000  0.000000e+00  3.003351e+02 
    0.000    2.160000  0.000000e+00  2.991661e+02 
    0.000    2.263000  0.000000e+00  2.980158e+02 
    0.000    2.366000  0.000000e+00  2.968722e+02 
    0.000    2.469000  0.000000e+00  2.957031e+02 
    0.000    2.572000  0.000000e+00  2.945224e+02 
    0.000    2.675000  0.000000e+00  2.933346e+02 
    0.000    2.778000  0.000000e+00  2.825320e+02 
    0.000    2.881000  0.000000e+00  2.787395e+02 
    0.000    2.984000  0.000000e+00  2.757433e+02 
    0.000    3.086000  0.000000e+00  2.727042e+02 
    0.000    3.189000  0.000000e+00  2.688263e+02 
    0.000    3.292000  0.000000e+00  2.681695e+02 
    0.000    3.395000  0.000000e+00  2.673451e+02 
    0.000    3.498000  0.000000e+00  2.664372e+02 
    0.000    3.601000  0.000000e+00  2.654757e+02 
    0.000    3.704000  0.000000e+00  2.644756e+02 
    0.000    3.807000  0.000000e+00  2.634529e+02 
    0.000    3.910000  0.000000e+00  2.623983e+02 
    0.000    4.012000  0.000000e+00  2.613334e+02 
    0.000    4.115000  0.000000e+00  2.602470e+02 
    0.000    4.218000  0.000000e+00  2.591477e+02 
    0.000    4.321000  0.000000e+00  2.580448e+02 
    0.000    4.424000  0.000000e+00  2.569282e+02 
    0.000    4.527000  0.000000e+00  2.557855e+02 
    0.000    4.630000  0.000000e+00  2.546420e+02 
    0.000    4.733000  0.000000e+00  2.534946e+02 
    0.000    4.836000  0.000000e+00  2.523481e+02 
    0.000    4.938000  0.000000e+00  2.512392e+02 
    0.000    5.041000  0.000000e+00  2.501251e+02 
    0.000    5.144000  0.000000e+00  2.490213e+02 
    0.000    5.247000  0.000000e+00  2.479216e+02 
    0.000    5.350000  0.000000e+00  2.468290e+02 
    0.000    5.453000  0.000000e+00  2.457498e+02 
    0.000    5.556000  0.000000e+00  2.446853e+02 
    0.000    5.659000  0.000000e+00  2.436388e+02 
    0.000    5.762000  0.000000e+00  2.424263e+02 
    0.000    5.865000  0.000000e+00  2.413158e+02 
    0.000    5.967000  0.000000e+00  2.399882e+02 
    0.000    6.070000  0.000000e+00  2.382751e+02 
    0.000    6.173000  0.000000e+00  2.360222e+02 
    0.000    6.276000  0.000000e+00  2.332254e+02 
    0.000    6.379000  0.000000e+00  2.301851e+02 
    0.000    6.482000  0.000000e+00  2.271697e+02 
    0.000    6.585000  0.000000e+00  2.247350e+02 
    0.000    6.688000  0.000000e+00  2.230675e+02 
    0.000    6.791000  0.000000e+00  2.219205e+02 
    0.000    6.893000  0.000000e+00  2.210781e+02 
    0.000    6.996000  0.000000e+00  2.203773e+02 
    0.000    7.099000  0.000000e+00  2.196915e+02 
    0.000    7.202000  0.000000e+00  2.191388e+02 
    0.000    7.305000  0.000000e+00  2.187258e+02 
    0.000    7.408000  0.000000e+00  2.183954e+02 
    0.000    7.511000  0.000000e+00  2.182252e+02 
    0.000    7.614000  0.000000e+00  2.180143e+02 
    0.000    7.717000  0.000000e+00  2.178639e+02 
    0.000    7.819000  0.000000e+00  2.177053e+02 
    0.000    7.922000  0.000000e+00  2.175876e+02 
    0.000    8.025000  0.000000e+00  2.174810e+02 
    0.000    8.127999  0.000000e+00  2.173731e+02 
    0.000    8.231000  0.000000e+00  2.172641e+02 
    0.000    8.334000  0.000000e+00  2.170951e+02 
    0.000    8.436999  0.000000e+00  2.169424e+02 
    0.000    8.540000  0.000000e+00  2.167807e+02 
    0.000    8.643000  0.000000e+00  2.166030e+02 
    0.000    8.745000  0.000000e+00  2.164085e+02 
    0.000    8.848000  0.000000e+00  2.162033e+02 
    0.000    8.951000  0.000000e+00  2.161138e+02 
    0.000    9.054000  0.000000e+00  2.160222e+02 
    0.000    9.157000  0.000000e+00  2.159298e+02 
    0.000    9.259999  0.000000e+00  2.158461e+02 
    0.000    9.363000  0.000000e+00  2.157683e+02 
    0.000    9.466000  0.000000e+00  2.156949e+02 
    0.000    9.568999  0.000000e+00  2.156304e+02 
    0.000    9.671000  0.000000e+00  2.155731e+02 
    0.000    9.774000  0.000000e+00  2.155236e+02 
    0.000    9.877000  0.000000e+00  2.154923e+02 
    0.000    9.980000  0.000000e+00  2.154742e+02 
    0.000   10.083000  0.000000e+00  2.154604e+02 
    0.000   10.186000  0.000000e+00  2.154420e+02 
    0.000   10.289000  0.000000e+00  2.154209e+02 
    0.000   10.392000  0.000000e+00  2.153972e+02 
    0.000   10.495000  0.000000e+00  2.153660e+02 
    0.000   10.597000  0.000000e+00  2.153305e+02 
    0.000   10.700000  0.000000e+00  2.152929e+02 
    0.000   10.802999  0.000000e+00  2.152546e+02 
    0.000   10.906000  0.000000e+00  2.152160e+02 
    0.000   11.009000  0.000000e+00  2.151752e+02 
    0.000   11.112000  0.000000e+00  2.151260e+02 
    0.000   11.215000  0.000000e+00  2.150708e+02 
    0.000   11.318000  0.000000e+00  2.150123e+02 
    0.000   11.421000  0.000000e+00  2.149498e+02 
    0.000   11.524000  0.000000e+00  2.148846e+02 
    0.000   11.625999  0.000000e+00  2.148186e+02 
    0.000   11.729000  0.000000e+00  2.147530e+02 
    0.000   11.832000  0.000000e+00  2.146884e+02 
    0.000   11.934999  0.000000e+00  2.146243e+02 
    0.000   12.038000  0.000000e+00  2.145602e+02 
    0.000   12.141000  0.000000e+00  2.144962e+02 
    0.000   12.243999  0.000000e+00  2.144324e+02 
    0.000   12.347000  0.000000e+00  2.143677e+02 
    0.000   12.450000  0.000000e+00  2.143025e+02 
    0.000   12.552000  0.000000e+00  2.142374e+02 
    0.000   12.655000  0.000000e+00  2.141735e+02 
    0.000   12.757999  0.000000e+00  2.141120e+02 
    0.000   12.861000  0.000000e+00  2.140520e+02 
    0.000   12.964000  0.000000e+00  2.139939e+02 
    0.000   13.066999  0.000000e+00  2.139380e+02 
    0.000   13.170000  0.000000e+00  2.138839e+02 
    0.000   13.273000  0.000000e+00  2.138313e+02 
    0.000   13.375999  0.000000e+00  2.137806e+02 
    0.000   13.478000  0.000000e+00  2.137320e+02 
    0.000   13.580999  0.000000e+00  2.136842e+02 
    0.000   13.684000  0.000000e+00  2.136377e+02 
    0.000   13.787000  0.000000e+00  2.135925e+02 
    0.000   13.889999  0.000000e+00  2.135482e+02 
    0.000   13.993000  0.000000e+00  2.135053e+02 
    0.000   14.096000  0.000000e+00  2.134637e+02 
    0.000   14.198999  0.000000e+00  2.134230e+02 
    0.000   14.302000  0.000000e+00  2.133839e+02 
    0.000   14.403999  0.000000e+00  2.133467e+02 
    0.000   14.507000  0.000000e+00  2.133106e+02 
    0.000   14.610000  0.000000e+00  2.132753e+02 
    0.000   14.712999  0.000000e+00  2.132397e+02 
    0.000   14.816000  0.000000e+00  2.132040e+02 
    0.000   14.919000  0.000000e+00  2.131687e+02 
    0.000   15.021999  0.000000e+00  2.131327e+02 
    0.000   15.125000  0.000000e+00  2.130962e+02 
    0.000   15.228000  0.000000e+00  2.130597e+02 
    0.000   15.330000  0.000000e+00  2.130246e+02 
    0.000   15.433000  0.000000e+00  2.129911e+02 
    0.000   15.535999  0.000000e+00  2.129590e+02 
    0.000   15.639000  0.000000e+00  2.129277e+02 
    0.000   15.742000  0.000000e+00  2.128964e+02 
    0.000   15.844999  0.000000e+00  2.128651e+02 
    0.000   15.948000  0.000000e+00  2.128341e+02 
    0.000   16.051001  0.000000e+00  2.127994e+02 
    0.000   16.153999  0.000000e+00  2.127606e+02 
    0.000   16.257000  0.000000e+00  2.127194e+02 
    0.000   16.358999  0.000000e+00  2.126769e+02 
    0.000   16.462000  0.000000e+00  2.126327e+02 
    0.000   16.565001  0.000000e+00  2.125875e+02 
    0.000   16.667999  0.000000e+00  2.125416e+02 
    0.000   16.771000  0.000000e+00  2.124972e+02 
    0.000   16.874001  0.000000e+00  2.124540e+02 
    0.000   16.976999  0.000000e+00  2.124117e+02 
    0.000   17.080000  0.000000e+00  2.123710e+02 
    0.000   17.183001  0.000000e+00  2.123328e+02 
    0.000   17.285000  0.000000e+00  2.122971e+02 
    0.000   17.388000  0.000000e+00  2.122623e+02 
    0.000   17.490999  0.000000e+00  2.122294e+02 
    0.000   17.594000  0.000000e+00  2.121983e+02 
    0.000   17.697001  0.000000e+00  2.121684e+02 
    0.000   17.799999  0.000000e+00  2.121395e+02 
    0.000   17.903000  0.000000e+00  2.121113e+02 
    0.000   18.006001  0.000000e+00  2.120837e+02 
    0.000   18.108999  0.000000e+00  2.120569e+02 
    0.000   18.211000  0.000000e+00  2.120305e+02 
    0.000   18.313999  0.000000e+00  2.120040e+02 
    0.000   18.417000  0.000000e+00  2.119778e+02 
    0.000   18.520000  0.000000e+00  2.119519e+02 
    0.000   18.622999  0.000000e+00  2.119263e+02 
    0.000   18.726000  0.000000e+00  2.119012e+02 
    0.000   18.829000  0.000000e+00  2.118763e+02 
    0.000   18.931999  0.000000e+00  2.118515e+02 
    0.000   19.035000  0.000000e+00  2.118266e+02 
    0.000   19.136999  0.000000e+00  2.118017e+02 
    0.000   19.240000  0.000000e+00  2.117767e+02 
    0.000   19.343000  0.000000e+00  2.117511e+02 
    0.000   19.445999  0.000000e+00  2.117250e+02 
    0.000   19.549000  0.000000e+00  2.116985e+02 
    0.000   19.652000  0.000000e+00  2.116719e+02 
    0.000   19.754999  0.000000e+00  2.116452e+02 
    0.000   19.858000  0.000000e+00  2.116185e+02 
    0.000   19.961000  0.000000e+00  2.115918e+02 
    0.000   20.063000  0.000000e+00  2.115654e+02 
    0.000   20.362999  0.000000e+00  2.114926e+02 
    0.000   20.858999  0.000000e+00  2.113893e+02 
    0.000   21.354000  0.000000e+00  2.113022e+02 
    0.000   21.850000  0.000000e+00  2.112244e+02 
    0.000   22.346001  0.000000e+00  2.111450e+02 
    0.000   22.841999  0.000000e+00  2.110634e+02 
    0.000   23.337000  0.000000e+00  2.109893e+02 
    0.000   23.833000  0.000000e+00  2.109334e+02 
    0.000   24.329000  0.000000e+00  2.108994e+02 
    0.000   24.824999  0.000000e+00  2.108785e+02 
    0.000   25.320000  0.000000e+00  2.108674e+02 
    0.000   25.816000  0.000000e+00  2.108711e+02 
    0.000   26.312000  0.000000e+00  2.108823e+02 
    0.000   26.808001  0.000000e+00  2.108981e+02 
    0.000   27.302999  0.000000e+00  2.109182e+02 
    0.000   27.799000  0.000000e+00  2.109417e+02 
    0.000   28.295000  0.000000e+00  2.109689e+02 
    0.000   28.791000  0.000000e+00  2.110046e+02 
    0.000   29.285999  0.000000e+00  2.110484e+02 
    0.000   29.782000  0.000000e+00  2.110982e+02 
    0.000   30.278000  0.000000e+00  2.111519e+02 
    0.000   30.774000  0.000000e+00  2.112069e+02 
    0.000   31.268999  0.000000e+00  2.112628e+02 
    0.000   31.764999  0.000000e+00  2.113198e+02 
    0.000   32.261002  0.000000e+00  2.113776e+02 
    0.000   32.757000  0.000000e+00  2.114361e+02 
    0.000   33.252003  0.000000e+00  2.114954e+02 
    0.000   33.748001  0.000000e+00  2.115573e+02 
    0.000   34.244003  0.000000e+00  2.116221e+02 
    0.000   34.740002  0.000000e+00  2.116865e+02 
    0.000   35.235001  0.000000e+00  2.117489e+02 
    0.000   35.731003  0.000000e+00  2.118077e+02 
    0.000   36.227001  0.000000e+00  2.118631e+02 
    0.000   36.723003  0.000000e+00  2.119146e+02 
    0.000   37.218002  0.000000e+00  2.119629e+02 
    0.000   37.714001  0.000000e+00  2.120078e+02 
    0.000   38.210003  0.000000e+00  2.120496e+02 
    0.000   38.706001  0.000000e+00  2.120917e+02 
    0.000   39.201000  0.000000e+00  2.121348e+02 
    0.000   39.697002  0.000000e+00  2.121810e+02 
    0.000   40.197002  0.000000e+00  2.122322e+02 
    0.000   45.197002  0.000000e+00  2.126836e+02 
    0.000   50.197002  0.000000e+00  2.129099e+02 
    0.000   55.197002  0.000000e+00  2.129072e+02 
    0.000   60.197002  0.000000e+00  2.128388e+02 
    0.000   65.196999  0.000000e+00  2.127867e+02 
