    0.000    0.000000  0.000000e+00  3.501295e+02 
    0.000    0.103000  0.000000e+00  3.497106e+02 
    0.000    0.206000  0.000000e+00  3.485907e+02 
    0.000    0.309000  0.000000e+00  3.469376e+02 
    0.000    0.412000  0.000000e+00  3.452564e+02 
    0.000    0.515000  0.000000e+00  3.435399e+02 
    0.000    0.618000  0.000000e+00  3.415503e+02 
    0.000    0.721000  0.000000e+00  3.393170e+02 
    0.000    0.824000  0.000000e+00  3.370108e+02 
    0.000    0.927000  0.000000e+00  3.346113e+02 
    0.000    1.029000  0.000000e+00  3.321670e+02 
    0.000    1.132000  0.000000e+00  3.296434e+02 
    0.000    1.235000  0.000000e+00  3.269483e+02 
    0.000    1.338000  0.000000e+00  3.242022e+02 
    0.000    1.441000  0.000000e+00  3.214254e+02 
    0.000    1.544000  0.000000e+00  3.186277e+02 
    0.000    1.647000  0.000000e+00  3.158960e+02 
    0.000    1.750000  0.000000e+00  3.132617e+02 
    0.000    1.853000  0.000000e+00  3.064626e+02 
    0.000    1.955000  0.000000e+00  3.034227e+02 
    0.000    2.058000  0.000000e+00  3.012202e+02 
    0.000    2.161000  0.000000e+00  2.992051e+02 
    0.000    2.264000  0.000000e+00  2.971615e+02 
    0.000    2.367000  0.000000e+00  2.949844e+02 
    0.000    2.470000  0.000000e+00  2.926620e+02 
    0.000    2.573000  0.000000e+00  2.902062e+02 
    0.000    2.676000  0.000000e+00  2.876547e+02 
    0.000    2.779000  0.000000e+00  2.850403e+02 
    0.000    2.881000  0.000000e+00  2.825528e+02 
    0.000    2.984000  0.000000e+00  2.810795e+02 
    0.000    3.087000  0.000000e+00  2.796030e+02 
    0.000    3.190000  0.000000e+00  2.781040e+02 
    0.000    3.293000  0.000000e+00  2.765738e+02 
    0.000    3.396000  0.000000e+00  2.749665e+02 
    0.000    3.499000  0.000000e+00  2.732609e+02 
    0.000    3.602000  0.000000e+00  2.713976e+02 
    0.000    3.705000  0.000000e+00  2.693408e+02 
    0.000    3.807000  0.000000e+00  2.672548e+02 
    0.000    3.910000  0.000000e+00  2.651179e+02 
    0.000    4.013000  0.000000e+00  2.629766e+02 
    0.000    4.116000  0.000000e+00  2.609550e+02 
    0.000    4.219000  0.000000e+00  2.591100e+02 
    0.000    4.322000  0.000000e+00  2.573581e+02 
    0.000    4.425000  0.000000e+00  2.557566e+02 
    0.000    4.528000  0.000000e+00  2.543076e+02 
    0.000    4.631000  0.000000e+00  2.530374e+02 
    0.000    4.733000  0.000000e+00  2.518997e+02 
    0.000    4.836000  0.000000e+00  2.508156e+02 
    0.000    4.939000  0.000000e+00  2.497249e+02 
    0.000    5.042000  0.000000e+00  2.486284e+02 
    0.000    5.145000  0.000000e+00  2.475319e+02 
    0.000    5.248000  0.000000e+00  2.464016e+02 
    0.000    5.351000  0.000000e+00  2.452794e+02 
    0.000    5.454000  0.000000e+00  2.441569e+02 
    0.000    5.557000  0.000000e+00  2.430254e+02 
    0.000    5.659000  0.000000e+00  2.418981e+02 
    0.000    5.762000  0.000000e+00  2.407732e+02 
    0.000    5.865000  0.000000e+00  2.396589e+02 
    0.000    5.968000  0.000000e+00  2.385569e+02 
    0.000    6.071000  0.000000e+00  2.375016e+02 
    0.000    6.174000  0.000000e+00  2.364469e+02 
    0.000    6.277000  0.000000e+00  2.354121e+02 
    0.000    6.380000  0.000000e+00  2.344389e+02 
    0.000    6.483000  0.000000e+00  2.335886e+02 
    0.000    6.586000  0.000000e+00  2.327557e+02 
    0.000    6.688000  0.000000e+00  2.319541e+02 
    0.000    6.791000  0.000000e+00  2.311669e+02 
    0.000    6.894000  0.000000e+00  2.304408e+02 
    0.000    6.997000  0.000000e+00  2.298010e+02 
    0.000    7.100000  0.000000e+00  2.292210e+02 
    0.000    7.203000  0.000000e+00  2.287450e+02 
    0.000    7.306000  0.000000e+00  2.280919e+02 
    0.000    7.409000  0.000000e+00  2.276226e+02 
    0.000    7.512000  0.000000e+00  2.272733e+02 
    0.000    7.614000  0.000000e+00  2.269668e+02 
    0.000    7.717000  0.000000e+00  2.267013e+02 
    0.000    7.820000  0.000000e+00  2.264660e+02 
    0.000    7.923000  0.000000e+00  2.262619e+02 
    0.000    8.026000  0.000000e+00  2.260740e+02 
    0.000    8.129000  0.000000e+00  2.259117e+02 
    0.000    8.231999  0.000000e+00  2.257457e+02 
    0.000    8.335000  0.000000e+00  2.255694e+02 
    0.000    8.438000  0.000000e+00  2.253833e+02 
    0.000    8.540000  0.000000e+00  2.251899e+02 
    0.000    8.643000  0.000000e+00  2.249776e+02 
    0.000    8.745999  0.000000e+00  2.247625e+02 
    0.000    8.849000  0.000000e+00  2.245265e+02 
    0.000    8.952000  0.000000e+00  2.243575e+02 
    0.000    9.054999  0.000000e+00  2.241884e+02 
    0.000    9.158000  0.000000e+00  2.240172e+02 
    0.000    9.261000  0.000000e+00  2.237841e+02 
    0.000    9.363999  0.000000e+00  2.235612e+02 
    0.000    9.466000  0.000000e+00  2.233441e+02 
    0.000    9.568999  0.000000e+00  2.231357e+02 
    0.000    9.672000  0.000000e+00  2.229331e+02 
    0.000    9.775000  0.000000e+00  2.227338e+02 
    0.000    9.877999  0.000000e+00  2.225260e+02 
    0.000    9.981000  0.000000e+00  2.221993e+02 
    0.000   10.084000  0.000000e+00  2.221545e+02 
    0.000   10.186999  0.000000e+00  2.221201e+02 
    0.000   10.290000  0.000000e+00  2.220933e+02 
    0.000   10.391999  0.000000e+00  2.220694e+02 
    0.000   10.495000  0.000000e+00  2.220416e+02 
    0.000   10.598000  0.000000e+00  2.220121e+02 
    0.000   10.700999  0.000000e+00  2.219800e+02 
    0.000   10.804000  0.000000e+00  2.219401e+02 
    0.000   10.907000  0.000000e+00  2.218953e+02 
    0.000   11.009999  0.000000e+00  2.218465e+02 
    0.000   11.113000  0.000000e+00  2.217897e+02 
    0.000   11.216000  0.000000e+00  2.217277e+02 
    0.000   11.318000  0.000000e+00  2.216629e+02 
    0.000   11.421000  0.000000e+00  2.215927e+02 
    0.000   11.523999  0.000000e+00  2.215193e+02 
    0.000   11.627000  0.000000e+00  2.214444e+02 
    0.000   11.730000  0.000000e+00  2.213706e+02 
    0.000   11.832999  0.000000e+00  2.212977e+02 
    0.000   11.936000  0.000000e+00  2.212254e+02 
    0.000   12.039000  0.000000e+00  2.211576e+02 
    0.000   12.141999  0.000000e+00  2.210934e+02 
    0.000   12.245000  0.000000e+00  2.210313e+02 
    0.000   12.346999  0.000000e+00  2.209699e+02 
    0.000   12.450000  0.000000e+00  2.209078e+02 
    0.000   12.552999  0.000000e+00  2.208461e+02 
    0.000   12.655999  0.000000e+00  2.207840e+02 
    0.000   12.759000  0.000000e+00  2.207214e+02 
    0.000   12.862000  0.000000e+00  2.206586e+02 
    0.000   12.964999  0.000000e+00  2.205957e+02 
    0.000   13.068000  0.000000e+00  2.205326e+02 
    0.000   13.171000  0.000000e+00  2.204695e+02 
    0.000   13.273000  0.000000e+00  2.204079e+02 
    0.000   13.375999  0.000000e+00  2.203479e+02 
    0.000   13.479000  0.000000e+00  2.202896e+02 
    0.000   13.582000  0.000000e+00  2.202330e+02 
    0.000   13.684999  0.000000e+00  2.201813e+02 
    0.000   13.787999  0.000000e+00  2.201335e+02 
    0.000   13.891000  0.000000e+00  2.200882e+02 
    0.000   13.993999  0.000000e+00  2.200475e+02 
    0.000   14.096999  0.000000e+00  2.200109e+02 
    0.000   14.198999  0.000000e+00  2.199775e+02 
    0.000   14.302000  0.000000e+00  2.199452e+02 
    0.000   14.405000  0.000000e+00  2.199134e+02 
    0.000   14.507999  0.000000e+00  2.198825e+02 
    0.000   14.611000  0.000000e+00  2.198512e+02 
    0.000   14.714000  0.000000e+00  2.198169e+02 
    0.000   14.816999  0.000000e+00  2.197806e+02 
    0.000   14.920000  0.000000e+00  2.197434e+02 
    0.000   15.023000  0.000000e+00  2.197045e+02 
    0.000   15.125000  0.000000e+00  2.196648e+02 
    0.000   15.228000  0.000000e+00  2.196241e+02 
    0.000   15.330999  0.000000e+00  2.195832e+02 
    0.000   15.434000  0.000000e+00  2.195423e+02 
    0.000   15.537000  0.000000e+00  2.195015e+02 
    0.000   15.639999  0.000000e+00  2.194604e+02 
    0.000   15.743000  0.000000e+00  2.194181e+02 
    0.000   15.846000  0.000000e+00  2.193749e+02 
    0.000   15.949000  0.000000e+00  2.193312e+02 
    0.000   16.051001  0.000000e+00  2.192880e+02 
    0.000   16.154001  0.000000e+00  2.192446e+02 
    0.000   16.257000  0.000000e+00  2.192015e+02 
    0.000   16.360001  0.000000e+00  2.191591e+02 
    0.000   16.463001  0.000000e+00  2.191181e+02 
    0.000   16.566000  0.000000e+00  2.190781e+02 
    0.000   16.669001  0.000000e+00  2.190389e+02 
    0.000   16.772001  0.000000e+00  2.190010e+02 
    0.000   16.875000  0.000000e+00  2.189643e+02 
    0.000   16.978001  0.000000e+00  2.189283e+02 
    0.000   17.080000  0.000000e+00  2.188935e+02 
    0.000   17.183001  0.000000e+00  2.188592e+02 
    0.000   17.286001  0.000000e+00  2.188257e+02 
    0.000   17.389000  0.000000e+00  2.187926e+02 
    0.000   17.492001  0.000000e+00  2.187601e+02 
    0.000   17.595001  0.000000e+00  2.187281e+02 
    0.000   17.698000  0.000000e+00  2.186965e+02 
    0.000   17.801001  0.000000e+00  2.186654e+02 
    0.000   17.904001  0.000000e+00  2.186348e+02 
    0.000   18.006001  0.000000e+00  2.186049e+02 
    0.000   18.109001  0.000000e+00  2.185751e+02 
    0.000   18.212000  0.000000e+00  2.185453e+02 
    0.000   18.315001  0.000000e+00  2.185157e+02 
    0.000   18.418001  0.000000e+00  2.184861e+02 
    0.000   18.521000  0.000000e+00  2.184567e+02 
    0.000   18.624001  0.000000e+00  2.184271e+02 
    0.000   18.727001  0.000000e+00  2.183975e+02 
    0.000   18.830000  0.000000e+00  2.183678e+02 
    0.000   18.932001  0.000000e+00  2.183384e+02 
    0.000   19.035000  0.000000e+00  2.183084e+02 
    0.000   19.138000  0.000000e+00  2.182783e+02 
    0.000   19.241001  0.000000e+00  2.182482e+02 
    0.000   19.344000  0.000000e+00  2.182194e+02 
    0.000   19.447001  0.000000e+00  2.181921e+02 
    0.000   19.550001  0.000000e+00  2.181661e+02 
    0.000   19.653000  0.000000e+00  2.181409e+02 
    0.000   19.756001  0.000000e+00  2.181173e+02 
    0.000   19.858000  0.000000e+00  2.180953e+02 
    0.000   19.961000  0.000000e+00  2.180742e+02 
    0.000   20.064001  0.000000e+00  2.180540e+02 
    0.000   20.364000  0.000000e+00  2.179930e+02 
    0.000   20.859001  0.000000e+00  2.178873e+02 
    0.000   21.355001  0.000000e+00  2.177924e+02 
    0.000   21.851000  0.000000e+00  2.177059e+02 
    0.000   22.347000  0.000000e+00  2.176219e+02 
    0.000   22.842001  0.000000e+00  2.175462e+02 
    0.000   23.338001  0.000000e+00  2.174785e+02 
    0.000   23.834000  0.000000e+00  2.174213e+02 
    0.000   24.330000  0.000000e+00  2.173810e+02 
    0.000   24.825001  0.000000e+00  2.173585e+02 
    0.000   25.321001  0.000000e+00  2.173457e+02 
    0.000   25.817001  0.000000e+00  2.173437e+02 
    0.000   26.313000  0.000000e+00  2.173581e+02 
    0.000   26.808001  0.000000e+00  2.173810e+02 
    0.000   27.304001  0.000000e+00  2.174045e+02 
    0.000   27.800001  0.000000e+00  2.174263e+02 
    0.000   28.296001  0.000000e+00  2.174490e+02 
    0.000   28.791000  0.000000e+00  2.174790e+02 
    0.000   29.287001  0.000000e+00  2.175232e+02 
    0.000   29.783001  0.000000e+00  2.175775e+02 
    0.000   30.279001  0.000000e+00  2.176364e+02 
    0.000   30.774000  0.000000e+00  2.176911e+02 
    0.000   31.270000  0.000000e+00  2.177419e+02 
    0.000   31.766001  0.000000e+00  2.177900e+02 
    0.000   32.262001  0.000000e+00  2.178413e+02 
    0.000   32.757000  0.000000e+00  2.178972e+02 
    0.000   33.253002  0.000000e+00  2.179596e+02 
    0.000   33.749001  0.000000e+00  2.180271e+02 
    0.000   34.244999  0.000000e+00  2.180980e+02 
    0.000   34.740002  0.000000e+00  2.181659e+02 
    0.000   35.236000  0.000000e+00  2.182296e+02 
    0.000   35.732002  0.000000e+00  2.182854e+02 
    0.000   36.228001  0.000000e+00  2.183348e+02 
    0.000   36.723000  0.000000e+00  2.183812e+02 
    0.000   37.219002  0.000000e+00  2.184257e+02 
    0.000   37.715000  0.000000e+00  2.184706e+02 
    0.000   38.211002  0.000000e+00  2.185159e+02 
    0.000   38.706001  0.000000e+00  2.185624e+02 
    0.000   39.202000  0.000000e+00  2.186104e+02 
    0.000   39.698002  0.000000e+00  2.186600e+02 
    0.000   40.198002  0.000000e+00  2.187116e+02 
    0.000   45.198002  0.000000e+00  2.191620e+02 
    0.000   50.198002  0.000000e+00  2.193839e+02 
    0.000   55.198002  0.000000e+00  2.193869e+02 
    0.000   60.198002  0.000000e+00  2.193177e+02 
    0.000   65.197998  0.000000e+00  2.192653e+02 
