   67.165    0.000000  1.621639e-03  1.171349e+01 
   67.165    0.102000  1.630316e-03  1.185944e+01 
   67.165    0.205000  1.639026e-03  1.201022e+01 
   67.165    0.308000  1.647667e-03  1.216275e+01 
   67.165    0.411000  1.656244e-03  1.231618e+01 
   67.165    0.514000  1.687633e-03  1.274761e+01 
   67.165    0.617000  1.715983e-03  1.313751e+01 
   67.165    0.720000  1.740831e-03  1.348151e+01 
   67.165    0.823000  1.762360e-03  1.378294e+01 
   67.165    0.926000  1.780518e-03  1.404215e+01 
   67.165    1.028000  1.990434e-03  1.636164e+01 
   67.165    1.131000  2.021844e-03  1.672346e+01 
   67.165    1.234000  2.130355e-03  1.782683e+01 
   67.165    1.337000  2.140996e-03  1.797089e+01 
   67.165    1.440000  2.151654e-03  1.811536e+01 
   67.165    1.543000  2.162261e-03  1.825998e+01 
   67.165    1.646000  2.172812e-03  1.840455e+01 
   67.165    1.749000  2.183319e-03  1.854869e+01 
   67.165    1.852000  2.470508e-02  4.599393e+01 
   67.165    1.954000  3.694128e-01  7.871515e+01 
   67.165    2.057000  8.292204e+00  1.270018e+02 
   67.165    2.160000  2.645587e+02  2.063074e+02 
   67.165    2.263000  2.658672e+02  2.060699e+02 
   67.165    2.366000  2.671683e+02  2.058977e+02 
   67.165    2.469000  2.684613e+02  2.057730e+02 
   67.165    2.572000  2.697450e+02  2.056863e+02 
   67.165    2.675000  2.710175e+02  2.056313e+02 
   67.165    2.778000  2.722772e+02  2.056035e+02 
   67.165    2.881000  2.735242e+02  2.055986e+02 
   67.165    2.983000  2.747451e+02  2.056135e+02 
   67.165    3.086000  2.759633e+02  2.056459e+02 
   67.165    3.189000  2.771681e+02  2.056933e+02 
   67.165    3.292000  2.783605e+02  2.057537e+02 
   67.165    3.395000  2.795430e+02  2.058251e+02 
   67.165    3.498000  2.807167e+02  2.059061e+02 
   67.165    3.601000  2.818849e+02  2.059952e+02 
   67.165    3.704000  2.830514e+02  2.060911e+02 
   67.165    3.807000  2.842171e+02  2.061930e+02 
   67.165    3.909000  2.853736e+02  2.062990e+02 
   67.165    4.012000  2.865452e+02  2.064106e+02 
   67.165    4.115000  2.877204e+02  2.065264e+02 
   67.165    4.218000  2.888991e+02  2.066461e+02 
   67.165    4.321000  2.900788e+02  2.067695e+02 
   67.165    4.424000  2.912543e+02  2.068969e+02 
   67.165    4.527000  2.924208e+02  2.070280e+02 
   67.165    4.630000  2.935747e+02  2.071628e+02 
   67.165    4.733000  2.947125e+02  2.073008e+02 
   67.165    4.835000  2.958205e+02  2.074403e+02 
   67.165    4.938000  2.969207e+02  2.075835e+02 
   67.165    5.041000  2.980030e+02  2.077286e+02 
   67.165    5.144000  2.990651e+02  2.078755e+02 
   67.165    5.247000  3.001075e+02  2.080239e+02 
   67.165    5.350000  3.011300e+02  2.081735e+02 
   67.165    5.453000  3.021317e+02  2.083241e+02 
   67.165    5.556000  3.031136e+02  2.084754e+02 
   67.165    5.659000  3.040750e+02  2.086273e+02 
   67.165    5.761000  3.050082e+02  2.087781e+02 
   67.165    5.864000  3.062112e+02  2.089799e+02 
   67.165    5.967000  3.073963e+02  2.091811e+02 
   67.165    6.070000  3.082921e+02  2.093335e+02 
   67.165    6.173000  3.094641e+02  2.095377e+02 
   67.165    6.276000  3.107445e+02  2.097626e+02 
   67.165    6.379000  3.116035e+02  2.099141e+02 
   67.165    6.482000  3.124500e+02  2.100653e+02 
   67.165    6.585000  3.132854e+02  2.102159e+02 
   67.165    6.687000  3.159730e+02  2.105341e+02 
   67.165    6.790000  3.194987e+02  2.109248e+02 
   67.165    6.893000  3.203144e+02  2.110700e+02 
   67.165    6.996000  3.211119e+02  2.112140e+02 
   67.165    7.099000  3.221701e+02  2.114062e+02 
   67.165    7.202000  3.232066e+02  2.115982e+02 
   67.165    7.305000  3.242134e+02  2.117891e+02 
   67.165    7.408000  3.248831e+02  2.119260e+02 
   67.165    7.511000  3.255078e+02  2.120609e+02 
   67.165    7.613000  3.297235e+02  2.125214e+02 
   67.165    7.716000  3.401848e+02  2.135133e+02 
   67.165    7.819000  3.431659e+02  2.138492e+02 
   67.165    7.922000  3.478089e+02  2.143202e+02 
   67.165    8.025000  3.516267e+02  2.147166e+02 
   67.165    8.128000  3.533317e+02  2.149361e+02 
   67.165    8.231000  3.555212e+02  2.151932e+02 
   67.165    8.334000  3.630855e+02  2.158734e+02 
   67.165    8.437000  3.668088e+02  2.162420e+02 
   67.165    8.540000  3.685563e+02  2.164542e+02 
   67.165    8.642000  3.709435e+02  2.167140e+02 
   67.165    8.745000  3.751564e+02  2.171118e+02 
   67.165    8.848000  4.556333e+02  2.222933e+02 
   67.165    8.951000  4.561701e+02  2.223925e+02 
   67.165    9.054000  4.567019e+02  2.224898e+02 
   67.165    9.157000  4.572278e+02  2.225852e+02 
   67.165    9.260000  4.577468e+02  2.226787e+02 
   67.165    9.363000  4.582583e+02  2.227701e+02 
   67.165    9.466000  4.587631e+02  2.228595e+02 
   67.165    9.568000  4.592575e+02  2.229462e+02 
   67.165    9.671000  4.597516e+02  2.230319e+02 
   67.165    9.774000  4.602379e+02  2.231159e+02 
   67.165    9.877000  4.607126e+02  2.231982e+02 
   67.165    9.980000  4.611749e+02  2.232790e+02 
   67.165   10.083000  4.616600e+02  2.233571e+02 
   67.165   10.186000  4.621346e+02  2.234338e+02 
   67.165   10.289000  4.625991e+02  2.235092e+02 
   67.165   10.392000  4.630556e+02  2.235832e+02 
   67.165   10.493999  4.635023e+02  2.236551e+02 
   67.165   10.597000  4.639485e+02  2.237265e+02 
   67.165   10.700000  4.643885e+02  2.237967e+02 
   67.165   10.802999  4.648208e+02  2.238658e+02 
   67.165   10.906000  4.652452e+02  2.239339e+02 
   67.165   11.009000  4.656627e+02  2.240010e+02 
   67.165   11.112000  4.660750e+02  2.240672e+02 
   67.165   11.215000  4.664826e+02  2.241326e+02 
   67.165   11.318000  4.668854e+02  2.241971e+02 
   67.165   11.420000  4.672794e+02  2.242601e+02 
   67.165   11.523000  4.676724e+02  2.243230e+02 
   67.165   11.625999  4.680603e+02  2.243850e+02 
   67.165   11.729000  4.684430e+02  2.244462e+02 
   67.165   11.832000  4.688206e+02  2.245067e+02 
   67.165   11.934999  4.691929e+02  2.245663e+02 
   67.165   12.038000  4.695602e+02  2.246252e+02 
   67.165   12.141000  4.699226e+02  2.246833e+02 
   67.165   12.243999  4.702800e+02  2.247406e+02 
   67.165   12.346000  4.706292e+02  2.247966e+02 
   67.165   12.449000  4.709769e+02  2.248524e+02 
   67.165   12.552000  4.713198e+02  2.249073e+02 
   67.165   12.655000  4.716579e+02  2.249615e+02 
   67.165   12.757999  4.719913e+02  2.250148e+02 
   67.165   12.861000  4.723203e+02  2.250672e+02 
   67.165   12.964000  4.726454e+02  2.251187e+02 
   67.165   13.066999  4.729666e+02  2.251692e+02 
   67.165   13.170000  4.732840e+02  2.252188e+02 
   67.165   13.272000  4.735946e+02  2.252669e+02 
   67.165   13.375000  4.739046e+02  2.253145e+02 
   67.165   13.478000  4.742110e+02  2.253612e+02 
   67.165   13.581000  4.745139e+02  2.254068e+02 
   67.165   13.684000  4.748132e+02  2.254516e+02 
   67.165   13.787000  4.751093e+02  2.254954e+02 
   67.165   13.890000  4.754019e+02  2.255382e+02 
   67.165   13.993000  4.756913e+02  2.255801e+02 
   67.165   14.096000  4.759775e+02  2.256210e+02 
   67.165   14.199000  4.762604e+02  2.256610e+02 
   67.165   14.301000  4.765374e+02  2.256997e+02 
   67.165   14.404000  4.768141e+02  2.257378e+02 
   67.165   14.507000  4.770876e+02  2.257751e+02 
   67.165   14.610000  4.773580e+02  2.258115e+02 
   67.165   14.713000  4.776252e+02  2.258471e+02 
   67.165   14.816000  4.778893e+02  2.258820e+02 
   67.165   14.919000  4.781503e+02  2.259161e+02 
   67.165   15.022000  4.784081e+02  2.259496e+02 
   67.165   15.125000  4.786627e+02  2.259824e+02 
   67.165   15.227000  4.789118e+02  2.260143e+02 
   67.165   15.330000  4.791602e+02  2.260458e+02 
   67.165   15.433000  4.794057e+02  2.260768e+02 
   67.165   15.536000  4.796481e+02  2.261072e+02 
   67.165   15.639000  4.798875e+02  2.261369e+02 
   67.165   15.742000  4.801241e+02  2.261661e+02 
   67.165   15.845000  4.803577e+02  2.261947e+02 
   67.165   15.947999  4.805886e+02  2.262227e+02 
   67.165   16.051001  4.808170e+02  2.262501e+02 
   67.165   16.153002  4.810407e+02  2.262766e+02 
   67.165   16.256001  4.812642e+02  2.263026e+02 
   67.165   16.359001  4.814852e+02  2.263281e+02 
   67.165   16.462000  4.817039e+02  2.263530e+02 
   67.165   16.565001  4.819204e+02  2.263772e+02 
   67.165   16.668001  4.821347e+02  2.264008e+02 
   67.165   16.771000  4.823469e+02  2.264238e+02 
   67.165   16.874001  4.825572e+02  2.264461e+02 
   67.165   16.977001  4.827656e+02  2.264677e+02 
   67.165   17.079000  4.829702e+02  2.264884e+02 
   67.165   17.182001  4.831753e+02  2.265085e+02 
   67.165   17.285002  4.833789e+02  2.265277e+02 
   67.165   17.388000  4.835811e+02  2.265461e+02 
   67.165   17.491001  4.837821e+02  2.265635e+02 
   67.165   17.594002  4.839820e+02  2.265801e+02 
   67.165   17.697001  4.841807e+02  2.265958e+02 
   67.165   17.800001  4.843780e+02  2.266107e+02 
   67.165   17.903002  4.845740e+02  2.266249e+02 
   67.165   18.005001  4.847667e+02  2.266382e+02 
   67.165   18.108002  4.849597e+02  2.266509e+02 
   67.165   18.211000  4.851511e+02  2.266631e+02 
   67.165   18.314001  4.853408e+02  2.266747e+02 
   67.165   18.417002  4.855287e+02  2.266858e+02 
   67.165   18.520000  4.857149e+02  2.266964e+02 
   67.165   18.623001  4.858995e+02  2.267064e+02 
   67.165   18.726002  4.860827e+02  2.267159e+02 
   67.165   18.829000  4.862644e+02  2.267247e+02 
   67.165   18.931002  4.864428e+02  2.267330e+02 
   67.165   19.034000  4.866217e+02  2.267407e+02 
   67.165   19.137001  4.867993e+02  2.267478e+02 
   67.165   19.240002  4.869756e+02  2.267544e+02 
   67.165   19.343000  4.871506e+02  2.267605e+02 
   67.165   19.446001  4.873244e+02  2.267661e+02 
   67.165   19.549002  4.874967e+02  2.267712e+02 
   67.165   19.652000  4.876678e+02  2.267759e+02 
   67.165   19.755001  4.878374e+02  2.267801e+02 
   67.165   19.858002  4.880058e+02  2.267839e+02 
   67.165   19.960001  4.881712e+02  2.267873e+02 
   67.165   20.063002  4.883373e+02  2.267901e+02 
   67.165   20.363001  4.888159e+02  2.267950e+02 
   67.165   20.858002  4.895829e+02  2.267958e+02 
   67.165   21.354000  4.903233e+02  2.267879e+02 
   67.165   21.850000  4.910371e+02  2.267718e+02 
   67.165   22.346001  4.917190e+02  2.267511e+02 
   67.165   22.841002  4.923612e+02  2.267305e+02 
   67.165   23.337000  4.929622e+02  2.267124e+02 
   67.165   23.833000  4.935222e+02  2.266967e+02 
   67.165   24.329000  4.940466e+02  2.266819e+02 
   67.165   24.824001  4.945389e+02  2.266665e+02 
   67.165   25.320002  4.950008e+02  2.266513e+02 
   67.165   25.816000  4.954319e+02  2.266372e+02 
   67.165   26.312000  4.958342e+02  2.266239e+02 
   67.165   26.807001  4.962101e+02  2.266109e+02 
   67.165   27.303001  4.965630e+02  2.265977e+02 
   67.165   27.799002  4.968927e+02  2.265848e+02 
   67.165   28.295000  4.972001e+02  2.265722e+02 
   67.165   28.790001  4.974876e+02  2.265597e+02 
   67.165   29.286001  4.977595e+02  2.265468e+02 
   67.165   29.782001  4.980178e+02  2.265332e+02 
   67.165   30.278002  4.982644e+02  2.265189e+02 
   67.165   30.773001  4.985005e+02  2.265041e+02 
   67.165   31.269001  4.987287e+02  2.264886e+02 
   67.165   31.765001  4.989500e+02  2.264728e+02 
   67.165   32.260998  4.991669e+02  2.264567e+02 
   67.165   32.756001  4.993805e+02  2.264404e+02 
   67.165   33.251999  4.995935e+02  2.264243e+02 
   67.165   33.747997  4.998071e+02  2.264085e+02 
   67.165   34.243999  5.000224e+02  2.263934e+02 
   67.165   34.738998  5.002406e+02  2.263791e+02 
   67.165   35.235001  5.004636e+02  2.263656e+02 
   67.165   35.730999  5.006920e+02  2.263530e+02 
   67.165   36.226997  5.009264e+02  2.263412e+02 
   67.165   36.722000  5.011660e+02  2.263301e+02 
   67.165   37.217999  5.014115e+02  2.263198e+02 
   67.165   37.714001  5.016609e+02  2.263102e+02 
   67.165   38.209999  5.019130e+02  2.263013e+02 
   67.165   38.704998  5.021651e+02  2.262932e+02 
   67.165   39.201000  5.024165e+02  2.262858e+02 
   67.165   39.696999  5.026643e+02  2.262791e+02 
   67.165   40.196999  5.029055e+02  2.262743e+02 
   67.165   45.196999  5.047904e+02  2.262614e+02 
   67.165   50.196999  5.055010e+02  2.262668e+02 
   67.165   55.196999  5.057533e+02  2.262738e+02 
   67.165   60.196999  5.065293e+02  2.262792e+02 
   67.165   65.197006  5.077743e+02  2.262827e+02 
