    0.000    0.000000  0.000000e+00  3.496559e+02 
    0.000    0.102000  0.000000e+00  3.489745e+02 
    0.000    0.205000  0.000000e+00  3.476530e+02 
    0.000    0.308000  0.000000e+00  3.463103e+02 
    0.000    0.411000  0.000000e+00  3.449149e+02 
    0.000    0.514000  0.000000e+00  3.435677e+02 
    0.000    0.617000  0.000000e+00  3.420995e+02 
    0.000    0.720000  0.000000e+00  3.405767e+02 
    0.000    0.823000  0.000000e+00  3.392111e+02 
    0.000    0.926000  0.000000e+00  3.377714e+02 
    0.000    1.028000  0.000000e+00  3.362180e+02 
    0.000    1.131000  0.000000e+00  3.346876e+02 
    0.000    1.234000  0.000000e+00  3.330793e+02 
    0.000    1.337000  0.000000e+00  3.314887e+02 
    0.000    1.440000  0.000000e+00  3.298398e+02 
    0.000    1.543000  0.000000e+00  3.280773e+02 
    0.000    1.646000  0.000000e+00  3.255902e+02 
    0.000    1.749000  0.000000e+00  3.227290e+02 
    0.000    1.852000  0.000000e+00  3.192678e+02 
    0.000    1.954000  0.000000e+00  3.153128e+02 
    0.000    2.057000  0.000000e+00  3.108403e+02 
    0.000    2.160000  0.000000e+00  3.056335e+02 
    0.000    2.263000  0.000000e+00  3.045912e+02 
    0.000    2.366000  0.000000e+00  3.034694e+02 
    0.000    2.469000  0.000000e+00  3.023049e+02 
    0.000    2.572000  0.000000e+00  3.011121e+02 
    0.000    2.675000  0.000000e+00  2.998823e+02 
    0.000    2.778000  0.000000e+00  2.986102e+02 
    0.000    2.880000  0.000000e+00  2.973313e+02 
    0.000    2.983000  0.000000e+00  2.960438e+02 
    0.000    3.086000  0.000000e+00  2.947593e+02 
    0.000    3.189000  0.000000e+00  2.934617e+02 
    0.000    3.292000  0.000000e+00  2.921650e+02 
    0.000    3.395000  0.000000e+00  2.908829e+02 
    0.000    3.498000  0.000000e+00  2.896158e+02 
    0.000    3.601000  0.000000e+00  2.883669e+02 
    0.000    3.704000  0.000000e+00  2.871378e+02 
    0.000    3.806000  0.000000e+00  2.859323e+02 
    0.000    3.909000  0.000000e+00  2.847062e+02 
    0.000    4.012000  0.000000e+00  2.834820e+02 
    0.000    4.115000  0.000000e+00  2.822647e+02 
    0.000    4.218000  0.000000e+00  2.810578e+02 
    0.000    4.321000  0.000000e+00  2.798665e+02 
    0.000    4.424000  0.000000e+00  2.786839e+02 
    0.000    4.527000  0.000000e+00  2.775172e+02 
    0.000    4.630000  0.000000e+00  2.763656e+02 
    0.000    4.733000  0.000000e+00  2.752173e+02 
    0.000    4.835000  0.000000e+00  2.740904e+02 
    0.000    4.938000  0.000000e+00  2.729670e+02 
    0.000    5.041000  0.000000e+00  2.718568e+02 
    0.000    5.144000  0.000000e+00  2.707643e+02 
    0.000    5.247000  0.000000e+00  2.696805e+02 
    0.000    5.350000  0.000000e+00  2.686077e+02 
    0.000    5.453000  0.000000e+00  2.675505e+02 
    0.000    5.556000  0.000000e+00  2.665034e+02 
    0.000    5.659000  0.000000e+00  2.654713e+02 
    0.000    5.761000  0.000000e+00  2.644641e+02 
    0.000    5.864000  0.000000e+00  2.634655e+02 
    0.000    5.967000  0.000000e+00  2.624864e+02 
    0.000    6.070000  0.000000e+00  2.615245e+02 
    0.000    6.173000  0.000000e+00  2.605785e+02 
    0.000    6.276000  0.000000e+00  2.596483e+02 
    0.000    6.379000  0.000000e+00  2.587475e+02 
    0.000    6.482000  0.000000e+00  2.578709e+02 
    0.000    6.585000  0.000000e+00  2.570196e+02 
    0.000    6.687000  0.000000e+00  2.562149e+02 
    0.000    6.790000  0.000000e+00  2.554344e+02 
    0.000    6.893000  0.000000e+00  2.547123e+02 
    0.000    6.996000  0.000000e+00  2.540678e+02 
    0.000    7.099000  0.000000e+00  2.534785e+02 
    0.000    7.202000  0.000000e+00  2.530096e+02 
    0.000    7.305000  0.000000e+00  2.526523e+02 
    0.000    7.408000  0.000000e+00  2.523640e+02 
    0.000    7.511000  0.000000e+00  2.521827e+02 
    0.000    7.613000  0.000000e+00  2.520744e+02 
    0.000    7.716000  0.000000e+00  2.519978e+02 
    0.000    7.819000  0.000000e+00  2.519262e+02 
    0.000    7.922000  0.000000e+00  2.518612e+02 
    0.000    8.025000  0.000000e+00  2.517793e+02 
    0.000    8.127999  0.000000e+00  2.516565e+02 
    0.000    8.231000  0.000000e+00  2.515097e+02 
    0.000    8.334000  0.000000e+00  2.513476e+02 
    0.000    8.436999  0.000000e+00  2.511742e+02 
    0.000    8.539000  0.000000e+00  2.509964e+02 
    0.000    8.642000  0.000000e+00  2.508179e+02 
    0.000    8.745000  0.000000e+00  2.506410e+02 
    0.000    8.848000  0.000000e+00  2.504645e+02 
    0.000    8.951000  0.000000e+00  2.502961e+02 
    0.000    9.054000  0.000000e+00  2.501335e+02 
    0.000    9.157000  0.000000e+00  2.499762e+02 
    0.000    9.259999  0.000000e+00  2.498439e+02 
    0.000    9.363000  0.000000e+00  2.497298e+02 
    0.000    9.465000  0.000000e+00  2.496289e+02 
    0.000    9.568000  0.000000e+00  2.495443e+02 
    0.000    9.671000  0.000000e+00  2.494729e+02 
    0.000    9.774000  0.000000e+00  2.494090e+02 
    0.000    9.877000  0.000000e+00  2.493478e+02 
    0.000    9.980000  0.000000e+00  2.492894e+02 
    0.000   10.083000  0.000000e+00  2.492305e+02 
    0.000   10.186000  0.000000e+00  2.491639e+02 
    0.000   10.289000  0.000000e+00  2.490927e+02 
    0.000   10.392000  0.000000e+00  2.490245e+02 
    0.000   10.493999  0.000000e+00  2.489692e+02 
    0.000   10.597000  0.000000e+00  2.489226e+02 
    0.000   10.700000  0.000000e+00  2.488769e+02 
    0.000   10.802999  0.000000e+00  2.488208e+02 
    0.000   10.906000  0.000000e+00  2.487581e+02 
    0.000   11.009000  0.000000e+00  2.486910e+02 
    0.000   11.112000  0.000000e+00  2.486141e+02 
    0.000   11.215000  0.000000e+00  2.485308e+02 
    0.000   11.318000  0.000000e+00  2.484438e+02 
    0.000   11.420000  0.000000e+00  2.483529e+02 
    0.000   11.523000  0.000000e+00  2.482578e+02 
    0.000   11.625999  0.000000e+00  2.481609e+02 
    0.000   11.729000  0.000000e+00  2.480621e+02 
    0.000   11.832000  0.000000e+00  2.479620e+02 
    0.000   11.934999  0.000000e+00  2.478614e+02 
    0.000   12.038000  0.000000e+00  2.477638e+02 
    0.000   12.141000  0.000000e+00  2.476688e+02 
    0.000   12.243999  0.000000e+00  2.475754e+02 
    0.000   12.346000  0.000000e+00  2.474880e+02 
    0.000   12.448999  0.000000e+00  2.474045e+02 
    0.000   12.552000  0.000000e+00  2.473243e+02 
    0.000   12.655000  0.000000e+00  2.472476e+02 
    0.000   12.757999  0.000000e+00  2.471741e+02 
    0.000   12.861000  0.000000e+00  2.471030e+02 
    0.000   12.964000  0.000000e+00  2.470339e+02 
    0.000   13.066999  0.000000e+00  2.469664e+02 
    0.000   13.170000  0.000000e+00  2.469004e+02 
    0.000   13.271999  0.000000e+00  2.468358e+02 
    0.000   13.375000  0.000000e+00  2.467703e+02 
    0.000   13.478000  0.000000e+00  2.467047e+02 
    0.000   13.580999  0.000000e+00  2.466395e+02 
    0.000   13.684000  0.000000e+00  2.465744e+02 
    0.000   13.787000  0.000000e+00  2.465095e+02 
    0.000   13.889999  0.000000e+00  2.464450e+02 
    0.000   13.993000  0.000000e+00  2.463829e+02 
    0.000   14.096000  0.000000e+00  2.463232e+02 
    0.000   14.198000  0.000000e+00  2.462657e+02 
    0.000   14.301000  0.000000e+00  2.462103e+02 
    0.000   14.403999  0.000000e+00  2.461581e+02 
    0.000   14.507000  0.000000e+00  2.461082e+02 
    0.000   14.610000  0.000000e+00  2.460598e+02 
    0.000   14.712999  0.000000e+00  2.460115e+02 
    0.000   14.816000  0.000000e+00  2.459635e+02 
    0.000   14.919000  0.000000e+00  2.459163e+02 
    0.000   15.021999  0.000000e+00  2.458692e+02 
    0.000   15.124000  0.000000e+00  2.458228e+02 
    0.000   15.226999  0.000000e+00  2.457764e+02 
    0.000   15.330000  0.000000e+00  2.457298e+02 
    0.000   15.433000  0.000000e+00  2.456828e+02 
    0.000   15.535999  0.000000e+00  2.456356e+02 
    0.000   15.639000  0.000000e+00  2.455883e+02 
    0.000   15.742000  0.000000e+00  2.455402e+02 
    0.000   15.844999  0.000000e+00  2.454916e+02 
    0.000   15.948000  0.000000e+00  2.454428e+02 
    0.000   16.051001  0.000000e+00  2.453966e+02 
    0.000   16.153000  0.000000e+00  2.453537e+02 
    0.000   16.256001  0.000000e+00  2.453124e+02 
    0.000   16.358999  0.000000e+00  2.452719e+02 
    0.000   16.462000  0.000000e+00  2.452312e+02 
    0.000   16.565001  0.000000e+00  2.451903e+02 
    0.000   16.667999  0.000000e+00  2.451496e+02 
    0.000   16.771000  0.000000e+00  2.451074e+02 
    0.000   16.874001  0.000000e+00  2.450640e+02 
    0.000   16.976999  0.000000e+00  2.450199e+02 
    0.000   17.079000  0.000000e+00  2.449759e+02 
    0.000   17.181999  0.000000e+00  2.449316e+02 
    0.000   17.285000  0.000000e+00  2.448875e+02 
    0.000   17.388000  0.000000e+00  2.448433e+02 
    0.000   17.490999  0.000000e+00  2.447992e+02 
    0.000   17.594000  0.000000e+00  2.447551e+02 
    0.000   17.697001  0.000000e+00  2.447111e+02 
    0.000   17.799999  0.000000e+00  2.446673e+02 
    0.000   17.903000  0.000000e+00  2.446242e+02 
    0.000   18.004999  0.000000e+00  2.445819e+02 
    0.000   18.108000  0.000000e+00  2.445396e+02 
    0.000   18.211000  0.000000e+00  2.444990e+02 
    0.000   18.313999  0.000000e+00  2.444601e+02 
    0.000   18.417000  0.000000e+00  2.444225e+02 
    0.000   18.520000  0.000000e+00  2.443861e+02 
    0.000   18.622999  0.000000e+00  2.443510e+02 
    0.000   18.726000  0.000000e+00  2.443171e+02 
    0.000   18.829000  0.000000e+00  2.442842e+02 
    0.000   18.931000  0.000000e+00  2.442526e+02 
    0.000   19.034000  0.000000e+00  2.442216e+02 
    0.000   19.136999  0.000000e+00  2.441916e+02 
    0.000   19.240000  0.000000e+00  2.441623e+02 
    0.000   19.343000  0.000000e+00  2.441333e+02 
    0.000   19.445999  0.000000e+00  2.441043e+02 
    0.000   19.549000  0.000000e+00  2.440756e+02 
    0.000   19.652000  0.000000e+00  2.440472e+02 
    0.000   19.754999  0.000000e+00  2.440177e+02 
    0.000   19.857000  0.000000e+00  2.439872e+02 
    0.000   19.959999  0.000000e+00  2.439557e+02 
    0.000   20.063000  0.000000e+00  2.439236e+02 
    0.000   20.362999  0.000000e+00  2.438280e+02 
    0.000   20.858000  0.000000e+00  2.436799e+02 
    0.000   21.354000  0.000000e+00  2.435582e+02 
    0.000   21.850000  0.000000e+00  2.434578e+02 
    0.000   22.346001  0.000000e+00  2.433655e+02 
    0.000   22.841000  0.000000e+00  2.432750e+02 
    0.000   23.337000  0.000000e+00  2.431853e+02 
    0.000   23.833000  0.000000e+00  2.431069e+02 
    0.000   24.329000  0.000000e+00  2.430539e+02 
    0.000   24.823999  0.000000e+00  2.430274e+02 
    0.000   25.320000  0.000000e+00  2.430186e+02 
    0.000   25.816000  0.000000e+00  2.430114e+02 
    0.000   26.312000  0.000000e+00  2.429993e+02 
    0.000   26.806999  0.000000e+00  2.429969e+02 
    0.000   27.302999  0.000000e+00  2.430089e+02 
    0.000   27.799000  0.000000e+00  2.430314e+02 
    0.000   28.295000  0.000000e+00  2.430611e+02 
    0.000   28.789999  0.000000e+00  2.430997e+02 
    0.000   29.285999  0.000000e+00  2.431404e+02 
    0.000   29.782000  0.000000e+00  2.431834e+02 
    0.000   30.278000  0.000000e+00  2.432318e+02 
    0.000   30.772999  0.000000e+00  2.432871e+02 
    0.000   31.268999  0.000000e+00  2.433450e+02 
    0.000   31.764999  0.000000e+00  2.434014e+02 
    0.000   32.261002  0.000000e+00  2.434568e+02 
    0.000   32.756001  0.000000e+00  2.435118e+02 
    0.000   33.252003  0.000000e+00  2.435663e+02 
    0.000   33.748001  0.000000e+00  2.436215e+02 
    0.000   34.244003  0.000000e+00  2.436778e+02 
    0.000   34.739002  0.000000e+00  2.437377e+02 
    0.000   35.235001  0.000000e+00  2.438010e+02 
    0.000   35.731003  0.000000e+00  2.438629e+02 
    0.000   36.227001  0.000000e+00  2.439227e+02 
    0.000   36.722000  0.000000e+00  2.439755e+02 
    0.000   37.218002  0.000000e+00  2.440225e+02 
    0.000   37.714001  0.000000e+00  2.440659e+02 
    0.000   38.210003  0.000000e+00  2.441066e+02 
    0.000   38.705002  0.000000e+00  2.441481e+02 
    0.000   39.201000  0.000000e+00  2.441915e+02 
    0.000   39.697002  0.000000e+00  2.442377e+02 
    0.000   40.197002  0.000000e+00  2.442875e+02 
    0.000   45.197002  0.000000e+00  2.447354e+02 
    0.000   50.197002  0.000000e+00  2.449582e+02 
    0.000   55.197002  0.000000e+00  2.449521e+02 
    0.000   60.197002  0.000000e+00  2.448855e+02 
    0.000   65.196999  0.000000e+00  2.448328e+02 
