    0.000    0.000000  0.000000e+00  3.507449e+02 
    0.000    0.103000  0.000000e+00  3.503008e+02 
    0.000    0.206000  0.000000e+00  3.491234e+02 
    0.000    0.309000  0.000000e+00  3.475570e+02 
    0.000    0.412000  0.000000e+00  3.459666e+02 
    0.000    0.515000  0.000000e+00  3.443259e+02 
    0.000    0.618000  0.000000e+00  3.425682e+02 
    0.000    0.720000  0.000000e+00  3.377557e+02 
    0.000    0.823000  0.000000e+00  3.324924e+02 
    0.000    0.926000  0.000000e+00  3.277825e+02 
    0.000    1.029000  0.000000e+00  3.236636e+02 
    0.000    1.132000  0.000000e+00  3.200718e+02 
    0.000    1.235000  0.000000e+00  3.171417e+02 
    0.000    1.338000  0.000000e+00  3.146150e+02 
    0.000    1.441000  0.000000e+00  3.122503e+02 
    0.000    1.544000  0.000000e+00  3.099436e+02 
    0.000    1.646000  0.000000e+00  3.077136e+02 
    0.000    1.749000  0.000000e+00  3.055826e+02 
    0.000    1.852000  0.000000e+00  3.049849e+02 
    0.000    1.955000  0.000000e+00  3.019090e+02 
    0.000    2.058000  0.000000e+00  2.996917e+02 
    0.000    2.161000  0.000000e+00  2.974283e+02 
    0.000    2.264000  0.000000e+00  2.967166e+02 
    0.000    2.367000  0.000000e+00  2.945911e+02 
    0.000    2.470000  0.000000e+00  2.921676e+02 
    0.000    2.573000  0.000000e+00  2.895090e+02 
    0.000    2.675000  0.000000e+00  2.866643e+02 
    0.000    2.778000  0.000000e+00  2.836143e+02 
    0.000    2.881000  0.000000e+00  2.803968e+02 
    0.000    2.984000  0.000000e+00  2.768727e+02 
    0.000    3.087000  0.000000e+00  2.760203e+02 
    0.000    3.190000  0.000000e+00  2.749730e+02 
    0.000    3.293000  0.000000e+00  2.738031e+02 
    0.000    3.396000  0.000000e+00  2.724738e+02 
    0.000    3.499000  0.000000e+00  2.710591e+02 
    0.000    3.601000  0.000000e+00  2.695844e+02 
    0.000    3.704000  0.000000e+00  2.680742e+02 
    0.000    3.807000  0.000000e+00  2.666202e+02 
    0.000    3.910000  0.000000e+00  2.652371e+02 
    0.000    4.013000  0.000000e+00  2.639309e+02 
    0.000    4.116000  0.000000e+00  2.626466e+02 
    0.000    4.219000  0.000000e+00  2.613241e+02 
    0.000    4.322000  0.000000e+00  2.598824e+02 
    0.000    4.425000  0.000000e+00  2.581972e+02 
    0.000    4.527000  0.000000e+00  2.563266e+02 
    0.000    4.630000  0.000000e+00  2.542572e+02 
    0.000    4.733000  0.000000e+00  2.520766e+02 
    0.000    4.836000  0.000000e+00  2.499155e+02 
    0.000    4.939000  0.000000e+00  2.477434e+02 
    0.000    5.042000  0.000000e+00  2.455747e+02 
    0.000    5.145000  0.000000e+00  2.434548e+02 
    0.000    5.248000  0.000000e+00  2.415399e+02 
    0.000    5.351000  0.000000e+00  2.397531e+02 
    0.000    5.453000  0.000000e+00  2.381432e+02 
    0.000    5.556000  0.000000e+00  2.365152e+02 
    0.000    5.659000  0.000000e+00  2.348301e+02 
    0.000    5.762000  0.000000e+00  2.330503e+02 
    0.000    5.865000  0.000000e+00  2.312022e+02 
    0.000    5.968000  0.000000e+00  2.293646e+02 
    0.000    6.071000  0.000000e+00  2.277151e+02 
    0.000    6.174000  0.000000e+00  2.263115e+02 
    0.000    6.277000  0.000000e+00  2.252526e+02 
    0.000    6.379000  0.000000e+00  2.244427e+02 
    0.000    6.482000  0.000000e+00  2.236326e+02 
    0.000    6.585000  0.000000e+00  2.226711e+02 
    0.000    6.688000  0.000000e+00  2.217418e+02 
    0.000    6.791000  0.000000e+00  2.208391e+02 
    0.000    6.894000  0.000000e+00  2.199631e+02 
    0.000    6.997000  0.000000e+00  2.191304e+02 
    0.000    7.100000  0.000000e+00  2.183611e+02 
    0.000    7.203000  0.000000e+00  2.177083e+02 
    0.000    7.305000  0.000000e+00  2.171958e+02 
    0.000    7.408000  0.000000e+00  2.167274e+02 
    0.000    7.511000  0.000000e+00  2.163775e+02 
    0.000    7.614000  0.000000e+00  2.161008e+02 
    0.000    7.717000  0.000000e+00  2.158687e+02 
    0.000    7.820000  0.000000e+00  2.156832e+02 
    0.000    7.923000  0.000000e+00  2.155330e+02 
    0.000    8.026000  0.000000e+00  2.154060e+02 
    0.000    8.129000  0.000000e+00  2.152896e+02 
    0.000    8.231999  0.000000e+00  2.151896e+02 
    0.000    8.334000  0.000000e+00  2.151142e+02 
    0.000    8.436999  0.000000e+00  2.149959e+02 
    0.000    8.540000  0.000000e+00  2.148784e+02 
    0.000    8.643000  0.000000e+00  2.147371e+02 
    0.000    8.745999  0.000000e+00  2.145761e+02 
    0.000    8.849000  0.000000e+00  2.144108e+02 
    0.000    8.952000  0.000000e+00  2.143277e+02 
    0.000    9.054999  0.000000e+00  2.142375e+02 
    0.000    9.158000  0.000000e+00  2.141439e+02 
    0.000    9.259999  0.000000e+00  2.140141e+02 
    0.000    9.363000  0.000000e+00  2.138881e+02 
    0.000    9.466000  0.000000e+00  2.138059e+02 
    0.000    9.568999  0.000000e+00  2.137337e+02 
    0.000    9.672000  0.000000e+00  2.136686e+02 
    0.000    9.775000  0.000000e+00  2.136107e+02 
    0.000    9.877999  0.000000e+00  2.135679e+02 
    0.000    9.981000  0.000000e+00  2.135361e+02 
    0.000   10.084000  0.000000e+00  2.135112e+02 
    0.000   10.186000  0.000000e+00  2.134922e+02 
    0.000   10.289000  0.000000e+00  2.134774e+02 
    0.000   10.392000  0.000000e+00  2.134624e+02 
    0.000   10.495000  0.000000e+00  2.134389e+02 
    0.000   10.598000  0.000000e+00  2.134102e+02 
    0.000   10.701000  0.000000e+00  2.133781e+02 
    0.000   10.804000  0.000000e+00  2.133402e+02 
    0.000   10.907000  0.000000e+00  2.132988e+02 
    0.000   11.009999  0.000000e+00  2.132545e+02 
    0.000   11.112000  0.000000e+00  2.132051e+02 
    0.000   11.215000  0.000000e+00  2.131515e+02 
    0.000   11.318000  0.000000e+00  2.130952e+02 
    0.000   11.421000  0.000000e+00  2.130334e+02 
    0.000   11.524000  0.000000e+00  2.129678e+02 
    0.000   11.627000  0.000000e+00  2.129003e+02 
    0.000   11.730000  0.000000e+00  2.128347e+02 
    0.000   11.833000  0.000000e+00  2.127707e+02 
    0.000   11.936000  0.000000e+00  2.127075e+02 
    0.000   12.038000  0.000000e+00  2.126482e+02 
    0.000   12.141000  0.000000e+00  2.125912e+02 
    0.000   12.243999  0.000000e+00  2.125359e+02 
    0.000   12.347000  0.000000e+00  2.124797e+02 
    0.000   12.450000  0.000000e+00  2.124223e+02 
    0.000   12.552999  0.000000e+00  2.123647e+02 
    0.000   12.656000  0.000000e+00  2.123056e+02 
    0.000   12.759000  0.000000e+00  2.122452e+02 
    0.000   12.862000  0.000000e+00  2.121840e+02 
    0.000   12.964000  0.000000e+00  2.121229e+02 
    0.000   13.066999  0.000000e+00  2.120610e+02 
    0.000   13.170000  0.000000e+00  2.119992e+02 
    0.000   13.273000  0.000000e+00  2.119382e+02 
    0.000   13.375999  0.000000e+00  2.118797e+02 
    0.000   13.479000  0.000000e+00  2.118232e+02 
    0.000   13.582000  0.000000e+00  2.117683e+02 
    0.000   13.684999  0.000000e+00  2.117179e+02 
    0.000   13.788000  0.000000e+00  2.116712e+02 
    0.000   13.891000  0.000000e+00  2.116268e+02 
    0.000   13.993000  0.000000e+00  2.115876e+02 
    0.000   14.096000  0.000000e+00  2.115524e+02 
    0.000   14.198999  0.000000e+00  2.115202e+02 
    0.000   14.302000  0.000000e+00  2.114901e+02 
    0.000   14.405000  0.000000e+00  2.114618e+02 
    0.000   14.507999  0.000000e+00  2.114349e+02 
    0.000   14.611000  0.000000e+00  2.114084e+02 
    0.000   14.714000  0.000000e+00  2.113797e+02 
    0.000   14.816999  0.000000e+00  2.113495e+02 
    0.000   14.919000  0.000000e+00  2.113192e+02 
    0.000   15.021999  0.000000e+00  2.112865e+02 
    0.000   15.125000  0.000000e+00  2.112523e+02 
    0.000   15.228000  0.000000e+00  2.112173e+02 
    0.000   15.330999  0.000000e+00  2.111818e+02 
    0.000   15.434000  0.000000e+00  2.111458e+02 
    0.000   15.537000  0.000000e+00  2.111097e+02 
    0.000   15.639999  0.000000e+00  2.110730e+02 
    0.000   15.743000  0.000000e+00  2.110337e+02 
    0.000   15.844999  0.000000e+00  2.109928e+02 
    0.000   15.948000  0.000000e+00  2.109504e+02 
    0.000   16.051001  0.000000e+00  2.109072e+02 
    0.000   16.153999  0.000000e+00  2.108633e+02 
    0.000   16.257000  0.000000e+00  2.108191e+02 
    0.000   16.360001  0.000000e+00  2.107753e+02 
    0.000   16.462999  0.000000e+00  2.107328e+02 
    0.000   16.566000  0.000000e+00  2.106914e+02 
    0.000   16.669001  0.000000e+00  2.106507e+02 
    0.000   16.771000  0.000000e+00  2.106125e+02 
    0.000   16.874001  0.000000e+00  2.105759e+02 
    0.000   16.976999  0.000000e+00  2.105406e+02 
    0.000   17.080000  0.000000e+00  2.105068e+02 
    0.000   17.183001  0.000000e+00  2.104744e+02 
    0.000   17.285999  0.000000e+00  2.104432e+02 
    0.000   17.389000  0.000000e+00  2.104130e+02 
    0.000   17.492001  0.000000e+00  2.103832e+02 
    0.000   17.594999  0.000000e+00  2.103538e+02 
    0.000   17.697001  0.000000e+00  2.103250e+02 
    0.000   17.799999  0.000000e+00  2.102964e+02 
    0.000   17.903000  0.000000e+00  2.102681e+02 
    0.000   18.006001  0.000000e+00  2.102403e+02 
    0.000   18.108999  0.000000e+00  2.102128e+02 
    0.000   18.212000  0.000000e+00  2.101855e+02 
    0.000   18.315001  0.000000e+00  2.101585e+02 
    0.000   18.417999  0.000000e+00  2.101318e+02 
    0.000   18.521000  0.000000e+00  2.101052e+02 
    0.000   18.624001  0.000000e+00  2.100787e+02 
    0.000   18.726000  0.000000e+00  2.100526e+02 
    0.000   18.829000  0.000000e+00  2.100263e+02 
    0.000   18.931999  0.000000e+00  2.099998e+02 
    0.000   19.035000  0.000000e+00  2.099726e+02 
    0.000   19.138000  0.000000e+00  2.099449e+02 
    0.000   19.240999  0.000000e+00  2.099169e+02 
    0.000   19.344000  0.000000e+00  2.098892e+02 
    0.000   19.447001  0.000000e+00  2.098618e+02 
    0.000   19.549999  0.000000e+00  2.098348e+02 
    0.000   19.652000  0.000000e+00  2.098083e+02 
    0.000   19.754999  0.000000e+00  2.097829e+02 
    0.000   19.858000  0.000000e+00  2.097591e+02 
    0.000   19.961000  0.000000e+00  2.097365e+02 
    0.000   20.063999  0.000000e+00  2.097146e+02 
    0.000   20.362999  0.000000e+00  2.096539e+02 
    0.000   20.858999  0.000000e+00  2.095560e+02 
    0.000   21.355000  0.000000e+00  2.094673e+02 
    0.000   21.851000  0.000000e+00  2.093862e+02 
    0.000   22.346001  0.000000e+00  2.093054e+02 
    0.000   22.841999  0.000000e+00  2.092292e+02 
    0.000   23.337999  0.000000e+00  2.091644e+02 
    0.000   23.834000  0.000000e+00  2.091121e+02 
    0.000   24.329000  0.000000e+00  2.090719e+02 
    0.000   24.824999  0.000000e+00  2.090495e+02 
    0.000   25.320999  0.000000e+00  2.090408e+02 
    0.000   25.816999  0.000000e+00  2.090398e+02 
    0.000   26.312000  0.000000e+00  2.090538e+02 
    0.000   26.808001  0.000000e+00  2.090770e+02 
    0.000   27.303999  0.000000e+00  2.091017e+02 
    0.000   27.799999  0.000000e+00  2.091252e+02 
    0.000   28.295000  0.000000e+00  2.091491e+02 
    0.000   28.791000  0.000000e+00  2.091797e+02 
    0.000   29.287001  0.000000e+00  2.092234e+02 
    0.000   29.782999  0.000000e+00  2.092773e+02 
    0.000   30.278000  0.000000e+00  2.093366e+02 
    0.000   30.774000  0.000000e+00  2.093926e+02 
    0.000   31.270000  0.000000e+00  2.094450e+02 
    0.000   31.765999  0.000000e+00  2.094951e+02 
    0.000   32.261002  0.000000e+00  2.095473e+02 
    0.000   32.757000  0.000000e+00  2.096033e+02 
    0.000   33.253002  0.000000e+00  2.096657e+02 
    0.000   33.749001  0.000000e+00  2.097329e+02 
    0.000   34.244003  0.000000e+00  2.098028e+02 
    0.000   34.740002  0.000000e+00  2.098702e+02 
    0.000   35.236000  0.000000e+00  2.099335e+02 
    0.000   35.732002  0.000000e+00  2.099904e+02 
    0.000   36.227001  0.000000e+00  2.100417e+02 
    0.000   36.723003  0.000000e+00  2.100894e+02 
    0.000   37.219002  0.000000e+00  2.101342e+02 
    0.000   37.715000  0.000000e+00  2.101790e+02 
    0.000   38.210003  0.000000e+00  2.102238e+02 
    0.000   38.706001  0.000000e+00  2.102696e+02 
    0.000   39.202003  0.000000e+00  2.103163e+02 
    0.000   39.698002  0.000000e+00  2.103649e+02 
    0.000   40.198002  0.000000e+00  2.104166e+02 
    0.000   45.198002  0.000000e+00  2.108691e+02 
    0.000   50.198002  0.000000e+00  2.110916e+02 
    0.000   55.198002  0.000000e+00  2.110935e+02 
    0.000   60.198002  0.000000e+00  2.110244e+02 
    0.000   65.197998  0.000000e+00  2.109721e+02 
