   67.926    0.000000  2.477484e-09  7.483916e+00 
   67.926    0.103000  2.490754e-09  7.594262e+00 
   67.926    0.206000  2.503813e-09  7.707013e+00 
   67.926    0.309000  2.516780e-09  7.820553e+00 
   67.926    0.412000  2.529713e-09  7.934191e+00 
   67.926    0.515000  2.542652e-09  8.047501e+00 
   67.926    0.618000  2.555625e-09  8.160275e+00 
   67.926    0.721000  3.384963e-09  1.063588e+01 
   67.926    0.824000  4.963188e-09  1.386790e+01 
   67.926    0.926000  7.992606e-09  1.772226e+01 
   67.926    1.029000  1.438032e-08  2.229343e+01 
   67.926    1.132000  2.824513e-08  2.737458e+01 
   67.926    1.235000  5.971620e-08  3.284721e+01 
   67.926    1.338000  1.343151e-07  3.861868e+01 
   67.926    1.441000  3.217478e-07  4.472686e+01 
   67.926    1.544000  8.324908e-07  5.132677e+01 
   67.926    1.647000  2.321140e-06  5.841292e+01 
   67.926    1.750000  6.937558e-06  6.593195e+01 
   67.926    1.852000  7.559698e-06  6.646388e+01 
   67.926    1.955000  9.635007e-06  6.807501e+01 
   67.926    2.058000  1.212391e-05  6.962684e+01 
   67.926    2.161000  1.482190e-05  7.100636e+01 
   67.926    2.264000  4.991268e-04  9.182980e+01 
   67.926    2.367000  5.308642e-03  1.075017e+02 
   67.926    2.470000  2.623498e-02  1.195408e+02 
   67.926    2.573000  7.708603e-02  1.287262e+02 
   67.926    2.676000  8.090358e-02  1.290510e+02 
   67.926    2.778000  8.398741e-02  1.293075e+02 
   67.926    2.881000  8.671656e-02  1.295358e+02 
   67.926    2.984000  2.369328e+00  1.632550e+02 
   67.926    3.087000  2.367222e+01  1.988178e+02 
   67.926    3.190000  1.042629e+02  2.306931e+02 
   67.926    3.293000  2.649933e+02  2.529833e+02 
   67.926    3.396000  2.663883e+02  2.528085e+02 
   67.926    3.499000  2.684094e+02  2.527776e+02 
   67.926    3.602000  2.704931e+02  2.527971e+02 
   67.926    3.704000  2.724656e+02  2.528355e+02 
   67.926    3.807000  2.743466e+02  2.528857e+02 
   67.926    3.910000  2.761373e+02  2.529456e+02 
   67.926    4.013000  2.779151e+02  2.530235e+02 
   67.926    4.116000  2.797330e+02  2.531249e+02 
   67.926    4.219000  2.812595e+02  2.531707e+02 
   67.926    4.322000  2.834231e+02  2.532773e+02 
   67.926    4.425000  2.861649e+02  2.534377e+02 
   67.926    4.528000  2.900826e+02  2.536937e+02 
   67.926    4.631000  2.957026e+02  2.540796e+02 
   67.926    4.733000  3.033364e+02  2.546099e+02 
   67.926    4.836000  3.124518e+02  2.552362e+02 
   67.926    4.939000  3.220948e+02  2.558855e+02 
   67.926    5.042000  3.310829e+02  2.564774e+02 
   67.926    5.145000  3.364261e+02  2.568250e+02 
   67.926    5.248000  3.391916e+02  2.570081e+02 
   67.926    5.351000  3.418072e+02  2.571877e+02 
   67.926    5.454000  3.444404e+02  2.573739e+02 
   67.926    5.557000  3.470469e+02  2.575632e+02 
   67.926    5.659000  3.497133e+02  2.577607e+02 
   67.926    5.762000  3.523756e+02  2.579621e+02 
   67.926    5.865000  3.550440e+02  2.581676e+02 
   67.926    5.968000  3.577191e+02  2.583770e+02 
   67.926    6.071000  3.604860e+02  2.585952e+02 
   67.926    6.174000  3.632645e+02  2.588165e+02 
   67.926    6.277000  3.667596e+02  2.590845e+02 
   67.926    6.380000  3.695820e+02  2.593098e+02 
   67.926    6.483000  3.724271e+02  2.595371e+02 
   67.926    6.585000  3.750952e+02  2.597528e+02 
   67.926    6.688000  3.780378e+02  2.599855e+02 
   67.926    6.791000  3.808344e+02  2.602084e+02 
   67.926    6.894000  3.835722e+02  2.604265e+02 
   67.926    6.997000  3.862995e+02  2.606425e+02 
   67.926    7.100000  3.890557e+02  2.608592e+02 
   67.926    7.203000  3.918123e+02  2.610764e+02 
   67.926    7.306000  3.945807e+02  2.612967e+02 
   67.926    7.409000  3.972025e+02  2.615101e+02 
   67.926    7.511000  3.997341e+02  2.617200e+02 
   67.926    7.614000  4.021043e+02  2.619242e+02 
   67.926    7.717000  4.043976e+02  2.621259e+02 
   67.926    7.820000  4.066866e+02  2.623272e+02 
   67.926    7.923000  4.089279e+02  2.625257e+02 
   67.926    8.026000  4.110765e+02  2.627184e+02 
   67.926    8.129000  4.135883e+02  2.629302e+02 
   67.926    8.232000  4.157386e+02  2.631198e+02 
   67.926    8.335000  4.178174e+02  2.633039e+02 
   67.926    8.437000  4.198582e+02  2.634836e+02 
   67.926    8.540000  4.218539e+02  2.636600e+02 
   67.926    8.643000  4.238919e+02  2.638367e+02 
   67.926    8.746000  4.259575e+02  2.640101e+02 
   67.926    8.849000  4.279739e+02  2.641789e+02 
   67.926    8.952000  4.300967e+02  2.643513e+02 
   67.926    9.055000  4.321798e+02  2.645190e+02 
   67.926    9.158000  4.343724e+02  2.646900e+02 
   67.926    9.261000  4.356783e+02  2.648508e+02 
   67.926    9.363000  4.369093e+02  2.650014e+02 
   67.926    9.466000  4.381283e+02  2.651486e+02 
   67.926    9.569000  4.393542e+02  2.652936e+02 
   67.926    9.672000  4.405745e+02  2.654397e+02 
   67.926    9.775000  4.418187e+02  2.655856e+02 
   67.926    9.878000  4.430797e+02  2.657308e+02 
   67.926    9.981000  4.443139e+02  2.658713e+02 
   67.926   10.084000  4.454546e+02  2.660107e+02 
   67.926   10.187000  4.465256e+02  2.661462e+02 
   67.926   10.290000  4.469914e+02  2.662071e+02 
   67.926   10.392000  4.474489e+02  2.662668e+02 
   67.926   10.495000  4.479027e+02  2.663260e+02 
   67.926   10.598000  4.483651e+02  2.663861e+02 
   67.926   10.701000  4.487987e+02  2.664425e+02 
   67.926   10.804000  4.492268e+02  2.664981e+02 
   67.926   10.907000  4.496497e+02  2.665527e+02 
   67.926   11.010000  4.500673e+02  2.666066e+02 
   67.926   11.113000  4.504795e+02  2.666597e+02 
   67.926   11.216000  4.508864e+02  2.667122e+02 
   67.926   11.318000  4.512838e+02  2.667635e+02 
   67.926   11.421000  4.516797e+02  2.668148e+02 
   67.926   11.524000  4.520703e+02  2.668655e+02 
   67.926   11.627000  4.524554e+02  2.669157e+02 
   67.926   11.730000  4.528349e+02  2.669654e+02 
   67.926   11.833000  4.532090e+02  2.670145e+02 
   67.926   11.936000  4.535774e+02  2.670631e+02 
   67.926   12.039000  4.539406e+02  2.671111e+02 
   67.926   12.142000  4.542987e+02  2.671586e+02 
   67.926   12.244000  4.546483e+02  2.672049e+02 
   67.926   12.347000  4.549963e+02  2.672511e+02 
   67.926   12.450000  4.553397e+02  2.672966e+02 
   67.926   12.553000  4.556784e+02  2.673414e+02 
   67.926   12.656000  4.560126e+02  2.673856e+02 
   67.926   12.759000  4.563427e+02  2.674290e+02 
   67.926   12.862000  4.566689e+02  2.674718e+02 
   67.926   12.965000  4.569912e+02  2.675139e+02 
   67.926   13.068000  4.573099e+02  2.675551e+02 
   67.926   13.170000  4.576218e+02  2.675953e+02 
   67.926   13.273000  4.579331e+02  2.676350e+02 
   67.926   13.376000  4.582409e+02  2.676739e+02 
   67.926   13.479000  4.585453e+02  2.677119e+02 
   67.926   13.582000  4.588463e+02  2.677490e+02 
   67.926   13.685000  4.591441e+02  2.677852e+02 
   67.926   13.788000  4.594387e+02  2.678203e+02 
   67.926   13.891000  4.597302e+02  2.678544e+02 
   67.926   13.994000  4.600185e+02  2.678876e+02 
   67.926   14.096000  4.603010e+02  2.679194e+02 
   67.926   14.199000  4.605831e+02  2.679506e+02 
   67.926   14.302000  4.608621e+02  2.679810e+02 
   67.926   14.405000  4.611377e+02  2.680106e+02 
   67.926   14.508000  4.614100e+02  2.680395e+02 
   67.926   14.611000  4.616790e+02  2.680676e+02 
   67.926   14.714000  4.619447e+02  2.680952e+02 
   67.926   14.817000  4.622071e+02  2.681223e+02 
   67.926   14.920000  4.624661e+02  2.681487e+02 
   67.926   15.023000  4.627220e+02  2.681747e+02 
   67.926   15.125000  4.629723e+02  2.681998e+02 
   67.926   15.228000  4.632218e+02  2.682247e+02 
   67.926   15.331000  4.634683e+02  2.682491e+02 
   67.926   15.434000  4.637117e+02  2.682729e+02 
   67.926   15.537000  4.639521e+02  2.682963e+02 
   67.926   15.640000  4.641895e+02  2.683192e+02 
   67.926   15.743000  4.644241e+02  2.683416e+02 
   67.926   15.846000  4.646558e+02  2.683635e+02 
   67.926   15.948999  4.648849e+02  2.683849e+02 
   67.926   16.051001  4.651093e+02  2.684056e+02 
   67.926   16.153999  4.653335e+02  2.684259e+02 
   67.926   16.257000  4.655553e+02  2.684458e+02 
   67.926   16.360001  4.657747e+02  2.684651e+02 
   67.926   16.462999  4.659919e+02  2.684839e+02 
   67.926   16.566000  4.662070e+02  2.685020e+02 
   67.926   16.669001  4.664200e+02  2.685196e+02 
   67.926   16.771999  4.666310e+02  2.685364e+02 
   67.926   16.875000  4.668403e+02  2.685526e+02 
   67.926   16.976999  4.670458e+02  2.685678e+02 
   67.926   17.080000  4.672519e+02  2.685823e+02 
   67.926   17.183001  4.674567e+02  2.685958e+02 
   67.926   17.285999  4.676603e+02  2.686084e+02 
   67.926   17.389000  4.678627e+02  2.686201e+02 
   67.926   17.492001  4.680638e+02  2.686309e+02 
   67.926   17.594999  4.682635e+02  2.686408e+02 
   67.926   17.698000  4.684621e+02  2.686499e+02 
   67.926   17.801001  4.686591e+02  2.686583e+02 
   67.926   17.903000  4.688527e+02  2.686660e+02 
   67.926   18.006001  4.690465e+02  2.686733e+02 
   67.926   18.108999  4.692387e+02  2.686799e+02 
   67.926   18.212000  4.694293e+02  2.686860e+02 
   67.926   18.315001  4.696183e+02  2.686916e+02 
   67.926   18.417999  4.698057e+02  2.686967e+02 
   67.926   18.521000  4.699915e+02  2.687012e+02 
   67.926   18.624001  4.701758e+02  2.687053e+02 
   67.926   18.726999  4.703586e+02  2.687087e+02 
   67.926   18.829000  4.705382e+02  2.687117e+02 
   67.926   18.931999  4.707180e+02  2.687142e+02 
   67.926   19.035000  4.708964e+02  2.687162e+02 
   67.926   19.138000  4.710735e+02  2.687177e+02 
   67.926   19.240999  4.712491e+02  2.687188e+02 
   67.926   19.344000  4.714236e+02  2.687195e+02 
   67.926   19.447001  4.715967e+02  2.687196e+02 
   67.926   19.549999  4.717685e+02  2.687193e+02 
   67.926   19.653000  4.719391e+02  2.687186e+02 
   67.926   19.756001  4.721084e+02  2.687174e+02 
   67.926   19.858000  4.722749e+02  2.687158e+02 
   67.926   19.961000  4.724417e+02  2.687138e+02 
   67.926   20.063999  4.726077e+02  2.687111e+02 
   67.926   20.364000  4.730856e+02  2.687004e+02 
   67.926   20.858999  4.738511e+02  2.686760e+02 
   67.926   21.355000  4.745899e+02  2.686438e+02 
   67.926   21.851000  4.752992e+02  2.686057e+02 
   67.926   22.347000  4.759722e+02  2.685665e+02 
   67.926   22.841999  4.766020e+02  2.685302e+02 
   67.926   23.337999  4.771900e+02  2.684979e+02 
   67.926   23.834000  4.777402e+02  2.684679e+02 
   67.926   24.330000  4.782589e+02  2.684382e+02 
   67.926   24.825001  4.787462e+02  2.684090e+02 
   67.926   25.320999  4.792021e+02  2.683814e+02 
   67.926   25.816999  4.796273e+02  2.683559e+02 
   67.926   26.313000  4.800250e+02  2.683315e+02 
   67.926   26.808001  4.803964e+02  2.683080e+02 
   67.926   27.304001  4.807440e+02  2.682854e+02 
   67.926   27.799999  4.810688e+02  2.682638e+02 
   67.926   28.296000  4.813728e+02  2.682426e+02 
   67.926   28.791000  4.816582e+02  2.682218e+02 
   67.926   29.287001  4.819285e+02  2.682008e+02 
   67.926   29.783001  4.821849e+02  2.681796e+02 
   67.926   30.278999  4.824290e+02  2.681582e+02 
   67.926   30.774000  4.826620e+02  2.681367e+02 
   67.926   31.270000  4.828864e+02  2.681150e+02 
   67.926   31.766001  4.831034e+02  2.680934e+02 
   67.926   32.262001  4.833152e+02  2.680718e+02 
   67.926   32.757000  4.835233e+02  2.680504e+02 
   67.926   33.252998  4.837302e+02  2.680291e+02 
   67.926   33.749001  4.839371e+02  2.680084e+02 
   67.926   34.244999  4.841452e+02  2.679886e+02 
   67.926   34.740002  4.843557e+02  2.679700e+02 
   67.926   35.236000  4.845706e+02  2.679524e+02 
   67.926   35.731998  4.847908e+02  2.679358e+02 
   67.926   36.228001  4.850166e+02  2.679203e+02 
   67.926   36.723000  4.852476e+02  2.679059e+02 
   67.926   37.219002  4.854844e+02  2.678923e+02 
   67.926   37.715000  4.857255e+02  2.678797e+02 
   67.926   38.210999  4.859698e+02  2.678680e+02 
   67.926   38.706001  4.862149e+02  2.678573e+02 
   67.926   39.202000  4.864600e+02  2.678474e+02 
   67.926   39.698002  4.867022e+02  2.678386e+02 
   67.926   40.198002  4.869386e+02  2.678317e+02 
   67.926   45.198002  4.888032e+02  2.678071e+02 
   67.926   50.198002  4.895124e+02  2.678080e+02 
   67.926   55.198002  4.897596e+02  2.678130e+02 
   67.926   60.198002  4.904936e+02  2.678174e+02 
   67.926   65.197998  4.917253e+02  2.678205e+02 
