   67.030    0.000000  5.082322e-01  1.787247e+01 
   67.030    0.103000  5.110255e-01  1.805476e+01 
   67.030    0.206000  5.138034e-01  1.824454e+01 
   67.030    0.309000  5.251199e-01  1.895382e+01 
   67.030    0.412000  5.279245e-01  1.915064e+01 
   67.030    0.515000  5.307301e-01  1.934929e+01 
   67.030    0.618000  5.335344e-01  1.954903e+01 
   67.030    0.720000  5.363083e-01  1.974748e+01 
   67.030    0.823000  5.391057e-01  1.994816e+01 
   67.030    0.926000  5.418995e-01  2.014887e+01 
   67.030    1.029000  5.446907e-01  2.034942e+01 
   67.030    1.132000  5.474842e-01  2.054952e+01 
   67.030    1.235000  5.513762e-01  2.081370e+01 
   67.030    1.338000  5.551111e-01  2.106621e+01 
   67.030    1.441000  5.579449e-01  2.126393e+01 
   67.030    1.544000  5.607654e-01  2.146115e+01 
   67.030    1.646000  5.635390e-01  2.165582e+01 
   67.030    1.749000  5.663201e-01  2.185159e+01 
   67.030    1.852000  5.808783e-01  2.274174e+01 
   67.030    1.955000  7.897267e+00  7.385781e+01 
   67.030    2.058000  3.724148e+02  1.719975e+02 
   67.030    2.161000  3.742538e+02  1.718252e+02 
   67.030    2.264000  3.760776e+02  1.717174e+02 
   67.030    2.367000  3.778850e+02  1.716553e+02 
   67.030    2.470000  3.796793e+02  1.716281e+02 
   67.030    2.572000  3.814464e+02  1.716284e+02 
   67.030    2.675000  3.832215e+02  1.716517e+02 
   67.030    2.778000  3.849907e+02  1.716939e+02 
   67.030    2.881000  3.867525e+02  1.717526e+02 
   67.030    2.984000  3.885049e+02  1.718259e+02 
   67.030    3.087000  3.902455e+02  1.719124e+02 
   67.030    3.190000  3.919727e+02  1.720106e+02 
   67.030    3.293000  3.936868e+02  1.721192e+02 
   67.030    3.396000  3.953895e+02  1.722366e+02 
   67.030    3.498000  3.970646e+02  1.723605e+02 
   67.030    3.601000  3.987510e+02  1.724921e+02 
   67.030    3.704000  4.004373e+02  1.726290e+02 
   67.030    3.807000  4.021236e+02  1.727705e+02 
   67.030    3.910000  4.038109e+02  1.729162e+02 
   67.030    4.013000  4.054987e+02  1.730656e+02 
   67.030    4.116000  4.071803e+02  1.732188e+02 
   67.030    4.219000  4.088477e+02  1.733758e+02 
   67.030    4.322000  4.104969e+02  1.735362e+02 
   67.030    4.424000  4.121087e+02  1.736982e+02 
   67.030    4.527000  4.137103e+02  1.738647e+02 
   67.030    4.630000  4.152861e+02  1.740334e+02 
   67.030    4.733000  4.168365e+02  1.742039e+02 
   67.030    4.836000  4.183579e+02  1.743759e+02 
   67.030    4.939000  4.198514e+02  1.745491e+02 
   67.030    5.042000  4.213182e+02  1.747232e+02 
   67.030    5.145000  4.227559e+02  1.748980e+02 
   67.030    5.248000  4.241651e+02  1.750733e+02 
   67.030    5.350000  4.255316e+02  1.752472e+02 
   67.030    5.453000  4.268817e+02  1.754230e+02 
   67.030    5.556000  4.282032e+02  1.755988e+02 
   67.030    5.659000  4.294954e+02  1.757746e+02 
   67.030    5.762000  4.307601e+02  1.759500e+02 
   67.030    5.865000  4.320005e+02  1.761250e+02 
   67.030    5.968000  4.332166e+02  1.762995e+02 
   67.030    6.071000  4.344128e+02  1.764732e+02 
   67.030    6.174000  4.355962e+02  1.766456e+02 
   67.030    6.277000  4.367690e+02  1.768166e+02 
   67.030    6.379000  4.379250e+02  1.769844e+02 
   67.030    6.482000  4.390900e+02  1.771523e+02 
   67.030    6.585000  4.402540e+02  1.773185e+02 
   67.030    6.688000  4.414176e+02  1.774829e+02 
   67.030    6.791000  4.425799e+02  1.776457e+02 
   67.030    6.894000  4.437330e+02  1.778067e+02 
   67.030    6.997000  4.448669e+02  1.779660e+02 
   67.030    7.100000  4.459716e+02  1.781235e+02 
   67.030    7.203000  4.470255e+02  1.782793e+02 
   67.030    7.305000  4.479993e+02  1.784317e+02 
   67.030    7.408000  4.489108e+02  1.785833e+02 
   67.030    7.511000  4.497522e+02  1.787326e+02 
   67.030    7.614000  4.505187e+02  1.788798e+02 
   67.030    7.717000  4.512314e+02  1.790247e+02 
   67.030    7.820000  4.519232e+02  1.791672e+02 
   67.030    7.923000  4.525992e+02  1.793077e+02 
   67.030    8.026000  4.532646e+02  1.794460e+02 
   67.030    8.129000  4.539262e+02  1.795825e+02 
   67.030    8.231000  4.545769e+02  1.797158e+02 
   67.030    8.334000  4.552238e+02  1.798484e+02 
   67.030    8.436999  4.558552e+02  1.799788e+02 
   67.030    8.540000  4.564709e+02  1.801070e+02 
   67.030    8.643000  4.570733e+02  1.802330e+02 
   67.030    8.745999  4.576642e+02  1.803566e+02 
   67.030    8.849000  4.582440e+02  1.804778e+02 
   67.030    8.952000  4.588138e+02  1.805966e+02 
   67.030    9.054999  4.593736e+02  1.807130e+02 
   67.030    9.157000  4.599178e+02  1.808258e+02 
   67.030    9.259999  4.604566e+02  1.809372e+02 
   67.030    9.363000  4.609843e+02  1.810462e+02 
   67.030    9.466000  4.615012e+02  1.811529e+02 
   67.030    9.568999  4.620081e+02  1.812573e+02 
   67.030    9.672000  4.625051e+02  1.813597e+02 
   67.030    9.775000  4.629912e+02  1.814600e+02 
   67.030    9.877999  4.634648e+02  1.815583e+02 
   67.030    9.981000  4.639256e+02  1.816547e+02 
   67.030   10.082999  4.644036e+02  1.817475e+02 
   67.030   10.186000  4.648782e+02  1.818396e+02 
   67.030   10.289000  4.653456e+02  1.819299e+02 
   67.030   10.391999  4.658060e+02  1.820186e+02 
   67.030   10.495000  4.662601e+02  1.821057e+02 
   67.030   10.598000  4.667077e+02  1.821911e+02 
   67.030   10.700999  4.671481e+02  1.822750e+02 
   67.030   10.804000  4.675808e+02  1.823576e+02 
   67.030   10.907000  4.680056e+02  1.824389e+02 
   67.030   11.009000  4.684197e+02  1.825181e+02 
   67.030   11.112000  4.688330e+02  1.825971e+02 
   67.030   11.214999  4.692419e+02  1.826749e+02 
   67.030   11.318000  4.696461e+02  1.827517e+02 
   67.030   11.421000  4.700455e+02  1.828274e+02 
   67.030   11.523999  4.704401e+02  1.829021e+02 
   67.030   11.627000  4.708297e+02  1.829759e+02 
   67.030   11.730000  4.712140e+02  1.830486e+02 
   67.030   11.832999  4.715929e+02  1.831204e+02 
   67.030   11.934999  4.719628e+02  1.831906e+02 
   67.030   12.037999  4.723310e+02  1.832606e+02 
   67.030   12.141000  4.726942e+02  1.833296e+02 
   67.030   12.243999  4.730521e+02  1.833977e+02 
   67.030   12.346999  4.734050e+02  1.834649e+02 
   67.030   12.450000  4.737530e+02  1.835311e+02 
   67.030   12.552999  4.740961e+02  1.835964e+02 
   67.030   12.655999  4.744343e+02  1.836607e+02 
   67.030   12.759000  4.747679e+02  1.837239e+02 
   67.030   12.862000  4.750972e+02  1.837862e+02 
   67.030   12.964000  4.754193e+02  1.838468e+02 
   67.030   13.066999  4.757407e+02  1.839069e+02 
   67.030   13.170000  4.760582e+02  1.839659e+02 
   67.030   13.273000  4.763719e+02  1.840239e+02 
   67.030   13.375999  4.766819e+02  1.840808e+02 
   67.030   13.479000  4.769883e+02  1.841366e+02 
   67.030   13.582000  4.772912e+02  1.841914e+02 
   67.030   13.684999  4.775906e+02  1.842451e+02 
   67.030   13.787999  4.778866e+02  1.842979e+02 
   67.030   13.889999  4.781765e+02  1.843490e+02 
   67.030   13.993000  4.784658e+02  1.843997e+02 
   67.030   14.096000  4.787521e+02  1.844492e+02 
   67.030   14.198999  4.790352e+02  1.844977e+02 
   67.030   14.302000  4.793151e+02  1.845452e+02 
   67.030   14.405000  4.795919e+02  1.845916e+02 
   67.030   14.507999  4.798656e+02  1.846370e+02 
   67.030   14.611000  4.801362e+02  1.846815e+02 
   67.030   14.714000  4.804036e+02  1.847251e+02 
   67.030   14.816000  4.806654e+02  1.847674e+02 
   67.030   14.919000  4.809266e+02  1.848093e+02 
   67.030   15.021999  4.811846e+02  1.848504e+02 
   67.030   15.125000  4.814395e+02  1.848907e+02 
   67.030   15.228000  4.816913e+02  1.849303e+02 
   67.030   15.330999  4.819399e+02  1.849692e+02 
   67.030   15.434000  4.821856e+02  1.850074e+02 
   67.030   15.537000  4.824283e+02  1.850448e+02 
   67.030   15.639999  4.826680e+02  1.850816e+02 
   67.030   15.742000  4.829025e+02  1.851174e+02 
   67.030   15.844999  4.831364e+02  1.851528e+02 
   67.030   15.947999  4.833677e+02  1.851876e+02 
   67.030   16.051001  4.835964e+02  1.852216e+02 
   67.030   16.154001  4.838227e+02  1.852550e+02 
   67.030   16.257000  4.840465e+02  1.852876e+02 
   67.030   16.360001  4.842679e+02  1.853195e+02 
   67.030   16.463001  4.844870e+02  1.853507e+02 
   67.030   16.566000  4.847038e+02  1.853812e+02 
   67.030   16.668001  4.849162e+02  1.854108e+02 
   67.030   16.771000  4.851287e+02  1.854399e+02 
   67.030   16.874001  4.853392e+02  1.854683e+02 
   67.030   16.977001  4.855477e+02  1.854960e+02 
   67.030   17.080000  4.857545e+02  1.855229e+02 
   67.030   17.183001  4.859597e+02  1.855490e+02 
   67.030   17.286001  4.861636e+02  1.855742e+02 
   67.030   17.389000  4.863660e+02  1.855985e+02 
   67.030   17.492001  4.865671e+02  1.856220e+02 
   67.030   17.595001  4.867671e+02  1.856445e+02 
   67.030   17.697001  4.869640e+02  1.856660e+02 
   67.030   17.800001  4.871615e+02  1.856868e+02 
   67.030   17.903000  4.873576e+02  1.857068e+02 
   67.030   18.006001  4.875523e+02  1.857261e+02 
   67.030   18.109001  4.877456e+02  1.857447e+02 
   67.030   18.212000  4.879371e+02  1.857627e+02 
   67.030   18.315001  4.881269e+02  1.857801e+02 
   67.030   18.418001  4.883149e+02  1.857970e+02 
   67.030   18.521000  4.885012e+02  1.858133e+02 
   67.030   18.623001  4.886841e+02  1.858289e+02 
   67.030   18.726000  4.888673e+02  1.858439e+02 
   67.030   18.829000  4.890489e+02  1.858585e+02 
   67.030   18.932001  4.892291e+02  1.858724e+02 
   67.030   19.035000  4.894080e+02  1.858856e+02 
   67.030   19.138000  4.895856e+02  1.858983e+02 
   67.030   19.241001  4.897620e+02  1.859103e+02 
   67.030   19.344000  4.899371e+02  1.859218e+02 
   67.030   19.447001  4.901110e+02  1.859328e+02 
   67.030   19.549000  4.902818e+02  1.859431e+02 
   67.030   19.652000  4.904530e+02  1.859530e+02 
   67.030   19.755001  4.906228e+02  1.859624e+02 
   67.030   19.858000  4.907912e+02  1.859715e+02 
   67.030   19.961000  4.909583e+02  1.859800e+02 
   67.030   20.064001  4.911245e+02  1.859880e+02 
   67.030   20.363001  4.916015e+02  1.860079e+02 
   67.030   20.859001  4.923701e+02  1.860330e+02 
   67.030   21.355001  4.931104e+02  1.860486e+02 
   67.030   21.850000  4.938229e+02  1.860552e+02 
   67.030   22.346001  4.945057e+02  1.860561e+02 
   67.030   22.842001  4.951506e+02  1.860554e+02 
   67.030   23.338001  4.957534e+02  1.860555e+02 
   67.030   23.833000  4.963137e+02  1.860569e+02 
   67.030   24.329000  4.968391e+02  1.860580e+02 
   67.030   24.825001  4.973329e+02  1.860578e+02 
   67.030   25.321001  4.977956e+02  1.860566e+02 
   67.030   25.816000  4.982266e+02  1.860555e+02 
   67.030   26.312000  4.986299e+02  1.860543e+02 
   67.030   26.808001  4.990076e+02  1.860525e+02 
   67.030   27.304001  4.993617e+02  1.860498e+02 
   67.030   27.799000  4.996919e+02  1.860466e+02 
   67.030   28.295000  5.000005e+02  1.860430e+02 
   67.030   28.791000  5.002895e+02  1.860390e+02 
   67.030   29.287001  5.005620e+02  1.860342e+02 
   67.030   29.782001  5.008203e+02  1.860285e+02 
   67.030   30.278000  5.010676e+02  1.860216e+02 
   67.030   30.774000  5.013049e+02  1.860136e+02 
   67.030   31.270000  5.015340e+02  1.860048e+02 
   67.030   31.766001  5.017565e+02  1.859953e+02 
   67.030   32.261002  5.019742e+02  1.859852e+02 
   67.030   32.757000  5.021895e+02  1.859747e+02 
   67.030   33.253002  5.024039e+02  1.859640e+02 
   67.030   33.749001  5.026188e+02  1.859535e+02 
   67.030   34.243999  5.028350e+02  1.859433e+02 
   67.030   34.740002  5.030550e+02  1.859336e+02 
   67.030   35.236000  5.032794e+02  1.859244e+02 
   67.030   35.732002  5.035093e+02  1.859158e+02 
   67.030   36.227001  5.037448e+02  1.859077e+02 
   67.030   36.723000  5.039865e+02  1.859002e+02 
   67.030   37.219002  5.042335e+02  1.858931e+02 
   67.030   37.715000  5.044844e+02  1.858866e+02 
   67.030   38.209999  5.047373e+02  1.858805e+02 
   67.030   38.706001  5.049912e+02  1.858750e+02 
   67.030   39.202000  5.052438e+02  1.858700e+02 
   67.030   39.698002  5.054928e+02  1.858656e+02 
   67.030   40.198002  5.057349e+02  1.858627e+02 
   67.030   45.198002  5.076227e+02  1.858613e+02 
   67.030   50.198002  5.083327e+02  1.858712e+02 
   67.030   55.198002  5.085859e+02  1.858801e+02 
   67.030   60.198002  5.093691e+02  1.858864e+02 
   67.030   65.197998  5.106167e+02  1.858904e+02 
