    0.000    0.000000  0.000000e+00  3.511260e+02 
    0.000    0.103000  0.000000e+00  3.503373e+02 
    0.000    0.206000  0.000000e+00  3.489495e+02 
    0.000    0.309000  0.000000e+00  3.474579e+02 
    0.000    0.412000  0.000000e+00  3.458683e+02 
    0.000    0.515000  0.000000e+00  3.444067e+02 
    0.000    0.618000  0.000000e+00  3.429540e+02 
    0.000    0.720000  0.000000e+00  3.414673e+02 
    0.000    0.823000  0.000000e+00  3.400085e+02 
    0.000    0.926000  0.000000e+00  3.385032e+02 
    0.000    1.029000  0.000000e+00  3.369425e+02 
    0.000    1.132000  0.000000e+00  3.354735e+02 
    0.000    1.235000  0.000000e+00  3.338920e+02 
    0.000    1.338000  0.000000e+00  3.323463e+02 
    0.000    1.441000  0.000000e+00  3.307655e+02 
    0.000    1.544000  0.000000e+00  3.291268e+02 
    0.000    1.646000  0.000000e+00  3.276974e+02 
    0.000    1.749000  0.000000e+00  3.262977e+02 
    0.000    1.852000  0.000000e+00  3.246311e+02 
    0.000    1.955000  0.000000e+00  3.124897e+02 
    0.000    2.058000  0.000000e+00  3.012664e+02 
    0.000    2.161000  0.000000e+00  3.004058e+02 
    0.000    2.264000  0.000000e+00  2.993832e+02 
    0.000    2.367000  0.000000e+00  2.983344e+02 
    0.000    2.470000  0.000000e+00  2.972320e+02 
    0.000    2.572000  0.000000e+00  2.960770e+02 
    0.000    2.675000  0.000000e+00  2.948596e+02 
    0.000    2.778000  0.000000e+00  2.935966e+02 
    0.000    2.881000  0.000000e+00  2.923158e+02 
    0.000    2.984000  0.000000e+00  2.910340e+02 
    0.000    3.087000  0.000000e+00  2.897535e+02 
    0.000    3.190000  0.000000e+00  2.884716e+02 
    0.000    3.293000  0.000000e+00  2.871937e+02 
    0.000    3.396000  0.000000e+00  2.859268e+02 
    0.000    3.498000  0.000000e+00  2.846788e+02 
    0.000    3.601000  0.000000e+00  2.834410e+02 
    0.000    3.704000  0.000000e+00  2.822278e+02 
    0.000    3.807000  0.000000e+00  2.810303e+02 
    0.000    3.910000  0.000000e+00  2.798267e+02 
    0.000    4.013000  0.000000e+00  2.786270e+02 
    0.000    4.116000  0.000000e+00  2.774341e+02 
    0.000    4.219000  0.000000e+00  2.762509e+02 
    0.000    4.322000  0.000000e+00  2.750825e+02 
    0.000    4.424000  0.000000e+00  2.739191e+02 
    0.000    4.527000  0.000000e+00  2.727537e+02 
    0.000    4.630000  0.000000e+00  2.715991e+02 
    0.000    4.733000  0.000000e+00  2.704462e+02 
    0.000    4.836000  0.000000e+00  2.693053e+02 
    0.000    4.939000  0.000000e+00  2.681751e+02 
    0.000    5.042000  0.000000e+00  2.670553e+02 
    0.000    5.145000  0.000000e+00  2.659516e+02 
    0.000    5.248000  0.000000e+00  2.648585e+02 
    0.000    5.350000  0.000000e+00  2.637866e+02 
    0.000    5.453000  0.000000e+00  2.627228e+02 
    0.000    5.556000  0.000000e+00  2.616742e+02 
    0.000    5.659000  0.000000e+00  2.606438e+02 
    0.000    5.762000  0.000000e+00  2.596311e+02 
    0.000    5.865000  0.000000e+00  2.586339e+02 
    0.000    5.968000  0.000000e+00  2.576546e+02 
    0.000    6.071000  0.000000e+00  2.566952e+02 
    0.000    6.174000  0.000000e+00  2.557542e+02 
    0.000    6.277000  0.000000e+00  2.548306e+02 
    0.000    6.379000  0.000000e+00  2.539403e+02 
    0.000    6.482000  0.000000e+00  2.530639e+02 
    0.000    6.585000  0.000000e+00  2.522149e+02 
    0.000    6.688000  0.000000e+00  2.514105e+02 
    0.000    6.791000  0.000000e+00  2.506398e+02 
    0.000    6.894000  0.000000e+00  2.499274e+02 
    0.000    6.997000  0.000000e+00  2.492863e+02 
    0.000    7.100000  0.000000e+00  2.486974e+02 
    0.000    7.203000  0.000000e+00  2.482274e+02 
    0.000    7.305000  0.000000e+00  2.478661e+02 
    0.000    7.408000  0.000000e+00  2.475701e+02 
    0.000    7.511000  0.000000e+00  2.473850e+02 
    0.000    7.614000  0.000000e+00  2.472738e+02 
    0.000    7.717000  0.000000e+00  2.471968e+02 
    0.000    7.820000  0.000000e+00  2.471307e+02 
    0.000    7.923000  0.000000e+00  2.470748e+02 
    0.000    8.026000  0.000000e+00  2.470011e+02 
    0.000    8.129000  0.000000e+00  2.468889e+02 
    0.000    8.231000  0.000000e+00  2.467560e+02 
    0.000    8.334000  0.000000e+00  2.466042e+02 
    0.000    8.436999  0.000000e+00  2.464386e+02 
    0.000    8.540000  0.000000e+00  2.462654e+02 
    0.000    8.643000  0.000000e+00  2.460923e+02 
    0.000    8.745999  0.000000e+00  2.459200e+02 
    0.000    8.849000  0.000000e+00  2.457478e+02 
    0.000    8.952000  0.000000e+00  2.455855e+02 
    0.000    9.054999  0.000000e+00  2.454301e+02 
    0.000    9.157000  0.000000e+00  2.452831e+02 
    0.000    9.259999  0.000000e+00  2.451609e+02 
    0.000    9.363000  0.000000e+00  2.450574e+02 
    0.000    9.466000  0.000000e+00  2.449657e+02 
    0.000    9.568999  0.000000e+00  2.448868e+02 
    0.000    9.672000  0.000000e+00  2.448177e+02 
    0.000    9.775000  0.000000e+00  2.447553e+02 
    0.000    9.877999  0.000000e+00  2.446979e+02 
    0.000    9.981000  0.000000e+00  2.446447e+02 
    0.000   10.082999  0.000000e+00  2.445923e+02 
    0.000   10.186000  0.000000e+00  2.445333e+02 
    0.000   10.289000  0.000000e+00  2.444710e+02 
    0.000   10.391999  0.000000e+00  2.444127e+02 
    0.000   10.495000  0.000000e+00  2.443654e+02 
    0.000   10.598000  0.000000e+00  2.443266e+02 
    0.000   10.700999  0.000000e+00  2.442871e+02 
    0.000   10.804000  0.000000e+00  2.442359e+02 
    0.000   10.907000  0.000000e+00  2.441771e+02 
    0.000   11.009000  0.000000e+00  2.441135e+02 
    0.000   11.112000  0.000000e+00  2.440395e+02 
    0.000   11.214999  0.000000e+00  2.439590e+02 
    0.000   11.318000  0.000000e+00  2.438743e+02 
    0.000   11.421000  0.000000e+00  2.437840e+02 
    0.000   11.523999  0.000000e+00  2.436901e+02 
    0.000   11.627000  0.000000e+00  2.435940e+02 
    0.000   11.730000  0.000000e+00  2.434959e+02 
    0.000   11.832999  0.000000e+00  2.433966e+02 
    0.000   11.934999  0.000000e+00  2.432977e+02 
    0.000   12.037999  0.000000e+00  2.432014e+02 
    0.000   12.141000  0.000000e+00  2.431081e+02 
    0.000   12.243999  0.000000e+00  2.430168e+02 
    0.000   12.346999  0.000000e+00  2.429311e+02 
    0.000   12.450000  0.000000e+00  2.428504e+02 
    0.000   12.552999  0.000000e+00  2.427731e+02 
    0.000   12.655999  0.000000e+00  2.426992e+02 
    0.000   12.759000  0.000000e+00  2.426285e+02 
    0.000   12.862000  0.000000e+00  2.425601e+02 
    0.000   12.964000  0.000000e+00  2.424942e+02 
    0.000   13.066999  0.000000e+00  2.424293e+02 
    0.000   13.170000  0.000000e+00  2.423659e+02 
    0.000   13.273000  0.000000e+00  2.423033e+02 
    0.000   13.375999  0.000000e+00  2.422405e+02 
    0.000   13.479000  0.000000e+00  2.421779e+02 
    0.000   13.582000  0.000000e+00  2.421158e+02 
    0.000   13.684999  0.000000e+00  2.420539e+02 
    0.000   13.787999  0.000000e+00  2.419925e+02 
    0.000   13.889999  0.000000e+00  2.419321e+02 
    0.000   13.993000  0.000000e+00  2.418735e+02 
    0.000   14.096000  0.000000e+00  2.418172e+02 
    0.000   14.198999  0.000000e+00  2.417624e+02 
    0.000   14.302000  0.000000e+00  2.417098e+02 
    0.000   14.405000  0.000000e+00  2.416597e+02 
    0.000   14.507999  0.000000e+00  2.416115e+02 
    0.000   14.611000  0.000000e+00  2.415643e+02 
    0.000   14.714000  0.000000e+00  2.415168e+02 
    0.000   14.816000  0.000000e+00  2.414698e+02 
    0.000   14.919000  0.000000e+00  2.414227e+02 
    0.000   15.021999  0.000000e+00  2.413762e+02 
    0.000   15.125000  0.000000e+00  2.413303e+02 
    0.000   15.228000  0.000000e+00  2.412850e+02 
    0.000   15.330999  0.000000e+00  2.412393e+02 
    0.000   15.434000  0.000000e+00  2.411925e+02 
    0.000   15.537000  0.000000e+00  2.411453e+02 
    0.000   15.639999  0.000000e+00  2.410981e+02 
    0.000   15.742000  0.000000e+00  2.410516e+02 
    0.000   15.844999  0.000000e+00  2.410052e+02 
    0.000   15.947999  0.000000e+00  2.409591e+02 
    0.000   16.051001  0.000000e+00  2.409160e+02 
    0.000   16.154001  0.000000e+00  2.408761e+02 
    0.000   16.257000  0.000000e+00  2.408384e+02 
    0.000   16.360001  0.000000e+00  2.408009e+02 
    0.000   16.463001  0.000000e+00  2.407617e+02 
    0.000   16.566000  0.000000e+00  2.407214e+02 
    0.000   16.668001  0.000000e+00  2.406810e+02 
    0.000   16.771000  0.000000e+00  2.406390e+02 
    0.000   16.874001  0.000000e+00  2.405958e+02 
    0.000   16.977001  0.000000e+00  2.405521e+02 
    0.000   17.080000  0.000000e+00  2.405082e+02 
    0.000   17.183001  0.000000e+00  2.404643e+02 
    0.000   17.286001  0.000000e+00  2.404205e+02 
    0.000   17.389000  0.000000e+00  2.403766e+02 
    0.000   17.492001  0.000000e+00  2.403329e+02 
    0.000   17.595001  0.000000e+00  2.402895e+02 
    0.000   17.697001  0.000000e+00  2.402466e+02 
    0.000   17.800001  0.000000e+00  2.402037e+02 
    0.000   17.903000  0.000000e+00  2.401617e+02 
    0.000   18.006001  0.000000e+00  2.401203e+02 
    0.000   18.109001  0.000000e+00  2.400794e+02 
    0.000   18.212000  0.000000e+00  2.400404e+02 
    0.000   18.315001  0.000000e+00  2.400033e+02 
    0.000   18.418001  0.000000e+00  2.399676e+02 
    0.000   18.521000  0.000000e+00  2.399331e+02 
    0.000   18.623001  0.000000e+00  2.399003e+02 
    0.000   18.726000  0.000000e+00  2.398684e+02 
    0.000   18.829000  0.000000e+00  2.398374e+02 
    0.000   18.932001  0.000000e+00  2.398073e+02 
    0.000   19.035000  0.000000e+00  2.397780e+02 
    0.000   19.138000  0.000000e+00  2.397493e+02 
    0.000   19.241001  0.000000e+00  2.397213e+02 
    0.000   19.344000  0.000000e+00  2.396934e+02 
    0.000   19.447001  0.000000e+00  2.396652e+02 
    0.000   19.549000  0.000000e+00  2.396373e+02 
    0.000   19.652000  0.000000e+00  2.396093e+02 
    0.000   19.755001  0.000000e+00  2.395801e+02 
    0.000   19.858000  0.000000e+00  2.395498e+02 
    0.000   19.961000  0.000000e+00  2.395188e+02 
    0.000   20.064001  0.000000e+00  2.394873e+02 
    0.000   20.363001  0.000000e+00  2.393951e+02 
    0.000   20.859001  0.000000e+00  2.392544e+02 
    0.000   21.355001  0.000000e+00  2.391398e+02 
    0.000   21.850000  0.000000e+00  2.390440e+02 
    0.000   22.346001  0.000000e+00  2.389546e+02 
    0.000   22.842001  0.000000e+00  2.388653e+02 
    0.000   23.338001  0.000000e+00  2.387761e+02 
    0.000   23.833000  0.000000e+00  2.386996e+02 
    0.000   24.329000  0.000000e+00  2.386503e+02 
    0.000   24.825001  0.000000e+00  2.386274e+02 
    0.000   25.321001  0.000000e+00  2.386225e+02 
    0.000   25.816000  0.000000e+00  2.386153e+02 
    0.000   26.312000  0.000000e+00  2.386066e+02 
    0.000   26.808001  0.000000e+00  2.386092e+02 
    0.000   27.304001  0.000000e+00  2.386223e+02 
    0.000   27.799000  0.000000e+00  2.386436e+02 
    0.000   28.295000  0.000000e+00  2.386740e+02 
    0.000   28.791000  0.000000e+00  2.387113e+02 
    0.000   29.287001  0.000000e+00  2.387508e+02 
    0.000   29.782001  0.000000e+00  2.387946e+02 
    0.000   30.278000  0.000000e+00  2.388462e+02 
    0.000   30.774000  0.000000e+00  2.389028e+02 
    0.000   31.270000  0.000000e+00  2.389608e+02 
    0.000   31.766001  0.000000e+00  2.390178e+02 
    0.000   32.261002  0.000000e+00  2.390743e+02 
    0.000   32.757000  0.000000e+00  2.391307e+02 
    0.000   33.253002  0.000000e+00  2.391860e+02 
    0.000   33.749001  0.000000e+00  2.392415e+02 
    0.000   34.243999  0.000000e+00  2.392978e+02 
    0.000   34.740002  0.000000e+00  2.393577e+02 
    0.000   35.236000  0.000000e+00  2.394206e+02 
    0.000   35.732002  0.000000e+00  2.394820e+02 
    0.000   36.227001  0.000000e+00  2.395413e+02 
    0.000   36.723000  0.000000e+00  2.395943e+02 
    0.000   37.219002  0.000000e+00  2.396418e+02 
    0.000   37.715000  0.000000e+00  2.396858e+02 
    0.000   38.209999  0.000000e+00  2.397273e+02 
    0.000   38.706001  0.000000e+00  2.397694e+02 
    0.000   39.202000  0.000000e+00  2.398128e+02 
    0.000   39.698002  0.000000e+00  2.398589e+02 
    0.000   40.198002  0.000000e+00  2.399087e+02 
    0.000   45.198002  0.000000e+00  2.403560e+02 
    0.000   50.198002  0.000000e+00  2.405802e+02 
    0.000   55.198002  0.000000e+00  2.405738e+02 
    0.000   60.198002  0.000000e+00  2.405070e+02 
    0.000   65.197998  0.000000e+00  2.404544e+02 
