    0.000    0.000000  0.000000e+00  3.496342e+02 
    0.000    0.103000  0.000000e+00  3.492058e+02 
    0.000    0.206000  0.000000e+00  3.481654e+02 
    0.000    0.309000  0.000000e+00  3.466067e+02 
    0.000    0.412000  0.000000e+00  3.450374e+02 
    0.000    0.514000  0.000000e+00  3.436031e+02 
    0.000    0.617000  0.000000e+00  3.418608e+02 
    0.000    0.720000  0.000000e+00  3.398305e+02 
    0.000    0.823000  0.000000e+00  3.376685e+02 
    0.000    0.926000  0.000000e+00  3.353957e+02 
    0.000    1.029000  0.000000e+00  3.330857e+02 
    0.000    1.132000  0.000000e+00  3.307240e+02 
    0.000    1.235000  0.000000e+00  3.281946e+02 
    0.000    1.338000  0.000000e+00  3.256187e+02 
    0.000    1.440000  0.000000e+00  3.230015e+02 
    0.000    1.543000  0.000000e+00  3.202912e+02 
    0.000    1.646000  0.000000e+00  3.176034e+02 
    0.000    1.749000  0.000000e+00  3.161698e+02 
    0.000    1.852000  0.000000e+00  3.142541e+02 
    0.000    1.955000  0.000000e+00  3.118277e+02 
    0.000    2.058000  0.000000e+00  3.088339e+02 
    0.000    2.161000  0.000000e+00  3.053690e+02 
    0.000    2.264000  0.000000e+00  3.018900e+02 
    0.000    2.366000  0.000000e+00  2.934468e+02 
    0.000    2.469000  0.000000e+00  2.899457e+02 
    0.000    2.572000  0.000000e+00  2.869651e+02 
    0.000    2.675000  0.000000e+00  2.841541e+02 
    0.000    2.778000  0.000000e+00  2.815959e+02 
    0.000    2.881000  0.000000e+00  2.792694e+02 
    0.000    2.984000  0.000000e+00  2.778847e+02 
    0.000    3.087000  0.000000e+00  2.762700e+02 
    0.000    3.190000  0.000000e+00  2.745223e+02 
    0.000    3.292000  0.000000e+00  2.726749e+02 
    0.000    3.395000  0.000000e+00  2.707170e+02 
    0.000    3.498000  0.000000e+00  2.687398e+02 
    0.000    3.601000  0.000000e+00  2.667646e+02 
    0.000    3.704000  0.000000e+00  2.648809e+02 
    0.000    3.807000  0.000000e+00  2.631140e+02 
    0.000    3.910000  0.000000e+00  2.614552e+02 
    0.000    4.013000  0.000000e+00  2.598563e+02 
    0.000    4.116000  0.000000e+00  2.584366e+02 
    0.000    4.218000  0.000000e+00  2.570708e+02 
    0.000    4.321000  0.000000e+00  2.556542e+02 
    0.000    4.424000  0.000000e+00  2.540385e+02 
    0.000    4.527000  0.000000e+00  2.521161e+02 
    0.000    4.630000  0.000000e+00  2.498616e+02 
    0.000    4.733000  0.000000e+00  2.473241e+02 
    0.000    4.836000  0.000000e+00  2.445338e+02 
    0.000    4.939000  0.000000e+00  2.415152e+02 
    0.000    5.042000  0.000000e+00  2.384801e+02 
    0.000    5.144000  0.000000e+00  2.355474e+02 
    0.000    5.247000  0.000000e+00  2.326875e+02 
    0.000    5.350000  0.000000e+00  2.299734e+02 
    0.000    5.453000  0.000000e+00  2.275942e+02 
    0.000    5.556000  0.000000e+00  2.255716e+02 
    0.000    5.659000  0.000000e+00  2.239777e+02 
    0.000    5.762000  0.000000e+00  2.224985e+02 
    0.000    5.865000  0.000000e+00  2.211211e+02 
    0.000    5.968000  0.000000e+00  2.197928e+02 
    0.000    6.070000  0.000000e+00  2.185220e+02 
    0.000    6.173000  0.000000e+00  2.173439e+02 
    0.000    6.276000  0.000000e+00  2.162834e+02 
    0.000    6.379000  0.000000e+00  2.152953e+02 
    0.000    6.482000  0.000000e+00  2.143758e+02 
    0.000    6.585000  0.000000e+00  2.135132e+02 
    0.000    6.688000  0.000000e+00  2.126858e+02 
    0.000    6.791000  0.000000e+00  2.118891e+02 
    0.000    6.894000  0.000000e+00  2.111368e+02 
    0.000    6.997000  0.000000e+00  2.104426e+02 
    0.000    7.099000  0.000000e+00  2.098245e+02 
    0.000    7.202000  0.000000e+00  2.093057e+02 
    0.000    7.305000  0.000000e+00  2.088916e+02 
    0.000    7.408000  0.000000e+00  2.085377e+02 
    0.000    7.511000  0.000000e+00  2.082664e+02 
    0.000    7.614000  0.000000e+00  2.080656e+02 
    0.000    7.717000  0.000000e+00  2.078997e+02 
    0.000    7.820000  0.000000e+00  2.077709e+02 
    0.000    7.923000  0.000000e+00  2.076628e+02 
    0.000    8.025001  0.000000e+00  2.075651e+02 
    0.000    8.128000  0.000000e+00  2.074775e+02 
    0.000    8.231001  0.000000e+00  2.074061e+02 
    0.000    8.334001  0.000000e+00  2.073149e+02 
    0.000    8.437000  0.000000e+00  2.072013e+02 
    0.000    8.540000  0.000000e+00  2.070798e+02 
    0.000    8.643001  0.000000e+00  2.069425e+02 
    0.000    8.746000  0.000000e+00  2.067929e+02 
    0.000    8.849000  0.000000e+00  2.066636e+02 
    0.000    8.951000  0.000000e+00  2.065442e+02 
    0.000    9.054001  0.000000e+00  2.064222e+02 
    0.000    9.157001  0.000000e+00  2.063026e+02 
    0.000    9.260000  0.000000e+00  2.061229e+02 
    0.000    9.363001  0.000000e+00  2.059501e+02 
    0.000    9.466001  0.000000e+00  2.057802e+02 
    0.000    9.569000  0.000000e+00  2.056188e+02 
    0.000    9.672001  0.000000e+00  2.054636e+02 
    0.000    9.775001  0.000000e+00  2.053126e+02 
    0.000    9.877001  0.000000e+00  2.051690e+02 
    0.000    9.980000  0.000000e+00  2.051355e+02 
    0.000   10.083000  0.000000e+00  2.051104e+02 
    0.000   10.186001  0.000000e+00  2.050963e+02 
    0.000   10.289001  0.000000e+00  2.050906e+02 
    0.000   10.392000  0.000000e+00  2.050876e+02 
    0.000   10.495001  0.000000e+00  2.050804e+02 
    0.000   10.598001  0.000000e+00  2.050710e+02 
    0.000   10.701000  0.000000e+00  2.050582e+02 
    0.000   10.803000  0.000000e+00  2.050359e+02 
    0.000   10.906000  0.000000e+00  2.050070e+02 
    0.000   11.009001  0.000000e+00  2.049733e+02 
    0.000   11.112000  0.000000e+00  2.049315e+02 
    0.000   11.215000  0.000000e+00  2.048841e+02 
    0.000   11.318001  0.000000e+00  2.048330e+02 
    0.000   11.421000  0.000000e+00  2.047776e+02 
    0.000   11.524000  0.000000e+00  2.047189e+02 
    0.000   11.627001  0.000000e+00  2.046584e+02 
    0.000   11.729000  0.000000e+00  2.045985e+02 
    0.000   11.832001  0.000000e+00  2.045381e+02 
    0.000   11.935000  0.000000e+00  2.044777e+02 
    0.000   12.038000  0.000000e+00  2.044209e+02 
    0.000   12.141001  0.000000e+00  2.043668e+02 
    0.000   12.244000  0.000000e+00  2.043143e+02 
    0.000   12.347000  0.000000e+00  2.042620e+02 
    0.000   12.450001  0.000000e+00  2.042098e+02 
    0.000   12.553000  0.000000e+00  2.041579e+02 
    0.000   12.656000  0.000000e+00  2.041058e+02 
    0.000   12.758000  0.000000e+00  2.040537e+02 
    0.000   12.861000  0.000000e+00  2.040010e+02 
    0.000   12.964001  0.000000e+00  2.039482e+02 
    0.000   13.067000  0.000000e+00  2.038952e+02 
    0.000   13.170000  0.000000e+00  2.038423e+02 
    0.000   13.273001  0.000000e+00  2.037899e+02 
    0.000   13.376000  0.000000e+00  2.037388e+02 
    0.000   13.479000  0.000000e+00  2.036888e+02 
    0.000   13.582001  0.000000e+00  2.036400e+02 
    0.000   13.684000  0.000000e+00  2.035965e+02 
    0.000   13.787001  0.000000e+00  2.035565e+02 
    0.000   13.890000  0.000000e+00  2.035189e+02 
    0.000   13.993000  0.000000e+00  2.034856e+02 
    0.000   14.096001  0.000000e+00  2.034564e+02 
    0.000   14.199000  0.000000e+00  2.034299e+02 
    0.000   14.302000  0.000000e+00  2.034045e+02 
    0.000   14.405001  0.000000e+00  2.033794e+02 
    0.000   14.508000  0.000000e+00  2.033549e+02 
    0.000   14.610001  0.000000e+00  2.033299e+02 
    0.000   14.713000  0.000000e+00  2.033013e+02 
    0.000   14.816000  0.000000e+00  2.032702e+02 
    0.000   14.919001  0.000000e+00  2.032379e+02 
    0.000   15.022000  0.000000e+00  2.032037e+02 
    0.000   15.125000  0.000000e+00  2.031682e+02 
    0.000   15.228001  0.000000e+00  2.031317e+02 
    0.000   15.331000  0.000000e+00  2.030950e+02 
    0.000   15.434000  0.000000e+00  2.030582e+02 
    0.000   15.536000  0.000000e+00  2.030217e+02 
    0.000   15.639001  0.000000e+00  2.029846e+02 
    0.000   15.742001  0.000000e+00  2.029468e+02 
    0.000   15.845000  0.000000e+00  2.029085e+02 
    0.000   15.948001  0.000000e+00  2.028699e+02 
    0.000   16.050999  0.000000e+00  2.028320e+02 
    0.000   16.153999  0.000000e+00  2.027947e+02 
    0.000   16.257000  0.000000e+00  2.027579e+02 
    0.000   16.359999  0.000000e+00  2.027218e+02 
    0.000   16.462000  0.000000e+00  2.026870e+02 
    0.000   16.564999  0.000000e+00  2.026526e+02 
    0.000   16.667999  0.000000e+00  2.026189e+02 
    0.000   16.771000  0.000000e+00  2.025858e+02 
    0.000   16.873999  0.000000e+00  2.025535e+02 
    0.000   16.976999  0.000000e+00  2.025217e+02 
    0.000   17.080000  0.000000e+00  2.024903e+02 
    0.000   17.182999  0.000000e+00  2.024595e+02 
    0.000   17.285999  0.000000e+00  2.024291e+02 
    0.000   17.389000  0.000000e+00  2.023990e+02 
    0.000   17.490999  0.000000e+00  2.023701e+02 
    0.000   17.594000  0.000000e+00  2.023415e+02 
    0.000   17.696999  0.000000e+00  2.023134e+02 
    0.000   17.799999  0.000000e+00  2.022859e+02 
    0.000   17.903000  0.000000e+00  2.022590e+02 
    0.000   18.005999  0.000000e+00  2.022327e+02 
    0.000   18.108999  0.000000e+00  2.022068e+02 
    0.000   18.212000  0.000000e+00  2.021808e+02 
    0.000   18.314999  0.000000e+00  2.021546e+02 
    0.000   18.417000  0.000000e+00  2.021287e+02 
    0.000   18.519999  0.000000e+00  2.021025e+02 
    0.000   18.622999  0.000000e+00  2.020760e+02 
    0.000   18.726000  0.000000e+00  2.020493e+02 
    0.000   18.828999  0.000000e+00  2.020226e+02 
    0.000   18.931999  0.000000e+00  2.019957e+02 
    0.000   19.035000  0.000000e+00  2.019687e+02 
    0.000   19.137999  0.000000e+00  2.019417e+02 
    0.000   19.240999  0.000000e+00  2.019146e+02 
    0.000   19.343000  0.000000e+00  2.018893e+02 
    0.000   19.445999  0.000000e+00  2.018657e+02 
    0.000   19.549000  0.000000e+00  2.018435e+02 
    0.000   19.652000  0.000000e+00  2.018224e+02 
    0.000   19.754999  0.000000e+00  2.018027e+02 
    0.000   19.858000  0.000000e+00  2.017843e+02 
    0.000   19.960999  0.000000e+00  2.017669e+02 
    0.000   20.063999  0.000000e+00  2.017504e+02 
    0.000   20.362999  0.000000e+00  2.016977e+02 
    0.000   20.858999  0.000000e+00  2.016034e+02 
    0.000   21.355000  0.000000e+00  2.015200e+02 
    0.000   21.850000  0.000000e+00  2.014443e+02 
    0.000   22.345999  0.000000e+00  2.013713e+02 
    0.000   22.841999  0.000000e+00  2.013046e+02 
    0.000   23.337999  0.000000e+00  2.012430e+02 
    0.000   23.833000  0.000000e+00  2.011914e+02 
    0.000   24.328999  0.000000e+00  2.011577e+02 
    0.000   24.824999  0.000000e+00  2.011399e+02 
    0.000   25.320999  0.000000e+00  2.011301e+02 
    0.000   25.816000  0.000000e+00  2.011322e+02 
    0.000   26.312000  0.000000e+00  2.011507e+02 
    0.000   26.807999  0.000000e+00  2.011772e+02 
    0.000   27.303999  0.000000e+00  2.012037e+02 
    0.000   27.799000  0.000000e+00  2.012280e+02 
    0.000   28.295000  0.000000e+00  2.012528e+02 
    0.000   28.791000  0.000000e+00  2.012849e+02 
    0.000   29.286999  0.000000e+00  2.013306e+02 
    0.000   29.782000  0.000000e+00  2.013860e+02 
    0.000   30.278000  0.000000e+00  2.014457e+02 
    0.000   30.774000  0.000000e+00  2.015014e+02 
    0.000   31.269999  0.000000e+00  2.015533e+02 
    0.000   31.764999  0.000000e+00  2.016026e+02 
    0.000   32.260998  0.000000e+00  2.016549e+02 
    0.000   32.757000  0.000000e+00  2.017116e+02 
    0.000   33.252998  0.000000e+00  2.017746e+02 
    0.000   33.748001  0.000000e+00  2.018428e+02 
    0.000   34.243999  0.000000e+00  2.019147e+02 
    0.000   34.739998  0.000000e+00  2.019836e+02 
    0.000   35.236000  0.000000e+00  2.020480e+02 
    0.000   35.730999  0.000000e+00  2.021044e+02 
    0.000   36.227001  0.000000e+00  2.021542e+02 
    0.000   36.723000  0.000000e+00  2.022011e+02 
    0.000   37.218998  0.000000e+00  2.022459e+02 
    0.000   37.714001  0.000000e+00  2.022910e+02 
    0.000   38.209999  0.000000e+00  2.023364e+02 
    0.000   38.706001  0.000000e+00  2.023834e+02 
    0.000   39.202000  0.000000e+00  2.024320e+02 
    0.000   39.696999  0.000000e+00  2.024821e+02 
    0.000   40.196999  0.000000e+00  2.025339e+02 
    0.000   45.196999  0.000000e+00  2.029851e+02 
    0.000   50.196999  0.000000e+00  2.032079e+02 
    0.000   55.196999  0.000000e+00  2.032110e+02 
    0.000   60.196999  0.000000e+00  2.031419e+02 
    0.000   65.197006  0.000000e+00  2.030894e+02 
