    0.000    0.000000  0.000000e+00  3.524920e+02 
    0.000    0.103000  0.000000e+00  3.516143e+02 
    0.000    0.205000  0.000000e+00  3.504479e+02 
    0.000    0.308000  0.000000e+00  3.491128e+02 
    0.000    0.411000  0.000000e+00  3.477033e+02 
    0.000    0.514000  0.000000e+00  3.462794e+02 
    0.000    0.617000  0.000000e+00  3.429717e+02 
    0.000    0.720000  0.000000e+00  3.388033e+02 
    0.000    0.823000  0.000000e+00  3.344807e+02 
    0.000    0.926000  0.000000e+00  3.303196e+02 
    0.000    1.029000  0.000000e+00  3.264026e+02 
    0.000    1.131000  0.000000e+00  3.226920e+02 
    0.000    1.234000  0.000000e+00  3.192833e+02 
    0.000    1.337000  0.000000e+00  3.160488e+02 
    0.000    1.440000  0.000000e+00  3.129955e+02 
    0.000    1.543000  0.000000e+00  3.101597e+02 
    0.000    1.646000  0.000000e+00  3.073275e+02 
    0.000    1.749000  0.000000e+00  3.042582e+02 
    0.000    1.852000  0.000000e+00  3.033163e+02 
    0.000    1.955000  0.000000e+00  3.023478e+02 
    0.000    2.057000  0.000000e+00  3.013544e+02 
    0.000    2.160000  0.000000e+00  3.002958e+02 
    0.000    2.263000  0.000000e+00  2.991873e+02 
    0.000    2.366000  0.000000e+00  2.980161e+02 
    0.000    2.469000  0.000000e+00  2.967789e+02 
    0.000    2.572000  0.000000e+00  2.955163e+02 
    0.000    2.675000  0.000000e+00  2.942454e+02 
    0.000    2.778000  0.000000e+00  2.929853e+02 
    0.000    2.881000  0.000000e+00  2.799355e+02 
    0.000    2.983000  0.000000e+00  2.760168e+02 
    0.000    3.086000  0.000000e+00  2.729667e+02 
    0.000    3.189000  0.000000e+00  2.698642e+02 
    0.000    3.292000  0.000000e+00  2.662136e+02 
    0.000    3.395000  0.000000e+00  2.655347e+02 
    0.000    3.498000  0.000000e+00  2.647082e+02 
    0.000    3.601000  0.000000e+00  2.638046e+02 
    0.000    3.704000  0.000000e+00  2.628485e+02 
    0.000    3.807000  0.000000e+00  2.618611e+02 
    0.000    3.909000  0.000000e+00  2.608412e+02 
    0.000    4.012000  0.000000e+00  2.597926e+02 
    0.000    4.115000  0.000000e+00  2.587288e+02 
    0.000    4.218000  0.000000e+00  2.576483e+02 
    0.000    4.321000  0.000000e+00  2.565625e+02 
    0.000    4.424000  0.000000e+00  2.554608e+02 
    0.000    4.527000  0.000000e+00  2.543331e+02 
    0.000    4.630000  0.000000e+00  2.532040e+02 
    0.000    4.733000  0.000000e+00  2.520689e+02 
    0.000    4.835000  0.000000e+00  2.509420e+02 
    0.000    4.938000  0.000000e+00  2.498326e+02 
    0.000    5.041000  0.000000e+00  2.487276e+02 
    0.000    5.144000  0.000000e+00  2.476314e+02 
    0.000    5.247000  0.000000e+00  2.465385e+02 
    0.000    5.350000  0.000000e+00  2.454522e+02 
    0.000    5.453000  0.000000e+00  2.443791e+02 
    0.000    5.556000  0.000000e+00  2.433200e+02 
    0.000    5.659000  0.000000e+00  2.422780e+02 
    0.000    5.762000  0.000000e+00  2.411678e+02 
    0.000    5.864000  0.000000e+00  2.400875e+02 
    0.000    5.967000  0.000000e+00  2.389890e+02 
    0.000    6.070000  0.000000e+00  2.378810e+02 
    0.000    6.173000  0.000000e+00  2.367577e+02 
    0.000    6.276000  0.000000e+00  2.354568e+02 
    0.000    6.379000  0.000000e+00  2.340782e+02 
    0.000    6.482000  0.000000e+00  2.329449e+02 
    0.000    6.585000  0.000000e+00  2.318067e+02 
    0.000    6.688000  0.000000e+00  2.307149e+02 
    0.000    6.790000  0.000000e+00  2.296890e+02 
    0.000    6.893000  0.000000e+00  2.287445e+02 
    0.000    6.996000  0.000000e+00  2.278144e+02 
    0.000    7.099000  0.000000e+00  2.270900e+02 
    0.000    7.202000  0.000000e+00  2.265011e+02 
    0.000    7.305000  0.000000e+00  2.260568e+02 
    0.000    7.408000  0.000000e+00  2.255556e+02 
    0.000    7.511000  0.000000e+00  2.252134e+02 
    0.000    7.614000  0.000000e+00  2.249840e+02 
    0.000    7.716000  0.000000e+00  2.248063e+02 
    0.000    7.819000  0.000000e+00  2.246336e+02 
    0.000    7.922000  0.000000e+00  2.244902e+02 
    0.000    8.025001  0.000000e+00  2.243572e+02 
    0.000    8.128000  0.000000e+00  2.242168e+02 
    0.000    8.231000  0.000000e+00  2.240637e+02 
    0.000    8.334001  0.000000e+00  2.238924e+02 
    0.000    8.437000  0.000000e+00  2.237255e+02 
    0.000    8.540000  0.000000e+00  2.235356e+02 
    0.000    8.642000  0.000000e+00  2.233410e+02 
    0.000    8.745000  0.000000e+00  2.231288e+02 
    0.000    8.848001  0.000000e+00  2.229136e+02 
    0.000    8.951000  0.000000e+00  2.228133e+02 
    0.000    9.054000  0.000000e+00  2.227112e+02 
    0.000    9.157001  0.000000e+00  2.226083e+02 
    0.000    9.260000  0.000000e+00  2.225143e+02 
    0.000    9.363000  0.000000e+00  2.224265e+02 
    0.000    9.466001  0.000000e+00  2.223431e+02 
    0.000    9.568000  0.000000e+00  2.222696e+02 
    0.000    9.671000  0.000000e+00  2.222021e+02 
    0.000    9.774000  0.000000e+00  2.221430e+02 
    0.000    9.877000  0.000000e+00  2.221024e+02 
    0.000    9.980000  0.000000e+00  2.220752e+02 
    0.000   10.083000  0.000000e+00  2.220526e+02 
    0.000   10.186000  0.000000e+00  2.220256e+02 
    0.000   10.289001  0.000000e+00  2.219962e+02 
    0.000   10.392000  0.000000e+00  2.219644e+02 
    0.000   10.494000  0.000000e+00  2.219258e+02 
    0.000   10.597000  0.000000e+00  2.218824e+02 
    0.000   10.700000  0.000000e+00  2.218373e+02 
    0.000   10.803000  0.000000e+00  2.217918e+02 
    0.000   10.906000  0.000000e+00  2.217463e+02 
    0.000   11.009000  0.000000e+00  2.216989e+02 
    0.000   11.112000  0.000000e+00  2.216432e+02 
    0.000   11.215000  0.000000e+00  2.215818e+02 
    0.000   11.318000  0.000000e+00  2.215173e+02 
    0.000   11.421000  0.000000e+00  2.214491e+02 
    0.000   11.523000  0.000000e+00  2.213788e+02 
    0.000   11.626000  0.000000e+00  2.213067e+02 
    0.000   11.729000  0.000000e+00  2.212358e+02 
    0.000   11.832000  0.000000e+00  2.211662e+02 
    0.000   11.935000  0.000000e+00  2.210972e+02 
    0.000   12.038000  0.000000e+00  2.210284e+02 
    0.000   12.141000  0.000000e+00  2.209597e+02 
    0.000   12.244000  0.000000e+00  2.208914e+02 
    0.000   12.347000  0.000000e+00  2.208225e+02 
    0.000   12.449000  0.000000e+00  2.207535e+02 
    0.000   12.552000  0.000000e+00  2.206838e+02 
    0.000   12.655000  0.000000e+00  2.206160e+02 
    0.000   12.758000  0.000000e+00  2.205506e+02 
    0.000   12.861000  0.000000e+00  2.204868e+02 
    0.000   12.964000  0.000000e+00  2.204250e+02 
    0.000   13.067000  0.000000e+00  2.203655e+02 
    0.000   13.170000  0.000000e+00  2.203079e+02 
    0.000   13.273000  0.000000e+00  2.202519e+02 
    0.000   13.375000  0.000000e+00  2.201984e+02 
    0.000   13.478000  0.000000e+00  2.201460e+02 
    0.000   13.581000  0.000000e+00  2.200950e+02 
    0.000   13.684000  0.000000e+00  2.200454e+02 
    0.000   13.787000  0.000000e+00  2.199971e+02 
    0.000   13.890000  0.000000e+00  2.199498e+02 
    0.000   13.993000  0.000000e+00  2.199040e+02 
    0.000   14.096000  0.000000e+00  2.198594e+02 
    0.000   14.199000  0.000000e+00  2.198159e+02 
    0.000   14.301001  0.000000e+00  2.197744e+02 
    0.000   14.404000  0.000000e+00  2.197342e+02 
    0.000   14.507000  0.000000e+00  2.196954e+02 
    0.000   14.610001  0.000000e+00  2.196575e+02 
    0.000   14.713000  0.000000e+00  2.196194e+02 
    0.000   14.816000  0.000000e+00  2.195813e+02 
    0.000   14.919000  0.000000e+00  2.195435e+02 
    0.000   15.022000  0.000000e+00  2.195051e+02 
    0.000   15.125000  0.000000e+00  2.194664e+02 
    0.000   15.227000  0.000000e+00  2.194279e+02 
    0.000   15.330000  0.000000e+00  2.193903e+02 
    0.000   15.433001  0.000000e+00  2.193546e+02 
    0.000   15.536000  0.000000e+00  2.193204e+02 
    0.000   15.639000  0.000000e+00  2.192872e+02 
    0.000   15.742001  0.000000e+00  2.192538e+02 
    0.000   15.845000  0.000000e+00  2.192206e+02 
    0.000   15.948001  0.000000e+00  2.191876e+02 
    0.000   16.050999  0.000000e+00  2.191512e+02 
    0.000   16.153000  0.000000e+00  2.191110e+02 
    0.000   16.255999  0.000000e+00  2.190680e+02 
    0.000   16.358999  0.000000e+00  2.190233e+02 
    0.000   16.462000  0.000000e+00  2.189774e+02 
    0.000   16.564999  0.000000e+00  2.189306e+02 
    0.000   16.667999  0.000000e+00  2.188832e+02 
    0.000   16.771000  0.000000e+00  2.188371e+02 
    0.000   16.873999  0.000000e+00  2.187923e+02 
    0.000   16.976999  0.000000e+00  2.187484e+02 
    0.000   17.080000  0.000000e+00  2.187062e+02 
    0.000   17.181999  0.000000e+00  2.186669e+02 
    0.000   17.285000  0.000000e+00  2.186292e+02 
    0.000   17.387999  0.000000e+00  2.185929e+02 
    0.000   17.490999  0.000000e+00  2.185586e+02 
    0.000   17.594000  0.000000e+00  2.185260e+02 
    0.000   17.696999  0.000000e+00  2.184946e+02 
    0.000   17.799999  0.000000e+00  2.184642e+02 
    0.000   17.903000  0.000000e+00  2.184346e+02 
    0.000   18.005999  0.000000e+00  2.184056e+02 
    0.000   18.108000  0.000000e+00  2.183776e+02 
    0.000   18.210999  0.000000e+00  2.183495e+02 
    0.000   18.313999  0.000000e+00  2.183217e+02 
    0.000   18.417000  0.000000e+00  2.182942e+02 
    0.000   18.519999  0.000000e+00  2.182670e+02 
    0.000   18.622999  0.000000e+00  2.182402e+02 
    0.000   18.726000  0.000000e+00  2.182137e+02 
    0.000   18.828999  0.000000e+00  2.181876e+02 
    0.000   18.931999  0.000000e+00  2.181615e+02 
    0.000   19.033998  0.000000e+00  2.181356e+02 
    0.000   19.136999  0.000000e+00  2.181093e+02 
    0.000   19.240000  0.000000e+00  2.180831e+02 
    0.000   19.342999  0.000000e+00  2.180564e+02 
    0.000   19.445999  0.000000e+00  2.180291e+02 
    0.000   19.549000  0.000000e+00  2.180015e+02 
    0.000   19.651999  0.000000e+00  2.179737e+02 
    0.000   19.754999  0.000000e+00  2.179459e+02 
    0.000   19.858000  0.000000e+00  2.179181e+02 
    0.000   19.959999  0.000000e+00  2.178907e+02 
    0.000   20.063000  0.000000e+00  2.178630e+02 
    0.000   20.362999  0.000000e+00  2.177871e+02 
    0.000   20.858000  0.000000e+00  2.176794e+02 
    0.000   21.354000  0.000000e+00  2.175877e+02 
    0.000   21.849998  0.000000e+00  2.175059e+02 
    0.000   22.345999  0.000000e+00  2.174229e+02 
    0.000   22.841000  0.000000e+00  2.173383e+02 
    0.000   23.337000  0.000000e+00  2.172613e+02 
    0.000   23.832998  0.000000e+00  2.172031e+02 
    0.000   24.328999  0.000000e+00  2.171669e+02 
    0.000   24.823999  0.000000e+00  2.171442e+02 
    0.000   25.320000  0.000000e+00  2.171314e+02 
    0.000   25.816000  0.000000e+00  2.171337e+02 
    0.000   26.311998  0.000000e+00  2.171435e+02 
    0.000   26.806999  0.000000e+00  2.171582e+02 
    0.000   27.302999  0.000000e+00  2.171773e+02 
    0.000   27.799000  0.000000e+00  2.171999e+02 
    0.000   28.295000  0.000000e+00  2.172263e+02 
    0.000   28.789999  0.000000e+00  2.172612e+02 
    0.000   29.285999  0.000000e+00  2.173045e+02 
    0.000   29.782000  0.000000e+00  2.173536e+02 
    0.000   30.278000  0.000000e+00  2.174068e+02 
    0.000   30.772999  0.000000e+00  2.174612e+02 
    0.000   31.268999  0.000000e+00  2.175168e+02 
    0.000   31.764999  0.000000e+00  2.175733e+02 
    0.000   32.261002  0.000000e+00  2.176308e+02 
    0.000   32.756001  0.000000e+00  2.176888e+02 
    0.000   33.252003  0.000000e+00  2.177479e+02 
    0.000   33.748001  0.000000e+00  2.178094e+02 
    0.000   34.243999  0.000000e+00  2.178740e+02 
    0.000   34.739002  0.000000e+00  2.179380e+02 
    0.000   35.235001  0.000000e+00  2.180004e+02 
    0.000   35.731003  0.000000e+00  2.180589e+02 
    0.000   36.227001  0.000000e+00  2.181141e+02 
    0.000   36.723000  0.000000e+00  2.181655e+02 
    0.000   37.218002  0.000000e+00  2.182137e+02 
    0.000   37.714001  0.000000e+00  2.182585e+02 
    0.000   38.210003  0.000000e+00  2.183002e+02 
    0.000   38.706001  0.000000e+00  2.183421e+02 
    0.000   39.201000  0.000000e+00  2.183851e+02 
    0.000   39.697002  0.000000e+00  2.184313e+02 
    0.000   40.197002  0.000000e+00  2.184823e+02 
    0.000   45.197002  0.000000e+00  2.189335e+02 
    0.000   50.197002  0.000000e+00  2.191597e+02 
    0.000   55.197002  0.000000e+00  2.191570e+02 
    0.000   60.197002  0.000000e+00  2.190886e+02 
    0.000   65.196999  0.000000e+00  2.190365e+02 
