    0.000    0.000000  0.000000e+00  3.484660e+02 
    0.000    0.103000  0.000000e+00  3.476340e+02 
    0.000    0.206000  0.000000e+00  3.463430e+02 
    0.000    0.309000  0.000000e+00  3.449929e+02 
    0.000    0.412000  0.000000e+00  3.434838e+02 
    0.000    0.515000  0.000000e+00  3.420071e+02 
    0.000    0.618000  0.000000e+00  3.405388e+02 
    0.000    0.721000  0.000000e+00  3.390499e+02 
    0.000    0.823000  0.000000e+00  3.375591e+02 
    0.000    0.926000  0.000000e+00  3.360080e+02 
    0.000    1.029000  0.000000e+00  3.344521e+02 
    0.000    1.132000  0.000000e+00  3.330179e+02 
    0.000    1.235000  0.000000e+00  3.315238e+02 
    0.000    1.338000  0.000000e+00  3.300580e+02 
    0.000    1.441000  0.000000e+00  3.285165e+02 
    0.000    1.544000  0.000000e+00  3.268708e+02 
    0.000    1.647000  0.000000e+00  3.252683e+02 
    0.000    1.749000  0.000000e+00  3.238229e+02 
    0.000    1.852000  0.000000e+00  3.224453e+02 
    0.000    1.955000  0.000000e+00  3.209104e+02 
    0.000    2.058000  0.000000e+00  3.186578e+02 
    0.000    2.161000  0.000000e+00  3.172260e+02 
    0.000    2.264000  0.000000e+00  3.157783e+02 
    0.000    2.367000  0.000000e+00  3.144059e+02 
    0.000    2.470000  0.000000e+00  3.130590e+02 
    0.000    2.573000  0.000000e+00  3.117154e+02 
    0.000    2.675000  0.000000e+00  3.103517e+02 
    0.000    2.778000  0.000000e+00  3.089353e+02 
    0.000    2.881000  0.000000e+00  3.075196e+02 
    0.000    2.984000  0.000000e+00  3.061265e+02 
    0.000    3.087000  0.000000e+00  3.047474e+02 
    0.000    3.190000  0.000000e+00  3.033640e+02 
    0.000    3.293000  0.000000e+00  3.019871e+02 
    0.000    3.396000  0.000000e+00  3.006297e+02 
    0.000    3.499000  0.000000e+00  2.992918e+02 
    0.000    3.601000  0.000000e+00  2.979860e+02 
    0.000    3.704000  0.000000e+00  2.966953e+02 
    0.000    3.807000  0.000000e+00  2.954236e+02 
    0.000    3.910000  0.000000e+00  2.941390e+02 
    0.000    4.013000  0.000000e+00  2.928544e+02 
    0.000    4.116000  0.000000e+00  2.915817e+02 
    0.000    4.219000  0.000000e+00  2.903268e+02 
    0.000    4.322000  0.000000e+00  2.890916e+02 
    0.000    4.425000  0.000000e+00  2.878645e+02 
    0.000    4.527000  0.000000e+00  2.866618e+02 
    0.000    4.630000  0.000000e+00  2.854606e+02 
    0.000    4.733000  0.000000e+00  2.842544e+02 
    0.000    4.836000  0.000000e+00  2.830575e+02 
    0.000    4.939000  0.000000e+00  2.818729e+02 
    0.000    5.042000  0.000000e+00  2.807024e+02 
    0.000    5.145000  0.000000e+00  2.795512e+02 
    0.000    5.248000  0.000000e+00  2.784153e+02 
    0.000    5.351000  0.000000e+00  2.772979e+02 
    0.000    5.453000  0.000000e+00  2.762087e+02 
    0.000    5.556000  0.000000e+00  2.751241e+02 
    0.000    5.659000  0.000000e+00  2.740591e+02 
    0.000    5.762000  0.000000e+00  2.730150e+02 
    0.000    5.865000  0.000000e+00  2.719908e+02 
    0.000    5.968000  0.000000e+00  2.709884e+02 
    0.000    6.071000  0.000000e+00  2.700107e+02 
    0.000    6.174000  0.000000e+00  2.690565e+02 
    0.000    6.277000  0.000000e+00  2.681241e+02 
    0.000    6.379000  0.000000e+00  2.672186e+02 
    0.000    6.482000  0.000000e+00  2.663234e+02 
    0.000    6.585000  0.000000e+00  2.654538e+02 
    0.000    6.688000  0.000000e+00  2.646263e+02 
    0.000    6.791000  0.000000e+00  2.638304e+02 
    0.000    6.894000  0.000000e+00  2.630930e+02 
    0.000    6.997000  0.000000e+00  2.624296e+02 
    0.000    7.100000  0.000000e+00  2.618195e+02 
    0.000    7.203000  0.000000e+00  2.613267e+02 
    0.000    7.305000  0.000000e+00  2.609416e+02 
    0.000    7.408000  0.000000e+00  2.606213e+02 
    0.000    7.511000  0.000000e+00  2.604155e+02 
    0.000    7.614000  0.000000e+00  2.602862e+02 
    0.000    7.717000  0.000000e+00  2.601946e+02 
    0.000    7.820000  0.000000e+00  2.601205e+02 
    0.000    7.923000  0.000000e+00  2.600612e+02 
    0.000    8.026000  0.000000e+00  2.599862e+02 
    0.000    8.129000  0.000000e+00  2.598731e+02 
    0.000    8.232000  0.000000e+00  2.597387e+02 
    0.000    8.334000  0.000000e+00  2.595868e+02 
    0.000    8.437000  0.000000e+00  2.594182e+02 
    0.000    8.540000  0.000000e+00  2.592415e+02 
    0.000    8.643000  0.000000e+00  2.590634e+02 
    0.000    8.746000  0.000000e+00  2.588853e+02 
    0.000    8.849000  0.000000e+00  2.587065e+02 
    0.000    8.952000  0.000000e+00  2.585349e+02 
    0.000    9.055000  0.000000e+00  2.583681e+02 
    0.000    9.158000  0.000000e+00  2.582071e+02 
    0.000    9.260000  0.000000e+00  2.580720e+02 
    0.000    9.363000  0.000000e+00  2.579533e+02 
    0.000    9.466000  0.000000e+00  2.578456e+02 
    0.000    9.569000  0.000000e+00  2.577497e+02 
    0.000    9.672000  0.000000e+00  2.576629e+02 
    0.000    9.775000  0.000000e+00  2.575836e+02 
    0.000    9.878000  0.000000e+00  2.575116e+02 
    0.000    9.981000  0.000000e+00  2.574455e+02 
    0.000   10.084000  0.000000e+00  2.573794e+02 
    0.000   10.186000  0.000000e+00  2.573068e+02 
    0.000   10.289000  0.000000e+00  2.572297e+02 
    0.000   10.392000  0.000000e+00  2.571561e+02 
    0.000   10.495000  0.000000e+00  2.570930e+02 
    0.000   10.598000  0.000000e+00  2.570381e+02 
    0.000   10.701000  0.000000e+00  2.569833e+02 
    0.000   10.804000  0.000000e+00  2.569185e+02 
    0.000   10.907000  0.000000e+00  2.568474e+02 
    0.000   11.010000  0.000000e+00  2.567718e+02 
    0.000   11.112000  0.000000e+00  2.566879e+02 
    0.000   11.215000  0.000000e+00  2.565972e+02 
    0.000   11.318000  0.000000e+00  2.565030e+02 
    0.000   11.421000  0.000000e+00  2.564041e+02 
    0.000   11.524000  0.000000e+00  2.563021e+02 
    0.000   11.627000  0.000000e+00  2.561984e+02 
    0.000   11.730000  0.000000e+00  2.560927e+02 
    0.000   11.833000  0.000000e+00  2.559858e+02 
    0.000   11.936000  0.000000e+00  2.558787e+02 
    0.000   12.038000  0.000000e+00  2.557747e+02 
    0.000   12.141000  0.000000e+00  2.556719e+02 
    0.000   12.244000  0.000000e+00  2.555706e+02 
    0.000   12.347000  0.000000e+00  2.554752e+02 
    0.000   12.450000  0.000000e+00  2.553853e+02 
    0.000   12.553000  0.000000e+00  2.552989e+02 
    0.000   12.656000  0.000000e+00  2.552161e+02 
    0.000   12.759000  0.000000e+00  2.551366e+02 
    0.000   12.862000  0.000000e+00  2.550597e+02 
    0.000   12.964000  0.000000e+00  2.549862e+02 
    0.000   13.067000  0.000000e+00  2.549147e+02 
    0.000   13.170000  0.000000e+00  2.548455e+02 
    0.000   13.273000  0.000000e+00  2.547776e+02 
    0.000   13.376000  0.000000e+00  2.547100e+02 
    0.000   13.479000  0.000000e+00  2.546429e+02 
    0.000   13.582000  0.000000e+00  2.545765e+02 
    0.000   13.685000  0.000000e+00  2.545102e+02 
    0.000   13.788000  0.000000e+00  2.544442e+02 
    0.000   13.891000  0.000000e+00  2.543786e+02 
    0.000   13.993000  0.000000e+00  2.543158e+02 
    0.000   14.096000  0.000000e+00  2.542544e+02 
    0.000   14.199000  0.000000e+00  2.541945e+02 
    0.000   14.302000  0.000000e+00  2.541367e+02 
    0.000   14.405000  0.000000e+00  2.540813e+02 
    0.000   14.508000  0.000000e+00  2.540278e+02 
    0.000   14.611000  0.000000e+00  2.539753e+02 
    0.000   14.714000  0.000000e+00  2.539227e+02 
    0.000   14.817000  0.000000e+00  2.538701e+02 
    0.000   14.919000  0.000000e+00  2.538186e+02 
    0.000   15.022000  0.000000e+00  2.537670e+02 
    0.000   15.125000  0.000000e+00  2.537160e+02 
    0.000   15.228000  0.000000e+00  2.536656e+02 
    0.000   15.331000  0.000000e+00  2.536146e+02 
    0.000   15.434000  0.000000e+00  2.535623e+02 
    0.000   15.537000  0.000000e+00  2.535094e+02 
    0.000   15.640000  0.000000e+00  2.534567e+02 
    0.000   15.743000  0.000000e+00  2.534053e+02 
    0.000   15.845000  0.000000e+00  2.533557e+02 
    0.000   15.948000  0.000000e+00  2.533064e+02 
    0.000   16.051001  0.000000e+00  2.532598e+02 
    0.000   16.153999  0.000000e+00  2.532161e+02 
    0.000   16.257000  0.000000e+00  2.531743e+02 
    0.000   16.360001  0.000000e+00  2.531326e+02 
    0.000   16.462999  0.000000e+00  2.530888e+02 
    0.000   16.566000  0.000000e+00  2.530435e+02 
    0.000   16.669001  0.000000e+00  2.529976e+02 
    0.000   16.771000  0.000000e+00  2.529512e+02 
    0.000   16.874001  0.000000e+00  2.529038e+02 
    0.000   16.976999  0.000000e+00  2.528561e+02 
    0.000   17.080000  0.000000e+00  2.528084e+02 
    0.000   17.183001  0.000000e+00  2.527609e+02 
    0.000   17.285999  0.000000e+00  2.527136e+02 
    0.000   17.389000  0.000000e+00  2.526665e+02 
    0.000   17.492001  0.000000e+00  2.526195e+02 
    0.000   17.594999  0.000000e+00  2.525726e+02 
    0.000   17.697001  0.000000e+00  2.525263e+02 
    0.000   17.799999  0.000000e+00  2.524802e+02 
    0.000   17.903000  0.000000e+00  2.524351e+02 
    0.000   18.006001  0.000000e+00  2.523908e+02 
    0.000   18.108999  0.000000e+00  2.523472e+02 
    0.000   18.212000  0.000000e+00  2.523055e+02 
    0.000   18.315001  0.000000e+00  2.522655e+02 
    0.000   18.417999  0.000000e+00  2.522270e+02 
    0.000   18.521000  0.000000e+00  2.521896e+02 
    0.000   18.624001  0.000000e+00  2.521535e+02 
    0.000   18.726000  0.000000e+00  2.521186e+02 
    0.000   18.829000  0.000000e+00  2.520844e+02 
    0.000   18.931999  0.000000e+00  2.520509e+02 
    0.000   19.035000  0.000000e+00  2.520185e+02 
    0.000   19.138000  0.000000e+00  2.519868e+02 
    0.000   19.240999  0.000000e+00  2.519558e+02 
    0.000   19.344000  0.000000e+00  2.519246e+02 
    0.000   19.447001  0.000000e+00  2.518930e+02 
    0.000   19.549999  0.000000e+00  2.518611e+02 
    0.000   19.652000  0.000000e+00  2.518297e+02 
    0.000   19.754999  0.000000e+00  2.517969e+02 
    0.000   19.858000  0.000000e+00  2.517633e+02 
    0.000   19.961000  0.000000e+00  2.517291e+02 
    0.000   20.063999  0.000000e+00  2.516945e+02 
    0.000   20.363001  0.000000e+00  2.515947e+02 
    0.000   20.858999  0.000000e+00  2.514411e+02 
    0.000   21.355000  0.000000e+00  2.513148e+02 
    0.000   21.851000  0.000000e+00  2.512083e+02 
    0.000   22.346001  0.000000e+00  2.511078e+02 
    0.000   22.842001  0.000000e+00  2.510076e+02 
    0.000   23.337999  0.000000e+00  2.509095e+02 
    0.000   23.834000  0.000000e+00  2.508261e+02 
    0.000   24.329000  0.000000e+00  2.507707e+02 
    0.000   24.825001  0.000000e+00  2.507424e+02 
    0.000   25.320999  0.000000e+00  2.507324e+02 
    0.000   25.816999  0.000000e+00  2.507206e+02 
    0.000   26.312000  0.000000e+00  2.507095e+02 
    0.000   26.808001  0.000000e+00  2.507094e+02 
    0.000   27.304001  0.000000e+00  2.507186e+02 
    0.000   27.799999  0.000000e+00  2.507361e+02 
    0.000   28.295000  0.000000e+00  2.507640e+02 
    0.000   28.791000  0.000000e+00  2.507984e+02 
    0.000   29.287001  0.000000e+00  2.508358e+02 
    0.000   29.783001  0.000000e+00  2.508783e+02 
    0.000   30.278000  0.000000e+00  2.509279e+02 
    0.000   30.774000  0.000000e+00  2.509820e+02 
    0.000   31.270000  0.000000e+00  2.510378e+02 
    0.000   31.766001  0.000000e+00  2.510934e+02 
    0.000   32.261002  0.000000e+00  2.511495e+02 
    0.000   32.757000  0.000000e+00  2.512058e+02 
    0.000   33.252998  0.000000e+00  2.512605e+02 
    0.000   33.749001  0.000000e+00  2.513151e+02 
    0.000   34.243999  0.000000e+00  2.513706e+02 
    0.000   34.740002  0.000000e+00  2.514295e+02 
    0.000   35.236000  0.000000e+00  2.514912e+02 
    0.000   35.731998  0.000000e+00  2.515516e+02 
    0.000   36.227001  0.000000e+00  2.516098e+02 
    0.000   36.723000  0.000000e+00  2.516620e+02 
    0.000   37.219002  0.000000e+00  2.517091e+02 
    0.000   37.715000  0.000000e+00  2.517528e+02 
    0.000   38.209999  0.000000e+00  2.517938e+02 
    0.000   38.706001  0.000000e+00  2.518354e+02 
    0.000   39.202000  0.000000e+00  2.518784e+02 
    0.000   39.698002  0.000000e+00  2.519242e+02 
    0.000   40.198002  0.000000e+00  2.519741e+02 
    0.000   45.198002  0.000000e+00  2.524215e+02 
    0.000   50.198002  0.000000e+00  2.526463e+02 
    0.000   55.198002  0.000000e+00  2.526397e+02 
    0.000   60.198002  0.000000e+00  2.525726e+02 
    0.000   65.197998  0.000000e+00  2.525200e+02 
