   68.146    0.000000  0.000000e+00  2.736652e+00 
   68.146    0.103000  0.000000e+00  2.784154e+00 
   68.146    0.206000  0.000000e+00  2.831993e+00 
   68.146    0.309000  0.000000e+00  2.879836e+00 
   68.146    0.412000  0.000000e+00  2.927525e+00 
   68.146    0.515000  0.000000e+00  2.974944e+00 
   68.146    0.618000  0.000000e+00  7.896964e+00 
   68.146    0.720000  0.000000e+00  1.476822e+01 
   68.146    0.823000  0.000000e+00  2.331284e+01 
   68.146    0.926000  8.204182e-41  3.333523e+01 
   68.146    1.029000  4.726001e-38  4.479401e+01 
   68.146    1.132000  5.957379e-35  5.756805e+01 
   68.146    1.235000  1.648368e-31  7.173321e+01 
   68.146    1.338000  9.314404e-28  8.720233e+01 
   68.146    1.441000  1.077209e-23  1.040705e+02 
   68.146    1.544000  2.462335e-19  1.223740e+02 
   68.146    1.646000  9.686154e-15  1.419958e+02 
   68.146    1.749000  5.736077e-14  1.459805e+02 
   68.146    1.852000  5.205417e-10  1.640927e+02 
   68.146    1.955000  1.153512e-09  1.659742e+02 
   68.146    2.058000  9.448307e-08  1.754435e+02 
   68.146    2.161000  3.854966e-06  1.842607e+02 
   68.146    2.264000  9.400147e-05  1.928871e+02 
   68.146    2.367000  1.515496e-03  2.017083e+02 
   68.146    2.470000  1.678233e-02  2.110544e+02 
   68.146    2.573000  1.365282e-01  2.215269e+02 
   68.146    2.675000  8.192512e-01  2.334833e+02 
   68.146    2.778000  3.293898e+00  2.458580e+02 
   68.146    2.881000  9.809882e+00  2.581148e+02 
   68.146    2.984000  1.364208e+01  2.617918e+02 
   68.146    3.087000  1.790748e+01  2.650882e+02 
   68.146    3.190000  2.143015e+01  2.673524e+02 
   68.146    3.293000  2.448765e+01  2.690815e+02 
   68.146    3.396000  2.747867e+01  2.706257e+02 
   68.146    3.499000  3.105013e+01  2.723509e+02 
   68.146    3.601000  3.591676e+01  2.745310e+02 
   68.146    3.704000  4.328133e+01  2.774897e+02 
   68.146    3.807000  5.416579e+01  2.812466e+02 
   68.146    3.910000  7.061024e+01  2.859300e+02 
   68.146    4.013000  9.563566e+01  2.915673e+02 
   68.146    4.116000  1.258909e+02  2.968671e+02 
   68.146    4.219000  1.557799e+02  3.010578e+02 
   68.146    4.322000  1.844720e+02  3.044139e+02 
   68.146    4.425000  2.066116e+02  3.066470e+02 
   68.146    4.527000  2.221469e+02  3.080494e+02 
   68.146    4.630000  2.317212e+02  3.088335e+02 
   68.146    4.733000  2.372222e+02  3.092393e+02 
   68.146    4.836000  2.395435e+02  3.093655e+02 
   68.146    4.939000  2.420214e+02  3.095192e+02 
   68.146    5.042000  2.446699e+02  3.096991e+02 
   68.146    5.145000  2.474855e+02  3.099037e+02 
   68.146    5.248000  2.504107e+02  3.101263e+02 
   68.146    5.351000  2.536100e+02  3.103809e+02 
   68.146    5.453000  2.569315e+02  3.106528e+02 
   68.146    5.556000  2.612257e+02  3.110160e+02 
   68.146    5.659000  2.658216e+02  3.114071e+02 
   68.146    5.762000  2.708336e+02  3.118341e+02 
   68.146    5.865000  2.756975e+02  3.122460e+02 
   68.146    5.968000  2.808520e+02  3.126803e+02 
   68.146    6.071000  2.858142e+02  3.130948e+02 
   68.146    6.174000  2.903893e+02  3.134741e+02 
   68.146    6.277000  2.948044e+02  3.138374e+02 
   68.146    6.379000  2.988380e+02  3.141672e+02 
   68.146    6.482000  2.996945e+02  3.142386e+02 
   68.146    6.585000  3.027006e+02  3.144829e+02 
   68.146    6.688000  3.056577e+02  3.147222e+02 
   68.146    6.791000  3.086484e+02  3.149626e+02 
   68.146    6.894000  3.095258e+02  3.150375e+02 
   68.146    6.997000  3.103902e+02  3.151138e+02 
   68.146    7.100000  3.406055e+02  3.174829e+02 
   68.146    7.203000  3.615673e+02  3.189603e+02 
   68.146    7.305000  3.693281e+02  3.194871e+02 
   68.146    7.408000  3.744603e+02  3.198350e+02 
   68.146    7.511000  3.787102e+02  3.201251e+02 
   68.146    7.614000  3.832169e+02  3.204303e+02 
   68.146    7.717000  3.873181e+02  3.207092e+02 
   68.146    7.820000  3.914314e+02  3.209854e+02 
   68.146    7.923000  3.955442e+02  3.212589e+02 
   68.146    8.026000  3.998491e+02  3.215398e+02 
   68.146    8.129000  4.031151e+02  3.217599e+02 
   68.146    8.231000  4.069023e+02  3.220050e+02 
   68.146    8.334000  4.106765e+02  3.222460e+02 
   68.146    8.437000  4.141348e+02  3.224663e+02 
   68.146    8.540000  4.176135e+02  3.226839e+02 
   68.146    8.643000  4.210735e+02  3.228963e+02 
   68.146    8.746000  4.242571e+02  3.230910e+02 
   68.146    8.849000  4.255318e+02  3.232149e+02 
   68.146    8.952000  4.266363e+02  3.233232e+02 
   68.146    9.055000  4.276979e+02  3.234267e+02 
   68.146    9.158000  4.287620e+02  3.235293e+02 
   68.146    9.260000  4.304814e+02  3.236801e+02 
   68.146    9.363000  4.321404e+02  3.238247e+02 
   68.146    9.466000  4.337843e+02  3.239660e+02 
   68.146    9.569000  4.354242e+02  3.241043e+02 
   68.146    9.672000  4.370674e+02  3.242398e+02 
   68.146    9.775000  4.387679e+02  3.243765e+02 
   68.146    9.878000  4.406448e+02  3.245232e+02 
   68.146    9.981000  4.410979e+02  3.245640e+02 
   68.146   10.084000  4.415470e+02  3.246033e+02 
   68.146   10.186000  4.420171e+02  3.246401e+02 
   68.146   10.289000  4.424837e+02  3.246762e+02 
   68.146   10.392000  4.429420e+02  3.247112e+02 
   68.146   10.495000  4.433915e+02  3.247454e+02 
   68.146   10.598000  4.438323e+02  3.247787e+02 
   68.146   10.701000  4.442653e+02  3.248112e+02 
   68.146   10.804000  4.446920e+02  3.248432e+02 
   68.146   10.907000  4.451130e+02  3.248746e+02 
   68.146   11.010000  4.455284e+02  3.249054e+02 
   68.146   11.112000  4.459348e+02  3.249355e+02 
   68.146   11.215000  4.463403e+02  3.249655e+02 
   68.146   11.318000  4.467408e+02  3.249952e+02 
   68.146   11.421000  4.471361e+02  3.250246e+02 
   68.146   11.524000  4.475260e+02  3.250538e+02 
   68.146   11.627000  4.479106e+02  3.250827e+02 
   68.146   11.730000  4.482897e+02  3.251115e+02 
   68.146   11.833000  4.486635e+02  3.251400e+02 
   68.146   11.936000  4.490318e+02  3.251684e+02 
   68.146   12.038000  4.493914e+02  3.251962e+02 
   68.146   12.141000  4.497493e+02  3.252241e+02 
   68.146   12.244000  4.501020e+02  3.252517e+02 
   68.146   12.347000  4.504497e+02  3.252791e+02 
   68.146   12.450000  4.507929e+02  3.253060e+02 
   68.146   12.553000  4.511313e+02  3.253326e+02 
   68.146   12.656000  4.514652e+02  3.253587e+02 
   68.146   12.759000  4.517947e+02  3.253844e+02 
   68.146   12.862000  4.521203e+02  3.254096e+02 
   68.146   12.964000  4.524389e+02  3.254341e+02 
   68.146   13.067000  4.527570e+02  3.254582e+02 
   68.146   13.170000  4.530714e+02  3.254817e+02 
   68.146   13.273000  4.533822e+02  3.255046e+02 
   68.146   13.376000  4.536896e+02  3.255268e+02 
   68.146   13.479000  4.539936e+02  3.255482e+02 
   68.146   13.582000  4.542943e+02  3.255688e+02 
   68.146   13.685000  4.545919e+02  3.255886e+02 
   68.146   13.788000  4.548864e+02  3.256074e+02 
   68.146   13.891000  4.551777e+02  3.256254e+02 
   68.146   13.993000  4.554630e+02  3.256425e+02 
   68.146   14.096000  4.557479e+02  3.256589e+02 
   68.146   14.199000  4.560296e+02  3.256747e+02 
   68.146   14.302000  4.563080e+02  3.256898e+02 
   68.146   14.405000  4.565829e+02  3.257044e+02 
   68.146   14.508000  4.568545e+02  3.257185e+02 
   68.146   14.611000  4.571227e+02  3.257321e+02 
   68.146   14.714000  4.573877e+02  3.257454e+02 
   68.146   14.817000  4.576493e+02  3.257583e+02 
   68.146   14.919000  4.579052e+02  3.257707e+02 
   68.146   15.022000  4.581604e+02  3.257828e+02 
   68.146   15.125000  4.584125e+02  3.257946e+02 
   68.146   15.228000  4.586616e+02  3.258060e+02 
   68.146   15.331000  4.589076e+02  3.258170e+02 
   68.146   15.434000  4.591505e+02  3.258278e+02 
   68.146   15.537000  4.593905e+02  3.258382e+02 
   68.146   15.640000  4.596274e+02  3.258482e+02 
   68.146   15.743000  4.598615e+02  3.258579e+02 
   68.146   15.845000  4.600906e+02  3.258672e+02 
   68.146   15.948000  4.603192e+02  3.258763e+02 
   68.146   16.051001  4.605453e+02  3.258849e+02 
   68.146   16.153999  4.607690e+02  3.258932e+02 
   68.146   16.257000  4.609903e+02  3.259010e+02 
   68.146   16.360001  4.612093e+02  3.259084e+02 
   68.146   16.462999  4.614261e+02  3.259153e+02 
   68.146   16.566000  4.616408e+02  3.259217e+02 
   68.146   16.669001  4.618534e+02  3.259276e+02 
   68.146   16.771000  4.620622e+02  3.259328e+02 
   68.146   16.874001  4.622714e+02  3.259372e+02 
   68.146   16.976999  4.624789e+02  3.259410e+02 
   68.146   17.080000  4.626850e+02  3.259439e+02 
   68.146   17.183001  4.628899e+02  3.259460e+02 
   68.146   17.285999  4.630935e+02  3.259471e+02 
   68.146   17.389000  4.632959e+02  3.259474e+02 
   68.146   17.492001  4.634969e+02  3.259468e+02 
   68.146   17.594999  4.636966e+02  3.259456e+02 
   68.146   17.697001  4.638930e+02  3.259436e+02 
   68.146   17.799999  4.640898e+02  3.259411e+02 
   68.146   17.903000  4.642851e+02  3.259380e+02 
   68.146   18.006001  4.644787e+02  3.259343e+02 
   68.146   18.108999  4.646707e+02  3.259302e+02 
   68.146   18.212000  4.648611e+02  3.259257e+02 
   68.146   18.315001  4.650500e+02  3.259207e+02 
   68.146   18.417999  4.652373e+02  3.259152e+02 
   68.146   18.521000  4.654230e+02  3.259093e+02 
   68.146   18.624001  4.656071e+02  3.259029e+02 
   68.146   18.726000  4.657880e+02  3.258962e+02 
   68.146   18.829000  4.659692e+02  3.258890e+02 
   68.146   18.931999  4.661488e+02  3.258814e+02 
   68.146   19.035000  4.663271e+02  3.258734e+02 
   68.146   19.138000  4.665039e+02  3.258650e+02 
   68.146   19.240999  4.666795e+02  3.258562e+02 
   68.146   19.344000  4.668537e+02  3.258470e+02 
   68.146   19.447001  4.670267e+02  3.258374e+02 
   68.146   19.549999  4.671985e+02  3.258273e+02 
   68.146   19.652000  4.673674e+02  3.258170e+02 
   68.146   19.754999  4.675367e+02  3.258061e+02 
   68.146   19.858000  4.677048e+02  3.257948e+02 
   68.146   19.961000  4.678716e+02  3.257832e+02 
   68.146   20.063999  4.680374e+02  3.257710e+02 
   68.146   20.363001  4.685130e+02  3.257332e+02 
   68.146   20.858999  4.692789e+02  3.256651e+02 
   68.146   21.355000  4.700168e+02  3.255908e+02 
   68.146   21.851000  4.707244e+02  3.255126e+02 
   68.146   22.346001  4.713929e+02  3.254363e+02 
   68.146   22.841999  4.720197e+02  3.253660e+02 
   68.146   23.337999  4.726035e+02  3.253023e+02 
   68.146   23.834000  4.731511e+02  3.252426e+02 
   68.146   24.329000  4.736672e+02  3.251845e+02 
   68.146   24.825001  4.741536e+02  3.251286e+02 
   68.146   25.320999  4.746075e+02  3.250764e+02 
   68.146   25.816999  4.750312e+02  3.250277e+02 
   68.146   26.312000  4.754269e+02  3.249819e+02 
   68.146   26.808001  4.757977e+02  3.249382e+02 
   68.146   27.304001  4.761441e+02  3.248969e+02 
   68.146   27.799999  4.764680e+02  3.248575e+02 
   68.146   28.295000  4.767710e+02  3.248198e+02 
   68.146   28.791000  4.770567e+02  3.247832e+02 
   68.146   29.287001  4.773267e+02  3.247474e+02 
   68.146   29.783001  4.775826e+02  3.247121e+02 
   68.146   30.278000  4.778256e+02  3.246775e+02 
   68.146   30.774000  4.780582e+02  3.246434e+02 
   68.146   31.270000  4.782817e+02  3.246099e+02 
   68.146   31.766001  4.784976e+02  3.245771e+02 
   68.146   32.261002  4.787075e+02  3.245449e+02 
   68.146   32.757000  4.789142e+02  3.245133e+02 
   68.146   33.252998  4.791193e+02  3.244824e+02 
   68.146   33.749001  4.793241e+02  3.244526e+02 
   68.146   34.243999  4.795297e+02  3.244243e+02 
   68.146   34.740002  4.797384e+02  3.243975e+02 
   68.146   35.236000  4.799511e+02  3.243724e+02 
   68.146   35.731998  4.801689e+02  3.243488e+02 
   68.146   36.227001  4.803917e+02  3.243267e+02 
   68.146   36.723000  4.806206e+02  3.243060e+02 
   68.146   37.219002  4.808548e+02  3.242867e+02 
   68.146   37.715000  4.810934e+02  3.242687e+02 
   68.146   38.209999  4.813349e+02  3.242520e+02 
   68.146   38.706001  4.815783e+02  3.242366e+02 
   68.146   39.202000  4.818216e+02  3.242224e+02 
   68.146   39.698002  4.820623e+02  3.242096e+02 
   68.146   40.198002  4.822972e+02  3.241993e+02 
   68.146   45.198002  4.841552e+02  3.241542e+02 
   68.146   50.198002  4.848641e+02  3.241468e+02 
   68.146   55.198002  4.851100e+02  3.241482e+02 
   68.146   60.198002  4.858314e+02  3.241508e+02 
   68.146   65.197998  4.870595e+02  3.241530e+02 
