    0.000    0.000000  0.000000e+00  3.504455e+02 
    0.000    0.103000  0.000000e+00  3.500206e+02 
    0.000    0.206000  0.000000e+00  3.488627e+02 
    0.000    0.309000  0.000000e+00  3.473082e+02 
    0.000    0.412000  0.000000e+00  3.457208e+02 
    0.000    0.515000  0.000000e+00  3.440857e+02 
    0.000    0.618000  0.000000e+00  3.423342e+02 
    0.000    0.721000  0.000000e+00  3.402617e+02 
    0.000    0.823000  0.000000e+00  3.380148e+02 
    0.000    0.926000  0.000000e+00  3.355480e+02 
    0.000    1.029000  0.000000e+00  3.328348e+02 
    0.000    1.132000  0.000000e+00  3.299530e+02 
    0.000    1.235000  0.000000e+00  3.271071e+02 
    0.000    1.338000  0.000000e+00  3.242824e+02 
    0.000    1.441000  0.000000e+00  3.214494e+02 
    0.000    1.544000  0.000000e+00  3.186094e+02 
    0.000    1.647000  0.000000e+00  3.157909e+02 
    0.000    1.749000  0.000000e+00  3.130565e+02 
    0.000    1.852000  0.000000e+00  3.118639e+02 
    0.000    1.955000  0.000000e+00  3.104081e+02 
    0.000    2.058000  0.000000e+00  3.089883e+02 
    0.000    2.161000  0.000000e+00  3.076226e+02 
    0.000    2.264000  0.000000e+00  3.062480e+02 
    0.000    2.367000  0.000000e+00  3.047839e+02 
    0.000    2.470000  0.000000e+00  2.917792e+02 
    0.000    2.573000  0.000000e+00  2.876320e+02 
    0.000    2.675000  0.000000e+00  2.846038e+02 
    0.000    2.778000  0.000000e+00  2.817314e+02 
    0.000    2.881000  0.000000e+00  2.789160e+02 
    0.000    2.984000  0.000000e+00  2.761318e+02 
    0.000    3.087000  0.000000e+00  2.734571e+02 
    0.000    3.190000  0.000000e+00  2.726280e+02 
    0.000    3.293000  0.000000e+00  2.716637e+02 
    0.000    3.396000  0.000000e+00  2.706277e+02 
    0.000    3.499000  0.000000e+00  2.695426e+02 
    0.000    3.602000  0.000000e+00  2.684089e+02 
    0.000    3.704000  0.000000e+00  2.672510e+02 
    0.000    3.807000  0.000000e+00  2.660764e+02 
    0.000    3.910000  0.000000e+00  2.648984e+02 
    0.000    4.013000  0.000000e+00  2.637097e+02 
    0.000    4.116000  0.000000e+00  2.624513e+02 
    0.000    4.219000  0.000000e+00  2.610699e+02 
    0.000    4.322000  0.000000e+00  2.596007e+02 
    0.000    4.425000  0.000000e+00  2.580135e+02 
    0.000    4.528000  0.000000e+00  2.562953e+02 
    0.000    4.630000  0.000000e+00  2.544286e+02 
    0.000    4.733000  0.000000e+00  2.523453e+02 
    0.000    4.836000  0.000000e+00  2.500205e+02 
    0.000    4.939000  0.000000e+00  2.476694e+02 
    0.000    5.042000  0.000000e+00  2.452205e+02 
    0.000    5.145000  0.000000e+00  2.429755e+02 
    0.000    5.248000  0.000000e+00  2.410164e+02 
    0.000    5.351000  0.000000e+00  2.392975e+02 
    0.000    5.454000  0.000000e+00  2.378394e+02 
    0.000    5.556000  0.000000e+00  2.365613e+02 
    0.000    5.659000  0.000000e+00  2.353040e+02 
    0.000    5.762000  0.000000e+00  2.339535e+02 
    0.000    5.865000  0.000000e+00  2.325026e+02 
    0.000    5.968000  0.000000e+00  2.309139e+02 
    0.000    6.071000  0.000000e+00  2.292196e+02 
    0.000    6.174000  0.000000e+00  2.274380e+02 
    0.000    6.277000  0.000000e+00  2.256442e+02 
    0.000    6.380000  0.000000e+00  2.239457e+02 
    0.000    6.482000  0.000000e+00  2.225076e+02 
    0.000    6.585000  0.000000e+00  2.212084e+02 
    0.000    6.688000  0.000000e+00  2.200299e+02 
    0.000    6.791000  0.000000e+00  2.191367e+02 
    0.000    6.894000  0.000000e+00  2.182491e+02 
    0.000    6.997000  0.000000e+00  2.173994e+02 
    0.000    7.100000  0.000000e+00  2.165935e+02 
    0.000    7.203000  0.000000e+00  2.159161e+02 
    0.000    7.306000  0.000000e+00  2.153532e+02 
    0.000    7.408000  0.000000e+00  2.148463e+02 
    0.000    7.511000  0.000000e+00  2.144376e+02 
    0.000    7.614000  0.000000e+00  2.141087e+02 
    0.000    7.717000  0.000000e+00  2.138084e+02 
    0.000    7.820000  0.000000e+00  2.135550e+02 
    0.000    7.923000  0.000000e+00  2.133231e+02 
    0.000    8.026000  0.000000e+00  2.131249e+02 
    0.000    8.129000  0.000000e+00  2.129277e+02 
    0.000    8.231999  0.000000e+00  2.127454e+02 
    0.000    8.334000  0.000000e+00  2.125854e+02 
    0.000    8.436999  0.000000e+00  2.124036e+02 
    0.000    8.540000  0.000000e+00  2.122272e+02 
    0.000    8.643000  0.000000e+00  2.120314e+02 
    0.000    8.745999  0.000000e+00  2.118212e+02 
    0.000    8.849000  0.000000e+00  2.116133e+02 
    0.000    8.952000  0.000000e+00  2.115350e+02 
    0.000    9.054999  0.000000e+00  2.114497e+02 
    0.000    9.158000  0.000000e+00  2.112811e+02 
    0.000    9.261000  0.000000e+00  2.111171e+02 
    0.000    9.363000  0.000000e+00  2.109592e+02 
    0.000    9.466000  0.000000e+00  2.108815e+02 
    0.000    9.568999  0.000000e+00  2.108137e+02 
    0.000    9.672000  0.000000e+00  2.107529e+02 
    0.000    9.775000  0.000000e+00  2.106992e+02 
    0.000    9.877999  0.000000e+00  2.106605e+02 
    0.000    9.981000  0.000000e+00  2.106329e+02 
    0.000   10.084000  0.000000e+00  2.106120e+02 
    0.000   10.186999  0.000000e+00  2.105966e+02 
    0.000   10.289000  0.000000e+00  2.105856e+02 
    0.000   10.391999  0.000000e+00  2.105746e+02 
    0.000   10.495000  0.000000e+00  2.105549e+02 
    0.000   10.598000  0.000000e+00  2.105296e+02 
    0.000   10.700999  0.000000e+00  2.105010e+02 
    0.000   10.804000  0.000000e+00  2.104665e+02 
    0.000   10.907000  0.000000e+00  2.104282e+02 
    0.000   11.009999  0.000000e+00  2.103870e+02 
    0.000   11.113000  0.000000e+00  2.103402e+02 
    0.000   11.214999  0.000000e+00  2.102900e+02 
    0.000   11.318000  0.000000e+00  2.102365e+02 
    0.000   11.421000  0.000000e+00  2.101774e+02 
    0.000   11.523999  0.000000e+00  2.101143e+02 
    0.000   11.627000  0.000000e+00  2.100492e+02 
    0.000   11.730000  0.000000e+00  2.099859e+02 
    0.000   11.832999  0.000000e+00  2.099242e+02 
    0.000   11.936000  0.000000e+00  2.098631e+02 
    0.000   12.039000  0.000000e+00  2.098055e+02 
    0.000   12.141000  0.000000e+00  2.097510e+02 
    0.000   12.243999  0.000000e+00  2.096977e+02 
    0.000   12.346999  0.000000e+00  2.096434e+02 
    0.000   12.450000  0.000000e+00  2.095879e+02 
    0.000   12.552999  0.000000e+00  2.095320e+02 
    0.000   12.655999  0.000000e+00  2.094748e+02 
    0.000   12.759000  0.000000e+00  2.094161e+02 
    0.000   12.862000  0.000000e+00  2.093566e+02 
    0.000   12.964999  0.000000e+00  2.092966e+02 
    0.000   13.066999  0.000000e+00  2.092369e+02 
    0.000   13.169999  0.000000e+00  2.091765e+02 
    0.000   13.273000  0.000000e+00  2.091170e+02 
    0.000   13.375999  0.000000e+00  2.090600e+02 
    0.000   13.478999  0.000000e+00  2.090048e+02 
    0.000   13.582000  0.000000e+00  2.089512e+02 
    0.000   13.684999  0.000000e+00  2.089021e+02 
    0.000   13.787999  0.000000e+00  2.088567e+02 
    0.000   13.891000  0.000000e+00  2.088136e+02 
    0.000   13.993000  0.000000e+00  2.087756e+02 
    0.000   14.096000  0.000000e+00  2.087415e+02 
    0.000   14.198999  0.000000e+00  2.087106e+02 
    0.000   14.302000  0.000000e+00  2.086818e+02 
    0.000   14.405000  0.000000e+00  2.086547e+02 
    0.000   14.507999  0.000000e+00  2.086290e+02 
    0.000   14.611000  0.000000e+00  2.086037e+02 
    0.000   14.714000  0.000000e+00  2.085761e+02 
    0.000   14.816999  0.000000e+00  2.085471e+02 
    0.000   14.919999  0.000000e+00  2.085175e+02 
    0.000   15.021999  0.000000e+00  2.084863e+02 
    0.000   15.125000  0.000000e+00  2.084531e+02 
    0.000   15.228000  0.000000e+00  2.084191e+02 
    0.000   15.330999  0.000000e+00  2.083846e+02 
    0.000   15.434000  0.000000e+00  2.083496e+02 
    0.000   15.537000  0.000000e+00  2.083144e+02 
    0.000   15.639999  0.000000e+00  2.082786e+02 
    0.000   15.743000  0.000000e+00  2.082403e+02 
    0.000   15.846000  0.000000e+00  2.081999e+02 
    0.000   15.947999  0.000000e+00  2.081587e+02 
    0.000   16.051001  0.000000e+00  2.081163e+02 
    0.000   16.154001  0.000000e+00  2.080734e+02 
    0.000   16.257000  0.000000e+00  2.080300e+02 
    0.000   16.360001  0.000000e+00  2.079868e+02 
    0.000   16.463001  0.000000e+00  2.079451e+02 
    0.000   16.566000  0.000000e+00  2.079044e+02 
    0.000   16.669001  0.000000e+00  2.078644e+02 
    0.000   16.772001  0.000000e+00  2.078266e+02 
    0.000   16.874001  0.000000e+00  2.077910e+02 
    0.000   16.977001  0.000000e+00  2.077564e+02 
    0.000   17.080000  0.000000e+00  2.077232e+02 
    0.000   17.183001  0.000000e+00  2.076915e+02 
    0.000   17.286001  0.000000e+00  2.076610e+02 
    0.000   17.389000  0.000000e+00  2.076314e+02 
    0.000   17.492001  0.000000e+00  2.076023e+02 
    0.000   17.595001  0.000000e+00  2.075735e+02 
    0.000   17.698000  0.000000e+00  2.075452e+02 
    0.000   17.800001  0.000000e+00  2.075175e+02 
    0.000   17.903000  0.000000e+00  2.074899e+02 
    0.000   18.006001  0.000000e+00  2.074626e+02 
    0.000   18.109001  0.000000e+00  2.074358e+02 
    0.000   18.212000  0.000000e+00  2.074092e+02 
    0.000   18.315001  0.000000e+00  2.073828e+02 
    0.000   18.418001  0.000000e+00  2.073566e+02 
    0.000   18.521000  0.000000e+00  2.073306e+02 
    0.000   18.624001  0.000000e+00  2.073047e+02 
    0.000   18.726000  0.000000e+00  2.072791e+02 
    0.000   18.829000  0.000000e+00  2.072535e+02 
    0.000   18.932001  0.000000e+00  2.072275e+02 
    0.000   19.035000  0.000000e+00  2.072009e+02 
    0.000   19.138000  0.000000e+00  2.071737e+02 
    0.000   19.241001  0.000000e+00  2.071463e+02 
    0.000   19.344000  0.000000e+00  2.071191e+02 
    0.000   19.447001  0.000000e+00  2.070922e+02 
    0.000   19.550001  0.000000e+00  2.070657e+02 
    0.000   19.653000  0.000000e+00  2.070394e+02 
    0.000   19.755001  0.000000e+00  2.070148e+02 
    0.000   19.858000  0.000000e+00  2.069915e+02 
    0.000   19.961000  0.000000e+00  2.069693e+02 
    0.000   20.064001  0.000000e+00  2.069479e+02 
    0.000   20.363001  0.000000e+00  2.068885e+02 
    0.000   20.859001  0.000000e+00  2.067927e+02 
    0.000   21.355001  0.000000e+00  2.067060e+02 
    0.000   21.851000  0.000000e+00  2.066267e+02 
    0.000   22.346001  0.000000e+00  2.065475e+02 
    0.000   22.842001  0.000000e+00  2.064726e+02 
    0.000   23.338001  0.000000e+00  2.064091e+02 
    0.000   23.834000  0.000000e+00  2.063577e+02 
    0.000   24.329000  0.000000e+00  2.063185e+02 
    0.000   24.825001  0.000000e+00  2.062968e+02 
    0.000   25.321001  0.000000e+00  2.062888e+02 
    0.000   25.817001  0.000000e+00  2.062885e+02 
    0.000   26.312000  0.000000e+00  2.063030e+02 
    0.000   26.808001  0.000000e+00  2.063267e+02 
    0.000   27.304001  0.000000e+00  2.063518e+02 
    0.000   27.800001  0.000000e+00  2.063757e+02 
    0.000   28.295000  0.000000e+00  2.063999e+02 
    0.000   28.791000  0.000000e+00  2.064309e+02 
    0.000   29.287001  0.000000e+00  2.064749e+02 
    0.000   29.783001  0.000000e+00  2.065289e+02 
    0.000   30.278000  0.000000e+00  2.065885e+02 
    0.000   30.774000  0.000000e+00  2.066447e+02 
    0.000   31.270000  0.000000e+00  2.066974e+02 
    0.000   31.766001  0.000000e+00  2.067476e+02 
    0.000   32.261002  0.000000e+00  2.068000e+02 
    0.000   32.757000  0.000000e+00  2.068562e+02 
    0.000   33.253002  0.000000e+00  2.069187e+02 
    0.000   33.749001  0.000000e+00  2.069860e+02 
    0.000   34.243999  0.000000e+00  2.070561e+02 
    0.000   34.740002  0.000000e+00  2.071236e+02 
    0.000   35.236000  0.000000e+00  2.071870e+02 
    0.000   35.732002  0.000000e+00  2.072440e+02 
    0.000   36.227001  0.000000e+00  2.072953e+02 
    0.000   36.723000  0.000000e+00  2.073432e+02 
    0.000   37.219002  0.000000e+00  2.073881e+02 
    0.000   37.715000  0.000000e+00  2.074329e+02 
    0.000   38.209999  0.000000e+00  2.074778e+02 
    0.000   38.706001  0.000000e+00  2.075236e+02 
    0.000   39.202000  0.000000e+00  2.075703e+02 
    0.000   39.698002  0.000000e+00  2.076190e+02 
    0.000   40.198002  0.000000e+00  2.076707e+02 
    0.000   45.198002  0.000000e+00  2.081235e+02 
    0.000   50.198002  0.000000e+00  2.083460e+02 
    0.000   55.198002  0.000000e+00  2.083480e+02 
    0.000   60.198002  0.000000e+00  2.082790e+02 
    0.000   65.197998  0.000000e+00  2.082267e+02 
