   66.895    0.000000  5.802050e+00  2.316179e+01 
   66.895    0.103000  5.833714e+00  2.336544e+01 
   66.895    0.206000  5.865243e+00  2.358142e+01 
   66.895    0.309000  5.896724e+00  2.380446e+01 
   66.895    0.412000  5.928244e+00  2.403197e+01 
   66.895    0.515000  5.959785e+00  2.426266e+01 
   66.895    0.618000  5.991277e+00  2.449584e+01 
   66.895    0.721000  6.022665e+00  2.473098e+01 
   66.895    0.823000  6.053641e+00  2.496516e+01 
   66.895    0.926000  6.084848e+00  2.520244e+01 
   66.895    1.029000  6.116032e+00  2.544021e+01 
   66.895    1.132000  6.147289e+00  2.567805e+01 
   66.895    1.235000  6.178732e+00  2.591560e+01 
   66.895    1.338000  6.210374e+00  2.615276e+01 
   66.895    1.441000  6.242098e+00  2.638959e+01 
   66.895    1.544000  6.273766e+00  2.662621e+01 
   66.895    1.647000  6.305326e+00  2.686247e+01 
   66.895    1.749000  1.157487e+01  4.297158e+01 
   66.895    1.852000  2.348875e+01  6.238654e+01 
   66.895    1.955000  5.261884e+01  8.589153e+01 
   66.895    2.058000  1.335521e+02  1.149364e+02 
   66.895    2.161000  3.769252e+02  1.459289e+02 
   66.895    2.264000  3.787840e+02  1.458664e+02 
   66.895    2.367000  3.806216e+02  1.458556e+02 
   66.895    2.470000  3.824397e+02  1.458804e+02 
   66.895    2.573000  3.842400e+02  1.459326e+02 
   66.895    2.675000  3.860082e+02  1.460057e+02 
   66.895    2.778000  3.877855e+02  1.460961e+02 
   66.895    2.881000  3.895540e+02  1.462008e+02 
   66.895    2.984000  3.913136e+02  1.463177e+02 
   66.895    3.087000  3.930617e+02  1.464456e+02 
   66.895    3.190000  3.947959e+02  1.465832e+02 
   66.895    3.293000  3.965158e+02  1.467293e+02 
   66.895    3.396000  3.982236e+02  1.468826e+02 
   66.895    3.499000  3.999197e+02  1.470422e+02 
   66.895    3.601000  4.015932e+02  1.472052e+02 
   66.895    3.704000  4.032815e+02  1.473738e+02 
   66.895    3.807000  4.049693e+02  1.475460e+02 
   66.895    3.910000  4.066593e+02  1.477211e+02 
   66.895    4.013000  4.083523e+02  1.478987e+02 
   66.895    4.116000  4.100421e+02  1.480789e+02 
   66.895    4.219000  4.117215e+02  1.482616e+02 
   66.895    4.322000  4.133853e+02  1.484467e+02 
   66.895    4.425000  4.150268e+02  1.486341e+02 
   66.895    4.528000  4.166391e+02  1.488237e+02 
   66.895    4.630000  4.182069e+02  1.490128e+02 
   66.895    4.733000  4.197614e+02  1.492049e+02 
   66.895    4.836000  4.212837e+02  1.493979e+02 
   66.895    4.939000  4.227747e+02  1.495914e+02 
   66.895    5.042000  4.242361e+02  1.497853e+02 
   66.895    5.145000  4.256653e+02  1.499794e+02 
   66.895    5.248000  4.270638e+02  1.501734e+02 
   66.895    5.351000  4.284323e+02  1.503673e+02 
   66.895    5.454000  4.297703e+02  1.505608e+02 
   66.895    5.556000  4.310672e+02  1.507520e+02 
   66.895    5.659000  4.323477e+02  1.509445e+02 
   66.895    5.762000  4.336015e+02  1.511363e+02 
   66.895    5.865000  4.348320e+02  1.513272e+02 
   66.895    5.968000  4.360394e+02  1.515172e+02 
   66.895    6.071000  4.372294e+02  1.517058e+02 
   66.895    6.174000  4.384084e+02  1.518930e+02 
   66.895    6.277000  4.395783e+02  1.520786e+02 
   66.895    6.380000  4.407430e+02  1.522625e+02 
   66.895    6.482000  4.418934e+02  1.524429e+02 
   66.895    6.585000  4.430529e+02  1.526233e+02 
   66.895    6.688000  4.442108e+02  1.528018e+02 
   66.895    6.791000  4.453659e+02  1.529783e+02 
   66.895    6.894000  4.465105e+02  1.531529e+02 
   66.895    6.997000  4.476344e+02  1.533254e+02 
   66.895    7.100000  4.487282e+02  1.534960e+02 
   66.895    7.203000  4.497710e+02  1.536646e+02 
   66.895    7.306000  4.507457e+02  1.538308e+02 
   66.895    7.408000  4.516403e+02  1.539930e+02 
   66.895    7.511000  4.524745e+02  1.541543e+02 
   66.895    7.614000  4.532359e+02  1.543131e+02 
   66.895    7.717000  4.539460e+02  1.544694e+02 
   66.895    7.820000  4.546366e+02  1.546232e+02 
   66.895    7.923000  4.553133e+02  1.547747e+02 
   66.895    8.026000  4.559806e+02  1.549240e+02 
   66.895    8.129000  4.566443e+02  1.550713e+02 
   66.895    8.232000  4.573042e+02  1.552166e+02 
   66.895    8.334000  4.579470e+02  1.553583e+02 
   66.895    8.437000  4.585790e+02  1.554992e+02 
   66.895    8.540000  4.591941e+02  1.556378e+02 
   66.895    8.643000  4.597959e+02  1.557740e+02 
   66.895    8.746000  4.603869e+02  1.559079e+02 
   66.895    8.849000  4.609678e+02  1.560392e+02 
   66.895    8.952000  4.615393e+02  1.561680e+02 
   66.895    9.055000  4.621015e+02  1.562944e+02 
   66.895    9.158000  4.626537e+02  1.564181e+02 
   66.895    9.260000  4.631894e+02  1.565382e+02 
   66.895    9.363000  4.637186e+02  1.566569e+02 
   66.895    9.466000  4.642368e+02  1.567732e+02 
   66.895    9.569000  4.647453e+02  1.568872e+02 
   66.895    9.672000  4.652444e+02  1.569989e+02 
   66.895    9.775000  4.657328e+02  1.571085e+02 
   66.895    9.878000  4.662081e+02  1.572160e+02 
   66.895    9.981000  4.666701e+02  1.573214e+02 
   66.895   10.084000  4.671538e+02  1.574243e+02 
   66.895   10.186000  4.676248e+02  1.575243e+02 
   66.895   10.289000  4.680930e+02  1.576235e+02 
   66.895   10.392000  4.685544e+02  1.577210e+02 
   66.895   10.495000  4.690093e+02  1.578168e+02 
   66.895   10.598000  4.694579e+02  1.579108e+02 
   66.895   10.701000  4.698993e+02  1.580031e+02 
   66.895   10.804000  4.703329e+02  1.580940e+02 
   66.895   10.907000  4.707586e+02  1.581835e+02 
   66.895   11.010000  4.711776e+02  1.582716e+02 
   66.895   11.113000  4.715918e+02  1.583584e+02 
   66.895   11.215000  4.719975e+02  1.584433e+02 
   66.895   11.318000  4.724025e+02  1.585277e+02 
   66.895   11.421000  4.728026e+02  1.586110e+02 
   66.895   11.524000  4.731980e+02  1.586933e+02 
   66.895   11.627000  4.735882e+02  1.587744e+02 
   66.895   11.730000  4.739731e+02  1.588544e+02 
   66.895   11.833000  4.743525e+02  1.589334e+02 
   66.895   11.936000  4.747265e+02  1.590113e+02 
   66.895   12.039000  4.750952e+02  1.590883e+02 
   66.895   12.141000  4.754553e+02  1.591634e+02 
   66.895   12.243999  4.758136e+02  1.592383e+02 
   66.895   12.347000  4.761669e+02  1.593122e+02 
   66.895   12.450000  4.765154e+02  1.593850e+02 
   66.895   12.552999  4.768588e+02  1.594567e+02 
   66.895   12.656000  4.771974e+02  1.595274e+02 
   66.895   12.759000  4.775314e+02  1.595970e+02 
   66.895   12.862000  4.778611e+02  1.596654e+02 
   66.895   12.965000  4.781867e+02  1.597328e+02 
   66.895   13.066999  4.785053e+02  1.597983e+02 
   66.895   13.170000  4.788231e+02  1.598633e+02 
   66.895   13.273000  4.791372e+02  1.599272e+02 
   66.895   13.375999  4.794476e+02  1.599900e+02 
   66.895   13.479000  4.797544e+02  1.600516e+02 
   66.895   13.582000  4.800576e+02  1.601121e+02 
   66.895   13.684999  4.803573e+02  1.601716e+02 
   66.895   13.788000  4.806537e+02  1.602299e+02 
   66.895   13.891000  4.809467e+02  1.602871e+02 
   66.895   13.993000  4.812336e+02  1.603427e+02 
   66.895   14.096000  4.815201e+02  1.603978e+02 
   66.895   14.199000  4.818035e+02  1.604517e+02 
   66.895   14.302000  4.820837e+02  1.605045e+02 
   66.895   14.405000  4.823608e+02  1.605563e+02 
   66.895   14.507999  4.826349e+02  1.606069e+02 
   66.895   14.611000  4.829057e+02  1.606566e+02 
   66.895   14.714000  4.831735e+02  1.607053e+02 
   66.895   14.816999  4.834381e+02  1.607531e+02 
   66.895   14.919000  4.836971e+02  1.607995e+02 
   66.895   15.022000  4.839554e+02  1.608455e+02 
   66.895   15.125000  4.842107e+02  1.608907e+02 
   66.895   15.228000  4.844628e+02  1.609351e+02 
   66.895   15.331000  4.847118e+02  1.609787e+02 
   66.895   15.434000  4.849578e+02  1.610216e+02 
   66.895   15.537000  4.852009e+02  1.610636e+02 
   66.895   15.640000  4.854409e+02  1.611049e+02 
   66.895   15.743000  4.856780e+02  1.611455e+02 
   66.895   15.846000  4.859123e+02  1.611854e+02 
   66.895   15.947999  4.861417e+02  1.612242e+02 
   66.895   16.051001  4.863707e+02  1.612626e+02 
   66.895   16.154001  4.865973e+02  1.613003e+02 
   66.895   16.257000  4.868214e+02  1.613372e+02 
   66.895   16.360001  4.870431e+02  1.613733e+02 
   66.895   16.463001  4.872626e+02  1.614087e+02 
   66.895   16.566000  4.874797e+02  1.614434e+02 
   66.895   16.669001  4.876946e+02  1.614773e+02 
   66.895   16.772001  4.879075e+02  1.615105e+02 
   66.895   16.874001  4.881162e+02  1.615426e+02 
   66.895   16.977001  4.883250e+02  1.615742e+02 
   66.895   17.080000  4.885321e+02  1.616051e+02 
   66.895   17.183001  4.887376e+02  1.616351e+02 
   66.895   17.286001  4.889417e+02  1.616643e+02 
   66.895   17.389000  4.891442e+02  1.616926e+02 
   66.895   17.492001  4.893455e+02  1.617200e+02 
   66.895   17.595001  4.895457e+02  1.617464e+02 
   66.895   17.698000  4.897446e+02  1.617720e+02 
   66.895   17.800001  4.899404e+02  1.617965e+02 
   66.895   17.903002  4.901367e+02  1.618204e+02 
   66.895   18.006001  4.903317e+02  1.618436e+02 
   66.895   18.109001  4.905251e+02  1.618660e+02 
   66.895   18.212000  4.907169e+02  1.618878e+02 
   66.895   18.315001  4.909070e+02  1.619090e+02 
   66.895   18.418001  4.910952e+02  1.619296e+02 
   66.895   18.521000  4.912817e+02  1.619496e+02 
   66.895   18.624001  4.914666e+02  1.619690e+02 
   66.895   18.726002  4.916481e+02  1.619877e+02 
   66.895   18.829000  4.918298e+02  1.620059e+02 
   66.895   18.932001  4.920101e+02  1.620235e+02 
   66.895   19.035002  4.921891e+02  1.620404e+02 
   66.895   19.138000  4.923669e+02  1.620567e+02 
   66.895   19.241001  4.925434e+02  1.620723e+02 
   66.895   19.344002  4.927186e+02  1.620874e+02 
   66.895   19.447001  4.928926e+02  1.621019e+02 
   66.895   19.550001  4.930653e+02  1.621158e+02 
   66.895   19.652000  4.932350e+02  1.621291e+02 
   66.895   19.755001  4.934050e+02  1.621420e+02 
   66.895   19.858002  4.935737e+02  1.621545e+02 
   66.895   19.961000  4.937410e+02  1.621665e+02 
   66.895   20.064001  4.939073e+02  1.621779e+02 
   66.895   20.363001  4.943847e+02  1.622077e+02 
   66.895   20.859001  4.951536e+02  1.622489e+02 
   66.895   21.355001  4.958942e+02  1.622803e+02 
   66.895   21.851002  4.966087e+02  1.623022e+02 
   66.895   22.346001  4.972914e+02  1.623174e+02 
   66.895   22.842001  4.979382e+02  1.623300e+02 
   66.895   23.338001  4.985431e+02  1.623423e+02 
   66.895   23.834002  4.991065e+02  1.623549e+02 
   66.895   24.329000  4.996322e+02  1.623666e+02 
   66.895   24.825001  5.001271e+02  1.623765e+02 
   66.895   25.321001  5.005911e+02  1.623847e+02 
   66.895   25.817001  5.010244e+02  1.623922e+02 
   66.895   26.312000  5.014280e+02  1.623991e+02 
   66.895   26.808001  5.018063e+02  1.624051e+02 
   66.895   27.304001  5.021609e+02  1.624097e+02 
   66.895   27.800001  5.024924e+02  1.624132e+02 
   66.895   28.295000  5.028012e+02  1.624158e+02 
   66.895   28.791000  5.030911e+02  1.624176e+02 
   66.895   29.287001  5.033642e+02  1.624183e+02 
   66.895   29.783001  5.036236e+02  1.624178e+02 
   66.895   30.278002  5.038709e+02  1.624159e+02 
   66.895   30.774000  5.041088e+02  1.624128e+02 
   66.895   31.270000  5.043384e+02  1.624086e+02 
   66.895   31.766001  5.045613e+02  1.624035e+02 
   66.895   32.260998  5.047794e+02  1.623977e+02 
   66.895   32.757000  5.049954e+02  1.623912e+02 
   66.895   33.252998  5.052106e+02  1.623844e+02 
   66.895   33.749001  5.054265e+02  1.623774e+02 
   66.895   34.243999  5.056438e+02  1.623706e+02 
   66.895   34.739998  5.058651e+02  1.623640e+02 
   66.895   35.236000  5.060909e+02  1.623578e+02 
   66.895   35.731998  5.063222e+02  1.623518e+02 
   66.895   36.226997  5.065591e+02  1.623463e+02 
   66.895   36.723000  5.068023e+02  1.623411e+02 
   66.895   37.218998  5.070507e+02  1.623363e+02 
   66.895   37.715000  5.073030e+02  1.623318e+02 
   66.895   38.209999  5.075572e+02  1.623277e+02 
   66.895   38.705997  5.078122e+02  1.623240e+02 
   66.895   39.202000  5.080659e+02  1.623207e+02 
   66.895   39.697998  5.083159e+02  1.623178e+02 
   66.895   40.197998  5.085588e+02  1.623162e+02 
   66.895   45.197998  5.104511e+02  1.623224e+02 
   66.895   50.197998  5.111619e+02  1.623353e+02 
   66.895   55.197998  5.114160e+02  1.623456e+02 
   66.895   60.197998  5.122056e+02  1.623524e+02 
   66.895   65.198006  5.134568e+02  1.623568e+02 
