   67.672    0.000000  0.000000e+00  1.920473e+00 
   67.672    0.103000  0.000000e+00  1.955530e+00 
   67.672    0.206000  0.000000e+00  1.990669e+00 
   67.672    0.309000  0.000000e+00  2.025673e+00 
   67.672    0.412000  0.000000e+00  2.060497e+00 
   67.672    0.515000  0.000000e+00  2.095046e+00 
   67.672    0.618000  0.000000e+00  7.103259e+00 
   67.672    0.721000  0.000000e+00  1.415564e+01 
   67.672    0.824000  0.000000e+00  2.296078e+01 
   67.672    0.926000  0.000000e+00  3.328721e+01 
   67.672    1.029000  0.000000e+00  4.528439e+01 
   67.672    1.132000  0.000000e+00  5.878216e+01 
   67.672    1.235000  0.000000e+00  7.372218e+01 
   67.672    1.338000  0.000000e+00  9.018042e+01 
   67.672    1.441000  1.987139e-37  1.081617e+02 
   67.672    1.544000  1.189471e-30  1.278332e+02 
   67.672    1.647000  1.954050e-23  1.493434e+02 
   67.672    1.750000  8.965298e-16  1.730330e+02 
   67.672    1.852000  8.252447e-15  1.770334e+02 
   67.672    1.955000  9.773622e-14  1.816887e+02 
   67.672    2.058000  7.272214e-13  1.855730e+02 
   67.672    2.161000  3.854189e-12  1.888959e+02 
   67.672    2.264000  3.667910e-10  1.977007e+02 
   67.672    2.367000  8.005963e-08  2.082306e+02 
   67.672    2.470000  1.770221e-07  2.098466e+02 
   67.672    2.573000  3.417173e-07  2.112526e+02 
   67.672    2.676000  5.650734e-07  2.123608e+02 
   67.672    2.779000  3.137032e-05  2.218609e+02 
   67.672    2.881000  1.400689e-03  2.325138e+02 
   67.672    2.984000  5.346133e-02  2.465025e+02 
   67.672    3.087000  1.613105e+00  2.675334e+02 
   67.672    3.190000  1.721727e+00  2.677484e+02 
   67.672    3.293000  1.779853e+00  2.677796e+02 
   67.672    3.396000  1.829222e+00  2.677995e+02 
   67.672    3.499000  1.884145e+00  2.678636e+02 
   67.672    3.602000  1.943711e+00  2.679633e+02 
   67.672    3.705000  2.007217e+00  2.680913e+02 
   67.672    3.807000  2.079423e+00  2.682658e+02 
   67.672    3.910000  2.185110e+00  2.685799e+02 
   67.672    4.013000  2.343240e+00  2.690936e+02 
   67.672    4.116000  2.563073e+00  2.698124e+02 
   67.672    4.219000  2.895212e+00  2.708676e+02 
   67.672    4.322000  3.398911e+00  2.723506e+02 
   67.672    4.425000  4.170623e+00  2.743643e+02 
   67.672    4.528000  5.252700e+00  2.767726e+02 
   67.672    4.631000  6.631547e+00  2.793456e+02 
   67.672    4.733000  8.129640e+00  2.817025e+02 
   67.672    4.836000  9.752903e+00  2.838982e+02 
   67.672    4.939000  1.150929e+01  2.859742e+02 
   67.672    5.042000  1.368158e+01  2.882399e+02 
   67.672    5.145000  1.687805e+01  2.911407e+02 
   67.672    5.248000  2.174479e+01  2.948516e+02 
   67.672    5.351000  2.919172e+01  2.994542e+02 
   67.672    5.454000  4.049667e+01  3.049305e+02 
   67.672    5.557000  5.606289e+01  3.107377e+02 
   67.672    5.659000  7.618999e+01  3.165382e+02 
   67.672    5.762000  1.030224e+02  3.225251e+02 
   67.672    5.865000  1.326362e+02  3.277119e+02 
   67.672    5.968000  1.598715e+02  3.316186e+02 
   67.672    6.071000  1.827826e+02  3.344440e+02 
   67.672    6.174000  2.050164e+02  3.368841e+02 
   67.672    6.277000  2.274843e+02  3.391042e+02 
   67.672    6.380000  2.471574e+02  3.408716e+02 
   67.672    6.483000  2.631843e+02  3.422060e+02 
   67.672    6.585000  2.763563e+02  3.432408e+02 
   67.672    6.688000  2.858691e+02  3.439523e+02 
   67.672    6.791000  2.866392e+02  3.439795e+02 
   67.672    6.894000  2.874098e+02  3.440127e+02 
   67.672    6.997000  2.881881e+02  3.440496e+02 
   67.672    7.100000  2.889701e+02  3.440901e+02 
   67.672    7.203000  2.897301e+02  3.441355e+02 
   67.672    7.306000  2.904392e+02  3.441861e+02 
   67.672    7.409000  3.006393e+02  3.450453e+02 
   67.672    7.511000  3.085450e+02  3.456989e+02 
   67.672    7.614000  3.176952e+02  3.464398e+02 
   67.672    7.717000  3.347767e+02  3.477365e+02 
   67.672    7.820000  3.549729e+02  3.491523e+02 
   67.672    7.923000  3.679396e+02  3.500134e+02 
   67.672    8.026000  3.849659e+02  3.510621e+02 
   67.672    8.129000  3.919164e+02  3.514826e+02 
   67.672    8.232000  4.067055e+02  3.523018e+02 
   67.672    8.335000  4.198215e+02  3.529801e+02 
   67.672    8.437000  4.304041e+02  3.534983e+02 
   67.672    8.540000  4.439955e+02  3.541090e+02 
   67.672    8.643000  4.445241e+02  3.541537e+02 
   67.672    8.746000  4.450341e+02  3.541983e+02 
   67.672    8.849000  4.455288e+02  3.542425e+02 
   67.672    8.952000  4.460429e+02  3.542840e+02 
   67.672    9.055000  4.465510e+02  3.543242e+02 
   67.672    9.158000  4.470558e+02  3.543631e+02 
   67.672    9.261000  4.475620e+02  3.544005e+02 
   67.672    9.364000  4.480382e+02  3.544377e+02 
   67.672    9.466000  4.485095e+02  3.544730e+02 
   67.672    9.569000  4.489856e+02  3.545070e+02 
   67.672    9.672000  4.494621e+02  3.545395e+02 
   67.672    9.775000  4.499360e+02  3.545704e+02 
   67.672    9.878000  4.504033e+02  3.546000e+02 
   67.672    9.981000  4.508632e+02  3.546284e+02 
   67.672   10.084000  4.513148e+02  3.546557e+02 
   67.672   10.187000  4.517892e+02  3.546809e+02 
   67.672   10.290000  4.522525e+02  3.547054e+02 
   67.672   10.392000  4.527021e+02  3.547290e+02 
   67.672   10.495000  4.531497e+02  3.547522e+02 
   67.672   10.598000  4.535915e+02  3.547747e+02 
   67.672   10.701000  4.540271e+02  3.547968e+02 
   67.672   10.804000  4.544568e+02  3.548184e+02 
   67.672   10.907000  4.548803e+02  3.548397e+02 
   67.672   11.010000  4.552979e+02  3.548607e+02 
   67.672   11.113000  4.557099e+02  3.548816e+02 
   67.672   11.216000  4.561165e+02  3.549023e+02 
   67.672   11.318000  4.565138e+02  3.549227e+02 
   67.672   11.421000  4.569096e+02  3.549431e+02 
   67.672   11.524000  4.573002e+02  3.549635e+02 
   67.672   11.627000  4.576855e+02  3.549838e+02 
   67.672   11.730000  4.580655e+02  3.550040e+02 
   67.672   11.833000  4.584401e+02  3.550241e+02 
   67.672   11.936000  4.588093e+02  3.550440e+02 
   67.672   12.039000  4.591734e+02  3.550638e+02 
   67.672   12.142000  4.595325e+02  3.550833e+02 
   67.672   12.243999  4.598831e+02  3.551023e+02 
   67.672   12.347000  4.602323e+02  3.551213e+02 
   67.672   12.450000  4.605769e+02  3.551400e+02 
   67.672   12.552999  4.609168e+02  3.551584e+02 
   67.672   12.656000  4.612523e+02  3.551765e+02 
   67.672   12.759000  4.615833e+02  3.551941e+02 
   67.672   12.862000  4.619105e+02  3.552113e+02 
   67.672   12.965000  4.622339e+02  3.552281e+02 
   67.672   13.068000  4.625535e+02  3.552445e+02 
   67.672   13.170000  4.628664e+02  3.552602e+02 
   67.672   13.273000  4.631786e+02  3.552755e+02 
   67.672   13.375999  4.634873e+02  3.552903e+02 
   67.672   13.479000  4.637924e+02  3.553044e+02 
   67.672   13.582000  4.640939e+02  3.553181e+02 
   67.672   13.684999  4.643921e+02  3.553311e+02 
   67.672   13.788000  4.646870e+02  3.553434e+02 
   67.672   13.891000  4.649785e+02  3.553551e+02 
   67.672   13.993999  4.652668e+02  3.553661e+02 
   67.672   14.097000  4.655521e+02  3.553764e+02 
   67.672   14.199000  4.658316e+02  3.553859e+02 
   67.672   14.302000  4.661107e+02  3.553948e+02 
   67.672   14.405000  4.663865e+02  3.554032e+02 
   67.672   14.507999  4.666593e+02  3.554110e+02 
   67.672   14.611000  4.669289e+02  3.554183e+02 
   67.672   14.714000  4.671951e+02  3.554252e+02 
   67.672   14.816999  4.674582e+02  3.554318e+02 
   67.672   14.920000  4.677180e+02  3.554381e+02 
   67.672   15.023000  4.679745e+02  3.554441e+02 
   67.672   15.125000  4.682255e+02  3.554497e+02 
   67.672   15.228000  4.684757e+02  3.554552e+02 
   67.672   15.331000  4.687228e+02  3.554604e+02 
   67.672   15.434000  4.689669e+02  3.554652e+02 
   67.672   15.537000  4.692079e+02  3.554698e+02 
   67.672   15.640000  4.694459e+02  3.554742e+02 
   67.672   15.743000  4.696810e+02  3.554782e+02 
   67.672   15.846000  4.699133e+02  3.554819e+02 
   67.672   15.949000  4.701429e+02  3.554854e+02 
   67.672   16.051001  4.703676e+02  3.554886e+02 
   67.672   16.154001  4.705923e+02  3.554914e+02 
   67.672   16.257000  4.708145e+02  3.554940e+02 
   67.672   16.360001  4.710343e+02  3.554963e+02 
   67.672   16.463001  4.712519e+02  3.554982e+02 
   67.672   16.566000  4.714673e+02  3.554997e+02 
   67.672   16.669001  4.716806e+02  3.555009e+02 
   67.672   16.772001  4.718919e+02  3.555015e+02 
   67.672   16.875000  4.721013e+02  3.555016e+02 
   67.672   16.977001  4.723069e+02  3.555012e+02 
   67.672   17.080000  4.725128e+02  3.555001e+02 
   67.672   17.183001  4.727174e+02  3.554981e+02 
   67.672   17.286001  4.729208e+02  3.554954e+02 
   67.672   17.389000  4.731228e+02  3.554917e+02 
   67.672   17.492001  4.733237e+02  3.554872e+02 
   67.672   17.595001  4.735234e+02  3.554818e+02 
   67.672   17.698000  4.737219e+02  3.554756e+02 
   67.672   17.801001  4.739191e+02  3.554687e+02 
   67.672   17.903002  4.741128e+02  3.554613e+02 
   67.672   18.006001  4.743068e+02  3.554533e+02 
   67.672   18.109001  4.744992e+02  3.554449e+02 
   67.672   18.212000  4.746899e+02  3.554360e+02 
   67.672   18.315001  4.748791e+02  3.554268e+02 
   67.672   18.418001  4.750666e+02  3.554171e+02 
   67.672   18.521000  4.752524e+02  3.554071e+02 
   67.672   18.624001  4.754368e+02  3.553967e+02 
   67.672   18.727001  4.756197e+02  3.553858e+02 
   67.672   18.830000  4.758011e+02  3.553745e+02 
   67.672   18.932001  4.759792e+02  3.553629e+02 
   67.672   19.035002  4.761577e+02  3.553508e+02 
   67.672   19.138000  4.763349e+02  3.553383e+02 
   67.672   19.241001  4.765108e+02  3.553254e+02 
   67.672   19.344002  4.766852e+02  3.553122e+02 
   67.672   19.447001  4.768585e+02  3.552986e+02 
   67.672   19.550001  4.770304e+02  3.552847e+02 
   67.672   19.653002  4.772010e+02  3.552704e+02 
   67.672   19.756001  4.773702e+02  3.552558e+02 
   67.672   19.858002  4.775367e+02  3.552411e+02 
   67.672   19.961000  4.777035e+02  3.552258e+02 
   67.672   20.064001  4.778695e+02  3.552100e+02 
   67.672   20.364000  4.783476e+02  3.551611e+02 
   67.672   20.859001  4.791137e+02  3.550752e+02 
   67.672   21.355001  4.798532e+02  3.549833e+02 
   67.672   21.851002  4.805641e+02  3.548872e+02 
   67.672   22.347000  4.812398e+02  3.547922e+02 
   67.672   22.842001  4.818734e+02  3.547035e+02 
   67.672   23.338001  4.824654e+02  3.546225e+02 
   67.672   23.834002  4.830183e+02  3.545478e+02 
   67.672   24.330000  4.835385e+02  3.544766e+02 
   67.672   24.825001  4.840271e+02  3.544084e+02 
   67.672   25.321001  4.844850e+02  3.543441e+02 
   67.672   25.817001  4.849121e+02  3.542845e+02 
   67.672   26.313002  4.853110e+02  3.542285e+02 
   67.672   26.808001  4.856839e+02  3.541755e+02 
   67.672   27.304001  4.860331e+02  3.541252e+02 
   67.672   27.800001  4.863591e+02  3.540779e+02 
   67.672   28.296001  4.866639e+02  3.540329e+02 
   67.672   28.791000  4.869498e+02  3.539897e+02 
   67.672   29.287001  4.872204e+02  3.539476e+02 
   67.672   29.783001  4.874774e+02  3.539064e+02 
   67.672   30.279001  4.877223e+02  3.538660e+02 
   67.672   30.774000  4.879563e+02  3.538263e+02 
   67.672   31.270000  4.881821e+02  3.537873e+02 
   67.672   31.766001  4.884007e+02  3.537491e+02 
   67.672   32.261997  4.886146e+02  3.537115e+02 
   67.672   32.757000  4.888250e+02  3.536748e+02 
   67.672   33.252998  4.890342e+02  3.536393e+02 
   67.672   33.749001  4.892434e+02  3.536053e+02 
   67.672   34.244999  4.894539e+02  3.535730e+02 
   67.672   34.739998  4.896671e+02  3.535427e+02 
   67.672   35.236000  4.898847e+02  3.535142e+02 
   67.672   35.731998  4.901077e+02  3.534875e+02 
   67.672   36.228001  4.903364e+02  3.534626e+02 
   67.672   36.723000  4.905705e+02  3.534394e+02 
   67.672   37.218998  4.908104e+02  3.534177e+02 
   67.672   37.715000  4.910545e+02  3.533974e+02 
   67.672   38.210999  4.913016e+02  3.533786e+02 
   67.672   38.705997  4.915491e+02  3.533612e+02 
   67.672   39.202000  4.917963e+02  3.533452e+02 
   67.672   39.697998  4.920404e+02  3.533307e+02 
   67.672   40.197998  4.922783e+02  3.533190e+02 
   67.672   45.197998  4.941484e+02  3.532657e+02 
   67.672   50.197998  4.948573e+02  3.532550e+02 
   67.672   55.197998  4.951061e+02  3.532549e+02 
   67.672   60.197998  4.958556e+02  3.532569e+02 
   67.672   65.198006  4.970898e+02  3.532587e+02 
