    0.000    0.000000  0.000000e+00  3.495899e+02 
    0.000    0.103000  0.000000e+00  3.489146e+02 
    0.000    0.206000  0.000000e+00  3.475821e+02 
    0.000    0.308000  0.000000e+00  3.457078e+02 
    0.000    0.411000  0.000000e+00  3.442109e+02 
    0.000    0.514000  0.000000e+00  3.428709e+02 
    0.000    0.617000  0.000000e+00  3.414829e+02 
    0.000    0.720000  0.000000e+00  3.400147e+02 
    0.000    0.823000  0.000000e+00  3.386384e+02 
    0.000    0.926000  0.000000e+00  3.371677e+02 
    0.000    1.029000  0.000000e+00  3.356138e+02 
    0.000    1.132000  0.000000e+00  3.341771e+02 
    0.000    1.235000  0.000000e+00  3.325897e+02 
    0.000    1.337000  0.000000e+00  3.309959e+02 
    0.000    1.440000  0.000000e+00  3.288659e+02 
    0.000    1.543000  0.000000e+00  3.272340e+02 
    0.000    1.646000  0.000000e+00  3.258602e+02 
    0.000    1.749000  0.000000e+00  3.244844e+02 
    0.000    1.852000  0.000000e+00  3.210674e+02 
    0.000    1.955000  0.000000e+00  3.172940e+02 
    0.000    2.058000  0.000000e+00  3.131651e+02 
    0.000    2.161000  0.000000e+00  3.084997e+02 
    0.000    2.263000  0.000000e+00  3.073991e+02 
    0.000    2.366000  0.000000e+00  3.062553e+02 
    0.000    2.469000  0.000000e+00  3.050585e+02 
    0.000    2.572000  0.000000e+00  3.037998e+02 
    0.000    2.675000  0.000000e+00  3.025050e+02 
    0.000    2.778000  0.000000e+00  3.011868e+02 
    0.000    2.881000  0.000000e+00  2.998658e+02 
    0.000    2.984000  0.000000e+00  2.985531e+02 
    0.000    3.087000  0.000000e+00  2.972471e+02 
    0.000    3.189000  0.000000e+00  2.959437e+02 
    0.000    3.292000  0.000000e+00  2.946351e+02 
    0.000    3.395000  0.000000e+00  2.933396e+02 
    0.000    3.498000  0.000000e+00  2.920578e+02 
    0.000    3.601000  0.000000e+00  2.907980e+02 
    0.000    3.704000  0.000000e+00  2.895637e+02 
    0.000    3.807000  0.000000e+00  2.883485e+02 
    0.000    3.910000  0.000000e+00  2.871266e+02 
    0.000    4.013000  0.000000e+00  2.859095e+02 
    0.000    4.115000  0.000000e+00  2.847066e+02 
    0.000    4.218000  0.000000e+00  2.835011e+02 
    0.000    4.321000  0.000000e+00  2.823123e+02 
    0.000    4.424000  0.000000e+00  2.811250e+02 
    0.000    4.527000  0.000000e+00  2.799483e+02 
    0.000    4.630000  0.000000e+00  2.787849e+02 
    0.000    4.733000  0.000000e+00  2.776281e+02 
    0.000    4.836000  0.000000e+00  2.764856e+02 
    0.000    4.939000  0.000000e+00  2.753541e+02 
    0.000    5.041000  0.000000e+00  2.742393e+02 
    0.000    5.144000  0.000000e+00  2.731304e+02 
    0.000    5.247000  0.000000e+00  2.720332e+02 
    0.000    5.350000  0.000000e+00  2.709489e+02 
    0.000    5.453000  0.000000e+00  2.698811e+02 
    0.000    5.556000  0.000000e+00  2.688284e+02 
    0.000    5.659000  0.000000e+00  2.677930e+02 
    0.000    5.762000  0.000000e+00  2.667739e+02 
    0.000    5.865000  0.000000e+00  2.657693e+02 
    0.000    5.967000  0.000000e+00  2.647883e+02 
    0.000    6.070000  0.000000e+00  2.638160e+02 
    0.000    6.173000  0.000000e+00  2.628607e+02 
    0.000    6.276000  0.000000e+00  2.619218e+02 
    0.000    6.379000  0.000000e+00  2.610135e+02 
    0.000    6.482000  0.000000e+00  2.601312e+02 
    0.000    6.585000  0.000000e+00  2.592766e+02 
    0.000    6.688000  0.000000e+00  2.584654e+02 
    0.000    6.791000  0.000000e+00  2.576868e+02 
    0.000    6.893000  0.000000e+00  2.569731e+02 
    0.000    6.996000  0.000000e+00  2.563300e+02 
    0.000    7.099000  0.000000e+00  2.557432e+02 
    0.000    7.202000  0.000000e+00  2.552734e+02 
    0.000    7.305000  0.000000e+00  2.549093e+02 
    0.000    7.408000  0.000000e+00  2.546122e+02 
    0.000    7.511000  0.000000e+00  2.544208e+02 
    0.000    7.614000  0.000000e+00  2.542996e+02 
    0.000    7.717000  0.000000e+00  2.542103e+02 
    0.000    7.820000  0.000000e+00  2.541255e+02 
    0.000    7.922000  0.000000e+00  2.540477e+02 
    0.000    8.025001  0.000000e+00  2.539523e+02 
    0.000    8.128000  0.000000e+00  2.538189e+02 
    0.000    8.231001  0.000000e+00  2.536636e+02 
    0.000    8.334001  0.000000e+00  2.534931e+02 
    0.000    8.437000  0.000000e+00  2.533110e+02 
    0.000    8.540000  0.000000e+00  2.531225e+02 
    0.000    8.643001  0.000000e+00  2.529356e+02 
    0.000    8.746000  0.000000e+00  2.527505e+02 
    0.000    8.848001  0.000000e+00  2.525675e+02 
    0.000    8.951000  0.000000e+00  2.523944e+02 
    0.000    9.054001  0.000000e+00  2.522298e+02 
    0.000    9.157001  0.000000e+00  2.520725e+02 
    0.000    9.260000  0.000000e+00  2.519422e+02 
    0.000    9.363001  0.000000e+00  2.518315e+02 
    0.000    9.466001  0.000000e+00  2.517332e+02 
    0.000    9.569000  0.000000e+00  2.516486e+02 
    0.000    9.672001  0.000000e+00  2.515746e+02 
    0.000    9.774000  0.000000e+00  2.515078e+02 
    0.000    9.877001  0.000000e+00  2.514419e+02 
    0.000    9.980000  0.000000e+00  2.513780e+02 
    0.000   10.083000  0.000000e+00  2.513149e+02 
    0.000   10.186001  0.000000e+00  2.512492e+02 
    0.000   10.289001  0.000000e+00  2.511830e+02 
    0.000   10.392000  0.000000e+00  2.511209e+02 
    0.000   10.495001  0.000000e+00  2.510690e+02 
    0.000   10.598001  0.000000e+00  2.510247e+02 
    0.000   10.700001  0.000000e+00  2.509803e+02 
    0.000   10.803000  0.000000e+00  2.509221e+02 
    0.000   10.906000  0.000000e+00  2.508553e+02 
    0.000   11.009001  0.000000e+00  2.507829e+02 
    0.000   11.112000  0.000000e+00  2.507005e+02 
    0.000   11.215000  0.000000e+00  2.506116e+02 
    0.000   11.318001  0.000000e+00  2.505190e+02 
    0.000   11.421000  0.000000e+00  2.504219e+02 
    0.000   11.524000  0.000000e+00  2.503218e+02 
    0.000   11.626000  0.000000e+00  2.502208e+02 
    0.000   11.729000  0.000000e+00  2.501175e+02 
    0.000   11.832001  0.000000e+00  2.500134e+02 
    0.000   11.935000  0.000000e+00  2.499090e+02 
    0.000   12.038000  0.000000e+00  2.498091e+02 
    0.000   12.141001  0.000000e+00  2.497130e+02 
    0.000   12.244000  0.000000e+00  2.496190e+02 
    0.000   12.347000  0.000000e+00  2.495302e+02 
    0.000   12.450001  0.000000e+00  2.494461e+02 
    0.000   12.552000  0.000000e+00  2.493658e+02 
    0.000   12.655001  0.000000e+00  2.492885e+02 
    0.000   12.758000  0.000000e+00  2.492147e+02 
    0.000   12.861000  0.000000e+00  2.491437e+02 
    0.000   12.964001  0.000000e+00  2.490744e+02 
    0.000   13.067000  0.000000e+00  2.490060e+02 
    0.000   13.170000  0.000000e+00  2.489386e+02 
    0.000   13.273001  0.000000e+00  2.488717e+02 
    0.000   13.376000  0.000000e+00  2.488042e+02 
    0.000   13.479000  0.000000e+00  2.487365e+02 
    0.000   13.581000  0.000000e+00  2.486696e+02 
    0.000   13.684000  0.000000e+00  2.486024e+02 
    0.000   13.787001  0.000000e+00  2.485358e+02 
    0.000   13.890000  0.000000e+00  2.484696e+02 
    0.000   13.993000  0.000000e+00  2.484064e+02 
    0.000   14.096001  0.000000e+00  2.483461e+02 
    0.000   14.199000  0.000000e+00  2.482877e+02 
    0.000   14.302000  0.000000e+00  2.482317e+02 
    0.000   14.405001  0.000000e+00  2.481785e+02 
    0.000   14.507000  0.000000e+00  2.481279e+02 
    0.000   14.610001  0.000000e+00  2.480780e+02 
    0.000   14.713000  0.000000e+00  2.480277e+02 
    0.000   14.816000  0.000000e+00  2.479774e+02 
    0.000   14.919001  0.000000e+00  2.479274e+02 
    0.000   15.022000  0.000000e+00  2.478783e+02 
    0.000   15.125000  0.000000e+00  2.478298e+02 
    0.000   15.228001  0.000000e+00  2.477822e+02 
    0.000   15.331000  0.000000e+00  2.477343e+02 
    0.000   15.433001  0.000000e+00  2.476862e+02 
    0.000   15.536000  0.000000e+00  2.476373e+02 
    0.000   15.639001  0.000000e+00  2.475883e+02 
    0.000   15.742001  0.000000e+00  2.475393e+02 
    0.000   15.845000  0.000000e+00  2.474904e+02 
    0.000   15.948001  0.000000e+00  2.474416e+02 
    0.000   16.050999  0.000000e+00  2.473958e+02 
    0.000   16.153999  0.000000e+00  2.473530e+02 
    0.000   16.257000  0.000000e+00  2.473125e+02 
    0.000   16.358999  0.000000e+00  2.472730e+02 
    0.000   16.462000  0.000000e+00  2.472321e+02 
    0.000   16.564999  0.000000e+00  2.471905e+02 
    0.000   16.667999  0.000000e+00  2.471488e+02 
    0.000   16.771000  0.000000e+00  2.471055e+02 
    0.000   16.873999  0.000000e+00  2.470608e+02 
    0.000   16.976999  0.000000e+00  2.470154e+02 
    0.000   17.080000  0.000000e+00  2.469696e+02 
    0.000   17.182999  0.000000e+00  2.469237e+02 
    0.000   17.285000  0.000000e+00  2.468782e+02 
    0.000   17.387999  0.000000e+00  2.468322e+02 
    0.000   17.490999  0.000000e+00  2.467864e+02 
    0.000   17.594000  0.000000e+00  2.467407e+02 
    0.000   17.696999  0.000000e+00  2.466952e+02 
    0.000   17.799999  0.000000e+00  2.466500e+02 
    0.000   17.903000  0.000000e+00  2.466055e+02 
    0.000   18.005999  0.000000e+00  2.465615e+02 
    0.000   18.108999  0.000000e+00  2.465180e+02 
    0.000   18.212000  0.000000e+00  2.464764e+02 
    0.000   18.313999  0.000000e+00  2.464370e+02 
    0.000   18.417000  0.000000e+00  2.463986e+02 
    0.000   18.519999  0.000000e+00  2.463614e+02 
    0.000   18.622999  0.000000e+00  2.463257e+02 
    0.000   18.726000  0.000000e+00  2.462912e+02 
    0.000   18.828999  0.000000e+00  2.462578e+02 
    0.000   18.931999  0.000000e+00  2.462251e+02 
    0.000   19.035000  0.000000e+00  2.461933e+02 
    0.000   19.137999  0.000000e+00  2.461622e+02 
    0.000   19.240000  0.000000e+00  2.461320e+02 
    0.000   19.343000  0.000000e+00  2.461018e+02 
    0.000   19.445999  0.000000e+00  2.460717e+02 
    0.000   19.549000  0.000000e+00  2.460418e+02 
    0.000   19.652000  0.000000e+00  2.460122e+02 
    0.000   19.754999  0.000000e+00  2.459816e+02 
    0.000   19.858000  0.000000e+00  2.459497e+02 
    0.000   19.960999  0.000000e+00  2.459172e+02 
    0.000   20.063999  0.000000e+00  2.458842e+02 
    0.000   20.362999  0.000000e+00  2.457865e+02 
    0.000   20.858999  0.000000e+00  2.456362e+02 
    0.000   21.354000  0.000000e+00  2.455131e+02 
    0.000   21.850000  0.000000e+00  2.454087e+02 
    0.000   22.345999  0.000000e+00  2.453125e+02 
    0.000   22.841999  0.000000e+00  2.452185e+02 
    0.000   23.337000  0.000000e+00  2.451252e+02 
    0.000   23.833000  0.000000e+00  2.450437e+02 
    0.000   24.328999  0.000000e+00  2.449896e+02 
    0.000   24.824999  0.000000e+00  2.449631e+02 
    0.000   25.320000  0.000000e+00  2.449549e+02 
    0.000   25.816000  0.000000e+00  2.449455e+02 
    0.000   26.312000  0.000000e+00  2.449334e+02 
    0.000   26.807999  0.000000e+00  2.449332e+02 
    0.000   27.302999  0.000000e+00  2.449456e+02 
    0.000   27.799000  0.000000e+00  2.449666e+02 
    0.000   28.295000  0.000000e+00  2.449952e+02 
    0.000   28.791000  0.000000e+00  2.450314e+02 
    0.000   29.285999  0.000000e+00  2.450697e+02 
    0.000   29.782000  0.000000e+00  2.451122e+02 
    0.000   30.278000  0.000000e+00  2.451624e+02 
    0.000   30.774000  0.000000e+00  2.452187e+02 
    0.000   31.268999  0.000000e+00  2.452764e+02 
    0.000   31.764999  0.000000e+00  2.453321e+02 
    0.000   32.260998  0.000000e+00  2.453870e+02 
    0.000   32.757000  0.000000e+00  2.454414e+02 
    0.000   33.251999  0.000000e+00  2.454954e+02 
    0.000   33.748001  0.000000e+00  2.455502e+02 
    0.000   34.243999  0.000000e+00  2.456062e+02 
    0.000   34.739998  0.000000e+00  2.456660e+02 
    0.000   35.235001  0.000000e+00  2.457289e+02 
    0.000   35.730999  0.000000e+00  2.457904e+02 
    0.000   36.227001  0.000000e+00  2.458497e+02 
    0.000   36.723000  0.000000e+00  2.459025e+02 
    0.000   37.217999  0.000000e+00  2.459496e+02 
    0.000   37.714001  0.000000e+00  2.459933e+02 
    0.000   38.209999  0.000000e+00  2.460345e+02 
    0.000   38.706001  0.000000e+00  2.460764e+02 
    0.000   39.201000  0.000000e+00  2.461197e+02 
    0.000   39.696999  0.000000e+00  2.461657e+02 
    0.000   40.196999  0.000000e+00  2.462150e+02 
    0.000   45.196999  0.000000e+00  2.466614e+02 
    0.000   50.196999  0.000000e+00  2.468850e+02 
    0.000   55.196999  0.000000e+00  2.468790e+02 
    0.000   60.196999  0.000000e+00  2.468122e+02 
    0.000   65.197006  0.000000e+00  2.467594e+02 
