   67.917    0.000000  6.039909e-12  6.846689e+00 
   67.917    0.102000  6.072065e-12  6.948156e+00 
   67.917    0.205000  6.104148e-12  7.052535e+00 
   67.917    0.308000  6.136145e-12  7.157450e+00 
   67.917    0.411000  6.168128e-12  7.262339e+00 
   67.917    0.514000  6.200122e-12  7.366937e+00 
   67.917    0.617000  6.232152e-12  7.471076e+00 
   67.917    0.720000  7.229594e-12  8.715131e+00 
   67.917    0.823000  9.242494e-12  1.068965e+01 
   67.917    0.926000  1.260475e-11  1.309993e+01 
   67.917    1.028000  1.794440e-11  1.577221e+01 
   67.917    1.131000  2.628639e-11  1.860351e+01 
   67.917    1.234000  3.950661e-11  2.157194e+01 
   67.917    1.337000  6.248579e-11  2.485055e+01 
   67.917    1.440000  1.034337e-10  2.839440e+01 
   67.917    1.543000  1.790813e-10  3.219579e+01 
   67.917    1.646000  3.228176e-10  3.622102e+01 
   67.917    1.749000  6.044144e-10  4.045233e+01 
   67.917    1.852000  7.934909e-08  6.242429e+01 
   67.917    1.954000  4.727013e-06  8.162655e+01 
   67.917    2.057000  1.384011e-04  9.867433e+01 
   67.917    2.160000  2.153743e-03  1.139955e+02 
   67.917    2.263000  2.055620e-02  1.283180e+02 
   67.917    2.366000  1.327630e-01  1.421342e+02 
   67.917    2.469000  6.058442e-01  1.555235e+02 
   67.917    2.572000  1.996418e+00  1.680726e+02 
   67.917    2.675000  2.101866e+00  1.684937e+02 
   67.917    2.778000  2.190596e+00  1.688424e+02 
   67.917    2.881000  2.250553e+00  1.690512e+02 
   67.917    2.983000  4.051159e+00  1.775546e+02 
   67.917    3.086000  8.864602e+00  1.898665e+02 
   67.917    3.189000  2.404114e+01  2.077866e+02 
   67.917    3.292000  7.814349e+01  2.328622e+02 
   67.917    3.395000  2.837518e+02  2.623842e+02 
   67.917    3.498000  2.859725e+02  2.623143e+02 
   67.917    3.601000  2.882116e+02  2.622983e+02 
   67.917    3.704000  2.903517e+02  2.623059e+02 
   67.917    3.807000  2.923650e+02  2.623265e+02 
   67.917    3.909000  2.942746e+02  2.623601e+02 
   67.917    4.012000  2.961864e+02  2.624132e+02 
   67.917    4.115000  2.981492e+02  2.624922e+02 
   67.917    4.218000  3.001747e+02  2.625973e+02 
   67.917    4.321000  3.022660e+02  2.627272e+02 
   67.917    4.424000  3.040179e+02  2.627920e+02 
   67.917    4.527000  3.065908e+02  2.629238e+02 
   67.917    4.630000  3.106041e+02  2.631614e+02 
   67.917    4.733000  3.158885e+02  2.634885e+02 
   67.917    4.835000  3.222803e+02  2.638900e+02 
   67.917    4.938000  3.288609e+02  2.643026e+02 
   67.917    5.041000  3.346423e+02  2.646633e+02 
   67.917    5.144000  3.381711e+02  2.648846e+02 
   67.917    5.247000  3.406823e+02  2.650471e+02 
   67.917    5.350000  3.432234e+02  2.652173e+02 
   67.917    5.453000  3.458320e+02  2.653967e+02 
   67.917    5.556000  3.486254e+02  2.655920e+02 
   67.917    5.659000  3.513322e+02  2.657855e+02 
   67.917    5.761000  3.536022e+02  2.659546e+02 
   67.917    5.864000  3.557379e+02  2.661191e+02 
   67.917    5.967000  3.578743e+02  2.662871e+02 
   67.917    6.070000  3.606316e+02  2.664974e+02 
   67.917    6.173000  3.634353e+02  2.667128e+02 
   67.917    6.276000  3.664529e+02  2.669428e+02 
   67.917    6.379000  3.692805e+02  2.671616e+02 
   67.917    6.482000  3.720805e+02  2.673791e+02 
   67.917    6.585000  3.747721e+02  2.675901e+02 
   67.917    6.687000  3.775501e+02  2.678053e+02 
   67.917    6.790000  3.802926e+02  2.680181e+02 
   67.917    6.893000  3.830214e+02  2.682289e+02 
   67.917    6.996000  3.857386e+02  2.684376e+02 
   67.917    7.099000  3.884854e+02  2.686470e+02 
   67.917    7.202000  3.914739e+02  2.688712e+02 
   67.917    7.305000  3.946688e+02  2.691096e+02 
   67.917    7.408000  3.972848e+02  2.693154e+02 
   67.917    7.511000  3.999737e+02  2.695281e+02 
   67.917    7.613000  4.023498e+02  2.697259e+02 
   67.917    7.716000  4.046186e+02  2.699198e+02 
   67.917    7.819000  4.070305e+02  2.701213e+02 
   67.917    7.922000  4.092527e+02  2.703115e+02 
   67.917    8.025001  4.114396e+02  2.704987e+02 
   67.917    8.128000  4.136992e+02  2.706880e+02 
   67.917    8.231001  4.158408e+02  2.708692e+02 
   67.917    8.334001  4.179100e+02  2.710449e+02 
   67.917    8.437000  4.199605e+02  2.712184e+02 
   67.917    8.539001  4.219773e+02  2.713881e+02 
   67.917    8.642000  4.240074e+02  2.715575e+02 
   67.917    8.745001  4.260865e+02  2.717277e+02 
   67.917    8.848001  4.280967e+02  2.718895e+02 
   67.917    8.951000  4.305049e+02  2.720695e+02 
   67.917    9.054001  4.325365e+02  2.722277e+02 
   67.917    9.157001  4.349242e+02  2.724014e+02 
   67.917    9.260000  4.362676e+02  2.725573e+02 
   67.917    9.363001  4.375213e+02  2.727022e+02 
   67.917    9.466001  4.387492e+02  2.728420e+02 
   67.917    9.568001  4.399449e+02  2.729802e+02 
   67.917    9.671000  4.411701e+02  2.731189e+02 
   67.917    9.774000  4.424187e+02  2.732574e+02 
   67.917    9.877001  4.436883e+02  2.733957e+02 
   67.917    9.980000  4.449354e+02  2.735299e+02 
   67.917   10.083000  4.456606e+02  2.736196e+02 
   67.917   10.186001  4.467197e+02  2.737482e+02 
   67.917   10.289001  4.471841e+02  2.738053e+02 
   67.917   10.392000  4.476445e+02  2.738619e+02 
   67.917   10.494000  4.480930e+02  2.739169e+02 
   67.917   10.597000  4.485546e+02  2.739734e+02 
   67.917   10.700001  4.489879e+02  2.740263e+02 
   67.917   10.803000  4.494157e+02  2.740783e+02 
   67.917   10.906000  4.498383e+02  2.741295e+02 
   67.917   11.009001  4.502555e+02  2.741800e+02 
   67.917   11.112000  4.506674e+02  2.742298e+02 
   67.917   11.215000  4.510738e+02  2.742790e+02 
   67.917   11.318001  4.514748e+02  2.743276e+02 
   67.917   11.420000  4.518665e+02  2.743753e+02 
   67.917   11.523001  4.522567e+02  2.744229e+02 
   67.917   11.626000  4.526414e+02  2.744700e+02 
   67.917   11.729000  4.530206e+02  2.745167e+02 
   67.917   11.832001  4.533943e+02  2.745628e+02 
   67.917   11.935000  4.537624e+02  2.746085e+02 
   67.917   12.038000  4.541254e+02  2.746535e+02 
   67.917   12.141001  4.544832e+02  2.746980e+02 
   67.917   12.244000  4.548361e+02  2.747419e+02 
   67.917   12.346001  4.551806e+02  2.747848e+02 
   67.917   12.449000  4.555239e+02  2.748275e+02 
   67.917   12.552000  4.558625e+02  2.748695e+02 
   67.917   12.655001  4.561967e+02  2.749109e+02 
   67.917   12.758000  4.565267e+02  2.749516e+02 
   67.917   12.861000  4.568529e+02  2.749917e+02 
   67.917   12.964001  4.571753e+02  2.750310e+02 
   67.917   13.067000  4.574939e+02  2.750696e+02 
   67.917   13.170000  4.578088e+02  2.751075e+02 
   67.917   13.272000  4.581171e+02  2.751443e+02 
   67.917   13.375000  4.584248e+02  2.751806e+02 
   67.917   13.478001  4.587290e+02  2.752161e+02 
   67.917   13.581000  4.590298e+02  2.752507e+02 
   67.917   13.684000  4.593274e+02  2.752844e+02 
   67.917   13.787001  4.596218e+02  2.753172e+02 
   67.917   13.890000  4.599131e+02  2.753490e+02 
   67.917   13.993000  4.602011e+02  2.753798e+02 
   67.917   14.096001  4.604862e+02  2.754097e+02 
   67.917   14.199000  4.607682e+02  2.754386e+02 
   67.917   14.301001  4.610442e+02  2.754664e+02 
   67.917   14.404000  4.613197e+02  2.754937e+02 
   67.917   14.507000  4.615919e+02  2.755204e+02 
   67.917   14.610001  4.618609e+02  2.755463e+02 
   67.917   14.713000  4.621265e+02  2.755717e+02 
   67.917   14.816000  4.623888e+02  2.755966e+02 
   67.917   14.919001  4.626478e+02  2.756209e+02 
   67.917   15.022000  4.629036e+02  2.756447e+02 
   67.917   15.125000  4.631562e+02  2.756680e+02 
   67.917   15.227000  4.634033e+02  2.756906e+02 
   67.917   15.330001  4.636497e+02  2.757129e+02 
   67.917   15.433001  4.638931e+02  2.757347e+02 
   67.917   15.536000  4.641334e+02  2.757561e+02 
   67.917   15.639001  4.643708e+02  2.757770e+02 
   67.917   15.742001  4.646052e+02  2.757974e+02 
   67.917   15.845000  4.648369e+02  2.758173e+02 
   67.917   15.948001  4.650659e+02  2.758368e+02 
   67.917   16.050999  4.652924e+02  2.758558e+02 
   67.917   16.153000  4.655143e+02  2.758741e+02 
   67.917   16.255999  4.657360e+02  2.758922e+02 
   67.917   16.358999  4.659554e+02  2.759096e+02 
   67.917   16.462000  4.661725e+02  2.759266e+02 
   67.917   16.564999  4.663875e+02  2.759430e+02 
   67.917   16.667999  4.666003e+02  2.759588e+02 
   67.917   16.771000  4.668112e+02  2.759740e+02 
   67.917   16.873999  4.670204e+02  2.759884e+02 
   67.917   16.976999  4.672278e+02  2.760021e+02 
   67.917   17.078999  4.674317e+02  2.760149e+02 
   67.917   17.181999  4.676363e+02  2.760268e+02 
   67.917   17.285000  4.678398e+02  2.760377e+02 
   67.917   17.387999  4.680419e+02  2.760478e+02 
   67.917   17.490999  4.682428e+02  2.760569e+02 
   67.917   17.594000  4.684425e+02  2.760652e+02 
   67.917   17.696999  4.686409e+02  2.760726e+02 
   67.917   17.799999  4.688379e+02  2.760793e+02 
   67.917   17.903000  4.690332e+02  2.760855e+02 
   67.917   18.004999  4.692251e+02  2.760910e+02 
   67.917   18.108000  4.694172e+02  2.760961e+02 
   67.917   18.210999  4.696077e+02  2.761006e+02 
   67.917   18.313999  4.697966e+02  2.761046e+02 
   67.917   18.417000  4.699839e+02  2.761080e+02 
   67.917   18.519999  4.701696e+02  2.761110e+02 
   67.917   18.622999  4.703538e+02  2.761135e+02 
   67.917   18.726000  4.705366e+02  2.761154e+02 
   67.917   18.828999  4.707178e+02  2.761169e+02 
   67.917   18.931999  4.708975e+02  2.761178e+02 
   67.917   19.034000  4.710741e+02  2.761183e+02 
   67.917   19.136999  4.712510e+02  2.761183e+02 
   67.917   19.240000  4.714267e+02  2.761179e+02 
   67.917   19.343000  4.716010e+02  2.761171e+02 
   67.917   19.445999  4.717740e+02  2.761158e+02 
   67.917   19.549000  4.719458e+02  2.761140e+02 
   67.917   19.652000  4.721162e+02  2.761118e+02 
   67.917   19.754999  4.722854e+02  2.761092e+02 
   67.917   19.858000  4.724535e+02  2.761061e+02 
   67.917   19.959999  4.726186e+02  2.761027e+02 
   67.917   20.063000  4.727845e+02  2.760986e+02 
   67.917   20.362999  4.732621e+02  2.760838e+02 
   67.917   20.858000  4.740274e+02  2.760527e+02 
   67.917   21.354000  4.747659e+02  2.760140e+02 
   67.917   21.850000  4.754752e+02  2.759696e+02 
   67.917   22.345999  4.761482e+02  2.759243e+02 
   67.917   22.841000  4.767783e+02  2.758823e+02 
   67.917   23.337000  4.773665e+02  2.758447e+02 
   67.917   23.833000  4.779168e+02  2.758099e+02 
   67.917   24.328999  4.784354e+02  2.757757e+02 
   67.917   24.823999  4.789226e+02  2.757422e+02 
   67.917   25.320000  4.793785e+02  2.757108e+02 
   67.917   25.816000  4.798037e+02  2.756815e+02 
   67.917   26.312000  4.802014e+02  2.756537e+02 
   67.917   26.806999  4.805728e+02  2.756270e+02 
   67.917   27.302999  4.809205e+02  2.756014e+02 
   67.917   27.799000  4.812453e+02  2.755769e+02 
   67.917   28.295000  4.815493e+02  2.755532e+02 
   67.917   28.789999  4.818348e+02  2.755298e+02 
   67.917   29.285999  4.821051e+02  2.755065e+02 
   67.917   29.782000  4.823616e+02  2.754831e+02 
   67.917   30.278000  4.826057e+02  2.754596e+02 
   67.917   30.772999  4.828388e+02  2.754361e+02 
   67.917   31.268999  4.830634e+02  2.754125e+02 
   67.917   31.764999  4.832806e+02  2.753891e+02 
   67.917   32.260998  4.834928e+02  2.753656e+02 
   67.917   32.756001  4.837013e+02  2.753424e+02 
   67.917   33.251999  4.839086e+02  2.753195e+02 
   67.917   33.748001  4.841158e+02  2.752974e+02 
   67.917   34.243999  4.843241e+02  2.752762e+02 
   67.917   34.738998  4.845348e+02  2.752563e+02 
   67.917   35.235001  4.847499e+02  2.752375e+02 
   67.917   35.730999  4.849703e+02  2.752199e+02 
   67.917   36.227001  4.851963e+02  2.752034e+02 
   67.917   36.722000  4.854275e+02  2.751880e+02 
   67.917   37.217999  4.856646e+02  2.751736e+02 
   67.917   37.714001  4.859059e+02  2.751602e+02 
   67.917   38.209999  4.861504e+02  2.751477e+02 
   67.917   38.704998  4.863955e+02  2.751362e+02 
   67.917   39.201000  4.866407e+02  2.751257e+02 
   67.917   39.696999  4.868830e+02  2.751162e+02 
   67.917   40.196999  4.871194e+02  2.751089e+02 
   67.917   45.196999  4.889830e+02  2.750812e+02 
   67.917   50.196999  4.896912e+02  2.750809e+02 
   67.917   55.196999  4.899384e+02  2.750854e+02 
   67.917   60.196999  4.906739e+02  2.750895e+02 
   67.917   65.197006  4.919043e+02  2.750925e+02 
