    0.000    0.000000  0.000000e+00  3.491266e+02 
    0.000    0.102000  0.000000e+00  3.482254e+02 
    0.000    0.205000  0.000000e+00  3.469653e+02 
    0.000    0.308000  0.000000e+00  3.456357e+02 
    0.000    0.411000  0.000000e+00  3.440982e+02 
    0.000    0.514000  0.000000e+00  3.425410e+02 
    0.000    0.617000  0.000000e+00  3.409475e+02 
    0.000    0.720000  0.000000e+00  3.393372e+02 
    0.000    0.823000  0.000000e+00  3.377461e+02 
    0.000    0.926000  0.000000e+00  3.361466e+02 
    0.000    1.028000  0.000000e+00  3.345804e+02 
    0.000    1.131000  0.000000e+00  3.331057e+02 
    0.000    1.234000  0.000000e+00  3.314608e+02 
    0.000    1.337000  0.000000e+00  3.300175e+02 
    0.000    1.440000  0.000000e+00  3.284739e+02 
    0.000    1.543000  0.000000e+00  3.267777e+02 
    0.000    1.646000  0.000000e+00  3.250062e+02 
    0.000    1.749000  0.000000e+00  3.235260e+02 
    0.000    1.852000  0.000000e+00  3.223967e+02 
    0.000    1.954000  0.000000e+00  3.212250e+02 
    0.000    2.057000  0.000000e+00  3.199677e+02 
    0.000    2.160000  0.000000e+00  3.184802e+02 
    0.000    2.263000  0.000000e+00  3.169597e+02 
    0.000    2.366000  0.000000e+00  3.155091e+02 
    0.000    2.469000  0.000000e+00  3.141133e+02 
    0.000    2.572000  0.000000e+00  3.127626e+02 
    0.000    2.675000  0.000000e+00  3.114002e+02 
    0.000    2.778000  0.000000e+00  3.100009e+02 
    0.000    2.880000  0.000000e+00  3.086153e+02 
    0.000    2.983000  0.000000e+00  3.072486e+02 
    0.000    3.086000  0.000000e+00  3.058990e+02 
    0.000    3.189000  0.000000e+00  3.045382e+02 
    0.000    3.292000  0.000000e+00  3.031804e+02 
    0.000    3.395000  0.000000e+00  3.018277e+02 
    0.000    3.498000  0.000000e+00  3.004858e+02 
    0.000    3.601000  0.000000e+00  2.991623e+02 
    0.000    3.704000  0.000000e+00  2.978601e+02 
    0.000    3.807000  0.000000e+00  2.965735e+02 
    0.000    3.909000  0.000000e+00  2.952841e+02 
    0.000    4.012000  0.000000e+00  2.939840e+02 
    0.000    4.115000  0.000000e+00  2.926932e+02 
    0.000    4.218000  0.000000e+00  2.914145e+02 
    0.000    4.321000  0.000000e+00  2.901521e+02 
    0.000    4.424000  0.000000e+00  2.889059e+02 
    0.000    4.527000  0.000000e+00  2.876807e+02 
    0.000    4.630000  0.000000e+00  2.864714e+02 
    0.000    4.733000  0.000000e+00  2.852613e+02 
    0.000    4.835000  0.000000e+00  2.840718e+02 
    0.000    4.938000  0.000000e+00  2.828823e+02 
    0.000    5.041000  0.000000e+00  2.817024e+02 
    0.000    5.144000  0.000000e+00  2.805399e+02 
    0.000    5.247000  0.000000e+00  2.793931e+02 
    0.000    5.350000  0.000000e+00  2.782643e+02 
    0.000    5.453000  0.000000e+00  2.771554e+02 
    0.000    5.556000  0.000000e+00  2.760584e+02 
    0.000    5.659000  0.000000e+00  2.749791e+02 
    0.000    5.761000  0.000000e+00  2.739290e+02 
    0.000    5.864000  0.000000e+00  2.728935e+02 
    0.000    5.967000  0.000000e+00  2.718835e+02 
    0.000    6.070000  0.000000e+00  2.709009e+02 
    0.000    6.173000  0.000000e+00  2.699453e+02 
    0.000    6.276000  0.000000e+00  2.690152e+02 
    0.000    6.379000  0.000000e+00  2.681041e+02 
    0.000    6.482000  0.000000e+00  2.672122e+02 
    0.000    6.585000  0.000000e+00  2.663429e+02 
    0.000    6.687000  0.000000e+00  2.655120e+02 
    0.000    6.790000  0.000000e+00  2.646990e+02 
    0.000    6.893000  0.000000e+00  2.639477e+02 
    0.000    6.996000  0.000000e+00  2.632789e+02 
    0.000    7.099000  0.000000e+00  2.626673e+02 
    0.000    7.202000  0.000000e+00  2.621702e+02 
    0.000    7.305000  0.000000e+00  2.617753e+02 
    0.000    7.408000  0.000000e+00  2.614471e+02 
    0.000    7.511000  0.000000e+00  2.612372e+02 
    0.000    7.613000  0.000000e+00  2.611084e+02 
    0.000    7.716000  0.000000e+00  2.610183e+02 
    0.000    7.819000  0.000000e+00  2.609497e+02 
    0.000    7.922000  0.000000e+00  2.608983e+02 
    0.000    8.025001  0.000000e+00  2.608338e+02 
    0.000    8.128000  0.000000e+00  2.607334e+02 
    0.000    8.231001  0.000000e+00  2.606133e+02 
    0.000    8.334001  0.000000e+00  2.420132e+02 
    0.000    8.437000  0.000000e+00  2.411051e+02 
    0.000    8.539001  0.000000e+00  2.408897e+02 
    0.000    8.642000  0.000000e+00  2.407541e+02 
    0.000    8.745001  0.000000e+00  2.406169e+02 
    0.000    8.848001  0.000000e+00  2.404780e+02 
    0.000    8.951000  0.000000e+00  2.403429e+02 
    0.000    9.054001  0.000000e+00  2.402101e+02 
    0.000    9.157001  0.000000e+00  2.400807e+02 
    0.000    9.260000  0.000000e+00  2.399732e+02 
    0.000    9.363001  0.000000e+00  2.398813e+02 
    0.000    9.465000  0.000000e+00  2.397998e+02 
    0.000    9.568001  0.000000e+00  2.397279e+02 
    0.000    9.671000  0.000000e+00  2.396641e+02 
    0.000    9.774000  0.000000e+00  2.396073e+02 
    0.000    9.877001  0.000000e+00  2.395588e+02 
    0.000    9.980000  0.000000e+00  2.395167e+02 
    0.000   10.083000  0.000000e+00  2.394749e+02 
    0.000   10.186001  0.000000e+00  2.394252e+02 
    0.000   10.289001  0.000000e+00  2.393710e+02 
    0.000   10.392000  0.000000e+00  2.393188e+02 
    0.000   10.494000  0.000000e+00  2.392757e+02 
    0.000   10.597000  0.000000e+00  2.392387e+02 
    0.000   10.700001  0.000000e+00  2.392015e+02 
    0.000   10.803000  0.000000e+00  2.391553e+02 
    0.000   10.906000  0.000000e+00  2.391033e+02 
    0.000   11.009001  0.000000e+00  2.390465e+02 
    0.000   11.112000  0.000000e+00  2.389796e+02 
    0.000   11.215000  0.000000e+00  2.389060e+02 
    0.000   11.318001  0.000000e+00  2.388285e+02 
    0.000   11.420000  0.000000e+00  2.387475e+02 
    0.000   11.523001  0.000000e+00  2.386629e+02 
    0.000   11.626000  0.000000e+00  2.385765e+02 
    0.000   11.729000  0.000000e+00  2.384882e+02 
    0.000   11.832001  0.000000e+00  2.383985e+02 
    0.000   11.935000  0.000000e+00  2.383081e+02 
    0.000   12.038000  0.000000e+00  2.382178e+02 
    0.000   12.141001  0.000000e+00  2.381276e+02 
    0.000   12.244000  0.000000e+00  2.380377e+02 
    0.000   12.346001  0.000000e+00  2.379533e+02 
    0.000   12.449000  0.000000e+00  2.378726e+02 
    0.000   12.552000  0.000000e+00  2.377948e+02 
    0.000   12.655001  0.000000e+00  2.377208e+02 
    0.000   12.758000  0.000000e+00  2.376504e+02 
    0.000   12.861000  0.000000e+00  2.375828e+02 
    0.000   12.964001  0.000000e+00  2.375179e+02 
    0.000   13.067000  0.000000e+00  2.374559e+02 
    0.000   13.170000  0.000000e+00  2.373961e+02 
    0.000   13.272000  0.000000e+00  2.373383e+02 
    0.000   13.375000  0.000000e+00  2.372807e+02 
    0.000   13.478001  0.000000e+00  2.372240e+02 
    0.000   13.581000  0.000000e+00  2.371681e+02 
    0.000   13.684000  0.000000e+00  2.371120e+02 
    0.000   13.787001  0.000000e+00  2.370558e+02 
    0.000   13.890000  0.000000e+00  2.370001e+02 
    0.000   13.993000  0.000000e+00  2.369458e+02 
    0.000   14.096001  0.000000e+00  2.368932e+02 
    0.000   14.198001  0.000000e+00  2.368422e+02 
    0.000   14.301001  0.000000e+00  2.367926e+02 
    0.000   14.404000  0.000000e+00  2.367453e+02 
    0.000   14.507000  0.000000e+00  2.366997e+02 
    0.000   14.610001  0.000000e+00  2.366550e+02 
    0.000   14.713000  0.000000e+00  2.366098e+02 
    0.000   14.816000  0.000000e+00  2.365644e+02 
    0.000   14.919001  0.000000e+00  2.365192e+02 
    0.000   15.022000  0.000000e+00  2.364740e+02 
    0.000   15.124001  0.000000e+00  2.364292e+02 
    0.000   15.227000  0.000000e+00  2.363843e+02 
    0.000   15.330001  0.000000e+00  2.363386e+02 
    0.000   15.433001  0.000000e+00  2.362914e+02 
    0.000   15.536000  0.000000e+00  2.362434e+02 
    0.000   15.639001  0.000000e+00  2.361956e+02 
    0.000   15.742001  0.000000e+00  2.361501e+02 
    0.000   15.845000  0.000000e+00  2.361064e+02 
    0.000   15.948001  0.000000e+00  2.360640e+02 
    0.000   16.050999  0.000000e+00  2.360237e+02 
    0.000   16.153000  0.000000e+00  2.359859e+02 
    0.000   16.255999  0.000000e+00  2.359492e+02 
    0.000   16.358999  0.000000e+00  2.359122e+02 
    0.000   16.462000  0.000000e+00  2.358725e+02 
    0.000   16.564999  0.000000e+00  2.358309e+02 
    0.000   16.667999  0.000000e+00  2.357884e+02 
    0.000   16.771000  0.000000e+00  2.357454e+02 
    0.000   16.873999  0.000000e+00  2.357021e+02 
    0.000   16.976999  0.000000e+00  2.356587e+02 
    0.000   17.078999  0.000000e+00  2.356158e+02 
    0.000   17.181999  0.000000e+00  2.355725e+02 
    0.000   17.285000  0.000000e+00  2.355295e+02 
    0.000   17.387999  0.000000e+00  2.354865e+02 
    0.000   17.490999  0.000000e+00  2.354440e+02 
    0.000   17.594000  0.000000e+00  2.354018e+02 
    0.000   17.696999  0.000000e+00  2.353599e+02 
    0.000   17.799999  0.000000e+00  2.353188e+02 
    0.000   17.903000  0.000000e+00  2.352789e+02 
    0.000   18.004999  0.000000e+00  2.352406e+02 
    0.000   18.108000  0.000000e+00  2.352026e+02 
    0.000   18.210999  0.000000e+00  2.351663e+02 
    0.000   18.313999  0.000000e+00  2.351317e+02 
    0.000   18.417000  0.000000e+00  2.350983e+02 
    0.000   18.519999  0.000000e+00  2.350660e+02 
    0.000   18.622999  0.000000e+00  2.350344e+02 
    0.000   18.726000  0.000000e+00  2.350035e+02 
    0.000   18.828999  0.000000e+00  2.349733e+02 
    0.000   18.931000  0.000000e+00  2.349441e+02 
    0.000   19.034000  0.000000e+00  2.349155e+02 
    0.000   19.136999  0.000000e+00  2.348875e+02 
    0.000   19.240000  0.000000e+00  2.348603e+02 
    0.000   19.343000  0.000000e+00  2.348327e+02 
    0.000   19.445999  0.000000e+00  2.348045e+02 
    0.000   19.549000  0.000000e+00  2.347760e+02 
    0.000   19.652000  0.000000e+00  2.347474e+02 
    0.000   19.754999  0.000000e+00  2.347181e+02 
    0.000   19.857000  0.000000e+00  2.346883e+02 
    0.000   19.959999  0.000000e+00  2.346577e+02 
    0.000   20.063000  0.000000e+00  2.346269e+02 
    0.000   20.362999  0.000000e+00  2.345377e+02 
    0.000   20.858000  0.000000e+00  2.344009e+02 
    0.000   21.354000  0.000000e+00  2.342889e+02 
    0.000   21.850000  0.000000e+00  2.341962e+02 
    0.000   22.345999  0.000000e+00  2.341076e+02 
    0.000   22.841000  0.000000e+00  2.340171e+02 
    0.000   23.337000  0.000000e+00  2.339281e+02 
    0.000   23.833000  0.000000e+00  2.338533e+02 
    0.000   24.328999  0.000000e+00  2.338047e+02 
    0.000   24.823999  0.000000e+00  2.337827e+02 
    0.000   25.320000  0.000000e+00  2.337781e+02 
    0.000   25.816000  0.000000e+00  2.337708e+02 
    0.000   26.312000  0.000000e+00  2.337657e+02 
    0.000   26.806999  0.000000e+00  2.337700e+02 
    0.000   27.302999  0.000000e+00  2.337816e+02 
    0.000   27.799000  0.000000e+00  2.338013e+02 
    0.000   28.295000  0.000000e+00  2.338318e+02 
    0.000   28.789999  0.000000e+00  2.338679e+02 
    0.000   29.285999  0.000000e+00  2.339078e+02 
    0.000   29.782000  0.000000e+00  2.339528e+02 
    0.000   30.278000  0.000000e+00  2.340042e+02 
    0.000   30.772999  0.000000e+00  2.340591e+02 
    0.000   31.268999  0.000000e+00  2.341159e+02 
    0.000   31.764999  0.000000e+00  2.341732e+02 
    0.000   32.260998  0.000000e+00  2.342314e+02 
    0.000   32.756001  0.000000e+00  2.342894e+02 
    0.000   33.251999  0.000000e+00  2.343459e+02 
    0.000   33.748001  0.000000e+00  2.344019e+02 
    0.000   34.243999  0.000000e+00  2.344584e+02 
    0.000   34.738998  0.000000e+00  2.345179e+02 
    0.000   35.235001  0.000000e+00  2.345802e+02 
    0.000   35.730999  0.000000e+00  2.346408e+02 
    0.000   36.227001  0.000000e+00  2.346992e+02 
    0.000   36.722000  0.000000e+00  2.347518e+02 
    0.000   37.217999  0.000000e+00  2.347995e+02 
    0.000   37.714001  0.000000e+00  2.348437e+02 
    0.000   38.209999  0.000000e+00  2.348852e+02 
    0.000   38.704998  0.000000e+00  2.349269e+02 
    0.000   39.201000  0.000000e+00  2.349698e+02 
    0.000   39.696999  0.000000e+00  2.350158e+02 
    0.000   40.196999  0.000000e+00  2.350663e+02 
    0.000   45.196999  0.000000e+00  2.355151e+02 
    0.000   50.196999  0.000000e+00  2.357406e+02 
    0.000   55.196999  0.000000e+00  2.357341e+02 
    0.000   60.196999  0.000000e+00  2.356670e+02 
    0.000   65.197006  0.000000e+00  2.356146e+02 
