    0.000    0.000000  0.000000e+00  3.523399e+02 
    0.000    0.103000  0.000000e+00  3.515915e+02 
    0.000    0.206000  0.000000e+00  3.502389e+02 
    0.000    0.309000  0.000000e+00  3.486766e+02 
    0.000    0.411000  0.000000e+00  3.471081e+02 
    0.000    0.514000  0.000000e+00  3.454759e+02 
    0.000    0.617000  0.000000e+00  3.422977e+02 
    0.000    0.720000  0.000000e+00  3.384069e+02 
    0.000    0.823000  0.000000e+00  3.342726e+02 
    0.000    0.926000  0.000000e+00  3.301062e+02 
    0.000    1.029000  0.000000e+00  3.260694e+02 
    0.000    1.132000  0.000000e+00  3.222394e+02 
    0.000    1.235000  0.000000e+00  3.187818e+02 
    0.000    1.337000  0.000000e+00  3.157964e+02 
    0.000    1.440000  0.000000e+00  3.131518e+02 
    0.000    1.543000  0.000000e+00  3.107556e+02 
    0.000    1.646000  0.000000e+00  3.083737e+02 
    0.000    1.749000  0.000000e+00  3.057415e+02 
    0.000    1.852000  0.000000e+00  3.034063e+02 
    0.000    1.955000  0.000000e+00  3.011569e+02 
    0.000    2.058000  0.000000e+00  2.987184e+02 
    0.000    2.161000  0.000000e+00  2.955185e+02 
    0.000    2.263000  0.000000e+00  2.948221e+02 
    0.000    2.366000  0.000000e+00  2.939666e+02 
    0.000    2.469000  0.000000e+00  2.930098e+02 
    0.000    2.572000  0.000000e+00  2.919685e+02 
    0.000    2.675000  0.000000e+00  2.908499e+02 
    0.000    2.778000  0.000000e+00  2.896594e+02 
    0.000    2.881000  0.000000e+00  2.884401e+02 
    0.000    2.984000  0.000000e+00  2.872196e+02 
    0.000    3.087000  0.000000e+00  2.860018e+02 
    0.000    3.189000  0.000000e+00  2.847997e+02 
    0.000    3.292000  0.000000e+00  2.835968e+02 
    0.000    3.395000  0.000000e+00  2.823928e+02 
    0.000    3.498000  0.000000e+00  2.811901e+02 
    0.000    3.601000  0.000000e+00  2.799767e+02 
    0.000    3.704000  0.000000e+00  2.787452e+02 
    0.000    3.807000  0.000000e+00  2.775107e+02 
    0.000    3.910000  0.000000e+00  2.762740e+02 
    0.000    4.013000  0.000000e+00  2.750418e+02 
    0.000    4.116000  0.000000e+00  2.738145e+02 
    0.000    4.218000  0.000000e+00  2.726001e+02 
    0.000    4.321000  0.000000e+00  2.713876e+02 
    0.000    4.424000  0.000000e+00  2.701796e+02 
    0.000    4.527000  0.000000e+00  2.689806e+02 
    0.000    4.630000  0.000000e+00  2.677974e+02 
    0.000    4.733000  0.000000e+00  2.666360e+02 
    0.000    4.836000  0.000000e+00  2.654955e+02 
    0.000    4.939000  0.000000e+00  2.643582e+02 
    0.000    5.042000  0.000000e+00  2.632167e+02 
    0.000    5.144000  0.000000e+00  2.620917e+02 
    0.000    5.247000  0.000000e+00  2.609648e+02 
    0.000    5.350000  0.000000e+00  2.598504e+02 
    0.000    5.453000  0.000000e+00  2.587525e+02 
    0.000    5.556000  0.000000e+00  2.576713e+02 
    0.000    5.659000  0.000000e+00  2.566085e+02 
    0.000    5.762000  0.000000e+00  2.555645e+02 
    0.000    5.865000  0.000000e+00  2.545386e+02 
    0.000    5.968000  0.000000e+00  2.535330e+02 
    0.000    6.070000  0.000000e+00  2.525516e+02 
    0.000    6.173000  0.000000e+00  2.515308e+02 
    0.000    6.276000  0.000000e+00  2.504166e+02 
    0.000    6.379000  0.000000e+00  2.491499e+02 
    0.000    6.482000  0.000000e+00  2.476044e+02 
    0.000    6.585000  0.000000e+00  2.457585e+02 
    0.000    6.688000  0.000000e+00  2.437863e+02 
    0.000    6.791000  0.000000e+00  2.418614e+02 
    0.000    6.894000  0.000000e+00  2.402160e+02 
    0.000    6.996000  0.000000e+00  2.393973e+02 
    0.000    7.099000  0.000000e+00  2.385935e+02 
    0.000    7.202000  0.000000e+00  2.378891e+02 
    0.000    7.305000  0.000000e+00  2.372543e+02 
    0.000    7.408000  0.000000e+00  2.367492e+02 
    0.000    7.511000  0.000000e+00  2.364154e+02 
    0.000    7.614000  0.000000e+00  2.362011e+02 
    0.000    7.717000  0.000000e+00  2.360247e+02 
    0.000    7.820000  0.000000e+00  2.358570e+02 
    0.000    7.921999  0.000000e+00  2.357050e+02 
    0.000    8.025001  0.000000e+00  2.355739e+02 
    0.000    8.128000  0.000000e+00  2.354526e+02 
    0.000    8.231000  0.000000e+00  2.353384e+02 
    0.000    8.334001  0.000000e+00  2.352222e+02 
    0.000    8.437000  0.000000e+00  2.350898e+02 
    0.000    8.540000  0.000000e+00  2.349328e+02 
    0.000    8.643001  0.000000e+00  2.347711e+02 
    0.000    8.746000  0.000000e+00  2.345929e+02 
    0.000    8.848001  0.000000e+00  2.344106e+02 
    0.000    8.951000  0.000000e+00  2.342159e+02 
    0.000    9.054000  0.000000e+00  2.340986e+02 
    0.000    9.157001  0.000000e+00  2.339796e+02 
    0.000    9.260000  0.000000e+00  2.338672e+02 
    0.000    9.363000  0.000000e+00  2.337594e+02 
    0.000    9.466001  0.000000e+00  2.336561e+02 
    0.000    9.569000  0.000000e+00  2.335666e+02 
    0.000    9.672000  0.000000e+00  2.334871e+02 
    0.000    9.775001  0.000000e+00  2.334171e+02 
    0.000    9.877000  0.000000e+00  2.333647e+02 
    0.000    9.980000  0.000000e+00  2.333243e+02 
    0.000   10.083000  0.000000e+00  2.332890e+02 
    0.000   10.186000  0.000000e+00  2.332522e+02 
    0.000   10.289001  0.000000e+00  2.332153e+02 
    0.000   10.392000  0.000000e+00  2.331766e+02 
    0.000   10.495000  0.000000e+00  2.331301e+02 
    0.000   10.598001  0.000000e+00  2.330788e+02 
    0.000   10.701000  0.000000e+00  2.330256e+02 
    0.000   10.803000  0.000000e+00  2.329711e+02 
    0.000   10.906000  0.000000e+00  2.329152e+02 
    0.000   11.009000  0.000000e+00  2.328572e+02 
    0.000   11.112000  0.000000e+00  2.327914e+02 
    0.000   11.215000  0.000000e+00  2.327204e+02 
    0.000   11.318000  0.000000e+00  2.326463e+02 
    0.000   11.421000  0.000000e+00  2.325676e+02 
    0.000   11.524000  0.000000e+00  2.324857e+02 
    0.000   11.627000  0.000000e+00  2.324026e+02 
    0.000   11.729000  0.000000e+00  2.323237e+02 
    0.000   11.832001  0.000000e+00  2.322468e+02 
    0.000   11.935000  0.000000e+00  2.321714e+02 
    0.000   12.038000  0.000000e+00  2.320974e+02 
    0.000   12.141001  0.000000e+00  2.320244e+02 
    0.000   12.244000  0.000000e+00  2.319525e+02 
    0.000   12.347000  0.000000e+00  2.318801e+02 
    0.000   12.450001  0.000000e+00  2.318073e+02 
    0.000   12.553000  0.000000e+00  2.317345e+02 
    0.000   12.655001  0.000000e+00  2.316622e+02 
    0.000   12.758000  0.000000e+00  2.315893e+02 
    0.000   12.861000  0.000000e+00  2.315166e+02 
    0.000   12.964001  0.000000e+00  2.314450e+02 
    0.000   13.067000  0.000000e+00  2.313753e+02 
    0.000   13.170000  0.000000e+00  2.313069e+02 
    0.000   13.273001  0.000000e+00  2.312403e+02 
    0.000   13.376000  0.000000e+00  2.311765e+02 
    0.000   13.479000  0.000000e+00  2.311151e+02 
    0.000   13.581000  0.000000e+00  2.310558e+02 
    0.000   13.684000  0.000000e+00  2.309982e+02 
    0.000   13.787001  0.000000e+00  2.309425e+02 
    0.000   13.890000  0.000000e+00  2.308881e+02 
    0.000   13.993000  0.000000e+00  2.308373e+02 
    0.000   14.096001  0.000000e+00  2.307898e+02 
    0.000   14.199000  0.000000e+00  2.307448e+02 
    0.000   14.302000  0.000000e+00  2.307021e+02 
    0.000   14.405001  0.000000e+00  2.306618e+02 
    0.000   14.508000  0.000000e+00  2.306234e+02 
    0.000   14.610001  0.000000e+00  2.305864e+02 
    0.000   14.713000  0.000000e+00  2.305480e+02 
    0.000   14.816000  0.000000e+00  2.305089e+02 
    0.000   14.919001  0.000000e+00  2.304701e+02 
    0.000   15.022000  0.000000e+00  2.304307e+02 
    0.000   15.125000  0.000000e+00  2.303909e+02 
    0.000   15.228001  0.000000e+00  2.303512e+02 
    0.000   15.331000  0.000000e+00  2.303119e+02 
    0.000   15.434000  0.000000e+00  2.302733e+02 
    0.000   15.536000  0.000000e+00  2.302356e+02 
    0.000   15.639000  0.000000e+00  2.301973e+02 
    0.000   15.742001  0.000000e+00  2.301557e+02 
    0.000   15.845000  0.000000e+00  2.301115e+02 
    0.000   15.948000  0.000000e+00  2.300660e+02 
    0.000   16.051001  0.000000e+00  2.300184e+02 
    0.000   16.154001  0.000000e+00  2.299689e+02 
    0.000   16.257000  0.000000e+00  2.299182e+02 
    0.000   16.360001  0.000000e+00  2.298672e+02 
    0.000   16.462000  0.000000e+00  2.298175e+02 
    0.000   16.565001  0.000000e+00  2.297681e+02 
    0.000   16.668001  0.000000e+00  2.297190e+02 
    0.000   16.771000  0.000000e+00  2.296726e+02 
    0.000   16.874001  0.000000e+00  2.296288e+02 
    0.000   16.977001  0.000000e+00  2.295865e+02 
    0.000   17.080000  0.000000e+00  2.295462e+02 
    0.000   17.183001  0.000000e+00  2.295088e+02 
    0.000   17.286001  0.000000e+00  2.294734e+02 
    0.000   17.388000  0.000000e+00  2.294400e+02 
    0.000   17.491001  0.000000e+00  2.294070e+02 
    0.000   17.594000  0.000000e+00  2.293746e+02 
    0.000   17.697001  0.000000e+00  2.293429e+02 
    0.000   17.800001  0.000000e+00  2.293115e+02 
    0.000   17.903000  0.000000e+00  2.292797e+02 
    0.000   18.006001  0.000000e+00  2.292479e+02 
    0.000   18.109001  0.000000e+00  2.292162e+02 
    0.000   18.212000  0.000000e+00  2.291846e+02 
    0.000   18.314001  0.000000e+00  2.291532e+02 
    0.000   18.417000  0.000000e+00  2.291217e+02 
    0.000   18.520000  0.000000e+00  2.290904e+02 
    0.000   18.623001  0.000000e+00  2.290594e+02 
    0.000   18.726000  0.000000e+00  2.290288e+02 
    0.000   18.829000  0.000000e+00  2.289985e+02 
    0.000   18.932001  0.000000e+00  2.289682e+02 
    0.000   19.035000  0.000000e+00  2.289375e+02 
    0.000   19.138000  0.000000e+00  2.289066e+02 
    0.000   19.241001  0.000000e+00  2.288757e+02 
    0.000   19.343000  0.000000e+00  2.288450e+02 
    0.000   19.446001  0.000000e+00  2.288139e+02 
    0.000   19.549000  0.000000e+00  2.287828e+02 
    0.000   19.652000  0.000000e+00  2.287518e+02 
    0.000   19.755001  0.000000e+00  2.287219e+02 
    0.000   19.858000  0.000000e+00  2.286931e+02 
    0.000   19.961000  0.000000e+00  2.286652e+02 
    0.000   20.064001  0.000000e+00  2.286378e+02 
    0.000   20.363001  0.000000e+00  2.285640e+02 
    0.000   20.859001  0.000000e+00  2.284521e+02 
    0.000   21.354000  0.000000e+00  2.283499e+02 
    0.000   21.850000  0.000000e+00  2.282592e+02 
    0.000   22.346001  0.000000e+00  2.281676e+02 
    0.000   22.842001  0.000000e+00  2.280768e+02 
    0.000   23.337000  0.000000e+00  2.280002e+02 
    0.000   23.833000  0.000000e+00  2.279413e+02 
    0.000   24.329000  0.000000e+00  2.278975e+02 
    0.000   24.825001  0.000000e+00  2.278670e+02 
    0.000   25.320000  0.000000e+00  2.278531e+02 
    0.000   25.816000  0.000000e+00  2.278507e+02 
    0.000   26.312000  0.000000e+00  2.278599e+02 
    0.000   26.808001  0.000000e+00  2.278775e+02 
    0.000   27.302999  0.000000e+00  2.278973e+02 
    0.000   27.799000  0.000000e+00  2.279176e+02 
    0.000   28.295000  0.000000e+00  2.279410e+02 
    0.000   28.791000  0.000000e+00  2.279707e+02 
    0.000   29.286001  0.000000e+00  2.280117e+02 
    0.000   29.782000  0.000000e+00  2.280620e+02 
    0.000   30.278000  0.000000e+00  2.281181e+02 
    0.000   30.774000  0.000000e+00  2.281730e+02 
    0.000   31.269001  0.000000e+00  2.282256e+02 
    0.000   31.764999  0.000000e+00  2.282763e+02 
    0.000   32.260998  0.000000e+00  2.283288e+02 
    0.000   32.757000  0.000000e+00  2.283844e+02 
    0.000   33.252998  0.000000e+00  2.284453e+02 
    0.000   33.747997  0.000000e+00  2.285101e+02 
    0.000   34.243999  0.000000e+00  2.285776e+02 
    0.000   34.739998  0.000000e+00  2.286429e+02 
    0.000   35.236000  0.000000e+00  2.287048e+02 
    0.000   35.730999  0.000000e+00  2.287616e+02 
    0.000   36.226997  0.000000e+00  2.288143e+02 
    0.000   36.723000  0.000000e+00  2.288630e+02 
    0.000   37.218998  0.000000e+00  2.289085e+02 
    0.000   37.713997  0.000000e+00  2.289528e+02 
    0.000   38.209999  0.000000e+00  2.289964e+02 
    0.000   38.705997  0.000000e+00  2.290405e+02 
    0.000   39.202000  0.000000e+00  2.290855e+02 
    0.000   39.696999  0.000000e+00  2.291327e+02 
    0.000   40.196999  0.000000e+00  2.291839e+02 
    0.000   45.196999  0.000000e+00  2.296357e+02 
    0.000   50.196999  0.000000e+00  2.298578e+02 
    0.000   55.196999  0.000000e+00  2.298586e+02 
    0.000   60.196999  0.000000e+00  2.297897e+02 
    0.000   65.196999  0.000000e+00  2.297374e+02 
