    0.000    0.000000  0.000000e+00  3.500911e+02 
    0.000    0.103000  0.000000e+00  3.492094e+02 
    0.000    0.206000  0.000000e+00  3.478359e+02 
    0.000    0.309000  0.000000e+00  3.463766e+02 
    0.000    0.412000  0.000000e+00  3.447704e+02 
    0.000    0.515000  0.000000e+00  3.431911e+02 
    0.000    0.618000  0.000000e+00  3.416294e+02 
    0.000    0.720000  0.000000e+00  3.400638e+02 
    0.000    0.823000  0.000000e+00  3.385418e+02 
    0.000    0.926000  0.000000e+00  3.369690e+02 
    0.000    1.029000  0.000000e+00  3.353867e+02 
    0.000    1.132000  0.000000e+00  3.339321e+02 
    0.000    1.235000  0.000000e+00  3.324196e+02 
    0.000    1.338000  0.000000e+00  3.309364e+02 
    0.000    1.441000  0.000000e+00  3.293846e+02 
    0.000    1.544000  0.000000e+00  3.277426e+02 
    0.000    1.646000  0.000000e+00  3.261517e+02 
    0.000    1.749000  0.000000e+00  3.246945e+02 
    0.000    1.852000  0.000000e+00  3.198808e+02 
    0.000    1.955000  0.000000e+00  3.156681e+02 
    0.000    2.058000  0.000000e+00  3.122423e+02 
    0.000    2.161000  0.000000e+00  3.110148e+02 
    0.000    2.264000  0.000000e+00  3.097195e+02 
    0.000    2.367000  0.000000e+00  3.084725e+02 
    0.000    2.470000  0.000000e+00  3.072319e+02 
    0.000    2.572000  0.000000e+00  3.059879e+02 
    0.000    2.675000  0.000000e+00  3.046958e+02 
    0.000    2.778000  0.000000e+00  3.033529e+02 
    0.000    2.881000  0.000000e+00  3.020014e+02 
    0.000    2.984000  0.000000e+00  3.006653e+02 
    0.000    3.087000  0.000000e+00  2.993382e+02 
    0.000    3.190000  0.000000e+00  2.980007e+02 
    0.000    3.293000  0.000000e+00  2.966655e+02 
    0.000    3.396000  0.000000e+00  2.953463e+02 
    0.000    3.498000  0.000000e+00  2.940513e+02 
    0.000    3.601000  0.000000e+00  2.927671e+02 
    0.000    3.704000  0.000000e+00  2.915069e+02 
    0.000    3.807000  0.000000e+00  2.902637e+02 
    0.000    3.910000  0.000000e+00  2.890054e+02 
    0.000    4.013000  0.000000e+00  2.877451e+02 
    0.000    4.116000  0.000000e+00  2.864951e+02 
    0.000    4.219000  0.000000e+00  2.852613e+02 
    0.000    4.322000  0.000000e+00  2.840458e+02 
    0.000    4.424000  0.000000e+00  2.828455e+02 
    0.000    4.527000  0.000000e+00  2.816503e+02 
    0.000    4.630000  0.000000e+00  2.804669e+02 
    0.000    4.733000  0.000000e+00  2.792769e+02 
    0.000    4.836000  0.000000e+00  2.780943e+02 
    0.000    4.939000  0.000000e+00  2.769234e+02 
    0.000    5.042000  0.000000e+00  2.757653e+02 
    0.000    5.145000  0.000000e+00  2.746262e+02 
    0.000    5.248000  0.000000e+00  2.735018e+02 
    0.000    5.351000  0.000000e+00  2.723951e+02 
    0.000    5.453000  0.000000e+00  2.713158e+02 
    0.000    5.556000  0.000000e+00  2.702409e+02 
    0.000    5.659000  0.000000e+00  2.691851e+02 
    0.000    5.762000  0.000000e+00  2.681497e+02 
    0.000    5.865000  0.000000e+00  2.671339e+02 
    0.000    5.968000  0.000000e+00  2.661396e+02 
    0.000    6.071000  0.000000e+00  2.651693e+02 
    0.000    6.174000  0.000000e+00  2.642228e+02 
    0.000    6.277000  0.000000e+00  2.632978e+02 
    0.000    6.379000  0.000000e+00  2.623992e+02 
    0.000    6.482000  0.000000e+00  2.615109e+02 
    0.000    6.585000  0.000000e+00  2.606478e+02 
    0.000    6.688000  0.000000e+00  2.598270e+02 
    0.000    6.791000  0.000000e+00  2.590380e+02 
    0.000    6.894000  0.000000e+00  2.583062e+02 
    0.000    6.997000  0.000000e+00  2.576490e+02 
    0.000    7.100000  0.000000e+00  2.570451e+02 
    0.000    7.203000  0.000000e+00  2.565568e+02 
    0.000    7.305000  0.000000e+00  2.561768e+02 
    0.000    7.408000  0.000000e+00  2.558607e+02 
    0.000    7.511000  0.000000e+00  2.556599e+02 
    0.000    7.614000  0.000000e+00  2.555362e+02 
    0.000    7.717000  0.000000e+00  2.554505e+02 
    0.000    7.820000  0.000000e+00  2.553824e+02 
    0.000    7.923000  0.000000e+00  2.553286e+02 
    0.000    8.026000  0.000000e+00  2.552601e+02 
    0.000    8.129000  0.000000e+00  2.551530e+02 
    0.000    8.231000  0.000000e+00  2.550252e+02 
    0.000    8.334000  0.000000e+00  2.548776e+02 
    0.000    8.437000  0.000000e+00  2.547145e+02 
    0.000    8.540000  0.000000e+00  2.545429e+02 
    0.000    8.643000  0.000000e+00  2.543699e+02 
    0.000    8.746000  0.000000e+00  2.541967e+02 
    0.000    8.849000  0.000000e+00  2.540229e+02 
    0.000    8.952000  0.000000e+00  2.538563e+02 
    0.000    9.055000  0.000000e+00  2.536947e+02 
    0.000    9.157000  0.000000e+00  2.535397e+02 
    0.000    9.260000  0.000000e+00  2.534079e+02 
    0.000    9.363000  0.000000e+00  2.532940e+02 
    0.000    9.466000  0.000000e+00  2.531912e+02 
    0.000    9.569000  0.000000e+00  2.531002e+02 
    0.000    9.672000  0.000000e+00  2.530183e+02 
    0.000    9.775000  0.000000e+00  2.529438e+02 
    0.000    9.878000  0.000000e+00  2.528766e+02 
    0.000    9.981000  0.000000e+00  2.528152e+02 
    0.000   10.083000  0.000000e+00  2.527552e+02 
    0.000   10.186000  0.000000e+00  2.526872e+02 
    0.000   10.289000  0.000000e+00  2.526152e+02 
    0.000   10.392000  0.000000e+00  2.525465e+02 
    0.000   10.495000  0.000000e+00  2.524882e+02 
    0.000   10.598000  0.000000e+00  2.524381e+02 
    0.000   10.701000  0.000000e+00  2.523881e+02 
    0.000   10.804000  0.000000e+00  2.523280e+02 
    0.000   10.907000  0.000000e+00  2.522615e+02 
    0.000   11.010000  0.000000e+00  2.521903e+02 
    0.000   11.112000  0.000000e+00  2.521106e+02 
    0.000   11.215000  0.000000e+00  2.520240e+02 
    0.000   11.318000  0.000000e+00  2.519339e+02 
    0.000   11.421000  0.000000e+00  2.518389e+02 
    0.000   11.524000  0.000000e+00  2.517405e+02 
    0.000   11.627000  0.000000e+00  2.516404e+02 
    0.000   11.730000  0.000000e+00  2.515382e+02 
    0.000   11.833000  0.000000e+00  2.514347e+02 
    0.000   11.936000  0.000000e+00  2.513307e+02 
    0.000   12.038000  0.000000e+00  2.512299e+02 
    0.000   12.141000  0.000000e+00  2.511302e+02 
    0.000   12.243999  0.000000e+00  2.510318e+02 
    0.000   12.347000  0.000000e+00  2.509392e+02 
    0.000   12.450000  0.000000e+00  2.508520e+02 
    0.000   12.552999  0.000000e+00  2.507682e+02 
    0.000   12.656000  0.000000e+00  2.506881e+02 
    0.000   12.759000  0.000000e+00  2.506111e+02 
    0.000   12.862000  0.000000e+00  2.505367e+02 
    0.000   12.964000  0.000000e+00  2.504656e+02 
    0.000   13.066999  0.000000e+00  2.503965e+02 
    0.000   13.170000  0.000000e+00  2.503297e+02 
    0.000   13.273000  0.000000e+00  2.502641e+02 
    0.000   13.375999  0.000000e+00  2.501988e+02 
    0.000   13.479000  0.000000e+00  2.501340e+02 
    0.000   13.582000  0.000000e+00  2.500697e+02 
    0.000   13.684999  0.000000e+00  2.500056e+02 
    0.000   13.788000  0.000000e+00  2.499417e+02 
    0.000   13.890000  0.000000e+00  2.498789e+02 
    0.000   13.993000  0.000000e+00  2.498175e+02 
    0.000   14.096000  0.000000e+00  2.497581e+02 
    0.000   14.199000  0.000000e+00  2.497002e+02 
    0.000   14.302000  0.000000e+00  2.496444e+02 
    0.000   14.405000  0.000000e+00  2.495909e+02 
    0.000   14.507999  0.000000e+00  2.495393e+02 
    0.000   14.611000  0.000000e+00  2.494887e+02 
    0.000   14.714000  0.000000e+00  2.494379e+02 
    0.000   14.816000  0.000000e+00  2.493877e+02 
    0.000   14.919000  0.000000e+00  2.493374e+02 
    0.000   15.022000  0.000000e+00  2.492876e+02 
    0.000   15.125000  0.000000e+00  2.492384e+02 
    0.000   15.228000  0.000000e+00  2.491897e+02 
    0.000   15.331000  0.000000e+00  2.491404e+02 
    0.000   15.434000  0.000000e+00  2.490898e+02 
    0.000   15.537000  0.000000e+00  2.490386e+02 
    0.000   15.640000  0.000000e+00  2.489874e+02 
    0.000   15.742000  0.000000e+00  2.489381e+02 
    0.000   15.845000  0.000000e+00  2.488895e+02 
    0.000   15.947999  0.000000e+00  2.488417e+02 
    0.000   16.051001  0.000000e+00  2.487967e+02 
    0.000   16.154001  0.000000e+00  2.487543e+02 
    0.000   16.257000  0.000000e+00  2.487140e+02 
    0.000   16.360001  0.000000e+00  2.486738e+02 
    0.000   16.463001  0.000000e+00  2.486314e+02 
    0.000   16.566000  0.000000e+00  2.485876e+02 
    0.000   16.669001  0.000000e+00  2.485431e+02 
    0.000   16.771000  0.000000e+00  2.484981e+02 
    0.000   16.874001  0.000000e+00  2.484521e+02 
    0.000   16.977001  0.000000e+00  2.484057e+02 
    0.000   17.080000  0.000000e+00  2.483594e+02 
    0.000   17.183001  0.000000e+00  2.483133e+02 
    0.000   17.286001  0.000000e+00  2.482674e+02 
    0.000   17.389000  0.000000e+00  2.482216e+02 
    0.000   17.492001  0.000000e+00  2.481761e+02 
    0.000   17.595001  0.000000e+00  2.481306e+02 
    0.000   17.697001  0.000000e+00  2.480857e+02 
    0.000   17.800001  0.000000e+00  2.480410e+02 
    0.000   17.903002  0.000000e+00  2.479973e+02 
    0.000   18.006001  0.000000e+00  2.479544e+02 
    0.000   18.109001  0.000000e+00  2.479123e+02 
    0.000   18.212000  0.000000e+00  2.478719e+02 
    0.000   18.315001  0.000000e+00  2.478333e+02 
    0.000   18.418001  0.000000e+00  2.477962e+02 
    0.000   18.521000  0.000000e+00  2.477602e+02 
    0.000   18.623001  0.000000e+00  2.477258e+02 
    0.000   18.726002  0.000000e+00  2.476920e+02 
    0.000   18.829000  0.000000e+00  2.476591e+02 
    0.000   18.932001  0.000000e+00  2.476270e+02 
    0.000   19.035002  0.000000e+00  2.475959e+02 
    0.000   19.138000  0.000000e+00  2.475655e+02 
    0.000   19.241001  0.000000e+00  2.475359e+02 
    0.000   19.344002  0.000000e+00  2.475061e+02 
    0.000   19.447001  0.000000e+00  2.474758e+02 
    0.000   19.549002  0.000000e+00  2.474456e+02 
    0.000   19.652000  0.000000e+00  2.474152e+02 
    0.000   19.755001  0.000000e+00  2.473838e+02 
    0.000   19.858002  0.000000e+00  2.473515e+02 
    0.000   19.961000  0.000000e+00  2.473186e+02 
    0.000   20.064001  0.000000e+00  2.472853e+02 
    0.000   20.363001  0.000000e+00  2.471892e+02 
    0.000   20.859001  0.000000e+00  2.470414e+02 
    0.000   21.355001  0.000000e+00  2.469202e+02 
    0.000   21.850000  0.000000e+00  2.468188e+02 
    0.000   22.346001  0.000000e+00  2.467229e+02 
    0.000   22.842001  0.000000e+00  2.466267e+02 
    0.000   23.338001  0.000000e+00  2.465320e+02 
    0.000   23.833000  0.000000e+00  2.464516e+02 
    0.000   24.329000  0.000000e+00  2.463985e+02 
    0.000   24.825001  0.000000e+00  2.463722e+02 
    0.000   25.321001  0.000000e+00  2.463641e+02 
    0.000   25.816000  0.000000e+00  2.463540e+02 
    0.000   26.312000  0.000000e+00  2.463444e+02 
    0.000   26.808001  0.000000e+00  2.463456e+02 
    0.000   27.304001  0.000000e+00  2.463559e+02 
    0.000   27.800001  0.000000e+00  2.463745e+02 
    0.000   28.295000  0.000000e+00  2.464032e+02 
    0.000   28.791000  0.000000e+00  2.464384e+02 
    0.000   29.287001  0.000000e+00  2.464766e+02 
    0.000   29.783001  0.000000e+00  2.465197e+02 
    0.000   30.278002  0.000000e+00  2.465699e+02 
    0.000   30.774000  0.000000e+00  2.466248e+02 
    0.000   31.270000  0.000000e+00  2.466813e+02 
    0.000   31.766001  0.000000e+00  2.467376e+02 
    0.000   32.260998  0.000000e+00  2.467944e+02 
    0.000   32.757000  0.000000e+00  2.468512e+02 
    0.000   33.252998  0.000000e+00  2.469064e+02 
    0.000   33.749001  0.000000e+00  2.469615e+02 
    0.000   34.243999  0.000000e+00  2.470173e+02 
    0.000   34.739998  0.000000e+00  2.470766e+02 
    0.000   35.236000  0.000000e+00  2.471387e+02 
    0.000   35.731998  0.000000e+00  2.471994e+02 
    0.000   36.226997  0.000000e+00  2.472578e+02 
    0.000   36.723000  0.000000e+00  2.473103e+02 
    0.000   37.218998  0.000000e+00  2.473576e+02 
    0.000   37.715000  0.000000e+00  2.474015e+02 
    0.000   38.209999  0.000000e+00  2.474427e+02 
    0.000   38.705997  0.000000e+00  2.474845e+02 
    0.000   39.202000  0.000000e+00  2.475276e+02 
    0.000   39.697998  0.000000e+00  2.475734e+02 
    0.000   40.197998  0.000000e+00  2.476234e+02 
    0.000   45.197998  0.000000e+00  2.480711e+02 
    0.000   50.197998  0.000000e+00  2.482959e+02 
    0.000   55.197998  0.000000e+00  2.482894e+02 
    0.000   60.197998  0.000000e+00  2.482224e+02 
    0.000   65.198006  0.000000e+00  2.481699e+02 
