   67.444    0.000000  8.764533e+00  2.425805e+01 
   67.444    0.103000  8.813281e+00  2.445457e+01 
   67.444    0.206000  8.861765e+00  2.466589e+01 
   67.444    0.309000  8.909599e+00  2.488684e+01 
   67.444    0.412000  8.956804e+00  2.511429e+01 
   67.444    0.514000  9.003026e+00  2.534397e+01 
   67.444    0.617000  9.049327e+00  2.557898e+01 
   67.444    0.720000  9.095514e+00  2.581589e+01 
   67.444    0.823000  9.142486e+00  2.605528e+01 
   67.444    0.926000  9.191053e+00  2.629814e+01 
   67.444    1.029000  9.245694e+00  2.655518e+01 
   67.444    1.132000  9.309736e+00  2.683427e+01 
   67.444    1.235000  9.383423e+00  2.713552e+01 
   67.444    1.338000  9.460490e+00  2.744321e+01 
   67.444    1.441000  9.533719e+00  2.773968e+01 
   67.444    1.543000  9.597629e+00  2.801082e+01 
   67.444    1.646000  9.656444e+00  2.826992e+01 
   67.444    1.749000  9.716509e+00  2.853248e+01 
   67.444    1.852000  9.782369e+00  2.881025e+01 
   67.444    1.955000  9.854131e+00  2.910317e+01 
   67.444    2.058000  4.775866e+01  7.130087e+01 
   67.444    2.161000  1.498023e+02  1.065477e+02 
   67.444    2.264000  3.389508e+02  1.319653e+02 
   67.444    2.367000  3.406657e+02  1.319387e+02 
   67.444    2.469000  3.422961e+02  1.319542e+02 
   67.444    2.572000  3.442369e+02  1.320538e+02 
   67.444    2.675000  3.458460e+02  1.321268e+02 
   67.444    2.778000  3.474405e+02  1.322191e+02 
   67.444    2.881000  3.490219e+02  1.323271e+02 
   67.444    2.984000  3.505921e+02  1.324481e+02 
   67.444    3.087000  3.521509e+02  1.325800e+02 
   67.444    3.190000  3.536989e+02  1.327214e+02 
   67.444    3.293000  3.552369e+02  1.328709e+02 
   67.444    3.395000  3.567499e+02  1.330258e+02 
   67.444    3.498000  3.582672e+02  1.331884e+02 
   67.444    3.601000  3.597762e+02  1.333562e+02 
   67.444    3.704000  3.612803e+02  1.335284e+02 
   67.444    3.807000  3.627798e+02  1.337043e+02 
   67.444    3.910000  3.642774e+02  1.338833e+02 
   67.444    4.013000  3.657737e+02  1.340650e+02 
   67.444    4.116000  3.675604e+02  1.342983e+02 
   67.444    4.219000  3.694037e+02  1.345431e+02 
   67.444    4.321000  3.712963e+02  1.347988e+02 
   67.444    4.424000  3.732794e+02  1.350711e+02 
   67.444    4.527000  3.753728e+02  1.353639e+02 
   67.444    4.630000  3.768412e+02  1.355551e+02 
   67.444    4.733000  3.782927e+02  1.357477e+02 
   67.444    4.836000  3.797231e+02  1.359414e+02 
   67.444    4.939000  3.811299e+02  1.361358e+02 
   67.444    5.042000  3.825107e+02  1.363310e+02 
   67.444    5.145000  3.838625e+02  1.365267e+02 
   67.444    5.247000  3.851744e+02  1.367208e+02 
   67.444    5.350000  3.864733e+02  1.369167e+02 
   67.444    5.453000  3.877468e+02  1.371125e+02 
   67.444    5.556000  3.889989e+02  1.373078e+02 
   67.444    5.659000  3.902305e+02  1.375027e+02 
   67.444    5.762000  3.914431e+02  1.376969e+02 
   67.444    5.865000  3.926394e+02  1.378902e+02 
   67.444    5.968000  3.938198e+02  1.380827e+02 
   67.444    6.071000  3.949863e+02  1.382742e+02 
   67.444    6.173000  3.961301e+02  1.384628e+02 
   67.444    6.276000  3.972749e+02  1.386520e+02 
   67.444    6.379000  3.984099e+02  1.388400e+02 
   67.444    6.482000  3.995333e+02  1.390270e+02 
   67.444    6.585000  4.006436e+02  1.392127e+02 
   67.444    6.688000  4.017383e+02  1.393970e+02 
   67.444    6.791000  4.041848e+02  1.396914e+02 
   67.444    6.894000  4.064665e+02  1.399716e+02 
   67.444    6.997000  4.088270e+02  1.402572e+02 
   67.444    7.099000  4.112466e+02  1.405464e+02 
   67.444    7.202000  4.136487e+02  1.408356e+02 
   67.444    7.305000  4.157614e+02  1.411023e+02 
   67.444    7.408000  4.177824e+02  1.413626e+02 
   67.444    7.511000  4.196962e+02  1.416158e+02 
   67.444    7.614000  4.219427e+02  1.418967e+02 
   67.444    7.717000  4.236664e+02  1.421375e+02 
   67.444    7.820000  4.256314e+02  1.423954e+02 
   67.444    7.923000  4.272173e+02  1.426226e+02 
   67.444    8.026000  4.287152e+02  1.428415e+02 
   67.444    8.128000  4.307172e+02  1.430950e+02 
   67.444    8.231000  4.325633e+02  1.433352e+02 
   67.444    8.334001  4.346114e+02  1.435884e+02 
   67.444    8.437000  4.366907e+02  1.438419e+02 
   67.444    8.540000  4.381612e+02  1.440490e+02 
   67.444    8.643001  4.399294e+02  1.442770e+02 
   67.444    8.746000  4.411852e+02  1.444668e+02 
   67.444    8.849000  4.423324e+02  1.446959e+02 
   67.444    8.952001  4.437652e+02  1.449659e+02 
   67.444    9.054000  4.456136e+02  1.452938e+02 
   67.444    9.157001  4.478949e+02  1.456810e+02 
   67.444    9.260000  4.503099e+02  1.460816e+02 
   67.444    9.363000  4.526041e+02  1.464585e+02 
   67.444    9.466001  4.530997e+02  1.465769e+02 
   67.444    9.569000  4.535916e+02  1.466930e+02 
   67.444    9.672000  4.540798e+02  1.468070e+02 
   67.444    9.775001  4.545618e+02  1.469189e+02 
   67.444    9.878000  4.550337e+02  1.470287e+02 
   67.444    9.980000  4.554903e+02  1.471353e+02 
   67.444   10.083000  4.559750e+02  1.472403e+02 
   67.444   10.186000  4.564488e+02  1.473435e+02 
   67.444   10.289001  4.569117e+02  1.474449e+02 
   67.444   10.392000  4.573656e+02  1.475445e+02 
   67.444   10.495000  4.578136e+02  1.476426e+02 
   67.444   10.598001  4.582561e+02  1.477390e+02 
   67.444   10.701000  4.586925e+02  1.478339e+02 
   67.444   10.804000  4.591224e+02  1.479274e+02 
   67.444   10.906000  4.595415e+02  1.480186e+02 
   67.444   11.009000  4.599585e+02  1.481094e+02 
   67.444   11.112000  4.603700e+02  1.481990e+02 
   67.444   11.215000  4.607763e+02  1.482873e+02 
   67.444   11.318000  4.611774e+02  1.483745e+02 
   67.444   11.421000  4.615735e+02  1.484606e+02 
   67.444   11.524000  4.619648e+02  1.485455e+02 
   67.444   11.627000  4.623509e+02  1.486294e+02 
   67.444   11.730000  4.627319e+02  1.487121e+02 
   67.444   11.832001  4.631041e+02  1.487929e+02 
   67.444   11.935000  4.634748e+02  1.488734e+02 
   67.444   12.038000  4.638405e+02  1.489527e+02 
   67.444   12.141001  4.642013e+02  1.490310e+02 
   67.444   12.244000  4.645573e+02  1.491082e+02 
   67.444   12.347000  4.649084e+02  1.491843e+02 
   67.444   12.450001  4.652549e+02  1.492594e+02 
   67.444   12.553000  4.655966e+02  1.493333e+02 
   67.444   12.656000  4.659336e+02  1.494062e+02 
   67.444   12.758000  4.662629e+02  1.494772e+02 
   67.444   12.861000  4.665912e+02  1.495478e+02 
   67.444   12.964001  4.669155e+02  1.496172e+02 
   67.444   13.067000  4.672360e+02  1.496855e+02 
   67.444   13.170000  4.675526e+02  1.497525e+02 
   67.444   13.273001  4.678654e+02  1.498185e+02 
   67.444   13.376000  4.681747e+02  1.498833e+02 
   67.444   13.479000  4.684804e+02  1.499469e+02 
   67.444   13.582001  4.687827e+02  1.500093e+02 
   67.444   13.685000  4.690815e+02  1.500706e+02 
   67.444   13.787001  4.693741e+02  1.501303e+02 
   67.444   13.890000  4.696662e+02  1.501893e+02 
   67.444   13.993000  4.699551e+02  1.502473e+02 
   67.444   14.096001  4.702408e+02  1.503041e+02 
   67.444   14.199000  4.705233e+02  1.503598e+02 
   67.444   14.302000  4.708027e+02  1.504145e+02 
   67.444   14.405001  4.710790e+02  1.504681e+02 
   67.444   14.508000  4.713521e+02  1.505207e+02 
   67.444   14.611000  4.716221e+02  1.505723e+02 
   67.444   14.713000  4.718864e+02  1.506224e+02 
   67.444   14.816000  4.721500e+02  1.506722e+02 
   67.444   14.919001  4.724105e+02  1.507210e+02 
   67.444   15.022000  4.726677e+02  1.507691e+02 
   67.444   15.125000  4.729218e+02  1.508163e+02 
   67.444   15.228001  4.731728e+02  1.508627e+02 
   67.444   15.331000  4.734206e+02  1.509084e+02 
   67.444   15.434000  4.736655e+02  1.509533e+02 
   67.444   15.537001  4.739073e+02  1.509973e+02 
   67.444   15.639000  4.741438e+02  1.510402e+02 
   67.444   15.742001  4.743797e+02  1.510827e+02 
   67.444   15.845000  4.746127e+02  1.511245e+02 
   67.444   15.948000  4.748430e+02  1.511655e+02 
   67.444   16.051001  4.750707e+02  1.512057e+02 
   67.444   16.154001  4.752960e+02  1.512452e+02 
   67.444   16.257000  4.755188e+02  1.512839e+02 
   67.444   16.360001  4.757392e+02  1.513219e+02 
   67.444   16.462999  4.759573e+02  1.513593e+02 
   67.444   16.565001  4.761711e+02  1.513955e+02 
   67.444   16.668001  4.763848e+02  1.514314e+02 
   67.444   16.771000  4.765965e+02  1.514664e+02 
   67.444   16.874001  4.768063e+02  1.515008e+02 
   67.444   16.977001  4.770142e+02  1.515343e+02 
   67.444   17.080000  4.772203e+02  1.515670e+02 
   67.444   17.183001  4.774251e+02  1.515988e+02 
   67.444   17.286001  4.776285e+02  1.516297e+02 
   67.444   17.389000  4.778304e+02  1.516596e+02 
   67.444   17.491001  4.780293e+02  1.516883e+02 
   67.444   17.594000  4.782289e+02  1.517164e+02 
   67.444   17.697001  4.784275e+02  1.517435e+02 
   67.444   17.800001  4.786246e+02  1.517698e+02 
   67.444   17.903000  4.788203e+02  1.517953e+02 
   67.444   18.006001  4.790146e+02  1.518200e+02 
   67.444   18.109001  4.792072e+02  1.518440e+02 
   67.444   18.212000  4.793983e+02  1.518674e+02 
   67.444   18.315001  4.795876e+02  1.518901e+02 
   67.444   18.418001  4.797753e+02  1.519122e+02 
   67.444   18.520000  4.799595e+02  1.519334e+02 
   67.444   18.623001  4.801440e+02  1.519543e+02 
   67.444   18.726000  4.803270e+02  1.519745e+02 
   67.444   18.829000  4.805086e+02  1.519940e+02 
   67.444   18.932001  4.806886e+02  1.520130e+02 
   67.444   19.035000  4.808673e+02  1.520313e+02 
   67.444   19.138000  4.810447e+02  1.520491e+02 
   67.444   19.241001  4.812208e+02  1.520662e+02 
   67.444   19.344000  4.813955e+02  1.520828e+02 
   67.444   19.446001  4.815673e+02  1.520987e+02 
   67.444   19.549000  4.817393e+02  1.521142e+02 
   67.444   19.652000  4.819101e+02  1.521292e+02 
   67.444   19.755001  4.820795e+02  1.521437e+02 
   67.444   19.858000  4.822477e+02  1.521576e+02 
   67.444   19.961000  4.824146e+02  1.521711e+02 
   67.444   20.064001  4.825806e+02  1.521840e+02 
   67.444   20.363001  4.830574e+02  1.522179e+02 
   67.444   20.859001  4.838256e+02  1.522655e+02 
   67.444   21.355000  4.845656e+02  1.523030e+02 
   67.444   21.850000  4.852765e+02  1.523315e+02 
   67.444   22.346001  4.859552e+02  1.523545e+02 
   67.444   22.842001  4.865942e+02  1.523752e+02 
   67.444   23.337999  4.871904e+02  1.523956e+02 
   67.444   23.833000  4.877454e+02  1.524152e+02 
   67.444   24.329000  4.882676e+02  1.524328e+02 
   67.444   24.825001  4.887589e+02  1.524480e+02 
   67.444   25.321001  4.892184e+02  1.524615e+02 
   67.444   25.816000  4.896465e+02  1.524741e+02 
   67.444   26.312000  4.900471e+02  1.524854e+02 
   67.444   26.808001  4.904225e+02  1.524953e+02 
   67.444   27.304001  4.907738e+02  1.525038e+02 
   67.444   27.799000  4.911010e+02  1.525111e+02 
   67.444   28.295000  4.914070e+02  1.525174e+02 
   67.444   28.791000  4.916943e+02  1.525224e+02 
   67.444   29.287001  4.919657e+02  1.525259e+02 
   67.444   29.782000  4.922230e+02  1.525280e+02 
   67.444   30.278000  4.924688e+02  1.525286e+02 
   67.444   30.774000  4.927044e+02  1.525280e+02 
   67.444   31.270000  4.929315e+02  1.525262e+02 
   67.444   31.764999  4.931514e+02  1.525233e+02 
   67.444   32.260998  4.933671e+02  1.525194e+02 
   67.444   32.757000  4.935797e+02  1.525149e+02 
   67.444   33.252998  4.937909e+02  1.525099e+02 
   67.444   33.747997  4.940018e+02  1.525047e+02 
   67.444   34.243999  4.942145e+02  1.524996e+02 
   67.444   34.739998  4.944304e+02  1.524946e+02 
   67.444   35.236000  4.946505e+02  1.524898e+02 
   67.444   35.730999  4.948755e+02  1.524852e+02 
   67.444   36.226997  4.951068e+02  1.524809e+02 
   67.444   36.723000  4.953439e+02  1.524769e+02 
   67.444   37.218998  4.955865e+02  1.524732e+02 
   67.444   37.713997  4.958327e+02  1.524697e+02 
   67.444   38.209999  4.960821e+02  1.524665e+02 
   67.444   38.705997  4.963322e+02  1.524636e+02 
   67.444   39.202000  4.965814e+02  1.524610e+02 
   67.444   39.696999  4.968268e+02  1.524588e+02 
   67.444   40.196999  4.970661e+02  1.524579e+02 
   67.444   45.196999  4.989427e+02  1.524672e+02 
   67.444   50.196999  4.996527e+02  1.524815e+02 
   67.444   55.196999  4.999030e+02  1.524923e+02 
   67.444   60.196999  5.006651e+02  1.524995e+02 
   67.444   65.196999  5.019035e+02  1.525040e+02 
