    0.000    0.000000  0.000000e+00  3.506294e+02 
    0.000    0.103000  0.000000e+00  3.501793e+02 
    0.000    0.206000  0.000000e+00  3.489934e+02 
    0.000    0.309000  0.000000e+00  3.474272e+02 
    0.000    0.412000  0.000000e+00  3.458410e+02 
    0.000    0.515000  0.000000e+00  3.442046e+02 
    0.000    0.618000  0.000000e+00  3.424501e+02 
    0.000    0.720000  0.000000e+00  3.395230e+02 
    0.000    0.823000  0.000000e+00  3.359471e+02 
    0.000    0.926000  0.000000e+00  3.320952e+02 
    0.000    1.029000  0.000000e+00  3.281347e+02 
    0.000    1.132000  0.000000e+00  3.242576e+02 
    0.000    1.235000  0.000000e+00  3.207408e+02 
    0.000    1.338000  0.000000e+00  3.175577e+02 
    0.000    1.441000  0.000000e+00  3.146092e+02 
    0.000    1.544000  0.000000e+00  3.118234e+02 
    0.000    1.646000  0.000000e+00  3.091862e+02 
    0.000    1.749000  0.000000e+00  3.066327e+02 
    0.000    1.852000  0.000000e+00  3.059339e+02 
    0.000    1.955000  0.000000e+00  3.048863e+02 
    0.000    2.058000  0.000000e+00  3.036665e+02 
    0.000    2.161000  0.000000e+00  3.023073e+02 
    0.000    2.264000  0.000000e+00  3.006659e+02 
    0.000    2.367000  0.000000e+00  2.987058e+02 
    0.000    2.470000  0.000000e+00  2.963952e+02 
    0.000    2.572000  0.000000e+00  2.936758e+02 
    0.000    2.675000  0.000000e+00  2.902607e+02 
    0.000    2.778000  0.000000e+00  2.858441e+02 
    0.000    2.881000  0.000000e+00  2.802022e+02 
    0.000    2.984000  0.000000e+00  2.790792e+02 
    0.000    3.087000  0.000000e+00  2.777260e+02 
    0.000    3.190000  0.000000e+00  2.763394e+02 
    0.000    3.293000  0.000000e+00  2.749516e+02 
    0.000    3.396000  0.000000e+00  2.736272e+02 
    0.000    3.498000  0.000000e+00  2.722922e+02 
    0.000    3.601000  0.000000e+00  2.708858e+02 
    0.000    3.704000  0.000000e+00  2.694398e+02 
    0.000    3.807000  0.000000e+00  2.679754e+02 
    0.000    3.910000  0.000000e+00  2.665062e+02 
    0.000    4.013000  0.000000e+00  2.650383e+02 
    0.000    4.116000  0.000000e+00  2.635309e+02 
    0.000    4.219000  0.000000e+00  2.619982e+02 
    0.000    4.322000  0.000000e+00  2.604058e+02 
    0.000    4.424000  0.000000e+00  2.587300e+02 
    0.000    4.527000  0.000000e+00  2.569669e+02 
    0.000    4.630000  0.000000e+00  2.551515e+02 
    0.000    4.733000  0.000000e+00  2.532985e+02 
    0.000    4.836000  0.000000e+00  2.514379e+02 
    0.000    4.939000  0.000000e+00  2.495693e+02 
    0.000    5.042000  0.000000e+00  2.478414e+02 
    0.000    5.145000  0.000000e+00  2.461972e+02 
    0.000    5.248000  0.000000e+00  2.447455e+02 
    0.000    5.350000  0.000000e+00  2.434212e+02 
    0.000    5.453000  0.000000e+00  2.421901e+02 
    0.000    5.556000  0.000000e+00  2.410063e+02 
    0.000    5.659000  0.000000e+00  2.399210e+02 
    0.000    5.762000  0.000000e+00  2.388576e+02 
    0.000    5.865000  0.000000e+00  2.378152e+02 
    0.000    5.968000  0.000000e+00  2.367919e+02 
    0.000    6.071000  0.000000e+00  2.357466e+02 
    0.000    6.174000  0.000000e+00  2.348448e+02 
    0.000    6.276000  0.000000e+00  2.339651e+02 
    0.000    6.379000  0.000000e+00  2.330916e+02 
    0.000    6.482000  0.000000e+00  2.322339e+02 
    0.000    6.585000  0.000000e+00  2.313945e+02 
    0.000    6.688000  0.000000e+00  2.305454e+02 
    0.000    6.791000  0.000000e+00  2.297180e+02 
    0.000    6.894000  0.000000e+00  2.289300e+02 
    0.000    6.997000  0.000000e+00  2.282047e+02 
    0.000    7.100000  0.000000e+00  2.275210e+02 
    0.000    7.203000  0.000000e+00  2.269435e+02 
    0.000    7.305000  0.000000e+00  2.264886e+02 
    0.000    7.408000  0.000000e+00  2.260986e+02 
    0.000    7.511000  0.000000e+00  2.258197e+02 
    0.000    7.614000  0.000000e+00  2.256153e+02 
    0.000    7.717000  0.000000e+00  2.254568e+02 
    0.000    7.820000  0.000000e+00  2.253289e+02 
    0.000    7.923000  0.000000e+00  2.252399e+02 
    0.000    8.026000  0.000000e+00  2.251535e+02 
    0.000    8.129000  0.000000e+00  2.250900e+02 
    0.000    8.231000  0.000000e+00  2.250440e+02 
    0.000    8.334000  0.000000e+00  2.249852e+02 
    0.000    8.437000  0.000000e+00  2.249124e+02 
    0.000    8.540000  0.000000e+00  2.248121e+02 
    0.000    8.643000  0.000000e+00  2.247117e+02 
    0.000    8.746000  0.000000e+00  2.245866e+02 
    0.000    8.849000  0.000000e+00  2.244516e+02 
    0.000    8.952000  0.000000e+00  2.242866e+02 
    0.000    9.055000  0.000000e+00  2.240963e+02 
    0.000    9.157000  0.000000e+00  2.239901e+02 
    0.000    9.260000  0.000000e+00  2.238558e+02 
    0.000    9.363000  0.000000e+00  2.236713e+02 
    0.000    9.466000  0.000000e+00  2.235766e+02 
    0.000    9.569000  0.000000e+00  2.234919e+02 
    0.000    9.672000  0.000000e+00  2.234144e+02 
    0.000    9.775000  0.000000e+00  2.233445e+02 
    0.000    9.878000  0.000000e+00  2.232898e+02 
    0.000    9.981000  0.000000e+00  2.232463e+02 
    0.000   10.083000  0.000000e+00  2.232104e+02 
    0.000   10.186000  0.000000e+00  2.231799e+02 
    0.000   10.289000  0.000000e+00  2.231543e+02 
    0.000   10.392000  0.000000e+00  2.231284e+02 
    0.000   10.495000  0.000000e+00  2.230945e+02 
    0.000   10.598000  0.000000e+00  2.230557e+02 
    0.000   10.701000  0.000000e+00  2.230137e+02 
    0.000   10.804000  0.000000e+00  2.229664e+02 
    0.000   10.907000  0.000000e+00  2.229157e+02 
    0.000   11.009000  0.000000e+00  2.228629e+02 
    0.000   11.112000  0.000000e+00  2.228044e+02 
    0.000   11.215000  0.000000e+00  2.227425e+02 
    0.000   11.318000  0.000000e+00  2.226781e+02 
    0.000   11.421000  0.000000e+00  2.226086e+02 
    0.000   11.524000  0.000000e+00  2.225354e+02 
    0.000   11.627000  0.000000e+00  2.224608e+02 
    0.000   11.730000  0.000000e+00  2.223883e+02 
    0.000   11.833000  0.000000e+00  2.223176e+02 
    0.000   11.934999  0.000000e+00  2.222485e+02 
    0.000   12.038000  0.000000e+00  2.221825e+02 
    0.000   12.141000  0.000000e+00  2.221196e+02 
    0.000   12.243999  0.000000e+00  2.220585e+02 
    0.000   12.347000  0.000000e+00  2.219965e+02 
    0.000   12.450000  0.000000e+00  2.219337e+02 
    0.000   12.552999  0.000000e+00  2.218706e+02 
    0.000   12.656000  0.000000e+00  2.218064e+02 
    0.000   12.759000  0.000000e+00  2.217409e+02 
    0.000   12.862000  0.000000e+00  2.216748e+02 
    0.000   12.964000  0.000000e+00  2.216089e+02 
    0.000   13.066999  0.000000e+00  2.215424e+02 
    0.000   13.170000  0.000000e+00  2.214759e+02 
    0.000   13.273000  0.000000e+00  2.214106e+02 
    0.000   13.375999  0.000000e+00  2.213478e+02 
    0.000   13.479000  0.000000e+00  2.212870e+02 
    0.000   13.582000  0.000000e+00  2.212280e+02 
    0.000   13.684999  0.000000e+00  2.211736e+02 
    0.000   13.788000  0.000000e+00  2.211229e+02 
    0.000   13.890000  0.000000e+00  2.210750e+02 
    0.000   13.993000  0.000000e+00  2.210315e+02 
    0.000   14.096000  0.000000e+00  2.209925e+02 
    0.000   14.199000  0.000000e+00  2.209566e+02 
    0.000   14.302000  0.000000e+00  2.209229e+02 
    0.000   14.405000  0.000000e+00  2.208909e+02 
    0.000   14.507999  0.000000e+00  2.208605e+02 
    0.000   14.611000  0.000000e+00  2.208305e+02 
    0.000   14.714000  0.000000e+00  2.207984e+02 
    0.000   14.816000  0.000000e+00  2.207652e+02 
    0.000   14.919000  0.000000e+00  2.207313e+02 
    0.000   15.022000  0.000000e+00  2.206956e+02 
    0.000   15.125000  0.000000e+00  2.206583e+02 
    0.000   15.228000  0.000000e+00  2.206172e+02 
    0.000   15.331000  0.000000e+00  2.205788e+02 
    0.000   15.434000  0.000000e+00  2.205400e+02 
    0.000   15.537000  0.000000e+00  2.205011e+02 
    0.000   15.640000  0.000000e+00  2.204616e+02 
    0.000   15.742000  0.000000e+00  2.204200e+02 
    0.000   15.845000  0.000000e+00  2.203761e+02 
    0.000   15.947999  0.000000e+00  2.203312e+02 
    0.000   16.051001  0.000000e+00  2.202855e+02 
    0.000   16.154001  0.000000e+00  2.202394e+02 
    0.000   16.257000  0.000000e+00  2.201928e+02 
    0.000   16.360001  0.000000e+00  2.201467e+02 
    0.000   16.463001  0.000000e+00  2.201020e+02 
    0.000   16.566000  0.000000e+00  2.200584e+02 
    0.000   16.668001  0.000000e+00  2.200159e+02 
    0.000   16.771000  0.000000e+00  2.199753e+02 
    0.000   16.874001  0.000000e+00  2.199367e+02 
    0.000   16.977001  0.000000e+00  2.198994e+02 
    0.000   17.080000  0.000000e+00  2.198636e+02 
    0.000   17.183001  0.000000e+00  2.198292e+02 
    0.000   17.286001  0.000000e+00  2.197961e+02 
    0.000   17.389000  0.000000e+00  2.197639e+02 
    0.000   17.492001  0.000000e+00  2.197321e+02 
    0.000   17.595001  0.000000e+00  2.197007e+02 
    0.000   17.697001  0.000000e+00  2.196701e+02 
    0.000   17.800001  0.000000e+00  2.196396e+02 
    0.000   17.903002  0.000000e+00  2.196096e+02 
    0.000   18.006001  0.000000e+00  2.195799e+02 
    0.000   18.109001  0.000000e+00  2.195506e+02 
    0.000   18.212000  0.000000e+00  2.195217e+02 
    0.000   18.315001  0.000000e+00  2.194929e+02 
    0.000   18.418001  0.000000e+00  2.194645e+02 
    0.000   18.521000  0.000000e+00  2.194363e+02 
    0.000   18.623001  0.000000e+00  2.194084e+02 
    0.000   18.726002  0.000000e+00  2.193804e+02 
    0.000   18.829000  0.000000e+00  2.193526e+02 
    0.000   18.932001  0.000000e+00  2.193246e+02 
    0.000   19.035002  0.000000e+00  2.192958e+02 
    0.000   19.138000  0.000000e+00  2.192666e+02 
    0.000   19.241001  0.000000e+00  2.192372e+02 
    0.000   19.344002  0.000000e+00  2.192080e+02 
    0.000   19.447001  0.000000e+00  2.191792e+02 
    0.000   19.549002  0.000000e+00  2.191511e+02 
    0.000   19.652000  0.000000e+00  2.191230e+02 
    0.000   19.755001  0.000000e+00  2.190964e+02 
    0.000   19.858002  0.000000e+00  2.190713e+02 
    0.000   19.961000  0.000000e+00  2.190474e+02 
    0.000   20.064001  0.000000e+00  2.190243e+02 
    0.000   20.363001  0.000000e+00  2.189600e+02 
    0.000   20.859001  0.000000e+00  2.188565e+02 
    0.000   21.355001  0.000000e+00  2.187626e+02 
    0.000   21.850000  0.000000e+00  2.186769e+02 
    0.000   22.346001  0.000000e+00  2.185916e+02 
    0.000   22.842001  0.000000e+00  2.185117e+02 
    0.000   23.338001  0.000000e+00  2.184438e+02 
    0.000   23.833000  0.000000e+00  2.183886e+02 
    0.000   24.329000  0.000000e+00  2.183459e+02 
    0.000   24.825001  0.000000e+00  2.183211e+02 
    0.000   25.321001  0.000000e+00  2.183103e+02 
    0.000   25.816000  0.000000e+00  2.183075e+02 
    0.000   26.312000  0.000000e+00  2.183199e+02 
    0.000   26.808001  0.000000e+00  2.183417e+02 
    0.000   27.304001  0.000000e+00  2.183650e+02 
    0.000   27.800001  0.000000e+00  2.183873e+02 
    0.000   28.295000  0.000000e+00  2.184102e+02 
    0.000   28.791000  0.000000e+00  2.184400e+02 
    0.000   29.287001  0.000000e+00  2.184829e+02 
    0.000   29.783001  0.000000e+00  2.185360e+02 
    0.000   30.278002  0.000000e+00  2.185946e+02 
    0.000   30.774000  0.000000e+00  2.186501e+02 
    0.000   31.270000  0.000000e+00  2.187020e+02 
    0.000   31.766001  0.000000e+00  2.187516e+02 
    0.000   32.260998  0.000000e+00  2.188034e+02 
    0.000   32.757000  0.000000e+00  2.188591e+02 
    0.000   33.252998  0.000000e+00  2.189211e+02 
    0.000   33.749001  0.000000e+00  2.189879e+02 
    0.000   34.243999  0.000000e+00  2.190575e+02 
    0.000   34.739998  0.000000e+00  2.191246e+02 
    0.000   35.236000  0.000000e+00  2.191876e+02 
    0.000   35.731998  0.000000e+00  2.192442e+02 
    0.000   36.226997  0.000000e+00  2.192952e+02 
    0.000   36.723000  0.000000e+00  2.193427e+02 
    0.000   37.218998  0.000000e+00  2.193874e+02 
    0.000   37.715000  0.000000e+00  2.194320e+02 
    0.000   38.209999  0.000000e+00  2.194766e+02 
    0.000   38.705997  0.000000e+00  2.195223e+02 
    0.000   39.202000  0.000000e+00  2.195688e+02 
    0.000   39.697998  0.000000e+00  2.196174e+02 
    0.000   40.197998  0.000000e+00  2.196689e+02 
    0.000   45.197998  0.000000e+00  2.201205e+02 
    0.000   50.197998  0.000000e+00  2.203424e+02 
    0.000   55.197998  0.000000e+00  2.203441e+02 
    0.000   60.197998  0.000000e+00  2.202751e+02 
    0.000   65.198006  0.000000e+00  2.202228e+02 
