    0.000    0.000000  0.000000e+00  3.517695e+02 
    0.000    0.102000  0.000000e+00  3.508342e+02 
    0.000    0.205000  0.000000e+00  3.495443e+02 
    0.000    0.308000  0.000000e+00  3.482123e+02 
    0.000    0.411000  0.000000e+00  3.468824e+02 
    0.000    0.514000  0.000000e+00  3.455636e+02 
    0.000    0.617000  0.000000e+00  3.440510e+02 
    0.000    0.720000  0.000000e+00  3.342137e+02 
    0.000    0.823000  0.000000e+00  3.307666e+02 
    0.000    0.926000  0.000000e+00  3.277124e+02 
    0.000    1.028000  0.000000e+00  3.246646e+02 
    0.000    1.131000  0.000000e+00  3.217693e+02 
    0.000    1.234000  0.000000e+00  3.186326e+02 
    0.000    1.337000  0.000000e+00  3.155185e+02 
    0.000    1.440000  0.000000e+00  3.124675e+02 
    0.000    1.543000  0.000000e+00  3.095377e+02 
    0.000    1.646000  0.000000e+00  3.071358e+02 
    0.000    1.749000  0.000000e+00  3.041696e+02 
    0.000    1.852000  0.000000e+00  3.035001e+02 
    0.000    1.954000  0.000000e+00  3.024711e+02 
    0.000    2.057000  0.000000e+00  3.013121e+02 
    0.000    2.160000  0.000000e+00  3.001041e+02 
    0.000    2.263000  0.000000e+00  2.988819e+02 
    0.000    2.366000  0.000000e+00  2.976430e+02 
    0.000    2.469000  0.000000e+00  2.963980e+02 
    0.000    2.572000  0.000000e+00  2.951499e+02 
    0.000    2.675000  0.000000e+00  2.938889e+02 
    0.000    2.778000  0.000000e+00  2.926073e+02 
    0.000    2.881000  0.000000e+00  2.912939e+02 
    0.000    2.983000  0.000000e+00  2.899405e+02 
    0.000    3.086000  0.000000e+00  2.885448e+02 
    0.000    3.189000  0.000000e+00  2.870656e+02 
    0.000    3.292000  0.000000e+00  2.854424e+02 
    0.000    3.395000  0.000000e+00  2.836559e+02 
    0.000    3.498000  0.000000e+00  2.817722e+02 
    0.000    3.601000  0.000000e+00  2.796555e+02 
    0.000    3.704000  0.000000e+00  2.772809e+02 
    0.000    3.807000  0.000000e+00  2.746599e+02 
    0.000    3.909000  0.000000e+00  2.720496e+02 
    0.000    4.012000  0.000000e+00  2.692938e+02 
    0.000    4.115000  0.000000e+00  2.663673e+02 
    0.000    4.218000  0.000000e+00  2.634013e+02 
    0.000    4.321000  0.000000e+00  2.606538e+02 
    0.000    4.424000  0.000000e+00  2.584826e+02 
    0.000    4.527000  0.000000e+00  2.567670e+02 
    0.000    4.630000  0.000000e+00  2.554205e+02 
    0.000    4.733000  0.000000e+00  2.544006e+02 
    0.000    4.835000  0.000000e+00  2.533817e+02 
    0.000    4.938000  0.000000e+00  2.523519e+02 
    0.000    5.041000  0.000000e+00  2.513242e+02 
    0.000    5.144000  0.000000e+00  2.503041e+02 
    0.000    5.247000  0.000000e+00  2.492337e+02 
    0.000    5.350000  0.000000e+00  2.481705e+02 
    0.000    5.453000  0.000000e+00  2.471140e+02 
    0.000    5.556000  0.000000e+00  2.460537e+02 
    0.000    5.659000  0.000000e+00  2.449292e+02 
    0.000    5.761000  0.000000e+00  2.438172e+02 
    0.000    5.864000  0.000000e+00  2.426964e+02 
    0.000    5.967000  0.000000e+00  2.415807e+02 
    0.000    6.070000  0.000000e+00  2.404707e+02 
    0.000    6.173000  0.000000e+00  2.393673e+02 
    0.000    6.276000  0.000000e+00  2.382762e+02 
    0.000    6.379000  0.000000e+00  2.374270e+02 
    0.000    6.482000  0.000000e+00  2.365994e+02 
    0.000    6.585000  0.000000e+00  2.357956e+02 
    0.000    6.687000  0.000000e+00  2.350356e+02 
    0.000    6.790000  0.000000e+00  2.342976e+02 
    0.000    6.893000  0.000000e+00  2.336274e+02 
    0.000    6.996000  0.000000e+00  2.330478e+02 
    0.000    7.099000  0.000000e+00  2.325314e+02 
    0.000    7.202000  0.000000e+00  2.321335e+02 
    0.000    7.305000  0.000000e+00  2.318390e+02 
    0.000    7.408000  0.000000e+00  2.316084e+02 
    0.000    7.511000  0.000000e+00  2.314658e+02 
    0.000    7.613000  0.000000e+00  2.313836e+02 
    0.000    7.716000  0.000000e+00  2.313233e+02 
    0.000    7.819000  0.000000e+00  2.312535e+02 
    0.000    7.922000  0.000000e+00  2.311798e+02 
    0.000    8.025001  0.000000e+00  2.310866e+02 
    0.000    8.128000  0.000000e+00  2.309566e+02 
    0.000    8.231001  0.000000e+00  2.308053e+02 
    0.000    8.334001  0.000000e+00  2.306437e+02 
    0.000    8.437000  0.000000e+00  2.304765e+02 
    0.000    8.539001  0.000000e+00  2.303075e+02 
    0.000    8.642000  0.000000e+00  2.301408e+02 
    0.000    8.745001  0.000000e+00  2.192328e+02 
    0.000    8.848001  0.000000e+00  2.190974e+02 
    0.000    8.951000  0.000000e+00  2.189712e+02 
    0.000    9.054001  0.000000e+00  2.188522e+02 
    0.000    9.157001  0.000000e+00  2.187397e+02 
    0.000    9.260000  0.000000e+00  2.186535e+02 
    0.000    9.363001  0.000000e+00  2.185862e+02 
    0.000    9.466001  0.000000e+00  2.185316e+02 
    0.000    9.568001  0.000000e+00  2.184941e+02 
    0.000    9.671000  0.000000e+00  2.184686e+02 
    0.000    9.774000  0.000000e+00  2.184484e+02 
    0.000    9.877001  0.000000e+00  2.184256e+02 
    0.000    9.980000  0.000000e+00  2.184018e+02 
    0.000   10.083000  0.000000e+00  2.183775e+02 
    0.000   10.186001  0.000000e+00  2.183508e+02 
    0.000   10.289001  0.000000e+00  2.183230e+02 
    0.000   10.392000  0.000000e+00  2.182988e+02 
    0.000   10.494000  0.000000e+00  2.182845e+02 
    0.000   10.597000  0.000000e+00  2.182772e+02 
    0.000   10.700001  0.000000e+00  2.182677e+02 
    0.000   10.803000  0.000000e+00  2.182431e+02 
    0.000   10.906000  0.000000e+00  2.182083e+02 
    0.000   11.009001  0.000000e+00  2.181666e+02 
    0.000   11.112000  0.000000e+00  2.181141e+02 
    0.000   11.215000  0.000000e+00  2.180541e+02 
    0.000   11.318001  0.000000e+00  2.179896e+02 
    0.000   11.420000  0.000000e+00  2.179225e+02 
    0.000   11.523001  0.000000e+00  2.178524e+02 
    0.000   11.626000  0.000000e+00  2.177807e+02 
    0.000   11.729000  0.000000e+00  2.177075e+02 
    0.000   11.832001  0.000000e+00  2.176332e+02 
    0.000   11.935000  0.000000e+00  2.175582e+02 
    0.000   12.038000  0.000000e+00  2.174862e+02 
    0.000   12.141001  0.000000e+00  2.174166e+02 
    0.000   12.244000  0.000000e+00  2.173482e+02 
    0.000   12.346001  0.000000e+00  2.172834e+02 
    0.000   12.449000  0.000000e+00  2.172207e+02 
    0.000   12.552000  0.000000e+00  2.171597e+02 
    0.000   12.655001  0.000000e+00  2.171019e+02 
    0.000   12.758000  0.000000e+00  2.170472e+02 
    0.000   12.861000  0.000000e+00  2.169947e+02 
    0.000   12.964001  0.000000e+00  2.169433e+02 
    0.000   13.067000  0.000000e+00  2.168923e+02 
    0.000   13.170000  0.000000e+00  2.168418e+02 
    0.000   13.272000  0.000000e+00  2.167917e+02 
    0.000   13.375000  0.000000e+00  2.167397e+02 
    0.000   13.478001  0.000000e+00  2.166869e+02 
    0.000   13.581000  0.000000e+00  2.166338e+02 
    0.000   13.684000  0.000000e+00  2.165808e+02 
    0.000   13.787001  0.000000e+00  2.165278e+02 
    0.000   13.890000  0.000000e+00  2.164751e+02 
    0.000   13.993000  0.000000e+00  2.164249e+02 
    0.000   14.096001  0.000000e+00  2.163773e+02 
    0.000   14.199000  0.000000e+00  2.163314e+02 
    0.000   14.301001  0.000000e+00  2.162887e+02 
    0.000   14.404000  0.000000e+00  2.162491e+02 
    0.000   14.507000  0.000000e+00  2.162119e+02 
    0.000   14.610001  0.000000e+00  2.161763e+02 
    0.000   14.713000  0.000000e+00  2.161410e+02 
    0.000   14.816000  0.000000e+00  2.161061e+02 
    0.000   14.919001  0.000000e+00  2.160719e+02 
    0.000   15.022000  0.000000e+00  2.160369e+02 
    0.000   15.125000  0.000000e+00  2.160013e+02 
    0.000   15.227000  0.000000e+00  2.159660e+02 
    0.000   15.330001  0.000000e+00  2.159303e+02 
    0.000   15.433001  0.000000e+00  2.158946e+02 
    0.000   15.536000  0.000000e+00  2.158590e+02 
    0.000   15.639001  0.000000e+00  2.158233e+02 
    0.000   15.742001  0.000000e+00  2.157865e+02 
    0.000   15.845000  0.000000e+00  2.157488e+02 
    0.000   15.948001  0.000000e+00  2.157107e+02 
    0.000   16.050999  0.000000e+00  2.156742e+02 
    0.000   16.153000  0.000000e+00  2.156399e+02 
    0.000   16.255999  0.000000e+00  2.156064e+02 
    0.000   16.358999  0.000000e+00  2.155740e+02 
    0.000   16.462000  0.000000e+00  2.155423e+02 
    0.000   16.564999  0.000000e+00  2.155114e+02 
    0.000   16.667999  0.000000e+00  2.154810e+02 
    0.000   16.771000  0.000000e+00  2.154483e+02 
    0.000   16.873999  0.000000e+00  2.154135e+02 
    0.000   16.976999  0.000000e+00  2.153775e+02 
    0.000   17.078999  0.000000e+00  2.153413e+02 
    0.000   17.181999  0.000000e+00  2.153044e+02 
    0.000   17.285000  0.000000e+00  2.152674e+02 
    0.000   17.387999  0.000000e+00  2.152301e+02 
    0.000   17.490999  0.000000e+00  2.151931e+02 
    0.000   17.594000  0.000000e+00  2.151562e+02 
    0.000   17.696999  0.000000e+00  2.151195e+02 
    0.000   17.799999  0.000000e+00  2.150831e+02 
    0.000   17.903000  0.000000e+00  2.150472e+02 
    0.000   18.004999  0.000000e+00  2.150121e+02 
    0.000   18.108000  0.000000e+00  2.149769e+02 
    0.000   18.210999  0.000000e+00  2.149433e+02 
    0.000   18.313999  0.000000e+00  2.149113e+02 
    0.000   18.417000  0.000000e+00  2.148804e+02 
    0.000   18.519999  0.000000e+00  2.148506e+02 
    0.000   18.622999  0.000000e+00  2.148222e+02 
    0.000   18.726000  0.000000e+00  2.147948e+02 
    0.000   18.828999  0.000000e+00  2.147684e+02 
    0.000   18.931999  0.000000e+00  2.147428e+02 
    0.000   19.034000  0.000000e+00  2.147180e+02 
    0.000   19.136999  0.000000e+00  2.146934e+02 
    0.000   19.240000  0.000000e+00  2.146694e+02 
    0.000   19.343000  0.000000e+00  2.146458e+02 
    0.000   19.445999  0.000000e+00  2.146226e+02 
    0.000   19.549000  0.000000e+00  2.145997e+02 
    0.000   19.652000  0.000000e+00  2.145773e+02 
    0.000   19.754999  0.000000e+00  2.145541e+02 
    0.000   19.858000  0.000000e+00  2.145299e+02 
    0.000   19.959999  0.000000e+00  2.145055e+02 
    0.000   20.063000  0.000000e+00  2.144805e+02 
    0.000   20.362999  0.000000e+00  2.144025e+02 
    0.000   20.858000  0.000000e+00  2.142787e+02 
    0.000   21.354000  0.000000e+00  2.141781e+02 
    0.000   21.850000  0.000000e+00  2.140978e+02 
    0.000   22.345999  0.000000e+00  2.140249e+02 
    0.000   22.841000  0.000000e+00  2.139542e+02 
    0.000   23.337000  0.000000e+00  2.138831e+02 
    0.000   23.833000  0.000000e+00  2.138187e+02 
    0.000   24.328999  0.000000e+00  2.137759e+02 
    0.000   24.823999  0.000000e+00  2.137594e+02 
    0.000   25.320000  0.000000e+00  2.137590e+02 
    0.000   25.816000  0.000000e+00  2.137612e+02 
    0.000   26.312000  0.000000e+00  2.137565e+02 
    0.000   26.806999  0.000000e+00  2.137597e+02 
    0.000   27.302999  0.000000e+00  2.137795e+02 
    0.000   27.799000  0.000000e+00  2.138104e+02 
    0.000   28.295000  0.000000e+00  2.138454e+02 
    0.000   28.789999  0.000000e+00  2.138874e+02 
    0.000   29.285999  0.000000e+00  2.139316e+02 
    0.000   29.782000  0.000000e+00  2.139783e+02 
    0.000   30.278000  0.000000e+00  2.140296e+02 
    0.000   30.772999  0.000000e+00  2.140884e+02 
    0.000   31.268999  0.000000e+00  2.141500e+02 
    0.000   31.764999  0.000000e+00  2.142094e+02 
    0.000   32.260998  0.000000e+00  2.142658e+02 
    0.000   32.756001  0.000000e+00  2.143205e+02 
    0.000   33.251999  0.000000e+00  2.143754e+02 
    0.000   33.748001  0.000000e+00  2.144320e+02 
    0.000   34.243999  0.000000e+00  2.144908e+02 
    0.000   34.738998  0.000000e+00  2.145534e+02 
    0.000   35.235001  0.000000e+00  2.146192e+02 
    0.000   35.730999  0.000000e+00  2.146829e+02 
    0.000   36.227001  0.000000e+00  2.147437e+02 
    0.000   36.722000  0.000000e+00  2.147974e+02 
    0.000   37.217999  0.000000e+00  2.148451e+02 
    0.000   37.714001  0.000000e+00  2.148891e+02 
    0.000   38.209999  0.000000e+00  2.149304e+02 
    0.000   38.704998  0.000000e+00  2.149726e+02 
    0.000   39.201000  0.000000e+00  2.150168e+02 
    0.000   39.696999  0.000000e+00  2.150634e+02 
    0.000   40.196999  0.000000e+00  2.151130e+02 
    0.000   45.196999  0.000000e+00  2.155602e+02 
    0.000   50.196999  0.000000e+00  2.157819e+02 
    0.000   55.196999  0.000000e+00  2.157767e+02 
    0.000   60.196999  0.000000e+00  2.157102e+02 
    0.000   65.197006  0.000000e+00  2.156574e+02 
