   67.824    0.000000  1.247054e-13  6.317764e+00 
   67.824    0.103000  1.253798e-13  6.410931e+00 
   67.824    0.206000  1.260484e-13  6.506199e+00 
   67.824    0.309000  1.299122e-08  6.155886e+01 
   67.824    0.412000  5.495092e-05  1.028456e+02 
   67.824    0.515000  5.683620e-05  1.028805e+02 
   67.824    0.617000  5.712338e-05  1.028103e+02 
   67.824    0.720000  5.741767e-05  1.027532e+02 
   67.824    0.823000  5.771224e-05  1.027075e+02 
   67.824    0.926000  5.801905e-05  1.026728e+02 
   67.824    1.029000  5.836241e-05  1.026501e+02 
   67.824    1.132000  5.876714e-05  1.026408e+02 
   67.824    1.235000  5.926702e-05  1.026477e+02 
   67.824    1.338000  7.801578e-03  1.294935e+02 
   67.824    1.441000  2.601581e-01  1.539240e+02 
   67.824    1.543000  3.089007e+00  1.779522e+02 
   67.824    1.646000  1.764569e+01  2.022373e+02 
   67.824    1.749000  5.734273e+01  2.247541e+02 
   67.824    1.852000  1.218779e+02  2.426312e+02 
   67.824    1.955000  1.968195e+02  2.551751e+02 
   67.824    2.058000  2.721761e+02  2.632405e+02 
   67.824    2.161000  2.736485e+02  2.630275e+02 
   67.824    2.264000  2.751041e+02  2.628671e+02 
   67.824    2.367000  2.769455e+02  2.628027e+02 
   67.824    2.469000  2.787353e+02  2.627649e+02 
   67.824    2.572000  2.804900e+02  2.627430e+02 
   67.824    2.675000  2.823676e+02  2.627571e+02 
   67.824    2.778000  2.847041e+02  2.628492e+02 
   67.824    2.881000  2.884744e+02  2.631468e+02 
   67.824    2.984000  2.948886e+02  2.638047e+02 
   67.824    3.087000  3.052633e+02  2.649685e+02 
   67.824    3.190000  3.186493e+02  2.664604e+02 
   67.824    3.293000  3.200598e+02  2.664836e+02 
   67.824    3.395000  3.214445e+02  2.665201e+02 
   67.824    3.498000  3.228343e+02  2.665675e+02 
   67.824    3.601000  3.242187e+02  2.666237e+02 
   67.824    3.704000  3.256037e+02  2.666871e+02 
   67.824    3.807000  3.269892e+02  2.667570e+02 
   67.824    3.910000  3.283749e+02  2.668326e+02 
   67.824    4.013000  3.297601e+02  2.669137e+02 
   67.824    4.116000  3.311400e+02  2.669999e+02 
   67.824    4.219000  3.325089e+02  2.670913e+02 
   67.824    4.321000  3.338505e+02  2.671865e+02 
   67.824    4.424000  3.351901e+02  2.672868e+02 
   67.824    4.527000  3.365131e+02  2.673910e+02 
   67.824    4.630000  3.378190e+02  2.674986e+02 
   67.824    4.733000  3.391111e+02  2.676086e+02 
   67.824    4.836000  3.403873e+02  2.677209e+02 
   67.824    4.939000  3.416470e+02  2.678352e+02 
   67.824    5.042000  3.428900e+02  2.679513e+02 
   67.824    5.145000  3.441139e+02  2.680691e+02 
   67.824    5.247000  3.453069e+02  2.681872e+02 
   67.824    5.350000  3.467844e+02  2.683450e+02 
   67.824    5.453000  3.482360e+02  2.685027e+02 
   67.824    5.556000  3.496635e+02  2.686604e+02 
   67.824    5.659000  3.507961e+02  2.687832e+02 
   67.824    5.762000  3.519112e+02  2.689067e+02 
   67.824    5.865000  3.530102e+02  2.690308e+02 
   67.824    5.968000  3.540926e+02  2.691553e+02 
   67.824    6.071000  3.551569e+02  2.692802e+02 
   67.824    6.173000  3.567952e+02  2.694451e+02 
   67.824    6.276000  3.591141e+02  2.696568e+02 
   67.824    6.379000  3.618705e+02  2.698976e+02 
   67.824    6.482000  3.652428e+02  2.701785e+02 
   67.824    6.585000  3.690741e+02  2.704880e+02 
   67.824    6.688000  3.733129e+02  2.708211e+02 
   67.824    6.791000  3.778492e+02  2.711701e+02 
   67.824    6.894000  3.826034e+02  2.715292e+02 
   67.824    6.997000  3.865200e+02  2.718307e+02 
   67.824    7.100000  3.904047e+02  2.721278e+02 
   67.824    7.202000  3.944729e+02  2.724350e+02 
   67.824    7.305000  3.978521e+02  2.726997e+02 
   67.824    7.408000  4.015447e+02  2.729847e+02 
   67.824    7.511000  4.041079e+02  2.732012e+02 
   67.824    7.614000  4.062076e+02  2.733929e+02 
   67.824    7.717000  4.086903e+02  2.736093e+02 
   67.824    7.820000  4.110434e+02  2.738163e+02 
   67.824    7.923000  4.137263e+02  2.740406e+02 
   67.824    8.026000  4.164188e+02  2.742626e+02 
   67.824    8.127999  4.189737e+02  2.744727e+02 
   67.824    8.231000  4.215077e+02  2.746795e+02 
   67.824    8.334000  4.238165e+02  2.748716e+02 
   67.824    8.436999  4.260167e+02  2.750562e+02 
   67.824    8.540000  4.286444e+02  2.752623e+02 
   67.824    8.643000  4.308261e+02  2.754420e+02 
   67.824    8.745999  4.331068e+02  2.756247e+02 
   67.824    8.849000  4.352239e+02  2.757936e+02 
   67.824    8.952000  4.372152e+02  2.759536e+02 
   67.824    9.054000  4.379926e+02  2.760593e+02 
   67.824    9.157000  4.388111e+02  2.761675e+02 
   67.824    9.259999  4.396750e+02  2.762777e+02 
   67.824    9.363000  4.405515e+02  2.763913e+02 
   67.824    9.466000  4.414664e+02  2.765063e+02 
   67.824    9.568999  4.424089e+02  2.766219e+02 
   67.824    9.672000  4.433795e+02  2.767380e+02 
   67.824    9.775000  4.443654e+02  2.768536e+02 
   67.824    9.877999  4.453533e+02  2.769677e+02 
   67.824    9.980000  4.463272e+02  2.770788e+02 
   67.824   10.083000  4.472788e+02  2.771937e+02 
   67.824   10.186000  4.482234e+02  2.773102e+02 
   67.824   10.289000  4.491211e+02  2.774205e+02 
   67.824   10.392000  4.495755e+02  2.774766e+02 
   67.824   10.495000  4.500226e+02  2.775316e+02 
   67.824   10.598000  4.504628e+02  2.775854e+02 
   67.824   10.701000  4.508966e+02  2.776383e+02 
   67.824   10.804000  4.513250e+02  2.776904e+02 
   67.824   10.906000  4.517440e+02  2.777411e+02 
   67.824   11.009000  4.521617e+02  2.777915e+02 
   67.824   11.112000  4.525737e+02  2.778412e+02 
   67.824   11.215000  4.529802e+02  2.778904e+02 
   67.824   11.318000  4.533810e+02  2.779389e+02 
   67.824   11.421000  4.537766e+02  2.779869e+02 
   67.824   11.524000  4.541670e+02  2.780345e+02 
   67.824   11.627000  4.545520e+02  2.780815e+02 
   67.824   11.730000  4.549316e+02  2.781279e+02 
   67.824   11.833000  4.553057e+02  2.781739e+02 
   67.824   11.934999  4.556707e+02  2.782188e+02 
   67.824   12.038000  4.560341e+02  2.782637e+02 
   67.824   12.141000  4.563925e+02  2.783079e+02 
   67.824   12.243999  4.567458e+02  2.783515e+02 
   67.824   12.347000  4.570942e+02  2.783945e+02 
   67.824   12.450000  4.574381e+02  2.784369e+02 
   67.824   12.552999  4.577772e+02  2.784786e+02 
   67.824   12.656000  4.581120e+02  2.785196e+02 
   67.824   12.759000  4.584425e+02  2.785599e+02 
   67.824   12.861000  4.587661e+02  2.785992e+02 
   67.824   12.964000  4.590889e+02  2.786382e+02 
   67.824   13.066999  4.594081e+02  2.786764e+02 
   67.824   13.170000  4.597235e+02  2.787139e+02 
   67.824   13.273000  4.600352e+02  2.787505e+02 
   67.824   13.375999  4.603434e+02  2.787864e+02 
   67.824   13.479000  4.606481e+02  2.788215e+02 
   67.824   13.582000  4.609492e+02  2.788557e+02 
   67.824   13.684999  4.612471e+02  2.788890e+02 
   67.824   13.787000  4.615389e+02  2.789211e+02 
   67.824   13.889999  4.618304e+02  2.789526e+02 
   67.824   13.993000  4.621187e+02  2.789831e+02 
   67.824   14.096000  4.624040e+02  2.790126e+02 
   67.824   14.198999  4.626861e+02  2.790413e+02 
   67.824   14.302000  4.629651e+02  2.790690e+02 
   67.824   14.405000  4.632409e+02  2.790960e+02 
   67.824   14.507999  4.635135e+02  2.791223e+02 
   67.824   14.611000  4.637827e+02  2.791478e+02 
   67.824   14.712999  4.640461e+02  2.791726e+02 
   67.824   14.816000  4.643088e+02  2.791970e+02 
   67.824   14.919000  4.645681e+02  2.792209e+02 
   67.824   15.021999  4.648243e+02  2.792444e+02 
   67.824   15.125000  4.650773e+02  2.792672e+02 
   67.824   15.228000  4.653271e+02  2.792897e+02 
   67.824   15.330999  4.655739e+02  2.793116e+02 
   67.824   15.434000  4.658176e+02  2.793330e+02 
   67.824   15.537000  4.660583e+02  2.793539e+02 
   67.824   15.639000  4.662936e+02  2.793741e+02 
   67.824   15.742000  4.665284e+02  2.793941e+02 
   67.824   15.844999  4.667603e+02  2.794136e+02 
   67.824   15.948000  4.669896e+02  2.794327e+02 
   67.824   16.051001  4.672164e+02  2.794513e+02 
   67.824   16.153999  4.674407e+02  2.794694e+02 
   67.824   16.257000  4.676627e+02  2.794870e+02 
   67.824   16.360001  4.678822e+02  2.795042e+02 
   67.824   16.462999  4.680996e+02  2.795207e+02 
   67.824   16.566000  4.683148e+02  2.795368e+02 
   67.824   16.667999  4.685257e+02  2.795521e+02 
   67.824   16.771000  4.687368e+02  2.795669e+02 
   67.824   16.874001  4.689461e+02  2.795810e+02 
   67.824   16.976999  4.691536e+02  2.795944e+02 
   67.824   17.080000  4.693595e+02  2.796070e+02 
   67.824   17.183001  4.695642e+02  2.796186e+02 
   67.824   17.285999  4.697677e+02  2.796293e+02 
   67.824   17.389000  4.699699e+02  2.796390e+02 
   67.824   17.492001  4.701708e+02  2.796479e+02 
   67.824   17.594000  4.703687e+02  2.796557e+02 
   67.824   17.697001  4.705672e+02  2.796628e+02 
   67.824   17.799999  4.707643e+02  2.796692e+02 
   67.824   17.903000  4.709598e+02  2.796750e+02 
   67.824   18.006001  4.711538e+02  2.796802e+02 
   67.824   18.108999  4.713461e+02  2.796848e+02 
   67.824   18.212000  4.715367e+02  2.796889e+02 
   67.824   18.315001  4.717257e+02  2.796925e+02 
   67.824   18.417999  4.719132e+02  2.796956e+02 
   67.824   18.520000  4.720972e+02  2.796982e+02 
   67.824   18.622999  4.722815e+02  2.797003e+02 
   67.824   18.726000  4.724643e+02  2.797019e+02 
   67.824   18.829000  4.726457e+02  2.797030e+02 
   67.824   18.931999  4.728255e+02  2.797036e+02 
   67.824   19.035000  4.730039e+02  2.797037e+02 
   67.824   19.138000  4.731810e+02  2.797034e+02 
   67.824   19.240999  4.733568e+02  2.797026e+02 
   67.824   19.344000  4.735312e+02  2.797014e+02 
   67.824   19.445999  4.737026e+02  2.796997e+02 
   67.824   19.549000  4.738745e+02  2.796976e+02 
   67.824   19.652000  4.740450e+02  2.796950e+02 
   67.824   19.754999  4.742144e+02  2.796920e+02 
   67.824   19.858000  4.743824e+02  2.796886e+02 
   67.824   19.961000  4.745493e+02  2.796848e+02 
   67.824   20.063999  4.747153e+02  2.796804e+02 
   67.824   20.362999  4.751917e+02  2.796645e+02 
   67.824   20.858999  4.759590e+02  2.796316e+02 
   67.824   21.355000  4.766981e+02  2.795911e+02 
   67.824   21.850000  4.774065e+02  2.795449e+02 
   67.824   22.346001  4.780804e+02  2.794977e+02 
   67.824   22.841999  4.787128e+02  2.794537e+02 
   67.824   23.337999  4.793021e+02  2.794143e+02 
   67.824   23.833000  4.798521e+02  2.793780e+02 
   67.824   24.329000  4.803713e+02  2.793423e+02 
   67.824   24.824999  4.808600e+02  2.793074e+02 
   67.824   25.320999  4.813165e+02  2.792746e+02 
   67.824   25.816000  4.817415e+02  2.792442e+02 
   67.824   26.312000  4.821396e+02  2.792152e+02 
   67.824   26.808001  4.825123e+02  2.791873e+02 
   67.824   27.303999  4.828606e+02  2.791607e+02 
   67.824   27.799000  4.831852e+02  2.791353e+02 
   67.824   28.295000  4.834896e+02  2.791107e+02 
   67.824   28.791000  4.837760e+02  2.790864e+02 
   67.824   29.287001  4.840466e+02  2.790623e+02 
   67.824   29.782000  4.843030e+02  2.790382e+02 
   67.824   30.278000  4.845475e+02  2.790139e+02 
   67.824   30.774000  4.847814e+02  2.789897e+02 
   67.824   31.270000  4.850065e+02  2.789654e+02 
   67.824   31.764999  4.852238e+02  2.789413e+02 
   67.824   32.261002  4.854368e+02  2.789172e+02 
   67.824   32.757000  4.856465e+02  2.788932e+02 
   67.824   33.253002  4.858546e+02  2.788698e+02 
   67.824   33.748001  4.860622e+02  2.788471e+02 
   67.824   34.244003  4.862712e+02  2.788255e+02 
   67.824   34.740002  4.864832e+02  2.788051e+02 
   67.824   35.236000  4.866992e+02  2.787859e+02 
   67.824   35.731003  4.869201e+02  2.787679e+02 
   67.824   36.227001  4.871470e+02  2.787511e+02 
   67.824   36.723003  4.873797e+02  2.787354e+02 
   67.824   37.219002  4.876178e+02  2.787206e+02 
   67.824   37.714001  4.878596e+02  2.787069e+02 
   67.824   38.210003  4.881050e+02  2.786942e+02 
   67.824   38.706001  4.883516e+02  2.786825e+02 
   67.824   39.202003  4.885976e+02  2.786717e+02 
   67.824   39.697002  4.888401e+02  2.786620e+02 
   67.824   40.197002  4.890771e+02  2.786545e+02 
   67.824   45.197002  4.909439e+02  2.786258e+02 
   67.824   50.197002  4.916528e+02  2.786250e+02 
   67.824   55.197002  4.919006e+02  2.786293e+02 
   67.824   60.197002  4.926410e+02  2.786334e+02 
   67.824   65.196999  4.938735e+02  2.786363e+02 
