   67.985    0.000000  1.726128e-21  4.884465e+00 
   67.985    0.103000  1.735818e-21  4.961940e+00 
   67.985    0.206000  1.745421e-21  5.040559e+00 
   67.985    0.309000  1.754977e-21  5.119546e+00 
   67.985    0.412000  1.764512e-21  5.198488e+00 
   67.985    0.515000  1.774043e-21  5.277105e+00 
   67.985    0.617000  1.783494e-21  5.354519e+00 
   67.985    0.720000  2.222137e-21  6.650511e+00 
   67.985    0.823000  3.081749e-21  8.486503e+00 
   67.985    0.926000  4.508920e-21  1.053565e+01 
   67.985    1.029000  7.030038e-21  1.284407e+01 
   67.985    1.132000  1.184436e-20  1.547342e+01 
   67.985    1.235000  2.133813e-20  1.835950e+01 
   67.985    1.338000  4.088261e-20  2.146777e+01 
   67.985    1.441000  8.259678e-20  2.475180e+01 
   67.985    1.544000  1.752431e-19  2.818776e+01 
   67.985    1.646000  3.851109e-19  3.170764e+01 
   67.985    1.749000  8.842219e-19  3.533804e+01 
   67.985    1.852000  1.014229e-18  3.592320e+01 
   67.985    1.955000  1.462026e-18  3.750388e+01 
   67.985    2.058000  2.020868e-18  3.891022e+01 
   67.985    2.161000  2.640824e-18  4.008059e+01 
   67.985    2.264000  1.074715e-13  7.687163e+01 
   67.985    2.367000  8.958543e-07  1.317821e+02 
   67.985    2.470000  9.938871e-07  1.320787e+02 
   67.985    2.572000  4.390767e-04  1.561348e+02 
   67.985    2.675000  3.504808e-02  1.783161e+02 
   67.985    2.778000  7.836041e-01  2.010775e+02 
   67.985    2.881000  7.002619e+00  2.254632e+02 
   67.985    2.984000  3.280845e+01  2.495851e+02 
   67.985    3.087000  3.399159e+01  2.498023e+02 
   67.985    3.190000  3.529483e+01  2.501151e+02 
   67.985    3.293000  3.669594e+01  2.504971e+02 
   67.985    3.396000  3.857515e+01  2.510947e+02 
   67.985    3.498000  4.083758e+01  2.518494e+02 
   67.985    3.601000  4.336980e+01  2.526950e+02 
   67.985    3.704000  4.591212e+01  2.535235e+02 
   67.985    3.807000  4.812323e+01  2.542141e+02 
   67.985    3.910000  5.005440e+01  2.547969e+02 
   67.985    4.013000  5.208463e+01  2.554106e+02 
   67.985    4.116000  5.487714e+01  2.562727e+02 
   67.985    4.219000  5.842059e+01  2.573501e+02 
   67.985    4.322000  6.263963e+01  2.585904e+02 
   67.985    4.424000  6.745317e+01  2.599460e+02 
   67.985    4.527000  7.283547e+01  2.613906e+02 
   67.985    4.630000  8.018778e+01  2.632635e+02 
   67.985    4.733000  9.075689e+01  2.657543e+02 
   67.985    4.836000  1.050139e+02  2.687764e+02 
   67.985    4.939000  1.222469e+02  2.720043e+02 
   67.985    5.042000  1.424135e+02  2.753196e+02 
   67.985    5.145000  1.626670e+02  2.782513e+02 
   67.985    5.248000  1.816013e+02  2.807054e+02 
   67.985    5.350000  1.968546e+02  2.825133e+02 
   67.985    5.453000  2.080095e+02  2.837520e+02 
   67.985    5.556000  2.164753e+02  2.846532e+02 
   67.985    5.659000  2.232092e+02  2.853531e+02 
   67.985    5.762000  2.300154e+02  2.860556e+02 
   67.985    5.865000  2.391746e+02  2.869925e+02 
   67.985    5.968000  2.515867e+02  2.882261e+02 
   67.985    6.071000  2.648138e+02  2.894890e+02 
   67.985    6.174000  2.762454e+02  2.905401e+02 
   67.985    6.276000  2.842468e+02  2.912577e+02 
   67.985    6.379000  2.915771e+02  2.919027e+02 
   67.985    6.482000  2.986762e+02  2.925151e+02 
   67.985    6.585000  3.050543e+02  2.930562e+02 
   67.985    6.688000  3.109150e+02  2.935468e+02 
   67.985    6.791000  3.157104e+02  2.939467e+02 
   67.985    6.894000  3.233394e+02  2.945641e+02 
   67.985    6.997000  3.338365e+02  2.953805e+02 
   67.985    7.100000  3.434274e+02  2.961036e+02 
   67.985    7.203000  3.485623e+02  2.964933e+02 
   67.985    7.305000  3.533312e+02  2.968571e+02 
   67.985    7.408000  3.583286e+02  2.972368e+02 
   67.985    7.511000  3.630769e+02  2.975987e+02 
   67.985    7.614000  3.678477e+02  2.979626e+02 
   67.985    7.717000  3.724694e+02  2.983158e+02 
   67.985    7.820000  3.770854e+02  2.986650e+02 
   67.985    7.923000  3.815297e+02  2.990004e+02 
   67.985    8.026000  3.856983e+02  2.993152e+02 
   67.985    8.129000  3.902254e+02  2.996474e+02 
   67.985    8.231000  3.946198e+02  2.999658e+02 
   67.985    8.334001  3.981742e+02  3.002301e+02 
   67.985    8.437000  4.023523e+02  3.005263e+02 
   67.985    8.540000  4.063915e+02  3.008095e+02 
   67.985    8.643001  4.104541e+02  3.010887e+02 
   67.985    8.746000  4.145265e+02  3.013600e+02 
   67.985    8.849000  4.182136e+02  3.016058e+02 
   67.985    8.952001  4.193403e+02  3.017371e+02 
   67.985    9.055000  4.206766e+02  3.018870e+02 
   67.985    9.157001  4.223217e+02  3.020643e+02 
   67.985    9.260000  4.227814e+02  3.021284e+02 
   67.985    9.363000  4.232356e+02  3.021912e+02 
   67.985    9.466001  4.236877e+02  3.022524e+02 
   67.985    9.569000  4.241430e+02  3.023118e+02 
   67.985    9.672000  4.246034e+02  3.023694e+02 
   67.985    9.775001  4.250345e+02  3.024263e+02 
   67.985    9.878000  4.254637e+02  3.024817e+02 
   67.985    9.981000  4.258904e+02  3.025353e+02 
   67.985   10.083000  4.263085e+02  3.025869e+02 
   67.985   10.186000  4.267555e+02  3.026367e+02 
   67.985   10.289001  4.271936e+02  3.026854e+02 
   67.985   10.392000  4.276232e+02  3.027329e+02 
   67.985   10.495000  4.280453e+02  3.027796e+02 
   67.985   10.598001  4.284598e+02  3.028253e+02 
   67.985   10.701000  4.288675e+02  3.028703e+02 
   67.985   10.804000  4.292693e+02  3.029145e+02 
   67.985   10.907001  4.296653e+02  3.029581e+02 
   67.985   11.009000  4.300521e+02  3.030006e+02 
   67.985   11.112000  4.304377e+02  3.030430e+02 
   67.985   11.215000  4.308185e+02  3.030849e+02 
   67.985   11.318000  4.311945e+02  3.031263e+02 
   67.985   11.421000  4.315656e+02  3.031674e+02 
   67.985   11.524000  4.319319e+02  3.032081e+02 
   67.985   11.627000  4.322932e+02  3.032485e+02 
   67.985   11.730000  4.326490e+02  3.032885e+02 
   67.985   11.833000  4.329994e+02  3.033283e+02 
   67.985   11.935000  4.333409e+02  3.033673e+02 
   67.985   12.038000  4.336807e+02  3.034064e+02 
   67.985   12.141000  4.340157e+02  3.034450e+02 
   67.985   12.244000  4.343458e+02  3.034832e+02 
   67.985   12.347000  4.346713e+02  3.035210e+02 
   67.985   12.450000  4.349925e+02  3.035582e+02 
   67.985   12.553000  4.353093e+02  3.035949e+02 
   67.985   12.656000  4.356219e+02  3.036312e+02 
   67.985   12.759000  4.359305e+02  3.036668e+02 
   67.985   12.862000  4.362353e+02  3.037020e+02 
   67.985   12.964000  4.365336e+02  3.037362e+02 
   67.985   13.067000  4.368314e+02  3.037701e+02 
   67.985   13.170000  4.371258e+02  3.038034e+02 
   67.985   13.273000  4.374168e+02  3.038359e+02 
   67.985   13.376000  4.377045e+02  3.038678e+02 
   67.985   13.479000  4.379890e+02  3.038989e+02 
   67.985   13.582000  4.382703e+02  3.039291e+02 
   67.985   13.685000  4.385486e+02  3.039585e+02 
   67.985   13.788000  4.388240e+02  3.039869e+02 
   67.985   13.890000  4.390938e+02  3.040142e+02 
   67.985   13.993000  4.393632e+02  3.040408e+02 
   67.985   14.096000  4.396297e+02  3.040665e+02 
   67.985   14.199000  4.398933e+02  3.040914e+02 
   67.985   14.302000  4.401538e+02  3.041156e+02 
   67.985   14.405000  4.404111e+02  3.041392e+02 
   67.985   14.508000  4.406654e+02  3.041621e+02 
   67.985   14.611000  4.409164e+02  3.041845e+02 
   67.985   14.714000  4.411644e+02  3.042064e+02 
   67.985   14.816000  4.414069e+02  3.042277e+02 
   67.985   14.919000  4.416487e+02  3.042487e+02 
   67.985   15.022000  4.418874e+02  3.042693e+02 
   67.985   15.125000  4.598255e+02  3.064078e+02 
   67.985   15.228000  4.619313e+02  3.066249e+02 
   67.985   15.331000  4.621776e+02  3.066406e+02 
   67.985   15.434000  4.624552e+02  3.066595e+02 
   67.985   15.537000  4.627299e+02  3.066781e+02 
   67.985   15.640000  4.629671e+02  3.066927e+02 
   67.985   15.742001  4.631992e+02  3.067067e+02 
   67.985   15.845000  4.634308e+02  3.067206e+02 
   67.985   15.948001  4.636597e+02  3.067340e+02 
   67.985   16.050999  4.638861e+02  3.067471e+02 
   67.985   16.153999  4.641101e+02  3.067598e+02 
   67.985   16.257000  4.643318e+02  3.067720e+02 
   67.985   16.359999  4.645511e+02  3.067838e+02 
   67.985   16.462999  4.647682e+02  3.067951e+02 
   67.985   16.566000  4.649831e+02  3.068059e+02 
   67.985   16.667999  4.651939e+02  3.068161e+02 
   67.985   16.771000  4.654048e+02  3.068257e+02 
   67.985   16.873999  4.656141e+02  3.068347e+02 
   67.985   16.976999  4.658216e+02  3.068429e+02 
   67.985   17.080000  4.660276e+02  3.068503e+02 
   67.985   17.182999  4.662325e+02  3.068568e+02 
   67.985   17.285999  4.664361e+02  3.068623e+02 
   67.985   17.389000  4.666384e+02  3.068670e+02 
   67.985   17.491999  4.668395e+02  3.068709e+02 
   67.985   17.594999  4.670393e+02  3.068740e+02 
   67.985   17.696999  4.672358e+02  3.068763e+02 
   67.985   17.799999  4.674327e+02  3.068779e+02 
   67.985   17.903000  4.676281e+02  3.068790e+02 
   67.985   18.005999  4.678218e+02  3.068796e+02 
   67.985   18.108999  4.680139e+02  3.068797e+02 
   67.985   18.212000  4.682044e+02  3.068793e+02 
   67.985   18.314999  4.683934e+02  3.068784e+02 
   67.985   18.417999  4.685807e+02  3.068771e+02 
   67.985   18.521000  4.687664e+02  3.068752e+02 
   67.985   18.622999  4.689489e+02  3.068730e+02 
   67.985   18.726000  4.691317e+02  3.068702e+02 
   67.985   18.828999  4.693129e+02  3.068670e+02 
   67.985   18.931999  4.694926e+02  3.068633e+02 
   67.985   19.035000  4.696710e+02  3.068592e+02 
   67.985   19.137999  4.698480e+02  3.068547e+02 
   67.985   19.240999  4.700237e+02  3.068498e+02 
   67.985   19.344000  4.701980e+02  3.068445e+02 
   67.985   19.446999  4.703711e+02  3.068387e+02 
   67.985   19.549000  4.705412e+02  3.068326e+02 
   67.985   19.651999  4.707117e+02  3.068260e+02 
   67.985   19.754999  4.708810e+02  3.068190e+02 
   67.985   19.858000  4.710491e+02  3.068116e+02 
   67.985   19.960999  4.712159e+02  3.068038e+02 
   67.985   20.063999  4.713818e+02  3.067955e+02 
   67.985   20.362999  4.718578e+02  3.067685e+02 
   67.985   20.858999  4.726245e+02  3.067178e+02 
   67.985   21.355000  4.733629e+02  3.066603e+02 
   67.985   21.849998  4.740704e+02  3.065982e+02 
   67.985   22.345999  4.747426e+02  3.065363e+02 
   67.985   22.841999  4.753727e+02  3.064790e+02 
   67.985   23.337999  4.759598e+02  3.064275e+02 
   67.985   23.832998  4.765082e+02  3.063796e+02 
   67.985   24.328999  4.770265e+02  3.063329e+02 
   67.985   24.824999  4.775143e+02  3.062878e+02 
   67.985   25.320999  4.779696e+02  3.062455e+02 
   67.985   25.816000  4.783936e+02  3.062063e+02 
   67.985   26.311998  4.787908e+02  3.061692e+02 
   67.985   26.807999  4.791625e+02  3.061338e+02 
   67.985   27.303999  4.795097e+02  3.061001e+02 
   67.985   27.799000  4.798334e+02  3.060682e+02 
   67.985   28.295000  4.801371e+02  3.060374e+02 
   67.985   28.790998  4.804228e+02  3.060074e+02 
   67.985   29.286999  4.806928e+02  3.059779e+02 
   67.985   29.782999  4.809489e+02  3.059486e+02 
   67.985   30.278000  4.811922e+02  3.059195e+02 
   67.985   30.773998  4.814254e+02  3.058907e+02 
   67.985   31.269999  4.816495e+02  3.058621e+02 
   67.985   31.765999  4.818660e+02  3.058340e+02 
   67.985   32.261002  4.820768e+02  3.058062e+02 
   67.985   32.757000  4.822846e+02  3.057788e+02 
   67.985   33.253002  4.824909e+02  3.057520e+02 
   67.985   33.749001  4.826972e+02  3.057260e+02 
   67.985   34.243999  4.829042e+02  3.057013e+02 
   67.985   34.740002  4.831146e+02  3.056778e+02 
   67.985   35.236000  4.833290e+02  3.056559e+02 
   67.985   35.732002  4.835485e+02  3.056352e+02 
   67.985   36.227001  4.837732e+02  3.056159e+02 
   67.985   36.723000  4.840041e+02  3.055978e+02 
   67.985   37.219002  4.842402e+02  3.055809e+02 
   67.985   37.715000  4.844806e+02  3.055652e+02 
   67.985   38.210003  4.847238e+02  3.055506e+02 
   67.985   38.706001  4.849688e+02  3.055371e+02 
   67.985   39.202000  4.852134e+02  3.055248e+02 
   67.985   39.698002  4.854552e+02  3.055136e+02 
   67.985   40.198002  4.856912e+02  3.055048e+02 
   67.985   45.198002  4.875536e+02  3.054684e+02 
   67.985   50.198002  4.882624e+02  3.054646e+02 
   67.985   55.198002  4.885092e+02  3.054675e+02 
   67.985   60.198002  4.892401e+02  3.054709e+02 
   67.985   65.197998  4.904704e+02  3.054735e+02 
