   67.047    0.000000  6.728177e+01  3.255885e+01 
   67.047    0.103000  6.765904e+01  3.277140e+01 
   67.047    0.206000  6.803441e+01  3.300539e+01 
   67.047    0.309000  6.950420e+01  3.414635e+01 
   67.047    0.412000  7.086709e+01  3.520521e+01 
   67.047    0.515000  7.217348e+01  3.621784e+01 
   67.047    0.618000  7.339940e+01  3.716295e+01 
   67.047    0.721000  7.455032e+01  3.804476e+01 
   67.047    0.823000  7.514480e+01  3.848175e+01 
   67.047    0.926000  7.573997e+01  3.892056e+01 
   67.047    1.029000  7.632629e+01  3.935325e+01 
   67.047    1.132000  7.689579e+01  3.977321e+01 
   67.047    1.235000  7.744442e+01  4.017586e+01 
   67.047    1.338000  7.797390e+01  4.056117e+01 
   67.047    1.441000  7.837935e+01  4.084732e+01 
   67.047    1.544000  7.878280e+01  4.113484e+01 
   67.047    1.647000  7.918326e+01  4.142351e+01 
   67.047    1.749000  7.957710e+01  4.171007e+01 
   67.047    1.852000  1.319233e+02  6.264618e+01 
   67.047    1.955000  2.216643e+02  8.382037e+01 
   67.047    2.058000  3.719102e+02  1.030751e+02 
   67.047    2.161000  3.737492e+02  1.031439e+02 
   67.047    2.264000  3.755702e+02  1.032489e+02 
   67.047    2.367000  3.773683e+02  1.033793e+02 
   67.047    2.470000  3.791478e+02  1.035283e+02 
   67.047    2.573000  3.809145e+02  1.036912e+02 
   67.047    2.675000  3.826526e+02  1.038636e+02 
   67.047    2.778000  3.844004e+02  1.040464e+02 
   67.047    2.881000  3.861386e+02  1.042367e+02 
   67.047    2.984000  3.878643e+02  1.044336e+02 
   67.047    3.087000  3.895764e+02  1.046362e+02 
   67.047    3.190000  3.912761e+02  1.048435e+02 
   67.047    3.293000  3.929640e+02  1.050547e+02 
   67.047    3.396000  3.946411e+02  1.052693e+02 
   67.047    3.499000  3.963075e+02  1.054866e+02 
   67.047    3.601000  3.979513e+02  1.057039e+02 
   67.047    3.704000  3.996089e+02  1.059248e+02 
   67.047    3.807000  4.012663e+02  1.061468e+02 
   67.047    3.910000  4.029281e+02  1.063695e+02 
   67.047    4.013000  4.045970e+02  1.065927e+02 
   67.047    4.116000  4.062685e+02  1.068162e+02 
   67.047    4.219000  4.079372e+02  1.070402e+02 
   67.047    4.322000  4.095989e+02  1.072645e+02 
   67.047    4.425000  4.112468e+02  1.074891e+02 
   67.047    4.528000  4.128743e+02  1.077141e+02 
   67.047    4.630000  4.144636e+02  1.079370e+02 
   67.047    4.733000  4.160475e+02  1.081617e+02 
   67.047    4.836000  4.176080e+02  1.083861e+02 
   67.047    4.939000  4.191437e+02  1.086099e+02 
   67.047    5.042000  4.206535e+02  1.088331e+02 
   67.047    5.145000  4.221341e+02  1.090556e+02 
   67.047    5.248000  4.235846e+02  1.092772e+02 
   67.047    5.351000  4.250037e+02  1.094978e+02 
   67.047    5.454000  4.263904e+02  1.097175e+02 
   67.047    5.556000  4.277335e+02  1.099338e+02 
   67.047    5.659000  4.290584e+02  1.101512e+02 
   67.047    5.762000  4.303537e+02  1.103673e+02 
   67.047    5.865000  4.316223e+02  1.105820e+02 
   67.047    5.968000  4.328635e+02  1.107953e+02 
   67.047    6.071000  4.340808e+02  1.110072e+02 
   67.047    6.174000  4.352799e+02  1.112174e+02 
   67.047    6.277000  4.364633e+02  1.114257e+02 
   67.047    6.380000  4.376357e+02  1.116320e+02 
   67.047    6.482000  4.387881e+02  1.118343e+02 
   67.047    6.585000  4.399456e+02  1.120363e+02 
   67.047    6.688000  4.411007e+02  1.122360e+02 
   67.047    6.791000  4.422534e+02  1.124334e+02 
   67.047    6.894000  4.433969e+02  1.126284e+02 
   67.047    6.997000  4.445228e+02  1.128211e+02 
   67.047    7.100000  4.456225e+02  1.130114e+02 
   67.047    7.203000  4.466763e+02  1.131993e+02 
   67.047    7.306000  4.476664e+02  1.133846e+02 
   67.047    7.408000  4.485809e+02  1.135652e+02 
   67.047    7.511000  4.494358e+02  1.137448e+02 
   67.047    7.614000  4.502153e+02  1.139214e+02 
   67.047    7.717000  4.509366e+02  1.140952e+02 
   67.047    7.820000  4.516328e+02  1.142662e+02 
   67.047    7.923000  4.523090e+02  1.144344e+02 
   67.047    8.026000  4.529722e+02  1.146002e+02 
   67.047    8.129001  4.536316e+02  1.147637e+02 
   67.047    8.232000  4.542870e+02  1.149249e+02 
   67.047    8.334001  4.549260e+02  1.150822e+02 
   67.047    8.437000  4.555551e+02  1.152387e+02 
   67.047    8.540000  4.561678e+02  1.153928e+02 
   67.047    8.643001  4.567658e+02  1.155443e+02 
   67.047    8.746000  4.573502e+02  1.156933e+02 
   67.047    8.849000  4.579206e+02  1.158397e+02 
   67.047    8.952001  4.584808e+02  1.159835e+02 
   67.047    9.055000  4.590333e+02  1.161247e+02 
   67.047    9.158000  4.595775e+02  1.162633e+02 
   67.047    9.260000  4.601071e+02  1.163980e+02 
   67.047    9.363000  4.606319e+02  1.165312e+02 
   67.047    9.466001  4.611472e+02  1.166620e+02 
   67.047    9.569000  4.616534e+02  1.167903e+02 
   67.047    9.672000  4.621508e+02  1.169163e+02 
   67.047    9.775001  4.626378e+02  1.170400e+02 
   67.047    9.878000  4.631122e+02  1.171614e+02 
   67.047    9.981000  4.635736e+02  1.172805e+02 
   67.047   10.084001  4.640566e+02  1.173971e+02 
   67.047   10.186000  4.645265e+02  1.175107e+02 
   67.047   10.289001  4.649932e+02  1.176233e+02 
   67.047   10.392000  4.654528e+02  1.177341e+02 
   67.047   10.495000  4.659063e+02  1.178430e+02 
   67.047   10.598001  4.663537e+02  1.179501e+02 
   67.047   10.701000  4.667943e+02  1.180553e+02 
   67.047   10.804000  4.672271e+02  1.181590e+02 
   67.047   10.907001  4.676521e+02  1.182610e+02 
   67.047   11.010000  4.680703e+02  1.183616e+02 
   67.047   11.113000  4.684837e+02  1.184607e+02 
   67.047   11.215000  4.688886e+02  1.185575e+02 
   67.047   11.318000  4.692928e+02  1.186539e+02 
   67.047   11.421000  4.696922e+02  1.187490e+02 
   67.047   11.524000  4.700868e+02  1.188428e+02 
   67.047   11.627000  4.704763e+02  1.189353e+02 
   67.047   11.730000  4.708604e+02  1.190265e+02 
   67.047   11.833000  4.712391e+02  1.191166e+02 
   67.047   11.936000  4.716123e+02  1.192054e+02 
   67.047   12.039001  4.719804e+02  1.192930e+02 
   67.047   12.141001  4.723400e+02  1.193786e+02 
   67.047   12.244000  4.726980e+02  1.194639e+02 
   67.047   12.347000  4.730511e+02  1.195479e+02 
   67.047   12.450001  4.733993e+02  1.196308e+02 
   67.047   12.553000  4.737425e+02  1.197125e+02 
   67.047   12.656000  4.740809e+02  1.197929e+02 
   67.047   12.759000  4.744147e+02  1.198721e+02 
   67.047   12.862000  4.747442e+02  1.199502e+02 
   67.047   12.965000  4.750696e+02  1.200269e+02 
   67.047   13.067000  4.753880e+02  1.201017e+02 
   67.047   13.170000  4.757056e+02  1.201759e+02 
   67.047   13.273001  4.760195e+02  1.202489e+02 
   67.047   13.376000  4.763297e+02  1.203206e+02 
   67.047   13.479000  4.766363e+02  1.203912e+02 
   67.047   13.582001  4.769393e+02  1.204605e+02 
   67.047   13.685000  4.772389e+02  1.205286e+02 
   67.047   13.788000  4.775351e+02  1.205955e+02 
   67.047   13.891001  4.778279e+02  1.206612e+02 
   67.047   13.993000  4.781146e+02  1.207251e+02 
   67.047   14.096001  4.784010e+02  1.207885e+02 
   67.047   14.199000  4.786842e+02  1.208507e+02 
   67.047   14.302000  4.789642e+02  1.209117e+02 
   67.047   14.405001  4.792411e+02  1.209716e+02 
   67.047   14.508000  4.795149e+02  1.210303e+02 
   67.047   14.611000  4.797856e+02  1.210880e+02 
   67.047   14.714001  4.800530e+02  1.211446e+02 
   67.047   14.817000  4.803174e+02  1.212003e+02 
   67.047   14.919001  4.805761e+02  1.212544e+02 
   67.047   15.022000  4.808342e+02  1.213082e+02 
   67.047   15.125000  4.810892e+02  1.213610e+02 
   67.047   15.228001  4.813410e+02  1.214130e+02 
   67.047   15.331000  4.815897e+02  1.214641e+02 
   67.047   15.434000  4.818354e+02  1.215143e+02 
   67.047   15.537001  4.820781e+02  1.215637e+02 
   67.047   15.640000  4.823178e+02  1.216123e+02 
   67.047   15.743000  4.825547e+02  1.216600e+02 
   67.047   15.846001  4.827886e+02  1.217070e+02 
   67.047   15.948000  4.830176e+02  1.217527e+02 
   67.047   16.051001  4.832464e+02  1.217980e+02 
   67.047   16.154001  4.834726e+02  1.218425e+02 
   67.047   16.257000  4.836964e+02  1.218861e+02 
   67.047   16.360001  4.839178e+02  1.219290e+02 
   67.047   16.462999  4.841369e+02  1.219710e+02 
   67.047   16.566000  4.843537e+02  1.220122e+02 
   67.047   16.669001  4.845683e+02  1.220527e+02 
   67.047   16.771999  4.847807e+02  1.220923e+02 
   67.047   16.874001  4.849892e+02  1.221308e+02 
   67.047   16.977001  4.851977e+02  1.221688e+02 
   67.047   17.080000  4.854045e+02  1.222060e+02 
   67.047   17.183001  4.856098e+02  1.222423e+02 
   67.047   17.286001  4.858137e+02  1.222777e+02 
   67.047   17.389000  4.860161e+02  1.223122e+02 
   67.047   17.492001  4.862172e+02  1.223458e+02 
   67.047   17.595001  4.864172e+02  1.223785e+02 
   67.047   17.698000  4.866161e+02  1.224102e+02 
   67.047   17.800001  4.868117e+02  1.224408e+02 
   67.047   17.903000  4.870078e+02  1.224709e+02 
   67.047   18.006001  4.872025e+02  1.225002e+02 
   67.047   18.109001  4.873958e+02  1.225287e+02 
   67.047   18.212000  4.875873e+02  1.225565e+02 
   67.047   18.315001  4.877771e+02  1.225837e+02 
   67.047   18.418001  4.879652e+02  1.226103e+02 
   67.047   18.521000  4.881515e+02  1.226362e+02 
   67.047   18.624001  4.883363e+02  1.226615e+02 
   67.047   18.726000  4.885178e+02  1.226859e+02 
   67.047   18.829000  4.886994e+02  1.227098e+02 
   67.047   18.932001  4.888797e+02  1.227331e+02 
   67.047   19.035000  4.890586e+02  1.227558e+02 
   67.047   19.138000  4.892363e+02  1.227777e+02 
   67.047   19.241001  4.894128e+02  1.227991e+02 
   67.047   19.344000  4.895879e+02  1.228198e+02 
   67.047   19.447001  4.897617e+02  1.228399e+02 
   67.047   19.550001  4.899343e+02  1.228595e+02 
   67.047   19.652000  4.901038e+02  1.228784e+02 
   67.047   19.755001  4.902737e+02  1.228969e+02 
   67.047   19.858000  4.904421e+02  1.229148e+02 
   67.047   19.961000  4.906093e+02  1.229323e+02 
   67.047   20.064001  4.907755e+02  1.229492e+02 
   67.047   20.363001  4.912527e+02  1.229948e+02 
   67.047   20.859001  4.920215e+02  1.230615e+02 
   67.047   21.355000  4.927621e+02  1.231177e+02 
   67.047   21.851000  4.934763e+02  1.231638e+02 
   67.047   22.346001  4.941577e+02  1.232026e+02 
   67.047   22.842001  4.948024e+02  1.232378e+02 
   67.047   23.337999  4.954048e+02  1.232712e+02 
   67.047   23.834000  4.959660e+02  1.233033e+02 
   67.047   24.329000  4.964902e+02  1.233330e+02 
   67.047   24.825001  4.969841e+02  1.233596e+02 
   67.047   25.321001  4.974467e+02  1.233836e+02 
   67.047   25.816999  4.978785e+02  1.234058e+02 
   67.047   26.312000  4.982809e+02  1.234264e+02 
   67.047   26.808001  4.986584e+02  1.234450e+02 
   67.047   27.304001  4.990122e+02  1.234615e+02 
   67.047   27.800001  4.993428e+02  1.234762e+02 
   67.047   28.295000  4.996505e+02  1.234893e+02 
   67.047   28.791000  4.999393e+02  1.235008e+02 
   67.047   29.287001  5.002116e+02  1.235108e+02 
   67.047   29.783001  5.004704e+02  1.235190e+02 
   67.047   30.278000  5.007170e+02  1.235253e+02 
   67.047   30.774000  5.009542e+02  1.235301e+02 
   67.047   31.270000  5.011831e+02  1.235335e+02 
   67.047   31.766001  5.014053e+02  1.235356e+02 
   67.047   32.260998  5.016227e+02  1.235365e+02 
   67.047   32.757000  5.018377e+02  1.235366e+02 
   67.047   33.252998  5.020518e+02  1.235359e+02 
   67.047   33.748997  5.022664e+02  1.235348e+02 
   67.047   34.243999  5.024824e+02  1.235335e+02 
   67.047   34.739998  5.027021e+02  1.235321e+02 
   67.047   35.236000  5.029263e+02  1.235306e+02 
   67.047   35.731998  5.031560e+02  1.235292e+02 
   67.047   36.226997  5.033911e+02  1.235278e+02 
   67.047   36.723000  5.036325e+02  1.235265e+02 
   67.047   37.218998  5.038792e+02  1.235253e+02 
   67.047   37.715000  5.041299e+02  1.235242e+02 
   67.047   38.209999  5.043826e+02  1.235233e+02 
   67.047   38.705997  5.046363e+02  1.235224e+02 
   67.047   39.202000  5.048887e+02  1.235218e+02 
   67.047   39.697998  5.051375e+02  1.235214e+02 
   67.047   40.197998  5.053795e+02  1.235219e+02 
   67.047   45.197998  5.072678e+02  1.235402e+02 
   67.047   50.197998  5.079787e+02  1.235580e+02 
   67.047   55.197998  5.082318e+02  1.235703e+02 
   67.047   60.197998  5.090137e+02  1.235781e+02 
   67.047   65.198006  5.102615e+02  1.235829e+02 
