   67.850    0.000000  1.602837e-19  5.283299e+00 
   67.850    0.103000  1.611651e-19  5.365064e+00 
   67.850    0.206000  1.620404e-19  5.448079e+00 
   67.850    0.309000  1.629143e-19  5.531364e+00 
   67.850    0.411000  1.637792e-19  5.613763e+00 
   67.850    0.514000  1.646524e-19  5.696710e+00 
   67.850    0.617000  1.655257e-19  5.779257e+00 
   67.850    0.720000  2.017302e-19  7.045497e+00 
   67.850    0.823000  2.728841e-19  8.894801e+00 
   67.850    0.926000  3.924129e-19  1.103634e+01 
   67.850    1.029000  5.822648e-19  1.329435e+01 
   67.850    1.132000  9.280347e-19  1.588764e+01 
   67.850    1.235000  1.574567e-18  1.875559e+01 
   67.850    1.338000  2.833405e-18  2.187088e+01 
   67.850    1.440000  5.334696e-18  2.515706e+01 
   67.850    1.543000  1.060872e-17  2.865942e+01 
   67.850    1.646000  2.200927e-17  3.231163e+01 
   67.850    1.749000  4.749604e-17  3.609215e+01 
   67.850    1.852000  4.968430e-17  3.629884e+01 
   67.850    1.955000  8.077882e-13  7.110286e+01 
   67.850    2.058000  1.512519e-08  1.069770e+02 
   67.850    2.161000  1.473184e-04  1.438630e+02 
   67.850    2.264000  3.412521e-01  1.878517e+02 
   67.850    2.366000  1.688084e+02  2.723852e+02 
   67.850    2.469000  1.700071e+02  2.720802e+02 
   67.850    2.572000  1.710603e+02  2.718462e+02 
   67.850    2.675000  1.722177e+02  2.716797e+02 
   67.850    2.778000  1.740041e+02  2.716746e+02 
   67.850    2.881000  1.791266e+02  2.723672e+02 
   67.850    2.984000  1.830793e+02  2.728641e+02 
   67.850    3.087000  1.876060e+02  2.735131e+02 
   67.850    3.190000  2.800252e+02  2.839617e+02 
   67.850    3.292000  2.969007e+02  2.852072e+02 
   67.850    3.395000  3.076897e+02  2.861653e+02 
   67.850    3.498000  3.090204e+02  2.860921e+02 
   67.850    3.601000  3.103462e+02  2.860412e+02 
   67.850    3.704000  3.116728e+02  2.860076e+02 
   67.850    3.807000  3.129998e+02  2.859888e+02 
   67.850    3.910000  3.143270e+02  2.859832e+02 
   67.850    4.013000  3.156537e+02  2.859892e+02 
   67.850    4.116000  3.169753e+02  2.860064e+02 
   67.850    4.218000  3.182730e+02  2.860339e+02 
   67.850    4.321000  3.195699e+02  2.860714e+02 
   67.850    4.424000  3.208525e+02  2.861176e+02 
   67.850    4.527000  3.221191e+02  2.861715e+02 
   67.850    4.630000  3.233694e+02  2.862323e+02 
   67.850    4.733000  3.246066e+02  2.862987e+02 
   67.850    4.836000  3.258285e+02  2.863701e+02 
   67.850    4.939000  3.274267e+02  2.864708e+02 
   67.850    5.042000  3.294719e+02  2.866042e+02 
   67.850    5.144000  3.310285e+02  2.867115e+02 
   67.850    5.247000  3.324876e+02  2.868340e+02 
   67.850    5.350000  3.339183e+02  2.869584e+02 
   67.850    5.453000  3.353163e+02  2.870838e+02 
   67.850    5.556000  3.366952e+02  2.872114e+02 
   67.850    5.659000  3.380551e+02  2.873408e+02 
   67.850    5.762000  3.393961e+02  2.874719e+02 
   67.850    5.865000  3.407276e+02  2.876053e+02 
   67.850    5.968000  3.420449e+02  2.877405e+02 
   67.850    6.070000  3.445539e+02  2.879402e+02 
   67.850    6.173000  3.496920e+02  2.883086e+02 
   67.850    6.276000  3.560778e+02  2.887505e+02 
   67.850    6.379000  3.625279e+02  2.891890e+02 
   67.850    6.482000  3.687732e+02  2.896082e+02 
   67.850    6.585000  3.725989e+02  2.898785e+02 
   67.850    6.688000  3.765197e+02  2.901531e+02 
   67.850    6.791000  3.820750e+02  2.905206e+02 
   67.850    6.894000  3.873348e+02  2.908651e+02 
   67.850    6.996000  3.910237e+02  2.911153e+02 
   67.850    7.099000  3.944321e+02  2.913481e+02 
   67.850    7.202000  3.971291e+02  2.915409e+02 
   67.850    7.305000  3.997742e+02  2.917331e+02 
   67.850    7.408000  4.022979e+02  2.919205e+02 
   67.850    7.511000  4.048952e+02  2.921146e+02 
   67.850    7.614000  4.074872e+02  2.923120e+02 
   67.850    7.717000  4.096601e+02  2.924875e+02 
   67.850    7.820000  4.118306e+02  2.926619e+02 
   67.850    7.923000  4.141181e+02  2.928409e+02 
   67.850    8.025000  4.162437e+02  2.930090e+02 
   67.850    8.128000  4.183659e+02  2.931755e+02 
   67.850    8.231000  4.205676e+02  2.933444e+02 
   67.850    8.334000  4.226358e+02  2.935052e+02 
   67.850    8.437000  4.246798e+02  2.936640e+02 
   67.850    8.540000  4.266998e+02  2.938206e+02 
   67.850    8.643000  4.291680e+02  2.939978e+02 
   67.850    8.746000  4.312730e+02  2.941551e+02 
   67.850    8.849000  4.332994e+02  2.943039e+02 
   67.850    8.951000  4.354608e+02  2.944565e+02 
   67.850    9.054000  4.367389e+02  2.945650e+02 
   67.850    9.157000  4.379615e+02  2.946689e+02 
   67.850    9.260000  4.388402e+02  2.947685e+02 
   67.850    9.363000  4.397156e+02  2.948698e+02 
   67.850    9.466000  4.406240e+02  2.949720e+02 
   67.850    9.569000  4.415601e+02  2.950745e+02 
   67.850    9.672000  4.425134e+02  2.951764e+02 
   67.850    9.775000  4.434819e+02  2.952777e+02 
   67.850    9.877000  4.444477e+02  2.953771e+02 
   67.850    9.980000  4.454084e+02  2.954748e+02 
   67.850   10.083000  4.463421e+02  2.955764e+02 
   67.850   10.186000  4.472741e+02  2.956806e+02 
   67.850   10.289000  4.481754e+02  2.957809e+02 
   67.850   10.392000  4.490636e+02  2.958793e+02 
   67.850   10.495000  4.495157e+02  2.959274e+02 
   67.850   10.598000  4.499555e+02  2.959739e+02 
   67.850   10.701000  4.503890e+02  2.960195e+02 
   67.850   10.803000  4.508129e+02  2.960640e+02 
   67.850   10.906000  4.512357e+02  2.961081e+02 
   67.850   11.009000  4.516530e+02  2.961516e+02 
   67.850   11.112000  4.520647e+02  2.961945e+02 
   67.850   11.215000  4.524708e+02  2.962370e+02 
   67.850   11.318000  4.528714e+02  2.962790e+02 
   67.850   11.421000  4.532667e+02  2.963205e+02 
   67.850   11.524000  4.536568e+02  2.963616e+02 
   67.850   11.627000  4.540415e+02  2.964023e+02 
   67.850   11.729000  4.544171e+02  2.964423e+02 
   67.850   11.832000  4.547908e+02  2.964821e+02 
   67.850   11.935000  4.551592e+02  2.965215e+02 
   67.850   12.038000  4.555223e+02  2.965605e+02 
   67.850   12.141000  4.558804e+02  2.965989e+02 
   67.850   12.244000  4.562334e+02  2.966368e+02 
   67.850   12.347000  4.565816e+02  2.966742e+02 
   67.850   12.450000  4.569252e+02  2.967110e+02 
   67.850   12.553000  4.572641e+02  2.967473e+02 
   67.850   12.656000  4.575985e+02  2.967829e+02 
   67.850   12.758000  4.579257e+02  2.968176e+02 
   67.850   12.861000  4.582522e+02  2.968520e+02 
   67.850   12.964000  4.585749e+02  2.968858e+02 
   67.850   13.067000  4.588938e+02  2.969189e+02 
   67.850   13.170000  4.592090e+02  2.969513e+02 
   67.850   13.273000  4.595205e+02  2.969831e+02 
   67.850   13.376000  4.598285e+02  2.970140e+02 
   67.850   13.479000  4.601329e+02  2.970443e+02 
   67.850   13.582000  4.604339e+02  2.970736e+02 
   67.850   13.684000  4.607287e+02  2.971019e+02 
   67.850   13.787000  4.610232e+02  2.971296e+02 
   67.850   13.890000  4.613145e+02  2.971564e+02 
   67.850   13.993000  4.616026e+02  2.971823e+02 
   67.850   14.096000  4.618877e+02  2.972073e+02 
   67.850   14.199000  4.621697e+02  2.972314e+02 
   67.850   14.302000  4.624485e+02  2.972547e+02 
   67.850   14.405000  4.627241e+02  2.972772e+02 
   67.850   14.508000  4.629965e+02  2.972991e+02 
   67.850   14.610000  4.632630e+02  2.973202e+02 
   67.850   14.713000  4.635287e+02  2.973409e+02 
   67.850   14.816000  4.637913e+02  2.973611e+02 
   67.850   14.919000  4.640505e+02  2.973809e+02 
   67.850   15.022000  4.643065e+02  2.974002e+02 
   67.850   15.125000  4.645593e+02  2.974191e+02 
   67.850   15.228000  4.648090e+02  2.974375e+02 
   67.850   15.331000  4.650555e+02  2.974555e+02 
   67.850   15.434000  4.652991e+02  2.974730e+02 
   67.850   15.536000  4.655373e+02  2.974899e+02 
   67.850   15.639000  4.657748e+02  2.975066e+02 
   67.850   15.742000  4.660094e+02  2.975228e+02 
   67.850   15.845000  4.662412e+02  2.975387e+02 
   67.850   15.948000  4.664703e+02  2.975541e+02 
   67.850   16.051001  4.666970e+02  2.975691e+02 
   67.850   16.153999  4.669212e+02  2.975836e+02 
   67.850   16.257000  4.671430e+02  2.975977e+02 
   67.850   16.360001  4.673624e+02  2.976113e+02 
   67.850   16.462000  4.675775e+02  2.976243e+02 
   67.850   16.565001  4.677926e+02  2.976370e+02 
   67.850   16.667999  4.680055e+02  2.976491e+02 
   67.850   16.771000  4.682164e+02  2.976605e+02 
   67.850   16.874001  4.684256e+02  2.976713e+02 
   67.850   16.976999  4.686330e+02  2.976814e+02 
   67.850   17.080000  4.688388e+02  2.976907e+02 
   67.850   17.183001  4.690435e+02  2.976990e+02 
   67.850   17.285999  4.692469e+02  2.977064e+02 
   67.850   17.389000  4.694489e+02  2.977129e+02 
   67.850   17.490999  4.696479e+02  2.977184e+02 
   67.850   17.594000  4.698476e+02  2.977231e+02 
   67.850   17.697001  4.700460e+02  2.977270e+02 
   67.850   17.799999  4.702430e+02  2.977302e+02 
   67.850   17.903000  4.704385e+02  2.977328e+02 
   67.850   18.006001  4.706323e+02  2.977348e+02 
   67.850   18.108999  4.708245e+02  2.977363e+02 
   67.850   18.212000  4.710150e+02  2.977373e+02 
   67.850   18.315001  4.712040e+02  2.977379e+02 
   67.850   18.417000  4.713895e+02  2.977379e+02 
   67.850   18.520000  4.715752e+02  2.977375e+02 
   67.850   18.622999  4.717594e+02  2.977366e+02 
   67.850   18.726000  4.719422e+02  2.977352e+02 
   67.850   18.829000  4.721234e+02  2.977333e+02 
   67.850   18.931999  4.723031e+02  2.977310e+02 
   67.850   19.035000  4.724815e+02  2.977282e+02 
   67.850   19.138000  4.726585e+02  2.977249e+02 
   67.850   19.240999  4.728342e+02  2.977213e+02 
   67.850   19.343000  4.730068e+02  2.977172e+02 
   67.850   19.445999  4.731799e+02  2.977126e+02 
   67.850   19.549000  4.733517e+02  2.977077e+02 
   67.850   19.652000  4.735222e+02  2.977023e+02 
   67.850   19.754999  4.736914e+02  2.976966e+02 
   67.850   19.858000  4.738594e+02  2.976904e+02 
   67.850   19.961000  4.740262e+02  2.976838e+02 
   67.850   20.063999  4.741921e+02  2.976766e+02 
   67.850   20.363001  4.746682e+02  2.976528e+02 
   67.850   20.858999  4.754352e+02  2.976071e+02 
   67.850   21.355000  4.761740e+02  2.975543e+02 
   67.850   21.850000  4.768821e+02  2.974962e+02 
   67.850   22.346001  4.775556e+02  2.974377e+02 
   67.850   22.842001  4.781876e+02  2.973833e+02 
   67.850   23.337999  4.787766e+02  2.973343e+02 
   67.850   23.833000  4.793262e+02  2.972891e+02 
   67.850   24.329000  4.798451e+02  2.972450e+02 
   67.850   24.825001  4.803335e+02  2.972022e+02 
   67.850   25.320999  4.807897e+02  2.971620e+02 
   67.850   25.816000  4.812144e+02  2.971247e+02 
   67.850   26.312000  4.816123e+02  2.970894e+02 
   67.850   26.808001  4.819848e+02  2.970555e+02 
   67.850   27.304001  4.823329e+02  2.970233e+02 
   67.850   27.799000  4.826573e+02  2.969928e+02 
   67.850   28.295000  4.829615e+02  2.969633e+02 
   67.850   28.791000  4.832478e+02  2.969345e+02 
   67.850   29.287001  4.835183e+02  2.969061e+02 
   67.850   29.782000  4.837745e+02  2.968779e+02 
   67.850   30.278000  4.840189e+02  2.968497e+02 
   67.850   30.774000  4.842527e+02  2.968218e+02 
   67.850   31.270000  4.844777e+02  2.967940e+02 
   67.850   31.764999  4.846949e+02  2.967666e+02 
   67.850   32.261002  4.849077e+02  2.967393e+02 
   67.850   32.757000  4.851173e+02  2.967123e+02 
   67.850   33.252998  4.853253e+02  2.966859e+02 
   67.850   33.748001  4.855327e+02  2.966606e+02 
   67.850   34.243999  4.857416e+02  2.966364e+02 
   67.850   34.740002  4.859534e+02  2.966136e+02 
   67.850   35.236000  4.861692e+02  2.965922e+02 
   67.850   35.730999  4.863898e+02  2.965722e+02 
   67.850   36.227001  4.866165e+02  2.965534e+02 
   67.850   36.723000  4.868491e+02  2.965359e+02 
   67.850   37.219002  4.870869e+02  2.965195e+02 
   67.850   37.714001  4.873286e+02  2.965042e+02 
   67.850   38.209999  4.875737e+02  2.964900e+02 
   67.850   38.706001  4.878201e+02  2.964769e+02 
   67.850   39.202000  4.880659e+02  2.964649e+02 
   67.850   39.696999  4.883082e+02  2.964541e+02 
   67.850   40.196999  4.885449e+02  2.964456e+02 
   67.850   45.196999  4.904102e+02  2.964110e+02 
   67.850   50.196999  4.911182e+02  2.964079e+02 
   67.850   55.196999  4.913658e+02  2.964112e+02 
   67.850   60.196999  4.921054e+02  2.964147e+02 
   67.850   65.196999  4.933366e+02  2.964174e+02 
