   66.996    0.000000  5.395993e+01  3.091259e+01 
   66.996    0.103000  5.426198e+01  3.111372e+01 
   66.996    0.206000  5.766687e+01  3.436434e+01 
   66.996    0.309000  5.979393e+01  3.633214e+01 
   66.996    0.411000  6.117372e+01  3.757024e+01 
   66.996    0.514000  6.217287e+01  3.844514e+01 
   66.996    0.617000  6.364838e+01  3.975296e+01 
   66.996    0.720000  6.423727e+01  4.024238e+01 
   66.996    0.823000  6.463979e+01  4.056525e+01 
   66.996    0.926000  6.523227e+01  4.106441e+01 
   66.996    1.029000  6.575469e+01  4.150078e+01 
   66.996    1.132000  6.623211e+01  4.189668e+01 
   66.996    1.235000  6.668797e+01  4.227199e+01 
   66.996    1.337000  6.712863e+01  4.263214e+01 
   66.996    1.440000  6.747852e+01  4.290940e+01 
   66.996    1.543000  6.782695e+01  4.318805e+01 
   66.996    1.646000  6.817314e+01  4.346776e+01 
   66.996    1.749000  6.851708e+01  4.374814e+01 
   66.996    1.852000  7.791875e+01  4.960084e+01 
   66.996    1.955000  1.137350e+02  6.571253e+01 
   66.996    2.058000  3.716330e+02  1.081613e+02 
   66.996    2.161000  3.747912e+02  1.084139e+02 
   66.996    2.263000  3.765999e+02  1.084943e+02 
   66.996    2.366000  3.784094e+02  1.086033e+02 
   66.996    2.469000  3.802055e+02  1.087328e+02 
   66.996    2.572000  3.819920e+02  1.088781e+02 
   66.996    2.675000  3.837695e+02  1.090362e+02 
   66.996    2.778000  3.855410e+02  1.092045e+02 
   66.996    2.881000  3.873052e+02  1.093813e+02 
   66.996    2.984000  3.890600e+02  1.095657e+02 
   66.996    3.087000  3.908032e+02  1.097566e+02 
   66.996    3.189000  3.925159e+02  1.099513e+02 
   66.996    3.292000  3.942318e+02  1.101527e+02 
   66.996    3.395000  3.959362e+02  1.103582e+02 
   66.996    3.498000  3.976296e+02  1.105670e+02 
   66.996    3.601000  3.993179e+02  1.107783e+02 
   66.996    3.704000  4.010061e+02  1.109915e+02 
   66.996    3.807000  4.026942e+02  1.112062e+02 
   66.996    3.910000  4.043832e+02  1.114220e+02 
   66.996    4.013000  4.060730e+02  1.116388e+02 
   66.996    4.115000  4.077402e+02  1.118545e+02 
   66.996    4.218000  4.094095e+02  1.120732e+02 
   66.996    4.321000  4.110606e+02  1.122928e+02 
   66.996    4.424000  4.126905e+02  1.125131e+02 
   66.996    4.527000  4.142950e+02  1.127339e+02 
   66.996    4.630000  4.158736e+02  1.129548e+02 
   66.996    4.733000  4.174267e+02  1.131756e+02 
   66.996    4.836000  4.189508e+02  1.133962e+02 
   66.996    4.939000  4.204468e+02  1.136163e+02 
   66.996    5.041000  4.219018e+02  1.138336e+02 
   66.996    5.144000  4.233416e+02  1.140523e+02 
   66.996    5.247000  4.247528e+02  1.142702e+02 
   66.996    5.350000  4.261351e+02  1.144872e+02 
   66.996    5.453000  4.274876e+02  1.147031e+02 
   66.996    5.556000  4.288116e+02  1.149180e+02 
   66.996    5.659000  4.301063e+02  1.151316e+02 
   66.996    5.762000  4.313733e+02  1.153440e+02 
   66.996    5.865000  4.326159e+02  1.155551e+02 
   66.996    5.968000  4.338341e+02  1.157647e+02 
   66.996    6.070000  4.350201e+02  1.159706e+02 
   66.996    6.173000  4.362047e+02  1.161768e+02 
   66.996    6.276000  4.373783e+02  1.163810e+02 
   66.996    6.379000  4.385464e+02  1.165831e+02 
   66.996    6.482000  4.397124e+02  1.167831e+02 
   66.996    6.585000  4.408773e+02  1.169810e+02 
   66.996    6.688000  4.420418e+02  1.171766e+02 
   66.996    6.791000  4.432054e+02  1.173701e+02 
   66.996    6.894000  4.443601e+02  1.175613e+02 
   66.996    6.996000  4.454846e+02  1.177485e+02 
   66.996    7.099000  4.465918e+02  1.179352e+02 
   66.996    7.202000  4.476492e+02  1.181196e+02 
   66.996    7.305000  4.486366e+02  1.183014e+02 
   66.996    7.408000  4.495522e+02  1.184806e+02 
   66.996    7.511000  4.503976e+02  1.186570e+02 
   66.996    7.614000  4.511685e+02  1.188306e+02 
   66.996    7.717000  4.518836e+02  1.190014e+02 
   66.996    7.820000  4.525766e+02  1.191696e+02 
   66.996    7.922000  4.532471e+02  1.193335e+02 
   66.996    8.025000  4.539132e+02  1.194966e+02 
   66.996    8.127999  4.545752e+02  1.196574e+02 
   66.996    8.231000  4.552330e+02  1.198160e+02 
   66.996    8.334000  4.558810e+02  1.199723e+02 
   66.996    8.436999  4.565134e+02  1.201261e+02 
   66.996    8.540000  4.571300e+02  1.202775e+02 
   66.996    8.643000  4.577333e+02  1.204265e+02 
   66.996    8.745999  4.583250e+02  1.205729e+02 
   66.996    8.848000  4.589000e+02  1.207153e+02 
   66.996    8.951000  4.594703e+02  1.208565e+02 
   66.996    9.054000  4.600308e+02  1.209951e+02 
   66.996    9.157000  4.605811e+02  1.211311e+02 
   66.996    9.259999  4.611205e+02  1.212645e+02 
   66.996    9.363000  4.616490e+02  1.213953e+02 
   66.996    9.466000  4.621666e+02  1.215235e+02 
   66.996    9.568999  4.626741e+02  1.216493e+02 
   66.996    9.672000  4.631718e+02  1.217728e+02 
   66.996    9.774000  4.636539e+02  1.218928e+02 
   66.996    9.877000  4.641283e+02  1.220118e+02 
   66.996    9.980000  4.645898e+02  1.221286e+02 
   66.996   10.083000  4.650732e+02  1.222428e+02 
   66.996   10.186000  4.655485e+02  1.223551e+02 
   66.996   10.289000  4.660164e+02  1.224654e+02 
   66.996   10.392000  4.664774e+02  1.225738e+02 
   66.996   10.495000  4.669320e+02  1.226804e+02 
   66.996   10.598000  4.673802e+02  1.227851e+02 
   66.996   10.700000  4.678169e+02  1.228871e+02 
   66.996   10.802999  4.682501e+02  1.229884e+02 
   66.996   10.906000  4.686754e+02  1.230882e+02 
   66.996   11.009000  4.690940e+02  1.231865e+02 
   66.996   11.112000  4.695077e+02  1.232835e+02 
   66.996   11.215000  4.699170e+02  1.233790e+02 
   66.996   11.318000  4.703216e+02  1.234733e+02 
   66.996   11.421000  4.707214e+02  1.235663e+02 
   66.996   11.524000  4.711164e+02  1.236580e+02 
   66.996   11.627000  4.715064e+02  1.237485e+02 
   66.996   11.729000  4.718873e+02  1.238369e+02 
   66.996   11.832000  4.722666e+02  1.239250e+02 
   66.996   11.934999  4.726405e+02  1.240119e+02 
   66.996   12.038000  4.730092e+02  1.240976e+02 
   66.996   12.141000  4.733727e+02  1.241822e+02 
   66.996   12.243999  4.737310e+02  1.242656e+02 
   66.996   12.347000  4.740843e+02  1.243479e+02 
   66.996   12.450000  4.744326e+02  1.244290e+02 
   66.996   12.552999  4.747760e+02  1.245089e+02 
   66.996   12.655000  4.751113e+02  1.245869e+02 
   66.996   12.757999  4.754452e+02  1.246644e+02 
   66.996   12.861000  4.757748e+02  1.247407e+02 
   66.996   12.964000  4.761004e+02  1.248158e+02 
   66.996   13.066999  4.764220e+02  1.248897e+02 
   66.996   13.170000  4.767398e+02  1.249623e+02 
   66.996   13.273000  4.770538e+02  1.250337e+02 
   66.996   13.375999  4.773641e+02  1.251039e+02 
   66.996   13.479000  4.776708e+02  1.251729e+02 
   66.996   13.580999  4.779710e+02  1.252400e+02 
   66.996   13.684000  4.782706e+02  1.253066e+02 
   66.996   13.787000  4.785669e+02  1.253720e+02 
   66.996   13.889999  4.788598e+02  1.254363e+02 
   66.996   13.993000  4.791494e+02  1.254994e+02 
   66.996   14.096000  4.794359e+02  1.255613e+02 
   66.996   14.198999  4.797192e+02  1.256221e+02 
   66.996   14.302000  4.799994e+02  1.256817e+02 
   66.996   14.405000  4.802764e+02  1.257401e+02 
   66.996   14.507000  4.805477e+02  1.257969e+02 
   66.996   14.610000  4.808185e+02  1.258532e+02 
   66.996   14.712999  4.810862e+02  1.259084e+02 
   66.996   14.816000  4.813508e+02  1.259627e+02 
   66.996   14.919000  4.816122e+02  1.260160e+02 
   66.996   15.021999  4.818704e+02  1.260684e+02 
   66.996   15.125000  4.821255e+02  1.261199e+02 
   66.996   15.228000  4.823775e+02  1.261705e+02 
   66.996   15.330999  4.826264e+02  1.262203e+02 
   66.996   15.433000  4.828699e+02  1.262687e+02 
   66.996   15.535999  4.831128e+02  1.263168e+02 
   66.996   15.639000  4.833527e+02  1.263641e+02 
   66.996   15.742000  4.835897e+02  1.264106e+02 
   66.996   15.844999  4.838239e+02  1.264563e+02 
   66.996   15.948000  4.840553e+02  1.265012e+02 
   66.996   16.051001  4.842842e+02  1.265453e+02 
   66.996   16.153999  4.845107e+02  1.265885e+02 
   66.996   16.257000  4.847346e+02  1.266310e+02 
   66.996   16.358999  4.849541e+02  1.266722e+02 
   66.996   16.462000  4.851733e+02  1.267130e+02 
   66.996   16.565001  4.853903e+02  1.267531e+02 
   66.996   16.667999  4.856050e+02  1.267924e+02 
   66.996   16.771000  4.858176e+02  1.268309e+02 
   66.996   16.874001  4.860283e+02  1.268686e+02 
   66.996   16.976999  4.862369e+02  1.269055e+02 
   66.996   17.080000  4.864438e+02  1.269416e+02 
   66.996   17.183001  4.866493e+02  1.269767e+02 
   66.996   17.285999  4.868532e+02  1.270110e+02 
   66.996   17.388000  4.870537e+02  1.270441e+02 
   66.996   17.490999  4.872550e+02  1.270766e+02 
   66.996   17.594000  4.874551e+02  1.271082e+02 
   66.996   17.697001  4.876540e+02  1.271388e+02 
   66.996   17.799999  4.878517e+02  1.271686e+02 
   66.996   17.903000  4.880479e+02  1.271976e+02 
   66.996   18.006001  4.882427e+02  1.272258e+02 
   66.996   18.108999  4.884361e+02  1.272533e+02 
   66.996   18.212000  4.886278e+02  1.272801e+02 
   66.996   18.313999  4.888159e+02  1.273060e+02 
   66.996   18.417000  4.890040e+02  1.273315e+02 
   66.996   18.520000  4.891904e+02  1.273564e+02 
   66.996   18.622999  4.893752e+02  1.273807e+02 
   66.996   18.726000  4.895586e+02  1.274043e+02 
   66.996   18.829000  4.897403e+02  1.274273e+02 
   66.996   18.931999  4.899206e+02  1.274496e+02 
   66.996   19.035000  4.900995e+02  1.274712e+02 
   66.996   19.138000  4.902773e+02  1.274922e+02 
   66.996   19.240000  4.904521e+02  1.275124e+02 
   66.996   19.343000  4.906273e+02  1.275321e+02 
   66.996   19.445999  4.908012e+02  1.275513e+02 
   66.996   19.549000  4.909739e+02  1.275699e+02 
   66.996   19.652000  4.911451e+02  1.275879e+02 
   66.996   19.754999  4.913151e+02  1.276054e+02 
   66.996   19.858000  4.914836e+02  1.276224e+02 
   66.996   19.961000  4.916508e+02  1.276389e+02 
   66.996   20.063999  4.918171e+02  1.276549e+02 
   66.996   20.362999  4.922945e+02  1.276977e+02 
   66.996   20.858999  4.930635e+02  1.277600e+02 
   66.996   21.354000  4.938027e+02  1.278118e+02 
   66.996   21.850000  4.945171e+02  1.278537e+02 
   66.996   22.346001  4.952003e+02  1.278885e+02 
   66.996   22.841999  4.958457e+02  1.279196e+02 
   66.996   23.337000  4.964477e+02  1.279493e+02 
   66.996   23.833000  4.970097e+02  1.279779e+02 
   66.996   24.329000  4.975355e+02  1.280045e+02 
   66.996   24.824999  4.980297e+02  1.280282e+02 
   66.996   25.320000  4.984918e+02  1.280494e+02 
   66.996   25.816000  4.989241e+02  1.280690e+02 
   66.996   26.312000  4.993277e+02  1.280872e+02 
   66.996   26.808001  4.997057e+02  1.281036e+02 
   66.996   27.302999  5.000594e+02  1.281179e+02 
   66.996   27.799000  5.003905e+02  1.281305e+02 
   66.996   28.295000  5.006994e+02  1.281418e+02 
   66.996   28.791000  5.009886e+02  1.281516e+02 
   66.996   29.285999  5.012607e+02  1.281599e+02 
   66.996   29.782000  5.015197e+02  1.281665e+02 
   66.996   30.278000  5.017671e+02  1.281715e+02 
   66.996   30.774000  5.020046e+02  1.281749e+02 
   66.996   31.268999  5.022335e+02  1.281769e+02 
   66.996   31.764999  5.024561e+02  1.281776e+02 
   66.996   32.261002  5.026743e+02  1.281774e+02 
   66.996   32.757000  5.028899e+02  1.281762e+02 
   66.996   33.252003  5.031040e+02  1.281745e+02 
   66.996   33.748001  5.033191e+02  1.281724e+02 
   66.996   34.244003  5.035359e+02  1.281701e+02 
   66.996   34.740002  5.037562e+02  1.281678e+02 
   66.996   35.235001  5.039805e+02  1.281655e+02 
   66.996   35.731003  5.042106e+02  1.281632e+02 
   66.996   36.227001  5.044468e+02  1.281611e+02 
   66.996   36.723003  5.046889e+02  1.281592e+02 
   66.996   37.218002  5.049356e+02  1.281573e+02 
   66.996   37.714001  5.051868e+02  1.281557e+02 
   66.996   38.210003  5.054406e+02  1.281541e+02 
   66.996   38.706001  5.056948e+02  1.281528e+02 
   66.996   39.201000  5.059472e+02  1.281517e+02 
   66.996   39.697002  5.061964e+02  1.281509e+02 
   66.996   40.197002  5.064388e+02  1.281511e+02 
   66.996   45.197002  5.083287e+02  1.281672e+02 
   66.996   50.197002  5.090399e+02  1.281841e+02 
   66.996   55.197002  5.092934e+02  1.281960e+02 
   66.996   60.197002  5.100777e+02  1.282037e+02 
   66.996   65.196999  5.113269e+02  1.282084e+02 
