   67.841    0.000000  2.319915e-22  4.821110e+00 
   67.841    0.103000  2.333047e-22  4.897253e+00 
   67.841    0.206000  2.346100e-22  4.974453e+00 
   67.841    0.308000  2.359009e-22  5.051101e+00 
   67.841    0.411000  2.372038e-22  5.128381e+00 
   67.841    0.514000  2.385065e-22  5.205373e+00 
   67.841    0.617000  2.398093e-22  5.281974e+00 
   67.841    0.720000  4.690534e-22  8.711268e+00 
   67.841    0.823000  1.297555e-21  1.331249e+01 
   67.841    0.926000  4.838352e-21  1.885774e+01 
   67.841    1.029000  2.329735e-20  2.515071e+01 
   67.841    1.132000  1.449331e-19  3.225130e+01 
   67.841    1.235000  1.126388e-18  4.001723e+01 
   67.841    1.337000  1.041832e-17  4.826673e+01 
   67.841    1.440000  1.227676e-16  5.732897e+01 
   67.841    1.543000  1.773404e-15  6.707159e+01 
   67.841    1.646000  3.095824e-14  7.745473e+01 
   67.841    1.749000  6.449169e-13  8.842992e+01 
   67.841    1.852000  7.177383e-13  8.878139e+01 
   67.841    1.955000  8.085292e-09  1.199703e+02 
   67.841    2.058000  7.100397e-05  1.533026e+02 
   67.841    2.161000  2.134247e-01  1.943649e+02 
   67.841    2.263000  1.200426e+02  2.732708e+02 
   67.841    2.366000  1.207386e+02  2.729513e+02 
   67.841    2.469000  1.213571e+02  2.726862e+02 
   67.841    2.572000  1.221096e+02  2.725036e+02 
   67.841    2.675000  1.229361e+02  2.723765e+02 
   67.841    2.778000  1.241174e+02  2.723718e+02 
   67.841    2.881000  1.267716e+02  2.727814e+02 
   67.841    2.984000  1.297341e+02  2.733059e+02 
   67.841    3.087000  1.334700e+02  2.740709e+02 
   67.841    3.189000  1.762772e+02  2.818999e+02 
   67.841    3.292000  2.409603e+02  2.899930e+02 
   67.841    3.395000  2.420131e+02  2.898819e+02 
   67.841    3.498000  2.430596e+02  2.898024e+02 
   67.841    3.601000  2.441021e+02  2.897458e+02 
   67.841    3.704000  2.451453e+02  2.897067e+02 
   67.841    3.807000  2.461887e+02  2.896828e+02 
   67.841    3.910000  2.472324e+02  2.896721e+02 
   67.841    4.013000  2.482757e+02  2.896733e+02 
   67.841    4.115000  2.493046e+02  2.896856e+02 
   67.841    4.218000  2.503349e+02  2.897086e+02 
   67.841    4.321000  2.513547e+02  2.897413e+02 
   67.841    4.424000  2.523633e+02  2.897826e+02 
   67.841    4.527000  2.533594e+02  2.898317e+02 
   67.841    4.630000  2.543427e+02  2.898877e+02 
   67.841    4.733000  2.553155e+02  2.899492e+02 
   67.841    4.836000  2.562765e+02  2.900158e+02 
   67.841    4.939000  2.572249e+02  2.900870e+02 
   67.841    5.041000  2.581516e+02  2.901616e+02 
   67.841    5.144000  2.590727e+02  2.902408e+02 
   67.841    5.247000  2.602208e+02  2.903604e+02 
   67.841    5.350000  2.613375e+02  2.904803e+02 
   67.841    5.453000  2.624316e+02  2.906019e+02 
   67.841    5.556000  2.635108e+02  2.907256e+02 
   67.841    5.659000  2.645751e+02  2.908513e+02 
   67.841    5.762000  2.656247e+02  2.909786e+02 
   67.841    5.865000  2.666636e+02  2.911079e+02 
   67.841    5.967000  2.676695e+02  2.912222e+02 
   67.841    6.070000  2.715478e+02  2.915797e+02 
   67.841    6.173000  2.780925e+02  2.921524e+02 
   67.841    6.276000  2.886977e+02  2.930319e+02 
   67.841    6.379000  3.044680e+02  2.942602e+02 
   67.841    6.482000  3.235961e+02  2.956491e+02 
   67.841    6.585000  3.432852e+02  2.969807e+02 
   67.841    6.688000  3.593087e+02  2.980041e+02 
   67.841    6.791000  3.722984e+02  2.987997e+02 
   67.841    6.893000  3.839590e+02  2.994876e+02 
   67.841    6.996000  3.891194e+02  2.998009e+02 
   67.841    7.099000  3.931637e+02  3.000517e+02 
   67.841    7.202000  3.964358e+02  3.002622e+02 
   67.841    7.305000  3.993749e+02  3.004582e+02 
   67.841    7.408000  4.021079e+02  3.006463e+02 
   67.841    7.511000  4.057149e+02  3.008846e+02 
   67.841    7.614000  4.082189e+02  3.010679e+02 
   67.841    7.717000  4.104643e+02  3.012393e+02 
   67.841    7.820000  4.128228e+02  3.014156e+02 
   67.841    7.922000  4.151642e+02  3.015892e+02 
   67.841    8.025001  4.174350e+02  3.017579e+02 
   67.841    8.128000  4.196242e+02  3.019204e+02 
   67.841    8.231001  4.218393e+02  3.020825e+02 
   67.841    8.334001  4.239755e+02  3.022395e+02 
   67.841    8.437000  4.260810e+02  3.023942e+02 
   67.841    8.540000  4.282193e+02  3.025496e+02 
   67.841    8.643001  4.305011e+02  3.027104e+02 
   67.841    8.746000  4.326169e+02  3.028615e+02 
   67.841    8.848001  4.346278e+02  3.030025e+02 
   67.841    8.951000  4.369272e+02  3.031552e+02 
   67.841    9.054001  4.377095e+02  3.032451e+02 
   67.841    9.157001  4.385281e+02  3.033363e+02 
   67.841    9.260000  4.393976e+02  3.034296e+02 
   67.841    9.363001  4.402743e+02  3.035254e+02 
   67.841    9.466001  4.411841e+02  3.036219e+02 
   67.841    9.569000  4.421216e+02  3.037187e+02 
   67.841    9.672001  4.430817e+02  3.038154e+02 
   67.841    9.774000  4.440525e+02  3.039109e+02 
   67.841    9.877001  4.450297e+02  3.040056e+02 
   67.841    9.980000  4.459973e+02  3.040981e+02 
   67.841   10.083000  4.469380e+02  3.041947e+02 
   67.841   10.186001  4.478771e+02  3.042946e+02 
   67.841   10.289001  4.487745e+02  3.043895e+02 
   67.841   10.392000  4.492340e+02  3.044352e+02 
   67.841   10.495001  4.496862e+02  3.044800e+02 
   67.841   10.598001  4.501262e+02  3.045233e+02 
   67.841   10.700001  4.505555e+02  3.045653e+02 
   67.841   10.803000  4.509836e+02  3.046070e+02 
   67.841   10.906000  4.514066e+02  3.046480e+02 
   67.841   11.009001  4.518240e+02  3.046884e+02 
   67.841   11.112000  4.522358e+02  3.047284e+02 
   67.841   11.215000  4.526420e+02  3.047678e+02 
   67.841   11.318001  4.530427e+02  3.048069e+02 
   67.841   11.421000  4.534380e+02  3.048455e+02 
   67.841   11.524000  4.538282e+02  3.048838e+02 
   67.841   11.626000  4.542093e+02  3.049213e+02 
   67.841   11.729000  4.545887e+02  3.049589e+02 
   67.841   11.832001  4.549625e+02  3.049960e+02 
   67.841   11.935000  4.553309e+02  3.050328e+02 
   67.841   12.038000  4.556941e+02  3.050691e+02 
   67.841   12.141001  4.560523e+02  3.051050e+02 
   67.841   12.244000  4.564054e+02  3.051404e+02 
   67.841   12.347000  4.567537e+02  3.051752e+02 
   67.841   12.450001  4.570973e+02  3.052095e+02 
   67.841   12.553000  4.574363e+02  3.052433e+02 
   67.841   12.655001  4.577676e+02  3.052762e+02 
   67.841   12.758000  4.580980e+02  3.053089e+02 
   67.841   12.861000  4.584246e+02  3.053410e+02 
   67.841   12.964001  4.587473e+02  3.053725e+02 
   67.841   13.067000  4.590663e+02  3.054033e+02 
   67.841   13.170000  4.593816e+02  3.054335e+02 
   67.841   13.273001  4.596932e+02  3.054630e+02 
   67.841   13.376000  4.600012e+02  3.054918e+02 
   67.841   13.479000  4.603058e+02  3.055199e+02 
   67.841   13.581000  4.606039e+02  3.055469e+02 
   67.841   13.684000  4.609016e+02  3.055733e+02 
   67.841   13.787001  4.611962e+02  3.055989e+02 
   67.841   13.890000  4.614875e+02  3.056237e+02 
   67.841   13.993000  4.617757e+02  3.056475e+02 
   67.841   14.096001  4.620608e+02  3.056704e+02 
   67.841   14.199000  4.623428e+02  3.056925e+02 
   67.841   14.302000  4.626217e+02  3.057138e+02 
   67.841   14.405001  4.628974e+02  3.057344e+02 
   67.841   14.507000  4.631672e+02  3.057542e+02 
   67.841   14.610001  4.634363e+02  3.057735e+02 
   67.841   14.713000  4.637021e+02  3.057924e+02 
   67.841   14.816000  4.639647e+02  3.058107e+02 
   67.841   14.919001  4.642240e+02  3.058286e+02 
   67.841   15.022000  4.644800e+02  3.058461e+02 
   67.841   15.125000  4.647329e+02  3.058632e+02 
   67.841   15.228001  4.649826e+02  3.058799e+02 
   67.841   15.331000  4.652292e+02  3.058961e+02 
   67.841   15.433001  4.654704e+02  3.059117e+02 
   67.841   15.536000  4.657110e+02  3.059271e+02 
   67.841   15.639001  4.659486e+02  3.059421e+02 
   67.841   15.742001  4.661833e+02  3.059566e+02 
   67.841   15.845000  4.664151e+02  3.059708e+02 
   67.841   15.948001  4.666443e+02  3.059846e+02 
   67.841   16.050999  4.668709e+02  3.059980e+02 
   67.841   16.153999  4.670952e+02  3.060109e+02 
   67.841   16.257000  4.673170e+02  3.060235e+02 
   67.841   16.358999  4.675344e+02  3.060354e+02 
   67.841   16.462000  4.677517e+02  3.060471e+02 
   67.841   16.564999  4.679667e+02  3.060582e+02 
   67.841   16.667999  4.681797e+02  3.060688e+02 
   67.841   16.771000  4.683907e+02  3.060787e+02 
   67.841   16.873999  4.685999e+02  3.060880e+02 
   67.841   16.976999  4.688073e+02  3.060967e+02 
   67.841   17.080000  4.690132e+02  3.061045e+02 
   67.841   17.182999  4.692178e+02  3.061114e+02 
   67.841   17.285999  4.694212e+02  3.061173e+02 
   67.841   17.387999  4.696214e+02  3.061223e+02 
   67.841   17.490999  4.698223e+02  3.061265e+02 
   67.841   17.594000  4.700220e+02  3.061298e+02 
   67.841   17.696999  4.702205e+02  3.061323e+02 
   67.841   17.799999  4.704175e+02  3.061340e+02 
   67.841   17.903000  4.706130e+02  3.061352e+02 
   67.841   18.005999  4.708069e+02  3.061359e+02 
   67.841   18.108999  4.709991e+02  3.061360e+02 
   67.841   18.212000  4.711896e+02  3.061357e+02 
   67.841   18.313999  4.713768e+02  3.061348e+02 
   67.841   18.417000  4.715641e+02  3.061335e+02 
   67.841   18.519999  4.717499e+02  3.061318e+02 
   67.841   18.622999  4.719341e+02  3.061296e+02 
   67.841   18.726000  4.721169e+02  3.061268e+02 
   67.841   18.828999  4.722982e+02  3.061237e+02 
   67.841   18.931999  4.724779e+02  3.061200e+02 
   67.841   19.035000  4.726563e+02  3.061159e+02 
   67.841   19.137999  4.728334e+02  3.061114e+02 
   67.841   19.240000  4.730074e+02  3.061065e+02 
   67.841   19.343000  4.731817e+02  3.061011e+02 
   67.841   19.445999  4.733548e+02  3.060953e+02 
   67.841   19.549000  4.735266e+02  3.060891e+02 
   67.841   19.652000  4.736971e+02  3.060825e+02 
   67.841   19.754999  4.738664e+02  3.060755e+02 
   67.841   19.858000  4.740344e+02  3.060681e+02 
   67.841   19.960999  4.742012e+02  3.060603e+02 
   67.841   20.063999  4.743671e+02  3.060519e+02 
   67.841   20.362999  4.748434e+02  3.060247e+02 
   67.841   20.858999  4.756104e+02  3.059733e+02 
   67.841   21.354000  4.763478e+02  3.059152e+02 
   67.841   21.850000  4.770575e+02  3.058518e+02 
   67.841   22.345999  4.777310e+02  3.057884e+02 
   67.841   22.841999  4.783632e+02  3.057293e+02 
   67.841   23.337000  4.789511e+02  3.056761e+02 
   67.841   23.833000  4.795019e+02  3.056268e+02 
   67.841   24.328999  4.800209e+02  3.055790e+02 
   67.841   24.824999  4.805094e+02  3.055327e+02 
   67.841   25.320000  4.809648e+02  3.054893e+02 
   67.841   25.816000  4.813904e+02  3.054489e+02 
   67.841   26.312000  4.817884e+02  3.054108e+02 
   67.841   26.807999  4.821609e+02  3.053743e+02 
   67.841   27.302999  4.825084e+02  3.053397e+02 
   67.841   27.799000  4.828335e+02  3.053068e+02 
   67.841   28.295000  4.831378e+02  3.052751e+02 
   67.841   28.791000  4.834241e+02  3.052443e+02 
   67.841   29.285999  4.836941e+02  3.052141e+02 
   67.841   29.782000  4.839508e+02  3.051840e+02 
   67.841   30.278000  4.841953e+02  3.051541e+02 
   67.841   30.774000  4.844291e+02  3.051245e+02 
   67.841   31.268999  4.846537e+02  3.050953e+02 
   67.841   31.764999  4.848714e+02  3.050663e+02 
   67.841   32.260998  4.850842e+02  3.050376e+02 
   67.841   32.757000  4.852939e+02  3.050093e+02 
   67.841   33.251999  4.855015e+02  3.049817e+02 
   67.841   33.748001  4.857093e+02  3.049551e+02 
   67.841   34.243999  4.859183e+02  3.049298e+02 
   67.841   34.739998  4.861301e+02  3.049060e+02 
   67.841   35.235001  4.863456e+02  3.048836e+02 
   67.841   35.730999  4.865667e+02  3.048627e+02 
   67.841   36.227001  4.867935e+02  3.048430e+02 
   67.841   36.723000  4.870261e+02  3.048247e+02 
   67.841   37.217999  4.872635e+02  3.048076e+02 
   67.841   37.714001  4.875057e+02  3.047916e+02 
   67.841   38.209999  4.877509e+02  3.047768e+02 
   67.841   38.706001  4.879974e+02  3.047631e+02 
   67.841   39.201000  4.882427e+02  3.047505e+02 
   67.841   39.696999  4.884856e+02  3.047392e+02 
   67.841   40.196999  4.887224e+02  3.047302e+02 
   67.841   45.196999  4.905882e+02  3.046930e+02 
   67.841   50.196999  4.912964e+02  3.046888e+02 
   67.841   55.196999  4.915441e+02  3.046917e+02 
   67.841   60.196999  4.922839e+02  3.046950e+02 
   67.841   65.197006  4.935156e+02  3.046975e+02 
