    0.000    0.000000  0.000000e+00  3.531848e+02 
    0.000    0.103000  0.000000e+00  3.522307e+02 
    0.000    0.206000  0.000000e+00  3.509608e+02 
    0.000    0.309000  0.000000e+00  3.495357e+02 
    0.000    0.412000  0.000000e+00  3.480346e+02 
    0.000    0.515000  0.000000e+00  3.451924e+02 
    0.000    0.618000  0.000000e+00  3.414492e+02 
    0.000    0.721000  0.000000e+00  3.373331e+02 
    0.000    0.824000  0.000000e+00  3.331213e+02 
    0.000    0.926000  0.000000e+00  3.290433e+02 
    0.000    1.029000  0.000000e+00  3.252290e+02 
    0.000    1.132000  0.000000e+00  3.216322e+02 
    0.000    1.235000  0.000000e+00  3.183584e+02 
    0.000    1.338000  0.000000e+00  3.153974e+02 
    0.000    1.441000  0.000000e+00  3.127223e+02 
    0.000    1.544000  0.000000e+00  3.102601e+02 
    0.000    1.647000  0.000000e+00  3.077393e+02 
    0.000    1.750000  0.000000e+00  3.051605e+02 
    0.000    1.852000  0.000000e+00  3.032426e+02 
    0.000    1.955000  0.000000e+00  3.000067e+02 
    0.000    2.058000  0.000000e+00  2.978732e+02 
    0.000    2.161000  0.000000e+00  2.957509e+02 
    0.000    2.264000  0.000000e+00  2.937529e+02 
    0.000    2.367000  0.000000e+00  2.917807e+02 
    0.000    2.470000  0.000000e+00  2.890864e+02 
    0.000    2.573000  0.000000e+00  2.867407e+02 
    0.000    2.676000  0.000000e+00  2.844095e+02 
    0.000    2.778000  0.000000e+00  2.820287e+02 
    0.000    2.881000  0.000000e+00  2.795041e+02 
    0.000    2.984000  0.000000e+00  2.768133e+02 
    0.000    3.087000  0.000000e+00  2.739978e+02 
    0.000    3.190000  0.000000e+00  2.710113e+02 
    0.000    3.293000  0.000000e+00  2.702174e+02 
    0.000    3.396000  0.000000e+00  2.693185e+02 
    0.000    3.499000  0.000000e+00  2.683600e+02 
    0.000    3.602000  0.000000e+00  2.673578e+02 
    0.000    3.704000  0.000000e+00  2.663289e+02 
    0.000    3.807000  0.000000e+00  2.652675e+02 
    0.000    3.910000  0.000000e+00  2.641567e+02 
    0.000    4.013000  0.000000e+00  2.629764e+02 
    0.000    4.116000  0.000000e+00  2.617044e+02 
    0.000    4.219000  0.000000e+00  2.603257e+02 
    0.000    4.322000  0.000000e+00  2.588804e+02 
    0.000    4.425000  0.000000e+00  2.573817e+02 
    0.000    4.528000  0.000000e+00  2.558601e+02 
    0.000    4.630000  0.000000e+00  2.542771e+02 
    0.000    4.733000  0.000000e+00  2.525623e+02 
    0.000    4.836000  0.000000e+00  2.507584e+02 
    0.000    4.939000  0.000000e+00  2.488234e+02 
    0.000    5.042000  0.000000e+00  2.467574e+02 
    0.000    5.145000  0.000000e+00  2.447068e+02 
    0.000    5.248000  0.000000e+00  2.426370e+02 
    0.000    5.351000  0.000000e+00  2.408463e+02 
    0.000    5.454000  0.000000e+00  2.390603e+02 
    0.000    5.557000  0.000000e+00  2.372007e+02 
    0.000    5.659000  0.000000e+00  2.352492e+02 
    0.000    5.762000  0.000000e+00  2.332475e+02 
    0.000    5.865000  0.000000e+00  2.313930e+02 
    0.000    5.968000  0.000000e+00  2.297952e+02 
    0.000    6.071000  0.000000e+00  2.286388e+02 
    0.000    6.174000  0.000000e+00  2.275679e+02 
    0.000    6.277000  0.000000e+00  2.264713e+02 
    0.000    6.380000  0.000000e+00  2.256362e+02 
    0.000    6.483000  0.000000e+00  2.248112e+02 
    0.000    6.585000  0.000000e+00  2.240061e+02 
    0.000    6.688000  0.000000e+00  2.232143e+02 
    0.000    6.791000  0.000000e+00  2.224422e+02 
    0.000    6.894000  0.000000e+00  2.216940e+02 
    0.000    6.997000  0.000000e+00  2.209727e+02 
    0.000    7.100000  0.000000e+00  2.202760e+02 
    0.000    7.203000  0.000000e+00  2.197122e+02 
    0.000    7.306000  0.000000e+00  2.190857e+02 
    0.000    7.409000  0.000000e+00  2.183922e+02 
    0.000    7.511000  0.000000e+00  2.178864e+02 
    0.000    7.614000  0.000000e+00  2.175482e+02 
    0.000    7.717000  0.000000e+00  2.171050e+02 
    0.000    7.820000  0.000000e+00  2.167071e+02 
    0.000    7.923000  0.000000e+00  2.163581e+02 
    0.000    8.026000  0.000000e+00  2.160022e+02 
    0.000    8.129000  0.000000e+00  2.156619e+02 
    0.000    8.232000  0.000000e+00  2.153629e+02 
    0.000    8.335000  0.000000e+00  2.150491e+02 
    0.000    8.437000  0.000000e+00  2.147646e+02 
    0.000    8.540000  0.000000e+00  2.145363e+02 
    0.000    8.643000  0.000000e+00  2.144221e+02 
    0.000    8.746000  0.000000e+00  2.143477e+02 
    0.000    8.849000  0.000000e+00  2.142647e+02 
    0.000    8.952000  0.000000e+00  2.141765e+02 
    0.000    9.055000  0.000000e+00  2.140847e+02 
    0.000    9.158000  0.000000e+00  2.139915e+02 
    0.000    9.261000  0.000000e+00  2.139056e+02 
    0.000    9.363000  0.000000e+00  2.138254e+02 
    0.000    9.466000  0.000000e+00  2.137492e+02 
    0.000    9.569000  0.000000e+00  2.136847e+02 
    0.000    9.672000  0.000000e+00  2.136286e+02 
    0.000    9.775000  0.000000e+00  2.135827e+02 
    0.000    9.878000  0.000000e+00  2.135559e+02 
    0.000    9.981000  0.000000e+00  2.135426e+02 
    0.000   10.084000  0.000000e+00  2.135334e+02 
    0.000   10.187000  0.000000e+00  2.135187e+02 
    0.000   10.289000  0.000000e+00  2.135012e+02 
    0.000   10.392000  0.000000e+00  2.134803e+02 
    0.000   10.495000  0.000000e+00  2.134520e+02 
    0.000   10.598000  0.000000e+00  2.134193e+02 
    0.000   10.701000  0.000000e+00  2.133846e+02 
    0.000   10.804000  0.000000e+00  2.133487e+02 
    0.000   10.907000  0.000000e+00  2.133120e+02 
    0.000   11.010000  0.000000e+00  2.132724e+02 
    0.000   11.113000  0.000000e+00  2.132240e+02 
    0.000   11.216000  0.000000e+00  2.131696e+02 
    0.000   11.318000  0.000000e+00  2.131121e+02 
    0.000   11.421000  0.000000e+00  2.130504e+02 
    0.000   11.524000  0.000000e+00  2.129863e+02 
    0.000   11.627000  0.000000e+00  2.129209e+02 
    0.000   11.730000  0.000000e+00  2.128566e+02 
    0.000   11.833000  0.000000e+00  2.127930e+02 
    0.000   11.936000  0.000000e+00  2.127297e+02 
    0.000   12.039000  0.000000e+00  2.126667e+02 
    0.000   12.142000  0.000000e+00  2.126039e+02 
    0.000   12.244000  0.000000e+00  2.125418e+02 
    0.000   12.347000  0.000000e+00  2.124787e+02 
    0.000   12.450000  0.000000e+00  2.124151e+02 
    0.000   12.553000  0.000000e+00  2.123516e+02 
    0.000   12.656000  0.000000e+00  2.122890e+02 
    0.000   12.759000  0.000000e+00  2.122277e+02 
    0.000   12.862000  0.000000e+00  2.121672e+02 
    0.000   12.965000  0.000000e+00  2.121085e+02 
    0.000   13.068000  0.000000e+00  2.120522e+02 
    0.000   13.170000  0.000000e+00  2.119981e+02 
    0.000   13.273000  0.000000e+00  2.119451e+02 
    0.000   13.376000  0.000000e+00  2.118941e+02 
    0.000   13.479000  0.000000e+00  2.118446e+02 
    0.000   13.582000  0.000000e+00  2.117963e+02 
    0.000   13.685000  0.000000e+00  2.117494e+02 
    0.000   13.788000  0.000000e+00  2.117036e+02 
    0.000   13.891000  0.000000e+00  2.116587e+02 
    0.000   13.994000  0.000000e+00  2.116158e+02 
    0.000   14.096000  0.000000e+00  2.115750e+02 
    0.000   14.199000  0.000000e+00  2.115351e+02 
    0.000   14.302000  0.000000e+00  2.114971e+02 
    0.000   14.405000  0.000000e+00  2.114612e+02 
    0.000   14.508000  0.000000e+00  2.114270e+02 
    0.000   14.611000  0.000000e+00  2.113934e+02 
    0.000   14.714000  0.000000e+00  2.113595e+02 
    0.000   14.817000  0.000000e+00  2.113253e+02 
    0.000   14.920000  0.000000e+00  2.112914e+02 
    0.000   15.022000  0.000000e+00  2.112573e+02 
    0.000   15.125000  0.000000e+00  2.112228e+02 
    0.000   15.228000  0.000000e+00  2.111884e+02 
    0.000   15.331000  0.000000e+00  2.111553e+02 
    0.000   15.434000  0.000000e+00  2.111241e+02 
    0.000   15.537000  0.000000e+00  2.110943e+02 
    0.000   15.640000  0.000000e+00  2.110648e+02 
    0.000   15.743000  0.000000e+00  2.110331e+02 
    0.000   15.846000  0.000000e+00  2.109997e+02 
    0.000   15.948000  0.000000e+00  2.109659e+02 
    0.000   16.051001  0.000000e+00  2.109281e+02 
    0.000   16.153999  0.000000e+00  2.108866e+02 
    0.000   16.257000  0.000000e+00  2.108428e+02 
    0.000   16.360001  0.000000e+00  2.107979e+02 
    0.000   16.462999  0.000000e+00  2.107526e+02 
    0.000   16.566000  0.000000e+00  2.107071e+02 
    0.000   16.669001  0.000000e+00  2.106613e+02 
    0.000   16.771999  0.000000e+00  2.106176e+02 
    0.000   16.875000  0.000000e+00  2.105759e+02 
    0.000   16.976999  0.000000e+00  2.105356e+02 
    0.000   17.080000  0.000000e+00  2.104969e+02 
    0.000   17.183001  0.000000e+00  2.104611e+02 
    0.000   17.285999  0.000000e+00  2.104274e+02 
    0.000   17.389000  0.000000e+00  2.103953e+02 
    0.000   17.492001  0.000000e+00  2.103649e+02 
    0.000   17.594999  0.000000e+00  2.103360e+02 
    0.000   17.698000  0.000000e+00  2.103083e+02 
    0.000   17.801001  0.000000e+00  2.102813e+02 
    0.000   17.903000  0.000000e+00  2.102547e+02 
    0.000   18.006001  0.000000e+00  2.102282e+02 
    0.000   18.108999  0.000000e+00  2.102022e+02 
    0.000   18.212000  0.000000e+00  2.101759e+02 
    0.000   18.315001  0.000000e+00  2.101493e+02 
    0.000   18.417999  0.000000e+00  2.101228e+02 
    0.000   18.521000  0.000000e+00  2.100964e+02 
    0.000   18.624001  0.000000e+00  2.100705e+02 
    0.000   18.726999  0.000000e+00  2.100449e+02 
    0.000   18.829000  0.000000e+00  2.100200e+02 
    0.000   18.931999  0.000000e+00  2.099947e+02 
    0.000   19.035000  0.000000e+00  2.099691e+02 
    0.000   19.138000  0.000000e+00  2.099433e+02 
    0.000   19.240999  0.000000e+00  2.099174e+02 
    0.000   19.344000  0.000000e+00  2.098912e+02 
    0.000   19.447001  0.000000e+00  2.098645e+02 
    0.000   19.549999  0.000000e+00  2.098377e+02 
    0.000   19.653000  0.000000e+00  2.098107e+02 
    0.000   19.754999  0.000000e+00  2.097845e+02 
    0.000   19.858000  0.000000e+00  2.097585e+02 
    0.000   19.961000  0.000000e+00  2.097329e+02 
    0.000   20.063999  0.000000e+00  2.097076e+02 
    0.000   20.363001  0.000000e+00  2.096399e+02 
    0.000   20.858999  0.000000e+00  2.095421e+02 
    0.000   21.355000  0.000000e+00  2.094551e+02 
    0.000   21.851000  0.000000e+00  2.093790e+02 
    0.000   22.346001  0.000000e+00  2.093012e+02 
    0.000   22.842001  0.000000e+00  2.092212e+02 
    0.000   23.337999  0.000000e+00  2.091503e+02 
    0.000   23.834000  0.000000e+00  2.090974e+02 
    0.000   24.329000  0.000000e+00  2.090635e+02 
    0.000   24.825001  0.000000e+00  2.090406e+02 
    0.000   25.320999  0.000000e+00  2.090312e+02 
    0.000   25.816999  0.000000e+00  2.090358e+02 
    0.000   26.312000  0.000000e+00  2.090481e+02 
    0.000   26.808001  0.000000e+00  2.090672e+02 
    0.000   27.304001  0.000000e+00  2.090891e+02 
    0.000   27.799999  0.000000e+00  2.091124e+02 
    0.000   28.295000  0.000000e+00  2.091396e+02 
    0.000   28.791000  0.000000e+00  2.091740e+02 
    0.000   29.287001  0.000000e+00  2.092175e+02 
    0.000   29.783001  0.000000e+00  2.092682e+02 
    0.000   30.278999  0.000000e+00  2.093239e+02 
    0.000   30.774000  0.000000e+00  2.093800e+02 
    0.000   31.270000  0.000000e+00  2.094359e+02 
    0.000   31.766001  0.000000e+00  2.094913e+02 
    0.000   32.262001  0.000000e+00  2.095475e+02 
    0.000   32.757000  0.000000e+00  2.096050e+02 
    0.000   33.252998  0.000000e+00  2.096654e+02 
    0.000   33.749001  0.000000e+00  2.097290e+02 
    0.000   34.244999  0.000000e+00  2.097954e+02 
    0.000   34.740002  0.000000e+00  2.098604e+02 
    0.000   35.236000  0.000000e+00  2.099230e+02 
    0.000   35.731998  0.000000e+00  2.099815e+02 
    0.000   36.228001  0.000000e+00  2.100365e+02 
    0.000   36.723000  0.000000e+00  2.100873e+02 
    0.000   37.219002  0.000000e+00  2.101348e+02 
    0.000   37.715000  0.000000e+00  2.101796e+02 
    0.000   38.210999  0.000000e+00  2.102222e+02 
    0.000   38.706001  0.000000e+00  2.102650e+02 
    0.000   39.202000  0.000000e+00  2.103089e+02 
    0.000   39.698002  0.000000e+00  2.103556e+02 
    0.000   40.198002  0.000000e+00  2.104067e+02 
    0.000   45.198002  0.000000e+00  2.108582e+02 
    0.000   50.198002  0.000000e+00  2.110824e+02 
    0.000   55.198002  0.000000e+00  2.110809e+02 
    0.000   60.198002  0.000000e+00  2.110123e+02 
    0.000   65.197998  0.000000e+00  2.109602e+02 
