   66.878    0.000000  1.625312e-10  7.489569e+00 
   66.878    0.103000  1.634005e-10  7.599688e+00 
   66.878    0.206000  1.642662e-10  7.711578e+00 
   66.878    0.309000  1.651315e-10  7.824030e+00 
   66.878    0.412000  1.659976e-10  7.936485e+00 
   66.878    0.515000  1.668629e-10  8.048736e+00 
   66.878    0.618000  2.356075e-10  1.109445e+01 
   66.878    0.721000  3.836110e-10  1.512671e+01 
   66.878    0.823000  7.202360e-10  2.004165e+01 
   66.878    0.926000  1.520711e-09  2.557932e+01 
   66.878    1.029000  3.537122e-09  3.158276e+01 
   66.878    1.132000  9.235896e-09  3.826685e+01 
   66.878    1.235000  2.682388e-08  4.556528e+01 
   66.878    1.338000  8.583844e-08  5.342104e+01 
   66.878    1.441000  3.001051e-07  6.179346e+01 
   66.878    1.544000  1.135816e-06  7.064639e+01 
   66.878    1.647000  4.624404e-06  7.996837e+01 
   66.878    1.749000  9.489483e-05  9.678178e+01 
   66.878    1.852000  2.709827e-03  1.177022e+02 
   66.878    1.955000  5.967430e-02  1.401944e+02 
   66.878    2.058000  9.482134e-01  1.660189e+02 
   66.878    2.161000  1.077838e+01  1.977651e+02 
   66.878    2.264000  8.830579e+01  2.353431e+02 
   66.878    2.367000  1.162650e+02  2.404996e+02 
   66.878    2.470000  1.436385e+02  2.446126e+02 
   66.878    2.573000  1.652139e+02  2.473259e+02 
   66.878    2.675000  1.786931e+02  2.487841e+02 
   66.878    2.778000  1.844963e+02  2.492926e+02 
   66.878    2.881000  1.867897e+02  2.494087e+02 
   66.878    2.984000  1.876120e+02  2.493729e+02 
   66.878    3.087000  1.884305e+02  2.493559e+02 
   66.878    3.190000  1.892442e+02  2.493555e+02 
   66.878    3.293000  1.900531e+02  2.493696e+02 
   66.878    3.396000  1.908578e+02  2.493961e+02 
   66.878    3.499000  1.916584e+02  2.494337e+02 
   66.878    3.601000  1.924500e+02  2.494799e+02 
   66.878    3.704000  1.932507e+02  2.495343e+02 
   66.878    3.807000  1.940527e+02  2.495958e+02 
   66.878    3.910000  1.948558e+02  2.496637e+02 
   66.878    4.013000  1.956597e+02  2.497376e+02 
   66.878    4.116000  1.964606e+02  2.498177e+02 
   66.878    4.219000  1.972540e+02  2.499040e+02 
   66.878    4.322000  1.980377e+02  2.499962e+02 
   66.878    4.425000  1.988099e+02  2.500936e+02 
   66.878    4.528000  1.995686e+02  2.501960e+02 
   66.878    4.630000  2.003067e+02  2.503013e+02 
   66.878    4.733000  2.010390e+02  2.504111e+02 
   66.878    4.836000  2.017568e+02  2.505240e+02 
   66.878    4.939000  2.024606e+02  2.506397e+02 
   66.878    5.042000  2.031510e+02  2.507576e+02 
   66.878    5.145000  2.038271e+02  2.508776e+02 
   66.878    5.248000  2.044898e+02  2.509993e+02 
   66.878    5.351000  2.051395e+02  2.511224e+02 
   66.878    5.454000  2.057761e+02  2.512469e+02 
   66.878    5.556000  2.077653e+02  2.515556e+02 
   66.878    5.659000  2.140491e+02  2.524242e+02 
   66.878    5.762000  2.254153e+02  2.538924e+02 
   66.878    5.865000  2.433002e+02  2.560217e+02 
   66.878    5.968000  2.672262e+02  2.586047e+02 
   66.878    6.071000  2.967145e+02  2.614493e+02 
   66.878    6.174000  3.297379e+02  2.642719e+02 
   66.878    6.277000  3.664796e+02  2.670368e+02 
   66.878    6.380000  4.030208e+02  2.694485e+02 
   66.878    6.482000  4.220060e+02  2.706067e+02 
   66.878    6.585000  4.432793e+02  2.718079e+02 
   66.878    6.688000  4.444489e+02  2.718937e+02 
   66.878    6.791000  4.456216e+02  2.719827e+02 
   66.878    6.894000  4.467842e+02  2.720746e+02 
   66.878    6.997000  4.479193e+02  2.721690e+02 
   66.878    7.100000  4.490169e+02  2.722657e+02 
   66.878    7.203000  4.500576e+02  2.723644e+02 
   66.878    7.306000  4.510259e+02  2.724645e+02 
   66.878    7.408000  4.519104e+02  2.725644e+02 
   66.878    7.511000  4.527344e+02  2.726655e+02 
   66.878    7.614000  4.534889e+02  2.727666e+02 
   66.878    7.717000  4.541950e+02  2.728668e+02 
   66.878    7.820000  4.548836e+02  2.729659e+02 
   66.878    7.923000  4.555616e+02  2.730637e+02 
   66.878    8.026000  4.562317e+02  2.731603e+02 
   66.878    8.129000  4.568972e+02  2.732557e+02 
   66.878    8.232000  4.575580e+02  2.733499e+02 
   66.878    8.334001  4.582023e+02  2.734418e+02 
   66.878    8.437000  4.588369e+02  2.735331e+02 
   66.878    8.540000  4.594557e+02  2.736227e+02 
   66.878    8.643001  4.600626e+02  2.737106e+02 
   66.878    8.746000  4.606606e+02  2.737965e+02 
   66.878    8.849000  4.612495e+02  2.738804e+02 
   66.878    8.952001  4.618295e+02  2.739622e+02 
   66.878    9.055000  4.623995e+02  2.740418e+02 
   66.878    9.158000  4.629578e+02  2.741193e+02 
   66.878    9.260000  4.634987e+02  2.741939e+02 
   66.878    9.363000  4.640325e+02  2.742671e+02 
   66.878    9.466001  4.645543e+02  2.743383e+02 
   66.878    9.569000  4.650650e+02  2.744078e+02 
   66.878    9.672000  4.655648e+02  2.744756e+02 
   66.878    9.775001  4.660530e+02  2.745416e+02 
   66.878    9.878000  4.665286e+02  2.746061e+02 
   66.878    9.981000  4.669913e+02  2.746690e+02 
   66.878   10.084001  4.674765e+02  2.747297e+02 
   66.878   10.187000  4.679531e+02  2.747891e+02 
   66.878   10.289001  4.684175e+02  2.748465e+02 
   66.878   10.392000  4.688790e+02  2.749032e+02 
   66.878   10.495000  4.693337e+02  2.749585e+02 
   66.878   10.598001  4.697815e+02  2.750126e+02 
   66.878   10.701000  4.702223e+02  2.750656e+02 
   66.878   10.804000  4.706561e+02  2.751175e+02 
   66.878   10.907001  4.710829e+02  2.751685e+02 
   66.878   11.010000  4.715035e+02  2.752188e+02 
   66.878   11.113000  4.719188e+02  2.752683e+02 
   66.878   11.215000  4.723252e+02  2.753167e+02 
   66.878   11.318000  4.727306e+02  2.753648e+02 
   66.878   11.421000  4.731311e+02  2.754124e+02 
   66.878   11.524000  4.735267e+02  2.754594e+02 
   66.878   11.627000  4.739172e+02  2.755058e+02 
   66.878   11.730000  4.743023e+02  2.755516e+02 
   66.878   11.833000  4.746819e+02  2.755970e+02 
   66.878   11.936000  4.750561e+02  2.756418e+02 
   66.878   12.039001  4.754250e+02  2.756860e+02 
   66.878   12.141000  4.757851e+02  2.757293e+02 
   66.878   12.244000  4.761435e+02  2.757725e+02 
   66.878   12.347000  4.764969e+02  2.758151e+02 
   66.878   12.450000  4.768454e+02  2.758571e+02 
   66.878   12.553000  4.771889e+02  2.758986e+02 
   66.878   12.656000  4.775276e+02  2.759393e+02 
   66.878   12.759000  4.778617e+02  2.759793e+02 
   66.878   12.862000  4.781915e+02  2.760186e+02 
   66.878   12.965000  4.785172e+02  2.760571e+02 
   66.878   13.067000  4.788358e+02  2.760945e+02 
   66.878   13.170000  4.791537e+02  2.761314e+02 
   66.878   13.273000  4.794678e+02  2.761675e+02 
   66.878   13.376000  4.797783e+02  2.762028e+02 
   66.878   13.479000  4.800852e+02  2.762373e+02 
   66.878   13.582000  4.803885e+02  2.762710e+02 
   66.878   13.685000  4.806884e+02  2.763039e+02 
   66.878   13.788000  4.809848e+02  2.763360e+02 
   66.878   13.891000  4.812779e+02  2.763672e+02 
   66.878   13.993000  4.815649e+02  2.763973e+02 
   66.878   14.096000  4.818515e+02  2.764269e+02 
   66.878   14.199000  4.821350e+02  2.764556e+02 
   66.878   14.302000  4.824153e+02  2.764834e+02 
   66.878   14.405000  4.826926e+02  2.765103e+02 
   66.878   14.508000  4.829667e+02  2.765365e+02 
   66.878   14.611000  4.832377e+02  2.765619e+02 
   66.878   14.714000  4.835056e+02  2.765865e+02 
   66.878   14.817000  4.837704e+02  2.766105e+02 
   66.878   14.919000  4.840295e+02  2.766336e+02 
   66.878   15.022000  4.842881e+02  2.766563e+02 
   66.878   15.125000  4.845434e+02  2.766785e+02 
   66.878   15.228000  4.847957e+02  2.767002e+02 
   66.878   15.331000  4.850449e+02  2.767213e+02 
   66.878   15.434000  4.852910e+02  2.767420e+02 
   66.878   15.537000  4.855342e+02  2.767621e+02 
   66.878   15.640000  4.857744e+02  2.767817e+02 
   66.878   15.743000  4.860117e+02  2.768009e+02 
   66.878   15.846000  4.862461e+02  2.768196e+02 
   66.878   15.948001  4.864756e+02  2.768377e+02 
   66.878   16.050999  4.867047e+02  2.768554e+02 
   66.878   16.153999  4.869315e+02  2.768726e+02 
   66.878   16.257000  4.871558e+02  2.768892e+02 
   66.878   16.359999  4.873777e+02  2.769053e+02 
   66.878   16.462999  4.875973e+02  2.769209e+02 
   66.878   16.566000  4.878146e+02  2.769359e+02 
   66.878   16.668999  4.880297e+02  2.769503e+02 
   66.878   16.771999  4.882427e+02  2.769642e+02 
   66.878   16.873999  4.884516e+02  2.769774e+02 
   66.878   16.976999  4.886605e+02  2.769902e+02 
   66.878   17.080000  4.888676e+02  2.770023e+02 
   66.878   17.182999  4.890732e+02  2.770136e+02 
   66.878   17.285999  4.892773e+02  2.770242e+02 
   66.878   17.389000  4.894799e+02  2.770341e+02 
   66.878   17.491999  4.896812e+02  2.770430e+02 
   66.878   17.594999  4.898815e+02  2.770511e+02 
   66.878   17.698000  4.900805e+02  2.770583e+02 
   66.878   17.799999  4.902763e+02  2.770647e+02 
   66.878   17.903000  4.904727e+02  2.770704e+02 
   66.878   18.005999  4.906678e+02  2.770755e+02 
   66.878   18.108999  4.908613e+02  2.770799e+02 
   66.878   18.212000  4.910533e+02  2.770837e+02 
   66.878   18.314999  4.912434e+02  2.770872e+02 
   66.878   18.417999  4.914317e+02  2.770902e+02 
   66.878   18.521000  4.916183e+02  2.770928e+02 
   66.878   18.623999  4.918033e+02  2.770948e+02 
   66.878   18.726000  4.919849e+02  2.770964e+02 
   66.878   18.828999  4.921667e+02  2.770976e+02 
   66.878   18.931999  4.923469e+02  2.770982e+02 
   66.878   19.035000  4.925259e+02  2.770982e+02 
   66.878   19.137999  4.927037e+02  2.770977e+02 
   66.878   19.240999  4.928802e+02  2.770966e+02 
   66.878   19.344000  4.930555e+02  2.770951e+02 
   66.878   19.446999  4.932296e+02  2.770930e+02 
   66.878   19.549999  4.934023e+02  2.770905e+02 
   66.878   19.651999  4.935721e+02  2.770876e+02 
   66.878   19.754999  4.937422e+02  2.770842e+02 
   66.878   19.858000  4.939109e+02  2.770805e+02 
   66.878   19.960999  4.940783e+02  2.770764e+02 
   66.878   20.063999  4.942447e+02  2.770718e+02 
   66.878   20.362999  4.947222e+02  2.770556e+02 
   66.878   20.858999  4.954913e+02  2.770223e+02 
   66.878   21.355000  4.962320e+02  2.769814e+02 
   66.878   21.851000  4.969465e+02  2.769329e+02 
   66.878   22.345999  4.976296e+02  2.768805e+02 
   66.878   22.841999  4.982772e+02  2.768290e+02 
   66.878   23.337999  4.988829e+02  2.767818e+02 
   66.878   23.834000  4.994471e+02  2.767393e+02 
   66.878   24.328999  4.999734e+02  2.767001e+02 
   66.878   24.824999  5.004687e+02  2.766620e+02 
   66.878   25.320999  5.009332e+02  2.766254e+02 
   66.878   25.816999  5.013671e+02  2.765910e+02 
   66.878   26.311998  5.017711e+02  2.765591e+02 
   66.878   26.807999  5.021499e+02  2.765288e+02 
   66.878   27.303999  5.025049e+02  2.764994e+02 
   66.878   27.799999  5.028370e+02  2.764710e+02 
   66.878   28.295000  5.031465e+02  2.764439e+02 
   66.878   28.790998  5.034369e+02  2.764178e+02 
   66.878   29.286999  5.037105e+02  2.763923e+02 
   66.878   29.782999  5.039702e+02  2.763669e+02 
   66.878   30.278000  5.042178e+02  2.763415e+02 
   66.878   30.773998  5.044560e+02  2.763159e+02 
   66.878   31.269999  5.046859e+02  2.762902e+02 
   66.878   31.765999  5.049091e+02  2.762646e+02 
   66.878   32.261002  5.051276e+02  2.762393e+02 
   66.878   32.757000  5.053439e+02  2.762142e+02 
   66.878   33.253002  5.055593e+02  2.761898e+02 
   66.878   33.749001  5.057755e+02  2.761662e+02 
   66.878   34.243999  5.059930e+02  2.761438e+02 
   66.878   34.740002  5.062145e+02  2.761226e+02 
   66.878   35.236000  5.064405e+02  2.761027e+02 
   66.878   35.732002  5.066720e+02  2.760840e+02 
   66.878   36.227001  5.069091e+02  2.760667e+02 
   66.878   36.723000  5.071526e+02  2.760505e+02 
   66.878   37.219002  5.074012e+02  2.760354e+02 
   66.878   37.715000  5.076537e+02  2.760213e+02 
   66.878   38.210003  5.079081e+02  2.760082e+02 
   66.878   38.706001  5.081634e+02  2.759962e+02 
   66.878   39.202000  5.084173e+02  2.759852e+02 
   66.878   39.698002  5.086675e+02  2.759753e+02 
   66.878   40.198002  5.089106e+02  2.759676e+02 
   66.878   45.198002  5.108038e+02  2.759384e+02 
   66.878   50.198002  5.115151e+02  2.759372e+02 
   66.878   55.198002  5.117694e+02  2.759413e+02 
   66.878   60.198002  5.125594e+02  2.759453e+02 
   66.878   65.197998  5.138116e+02  2.759482e+02 
