    0.000    0.000000  0.000000e+00  3.513600e+02 
    0.000    0.103000  0.000000e+00  3.507063e+02 
    0.000    0.206000  0.000000e+00  3.493191e+02 
    0.000    0.308000  0.000000e+00  3.477162e+02 
    0.000    0.411000  0.000000e+00  3.461619e+02 
    0.000    0.514000  0.000000e+00  3.445566e+02 
    0.000    0.617000  0.000000e+00  3.429183e+02 
    0.000    0.720000  0.000000e+00  3.412682e+02 
    0.000    0.823000  0.000000e+00  3.395948e+02 
    0.000    0.926000  0.000000e+00  3.378595e+02 
    0.000    1.029000  0.000000e+00  3.360321e+02 
    0.000    1.132000  0.000000e+00  3.341431e+02 
    0.000    1.234000  0.000000e+00  3.323134e+02 
    0.000    1.337000  0.000000e+00  3.305314e+02 
    0.000    1.440000  0.000000e+00  3.287672e+02 
    0.000    1.543000  0.000000e+00  3.269865e+02 
    0.000    1.646000  0.000000e+00  3.251808e+02 
    0.000    1.749000  0.000000e+00  3.233378e+02 
    0.000    1.852000  0.000000e+00  3.049006e+02 
    0.000    1.955000  0.000000e+00  3.011214e+02 
    0.000    2.058000  0.000000e+00  2.988004e+02 
    0.000    2.160000  0.000000e+00  2.965609e+02 
    0.000    2.263000  0.000000e+00  2.940771e+02 
    0.000    2.366000  0.000000e+00  2.908315e+02 
    0.000    2.469000  0.000000e+00  2.901307e+02 
    0.000    2.572000  0.000000e+00  2.892497e+02 
    0.000    2.675000  0.000000e+00  2.882241e+02 
    0.000    2.778000  0.000000e+00  2.870538e+02 
    0.000    2.881000  0.000000e+00  2.857336e+02 
    0.000    2.984000  0.000000e+00  2.844127e+02 
    0.000    3.086000  0.000000e+00  2.817529e+02 
    0.000    3.189000  0.000000e+00  2.785038e+02 
    0.000    3.292000  0.000000e+00  2.745136e+02 
    0.000    3.395000  0.000000e+00  2.731680e+02 
    0.000    3.498000  0.000000e+00  2.721538e+02 
    0.000    3.601000  0.000000e+00  2.710853e+02 
    0.000    3.704000  0.000000e+00  2.699750e+02 
    0.000    3.807000  0.000000e+00  2.688403e+02 
    0.000    3.910000  0.000000e+00  2.676900e+02 
    0.000    4.012000  0.000000e+00  2.665686e+02 
    0.000    4.115000  0.000000e+00  2.654354e+02 
    0.000    4.218000  0.000000e+00  2.643010e+02 
    0.000    4.321000  0.000000e+00  2.631711e+02 
    0.000    4.424000  0.000000e+00  2.620401e+02 
    0.000    4.527000  0.000000e+00  2.609134e+02 
    0.000    4.630000  0.000000e+00  2.597952e+02 
    0.000    4.733000  0.000000e+00  2.586860e+02 
    0.000    4.836000  0.000000e+00  2.575886e+02 
    0.000    4.939000  0.000000e+00  2.564680e+02 
    0.000    5.041000  0.000000e+00  2.553452e+02 
    0.000    5.144000  0.000000e+00  2.542231e+02 
    0.000    5.247000  0.000000e+00  2.530978e+02 
    0.000    5.350000  0.000000e+00  2.519790e+02 
    0.000    5.453000  0.000000e+00  2.508731e+02 
    0.000    5.556000  0.000000e+00  2.497804e+02 
    0.000    5.659000  0.000000e+00  2.487033e+02 
    0.000    5.762000  0.000000e+00  2.476424e+02 
    0.000    5.865000  0.000000e+00  2.465980e+02 
    0.000    5.967000  0.000000e+00  2.455793e+02 
    0.000    6.070000  0.000000e+00  2.445453e+02 
    0.000    6.173000  0.000000e+00  2.434900e+02 
    0.000    6.276000  0.000000e+00  2.424559e+02 
    0.000    6.379000  0.000000e+00  2.414125e+02 
    0.000    6.482000  0.000000e+00  2.403899e+02 
    0.000    6.585000  0.000000e+00  2.394211e+02 
    0.000    6.688000  0.000000e+00  2.384693e+02 
    0.000    6.791000  0.000000e+00  2.375165e+02 
    0.000    6.893000  0.000000e+00  2.366110e+02 
    0.000    6.996000  0.000000e+00  2.357986e+02 
    0.000    7.099000  0.000000e+00  2.350256e+02 
    0.000    7.202000  0.000000e+00  2.343830e+02 
    0.000    7.305000  0.000000e+00  2.338542e+02 
    0.000    7.408000  0.000000e+00  2.334018e+02 
    0.000    7.511000  0.000000e+00  2.330786e+02 
    0.000    7.614000  0.000000e+00  2.328179e+02 
    0.000    7.717000  0.000000e+00  2.326378e+02 
    0.000    7.819000  0.000000e+00  2.324911e+02 
    0.000    7.922000  0.000000e+00  2.323671e+02 
    0.000    8.025000  0.000000e+00  2.322610e+02 
    0.000    8.127999  0.000000e+00  2.321536e+02 
    0.000    8.231000  0.000000e+00  2.320609e+02 
    0.000    8.334000  0.000000e+00  2.319569e+02 
    0.000    8.436999  0.000000e+00  2.318428e+02 
    0.000    8.540000  0.000000e+00  2.317196e+02 
    0.000    8.643000  0.000000e+00  2.315288e+02 
    0.000    8.745000  0.000000e+00  2.313499e+02 
    0.000    8.848000  0.000000e+00  2.311783e+02 
    0.000    8.950999  0.000000e+00  2.310006e+02 
    0.000    9.054000  0.000000e+00  2.308318e+02 
    0.000    9.157000  0.000000e+00  2.306638e+02 
    0.000    9.259999  0.000000e+00  2.305096e+02 
    0.000    9.363000  0.000000e+00  2.303567e+02 
    0.000    9.466000  0.000000e+00  2.302041e+02 
    0.000    9.568999  0.000000e+00  2.300620e+02 
    0.000    9.671000  0.000000e+00  2.299278e+02 
    0.000    9.773999  0.000000e+00  2.298001e+02 
    0.000    9.877000  0.000000e+00  2.296876e+02 
    0.000    9.980000  0.000000e+00  2.295884e+02 
    0.000   10.082999  0.000000e+00  2.294974e+02 
    0.000   10.186000  0.000000e+00  2.294114e+02 
    0.000   10.289000  0.000000e+00  2.293308e+02 
    0.000   10.391999  0.000000e+00  2.292497e+02 
    0.000   10.495000  0.000000e+00  2.292060e+02 
    0.000   10.598000  0.000000e+00  2.291582e+02 
    0.000   10.700000  0.000000e+00  2.291084e+02 
    0.000   10.802999  0.000000e+00  2.290557e+02 
    0.000   10.905999  0.000000e+00  2.290017e+02 
    0.000   11.009000  0.000000e+00  2.289453e+02 
    0.000   11.112000  0.000000e+00  2.288819e+02 
    0.000   11.214999  0.000000e+00  2.288137e+02 
    0.000   11.318000  0.000000e+00  2.287424e+02 
    0.000   11.421000  0.000000e+00  2.286665e+02 
    0.000   11.523999  0.000000e+00  2.285873e+02 
    0.000   11.625999  0.000000e+00  2.285078e+02 
    0.000   11.729000  0.000000e+00  2.284309e+02 
    0.000   11.832000  0.000000e+00  2.283569e+02 
    0.000   11.934999  0.000000e+00  2.282844e+02 
    0.000   12.037999  0.000000e+00  2.282139e+02 
    0.000   12.141000  0.000000e+00  2.281451e+02 
    0.000   12.243999  0.000000e+00  2.280775e+02 
    0.000   12.346999  0.000000e+00  2.280093e+02 
    0.000   12.450000  0.000000e+00  2.279404e+02 
    0.000   12.552000  0.000000e+00  2.278720e+02 
    0.000   12.655000  0.000000e+00  2.278022e+02 
    0.000   12.757999  0.000000e+00  2.277314e+02 
    0.000   12.861000  0.000000e+00  2.276602e+02 
    0.000   12.964000  0.000000e+00  2.275898e+02 
    0.000   13.066999  0.000000e+00  2.275206e+02 
    0.000   13.170000  0.000000e+00  2.274524e+02 
    0.000   13.273000  0.000000e+00  2.273858e+02 
    0.000   13.375999  0.000000e+00  2.273219e+02 
    0.000   13.478000  0.000000e+00  2.272607e+02 
    0.000   13.580999  0.000000e+00  2.272007e+02 
    0.000   13.684000  0.000000e+00  2.271440e+02 
    0.000   13.787000  0.000000e+00  2.270901e+02 
    0.000   13.889999  0.000000e+00  2.270381e+02 
    0.000   13.993000  0.000000e+00  2.269901e+02 
    0.000   14.096000  0.000000e+00  2.269456e+02 
    0.000   14.198999  0.000000e+00  2.269036e+02 
    0.000   14.302000  0.000000e+00  2.268641e+02 
    0.000   14.403999  0.000000e+00  2.268274e+02 
    0.000   14.507000  0.000000e+00  2.267924e+02 
    0.000   14.610000  0.000000e+00  2.267580e+02 
    0.000   14.712999  0.000000e+00  2.267224e+02 
    0.000   14.816000  0.000000e+00  2.266859e+02 
    0.000   14.919000  0.000000e+00  2.266494e+02 
    0.000   15.021999  0.000000e+00  2.266118e+02 
    0.000   15.125000  0.000000e+00  2.265735e+02 
    0.000   15.228000  0.000000e+00  2.265350e+02 
    0.000   15.330999  0.000000e+00  2.264966e+02 
    0.000   15.433000  0.000000e+00  2.264588e+02 
    0.000   15.535999  0.000000e+00  2.264209e+02 
    0.000   15.639000  0.000000e+00  2.263825e+02 
    0.000   15.742000  0.000000e+00  2.263409e+02 
    0.000   15.844999  0.000000e+00  2.262966e+02 
    0.000   15.947999  0.000000e+00  2.262511e+02 
    0.000   16.051001  0.000000e+00  2.262038e+02 
    0.000   16.154001  0.000000e+00  2.261550e+02 
    0.000   16.257000  0.000000e+00  2.261052e+02 
    0.000   16.359001  0.000000e+00  2.260560e+02 
    0.000   16.462000  0.000000e+00  2.260075e+02 
    0.000   16.565001  0.000000e+00  2.259600e+02 
    0.000   16.668001  0.000000e+00  2.259131e+02 
    0.000   16.771000  0.000000e+00  2.258689e+02 
    0.000   16.874001  0.000000e+00  2.258273e+02 
    0.000   16.977001  0.000000e+00  2.257871e+02 
    0.000   17.080000  0.000000e+00  2.257490e+02 
    0.000   17.183001  0.000000e+00  2.257133e+02 
    0.000   17.285000  0.000000e+00  2.256796e+02 
    0.000   17.388000  0.000000e+00  2.256470e+02 
    0.000   17.491001  0.000000e+00  2.256149e+02 
    0.000   17.594000  0.000000e+00  2.255833e+02 
    0.000   17.697001  0.000000e+00  2.255523e+02 
    0.000   17.800001  0.000000e+00  2.255215e+02 
    0.000   17.903000  0.000000e+00  2.254905e+02 
    0.000   18.006001  0.000000e+00  2.254594e+02 
    0.000   18.109001  0.000000e+00  2.254285e+02 
    0.000   18.211000  0.000000e+00  2.253981e+02 
    0.000   18.314001  0.000000e+00  2.253676e+02 
    0.000   18.417000  0.000000e+00  2.253374e+02 
    0.000   18.520000  0.000000e+00  2.253074e+02 
    0.000   18.623001  0.000000e+00  2.252778e+02 
    0.000   18.726000  0.000000e+00  2.252484e+02 
    0.000   18.829000  0.000000e+00  2.252194e+02 
    0.000   18.932001  0.000000e+00  2.251902e+02 
    0.000   19.035000  0.000000e+00  2.251605e+02 
    0.000   19.137001  0.000000e+00  2.251307e+02 
    0.000   19.240000  0.000000e+00  2.251005e+02 
    0.000   19.343000  0.000000e+00  2.250704e+02 
    0.000   19.446001  0.000000e+00  2.250403e+02 
    0.000   19.549000  0.000000e+00  2.250104e+02 
    0.000   19.652000  0.000000e+00  2.249806e+02 
    0.000   19.755001  0.000000e+00  2.249520e+02 
    0.000   19.858000  0.000000e+00  2.249247e+02 
    0.000   19.961000  0.000000e+00  2.248982e+02 
    0.000   20.064001  0.000000e+00  2.248723e+02 
    0.000   20.363001  0.000000e+00  2.248026e+02 
    0.000   20.859001  0.000000e+00  2.246951e+02 
    0.000   21.354000  0.000000e+00  2.245978e+02 
    0.000   21.850000  0.000000e+00  2.245098e+02 
    0.000   22.346001  0.000000e+00  2.244207e+02 
    0.000   22.842001  0.000000e+00  2.243341e+02 
    0.000   23.337000  0.000000e+00  2.242617e+02 
    0.000   23.833000  0.000000e+00  2.242055e+02 
    0.000   24.329000  0.000000e+00  2.241625e+02 
    0.000   24.825001  0.000000e+00  2.241344e+02 
    0.000   25.320000  0.000000e+00  2.241224e+02 
    0.000   25.816000  0.000000e+00  2.241201e+02 
    0.000   26.312000  0.000000e+00  2.241306e+02 
    0.000   26.808001  0.000000e+00  2.241500e+02 
    0.000   27.303001  0.000000e+00  2.241714e+02 
    0.000   27.799000  0.000000e+00  2.241927e+02 
    0.000   28.295000  0.000000e+00  2.242161e+02 
    0.000   28.791000  0.000000e+00  2.242458e+02 
    0.000   29.286001  0.000000e+00  2.242876e+02 
    0.000   29.782001  0.000000e+00  2.243392e+02 
    0.000   30.278000  0.000000e+00  2.243966e+02 
    0.000   30.774000  0.000000e+00  2.244518e+02 
    0.000   31.269001  0.000000e+00  2.245042e+02 
    0.000   31.765001  0.000000e+00  2.245546e+02 
    0.000   32.261002  0.000000e+00  2.246071e+02 
    0.000   32.757000  0.000000e+00  2.246630e+02 
    0.000   33.251999  0.000000e+00  2.247243e+02 
    0.000   33.748001  0.000000e+00  2.247900e+02 
    0.000   34.243999  0.000000e+00  2.248583e+02 
    0.000   34.740002  0.000000e+00  2.249243e+02 
    0.000   35.235001  0.000000e+00  2.249865e+02 
    0.000   35.730999  0.000000e+00  2.250433e+02 
    0.000   36.227001  0.000000e+00  2.250956e+02 
    0.000   36.723000  0.000000e+00  2.251439e+02 
    0.000   37.218002  0.000000e+00  2.251889e+02 
    0.000   37.714001  0.000000e+00  2.252334e+02 
    0.000   38.209999  0.000000e+00  2.252774e+02 
    0.000   38.706001  0.000000e+00  2.253222e+02 
    0.000   39.201000  0.000000e+00  2.253676e+02 
    0.000   39.697002  0.000000e+00  2.254153e+02 
    0.000   40.197002  0.000000e+00  2.254667e+02 
    0.000   45.197002  0.000000e+00  2.259182e+02 
    0.000   50.197002  0.000000e+00  2.261398e+02 
    0.000   55.197002  0.000000e+00  2.261408e+02 
    0.000   60.197002  0.000000e+00  2.260719e+02 
    0.000   65.196999  0.000000e+00  2.260197e+02 
