    0.000    0.000000  0.000000e+00  3.517761e+02 
    0.000    0.103000  0.000000e+00  3.509338e+02 
    0.000    0.206000  0.000000e+00  3.496104e+02 
    0.000    0.309000  0.000000e+00  3.482816e+02 
    0.000    0.412000  0.000000e+00  3.468628e+02 
    0.000    0.515000  0.000000e+00  3.455668e+02 
    0.000    0.617000  0.000000e+00  3.378849e+02 
    0.000    0.720000  0.000000e+00  3.334161e+02 
    0.000    0.823000  0.000000e+00  3.306719e+02 
    0.000    0.926000  0.000000e+00  3.277630e+02 
    0.000    1.029000  0.000000e+00  3.247047e+02 
    0.000    1.132000  0.000000e+00  3.218727e+02 
    0.000    1.235000  0.000000e+00  3.187520e+02 
    0.000    1.338000  0.000000e+00  3.157109e+02 
    0.000    1.441000  0.000000e+00  3.125835e+02 
    0.000    1.543000  0.000000e+00  3.094678e+02 
    0.000    1.646000  0.000000e+00  3.072257e+02 
    0.000    1.749000  0.000000e+00  3.065465e+02 
    0.000    1.852000  0.000000e+00  3.035374e+02 
    0.000    1.955000  0.000000e+00  3.010336e+02 
    0.000    2.058000  0.000000e+00  2.988102e+02 
    0.000    2.161000  0.000000e+00  2.968202e+02 
    0.000    2.264000  0.000000e+00  2.948307e+02 
    0.000    2.367000  0.000000e+00  2.927541e+02 
    0.000    2.469000  0.000000e+00  2.905608e+02 
    0.000    2.572000  0.000000e+00  2.884715e+02 
    0.000    2.675000  0.000000e+00  2.866146e+02 
    0.000    2.778000  0.000000e+00  2.850665e+02 
    0.000    2.881000  0.000000e+00  2.837253e+02 
    0.000    2.984000  0.000000e+00  2.824964e+02 
    0.000    3.087000  0.000000e+00  2.813606e+02 
    0.000    3.190000  0.000000e+00  2.801974e+02 
    0.000    3.293000  0.000000e+00  2.790224e+02 
    0.000    3.395000  0.000000e+00  2.778521e+02 
    0.000    3.498000  0.000000e+00  2.766746e+02 
    0.000    3.601000  0.000000e+00  2.755018e+02 
    0.000    3.704000  0.000000e+00  2.743330e+02 
    0.000    3.807000  0.000000e+00  2.731696e+02 
    0.000    3.910000  0.000000e+00  2.719975e+02 
    0.000    4.013000  0.000000e+00  2.708269e+02 
    0.000    4.116000  0.000000e+00  2.696566e+02 
    0.000    4.219000  0.000000e+00  2.684884e+02 
    0.000    4.321000  0.000000e+00  2.673390e+02 
    0.000    4.424000  0.000000e+00  2.661870e+02 
    0.000    4.527000  0.000000e+00  2.650497e+02 
    0.000    4.630000  0.000000e+00  2.639249e+02 
    0.000    4.733000  0.000000e+00  2.627449e+02 
    0.000    4.836000  0.000000e+00  2.615752e+02 
    0.000    4.939000  0.000000e+00  2.604030e+02 
    0.000    5.042000  0.000000e+00  2.592336e+02 
    0.000    5.145000  0.000000e+00  2.580766e+02 
    0.000    5.247000  0.000000e+00  2.569358e+02 
    0.000    5.350000  0.000000e+00  2.557888e+02 
    0.000    5.453000  0.000000e+00  2.544496e+02 
    0.000    5.556000  0.000000e+00  2.529703e+02 
    0.000    5.659000  0.000000e+00  2.510742e+02 
    0.000    5.762000  0.000000e+00  2.487383e+02 
    0.000    5.865000  0.000000e+00  2.460946e+02 
    0.000    5.968000  0.000000e+00  2.433168e+02 
    0.000    6.071000  0.000000e+00  2.405703e+02 
    0.000    6.173000  0.000000e+00  2.379006e+02 
    0.000    6.276000  0.000000e+00  2.356918e+02 
    0.000    6.379000  0.000000e+00  2.338720e+02 
    0.000    6.482000  0.000000e+00  2.331003e+02 
    0.000    6.585000  0.000000e+00  2.323423e+02 
    0.000    6.688000  0.000000e+00  2.316139e+02 
    0.000    6.791000  0.000000e+00  2.309080e+02 
    0.000    6.894000  0.000000e+00  2.302599e+02 
    0.000    6.997000  0.000000e+00  2.296887e+02 
    0.000    7.100000  0.000000e+00  2.291714e+02 
    0.000    7.202000  0.000000e+00  2.287785e+02 
    0.000    7.305000  0.000000e+00  2.284872e+02 
    0.000    7.408000  0.000000e+00  2.282614e+02 
    0.000    7.511000  0.000000e+00  2.281302e+02 
    0.000    7.614000  0.000000e+00  2.280616e+02 
    0.000    7.717000  0.000000e+00  2.280182e+02 
    0.000    7.820000  0.000000e+00  2.279711e+02 
    0.000    7.923000  0.000000e+00  2.279247e+02 
    0.000    8.026000  0.000000e+00  2.278570e+02 
    0.000    8.128000  0.000000e+00  2.277506e+02 
    0.000    8.231000  0.000000e+00  2.276198e+02 
    0.000    8.334000  0.000000e+00  2.274757e+02 
    0.000    8.437000  0.000000e+00  2.273228e+02 
    0.000    8.540000  0.000000e+00  2.271649e+02 
    0.000    8.643000  0.000000e+00  2.270096e+02 
    0.000    8.746000  0.000000e+00  2.268568e+02 
    0.000    8.849000  0.000000e+00  2.267050e+02 
    0.000    8.952000  0.000000e+00  2.265633e+02 
    0.000    9.054000  0.000000e+00  2.264301e+02 
    0.000    9.157000  0.000000e+00  2.263028e+02 
    0.000    9.260000  0.000000e+00  2.262012e+02 
    0.000    9.363000  0.000000e+00  2.261183e+02 
    0.000    9.466000  0.000000e+00  2.260484e+02 
    0.000    9.569000  0.000000e+00  2.259959e+02 
    0.000    9.672000  0.000000e+00  2.259563e+02 
    0.000    9.775000  0.000000e+00  2.259231e+02 
    0.000    9.878000  0.000000e+00  2.258896e+02 
    0.000    9.980000  0.000000e+00  2.258572e+02 
    0.000   10.083000  0.000000e+00  2.258233e+02 
    0.000   10.186000  0.000000e+00  2.257836e+02 
    0.000   10.289000  0.000000e+00  2.257407e+02 
    0.000   10.392000  0.000000e+00  2.257016e+02 
    0.000   10.495000  0.000000e+00  2.256740e+02 
    0.000   10.598000  0.000000e+00  2.256548e+02 
    0.000   10.701000  0.000000e+00  2.256346e+02 
    0.000   10.804000  0.000000e+00  2.256017e+02 
    0.000   10.906000  0.000000e+00  2.255610e+02 
    0.000   11.009000  0.000000e+00  2.255136e+02 
    0.000   11.112000  0.000000e+00  2.254556e+02 
    0.000   11.215000  0.000000e+00  2.253903e+02 
    0.000   11.318000  0.000000e+00  2.253206e+02 
    0.000   11.421000  0.000000e+00  2.252466e+02 
    0.000   11.524000  0.000000e+00  2.251694e+02 
    0.000   11.627000  0.000000e+00  2.250903e+02 
    0.000   11.730000  0.000000e+00  2.250090e+02 
    0.000   11.832000  0.000000e+00  2.249269e+02 
    0.000   11.935000  0.000000e+00  2.248432e+02 
    0.000   12.038000  0.000000e+00  2.247632e+02 
    0.000   12.141000  0.000000e+00  2.246861e+02 
    0.000   12.244000  0.000000e+00  2.246105e+02 
    0.000   12.347000  0.000000e+00  2.245387e+02 
    0.000   12.450000  0.000000e+00  2.244702e+02 
    0.000   12.553000  0.000000e+00  2.244039e+02 
    0.000   12.656000  0.000000e+00  2.243410e+02 
    0.000   12.759000  0.000000e+00  2.242816e+02 
    0.000   12.861000  0.000000e+00  2.242253e+02 
    0.000   12.964000  0.000000e+00  2.241697e+02 
    0.000   13.067000  0.000000e+00  2.241148e+02 
    0.000   13.170000  0.000000e+00  2.240605e+02 
    0.000   13.273000  0.000000e+00  2.240063e+02 
    0.000   13.376000  0.000000e+00  2.239509e+02 
    0.000   13.479000  0.000000e+00  2.238948e+02 
    0.000   13.582000  0.000000e+00  2.238386e+02 
    0.000   13.685000  0.000000e+00  2.237827e+02 
    0.000   13.787000  0.000000e+00  2.237276e+02 
    0.000   13.890000  0.000000e+00  2.236723e+02 
    0.000   13.993000  0.000000e+00  2.236196e+02 
    0.000   14.096000  0.000000e+00  2.235694e+02 
    0.000   14.199000  0.000000e+00  2.235208e+02 
    0.000   14.302000  0.000000e+00  2.234748e+02 
    0.000   14.405000  0.000000e+00  2.234319e+02 
    0.000   14.508000  0.000000e+00  2.233913e+02 
    0.000   14.611000  0.000000e+00  2.233520e+02 
    0.000   14.713000  0.000000e+00  2.233132e+02 
    0.000   14.816000  0.000000e+00  2.232744e+02 
    0.000   14.919000  0.000000e+00  2.232362e+02 
    0.000   15.022000  0.000000e+00  2.231978e+02 
    0.000   15.125000  0.000000e+00  2.231592e+02 
    0.000   15.228000  0.000000e+00  2.231209e+02 
    0.000   15.331000  0.000000e+00  2.230825e+02 
    0.000   15.434000  0.000000e+00  2.230439e+02 
    0.000   15.537000  0.000000e+00  2.230053e+02 
    0.000   15.639000  0.000000e+00  2.229669e+02 
    0.000   15.742000  0.000000e+00  2.229270e+02 
    0.000   15.845000  0.000000e+00  2.228861e+02 
    0.000   15.948000  0.000000e+00  2.228448e+02 
    0.000   16.051001  0.000000e+00  2.228057e+02 
    0.000   16.153999  0.000000e+00  2.227690e+02 
    0.000   16.257000  0.000000e+00  2.227338e+02 
    0.000   16.360001  0.000000e+00  2.226995e+02 
    0.000   16.462999  0.000000e+00  2.226654e+02 
    0.000   16.565001  0.000000e+00  2.226318e+02 
    0.000   16.667999  0.000000e+00  2.225982e+02 
    0.000   16.771000  0.000000e+00  2.225629e+02 
    0.000   16.874001  0.000000e+00  2.225258e+02 
    0.000   16.976999  0.000000e+00  2.224880e+02 
    0.000   17.080000  0.000000e+00  2.224496e+02 
    0.000   17.183001  0.000000e+00  2.224109e+02 
    0.000   17.285999  0.000000e+00  2.223721e+02 
    0.000   17.389000  0.000000e+00  2.223330e+02 
    0.000   17.492001  0.000000e+00  2.222942e+02 
    0.000   17.594000  0.000000e+00  2.222560e+02 
    0.000   17.697001  0.000000e+00  2.222176e+02 
    0.000   17.799999  0.000000e+00  2.221794e+02 
    0.000   17.903000  0.000000e+00  2.221416e+02 
    0.000   18.006001  0.000000e+00  2.221043e+02 
    0.000   18.108999  0.000000e+00  2.220672e+02 
    0.000   18.212000  0.000000e+00  2.220317e+02 
    0.000   18.315001  0.000000e+00  2.219978e+02 
    0.000   18.417999  0.000000e+00  2.219652e+02 
    0.000   18.520000  0.000000e+00  2.219338e+02 
    0.000   18.622999  0.000000e+00  2.219036e+02 
    0.000   18.726000  0.000000e+00  2.218746e+02 
    0.000   18.829000  0.000000e+00  2.218466e+02 
    0.000   18.931999  0.000000e+00  2.218194e+02 
    0.000   19.035000  0.000000e+00  2.217929e+02 
    0.000   19.138000  0.000000e+00  2.217672e+02 
    0.000   19.240999  0.000000e+00  2.217420e+02 
    0.000   19.344000  0.000000e+00  2.217172e+02 
    0.000   19.445999  0.000000e+00  2.216928e+02 
    0.000   19.549000  0.000000e+00  2.216685e+02 
    0.000   19.652000  0.000000e+00  2.216446e+02 
    0.000   19.754999  0.000000e+00  2.216195e+02 
    0.000   19.858000  0.000000e+00  2.215933e+02 
    0.000   19.961000  0.000000e+00  2.215664e+02 
    0.000   20.063999  0.000000e+00  2.215390e+02 
    0.000   20.363001  0.000000e+00  2.214559e+02 
    0.000   20.858999  0.000000e+00  2.213253e+02 
    0.000   21.355000  0.000000e+00  2.212195e+02 
    0.000   21.850000  0.000000e+00  2.211345e+02 
    0.000   22.346001  0.000000e+00  2.210568e+02 
    0.000   22.842001  0.000000e+00  2.209801e+02 
    0.000   23.337999  0.000000e+00  2.209035e+02 
    0.000   23.833000  0.000000e+00  2.208355e+02 
    0.000   24.329000  0.000000e+00  2.207907e+02 
    0.000   24.825001  0.000000e+00  2.207721e+02 
    0.000   25.320999  0.000000e+00  2.207699e+02 
    0.000   25.816000  0.000000e+00  2.207694e+02 
    0.000   26.312000  0.000000e+00  2.207625e+02 
    0.000   26.808001  0.000000e+00  2.207646e+02 
    0.000   27.304001  0.000000e+00  2.207822e+02 
    0.000   27.799000  0.000000e+00  2.208103e+02 
    0.000   28.295000  0.000000e+00  2.208437e+02 
    0.000   28.791000  0.000000e+00  2.208851e+02 
    0.000   29.287001  0.000000e+00  2.209285e+02 
    0.000   29.782000  0.000000e+00  2.209741e+02 
    0.000   30.278000  0.000000e+00  2.210248e+02 
    0.000   30.774000  0.000000e+00  2.210828e+02 
    0.000   31.270000  0.000000e+00  2.211432e+02 
    0.000   31.764999  0.000000e+00  2.212013e+02 
    0.000   32.261002  0.000000e+00  2.212576e+02 
    0.000   32.757000  0.000000e+00  2.213130e+02 
    0.000   33.252998  0.000000e+00  2.213681e+02 
    0.000   33.748001  0.000000e+00  2.214243e+02 
    0.000   34.243999  0.000000e+00  2.214824e+02 
    0.000   34.740002  0.000000e+00  2.215442e+02 
    0.000   35.236000  0.000000e+00  2.216090e+02 
    0.000   35.730999  0.000000e+00  2.216719e+02 
    0.000   36.227001  0.000000e+00  2.217325e+02 
    0.000   36.723000  0.000000e+00  2.217861e+02 
    0.000   37.219002  0.000000e+00  2.218336e+02 
    0.000   37.714001  0.000000e+00  2.218774e+02 
    0.000   38.209999  0.000000e+00  2.219185e+02 
    0.000   38.706001  0.000000e+00  2.219605e+02 
    0.000   39.202000  0.000000e+00  2.220045e+02 
    0.000   39.696999  0.000000e+00  2.220510e+02 
    0.000   40.196999  0.000000e+00  2.221008e+02 
    0.000   45.196999  0.000000e+00  2.225492e+02 
    0.000   50.196999  0.000000e+00  2.227716e+02 
    0.000   55.196999  0.000000e+00  2.227660e+02 
    0.000   60.196999  0.000000e+00  2.226994e+02 
    0.000   65.196999  0.000000e+00  2.226466e+02 
