    0.000    0.000000  0.000000e+00  3.524879e+02 
    0.000    0.103000  0.000000e+00  3.515074e+02 
    0.000    0.206000  0.000000e+00  3.501744e+02 
    0.000    0.309000  0.000000e+00  3.488519e+02 
    0.000    0.411000  0.000000e+00  3.475290e+02 
    0.000    0.514000  0.000000e+00  3.460835e+02 
    0.000    0.617000  0.000000e+00  3.445322e+02 
    0.000    0.720000  0.000000e+00  3.429735e+02 
    0.000    0.823000  0.000000e+00  3.414286e+02 
    0.000    0.926000  0.000000e+00  3.398876e+02 
    0.000    1.029000  0.000000e+00  3.383265e+02 
    0.000    1.132000  0.000000e+00  3.367242e+02 
    0.000    1.235000  0.000000e+00  3.350429e+02 
    0.000    1.337000  0.000000e+00  3.334003e+02 
    0.000    1.440000  0.000000e+00  3.317792e+02 
    0.000    1.543000  0.000000e+00  3.301734e+02 
    0.000    1.646000  0.000000e+00  3.285284e+02 
    0.000    1.749000  0.000000e+00  3.268263e+02 
    0.000    1.852000  0.000000e+00  3.250731e+02 
    0.000    1.955000  0.000000e+00  3.037042e+02 
    0.000    2.058000  0.000000e+00  2.984930e+02 
    0.000    2.161000  0.000000e+00  2.943871e+02 
    0.000    2.263000  0.000000e+00  2.937511e+02 
    0.000    2.366000  0.000000e+00  2.929154e+02 
    0.000    2.469000  0.000000e+00  2.919688e+02 
    0.000    2.572000  0.000000e+00  2.909335e+02 
    0.000    2.675000  0.000000e+00  2.898490e+02 
    0.000    2.778000  0.000000e+00  2.887349e+02 
    0.000    2.881000  0.000000e+00  2.875964e+02 
    0.000    2.984000  0.000000e+00  2.864322e+02 
    0.000    3.087000  0.000000e+00  2.852551e+02 
    0.000    3.189000  0.000000e+00  2.840664e+02 
    0.000    3.292000  0.000000e+00  2.828636e+02 
    0.000    3.395000  0.000000e+00  2.816490e+02 
    0.000    3.498000  0.000000e+00  2.804297e+02 
    0.000    3.601000  0.000000e+00  2.792092e+02 
    0.000    3.704000  0.000000e+00  2.779866e+02 
    0.000    3.807000  0.000000e+00  2.767687e+02 
    0.000    3.910000  0.000000e+00  2.755587e+02 
    0.000    4.013000  0.000000e+00  2.743580e+02 
    0.000    4.115000  0.000000e+00  2.731667e+02 
    0.000    4.218000  0.000000e+00  2.719624e+02 
    0.000    4.321000  0.000000e+00  2.707660e+02 
    0.000    4.424000  0.000000e+00  2.695525e+02 
    0.000    4.527000  0.000000e+00  2.682925e+02 
    0.000    4.630000  0.000000e+00  2.669950e+02 
    0.000    4.733000  0.000000e+00  2.656032e+02 
    0.000    4.836000  0.000000e+00  2.640966e+02 
    0.000    4.939000  0.000000e+00  2.624172e+02 
    0.000    5.042000  0.000000e+00  2.605996e+02 
    0.000    5.144000  0.000000e+00  2.587680e+02 
    0.000    5.247000  0.000000e+00  2.570402e+02 
    0.000    5.350000  0.000000e+00  2.554844e+02 
    0.000    5.453000  0.000000e+00  2.540952e+02 
    0.000    5.556000  0.000000e+00  2.527404e+02 
    0.000    5.659000  0.000000e+00  2.512389e+02 
    0.000    5.762000  0.000000e+00  2.491434e+02 
    0.000    5.865000  0.000000e+00  2.455660e+02 
    0.000    5.968000  0.000000e+00  2.392775e+02 
    0.000    6.070000  0.000000e+00  2.301918e+02 
    0.000    6.173000  0.000000e+00  2.198678e+02 
    0.000    6.276000  0.000000e+00  2.104113e+02 
    0.000    6.379000  0.000000e+00  2.024464e+02 
    0.000    6.482000  0.000000e+00  1.962098e+02 
    0.000    6.585000  0.000000e+00  1.913614e+02 
    0.000    6.688000  0.000000e+00  1.872610e+02 
    0.000    6.791000  0.000000e+00  1.835918e+02 
    0.000    6.894000  0.000000e+00  1.801368e+02 
    0.000    6.996000  0.000000e+00  1.769001e+02 
    0.000    7.099000  0.000000e+00  1.741393e+02 
    0.000    7.202000  0.000000e+00  1.715975e+02 
    0.000    7.305000  0.000000e+00  1.703355e+02 
    0.000    7.408000  0.000000e+00  1.700105e+02 
    0.000    7.511000  0.000000e+00  1.700143e+02 
    0.000    7.614000  0.000000e+00  1.700821e+02 
    0.000    7.717000  0.000000e+00  1.701748e+02 
    0.000    7.820000  0.000000e+00  1.702824e+02 
    0.000    7.922000  0.000000e+00  1.704045e+02 
    0.000    8.025000  0.000000e+00  1.705112e+02 
    0.000    8.127999  0.000000e+00  1.705819e+02 
    0.000    8.231000  0.000000e+00  1.706314e+02 
    0.000    8.334000  0.000000e+00  1.706551e+02 
    0.000    8.436999  0.000000e+00  1.706558e+02 
    0.000    8.540000  0.000000e+00  1.706444e+02 
    0.000    8.643000  0.000000e+00  1.706180e+02 
    0.000    8.745999  0.000000e+00  1.705928e+02 
    0.000    8.848000  0.000000e+00  1.705605e+02 
    0.000    8.951000  0.000000e+00  1.705269e+02 
    0.000    9.054000  0.000000e+00  1.704923e+02 
    0.000    9.157000  0.000000e+00  1.704577e+02 
    0.000    9.259999  0.000000e+00  1.704379e+02 
    0.000    9.363000  0.000000e+00  1.704119e+02 
    0.000    9.466000  0.000000e+00  1.703908e+02 
    0.000    9.568999  0.000000e+00  1.703702e+02 
    0.000    9.672000  0.000000e+00  1.703741e+02 
    0.000    9.774000  0.000000e+00  1.703842e+02 
    0.000    9.877000  0.000000e+00  1.704109e+02 
    0.000    9.980000  0.000000e+00  1.704491e+02 
    0.000   10.083000  0.000000e+00  1.704900e+02 
    0.000   10.186000  0.000000e+00  1.705245e+02 
    0.000   10.289000  0.000000e+00  1.705548e+02 
    0.000   10.392000  0.000000e+00  1.705825e+02 
    0.000   10.495000  0.000000e+00  1.706064e+02 
    0.000   10.598000  0.000000e+00  1.706278e+02 
    0.000   10.701000  0.000000e+00  1.706460e+02 
    0.000   10.802999  0.000000e+00  1.706575e+02 
    0.000   10.906000  0.000000e+00  1.706645e+02 
    0.000   11.009000  0.000000e+00  1.706660e+02 
    0.000   11.112000  0.000000e+00  1.706556e+02 
    0.000   11.215000  0.000000e+00  1.706364e+02 
    0.000   11.318000  0.000000e+00  1.706120e+02 
    0.000   11.421000  0.000000e+00  1.705835e+02 
    0.000   11.524000  0.000000e+00  1.705517e+02 
    0.000   11.627000  0.000000e+00  1.705173e+02 
    0.000   11.729000  0.000000e+00  1.704811e+02 
    0.000   11.832000  0.000000e+00  1.704428e+02 
    0.000   11.934999  0.000000e+00  1.704030e+02 
    0.000   12.038000  0.000000e+00  1.703607e+02 
    0.000   12.141000  0.000000e+00  1.703163e+02 
    0.000   12.243999  0.000000e+00  1.702705e+02 
    0.000   12.347000  0.000000e+00  1.702261e+02 
    0.000   12.450000  0.000000e+00  1.701832e+02 
    0.000   12.552999  0.000000e+00  1.701409e+02 
    0.000   12.655000  0.000000e+00  1.701023e+02 
    0.000   12.757999  0.000000e+00  1.700670e+02 
    0.000   12.861000  0.000000e+00  1.700341e+02 
    0.000   12.964000  0.000000e+00  1.700031e+02 
    0.000   13.066999  0.000000e+00  1.699738e+02 
    0.000   13.170000  0.000000e+00  1.699457e+02 
    0.000   13.273000  0.000000e+00  1.699186e+02 
    0.000   13.375999  0.000000e+00  1.698924e+02 
    0.000   13.479000  0.000000e+00  1.698669e+02 
    0.000   13.580999  0.000000e+00  1.698422e+02 
    0.000   13.684000  0.000000e+00  1.698175e+02 
    0.000   13.787000  0.000000e+00  1.697931e+02 
    0.000   13.889999  0.000000e+00  1.697690e+02 
    0.000   13.993000  0.000000e+00  1.697448e+02 
    0.000   14.096000  0.000000e+00  1.697206e+02 
    0.000   14.198999  0.000000e+00  1.696964e+02 
    0.000   14.302000  0.000000e+00  1.696727e+02 
    0.000   14.405000  0.000000e+00  1.696495e+02 
    0.000   14.507000  0.000000e+00  1.696271e+02 
    0.000   14.610000  0.000000e+00  1.696046e+02 
    0.000   14.712999  0.000000e+00  1.695820e+02 
    0.000   14.816000  0.000000e+00  1.695592e+02 
    0.000   14.919000  0.000000e+00  1.695365e+02 
    0.000   15.021999  0.000000e+00  1.695130e+02 
    0.000   15.125000  0.000000e+00  1.694888e+02 
    0.000   15.228000  0.000000e+00  1.694643e+02 
    0.000   15.330999  0.000000e+00  1.694403e+02 
    0.000   15.433000  0.000000e+00  1.694174e+02 
    0.000   15.535999  0.000000e+00  1.693951e+02 
    0.000   15.639000  0.000000e+00  1.693736e+02 
    0.000   15.742000  0.000000e+00  1.693548e+02 
    0.000   15.844999  0.000000e+00  1.693380e+02 
    0.000   15.948000  0.000000e+00  1.693225e+02 
    0.000   16.051001  0.000000e+00  1.693041e+02 
    0.000   16.153999  0.000000e+00  1.692819e+02 
    0.000   16.257000  0.000000e+00  1.692575e+02 
    0.000   16.360001  0.000000e+00  1.692311e+02 
    0.000   16.462000  0.000000e+00  1.692024e+02 
    0.000   16.565001  0.000000e+00  1.691716e+02 
    0.000   16.667999  0.000000e+00  1.691394e+02 
    0.000   16.771000  0.000000e+00  1.691073e+02 
    0.000   16.874001  0.000000e+00  1.690755e+02 
    0.000   16.976999  0.000000e+00  1.690437e+02 
    0.000   17.080000  0.000000e+00  1.690127e+02 
    0.000   17.183001  0.000000e+00  1.689834e+02 
    0.000   17.285999  0.000000e+00  1.689554e+02 
    0.000   17.388000  0.000000e+00  1.689283e+02 
    0.000   17.490999  0.000000e+00  1.689027e+02 
    0.000   17.594000  0.000000e+00  1.688785e+02 
    0.000   17.697001  0.000000e+00  1.688552e+02 
    0.000   17.799999  0.000000e+00  1.688331e+02 
    0.000   17.903000  0.000000e+00  1.688124e+02 
    0.000   18.006001  0.000000e+00  1.687928e+02 
    0.000   18.108999  0.000000e+00  1.687742e+02 
    0.000   18.212000  0.000000e+00  1.687558e+02 
    0.000   18.313999  0.000000e+00  1.687379e+02 
    0.000   18.417000  0.000000e+00  1.687201e+02 
    0.000   18.520000  0.000000e+00  1.687026e+02 
    0.000   18.622999  0.000000e+00  1.686850e+02 
    0.000   18.726000  0.000000e+00  1.686675e+02 
    0.000   18.829000  0.000000e+00  1.686501e+02 
    0.000   18.931999  0.000000e+00  1.686328e+02 
    0.000   19.035000  0.000000e+00  1.686159e+02 
    0.000   19.138000  0.000000e+00  1.685992e+02 
    0.000   19.240000  0.000000e+00  1.685828e+02 
    0.000   19.343000  0.000000e+00  1.685658e+02 
    0.000   19.445999  0.000000e+00  1.685479e+02 
    0.000   19.549000  0.000000e+00  1.685295e+02 
    0.000   19.652000  0.000000e+00  1.685109e+02 
    0.000   19.754999  0.000000e+00  1.684919e+02 
    0.000   19.858000  0.000000e+00  1.684727e+02 
    0.000   19.961000  0.000000e+00  1.684532e+02 
    0.000   20.063999  0.000000e+00  1.684337e+02 
    0.000   20.362999  0.000000e+00  1.683795e+02 
    0.000   20.858999  0.000000e+00  1.683029e+02 
    0.000   21.354000  0.000000e+00  1.682440e+02 
    0.000   21.850000  0.000000e+00  1.681910e+02 
    0.000   22.346001  0.000000e+00  1.681365e+02 
    0.000   22.841999  0.000000e+00  1.680758e+02 
    0.000   23.337000  0.000000e+00  1.680167e+02 
    0.000   23.833000  0.000000e+00  1.679727e+02 
    0.000   24.329000  0.000000e+00  1.679506e+02 
    0.000   24.824999  0.000000e+00  1.679490e+02 
    0.000   25.320000  0.000000e+00  1.679540e+02 
    0.000   25.816000  0.000000e+00  1.679662e+02 
    0.000   26.312000  0.000000e+00  1.679854e+02 
    0.000   26.808001  0.000000e+00  1.680057e+02 
    0.000   27.302999  0.000000e+00  1.680298e+02 
    0.000   27.799000  0.000000e+00  1.680598e+02 
    0.000   28.295000  0.000000e+00  1.680943e+02 
    0.000   28.791000  0.000000e+00  1.681344e+02 
    0.000   29.285999  0.000000e+00  1.681817e+02 
    0.000   29.782000  0.000000e+00  1.682349e+02 
    0.000   30.278000  0.000000e+00  1.682918e+02 
    0.000   30.774000  0.000000e+00  1.683516e+02 
    0.000   31.268999  0.000000e+00  1.684128e+02 
    0.000   31.764999  0.000000e+00  1.684746e+02 
    0.000   32.261002  0.000000e+00  1.685367e+02 
    0.000   32.757000  0.000000e+00  1.685985e+02 
    0.000   33.252003  0.000000e+00  1.686591e+02 
    0.000   33.748001  0.000000e+00  1.687206e+02 
    0.000   34.244003  0.000000e+00  1.687838e+02 
    0.000   34.740002  0.000000e+00  1.688482e+02 
    0.000   35.235001  0.000000e+00  1.689126e+02 
    0.000   35.731003  0.000000e+00  1.689738e+02 
    0.000   36.227001  0.000000e+00  1.690315e+02 
    0.000   36.723003  0.000000e+00  1.690853e+02 
    0.000   37.218002  0.000000e+00  1.691356e+02 
    0.000   37.714001  0.000000e+00  1.691818e+02 
    0.000   38.210003  0.000000e+00  1.692241e+02 
    0.000   38.706001  0.000000e+00  1.692664e+02 
    0.000   39.201000  0.000000e+00  1.693098e+02 
    0.000   39.697002  0.000000e+00  1.693562e+02 
    0.000   40.197002  0.000000e+00  1.694074e+02 
    0.000   45.197002  0.000000e+00  1.698607e+02 
    0.000   50.197002  0.000000e+00  1.700886e+02 
    0.000   55.197002  0.000000e+00  1.700845e+02 
    0.000   60.197002  0.000000e+00  1.700166e+02 
    0.000   65.196999  0.000000e+00  1.699644e+02 
