    0.000    0.000000  0.000000e+00  3.518007e+02 
    0.000    0.103000  0.000000e+00  3.510267e+02 
    0.000    0.206000  0.000000e+00  3.497891e+02 
    0.000    0.309000  0.000000e+00  3.483739e+02 
    0.000    0.412000  0.000000e+00  3.468112e+02 
    0.000    0.514000  0.000000e+00  3.452410e+02 
    0.000    0.617000  0.000000e+00  3.436888e+02 
    0.000    0.720000  0.000000e+00  3.420935e+02 
    0.000    0.823000  0.000000e+00  3.403024e+02 
    0.000    0.926000  0.000000e+00  3.383142e+02 
    0.000    1.029000  0.000000e+00  3.363230e+02 
    0.000    1.132000  0.000000e+00  3.345604e+02 
    0.000    1.235000  0.000000e+00  3.329774e+02 
    0.000    1.338000  0.000000e+00  3.190603e+02 
    0.000    1.441000  0.000000e+00  3.149807e+02 
    0.000    1.543000  0.000000e+00  3.125286e+02 
    0.000    1.646000  0.000000e+00  3.105043e+02 
    0.000    1.749000  0.000000e+00  3.085439e+02 
    0.000    1.852000  0.000000e+00  3.065060e+02 
    0.000    1.955000  0.000000e+00  3.043620e+02 
    0.000    2.058000  0.000000e+00  3.020407e+02 
    0.000    2.161000  0.000000e+00  2.994483e+02 
    0.000    2.264000  0.000000e+00  2.985310e+02 
    0.000    2.367000  0.000000e+00  2.976018e+02 
    0.000    2.469000  0.000000e+00  2.966715e+02 
    0.000    2.572000  0.000000e+00  2.957349e+02 
    0.000    2.675000  0.000000e+00  2.947271e+02 
    0.000    2.778000  0.000000e+00  2.936130e+02 
    0.000    2.881000  0.000000e+00  2.924361e+02 
    0.000    2.984000  0.000000e+00  2.912079e+02 
    0.000    3.087000  0.000000e+00  2.899640e+02 
    0.000    3.190000  0.000000e+00  2.887349e+02 
    0.000    3.293000  0.000000e+00  2.875185e+02 
    0.000    3.395000  0.000000e+00  2.862819e+02 
    0.000    3.498000  0.000000e+00  2.850230e+02 
    0.000    3.601000  0.000000e+00  2.837590e+02 
    0.000    3.704000  0.000000e+00  2.824889e+02 
    0.000    3.807000  0.000000e+00  2.812223e+02 
    0.000    3.910000  0.000000e+00  2.799596e+02 
    0.000    4.013000  0.000000e+00  2.787063e+02 
    0.000    4.116000  0.000000e+00  2.774585e+02 
    0.000    4.219000  0.000000e+00  2.762134e+02 
    0.000    4.321000  0.000000e+00  2.749875e+02 
    0.000    4.424000  0.000000e+00  2.737628e+02 
    0.000    4.527000  0.000000e+00  2.725538e+02 
    0.000    4.630000  0.000000e+00  2.713621e+02 
    0.000    4.733000  0.000000e+00  2.701858e+02 
    0.000    4.836000  0.000000e+00  2.690273e+02 
    0.000    4.939000  0.000000e+00  2.678791e+02 
    0.000    5.042000  0.000000e+00  2.667366e+02 
    0.000    5.145000  0.000000e+00  2.656082e+02 
    0.000    5.247000  0.000000e+00  2.644927e+02 
    0.000    5.350000  0.000000e+00  2.633768e+02 
    0.000    5.453000  0.000000e+00  2.622774e+02 
    0.000    5.556000  0.000000e+00  2.611904e+02 
    0.000    5.659000  0.000000e+00  2.601197e+02 
    0.000    5.762000  0.000000e+00  2.590679e+02 
    0.000    5.865000  0.000000e+00  2.580356e+02 
    0.000    5.968000  0.000000e+00  2.570245e+02 
    0.000    6.071000  0.000000e+00  2.560301e+02 
    0.000    6.173000  0.000000e+00  2.550589e+02 
    0.000    6.276000  0.000000e+00  2.540990e+02 
    0.000    6.379000  0.000000e+00  2.531604e+02 
    0.000    6.482000  0.000000e+00  2.522427e+02 
    0.000    6.585000  0.000000e+00  2.513467e+02 
    0.000    6.688000  0.000000e+00  2.504764e+02 
    0.000    6.791000  0.000000e+00  2.495608e+02 
    0.000    6.894000  0.000000e+00  2.486638e+02 
    0.000    6.997000  0.000000e+00  2.477590e+02 
    0.000    7.100000  0.000000e+00  2.468822e+02 
    0.000    7.202000  0.000000e+00  2.461192e+02 
    0.000    7.305000  0.000000e+00  2.454738e+02 
    0.000    7.408000  0.000000e+00  2.448804e+02 
    0.000    7.511000  0.000000e+00  2.444966e+02 
    0.000    7.614000  0.000000e+00  2.442361e+02 
    0.000    7.717000  0.000000e+00  2.440221e+02 
    0.000    7.820000  0.000000e+00  2.438319e+02 
    0.000    7.923000  0.000000e+00  2.436225e+02 
    0.000    8.026000  0.000000e+00  2.433701e+02 
    0.000    8.128000  0.000000e+00  2.432023e+02 
    0.000    8.231000  0.000000e+00  2.430442e+02 
    0.000    8.334001  0.000000e+00  2.429144e+02 
    0.000    8.437000  0.000000e+00  2.427604e+02 
    0.000    8.540000  0.000000e+00  2.426118e+02 
    0.000    8.643001  0.000000e+00  2.423284e+02 
    0.000    8.746000  0.000000e+00  2.421273e+02 
    0.000    8.849000  0.000000e+00  2.419286e+02 
    0.000    8.952001  0.000000e+00  2.417326e+02 
    0.000    9.054000  0.000000e+00  2.415126e+02 
    0.000    9.157001  0.000000e+00  2.412852e+02 
    0.000    9.260000  0.000000e+00  2.410316e+02 
    0.000    9.363000  0.000000e+00  2.409165e+02 
    0.000    9.466001  0.000000e+00  2.408052e+02 
    0.000    9.569000  0.000000e+00  2.407058e+02 
    0.000    9.672000  0.000000e+00  2.406152e+02 
    0.000    9.775001  0.000000e+00  2.405336e+02 
    0.000    9.878000  0.000000e+00  2.404695e+02 
    0.000    9.980000  0.000000e+00  2.404189e+02 
    0.000   10.083000  0.000000e+00  2.403734e+02 
    0.000   10.186000  0.000000e+00  2.403272e+02 
    0.000   10.289001  0.000000e+00  2.402816e+02 
    0.000   10.392000  0.000000e+00  2.402339e+02 
    0.000   10.495000  0.000000e+00  2.401766e+02 
    0.000   10.598001  0.000000e+00  2.401134e+02 
    0.000   10.701000  0.000000e+00  2.400484e+02 
    0.000   10.804000  0.000000e+00  2.399830e+02 
    0.000   10.906000  0.000000e+00  2.399187e+02 
    0.000   11.009000  0.000000e+00  2.398526e+02 
    0.000   11.112000  0.000000e+00  2.397805e+02 
    0.000   11.215000  0.000000e+00  2.397048e+02 
    0.000   11.318000  0.000000e+00  2.396268e+02 
    0.000   11.421000  0.000000e+00  2.395447e+02 
    0.000   11.524000  0.000000e+00  2.394599e+02 
    0.000   11.627000  0.000000e+00  2.393742e+02 
    0.000   11.730000  0.000000e+00  2.392913e+02 
    0.000   11.832001  0.000000e+00  2.392114e+02 
    0.000   11.935000  0.000000e+00  2.391322e+02 
    0.000   12.038000  0.000000e+00  2.390545e+02 
    0.000   12.141001  0.000000e+00  2.389781e+02 
    0.000   12.244000  0.000000e+00  2.389028e+02 
    0.000   12.347000  0.000000e+00  2.388274e+02 
    0.000   12.450001  0.000000e+00  2.387518e+02 
    0.000   12.553000  0.000000e+00  2.386765e+02 
    0.000   12.656000  0.000000e+00  2.386007e+02 
    0.000   12.759000  0.000000e+00  2.385242e+02 
    0.000   12.861000  0.000000e+00  2.384482e+02 
    0.000   12.964001  0.000000e+00  2.383725e+02 
    0.000   13.067000  0.000000e+00  2.382985e+02 
    0.000   13.170000  0.000000e+00  2.382260e+02 
    0.000   13.273001  0.000000e+00  2.381551e+02 
    0.000   13.376000  0.000000e+00  2.380871e+02 
    0.000   13.479000  0.000000e+00  2.380212e+02 
    0.000   13.582001  0.000000e+00  2.379570e+02 
    0.000   13.685000  0.000000e+00  2.378953e+02 
    0.000   13.787001  0.000000e+00  2.378363e+02 
    0.000   13.890000  0.000000e+00  2.377781e+02 
    0.000   13.993000  0.000000e+00  2.377232e+02 
    0.000   14.096001  0.000000e+00  2.376714e+02 
    0.000   14.199000  0.000000e+00  2.376218e+02 
    0.000   14.302000  0.000000e+00  2.375749e+02 
    0.000   14.405001  0.000000e+00  2.375309e+02 
    0.000   14.508000  0.000000e+00  2.374892e+02 
    0.000   14.611000  0.000000e+00  2.374487e+02 
    0.000   14.713000  0.000000e+00  2.374078e+02 
    0.000   14.816000  0.000000e+00  2.373662e+02 
    0.000   14.919001  0.000000e+00  2.373248e+02 
    0.000   15.022000  0.000000e+00  2.372828e+02 
    0.000   15.125000  0.000000e+00  2.372404e+02 
    0.000   15.228001  0.000000e+00  2.371980e+02 
    0.000   15.331000  0.000000e+00  2.371563e+02 
    0.000   15.434000  0.000000e+00  2.371156e+02 
    0.000   15.537001  0.000000e+00  2.370758e+02 
    0.000   15.639000  0.000000e+00  2.370363e+02 
    0.000   15.742001  0.000000e+00  2.369937e+02 
    0.000   15.845000  0.000000e+00  2.369489e+02 
    0.000   15.948000  0.000000e+00  2.369031e+02 
    0.000   16.051001  0.000000e+00  2.368547e+02 
    0.000   16.154001  0.000000e+00  2.368037e+02 
    0.000   16.257000  0.000000e+00  2.367512e+02 
    0.000   16.360001  0.000000e+00  2.366981e+02 
    0.000   16.462999  0.000000e+00  2.366455e+02 
    0.000   16.565001  0.000000e+00  2.365937e+02 
    0.000   16.668001  0.000000e+00  2.365416e+02 
    0.000   16.771000  0.000000e+00  2.364921e+02 
    0.000   16.874001  0.000000e+00  2.364449e+02 
    0.000   16.977001  0.000000e+00  2.363993e+02 
    0.000   17.080000  0.000000e+00  2.363556e+02 
    0.000   17.183001  0.000000e+00  2.363144e+02 
    0.000   17.286001  0.000000e+00  2.362751e+02 
    0.000   17.389000  0.000000e+00  2.362373e+02 
    0.000   17.492001  0.000000e+00  2.362009e+02 
    0.000   17.594000  0.000000e+00  2.361660e+02 
    0.000   17.697001  0.000000e+00  2.361317e+02 
    0.000   17.800001  0.000000e+00  2.360981e+02 
    0.000   17.903000  0.000000e+00  2.360646e+02 
    0.000   18.006001  0.000000e+00  2.360313e+02 
    0.000   18.109001  0.000000e+00  2.359985e+02 
    0.000   18.212000  0.000000e+00  2.359657e+02 
    0.000   18.315001  0.000000e+00  2.359330e+02 
    0.000   18.418001  0.000000e+00  2.359005e+02 
    0.000   18.520000  0.000000e+00  2.358686e+02 
    0.000   18.623001  0.000000e+00  2.358369e+02 
    0.000   18.726000  0.000000e+00  2.358058e+02 
    0.000   18.829000  0.000000e+00  2.357751e+02 
    0.000   18.932001  0.000000e+00  2.357444e+02 
    0.000   19.035000  0.000000e+00  2.357132e+02 
    0.000   19.138000  0.000000e+00  2.356817e+02 
    0.000   19.241001  0.000000e+00  2.356502e+02 
    0.000   19.344000  0.000000e+00  2.356182e+02 
    0.000   19.446001  0.000000e+00  2.355860e+02 
    0.000   19.549000  0.000000e+00  2.355531e+02 
    0.000   19.652000  0.000000e+00  2.355201e+02 
    0.000   19.755001  0.000000e+00  2.354880e+02 
    0.000   19.858000  0.000000e+00  2.354569e+02 
    0.000   19.961000  0.000000e+00  2.354265e+02 
    0.000   20.064001  0.000000e+00  2.353966e+02 
    0.000   20.363001  0.000000e+00  2.353164e+02 
    0.000   20.859001  0.000000e+00  2.351974e+02 
    0.000   21.355000  0.000000e+00  2.350894e+02 
    0.000   21.850000  0.000000e+00  2.349927e+02 
    0.000   22.346001  0.000000e+00  2.348962e+02 
    0.000   22.842001  0.000000e+00  2.348011e+02 
    0.000   23.337999  0.000000e+00  2.347196e+02 
    0.000   23.833000  0.000000e+00  2.346569e+02 
    0.000   24.329000  0.000000e+00  2.346105e+02 
    0.000   24.825001  0.000000e+00  2.345758e+02 
    0.000   25.321001  0.000000e+00  2.345585e+02 
    0.000   25.816000  0.000000e+00  2.345536e+02 
    0.000   26.312000  0.000000e+00  2.345592e+02 
    0.000   26.808001  0.000000e+00  2.345745e+02 
    0.000   27.304001  0.000000e+00  2.345931e+02 
    0.000   27.799000  0.000000e+00  2.346122e+02 
    0.000   28.295000  0.000000e+00  2.346345e+02 
    0.000   28.791000  0.000000e+00  2.346637e+02 
    0.000   29.287001  0.000000e+00  2.347037e+02 
    0.000   29.782000  0.000000e+00  2.347525e+02 
    0.000   30.278000  0.000000e+00  2.348070e+02 
    0.000   30.774000  0.000000e+00  2.348605e+02 
    0.000   31.270000  0.000000e+00  2.349127e+02 
    0.000   31.764999  0.000000e+00  2.349638e+02 
    0.000   32.260998  0.000000e+00  2.350163e+02 
    0.000   32.757000  0.000000e+00  2.350711e+02 
    0.000   33.252998  0.000000e+00  2.351306e+02 
    0.000   33.747997  0.000000e+00  2.351942e+02 
    0.000   34.243999  0.000000e+00  2.352612e+02 
    0.000   34.739998  0.000000e+00  2.353260e+02 
    0.000   35.236000  0.000000e+00  2.353872e+02 
    0.000   35.730999  0.000000e+00  2.354437e+02 
    0.000   36.226997  0.000000e+00  2.354966e+02 
    0.000   36.723000  0.000000e+00  2.355455e+02 
    0.000   37.218998  0.000000e+00  2.355910e+02 
    0.000   37.713997  0.000000e+00  2.356350e+02 
    0.000   38.209999  0.000000e+00  2.356779e+02 
    0.000   38.705997  0.000000e+00  2.357214e+02 
    0.000   39.202000  0.000000e+00  2.357657e+02 
    0.000   39.696999  0.000000e+00  2.358125e+02 
    0.000   40.196999  0.000000e+00  2.358636e+02 
    0.000   45.196999  0.000000e+00  2.363144e+02 
    0.000   50.196999  0.000000e+00  2.365378e+02 
    0.000   55.196999  0.000000e+00  2.365373e+02 
    0.000   60.196999  0.000000e+00  2.364685e+02 
    0.000   65.196999  0.000000e+00  2.364163e+02 
