    0.000    0.000000  0.000000e+00  3.517852e+02 
    0.000    0.103000  0.000000e+00  3.509312e+02 
    0.000    0.206000  0.000000e+00  3.497012e+02 
    0.000    0.309000  0.000000e+00  3.483371e+02 
    0.000    0.411000  0.000000e+00  3.469364e+02 
    0.000    0.514000  0.000000e+00  3.455353e+02 
    0.000    0.617000  0.000000e+00  3.440449e+02 
    0.000    0.720000  0.000000e+00  3.424818e+02 
    0.000    0.823000  0.000000e+00  3.408890e+02 
    0.000    0.926000  0.000000e+00  3.392888e+02 
    0.000    1.029000  0.000000e+00  3.376443e+02 
    0.000    1.132000  0.000000e+00  3.360099e+02 
    0.000    1.235000  0.000000e+00  3.343282e+02 
    0.000    1.337000  0.000000e+00  3.326712e+02 
    0.000    1.440000  0.000000e+00  3.310450e+02 
    0.000    1.543000  0.000000e+00  3.227053e+02 
    0.000    1.646000  0.000000e+00  3.169519e+02 
    0.000    1.749000  0.000000e+00  3.122194e+02 
    0.000    1.852000  0.000000e+00  3.079454e+02 
    0.000    1.955000  0.000000e+00  3.043191e+02 
    0.000    2.058000  0.000000e+00  3.010494e+02 
    0.000    2.161000  0.000000e+00  2.977069e+02 
    0.000    2.263000  0.000000e+00  2.968899e+02 
    0.000    2.366000  0.000000e+00  2.959496e+02 
    0.000    2.469000  0.000000e+00  2.949568e+02 
    0.000    2.572000  0.000000e+00  2.939465e+02 
    0.000    2.675000  0.000000e+00  2.929212e+02 
    0.000    2.778000  0.000000e+00  2.918648e+02 
    0.000    2.881000  0.000000e+00  2.907780e+02 
    0.000    2.984000  0.000000e+00  2.896454e+02 
    0.000    3.087000  0.000000e+00  2.884909e+02 
    0.000    3.189000  0.000000e+00  2.873180e+02 
    0.000    3.292000  0.000000e+00  2.861275e+02 
    0.000    3.395000  0.000000e+00  2.849262e+02 
    0.000    3.498000  0.000000e+00  2.837208e+02 
    0.000    3.601000  0.000000e+00  2.825096e+02 
    0.000    3.704000  0.000000e+00  2.812904e+02 
    0.000    3.807000  0.000000e+00  2.800728e+02 
    0.000    3.910000  0.000000e+00  2.788557e+02 
    0.000    4.013000  0.000000e+00  2.776458e+02 
    0.000    4.115000  0.000000e+00  2.764438e+02 
    0.000    4.218000  0.000000e+00  2.752274e+02 
    0.000    4.321000  0.000000e+00  2.740184e+02 
    0.000    4.424000  0.000000e+00  2.728118e+02 
    0.000    4.527000  0.000000e+00  2.716123e+02 
    0.000    4.630000  0.000000e+00  2.704234e+02 
    0.000    4.733000  0.000000e+00  2.692356e+02 
    0.000    4.836000  0.000000e+00  2.680576e+02 
    0.000    4.939000  0.000000e+00  2.668883e+02 
    0.000    5.041000  0.000000e+00  2.657337e+02 
    0.000    5.144000  0.000000e+00  2.645823e+02 
    0.000    5.247000  0.000000e+00  2.634408e+02 
    0.000    5.350000  0.000000e+00  2.623106e+02 
    0.000    5.453000  0.000000e+00  2.611967e+02 
    0.000    5.556000  0.000000e+00  2.600988e+02 
    0.000    5.659000  0.000000e+00  2.589742e+02 
    0.000    5.762000  0.000000e+00  2.578594e+02 
    0.000    5.865000  0.000000e+00  2.567894e+02 
    0.000    5.968000  0.000000e+00  2.557730e+02 
    0.000    6.070000  0.000000e+00  2.547834e+02 
    0.000    6.173000  0.000000e+00  2.538046e+02 
    0.000    6.276000  0.000000e+00  2.527549e+02 
    0.000    6.379000  0.000000e+00  2.517196e+02 
    0.000    6.482000  0.000000e+00  2.506963e+02 
    0.000    6.585000  0.000000e+00  2.496782e+02 
    0.000    6.688000  0.000000e+00  2.486820e+02 
    0.000    6.791000  0.000000e+00  2.477096e+02 
    0.000    6.894000  0.000000e+00  2.467487e+02 
    0.000    6.996000  0.000000e+00  2.458198e+02 
    0.000    7.099000  0.000000e+00  2.449108e+02 
    0.000    7.202000  0.000000e+00  2.441514e+02 
    0.000    7.305000  0.000000e+00  2.435493e+02 
    0.000    7.408000  0.000000e+00  2.430573e+02 
    0.000    7.511000  0.000000e+00  2.427132e+02 
    0.000    7.614000  0.000000e+00  2.424495e+02 
    0.000    7.717000  0.000000e+00  2.422221e+02 
    0.000    7.820000  0.000000e+00  2.420531e+02 
    0.000    7.922000  0.000000e+00  2.418972e+02 
    0.000    8.025000  0.000000e+00  2.417484e+02 
    0.000    8.127999  0.000000e+00  2.415877e+02 
    0.000    8.231000  0.000000e+00  2.414224e+02 
    0.000    8.334000  0.000000e+00  2.412364e+02 
    0.000    8.436999  0.000000e+00  2.410359e+02 
    0.000    8.540000  0.000000e+00  2.408207e+02 
    0.000    8.643000  0.000000e+00  2.405571e+02 
    0.000    8.745999  0.000000e+00  2.403185e+02 
    0.000    8.848000  0.000000e+00  2.401967e+02 
    0.000    8.950999  0.000000e+00  2.400718e+02 
    0.000    9.054000  0.000000e+00  2.399454e+02 
    0.000    9.157000  0.000000e+00  2.398186e+02 
    0.000    9.259999  0.000000e+00  2.397036e+02 
    0.000    9.363000  0.000000e+00  2.395970e+02 
    0.000    9.466000  0.000000e+00  2.394955e+02 
    0.000    9.568999  0.000000e+00  2.394026e+02 
    0.000    9.672000  0.000000e+00  2.393161e+02 
    0.000    9.773999  0.000000e+00  2.392387e+02 
    0.000    9.877000  0.000000e+00  2.391786e+02 
    0.000    9.980000  0.000000e+00  2.391318e+02 
    0.000   10.082999  0.000000e+00  2.390898e+02 
    0.000   10.186000  0.000000e+00  2.390436e+02 
    0.000   10.289000  0.000000e+00  2.389955e+02 
    0.000   10.391999  0.000000e+00  2.389459e+02 
    0.000   10.495000  0.000000e+00  2.388910e+02 
    0.000   10.598000  0.000000e+00  2.388332e+02 
    0.000   10.700000  0.000000e+00  2.387746e+02 
    0.000   10.802999  0.000000e+00  2.387139e+02 
    0.000   10.905999  0.000000e+00  2.386526e+02 
    0.000   11.009000  0.000000e+00  2.385893e+02 
    0.000   11.112000  0.000000e+00  2.385178e+02 
    0.000   11.214999  0.000000e+00  2.384407e+02 
    0.000   11.318000  0.000000e+00  2.383608e+02 
    0.000   11.421000  0.000000e+00  2.382778e+02 
    0.000   11.523999  0.000000e+00  2.381929e+02 
    0.000   11.627000  0.000000e+00  2.381071e+02 
    0.000   11.728999  0.000000e+00  2.380234e+02 
    0.000   11.832000  0.000000e+00  2.379400e+02 
    0.000   11.934999  0.000000e+00  2.378575e+02 
    0.000   12.037999  0.000000e+00  2.377748e+02 
    0.000   12.141000  0.000000e+00  2.376921e+02 
    0.000   12.243999  0.000000e+00  2.376097e+02 
    0.000   12.346999  0.000000e+00  2.375273e+02 
    0.000   12.450000  0.000000e+00  2.374449e+02 
    0.000   12.552999  0.000000e+00  2.373628e+02 
    0.000   12.655000  0.000000e+00  2.372847e+02 
    0.000   12.757999  0.000000e+00  2.372100e+02 
    0.000   12.861000  0.000000e+00  2.371381e+02 
    0.000   12.964000  0.000000e+00  2.370686e+02 
    0.000   13.066999  0.000000e+00  2.370016e+02 
    0.000   13.169999  0.000000e+00  2.369365e+02 
    0.000   13.273000  0.000000e+00  2.368732e+02 
    0.000   13.375999  0.000000e+00  2.368117e+02 
    0.000   13.478999  0.000000e+00  2.367517e+02 
    0.000   13.580999  0.000000e+00  2.366937e+02 
    0.000   13.684000  0.000000e+00  2.366369e+02 
    0.000   13.787000  0.000000e+00  2.365819e+02 
    0.000   13.889999  0.000000e+00  2.365281e+02 
    0.000   13.993000  0.000000e+00  2.364752e+02 
    0.000   14.096000  0.000000e+00  2.364230e+02 
    0.000   14.198999  0.000000e+00  2.363717e+02 
    0.000   14.302000  0.000000e+00  2.363216e+02 
    0.000   14.405000  0.000000e+00  2.362730e+02 
    0.000   14.507000  0.000000e+00  2.362261e+02 
    0.000   14.610000  0.000000e+00  2.361796e+02 
    0.000   14.712999  0.000000e+00  2.361334e+02 
    0.000   14.816000  0.000000e+00  2.360876e+02 
    0.000   14.919000  0.000000e+00  2.360423e+02 
    0.000   15.021999  0.000000e+00  2.359966e+02 
    0.000   15.125000  0.000000e+00  2.359506e+02 
    0.000   15.228000  0.000000e+00  2.359046e+02 
    0.000   15.330999  0.000000e+00  2.358600e+02 
    0.000   15.433000  0.000000e+00  2.358179e+02 
    0.000   15.535999  0.000000e+00  2.357771e+02 
    0.000   15.639000  0.000000e+00  2.357375e+02 
    0.000   15.742000  0.000000e+00  2.356990e+02 
    0.000   15.844999  0.000000e+00  2.356615e+02 
    0.000   15.947999  0.000000e+00  2.356249e+02 
    0.000   16.051001  0.000000e+00  2.355849e+02 
    0.000   16.154001  0.000000e+00  2.355410e+02 
    0.000   16.257000  0.000000e+00  2.354946e+02 
    0.000   16.360001  0.000000e+00  2.354466e+02 
    0.000   16.462000  0.000000e+00  2.353974e+02 
    0.000   16.565001  0.000000e+00  2.353466e+02 
    0.000   16.668001  0.000000e+00  2.352952e+02 
    0.000   16.771000  0.000000e+00  2.352449e+02 
    0.000   16.874001  0.000000e+00  2.351958e+02 
    0.000   16.977001  0.000000e+00  2.351474e+02 
    0.000   17.080000  0.000000e+00  2.351005e+02 
    0.000   17.183001  0.000000e+00  2.350559e+02 
    0.000   17.286001  0.000000e+00  2.350131e+02 
    0.000   17.388000  0.000000e+00  2.349719e+02 
    0.000   17.491001  0.000000e+00  2.349322e+02 
    0.000   17.594000  0.000000e+00  2.348941e+02 
    0.000   17.697001  0.000000e+00  2.348573e+02 
    0.000   17.800001  0.000000e+00  2.348216e+02 
    0.000   17.903000  0.000000e+00  2.347870e+02 
    0.000   18.006001  0.000000e+00  2.347535e+02 
    0.000   18.109001  0.000000e+00  2.347208e+02 
    0.000   18.212000  0.000000e+00  2.346885e+02 
    0.000   18.314001  0.000000e+00  2.346568e+02 
    0.000   18.417000  0.000000e+00  2.346251e+02 
    0.000   18.520000  0.000000e+00  2.345938e+02 
    0.000   18.623001  0.000000e+00  2.345629e+02 
    0.000   18.726000  0.000000e+00  2.345322e+02 
    0.000   18.829000  0.000000e+00  2.345019e+02 
    0.000   18.932001  0.000000e+00  2.344718e+02 
    0.000   19.035000  0.000000e+00  2.344416e+02 
    0.000   19.138000  0.000000e+00  2.344114e+02 
    0.000   19.240000  0.000000e+00  2.343817e+02 
    0.000   19.343000  0.000000e+00  2.343513e+02 
    0.000   19.446001  0.000000e+00  2.343205e+02 
    0.000   19.549000  0.000000e+00  2.342895e+02 
    0.000   19.652000  0.000000e+00  2.342584e+02 
    0.000   19.755001  0.000000e+00  2.342273e+02 
    0.000   19.858000  0.000000e+00  2.341962e+02 
    0.000   19.961000  0.000000e+00  2.341653e+02 
    0.000   20.064001  0.000000e+00  2.341344e+02 
    0.000   20.363001  0.000000e+00  2.340484e+02 
    0.000   20.859001  0.000000e+00  2.339238e+02 
    0.000   21.354000  0.000000e+00  2.338178e+02 
    0.000   21.850000  0.000000e+00  2.337220e+02 
    0.000   22.346001  0.000000e+00  2.336270e+02 
    0.000   22.842001  0.000000e+00  2.335314e+02 
    0.000   23.337000  0.000000e+00  2.334444e+02 
    0.000   23.833000  0.000000e+00  2.333768e+02 
    0.000   24.329000  0.000000e+00  2.333328e+02 
    0.000   24.825001  0.000000e+00  2.333062e+02 
    0.000   25.320000  0.000000e+00  2.332891e+02 
    0.000   25.816000  0.000000e+00  2.332861e+02 
    0.000   26.312000  0.000000e+00  2.332918e+02 
    0.000   26.808001  0.000000e+00  2.333014e+02 
    0.000   27.303001  0.000000e+00  2.333159e+02 
    0.000   27.799000  0.000000e+00  2.333354e+02 
    0.000   28.295000  0.000000e+00  2.333594e+02 
    0.000   28.791000  0.000000e+00  2.333921e+02 
    0.000   29.286001  0.000000e+00  2.334329e+02 
    0.000   29.782001  0.000000e+00  2.334797e+02 
    0.000   30.278000  0.000000e+00  2.335306e+02 
    0.000   30.774000  0.000000e+00  2.335837e+02 
    0.000   31.269001  0.000000e+00  2.336383e+02 
    0.000   31.765001  0.000000e+00  2.336941e+02 
    0.000   32.261002  0.000000e+00  2.337509e+02 
    0.000   32.757000  0.000000e+00  2.338083e+02 
    0.000   33.251999  0.000000e+00  2.338658e+02 
    0.000   33.748001  0.000000e+00  2.339254e+02 
    0.000   34.243999  0.000000e+00  2.339878e+02 
    0.000   34.740002  0.000000e+00  2.340505e+02 
    0.000   35.235001  0.000000e+00  2.341122e+02 
    0.000   35.730999  0.000000e+00  2.341704e+02 
    0.000   36.227001  0.000000e+00  2.342253e+02 
    0.000   36.723000  0.000000e+00  2.342766e+02 
    0.000   37.218002  0.000000e+00  2.343246e+02 
    0.000   37.714001  0.000000e+00  2.343691e+02 
    0.000   38.209999  0.000000e+00  2.344102e+02 
    0.000   38.706001  0.000000e+00  2.344515e+02 
    0.000   39.201000  0.000000e+00  2.344940e+02 
    0.000   39.697002  0.000000e+00  2.345397e+02 
    0.000   40.197002  0.000000e+00  2.345904e+02 
    0.000   45.197002  0.000000e+00  2.350404e+02 
    0.000   50.197002  0.000000e+00  2.352667e+02 
    0.000   55.197002  0.000000e+00  2.352634e+02 
    0.000   60.197002  0.000000e+00  2.351952e+02 
    0.000   65.196999  0.000000e+00  2.351429e+02 
