   67.866    0.000000  1.236501e-12  6.651573e+00 
   67.866    0.103000  1.243206e-12  6.750444e+00 
   67.866    0.206000  1.249837e-12  6.851217e+00 
   67.866    0.308000  1.256384e-12  6.951540e+00 
   67.866    0.411000  1.262991e-12  7.052824e+00 
   67.866    0.514000  1.269598e-12  7.153837e+00 
   67.866    0.617000  1.407476e-12  8.014894e+00 
   67.866    0.720000  1.674162e-12  9.406029e+00 
   67.866    0.823000  2.111743e-12  1.120664e+01 
   67.866    0.926000  2.792549e-12  1.331471e+01 
   67.866    1.029000  3.821007e-12  1.562888e+01 
   67.866    1.132000  5.385949e-12  1.811773e+01 
   67.866    1.234000  7.738941e-12  2.070830e+01 
   67.866    1.337000  1.133452e-11  2.340383e+01 
   67.866    1.440000  1.672111e-11  2.612388e+01 
   67.866    1.543000  2.544268e-11  2.902535e+01 
   67.866    1.646000  3.996376e-11  3.210348e+01 
   67.866    1.749000  4.131332e-11  3.231459e+01 
   67.866    1.852000  4.179895e-11  3.240268e+01 
   67.866    1.955000  4.224807e-11  3.248892e+01 
   67.866    2.058000  4.542030e-07  7.702701e+01 
   67.866    2.160000  1.305819e-03  1.188115e+02 
   67.866    2.263000  1.139911e+00  1.686298e+02 
   67.866    2.366000  1.146346e+00  1.684493e+02 
   67.866    2.469000  1.152460e+00  1.683032e+02 
   67.866    2.572000  1.158407e+00  1.681836e+02 
   67.866    2.675000  1.164252e+00  1.680868e+02 
   67.866    2.778000  1.177220e+00  1.681117e+02 
   67.866    2.881000  1.205702e+00  1.683755e+02 
   67.866    2.984000  1.234646e+00  1.686681e+02 
   67.866    3.086000  3.871015e+00  1.838571e+02 
   67.866    3.189000  1.523184e+01  2.057562e+02 
   67.866    3.292000  7.057560e+01  2.370641e+02 
   67.866    3.395000  3.134788e+02  2.719789e+02 
   67.866    3.498000  3.161895e+02  2.718986e+02 
   67.866    3.601000  3.186791e+02  2.718503e+02 
   67.866    3.704000  3.210103e+02  2.718237e+02 
   67.866    3.807000  3.231938e+02  2.718125e+02 
   67.866    3.910000  3.252995e+02  2.718191e+02 
   67.866    4.013000  3.274062e+02  2.718486e+02 
   67.866    4.115000  3.295631e+02  2.719063e+02 
   67.866    4.218000  3.318260e+02  2.719933e+02 
   67.866    4.321000  3.341613e+02  2.721056e+02 
   67.866    4.424000  3.365479e+02  2.722385e+02 
   67.866    4.527000  3.388904e+02  2.723794e+02 
   67.866    4.630000  3.411015e+02  2.725171e+02 
   67.866    4.733000  3.431006e+02  2.726024e+02 
   67.866    4.836000  3.455995e+02  2.727254e+02 
   67.866    4.939000  3.478087e+02  2.728390e+02 
   67.866    5.041000  3.500392e+02  2.729607e+02 
   67.866    5.144000  3.524016e+02  2.730963e+02 
   67.866    5.247000  3.539574e+02  2.732077e+02 
   67.866    5.350000  3.554858e+02  2.733226e+02 
   67.866    5.453000  3.569861e+02  2.734406e+02 
   67.866    5.556000  3.584633e+02  2.735615e+02 
   67.866    5.659000  3.599259e+02  2.736860e+02 
   67.866    5.762000  3.613689e+02  2.738133e+02 
   67.866    5.865000  3.627967e+02  2.739436e+02 
   67.866    5.967000  3.641975e+02  2.740757e+02 
   67.866    6.070000  3.666747e+02  2.742605e+02 
   67.866    6.173000  3.692581e+02  2.744542e+02 
   67.866    6.276000  3.718798e+02  2.746521e+02 
   67.866    6.379000  3.748951e+02  2.748742e+02 
   67.866    6.482000  3.780160e+02  2.751029e+02 
   67.866    6.585000  3.811410e+02  2.753315e+02 
   67.866    6.688000  3.844525e+02  2.755699e+02 
   67.866    6.791000  3.873018e+02  2.757805e+02 
   67.866    6.893000  3.901571e+02  2.759899e+02 
   67.866    6.996000  3.929266e+02  2.761932e+02 
   67.866    7.099000  3.957698e+02  2.763994e+02 
   67.866    7.202000  3.984553e+02  2.765970e+02 
   67.866    7.305000  4.009906e+02  2.767885e+02 
   67.866    7.408000  4.034141e+02  2.769757e+02 
   67.866    7.511000  4.058152e+02  2.771643e+02 
   67.866    7.614000  4.085188e+02  2.773730e+02 
   67.866    7.717000  4.106837e+02  2.775538e+02 
   67.866    7.819000  4.127716e+02  2.777295e+02 
   67.866    7.922000  4.148311e+02  2.779039e+02 
   67.866    8.025000  4.168522e+02  2.780753e+02 
   67.866    8.128000  4.190435e+02  2.782540e+02 
   67.866    8.231000  4.210182e+02  2.784198e+02 
   67.866    8.334000  4.229726e+02  2.785832e+02 
   67.866    8.437000  4.248586e+02  2.787421e+02 
   67.866    8.540000  4.267791e+02  2.789015e+02 
   67.866    8.643000  4.287896e+02  2.790638e+02 
   67.866    8.745000  4.306796e+02  2.792177e+02 
   67.866    8.848000  4.326655e+02  2.793723e+02 
   67.866    8.951000  4.345041e+02  2.795175e+02 
   67.866    9.054000  4.364016e+02  2.796635e+02 
   67.866    9.157000  4.382022e+02  2.798025e+02 
   67.866    9.260000  4.388895e+02  2.798856e+02 
   67.866    9.363000  4.397844e+02  2.799935e+02 
   67.866    9.466000  4.407146e+02  2.801024e+02 
   67.866    9.569000  4.416417e+02  2.802130e+02 
   67.866    9.672000  4.425867e+02  2.803231e+02 
   67.866    9.774000  4.435381e+02  2.804315e+02 
   67.866    9.877000  4.444969e+02  2.805392e+02 
   67.866    9.980000  4.454474e+02  2.806444e+02 
   67.866   10.083000  4.463772e+02  2.807534e+02 
   67.866   10.186000  4.473116e+02  2.808650e+02 
   67.866   10.289000  4.482104e+02  2.809719e+02 
   67.866   10.392000  4.486716e+02  2.810272e+02 
   67.866   10.495000  4.491251e+02  2.810814e+02 
   67.866   10.598000  4.495820e+02  2.811359e+02 
   67.866   10.700000  4.500117e+02  2.811870e+02 
   67.866   10.803000  4.504401e+02  2.812378e+02 
   67.866   10.906000  4.508632e+02  2.812878e+02 
   67.866   11.009000  4.512810e+02  2.813370e+02 
   67.866   11.112000  4.516934e+02  2.813856e+02 
   67.866   11.215000  4.521004e+02  2.814336e+02 
   67.866   11.318000  4.525019e+02  2.814810e+02 
   67.866   11.421000  4.528980e+02  2.815280e+02 
   67.866   11.524000  4.532887e+02  2.815745e+02 
   67.866   11.626000  4.536702e+02  2.816200e+02 
   67.866   11.729000  4.540499e+02  2.816655e+02 
   67.866   11.832000  4.544241e+02  2.817106e+02 
   67.866   11.935000  4.547927e+02  2.817551e+02 
   67.866   12.038000  4.551561e+02  2.817991e+02 
   67.866   12.141000  4.555145e+02  2.818426e+02 
   67.866   12.244000  4.558677e+02  2.818855e+02 
   67.866   12.347000  4.562161e+02  2.819278e+02 
   67.866   12.450000  4.565598e+02  2.819694e+02 
   67.866   12.552000  4.568956e+02  2.820101e+02 
   67.866   12.655000  4.572302e+02  2.820504e+02 
   67.866   12.758000  4.575605e+02  2.820902e+02 
   67.866   12.861000  4.578871e+02  2.821293e+02 
   67.866   12.964000  4.582098e+02  2.821677e+02 
   67.866   13.067000  4.585288e+02  2.822054e+02 
   67.866   13.170000  4.588441e+02  2.822424e+02 
   67.866   13.273000  4.591557e+02  2.822786e+02 
   67.866   13.376000  4.594637e+02  2.823140e+02 
   67.866   13.478000  4.597654e+02  2.823483e+02 
   67.866   13.581000  4.600665e+02  2.823821e+02 
   67.866   13.684000  4.603643e+02  2.824149e+02 
   67.866   13.787000  4.606591e+02  2.824468e+02 
   67.866   13.890000  4.609506e+02  2.824778e+02 
   67.866   13.993000  4.612390e+02  2.825078e+02 
   67.866   14.096000  4.615243e+02  2.825368e+02 
   67.866   14.199000  4.618065e+02  2.825649e+02 
   67.866   14.302000  4.620856e+02  2.825922e+02 
   67.866   14.405000  4.623614e+02  2.826187e+02 
   67.866   14.507000  4.626313e+02  2.826443e+02 
   67.866   14.610000  4.629005e+02  2.826694e+02 
   67.866   14.713000  4.631664e+02  2.826940e+02 
   67.866   14.816000  4.634290e+02  2.827180e+02 
   67.866   14.919000  4.636883e+02  2.827416e+02 
   67.866   15.022000  4.639444e+02  2.827646e+02 
   67.866   15.125000  4.641973e+02  2.827871e+02 
   67.866   15.228000  4.644471e+02  2.828092e+02 
   67.866   15.331000  4.646937e+02  2.828308e+02 
   67.866   15.433000  4.649350e+02  2.828517e+02 
   67.866   15.536000  4.651756e+02  2.828723e+02 
   67.866   15.639000  4.654132e+02  2.828924e+02 
   67.866   15.742000  4.656479e+02  2.829121e+02 
   67.866   15.845000  4.658799e+02  2.829314e+02 
   67.866   15.948000  4.661091e+02  2.829502e+02 
   67.866   16.051001  4.663358e+02  2.829685e+02 
   67.866   16.153999  4.665601e+02  2.829863e+02 
   67.866   16.257000  4.667821e+02  2.830036e+02 
   67.866   16.358999  4.669995e+02  2.830203e+02 
   67.866   16.462000  4.672169e+02  2.830366e+02 
   67.866   16.565001  4.674320e+02  2.830524e+02 
   67.866   16.667999  4.676451e+02  2.830676e+02 
   67.866   16.771000  4.678562e+02  2.830821e+02 
   67.866   16.874001  4.680656e+02  2.830959e+02 
   67.866   16.976999  4.682731e+02  2.831090e+02 
   67.866   17.080000  4.684791e+02  2.831212e+02 
   67.866   17.183001  4.686839e+02  2.831325e+02 
   67.866   17.285000  4.688855e+02  2.831428e+02 
   67.866   17.388000  4.690878e+02  2.831522e+02 
   67.866   17.490999  4.692889e+02  2.831607e+02 
   67.866   17.594000  4.694887e+02  2.831684e+02 
   67.866   17.697001  4.696873e+02  2.831752e+02 
   67.866   17.799999  4.698844e+02  2.831813e+02 
   67.866   17.903000  4.700799e+02  2.831869e+02 
   67.866   18.006001  4.702739e+02  2.831918e+02 
   67.866   18.108999  4.704661e+02  2.831963e+02 
   67.866   18.211000  4.706549e+02  2.832001e+02 
   67.866   18.313999  4.708440e+02  2.832035e+02 
   67.866   18.417000  4.710315e+02  2.832064e+02 
   67.866   18.520000  4.712173e+02  2.832088e+02 
   67.866   18.622999  4.714017e+02  2.832106e+02 
   67.866   18.726000  4.715845e+02  2.832120e+02 
   67.866   18.829000  4.717659e+02  2.832129e+02 
   67.866   18.931999  4.719457e+02  2.832132e+02 
   67.866   19.035000  4.721242e+02  2.832131e+02 
   67.866   19.138000  4.723013e+02  2.832126e+02 
   67.866   19.240000  4.724754e+02  2.832116e+02 
   67.866   19.343000  4.726498e+02  2.832102e+02 
   67.866   19.445999  4.728230e+02  2.832083e+02 
   67.866   19.549000  4.729949e+02  2.832060e+02 
   67.866   19.652000  4.731655e+02  2.832032e+02 
   67.866   19.754999  4.733348e+02  2.832000e+02 
   67.866   19.858000  4.735030e+02  2.831964e+02 
   67.866   19.961000  4.736699e+02  2.831924e+02 
   67.866   20.063999  4.738359e+02  2.831878e+02 
   67.866   20.363001  4.743123e+02  2.831714e+02 
   67.866   20.858999  4.750797e+02  2.831376e+02 
   67.866   21.354000  4.758173e+02  2.830964e+02 
   67.866   21.850000  4.765270e+02  2.830496e+02 
   67.866   22.346001  4.772007e+02  2.830018e+02 
   67.866   22.841999  4.778326e+02  2.829574e+02 
   67.866   23.337000  4.784203e+02  2.829178e+02 
   67.866   23.833000  4.789711e+02  2.828810e+02 
   67.866   24.329000  4.794902e+02  2.828450e+02 
   67.866   24.825001  4.799789e+02  2.828097e+02 
   67.866   25.320000  4.804343e+02  2.827767e+02 
   67.866   25.816000  4.808599e+02  2.827459e+02 
   67.866   26.312000  4.812579e+02  2.827167e+02 
   67.866   26.808001  4.816305e+02  2.826886e+02 
   67.866   27.302999  4.819778e+02  2.826618e+02 
   67.866   27.799000  4.823029e+02  2.826362e+02 
   67.866   28.295000  4.826072e+02  2.826114e+02 
   67.866   28.791000  4.828935e+02  2.825870e+02 
   67.866   29.285999  4.831634e+02  2.825628e+02 
   67.866   29.782000  4.834201e+02  2.825385e+02 
   67.866   30.278000  4.836645e+02  2.825141e+02 
   67.866   30.774000  4.838982e+02  2.824897e+02 
   67.866   31.268999  4.841226e+02  2.824655e+02 
   67.866   31.764999  4.843400e+02  2.824413e+02 
   67.866   32.261002  4.845524e+02  2.824171e+02 
   67.866   32.757000  4.847615e+02  2.823932e+02 
   67.866   33.251999  4.849687e+02  2.823697e+02 
   67.866   33.748001  4.851762e+02  2.823469e+02 
   67.866   34.243999  4.853848e+02  2.823252e+02 
   67.866   34.740002  4.855963e+02  2.823047e+02 
   67.866   35.235001  4.858115e+02  2.822854e+02 
   67.866   35.730999  4.860322e+02  2.822673e+02 
   67.866   36.227001  4.862586e+02  2.822504e+02 
   67.866   36.723000  4.864908e+02  2.822346e+02 
   67.866   37.217999  4.867278e+02  2.822198e+02 
   67.866   37.714001  4.869696e+02  2.822060e+02 
   67.866   38.209999  4.872145e+02  2.821931e+02 
   67.866   38.706001  4.874607e+02  2.821814e+02 
   67.866   39.201000  4.877058e+02  2.821706e+02 
   67.866   39.696999  4.879485e+02  2.821608e+02 
   67.866   40.196999  4.881852e+02  2.821533e+02 
   67.866   45.196999  4.900517e+02  2.821242e+02 
   67.866   50.196999  4.907611e+02  2.821233e+02 
   67.866   55.196999  4.910087e+02  2.821276e+02 
   67.866   60.196999  4.917461e+02  2.821316e+02 
   67.866   65.196999  4.929787e+02  2.821345e+02 
