   67.554    0.000000  8.648057e-11  7.262819e+00 
   67.554    0.103000  8.694823e-11  7.369617e+00 
   67.554    0.206000  8.741460e-11  7.477971e+00 
   67.554    0.308000  8.787483e-11  7.585850e+00 
   67.554    0.411000  8.833795e-11  7.694918e+00 
   67.554    0.514000  8.879862e-11  7.803869e+00 
   67.554    0.617000  1.184546e-10  1.026268e+01 
   67.554    0.720000  1.733519e-10  1.336986e+01 
   67.554    0.823000  2.855368e-10  1.725332e+01 
   67.554    0.926000  5.236421e-10  2.178239e+01 
   67.554    1.029000  1.047523e-09  2.677660e+01 
   67.554    1.132000  2.254581e-09  3.212090e+01 
   67.554    1.235000  5.139657e-09  3.769616e+01 
   67.554    1.337000  1.262185e-08  4.370054e+01 
   67.554    1.440000  3.385941e-08  5.023288e+01 
   67.554    1.543000  9.777690e-08  5.720717e+01 
   67.554    1.646000  3.029874e-07  6.461952e+01 
   67.554    1.749000  1.001939e-06  7.245912e+01 
   67.554    1.852000  5.993278e-03  1.210974e+02 
   67.554    1.955000  1.261747e+00  1.650096e+02 
   67.554    2.058000  2.761637e+01  2.095502e+02 
   67.554    2.161000  1.393158e+02  2.456516e+02 
   67.554    2.263000  3.189948e+02  2.659045e+02 
   67.554    2.366000  3.212365e+02  2.656234e+02 
   67.554    2.469000  3.234392e+02  2.654406e+02 
   67.554    2.572000  3.257879e+02  2.653309e+02 
   67.554    2.675000  3.276730e+02  2.652202e+02 
   67.554    2.778000  3.295706e+02  2.651512e+02 
   67.554    2.881000  3.314833e+02  2.651157e+02 
   67.554    2.984000  3.334214e+02  2.651085e+02 
   67.554    3.087000  3.349134e+02  2.650752e+02 
   67.554    3.189000  3.363778e+02  2.650594e+02 
   67.554    3.292000  3.378455e+02  2.650583e+02 
   67.554    3.395000  3.393047e+02  2.650701e+02 
   67.554    3.498000  3.407566e+02  2.650933e+02 
   67.554    3.601000  3.422021e+02  2.651267e+02 
   67.554    3.704000  3.436439e+02  2.651690e+02 
   67.554    3.807000  3.450811e+02  2.652197e+02 
   67.554    3.910000  3.465126e+02  2.652780e+02 
   67.554    4.013000  3.479367e+02  2.653435e+02 
   67.554    4.115000  3.493387e+02  2.654147e+02 
   67.554    4.218000  3.507457e+02  2.654926e+02 
   67.554    4.321000  3.521418e+02  2.655760e+02 
   67.554    4.424000  3.535264e+02  2.656644e+02 
   67.554    4.527000  3.548975e+02  2.657574e+02 
   67.554    4.630000  3.562543e+02  2.658545e+02 
   67.554    4.733000  3.575978e+02  2.659549e+02 
   67.554    4.836000  3.589257e+02  2.660585e+02 
   67.554    4.939000  3.602384e+02  2.661649e+02 
   67.554    5.041000  3.615242e+02  2.662726e+02 
   67.554    5.144000  3.633779e+02  2.664498e+02 
   67.554    5.247000  3.652119e+02  2.666279e+02 
   67.554    5.350000  3.670171e+02  2.668058e+02 
   67.554    5.453000  3.687833e+02  2.669823e+02 
   67.554    5.556000  3.705143e+02  2.671577e+02 
   67.554    5.659000  3.724478e+02  2.673199e+02 
   67.554    5.762000  3.765752e+02  2.676142e+02 
   67.554    5.865000  3.784491e+02  2.677749e+02 
   67.554    5.967000  3.798939e+02  2.679280e+02 
   67.554    6.070000  3.814106e+02  2.680925e+02 
   67.554    6.173000  3.830092e+02  2.682690e+02 
   67.554    6.276000  3.850890e+02  2.684494e+02 
   67.554    6.379000  3.871886e+02  2.686312e+02 
   67.554    6.482000  3.895838e+02  2.688307e+02 
   67.554    6.585000  3.927432e+02  2.690747e+02 
   67.554    6.688000  3.953808e+02  2.692870e+02 
   67.554    6.791000  3.978310e+02  2.694880e+02 
   67.554    6.893000  4.001992e+02  2.696825e+02 
   67.554    6.996000  4.026949e+02  2.698833e+02 
   67.554    7.099000  4.052434e+02  2.700858e+02 
   67.554    7.202000  4.081832e+02  2.703116e+02 
   67.554    7.305000  4.105874e+02  2.705088e+02 
   67.554    7.408000  4.129296e+02  2.707047e+02 
   67.554    7.511000  4.154251e+02  2.709109e+02 
   67.554    7.614000  4.182290e+02  2.711357e+02 
   67.554    7.717000  4.209097e+02  2.713525e+02 
   67.554    7.820000  4.230477e+02  2.715371e+02 
   67.554    7.922000  4.252319e+02  2.717213e+02 
   67.554    8.025000  4.274098e+02  2.719036e+02 
   67.554    8.127999  4.298387e+02  2.720967e+02 
   67.554    8.231000  4.319287e+02  2.722694e+02 
   67.554    8.334000  4.340045e+02  2.724396e+02 
   67.554    8.436999  4.362737e+02  2.726187e+02 
   67.554    8.540000  4.385759e+02  2.727984e+02 
   67.554    8.643000  4.407505e+02  2.729706e+02 
   67.554    8.745999  4.427976e+02  2.731355e+02 
   67.554    8.848000  4.441798e+02  2.733030e+02 
   67.554    8.951000  4.454924e+02  2.734627e+02 
   67.554    9.054000  4.468569e+02  2.736249e+02 
   67.554    9.157000  4.483288e+02  2.737941e+02 
   67.554    9.259999  4.499390e+02  2.739726e+02 
   67.554    9.363000  4.504218e+02  2.740474e+02 
   67.554    9.466000  4.509039e+02  2.741201e+02 
   67.554    9.568999  4.513856e+02  2.741910e+02 
   67.554    9.672000  4.518669e+02  2.742601e+02 
   67.554    9.774000  4.523401e+02  2.743266e+02 
   67.554    9.877000  4.528103e+02  2.743921e+02 
   67.554    9.980000  4.532718e+02  2.744559e+02 
   67.554   10.083000  4.537243e+02  2.745181e+02 
   67.554   10.186000  4.541993e+02  2.745779e+02 
   67.554   10.289000  4.546627e+02  2.746364e+02 
   67.554   10.392000  4.551166e+02  2.746937e+02 
   67.554   10.495000  4.555644e+02  2.747499e+02 
   67.554   10.598000  4.560066e+02  2.748049e+02 
   67.554   10.700000  4.564387e+02  2.748585e+02 
   67.554   10.802999  4.568690e+02  2.749117e+02 
   67.554   10.906000  4.572932e+02  2.749641e+02 
   67.554   11.009000  4.577112e+02  2.750157e+02 
   67.554   11.112000  4.581235e+02  2.750666e+02 
   67.554   11.215000  4.585300e+02  2.751169e+02 
   67.554   11.318000  4.589310e+02  2.751665e+02 
   67.554   11.421000  4.593268e+02  2.752156e+02 
   67.554   11.524000  4.597178e+02  2.752642e+02 
   67.554   11.625999  4.600998e+02  2.753117e+02 
   67.554   11.729000  4.604803e+02  2.753591e+02 
   67.554   11.832000  4.608555e+02  2.754059e+02 
   67.554   11.934999  4.612254e+02  2.754521e+02 
   67.554   12.038000  4.615901e+02  2.754977e+02 
   67.554   12.141000  4.619498e+02  2.755426e+02 
   67.554   12.243999  4.623046e+02  2.755869e+02 
   67.554   12.347000  4.626545e+02  2.756306e+02 
   67.554   12.450000  4.629998e+02  2.756736e+02 
   67.554   12.552000  4.633370e+02  2.757156e+02 
   67.554   12.655000  4.636731e+02  2.757572e+02 
   67.554   12.757999  4.640048e+02  2.757981e+02 
   67.554   12.861000  4.643326e+02  2.758383e+02 
   67.554   12.964000  4.646564e+02  2.758777e+02 
   67.554   13.066999  4.649764e+02  2.759164e+02 
   67.554   13.170000  4.652926e+02  2.759542e+02 
   67.554   13.273000  4.656051e+02  2.759911e+02 
   67.554   13.375999  4.659141e+02  2.760273e+02 
   67.554   13.479000  4.662195e+02  2.760626e+02 
   67.554   13.580999  4.665186e+02  2.760968e+02 
   67.554   13.684000  4.668171e+02  2.761304e+02 
   67.554   13.787000  4.671123e+02  2.761632e+02 
   67.554   13.889999  4.674042e+02  2.761951e+02 
   67.554   13.993000  4.676929e+02  2.762261e+02 
   67.554   14.096000  4.679784e+02  2.762563e+02 
   67.554   14.198999  4.682608e+02  2.762856e+02 
   67.554   14.302000  4.685400e+02  2.763141e+02 
   67.554   14.405000  4.688161e+02  2.763418e+02 
   67.554   14.507000  4.690865e+02  2.763684e+02 
   67.554   14.610000  4.693562e+02  2.763945e+02 
   67.554   14.712999  4.696228e+02  2.764200e+02 
   67.554   14.816000  4.698862e+02  2.764450e+02 
   67.554   14.919000  4.701464e+02  2.764693e+02 
   67.554   15.021999  4.704034e+02  2.764931e+02 
   67.554   15.125000  4.706572e+02  2.765164e+02 
   67.554   15.228000  4.709078e+02  2.765392e+02 
   67.554   15.330999  4.711554e+02  2.765616e+02 
   67.554   15.433000  4.713975e+02  2.765831e+02 
   67.554   15.535999  4.716390e+02  2.766044e+02 
   67.554   15.639000  4.718775e+02  2.766252e+02 
   67.554   15.742000  4.721130e+02  2.766455e+02 
   67.554   15.844999  4.723457e+02  2.766653e+02 
   67.554   15.948000  4.725756e+02  2.766845e+02 
   67.554   16.051001  4.728030e+02  2.767033e+02 
   67.554   16.153999  4.730280e+02  2.767216e+02 
   67.554   16.257000  4.732505e+02  2.767394e+02 
   67.554   16.358999  4.734685e+02  2.767565e+02 
   67.554   16.462000  4.736864e+02  2.767733e+02 
   67.554   16.565001  4.739022e+02  2.767895e+02 
   67.554   16.667999  4.741157e+02  2.768052e+02 
   67.554   16.771000  4.743272e+02  2.768203e+02 
   67.554   16.874001  4.745369e+02  2.768348e+02 
   67.554   16.976999  4.747446e+02  2.768487e+02 
   67.554   17.080000  4.749507e+02  2.768618e+02 
   67.554   17.183001  4.751554e+02  2.768740e+02 
   67.554   17.285000  4.753568e+02  2.768853e+02 
   67.554   17.388000  4.755587e+02  2.768958e+02 
   67.554   17.490999  4.757596e+02  2.769054e+02 
   67.554   17.594000  4.759592e+02  2.769140e+02 
   67.554   17.697001  4.761578e+02  2.769218e+02 
   67.554   17.799999  4.763549e+02  2.769288e+02 
   67.554   17.903000  4.765506e+02  2.769351e+02 
   67.554   18.006001  4.767448e+02  2.769407e+02 
   67.554   18.108999  4.769374e+02  2.769458e+02 
   67.554   18.212000  4.771283e+02  2.769503e+02 
   67.554   18.313999  4.773157e+02  2.769543e+02 
   67.554   18.417000  4.775033e+02  2.769579e+02 
   67.554   18.520000  4.776893e+02  2.769609e+02 
   67.554   18.622999  4.778737e+02  2.769635e+02 
   67.554   18.726000  4.780567e+02  2.769655e+02 
   67.554   18.829000  4.782381e+02  2.769669e+02 
   67.554   18.931999  4.784181e+02  2.769679e+02 
   67.554   19.035000  4.785967e+02  2.769684e+02 
   67.554   19.138000  4.787740e+02  2.769684e+02 
   67.554   19.240000  4.789483e+02  2.769679e+02 
   67.554   19.343000  4.791229e+02  2.769669e+02 
   67.554   19.445999  4.792963e+02  2.769656e+02 
   67.554   19.549000  4.794683e+02  2.769638e+02 
   67.554   19.652000  4.796389e+02  2.769615e+02 
   67.554   19.754999  4.798083e+02  2.769589e+02 
   67.554   19.858000  4.799764e+02  2.769559e+02 
   67.554   19.961000  4.801432e+02  2.769525e+02 
   67.554   20.063999  4.803092e+02  2.769485e+02 
   67.554   20.362999  4.807858e+02  2.769337e+02 
   67.554   20.858999  4.815538e+02  2.769024e+02 
   67.554   21.354000  4.822922e+02  2.768633e+02 
   67.554   21.850000  4.830042e+02  2.768177e+02 
   67.554   22.346001  4.836819e+02  2.767701e+02 
   67.554   22.841999  4.843196e+02  2.767249e+02 
   67.554   23.337000  4.849133e+02  2.766844e+02 
   67.554   23.833000  4.854684e+02  2.766476e+02 
   67.554   24.329000  4.859899e+02  2.766121e+02 
   67.554   24.824999  4.864807e+02  2.765774e+02 
   67.554   25.320000  4.869390e+02  2.765444e+02 
   67.554   25.816000  4.873674e+02  2.765137e+02 
   67.554   26.312000  4.877674e+02  2.764848e+02 
   67.554   26.808001  4.881420e+02  2.764570e+02 
   67.554   27.302999  4.884918e+02  2.764304e+02 
   67.554   27.799000  4.888188e+02  2.764050e+02 
   67.554   28.295000  4.891243e+02  2.763806e+02 
   67.554   28.791000  4.894111e+02  2.763568e+02 
   67.554   29.285999  4.896815e+02  2.763331e+02 
   67.554   29.782000  4.899389e+02  2.763093e+02 
   67.554   30.278000  4.901842e+02  2.762854e+02 
   67.554   30.774000  4.904193e+02  2.762613e+02 
   67.554   31.268999  4.906453e+02  2.762372e+02 
   67.554   31.764999  4.908647e+02  2.762130e+02 
   67.554   32.261002  4.910794e+02  2.761889e+02 
   67.554   32.757000  4.912910e+02  2.761650e+02 
   67.554   33.252003  4.915008e+02  2.761417e+02 
   67.554   33.748001  4.917111e+02  2.761192e+02 
   67.554   34.244003  4.919228e+02  2.760977e+02 
   67.554   34.740002  4.921376e+02  2.760774e+02 
   67.554   35.235001  4.923561e+02  2.760583e+02 
   67.554   35.731003  4.925804e+02  2.760404e+02 
   67.554   36.227001  4.928105e+02  2.760237e+02 
   67.554   36.723003  4.930464e+02  2.760081e+02 
   67.554   37.218002  4.932873e+02  2.759935e+02 
   67.554   37.714001  4.935328e+02  2.759799e+02 
   67.554   38.210003  4.937811e+02  2.759673e+02 
   67.554   38.706001  4.940302e+02  2.759557e+02 
   67.554   39.201000  4.942780e+02  2.759450e+02 
   67.554   39.697002  4.945229e+02  2.759354e+02 
   67.554   40.197002  4.947616e+02  2.759280e+02 
   67.554   45.197002  4.966353e+02  2.759000e+02 
   67.554   50.197002  4.973451e+02  2.758995e+02 
   67.554   55.197002  4.975947e+02  2.759039e+02 
   67.554   60.197002  4.983506e+02  2.759081e+02 
   67.554   65.196999  4.995872e+02  2.759110e+02 
