    0.000    0.000000  0.000000e+00  3.506294e+02 
    0.000    0.103000  0.000000e+00  3.502303e+02 
    0.000    0.206000  0.000000e+00  3.490522e+02 
    0.000    0.309000  0.000000e+00  3.473273e+02 
    0.000    0.412000  0.000000e+00  3.455891e+02 
    0.000    0.515000  0.000000e+00  3.436328e+02 
    0.000    0.618000  0.000000e+00  3.412759e+02 
    0.000    0.721000  0.000000e+00  3.386299e+02 
    0.000    0.824000  0.000000e+00  3.358769e+02 
    0.000    0.926000  0.000000e+00  3.330641e+02 
    0.000    1.029000  0.000000e+00  3.301770e+02 
    0.000    1.132000  0.000000e+00  3.272305e+02 
    0.000    1.235000  0.000000e+00  3.242174e+02 
    0.000    1.338000  0.000000e+00  3.212172e+02 
    0.000    1.441000  0.000000e+00  3.182557e+02 
    0.000    1.544000  0.000000e+00  3.153521e+02 
    0.000    1.647000  0.000000e+00  3.125959e+02 
    0.000    1.750000  0.000000e+00  3.100013e+02 
    0.000    1.852000  0.000000e+00  3.055812e+02 
    0.000    1.955000  0.000000e+00  3.028501e+02 
    0.000    2.058000  0.000000e+00  3.006841e+02 
    0.000    2.161000  0.000000e+00  2.986815e+02 
    0.000    2.264000  0.000000e+00  2.966170e+02 
    0.000    2.367000  0.000000e+00  2.943583e+02 
    0.000    2.470000  0.000000e+00  2.919902e+02 
    0.000    2.573000  0.000000e+00  2.895435e+02 
    0.000    2.676000  0.000000e+00  2.870052e+02 
    0.000    2.778000  0.000000e+00  2.843400e+02 
    0.000    2.881000  0.000000e+00  2.816513e+02 
    0.000    2.984000  0.000000e+00  2.790362e+02 
    0.000    3.087000  0.000000e+00  2.764709e+02 
    0.000    3.190000  0.000000e+00  2.750945e+02 
    0.000    3.293000  0.000000e+00  2.735788e+02 
    0.000    3.396000  0.000000e+00  2.719843e+02 
    0.000    3.499000  0.000000e+00  2.702851e+02 
    0.000    3.602000  0.000000e+00  2.684724e+02 
    0.000    3.704000  0.000000e+00  2.664933e+02 
    0.000    3.807000  0.000000e+00  2.645429e+02 
    0.000    3.910000  0.000000e+00  2.627126e+02 
    0.000    4.013000  0.000000e+00  2.609641e+02 
    0.000    4.116000  0.000000e+00  2.592808e+02 
    0.000    4.219000  0.000000e+00  2.576612e+02 
    0.000    4.322000  0.000000e+00  2.561388e+02 
    0.000    4.425000  0.000000e+00  2.546809e+02 
    0.000    4.528000  0.000000e+00  2.533340e+02 
    0.000    4.630000  0.000000e+00  2.521038e+02 
    0.000    4.733000  0.000000e+00  2.509589e+02 
    0.000    4.836000  0.000000e+00  2.498686e+02 
    0.000    4.939000  0.000000e+00  2.487696e+02 
    0.000    5.042000  0.000000e+00  2.476660e+02 
    0.000    5.145000  0.000000e+00  2.465535e+02 
    0.000    5.248000  0.000000e+00  2.454336e+02 
    0.000    5.351000  0.000000e+00  2.443125e+02 
    0.000    5.454000  0.000000e+00  2.431970e+02 
    0.000    5.557000  0.000000e+00  2.420811e+02 
    0.000    5.659000  0.000000e+00  2.409809e+02 
    0.000    5.762000  0.000000e+00  2.398835e+02 
    0.000    5.865000  0.000000e+00  2.388056e+02 
    0.000    5.968000  0.000000e+00  2.377481e+02 
    0.000    6.071000  0.000000e+00  2.367123e+02 
    0.000    6.174000  0.000000e+00  2.356870e+02 
    0.000    6.277000  0.000000e+00  2.346840e+02 
    0.000    6.380000  0.000000e+00  2.338192e+02 
    0.000    6.483000  0.000000e+00  2.329710e+02 
    0.000    6.585000  0.000000e+00  2.321477e+02 
    0.000    6.688000  0.000000e+00  2.313414e+02 
    0.000    6.791000  0.000000e+00  2.305570e+02 
    0.000    6.894000  0.000000e+00  2.298311e+02 
    0.000    6.997000  0.000000e+00  2.291903e+02 
    0.000    7.100000  0.000000e+00  2.286089e+02 
    0.000    7.203000  0.000000e+00  2.281295e+02 
    0.000    7.306000  0.000000e+00  2.277440e+02 
    0.000    7.409000  0.000000e+00  2.273032e+02 
    0.000    7.511000  0.000000e+00  2.269701e+02 
    0.000    7.614000  0.000000e+00  2.266776e+02 
    0.000    7.717000  0.000000e+00  2.264385e+02 
    0.000    7.820000  0.000000e+00  2.262275e+02 
    0.000    7.923000  0.000000e+00  2.260488e+02 
    0.000    8.026000  0.000000e+00  2.258976e+02 
    0.000    8.129000  0.000000e+00  2.257361e+02 
    0.000    8.232000  0.000000e+00  2.255771e+02 
    0.000    8.335000  0.000000e+00  2.254125e+02 
    0.000    8.437000  0.000000e+00  2.252344e+02 
    0.000    8.540000  0.000000e+00  2.250497e+02 
    0.000    8.643000  0.000000e+00  2.248513e+02 
    0.000    8.746000  0.000000e+00  2.246443e+02 
    0.000    8.849000  0.000000e+00  2.244279e+02 
    0.000    8.952000  0.000000e+00  2.242572e+02 
    0.000    9.055000  0.000000e+00  2.240879e+02 
    0.000    9.158000  0.000000e+00  2.239172e+02 
    0.000    9.261000  0.000000e+00  2.236866e+02 
    0.000    9.363000  0.000000e+00  2.234685e+02 
    0.000    9.466000  0.000000e+00  2.232551e+02 
    0.000    9.569000  0.000000e+00  2.230513e+02 
    0.000    9.672000  0.000000e+00  2.228550e+02 
    0.000    9.775000  0.000000e+00  2.226613e+02 
    0.000    9.878000  0.000000e+00  2.224624e+02 
    0.000    9.981000  0.000000e+00  2.224130e+02 
    0.000   10.084000  0.000000e+00  2.223705e+02 
    0.000   10.187000  0.000000e+00  2.223359e+02 
    0.000   10.289000  0.000000e+00  2.223076e+02 
    0.000   10.392000  0.000000e+00  2.222806e+02 
    0.000   10.495000  0.000000e+00  2.222493e+02 
    0.000   10.598000  0.000000e+00  2.222156e+02 
    0.000   10.701000  0.000000e+00  2.221796e+02 
    0.000   10.804000  0.000000e+00  2.221374e+02 
    0.000   10.907000  0.000000e+00  2.220914e+02 
    0.000   11.010000  0.000000e+00  2.220418e+02 
    0.000   11.113000  0.000000e+00  2.219845e+02 
    0.000   11.216000  0.000000e+00  2.219221e+02 
    0.000   11.318000  0.000000e+00  2.218569e+02 
    0.000   11.421000  0.000000e+00  2.217856e+02 
    0.000   11.524000  0.000000e+00  2.217106e+02 
    0.000   11.627000  0.000000e+00  2.216339e+02 
    0.000   11.730000  0.000000e+00  2.215589e+02 
    0.000   11.833000  0.000000e+00  2.214854e+02 
    0.000   11.936000  0.000000e+00  2.214128e+02 
    0.000   12.039000  0.000000e+00  2.213447e+02 
    0.000   12.142000  0.000000e+00  2.212803e+02 
    0.000   12.244000  0.000000e+00  2.212187e+02 
    0.000   12.347000  0.000000e+00  2.211563e+02 
    0.000   12.450000  0.000000e+00  2.210937e+02 
    0.000   12.553000  0.000000e+00  2.210314e+02 
    0.000   12.656000  0.000000e+00  2.209684e+02 
    0.000   12.759000  0.000000e+00  2.209046e+02 
    0.000   12.862000  0.000000e+00  2.208406e+02 
    0.000   12.965000  0.000000e+00  2.207765e+02 
    0.000   13.068000  0.000000e+00  2.207122e+02 
    0.000   13.170000  0.000000e+00  2.206486e+02 
    0.000   13.273000  0.000000e+00  2.205855e+02 
    0.000   13.376000  0.000000e+00  2.205249e+02 
    0.000   13.479000  0.000000e+00  2.204663e+02 
    0.000   13.582000  0.000000e+00  2.204095e+02 
    0.000   13.685000  0.000000e+00  2.203575e+02 
    0.000   13.788000  0.000000e+00  2.203093e+02 
    0.000   13.891000  0.000000e+00  2.202635e+02 
    0.000   13.994000  0.000000e+00  2.202223e+02 
    0.000   14.096000  0.000000e+00  2.201854e+02 
    0.000   14.199000  0.000000e+00  2.201509e+02 
    0.000   14.302000  0.000000e+00  2.201181e+02 
    0.000   14.405000  0.000000e+00  2.200862e+02 
    0.000   14.508000  0.000000e+00  2.200554e+02 
    0.000   14.611000  0.000000e+00  2.200243e+02 
    0.000   14.714000  0.000000e+00  2.199905e+02 
    0.000   14.817000  0.000000e+00  2.199546e+02 
    0.000   14.920000  0.000000e+00  2.199179e+02 
    0.000   15.022000  0.000000e+00  2.198801e+02 
    0.000   15.125000  0.000000e+00  2.198410e+02 
    0.000   15.228000  0.000000e+00  2.198014e+02 
    0.000   15.331000  0.000000e+00  2.197616e+02 
    0.000   15.434000  0.000000e+00  2.197218e+02 
    0.000   15.537000  0.000000e+00  2.196820e+02 
    0.000   15.640000  0.000000e+00  2.196418e+02 
    0.000   15.743000  0.000000e+00  2.196000e+02 
    0.000   15.846000  0.000000e+00  2.195568e+02 
    0.000   15.948999  0.000000e+00  2.195128e+02 
    0.000   16.051001  0.000000e+00  2.194690e+02 
    0.000   16.153999  0.000000e+00  2.194246e+02 
    0.000   16.257000  0.000000e+00  2.193801e+02 
    0.000   16.360001  0.000000e+00  2.193361e+02 
    0.000   16.462999  0.000000e+00  2.192934e+02 
    0.000   16.566000  0.000000e+00  2.192517e+02 
    0.000   16.669001  0.000000e+00  2.192106e+02 
    0.000   16.771999  0.000000e+00  2.191717e+02 
    0.000   16.875000  0.000000e+00  2.191347e+02 
    0.000   16.976999  0.000000e+00  2.190993e+02 
    0.000   17.080000  0.000000e+00  2.190647e+02 
    0.000   17.183001  0.000000e+00  2.190311e+02 
    0.000   17.285999  0.000000e+00  2.189983e+02 
    0.000   17.389000  0.000000e+00  2.189664e+02 
    0.000   17.492001  0.000000e+00  2.189345e+02 
    0.000   17.594999  0.000000e+00  2.189029e+02 
    0.000   17.698000  0.000000e+00  2.188715e+02 
    0.000   17.801001  0.000000e+00  2.188405e+02 
    0.000   17.903000  0.000000e+00  2.188101e+02 
    0.000   18.006001  0.000000e+00  2.187796e+02 
    0.000   18.108999  0.000000e+00  2.187496e+02 
    0.000   18.212000  0.000000e+00  2.187197e+02 
    0.000   18.315001  0.000000e+00  2.186899e+02 
    0.000   18.417999  0.000000e+00  2.186603e+02 
    0.000   18.521000  0.000000e+00  2.186309e+02 
    0.000   18.624001  0.000000e+00  2.186015e+02 
    0.000   18.726999  0.000000e+00  2.185721e+02 
    0.000   18.829000  0.000000e+00  2.185432e+02 
    0.000   18.931999  0.000000e+00  2.185138e+02 
    0.000   19.035000  0.000000e+00  2.184841e+02 
    0.000   19.138000  0.000000e+00  2.184542e+02 
    0.000   19.240999  0.000000e+00  2.184243e+02 
    0.000   19.344000  0.000000e+00  2.183953e+02 
    0.000   19.447001  0.000000e+00  2.183674e+02 
    0.000   19.549999  0.000000e+00  2.183404e+02 
    0.000   19.653000  0.000000e+00  2.183141e+02 
    0.000   19.754999  0.000000e+00  2.182896e+02 
    0.000   19.858000  0.000000e+00  2.182664e+02 
    0.000   19.961000  0.000000e+00  2.182444e+02 
    0.000   20.063999  0.000000e+00  2.182233e+02 
    0.000   20.363001  0.000000e+00  2.181618e+02 
    0.000   20.858999  0.000000e+00  2.180574e+02 
    0.000   21.355000  0.000000e+00  2.179638e+02 
    0.000   21.851000  0.000000e+00  2.178776e+02 
    0.000   22.346001  0.000000e+00  2.177923e+02 
    0.000   22.842001  0.000000e+00  2.177153e+02 
    0.000   23.337999  0.000000e+00  2.176483e+02 
    0.000   23.834000  0.000000e+00  2.175922e+02 
    0.000   24.329000  0.000000e+00  2.175518e+02 
    0.000   24.825001  0.000000e+00  2.175293e+02 
    0.000   25.320999  0.000000e+00  2.175177e+02 
    0.000   25.816999  0.000000e+00  2.175157e+02 
    0.000   26.312000  0.000000e+00  2.175296e+02 
    0.000   26.808001  0.000000e+00  2.175520e+02 
    0.000   27.304001  0.000000e+00  2.175752e+02 
    0.000   27.799999  0.000000e+00  2.175972e+02 
    0.000   28.296000  0.000000e+00  2.176198e+02 
    0.000   28.791000  0.000000e+00  2.176497e+02 
    0.000   29.287001  0.000000e+00  2.176936e+02 
    0.000   29.783001  0.000000e+00  2.177477e+02 
    0.000   30.278999  0.000000e+00  2.178071e+02 
    0.000   30.774000  0.000000e+00  2.178621e+02 
    0.000   31.270000  0.000000e+00  2.179129e+02 
    0.000   31.766001  0.000000e+00  2.179609e+02 
    0.000   32.262001  0.000000e+00  2.180125e+02 
    0.000   32.757000  0.000000e+00  2.180687e+02 
    0.000   33.252998  0.000000e+00  2.181314e+02 
    0.000   33.749001  0.000000e+00  2.181989e+02 
    0.000   34.244999  0.000000e+00  2.182692e+02 
    0.000   34.740002  0.000000e+00  2.183368e+02 
    0.000   35.236000  0.000000e+00  2.184004e+02 
    0.000   35.731998  0.000000e+00  2.184564e+02 
    0.000   36.228001  0.000000e+00  2.185061e+02 
    0.000   36.723000  0.000000e+00  2.185528e+02 
    0.000   37.219002  0.000000e+00  2.185975e+02 
    0.000   37.715000  0.000000e+00  2.186424e+02 
    0.000   38.210999  0.000000e+00  2.186877e+02 
    0.000   38.706001  0.000000e+00  2.187340e+02 
    0.000   39.202000  0.000000e+00  2.187816e+02 
    0.000   39.698002  0.000000e+00  2.188308e+02 
    0.000   40.198002  0.000000e+00  2.188823e+02 
    0.000   45.198002  0.000000e+00  2.193332e+02 
    0.000   50.198002  0.000000e+00  2.195546e+02 
    0.000   55.198002  0.000000e+00  2.195576e+02 
    0.000   60.198002  0.000000e+00  2.194885e+02 
    0.000   65.197998  0.000000e+00  2.194361e+02 
