   68.112    0.000000  8.436584e-21  4.545601e+00 
   68.112    0.103000  8.484334e-21  4.618874e+00 
   68.112    0.206000  8.531690e-21  4.693190e+00 
   68.112    0.309000  8.578850e-21  4.767839e+00 
   68.112    0.412000  8.625927e-21  4.842416e+00 
   68.112    0.515000  1.568197e-20  7.729238e+00 
   68.112    0.618000  3.835386e-20  1.153448e+01 
   68.112    0.721000  1.244784e-19  1.623630e+01 
   68.112    0.824000  5.033194e-19  2.151911e+01 
   68.112    0.927000  2.529622e-18  2.741303e+01 
   68.112    1.029000  1.543348e-17  3.386515e+01 
   68.112    1.132000  1.158704e-16  4.091994e+01 
   68.112    1.235000  1.029433e-15  4.843814e+01 
   68.112    1.338000  1.085175e-14  5.646045e+01 
   68.112    1.441000  1.369426e-13  6.505550e+01 
   68.112    1.544000  2.045157e-12  7.419689e+01 
   68.112    1.647000  3.582156e-11  8.387212e+01 
   68.112    1.750000  7.296729e-10  9.407022e+01 
   68.112    1.853000  9.241581e-09  1.030886e+02 
   68.112    1.955000  1.266588e-07  1.129408e+02 
   68.112    2.058000  1.305403e-06  1.220984e+02 
   68.112    2.161000  1.118866e-05  1.309374e+02 
   68.112    2.264000  8.994596e-05  1.400434e+02 
   68.112    2.367000  6.279271e-04  1.491489e+02 
   68.112    2.470000  3.767787e-03  1.583149e+02 
   68.112    2.573000  2.170460e-02  1.683763e+02 
   68.112    2.676000  1.139266e-01  1.794783e+02 
   68.112    2.779000  5.559196e-01  1.922491e+02 
   68.112    2.881000  1.047579e+00  1.977318e+02 
   68.112    2.984000  1.819099e+00  2.030544e+02 
   68.112    3.087000  3.064215e+00  2.086068e+02 
   68.112    3.190000  5.054249e+00  2.144700e+02 
   68.112    3.293000  8.230170e+00  2.207443e+02 
   68.112    3.396000  1.300344e+01  2.271841e+02 
   68.112    3.499000  2.030880e+01  2.340295e+02 
   68.112    3.602000  3.033784e+01  2.406918e+02 
   68.112    3.705000  4.607378e+01  2.481671e+02 
   68.112    3.807000  6.666785e+01  2.552097e+02 
   68.112    3.910000  9.434587e+01  2.621789e+02 
   68.112    4.013000  1.233347e+02  2.677329e+02 
   68.112    4.116000  1.551150e+02  2.725847e+02 
   68.112    4.219000  1.833183e+02  2.761379e+02 
   68.112    4.322000  2.084733e+02  2.788748e+02 
   68.112    4.425000  2.278286e+02  2.807539e+02 
   68.112    4.528000  2.477869e+02  2.825516e+02 
   68.112    4.631000  2.642605e+02  2.839251e+02 
   68.112    4.733000  2.752055e+02  2.847748e+02 
   68.112    4.836000  2.802858e+02  2.851252e+02 
   68.112    4.939000  2.851883e+02  2.854708e+02 
   68.112    5.042000  2.906788e+02  2.858728e+02 
   68.112    5.145000  2.961195e+02  2.862745e+02 
   68.112    5.248000  3.017612e+02  2.866944e+02 
   68.112    5.351000  3.072983e+02  2.871065e+02 
   68.112    5.454000  3.127517e+02  2.875121e+02 
   68.112    5.557000  3.180104e+02  2.879022e+02 
   68.112    5.659000  3.229656e+02  2.882692e+02 
   68.112    5.762000  3.280128e+02  2.886427e+02 
   68.112    5.865000  3.327878e+02  2.889953e+02 
   68.112    5.968000  3.375095e+02  2.893437e+02 
   68.112    6.071000  3.421450e+02  2.896849e+02 
   68.112    6.174000  3.465125e+02  2.900060e+02 
   68.112    6.277000  3.509485e+02  2.903303e+02 
   68.112    6.380000  3.519664e+02  2.904162e+02 
   68.112    6.483000  3.529769e+02  2.905045e+02 
   68.112    6.586000  3.539838e+02  2.905944e+02 
   68.112    6.688000  3.549835e+02  2.906844e+02 
   68.112    6.791000  3.559977e+02  2.907761e+02 
   68.112    6.894000  3.570081e+02  2.908685e+02 
   68.112    6.997000  3.580026e+02  2.909615e+02 
   68.112    7.100000  3.589729e+02  2.910551e+02 
   68.112    7.203000  3.599038e+02  2.911490e+02 
   68.112    7.306000  3.607811e+02  2.912429e+02 
   68.112    7.409000  3.648802e+02  2.915698e+02 
   68.112    7.512000  3.695141e+02  2.919333e+02 
   68.112    7.614000  3.732501e+02  2.922353e+02 
   68.112    7.717000  3.780088e+02  2.926062e+02 
   68.112    7.820000  3.830341e+02  2.929904e+02 
   68.112    7.923000  3.879737e+02  2.933638e+02 
   68.112    8.026000  3.927494e+02  2.937214e+02 
   68.112    8.129000  3.975136e+02  2.940722e+02 
   68.112    8.232000  4.023649e+02  2.944219e+02 
   68.112    8.335000  4.071994e+02  2.947638e+02 
   68.112    8.438000  4.118945e+02  2.950903e+02 
   68.112    8.540000  4.157987e+02  2.953650e+02 
   68.112    8.643000  4.197716e+02  2.956384e+02 
   68.112    8.746000  4.231174e+02  2.958720e+02 
   68.112    8.849000  4.269069e+02  2.961249e+02 
   68.112    8.952000  4.279879e+02  2.962522e+02 
   68.112    9.055000  4.290473e+02  2.963759e+02 
   68.112    9.158000  4.301257e+02  2.964998e+02 
   68.112    9.261000  4.317820e+02  2.966761e+02 
   68.112    9.364000  4.333533e+02  2.968386e+02 
   68.112    9.466000  4.349173e+02  2.969979e+02 
   68.112    9.569000  4.364772e+02  2.971541e+02 
   68.112    9.672000  4.380066e+02  2.973084e+02 
   68.112    9.775000  4.395942e+02  2.974651e+02 
   68.112    9.878000  4.413584e+02  2.976342e+02 
   68.112    9.981000  4.418136e+02  2.976870e+02 
   68.112   10.084000  4.422636e+02  2.977383e+02 
   68.112   10.187000  4.427383e+02  2.977873e+02 
   68.112   10.290000  4.432037e+02  2.978352e+02 
   68.112   10.392000  4.436559e+02  2.978815e+02 
   68.112   10.495000  4.441046e+02  2.979272e+02 
   68.112   10.598000  4.445456e+02  2.979720e+02 
   68.112   10.701000  4.449793e+02  2.980159e+02 
   68.112   10.804000  4.454066e+02  2.980591e+02 
   68.112   10.907000  4.458277e+02  2.981014e+02 
   68.112   11.010000  4.462430e+02  2.981432e+02 
   68.112   11.113000  4.466532e+02  2.981844e+02 
   68.112   11.216000  4.470586e+02  2.982251e+02 
   68.112   11.318000  4.474550e+02  2.982649e+02 
   68.112   11.421000  4.478504e+02  2.983046e+02 
   68.112   11.524000  4.482407e+02  2.983440e+02 
   68.112   11.627000  4.486257e+02  2.983830e+02 
   68.112   11.730000  4.490051e+02  2.984216e+02 
   68.112   11.833000  4.493789e+02  2.984600e+02 
   68.112   11.936000  4.497471e+02  2.984980e+02 
   68.112   12.039000  4.501099e+02  2.985355e+02 
   68.112   12.142000  4.504673e+02  2.985727e+02 
   68.112   12.245000  4.508196e+02  2.986094e+02 
   68.112   12.347000  4.511637e+02  2.986453e+02 
   68.112   12.450000  4.515066e+02  2.986811e+02 
   68.112   12.552999  4.518449e+02  2.987163e+02 
   68.112   12.656000  4.521787e+02  2.987510e+02 
   68.112   12.759000  4.525082e+02  2.987851e+02 
   68.112   12.862000  4.528336e+02  2.988187e+02 
   68.112   12.965000  4.531552e+02  2.988516e+02 
   68.112   13.068000  4.534731e+02  2.988839e+02 
   68.112   13.171000  4.537874e+02  2.989155e+02 
   68.112   13.273000  4.540951e+02  2.989460e+02 
   68.112   13.375999  4.544023e+02  2.989761e+02 
   68.112   13.479000  4.547062e+02  2.990054e+02 
   68.112   13.582000  4.550068e+02  2.990338e+02 
   68.112   13.684999  4.553041e+02  2.990612e+02 
   68.112   13.788000  4.555984e+02  2.990878e+02 
   68.112   13.891000  4.558896e+02  2.991133e+02 
   68.112   13.993999  4.561776e+02  2.991380e+02 
   68.112   14.097000  4.564624e+02  2.991619e+02 
   68.112   14.199000  4.567413e+02  2.991846e+02 
   68.112   14.302000  4.570196e+02  2.992069e+02 
   68.112   14.405000  4.572945e+02  2.992286e+02 
   68.112   14.507999  4.575661e+02  2.992497e+02 
   68.112   14.611000  4.578344e+02  2.992703e+02 
   68.112   14.714000  4.580993e+02  2.992903e+02 
   68.112   14.816999  4.583609e+02  2.993099e+02 
   68.112   14.920000  4.586193e+02  2.993291e+02 
   68.112   15.023000  4.588745e+02  2.993478e+02 
   68.112   15.125000  4.591241e+02  2.993659e+02 
   68.112   15.228000  4.593731e+02  2.993837e+02 
   68.112   15.331000  4.596190e+02  2.994011e+02 
   68.112   15.434000  4.598619e+02  2.994181e+02 
   68.112   15.537000  4.601018e+02  2.994347e+02 
   68.112   15.640000  4.603387e+02  2.994508e+02 
   68.112   15.743000  4.605727e+02  2.994666e+02 
   68.112   15.846000  4.608039e+02  2.994819e+02 
   68.112   15.949000  4.610325e+02  2.994968e+02 
   68.112   16.051001  4.612563e+02  2.995111e+02 
   68.112   16.154001  4.614800e+02  2.995252e+02 
   68.112   16.257000  4.617013e+02  2.995387e+02 
   68.112   16.360001  4.619202e+02  2.995518e+02 
   68.112   16.463001  4.621370e+02  2.995643e+02 
   68.112   16.566000  4.623516e+02  2.995763e+02 
   68.112   16.669001  4.625641e+02  2.995877e+02 
   68.112   16.772001  4.627749e+02  2.995984e+02 
   68.112   16.875000  4.629839e+02  2.996084e+02 
   68.112   16.978001  4.631913e+02  2.996176e+02 
   68.112   17.080000  4.633953e+02  2.996259e+02 
   68.112   17.183001  4.636001e+02  2.996333e+02 
   68.112   17.286001  4.638036e+02  2.996397e+02 
   68.112   17.389000  4.640059e+02  2.996453e+02 
   68.112   17.492001  4.642068e+02  2.996501e+02 
   68.112   17.595001  4.644065e+02  2.996541e+02 
   68.112   17.698000  4.646048e+02  2.996574e+02 
   68.112   17.801001  4.648015e+02  2.996600e+02 
   68.112   17.904001  4.649967e+02  2.996621e+02 
   68.112   18.006001  4.651884e+02  2.996636e+02 
   68.112   18.109001  4.653803e+02  2.996646e+02 
   68.112   18.212000  4.655707e+02  2.996651e+02 
   68.112   18.315001  4.657595e+02  2.996651e+02 
   68.112   18.418001  4.659467e+02  2.996646e+02 
   68.112   18.521000  4.661323e+02  2.996637e+02 
   68.112   18.624001  4.663164e+02  2.996623e+02 
   68.112   18.727001  4.664990e+02  2.996604e+02 
   68.112   18.830000  4.666801e+02  2.996580e+02 
   68.112   18.932001  4.668579e+02  2.996552e+02 
   68.112   19.035002  4.670361e+02  2.996520e+02 
   68.112   19.138000  4.672130e+02  2.996483e+02 
   68.112   19.241001  4.673884e+02  2.996443e+02 
   68.112   19.344002  4.675626e+02  2.996398e+02 
   68.112   19.447001  4.677356e+02  2.996348e+02 
   68.112   19.550001  4.679073e+02  2.996294e+02 
   68.112   19.653002  4.680778e+02  2.996235e+02 
   68.112   19.756001  4.682470e+02  2.996173e+02 
   68.112   19.858002  4.684134e+02  2.996107e+02 
   68.112   19.961000  4.685801e+02  2.996036e+02 
   68.112   20.064001  4.687459e+02  2.995959e+02 
   68.112   20.364000  4.692230e+02  2.995710e+02 
   68.112   20.859001  4.699872e+02  2.995238e+02 
   68.112   21.355001  4.707249e+02  2.994696e+02 
   68.112   21.851002  4.714325e+02  2.994108e+02 
   68.112   22.347000  4.721026e+02  2.993525e+02 
   68.112   22.842001  4.727285e+02  2.992990e+02 
   68.112   23.338001  4.733127e+02  2.992509e+02 
   68.112   23.834002  4.738604e+02  2.992056e+02 
   68.112   24.330000  4.743776e+02  2.991612e+02 
   68.112   24.825001  4.748629e+02  2.991183e+02 
   68.112   25.321001  4.753168e+02  2.990781e+02 
   68.112   25.817001  4.757405e+02  2.990406e+02 
   68.112   26.313002  4.761369e+02  2.990051e+02 
   68.112   26.808001  4.765070e+02  2.989713e+02 
   68.112   27.304001  4.768534e+02  2.989390e+02 
   68.112   27.800001  4.771773e+02  2.989081e+02 
   68.112   28.296001  4.774810e+02  2.988783e+02 
   68.112   28.791000  4.777662e+02  2.988492e+02 
   68.112   29.287001  4.780363e+02  2.988204e+02 
   68.112   29.783001  4.782923e+02  2.987918e+02 
   68.112   30.279001  4.785359e+02  2.987634e+02 
   68.112   30.774000  4.787682e+02  2.987354e+02 
   68.112   31.270000  4.789919e+02  2.987076e+02 
   68.112   31.766001  4.792079e+02  2.986801e+02 
   68.112   32.261997  4.794187e+02  2.986530e+02 
   68.112   32.757000  4.796255e+02  2.986263e+02 
   68.112   33.252998  4.798311e+02  2.986000e+02 
   68.112   33.749001  4.800364e+02  2.985746e+02 
   68.112   34.244999  4.802428e+02  2.985504e+02 
   68.112   34.739998  4.804516e+02  2.985275e+02 
   68.112   35.236000  4.806647e+02  2.985060e+02 
   68.112   35.731998  4.808829e+02  2.984858e+02 
   68.112   36.228001  4.811067e+02  2.984669e+02 
   68.112   36.723000  4.813356e+02  2.984492e+02 
   68.112   37.218998  4.815703e+02  2.984327e+02 
   68.112   37.715000  4.818094e+02  2.984173e+02 
   68.112   38.210999  4.820518e+02  2.984030e+02 
   68.112   38.705997  4.822950e+02  2.983899e+02 
   68.112   39.202000  4.825386e+02  2.983778e+02 
   68.112   39.697998  4.827795e+02  2.983669e+02 
   68.112   40.197998  4.830146e+02  2.983582e+02 
   68.112   45.197998  4.848727e+02  2.983229e+02 
   68.112   50.197998  4.855804e+02  2.983195e+02 
   68.112   55.197998  4.858265e+02  2.983226e+02 
   68.112   60.197998  4.865506e+02  2.983261e+02 
   68.112   65.198006  4.877782e+02  2.983287e+02 
