   67.317    0.000000  1.290063e-06  9.171367e+00 
   67.317    0.103000  1.297031e-06  9.299216e+00 
   67.317    0.206000  1.303992e-06  9.429089e+00 
   67.317    0.309000  1.310911e-06  9.559958e+00 
   67.317    0.412000  1.317765e-06  9.691339e+00 
   67.317    0.514000  1.324485e-06  9.821608e+00 
   67.317    0.617000  1.331216e-06  9.952991e+00 
   67.317    0.720000  1.337916e-06  1.008394e+01 
   67.317    0.823000  1.344609e-06  1.021423e+01 
   67.317    0.926000  1.351309e-06  1.034369e+01 
   67.317    1.029000  1.358033e-06  1.047224e+01 
   67.317    1.132000  1.364797e-06  1.059982e+01 
   67.317    1.235000  1.371607e-06  1.072639e+01 
   67.317    1.338000  1.378452e-06  1.085199e+01 
   67.317    1.441000  1.385303e-06  1.097666e+01 
   67.317    1.543000  1.392069e-06  1.109925e+01 
   67.317    1.646000  1.398877e-06  1.122214e+01 
   67.317    1.749000  1.405653e-06  1.134410e+01 
   67.317    1.852000  2.533046e-04  5.174470e+01 
   67.317    1.955000  2.497705e-02  8.980833e+01 
   67.317    2.058000  1.478296e+00  1.340300e+02 
   67.317    2.161000  5.166272e+01  1.957448e+02 
   67.317    2.264000  5.191777e+01  1.955233e+02 
   67.317    2.367000  5.217132e+01  1.953568e+02 
   67.317    2.469000  5.242053e+01  1.952323e+02 
   67.317    2.572000  5.266983e+01  1.951399e+02 
   67.317    2.675000  5.291703e+01  1.950749e+02 
   67.317    2.778000  5.316255e+01  1.950323e+02 
   67.317    2.881000  5.340662e+01  1.950088e+02 
   67.317    2.984000  5.364926e+01  1.950016e+02 
   67.317    3.087000  5.389035e+01  1.950091e+02 
   67.317    3.190000  5.412983e+01  1.950295e+02 
   67.317    3.293000  5.436774e+01  1.950614e+02 
   67.317    3.395000  5.460176e+01  1.951031e+02 
   67.317    3.498000  5.483643e+01  1.951543e+02 
   67.317    3.601000  5.506987e+01  1.952136e+02 
   67.317    3.704000  5.530264e+01  1.952798e+02 
   67.317    3.807000  5.553478e+01  1.953522e+02 
   67.317    3.910000  5.576671e+01  1.954300e+02 
   67.317    4.013000  5.599854e+01  1.955126e+02 
   67.317    4.116000  5.623038e+01  1.955997e+02 
   67.317    4.219000  5.646236e+01  1.956908e+02 
   67.317    4.321000  5.669190e+01  1.957847e+02 
   67.317    4.424000  5.692308e+01  1.958830e+02 
   67.317    4.527000  5.715324e+01  1.959848e+02 
   67.317    4.630000  5.738160e+01  1.960900e+02 
   67.317    4.733000  5.760718e+01  1.961984e+02 
   67.317    4.836000  6.331041e+01  1.993607e+02 
   67.317    4.939000  6.424759e+01  1.999338e+02 
   67.317    5.042000  6.463741e+01  2.001401e+02 
   67.317    5.145000  6.502427e+01  2.003029e+02 
   67.317    5.247000  6.560562e+01  2.005419e+02 
   67.317    5.350000  6.651817e+01  2.009050e+02 
   67.317    5.453000  6.760383e+01  2.013318e+02 
   67.317    5.556000  6.875597e+01  2.017818e+02 
   67.317    5.659000  7.000970e+01  2.022665e+02 
   67.317    5.762000  7.143707e+01  2.028094e+02 
   67.317    5.865000  7.331906e+01  2.035035e+02 
   67.317    5.968000  7.552924e+01  2.042977e+02 
   67.317    6.071000  7.798663e+01  2.051589e+02 
   67.317    6.173000  8.035875e+01  2.059752e+02 
   67.317    6.276000  8.249323e+01  2.067023e+02 
   67.317    6.379000  8.457243e+01  2.074017e+02 
   67.317    6.482000  8.574771e+01  2.078128e+02 
   67.317    6.585000  8.844051e+01  2.086873e+02 
   67.317    6.688000  9.531107e+01  2.107488e+02 
   67.317    6.791000  1.109292e+02  2.149168e+02 
   67.317    6.894000  1.424000e+02  2.218487e+02 
   67.317    6.997000  1.958232e+02  2.308092e+02 
   67.317    7.099000  2.716241e+02  2.400042e+02 
   67.317    7.202000  3.584662e+02  2.475615e+02 
   67.317    7.305000  3.970165e+02  2.502314e+02 
   67.317    7.408000  4.126300e+02  2.512381e+02 
   67.317    7.511000  4.161835e+02  2.514990e+02 
   67.317    7.614000  4.184008e+02  2.516869e+02 
   67.317    7.717000  4.207879e+02  2.518901e+02 
   67.317    7.820000  4.233603e+02  2.521049e+02 
   67.317    7.923000  4.256680e+02  2.523042e+02 
   67.317    8.026000  4.278314e+02  2.524945e+02 
   67.317    8.127999  4.297960e+02  2.526711e+02 
   67.317    8.231000  4.322165e+02  2.528728e+02 
   67.317    8.334000  4.342423e+02  2.530508e+02 
   67.317    8.436999  4.371410e+02  2.532767e+02 
   67.317    8.540000  4.392666e+02  2.534585e+02 
   67.317    8.643000  4.416028e+02  2.536512e+02 
   67.317    8.745999  4.438064e+02  2.538361e+02 
   67.317    8.849000  4.458215e+02  2.540098e+02 
   67.317    8.952000  4.479931e+02  2.541896e+02 
   67.317    9.054000  4.504086e+02  2.543786e+02 
   67.317    9.157000  4.527851e+02  2.545629e+02 
   67.317    9.259999  4.547067e+02  2.547205e+02 
   67.317    9.363000  4.552084e+02  2.548018e+02 
   67.317    9.466000  4.557059e+02  2.548811e+02 
   67.317    9.568999  4.561998e+02  2.549585e+02 
   67.317    9.672000  4.566903e+02  2.550342e+02 
   67.317    9.775000  4.571747e+02  2.551082e+02 
   67.317    9.877999  4.576491e+02  2.551807e+02 
   67.317    9.980000  4.581081e+02  2.552510e+02 
   67.317   10.083000  4.585613e+02  2.553205e+02 
   67.317   10.186000  4.590368e+02  2.553875e+02 
   67.317   10.289000  4.595008e+02  2.554534e+02 
   67.317   10.392000  4.599556e+02  2.555181e+02 
   67.317   10.495000  4.604043e+02  2.555816e+02 
   67.317   10.598000  4.608474e+02  2.556439e+02 
   67.317   10.701000  4.612845e+02  2.557053e+02 
   67.317   10.804000  4.617150e+02  2.557657e+02 
   67.317   10.906000  4.621347e+02  2.558246e+02 
   67.317   11.009000  4.625522e+02  2.558834e+02 
   67.317   11.112000  4.629643e+02  2.559413e+02 
   67.317   11.215000  4.633712e+02  2.559986e+02 
   67.317   11.318000  4.637728e+02  2.560551e+02 
   67.317   11.421000  4.641695e+02  2.561110e+02 
   67.317   11.524000  4.645612e+02  2.561662e+02 
   67.317   11.627000  4.649479e+02  2.562207e+02 
   67.317   11.730000  4.653296e+02  2.562745e+02 
   67.317   11.832000  4.657026e+02  2.563272e+02 
   67.317   11.934999  4.660741e+02  2.563797e+02 
   67.317   12.038000  4.664406e+02  2.564315e+02 
   67.317   12.141000  4.668021e+02  2.564826e+02 
   67.317   12.243999  4.671586e+02  2.565331e+02 
   67.317   12.347000  4.675103e+02  2.565829e+02 
   67.317   12.450000  4.678572e+02  2.566319e+02 
   67.317   12.552999  4.681993e+02  2.566803e+02 
   67.317   12.656000  4.685368e+02  2.567279e+02 
   67.317   12.757999  4.688665e+02  2.567744e+02 
   67.317   12.861000  4.691952e+02  2.568204e+02 
   67.317   12.964000  4.695198e+02  2.568656e+02 
   67.317   13.066999  4.698406e+02  2.569100e+02 
   67.317   13.170000  4.701576e+02  2.569535e+02 
   67.317   13.273000  4.704708e+02  2.569960e+02 
   67.317   13.375999  4.707804e+02  2.570377e+02 
   67.317   13.479000  4.710865e+02  2.570785e+02 
   67.317   13.582000  4.713891e+02  2.571183e+02 
   67.317   13.684999  4.716883e+02  2.571573e+02 
   67.317   13.787000  4.719812e+02  2.571951e+02 
   67.317   13.889999  4.722737e+02  2.572323e+02 
   67.317   13.993000  4.725628e+02  2.572686e+02 
   67.317   14.096000  4.728487e+02  2.573040e+02 
   67.317   14.198999  4.731315e+02  2.573386e+02 
   67.317   14.302000  4.734110e+02  2.573723e+02 
   67.317   14.405000  4.736875e+02  2.574051e+02 
   67.317   14.507999  4.739608e+02  2.574371e+02 
   67.317   14.611000  4.742310e+02  2.574684e+02 
   67.317   14.712999  4.744954e+02  2.574986e+02 
   67.317   14.816000  4.747593e+02  2.575285e+02 
   67.317   14.919000  4.750200e+02  2.575577e+02 
   67.317   15.021999  4.752775e+02  2.575863e+02 
   67.317   15.125000  4.755318e+02  2.576144e+02 
   67.317   15.228000  4.757831e+02  2.576419e+02 
   67.317   15.330999  4.760312e+02  2.576689e+02 
   67.317   15.434000  4.762763e+02  2.576953e+02 
   67.317   15.537000  4.765184e+02  2.577211e+02 
   67.317   15.639000  4.767552e+02  2.577462e+02 
   67.317   15.742000  4.769914e+02  2.577710e+02 
   67.317   15.844999  4.772247e+02  2.577952e+02 
   67.317   15.948000  4.774553e+02  2.578189e+02 
   67.317   16.051001  4.776833e+02  2.578419e+02 
   67.317   16.153999  4.779088e+02  2.578645e+02 
   67.317   16.257000  4.781319e+02  2.578864e+02 
   67.317   16.360001  4.783526e+02  2.579078e+02 
   67.317   16.462999  4.785710e+02  2.579287e+02 
   67.317   16.565001  4.787851e+02  2.579488e+02 
   67.317   16.667999  4.789991e+02  2.579685e+02 
   67.317   16.771000  4.792110e+02  2.579876e+02 
   67.317   16.874001  4.794211e+02  2.580060e+02 
   67.317   16.976999  4.796291e+02  2.580238e+02 
   67.317   17.080000  4.798355e+02  2.580409e+02 
   67.317   17.183001  4.800404e+02  2.580572e+02 
   67.317   17.285999  4.802440e+02  2.580726e+02 
   67.317   17.389000  4.804460e+02  2.580872e+02 
   67.317   17.490999  4.806450e+02  2.581008e+02 
   67.317   17.594000  4.808447e+02  2.581136e+02 
   67.317   17.697001  4.810433e+02  2.581255e+02 
   67.317   17.799999  4.812406e+02  2.581367e+02 
   67.317   17.903000  4.814365e+02  2.581471e+02 
   67.317   18.006001  4.816309e+02  2.581568e+02 
   67.317   18.108999  4.818237e+02  2.581659e+02 
   67.317   18.212000  4.820149e+02  2.581744e+02 
   67.317   18.315001  4.822044e+02  2.581824e+02 
   67.317   18.417999  4.823922e+02  2.581898e+02 
   67.317   18.520000  4.825765e+02  2.581968e+02 
   67.317   18.622999  4.827611e+02  2.582032e+02 
   67.317   18.726000  4.829442e+02  2.582091e+02 
   67.317   18.829000  4.831258e+02  2.582144e+02 
   67.317   18.931999  4.833060e+02  2.582192e+02 
   67.317   19.035000  4.834848e+02  2.582235e+02 
   67.317   19.138000  4.836623e+02  2.582272e+02 
   67.317   19.240999  4.838385e+02  2.582304e+02 
   67.317   19.344000  4.840134e+02  2.582332e+02 
   67.317   19.445999  4.841853e+02  2.582354e+02 
   67.317   19.549000  4.843575e+02  2.582373e+02 
   67.317   19.652000  4.845284e+02  2.582387e+02 
   67.317   19.754999  4.846979e+02  2.582397e+02 
   67.317   19.858000  4.848661e+02  2.582402e+02 
   67.317   19.961000  4.850331e+02  2.582404e+02 
   67.317   20.063999  4.851991e+02  2.582400e+02 
   67.317   20.362999  4.856761e+02  2.582357e+02 
   67.317   20.858999  4.864445e+02  2.582213e+02 
   67.317   21.355000  4.871848e+02  2.581988e+02 
   67.317   21.850000  4.878965e+02  2.581688e+02 
   67.317   22.346001  4.885768e+02  2.581354e+02 
   67.317   22.841999  4.892180e+02  2.581031e+02 
   67.317   23.337999  4.898164e+02  2.580744e+02 
   67.317   23.833000  4.903731e+02  2.580489e+02 
   67.317   24.329000  4.908964e+02  2.580243e+02 
   67.317   24.824999  4.913886e+02  2.579998e+02 
   67.317   25.320999  4.918493e+02  2.579763e+02 
   67.317   25.816000  4.922784e+02  2.579544e+02 
   67.317   26.312000  4.926797e+02  2.579338e+02 
   67.317   26.808001  4.930557e+02  2.579138e+02 
   67.317   27.303999  4.934077e+02  2.578942e+02 
   67.317   27.799000  4.937357e+02  2.578754e+02 
   67.317   28.295000  4.940422e+02  2.578573e+02 
   67.317   28.791000  4.943298e+02  2.578395e+02 
   67.317   29.287001  4.946013e+02  2.578216e+02 
   67.317   29.782000  4.948588e+02  2.578033e+02 
   67.317   30.278000  4.951049e+02  2.577845e+02 
   67.317   30.774000  4.953409e+02  2.577653e+02 
   67.317   31.270000  4.955684e+02  2.577458e+02 
   67.317   31.764999  4.957886e+02  2.577260e+02 
   67.317   32.261002  4.960047e+02  2.577061e+02 
   67.317   32.757000  4.962179e+02  2.576863e+02 
   67.317   33.253002  4.964298e+02  2.576668e+02 
   67.317   33.748001  4.966416e+02  2.576479e+02 
   67.317   34.244003  4.968555e+02  2.576299e+02 
   67.317   34.740002  4.970726e+02  2.576127e+02 
   67.317   35.236000  4.972940e+02  2.575966e+02 
   67.317   35.731003  4.975204e+02  2.575816e+02 
   67.317   36.227001  4.977530e+02  2.575675e+02 
   67.317   36.723003  4.979915e+02  2.575544e+02 
   67.317   37.219002  4.982354e+02  2.575421e+02 
   67.317   37.714001  4.984828e+02  2.575306e+02 
   67.317   38.210003  4.987335e+02  2.575200e+02 
   67.317   38.706001  4.989847e+02  2.575102e+02 
   67.317   39.202003  4.992349e+02  2.575013e+02 
   67.317   39.697002  4.994811e+02  2.574933e+02 
   67.317   40.197002  4.997213e+02  2.574872e+02 
   67.317   45.197002  5.016020e+02  2.574673e+02 
   67.317   50.197002  5.023125e+02  2.574699e+02 
   67.317   55.197002  5.025637e+02  2.574757e+02 
   67.317   60.197002  5.033321e+02  2.574804e+02 
   67.317   65.196999  5.045735e+02  2.574837e+02 
