   67.782    0.000000  1.871338e-04  1.025111e+01 
   67.782    0.103000  1.881246e-04  1.039029e+01 
   67.782    0.206000  1.890987e-04  1.053282e+01 
   67.782    0.309000  1.900635e-04  1.067668e+01 
   67.782    0.412000  1.910215e-04  1.082107e+01 
   67.782    0.514000  1.919666e-04  1.096405e+01 
   67.782    0.617000  1.933548e-04  1.113052e+01 
   67.782    0.720000  1.948263e-04  1.130056e+01 
   67.782    0.823000  1.964117e-04  1.147545e+01 
   67.782    0.926000  1.981984e-04  1.165923e+01 
   67.782    1.029000  2.002485e-04  1.185463e+01 
   67.782    1.132000  2.026112e-04  1.206369e+01 
   67.782    1.235000  2.056480e-04  1.230392e+01 
   67.782    1.338000  2.074809e-02  5.182338e+01 
   67.782    1.441000  2.685165e-01  7.728246e+01 
   67.782    1.543000  1.210316e+00  9.564825e+01 
   67.782    1.646000  3.453144e+00  1.109914e+02 
   67.782    1.749000  8.388805e+00  1.261533e+02 
   67.782    1.852000  1.952782e+01  1.428322e+02 
   67.782    1.955000  4.617005e+01  1.624827e+02 
   67.782    2.058000  1.129825e+02  1.858544e+02 
   67.782    2.161000  2.851626e+02  2.107402e+02 
   67.782    2.264000  2.923563e+02  2.109281e+02 
   67.782    2.367000  2.947529e+02  2.108535e+02 
   67.782    2.469000  2.966101e+02  2.108182e+02 
   67.782    2.572000  2.985106e+02  2.108203e+02 
   67.782    2.675000  3.005118e+02  2.108646e+02 
   67.782    2.778000  3.028480e+02  2.109804e+02 
   67.782    2.881000  3.062828e+02  2.112801e+02 
   67.782    2.984000  3.132931e+02  2.121249e+02 
   67.782    3.087000  3.323535e+02  2.146525e+02 
   67.782    3.190000  3.338938e+02  2.146907e+02 
   67.782    3.293000  3.354171e+02  2.147460e+02 
   67.782    3.395000  3.369098e+02  2.148143e+02 
   67.782    3.498000  3.384008e+02  2.148949e+02 
   67.782    3.601000  3.398804e+02  2.149849e+02 
   67.782    3.704000  3.413558e+02  2.150826e+02 
   67.782    3.807000  3.428271e+02  2.151869e+02 
   67.782    3.910000  3.442953e+02  2.152972e+02 
   67.782    4.013000  3.457599e+02  2.154128e+02 
   67.782    4.116000  3.472182e+02  2.155334e+02 
   67.782    4.219000  3.486671e+02  2.156586e+02 
   67.782    4.321000  3.500893e+02  2.157867e+02 
   67.782    4.424000  3.515108e+02  2.159199e+02 
   67.782    4.527000  3.529152e+02  2.160565e+02 
   67.782    4.630000  3.543011e+02  2.161962e+02 
   67.782    4.733000  3.556711e+02  2.163381e+02 
   67.782    4.836000  3.570235e+02  2.164820e+02 
   67.782    4.939000  3.583573e+02  2.166275e+02 
   67.782    5.042000  3.596722e+02  2.167744e+02 
   67.782    5.145000  3.609657e+02  2.169227e+02 
   67.782    5.247000  3.622254e+02  2.170706e+02 
   67.782    5.350000  3.634758e+02  2.172208e+02 
   67.782    5.453000  3.647041e+02  2.173718e+02 
   67.782    5.556000  3.659122e+02  2.175234e+02 
   67.782    5.659000  3.670999e+02  2.176753e+02 
   67.782    5.762000  3.682671e+02  2.178276e+02 
   67.782    5.865000  3.694144e+02  2.179800e+02 
   67.782    5.968000  3.705410e+02  2.181325e+02 
   67.782    6.071000  3.716476e+02  2.182850e+02 
   67.782    6.173000  3.727237e+02  2.184359e+02 
   67.782    6.276000  3.737940e+02  2.185878e+02 
   67.782    6.379000  3.748519e+02  2.187390e+02 
   67.782    6.482000  3.758990e+02  2.188895e+02 
   67.782    6.585000  3.769373e+02  2.190393e+02 
   67.782    6.688000  3.779704e+02  2.191880e+02 
   67.782    6.791000  3.799736e+02  2.194075e+02 
   67.782    6.894000  3.822097e+02  2.196420e+02 
   67.782    6.997000  3.852035e+02  2.199286e+02 
   67.782    7.100000  3.883084e+02  2.202203e+02 
   67.782    7.202000  3.913624e+02  2.205065e+02 
   67.782    7.305000  3.942112e+02  2.207794e+02 
   67.782    7.408000  3.972951e+02  2.210698e+02 
   67.782    7.511000  3.997585e+02  2.213183e+02 
   67.782    7.614000  4.020143e+02  2.215569e+02 
   67.782    7.717000  4.043137e+02  2.218011e+02 
   67.782    7.820000  4.066250e+02  2.220455e+02 
   67.782    7.923000  4.094880e+02  2.223265e+02 
   67.782    8.026000  4.132336e+02  2.226633e+02 
   67.782    8.128000  4.158487e+02  2.229195e+02 
   67.782    8.231000  4.184724e+02  2.231736e+02 
   67.782    8.334001  4.204785e+02  2.233849e+02 
   67.782    8.437000  4.226302e+02  2.236041e+02 
   67.782    8.540000  4.245774e+02  2.238085e+02 
   67.782    8.643001  4.284249e+02  2.241296e+02 
   67.782    8.746000  4.305746e+02  2.243420e+02 
   67.782    8.849000  4.325534e+02  2.245391e+02 
   67.782    8.952001  4.343412e+02  2.247225e+02 
   67.782    9.054000  4.364534e+02  2.249223e+02 
   67.782    9.157001  4.386390e+02  2.251243e+02 
   67.782    9.260000  4.413925e+02  2.253563e+02 
   67.782    9.363000  4.422792e+02  2.254969e+02 
   67.782    9.466001  4.432077e+02  2.256395e+02 
   67.782    9.569000  4.441719e+02  2.257828e+02 
   67.782    9.672000  4.451379e+02  2.259279e+02 
   67.782    9.775001  4.461221e+02  2.260725e+02 
   67.782    9.878000  4.471209e+02  2.262167e+02 
   67.782    9.980000  4.481021e+02  2.263568e+02 
   67.782   10.083000  4.490565e+02  2.264985e+02 
   67.782   10.186000  4.495318e+02  2.265756e+02 
   67.782   10.289001  4.499959e+02  2.266513e+02 
   67.782   10.392000  4.504504e+02  2.267256e+02 
   67.782   10.495000  4.508977e+02  2.267986e+02 
   67.782   10.598001  4.513380e+02  2.268703e+02 
   67.782   10.701000  4.517721e+02  2.269408e+02 
   67.782   10.804000  4.522007e+02  2.270102e+02 
   67.782   10.906000  4.526200e+02  2.270779e+02 
   67.782   11.009000  4.530378e+02  2.271452e+02 
   67.782   11.112000  4.534501e+02  2.272116e+02 
   67.782   11.215000  4.538567e+02  2.272772e+02 
   67.782   11.318000  4.542578e+02  2.273419e+02 
   67.782   11.421000  4.546534e+02  2.274058e+02 
   67.782   11.524000  4.550439e+02  2.274690e+02 
   67.782   11.627000  4.554290e+02  2.275315e+02 
   67.782   11.730000  4.558087e+02  2.275932e+02 
   67.782   11.832001  4.561791e+02  2.276535e+02 
   67.782   11.935000  4.565477e+02  2.277137e+02 
   67.782   12.038000  4.569111e+02  2.277731e+02 
   67.782   12.141001  4.572694e+02  2.278317e+02 
   67.782   12.244000  4.576227e+02  2.278895e+02 
   67.782   12.347000  4.579711e+02  2.279464e+02 
   67.782   12.450001  4.583149e+02  2.280026e+02 
   67.782   12.553000  4.586540e+02  2.280578e+02 
   67.782   12.656000  4.589887e+02  2.281123e+02 
   67.782   12.759000  4.593192e+02  2.281658e+02 
   67.782   12.861000  4.596427e+02  2.282180e+02 
   67.782   12.964001  4.599656e+02  2.282699e+02 
   67.782   13.067000  4.602848e+02  2.283208e+02 
   67.782   13.170000  4.606002e+02  2.283709e+02 
   67.782   13.273001  4.609119e+02  2.284200e+02 
   67.782   13.376000  4.612200e+02  2.284682e+02 
   67.782   13.479000  4.615247e+02  2.285154e+02 
   67.782   13.582001  4.618259e+02  2.285617e+02 
   67.782   13.685000  4.621238e+02  2.286069e+02 
   67.782   13.787001  4.624156e+02  2.286507e+02 
   67.782   13.890000  4.627070e+02  2.286938e+02 
   67.782   13.993000  4.629953e+02  2.287359e+02 
   67.782   14.096001  4.632806e+02  2.287770e+02 
   67.782   14.199000  4.635627e+02  2.288170e+02 
   67.782   14.302000  4.638417e+02  2.288561e+02 
   67.782   14.405001  4.641175e+02  2.288942e+02 
   67.782   14.508000  4.643901e+02  2.289315e+02 
   67.782   14.611000  4.646594e+02  2.289680e+02 
   67.782   14.713000  4.649228e+02  2.290034e+02 
   67.782   14.816000  4.651855e+02  2.290385e+02 
   67.782   14.919001  4.654450e+02  2.290729e+02 
   67.782   15.022000  4.657012e+02  2.291067e+02 
   67.782   15.125000  4.659543e+02  2.291398e+02 
   67.782   15.228001  4.662041e+02  2.291723e+02 
   67.782   15.331000  4.664509e+02  2.292042e+02 
   67.782   15.434000  4.666946e+02  2.292355e+02 
   67.782   15.537001  4.669353e+02  2.292662e+02 
   67.782   15.639000  4.671707e+02  2.292959e+02 
   67.782   15.742001  4.674055e+02  2.293254e+02 
   67.782   15.845000  4.676375e+02  2.293543e+02 
   67.782   15.948000  4.678668e+02  2.293826e+02 
   67.782   16.051001  4.680935e+02  2.294104e+02 
   67.782   16.154001  4.683179e+02  2.294375e+02 
   67.782   16.257000  4.685399e+02  2.294640e+02 
   67.782   16.360001  4.687596e+02  2.294900e+02 
   67.782   16.462999  4.689771e+02  2.295153e+02 
   67.782   16.565001  4.691903e+02  2.295398e+02 
   67.782   16.668001  4.694034e+02  2.295638e+02 
   67.782   16.771000  4.696146e+02  2.295872e+02 
   67.782   16.874001  4.698240e+02  2.296098e+02 
   67.782   16.977001  4.700315e+02  2.296316e+02 
   67.782   17.080000  4.702375e+02  2.296526e+02 
   67.782   17.183001  4.704422e+02  2.296726e+02 
   67.782   17.286001  4.706457e+02  2.296917e+02 
   67.782   17.389000  4.708478e+02  2.297098e+02 
   67.782   17.492001  4.710488e+02  2.297270e+02 
   67.782   17.594000  4.712466e+02  2.297431e+02 
   67.782   17.697001  4.714451e+02  2.297585e+02 
   67.782   17.800001  4.716422e+02  2.297732e+02 
   67.782   17.903000  4.718378e+02  2.297871e+02 
   67.782   18.006001  4.720317e+02  2.298005e+02 
   67.782   18.109001  4.722240e+02  2.298132e+02 
   67.782   18.212000  4.724146e+02  2.298253e+02 
   67.782   18.315001  4.726037e+02  2.298369e+02 
   67.782   18.418001  4.727911e+02  2.298479e+02 
   67.782   18.520000  4.729751e+02  2.298582e+02 
   67.782   18.623001  4.731594e+02  2.298681e+02 
   67.782   18.726000  4.733423e+02  2.298774e+02 
   67.782   18.829000  4.735236e+02  2.298861e+02 
   67.782   18.932001  4.737035e+02  2.298943e+02 
   67.782   19.035000  4.738819e+02  2.299020e+02 
   67.782   19.138000  4.740590e+02  2.299092e+02 
   67.782   19.241001  4.742348e+02  2.299158e+02 
   67.782   19.344000  4.744092e+02  2.299220e+02 
   67.782   19.446001  4.745807e+02  2.299276e+02 
   67.782   19.549000  4.747525e+02  2.299328e+02 
   67.782   19.652000  4.749231e+02  2.299376e+02 
   67.782   19.755001  4.750923e+02  2.299419e+02 
   67.782   19.858000  4.752604e+02  2.299457e+02 
   67.782   19.961000  4.754272e+02  2.299490e+02 
   67.782   20.064001  4.755931e+02  2.299518e+02 
   67.782   20.363001  4.760695e+02  2.299565e+02 
   67.782   20.859001  4.768370e+02  2.299569e+02 
   67.782   21.355000  4.775762e+02  2.299487e+02 
   67.782   21.850000  4.782851e+02  2.299335e+02 
   67.782   22.346001  4.789599e+02  2.299154e+02 
   67.782   22.842001  4.795935e+02  2.298985e+02 
   67.782   23.337999  4.801841e+02  2.298841e+02 
   67.782   23.833000  4.807349e+02  2.298712e+02 
   67.782   24.329000  4.812545e+02  2.298577e+02 
   67.782   24.825001  4.817437e+02  2.298436e+02 
   67.782   25.321001  4.822010e+02  2.298300e+02 
   67.782   25.816000  4.826266e+02  2.298175e+02 
   67.782   26.312000  4.830250e+02  2.298054e+02 
   67.782   26.808001  4.833980e+02  2.297933e+02 
   67.782   27.304001  4.837465e+02  2.297814e+02 
   67.782   27.799000  4.840711e+02  2.297698e+02 
   67.782   28.295000  4.843754e+02  2.297581e+02 
   67.782   28.791000  4.846614e+02  2.297462e+02 
   67.782   29.287001  4.849317e+02  2.297337e+02 
   67.782   29.782000  4.851877e+02  2.297206e+02 
   67.782   30.278000  4.854321e+02  2.297067e+02 
   67.782   30.774000  4.856660e+02  2.296923e+02 
   67.782   31.270000  4.858911e+02  2.296775e+02 
   67.782   31.764999  4.861084e+02  2.296624e+02 
   67.782   32.260998  4.863211e+02  2.296469e+02 
   67.782   32.757000  4.865307e+02  2.296312e+02 
   67.782   33.252998  4.867388e+02  2.296154e+02 
   67.782   33.747997  4.869465e+02  2.296001e+02 
   67.782   34.243999  4.871560e+02  2.295853e+02 
   67.782   34.739998  4.873684e+02  2.295712e+02 
   67.782   35.236000  4.875850e+02  2.295580e+02 
   67.782   35.730999  4.878064e+02  2.295455e+02 
   67.782   36.226997  4.880339e+02  2.295338e+02 
   67.782   36.723000  4.882672e+02  2.295229e+02 
   67.782   37.218998  4.885058e+02  2.295127e+02 
   67.782   37.713997  4.887482e+02  2.295032e+02 
   67.782   38.209999  4.889940e+02  2.294944e+02 
   67.782   38.705997  4.892410e+02  2.294863e+02 
   67.782   39.202000  4.894873e+02  2.294790e+02 
   67.782   39.696999  4.897301e+02  2.294724e+02 
   67.782   40.196999  4.899673e+02  2.294675e+02 
   67.782   45.196999  4.918348e+02  2.294546e+02 
   67.782   50.196999  4.925437e+02  2.294601e+02 
   67.782   55.196999  4.927917e+02  2.294671e+02 
   67.782   60.196999  4.935347e+02  2.294725e+02 
   67.782   65.196999  4.947676e+02  2.294761e+02 
