   67.909    0.000000  1.237299e-06  8.349207e+00 
   67.909    0.103000  1.243904e-06  8.469768e+00 
   67.909    0.206000  1.250425e-06  8.592993e+00 
   67.909    0.309000  1.256926e-06  8.717045e+00 
   67.909    0.412000  1.263423e-06  8.841203e+00 
   67.909    0.515000  1.269923e-06  8.965124e+00 
   67.909    0.618000  1.727613e-06  1.196695e+01 
   67.909    0.721000  2.575526e-06  1.570965e+01 
   67.909    0.824000  4.385983e-06  2.047385e+01 
   67.909    0.926000  8.291518e-06  2.595995e+01 
   67.909    1.029000  1.726767e-05  3.208294e+01 
   67.909    1.132000  3.866469e-05  3.863411e+01 
   67.909    1.235000  9.328810e-05  4.568364e+01 
   67.909    1.338000  2.459633e-04  5.343650e+01 
   67.909    1.441000  7.033894e-04  6.188723e+01 
   67.909    1.544000  2.173909e-03  7.108482e+01 
   67.909    1.647000  7.224123e-03  8.104111e+01 
   67.909    1.750000  8.200954e-03  8.198730e+01 
   67.909    1.852000  9.356055e-03  8.300734e+01 
   67.909    1.955000  1.088628e-02  8.421850e+01 
   67.909    2.058000  1.295633e-02  8.565137e+01 
   67.909    2.161000  1.583111e-02  8.735039e+01 
   67.909    2.264000  8.995046e-02  1.041961e+02 
   67.909    2.367000  4.092622e-01  1.208913e+02 
   67.909    2.470000  1.470492e+00  1.374589e+02 
   67.909    2.573000  4.280904e+00  1.540863e+02 
   67.909    2.676000  4.405592e+00  1.543239e+02 
   67.909    2.779000  4.489096e+00  1.544620e+02 
   67.909    2.881000  4.545673e+00  1.545399e+02 
   67.909    2.984000  6.640423e+00  1.613589e+02 
   67.909    3.087000  1.297490e+01  1.737712e+02 
   67.909    3.190000  4.144654e+01  1.975465e+02 
   67.909    3.293000  2.960338e+02  2.428833e+02 
   67.909    3.396000  2.981083e+02  2.427981e+02 
   67.909    3.499000  3.004498e+02  2.428019e+02 
   67.909    3.602000  3.028287e+02  2.428491e+02 
   67.909    3.705000  3.051079e+02  2.429125e+02 
   67.909    3.807000  3.072088e+02  2.429789e+02 
   67.909    3.910000  3.092230e+02  2.430526e+02 
   67.909    4.013000  3.112306e+02  2.431440e+02 
   67.909    4.116000  3.132953e+02  2.432602e+02 
   67.909    4.219000  3.154295e+02  2.434016e+02 
   67.909    4.322000  3.176401e+02  2.435679e+02 
   67.909    4.425000  3.199186e+02  2.437556e+02 
   67.909    4.528000  3.219683e+02  2.438707e+02 
   67.909    4.631000  3.244112e+02  2.440219e+02 
   67.909    4.733000  3.268623e+02  2.441811e+02 
   67.909    4.836000  3.297084e+02  2.443740e+02 
   67.909    4.939000  3.325311e+02  2.445710e+02 
   67.909    5.042000  3.354257e+02  2.447779e+02 
   67.909    5.145000  3.381343e+02  2.449769e+02 
   67.909    5.248000  3.405638e+02  2.451614e+02 
   67.909    5.351000  3.430432e+02  2.453535e+02 
   67.909    5.454000  3.455740e+02  2.455529e+02 
   67.909    5.557000  3.481562e+02  2.457592e+02 
   67.909    5.659000  3.506049e+02  2.459591e+02 
   67.909    5.762000  3.520233e+02  2.461108e+02 
   67.909    5.865000  3.534227e+02  2.462646e+02 
   67.909    5.968000  3.548108e+02  2.464214e+02 
   67.909    6.071000  3.571532e+02  2.466277e+02 
   67.909    6.174000  3.595565e+02  2.468405e+02 
   67.909    6.277000  3.647863e+02  2.472414e+02 
   67.909    6.380000  3.672733e+02  2.474595e+02 
   67.909    6.483000  3.698790e+02  2.476861e+02 
   67.909    6.585000  3.731567e+02  2.479561e+02 
   67.909    6.688000  3.757225e+02  2.481788e+02 
   67.909    6.791000  3.782606e+02  2.483989e+02 
   67.909    6.894000  3.808261e+02  2.486198e+02 
   67.909    6.997000  3.833750e+02  2.488380e+02 
   67.909    7.100000  3.859525e+02  2.490570e+02 
   67.909    7.203000  3.894716e+02  2.493362e+02 
   67.909    7.306000  3.922176e+02  2.495681e+02 
   67.909    7.409000  3.947613e+02  2.497892e+02 
   67.909    7.511000  3.987104e+02  2.500991e+02 
   67.909    7.614000  4.010908e+02  2.503157e+02 
   67.909    7.717000  4.032325e+02  2.505194e+02 
   67.909    7.820000  4.054200e+02  2.507254e+02 
   67.909    7.923000  4.076587e+02  2.509340e+02 
   67.909    8.026000  4.099568e+02  2.511449e+02 
   67.909    8.129001  4.119764e+02  2.513375e+02 
   67.909    8.232000  4.140235e+02  2.515300e+02 
   67.909    8.335000  4.160974e+02  2.517226e+02 
   67.909    8.438001  4.183486e+02  2.519239e+02 
   67.909    8.540000  4.201715e+02  2.520987e+02 
   67.909    8.643001  4.221057e+02  2.522789e+02 
   67.909    8.746000  4.241859e+02  2.524654e+02 
   67.909    8.849000  4.260915e+02  2.526373e+02 
   67.909    8.952001  4.283582e+02  2.528270e+02 
   67.909    9.055000  4.303300e+02  2.529979e+02 
   67.909    9.158000  4.323585e+02  2.531694e+02 
   67.909    9.261001  4.337532e+02  2.533495e+02 
   67.909    9.364000  4.350071e+02  2.535122e+02 
   67.909    9.466001  4.362150e+02  2.536670e+02 
   67.909    9.569000  4.373999e+02  2.538218e+02 
   67.909    9.672000  4.386149e+02  2.539770e+02 
   67.909    9.775001  4.398585e+02  2.541328e+02 
   67.909    9.878000  4.411283e+02  2.542891e+02 
   67.909    9.981000  4.423759e+02  2.544411e+02 
   67.909   10.084001  4.435780e+02  2.545968e+02 
   67.909   10.187000  4.445008e+02  2.547221e+02 
   67.909   10.290000  4.449617e+02  2.547880e+02 
   67.909   10.392000  4.454143e+02  2.548528e+02 
   67.909   10.495000  4.458636e+02  2.549169e+02 
   67.909   10.598001  4.463217e+02  2.549821e+02 
   67.909   10.701000  4.467516e+02  2.550435e+02 
   67.909   10.804000  4.495864e+02  2.554074e+02 
   67.909   10.907001  4.500091e+02  2.554661e+02 
   67.909   11.010000  4.504265e+02  2.555239e+02 
   67.909   11.113000  4.508384e+02  2.555810e+02 
   67.909   11.216001  4.512450e+02  2.556374e+02 
   67.909   11.318000  4.516422e+02  2.556926e+02 
   67.909   11.421000  4.520378e+02  2.557477e+02 
   67.909   11.524000  4.524281e+02  2.558023e+02 
   67.909   11.627000  4.528129e+02  2.558562e+02 
   67.909   11.730000  4.531921e+02  2.559096e+02 
   67.909   11.833000  4.535659e+02  2.559624e+02 
   67.909   11.936000  4.539342e+02  2.560146e+02 
   67.909   12.039001  4.542972e+02  2.560661e+02 
   67.909   12.142000  4.546552e+02  2.561170e+02 
   67.909   12.244000  4.550046e+02  2.561667e+02 
   67.909   12.347000  4.553526e+02  2.562162e+02 
   67.909   12.450001  4.556960e+02  2.562650e+02 
   67.909   12.553000  4.560347e+02  2.563130e+02 
   67.909   12.656000  4.563689e+02  2.563604e+02 
   67.909   12.759000  4.566990e+02  2.564070e+02 
   67.909   12.862000  4.570252e+02  2.564529e+02 
   67.909   12.965000  4.573477e+02  2.564979e+02 
   67.909   13.068000  4.576664e+02  2.565422e+02 
   67.909   13.170000  4.579783e+02  2.565853e+02 
   67.909   13.273001  4.582896e+02  2.566280e+02 
   67.909   13.376000  4.585974e+02  2.566697e+02 
   67.909   13.479000  4.589017e+02  2.567107e+02 
   67.909   13.582001  4.592026e+02  2.567506e+02 
   67.909   13.685000  4.595002e+02  2.567896e+02 
   67.909   13.788000  4.597947e+02  2.568277e+02 
   67.909   13.891001  4.600860e+02  2.568647e+02 
   67.909   13.994000  4.603741e+02  2.569007e+02 
   67.909   14.097000  4.606592e+02  2.569357e+02 
   67.909   14.199000  4.609385e+02  2.569694e+02 
   67.909   14.302000  4.612173e+02  2.570025e+02 
   67.909   14.405001  4.614928e+02  2.570348e+02 
   67.909   14.508000  4.617651e+02  2.570663e+02 
   67.909   14.611000  4.620341e+02  2.570971e+02 
   67.909   14.714001  4.622998e+02  2.571273e+02 
   67.909   14.817000  4.625622e+02  2.571569e+02 
   67.909   14.920000  4.628212e+02  2.571859e+02 
   67.909   15.023001  4.630771e+02  2.572144e+02 
   67.909   15.125000  4.633273e+02  2.572420e+02 
   67.909   15.228001  4.635769e+02  2.572693e+02 
   67.909   15.331000  4.638233e+02  2.572961e+02 
   67.909   15.434000  4.640667e+02  2.573223e+02 
   67.909   15.537001  4.643071e+02  2.573480e+02 
   67.909   15.640000  4.645445e+02  2.573732e+02 
   67.909   15.743000  4.647790e+02  2.573978e+02 
   67.909   15.846001  4.650107e+02  2.574220e+02 
   67.909   15.948999  4.652397e+02  2.574456e+02 
   67.909   16.051001  4.654641e+02  2.574685e+02 
   67.909   16.154001  4.656882e+02  2.574910e+02 
   67.909   16.257000  4.659100e+02  2.575131e+02 
   67.909   16.360001  4.661294e+02  2.575345e+02 
   67.909   16.462999  4.663466e+02  2.575554e+02 
   67.909   16.566000  4.665616e+02  2.575757e+02 
   67.909   16.669001  4.667744e+02  2.575954e+02 
   67.909   16.771999  4.669854e+02  2.576144e+02 
   67.909   16.875000  4.671946e+02  2.576326e+02 
   67.909   16.977001  4.674000e+02  2.576499e+02 
   67.909   17.080000  4.676059e+02  2.576665e+02 
   67.909   17.183001  4.678106e+02  2.576822e+02 
   67.909   17.286001  4.680140e+02  2.576969e+02 
   67.909   17.389000  4.682162e+02  2.577106e+02 
   67.909   17.492001  4.684171e+02  2.577234e+02 
   67.909   17.595001  4.686169e+02  2.577354e+02 
   67.909   17.698000  4.688153e+02  2.577466e+02 
   67.909   17.801001  4.690123e+02  2.577570e+02 
   67.909   17.903000  4.692057e+02  2.577666e+02 
   67.909   18.006001  4.693996e+02  2.577758e+02 
   67.909   18.109001  4.695917e+02  2.577844e+02 
   67.909   18.212000  4.697822e+02  2.577925e+02 
   67.909   18.315001  4.699712e+02  2.578000e+02 
   67.909   18.418001  4.701585e+02  2.578070e+02 
   67.909   18.521000  4.703442e+02  2.578134e+02 
   67.909   18.624001  4.705284e+02  2.578194e+02 
   67.909   18.727001  4.707112e+02  2.578247e+02 
   67.909   18.830000  4.708924e+02  2.578296e+02 
   67.909   18.932001  4.710704e+02  2.578339e+02 
   67.909   19.035000  4.712487e+02  2.578378e+02 
   67.909   19.138000  4.714258e+02  2.578412e+02 
   67.909   19.241001  4.716014e+02  2.578441e+02 
   67.909   19.344000  4.717757e+02  2.578465e+02 
   67.909   19.447001  4.719488e+02  2.578484e+02 
   67.909   19.550001  4.721206e+02  2.578499e+02 
   67.909   19.653000  4.722911e+02  2.578510e+02 
   67.909   19.756001  4.724603e+02  2.578516e+02 
   67.909   19.858000  4.726267e+02  2.578517e+02 
   67.909   19.961000  4.727935e+02  2.578514e+02 
   67.909   20.064001  4.729594e+02  2.578505e+02 
   67.909   20.364000  4.734371e+02  2.578448e+02 
   67.909   20.859001  4.742025e+02  2.578284e+02 
   67.909   21.355000  4.749411e+02  2.578040e+02 
   67.909   21.851000  4.756505e+02  2.577733e+02 
   67.909   22.347000  4.763236e+02  2.577411e+02 
   67.909   22.842001  4.769538e+02  2.577112e+02 
   67.909   23.337999  4.775421e+02  2.576848e+02 
   67.909   23.834000  4.780925e+02  2.576604e+02 
   67.909   24.330000  4.786112e+02  2.576360e+02 
   67.909   24.825001  4.790985e+02  2.576117e+02 
   67.909   25.321001  4.795545e+02  2.575888e+02 
   67.909   25.816999  4.799798e+02  2.575675e+02 
   67.909   26.313000  4.803775e+02  2.575471e+02 
   67.909   26.808001  4.807490e+02  2.575274e+02 
   67.909   27.304001  4.810968e+02  2.575083e+02 
   67.909   27.800001  4.814216e+02  2.574898e+02 
   67.909   28.296000  4.817257e+02  2.574718e+02 
   67.909   28.791000  4.820112e+02  2.574538e+02 
   67.909   29.287001  4.822815e+02  2.574355e+02 
   67.909   29.783001  4.825381e+02  2.574168e+02 
   67.909   30.279001  4.827823e+02  2.573978e+02 
   67.909   30.774000  4.830154e+02  2.573786e+02 
   67.909   31.270000  4.832400e+02  2.573592e+02 
   67.909   31.766001  4.834573e+02  2.573396e+02 
   67.909   32.261997  4.836695e+02  2.573199e+02 
   67.909   32.757000  4.838780e+02  2.573002e+02 
   67.909   33.252998  4.840854e+02  2.572807e+02 
   67.909   33.748997  4.842926e+02  2.572617e+02 
   67.909   34.244999  4.845010e+02  2.572435e+02 
   67.909   34.739998  4.847117e+02  2.572263e+02 
   67.909   35.236000  4.849269e+02  2.572102e+02 
   67.909   35.731998  4.851473e+02  2.571950e+02 
   67.909   36.227997  4.853734e+02  2.571808e+02 
   67.909   36.723000  4.856047e+02  2.571675e+02 
   67.909   37.218998  4.858418e+02  2.571550e+02 
   67.909   37.715000  4.860832e+02  2.571434e+02 
   67.909   38.210999  4.863278e+02  2.571327e+02 
   67.909   38.705997  4.865731e+02  2.571228e+02 
   67.909   39.202000  4.868183e+02  2.571138e+02 
   67.909   39.697998  4.870607e+02  2.571057e+02 
   67.909   40.197998  4.872971e+02  2.570995e+02 
   67.909   45.197998  4.891612e+02  2.570787e+02 
   67.909   50.197998  4.898696e+02  2.570811e+02 
   67.909   55.197998  4.901169e+02  2.570868e+02 
   67.909   60.197998  4.908526e+02  2.570916e+02 
   67.909   65.198006  4.920835e+02  2.570948e+02 
