    0.000    0.000000  0.000000e+00  3.516270e+02 
    0.000    0.103000  0.000000e+00  3.506613e+02 
    0.000    0.206000  0.000000e+00  3.493409e+02 
    0.000    0.309000  0.000000e+00  3.480291e+02 
    0.000    0.411000  0.000000e+00  3.467153e+02 
    0.000    0.514000  0.000000e+00  3.452778e+02 
    0.000    0.617000  0.000000e+00  3.437337e+02 
    0.000    0.720000  0.000000e+00  3.421815e+02 
    0.000    0.823000  0.000000e+00  3.406426e+02 
    0.000    0.926000  0.000000e+00  3.391064e+02 
    0.000    1.029000  0.000000e+00  3.375493e+02 
    0.000    1.132000  0.000000e+00  3.359493e+02 
    0.000    1.235000  0.000000e+00  3.342673e+02 
    0.000    1.337000  0.000000e+00  3.326232e+02 
    0.000    1.440000  0.000000e+00  3.310006e+02 
    0.000    1.543000  0.000000e+00  3.293928e+02 
    0.000    1.646000  0.000000e+00  3.277428e+02 
    0.000    1.749000  0.000000e+00  3.260341e+02 
    0.000    1.852000  0.000000e+00  3.186323e+02 
    0.000    1.955000  0.000000e+00  3.127372e+02 
    0.000    2.058000  0.000000e+00  3.077549e+02 
    0.000    2.161000  0.000000e+00  3.031862e+02 
    0.000    2.263000  0.000000e+00  2.991559e+02 
    0.000    2.366000  0.000000e+00  2.983148e+02 
    0.000    2.469000  0.000000e+00  2.973483e+02 
    0.000    2.572000  0.000000e+00  2.962917e+02 
    0.000    2.675000  0.000000e+00  2.951863e+02 
    0.000    2.778000  0.000000e+00  2.940523e+02 
    0.000    2.881000  0.000000e+00  2.928951e+02 
    0.000    2.984000  0.000000e+00  2.917134e+02 
    0.000    3.087000  0.000000e+00  2.905198e+02 
    0.000    3.190000  0.000000e+00  2.893090e+02 
    0.000    3.292000  0.000000e+00  2.881010e+02 
    0.000    3.395000  0.000000e+00  2.868714e+02 
    0.000    3.498000  0.000000e+00  2.856395e+02 
    0.000    3.601000  0.000000e+00  2.844065e+02 
    0.000    3.704000  0.000000e+00  2.831721e+02 
    0.000    3.807000  0.000000e+00  2.819433e+02 
    0.000    3.910000  0.000000e+00  2.807231e+02 
    0.000    4.013000  0.000000e+00  2.795131e+02 
    0.000    4.116000  0.000000e+00  2.783049e+02 
    0.000    4.218000  0.000000e+00  2.771019e+02 
    0.000    4.321000  0.000000e+00  2.758957e+02 
    0.000    4.424000  0.000000e+00  2.746996e+02 
    0.000    4.527000  0.000000e+00  2.735164e+02 
    0.000    4.630000  0.000000e+00  2.723435e+02 
    0.000    4.733000  0.000000e+00  2.711619e+02 
    0.000    4.836000  0.000000e+00  2.699871e+02 
    0.000    4.939000  0.000000e+00  2.688211e+02 
    0.000    5.042000  0.000000e+00  2.676637e+02 
    0.000    5.144000  0.000000e+00  2.665302e+02 
    0.000    5.247000  0.000000e+00  2.653980e+02 
    0.000    5.350000  0.000000e+00  2.642798e+02 
    0.000    5.453000  0.000000e+00  2.631780e+02 
    0.000    5.556000  0.000000e+00  2.620864e+02 
    0.000    5.659000  0.000000e+00  2.610084e+02 
    0.000    5.762000  0.000000e+00  2.599478e+02 
    0.000    5.865000  0.000000e+00  2.589058e+02 
    0.000    5.968000  0.000000e+00  2.578832e+02 
    0.000    6.070000  0.000000e+00  2.568906e+02 
    0.000    6.173000  0.000000e+00  2.559128e+02 
    0.000    6.276000  0.000000e+00  2.549592e+02 
    0.000    6.379000  0.000000e+00  2.540293e+02 
    0.000    6.482000  0.000000e+00  2.531250e+02 
    0.000    6.585000  0.000000e+00  2.522453e+02 
    0.000    6.688000  0.000000e+00  2.513865e+02 
    0.000    6.791000  0.000000e+00  2.504229e+02 
    0.000    6.894000  0.000000e+00  2.495413e+02 
    0.000    6.996000  0.000000e+00  2.487583e+02 
    0.000    7.099000  0.000000e+00  2.479977e+02 
    0.000    7.202000  0.000000e+00  2.473806e+02 
    0.000    7.305000  0.000000e+00  2.468795e+02 
    0.000    7.408000  0.000000e+00  2.464661e+02 
    0.000    7.511000  0.000000e+00  2.461915e+02 
    0.000    7.614000  0.000000e+00  2.459821e+02 
    0.000    7.717000  0.000000e+00  2.458489e+02 
    0.000    7.820000  0.000000e+00  2.457065e+02 
    0.000    7.922000  0.000000e+00  2.456226e+02 
    0.000    8.025000  0.000000e+00  2.455380e+02 
    0.000    8.127999  0.000000e+00  2.453778e+02 
    0.000    8.231000  0.000000e+00  2.452152e+02 
    0.000    8.334000  0.000000e+00  2.450586e+02 
    0.000    8.436999  0.000000e+00  2.448329e+02 
    0.000    8.540000  0.000000e+00  2.446601e+02 
    0.000    8.643000  0.000000e+00  2.444412e+02 
    0.000    8.745999  0.000000e+00  2.443077e+02 
    0.000    8.848000  0.000000e+00  2.441715e+02 
    0.000    8.951000  0.000000e+00  2.440351e+02 
    0.000    9.054000  0.000000e+00  2.438992e+02 
    0.000    9.157000  0.000000e+00  2.437646e+02 
    0.000    9.259999  0.000000e+00  2.436462e+02 
    0.000    9.363000  0.000000e+00  2.435394e+02 
    0.000    9.466000  0.000000e+00  2.434392e+02 
    0.000    9.568999  0.000000e+00  2.433448e+02 
    0.000    9.672000  0.000000e+00  2.432549e+02 
    0.000    9.775000  0.000000e+00  2.431731e+02 
    0.000    9.877000  0.000000e+00  2.431105e+02 
    0.000    9.980000  0.000000e+00  2.430607e+02 
    0.000   10.083000  0.000000e+00  2.430152e+02 
    0.000   10.186000  0.000000e+00  2.429651e+02 
    0.000   10.289000  0.000000e+00  2.429128e+02 
    0.000   10.392000  0.000000e+00  2.428601e+02 
    0.000   10.495000  0.000000e+00  2.428056e+02 
    0.000   10.598000  0.000000e+00  2.427508e+02 
    0.000   10.701000  0.000000e+00  2.426950e+02 
    0.000   10.802999  0.000000e+00  2.426353e+02 
    0.000   10.906000  0.000000e+00  2.425726e+02 
    0.000   11.009000  0.000000e+00  2.425069e+02 
    0.000   11.112000  0.000000e+00  2.424312e+02 
    0.000   11.215000  0.000000e+00  2.423490e+02 
    0.000   11.318000  0.000000e+00  2.422635e+02 
    0.000   11.421000  0.000000e+00  2.421760e+02 
    0.000   11.524000  0.000000e+00  2.420871e+02 
    0.000   11.627000  0.000000e+00  2.419977e+02 
    0.000   11.729000  0.000000e+00  2.419085e+02 
    0.000   11.832000  0.000000e+00  2.418184e+02 
    0.000   11.934999  0.000000e+00  2.417285e+02 
    0.000   12.038000  0.000000e+00  2.416375e+02 
    0.000   12.141000  0.000000e+00  2.415459e+02 
    0.000   12.243999  0.000000e+00  2.414543e+02 
    0.000   12.347000  0.000000e+00  2.413655e+02 
    0.000   12.450000  0.000000e+00  2.412795e+02 
    0.000   12.552999  0.000000e+00  2.411952e+02 
    0.000   12.655000  0.000000e+00  2.411161e+02 
    0.000   12.757999  0.000000e+00  2.410411e+02 
    0.000   12.861000  0.000000e+00  2.409693e+02 
    0.000   12.964000  0.000000e+00  2.409004e+02 
    0.000   13.066999  0.000000e+00  2.408340e+02 
    0.000   13.170000  0.000000e+00  2.407696e+02 
    0.000   13.273000  0.000000e+00  2.407070e+02 
    0.000   13.375999  0.000000e+00  2.406461e+02 
    0.000   13.479000  0.000000e+00  2.405866e+02 
    0.000   13.580999  0.000000e+00  2.405288e+02 
    0.000   13.684000  0.000000e+00  2.404715e+02 
    0.000   13.787000  0.000000e+00  2.404150e+02 
    0.000   13.889999  0.000000e+00  2.403595e+02 
    0.000   13.993000  0.000000e+00  2.403046e+02 
    0.000   14.096000  0.000000e+00  2.402500e+02 
    0.000   14.198999  0.000000e+00  2.401961e+02 
    0.000   14.302000  0.000000e+00  2.401431e+02 
    0.000   14.405000  0.000000e+00  2.400913e+02 
    0.000   14.507999  0.000000e+00  2.400405e+02 
    0.000   14.610000  0.000000e+00  2.399910e+02 
    0.000   14.712999  0.000000e+00  2.399413e+02 
    0.000   14.816000  0.000000e+00  2.398921e+02 
    0.000   14.919000  0.000000e+00  2.398435e+02 
    0.000   15.021999  0.000000e+00  2.397948e+02 
    0.000   15.125000  0.000000e+00  2.397459e+02 
    0.000   15.228000  0.000000e+00  2.396973e+02 
    0.000   15.330999  0.000000e+00  2.396497e+02 
    0.000   15.434000  0.000000e+00  2.396037e+02 
    0.000   15.535999  0.000000e+00  2.395593e+02 
    0.000   15.639000  0.000000e+00  2.395158e+02 
    0.000   15.742000  0.000000e+00  2.394753e+02 
    0.000   15.844999  0.000000e+00  2.394374e+02 
    0.000   15.948000  0.000000e+00  2.394013e+02 
    0.000   16.051001  0.000000e+00  2.393626e+02 
    0.000   16.153999  0.000000e+00  2.393206e+02 
    0.000   16.257000  0.000000e+00  2.392767e+02 
    0.000   16.360001  0.000000e+00  2.392312e+02 
    0.000   16.462000  0.000000e+00  2.391841e+02 
    0.000   16.565001  0.000000e+00  2.391349e+02 
    0.000   16.667999  0.000000e+00  2.390849e+02 
    0.000   16.771000  0.000000e+00  2.390352e+02 
    0.000   16.874001  0.000000e+00  2.389861e+02 
    0.000   16.976999  0.000000e+00  2.389372e+02 
    0.000   17.080000  0.000000e+00  2.388893e+02 
    0.000   17.183001  0.000000e+00  2.388432e+02 
    0.000   17.285999  0.000000e+00  2.387986e+02 
    0.000   17.388000  0.000000e+00  2.387552e+02 
    0.000   17.490999  0.000000e+00  2.387131e+02 
    0.000   17.594000  0.000000e+00  2.386726e+02 
    0.000   17.697001  0.000000e+00  2.386330e+02 
    0.000   17.799999  0.000000e+00  2.385947e+02 
    0.000   17.903000  0.000000e+00  2.385580e+02 
    0.000   18.006001  0.000000e+00  2.385225e+02 
    0.000   18.108999  0.000000e+00  2.384882e+02 
    0.000   18.212000  0.000000e+00  2.384544e+02 
    0.000   18.313999  0.000000e+00  2.384214e+02 
    0.000   18.417000  0.000000e+00  2.383885e+02 
    0.000   18.520000  0.000000e+00  2.383562e+02 
    0.000   18.622999  0.000000e+00  2.383240e+02 
    0.000   18.726000  0.000000e+00  2.382920e+02 
    0.000   18.829000  0.000000e+00  2.382603e+02 
    0.000   18.931999  0.000000e+00  2.382290e+02 
    0.000   19.035000  0.000000e+00  2.381981e+02 
    0.000   19.138000  0.000000e+00  2.381676e+02 
    0.000   19.240999  0.000000e+00  2.381375e+02 
    0.000   19.343000  0.000000e+00  2.381073e+02 
    0.000   19.445999  0.000000e+00  2.380763e+02 
    0.000   19.549000  0.000000e+00  2.380449e+02 
    0.000   19.652000  0.000000e+00  2.380134e+02 
    0.000   19.754999  0.000000e+00  2.379819e+02 
    0.000   19.858000  0.000000e+00  2.379502e+02 
    0.000   19.961000  0.000000e+00  2.379186e+02 
    0.000   20.063999  0.000000e+00  2.378869e+02 
    0.000   20.362999  0.000000e+00  2.377984e+02 
    0.000   20.858999  0.000000e+00  2.376679e+02 
    0.000   21.354000  0.000000e+00  2.375589e+02 
    0.000   21.850000  0.000000e+00  2.374593e+02 
    0.000   22.346001  0.000000e+00  2.373624e+02 
    0.000   22.841999  0.000000e+00  2.372645e+02 
    0.000   23.337000  0.000000e+00  2.371733e+02 
    0.000   23.833000  0.000000e+00  2.371016e+02 
    0.000   24.329000  0.000000e+00  2.370549e+02 
    0.000   24.824999  0.000000e+00  2.370313e+02 
    0.000   25.320000  0.000000e+00  2.370169e+02 
    0.000   25.816000  0.000000e+00  2.370119e+02 
    0.000   26.312000  0.000000e+00  2.370159e+02 
    0.000   26.808001  0.000000e+00  2.370228e+02 
    0.000   27.302999  0.000000e+00  2.370350e+02 
    0.000   27.799000  0.000000e+00  2.370544e+02 
    0.000   28.295000  0.000000e+00  2.370795e+02 
    0.000   28.791000  0.000000e+00  2.371111e+02 
    0.000   29.285999  0.000000e+00  2.371508e+02 
    0.000   29.782000  0.000000e+00  2.371971e+02 
    0.000   30.278000  0.000000e+00  2.372476e+02 
    0.000   30.774000  0.000000e+00  2.373014e+02 
    0.000   31.268999  0.000000e+00  2.373571e+02 
    0.000   31.764999  0.000000e+00  2.374138e+02 
    0.000   32.261002  0.000000e+00  2.374711e+02 
    0.000   32.757000  0.000000e+00  2.375286e+02 
    0.000   33.252003  0.000000e+00  2.375852e+02 
    0.000   33.748001  0.000000e+00  2.376431e+02 
    0.000   34.244003  0.000000e+00  2.377031e+02 
    0.000   34.740002  0.000000e+00  2.377645e+02 
    0.000   35.235001  0.000000e+00  2.378262e+02 
    0.000   35.731003  0.000000e+00  2.378851e+02 
    0.000   36.227001  0.000000e+00  2.379406e+02 
    0.000   36.723003  0.000000e+00  2.379925e+02 
    0.000   37.219002  0.000000e+00  2.380412e+02 
    0.000   37.714001  0.000000e+00  2.380857e+02 
    0.000   38.210003  0.000000e+00  2.381267e+02 
    0.000   38.706001  0.000000e+00  2.381678e+02 
    0.000   39.202003  0.000000e+00  2.382101e+02 
    0.000   39.697002  0.000000e+00  2.382554e+02 
    0.000   40.197002  0.000000e+00  2.383059e+02 
    0.000   45.197002  0.000000e+00  2.387552e+02 
    0.000   50.197002  0.000000e+00  2.389821e+02 
    0.000   55.197002  0.000000e+00  2.389776e+02 
    0.000   60.197002  0.000000e+00  2.389096e+02 
    0.000   65.196999  0.000000e+00  2.388573e+02 
