   68.070    0.000000  3.908163e-07  8.222535e+00 
   68.070    0.103000  3.929286e-07  8.342093e+00 
   68.070    0.206000  3.950140e-07  8.464238e+00 
   68.070    0.309000  3.970845e-07  8.587429e+00 
   68.070    0.411000  3.991291e-07  8.709658e+00 
   68.070    0.514000  4.011961e-07  8.832794e+00 
   68.070    0.617000  5.851471e-07  1.240055e+01 
   68.070    0.720000  1.025531e-06  1.736577e+01 
   68.070    0.823000  2.113726e-06  2.339634e+01 
   68.070    0.926000  4.877571e-06  3.002077e+01 
   68.070    1.029000  1.292577e-05  3.756886e+01 
   68.070    1.132000  3.898179e-05  4.601412e+01 
   68.070    1.235000  1.322186e-04  5.532550e+01 
   68.070    1.337000  4.909709e-04  6.539566e+01 
   68.070    1.440000  2.025955e-03  7.650310e+01 
   68.070    1.543000  9.158310e-03  8.884467e+01 
   68.070    1.646000  4.618136e-02  1.031803e+02 
   68.070    1.749000  2.584868e-01  1.205126e+02 
   68.070    1.852000  2.324124e+00  1.427068e+02 
   68.070    1.955000  6.918489e+00  1.570656e+02 
   68.070    2.058000  1.303655e+01  1.669176e+02 
   68.070    2.161000  2.013008e+01  1.744673e+02 
   68.070    2.263000  2.869602e+01  1.811591e+02 
   68.070    2.366000  4.012599e+01  1.879021e+02 
   68.070    2.469000  5.683420e+01  1.952755e+02 
   68.070    2.572000  8.173024e+01  2.032764e+02 
   68.070    2.675000  1.180798e+02  2.114693e+02 
   68.070    2.778000  1.222986e+02  2.120161e+02 
   68.070    2.881000  1.262511e+02  2.125414e+02 
   68.070    2.984000  1.296635e+02  2.129911e+02 
   68.070    3.087000  1.322289e+02  2.133147e+02 
   68.070    3.189000  1.341207e+02  2.135425e+02 
   68.070    3.292000  1.358105e+02  2.137495e+02 
   68.070    3.395000  1.377992e+02  2.140177e+02 
   68.070    3.498000  1.408749e+02  2.144722e+02 
   68.070    3.601000  1.482143e+02  2.155988e+02 
   68.070    3.704000  1.588691e+02  2.171707e+02 
   68.070    3.807000  1.726534e+02  2.190823e+02 
   68.070    3.910000  1.900256e+02  2.213093e+02 
   68.070    4.013000  2.079564e+02  2.234167e+02 
   68.070    4.115000  2.297023e+02  2.257556e+02 
   68.070    4.218000  2.533931e+02  2.280689e+02 
   68.070    4.321000  2.772811e+02  2.301883e+02 
   68.070    4.424000  2.986902e+02  2.319291e+02 
   68.070    4.527000  3.175626e+02  2.333578e+02 
   68.070    4.630000  3.328923e+02  2.344554e+02 
   68.070    4.733000  3.439385e+02  2.352168e+02 
   68.070    4.836000  3.511459e+02  2.357050e+02 
   68.070    4.939000  3.560578e+02  2.360397e+02 
   68.070    5.041000  3.597806e+02  2.362995e+02 
   68.070    5.144000  3.620670e+02  2.364688e+02 
   68.070    5.247000  3.646309e+02  2.366632e+02 
   68.070    5.350000  3.671815e+02  2.368621e+02 
   68.070    5.453000  3.697485e+02  2.370670e+02 
   68.070    5.556000  3.723777e+02  2.372800e+02 
   68.070    5.659000  3.748782e+02  2.374880e+02 
   68.070    5.762000  3.783670e+02  2.377648e+02 
   68.070    5.865000  3.810817e+02  2.379917e+02 
   68.070    5.967000  3.836810e+02  2.382127e+02 
   68.070    6.070000  3.870062e+02  2.384833e+02 
   68.070    6.173000  3.912320e+02  2.388117e+02 
   68.070    6.276000  3.923779e+02  2.389389e+02 
   68.070    6.379000  3.935145e+02  2.390668e+02 
   68.070    6.482000  3.946427e+02  2.391951e+02 
   68.070    6.585000  3.957669e+02  2.393233e+02 
   68.070    6.688000  3.968945e+02  2.394512e+02 
   68.070    6.791000  3.980275e+02  2.395786e+02 
   68.070    6.894000  3.991563e+02  2.397054e+02 
   68.070    6.996000  4.002560e+02  2.398304e+02 
   68.070    7.099000  4.013388e+02  2.399560e+02 
   68.070    7.202000  4.023775e+02  2.400807e+02 
   68.070    7.305000  4.041766e+02  2.402585e+02 
   68.070    7.408000  4.058658e+02  2.404316e+02 
   68.070    7.511000  4.074432e+02  2.406003e+02 
   68.070    7.614000  4.091108e+02  2.407784e+02 
   68.070    7.717000  4.116281e+02  2.410127e+02 
   68.070    7.820000  4.131423e+02  2.411827e+02 
   68.070    7.922000  4.147605e+02  2.413592e+02 
   68.070    8.025000  4.161927e+02  2.415247e+02 
   68.070    8.128000  4.182924e+02  2.417311e+02 
   68.070    8.231000  4.197215e+02  2.418948e+02 
   68.070    8.334000  4.211266e+02  2.420559e+02 
   68.070    8.437000  4.235116e+02  2.422755e+02 
   68.070    8.540000  4.250512e+02  2.424416e+02 
   68.070    8.643000  4.266912e+02  2.426119e+02 
   68.070    8.746000  4.281695e+02  2.427702e+02 
   68.070    8.848000  4.296308e+02  2.429247e+02 
   68.070    8.951000  4.307244e+02  2.430888e+02 
   68.070    9.054000  4.319583e+02  2.432667e+02 
   68.070    9.157000  4.333492e+02  2.434603e+02 
   68.070    9.260000  4.346603e+02  2.436427e+02 
   68.070    9.363000  4.360627e+02  2.438290e+02 
   68.070    9.466000  4.374874e+02  2.440154e+02 
   68.070    9.569000  4.389126e+02  2.441988e+02 
   68.070    9.672000  4.403166e+02  2.443811e+02 
   68.070    9.774000  4.417788e+02  2.445664e+02 
   68.070    9.877000  4.422377e+02  2.446427e+02 
   68.070    9.980000  4.426931e+02  2.447171e+02 
   68.070   10.083000  4.431432e+02  2.447897e+02 
   68.070   10.186000  4.436180e+02  2.448600e+02 
   68.070   10.289000  4.440835e+02  2.449289e+02 
   68.070   10.392000  4.445403e+02  2.449963e+02 
   68.070   10.495000  4.449892e+02  2.450624e+02 
   68.070   10.598000  4.454304e+02  2.451272e+02 
   68.070   10.700000  4.458600e+02  2.451903e+02 
   68.070   10.803000  4.462874e+02  2.452530e+02 
   68.070   10.906000  4.467086e+02  2.453147e+02 
   68.070   11.009000  4.471240e+02  2.453754e+02 
   68.070   11.112000  4.475344e+02  2.454353e+02 
   68.070   11.215000  4.479399e+02  2.454943e+02 
   68.070   11.318000  4.483404e+02  2.455526e+02 
   68.070   11.421000  4.487359e+02  2.456103e+02 
   68.070   11.524000  4.491263e+02  2.456672e+02 
   68.070   11.627000  4.495114e+02  2.457235e+02 
   68.070   11.729000  4.498873e+02  2.457787e+02 
   68.070   11.832000  4.502612e+02  2.458338e+02 
   68.070   11.935000  4.506294e+02  2.458882e+02 
   68.070   12.038000  4.509923e+02  2.459420e+02 
   68.070   12.141000  4.513499e+02  2.459951e+02 
   68.070   12.244000  4.517022e+02  2.460476e+02 
   68.070   12.347000  4.520497e+02  2.460993e+02 
   68.070   12.450000  4.523927e+02  2.461503e+02 
   68.070   12.553000  4.527311e+02  2.462006e+02 
   68.070   12.655000  4.530618e+02  2.462496e+02 
   68.070   12.758000  4.533913e+02  2.462984e+02 
   68.070   12.861000  4.537168e+02  2.463463e+02 
   68.070   12.964000  4.540385e+02  2.463935e+02 
   68.070   13.067000  4.543564e+02  2.464398e+02 
   68.070   13.170000  4.546708e+02  2.464852e+02 
   68.070   13.273000  4.549816e+02  2.465298e+02 
   68.070   13.376000  4.552889e+02  2.465734e+02 
   68.070   13.479000  4.555929e+02  2.466161e+02 
   68.070   13.581000  4.558906e+02  2.466574e+02 
   68.070   13.684000  4.561880e+02  2.466980e+02 
   68.070   13.787000  4.564824e+02  2.467375e+02 
   68.070   13.890000  4.567736e+02  2.467759e+02 
   68.070   13.993000  4.570616e+02  2.468134e+02 
   68.070   14.096000  4.573465e+02  2.468499e+02 
   68.070   14.199000  4.576282e+02  2.468853e+02 
   68.070   14.302000  4.579065e+02  2.469200e+02 
   68.070   14.405000  4.581815e+02  2.469539e+02 
   68.070   14.507000  4.584506e+02  2.469867e+02 
   68.070   14.610000  4.587188e+02  2.470192e+02 
   68.070   14.713000  4.589838e+02  2.470511e+02 
   68.070   14.816000  4.592455e+02  2.470823e+02 
   68.070   14.919000  4.595038e+02  2.471129e+02 
   68.070   15.022000  4.597591e+02  2.471429e+02 
   68.070   15.125000  4.600112e+02  2.471724e+02 
   68.070   15.228000  4.602602e+02  2.472012e+02 
   68.070   15.331000  4.605062e+02  2.472295e+02 
   68.070   15.433000  4.607468e+02  2.472570e+02 
   68.070   15.536000  4.609867e+02  2.472842e+02 
   68.070   15.639000  4.612237e+02  2.473108e+02 
   68.070   15.742000  4.614577e+02  2.473369e+02 
   68.070   15.845000  4.616890e+02  2.473625e+02 
   68.070   15.948000  4.619176e+02  2.473876e+02 
   68.070   16.051001  4.621437e+02  2.474120e+02 
   68.070   16.153999  4.623674e+02  2.474359e+02 
   68.070   16.257000  4.625887e+02  2.474593e+02 
   68.070   16.360001  4.628076e+02  2.474820e+02 
   68.070   16.462000  4.630224e+02  2.475039e+02 
   68.070   16.565001  4.632370e+02  2.475253e+02 
   68.070   16.667999  4.634496e+02  2.475461e+02 
   68.070   16.771000  4.636604e+02  2.475661e+02 
   68.070   16.874001  4.638695e+02  2.475853e+02 
   68.070   16.976999  4.640770e+02  2.476037e+02 
   68.070   17.080000  4.642830e+02  2.476212e+02 
   68.070   17.183001  4.644878e+02  2.476378e+02 
   68.070   17.285999  4.646914e+02  2.476533e+02 
   68.070   17.388000  4.648918e+02  2.476678e+02 
   68.070   17.490999  4.650927e+02  2.476816e+02 
   68.070   17.594000  4.652924e+02  2.476946e+02 
   68.070   17.697001  4.654908e+02  2.477068e+02 
   68.070   17.799999  4.656876e+02  2.477183e+02 
   68.070   17.903000  4.658828e+02  2.477291e+02 
   68.070   18.006001  4.660764e+02  2.477394e+02 
   68.070   18.108999  4.662684e+02  2.477491e+02 
   68.070   18.212000  4.664588e+02  2.477582e+02 
   68.070   18.313999  4.666458e+02  2.477667e+02 
   68.070   18.417000  4.668330e+02  2.477747e+02 
   68.070   18.520000  4.670187e+02  2.477822e+02 
   68.070   18.622999  4.672028e+02  2.477891e+02 
   68.070   18.726000  4.673855e+02  2.477955e+02 
   68.070   18.829000  4.675666e+02  2.478014e+02 
   68.070   18.931999  4.677462e+02  2.478068e+02 
   68.070   19.035000  4.679244e+02  2.478117e+02 
   68.070   19.138000  4.681013e+02  2.478161e+02 
   68.070   19.240000  4.682751e+02  2.478201e+02 
   68.070   19.343000  4.684493e+02  2.478235e+02 
   68.070   19.445999  4.686223e+02  2.478264e+02 
   68.070   19.549000  4.687941e+02  2.478289e+02 
   68.070   19.652000  4.689646e+02  2.478309e+02 
   68.070   19.754999  4.691339e+02  2.478324e+02 
   68.070   19.858000  4.693019e+02  2.478334e+02 
   68.070   19.961000  4.694687e+02  2.478340e+02 
   68.070   20.063999  4.696345e+02  2.478340e+02 
   68.070   20.363001  4.701100e+02  2.478311e+02 
   68.070   20.858999  4.708759e+02  2.478193e+02 
   68.070   21.354000  4.716123e+02  2.477995e+02 
   68.070   21.850000  4.723199e+02  2.477737e+02 
   68.070   22.346001  4.729900e+02  2.477466e+02 
   68.070   22.842001  4.736172e+02  2.477219e+02 
   68.070   23.337000  4.742003e+02  2.477005e+02 
   68.070   23.833000  4.747480e+02  2.476802e+02 
   68.070   24.329000  4.752652e+02  2.476593e+02 
   68.070   24.825001  4.757515e+02  2.476384e+02 
   68.070   25.320000  4.762044e+02  2.476188e+02 
   68.070   25.816000  4.766282e+02  2.476005e+02 
   68.070   26.312000  4.770245e+02  2.475827e+02 
   68.070   26.808001  4.773953e+02  2.475655e+02 
   68.070   27.302999  4.777410e+02  2.475488e+02 
   68.070   27.799000  4.780649e+02  2.475324e+02 
   68.070   28.295000  4.783686e+02  2.475161e+02 
   68.070   28.791000  4.786544e+02  2.474997e+02 
   68.070   29.285999  4.789238e+02  2.474830e+02 
   68.070   29.782000  4.791799e+02  2.474659e+02 
   68.070   30.278000  4.794235e+02  2.474484e+02 
   68.070   30.774000  4.796562e+02  2.474306e+02 
   68.070   31.268999  4.798795e+02  2.474127e+02 
   68.070   31.764999  4.800957e+02  2.473945e+02 
   68.070   32.261002  4.803066e+02  2.473762e+02 
   68.070   32.757000  4.805141e+02  2.473579e+02 
   68.070   33.251999  4.807194e+02  2.473397e+02 
   68.070   33.748001  4.809250e+02  2.473218e+02 
   68.070   34.243999  4.811317e+02  2.473047e+02 
   68.070   34.740002  4.813412e+02  2.472885e+02 
   68.070   35.235001  4.815543e+02  2.472732e+02 
   68.070   35.730999  4.817729e+02  2.472589e+02 
   68.070   36.227001  4.819971e+02  2.472454e+02 
   68.070   36.723000  4.822270e+02  2.472328e+02 
   68.070   37.217999  4.824616e+02  2.472210e+02 
   68.070   37.714001  4.827011e+02  2.472100e+02 
   68.070   38.209999  4.829439e+02  2.471998e+02 
   68.070   38.706001  4.831881e+02  2.471904e+02 
   68.070   39.202000  4.834320e+02  2.471819e+02 
   68.070   39.696999  4.836728e+02  2.471742e+02 
   68.070   40.196999  4.839082e+02  2.471684e+02 
   68.070   45.196999  4.857672e+02  2.471497e+02 
   68.070   50.196999  4.864749e+02  2.471529e+02 
   68.070   55.196999  4.867212e+02  2.471590e+02 
   68.070   60.196999  4.874477e+02  2.471638e+02 
   68.070   65.196999  4.886760e+02  2.471672e+02 
