    0.000    0.000000  0.000000e+00  3.532728e+02 
    0.000    0.103000  0.000000e+00  3.523250e+02 
    0.000    0.206000  0.000000e+00  3.510553e+02 
    0.000    0.309000  0.000000e+00  3.496283e+02 
    0.000    0.412000  0.000000e+00  3.481247e+02 
    0.000    0.515000  0.000000e+00  3.465715e+02 
    0.000    0.618000  0.000000e+00  3.399130e+02 
    0.000    0.721000  0.000000e+00  3.341860e+02 
    0.000    0.824000  0.000000e+00  3.296985e+02 
    0.000    0.926000  0.000000e+00  3.259434e+02 
    0.000    1.029000  0.000000e+00  3.226693e+02 
    0.000    1.132000  0.000000e+00  3.195228e+02 
    0.000    1.235000  0.000000e+00  3.166586e+02 
    0.000    1.338000  0.000000e+00  3.140206e+02 
    0.000    1.441000  0.000000e+00  3.116000e+02 
    0.000    1.544000  0.000000e+00  3.093255e+02 
    0.000    1.647000  0.000000e+00  3.068584e+02 
    0.000    1.750000  0.000000e+00  3.042997e+02 
    0.000    1.852000  0.000000e+00  3.029861e+02 
    0.000    1.955000  0.000000e+00  3.011343e+02 
    0.000    2.058000  0.000000e+00  2.993242e+02 
    0.000    2.161000  0.000000e+00  2.974534e+02 
    0.000    2.264000  0.000000e+00  2.941803e+02 
    0.000    2.367000  0.000000e+00  2.911447e+02 
    0.000    2.470000  0.000000e+00  2.899705e+02 
    0.000    2.573000  0.000000e+00  2.885778e+02 
    0.000    2.676000  0.000000e+00  2.871381e+02 
    0.000    2.779000  0.000000e+00  2.824615e+02 
    0.000    2.881000  0.000000e+00  2.792705e+02 
    0.000    2.984000  0.000000e+00  2.761948e+02 
    0.000    3.087000  0.000000e+00  2.728274e+02 
    0.000    3.190000  0.000000e+00  2.720836e+02 
    0.000    3.293000  0.000000e+00  2.711979e+02 
    0.000    3.396000  0.000000e+00  2.702284e+02 
    0.000    3.499000  0.000000e+00  2.691948e+02 
    0.000    3.602000  0.000000e+00  2.681081e+02 
    0.000    3.705000  0.000000e+00  2.669741e+02 
    0.000    3.807000  0.000000e+00  2.658029e+02 
    0.000    3.910000  0.000000e+00  2.645179e+02 
    0.000    4.013000  0.000000e+00  2.631035e+02 
    0.000    4.116000  0.000000e+00  2.615510e+02 
    0.000    4.219000  0.000000e+00  2.597804e+02 
    0.000    4.322000  0.000000e+00  2.577616e+02 
    0.000    4.425000  0.000000e+00  2.554508e+02 
    0.000    4.528000  0.000000e+00  2.529736e+02 
    0.000    4.631000  0.000000e+00  2.504852e+02 
    0.000    4.733000  0.000000e+00  2.481831e+02 
    0.000    4.836000  0.000000e+00  2.459963e+02 
    0.000    4.939000  0.000000e+00  2.438925e+02 
    0.000    5.042000  0.000000e+00  2.417063e+02 
    0.000    5.145000  0.000000e+00  2.392417e+02 
    0.000    5.248000  0.000000e+00  2.364687e+02 
    0.000    5.351000  0.000000e+00  2.334307e+02 
    0.000    5.454000  0.000000e+00  2.302143e+02 
    0.000    5.557000  0.000000e+00  2.270697e+02 
    0.000    5.659000  0.000000e+00  2.240982e+02 
    0.000    5.762000  0.000000e+00  2.211777e+02 
    0.000    5.865000  0.000000e+00  2.186109e+02 
    0.000    5.968000  0.000000e+00  2.164982e+02 
    0.000    6.071000  0.000000e+00  2.147344e+02 
    0.000    6.174000  0.000000e+00  2.130706e+02 
    0.000    6.277000  0.000000e+00  2.114569e+02 
    0.000    6.380000  0.000000e+00  2.099951e+02 
    0.000    6.483000  0.000000e+00  2.086918e+02 
    0.000    6.585000  0.000000e+00  2.075106e+02 
    0.000    6.688000  0.000000e+00  2.064721e+02 
    0.000    6.791000  0.000000e+00  2.057817e+02 
    0.000    6.894000  0.000000e+00  2.051048e+02 
    0.000    6.997000  0.000000e+00  2.044477e+02 
    0.000    7.100000  0.000000e+00  2.038094e+02 
    0.000    7.203000  0.000000e+00  2.032951e+02 
    0.000    7.306000  0.000000e+00  2.029081e+02 
    0.000    7.409000  0.000000e+00  2.021286e+02 
    0.000    7.511000  0.000000e+00  2.016512e+02 
    0.000    7.614000  0.000000e+00  2.012435e+02 
    0.000    7.717000  0.000000e+00  2.005864e+02 
    0.000    7.820000  0.000000e+00  1.998862e+02 
    0.000    7.923000  0.000000e+00  1.994958e+02 
    0.000    8.026000  0.000000e+00  1.990052e+02 
    0.000    8.129000  0.000000e+00  1.988416e+02 
    0.000    8.232000  0.000000e+00  1.984560e+02 
    0.000    8.335000  0.000000e+00  1.981200e+02 
    0.000    8.437000  0.000000e+00  1.978440e+02 
    0.000    8.540000  0.000000e+00  1.974864e+02 
    0.000    8.643000  0.000000e+00  1.974556e+02 
    0.000    8.746000  0.000000e+00  1.974068e+02 
    0.000    8.849000  0.000000e+00  1.973483e+02 
    0.000    8.952000  0.000000e+00  1.972840e+02 
    0.000    9.055000  0.000000e+00  1.972157e+02 
    0.000    9.158000  0.000000e+00  1.971454e+02 
    0.000    9.261000  0.000000e+00  1.970821e+02 
    0.000    9.364000  0.000000e+00  1.970236e+02 
    0.000    9.466000  0.000000e+00  1.969699e+02 
    0.000    9.569000  0.000000e+00  1.969271e+02 
    0.000    9.672000  0.000000e+00  1.968927e+02 
    0.000    9.775000  0.000000e+00  1.968677e+02 
    0.000    9.878000  0.000000e+00  1.968616e+02 
    0.000    9.981000  0.000000e+00  1.968688e+02 
    0.000   10.084000  0.000000e+00  1.968798e+02 
    0.000   10.187000  0.000000e+00  1.968848e+02 
    0.000   10.290000  0.000000e+00  1.968862e+02 
    0.000   10.392000  0.000000e+00  1.968841e+02 
    0.000   10.495000  0.000000e+00  1.968741e+02 
    0.000   10.598000  0.000000e+00  1.968591e+02 
    0.000   10.701000  0.000000e+00  1.968417e+02 
    0.000   10.804000  0.000000e+00  1.968223e+02 
    0.000   10.907000  0.000000e+00  1.968018e+02 
    0.000   11.010000  0.000000e+00  1.967780e+02 
    0.000   11.113000  0.000000e+00  1.967449e+02 
    0.000   11.216000  0.000000e+00  1.967050e+02 
    0.000   11.318000  0.000000e+00  1.966616e+02 
    0.000   11.421000  0.000000e+00  1.966136e+02 
    0.000   11.524000  0.000000e+00  1.965627e+02 
    0.000   11.627000  0.000000e+00  1.965100e+02 
    0.000   11.730000  0.000000e+00  1.964578e+02 
    0.000   11.833000  0.000000e+00  1.964061e+02 
    0.000   11.936000  0.000000e+00  1.963544e+02 
    0.000   12.039000  0.000000e+00  1.963025e+02 
    0.000   12.142000  0.000000e+00  1.962505e+02 
    0.000   12.243999  0.000000e+00  1.961989e+02 
    0.000   12.347000  0.000000e+00  1.961460e+02 
    0.000   12.450000  0.000000e+00  1.960924e+02 
    0.000   12.552999  0.000000e+00  1.960384e+02 
    0.000   12.656000  0.000000e+00  1.959852e+02 
    0.000   12.759000  0.000000e+00  1.959330e+02 
    0.000   12.862000  0.000000e+00  1.958814e+02 
    0.000   12.965000  0.000000e+00  1.958313e+02 
    0.000   13.068000  0.000000e+00  1.957835e+02 
    0.000   13.170000  0.000000e+00  1.957376e+02 
    0.000   13.273000  0.000000e+00  1.956927e+02 
    0.000   13.375999  0.000000e+00  1.956496e+02 
    0.000   13.479000  0.000000e+00  1.956077e+02 
    0.000   13.582000  0.000000e+00  1.955670e+02 
    0.000   13.684999  0.000000e+00  1.955275e+02 
    0.000   13.788000  0.000000e+00  1.954889e+02 
    0.000   13.891000  0.000000e+00  1.954512e+02 
    0.000   13.993999  0.000000e+00  1.954153e+02 
    0.000   14.097000  0.000000e+00  1.953810e+02 
    0.000   14.199000  0.000000e+00  1.953482e+02 
    0.000   14.302000  0.000000e+00  1.953168e+02 
    0.000   14.405000  0.000000e+00  1.952874e+02 
    0.000   14.507999  0.000000e+00  1.952596e+02 
    0.000   14.611000  0.000000e+00  1.952324e+02 
    0.000   14.714000  0.000000e+00  1.952045e+02 
    0.000   14.816999  0.000000e+00  1.951763e+02 
    0.000   14.920000  0.000000e+00  1.951482e+02 
    0.000   15.023000  0.000000e+00  1.951196e+02 
    0.000   15.125000  0.000000e+00  1.950909e+02 
    0.000   15.228000  0.000000e+00  1.950619e+02 
    0.000   15.331000  0.000000e+00  1.950341e+02 
    0.000   15.434000  0.000000e+00  1.950080e+02 
    0.000   15.537000  0.000000e+00  1.949833e+02 
    0.000   15.640000  0.000000e+00  1.949588e+02 
    0.000   15.743000  0.000000e+00  1.949320e+02 
    0.000   15.846000  0.000000e+00  1.949035e+02 
    0.000   15.949000  0.000000e+00  1.948740e+02 
    0.000   16.051001  0.000000e+00  1.948411e+02 
    0.000   16.154001  0.000000e+00  1.948041e+02 
    0.000   16.257000  0.000000e+00  1.947648e+02 
    0.000   16.360001  0.000000e+00  1.947241e+02 
    0.000   16.463001  0.000000e+00  1.946830e+02 
    0.000   16.566000  0.000000e+00  1.946416e+02 
    0.000   16.669001  0.000000e+00  1.945997e+02 
    0.000   16.772001  0.000000e+00  1.945600e+02 
    0.000   16.875000  0.000000e+00  1.945220e+02 
    0.000   16.977001  0.000000e+00  1.944855e+02 
    0.000   17.080000  0.000000e+00  1.944505e+02 
    0.000   17.183001  0.000000e+00  1.944184e+02 
    0.000   17.286001  0.000000e+00  1.943884e+02 
    0.000   17.389000  0.000000e+00  1.943599e+02 
    0.000   17.492001  0.000000e+00  1.943332e+02 
    0.000   17.595001  0.000000e+00  1.943080e+02 
    0.000   17.698000  0.000000e+00  1.942839e+02 
    0.000   17.801001  0.000000e+00  1.942605e+02 
    0.000   17.903002  0.000000e+00  1.942374e+02 
    0.000   18.006001  0.000000e+00  1.942144e+02 
    0.000   18.109001  0.000000e+00  1.941918e+02 
    0.000   18.212000  0.000000e+00  1.941689e+02 
    0.000   18.315001  0.000000e+00  1.941457e+02 
    0.000   18.418001  0.000000e+00  1.941225e+02 
    0.000   18.521000  0.000000e+00  1.940994e+02 
    0.000   18.624001  0.000000e+00  1.940766e+02 
    0.000   18.727001  0.000000e+00  1.940543e+02 
    0.000   18.830000  0.000000e+00  1.940322e+02 
    0.000   18.932001  0.000000e+00  1.940102e+02 
    0.000   19.035002  0.000000e+00  1.939877e+02 
    0.000   19.138000  0.000000e+00  1.939648e+02 
    0.000   19.241001  0.000000e+00  1.939419e+02 
    0.000   19.344002  0.000000e+00  1.939186e+02 
    0.000   19.447001  0.000000e+00  1.938948e+02 
    0.000   19.550001  0.000000e+00  1.938708e+02 
    0.000   19.653002  0.000000e+00  1.938466e+02 
    0.000   19.756001  0.000000e+00  1.938228e+02 
    0.000   19.858002  0.000000e+00  1.937998e+02 
    0.000   19.961000  0.000000e+00  1.937768e+02 
    0.000   20.064001  0.000000e+00  1.937541e+02 
    0.000   20.364000  0.000000e+00  1.936937e+02 
    0.000   20.859001  0.000000e+00  1.936075e+02 
    0.000   21.355001  0.000000e+00  1.935313e+02 
    0.000   21.851002  0.000000e+00  1.934652e+02 
    0.000   22.347000  0.000000e+00  1.933964e+02 
    0.000   22.842001  0.000000e+00  1.933244e+02 
    0.000   23.338001  0.000000e+00  1.932602e+02 
    0.000   23.834002  0.000000e+00  1.932131e+02 
    0.000   24.330000  0.000000e+00  1.931844e+02 
    0.000   24.825001  0.000000e+00  1.931662e+02 
    0.000   25.321001  0.000000e+00  1.931609e+02 
    0.000   25.817001  0.000000e+00  1.931692e+02 
    0.000   26.313002  0.000000e+00  1.931847e+02 
    0.000   26.808001  0.000000e+00  1.932066e+02 
    0.000   27.304001  0.000000e+00  1.932311e+02 
    0.000   27.800001  0.000000e+00  1.932566e+02 
    0.000   28.296001  0.000000e+00  1.932858e+02 
    0.000   28.791000  0.000000e+00  1.933219e+02 
    0.000   29.287001  0.000000e+00  1.933671e+02 
    0.000   29.783001  0.000000e+00  1.934192e+02 
    0.000   30.279001  0.000000e+00  1.934762e+02 
    0.000   30.774000  0.000000e+00  1.935336e+02 
    0.000   31.270000  0.000000e+00  1.935907e+02 
    0.000   31.766001  0.000000e+00  1.936472e+02 
    0.000   32.261997  0.000000e+00  1.937043e+02 
    0.000   32.757000  0.000000e+00  1.937626e+02 
    0.000   33.252998  0.000000e+00  1.938239e+02 
    0.000   33.749001  0.000000e+00  1.938882e+02 
    0.000   34.244999  0.000000e+00  1.939553e+02 
    0.000   34.739998  0.000000e+00  1.940209e+02 
    0.000   35.236000  0.000000e+00  1.940841e+02 
    0.000   35.731998  0.000000e+00  1.941431e+02 
    0.000   36.228001  0.000000e+00  1.941985e+02 
    0.000   36.723000  0.000000e+00  1.942497e+02 
    0.000   37.218998  0.000000e+00  1.942975e+02 
    0.000   37.715000  0.000000e+00  1.943427e+02 
    0.000   38.210999  0.000000e+00  1.943856e+02 
    0.000   38.705997  0.000000e+00  1.944286e+02 
    0.000   39.202000  0.000000e+00  1.944727e+02 
    0.000   39.697998  0.000000e+00  1.945196e+02 
    0.000   40.197998  0.000000e+00  1.945708e+02 
    0.000   45.197998  0.000000e+00  1.950232e+02 
    0.000   50.197998  0.000000e+00  1.952476e+02 
    0.000   55.197998  0.000000e+00  1.952462e+02 
    0.000   60.197998  0.000000e+00  1.951777e+02 
    0.000   65.198006  0.000000e+00  1.951255e+02 
