   67.579    0.000000  6.513486e-14  6.426675e+00 
   67.579    0.103000  6.548669e-14  6.523651e+00 
   67.579    0.205000  6.583297e-14  6.621047e+00 
   67.579    0.308000  6.618150e-14  6.719773e+00 
   67.579    0.411000  6.652982e-14  6.818424e+00 
   67.579    0.514000  6.687727e-14  6.916810e+00 
   67.579    0.617000  9.797900e-14  9.716277e+00 
   67.579    0.720000  1.820361e-13  1.389228e+01 
   67.579    0.823000  3.964407e-13  1.875678e+01 
   67.579    0.926000  1.004317e-12  2.428000e+01 
   67.579    1.029000  2.964224e-12  3.050909e+01 
   67.579    1.131000  9.882080e-12  3.725139e+01 
   67.579    1.234000  3.748944e-11  4.453967e+01 
   67.579    1.337000  1.573141e-10  5.221469e+01 
   67.579    1.440000  7.481056e-10  6.049948e+01 
   67.579    1.543000  4.010572e-09  6.938810e+01 
   67.579    1.646000  2.405000e-08  7.886909e+01 
   67.579    1.749000  1.605342e-07  8.895730e+01 
   67.579    1.852000  5.935074e-05  1.161176e+02 
   67.579    1.955000  8.651478e-03  1.430417e+02 
   67.579    2.057000  4.514399e-01  1.720574e+02 
   67.579    2.160000  8.485849e+00  2.055316e+02 
   67.579    2.263000  6.258810e+01  2.403215e+02 
   67.579    2.366000  2.365840e+02  2.683210e+02 
   67.579    2.469000  2.388858e+02  2.680959e+02 
   67.579    2.572000  2.405133e+02  2.679219e+02 
   67.579    2.675000  2.419315e+02  2.677751e+02 
   67.579    2.778000  2.433479e+02  2.676758e+02 
   67.579    2.881000  2.447710e+02  2.676145e+02 
   67.579    2.983000  2.458807e+02  2.675398e+02 
   67.579    3.086000  2.469870e+02  2.674877e+02 
   67.579    3.189000  2.480810e+02  2.674552e+02 
   67.579    3.292000  2.520340e+02  2.678617e+02 
   67.579    3.395000  2.531196e+02  2.678586e+02 
   67.579    3.498000  2.541963e+02  2.678690e+02 
   67.579    3.601000  2.552655e+02  2.678911e+02 
   67.579    3.704000  2.563298e+02  2.679231e+02 
   67.579    3.807000  2.573888e+02  2.679641e+02 
   67.579    3.909000  2.584322e+02  2.680128e+02 
   67.579    4.012000  2.594798e+02  2.680693e+02 
   67.579    4.115000  2.605214e+02  2.681325e+02 
   67.579    4.218000  2.615573e+02  2.682017e+02 
   67.579    4.321000  2.625861e+02  2.682766e+02 
   67.579    4.424000  2.636077e+02  2.683564e+02 
   67.579    4.527000  2.650318e+02  2.684752e+02 
   67.579    4.630000  2.665324e+02  2.686047e+02 
   67.579    4.733000  2.680905e+02  2.687428e+02 
   67.579    4.835000  2.696914e+02  2.688881e+02 
   67.579    4.938000  2.711836e+02  2.690276e+02 
   67.579    5.041000  2.725926e+02  2.691938e+02 
   67.579    5.144000  2.739959e+02  2.693625e+02 
   67.579    5.247000  2.753896e+02  2.695334e+02 
   67.579    5.350000  2.767628e+02  2.697045e+02 
   67.579    5.453000  2.781072e+02  2.698748e+02 
   67.579    5.556000  2.794250e+02  2.700447e+02 
   67.579    5.659000  2.813418e+02  2.702419e+02 
   67.579    5.761000  2.833475e+02  2.704488e+02 
   67.579    5.864000  2.854010e+02  2.706627e+02 
   67.579    5.967000  2.874802e+02  2.708813e+02 
   67.579    6.070000  2.896105e+02  2.711061e+02 
   67.579    6.173000  2.917899e+02  2.713363e+02 
   67.579    6.276000  2.941193e+02  2.715800e+02 
   67.579    6.379000  2.964330e+02  2.718225e+02 
   67.579    6.482000  3.196436e+02  2.737263e+02 
   67.579    6.585000  3.472692e+02  2.757632e+02 
   67.579    6.688000  3.754550e+02  2.776277e+02 
   67.579    6.790000  3.809406e+02  2.780029e+02 
   67.579    6.893000  3.890987e+02  2.785355e+02 
   67.579    6.996000  3.944533e+02  2.788943e+02 
   67.579    7.099000  3.974760e+02  2.791140e+02 
   67.579    7.202000  4.008094e+02  2.793532e+02 
   67.579    7.305000  4.037021e+02  2.795686e+02 
   67.579    7.408000  4.067147e+02  2.797926e+02 
   67.579    7.511000  4.097623e+02  2.800210e+02 
   67.579    7.614000  4.125124e+02  2.802359e+02 
   67.579    7.716000  4.155473e+02  2.804665e+02 
   67.579    7.819000  4.184925e+02  2.806899e+02 
   67.579    7.922000  4.212881e+02  2.809021e+02 
   67.579    8.025001  4.247769e+02  2.811478e+02 
   67.579    8.128000  4.276488e+02  2.813571e+02 
   67.579    8.231001  4.306212e+02  2.815684e+02 
   67.579    8.334001  4.332975e+02  2.817619e+02 
   67.579    8.437000  4.361760e+02  2.819639e+02 
   67.579    8.540000  4.394677e+02  2.821844e+02 
   67.579    8.642000  4.421591e+02  2.823728e+02 
   67.579    8.745001  4.448522e+02  2.825599e+02 
   67.579    8.848001  4.474203e+02  2.827390e+02 
   67.579    8.951000  4.479328e+02  2.828152e+02 
   67.579    9.054001  4.484378e+02  2.828896e+02 
   67.579    9.157001  4.489386e+02  2.829623e+02 
   67.579    9.260000  4.494405e+02  2.830329e+02 
   67.579    9.363001  4.499456e+02  2.831015e+02 
   67.579    9.466001  4.504202e+02  2.831693e+02 
   67.579    9.568001  4.508911e+02  2.832345e+02 
   67.579    9.671000  4.513678e+02  2.832985e+02 
   67.579    9.774000  4.518421e+02  2.833607e+02 
   67.579    9.877001  4.523100e+02  2.834212e+02 
   67.579    9.980000  4.527703e+02  2.834800e+02 
   67.579   10.083000  4.532223e+02  2.835373e+02 
   67.579   10.186001  4.536968e+02  2.835923e+02 
   67.579   10.289001  4.541595e+02  2.836461e+02 
   67.579   10.392000  4.546130e+02  2.836987e+02 
   67.579   10.494000  4.550561e+02  2.837498e+02 
   67.579   10.597000  4.554980e+02  2.838003e+02 
   67.579   10.700001  4.559341e+02  2.838499e+02 
   67.579   10.803000  4.563641e+02  2.838987e+02 
   67.579   10.906000  4.567880e+02  2.839467e+02 
   67.579   11.009001  4.572060e+02  2.839940e+02 
   67.579   11.112000  4.576184e+02  2.840407e+02 
   67.579   11.215000  4.580253e+02  2.840868e+02 
   67.579   11.318001  4.584268e+02  2.841323e+02 
   67.579   11.420000  4.588192e+02  2.841769e+02 
   67.579   11.523001  4.592101e+02  2.842215e+02 
   67.579   11.626000  4.595957e+02  2.842656e+02 
   67.579   11.729000  4.599760e+02  2.843092e+02 
   67.579   11.832001  4.603509e+02  2.843522e+02 
   67.579   11.935000  4.607204e+02  2.843947e+02 
   67.579   12.038000  4.610848e+02  2.844367e+02 
   67.579   12.141001  4.614442e+02  2.844781e+02 
   67.579   12.244000  4.617986e+02  2.845189e+02 
   67.579   12.347000  4.621482e+02  2.845591e+02 
   67.579   12.449000  4.624897e+02  2.845983e+02 
   67.579   12.552000  4.628299e+02  2.846372e+02 
   67.579   12.655001  4.631656e+02  2.846755e+02 
   67.579   12.758000  4.634971e+02  2.847132e+02 
   67.579   12.861000  4.638245e+02  2.847501e+02 
   67.579   12.964001  4.641481e+02  2.847863e+02 
   67.579   13.067000  4.644680e+02  2.848218e+02 
   67.579   13.170000  4.647841e+02  2.848565e+02 
   67.579   13.273001  4.650966e+02  2.848905e+02 
   67.579   13.375000  4.654025e+02  2.849233e+02 
   67.579   13.478001  4.657078e+02  2.849557e+02 
   67.579   13.581000  4.660096e+02  2.849873e+02 
   67.579   13.684000  4.663080e+02  2.850180e+02 
   67.579   13.787001  4.666031e+02  2.850479e+02 
   67.579   13.890000  4.668948e+02  2.850770e+02 
   67.579   13.993000  4.671833e+02  2.851052e+02 
   67.579   14.096001  4.674687e+02  2.851326e+02 
   67.579   14.199000  4.677509e+02  2.851591e+02 
   67.579   14.301001  4.680273e+02  2.851845e+02 
   67.579   14.404000  4.683033e+02  2.852094e+02 
   67.579   14.507000  4.685762e+02  2.852336e+02 
   67.579   14.610001  4.688458e+02  2.852571e+02 
   67.579   14.713000  4.691122e+02  2.852800e+02 
   67.579   14.816000  4.693755e+02  2.853023e+02 
   67.579   14.919001  4.696354e+02  2.853241e+02 
   67.579   15.022000  4.698922e+02  2.853453e+02 
   67.579   15.125000  4.701458e+02  2.853661e+02 
   67.579   15.227000  4.703938e+02  2.853863e+02 
   67.579   15.330001  4.706412e+02  2.854062e+02 
   67.579   15.433001  4.708855e+02  2.854256e+02 
   67.579   15.536000  4.711267e+02  2.854445e+02 
   67.579   15.639001  4.713650e+02  2.854630e+02 
   67.579   15.742001  4.716003e+02  2.854810e+02 
   67.579   15.845000  4.718328e+02  2.854985e+02 
   67.579   15.948001  4.720625e+02  2.855155e+02 
   67.579   16.050999  4.722897e+02  2.855321e+02 
   67.579   16.153000  4.725124e+02  2.855480e+02 
   67.579   16.255999  4.727348e+02  2.855637e+02 
   67.579   16.358999  4.729548e+02  2.855788e+02 
   67.579   16.462000  4.731726e+02  2.855935e+02 
   67.579   16.564999  4.733882e+02  2.856076e+02 
   67.579   16.667999  4.736017e+02  2.856213e+02 
   67.579   16.771000  4.738131e+02  2.856343e+02 
   67.579   16.873999  4.740227e+02  2.856467e+02 
   67.579   16.976999  4.742304e+02  2.856586e+02 
   67.579   17.080000  4.744365e+02  2.856696e+02 
   67.579   17.181999  4.746392e+02  2.856797e+02 
   67.579   17.285000  4.748425e+02  2.856890e+02 
   67.579   17.387999  4.750446e+02  2.856975e+02 
   67.579   17.490999  4.752454e+02  2.857050e+02 
   67.579   17.594000  4.754451e+02  2.857116e+02 
   67.579   17.696999  4.756436e+02  2.857173e+02 
   67.579   17.799999  4.758408e+02  2.857223e+02 
   67.579   17.903000  4.760364e+02  2.857266e+02 
   67.579   18.005999  4.762306e+02  2.857303e+02 
   67.579   18.108000  4.764212e+02  2.857334e+02 
   67.579   18.210999  4.766121e+02  2.857361e+02 
   67.579   18.313999  4.768012e+02  2.857382e+02 
   67.579   18.417000  4.769888e+02  2.857399e+02 
   67.579   18.519999  4.771747e+02  2.857411e+02 
   67.579   18.622999  4.773590e+02  2.857417e+02 
   67.579   18.726000  4.775420e+02  2.857419e+02 
   67.579   18.828999  4.777234e+02  2.857415e+02 
   67.579   18.931999  4.779034e+02  2.857406e+02 
   67.579   19.034000  4.780802e+02  2.857393e+02 
   67.579   19.136999  4.782575e+02  2.857375e+02 
   67.579   19.240000  4.784334e+02  2.857352e+02 
   67.579   19.343000  4.786079e+02  2.857325e+02 
   67.579   19.445999  4.787812e+02  2.857294e+02 
   67.579   19.549000  4.789532e+02  2.857259e+02 
   67.579   19.652000  4.791238e+02  2.857219e+02 
   67.579   19.754999  4.792931e+02  2.857176e+02 
   67.579   19.858000  4.794612e+02  2.857128e+02 
   67.579   19.959999  4.796264e+02  2.857078e+02 
   67.579   20.063000  4.797923e+02  2.857021e+02 
   67.579   20.362999  4.802704e+02  2.856824e+02 
   67.579   20.858000  4.810367e+02  2.856433e+02 
   67.579   21.354000  4.817765e+02  2.855966e+02 
   67.579   21.850000  4.824881e+02  2.855437e+02 
   67.579   22.345999  4.831653e+02  2.854894e+02 
   67.579   22.841000  4.838008e+02  2.854383e+02 
   67.579   23.337000  4.843948e+02  2.853921e+02 
   67.579   23.833000  4.849492e+02  2.853499e+02 
   67.579   24.328999  4.854702e+02  2.853094e+02 
   67.579   24.823999  4.859597e+02  2.852700e+02 
   67.579   25.320000  4.864185e+02  2.852326e+02 
   67.579   25.816000  4.868465e+02  2.851978e+02 
   67.579   26.312000  4.872460e+02  2.851652e+02 
   67.579   26.806999  4.876194e+02  2.851339e+02 
   67.579   27.302999  4.879693e+02  2.851040e+02 
   67.579   27.799000  4.882958e+02  2.850756e+02 
   67.579   28.295000  4.886009e+02  2.850483e+02 
   67.579   28.789999  4.888869e+02  2.850219e+02 
   67.579   29.285999  4.891575e+02  2.849956e+02 
   67.579   29.782000  4.894146e+02  2.849695e+02 
   67.579   30.278000  4.896597e+02  2.849432e+02 
   67.579   30.772999  4.898940e+02  2.849170e+02 
   67.579   31.268999  4.901201e+02  2.848908e+02 
   67.579   31.764999  4.903391e+02  2.848648e+02 
   67.579   32.260998  4.905533e+02  2.848389e+02 
   67.579   32.756001  4.907641e+02  2.848133e+02 
   67.579   33.251999  4.909738e+02  2.847883e+02 
   67.579   33.748001  4.911838e+02  2.847642e+02 
   67.579   34.243999  4.913952e+02  2.847412e+02 
   67.579   34.738998  4.916093e+02  2.847195e+02 
   67.579   35.235001  4.918280e+02  2.846991e+02 
   67.579   35.730999  4.920520e+02  2.846800e+02 
   67.579   36.227001  4.922818e+02  2.846621e+02 
   67.579   36.723000  4.925175e+02  2.846454e+02 
   67.579   37.217999  4.927581e+02  2.846298e+02 
   67.579   37.714001  4.930033e+02  2.846153e+02 
   67.579   38.209999  4.932513e+02  2.846018e+02 
   67.579   38.706001  4.935002e+02  2.845893e+02 
   67.579   39.201000  4.937477e+02  2.845779e+02 
   67.579   39.696999  4.939924e+02  2.845676e+02 
   67.579   40.196999  4.942309e+02  2.845596e+02 
   67.579   45.196999  4.961033e+02  2.845281e+02 
   67.579   50.196999  4.968124e+02  2.845261e+02 
   67.579   55.196999  4.970619e+02  2.845299e+02 
   67.579   60.196999  4.978167e+02  2.845337e+02 
   67.579   65.197006  4.990524e+02  2.845365e+02 
