    0.000    0.000000  0.000000e+00  3.525482e+02 
    0.000    0.103000  0.000000e+00  3.515475e+02 
    0.000    0.206000  0.000000e+00  3.502270e+02 
    0.000    0.309000  0.000000e+00  3.488792e+02 
    0.000    0.412000  0.000000e+00  3.474984e+02 
    0.000    0.514000  0.000000e+00  3.461088e+02 
    0.000    0.617000  0.000000e+00  3.444166e+02 
    0.000    0.720000  0.000000e+00  3.424535e+02 
    0.000    0.823000  0.000000e+00  3.402838e+02 
    0.000    0.926000  0.000000e+00  3.379062e+02 
    0.000    1.029000  0.000000e+00  3.353215e+02 
    0.000    1.132000  0.000000e+00  3.325909e+02 
    0.000    1.235000  0.000000e+00  3.296620e+02 
    0.000    1.338000  0.000000e+00  3.266597e+02 
    0.000    1.440000  0.000000e+00  3.236452e+02 
    0.000    1.543000  0.000000e+00  3.205667e+02 
    0.000    1.646000  0.000000e+00  3.173759e+02 
    0.000    1.749000  0.000000e+00  3.140382e+02 
    0.000    1.852000  0.000000e+00  3.008134e+02 
    0.000    1.955000  0.000000e+00  2.989492e+02 
    0.000    2.058000  0.000000e+00  2.970776e+02 
    0.000    2.161000  0.000000e+00  2.947786e+02 
    0.000    2.264000  0.000000e+00  2.917126e+02 
    0.000    2.366000  0.000000e+00  2.910500e+02 
    0.000    2.469000  0.000000e+00  2.902127e+02 
    0.000    2.572000  0.000000e+00  2.892859e+02 
    0.000    2.675000  0.000000e+00  2.882970e+02 
    0.000    2.778000  0.000000e+00  2.872614e+02 
    0.000    2.881000  0.000000e+00  2.861870e+02 
    0.000    2.984000  0.000000e+00  2.850710e+02 
    0.000    3.087000  0.000000e+00  2.839321e+02 
    0.000    3.190000  0.000000e+00  2.827663e+02 
    0.000    3.292000  0.000000e+00  2.815968e+02 
    0.000    3.395000  0.000000e+00  2.804007e+02 
    0.000    3.498000  0.000000e+00  2.791764e+02 
    0.000    3.601000  0.000000e+00  2.779100e+02 
    0.000    3.704000  0.000000e+00  2.765757e+02 
    0.000    3.807000  0.000000e+00  2.751410e+02 
    0.000    3.910000  0.000000e+00  2.735723e+02 
    0.000    4.013000  0.000000e+00  2.718582e+02 
    0.000    4.116000  0.000000e+00  2.699145e+02 
    0.000    4.219000  0.000000e+00  2.677337e+02 
    0.000    4.321000  0.000000e+00  2.651973e+02 
    0.000    4.424000  0.000000e+00  2.623988e+02 
    0.000    4.527000  0.000000e+00  2.594330e+02 
    0.000    4.630000  0.000000e+00  2.565136e+02 
    0.000    4.733000  0.000000e+00  2.538805e+02 
    0.000    4.836000  0.000000e+00  2.516984e+02 
    0.000    4.939000  0.000000e+00  2.499781e+02 
    0.000    5.042000  0.000000e+00  2.486161e+02 
    0.000    5.145000  0.000000e+00  2.474523e+02 
    0.000    5.247000  0.000000e+00  2.464368e+02 
    0.000    5.350000  0.000000e+00  2.454110e+02 
    0.000    5.453000  0.000000e+00  2.443910e+02 
    0.000    5.556000  0.000000e+00  2.433753e+02 
    0.000    5.659000  0.000000e+00  2.423681e+02 
    0.000    5.762000  0.000000e+00  2.413721e+02 
    0.000    5.865000  0.000000e+00  2.403874e+02 
    0.000    5.968000  0.000000e+00  2.394179e+02 
    0.000    6.071000  0.000000e+00  2.384655e+02 
    0.000    6.173000  0.000000e+00  2.375369e+02 
    0.000    6.276000  0.000000e+00  2.366188e+02 
    0.000    6.379000  0.000000e+00  2.357243e+02 
    0.000    6.482000  0.000000e+00  2.347863e+02 
    0.000    6.585000  0.000000e+00  2.338638e+02 
    0.000    6.688000  0.000000e+00  2.329072e+02 
    0.000    6.791000  0.000000e+00  2.319604e+02 
    0.000    6.894000  0.000000e+00  2.310455e+02 
    0.000    6.997000  0.000000e+00  2.301772e+02 
    0.000    7.099000  0.000000e+00  2.293512e+02 
    0.000    7.202000  0.000000e+00  2.286695e+02 
    0.000    7.305000  0.000000e+00  2.281323e+02 
    0.000    7.408000  0.000000e+00  2.276814e+02 
    0.000    7.511000  0.000000e+00  2.273627e+02 
    0.000    7.614000  0.000000e+00  2.271156e+02 
    0.000    7.717000  0.000000e+00  2.269226e+02 
    0.000    7.820000  0.000000e+00  2.267615e+02 
    0.000    7.923000  0.000000e+00  2.266392e+02 
    0.000    8.025000  0.000000e+00  2.265075e+02 
    0.000    8.127999  0.000000e+00  2.263605e+02 
    0.000    8.231000  0.000000e+00  2.262021e+02 
    0.000    8.334000  0.000000e+00  2.260213e+02 
    0.000    8.436999  0.000000e+00  2.258301e+02 
    0.000    8.540000  0.000000e+00  2.256326e+02 
    0.000    8.643000  0.000000e+00  2.254194e+02 
    0.000    8.745999  0.000000e+00  2.251985e+02 
    0.000    8.849000  0.000000e+00  2.250906e+02 
    0.000    8.950999  0.000000e+00  2.249831e+02 
    0.000    9.054000  0.000000e+00  2.248741e+02 
    0.000    9.157000  0.000000e+00  2.247662e+02 
    0.000    9.259999  0.000000e+00  2.246713e+02 
    0.000    9.363000  0.000000e+00  2.245855e+02 
    0.000    9.466000  0.000000e+00  2.245055e+02 
    0.000    9.568999  0.000000e+00  2.244328e+02 
    0.000    9.672000  0.000000e+00  2.243659e+02 
    0.000    9.775000  0.000000e+00  2.243079e+02 
    0.000    9.877999  0.000000e+00  2.242677e+02 
    0.000    9.980000  0.000000e+00  2.242406e+02 
    0.000   10.082999  0.000000e+00  2.242169e+02 
    0.000   10.186000  0.000000e+00  2.241885e+02 
    0.000   10.289000  0.000000e+00  2.241579e+02 
    0.000   10.391999  0.000000e+00  2.241256e+02 
    0.000   10.495000  0.000000e+00  2.240891e+02 
    0.000   10.598000  0.000000e+00  2.240506e+02 
    0.000   10.700999  0.000000e+00  2.240103e+02 
    0.000   10.804000  0.000000e+00  2.239668e+02 
    0.000   10.905999  0.000000e+00  2.239220e+02 
    0.000   11.009000  0.000000e+00  2.238732e+02 
    0.000   11.112000  0.000000e+00  2.238150e+02 
    0.000   11.214999  0.000000e+00  2.237504e+02 
    0.000   11.318000  0.000000e+00  2.236823e+02 
    0.000   11.421000  0.000000e+00  2.236113e+02 
    0.000   11.523999  0.000000e+00  2.235382e+02 
    0.000   11.627000  0.000000e+00  2.234640e+02 
    0.000   11.730000  0.000000e+00  2.233900e+02 
    0.000   11.832000  0.000000e+00  2.233169e+02 
    0.000   11.934999  0.000000e+00  2.232432e+02 
    0.000   12.037999  0.000000e+00  2.231682e+02 
    0.000   12.141000  0.000000e+00  2.230922e+02 
    0.000   12.243999  0.000000e+00  2.230160e+02 
    0.000   12.346999  0.000000e+00  2.229407e+02 
    0.000   12.450000  0.000000e+00  2.228665e+02 
    0.000   12.552999  0.000000e+00  2.227929e+02 
    0.000   12.655999  0.000000e+00  2.227232e+02 
    0.000   12.757999  0.000000e+00  2.226584e+02 
    0.000   12.861000  0.000000e+00  2.225958e+02 
    0.000   12.964000  0.000000e+00  2.225357e+02 
    0.000   13.066999  0.000000e+00  2.224780e+02 
    0.000   13.170000  0.000000e+00  2.224222e+02 
    0.000   13.273000  0.000000e+00  2.223681e+02 
    0.000   13.375999  0.000000e+00  2.223156e+02 
    0.000   13.479000  0.000000e+00  2.222645e+02 
    0.000   13.582000  0.000000e+00  2.222146e+02 
    0.000   13.684000  0.000000e+00  2.221666e+02 
    0.000   13.787000  0.000000e+00  2.221194e+02 
    0.000   13.889999  0.000000e+00  2.220732e+02 
    0.000   13.993000  0.000000e+00  2.220273e+02 
    0.000   14.096000  0.000000e+00  2.219818e+02 
    0.000   14.198999  0.000000e+00  2.219369e+02 
    0.000   14.302000  0.000000e+00  2.218928e+02 
    0.000   14.405000  0.000000e+00  2.218498e+02 
    0.000   14.507999  0.000000e+00  2.218077e+02 
    0.000   14.610000  0.000000e+00  2.217666e+02 
    0.000   14.712999  0.000000e+00  2.217253e+02 
    0.000   14.816000  0.000000e+00  2.216843e+02 
    0.000   14.919000  0.000000e+00  2.216438e+02 
    0.000   15.021999  0.000000e+00  2.216028e+02 
    0.000   15.125000  0.000000e+00  2.215616e+02 
    0.000   15.228000  0.000000e+00  2.215205e+02 
    0.000   15.330999  0.000000e+00  2.214806e+02 
    0.000   15.434000  0.000000e+00  2.214425e+02 
    0.000   15.537000  0.000000e+00  2.214056e+02 
    0.000   15.639000  0.000000e+00  2.213703e+02 
    0.000   15.742000  0.000000e+00  2.213366e+02 
    0.000   15.844999  0.000000e+00  2.213046e+02 
    0.000   15.947999  0.000000e+00  2.212738e+02 
    0.000   16.051001  0.000000e+00  2.212395e+02 
    0.000   16.154001  0.000000e+00  2.212014e+02 
    0.000   16.257000  0.000000e+00  2.211611e+02 
    0.000   16.360001  0.000000e+00  2.211191e+02 
    0.000   16.463001  0.000000e+00  2.210751e+02 
    0.000   16.565001  0.000000e+00  2.210300e+02 
    0.000   16.668001  0.000000e+00  2.209835e+02 
    0.000   16.771000  0.000000e+00  2.209379e+02 
    0.000   16.874001  0.000000e+00  2.208931e+02 
    0.000   16.977001  0.000000e+00  2.208488e+02 
    0.000   17.080000  0.000000e+00  2.208058e+02 
    0.000   17.183001  0.000000e+00  2.207650e+02 
    0.000   17.286001  0.000000e+00  2.207256e+02 
    0.000   17.389000  0.000000e+00  2.206874e+02 
    0.000   17.491001  0.000000e+00  2.206515e+02 
    0.000   17.594000  0.000000e+00  2.206167e+02 
    0.000   17.697001  0.000000e+00  2.205832e+02 
    0.000   17.800001  0.000000e+00  2.205508e+02 
    0.000   17.903000  0.000000e+00  2.205197e+02 
    0.000   18.006001  0.000000e+00  2.204898e+02 
    0.000   18.109001  0.000000e+00  2.204607e+02 
    0.000   18.212000  0.000000e+00  2.204320e+02 
    0.000   18.315001  0.000000e+00  2.204033e+02 
    0.000   18.417000  0.000000e+00  2.203753e+02 
    0.000   18.520000  0.000000e+00  2.203473e+02 
    0.000   18.623001  0.000000e+00  2.203197e+02 
    0.000   18.726000  0.000000e+00  2.202924e+02 
    0.000   18.829000  0.000000e+00  2.202655e+02 
    0.000   18.932001  0.000000e+00  2.202387e+02 
    0.000   19.035000  0.000000e+00  2.202120e+02 
    0.000   19.138000  0.000000e+00  2.201853e+02 
    0.000   19.241001  0.000000e+00  2.201588e+02 
    0.000   19.343000  0.000000e+00  2.201322e+02 
    0.000   19.446001  0.000000e+00  2.201048e+02 
    0.000   19.549000  0.000000e+00  2.200771e+02 
    0.000   19.652000  0.000000e+00  2.200494e+02 
    0.000   19.755001  0.000000e+00  2.200216e+02 
    0.000   19.858000  0.000000e+00  2.199937e+02 
    0.000   19.961000  0.000000e+00  2.199660e+02 
    0.000   20.064001  0.000000e+00  2.199382e+02 
    0.000   20.363001  0.000000e+00  2.198608e+02 
    0.000   20.859001  0.000000e+00  2.197487e+02 
    0.000   21.355001  0.000000e+00  2.196553e+02 
    0.000   21.850000  0.000000e+00  2.195707e+02 
    0.000   22.346001  0.000000e+00  2.194865e+02 
    0.000   22.842001  0.000000e+00  2.194003e+02 
    0.000   23.338001  0.000000e+00  2.193203e+02 
    0.000   23.833000  0.000000e+00  2.192587e+02 
    0.000   24.329000  0.000000e+00  2.192206e+02 
    0.000   24.825001  0.000000e+00  2.192021e+02 
    0.000   25.321001  0.000000e+00  2.191915e+02 
    0.000   25.816000  0.000000e+00  2.191927e+02 
    0.000   26.312000  0.000000e+00  2.192021e+02 
    0.000   26.808001  0.000000e+00  2.192141e+02 
    0.000   27.304001  0.000000e+00  2.192309e+02 
    0.000   27.799000  0.000000e+00  2.192535e+02 
    0.000   28.295000  0.000000e+00  2.192807e+02 
    0.000   28.791000  0.000000e+00  2.193151e+02 
    0.000   29.287001  0.000000e+00  2.193576e+02 
    0.000   29.782001  0.000000e+00  2.194060e+02 
    0.000   30.278000  0.000000e+00  2.194583e+02 
    0.000   30.774000  0.000000e+00  2.195133e+02 
    0.000   31.270000  0.000000e+00  2.195702e+02 
    0.000   31.765001  0.000000e+00  2.196281e+02 
    0.000   32.261002  0.000000e+00  2.196868e+02 
    0.000   32.757000  0.000000e+00  2.197455e+02 
    0.000   33.253002  0.000000e+00  2.198038e+02 
    0.000   33.748001  0.000000e+00  2.198635e+02 
    0.000   34.243999  0.000000e+00  2.199256e+02 
    0.000   34.740002  0.000000e+00  2.199886e+02 
    0.000   35.236000  0.000000e+00  2.200512e+02 
    0.000   35.730999  0.000000e+00  2.201102e+02 
    0.000   36.227001  0.000000e+00  2.201660e+02 
    0.000   36.723000  0.000000e+00  2.202182e+02 
    0.000   37.219002  0.000000e+00  2.202672e+02 
    0.000   37.714001  0.000000e+00  2.203121e+02 
    0.000   38.209999  0.000000e+00  2.203534e+02 
    0.000   38.706001  0.000000e+00  2.203949e+02 
    0.000   39.202000  0.000000e+00  2.204376e+02 
    0.000   39.697002  0.000000e+00  2.204834e+02 
    0.000   40.197002  0.000000e+00  2.205343e+02 
    0.000   45.197002  0.000000e+00  2.209847e+02 
    0.000   50.197002  0.000000e+00  2.212114e+02 
    0.000   55.197002  0.000000e+00  2.212075e+02 
    0.000   60.197002  0.000000e+00  2.211394e+02 
    0.000   65.196999  0.000000e+00  2.210871e+02 
