    0.000    0.000000  0.000000e+00  3.515487e+02 
    0.000    0.103000  0.000000e+00  3.508945e+02 
    0.000    0.205000  0.000000e+00  3.495243e+02 
    0.000    0.308000  0.000000e+00  3.479130e+02 
    0.000    0.411000  0.000000e+00  3.463553e+02 
    0.000    0.514000  0.000000e+00  3.447487e+02 
    0.000    0.617000  0.000000e+00  3.430280e+02 
    0.000    0.720000  0.000000e+00  3.412362e+02 
    0.000    0.823000  0.000000e+00  3.393526e+02 
    0.000    0.926000  0.000000e+00  3.373464e+02 
    0.000    1.029000  0.000000e+00  3.351804e+02 
    0.000    1.131000  0.000000e+00  3.329055e+02 
    0.000    1.234000  0.000000e+00  3.306219e+02 
    0.000    1.337000  0.000000e+00  3.283734e+02 
    0.000    1.440000  0.000000e+00  3.261266e+02 
    0.000    1.543000  0.000000e+00  3.238546e+02 
    0.000    1.646000  0.000000e+00  3.215481e+02 
    0.000    1.749000  0.000000e+00  3.198687e+02 
    0.000    1.852000  0.000000e+00  3.048712e+02 
    0.000    1.955000  0.000000e+00  3.009956e+02 
    0.000    2.057000  0.000000e+00  2.986804e+02 
    0.000    2.160000  0.000000e+00  2.964279e+02 
    0.000    2.263000  0.000000e+00  2.941321e+02 
    0.000    2.366000  0.000000e+00  2.916780e+02 
    0.000    2.469000  0.000000e+00  2.887957e+02 
    0.000    2.572000  0.000000e+00  2.880941e+02 
    0.000    2.675000  0.000000e+00  2.871542e+02 
    0.000    2.778000  0.000000e+00  2.860539e+02 
    0.000    2.881000  0.000000e+00  2.848969e+02 
    0.000    2.983000  0.000000e+00  2.831115e+02 
    0.000    3.086000  0.000000e+00  2.807089e+02 
    0.000    3.189000  0.000000e+00  2.774182e+02 
    0.000    3.292000  0.000000e+00  2.731072e+02 
    0.000    3.395000  0.000000e+00  2.674193e+02 
    0.000    3.498000  0.000000e+00  2.666363e+02 
    0.000    3.601000  0.000000e+00  2.657151e+02 
    0.000    3.704000  0.000000e+00  2.647152e+02 
    0.000    3.807000  0.000000e+00  2.636747e+02 
    0.000    3.909000  0.000000e+00  2.626133e+02 
    0.000    4.012000  0.000000e+00  2.615265e+02 
    0.000    4.115000  0.000000e+00  2.604223e+02 
    0.000    4.218000  0.000000e+00  2.593001e+02 
    0.000    4.321000  0.000000e+00  2.581675e+02 
    0.000    4.424000  0.000000e+00  2.570234e+02 
    0.000    4.527000  0.000000e+00  2.559217e+02 
    0.000    4.630000  0.000000e+00  2.547904e+02 
    0.000    4.733000  0.000000e+00  2.536819e+02 
    0.000    4.835000  0.000000e+00  2.525872e+02 
    0.000    4.938000  0.000000e+00  2.514651e+02 
    0.000    5.041000  0.000000e+00  2.503410e+02 
    0.000    5.144000  0.000000e+00  2.492019e+02 
    0.000    5.247000  0.000000e+00  2.480765e+02 
    0.000    5.350000  0.000000e+00  2.469505e+02 
    0.000    5.453000  0.000000e+00  2.458303e+02 
    0.000    5.556000  0.000000e+00  2.447190e+02 
    0.000    5.659000  0.000000e+00  2.436384e+02 
    0.000    5.762000  0.000000e+00  2.425973e+02 
    0.000    5.864000  0.000000e+00  2.415778e+02 
    0.000    5.967000  0.000000e+00  2.405670e+02 
    0.000    6.070000  0.000000e+00  2.395373e+02 
    0.000    6.173000  0.000000e+00  2.385229e+02 
    0.000    6.276000  0.000000e+00  2.374942e+02 
    0.000    6.379000  0.000000e+00  2.365063e+02 
    0.000    6.482000  0.000000e+00  2.355042e+02 
    0.000    6.585000  0.000000e+00  2.345354e+02 
    0.000    6.688000  0.000000e+00  2.335858e+02 
    0.000    6.790000  0.000000e+00  2.326614e+02 
    0.000    6.893000  0.000000e+00  2.317692e+02 
    0.000    6.996000  0.000000e+00  2.309341e+02 
    0.000    7.099000  0.000000e+00  2.301459e+02 
    0.000    7.202000  0.000000e+00  2.294304e+02 
    0.000    7.305000  0.000000e+00  2.288291e+02 
    0.000    7.408000  0.000000e+00  2.283046e+02 
    0.000    7.511000  0.000000e+00  2.278807e+02 
    0.000    7.614000  0.000000e+00  2.275808e+02 
    0.000    7.716000  0.000000e+00  2.273749e+02 
    0.000    7.819000  0.000000e+00  2.271999e+02 
    0.000    7.921999  0.000000e+00  2.270068e+02 
    0.000    8.025001  0.000000e+00  2.268166e+02 
    0.000    8.128000  0.000000e+00  2.266843e+02 
    0.000    8.231000  0.000000e+00  2.265573e+02 
    0.000    8.334001  0.000000e+00  2.264117e+02 
    0.000    8.437000  0.000000e+00  2.262535e+02 
    0.000    8.540000  0.000000e+00  2.261275e+02 
    0.000    8.642000  0.000000e+00  2.259516e+02 
    0.000    8.745000  0.000000e+00  2.257535e+02 
    0.000    8.848001  0.000000e+00  2.255457e+02 
    0.000    8.951000  0.000000e+00  2.253064e+02 
    0.000    9.054000  0.000000e+00  2.250968e+02 
    0.000    9.157001  0.000000e+00  2.248756e+02 
    0.000    9.260000  0.000000e+00  2.246714e+02 
    0.000    9.363000  0.000000e+00  2.244906e+02 
    0.000    9.466001  0.000000e+00  2.243517e+02 
    0.000    9.568000  0.000000e+00  2.242242e+02 
    0.000    9.671000  0.000000e+00  2.241032e+02 
    0.000    9.774000  0.000000e+00  2.239901e+02 
    0.000    9.877000  0.000000e+00  2.238933e+02 
    0.000    9.980000  0.000000e+00  2.238087e+02 
    0.000   10.083000  0.000000e+00  2.237314e+02 
    0.000   10.186000  0.000000e+00  2.236577e+02 
    0.000   10.289001  0.000000e+00  2.235880e+02 
    0.000   10.392000  0.000000e+00  2.235603e+02 
    0.000   10.494000  0.000000e+00  2.235233e+02 
    0.000   10.597000  0.000000e+00  2.234796e+02 
    0.000   10.700001  0.000000e+00  2.234351e+02 
    0.000   10.803000  0.000000e+00  2.233880e+02 
    0.000   10.906000  0.000000e+00  2.233395e+02 
    0.000   11.009000  0.000000e+00  2.232886e+02 
    0.000   11.112000  0.000000e+00  2.232303e+02 
    0.000   11.215000  0.000000e+00  2.231669e+02 
    0.000   11.318000  0.000000e+00  2.231006e+02 
    0.000   11.421000  0.000000e+00  2.230294e+02 
    0.000   11.523001  0.000000e+00  2.229553e+02 
    0.000   11.626000  0.000000e+00  2.228791e+02 
    0.000   11.729000  0.000000e+00  2.228063e+02 
    0.000   11.832001  0.000000e+00  2.227361e+02 
    0.000   11.935000  0.000000e+00  2.226673e+02 
    0.000   12.038000  0.000000e+00  2.226004e+02 
    0.000   12.141001  0.000000e+00  2.225352e+02 
    0.000   12.244000  0.000000e+00  2.224711e+02 
    0.000   12.347000  0.000000e+00  2.224062e+02 
    0.000   12.449000  0.000000e+00  2.223411e+02 
    0.000   12.552000  0.000000e+00  2.222753e+02 
    0.000   12.655001  0.000000e+00  2.222086e+02 
    0.000   12.758000  0.000000e+00  2.221409e+02 
    0.000   12.861000  0.000000e+00  2.220727e+02 
    0.000   12.964001  0.000000e+00  2.220050e+02 
    0.000   13.067000  0.000000e+00  2.219386e+02 
    0.000   13.170000  0.000000e+00  2.218732e+02 
    0.000   13.273001  0.000000e+00  2.218092e+02 
    0.000   13.375000  0.000000e+00  2.217484e+02 
    0.000   13.478001  0.000000e+00  2.216891e+02 
    0.000   13.581000  0.000000e+00  2.216314e+02 
    0.000   13.684000  0.000000e+00  2.215772e+02 
    0.000   13.787001  0.000000e+00  2.215257e+02 
    0.000   13.890000  0.000000e+00  2.214760e+02 
    0.000   13.993000  0.000000e+00  2.214301e+02 
    0.000   14.096001  0.000000e+00  2.213879e+02 
    0.000   14.199000  0.000000e+00  2.213481e+02 
    0.000   14.301001  0.000000e+00  2.213111e+02 
    0.000   14.404000  0.000000e+00  2.212762e+02 
    0.000   14.507000  0.000000e+00  2.212432e+02 
    0.000   14.610001  0.000000e+00  2.212111e+02 
    0.000   14.713000  0.000000e+00  2.211776e+02 
    0.000   14.816000  0.000000e+00  2.211432e+02 
    0.000   14.919001  0.000000e+00  2.211086e+02 
    0.000   15.022000  0.000000e+00  2.210730e+02 
    0.000   15.125000  0.000000e+00  2.210366e+02 
    0.000   15.227000  0.000000e+00  2.210003e+02 
    0.000   15.330000  0.000000e+00  2.209637e+02 
    0.000   15.433001  0.000000e+00  2.209273e+02 
    0.000   15.536000  0.000000e+00  2.208913e+02 
    0.000   15.639000  0.000000e+00  2.208546e+02 
    0.000   15.742001  0.000000e+00  2.208147e+02 
    0.000   15.845000  0.000000e+00  2.207722e+02 
    0.000   15.948000  0.000000e+00  2.207283e+02 
    0.000   16.051001  0.000000e+00  2.206826e+02 
    0.000   16.154001  0.000000e+00  2.206354e+02 
    0.000   16.256001  0.000000e+00  2.205876e+02 
    0.000   16.359001  0.000000e+00  2.205393e+02 
    0.000   16.462000  0.000000e+00  2.204922e+02 
    0.000   16.565001  0.000000e+00  2.204461e+02 
    0.000   16.668001  0.000000e+00  2.204005e+02 
    0.000   16.771000  0.000000e+00  2.203577e+02 
    0.000   16.874001  0.000000e+00  2.203173e+02 
    0.000   16.977001  0.000000e+00  2.202785e+02 
    0.000   17.080000  0.000000e+00  2.202415e+02 
    0.000   17.182001  0.000000e+00  2.202073e+02 
    0.000   17.285000  0.000000e+00  2.201745e+02 
    0.000   17.388000  0.000000e+00  2.201432e+02 
    0.000   17.491001  0.000000e+00  2.201124e+02 
    0.000   17.594000  0.000000e+00  2.200821e+02 
    0.000   17.697001  0.000000e+00  2.200524e+02 
    0.000   17.800001  0.000000e+00  2.200229e+02 
    0.000   17.903000  0.000000e+00  2.199931e+02 
    0.000   18.006001  0.000000e+00  2.199633e+02 
    0.000   18.108000  0.000000e+00  2.199339e+02 
    0.000   18.211000  0.000000e+00  2.199045e+02 
    0.000   18.314001  0.000000e+00  2.198752e+02 
    0.000   18.417000  0.000000e+00  2.198461e+02 
    0.000   18.520000  0.000000e+00  2.198173e+02 
    0.000   18.623001  0.000000e+00  2.197888e+02 
    0.000   18.726000  0.000000e+00  2.197606e+02 
    0.000   18.829000  0.000000e+00  2.197326e+02 
    0.000   18.932001  0.000000e+00  2.197046e+02 
    0.000   19.034000  0.000000e+00  2.196763e+02 
    0.000   19.137001  0.000000e+00  2.196473e+02 
    0.000   19.240000  0.000000e+00  2.196182e+02 
    0.000   19.343000  0.000000e+00  2.195891e+02 
    0.000   19.446001  0.000000e+00  2.195601e+02 
    0.000   19.549000  0.000000e+00  2.195312e+02 
    0.000   19.652000  0.000000e+00  2.195024e+02 
    0.000   19.755001  0.000000e+00  2.194748e+02 
    0.000   19.858000  0.000000e+00  2.194483e+02 
    0.000   19.961000  0.000000e+00  2.194228e+02 
    0.000   20.063000  0.000000e+00  2.193981e+02 
    0.000   20.363001  0.000000e+00  2.193307e+02 
    0.000   20.858000  0.000000e+00  2.192277e+02 
    0.000   21.354000  0.000000e+00  2.191340e+02 
    0.000   21.850000  0.000000e+00  2.190497e+02 
    0.000   22.346001  0.000000e+00  2.189640e+02 
    0.000   22.841000  0.000000e+00  2.188804e+02 
    0.000   23.337000  0.000000e+00  2.188102e+02 
    0.000   23.833000  0.000000e+00  2.187561e+02 
    0.000   24.329000  0.000000e+00  2.187149e+02 
    0.000   24.823999  0.000000e+00  2.186884e+02 
    0.000   25.320000  0.000000e+00  2.186779e+02 
    0.000   25.816000  0.000000e+00  2.186769e+02 
    0.000   26.312000  0.000000e+00  2.186885e+02 
    0.000   26.807001  0.000000e+00  2.187089e+02 
    0.000   27.302999  0.000000e+00  2.187313e+02 
    0.000   27.799000  0.000000e+00  2.187534e+02 
    0.000   28.295000  0.000000e+00  2.187776e+02 
    0.000   28.790001  0.000000e+00  2.188079e+02 
    0.000   29.286001  0.000000e+00  2.188503e+02 
    0.000   29.782000  0.000000e+00  2.189024e+02 
    0.000   30.278000  0.000000e+00  2.189601e+02 
    0.000   30.773001  0.000000e+00  2.190158e+02 
    0.000   31.269001  0.000000e+00  2.190688e+02 
    0.000   31.764999  0.000000e+00  2.191196e+02 
    0.000   32.260998  0.000000e+00  2.191724e+02 
    0.000   32.757000  0.000000e+00  2.192286e+02 
    0.000   33.251999  0.000000e+00  2.192902e+02 
    0.000   33.747997  0.000000e+00  2.193561e+02 
    0.000   34.243999  0.000000e+00  2.194247e+02 
    0.000   34.739998  0.000000e+00  2.194909e+02 
    0.000   35.234997  0.000000e+00  2.195533e+02 
    0.000   35.730999  0.000000e+00  2.196104e+02 
    0.000   36.226997  0.000000e+00  2.196629e+02 
    0.000   36.723000  0.000000e+00  2.197114e+02 
    0.000   37.217999  0.000000e+00  2.197566e+02 
    0.000   37.713997  0.000000e+00  2.198011e+02 
    0.000   38.209999  0.000000e+00  2.198453e+02 
    0.000   38.705997  0.000000e+00  2.198901e+02 
    0.000   39.201000  0.000000e+00  2.199356e+02 
    0.000   39.696999  0.000000e+00  2.199834e+02 
    0.000   40.196999  0.000000e+00  2.200348e+02 
    0.000   45.196999  0.000000e+00  2.204868e+02 
    0.000   50.196999  0.000000e+00  2.207086e+02 
    0.000   55.196999  0.000000e+00  2.207098e+02 
    0.000   60.196999  0.000000e+00  2.206409e+02 
    0.000   65.196999  0.000000e+00  2.205887e+02 
