   67.216    0.000000  8.700020e-03  1.265718e+01 
   67.216    0.103000  8.747288e-03  1.281566e+01 
   67.216    0.205000  8.793795e-03  1.297658e+01 
   67.216    0.308000  8.840496e-03  1.314107e+01 
   67.216    0.411000  8.886861e-03  1.330673e+01 
   67.216    0.514000  8.932902e-03  1.347295e+01 
   67.216    0.617000  8.978788e-03  1.363922e+01 
   67.216    0.720000  9.024674e-03  1.380517e+01 
   67.216    0.823000  9.070667e-03  1.397053e+01 
   67.216    0.926000  9.116823e-03  1.413519e+01 
   67.216    1.029000  9.163096e-03  1.429905e+01 
   67.216    1.131000  9.209000e-03  1.446048e+01 
   67.216    1.234000  9.255452e-03  1.462255e+01 
   67.216    1.337000  9.301992e-03  1.478367e+01 
   67.216    1.440000  9.350290e-03  1.494651e+01 
   67.216    1.543000  5.115907e-02  3.597009e+01 
   67.216    1.646000  2.520510e-01  5.657465e+01 
   67.216    1.749000  1.121254e+00  7.804067e+01 
   67.216    1.852000  4.507769e+00  1.013272e+02 
   67.216    1.955000  1.647802e+01  1.273884e+02 
   67.216    2.057000  5.498829e+01  1.565962e+02 
   67.216    2.160000  1.735278e+02  1.877064e+02 
   67.216    2.263000  1.743779e+02  1.875585e+02 
   67.216    2.366000  1.752216e+02  1.874625e+02 
   67.216    2.469000  1.760586e+02  1.874042e+02 
   67.216    2.572000  1.768889e+02  1.873759e+02 
   67.216    2.675000  1.777117e+02  1.873727e+02 
   67.216    2.778000  1.785274e+02  1.873903e+02 
   67.216    2.881000  1.793354e+02  1.874259e+02 
   67.216    2.983000  1.801268e+02  1.874767e+02 
   67.216    3.086000  1.809173e+02  1.875417e+02 
   67.216    3.189000  1.817002e+02  1.876185e+02 
   67.216    3.292000  1.824765e+02  1.877052e+02 
   67.216    3.395000  1.832473e+02  1.878007e+02 
   67.216    3.498000  1.840133e+02  1.879037e+02 
   67.216    3.601000  1.847769e+02  1.880131e+02 
   67.216    3.704000  1.855408e+02  1.881277e+02 
   67.216    3.807000  1.863057e+02  1.882469e+02 
   67.216    3.909000  1.870656e+02  1.883689e+02 
   67.216    4.012000  1.878362e+02  1.884958e+02 
   67.216    4.115000  1.886094e+02  1.886260e+02 
   67.216    4.218000  1.893841e+02  1.887595e+02 
   67.216    4.321000  1.901586e+02  1.888962e+02 
   67.216    4.424000  1.909290e+02  1.890361e+02 
   67.216    4.527000  1.916915e+02  1.891794e+02 
   67.216    4.630000  1.924441e+02  1.893256e+02 
   67.216    4.733000  1.931859e+02  1.894744e+02 
   67.216    4.835000  1.939079e+02  1.896239e+02 
   67.216    4.938000  1.946242e+02  1.897767e+02 
   67.216    5.041000  1.953286e+02  1.899309e+02 
   67.216    5.144000  1.960192e+02  1.900865e+02 
   67.216    5.247000  1.966961e+02  1.902430e+02 
   67.216    5.350000  1.973586e+02  1.904005e+02 
   67.216    5.453000  1.980066e+02  1.905586e+02 
   67.216    5.556000  1.986412e+02  1.907172e+02 
   67.216    5.659000  1.992626e+02  1.908761e+02 
   67.216    5.762000  2.002257e+02  1.911379e+02 
   67.216    5.864000  2.010327e+02  1.913272e+02 
   67.216    5.967000  2.020863e+02  1.915551e+02 
   67.216    6.070000  2.031827e+02  1.917908e+02 
   67.216    6.173000  2.044089e+02  1.920465e+02 
   67.216    6.276000  2.080588e+02  1.926534e+02 
   67.216    6.379000  2.149014e+02  1.936976e+02 
   67.216    6.482000  2.288330e+02  1.956433e+02 
   67.216    6.585000  2.538509e+02  1.987859e+02 
   67.216    6.688000  2.944912e+02  2.032026e+02 
   67.216    6.790000  3.495275e+02  2.081729e+02 
   67.216    6.893000  3.843336e+02  2.108705e+02 
   67.216    6.996000  4.049930e+02  2.123463e+02 
   67.216    7.099000  4.142142e+02  2.130053e+02 
   67.216    7.202000  4.170048e+02  2.132445e+02 
   67.216    7.305000  4.189179e+02  2.134324e+02 
   67.216    7.408000  4.206171e+02  2.136113e+02 
   67.216    7.511000  4.234543e+02  2.138678e+02 
   67.216    7.614000  4.253086e+02  2.140656e+02 
   67.216    7.716000  4.274600e+02  2.142845e+02 
   67.216    7.819000  4.292201e+02  2.144790e+02 
   67.216    7.922000  4.319023e+02  2.147303e+02 
   67.216    8.025001  4.357351e+02  2.150493e+02 
   67.216    8.128000  4.378178e+02  2.152580e+02 
   67.216    8.231000  4.400576e+02  2.154740e+02 
   67.216    8.334001  4.417528e+02  2.156553e+02 
   67.216    8.437000  4.436042e+02  2.158450e+02 
   67.216    8.540000  4.452249e+02  2.160198e+02 
   67.216    8.642000  4.472067e+02  2.162140e+02 
   67.216    8.745000  4.490867e+02  2.164014e+02 
   67.216    8.848001  4.510663e+02  2.165932e+02 
   67.216    8.951000  4.536443e+02  2.168167e+02 
   67.216    9.054000  4.556286e+02  2.170032e+02 
   67.216    9.157001  4.561597e+02  2.171039e+02 
   67.216    9.260000  4.566837e+02  2.172024e+02 
   67.216    9.363000  4.572002e+02  2.172987e+02 
   67.216    9.466001  4.577093e+02  2.173929e+02 
   67.216    9.568000  4.582063e+02  2.174842e+02 
   67.216    9.671000  4.587009e+02  2.175746e+02 
   67.216    9.774000  4.591866e+02  2.176632e+02 
   67.216    9.877000  4.596606e+02  2.177500e+02 
   67.216    9.980000  4.601222e+02  2.178350e+02 
   67.216   10.083000  4.606060e+02  2.179174e+02 
   67.216   10.186000  4.610804e+02  2.179982e+02 
   67.216   10.289001  4.615458e+02  2.180776e+02 
   67.216   10.392000  4.620034e+02  2.181555e+02 
   67.216   10.494000  4.624504e+02  2.182313e+02 
   67.216   10.597000  4.628958e+02  2.183064e+02 
   67.216   10.700000  4.633346e+02  2.183803e+02 
   67.216   10.803000  4.637661e+02  2.184530e+02 
   67.216   10.906000  4.641901e+02  2.185247e+02 
   67.216   11.009000  4.646075e+02  2.185952e+02 
   67.216   11.112000  4.650201e+02  2.186649e+02 
   67.216   11.215000  4.654283e+02  2.187336e+02 
   67.216   11.318000  4.658317e+02  2.188014e+02 
   67.216   11.421000  4.662301e+02  2.188683e+02 
   67.216   11.523000  4.666195e+02  2.189337e+02 
   67.216   11.626000  4.670075e+02  2.189989e+02 
   67.216   11.729000  4.673904e+02  2.190633e+02 
   67.216   11.832000  4.677680e+02  2.191268e+02 
   67.216   11.935000  4.681404e+02  2.191895e+02 
   67.216   12.038000  4.685078e+02  2.192513e+02 
   67.216   12.141000  4.688704e+02  2.193124e+02 
   67.216   12.244000  4.692280e+02  2.193726e+02 
   67.216   12.347000  4.695806e+02  2.194321e+02 
   67.216   12.449000  4.699251e+02  2.194901e+02 
   67.216   12.552000  4.702680e+02  2.195478e+02 
   67.216   12.655000  4.706062e+02  2.196047e+02 
   67.216   12.758000  4.709397e+02  2.196607e+02 
   67.216   12.861000  4.712689e+02  2.197157e+02 
   67.216   12.964000  4.715941e+02  2.197699e+02 
   67.216   13.067000  4.719154e+02  2.198230e+02 
   67.216   13.170000  4.722328e+02  2.198751e+02 
   67.216   13.273000  4.725465e+02  2.199262e+02 
   67.216   13.375000  4.728535e+02  2.199759e+02 
   67.216   13.478000  4.731599e+02  2.200250e+02 
   67.216   13.581000  4.734627e+02  2.200732e+02 
   67.216   13.684000  4.737621e+02  2.201203e+02 
   67.216   13.787000  4.740580e+02  2.201665e+02 
   67.216   13.890000  4.743507e+02  2.202118e+02 
   67.216   13.993000  4.746400e+02  2.202560e+02 
   67.216   14.096000  4.749262e+02  2.202993e+02 
   67.216   14.199000  4.752092e+02  2.203416e+02 
   67.216   14.301001  4.754863e+02  2.203825e+02 
   67.216   14.404000  4.757630e+02  2.204229e+02 
   67.216   14.507000  4.760366e+02  2.204624e+02 
   67.216   14.610001  4.763070e+02  2.205011e+02 
   67.216   14.713000  4.765743e+02  2.205389e+02 
   67.216   14.816000  4.768385e+02  2.205759e+02 
   67.216   14.919000  4.770995e+02  2.206122e+02 
   67.216   15.022000  4.773573e+02  2.206478e+02 
   67.216   15.125000  4.776121e+02  2.206827e+02 
   67.216   15.227000  4.778612e+02  2.207167e+02 
   67.216   15.330000  4.781096e+02  2.207503e+02 
   67.216   15.433001  4.783551e+02  2.207833e+02 
   67.216   15.536000  4.785975e+02  2.208157e+02 
   67.216   15.639000  4.788369e+02  2.208475e+02 
   67.216   15.742001  4.790735e+02  2.208786e+02 
   67.216   15.845000  4.793071e+02  2.209091e+02 
   67.216   15.948001  4.795381e+02  2.209390e+02 
   67.216   16.050999  4.797664e+02  2.209682e+02 
   67.216   16.153000  4.799902e+02  2.209964e+02 
   67.216   16.255999  4.802137e+02  2.210244e+02 
   67.216   16.358999  4.804348e+02  2.210516e+02 
   67.216   16.462000  4.806535e+02  2.210783e+02 
   67.216   16.564999  4.808699e+02  2.211043e+02 
   67.216   16.667999  4.810841e+02  2.211297e+02 
   67.216   16.771000  4.812963e+02  2.211545e+02 
   67.216   16.873999  4.815066e+02  2.211785e+02 
   67.216   16.976999  4.817148e+02  2.212019e+02 
   67.216   17.080000  4.819214e+02  2.212245e+02 
   67.216   17.181999  4.821245e+02  2.212461e+02 
   67.216   17.285000  4.823281e+02  2.212670e+02 
   67.216   17.387999  4.825304e+02  2.212871e+02 
   67.216   17.490999  4.827314e+02  2.213062e+02 
   67.216   17.594000  4.829312e+02  2.213245e+02 
   67.216   17.696999  4.831299e+02  2.213419e+02 
   67.216   17.799999  4.833272e+02  2.213585e+02 
   67.216   17.903000  4.835232e+02  2.213743e+02 
   67.216   18.005999  4.837177e+02  2.213894e+02 
   67.216   18.108000  4.839088e+02  2.214037e+02 
   67.216   18.210999  4.841002e+02  2.214175e+02 
   67.216   18.313999  4.842898e+02  2.214308e+02 
   67.216   18.417000  4.844778e+02  2.214435e+02 
   67.216   18.519999  4.846640e+02  2.214556e+02 
   67.216   18.622999  4.848486e+02  2.214672e+02 
   67.216   18.726000  4.850318e+02  2.214782e+02 
   67.216   18.828999  4.852135e+02  2.214887e+02 
   67.216   18.931999  4.853937e+02  2.214985e+02 
   67.216   19.033998  4.855709e+02  2.215077e+02 
   67.216   19.136999  4.857485e+02  2.215164e+02 
   67.216   19.240000  4.859249e+02  2.215245e+02 
   67.216   19.342999  4.860999e+02  2.215321e+02 
   67.216   19.445999  4.862736e+02  2.215392e+02 
   67.216   19.549000  4.864459e+02  2.215459e+02 
   67.216   19.651999  4.866169e+02  2.215520e+02 
   67.216   19.754999  4.867866e+02  2.215577e+02 
   67.216   19.858000  4.869550e+02  2.215630e+02 
   67.216   19.959999  4.871204e+02  2.215678e+02 
   67.216   20.063000  4.872865e+02  2.215721e+02 
   67.216   20.362999  4.877653e+02  2.215812e+02 
   67.216   20.858000  4.885325e+02  2.215887e+02 
   67.216   21.354000  4.892730e+02  2.215873e+02 
   67.216   21.849998  4.899866e+02  2.215776e+02 
   67.216   22.345999  4.906678e+02  2.215634e+02 
   67.216   22.841000  4.913091e+02  2.215489e+02 
   67.216   23.337000  4.919091e+02  2.215365e+02 
   67.216   23.832998  4.924682e+02  2.215261e+02 
   67.216   24.328999  4.929922e+02  2.215159e+02 
   67.216   24.823999  4.934841e+02  2.215050e+02 
   67.216   25.320000  4.939454e+02  2.214940e+02 
   67.216   25.816000  4.943759e+02  2.214838e+02 
   67.216   26.311998  4.947780e+02  2.214741e+02 
   67.216   26.806999  4.951541e+02  2.214642e+02 
   67.216   27.302999  4.955071e+02  2.214540e+02 
   67.216   27.799000  4.958367e+02  2.214439e+02 
   67.216   28.295000  4.961440e+02  2.214340e+02 
   67.216   28.789999  4.964315e+02  2.214239e+02 
   67.216   29.285999  4.967035e+02  2.214133e+02 
   67.216   29.782000  4.969619e+02  2.214019e+02 
   67.216   30.278000  4.972085e+02  2.213897e+02 
   67.216   30.772999  4.974446e+02  2.213768e+02 
   67.216   31.268999  4.976729e+02  2.213632e+02 
   67.216   31.764999  4.978943e+02  2.213490e+02 
   67.216   32.261002  4.981113e+02  2.213345e+02 
   67.216   32.756001  4.983250e+02  2.213198e+02 
   67.216   33.252003  4.985378e+02  2.213052e+02 
   67.216   33.748001  4.987510e+02  2.212909e+02 
   67.216   34.243999  4.989659e+02  2.212772e+02 
   67.216   34.739002  4.991836e+02  2.212642e+02 
   67.216   35.235001  4.994060e+02  2.212519e+02 
   67.216   35.731003  4.996338e+02  2.212404e+02 
   67.216   36.227001  4.998675e+02  2.212296e+02 
   67.216   36.722000  5.001066e+02  2.212196e+02 
   67.216   37.218002  5.003514e+02  2.212102e+02 
   67.216   37.714001  5.006004e+02  2.212014e+02 
   67.216   38.210003  5.008520e+02  2.211934e+02 
   67.216   38.706001  5.011042e+02  2.211859e+02 
   67.216   39.201000  5.013548e+02  2.211792e+02 
   67.216   39.697002  5.016023e+02  2.211732e+02 
   67.216   40.197002  5.018432e+02  2.211688e+02 
   67.216   45.197002  5.037271e+02  2.211590e+02 
   67.216   50.197002  5.044382e+02  2.211657e+02 
   67.216   55.197002  5.046902e+02  2.211732e+02 
   67.216   60.197002  5.054634e+02  2.211788e+02 
   67.216   65.196999  5.067076e+02  2.211825e+02 
