    0.000    0.000000  0.000000e+00  3.524570e+02 
    0.000    0.103000  0.000000e+00  3.514545e+02 
    0.000    0.206000  0.000000e+00  3.503148e+02 
    0.000    0.309000  0.000000e+00  3.491206e+02 
    0.000    0.412000  0.000000e+00  3.478329e+02 
    0.000    0.515000  0.000000e+00  3.464269e+02 
    0.000    0.617000  0.000000e+00  3.430311e+02 
    0.000    0.720000  0.000000e+00  3.389166e+02 
    0.000    0.823000  0.000000e+00  3.347910e+02 
    0.000    0.926000  0.000000e+00  3.309156e+02 
    0.000    1.029000  0.000000e+00  3.272691e+02 
    0.000    1.132000  0.000000e+00  3.237210e+02 
    0.000    1.235000  0.000000e+00  3.201902e+02 
    0.000    1.338000  0.000000e+00  3.168874e+02 
    0.000    1.441000  0.000000e+00  3.137204e+02 
    0.000    1.543000  0.000000e+00  3.105773e+02 
    0.000    1.646000  0.000000e+00  3.074121e+02 
    0.000    1.749000  0.000000e+00  3.044478e+02 
    0.000    1.852000  0.000000e+00  3.014979e+02 
    0.000    1.955000  0.000000e+00  2.992920e+02 
    0.000    2.058000  0.000000e+00  2.970034e+02 
    0.000    2.161000  0.000000e+00  2.942123e+02 
    0.000    2.264000  0.000000e+00  2.935150e+02 
    0.000    2.367000  0.000000e+00  2.926613e+02 
    0.000    2.469000  0.000000e+00  2.916982e+02 
    0.000    2.572000  0.000000e+00  2.906289e+02 
    0.000    2.675000  0.000000e+00  2.894981e+02 
    0.000    2.778000  0.000000e+00  2.883220e+02 
    0.000    2.881000  0.000000e+00  2.871330e+02 
    0.000    2.984000  0.000000e+00  2.859515e+02 
    0.000    3.087000  0.000000e+00  2.847672e+02 
    0.000    3.190000  0.000000e+00  2.835520e+02 
    0.000    3.293000  0.000000e+00  2.823251e+02 
    0.000    3.395000  0.000000e+00  2.811002e+02 
    0.000    3.498000  0.000000e+00  2.798666e+02 
    0.000    3.601000  0.000000e+00  2.786385e+02 
    0.000    3.704000  0.000000e+00  2.774144e+02 
    0.000    3.807000  0.000000e+00  2.761977e+02 
    0.000    3.910000  0.000000e+00  2.749805e+02 
    0.000    4.013000  0.000000e+00  2.737685e+02 
    0.000    4.116000  0.000000e+00  2.725610e+02 
    0.000    4.219000  0.000000e+00  2.713572e+02 
    0.000    4.321000  0.000000e+00  2.701711e+02 
    0.000    4.424000  0.000000e+00  2.689771e+02 
    0.000    4.527000  0.000000e+00  2.677921e+02 
    0.000    4.630000  0.000000e+00  2.665703e+02 
    0.000    4.733000  0.000000e+00  2.652768e+02 
    0.000    4.836000  0.000000e+00  2.638633e+02 
    0.000    4.939000  0.000000e+00  2.622583e+02 
    0.000    5.042000  0.000000e+00  2.604389e+02 
    0.000    5.145000  0.000000e+00  2.585162e+02 
    0.000    5.247000  0.000000e+00  2.566411e+02 
    0.000    5.350000  0.000000e+00  2.549456e+02 
    0.000    5.453000  0.000000e+00  2.534553e+02 
    0.000    5.556000  0.000000e+00  2.520614e+02 
    0.000    5.659000  0.000000e+00  2.505972e+02 
    0.000    5.762000  0.000000e+00  2.489475e+02 
    0.000    5.865000  0.000000e+00  2.470632e+02 
    0.000    5.968000  0.000000e+00  2.449959e+02 
    0.000    6.071000  0.000000e+00  2.428186e+02 
    0.000    6.173000  0.000000e+00  2.407159e+02 
    0.000    6.276000  0.000000e+00  2.387659e+02 
    0.000    6.379000  0.000000e+00  2.368643e+02 
    0.000    6.482000  0.000000e+00  2.345842e+02 
    0.000    6.585000  0.000000e+00  2.311301e+02 
    0.000    6.688000  0.000000e+00  2.256100e+02 
    0.000    6.791000  0.000000e+00  2.186319e+02 
    0.000    6.894000  0.000000e+00  2.115034e+02 
    0.000    6.997000  0.000000e+00  2.043559e+02 
    0.000    7.100000  0.000000e+00  1.985325e+02 
    0.000    7.202000  0.000000e+00  1.946089e+02 
    0.000    7.305000  0.000000e+00  1.922327e+02 
    0.000    7.408000  0.000000e+00  1.911743e+02 
    0.000    7.511000  0.000000e+00  1.910533e+02 
    0.000    7.614000  0.000000e+00  1.910574e+02 
    0.000    7.717000  0.000000e+00  1.910893e+02 
    0.000    7.820000  0.000000e+00  1.911215e+02 
    0.000    7.923000  0.000000e+00  1.911852e+02 
    0.000    8.026000  0.000000e+00  1.912353e+02 
    0.000    8.128000  0.000000e+00  1.912508e+02 
    0.000    8.231000  0.000000e+00  1.912463e+02 
    0.000    8.334000  0.000000e+00  1.912185e+02 
    0.000    8.437000  0.000000e+00  1.911514e+02 
    0.000    8.540000  0.000000e+00  1.910784e+02 
    0.000    8.643000  0.000000e+00  1.909957e+02 
    0.000    8.746000  0.000000e+00  1.909151e+02 
    0.000    8.849000  0.000000e+00  1.908537e+02 
    0.000    8.952000  0.000000e+00  1.907939e+02 
    0.000    9.054000  0.000000e+00  1.907354e+02 
    0.000    9.157000  0.000000e+00  1.906780e+02 
    0.000    9.260000  0.000000e+00  1.906104e+02 
    0.000    9.363000  0.000000e+00  1.905566e+02 
    0.000    9.466000  0.000000e+00  1.905331e+02 
    0.000    9.569000  0.000000e+00  1.905140e+02 
    0.000    9.672000  0.000000e+00  1.904980e+02 
    0.000    9.775000  0.000000e+00  1.904882e+02 
    0.000    9.878000  0.000000e+00  1.904920e+02 
    0.000    9.980000  0.000000e+00  1.905054e+02 
    0.000   10.083000  0.000000e+00  1.905210e+02 
    0.000   10.186000  0.000000e+00  1.905316e+02 
    0.000   10.289000  0.000000e+00  1.905390e+02 
    0.000   10.392000  0.000000e+00  1.905451e+02 
    0.000   10.495000  0.000000e+00  1.905494e+02 
    0.000   10.598000  0.000000e+00  1.905527e+02 
    0.000   10.701000  0.000000e+00  1.905534e+02 
    0.000   10.804000  0.000000e+00  1.905473e+02 
    0.000   10.906000  0.000000e+00  1.905367e+02 
    0.000   11.009000  0.000000e+00  1.905209e+02 
    0.000   11.112000  0.000000e+00  1.904943e+02 
    0.000   11.215000  0.000000e+00  1.904601e+02 
    0.000   11.318000  0.000000e+00  1.904213e+02 
    0.000   11.421000  0.000000e+00  1.903792e+02 
    0.000   11.524000  0.000000e+00  1.903345e+02 
    0.000   11.627000  0.000000e+00  1.902876e+02 
    0.000   11.730000  0.000000e+00  1.902386e+02 
    0.000   11.832000  0.000000e+00  1.901883e+02 
    0.000   11.934999  0.000000e+00  1.901362e+02 
    0.000   12.038000  0.000000e+00  1.900813e+02 
    0.000   12.141000  0.000000e+00  1.900241e+02 
    0.000   12.243999  0.000000e+00  1.899654e+02 
    0.000   12.347000  0.000000e+00  1.899086e+02 
    0.000   12.450000  0.000000e+00  1.898537e+02 
    0.000   12.552999  0.000000e+00  1.897998e+02 
    0.000   12.656000  0.000000e+00  1.897496e+02 
    0.000   12.759000  0.000000e+00  1.897036e+02 
    0.000   12.861000  0.000000e+00  1.896605e+02 
    0.000   12.964000  0.000000e+00  1.896195e+02 
    0.000   13.066999  0.000000e+00  1.895809e+02 
    0.000   13.170000  0.000000e+00  1.895441e+02 
    0.000   13.273000  0.000000e+00  1.895085e+02 
    0.000   13.375999  0.000000e+00  1.894739e+02 
    0.000   13.479000  0.000000e+00  1.894402e+02 
    0.000   13.582000  0.000000e+00  1.894070e+02 
    0.000   13.684999  0.000000e+00  1.893743e+02 
    0.000   13.787000  0.000000e+00  1.893423e+02 
    0.000   13.890000  0.000000e+00  1.893103e+02 
    0.000   13.993000  0.000000e+00  1.892791e+02 
    0.000   14.096000  0.000000e+00  1.892486e+02 
    0.000   14.199000  0.000000e+00  1.892185e+02 
    0.000   14.302000  0.000000e+00  1.891891e+02 
    0.000   14.405000  0.000000e+00  1.891604e+02 
    0.000   14.507999  0.000000e+00  1.891323e+02 
    0.000   14.611000  0.000000e+00  1.891043e+02 
    0.000   14.713000  0.000000e+00  1.890759e+02 
    0.000   14.816000  0.000000e+00  1.890470e+02 
    0.000   14.919000  0.000000e+00  1.890179e+02 
    0.000   15.022000  0.000000e+00  1.889877e+02 
    0.000   15.125000  0.000000e+00  1.889565e+02 
    0.000   15.228000  0.000000e+00  1.889247e+02 
    0.000   15.331000  0.000000e+00  1.888929e+02 
    0.000   15.434000  0.000000e+00  1.888612e+02 
    0.000   15.537000  0.000000e+00  1.888297e+02 
    0.000   15.639000  0.000000e+00  1.887994e+02 
    0.000   15.742000  0.000000e+00  1.887724e+02 
    0.000   15.845000  0.000000e+00  1.887483e+02 
    0.000   15.947999  0.000000e+00  1.887260e+02 
    0.000   16.051001  0.000000e+00  1.887024e+02 
    0.000   16.154001  0.000000e+00  1.886767e+02 
    0.000   16.257000  0.000000e+00  1.886500e+02 
    0.000   16.360001  0.000000e+00  1.886217e+02 
    0.000   16.463001  0.000000e+00  1.885905e+02 
    0.000   16.565001  0.000000e+00  1.885574e+02 
    0.000   16.668001  0.000000e+00  1.885227e+02 
    0.000   16.771000  0.000000e+00  1.884878e+02 
    0.000   16.874001  0.000000e+00  1.884528e+02 
    0.000   16.977001  0.000000e+00  1.884178e+02 
    0.000   17.080000  0.000000e+00  1.883831e+02 
    0.000   17.183001  0.000000e+00  1.883495e+02 
    0.000   17.286001  0.000000e+00  1.883165e+02 
    0.000   17.389000  0.000000e+00  1.882840e+02 
    0.000   17.492001  0.000000e+00  1.882530e+02 
    0.000   17.594002  0.000000e+00  1.882234e+02 
    0.000   17.697001  0.000000e+00  1.881944e+02 
    0.000   17.800001  0.000000e+00  1.881665e+02 
    0.000   17.903002  0.000000e+00  1.881402e+02 
    0.000   18.006001  0.000000e+00  1.881152e+02 
    0.000   18.109001  0.000000e+00  1.880911e+02 
    0.000   18.212000  0.000000e+00  1.880679e+02 
    0.000   18.315001  0.000000e+00  1.880456e+02 
    0.000   18.418001  0.000000e+00  1.880240e+02 
    0.000   18.520000  0.000000e+00  1.880031e+02 
    0.000   18.623001  0.000000e+00  1.879823e+02 
    0.000   18.726002  0.000000e+00  1.879616e+02 
    0.000   18.829000  0.000000e+00  1.879413e+02 
    0.000   18.932001  0.000000e+00  1.879212e+02 
    0.000   19.035002  0.000000e+00  1.879016e+02 
    0.000   19.138000  0.000000e+00  1.878823e+02 
    0.000   19.241001  0.000000e+00  1.878634e+02 
    0.000   19.344002  0.000000e+00  1.878438e+02 
    0.000   19.446001  0.000000e+00  1.878234e+02 
    0.000   19.549002  0.000000e+00  1.878022e+02 
    0.000   19.652000  0.000000e+00  1.877807e+02 
    0.000   19.755001  0.000000e+00  1.877588e+02 
    0.000   19.858002  0.000000e+00  1.877365e+02 
    0.000   19.961000  0.000000e+00  1.877140e+02 
    0.000   20.064001  0.000000e+00  1.876913e+02 
    0.000   20.363001  0.000000e+00  1.876270e+02 
    0.000   20.859001  0.000000e+00  1.875319e+02 
    0.000   21.355001  0.000000e+00  1.874580e+02 
    0.000   21.850000  0.000000e+00  1.873945e+02 
    0.000   22.346001  0.000000e+00  1.873312e+02 
    0.000   22.842001  0.000000e+00  1.872622e+02 
    0.000   23.338001  0.000000e+00  1.871948e+02 
    0.000   23.833000  0.000000e+00  1.871418e+02 
    0.000   24.329000  0.000000e+00  1.871115e+02 
    0.000   24.825001  0.000000e+00  1.871056e+02 
    0.000   25.321001  0.000000e+00  1.871089e+02 
    0.000   25.816000  0.000000e+00  1.871145e+02 
    0.000   26.312000  0.000000e+00  1.871273e+02 
    0.000   26.808001  0.000000e+00  1.871429e+02 
    0.000   27.304001  0.000000e+00  1.871622e+02 
    0.000   27.799002  0.000000e+00  1.871889e+02 
    0.000   28.295000  0.000000e+00  1.872233e+02 
    0.000   28.791000  0.000000e+00  1.872620e+02 
    0.000   29.287001  0.000000e+00  1.873074e+02 
    0.000   29.782001  0.000000e+00  1.873587e+02 
    0.000   30.278002  0.000000e+00  1.874137e+02 
    0.000   30.774000  0.000000e+00  1.874713e+02 
    0.000   31.270000  0.000000e+00  1.875310e+02 
    0.000   31.765001  0.000000e+00  1.875918e+02 
    0.000   32.260998  0.000000e+00  1.876536e+02 
    0.000   32.757000  0.000000e+00  1.877152e+02 
    0.000   33.252998  0.000000e+00  1.877752e+02 
    0.000   33.747997  0.000000e+00  1.878349e+02 
    0.000   34.243999  0.000000e+00  1.878956e+02 
    0.000   34.739998  0.000000e+00  1.879583e+02 
    0.000   35.236000  0.000000e+00  1.880221e+02 
    0.000   35.730999  0.000000e+00  1.880828e+02 
    0.000   36.226997  0.000000e+00  1.881403e+02 
    0.000   36.723000  0.000000e+00  1.881936e+02 
    0.000   37.218998  0.000000e+00  1.882435e+02 
    0.000   37.714001  0.000000e+00  1.882891e+02 
    0.000   38.209999  0.000000e+00  1.883311e+02 
    0.000   38.705997  0.000000e+00  1.883732e+02 
    0.000   39.202000  0.000000e+00  1.884163e+02 
    0.000   39.696999  0.000000e+00  1.884626e+02 
    0.000   40.196999  0.000000e+00  1.885140e+02 
    0.000   45.196999  0.000000e+00  1.889660e+02 
    0.000   50.196999  0.000000e+00  1.891937e+02 
    0.000   55.196999  0.000000e+00  1.891883e+02 
    0.000   60.196999  0.000000e+00  1.891207e+02 
    0.000   65.197006  0.000000e+00  1.890685e+02 
