    0.000    0.000000  0.000000e+00  3.492906e+02 
    0.000    0.103000  0.000000e+00  3.486328e+02 
    0.000    0.205000  0.000000e+00  3.473199e+02 
    0.000    0.308000  0.000000e+00  3.457371e+02 
    0.000    0.411000  0.000000e+00  3.439193e+02 
    0.000    0.514000  0.000000e+00  3.425902e+02 
    0.000    0.617000  0.000000e+00  3.412163e+02 
    0.000    0.720000  0.000000e+00  3.396313e+02 
    0.000    0.823000  0.000000e+00  3.381233e+02 
    0.000    0.926000  0.000000e+00  3.366190e+02 
    0.000    1.029000  0.000000e+00  3.349782e+02 
    0.000    1.131000  0.000000e+00  3.335129e+02 
    0.000    1.234000  0.000000e+00  3.318300e+02 
    0.000    1.337000  0.000000e+00  3.301925e+02 
    0.000    1.440000  0.000000e+00  3.285831e+02 
    0.000    1.543000  0.000000e+00  3.269426e+02 
    0.000    1.646000  0.000000e+00  3.255667e+02 
    0.000    1.749000  0.000000e+00  3.241863e+02 
    0.000    1.852000  0.000000e+00  3.224195e+02 
    0.000    1.955000  0.000000e+00  3.200455e+02 
    0.000    2.057000  0.000000e+00  3.161372e+02 
    0.000    2.160000  0.000000e+00  3.115069e+02 
    0.000    2.263000  0.000000e+00  3.102892e+02 
    0.000    2.366000  0.000000e+00  3.090634e+02 
    0.000    2.469000  0.000000e+00  3.078000e+02 
    0.000    2.572000  0.000000e+00  3.064852e+02 
    0.000    2.675000  0.000000e+00  3.051422e+02 
    0.000    2.778000  0.000000e+00  3.037821e+02 
    0.000    2.881000  0.000000e+00  3.024234e+02 
    0.000    2.983000  0.000000e+00  3.010863e+02 
    0.000    3.086000  0.000000e+00  2.997490e+02 
    0.000    3.189000  0.000000e+00  2.984110e+02 
    0.000    3.292000  0.000000e+00  2.970812e+02 
    0.000    3.395000  0.000000e+00  2.957654e+02 
    0.000    3.498000  0.000000e+00  2.944651e+02 
    0.000    3.601000  0.000000e+00  2.931885e+02 
    0.000    3.704000  0.000000e+00  2.919387e+02 
    0.000    3.807000  0.000000e+00  2.907093e+02 
    0.000    3.909000  0.000000e+00  2.894821e+02 
    0.000    4.012000  0.000000e+00  2.882508e+02 
    0.000    4.115000  0.000000e+00  2.870284e+02 
    0.000    4.218000  0.000000e+00  2.858149e+02 
    0.000    4.321000  0.000000e+00  2.846177e+02 
    0.000    4.424000  0.000000e+00  2.834225e+02 
    0.000    4.527000  0.000000e+00  2.822384e+02 
    0.000    4.630000  0.000000e+00  2.810683e+02 
    0.000    4.733000  0.000000e+00  2.799059e+02 
    0.000    4.835000  0.000000e+00  2.787652e+02 
    0.000    4.938000  0.000000e+00  2.776265e+02 
    0.000    5.041000  0.000000e+00  2.764986e+02 
    0.000    5.144000  0.000000e+00  2.753871e+02 
    0.000    5.247000  0.000000e+00  2.742863e+02 
    0.000    5.350000  0.000000e+00  2.731988e+02 
    0.000    5.453000  0.000000e+00  2.721280e+02 
    0.000    5.556000  0.000000e+00  2.710725e+02 
    0.000    5.659000  0.000000e+00  2.700344e+02 
    0.000    5.761000  0.000000e+00  2.690200e+02 
    0.000    5.864000  0.000000e+00  2.680116e+02 
    0.000    5.967000  0.000000e+00  2.670206e+02 
    0.000    6.070000  0.000000e+00  2.660476e+02 
    0.000    6.173000  0.000000e+00  2.650906e+02 
    0.000    6.276000  0.000000e+00  2.641499e+02 
    0.000    6.379000  0.000000e+00  2.632402e+02 
    0.000    6.482000  0.000000e+00  2.623567e+02 
    0.000    6.585000  0.000000e+00  2.615003e+02 
    0.000    6.688000  0.000000e+00  2.606873e+02 
    0.000    6.790000  0.000000e+00  2.599133e+02 
    0.000    6.893000  0.000000e+00  2.591911e+02 
    0.000    6.996000  0.000000e+00  2.585466e+02 
    0.000    7.099000  0.000000e+00  2.579583e+02 
    0.000    7.202000  0.000000e+00  2.574862e+02 
    0.000    7.305000  0.000000e+00  2.571200e+02 
    0.000    7.408000  0.000000e+00  2.568205e+02 
    0.000    7.511000  0.000000e+00  2.566270e+02 
    0.000    7.614000  0.000000e+00  2.565043e+02 
    0.000    7.716000  0.000000e+00  2.564150e+02 
    0.000    7.819000  0.000000e+00  2.563292e+02 
    0.000    7.922000  0.000000e+00  2.562491e+02 
    0.000    8.025000  0.000000e+00  2.561529e+02 
    0.000    8.128000  0.000000e+00  2.560186e+02 
    0.000    8.231000  0.000000e+00  2.558622e+02 
    0.000    8.334000  0.000000e+00  2.556907e+02 
    0.000    8.437000  0.000000e+00  2.555075e+02 
    0.000    8.540000  0.000000e+00  2.553179e+02 
    0.000    8.642000  0.000000e+00  2.551312e+02 
    0.000    8.745000  0.000000e+00  2.549446e+02 
    0.000    8.848000  0.000000e+00  2.547587e+02 
    0.000    8.951000  0.000000e+00  2.545842e+02 
    0.000    9.054000  0.000000e+00  2.544181e+02 
    0.000    9.157000  0.000000e+00  2.542590e+02 
    0.000    9.260000  0.000000e+00  2.541270e+02 
    0.000    9.363000  0.000000e+00  2.540146e+02 
    0.000    9.466000  0.000000e+00  2.539147e+02 
    0.000    9.568000  0.000000e+00  2.538296e+02 
    0.000    9.671000  0.000000e+00  2.537541e+02 
    0.000    9.774000  0.000000e+00  2.536850e+02 
    0.000    9.877000  0.000000e+00  2.536175e+02 
    0.000    9.980000  0.000000e+00  2.535521e+02 
    0.000   10.083000  0.000000e+00  2.534879e+02 
    0.000   10.186000  0.000000e+00  2.534214e+02 
    0.000   10.289000  0.000000e+00  2.533543e+02 
    0.000   10.392000  0.000000e+00  2.532913e+02 
    0.000   10.493999  0.000000e+00  2.532389e+02 
    0.000   10.597000  0.000000e+00  2.531939e+02 
    0.000   10.700000  0.000000e+00  2.531483e+02 
    0.000   10.802999  0.000000e+00  2.530894e+02 
    0.000   10.906000  0.000000e+00  2.530218e+02 
    0.000   11.009000  0.000000e+00  2.529487e+02 
    0.000   11.112000  0.000000e+00  2.528657e+02 
    0.000   11.215000  0.000000e+00  2.527761e+02 
    0.000   11.318000  0.000000e+00  2.526828e+02 
    0.000   11.420000  0.000000e+00  2.525859e+02 
    0.000   11.523000  0.000000e+00  2.524851e+02 
    0.000   11.625999  0.000000e+00  2.523828e+02 
    0.000   11.729000  0.000000e+00  2.522789e+02 
    0.000   11.832000  0.000000e+00  2.521742e+02 
    0.000   11.934999  0.000000e+00  2.520692e+02 
    0.000   12.038000  0.000000e+00  2.519688e+02 
    0.000   12.141000  0.000000e+00  2.518722e+02 
    0.000   12.243999  0.000000e+00  2.517778e+02 
    0.000   12.347000  0.000000e+00  2.516885e+02 
    0.000   12.449000  0.000000e+00  2.516046e+02 
    0.000   12.552000  0.000000e+00  2.515231e+02 
    0.000   12.655000  0.000000e+00  2.514454e+02 
    0.000   12.757999  0.000000e+00  2.513712e+02 
    0.000   12.861000  0.000000e+00  2.512998e+02 
    0.000   12.964000  0.000000e+00  2.512301e+02 
    0.000   13.066999  0.000000e+00  2.511613e+02 
    0.000   13.170000  0.000000e+00  2.510935e+02 
    0.000   13.273000  0.000000e+00  2.510263e+02 
    0.000   13.375000  0.000000e+00  2.509591e+02 
    0.000   13.478000  0.000000e+00  2.508910e+02 
    0.000   13.581000  0.000000e+00  2.508232e+02 
    0.000   13.684000  0.000000e+00  2.507557e+02 
    0.000   13.787000  0.000000e+00  2.506887e+02 
    0.000   13.890000  0.000000e+00  2.506223e+02 
    0.000   13.993000  0.000000e+00  2.505589e+02 
    0.000   14.096000  0.000000e+00  2.504982e+02 
    0.000   14.199000  0.000000e+00  2.504394e+02 
    0.000   14.301000  0.000000e+00  2.503837e+02 
    0.000   14.404000  0.000000e+00  2.503301e+02 
    0.000   14.507000  0.000000e+00  2.502787e+02 
    0.000   14.610000  0.000000e+00  2.502285e+02 
    0.000   14.713000  0.000000e+00  2.501780e+02 
    0.000   14.816000  0.000000e+00  2.501274e+02 
    0.000   14.919000  0.000000e+00  2.500773e+02 
    0.000   15.022000  0.000000e+00  2.500279e+02 
    0.000   15.125000  0.000000e+00  2.499792e+02 
    0.000   15.227000  0.000000e+00  2.499318e+02 
    0.000   15.330000  0.000000e+00  2.498837e+02 
    0.000   15.433000  0.000000e+00  2.498349e+02 
    0.000   15.536000  0.000000e+00  2.497858e+02 
    0.000   15.639000  0.000000e+00  2.497368e+02 
    0.000   15.742000  0.000000e+00  2.496876e+02 
    0.000   15.845000  0.000000e+00  2.496385e+02 
    0.000   15.947999  0.000000e+00  2.495896e+02 
    0.000   16.051001  0.000000e+00  2.495435e+02 
    0.000   16.153002  0.000000e+00  2.495010e+02 
    0.000   16.256001  0.000000e+00  2.494603e+02 
    0.000   16.359001  0.000000e+00  2.494203e+02 
    0.000   16.462000  0.000000e+00  2.493794e+02 
    0.000   16.565001  0.000000e+00  2.493377e+02 
    0.000   16.668001  0.000000e+00  2.492960e+02 
    0.000   16.771000  0.000000e+00  2.492527e+02 
    0.000   16.874001  0.000000e+00  2.492079e+02 
    0.000   16.977001  0.000000e+00  2.491624e+02 
    0.000   17.080000  0.000000e+00  2.491166e+02 
    0.000   17.182001  0.000000e+00  2.490711e+02 
    0.000   17.285002  0.000000e+00  2.490252e+02 
    0.000   17.388000  0.000000e+00  2.489792e+02 
    0.000   17.491001  0.000000e+00  2.489334e+02 
    0.000   17.594002  0.000000e+00  2.488877e+02 
    0.000   17.697001  0.000000e+00  2.488422e+02 
    0.000   17.800001  0.000000e+00  2.487971e+02 
    0.000   17.903002  0.000000e+00  2.487526e+02 
    0.000   18.006001  0.000000e+00  2.487087e+02 
    0.000   18.108002  0.000000e+00  2.486657e+02 
    0.000   18.211000  0.000000e+00  2.486241e+02 
    0.000   18.314001  0.000000e+00  2.485844e+02 
    0.000   18.417002  0.000000e+00  2.485461e+02 
    0.000   18.520000  0.000000e+00  2.485091e+02 
    0.000   18.623001  0.000000e+00  2.484735e+02 
    0.000   18.726002  0.000000e+00  2.484391e+02 
    0.000   18.829000  0.000000e+00  2.484057e+02 
    0.000   18.932001  0.000000e+00  2.483733e+02 
    0.000   19.034000  0.000000e+00  2.483419e+02 
    0.000   19.137001  0.000000e+00  2.483110e+02 
    0.000   19.240002  0.000000e+00  2.482807e+02 
    0.000   19.343000  0.000000e+00  2.482506e+02 
    0.000   19.446001  0.000000e+00  2.482207e+02 
    0.000   19.549002  0.000000e+00  2.481909e+02 
    0.000   19.652000  0.000000e+00  2.481615e+02 
    0.000   19.755001  0.000000e+00  2.481311e+02 
    0.000   19.858002  0.000000e+00  2.480994e+02 
    0.000   19.960001  0.000000e+00  2.480674e+02 
    0.000   20.063002  0.000000e+00  2.480347e+02 
    0.000   20.363001  0.000000e+00  2.479371e+02 
    0.000   20.858002  0.000000e+00  2.477880e+02 
    0.000   21.354000  0.000000e+00  2.476655e+02 
    0.000   21.850000  0.000000e+00  2.475617e+02 
    0.000   22.346001  0.000000e+00  2.474661e+02 
    0.000   22.841002  0.000000e+00  2.473727e+02 
    0.000   23.337000  0.000000e+00  2.472796e+02 
    0.000   23.833000  0.000000e+00  2.471984e+02 
    0.000   24.329000  0.000000e+00  2.471444e+02 
    0.000   24.824001  0.000000e+00  2.471179e+02 
    0.000   25.320002  0.000000e+00  2.471098e+02 
    0.000   25.816000  0.000000e+00  2.471004e+02 
    0.000   26.312000  0.000000e+00  2.470883e+02 
    0.000   26.807001  0.000000e+00  2.470882e+02 
    0.000   27.303001  0.000000e+00  2.471006e+02 
    0.000   27.799002  0.000000e+00  2.471215e+02 
    0.000   28.295000  0.000000e+00  2.471501e+02 
    0.000   28.790001  0.000000e+00  2.471863e+02 
    0.000   29.286001  0.000000e+00  2.472247e+02 
    0.000   29.782001  0.000000e+00  2.472672e+02 
    0.000   30.278002  0.000000e+00  2.473174e+02 
    0.000   30.773001  0.000000e+00  2.473738e+02 
    0.000   31.269001  0.000000e+00  2.474318e+02 
    0.000   31.765001  0.000000e+00  2.474877e+02 
    0.000   32.260998  0.000000e+00  2.475427e+02 
    0.000   32.756001  0.000000e+00  2.475972e+02 
    0.000   33.251999  0.000000e+00  2.476514e+02 
    0.000   33.747997  0.000000e+00  2.477063e+02 
    0.000   34.243999  0.000000e+00  2.477625e+02 
    0.000   34.738998  0.000000e+00  2.478222e+02 
    0.000   35.235001  0.000000e+00  2.478852e+02 
    0.000   35.730999  0.000000e+00  2.479468e+02 
    0.000   36.226997  0.000000e+00  2.480062e+02 
    0.000   36.722000  0.000000e+00  2.480590e+02 
    0.000   37.217999  0.000000e+00  2.481062e+02 
    0.000   37.714001  0.000000e+00  2.481500e+02 
    0.000   38.209999  0.000000e+00  2.481911e+02 
    0.000   38.704998  0.000000e+00  2.482330e+02 
    0.000   39.201000  0.000000e+00  2.482765e+02 
    0.000   39.696999  0.000000e+00  2.483224e+02 
    0.000   40.196999  0.000000e+00  2.483717e+02 
    0.000   45.196999  0.000000e+00  2.488180e+02 
    0.000   50.196999  0.000000e+00  2.490415e+02 
    0.000   55.196999  0.000000e+00  2.490355e+02 
    0.000   60.196999  0.000000e+00  2.489688e+02 
    0.000   65.197006  0.000000e+00  2.489161e+02 
