   67.241    0.000000  1.029795e-01  1.549625e+01 
   67.241    0.103000  1.035462e-01  1.566858e+01 
   67.241    0.205000  1.041048e-01  1.584517e+01 
   67.241    0.308000  1.046646e-01  1.602697e+01 
   67.241    0.411000  1.052186e-01  1.621107e+01 
   67.241    0.514000  1.057668e-01  1.639663e+01 
   67.241    0.617000  1.063116e-01  1.658288e+01 
   67.241    0.720000  1.068556e-01  1.676923e+01 
   67.241    0.823000  1.074011e-01  1.695526e+01 
   67.241    0.926000  1.079491e-01  1.714076e+01 
   67.241    1.029000  1.085000e-01  1.732557e+01 
   67.241    1.131000  1.090564e-01  1.750882e+01 
   67.241    1.234000  1.096224e-01  1.769301e+01 
   67.241    1.337000  1.102361e-01  1.788260e+01 
   67.241    1.440000  1.109104e-01  1.807983e+01 
   67.241    1.543000  1.116737e-01  1.828910e+01 
   67.241    1.646000  1.125501e-01  1.851370e+01 
   67.241    1.749000  1.559238e+00  5.876609e+01 
   67.241    1.852000  2.197801e+01  1.098642e+02 
   67.241    1.955000  2.589180e+02  1.724771e+02 
   67.241    2.058000  2.604017e+02  1.723376e+02 
   67.241    2.160000  2.616761e+02  1.722396e+02 
   67.241    2.263000  2.629586e+02  1.721805e+02 
   67.241    2.366000  2.642372e+02  1.721530e+02 
   67.241    2.469000  2.655097e+02  1.721520e+02 
   67.241    2.572000  2.667729e+02  1.721742e+02 
   67.241    2.675000  2.680255e+02  1.722165e+02 
   67.241    2.778000  2.692666e+02  1.722761e+02 
   67.241    2.881000  2.704972e+02  1.723502e+02 
   67.241    2.984000  2.717177e+02  1.724370e+02 
   67.241    3.086000  2.729157e+02  1.725339e+02 
   67.241    3.189000  2.741156e+02  1.726414e+02 
   67.241    3.292000  2.753066e+02  1.727573e+02 
   67.241    3.395000  2.764900e+02  1.728806e+02 
   67.241    3.498000  2.776661e+02  1.730103e+02 
   67.241    3.601000  2.788372e+02  1.731455e+02 
   67.241    3.704000  2.800061e+02  1.732854e+02 
   67.241    3.807000  2.811731e+02  1.734296e+02 
   67.241    3.910000  2.823411e+02  1.735772e+02 
   67.241    4.012000  2.834993e+02  1.737264e+02 
   67.241    4.115000  2.846703e+02  1.738800e+02 
   67.241    4.218000  2.858428e+02  1.740361e+02 
   67.241    4.321000  2.870147e+02  1.741947e+02 
   67.241    4.424000  2.881820e+02  1.743557e+02 
   67.241    4.527000  2.893409e+02  1.745190e+02 
   67.241    4.630000  2.904871e+02  1.746845e+02 
   67.241    4.733000  2.916164e+02  1.748521e+02 
   67.241    4.836000  2.927257e+02  1.750214e+02 
   67.241    4.938000  2.938041e+02  1.751904e+02 
   67.241    5.041000  2.962738e+02  1.756400e+02 
   67.241    5.144000  2.973251e+02  1.758115e+02 
   67.241    5.247000  2.986684e+02  1.760147e+02 
   67.241    5.350000  2.999711e+02  1.762165e+02 
   67.241    5.453000  3.012886e+02  1.764221e+02 
   67.241    5.556000  3.026840e+02  1.766375e+02 
   67.241    5.659000  3.041883e+02  1.768654e+02 
   67.241    5.762000  3.055991e+02  1.770854e+02 
   67.241    5.864000  3.069613e+02  1.773007e+02 
   67.241    5.967000  3.088877e+02  1.775730e+02 
   67.241    6.070000  3.139795e+02  1.781507e+02 
   67.241    6.173000  3.227637e+02  1.790644e+02 
   67.241    6.276000  3.344842e+02  1.802145e+02 
   67.241    6.379000  3.479479e+02  1.814706e+02 
   67.241    6.482000  3.622570e+02  1.827435e+02 
   67.241    6.585000  3.733516e+02  1.837127e+02 
   67.241    6.688000  3.822493e+02  1.844852e+02 
   67.241    6.790000  3.907793e+02  1.852136e+02 
   67.241    6.893000  3.959934e+02  1.856838e+02 
   67.241    6.996000  4.007171e+02  1.861143e+02 
   67.241    7.099000  4.052039e+02  1.865244e+02 
   67.241    7.202000  4.077506e+02  1.867908e+02 
   67.241    7.305000  4.104043e+02  1.870669e+02 
   67.241    7.408000  4.128213e+02  1.873270e+02 
   67.241    7.511000  4.154287e+02  1.876024e+02 
   67.241    7.614000  4.176362e+02  1.878506e+02 
   67.241    7.716000  4.198585e+02  1.880999e+02 
   67.241    7.819000  4.219857e+02  1.883419e+02 
   67.241    7.922000  4.244693e+02  1.886070e+02 
   67.241    8.025001  4.269680e+02  1.888707e+02 
   67.241    8.128000  4.297913e+02  1.891529e+02 
   67.241    8.231001  4.318725e+02  1.893817e+02 
   67.241    8.334001  4.341185e+02  1.896194e+02 
   67.241    8.437000  4.362437e+02  1.898472e+02 
   67.241    8.540000  4.383651e+02  1.900731e+02 
   67.241    8.643001  4.405961e+02  1.903044e+02 
   67.241    8.745001  4.427933e+02  1.905312e+02 
   67.241    8.848001  4.450622e+02  1.907616e+02 
   67.241    8.951000  4.474422e+02  1.909961e+02 
   67.241    9.054001  4.513509e+02  1.913218e+02 
   67.241    9.157001  4.539058e+02  1.915588e+02 
   67.241    9.260000  4.562263e+02  1.917776e+02 
   67.241    9.363001  4.567358e+02  1.918817e+02 
   67.241    9.466001  4.572395e+02  1.919835e+02 
   67.241    9.569000  4.577375e+02  1.920833e+02 
   67.241    9.671000  4.582253e+02  1.921801e+02 
   67.241    9.774000  4.587099e+02  1.922760e+02 
   67.241    9.877001  4.591835e+02  1.923700e+02 
   67.241    9.980000  4.596452e+02  1.924621e+02 
   67.241   10.083000  4.601300e+02  1.925516e+02 
   67.241   10.186001  4.606041e+02  1.926395e+02 
   67.241   10.289001  4.610676e+02  1.927257e+02 
   67.241   10.392000  4.615226e+02  1.928105e+02 
   67.241   10.495001  4.619715e+02  1.928937e+02 
   67.241   10.597000  4.624105e+02  1.929748e+02 
   67.241   10.700001  4.628476e+02  1.930552e+02 
   67.241   10.803000  4.632778e+02  1.931345e+02 
   67.241   10.906000  4.637011e+02  1.932125e+02 
   67.241   11.009001  4.641181e+02  1.932894e+02 
   67.241   11.112000  4.645298e+02  1.933653e+02 
   67.241   11.215000  4.649366e+02  1.934402e+02 
   67.241   11.318001  4.653385e+02  1.935140e+02 
   67.241   11.421000  4.657357e+02  1.935869e+02 
   67.241   11.523001  4.661243e+02  1.936582e+02 
   67.241   11.626000  4.665118e+02  1.937292e+02 
   67.241   11.729000  4.668941e+02  1.937993e+02 
   67.241   11.832001  4.672713e+02  1.938684e+02 
   67.241   11.935000  4.676432e+02  1.939366e+02 
   67.241   12.038000  4.680101e+02  1.940039e+02 
   67.241   12.141001  4.683719e+02  1.940703e+02 
   67.241   12.244000  4.687288e+02  1.941358e+02 
   67.241   12.347000  4.690807e+02  1.942003e+02 
   67.241   12.449000  4.694245e+02  1.942634e+02 
   67.241   12.552000  4.697668e+02  1.943261e+02 
   67.241   12.655001  4.701043e+02  1.943879e+02 
   67.241   12.758000  4.704374e+02  1.944487e+02 
   67.241   12.861000  4.707662e+02  1.945086e+02 
   67.241   12.964001  4.710910e+02  1.945674e+02 
   67.241   13.067000  4.714120e+02  1.946252e+02 
   67.241   13.170000  4.717293e+02  1.946819e+02 
   67.241   13.273001  4.720427e+02  1.947375e+02 
   67.241   13.375000  4.723495e+02  1.947916e+02 
   67.241   13.478001  4.726558e+02  1.948452e+02 
   67.241   13.581000  4.729585e+02  1.948977e+02 
   67.241   13.684000  4.732577e+02  1.949491e+02 
   67.241   13.787001  4.735536e+02  1.949996e+02 
   67.241   13.890000  4.738460e+02  1.950490e+02 
   67.241   13.993000  4.741353e+02  1.950974e+02 
   67.241   14.096001  4.744213e+02  1.951448e+02 
   67.241   14.199000  4.747041e+02  1.951912e+02 
   67.241   14.302000  4.749837e+02  1.952365e+02 
   67.241   14.404000  4.752576e+02  1.952805e+02 
   67.241   14.507000  4.755310e+02  1.953240e+02 
   67.241   14.610001  4.758012e+02  1.953665e+02 
   67.241   14.713000  4.760683e+02  1.954082e+02 
   67.241   14.816000  4.763323e+02  1.954491e+02 
   67.241   14.919001  4.765931e+02  1.954893e+02 
   67.241   15.022000  4.768507e+02  1.955286e+02 
   67.241   15.125000  4.771052e+02  1.955673e+02 
   67.241   15.228001  4.773566e+02  1.956053e+02 
   67.241   15.330001  4.776024e+02  1.956422e+02 
   67.241   15.433001  4.778476e+02  1.956788e+02 
   67.241   15.536000  4.780898e+02  1.957148e+02 
   67.241   15.639001  4.783290e+02  1.957501e+02 
   67.241   15.742001  4.785653e+02  1.957847e+02 
   67.241   15.845000  4.787988e+02  1.958186e+02 
   67.241   15.948001  4.790295e+02  1.958518e+02 
   67.241   16.050999  4.792577e+02  1.958844e+02 
   67.241   16.153999  4.794834e+02  1.959162e+02 
   67.241   16.255999  4.797045e+02  1.959471e+02 
   67.241   16.358999  4.799253e+02  1.959777e+02 
   67.241   16.462000  4.801438e+02  1.960075e+02 
   67.241   16.564999  4.803601e+02  1.960368e+02 
   67.241   16.667999  4.805742e+02  1.960653e+02 
   67.241   16.771000  4.807862e+02  1.960932e+02 
   67.241   16.873999  4.809963e+02  1.961203e+02 
   67.241   16.976999  4.812044e+02  1.961468e+02 
   67.241   17.080000  4.814109e+02  1.961724e+02 
   67.241   17.181999  4.816139e+02  1.961969e+02 
   67.241   17.285000  4.818175e+02  1.962209e+02 
   67.241   17.387999  4.820196e+02  1.962439e+02 
   67.241   17.490999  4.822206e+02  1.962661e+02 
   67.241   17.594000  4.824203e+02  1.962873e+02 
   67.241   17.696999  4.826190e+02  1.963076e+02 
   67.241   17.799999  4.828163e+02  1.963271e+02 
   67.241   17.903000  4.830121e+02  1.963458e+02 
   67.241   18.005999  4.832066e+02  1.963638e+02 
   67.241   18.108000  4.833976e+02  1.963809e+02 
   67.241   18.210999  4.835889e+02  1.963976e+02 
   67.241   18.313999  4.837784e+02  1.964137e+02 
   67.241   18.417000  4.839663e+02  1.964292e+02 
   67.241   18.519999  4.841524e+02  1.964441e+02 
   67.241   18.622999  4.843370e+02  1.964585e+02 
   67.241   18.726000  4.845202e+02  1.964722e+02 
   67.241   18.828999  4.847018e+02  1.964854e+02 
   67.241   18.931999  4.848820e+02  1.964979e+02 
   67.241   19.035000  4.850608e+02  1.965099e+02 
   67.241   19.136999  4.852367e+02  1.965212e+02 
   67.241   19.240000  4.854129e+02  1.965320e+02 
   67.241   19.343000  4.855879e+02  1.965423e+02 
   67.241   19.445999  4.857614e+02  1.965520e+02 
   67.241   19.549000  4.859337e+02  1.965613e+02 
   67.241   19.652000  4.861046e+02  1.965701e+02 
   67.241   19.754999  4.862742e+02  1.965785e+02 
   67.241   19.858000  4.864425e+02  1.965863e+02 
   67.241   19.960999  4.866095e+02  1.965938e+02 
   67.241   20.063000  4.867739e+02  1.966005e+02 
   67.241   20.362999  4.872525e+02  1.966171e+02 
   67.241   20.858000  4.880195e+02  1.966365e+02 
   67.241   21.354000  4.887599e+02  1.966467e+02 
   67.241   21.850000  4.894731e+02  1.966483e+02 
   67.241   22.345999  4.901537e+02  1.966451e+02 
   67.241   22.841000  4.907942e+02  1.966411e+02 
   67.241   23.337000  4.913932e+02  1.966384e+02 
   67.241   23.833000  4.919514e+02  1.966369e+02 
   67.241   24.328999  4.924749e+02  1.966350e+02 
   67.241   24.823999  4.929663e+02  1.966319e+02 
   67.241   25.320000  4.934271e+02  1.966282e+02 
   67.241   25.816000  4.938572e+02  1.966247e+02 
   67.241   26.312000  4.942588e+02  1.966213e+02 
   67.241   26.806999  4.946342e+02  1.966173e+02 
   67.241   27.302999  4.949866e+02  1.966127e+02 
   67.241   27.799000  4.953156e+02  1.966079e+02 
   67.241   28.295000  4.956224e+02  1.966028e+02 
   67.241   28.789999  4.959095e+02  1.965972e+02 
   67.241   29.285999  4.961812e+02  1.965908e+02 
   67.241   29.782000  4.964394e+02  1.965835e+02 
   67.241   30.278000  4.966857e+02  1.965751e+02 
   67.241   30.774000  4.969219e+02  1.965659e+02 
   67.241   31.268999  4.971494e+02  1.965558e+02 
   67.241   31.764999  4.973705e+02  1.965451e+02 
   67.241   32.260998  4.975870e+02  1.965338e+02 
   67.241   32.757000  4.978008e+02  1.965221e+02 
   67.241   33.251999  4.980129e+02  1.965104e+02 
   67.241   33.748001  4.982258e+02  1.964988e+02 
   67.241   34.243999  4.984404e+02  1.964877e+02 
   67.241   34.739998  4.986582e+02  1.964770e+02 
   67.241   35.235001  4.988799e+02  1.964670e+02 
   67.241   35.730999  4.991075e+02  1.964576e+02 
   67.241   36.227001  4.993409e+02  1.964487e+02 
   67.241   36.723000  4.995803e+02  1.964404e+02 
   67.241   37.217999  4.998244e+02  1.964328e+02 
   67.241   37.714001  5.000732e+02  1.964256e+02 
   67.241   38.209999  5.003245e+02  1.964189e+02 
   67.241   38.706001  5.005764e+02  1.964129e+02 
   67.241   39.201000  5.008268e+02  1.964074e+02 
   67.241   39.696999  5.010740e+02  1.964025e+02 
   67.241   40.196999  5.013147e+02  1.963992e+02 
   67.241   45.196999  5.031970e+02  1.963951e+02 
   67.241   50.196999  5.039072e+02  1.964041e+02 
   67.241   55.196999  5.041590e+02  1.964126e+02 
   67.241   60.196999  5.049316e+02  1.964187e+02 
   67.241   65.197006  5.061742e+02  1.964226e+02 
