    0.000    0.000000  0.000000e+00  3.521377e+02 
    0.000    0.103000  0.000000e+00  3.512451e+02 
    0.000    0.206000  0.000000e+00  3.500179e+02 
    0.000    0.309000  0.000000e+00  3.486423e+02 
    0.000    0.412000  0.000000e+00  3.472336e+02 
    0.000    0.514000  0.000000e+00  3.458393e+02 
    0.000    0.617000  0.000000e+00  3.442112e+02 
    0.000    0.720000  0.000000e+00  3.423553e+02 
    0.000    0.823000  0.000000e+00  3.403022e+02 
    0.000    0.926000  0.000000e+00  3.380739e+02 
    0.000    1.029000  0.000000e+00  3.356522e+02 
    0.000    1.132000  0.000000e+00  3.330923e+02 
    0.000    1.235000  0.000000e+00  3.303523e+02 
    0.000    1.338000  0.000000e+00  3.275213e+02 
    0.000    1.440000  0.000000e+00  3.246673e+02 
    0.000    1.543000  0.000000e+00  3.217705e+02 
    0.000    1.646000  0.000000e+00  3.187830e+02 
    0.000    1.749000  0.000000e+00  3.156636e+02 
    0.000    1.852000  0.000000e+00  3.063804e+02 
    0.000    1.955000  0.000000e+00  3.022113e+02 
    0.000    2.058000  0.000000e+00  2.993739e+02 
    0.000    2.161000  0.000000e+00  2.968757e+02 
    0.000    2.264000  0.000000e+00  2.944845e+02 
    0.000    2.366000  0.000000e+00  2.935892e+02 
    0.000    2.469000  0.000000e+00  2.926060e+02 
    0.000    2.572000  0.000000e+00  2.915904e+02 
    0.000    2.675000  0.000000e+00  2.905440e+02 
    0.000    2.778000  0.000000e+00  2.894747e+02 
    0.000    2.881000  0.000000e+00  2.884081e+02 
    0.000    2.984000  0.000000e+00  2.872929e+02 
    0.000    3.087000  0.000000e+00  2.861523e+02 
    0.000    3.190000  0.000000e+00  2.849866e+02 
    0.000    3.292000  0.000000e+00  2.838175e+02 
    0.000    3.395000  0.000000e+00  2.826251e+02 
    0.000    3.498000  0.000000e+00  2.814293e+02 
    0.000    3.601000  0.000000e+00  2.802264e+02 
    0.000    3.704000  0.000000e+00  2.790147e+02 
    0.000    3.807000  0.000000e+00  2.777386e+02 
    0.000    3.910000  0.000000e+00  2.764464e+02 
    0.000    4.013000  0.000000e+00  2.751479e+02 
    0.000    4.116000  0.000000e+00  2.738353e+02 
    0.000    4.219000  0.000000e+00  2.725057e+02 
    0.000    4.321000  0.000000e+00  2.711858e+02 
    0.000    4.424000  0.000000e+00  2.698580e+02 
    0.000    4.527000  0.000000e+00  2.686753e+02 
    0.000    4.630000  0.000000e+00  2.674991e+02 
    0.000    4.733000  0.000000e+00  2.663236e+02 
    0.000    4.836000  0.000000e+00  2.651567e+02 
    0.000    4.939000  0.000000e+00  2.639971e+02 
    0.000    5.042000  0.000000e+00  2.628434e+02 
    0.000    5.145000  0.000000e+00  2.617028e+02 
    0.000    5.247000  0.000000e+00  2.605773e+02 
    0.000    5.350000  0.000000e+00  2.594531e+02 
    0.000    5.453000  0.000000e+00  2.583453e+02 
    0.000    5.556000  0.000000e+00  2.572537e+02 
    0.000    5.659000  0.000000e+00  2.561805e+02 
    0.000    5.762000  0.000000e+00  2.551266e+02 
    0.000    5.865000  0.000000e+00  2.540920e+02 
    0.000    5.968000  0.000000e+00  2.530797e+02 
    0.000    6.071000  0.000000e+00  2.520872e+02 
    0.000    6.173000  0.000000e+00  2.511208e+02 
    0.000    6.276000  0.000000e+00  2.501676e+02 
    0.000    6.379000  0.000000e+00  2.491407e+02 
    0.000    6.482000  0.000000e+00  2.481211e+02 
    0.000    6.585000  0.000000e+00  2.471211e+02 
    0.000    6.688000  0.000000e+00  2.461510e+02 
    0.000    6.791000  0.000000e+00  2.451947e+02 
    0.000    6.894000  0.000000e+00  2.442175e+02 
    0.000    6.997000  0.000000e+00  2.432986e+02 
    0.000    7.099000  0.000000e+00  2.424099e+02 
    0.000    7.202000  0.000000e+00  2.416831e+02 
    0.000    7.305000  0.000000e+00  2.411355e+02 
    0.000    7.408000  0.000000e+00  2.406895e+02 
    0.000    7.511000  0.000000e+00  2.403160e+02 
    0.000    7.614000  0.000000e+00  2.400875e+02 
    0.000    7.717000  0.000000e+00  2.398569e+02 
    0.000    7.820000  0.000000e+00  2.397027e+02 
    0.000    7.923000  0.000000e+00  2.395466e+02 
    0.000    8.025001  0.000000e+00  2.393765e+02 
    0.000    8.128000  0.000000e+00  2.392174e+02 
    0.000    8.231001  0.000000e+00  2.390743e+02 
    0.000    8.334001  0.000000e+00  2.389156e+02 
    0.000    8.437000  0.000000e+00  2.386041e+02 
    0.000    8.540000  0.000000e+00  2.383814e+02 
    0.000    8.643001  0.000000e+00  2.381211e+02 
    0.000    8.746000  0.000000e+00  2.378480e+02 
    0.000    8.849000  0.000000e+00  2.377282e+02 
    0.000    8.951000  0.000000e+00  2.376077e+02 
    0.000    9.054001  0.000000e+00  2.374846e+02 
    0.000    9.157001  0.000000e+00  2.373620e+02 
    0.000    9.260000  0.000000e+00  2.372509e+02 
    0.000    9.363001  0.000000e+00  2.371479e+02 
    0.000    9.466001  0.000000e+00  2.370504e+02 
    0.000    9.569000  0.000000e+00  2.369614e+02 
    0.000    9.672001  0.000000e+00  2.368786e+02 
    0.000    9.775001  0.000000e+00  2.368049e+02 
    0.000    9.878000  0.000000e+00  2.367491e+02 
    0.000    9.980000  0.000000e+00  2.367068e+02 
    0.000   10.083000  0.000000e+00  2.366681e+02 
    0.000   10.186001  0.000000e+00  2.366253e+02 
    0.000   10.289001  0.000000e+00  2.365806e+02 
    0.000   10.392000  0.000000e+00  2.365341e+02 
    0.000   10.495001  0.000000e+00  2.364823e+02 
    0.000   10.598001  0.000000e+00  2.364276e+02 
    0.000   10.701000  0.000000e+00  2.363717e+02 
    0.000   10.804001  0.000000e+00  2.363139e+02 
    0.000   10.906000  0.000000e+00  2.362561e+02 
    0.000   11.009001  0.000000e+00  2.361953e+02 
    0.000   11.112000  0.000000e+00  2.361263e+02 
    0.000   11.215000  0.000000e+00  2.360517e+02 
    0.000   11.318001  0.000000e+00  2.359744e+02 
    0.000   11.421000  0.000000e+00  2.358939e+02 
    0.000   11.524000  0.000000e+00  2.358113e+02 
    0.000   11.627001  0.000000e+00  2.357280e+02 
    0.000   11.730000  0.000000e+00  2.356459e+02 
    0.000   11.832001  0.000000e+00  2.355656e+02 
    0.000   11.935000  0.000000e+00  2.354852e+02 
    0.000   12.038000  0.000000e+00  2.354046e+02 
    0.000   12.141001  0.000000e+00  2.353240e+02 
    0.000   12.244000  0.000000e+00  2.352435e+02 
    0.000   12.347000  0.000000e+00  2.351631e+02 
    0.000   12.450001  0.000000e+00  2.350827e+02 
    0.000   12.553000  0.000000e+00  2.350025e+02 
    0.000   12.656000  0.000000e+00  2.349258e+02 
    0.000   12.758000  0.000000e+00  2.348537e+02 
    0.000   12.861000  0.000000e+00  2.347836e+02 
    0.000   12.964001  0.000000e+00  2.347160e+02 
    0.000   13.067000  0.000000e+00  2.346508e+02 
    0.000   13.170000  0.000000e+00  2.345875e+02 
    0.000   13.273001  0.000000e+00  2.345259e+02 
    0.000   13.376000  0.000000e+00  2.344660e+02 
    0.000   13.479000  0.000000e+00  2.344077e+02 
    0.000   13.582001  0.000000e+00  2.343508e+02 
    0.000   13.684000  0.000000e+00  2.342962e+02 
    0.000   13.787001  0.000000e+00  2.342427e+02 
    0.000   13.890000  0.000000e+00  2.341904e+02 
    0.000   13.993000  0.000000e+00  2.341390e+02 
    0.000   14.096001  0.000000e+00  2.340883e+02 
    0.000   14.199000  0.000000e+00  2.340384e+02 
    0.000   14.302000  0.000000e+00  2.339898e+02 
    0.000   14.405001  0.000000e+00  2.339426e+02 
    0.000   14.508000  0.000000e+00  2.338968e+02 
    0.000   14.610001  0.000000e+00  2.338521e+02 
    0.000   14.713000  0.000000e+00  2.338072e+02 
    0.000   14.816000  0.000000e+00  2.337627e+02 
    0.000   14.919001  0.000000e+00  2.337187e+02 
    0.000   15.022000  0.000000e+00  2.336743e+02 
    0.000   15.125000  0.000000e+00  2.336294e+02 
    0.000   15.228001  0.000000e+00  2.335847e+02 
    0.000   15.331000  0.000000e+00  2.335414e+02 
    0.000   15.434000  0.000000e+00  2.335002e+02 
    0.000   15.537001  0.000000e+00  2.334606e+02 
    0.000   15.639001  0.000000e+00  2.334225e+02 
    0.000   15.742001  0.000000e+00  2.333851e+02 
    0.000   15.845000  0.000000e+00  2.333487e+02 
    0.000   15.948001  0.000000e+00  2.333132e+02 
    0.000   16.050999  0.000000e+00  2.332741e+02 
    0.000   16.153999  0.000000e+00  2.332309e+02 
    0.000   16.257000  0.000000e+00  2.331854e+02 
    0.000   16.359999  0.000000e+00  2.331383e+02 
    0.000   16.462999  0.000000e+00  2.330896e+02 
    0.000   16.564999  0.000000e+00  2.330403e+02 
    0.000   16.667999  0.000000e+00  2.329897e+02 
    0.000   16.771000  0.000000e+00  2.329403e+02 
    0.000   16.873999  0.000000e+00  2.328922e+02 
    0.000   16.976999  0.000000e+00  2.328448e+02 
    0.000   17.080000  0.000000e+00  2.327989e+02 
    0.000   17.182999  0.000000e+00  2.327553e+02 
    0.000   17.285999  0.000000e+00  2.327134e+02 
    0.000   17.389000  0.000000e+00  2.326728e+02 
    0.000   17.490999  0.000000e+00  2.326344e+02 
    0.000   17.594000  0.000000e+00  2.325974e+02 
    0.000   17.696999  0.000000e+00  2.325615e+02 
    0.000   17.799999  0.000000e+00  2.325267e+02 
    0.000   17.903000  0.000000e+00  2.324931e+02 
    0.000   18.005999  0.000000e+00  2.324605e+02 
    0.000   18.108999  0.000000e+00  2.324287e+02 
    0.000   18.212000  0.000000e+00  2.323973e+02 
    0.000   18.314999  0.000000e+00  2.323661e+02 
    0.000   18.417000  0.000000e+00  2.323356e+02 
    0.000   18.519999  0.000000e+00  2.323052e+02 
    0.000   18.622999  0.000000e+00  2.322751e+02 
    0.000   18.726000  0.000000e+00  2.322453e+02 
    0.000   18.828999  0.000000e+00  2.322158e+02 
    0.000   18.931999  0.000000e+00  2.321865e+02 
    0.000   19.035000  0.000000e+00  2.321571e+02 
    0.000   19.137999  0.000000e+00  2.321277e+02 
    0.000   19.240999  0.000000e+00  2.320985e+02 
    0.000   19.343000  0.000000e+00  2.320692e+02 
    0.000   19.445999  0.000000e+00  2.320391e+02 
    0.000   19.549000  0.000000e+00  2.320088e+02 
    0.000   19.652000  0.000000e+00  2.319784e+02 
    0.000   19.754999  0.000000e+00  2.319481e+02 
    0.000   19.858000  0.000000e+00  2.319177e+02 
    0.000   19.960999  0.000000e+00  2.318875e+02 
    0.000   20.063999  0.000000e+00  2.318573e+02 
    0.000   20.362999  0.000000e+00  2.317735e+02 
    0.000   20.858999  0.000000e+00  2.316522e+02 
    0.000   21.355000  0.000000e+00  2.315492e+02 
    0.000   21.850000  0.000000e+00  2.314564e+02 
    0.000   22.345999  0.000000e+00  2.313639e+02 
    0.000   22.841999  0.000000e+00  2.312706e+02 
    0.000   23.337999  0.000000e+00  2.311855e+02 
    0.000   23.833000  0.000000e+00  2.311201e+02 
    0.000   24.328999  0.000000e+00  2.310777e+02 
    0.000   24.824999  0.000000e+00  2.310526e+02 
    0.000   25.320999  0.000000e+00  2.310368e+02 
    0.000   25.816000  0.000000e+00  2.310349e+02 
    0.000   26.312000  0.000000e+00  2.310417e+02 
    0.000   26.807999  0.000000e+00  2.310522e+02 
    0.000   27.303999  0.000000e+00  2.310674e+02 
    0.000   27.799000  0.000000e+00  2.310876e+02 
    0.000   28.295000  0.000000e+00  2.311123e+02 
    0.000   28.791000  0.000000e+00  2.311455e+02 
    0.000   29.286999  0.000000e+00  2.311870e+02 
    0.000   29.782000  0.000000e+00  2.312342e+02 
    0.000   30.278000  0.000000e+00  2.312855e+02 
    0.000   30.774000  0.000000e+00  2.313390e+02 
    0.000   31.269999  0.000000e+00  2.313941e+02 
    0.000   31.764999  0.000000e+00  2.314501e+02 
    0.000   32.260998  0.000000e+00  2.315072e+02 
    0.000   32.757000  0.000000e+00  2.315649e+02 
    0.000   33.252998  0.000000e+00  2.316228e+02 
    0.000   33.748001  0.000000e+00  2.316825e+02 
    0.000   34.243999  0.000000e+00  2.317451e+02 
    0.000   34.739998  0.000000e+00  2.318080e+02 
    0.000   35.236000  0.000000e+00  2.318699e+02 
    0.000   35.730999  0.000000e+00  2.319282e+02 
    0.000   36.227001  0.000000e+00  2.319832e+02 
    0.000   36.723000  0.000000e+00  2.320345e+02 
    0.000   37.218998  0.000000e+00  2.320828e+02 
    0.000   37.714001  0.000000e+00  2.321272e+02 
    0.000   38.209999  0.000000e+00  2.321684e+02 
    0.000   38.706001  0.000000e+00  2.322098e+02 
    0.000   39.202000  0.000000e+00  2.322524e+02 
    0.000   39.696999  0.000000e+00  2.322981e+02 
    0.000   40.196999  0.000000e+00  2.323489e+02 
    0.000   45.196999  0.000000e+00  2.327989e+02 
    0.000   50.196999  0.000000e+00  2.330251e+02 
    0.000   55.196999  0.000000e+00  2.330216e+02 
    0.000   60.196999  0.000000e+00  2.329534e+02 
    0.000   65.197006  0.000000e+00  2.329012e+02 
