   68.104    0.000000  2.214367e-32  3.501890e+00 
   68.104    0.103000  2.227443e-32  3.560453e+00 
   68.104    0.205000  2.240308e-32  3.619059e+00 
   68.104    0.308000  2.253263e-32  3.678405e+00 
   68.104    0.411000  2.266204e-32  3.737637e+00 
   68.104    0.514000  3.331653e-32  5.245736e+00 
   68.104    0.617000  6.180748e-32  7.460281e+00 
   68.104    0.720000  1.349299e-31  1.003987e+01 
   68.104    0.823000  3.414131e-31  1.293838e+01 
   68.104    0.926000  1.007920e-30  1.620804e+01 
   68.104    1.029000  3.405615e-30  1.977943e+01 
   68.104    1.131000  1.280075e-29  2.356275e+01 
   68.104    1.234000  5.402292e-29  2.757832e+01 
   68.104    1.337000  2.569162e-28  3.187041e+01 
   68.104    1.440000  1.376005e-27  3.644711e+01 
   68.104    1.543000  8.241706e-27  4.128989e+01 
   68.104    1.646000  5.485111e-26  4.638217e+01 
   68.104    1.749000  4.032053e-25  5.170881e+01 
   68.104    1.852000  7.609316e-22  6.903173e+01 
   68.104    1.955000  2.212006e-18  8.808387e+01 
   68.104    2.057000  3.945848e-15  1.064353e+02 
   68.104    2.160000  3.611868e-12  1.237563e+02 
   68.104    2.263000  1.411280e-09  1.396684e+02 
   68.104    2.366000  2.351522e-07  1.542013e+02 
   68.104    2.469000  1.804012e-05  1.676776e+02 
   68.104    2.572000  6.790198e-04  1.805258e+02 
   68.104    2.675000  1.422449e-02  1.936712e+02 
   68.104    2.778000  1.797514e-01  2.079571e+02 
   68.104    2.881000  3.281376e-01  2.118031e+02 
   68.104    2.984000  5.595116e-01  2.156115e+02 
   68.104    3.086000  9.496539e-01  2.197998e+02 
   68.104    3.189000  1.559451e+00  2.241256e+02 
   68.104    3.292000  2.621345e+00  2.291394e+02 
   68.104    3.395000  4.269331e+00  2.343345e+02 
   68.104    3.498000  7.195345e+00  2.405008e+02 
   68.104    3.601000  1.250470e+01  2.477777e+02 
   68.104    3.704000  2.148940e+01  2.557107e+02 
   68.104    3.807000  3.492379e+01  2.635387e+02 
   68.104    3.910000  5.083908e+01  2.700485e+02 
   68.104    4.012000  7.058015e+01  2.760727e+02 
   68.104    4.115000  9.192868e+01  2.811251e+02 
   68.104    4.218000  1.133566e+02  2.852425e+02 
   68.104    4.321000  1.337505e+02  2.885589e+02 
   68.104    4.424000  1.586404e+02  2.920818e+02 
   68.104    4.527000  1.901030e+02  2.959157e+02 
   68.104    4.630000  2.248419e+02  2.995231e+02 
   68.104    4.733000  2.595631e+02  3.026138e+02 
   68.104    4.836000  2.736512e+02  3.036917e+02 
   68.104    4.938000  2.790842e+02  3.040439e+02 
   68.104    5.041000  2.850586e+02  3.044496e+02 
   68.104    5.144000  2.908041e+02  3.048410e+02 
   68.104    5.247000  2.967635e+02  3.052512e+02 
   68.104    5.350000  3.025732e+02  3.056505e+02 
   68.104    5.453000  3.081139e+02  3.060302e+02 
   68.104    5.556000  3.136628e+02  3.064111e+02 
   68.104    5.659000  3.188550e+02  3.067662e+02 
   68.104    5.762000  3.240891e+02  3.071248e+02 
   68.104    5.864000  3.290865e+02  3.074665e+02 
   68.104    5.967000  3.339867e+02  3.078013e+02 
   68.104    6.070000  3.388425e+02  3.081325e+02 
   68.104    6.173000  3.432846e+02  3.084348e+02 
   68.104    6.276000  3.479401e+02  3.087505e+02 
   68.104    6.379000  3.489491e+02  3.088213e+02 
   68.104    6.482000  3.499507e+02  3.088950e+02 
   68.104    6.585000  3.509486e+02  3.089709e+02 
   68.104    6.688000  3.519494e+02  3.090483e+02 
   68.104    6.790000  3.529451e+02  3.091261e+02 
   68.104    6.893000  3.539467e+02  3.092058e+02 
   68.104    6.996000  3.549324e+02  3.092866e+02 
   68.104    7.099000  3.558943e+02  3.093683e+02 
   68.104    7.202000  3.568174e+02  3.094510e+02 
   68.104    7.305000  3.620643e+02  3.098321e+02 
   68.104    7.408000  3.666506e+02  3.101671e+02 
   68.104    7.511000  3.714806e+02  3.105174e+02 
   68.104    7.614000  3.757906e+02  3.108340e+02 
   68.104    7.716000  3.805525e+02  3.111775e+02 
   68.104    7.819000  3.849271e+02  3.114934e+02 
   68.104    7.922000  3.898981e+02  3.118419e+02 
   68.104    8.025000  3.945689e+02  3.121670e+02 
   68.104    8.128000  3.988753e+02  3.124655e+02 
   68.104    8.231000  4.034802e+02  3.127760e+02 
   68.104    8.334000  4.080573e+02  3.130789e+02 
   68.104    8.437000  4.124946e+02  3.133680e+02 
   68.104    8.540000  4.164610e+02  3.136262e+02 
   68.104    8.643000  4.205739e+02  3.138865e+02 
   68.104    8.745000  4.241436e+02  3.141129e+02 
   68.104    8.848000  4.278058e+02  3.143397e+02 
   68.104    8.951000  4.288893e+02  3.144538e+02 
   68.104    9.054000  4.299563e+02  3.145649e+02 
   68.104    9.157000  4.310373e+02  3.146759e+02 
   68.104    9.260000  4.321414e+02  3.147874e+02 
   68.104    9.363000  4.336661e+02  3.149295e+02 
   68.104    9.466000  4.352142e+02  3.150714e+02 
   68.104    9.569000  4.367373e+02  3.152084e+02 
   68.104    9.671000  4.382250e+02  3.153433e+02 
   68.104    9.774000  4.397859e+02  3.154816e+02 
   68.104    9.877000  4.415283e+02  3.156316e+02 
   68.104    9.980000  4.419836e+02  3.156770e+02 
   68.104   10.083000  4.424336e+02  3.157210e+02 
   68.104   10.186000  4.429084e+02  3.157628e+02 
   68.104   10.289000  4.433740e+02  3.158035e+02 
   68.104   10.392000  4.438307e+02  3.158432e+02 
   68.104   10.495000  4.442796e+02  3.158819e+02 
   68.104   10.597000  4.447164e+02  3.159194e+02 
   68.104   10.700000  4.451502e+02  3.159565e+02 
   68.104   10.802999  4.455776e+02  3.159929e+02 
   68.104   10.906000  4.459988e+02  3.160286e+02 
   68.104   11.009000  4.464141e+02  3.160638e+02 
   68.104   11.112000  4.468244e+02  3.160986e+02 
   68.104   11.215000  4.472299e+02  3.161328e+02 
   68.104   11.318000  4.476303e+02  3.161667e+02 
   68.104   11.421000  4.480258e+02  3.162003e+02 
   68.104   11.523000  4.484124e+02  3.162333e+02 
   68.104   11.625999  4.487974e+02  3.162663e+02 
   68.104   11.729000  4.491769e+02  3.162991e+02 
   68.104   11.832000  4.495508e+02  3.163316e+02 
   68.104   11.934999  4.499191e+02  3.163639e+02 
   68.104   12.038000  4.502819e+02  3.163958e+02 
   68.104   12.141000  4.506395e+02  3.164275e+02 
   68.104   12.243999  4.509918e+02  3.164587e+02 
   68.104   12.347000  4.513393e+02  3.164896e+02 
   68.104   12.449000  4.516790e+02  3.165198e+02 
   68.104   12.552000  4.520173e+02  3.165498e+02 
   68.104   12.655000  4.523512e+02  3.165793e+02 
   68.104   12.757999  4.526807e+02  3.166084e+02 
   68.104   12.861000  4.530062e+02  3.166369e+02 
   68.104   12.964000  4.533278e+02  3.166649e+02 
   68.104   13.066999  4.536458e+02  3.166923e+02 
   68.104   13.170000  4.539601e+02  3.167191e+02 
   68.104   13.273000  4.542709e+02  3.167452e+02 
   68.104   13.375999  4.545782e+02  3.167706e+02 
   68.104   13.478000  4.548792e+02  3.167950e+02 
   68.104   13.581000  4.551798e+02  3.168188e+02 
   68.104   13.684000  4.554772e+02  3.168416e+02 
   68.104   13.787000  4.557716e+02  3.168636e+02 
   68.104   13.890000  4.560627e+02  3.168847e+02 
   68.104   13.993000  4.563508e+02  3.169050e+02 
   68.104   14.096000  4.566357e+02  3.169244e+02 
   68.104   14.199000  4.569173e+02  3.169431e+02 
   68.104   14.302000  4.571956e+02  3.169611e+02 
   68.104   14.404000  4.574680e+02  3.169783e+02 
   68.104   14.507000  4.577397e+02  3.169952e+02 
   68.104   14.610000  4.580079e+02  3.170116e+02 
   68.104   14.713000  4.582729e+02  3.170276e+02 
   68.104   14.816000  4.585345e+02  3.170432e+02 
   68.104   14.919000  4.587929e+02  3.170583e+02 
   68.104   15.022000  4.590482e+02  3.170731e+02 
   68.104   15.125000  4.593003e+02  3.170875e+02 
   68.104   15.228000  4.595493e+02  3.171014e+02 
   68.104   15.330000  4.597929e+02  3.171149e+02 
   68.104   15.433000  4.600358e+02  3.171281e+02 
   68.104   15.536000  4.602758e+02  3.171410e+02 
   68.104   15.639000  4.605127e+02  3.171535e+02 
   68.104   15.742000  4.607468e+02  3.171656e+02 
   68.104   15.845000  4.609780e+02  3.171774e+02 
   68.104   15.947999  4.612066e+02  3.171888e+02 
   68.104   16.051001  4.614327e+02  3.171998e+02 
   68.104   16.154001  4.616564e+02  3.172104e+02 
   68.104   16.256001  4.618755e+02  3.172204e+02 
   68.104   16.359001  4.620945e+02  3.172301e+02 
   68.104   16.462000  4.623113e+02  3.172393e+02 
   68.104   16.565001  4.625259e+02  3.172480e+02 
   68.104   16.668001  4.627385e+02  3.172561e+02 
   68.104   16.771000  4.629493e+02  3.172636e+02 
   68.104   16.874001  4.631584e+02  3.172703e+02 
   68.104   16.977001  4.633658e+02  3.172763e+02 
   68.104   17.080000  4.635718e+02  3.172815e+02 
   68.104   17.182001  4.637746e+02  3.172857e+02 
   68.104   17.285002  4.639782e+02  3.172890e+02 
   68.104   17.388000  4.641805e+02  3.172914e+02 
   68.104   17.491001  4.643814e+02  3.172931e+02 
   68.104   17.594002  4.645811e+02  3.172940e+02 
   68.104   17.697001  4.647794e+02  3.172941e+02 
   68.104   17.800001  4.649762e+02  3.172936e+02 
   68.104   17.903002  4.651714e+02  3.172926e+02 
   68.104   18.006001  4.653650e+02  3.172911e+02 
   68.104   18.109001  4.655570e+02  3.172891e+02 
   68.104   18.211000  4.657455e+02  3.172866e+02 
   68.104   18.314001  4.659343e+02  3.172836e+02 
   68.104   18.417002  4.661216e+02  3.172802e+02 
   68.104   18.520000  4.663072e+02  3.172763e+02 
   68.104   18.623001  4.664913e+02  3.172720e+02 
   68.104   18.726002  4.666740e+02  3.172672e+02 
   68.104   18.829000  4.668550e+02  3.172619e+02 
   68.104   18.932001  4.670346e+02  3.172563e+02 
   68.104   19.035002  4.672129e+02  3.172502e+02 
   68.104   19.137001  4.673880e+02  3.172438e+02 
   68.104   19.240002  4.675635e+02  3.172369e+02 
   68.104   19.343000  4.677377e+02  3.172296e+02 
   68.104   19.446001  4.679107e+02  3.172219e+02 
   68.104   19.549002  4.680824e+02  3.172137e+02 
   68.104   19.652000  4.682529e+02  3.172052e+02 
   68.104   19.755001  4.684221e+02  3.171962e+02 
   68.104   19.858002  4.685902e+02  3.171868e+02 
   68.104   19.961000  4.687570e+02  3.171770e+02 
   68.104   20.063002  4.689212e+02  3.171668e+02 
   68.104   20.363001  4.693983e+02  3.171342e+02 
   68.104   20.859001  4.701642e+02  3.170745e+02 
   68.104   21.354000  4.709005e+02  3.170085e+02 
   68.104   21.850000  4.716081e+02  3.169381e+02 
   68.104   22.346001  4.722783e+02  3.168690e+02 
   68.104   22.842001  4.729055e+02  3.168052e+02 
   68.104   23.337000  4.734887e+02  3.167478e+02 
   68.104   23.833000  4.740365e+02  3.166939e+02 
   68.104   24.329000  4.745537e+02  3.166412e+02 
   68.104   24.825001  4.750401e+02  3.165905e+02 
   68.104   25.320002  4.754931e+02  3.165433e+02 
   68.104   25.816000  4.759169e+02  3.164991e+02 
   68.104   26.312000  4.763134e+02  3.164574e+02 
   68.104   26.808001  4.766842e+02  3.164177e+02 
   68.104   27.303001  4.770300e+02  3.163800e+02 
   68.104   27.799002  4.773540e+02  3.163441e+02 
   68.104   28.295000  4.776577e+02  3.163095e+02 
   68.104   28.791000  4.779435e+02  3.162758e+02 
   68.104   29.286001  4.782130e+02  3.162429e+02 
   68.104   29.782001  4.784691e+02  3.162104e+02 
   68.104   30.278002  4.787127e+02  3.161782e+02 
   68.104   30.774000  4.789455e+02  3.161465e+02 
   68.104   31.269001  4.791687e+02  3.161154e+02 
   68.104   31.765001  4.793849e+02  3.160847e+02 
   68.104   32.260998  4.795956e+02  3.160544e+02 
   68.104   32.757000  4.798029e+02  3.160247e+02 
   68.104   33.251999  4.800081e+02  3.159956e+02 
   68.104   33.747997  4.802135e+02  3.159676e+02 
   68.104   34.243999  4.804200e+02  3.159409e+02 
   68.104   34.739998  4.806292e+02  3.159157e+02 
   68.104   35.235001  4.808420e+02  3.158921e+02 
   68.104   35.730999  4.810602e+02  3.158698e+02 
   68.104   36.226997  4.812841e+02  3.158491e+02 
   68.104   36.723000  4.815136e+02  3.158296e+02 
   68.104   37.217999  4.817479e+02  3.158114e+02 
   68.104   37.714001  4.819870e+02  3.157945e+02 
   68.104   38.209999  4.822295e+02  3.157787e+02 
   68.104   38.705997  4.824734e+02  3.157643e+02 
   68.104   39.201000  4.827166e+02  3.157510e+02 
   68.104   39.696999  4.829575e+02  3.157389e+02 
   68.104   40.196999  4.831927e+02  3.157293e+02 
   68.104   45.196999  4.850512e+02  3.156882e+02 
   68.104   50.196999  4.857591e+02  3.156824e+02 
   68.104   55.196999  4.860052e+02  3.156845e+02 
   68.104   60.196999  4.867297e+02  3.156875e+02 
   68.104   65.197006  4.879576e+02  3.156899e+02 
