    0.000    0.000000  0.000000e+00  3.504432e+02 
    0.000    0.103000  0.000000e+00  3.496393e+02 
    0.000    0.206000  0.000000e+00  3.484932e+02 
    0.000    0.309000  0.000000e+00  3.472191e+02 
    0.000    0.412000  0.000000e+00  3.459167e+02 
    0.000    0.514000  0.000000e+00  3.445258e+02 
    0.000    0.617000  0.000000e+00  3.430350e+02 
    0.000    0.720000  0.000000e+00  3.415437e+02 
    0.000    0.823000  0.000000e+00  3.400013e+02 
    0.000    0.926000  0.000000e+00  3.384604e+02 
    0.000    1.029000  0.000000e+00  3.369106e+02 
    0.000    1.132000  0.000000e+00  3.353002e+02 
    0.000    1.235000  0.000000e+00  3.336361e+02 
    0.000    1.338000  0.000000e+00  3.319994e+02 
    0.000    1.440000  0.000000e+00  3.303170e+02 
    0.000    1.543000  0.000000e+00  3.285363e+02 
    0.000    1.646000  0.000000e+00  3.268297e+02 
    0.000    1.749000  0.000000e+00  3.252838e+02 
    0.000    1.852000  0.000000e+00  3.206013e+02 
    0.000    1.955000  0.000000e+00  3.156777e+02 
    0.000    2.058000  0.000000e+00  3.104518e+02 
    0.000    2.161000  0.000000e+00  3.050063e+02 
    0.000    2.264000  0.000000e+00  3.040522e+02 
    0.000    2.366000  0.000000e+00  3.029976e+02 
    0.000    2.469000  0.000000e+00  3.018696e+02 
    0.000    2.572000  0.000000e+00  3.006930e+02 
    0.000    2.675000  0.000000e+00  2.994721e+02 
    0.000    2.778000  0.000000e+00  2.982119e+02 
    0.000    2.881000  0.000000e+00  2.969471e+02 
    0.000    2.984000  0.000000e+00  2.957032e+02 
    0.000    3.087000  0.000000e+00  2.944649e+02 
    0.000    3.190000  0.000000e+00  2.931919e+02 
    0.000    3.292000  0.000000e+00  2.919161e+02 
    0.000    3.395000  0.000000e+00  2.906438e+02 
    0.000    3.498000  0.000000e+00  2.893864e+02 
    0.000    3.601000  0.000000e+00  2.881368e+02 
    0.000    3.704000  0.000000e+00  2.868908e+02 
    0.000    3.807000  0.000000e+00  2.856527e+02 
    0.000    3.910000  0.000000e+00  2.844053e+02 
    0.000    4.013000  0.000000e+00  2.831594e+02 
    0.000    4.116000  0.000000e+00  2.819184e+02 
    0.000    4.218000  0.000000e+00  2.806921e+02 
    0.000    4.321000  0.000000e+00  2.794681e+02 
    0.000    4.424000  0.000000e+00  2.782547e+02 
    0.000    4.527000  0.000000e+00  2.770555e+02 
    0.000    4.630000  0.000000e+00  2.758708e+02 
    0.000    4.733000  0.000000e+00  2.746909e+02 
    0.000    4.836000  0.000000e+00  2.735265e+02 
    0.000    4.939000  0.000000e+00  2.723698e+02 
    0.000    5.042000  0.000000e+00  2.712177e+02 
    0.000    5.144000  0.000000e+00  2.700723e+02 
    0.000    5.247000  0.000000e+00  2.689265e+02 
    0.000    5.350000  0.000000e+00  2.677510e+02 
    0.000    5.453000  0.000000e+00  2.664665e+02 
    0.000    5.556000  0.000000e+00  2.651870e+02 
    0.000    5.659000  0.000000e+00  2.639391e+02 
    0.000    5.762000  0.000000e+00  2.627967e+02 
    0.000    5.865000  0.000000e+00  2.616587e+02 
    0.000    5.968000  0.000000e+00  2.605347e+02 
    0.000    6.071000  0.000000e+00  2.594280e+02 
    0.000    6.173000  0.000000e+00  2.580439e+02 
    0.000    6.276000  0.000000e+00  2.562072e+02 
    0.000    6.379000  0.000000e+00  2.539822e+02 
    0.000    6.482000  0.000000e+00  2.515726e+02 
    0.000    6.585000  0.000000e+00  2.492834e+02 
    0.000    6.688000  0.000000e+00  2.473611e+02 
    0.000    6.791000  0.000000e+00  2.459576e+02 
    0.000    6.894000  0.000000e+00  2.449903e+02 
    0.000    6.997000  0.000000e+00  2.441800e+02 
    0.000    7.099000  0.000000e+00  2.434759e+02 
    0.000    7.202000  0.000000e+00  2.428860e+02 
    0.000    7.305000  0.000000e+00  2.423746e+02 
    0.000    7.408000  0.000000e+00  2.419558e+02 
    0.000    7.511000  0.000000e+00  2.416659e+02 
    0.000    7.614000  0.000000e+00  2.414619e+02 
    0.000    7.717000  0.000000e+00  2.412311e+02 
    0.000    7.820000  0.000000e+00  2.410770e+02 
    0.000    7.923000  0.000000e+00  2.409800e+02 
    0.000    8.025000  0.000000e+00  2.408829e+02 
    0.000    8.128000  0.000000e+00  2.407496e+02 
    0.000    8.231000  0.000000e+00  2.404668e+02 
    0.000    8.334000  0.000000e+00  2.402831e+02 
    0.000    8.437000  0.000000e+00  2.400952e+02 
    0.000    8.540000  0.000000e+00  2.398839e+02 
    0.000    8.643000  0.000000e+00  2.396667e+02 
    0.000    8.746000  0.000000e+00  2.394087e+02 
    0.000    8.849000  0.000000e+00  2.391762e+02 
    0.000    8.951000  0.000000e+00  2.389638e+02 
    0.000    9.054000  0.000000e+00  2.387557e+02 
    0.000    9.157000  0.000000e+00  2.385175e+02 
    0.000    9.260000  0.000000e+00  2.383093e+02 
    0.000    9.363000  0.000000e+00  2.382174e+02 
    0.000    9.466000  0.000000e+00  2.381332e+02 
    0.000    9.569000  0.000000e+00  2.380545e+02 
    0.000    9.672000  0.000000e+00  2.379804e+02 
    0.000    9.775000  0.000000e+00  2.379134e+02 
    0.000    9.877000  0.000000e+00  2.378605e+02 
    0.000    9.980000  0.000000e+00  2.378168e+02 
    0.000   10.083000  0.000000e+00  2.377758e+02 
    0.000   10.186000  0.000000e+00  2.377299e+02 
    0.000   10.289000  0.000000e+00  2.376813e+02 
    0.000   10.392000  0.000000e+00  2.376336e+02 
    0.000   10.495000  0.000000e+00  2.375888e+02 
    0.000   10.598000  0.000000e+00  2.375468e+02 
    0.000   10.701000  0.000000e+00  2.375037e+02 
    0.000   10.802999  0.000000e+00  2.374538e+02 
    0.000   10.906000  0.000000e+00  2.373986e+02 
    0.000   11.009000  0.000000e+00  2.373392e+02 
    0.000   11.112000  0.000000e+00  2.372700e+02 
    0.000   11.215000  0.000000e+00  2.371942e+02 
    0.000   11.318000  0.000000e+00  2.371149e+02 
    0.000   11.421000  0.000000e+00  2.370330e+02 
    0.000   11.524000  0.000000e+00  2.369495e+02 
    0.000   11.627000  0.000000e+00  2.368648e+02 
    0.000   11.730000  0.000000e+00  2.367783e+02 
    0.000   11.832000  0.000000e+00  2.366913e+02 
    0.000   11.934999  0.000000e+00  2.366029e+02 
    0.000   12.038000  0.000000e+00  2.365134e+02 
    0.000   12.141000  0.000000e+00  2.364233e+02 
    0.000   12.243999  0.000000e+00  2.363330e+02 
    0.000   12.347000  0.000000e+00  2.362468e+02 
    0.000   12.450000  0.000000e+00  2.361646e+02 
    0.000   12.552999  0.000000e+00  2.360849e+02 
    0.000   12.656000  0.000000e+00  2.360093e+02 
    0.000   12.757999  0.000000e+00  2.359387e+02 
    0.000   12.861000  0.000000e+00  2.358704e+02 
    0.000   12.964000  0.000000e+00  2.358052e+02 
    0.000   13.066999  0.000000e+00  2.357431e+02 
    0.000   13.170000  0.000000e+00  2.356834e+02 
    0.000   13.273000  0.000000e+00  2.356255e+02 
    0.000   13.375999  0.000000e+00  2.355688e+02 
    0.000   13.479000  0.000000e+00  2.355131e+02 
    0.000   13.582000  0.000000e+00  2.354585e+02 
    0.000   13.684000  0.000000e+00  2.354044e+02 
    0.000   13.787000  0.000000e+00  2.353501e+02 
    0.000   13.890000  0.000000e+00  2.352962e+02 
    0.000   13.993000  0.000000e+00  2.352437e+02 
    0.000   14.096000  0.000000e+00  2.351924e+02 
    0.000   14.199000  0.000000e+00  2.351420e+02 
    0.000   14.302000  0.000000e+00  2.350927e+02 
    0.000   14.405000  0.000000e+00  2.350447e+02 
    0.000   14.507999  0.000000e+00  2.349978e+02 
    0.000   14.610000  0.000000e+00  2.349518e+02 
    0.000   14.713000  0.000000e+00  2.349053e+02 
    0.000   14.816000  0.000000e+00  2.348587e+02 
    0.000   14.919000  0.000000e+00  2.348125e+02 
    0.000   15.022000  0.000000e+00  2.347657e+02 
    0.000   15.125000  0.000000e+00  2.347184e+02 
    0.000   15.228000  0.000000e+00  2.346711e+02 
    0.000   15.331000  0.000000e+00  2.346238e+02 
    0.000   15.434000  0.000000e+00  2.345764e+02 
    0.000   15.536000  0.000000e+00  2.345296e+02 
    0.000   15.639000  0.000000e+00  2.344833e+02 
    0.000   15.742000  0.000000e+00  2.344410e+02 
    0.000   15.845000  0.000000e+00  2.344021e+02 
    0.000   15.947999  0.000000e+00  2.343652e+02 
    0.000   16.051001  0.000000e+00  2.343281e+02 
    0.000   16.154001  0.000000e+00  2.342903e+02 
    0.000   16.257000  0.000000e+00  2.342523e+02 
    0.000   16.360001  0.000000e+00  2.342132e+02 
    0.000   16.462000  0.000000e+00  2.341716e+02 
    0.000   16.565001  0.000000e+00  2.341274e+02 
    0.000   16.668001  0.000000e+00  2.340820e+02 
    0.000   16.771000  0.000000e+00  2.340365e+02 
    0.000   16.874001  0.000000e+00  2.339911e+02 
    0.000   16.977001  0.000000e+00  2.339458e+02 
    0.000   17.080000  0.000000e+00  2.339008e+02 
    0.000   17.183001  0.000000e+00  2.338564e+02 
    0.000   17.286001  0.000000e+00  2.338126e+02 
    0.000   17.389000  0.000000e+00  2.337690e+02 
    0.000   17.491001  0.000000e+00  2.337271e+02 
    0.000   17.594002  0.000000e+00  2.336859e+02 
    0.000   17.697001  0.000000e+00  2.336453e+02 
    0.000   17.800001  0.000000e+00  2.336059e+02 
    0.000   17.903002  0.000000e+00  2.335681e+02 
    0.000   18.006001  0.000000e+00  2.335316e+02 
    0.000   18.109001  0.000000e+00  2.334961e+02 
    0.000   18.212000  0.000000e+00  2.334620e+02 
    0.000   18.315001  0.000000e+00  2.334291e+02 
    0.000   18.417002  0.000000e+00  2.333977e+02 
    0.000   18.520000  0.000000e+00  2.333667e+02 
    0.000   18.623001  0.000000e+00  2.333362e+02 
    0.000   18.726002  0.000000e+00  2.333060e+02 
    0.000   18.829000  0.000000e+00  2.332762e+02 
    0.000   18.932001  0.000000e+00  2.332470e+02 
    0.000   19.035002  0.000000e+00  2.332184e+02 
    0.000   19.138000  0.000000e+00  2.331904e+02 
    0.000   19.241001  0.000000e+00  2.331630e+02 
    0.000   19.343000  0.000000e+00  2.331353e+02 
    0.000   19.446001  0.000000e+00  2.331064e+02 
    0.000   19.549002  0.000000e+00  2.330771e+02 
    0.000   19.652000  0.000000e+00  2.330477e+02 
    0.000   19.755001  0.000000e+00  2.330178e+02 
    0.000   19.858002  0.000000e+00  2.329875e+02 
    0.000   19.961000  0.000000e+00  2.329570e+02 
    0.000   20.064001  0.000000e+00  2.329265e+02 
    0.000   20.363001  0.000000e+00  2.328398e+02 
    0.000   20.859001  0.000000e+00  2.327089e+02 
    0.000   21.355001  0.000000e+00  2.326017e+02 
    0.000   21.850000  0.000000e+00  2.325087e+02 
    0.000   22.346001  0.000000e+00  2.324187e+02 
    0.000   22.842001  0.000000e+00  2.323256e+02 
    0.000   23.338001  0.000000e+00  2.322366e+02 
    0.000   23.833000  0.000000e+00  2.321643e+02 
    0.000   24.329000  0.000000e+00  2.321174e+02 
    0.000   24.825001  0.000000e+00  2.320974e+02 
    0.000   25.321001  0.000000e+00  2.320900e+02 
    0.000   25.816000  0.000000e+00  2.320839e+02 
    0.000   26.312000  0.000000e+00  2.320855e+02 
    0.000   26.808001  0.000000e+00  2.320921e+02 
    0.000   27.304001  0.000000e+00  2.321033e+02 
    0.000   27.799002  0.000000e+00  2.321227e+02 
    0.000   28.295000  0.000000e+00  2.321517e+02 
    0.000   28.791000  0.000000e+00  2.321851e+02 
    0.000   29.287001  0.000000e+00  2.322250e+02 
    0.000   29.782001  0.000000e+00  2.322713e+02 
    0.000   30.278002  0.000000e+00  2.323228e+02 
    0.000   30.774000  0.000000e+00  2.323772e+02 
    0.000   31.270000  0.000000e+00  2.324337e+02 
    0.000   31.765001  0.000000e+00  2.324917e+02 
    0.000   32.260998  0.000000e+00  2.325507e+02 
    0.000   32.757000  0.000000e+00  2.326095e+02 
    0.000   33.252998  0.000000e+00  2.326667e+02 
    0.000   33.747997  0.000000e+00  2.327237e+02 
    0.000   34.243999  0.000000e+00  2.327816e+02 
    0.000   34.739998  0.000000e+00  2.328418e+02 
    0.000   35.236000  0.000000e+00  2.329039e+02 
    0.000   35.730999  0.000000e+00  2.329634e+02 
    0.000   36.226997  0.000000e+00  2.330202e+02 
    0.000   36.723000  0.000000e+00  2.330726e+02 
    0.000   37.218998  0.000000e+00  2.331212e+02 
    0.000   37.714001  0.000000e+00  2.331658e+02 
    0.000   38.209999  0.000000e+00  2.332070e+02 
    0.000   38.705997  0.000000e+00  2.332485e+02 
    0.000   39.202000  0.000000e+00  2.332910e+02 
    0.000   39.696999  0.000000e+00  2.333367e+02 
    0.000   40.196999  0.000000e+00  2.333873e+02 
    0.000   45.196999  0.000000e+00  2.338363e+02 
    0.000   50.196999  0.000000e+00  2.340630e+02 
    0.000   55.196999  0.000000e+00  2.340571e+02 
    0.000   60.196999  0.000000e+00  2.339896e+02 
    0.000   65.197006  0.000000e+00  2.339373e+02 
