    0.000    0.000000  0.000000e+00  3.511890e+02 
    0.000    0.102000  0.000000e+00  3.502498e+02 
    0.000    0.205000  0.000000e+00  3.490331e+02 
    0.000    0.308000  0.000000e+00  3.477614e+02 
    0.000    0.411000  0.000000e+00  3.465092e+02 
    0.000    0.514000  0.000000e+00  3.451954e+02 
    0.000    0.617000  0.000000e+00  3.438395e+02 
    0.000    0.720000  0.000000e+00  3.422946e+02 
    0.000    0.823000  0.000000e+00  3.405963e+02 
    0.000    0.926000  0.000000e+00  3.387527e+02 
    0.000    1.028000  0.000000e+00  3.368228e+02 
    0.000    1.131000  0.000000e+00  3.347893e+02 
    0.000    1.234000  0.000000e+00  3.326259e+02 
    0.000    1.337000  0.000000e+00  3.303550e+02 
    0.000    1.440000  0.000000e+00  3.280237e+02 
    0.000    1.543000  0.000000e+00  3.256674e+02 
    0.000    1.646000  0.000000e+00  3.233538e+02 
    0.000    1.749000  0.000000e+00  3.132595e+02 
    0.000    1.852000  0.000000e+00  3.076559e+02 
    0.000    1.954000  0.000000e+00  3.031198e+02 
    0.000    2.057000  0.000000e+00  3.019943e+02 
    0.000    2.160000  0.000000e+00  3.006794e+02 
    0.000    2.263000  0.000000e+00  2.992614e+02 
    0.000    2.366000  0.000000e+00  2.978179e+02 
    0.000    2.469000  0.000000e+00  2.963409e+02 
    0.000    2.572000  0.000000e+00  2.948348e+02 
    0.000    2.675000  0.000000e+00  2.933163e+02 
    0.000    2.778000  0.000000e+00  2.917397e+02 
    0.000    2.880000  0.000000e+00  2.901808e+02 
    0.000    2.983000  0.000000e+00  2.885121e+02 
    0.000    3.086000  0.000000e+00  2.866963e+02 
    0.000    3.189000  0.000000e+00  2.846919e+02 
    0.000    3.292000  0.000000e+00  2.825588e+02 
    0.000    3.395000  0.000000e+00  2.802086e+02 
    0.000    3.498000  0.000000e+00  2.776230e+02 
    0.000    3.601000  0.000000e+00  2.747584e+02 
    0.000    3.704000  0.000000e+00  2.716399e+02 
    0.000    3.807000  0.000000e+00  2.683547e+02 
    0.000    3.909000  0.000000e+00  2.650681e+02 
    0.000    4.012000  0.000000e+00  2.620631e+02 
    0.000    4.115000  0.000000e+00  2.594689e+02 
    0.000    4.218000  0.000000e+00  2.572910e+02 
    0.000    4.321000  0.000000e+00  2.555268e+02 
    0.000    4.424000  0.000000e+00  2.540527e+02 
    0.000    4.527000  0.000000e+00  2.527677e+02 
    0.000    4.630000  0.000000e+00  2.516154e+02 
    0.000    4.733000  0.000000e+00  2.506065e+02 
    0.000    4.835000  0.000000e+00  2.496003e+02 
    0.000    4.938000  0.000000e+00  2.485822e+02 
    0.000    5.041000  0.000000e+00  2.475639e+02 
    0.000    5.144000  0.000000e+00  2.465522e+02 
    0.000    5.247000  0.000000e+00  2.455523e+02 
    0.000    5.350000  0.000000e+00  2.445559e+02 
    0.000    5.453000  0.000000e+00  2.435627e+02 
    0.000    5.556000  0.000000e+00  2.425516e+02 
    0.000    5.659000  0.000000e+00  2.415117e+02 
    0.000    5.761000  0.000000e+00  2.405083e+02 
    0.000    5.864000  0.000000e+00  2.395028e+02 
    0.000    5.967000  0.000000e+00  2.385047e+02 
    0.000    6.070000  0.000000e+00  2.375169e+02 
    0.000    6.173000  0.000000e+00  2.365398e+02 
    0.000    6.276000  0.000000e+00  2.356609e+02 
    0.000    6.379000  0.000000e+00  2.348071e+02 
    0.000    6.482000  0.000000e+00  2.339748e+02 
    0.000    6.585000  0.000000e+00  2.331680e+02 
    0.000    6.687000  0.000000e+00  2.324125e+02 
    0.000    6.790000  0.000000e+00  2.316855e+02 
    0.000    6.893000  0.000000e+00  2.310281e+02 
    0.000    6.996000  0.000000e+00  2.304656e+02 
    0.000    7.099000  0.000000e+00  2.299694e+02 
    0.000    7.202000  0.000000e+00  2.295854e+02 
    0.000    7.305000  0.000000e+00  2.293011e+02 
    0.000    7.408000  0.000000e+00  2.290775e+02 
    0.000    7.511000  0.000000e+00  2.289341e+02 
    0.000    7.613000  0.000000e+00  2.288459e+02 
    0.000    7.716000  0.000000e+00  2.287778e+02 
    0.000    7.819000  0.000000e+00  2.286945e+02 
    0.000    7.922000  0.000000e+00  2.286029e+02 
    0.000    8.025000  0.000000e+00  2.284935e+02 
    0.000    8.127999  0.000000e+00  2.283504e+02 
    0.000    8.231000  0.000000e+00  2.281874e+02 
    0.000    8.334000  0.000000e+00  2.280169e+02 
    0.000    8.436999  0.000000e+00  2.278441e+02 
    0.000    8.539000  0.000000e+00  2.276715e+02 
    0.000    8.642000  0.000000e+00  2.275028e+02 
    0.000    8.745000  0.000000e+00  2.273394e+02 
    0.000    8.848000  0.000000e+00  2.225740e+02 
    0.000    8.951000  0.000000e+00  2.224367e+02 
    0.000    9.054000  0.000000e+00  2.223074e+02 
    0.000    9.157000  0.000000e+00  2.221847e+02 
    0.000    9.259999  0.000000e+00  2.220892e+02 
    0.000    9.363000  0.000000e+00  2.220136e+02 
    0.000    9.465000  0.000000e+00  2.219520e+02 
    0.000    9.568000  0.000000e+00  2.219076e+02 
    0.000    9.671000  0.000000e+00  2.218765e+02 
    0.000    9.774000  0.000000e+00  2.218513e+02 
    0.000    9.877000  0.000000e+00  2.218219e+02 
    0.000    9.980000  0.000000e+00  2.217902e+02 
    0.000   10.083000  0.000000e+00  2.217593e+02 
    0.000   10.186000  0.000000e+00  2.217296e+02 
    0.000   10.289000  0.000000e+00  2.217016e+02 
    0.000   10.392000  0.000000e+00  2.216773e+02 
    0.000   10.493999  0.000000e+00  2.216610e+02 
    0.000   10.597000  0.000000e+00  2.216504e+02 
    0.000   10.700000  0.000000e+00  2.216376e+02 
    0.000   10.802999  0.000000e+00  2.216075e+02 
    0.000   10.906000  0.000000e+00  2.215659e+02 
    0.000   11.009000  0.000000e+00  2.215173e+02 
    0.000   11.112000  0.000000e+00  2.214586e+02 
    0.000   11.215000  0.000000e+00  2.213930e+02 
    0.000   11.318000  0.000000e+00  2.213233e+02 
    0.000   11.420000  0.000000e+00  2.212520e+02 
    0.000   11.523000  0.000000e+00  2.211783e+02 
    0.000   11.625999  0.000000e+00  2.211035e+02 
    0.000   11.729000  0.000000e+00  2.210287e+02 
    0.000   11.832000  0.000000e+00  2.209539e+02 
    0.000   11.934999  0.000000e+00  2.208790e+02 
    0.000   12.038000  0.000000e+00  2.208069e+02 
    0.000   12.141000  0.000000e+00  2.207371e+02 
    0.000   12.243999  0.000000e+00  2.206686e+02 
    0.000   12.346000  0.000000e+00  2.206024e+02 
    0.000   12.448999  0.000000e+00  2.205371e+02 
    0.000   12.552000  0.000000e+00  2.204731e+02 
    0.000   12.655000  0.000000e+00  2.204120e+02 
    0.000   12.757999  0.000000e+00  2.203541e+02 
    0.000   12.861000  0.000000e+00  2.202986e+02 
    0.000   12.964000  0.000000e+00  2.202441e+02 
    0.000   13.066999  0.000000e+00  2.201898e+02 
    0.000   13.170000  0.000000e+00  2.201359e+02 
    0.000   13.271999  0.000000e+00  2.200826e+02 
    0.000   13.375000  0.000000e+00  2.200280e+02 
    0.000   13.478000  0.000000e+00  2.199731e+02 
    0.000   13.580999  0.000000e+00  2.199181e+02 
    0.000   13.684000  0.000000e+00  2.198633e+02 
    0.000   13.787000  0.000000e+00  2.198087e+02 
    0.000   13.889999  0.000000e+00  2.197544e+02 
    0.000   13.993000  0.000000e+00  2.197021e+02 
    0.000   14.096000  0.000000e+00  2.196521e+02 
    0.000   14.198000  0.000000e+00  2.196039e+02 
    0.000   14.301000  0.000000e+00  2.195581e+02 
    0.000   14.403999  0.000000e+00  2.195162e+02 
    0.000   14.507000  0.000000e+00  2.194771e+02 
    0.000   14.610000  0.000000e+00  2.194399e+02 
    0.000   14.712999  0.000000e+00  2.194032e+02 
    0.000   14.816000  0.000000e+00  2.193672e+02 
    0.000   14.919000  0.000000e+00  2.193321e+02 
    0.000   15.021999  0.000000e+00  2.192963e+02 
    0.000   15.125000  0.000000e+00  2.192601e+02 
    0.000   15.226999  0.000000e+00  2.192242e+02 
    0.000   15.330000  0.000000e+00  2.191879e+02 
    0.000   15.433000  0.000000e+00  2.191514e+02 
    0.000   15.535999  0.000000e+00  2.191150e+02 
    0.000   15.639000  0.000000e+00  2.190785e+02 
    0.000   15.742000  0.000000e+00  2.190408e+02 
    0.000   15.844999  0.000000e+00  2.190022e+02 
    0.000   15.948000  0.000000e+00  2.189632e+02 
    0.000   16.051001  0.000000e+00  2.189255e+02 
    0.000   16.153000  0.000000e+00  2.188897e+02 
    0.000   16.256001  0.000000e+00  2.188547e+02 
    0.000   16.358999  0.000000e+00  2.188207e+02 
    0.000   16.462000  0.000000e+00  2.187880e+02 
    0.000   16.565001  0.000000e+00  2.187563e+02 
    0.000   16.667999  0.000000e+00  2.187255e+02 
    0.000   16.771000  0.000000e+00  2.186924e+02 
    0.000   16.874001  0.000000e+00  2.186570e+02 
    0.000   16.976999  0.000000e+00  2.186204e+02 
    0.000   17.079000  0.000000e+00  2.185833e+02 
    0.000   17.181999  0.000000e+00  2.185452e+02 
    0.000   17.285000  0.000000e+00  2.185067e+02 
    0.000   17.388000  0.000000e+00  2.184679e+02 
    0.000   17.490999  0.000000e+00  2.184296e+02 
    0.000   17.594000  0.000000e+00  2.183918e+02 
    0.000   17.697001  0.000000e+00  2.183543e+02 
    0.000   17.799999  0.000000e+00  2.183172e+02 
    0.000   17.903000  0.000000e+00  2.182808e+02 
    0.000   18.004999  0.000000e+00  2.182451e+02 
    0.000   18.108000  0.000000e+00  2.182095e+02 
    0.000   18.211000  0.000000e+00  2.181754e+02 
    0.000   18.313999  0.000000e+00  2.181429e+02 
    0.000   18.417000  0.000000e+00  2.181116e+02 
    0.000   18.520000  0.000000e+00  2.180813e+02 
    0.000   18.622999  0.000000e+00  2.180522e+02 
    0.000   18.726000  0.000000e+00  2.180241e+02 
    0.000   18.829000  0.000000e+00  2.179969e+02 
    0.000   18.931000  0.000000e+00  2.179705e+02 
    0.000   19.034000  0.000000e+00  2.179442e+02 
    0.000   19.136999  0.000000e+00  2.179183e+02 
    0.000   19.240000  0.000000e+00  2.178928e+02 
    0.000   19.343000  0.000000e+00  2.178677e+02 
    0.000   19.445999  0.000000e+00  2.178431e+02 
    0.000   19.549000  0.000000e+00  2.178190e+02 
    0.000   19.652000  0.000000e+00  2.177954e+02 
    0.000   19.754999  0.000000e+00  2.177714e+02 
    0.000   19.858000  0.000000e+00  2.177469e+02 
    0.000   19.959999  0.000000e+00  2.177224e+02 
    0.000   20.063000  0.000000e+00  2.176976e+02 
    0.000   20.362999  0.000000e+00  2.176201e+02 
    0.000   20.858000  0.000000e+00  2.174938e+02 
    0.000   21.354000  0.000000e+00  2.173884e+02 
    0.000   21.850000  0.000000e+00  2.173047e+02 
    0.000   22.346001  0.000000e+00  2.172290e+02 
    0.000   22.841000  0.000000e+00  2.171568e+02 
    0.000   23.337000  0.000000e+00  2.170860e+02 
    0.000   23.833000  0.000000e+00  2.170206e+02 
    0.000   24.329000  0.000000e+00  2.169753e+02 
    0.000   24.823999  0.000000e+00  2.169570e+02 
    0.000   25.320000  0.000000e+00  2.169546e+02 
    0.000   25.816000  0.000000e+00  2.169562e+02 
    0.000   26.312000  0.000000e+00  2.169515e+02 
    0.000   26.806999  0.000000e+00  2.169538e+02 
    0.000   27.302999  0.000000e+00  2.169734e+02 
    0.000   27.799000  0.000000e+00  2.170053e+02 
    0.000   28.295000  0.000000e+00  2.170404e+02 
    0.000   28.789999  0.000000e+00  2.170816e+02 
    0.000   29.285999  0.000000e+00  2.171255e+02 
    0.000   29.782000  0.000000e+00  2.171717e+02 
    0.000   30.278000  0.000000e+00  2.172222e+02 
    0.000   30.772999  0.000000e+00  2.172805e+02 
    0.000   31.268999  0.000000e+00  2.173419e+02 
    0.000   31.764999  0.000000e+00  2.174012e+02 
    0.000   32.261002  0.000000e+00  2.174571e+02 
    0.000   32.756001  0.000000e+00  2.175108e+02 
    0.000   33.252003  0.000000e+00  2.175648e+02 
    0.000   33.748001  0.000000e+00  2.176212e+02 
    0.000   34.244003  0.000000e+00  2.176804e+02 
    0.000   34.739002  0.000000e+00  2.177435e+02 
    0.000   35.235001  0.000000e+00  2.178097e+02 
    0.000   35.731003  0.000000e+00  2.178735e+02 
    0.000   36.227001  0.000000e+00  2.179344e+02 
    0.000   36.722000  0.000000e+00  2.179880e+02 
    0.000   37.218002  0.000000e+00  2.180355e+02 
    0.000   37.714001  0.000000e+00  2.180795e+02 
    0.000   38.210003  0.000000e+00  2.181208e+02 
    0.000   38.705002  0.000000e+00  2.181630e+02 
    0.000   39.201000  0.000000e+00  2.182071e+02 
    0.000   39.697002  0.000000e+00  2.182536e+02 
    0.000   40.197002  0.000000e+00  2.183028e+02 
    0.000   45.197002  0.000000e+00  2.187487e+02 
    0.000   50.197002  0.000000e+00  2.189700e+02 
    0.000   55.197002  0.000000e+00  2.189653e+02 
    0.000   60.197002  0.000000e+00  2.188988e+02 
    0.000   65.196999  0.000000e+00  2.188460e+02 
