   67.199    0.000000  2.507722e-04  1.104265e+01 
   67.199    0.103000  2.521308e-04  1.118804e+01 
   67.199    0.205000  2.534674e-04  1.133505e+01 
   67.199    0.308000  2.548097e-04  1.148493e+01 
   67.199    0.411000  2.561423e-04  1.163558e+01 
   67.199    0.514000  2.574660e-04  1.178647e+01 
   67.199    0.617000  2.587856e-04  1.193720e+01 
   67.199    0.720000  2.601049e-04  1.208746e+01 
   67.199    0.823000  2.617199e-04  1.225760e+01 
   67.199    0.926000  2.630478e-04  1.240638e+01 
   67.199    1.029000  2.643784e-04  1.255434e+01 
   67.199    1.131000  2.656977e-04  1.269998e+01 
   67.199    1.234000  2.670320e-04  1.284610e+01 
   67.199    1.337000  2.683679e-04  1.299126e+01 
   67.199    1.440000  2.696995e-04  1.313554e+01 
   67.199    1.543000  2.712210e-04  1.328727e+01 
   67.199    1.646000  3.761774e-02  6.022200e+01 
   67.199    1.749000  1.108375e+00  9.938763e+01 
   67.199    1.852000  1.108650e+01  1.361326e+02 
   67.199    1.955000  5.347731e+01  1.707659e+02 
   67.199    2.057000  1.570456e+02  2.004806e+02 
   67.199    2.160000  3.263225e+02  2.208840e+02 
   67.199    2.263000  3.328890e+02  2.212829e+02 
   67.199    2.366000  3.344982e+02  2.211357e+02 
   67.199    2.469000  3.360946e+02  2.210310e+02 
   67.199    2.572000  3.376782e+02  2.209604e+02 
   67.199    2.675000  3.392474e+02  2.209184e+02 
   67.199    2.778000  3.408031e+02  2.209001e+02 
   67.199    2.881000  3.423438e+02  2.209024e+02 
   67.199    2.983000  3.438530e+02  2.209227e+02 
   67.199    3.086000  3.453603e+02  2.209590e+02 
   67.199    3.189000  3.468534e+02  2.210087e+02 
   67.199    3.292000  3.483340e+02  2.210702e+02 
   67.199    3.395000  3.498043e+02  2.211418e+02 
   67.199    3.498000  3.512656e+02  2.212223e+02 
   67.199    3.601000  3.527226e+02  2.213102e+02 
   67.199    3.704000  3.541805e+02  2.214043e+02 
   67.199    3.807000  3.556404e+02  2.215040e+02 
   67.199    3.910000  3.571055e+02  2.216084e+02 
   67.199    4.012000  3.585626e+02  2.217161e+02 
   67.199    4.115000  3.600385e+02  2.218291e+02 
   67.199    4.218000  3.615173e+02  2.219460e+02 
   67.199    4.321000  3.629952e+02  2.220668e+02 
   67.199    4.424000  3.644645e+02  2.221917e+02 
   67.199    4.527000  3.659185e+02  2.223205e+02 
   67.199    4.630000  3.673535e+02  2.224530e+02 
   67.199    4.733000  3.687677e+02  2.225886e+02 
   67.199    4.836000  3.701577e+02  2.227269e+02 
   67.199    4.938000  3.715103e+02  2.228661e+02 
   67.199    5.041000  3.728527e+02  2.230085e+02 
   67.199    5.144000  3.741689e+02  2.231526e+02 
   67.199    5.247000  3.754587e+02  2.232981e+02 
   67.199    5.350000  3.767210e+02  2.234448e+02 
   67.199    5.453000  3.779554e+02  2.235924e+02 
   67.199    5.556000  3.791647e+02  2.237407e+02 
   67.199    5.659000  3.803484e+02  2.238895e+02 
   67.199    5.762000  3.816941e+02  2.240634e+02 
   67.199    5.864000  3.828210e+02  2.242114e+02 
   67.199    5.967000  3.843741e+02  2.243906e+02 
   67.199    6.070000  3.859650e+02  2.245737e+02 
   67.199    6.173000  3.881153e+02  2.247954e+02 
   67.199    6.276000  3.901730e+02  2.250113e+02 
   67.199    6.379000  3.932015e+02  2.252916e+02 
   67.199    6.482000  3.967054e+02  2.256016e+02 
   67.199    6.585000  4.009751e+02  2.259584e+02 
   67.199    6.688000  4.055349e+02  2.263285e+02 
   67.199    6.790000  4.100546e+02  2.266894e+02 
   67.199    6.893000  4.147391e+02  2.270557e+02 
   67.199    6.996000  4.193168e+02  2.274100e+02 
   67.199    7.099000  4.235064e+02  2.277363e+02 
   67.199    7.202000  4.254257e+02  2.279245e+02 
   67.199    7.305000  4.269518e+02  2.280905e+02 
   67.199    7.408000  4.285278e+02  2.282611e+02 
   67.199    7.511000  4.300346e+02  2.284295e+02 
   67.199    7.614000  4.322027e+02  2.286394e+02 
   67.199    7.716000  4.335975e+02  2.288038e+02 
   67.199    7.819000  4.352333e+02  2.289823e+02 
   67.199    7.922000  4.368356e+02  2.291578e+02 
   67.199    8.025001  4.384660e+02  2.293335e+02 
   67.199    8.128000  4.403486e+02  2.295218e+02 
   67.199    8.231000  4.418761e+02  2.296879e+02 
   67.199    8.334001  4.438057e+02  2.298751e+02 
   67.199    8.437000  4.456829e+02  2.300578e+02 
   67.199    8.540000  4.469818e+02  2.302068e+02 
   67.199    8.642000  4.483697e+02  2.303588e+02 
   67.199    8.745000  4.498163e+02  2.305137e+02 
   67.199    8.848001  4.516891e+02  2.306907e+02 
   67.199    8.951000  4.552350e+02  2.309556e+02 
   67.199    9.054000  4.560125e+02  2.310790e+02 
   67.199    9.157001  4.565432e+02  2.311749e+02 
   67.199    9.260000  4.570669e+02  2.312684e+02 
   67.199    9.363000  4.575831e+02  2.313597e+02 
   67.199    9.466001  4.580919e+02  2.314489e+02 
   67.199    9.568000  4.585885e+02  2.315353e+02 
   67.199    9.671000  4.590829e+02  2.316207e+02 
   67.199    9.774000  4.595681e+02  2.317042e+02 
   67.199    9.877000  4.600414e+02  2.317859e+02 
   67.199    9.980000  4.605023e+02  2.318658e+02 
   67.199   10.083000  4.609854e+02  2.319431e+02 
   67.199   10.186000  4.614592e+02  2.320189e+02 
   67.199   10.289001  4.619241e+02  2.320932e+02 
   67.199   10.392000  4.623813e+02  2.321660e+02 
   67.199   10.495000  4.628324e+02  2.322375e+02 
   67.199   10.597000  4.632732e+02  2.323070e+02 
   67.199   10.700000  4.637116e+02  2.323760e+02 
   67.199   10.803000  4.641426e+02  2.324438e+02 
   67.199   10.906000  4.645662e+02  2.325106e+02 
   67.199   11.009000  4.649833e+02  2.325764e+02 
   67.199   11.112000  4.653957e+02  2.326413e+02 
   67.199   11.215000  4.658036e+02  2.327053e+02 
   67.199   11.318000  4.662067e+02  2.327684e+02 
   67.199   11.421000  4.666049e+02  2.328307e+02 
   67.199   11.523000  4.669940e+02  2.328917e+02 
   67.199   11.626000  4.673817e+02  2.329524e+02 
   67.199   11.729000  4.677643e+02  2.330123e+02 
   67.199   11.832000  4.681416e+02  2.330714e+02 
   67.199   11.935000  4.685138e+02  2.331297e+02 
   67.199   12.038000  4.688809e+02  2.331873e+02 
   67.199   12.141000  4.692432e+02  2.332441e+02 
   67.199   12.244000  4.696004e+02  2.333001e+02 
   67.199   12.347000  4.699529e+02  2.333554e+02 
   67.199   12.449000  4.702970e+02  2.334093e+02 
   67.199   12.552000  4.706397e+02  2.334630e+02 
   67.199   12.655000  4.709776e+02  2.335159e+02 
   67.199   12.758000  4.713108e+02  2.335679e+02 
   67.199   12.861000  4.716398e+02  2.336190e+02 
   67.199   12.964000  4.719648e+02  2.336692e+02 
   67.199   13.067000  4.722859e+02  2.337185e+02 
   67.199   13.170000  4.726031e+02  2.337668e+02 
   67.199   13.273000  4.729165e+02  2.338141e+02 
   67.199   13.375000  4.732233e+02  2.338600e+02 
   67.199   13.478001  4.735295e+02  2.339055e+02 
   67.199   13.581000  4.738321e+02  2.339499e+02 
   67.199   13.684000  4.741313e+02  2.339934e+02 
   67.199   13.787000  4.744271e+02  2.340360e+02 
   67.199   13.890000  4.747195e+02  2.340777e+02 
   67.199   13.993000  4.750087e+02  2.341183e+02 
   67.199   14.096000  4.752947e+02  2.341581e+02 
   67.199   14.199000  4.755775e+02  2.341969e+02 
   67.199   14.301001  4.758544e+02  2.342343e+02 
   67.199   14.404000  4.761309e+02  2.342713e+02 
   67.199   14.507000  4.764043e+02  2.343074e+02 
   67.199   14.610001  4.766746e+02  2.343426e+02 
   67.199   14.713000  4.769417e+02  2.343771e+02 
   67.199   14.816000  4.772057e+02  2.344108e+02 
   67.199   14.919001  4.774666e+02  2.344438e+02 
   67.199   15.022000  4.777242e+02  2.344762e+02 
   67.199   15.125000  4.779787e+02  2.345079e+02 
   67.199   15.228001  4.782301e+02  2.345390e+02 
   67.199   15.330000  4.784760e+02  2.345692e+02 
   67.199   15.433001  4.787212e+02  2.345991e+02 
   67.199   15.536000  4.789635e+02  2.346284e+02 
   67.199   15.639000  4.792027e+02  2.346572e+02 
   67.199   15.742001  4.794391e+02  2.346853e+02 
   67.199   15.845000  4.796726e+02  2.347128e+02 
   67.199   15.948001  4.799034e+02  2.347397e+02 
   67.199   16.050999  4.801317e+02  2.347660e+02 
   67.199   16.153999  4.803575e+02  2.347917e+02 
   67.199   16.255999  4.805786e+02  2.348165e+02 
   67.199   16.358999  4.807996e+02  2.348409e+02 
   67.199   16.462000  4.810182e+02  2.348647e+02 
   67.199   16.564999  4.812345e+02  2.348880e+02 
   67.199   16.667999  4.814486e+02  2.349107e+02 
   67.199   16.771000  4.816606e+02  2.349327e+02 
   67.199   16.873999  4.818708e+02  2.349540e+02 
   67.199   16.976999  4.820789e+02  2.349747e+02 
   67.199   17.080000  4.822854e+02  2.349946e+02 
   67.199   17.181999  4.824884e+02  2.350135e+02 
   67.199   17.285000  4.826920e+02  2.350317e+02 
   67.199   17.387999  4.828942e+02  2.350491e+02 
   67.199   17.490999  4.830951e+02  2.350656e+02 
   67.199   17.594000  4.832949e+02  2.350813e+02 
   67.199   17.696999  4.834935e+02  2.350960e+02 
   67.199   17.799999  4.836908e+02  2.351099e+02 
   67.199   17.903000  4.838867e+02  2.351231e+02 
   67.199   18.005999  4.840811e+02  2.351355e+02 
   67.199   18.108000  4.842722e+02  2.351472e+02 
   67.199   18.210999  4.844634e+02  2.351584e+02 
   67.199   18.313999  4.846530e+02  2.351691e+02 
   67.199   18.417000  4.848408e+02  2.351793e+02 
   67.199   18.519999  4.850269e+02  2.351889e+02 
   67.199   18.622999  4.852115e+02  2.351980e+02 
   67.199   18.726000  4.853946e+02  2.352065e+02 
   67.199   18.828999  4.855762e+02  2.352144e+02 
   67.199   18.931999  4.857563e+02  2.352218e+02 
   67.199   19.033998  4.859334e+02  2.352285e+02 
   67.199   19.136999  4.861110e+02  2.352347e+02 
   67.199   19.240000  4.862873e+02  2.352403e+02 
   67.199   19.342999  4.864622e+02  2.352455e+02 
   67.199   19.445999  4.866358e+02  2.352502e+02 
   67.199   19.549000  4.868081e+02  2.352544e+02 
   67.199   19.651999  4.869791e+02  2.352582e+02 
   67.199   19.754999  4.871487e+02  2.352615e+02 
   67.199   19.858000  4.873170e+02  2.352645e+02 
   67.199   19.959999  4.874823e+02  2.352669e+02 
   67.199   20.063000  4.876483e+02  2.352688e+02 
   67.199   20.362999  4.881269e+02  2.352712e+02 
   67.199   20.858000  4.888937e+02  2.352677e+02 
   67.199   21.354000  4.896340e+02  2.352555e+02 
   67.199   21.849998  4.903473e+02  2.352354e+02 
   67.199   22.345999  4.910281e+02  2.352113e+02 
   67.199   22.841000  4.916689e+02  2.351875e+02 
   67.199   23.337000  4.922683e+02  2.351665e+02 
   67.199   23.832998  4.928269e+02  2.351482e+02 
   67.199   24.328999  4.933505e+02  2.351306e+02 
   67.199   24.823999  4.938420e+02  2.351127e+02 
   67.199   25.320000  4.943028e+02  2.350952e+02 
   67.199   25.816000  4.947330e+02  2.350789e+02 
   67.199   26.311998  4.951348e+02  2.350635e+02 
   67.199   26.806999  4.955104e+02  2.350483e+02 
   67.199   27.302999  4.958631e+02  2.350332e+02 
   67.199   27.799000  4.961924e+02  2.350184e+02 
   67.199   28.295000  4.964995e+02  2.350042e+02 
   67.199   28.789999  4.967867e+02  2.349900e+02 
   67.199   29.285999  4.970585e+02  2.349756e+02 
   67.199   29.782000  4.973168e+02  2.349605e+02 
   67.199   30.278000  4.975632e+02  2.349449e+02 
   67.199   30.772999  4.977992e+02  2.349286e+02 
   67.199   31.268999  4.980274e+02  2.349119e+02 
   67.199   31.764999  4.982488e+02  2.348947e+02 
   67.199   32.261002  4.984658e+02  2.348773e+02 
   67.199   32.756001  4.986796e+02  2.348599e+02 
   67.199   33.252003  4.988925e+02  2.348426e+02 
   67.199   33.748001  4.991058e+02  2.348259e+02 
   67.199   34.243999  4.993208e+02  2.348099e+02 
   67.199   34.740002  4.995392e+02  2.347947e+02 
   67.199   35.235001  4.997613e+02  2.347805e+02 
   67.199   35.731003  4.999893e+02  2.347671e+02 
   67.199   36.227001  5.002233e+02  2.347546e+02 
   67.199   36.723000  5.004632e+02  2.347429e+02 
   67.199   37.218002  5.007078e+02  2.347320e+02 
   67.199   37.714001  5.009570e+02  2.347219e+02 
   67.199   38.210003  5.012088e+02  2.347125e+02 
   67.199   38.706001  5.014611e+02  2.347038e+02 
   67.199   39.201000  5.017118e+02  2.346959e+02 
   67.199   39.697002  5.019594e+02  2.346889e+02 
   67.199   40.197002  5.022003e+02  2.346837e+02 
   67.199   45.197002  5.040832e+02  2.346687e+02 
   67.199   50.197002  5.047929e+02  2.346733e+02 
   67.199   55.197002  5.050450e+02  2.346800e+02 
   67.199   60.197002  5.058201e+02  2.346852e+02 
   67.199   65.196999  5.070632e+02  2.346886e+02 
