   67.604    0.000000  0.000000e+00  1.811369e+00 
   67.604    0.102000  0.000000e+00  1.844319e+00 
   67.604    0.205000  0.000000e+00  1.877653e+00 
   67.604    0.308000  0.000000e+00  1.910855e+00 
   67.604    0.411000  0.000000e+00  1.943810e+00 
   67.604    0.514000  0.000000e+00  1.976565e+00 
   67.604    0.617000  0.000000e+00  7.464870e+00 
   67.604    0.720000  0.000000e+00  1.527033e+01 
   67.604    0.823000  0.000000e+00  2.503993e+01 
   67.604    0.926000  0.000000e+00  3.665940e+01 
   67.604    1.028000  0.000000e+00  4.992304e+01 
   67.604    1.131000  0.000000e+00  6.503639e+01 
   67.604    1.234000  0.000000e+00  8.184182e+01 
   67.604    1.337000  0.000000e+00  1.003975e+02 
   67.604    1.440000  2.428084e-37  1.208467e+02 
   67.604    1.543000  3.461936e-29  1.434036e+02 
   67.604    1.646000  1.728190e-20  1.685558e+02 
   67.604    1.749000  2.879850e-11  1.971103e+02 
   67.604    1.852000  5.793372e-11  1.981712e+02 
   67.604    1.955000  2.530104e-10  2.008175e+02 
   67.604    2.057000  8.872670e-10  2.031614e+02 
   67.604    2.160000  2.622498e-09  2.052588e+02 
   67.604    2.263000  6.145139e-09  2.069500e+02 
   67.604    2.366000  1.082716e-08  2.080806e+02 
   67.604    2.469000  3.296864e-07  2.161452e+02 
   67.604    2.572000  8.166418e-06  2.242039e+02 
   67.604    2.675000  9.012759e-06  2.242634e+02 
   67.604    2.778000  2.071626e-04  2.326213e+02 
   67.604    2.881000  4.191396e-03  2.422735e+02 
   67.604    2.983000  7.331448e-02  2.545236e+02 
   67.604    3.086000  1.113781e+00  2.720940e+02 
   67.604    3.189000  1.301941e+01  2.984206e+02 
   67.604    3.292000  1.144275e+02  3.343425e+02 
   67.604    3.395000  1.149177e+02  3.340475e+02 
   67.604    3.498000  1.154047e+02  3.338043e+02 
   67.604    3.601000  1.158885e+02  3.335995e+02 
   67.604    3.704000  1.163703e+02  3.334253e+02 
   67.604    3.807000  1.168496e+02  3.332769e+02 
   67.604    3.909000  1.173217e+02  3.331521e+02 
   67.604    4.012000  1.177957e+02  3.330458e+02 
   67.604    4.115000  1.182668e+02  3.329569e+02 
   67.604    4.218000  1.187353e+02  3.328834e+02 
   67.604    4.321000  1.192006e+02  3.328237e+02 
   67.604    4.424000  1.200623e+02  3.328630e+02 
   67.604    4.527000  1.208393e+02  3.328709e+02 
   67.604    4.630000  1.216050e+02  3.328875e+02 
   67.604    4.733000  1.223706e+02  3.329131e+02 
   67.604    4.835000  1.231393e+02  3.329486e+02 
   67.604    4.938000  1.237762e+02  3.329874e+02 
   67.604    5.041000  1.244188e+02  3.330352e+02 
   67.604    5.144000  1.250592e+02  3.330898e+02 
   67.604    5.247000  1.256935e+02  3.331504e+02 
   67.604    5.350000  1.263195e+02  3.332162e+02 
   67.604    5.453000  1.269336e+02  3.332861e+02 
   67.604    5.556000  1.275351e+02  3.333598e+02 
   67.604    5.659000  1.288472e+02  3.335285e+02 
   67.604    5.761000  1.315005e+02  3.338959e+02 
   67.604    5.864000  1.367570e+02  3.346272e+02 
   67.604    5.967000  1.462641e+02  3.359035e+02 
   67.604    6.070000  1.621167e+02  3.378834e+02 
   67.604    6.173000  1.856562e+02  3.405271e+02 
   67.604    6.276000  2.167596e+02  3.435813e+02 
   67.604    6.379000  2.554312e+02  3.468270e+02 
   67.604    6.482000  3.022476e+02  3.501162e+02 
   67.604    6.585000  3.467740e+02  3.527225e+02 
   67.604    6.687000  3.735629e+02  3.540772e+02 
   67.604    6.790000  3.870788e+02  3.547035e+02 
   67.604    6.893000  3.931984e+02  3.549735e+02 
   67.604    6.996000  3.948012e+02  3.550367e+02 
   67.604    7.099000  3.958503e+02  3.550772e+02 
   67.604    7.202000  3.968608e+02  3.551222e+02 
   67.604    7.305000  3.977956e+02  3.551715e+02 
   67.604    7.408000  3.990008e+02  3.552485e+02 
   67.604    7.511000  4.001416e+02  3.553279e+02 
   67.604    7.613000  4.039382e+02  3.555273e+02 
   67.604    7.716000  4.075180e+02  3.557163e+02 
   67.604    7.819000  4.110780e+02  3.559019e+02 
   67.604    7.921999  4.146164e+02  3.560835e+02 
   67.604    8.025001  4.183058e+02  3.562686e+02 
   67.604    8.128000  4.218357e+02  3.564437e+02 
   67.604    8.231000  4.253147e+02  3.566136e+02 
   67.604    8.334001  4.290056e+02  3.567894e+02 
   67.604    8.437000  4.325334e+02  3.569565e+02 
   67.604    8.540000  4.361619e+02  3.571255e+02 
   67.604    8.642000  4.397510e+02  3.572903e+02 
   67.604    8.745000  4.433752e+02  3.574537e+02 
   67.604    8.848001  4.469485e+02  3.576119e+02 
   67.604    8.951000  4.474446e+02  3.576547e+02 
   67.604    9.054000  4.479357e+02  3.576961e+02 
   67.604    9.157001  4.484229e+02  3.577359e+02 
   67.604    9.260000  4.489083e+02  3.577741e+02 
   67.604    9.363000  4.493926e+02  3.578108e+02 
   67.604    9.466001  4.498759e+02  3.578459e+02 
   67.604    9.568000  4.503535e+02  3.578790e+02 
   67.604    9.671000  4.508348e+02  3.579110e+02 
   67.604    9.774000  4.513124e+02  3.579416e+02 
   67.604    9.877000  4.517820e+02  3.579708e+02 
   67.604    9.980000  4.522427e+02  3.579987e+02 
   67.604   10.083000  4.526943e+02  3.580255e+02 
   67.604   10.186000  4.531682e+02  3.580501e+02 
   67.604   10.289001  4.536308e+02  3.580740e+02 
   67.604   10.392000  4.540843e+02  3.580970e+02 
   67.604   10.494000  4.545273e+02  3.581192e+02 
   67.604   10.597000  4.549692e+02  3.581409e+02 
   67.604   10.700001  4.554052e+02  3.581621e+02 
   67.604   10.803000  4.558352e+02  3.581829e+02 
   67.604   10.906000  4.562590e+02  3.582033e+02 
   67.604   11.009000  4.566769e+02  3.582234e+02 
   67.604   11.112000  4.570892e+02  3.582433e+02 
   67.604   11.215000  4.574962e+02  3.582631e+02 
   67.604   11.318000  4.578976e+02  3.582826e+02 
   67.604   11.420000  4.582899e+02  3.583019e+02 
   67.604   11.523001  4.586809e+02  3.583214e+02 
   67.604   11.626000  4.590665e+02  3.583406e+02 
   67.604   11.729000  4.594468e+02  3.583598e+02 
   67.604   11.832001  4.598218e+02  3.583788e+02 
   67.604   11.935000  4.601915e+02  3.583977e+02 
   67.604   12.038000  4.605560e+02  3.584163e+02 
   67.604   12.141001  4.609155e+02  3.584348e+02 
   67.604   12.244000  4.612700e+02  3.584529e+02 
   67.604   12.346001  4.616163e+02  3.584706e+02 
   67.604   12.449000  4.619613e+02  3.584882e+02 
   67.604   12.552000  4.623017e+02  3.585055e+02 
   67.604   12.655001  4.626375e+02  3.585225e+02 
   67.604   12.758000  4.629690e+02  3.585390e+02 
   67.604   12.861000  4.632966e+02  3.585552e+02 
   67.604   12.964001  4.636202e+02  3.585709e+02 
   67.604   13.067000  4.639402e+02  3.585861e+02 
   67.604   13.170000  4.642563e+02  3.586008e+02 
   67.604   13.273001  4.645688e+02  3.586150e+02 
   67.604   13.375000  4.648748e+02  3.586284e+02 
   67.604   13.478001  4.651801e+02  3.586415e+02 
   67.604   13.581000  4.654820e+02  3.586540e+02 
   67.604   13.684000  4.657804e+02  3.586659e+02 
   67.604   13.787001  4.660756e+02  3.586771e+02 
   67.604   13.890000  4.663673e+02  3.586877e+02 
   67.604   13.993000  4.666559e+02  3.586977e+02 
   67.604   14.096001  4.669414e+02  3.587069e+02 
   67.604   14.199000  4.672238e+02  3.587155e+02 
   67.604   14.301001  4.675002e+02  3.587234e+02 
   67.604   14.404000  4.677763e+02  3.587307e+02 
   67.604   14.507000  4.680493e+02  3.587375e+02 
   67.604   14.610001  4.683191e+02  3.587438e+02 
   67.604   14.713000  4.685856e+02  3.587498e+02 
   67.604   14.816000  4.688489e+02  3.587554e+02 
   67.604   14.919001  4.691089e+02  3.587606e+02 
   67.604   15.022000  4.693657e+02  3.587656e+02 
   67.604   15.125000  4.696194e+02  3.587703e+02 
   67.604   15.227000  4.698674e+02  3.587747e+02 
   67.604   15.330000  4.701148e+02  3.587789e+02 
   67.604   15.433001  4.703591e+02  3.587828e+02 
   67.604   15.536000  4.706004e+02  3.587864e+02 
   67.604   15.639000  4.708387e+02  3.587897e+02 
   67.604   15.742001  4.710741e+02  3.587927e+02 
   67.604   15.845000  4.713066e+02  3.587955e+02 
   67.604   15.948000  4.715364e+02  3.587979e+02 
   67.604   16.051001  4.717637e+02  3.588001e+02 
   67.604   16.153000  4.719863e+02  3.588020e+02 
   67.604   16.256001  4.722087e+02  3.588037e+02 
   67.604   16.359001  4.724287e+02  3.588050e+02 
   67.604   16.462000  4.726465e+02  3.588060e+02 
   67.604   16.565001  4.728621e+02  3.588066e+02 
   67.604   16.668001  4.730754e+02  3.588068e+02 
   67.604   16.771000  4.732868e+02  3.588066e+02 
   67.604   16.874001  4.734964e+02  3.588058e+02 
   67.604   16.977001  4.737040e+02  3.588045e+02 
   67.604   17.079000  4.739081e+02  3.588026e+02 
   67.604   17.182001  4.741128e+02  3.587998e+02 
   67.604   17.285000  4.743161e+02  3.587962e+02 
   67.604   17.388000  4.745182e+02  3.587918e+02 
   67.604   17.491001  4.747190e+02  3.587865e+02 
   67.604   17.594000  4.749188e+02  3.587803e+02 
   67.604   17.697001  4.751173e+02  3.587733e+02 
   67.604   17.800001  4.753145e+02  3.587655e+02 
   67.604   17.903000  4.755102e+02  3.587572e+02 
   67.604   18.006001  4.757044e+02  3.587484e+02 
   67.604   18.108000  4.758950e+02  3.587392e+02 
   67.604   18.211000  4.760859e+02  3.587294e+02 
   67.604   18.314001  4.762751e+02  3.587193e+02 
   67.604   18.417000  4.764627e+02  3.587089e+02 
   67.604   18.520000  4.766487e+02  3.586980e+02 
   67.604   18.623001  4.768331e+02  3.586867e+02 
   67.604   18.726000  4.770161e+02  3.586750e+02 
   67.604   18.829000  4.771975e+02  3.586628e+02 
   67.604   18.932001  4.773775e+02  3.586503e+02 
   67.604   19.034000  4.775544e+02  3.586375e+02 
   67.604   19.137001  4.777317e+02  3.586241e+02 
   67.604   19.240000  4.779076e+02  3.586104e+02 
   67.604   19.343000  4.780822e+02  3.585963e+02 
   67.604   19.446001  4.782554e+02  3.585819e+02 
   67.604   19.549000  4.784274e+02  3.585672e+02 
   67.604   19.652000  4.785981e+02  3.585521e+02 
   67.604   19.755001  4.787675e+02  3.585367e+02 
   67.604   19.858000  4.789356e+02  3.585210e+02 
   67.604   19.960001  4.791009e+02  3.585050e+02 
   67.604   20.063000  4.792668e+02  3.584884e+02 
   67.604   20.363001  4.797452e+02  3.584372e+02 
   67.604   20.858000  4.805116e+02  3.583474e+02 
   67.604   21.354000  4.812515e+02  3.582517e+02 
   67.604   21.850000  4.819628e+02  3.581517e+02 
   67.604   22.346001  4.826392e+02  3.580529e+02 
   67.604   22.841000  4.832737e+02  3.579605e+02 
   67.604   23.337000  4.838666e+02  3.578760e+02 
   67.604   23.833000  4.844203e+02  3.577982e+02 
   67.604   24.329000  4.849409e+02  3.577242e+02 
   67.604   24.823999  4.854298e+02  3.576533e+02 
   67.604   25.320000  4.858882e+02  3.575865e+02 
   67.604   25.816000  4.863157e+02  3.575244e+02 
   67.604   26.312000  4.867151e+02  3.574662e+02 
   67.604   26.807001  4.870885e+02  3.574111e+02 
   67.604   27.302999  4.874383e+02  3.573588e+02 
   67.604   27.799000  4.877646e+02  3.573096e+02 
   67.604   28.295000  4.880698e+02  3.572628e+02 
   67.604   28.790001  4.883560e+02  3.572180e+02 
   67.604   29.286001  4.886270e+02  3.571744e+02 
   67.604   29.782000  4.888843e+02  3.571318e+02 
   67.604   30.278000  4.891295e+02  3.570900e+02 
   67.604   30.773001  4.893639e+02  3.570490e+02 
   67.604   31.269001  4.895901e+02  3.570087e+02 
   67.604   31.764999  4.898092e+02  3.569691e+02 
   67.604   32.260998  4.900237e+02  3.569303e+02 
   67.604   32.755997  4.902347e+02  3.568925e+02 
   67.604   33.251999  4.904446e+02  3.568558e+02 
   67.604   33.747997  4.906544e+02  3.568208e+02 
   67.604   34.243999  4.908655e+02  3.567876e+02 
   67.604   34.738998  4.910793e+02  3.567565e+02 
   67.604   35.234997  4.912976e+02  3.567272e+02 
   67.604   35.730999  4.915212e+02  3.566998e+02 
   67.604   36.226997  4.917506e+02  3.566742e+02 
   67.604   36.722000  4.919854e+02  3.566504e+02 
   67.604   37.217999  4.922261e+02  3.566281e+02 
   67.604   37.713997  4.924709e+02  3.566072e+02 
   67.604   38.209999  4.927187e+02  3.565879e+02 
   67.604   38.704998  4.929668e+02  3.565701e+02 
   67.604   39.201000  4.932146e+02  3.565536e+02 
   67.604   39.696999  4.934592e+02  3.565387e+02 
   67.604   40.196999  4.936975e+02  3.565266e+02 
   67.604   45.196999  4.955699e+02  3.564714e+02 
   67.604   50.196999  4.962794e+02  3.564599e+02 
   67.604   55.196999  4.965287e+02  3.564595e+02 
   67.604   60.196999  4.972818e+02  3.564613e+02 
   67.604   65.196999  4.985175e+02  3.564630e+02 
