    0.000    0.000000  0.000000e+00  3.524489e+02 
    0.000    0.103000  0.000000e+00  3.514471e+02 
    0.000    0.206000  0.000000e+00  3.503105e+02 
    0.000    0.309000  0.000000e+00  3.491158e+02 
    0.000    0.411000  0.000000e+00  3.478330e+02 
    0.000    0.514000  0.000000e+00  3.464244e+02 
    0.000    0.617000  0.000000e+00  3.424172e+02 
    0.000    0.720000  0.000000e+00  3.378917e+02 
    0.000    0.823000  0.000000e+00  3.336547e+02 
    0.000    0.926000  0.000000e+00  3.298728e+02 
    0.000    1.029000  0.000000e+00  3.263951e+02 
    0.000    1.132000  0.000000e+00  3.230027e+02 
    0.000    1.235000  0.000000e+00  3.195895e+02 
    0.000    1.338000  0.000000e+00  3.163935e+02 
    0.000    1.440000  0.000000e+00  3.133075e+02 
    0.000    1.543000  0.000000e+00  3.101884e+02 
    0.000    1.646000  0.000000e+00  3.070640e+02 
    0.000    1.749000  0.000000e+00  3.041397e+02 
    0.000    1.852000  0.000000e+00  3.015297e+02 
    0.000    1.955000  0.000000e+00  2.993448e+02 
    0.000    2.058000  0.000000e+00  2.971889e+02 
    0.000    2.161000  0.000000e+00  2.939999e+02 
    0.000    2.264000  0.000000e+00  2.933564e+02 
    0.000    2.366000  0.000000e+00  2.925257e+02 
    0.000    2.469000  0.000000e+00  2.915664e+02 
    0.000    2.572000  0.000000e+00  2.905053e+02 
    0.000    2.675000  0.000000e+00  2.893796e+02 
    0.000    2.778000  0.000000e+00  2.882083e+02 
    0.000    2.881000  0.000000e+00  2.870220e+02 
    0.000    2.984000  0.000000e+00  2.858427e+02 
    0.000    3.087000  0.000000e+00  2.846604e+02 
    0.000    3.190000  0.000000e+00  2.834470e+02 
    0.000    3.292000  0.000000e+00  2.822286e+02 
    0.000    3.395000  0.000000e+00  2.809956e+02 
    0.000    3.498000  0.000000e+00  2.797648e+02 
    0.000    3.601000  0.000000e+00  2.785381e+02 
    0.000    3.704000  0.000000e+00  2.773152e+02 
    0.000    3.807000  0.000000e+00  2.760994e+02 
    0.000    3.910000  0.000000e+00  2.748831e+02 
    0.000    4.013000  0.000000e+00  2.736719e+02 
    0.000    4.116000  0.000000e+00  2.724652e+02 
    0.000    4.218000  0.000000e+00  2.712696e+02 
    0.000    4.321000  0.000000e+00  2.700745e+02 
    0.000    4.424000  0.000000e+00  2.688817e+02 
    0.000    4.527000  0.000000e+00  2.676538e+02 
    0.000    4.630000  0.000000e+00  2.662859e+02 
    0.000    4.733000  0.000000e+00  2.647018e+02 
    0.000    4.836000  0.000000e+00  2.627740e+02 
    0.000    4.939000  0.000000e+00  2.604142e+02 
    0.000    5.042000  0.000000e+00  2.577578e+02 
    0.000    5.144000  0.000000e+00  2.550090e+02 
    0.000    5.247000  0.000000e+00  2.524858e+02 
    0.000    5.350000  0.000000e+00  2.502846e+02 
    0.000    5.453000  0.000000e+00  2.482623e+02 
    0.000    5.556000  0.000000e+00  2.460786e+02 
    0.000    5.659000  0.000000e+00  2.435302e+02 
    0.000    5.762000  0.000000e+00  2.406902e+02 
    0.000    5.865000  0.000000e+00  2.378453e+02 
    0.000    5.968000  0.000000e+00  2.352360e+02 
    0.000    6.070000  0.000000e+00  2.330342e+02 
    0.000    6.173000  0.000000e+00  2.311960e+02 
    0.000    6.276000  0.000000e+00  2.292403e+02 
    0.000    6.379000  0.000000e+00  2.266266e+02 
    0.000    6.482000  0.000000e+00  2.228401e+02 
    0.000    6.585000  0.000000e+00  2.175179e+02 
    0.000    6.688000  0.000000e+00  2.111221e+02 
    0.000    6.791000  0.000000e+00  2.039960e+02 
    0.000    6.894000  0.000000e+00  1.976224e+02 
    0.000    6.996000  0.000000e+00  1.911823e+02 
    0.000    7.099000  0.000000e+00  1.857046e+02 
    0.000    7.202000  0.000000e+00  1.817809e+02 
    0.000    7.305000  0.000000e+00  1.797521e+02 
    0.000    7.408000  0.000000e+00  1.788173e+02 
    0.000    7.511000  0.000000e+00  1.787580e+02 
    0.000    7.614000  0.000000e+00  1.787766e+02 
    0.000    7.717000  0.000000e+00  1.788260e+02 
    0.000    7.820000  0.000000e+00  1.788917e+02 
    0.000    7.923000  0.000000e+00  1.789737e+02 
    0.000    8.025001  0.000000e+00  1.790426e+02 
    0.000    8.128000  0.000000e+00  1.790803e+02 
    0.000    8.231001  0.000000e+00  1.790983e+02 
    0.000    8.334001  0.000000e+00  1.790894e+02 
    0.000    8.437000  0.000000e+00  1.790523e+02 
    0.000    8.540000  0.000000e+00  1.789946e+02 
    0.000    8.643001  0.000000e+00  1.789300e+02 
    0.000    8.746000  0.000000e+00  1.788904e+02 
    0.000    8.849000  0.000000e+00  1.788451e+02 
    0.000    8.951000  0.000000e+00  1.788014e+02 
    0.000    9.054001  0.000000e+00  1.787578e+02 
    0.000    9.157001  0.000000e+00  1.787159e+02 
    0.000    9.260000  0.000000e+00  1.786657e+02 
    0.000    9.363001  0.000000e+00  1.786275e+02 
    0.000    9.466001  0.000000e+00  1.786190e+02 
    0.000    9.569000  0.000000e+00  1.786144e+02 
    0.000    9.672001  0.000000e+00  1.786128e+02 
    0.000    9.775001  0.000000e+00  1.786173e+02 
    0.000    9.877001  0.000000e+00  1.786349e+02 
    0.000    9.980000  0.000000e+00  1.786617e+02 
    0.000   10.083000  0.000000e+00  1.786903e+02 
    0.000   10.186001  0.000000e+00  1.787137e+02 
    0.000   10.289001  0.000000e+00  1.787337e+02 
    0.000   10.392000  0.000000e+00  1.787520e+02 
    0.000   10.495001  0.000000e+00  1.787681e+02 
    0.000   10.598001  0.000000e+00  1.787830e+02 
    0.000   10.701000  0.000000e+00  1.787948e+02 
    0.000   10.803000  0.000000e+00  1.787996e+02 
    0.000   10.906000  0.000000e+00  1.787995e+02 
    0.000   11.009001  0.000000e+00  1.787938e+02 
    0.000   11.112000  0.000000e+00  1.787771e+02 
    0.000   11.215000  0.000000e+00  1.787525e+02 
    0.000   11.318001  0.000000e+00  1.787231e+02 
    0.000   11.421000  0.000000e+00  1.786899e+02 
    0.000   11.524000  0.000000e+00  1.786538e+02 
    0.000   11.627001  0.000000e+00  1.786154e+02 
    0.000   11.729000  0.000000e+00  1.785749e+02 
    0.000   11.832001  0.000000e+00  1.785320e+02 
    0.000   11.935000  0.000000e+00  1.784876e+02 
    0.000   12.038000  0.000000e+00  1.784401e+02 
    0.000   12.141001  0.000000e+00  1.783901e+02 
    0.000   12.244000  0.000000e+00  1.783384e+02 
    0.000   12.347000  0.000000e+00  1.782885e+02 
    0.000   12.450001  0.000000e+00  1.782403e+02 
    0.000   12.553000  0.000000e+00  1.781928e+02 
    0.000   12.655001  0.000000e+00  1.781492e+02 
    0.000   12.758000  0.000000e+00  1.781093e+02 
    0.000   12.861000  0.000000e+00  1.780719e+02 
    0.000   12.964001  0.000000e+00  1.780367e+02 
    0.000   13.067000  0.000000e+00  1.780038e+02 
    0.000   13.170000  0.000000e+00  1.779726e+02 
    0.000   13.273001  0.000000e+00  1.779426e+02 
    0.000   13.376000  0.000000e+00  1.779133e+02 
    0.000   13.479000  0.000000e+00  1.778848e+02 
    0.000   13.582001  0.000000e+00  1.778568e+02 
    0.000   13.684000  0.000000e+00  1.778294e+02 
    0.000   13.787001  0.000000e+00  1.778020e+02 
    0.000   13.890000  0.000000e+00  1.777748e+02 
    0.000   13.993000  0.000000e+00  1.777483e+02 
    0.000   14.096001  0.000000e+00  1.777224e+02 
    0.000   14.199000  0.000000e+00  1.776970e+02 
    0.000   14.302000  0.000000e+00  1.776721e+02 
    0.000   14.405001  0.000000e+00  1.776478e+02 
    0.000   14.508000  0.000000e+00  1.776239e+02 
    0.000   14.610001  0.000000e+00  1.776004e+02 
    0.000   14.713000  0.000000e+00  1.775760e+02 
    0.000   14.816000  0.000000e+00  1.775511e+02 
    0.000   14.919001  0.000000e+00  1.775260e+02 
    0.000   15.022000  0.000000e+00  1.774997e+02 
    0.000   15.125000  0.000000e+00  1.774722e+02 
    0.000   15.228001  0.000000e+00  1.774442e+02 
    0.000   15.331000  0.000000e+00  1.774159e+02 
    0.000   15.434000  0.000000e+00  1.773878e+02 
    0.000   15.536000  0.000000e+00  1.773600e+02 
    0.000   15.639001  0.000000e+00  1.773328e+02 
    0.000   15.742001  0.000000e+00  1.773092e+02 
    0.000   15.845000  0.000000e+00  1.772884e+02 
    0.000   15.948001  0.000000e+00  1.772693e+02 
    0.000   16.050999  0.000000e+00  1.772487e+02 
    0.000   16.153999  0.000000e+00  1.772262e+02 
    0.000   16.257000  0.000000e+00  1.772024e+02 
    0.000   16.359999  0.000000e+00  1.771771e+02 
    0.000   16.462000  0.000000e+00  1.771490e+02 
    0.000   16.564999  0.000000e+00  1.771183e+02 
    0.000   16.667999  0.000000e+00  1.770864e+02 
    0.000   16.771000  0.000000e+00  1.770542e+02 
    0.000   16.873999  0.000000e+00  1.770219e+02 
    0.000   16.976999  0.000000e+00  1.769895e+02 
    0.000   17.080000  0.000000e+00  1.769575e+02 
    0.000   17.182999  0.000000e+00  1.769264e+02 
    0.000   17.285999  0.000000e+00  1.768960e+02 
    0.000   17.387999  0.000000e+00  1.768663e+02 
    0.000   17.490999  0.000000e+00  1.768377e+02 
    0.000   17.594000  0.000000e+00  1.768104e+02 
    0.000   17.696999  0.000000e+00  1.767839e+02 
    0.000   17.799999  0.000000e+00  1.767586e+02 
    0.000   17.903000  0.000000e+00  1.767347e+02 
    0.000   18.005999  0.000000e+00  1.767121e+02 
    0.000   18.108999  0.000000e+00  1.766905e+02 
    0.000   18.212000  0.000000e+00  1.766697e+02 
    0.000   18.313999  0.000000e+00  1.766499e+02 
    0.000   18.417000  0.000000e+00  1.766306e+02 
    0.000   18.519999  0.000000e+00  1.766117e+02 
    0.000   18.622999  0.000000e+00  1.765931e+02 
    0.000   18.726000  0.000000e+00  1.765747e+02 
    0.000   18.828999  0.000000e+00  1.765565e+02 
    0.000   18.931999  0.000000e+00  1.765386e+02 
    0.000   19.035000  0.000000e+00  1.765211e+02 
    0.000   19.137999  0.000000e+00  1.765040e+02 
    0.000   19.240999  0.000000e+00  1.764871e+02 
    0.000   19.343000  0.000000e+00  1.764697e+02 
    0.000   19.445999  0.000000e+00  1.764512e+02 
    0.000   19.549000  0.000000e+00  1.764320e+02 
    0.000   19.652000  0.000000e+00  1.764125e+02 
    0.000   19.754999  0.000000e+00  1.763925e+02 
    0.000   19.858000  0.000000e+00  1.763721e+02 
    0.000   19.960999  0.000000e+00  1.763514e+02 
    0.000   20.063999  0.000000e+00  1.763305e+02 
    0.000   20.362999  0.000000e+00  1.762715e+02 
    0.000   20.858999  0.000000e+00  1.761847e+02 
    0.000   21.354000  0.000000e+00  1.761185e+02 
    0.000   21.850000  0.000000e+00  1.760621e+02 
    0.000   22.345999  0.000000e+00  1.760052e+02 
    0.000   22.841999  0.000000e+00  1.759419e+02 
    0.000   23.337000  0.000000e+00  1.758795e+02 
    0.000   23.833000  0.000000e+00  1.758306e+02 
    0.000   24.328999  0.000000e+00  1.758042e+02 
    0.000   24.824999  0.000000e+00  1.758016e+02 
    0.000   25.320000  0.000000e+00  1.758080e+02 
    0.000   25.816000  0.000000e+00  1.758161e+02 
    0.000   26.312000  0.000000e+00  1.758313e+02 
    0.000   26.807999  0.000000e+00  1.758489e+02 
    0.000   27.302999  0.000000e+00  1.758700e+02 
    0.000   27.799000  0.000000e+00  1.758984e+02 
    0.000   28.295000  0.000000e+00  1.759342e+02 
    0.000   28.791000  0.000000e+00  1.759742e+02 
    0.000   29.285999  0.000000e+00  1.760208e+02 
    0.000   29.782000  0.000000e+00  1.760731e+02 
    0.000   30.278000  0.000000e+00  1.761291e+02 
    0.000   30.774000  0.000000e+00  1.761877e+02 
    0.000   31.268999  0.000000e+00  1.762481e+02 
    0.000   31.764999  0.000000e+00  1.763097e+02 
    0.000   32.260998  0.000000e+00  1.763722e+02 
    0.000   32.757000  0.000000e+00  1.764346e+02 
    0.000   33.252998  0.000000e+00  1.764951e+02 
    0.000   33.748001  0.000000e+00  1.765554e+02 
    0.000   34.243999  0.000000e+00  1.766166e+02 
    0.000   34.739998  0.000000e+00  1.766797e+02 
    0.000   35.236000  0.000000e+00  1.767439e+02 
    0.000   35.730999  0.000000e+00  1.768049e+02 
    0.000   36.227001  0.000000e+00  1.768627e+02 
    0.000   36.723000  0.000000e+00  1.769164e+02 
    0.000   37.218998  0.000000e+00  1.769665e+02 
    0.000   37.714001  0.000000e+00  1.770123e+02 
    0.000   38.209999  0.000000e+00  1.770546e+02 
    0.000   38.706001  0.000000e+00  1.770968e+02 
    0.000   39.202000  0.000000e+00  1.771401e+02 
    0.000   39.696999  0.000000e+00  1.771866e+02 
    0.000   40.196999  0.000000e+00  1.772381e+02 
    0.000   45.196999  0.000000e+00  1.776907e+02 
    0.000   50.196999  0.000000e+00  1.779184e+02 
    0.000   55.196999  0.000000e+00  1.779131e+02 
    0.000   60.196999  0.000000e+00  1.778455e+02 
    0.000   65.197006  0.000000e+00  1.777934e+02 
