    0.000    0.000000  0.000000e+00  3.506315e+02 
    0.000    0.103000  0.000000e+00  3.502424e+02 
    0.000    0.205000  0.000000e+00  3.490879e+02 
    0.000    0.308000  0.000000e+00  3.473712e+02 
    0.000    0.411000  0.000000e+00  3.456251e+02 
    0.000    0.514000  0.000000e+00  3.437289e+02 
    0.000    0.617000  0.000000e+00  3.414867e+02 
    0.000    0.720000  0.000000e+00  3.389779e+02 
    0.000    0.823000  0.000000e+00  3.363635e+02 
    0.000    0.926000  0.000000e+00  3.336611e+02 
    0.000    1.029000  0.000000e+00  3.308948e+02 
    0.000    1.131000  0.000000e+00  3.280633e+02 
    0.000    1.234000  0.000000e+00  3.251169e+02 
    0.000    1.337000  0.000000e+00  3.221614e+02 
    0.000    1.440000  0.000000e+00  3.192254e+02 
    0.000    1.543000  0.000000e+00  3.163269e+02 
    0.000    1.646000  0.000000e+00  3.135573e+02 
    0.000    1.749000  0.000000e+00  3.109338e+02 
    0.000    1.852000  0.000000e+00  3.051093e+02 
    0.000    1.955000  0.000000e+00  3.023347e+02 
    0.000    2.057000  0.000000e+00  3.000714e+02 
    0.000    2.160000  0.000000e+00  2.979051e+02 
    0.000    2.263000  0.000000e+00  2.956186e+02 
    0.000    2.366000  0.000000e+00  2.930740e+02 
    0.000    2.469000  0.000000e+00  2.904178e+02 
    0.000    2.572000  0.000000e+00  2.877317e+02 
    0.000    2.675000  0.000000e+00  2.850264e+02 
    0.000    2.778000  0.000000e+00  2.823093e+02 
    0.000    2.881000  0.000000e+00  2.808605e+02 
    0.000    2.984000  0.000000e+00  2.791881e+02 
    0.000    3.086000  0.000000e+00  2.773326e+02 
    0.000    3.189000  0.000000e+00  2.753636e+02 
    0.000    3.292000  0.000000e+00  2.732204e+02 
    0.000    3.395000  0.000000e+00  2.710429e+02 
    0.000    3.498000  0.000000e+00  2.686929e+02 
    0.000    3.601000  0.000000e+00  2.661954e+02 
    0.000    3.704000  0.000000e+00  2.636672e+02 
    0.000    3.807000  0.000000e+00  2.612375e+02 
    0.000    3.910000  0.000000e+00  2.590688e+02 
    0.000    4.012000  0.000000e+00  2.569762e+02 
    0.000    4.115000  0.000000e+00  2.550306e+02 
    0.000    4.218000  0.000000e+00  2.532331e+02 
    0.000    4.321000  0.000000e+00  2.515618e+02 
    0.000    4.424000  0.000000e+00  2.497921e+02 
    0.000    4.527000  0.000000e+00  2.479083e+02 
    0.000    4.630000  0.000000e+00  2.460387e+02 
    0.000    4.733000  0.000000e+00  2.442444e+02 
    0.000    4.836000  0.000000e+00  2.429654e+02 
    0.000    4.938000  0.000000e+00  2.418884e+02 
    0.000    5.041000  0.000000e+00  2.407707e+02 
    0.000    5.144000  0.000000e+00  2.396556e+02 
    0.000    5.247000  0.000000e+00  2.385154e+02 
    0.000    5.350000  0.000000e+00  2.373693e+02 
    0.000    5.453000  0.000000e+00  2.362316e+02 
    0.000    5.556000  0.000000e+00  2.350891e+02 
    0.000    5.659000  0.000000e+00  2.339619e+02 
    0.000    5.762000  0.000000e+00  2.328438e+02 
    0.000    5.864000  0.000000e+00  2.317563e+02 
    0.000    5.967000  0.000000e+00  2.306803e+02 
    0.000    6.070000  0.000000e+00  2.296249e+02 
    0.000    6.173000  0.000000e+00  2.286041e+02 
    0.000    6.276000  0.000000e+00  2.275909e+02 
    0.000    6.379000  0.000000e+00  2.267496e+02 
    0.000    6.482000  0.000000e+00  2.259228e+02 
    0.000    6.585000  0.000000e+00  2.251129e+02 
    0.000    6.688000  0.000000e+00  2.243267e+02 
    0.000    6.790000  0.000000e+00  2.235655e+02 
    0.000    6.893000  0.000000e+00  2.228532e+02 
    0.000    6.996000  0.000000e+00  2.222257e+02 
    0.000    7.099000  0.000000e+00  2.216574e+02 
    0.000    7.202000  0.000000e+00  2.211889e+02 
    0.000    7.305000  0.000000e+00  2.205820e+02 
    0.000    7.408000  0.000000e+00  2.200723e+02 
    0.000    7.511000  0.000000e+00  2.196491e+02 
    0.000    7.614000  0.000000e+00  2.193210e+02 
    0.000    7.716000  0.000000e+00  2.190137e+02 
    0.000    7.819000  0.000000e+00  2.187635e+02 
    0.000    7.922000  0.000000e+00  2.185137e+02 
    0.000    8.025000  0.000000e+00  2.182960e+02 
    0.000    8.128000  0.000000e+00  2.181075e+02 
    0.000    8.231000  0.000000e+00  2.179177e+02 
    0.000    8.334000  0.000000e+00  2.177221e+02 
    0.000    8.437000  0.000000e+00  2.175194e+02 
    0.000    8.540000  0.000000e+00  2.173306e+02 
    0.000    8.643000  0.000000e+00  2.171203e+02 
    0.000    8.745000  0.000000e+00  2.169180e+02 
    0.000    8.848000  0.000000e+00  2.167042e+02 
    0.000    8.951000  0.000000e+00  2.165582e+02 
    0.000    9.054000  0.000000e+00  2.164095e+02 
    0.000    9.157000  0.000000e+00  2.162581e+02 
    0.000    9.260000  0.000000e+00  2.161096e+02 
    0.000    9.363000  0.000000e+00  2.159289e+02 
    0.000    9.466000  0.000000e+00  2.157496e+02 
    0.000    9.569000  0.000000e+00  2.155820e+02 
    0.000    9.671000  0.000000e+00  2.154212e+02 
    0.000    9.774000  0.000000e+00  2.152609e+02 
    0.000    9.877000  0.000000e+00  2.150990e+02 
    0.000    9.980000  0.000000e+00  2.150579e+02 
    0.000   10.083000  0.000000e+00  2.150238e+02 
    0.000   10.186000  0.000000e+00  2.149972e+02 
    0.000   10.289000  0.000000e+00  2.149764e+02 
    0.000   10.392000  0.000000e+00  2.149574e+02 
    0.000   10.495000  0.000000e+00  2.149338e+02 
    0.000   10.597000  0.000000e+00  2.149080e+02 
    0.000   10.700000  0.000000e+00  2.148795e+02 
    0.000   10.802999  0.000000e+00  2.148445e+02 
    0.000   10.906000  0.000000e+00  2.148054e+02 
    0.000   11.009000  0.000000e+00  2.147626e+02 
    0.000   11.112000  0.000000e+00  2.147120e+02 
    0.000   11.215000  0.000000e+00  2.146560e+02 
    0.000   11.318000  0.000000e+00  2.145963e+02 
    0.000   11.421000  0.000000e+00  2.145311e+02 
    0.000   11.523000  0.000000e+00  2.144624e+02 
    0.000   11.625999  0.000000e+00  2.143911e+02 
    0.000   11.729000  0.000000e+00  2.143214e+02 
    0.000   11.832000  0.000000e+00  2.142530e+02 
    0.000   11.934999  0.000000e+00  2.141851e+02 
    0.000   12.038000  0.000000e+00  2.141217e+02 
    0.000   12.141000  0.000000e+00  2.140618e+02 
    0.000   12.243999  0.000000e+00  2.140041e+02 
    0.000   12.347000  0.000000e+00  2.139462e+02 
    0.000   12.449000  0.000000e+00  2.138884e+02 
    0.000   12.552000  0.000000e+00  2.138301e+02 
    0.000   12.655000  0.000000e+00  2.137711e+02 
    0.000   12.757999  0.000000e+00  2.137112e+02 
    0.000   12.861000  0.000000e+00  2.136509e+02 
    0.000   12.964000  0.000000e+00  2.135904e+02 
    0.000   13.066999  0.000000e+00  2.135298e+02 
    0.000   13.170000  0.000000e+00  2.134692e+02 
    0.000   13.273000  0.000000e+00  2.134095e+02 
    0.000   13.375999  0.000000e+00  2.133522e+02 
    0.000   13.478000  0.000000e+00  2.132974e+02 
    0.000   13.581000  0.000000e+00  2.132437e+02 
    0.000   13.684000  0.000000e+00  2.131948e+02 
    0.000   13.787000  0.000000e+00  2.131497e+02 
    0.000   13.890000  0.000000e+00  2.131070e+02 
    0.000   13.993000  0.000000e+00  2.130687e+02 
    0.000   14.096000  0.000000e+00  2.130343e+02 
    0.000   14.199000  0.000000e+00  2.130028e+02 
    0.000   14.302000  0.000000e+00  2.129729e+02 
    0.000   14.404000  0.000000e+00  2.129442e+02 
    0.000   14.507000  0.000000e+00  2.129161e+02 
    0.000   14.610000  0.000000e+00  2.128879e+02 
    0.000   14.713000  0.000000e+00  2.128567e+02 
    0.000   14.816000  0.000000e+00  2.128235e+02 
    0.000   14.919000  0.000000e+00  2.127894e+02 
    0.000   15.022000  0.000000e+00  2.127539e+02 
    0.000   15.125000  0.000000e+00  2.127172e+02 
    0.000   15.228000  0.000000e+00  2.126801e+02 
    0.000   15.330000  0.000000e+00  2.126429e+02 
    0.000   15.433000  0.000000e+00  2.126053e+02 
    0.000   15.536000  0.000000e+00  2.125677e+02 
    0.000   15.639000  0.000000e+00  2.125298e+02 
    0.000   15.742000  0.000000e+00  2.124901e+02 
    0.000   15.845000  0.000000e+00  2.124489e+02 
    0.000   15.947999  0.000000e+00  2.124071e+02 
    0.000   16.051001  0.000000e+00  2.123648e+02 
    0.000   16.154001  0.000000e+00  2.123224e+02 
    0.000   16.256001  0.000000e+00  2.122802e+02 
    0.000   16.359001  0.000000e+00  2.122381e+02 
    0.000   16.462000  0.000000e+00  2.121972e+02 
    0.000   16.565001  0.000000e+00  2.121572e+02 
    0.000   16.668001  0.000000e+00  2.121179e+02 
    0.000   16.771000  0.000000e+00  2.120808e+02 
    0.000   16.874001  0.000000e+00  2.120454e+02 
    0.000   16.977001  0.000000e+00  2.120114e+02 
    0.000   17.080000  0.000000e+00  2.119784e+02 
    0.000   17.182001  0.000000e+00  2.119468e+02 
    0.000   17.285002  0.000000e+00  2.119158e+02 
    0.000   17.388000  0.000000e+00  2.118855e+02 
    0.000   17.491001  0.000000e+00  2.118554e+02 
    0.000   17.594002  0.000000e+00  2.118254e+02 
    0.000   17.697001  0.000000e+00  2.117957e+02 
    0.000   17.800001  0.000000e+00  2.117663e+02 
    0.000   17.903002  0.000000e+00  2.117371e+02 
    0.000   18.006001  0.000000e+00  2.117084e+02 
    0.000   18.109001  0.000000e+00  2.116799e+02 
    0.000   18.211000  0.000000e+00  2.116518e+02 
    0.000   18.314001  0.000000e+00  2.116235e+02 
    0.000   18.417002  0.000000e+00  2.115954e+02 
    0.000   18.520000  0.000000e+00  2.115675e+02 
    0.000   18.623001  0.000000e+00  2.115396e+02 
    0.000   18.726002  0.000000e+00  2.115117e+02 
    0.000   18.829000  0.000000e+00  2.114838e+02 
    0.000   18.932001  0.000000e+00  2.114559e+02 
    0.000   19.035002  0.000000e+00  2.114276e+02 
    0.000   19.137001  0.000000e+00  2.113994e+02 
    0.000   19.240002  0.000000e+00  2.113708e+02 
    0.000   19.343000  0.000000e+00  2.113431e+02 
    0.000   19.446001  0.000000e+00  2.113165e+02 
    0.000   19.549002  0.000000e+00  2.112908e+02 
    0.000   19.652000  0.000000e+00  2.112657e+02 
    0.000   19.755001  0.000000e+00  2.112422e+02 
    0.000   19.858002  0.000000e+00  2.112202e+02 
    0.000   19.961000  0.000000e+00  2.111994e+02 
    0.000   20.063002  0.000000e+00  2.111797e+02 
    0.000   20.363001  0.000000e+00  2.111214e+02 
    0.000   20.859001  0.000000e+00  2.110225e+02 
    0.000   21.354000  0.000000e+00  2.109341e+02 
    0.000   21.850000  0.000000e+00  2.108525e+02 
    0.000   22.346001  0.000000e+00  2.107712e+02 
    0.000   22.842001  0.000000e+00  2.106978e+02 
    0.000   23.337000  0.000000e+00  2.106340e+02 
    0.000   23.833000  0.000000e+00  2.105805e+02 
    0.000   24.329000  0.000000e+00  2.105424e+02 
    0.000   24.825001  0.000000e+00  2.105220e+02 
    0.000   25.320002  0.000000e+00  2.105123e+02 
    0.000   25.816000  0.000000e+00  2.105120e+02 
    0.000   26.312000  0.000000e+00  2.105274e+02 
    0.000   26.808001  0.000000e+00  2.105511e+02 
    0.000   27.303001  0.000000e+00  2.105755e+02 
    0.000   27.799002  0.000000e+00  2.105985e+02 
    0.000   28.295000  0.000000e+00  2.106220e+02 
    0.000   28.791000  0.000000e+00  2.106528e+02 
    0.000   29.286001  0.000000e+00  2.106973e+02 
    0.000   29.782001  0.000000e+00  2.107521e+02 
    0.000   30.278002  0.000000e+00  2.108122e+02 
    0.000   30.774000  0.000000e+00  2.108678e+02 
    0.000   31.269001  0.000000e+00  2.109191e+02 
    0.000   31.765001  0.000000e+00  2.109677e+02 
    0.000   32.260998  0.000000e+00  2.110196e+02 
    0.000   32.757000  0.000000e+00  2.110764e+02 
    0.000   33.251999  0.000000e+00  2.111393e+02 
    0.000   33.747997  0.000000e+00  2.112071e+02 
    0.000   34.243999  0.000000e+00  2.112778e+02 
    0.000   34.739998  0.000000e+00  2.113457e+02 
    0.000   35.235001  0.000000e+00  2.114095e+02 
    0.000   35.730999  0.000000e+00  2.114658e+02 
    0.000   36.226997  0.000000e+00  2.115157e+02 
    0.000   36.723000  0.000000e+00  2.115627e+02 
    0.000   37.217999  0.000000e+00  2.116075e+02 
    0.000   37.714001  0.000000e+00  2.116526e+02 
    0.000   38.209999  0.000000e+00  2.116980e+02 
    0.000   38.705997  0.000000e+00  2.117445e+02 
    0.000   39.201000  0.000000e+00  2.117920e+02 
    0.000   39.696999  0.000000e+00  2.118414e+02 
    0.000   40.196999  0.000000e+00  2.118929e+02 
    0.000   45.196999  0.000000e+00  2.123444e+02 
    0.000   50.196999  0.000000e+00  2.125659e+02 
    0.000   55.196999  0.000000e+00  2.125690e+02 
    0.000   60.196999  0.000000e+00  2.124999e+02 
    0.000   65.197006  0.000000e+00  2.124475e+02 
