   67.174    0.000000  3.499923e-03  1.243556e+01 
   67.174    0.103000  3.518886e-03  1.259038e+01 
   67.174    0.206000  3.537743e-03  1.274888e+01 
   67.174    0.308000  3.556342e-03  1.290758e+01 
   67.174    0.411000  3.575033e-03  1.306879e+01 
   67.174    0.514000  3.643780e-03  1.352487e+01 
   67.174    0.617000  3.706139e-03  1.393803e+01 
   67.174    0.720000  3.760854e-03  1.430217e+01 
   67.174    0.823000  3.808509e-03  1.462224e+01 
   67.174    0.926000  3.848526e-03  1.489647e+01 
   67.174    1.029000  3.882684e-03  1.513608e+01 
   67.174    1.132000  3.940243e-03  1.550266e+01 
   67.174    1.234000  3.959972e-03  1.565815e+01 
   67.174    1.337000  3.979931e-03  1.581453e+01 
   67.174    1.440000  3.999828e-03  1.597028e+01 
   67.174    1.543000  4.019571e-03  1.612547e+01 
   67.174    1.646000  4.039165e-03  1.627995e+01 
   67.174    1.749000  4.058643e-03  1.643351e+01 
   67.174    1.852000  4.129714e-01  6.995705e+01 
   67.174    1.955000  1.021126e+01  1.205497e+02 
   67.174    2.058000  8.787749e+01  1.706097e+02 
   67.174    2.160000  3.193851e+02  2.061236e+02 
   67.174    2.263000  3.209478e+02  2.059175e+02 
   67.174    2.366000  3.224952e+02  2.057734e+02 
   67.174    2.469000  3.240275e+02  2.056741e+02 
   67.174    2.572000  3.255453e+02  2.056103e+02 
   67.174    2.675000  3.270490e+02  2.055755e+02 
   67.174    2.778000  3.285413e+02  2.055644e+02 
   67.174    2.881000  3.300211e+02  2.055738e+02 
   67.174    2.984000  3.314879e+02  2.056010e+02 
   67.174    3.086000  3.329265e+02  2.056434e+02 
   67.174    3.189000  3.343656e+02  2.057000e+02 
   67.174    3.292000  3.357924e+02  2.057685e+02 
   67.174    3.395000  3.372093e+02  2.058473e+02 
   67.174    3.498000  3.386176e+02  2.059350e+02 
   67.174    3.601000  3.400223e+02  2.060302e+02 
   67.174    3.704000  3.414285e+02  2.061316e+02 
   67.174    3.807000  3.428378e+02  2.062383e+02 
   67.174    3.910000  3.442546e+02  2.063497e+02 
   67.174    4.012000  3.456671e+02  2.064638e+02 
   67.174    4.115000  3.470981e+02  2.065833e+02 
   67.174    4.218000  3.485281e+02  2.067071e+02 
   67.174    4.321000  3.499538e+02  2.068349e+02 
   67.174    4.424000  3.513684e+02  2.069669e+02 
   67.174    4.527000  3.527661e+02  2.071030e+02 
   67.174    4.630000  3.541446e+02  2.072426e+02 
   67.174    4.733000  3.555040e+02  2.073850e+02 
   67.174    4.836000  3.568418e+02  2.075301e+02 
   67.174    4.938000  3.581439e+02  2.076758e+02 
   67.174    5.041000  3.594351e+02  2.078248e+02 
   67.174    5.144000  3.606997e+02  2.079755e+02 
   67.174    5.247000  3.619376e+02  2.081276e+02 
   67.174    5.350000  3.631476e+02  2.082809e+02 
   67.174    5.453000  3.643293e+02  2.084352e+02 
   67.174    5.556000  3.654855e+02  2.085903e+02 
   67.174    5.659000  3.666158e+02  2.087459e+02 
   67.174    5.762000  3.677213e+02  2.089019e+02 
   67.174    5.865000  3.688044e+02  2.090582e+02 
   67.174    5.967000  3.698539e+02  2.092132e+02 
   67.174    6.070000  3.708928e+02  2.093696e+02 
   67.174    6.173000  3.719150e+02  2.095256e+02 
   67.174    6.276000  3.738114e+02  2.098093e+02 
   67.174    6.379000  3.748133e+02  2.099632e+02 
   67.174    6.482000  3.758095e+02  2.101160e+02 
   67.174    6.585000  3.768032e+02  2.102676e+02 
   67.174    6.688000  3.798654e+02  2.105677e+02 
   67.174    6.791000  3.842968e+02  2.109602e+02 
   67.174    6.893000  3.871446e+02  2.113631e+02 
   67.174    6.996000  3.900703e+02  2.116431e+02 
   67.174    7.099000  3.929300e+02  2.119173e+02 
   67.174    7.202000  3.945171e+02  2.121029e+02 
   67.174    7.305000  3.959205e+02  2.122783e+02 
   67.174    7.408000  3.978755e+02  2.124946e+02 
   67.174    7.511000  3.991676e+02  2.126666e+02 
   67.174    7.614000  4.023952e+02  2.129751e+02 
   67.174    7.717000  4.133828e+02  2.137949e+02 
   67.174    7.819000  4.160319e+02  2.140531e+02 
   67.174    7.922000  4.221046e+02  2.145266e+02 
   67.174    8.025001  4.256284e+02  2.148324e+02 
   67.174    8.128000  4.275155e+02  2.150330e+02 
   67.174    8.231001  4.296773e+02  2.152486e+02 
   67.174    8.334001  4.340538e+02  2.155956e+02 
   67.174    8.437000  4.373149e+02  2.158712e+02 
   67.174    8.540000  4.391193e+02  2.160578e+02 
   67.174    8.643001  4.412094e+02  2.162595e+02 
   67.174    8.745001  4.445777e+02  2.165324e+02 
   67.174    8.848001  4.553624e+02  2.172125e+02 
   67.174    8.951000  4.559201e+02  2.173164e+02 
   67.174    9.054001  4.564701e+02  2.174182e+02 
   67.174    9.157001  4.570119e+02  2.175178e+02 
   67.174    9.260000  4.575448e+02  2.176152e+02 
   67.174    9.363001  4.580685e+02  2.177104e+02 
   67.174    9.466001  4.585829e+02  2.178035e+02 
   67.174    9.569000  4.590881e+02  2.178947e+02 
   67.174    9.671000  4.595794e+02  2.179832e+02 
   67.174    9.774000  4.600652e+02  2.180707e+02 
   67.174    9.877001  4.605385e+02  2.181564e+02 
   67.174    9.980000  4.609991e+02  2.182403e+02 
   67.174   10.083000  4.614814e+02  2.183216e+02 
   67.174   10.186001  4.619546e+02  2.184014e+02 
   67.174   10.289001  4.624194e+02  2.184796e+02 
   67.174   10.392000  4.628767e+02  2.185564e+02 
   67.174   10.495001  4.633280e+02  2.186318e+02 
   67.174   10.597000  4.637691e+02  2.187050e+02 
   67.174   10.700001  4.642077e+02  2.187777e+02 
   67.174   10.803000  4.646390e+02  2.188492e+02 
   67.174   10.906000  4.650629e+02  2.189196e+02 
   67.174   11.009001  4.654804e+02  2.189890e+02 
   67.174   11.112000  4.658930e+02  2.190574e+02 
   67.174   11.215000  4.663012e+02  2.191249e+02 
   67.174   11.318001  4.667047e+02  2.191915e+02 
   67.174   11.421000  4.671035e+02  2.192572e+02 
   67.174   11.524000  4.674975e+02  2.193221e+02 
   67.174   11.626000  4.678826e+02  2.193855e+02 
   67.174   11.729000  4.682661e+02  2.194486e+02 
   67.174   11.832001  4.686442e+02  2.195110e+02 
   67.174   11.935000  4.690168e+02  2.195725e+02 
   67.174   12.038000  4.693844e+02  2.196333e+02 
   67.174   12.141001  4.697470e+02  2.196932e+02 
   67.174   12.244000  4.701046e+02  2.197524e+02 
   67.174   12.347000  4.704573e+02  2.198107e+02 
   67.174   12.450001  4.708051e+02  2.198682e+02 
   67.174   12.552000  4.711447e+02  2.199244e+02 
   67.174   12.655001  4.714828e+02  2.199802e+02 
   67.174   12.758000  4.718162e+02  2.200352e+02 
   67.174   12.861000  4.721454e+02  2.200892e+02 
   67.174   12.964001  4.724704e+02  2.201423e+02 
   67.174   13.067000  4.727917e+02  2.201945e+02 
   67.174   13.170000  4.731090e+02  2.202456e+02 
   67.174   13.273001  4.734226e+02  2.202958e+02 
   67.174   13.376000  4.737325e+02  2.203449e+02 
   67.174   13.478001  4.740358e+02  2.203927e+02 
   67.174   13.581000  4.743386e+02  2.204399e+02 
   67.174   13.684000  4.746378e+02  2.204861e+02 
   67.174   13.787001  4.749337e+02  2.205314e+02 
   67.174   13.890000  4.752263e+02  2.205757e+02 
   67.174   13.993000  4.755155e+02  2.206191e+02 
   67.174   14.096001  4.758017e+02  2.206614e+02 
   67.174   14.199000  4.760846e+02  2.207028e+02 
   67.174   14.302000  4.763644e+02  2.207432e+02 
   67.174   14.404000  4.766384e+02  2.207824e+02 
   67.174   14.507000  4.769120e+02  2.208209e+02 
   67.174   14.610001  4.771824e+02  2.208586e+02 
   67.174   14.713000  4.774496e+02  2.208956e+02 
   67.174   14.816000  4.777138e+02  2.209317e+02 
   67.174   14.919001  4.779748e+02  2.209671e+02 
   67.174   15.022000  4.782327e+02  2.210018e+02 
   67.174   15.125000  4.784874e+02  2.210358e+02 
   67.174   15.228001  4.787389e+02  2.210692e+02 
   67.174   15.330001  4.789850e+02  2.211016e+02 
   67.174   15.433001  4.792304e+02  2.211338e+02 
   67.174   15.536000  4.794728e+02  2.211653e+02 
   67.174   15.639001  4.797122e+02  2.211962e+02 
   67.174   15.742001  4.799488e+02  2.212265e+02 
   67.174   15.845000  4.801825e+02  2.212561e+02 
   67.174   15.948001  4.804135e+02  2.212851e+02 
   67.174   16.050999  4.806419e+02  2.213135e+02 
   67.174   16.153999  4.808680e+02  2.213412e+02 
   67.174   16.257000  4.810915e+02  2.213683e+02 
   67.174   16.358999  4.813105e+02  2.213944e+02 
   67.174   16.462000  4.815293e+02  2.214203e+02 
   67.174   16.564999  4.817458e+02  2.214455e+02 
   67.174   16.667999  4.819600e+02  2.214701e+02 
   67.174   16.771000  4.821722e+02  2.214940e+02 
   67.174   16.873999  4.823824e+02  2.215173e+02 
   67.174   16.976999  4.825907e+02  2.215399e+02 
   67.174   17.080000  4.827972e+02  2.215617e+02 
   67.174   17.182999  4.830023e+02  2.215827e+02 
   67.174   17.285000  4.832040e+02  2.216026e+02 
   67.174   17.387999  4.834062e+02  2.216219e+02 
   67.174   17.490999  4.836073e+02  2.216403e+02 
   67.174   17.594000  4.838071e+02  2.216578e+02 
   67.174   17.696999  4.840058e+02  2.216744e+02 
   67.174   17.799999  4.842032e+02  2.216902e+02 
   67.174   17.903000  4.843991e+02  2.217053e+02 
   67.174   18.005999  4.845936e+02  2.217197e+02 
   67.174   18.108999  4.847866e+02  2.217333e+02 
   67.174   18.210999  4.849761e+02  2.217463e+02 
   67.174   18.313999  4.851657e+02  2.217588e+02 
   67.174   18.417000  4.853536e+02  2.217708e+02 
   67.174   18.519999  4.855398e+02  2.217823e+02 
   67.174   18.622999  4.857245e+02  2.217932e+02 
   67.174   18.726000  4.859076e+02  2.218035e+02 
   67.174   18.828999  4.860893e+02  2.218132e+02 
   67.174   18.931999  4.862694e+02  2.218223e+02 
   67.174   19.035000  4.864483e+02  2.218309e+02 
   67.174   19.136999  4.866242e+02  2.218388e+02 
   67.174   19.240000  4.868005e+02  2.218462e+02 
   67.174   19.343000  4.869755e+02  2.218531e+02 
   67.174   19.445999  4.871492e+02  2.218595e+02 
   67.174   19.549000  4.873216e+02  2.218654e+02 
   67.174   19.652000  4.874926e+02  2.218709e+02 
   67.174   19.754999  4.876622e+02  2.218759e+02 
   67.174   19.858000  4.878306e+02  2.218805e+02 
   67.174   19.960999  4.879976e+02  2.218847e+02 
   67.174   20.063000  4.881621e+02  2.218882e+02 
   67.174   20.362999  4.886407e+02  2.218954e+02 
   67.174   20.858999  4.894093e+02  2.218997e+02 
   67.174   21.354000  4.901482e+02  2.218952e+02 
   67.174   21.850000  4.908618e+02  2.218824e+02 
   67.174   22.345999  4.915431e+02  2.218651e+02 
   67.174   22.841999  4.921859e+02  2.218476e+02 
   67.174   23.337000  4.927851e+02  2.218325e+02 
   67.174   23.833000  4.933444e+02  2.218196e+02 
   67.174   24.328999  4.938684e+02  2.218072e+02 
   67.174   24.824999  4.943613e+02  2.217941e+02 
   67.174   25.320000  4.948217e+02  2.217812e+02 
   67.174   25.816000  4.952522e+02  2.217691e+02 
   67.174   26.312000  4.956545e+02  2.217576e+02 
   67.174   26.807999  4.960314e+02  2.217460e+02 
   67.174   27.302999  4.963840e+02  2.217343e+02 
   67.174   27.799000  4.967139e+02  2.217226e+02 
   67.174   28.295000  4.970215e+02  2.217113e+02 
   67.174   28.791000  4.973097e+02  2.216999e+02 
   67.174   29.285999  4.975811e+02  2.216881e+02 
   67.174   29.782000  4.978397e+02  2.216756e+02 
   67.174   30.278000  4.980864e+02  2.216624e+02 
   67.174   30.774000  4.983231e+02  2.216484e+02 
   67.174   31.268999  4.985511e+02  2.216338e+02 
   67.174   31.764999  4.987730e+02  2.216187e+02 
   67.174   32.260998  4.989904e+02  2.216032e+02 
   67.174   32.757000  4.992049e+02  2.215876e+02 
   67.174   33.251999  4.994177e+02  2.215722e+02 
   67.174   33.748001  4.996314e+02  2.215571e+02 
   67.174   34.243999  4.998467e+02  2.215427e+02 
   67.174   34.739998  5.000653e+02  2.215290e+02 
   67.174   35.235001  5.002877e+02  2.215162e+02 
   67.174   35.730999  5.005160e+02  2.215041e+02 
   67.174   36.227001  5.007502e+02  2.214928e+02 
   67.174   36.723000  5.009904e+02  2.214822e+02 
   67.174   37.217999  5.012353e+02  2.214724e+02 
   67.174   37.714001  5.014847e+02  2.214633e+02 
   67.174   38.209999  5.017367e+02  2.214548e+02 
   67.174   38.706001  5.019893e+02  2.214470e+02 
   67.174   39.201000  5.022403e+02  2.214399e+02 
   67.174   39.696999  5.024882e+02  2.214335e+02 
   67.174   40.196999  5.027293e+02  2.214290e+02 
   67.174   45.196999  5.046136e+02  2.214177e+02 
   67.174   50.196999  5.053239e+02  2.214237e+02 
   67.174   55.196999  5.055761e+02  2.214310e+02 
   67.174   60.196999  5.063521e+02  2.214365e+02 
   67.174   65.197006  5.075964e+02  2.214401e+02 
