   66.895    0.000000  2.081704e-01  1.628500e+01 
   66.895    0.103000  2.093468e-01  1.646124e+01 
   66.895    0.206000  2.105188e-01  1.664451e+01 
   66.895    0.309000  2.116932e-01  1.683129e+01 
   66.895    0.412000  2.128729e-01  1.702007e+01 
   66.895    0.515000  2.140551e-01  1.721019e+01 
   66.895    0.618000  2.152370e-01  1.740124e+01 
   66.895    0.721000  2.220466e-01  1.813809e+01 
   66.895    0.824000  2.338306e-01  1.932047e+01 
   66.895    0.926000  2.524940e-01  2.104608e+01 
   66.895    1.029000  2.800570e-01  2.334854e+01 
   66.895    1.132000  3.177247e-01  2.612772e+01 
   66.895    1.235000  3.661035e-01  2.923413e+01 
   66.895    1.338000  4.301666e-01  3.276534e+01 
   66.895    1.441000  5.148882e-01  3.671661e+01 
   66.895    1.544000  6.272942e-01  4.109270e+01 
   66.895    1.647000  7.737772e-01  4.579650e+01 
   66.895    1.750000  8.193004e-01  4.684499e+01 
   66.895    1.852000  3.793365e+00  7.297024e+01 
   66.895    1.955000  2.010543e+01  1.063405e+02 
   66.895    2.058000  9.790614e+01  1.446810e+02 
   66.895    2.161000  3.707162e+02  1.780474e+02 
   66.895    2.264000  3.785649e+02  1.782555e+02 
   66.895    2.367000  3.812171e+02  1.782366e+02 
   66.895    2.470000  3.830050e+02  1.782117e+02 
   66.895    2.573000  3.847682e+02  1.782180e+02 
   66.895    2.676000  3.865141e+02  1.782482e+02 
   66.895    2.778000  3.882315e+02  1.782967e+02 
   66.895    2.881000  3.899557e+02  1.783614e+02 
   66.895    2.984000  3.916735e+02  1.784393e+02 
   66.895    3.087000  3.933833e+02  1.785288e+02 
   66.895    3.190000  3.950831e+02  1.786290e+02 
   66.895    3.293000  3.967728e+02  1.787384e+02 
   66.895    3.396000  3.984539e+02  1.788558e+02 
   66.895    3.499000  4.001264e+02  1.789803e+02 
   66.895    3.602000  4.017967e+02  1.791107e+02 
   66.895    3.704000  4.034537e+02  1.792443e+02 
   66.895    3.807000  4.051295e+02  1.793836e+02 
   66.895    3.910000  4.068077e+02  1.795267e+02 
   66.895    4.013000  4.084875e+02  1.796735e+02 
   66.895    4.116000  4.101609e+02  1.798239e+02 
   66.895    4.219000  4.118184e+02  1.799781e+02 
   66.895    4.322000  4.134556e+02  1.801358e+02 
   66.895    4.425000  4.150687e+02  1.802966e+02 
   66.895    4.528000  4.166536e+02  1.804601e+02 
   66.895    4.631000  4.182108e+02  1.806257e+02 
   66.895    4.733000  4.197258e+02  1.807913e+02 
   66.895    4.836000  4.212251e+02  1.809600e+02 
   66.895    4.939000  4.226951e+02  1.811297e+02 
   66.895    5.042000  4.241371e+02  1.813002e+02 
   66.895    5.145000  4.255490e+02  1.814713e+02 
   66.895    5.248000  4.269329e+02  1.816427e+02 
   66.895    5.351000  4.282896e+02  1.818144e+02 
   66.895    5.454000  4.296190e+02  1.819861e+02 
   66.895    5.557000  4.309236e+02  1.821576e+02 
   66.895    5.659000  4.321906e+02  1.823272e+02 
   66.895    5.762000  4.334462e+02  1.824981e+02 
   66.895    5.865000  4.346805e+02  1.826685e+02 
   66.895    5.968000  4.358938e+02  1.828383e+02 
   66.895    6.071000  4.370911e+02  1.830072e+02 
   66.895    6.174000  4.382798e+02  1.831750e+02 
   66.895    6.277000  4.394611e+02  1.833415e+02 
   66.895    6.380000  4.406363e+02  1.835066e+02 
   66.895    6.483000  4.418062e+02  1.836703e+02 
   66.895    6.585000  4.429624e+02  1.838309e+02 
   66.895    6.688000  4.441317e+02  1.839912e+02 
   66.895    6.791000  4.453038e+02  1.841497e+02 
   66.895    6.894000  4.464656e+02  1.843065e+02 
   66.895    6.997000  4.475997e+02  1.844617e+02 
   66.895    7.100000  4.486959e+02  1.846153e+02 
   66.895    7.203000  4.497349e+02  1.847672e+02 
   66.895    7.306000  4.507014e+02  1.849171e+02 
   66.895    7.409000  4.515929e+02  1.850649e+02 
   66.895    7.511000  4.524076e+02  1.852091e+02 
   66.895    7.614000  4.531603e+02  1.853526e+02 
   66.895    7.717000  4.538655e+02  1.854937e+02 
   66.895    7.820000  4.545537e+02  1.856327e+02 
   66.895    7.923000  4.552314e+02  1.857697e+02 
   66.895    8.026000  4.559012e+02  1.859046e+02 
   66.895    8.129001  4.565664e+02  1.860378e+02 
   66.895    8.232000  4.572270e+02  1.861691e+02 
   66.895    8.335000  4.578771e+02  1.862984e+02 
   66.895    8.437000  4.585051e+02  1.864243e+02 
   66.895    8.540000  4.591235e+02  1.865492e+02 
   66.895    8.643001  4.597301e+02  1.866719e+02 
   66.895    8.746000  4.603278e+02  1.867923e+02 
   66.895    8.849000  4.609164e+02  1.869102e+02 
   66.895    8.952001  4.614961e+02  1.870257e+02 
   66.895    9.055000  4.620659e+02  1.871386e+02 
   66.895    9.158000  4.626238e+02  1.872491e+02 
   66.895    9.261001  4.631697e+02  1.873572e+02 
   66.895    9.363000  4.636980e+02  1.874618e+02 
   66.895    9.466001  4.642195e+02  1.875651e+02 
   66.895    9.569000  4.647298e+02  1.876662e+02 
   66.895    9.672000  4.652293e+02  1.877653e+02 
   66.895    9.775001  4.657172e+02  1.878623e+02 
   66.895    9.878000  4.661925e+02  1.879574e+02 
   66.895    9.981000  4.666549e+02  1.880505e+02 
   66.895   10.084001  4.671397e+02  1.881411e+02 
   66.895   10.187000  4.676161e+02  1.882300e+02 
   66.895   10.289001  4.680802e+02  1.883165e+02 
   66.895   10.392000  4.685415e+02  1.884020e+02 
   66.895   10.495000  4.689959e+02  1.884860e+02 
   66.895   10.598001  4.694435e+02  1.885683e+02 
   66.895   10.701000  4.698841e+02  1.886491e+02 
   66.895   10.804000  4.703176e+02  1.887285e+02 
   66.895   10.907001  4.707443e+02  1.888067e+02 
   66.895   11.010000  4.711646e+02  1.888837e+02 
   66.895   11.113000  4.715798e+02  1.889596e+02 
   66.895   11.216001  4.719900e+02  1.890345e+02 
   66.895   11.318000  4.723913e+02  1.891076e+02 
   66.895   11.421000  4.727916e+02  1.891804e+02 
   66.895   11.524000  4.731870e+02  1.892523e+02 
   66.895   11.627000  4.735774e+02  1.893233e+02 
   66.895   11.730000  4.739623e+02  1.893933e+02 
   66.895   11.833000  4.743418e+02  1.894624e+02 
   66.895   11.936000  4.747158e+02  1.895307e+02 
   66.895   12.039001  4.750845e+02  1.895980e+02 
   66.895   12.142000  4.754480e+02  1.896645e+02 
   66.895   12.244000  4.758028e+02  1.897295e+02 
   66.895   12.347000  4.761560e+02  1.897942e+02 
   66.895   12.450001  4.765043e+02  1.898580e+02 
   66.895   12.553000  4.768477e+02  1.899208e+02 
   66.895   12.656000  4.771863e+02  1.899827e+02 
   66.895   12.759000  4.775202e+02  1.900436e+02 
   66.895   12.862000  4.778499e+02  1.901035e+02 
   66.895   12.965000  4.781754e+02  1.901623e+02 
   66.895   13.068000  4.784971e+02  1.902201e+02 
   66.895   13.170000  4.788118e+02  1.902763e+02 
   66.895   13.273001  4.791258e+02  1.903320e+02 
   66.895   13.376000  4.794361e+02  1.903867e+02 
   66.895   13.479000  4.797429e+02  1.904404e+02 
   66.895   13.582001  4.800461e+02  1.904930e+02 
   66.895   13.685000  4.803459e+02  1.905447e+02 
   66.895   13.788000  4.806422e+02  1.905953e+02 
   66.895   13.891001  4.809352e+02  1.906449e+02 
   66.895   13.994000  4.812249e+02  1.906934e+02 
   66.895   14.096001  4.815086e+02  1.907405e+02 
   66.895   14.199000  4.817920e+02  1.907870e+02 
   66.895   14.302000  4.820722e+02  1.908324e+02 
   66.895   14.405001  4.823494e+02  1.908768e+02 
   66.895   14.508000  4.826234e+02  1.909203e+02 
   66.895   14.611000  4.828943e+02  1.909627e+02 
   66.895   14.714001  4.831622e+02  1.910043e+02 
   66.895   14.817000  4.834269e+02  1.910450e+02 
   66.895   14.920000  4.836884e+02  1.910849e+02 
   66.895   15.022000  4.839443e+02  1.911237e+02 
   66.895   15.125000  4.841996e+02  1.911620e+02 
   66.895   15.228001  4.844518e+02  1.911997e+02 
   66.895   15.331000  4.847008e+02  1.912366e+02 
   66.895   15.434000  4.849469e+02  1.912728e+02 
   66.895   15.537001  4.851900e+02  1.913084e+02 
   66.895   15.640000  4.854301e+02  1.913432e+02 
   66.895   15.743000  4.856673e+02  1.913774e+02 
   66.895   15.846001  4.859016e+02  1.914110e+02 
   66.895   15.948999  4.861333e+02  1.914439e+02 
   66.895   16.051001  4.863602e+02  1.914758e+02 
   66.895   16.154001  4.865869e+02  1.915074e+02 
   66.895   16.257000  4.868111e+02  1.915382e+02 
   66.895   16.360001  4.870329e+02  1.915684e+02 
   66.895   16.462999  4.872524e+02  1.915979e+02 
   66.895   16.566000  4.874697e+02  1.916266e+02 
   66.895   16.669001  4.876847e+02  1.916547e+02 
   66.895   16.771999  4.878976e+02  1.916821e+02 
   66.895   16.875000  4.881085e+02  1.917088e+02 
   66.895   16.977001  4.883153e+02  1.917346e+02 
   66.895   17.080000  4.885223e+02  1.917599e+02 
   66.895   17.183001  4.887279e+02  1.917843e+02 
   66.895   17.286001  4.889319e+02  1.918079e+02 
   66.895   17.389000  4.891345e+02  1.918306e+02 
   66.895   17.492001  4.893358e+02  1.918525e+02 
   66.895   17.595001  4.895359e+02  1.918735e+02 
   66.895   17.698000  4.897349e+02  1.918935e+02 
   66.895   17.801001  4.899326e+02  1.919128e+02 
   66.895   17.903000  4.901270e+02  1.919310e+02 
   66.895   18.006001  4.903221e+02  1.919487e+02 
   66.895   18.109001  4.905156e+02  1.919657e+02 
   66.895   18.212000  4.907074e+02  1.919821e+02 
   66.895   18.315001  4.908975e+02  1.919980e+02 
   66.895   18.418001  4.910858e+02  1.920133e+02 
   66.895   18.521000  4.912723e+02  1.920280e+02 
   66.895   18.624001  4.914572e+02  1.920423e+02 
   66.895   18.727001  4.916406e+02  1.920559e+02 
   66.895   18.829000  4.918205e+02  1.920688e+02 
   66.895   18.932001  4.920007e+02  1.920813e+02 
   66.895   19.035000  4.921797e+02  1.920931e+02 
   66.895   19.138000  4.923574e+02  1.921044e+02 
   66.895   19.241001  4.925339e+02  1.921150e+02 
   66.895   19.344000  4.927092e+02  1.921250e+02 
   66.895   19.447001  4.928831e+02  1.921345e+02 
   66.895   19.550001  4.930559e+02  1.921435e+02 
   66.895   19.653000  4.932273e+02  1.921519e+02 
   66.895   19.755001  4.933957e+02  1.921599e+02 
   66.895   19.858000  4.935644e+02  1.921674e+02 
   66.895   19.961000  4.937317e+02  1.921745e+02 
   66.895   20.064001  4.938980e+02  1.921810e+02 
   66.895   20.363001  4.943754e+02  1.921969e+02 
   66.895   20.859001  4.951443e+02  1.922155e+02 
   66.895   21.355000  4.958848e+02  1.922249e+02 
   66.895   21.851000  4.965992e+02  1.922253e+02 
   66.895   22.346001  4.972821e+02  1.922198e+02 
   66.895   22.842001  4.979295e+02  1.922127e+02 
   66.895   23.337999  4.985350e+02  1.922067e+02 
   66.895   23.834000  4.990990e+02  1.922023e+02 
   66.895   24.329000  4.996251e+02  1.921984e+02 
   66.895   24.825001  5.001203e+02  1.921936e+02 
   66.895   25.321001  5.005846e+02  1.921880e+02 
   66.895   25.816999  5.010183e+02  1.921826e+02 
   66.895   26.312000  5.014222e+02  1.921776e+02 
   66.895   26.808001  5.018009e+02  1.921725e+02 
   66.895   27.304001  5.021558e+02  1.921666e+02 
   66.895   27.800001  5.024878e+02  1.921602e+02 
   66.895   28.295000  5.027971e+02  1.921537e+02 
   66.895   28.791000  5.030875e+02  1.921468e+02 
   66.895   29.287001  5.033610e+02  1.921394e+02 
   66.895   29.783001  5.036207e+02  1.921312e+02 
   66.895   30.278000  5.038682e+02  1.921221e+02 
   66.895   30.774000  5.041063e+02  1.921120e+02 
   66.895   31.270000  5.043362e+02  1.921012e+02 
   66.895   31.766001  5.045593e+02  1.920898e+02 
   66.895   32.261997  5.047781e+02  1.920778e+02 
   66.895   32.757000  5.049940e+02  1.920656e+02 
   66.895   33.252998  5.052092e+02  1.920533e+02 
   66.895   33.748997  5.054252e+02  1.920412e+02 
   66.895   34.244999  5.056431e+02  1.920296e+02 
   66.895   34.739998  5.058640e+02  1.920185e+02 
   66.895   35.236000  5.060899e+02  1.920080e+02 
   66.895   35.731998  5.063213e+02  1.919981e+02 
   66.895   36.227997  5.065588e+02  1.919889e+02 
   66.895   36.723000  5.068016e+02  1.919804e+02 
   66.895   37.218998  5.070501e+02  1.919724e+02 
   66.895   37.715000  5.073025e+02  1.919649e+02 
   66.895   38.210999  5.075573e+02  1.919580e+02 
   66.895   38.705997  5.078119e+02  1.919517e+02 
   66.895   39.202000  5.080657e+02  1.919460e+02 
   66.895   39.697998  5.083157e+02  1.919410e+02 
   66.895   40.197998  5.085587e+02  1.919375e+02 
   66.895   45.197998  5.104510e+02  1.919329e+02 
   66.895   50.197998  5.111618e+02  1.919416e+02 
   66.895   55.197998  5.114159e+02  1.919500e+02 
   66.895   60.197998  5.122054e+02  1.919560e+02 
   66.895   65.198006  5.134568e+02  1.919599e+02 
