    0.000    0.000000  0.000000e+00  3.507275e+02 
    0.000    0.103000  0.000000e+00  3.502423e+02 
    0.000    0.206000  0.000000e+00  3.489854e+02 
    0.000    0.309000  0.000000e+00  3.472789e+02 
    0.000    0.411000  0.000000e+00  3.455822e+02 
    0.000    0.514000  0.000000e+00  3.440000e+02 
    0.000    0.617000  0.000000e+00  3.423326e+02 
    0.000    0.720000  0.000000e+00  3.406010e+02 
    0.000    0.823000  0.000000e+00  3.388654e+02 
    0.000    0.926000  0.000000e+00  3.371186e+02 
    0.000    1.029000  0.000000e+00  3.353353e+02 
    0.000    1.132000  0.000000e+00  3.334775e+02 
    0.000    1.235000  0.000000e+00  3.315281e+02 
    0.000    1.337000  0.000000e+00  3.295398e+02 
    0.000    1.440000  0.000000e+00  3.274975e+02 
    0.000    1.543000  0.000000e+00  3.254228e+02 
    0.000    1.646000  0.000000e+00  3.233171e+02 
    0.000    1.749000  0.000000e+00  3.211924e+02 
    0.000    1.852000  0.000000e+00  3.140168e+02 
    0.000    1.955000  0.000000e+00  3.085872e+02 
    0.000    2.058000  0.000000e+00  3.042354e+02 
    0.000    2.161000  0.000000e+00  3.006402e+02 
    0.000    2.263000  0.000000e+00  2.972500e+02 
    0.000    2.366000  0.000000e+00  2.963174e+02 
    0.000    2.469000  0.000000e+00  2.951776e+02 
    0.000    2.572000  0.000000e+00  2.938551e+02 
    0.000    2.675000  0.000000e+00  2.922307e+02 
    0.000    2.778000  0.000000e+00  2.897462e+02 
    0.000    2.881000  0.000000e+00  2.850648e+02 
    0.000    2.984000  0.000000e+00  2.839211e+02 
    0.000    3.087000  0.000000e+00  2.826979e+02 
    0.000    3.189000  0.000000e+00  2.814496e+02 
    0.000    3.292000  0.000000e+00  2.801874e+02 
    0.000    3.395000  0.000000e+00  2.789479e+02 
    0.000    3.498000  0.000000e+00  2.777205e+02 
    0.000    3.601000  0.000000e+00  2.764971e+02 
    0.000    3.704000  0.000000e+00  2.751894e+02 
    0.000    3.807000  0.000000e+00  2.737691e+02 
    0.000    3.910000  0.000000e+00  2.722311e+02 
    0.000    4.013000  0.000000e+00  2.705332e+02 
    0.000    4.115000  0.000000e+00  2.687460e+02 
    0.000    4.218000  0.000000e+00  2.668921e+02 
    0.000    4.321000  0.000000e+00  2.650634e+02 
    0.000    4.424000  0.000000e+00  2.632435e+02 
    0.000    4.527000  0.000000e+00  2.615207e+02 
    0.000    4.630000  0.000000e+00  2.599155e+02 
    0.000    4.733000  0.000000e+00  2.584300e+02 
    0.000    4.836000  0.000000e+00  2.570402e+02 
    0.000    4.939000  0.000000e+00  2.557831e+02 
    0.000    5.041000  0.000000e+00  2.546309e+02 
    0.000    5.144000  0.000000e+00  2.534867e+02 
    0.000    5.247000  0.000000e+00  2.523434e+02 
    0.000    5.350000  0.000000e+00  2.511843e+02 
    0.000    5.453000  0.000000e+00  2.500348e+02 
    0.000    5.556000  0.000000e+00  2.488878e+02 
    0.000    5.659000  0.000000e+00  2.477154e+02 
    0.000    5.762000  0.000000e+00  2.460130e+02 
    0.000    5.865000  0.000000e+00  2.443275e+02 
    0.000    5.968000  0.000000e+00  2.426597e+02 
    0.000    6.070000  0.000000e+00  2.411872e+02 
    0.000    6.173000  0.000000e+00  2.401110e+02 
    0.000    6.276000  0.000000e+00  2.392341e+02 
    0.000    6.379000  0.000000e+00  2.383715e+02 
    0.000    6.482000  0.000000e+00  2.375241e+02 
    0.000    6.585000  0.000000e+00  2.366944e+02 
    0.000    6.688000  0.000000e+00  2.358886e+02 
    0.000    6.791000  0.000000e+00  2.351034e+02 
    0.000    6.894000  0.000000e+00  2.343716e+02 
    0.000    6.996000  0.000000e+00  2.337268e+02 
    0.000    7.099000  0.000000e+00  2.329514e+02 
    0.000    7.202000  0.000000e+00  2.323915e+02 
    0.000    7.305000  0.000000e+00  2.319248e+02 
    0.000    7.408000  0.000000e+00  2.315103e+02 
    0.000    7.511000  0.000000e+00  2.312214e+02 
    0.000    7.614000  0.000000e+00  2.309962e+02 
    0.000    7.717000  0.000000e+00  2.307203e+02 
    0.000    7.820000  0.000000e+00  2.305742e+02 
    0.000    7.921999  0.000000e+00  2.304562e+02 
    0.000    8.025001  0.000000e+00  2.303575e+02 
    0.000    8.128000  0.000000e+00  2.302481e+02 
    0.000    8.231000  0.000000e+00  2.301634e+02 
    0.000    8.334001  0.000000e+00  2.300730e+02 
    0.000    8.437000  0.000000e+00  2.299630e+02 
    0.000    8.540000  0.000000e+00  2.297975e+02 
    0.000    8.643001  0.000000e+00  2.296573e+02 
    0.000    8.746000  0.000000e+00  2.294970e+02 
    0.000    8.848001  0.000000e+00  2.293371e+02 
    0.000    8.951000  0.000000e+00  2.291569e+02 
    0.000    9.054000  0.000000e+00  2.289573e+02 
    0.000    9.157001  0.000000e+00  2.287394e+02 
    0.000    9.260000  0.000000e+00  2.285394e+02 
    0.000    9.363000  0.000000e+00  2.283375e+02 
    0.000    9.466001  0.000000e+00  2.281368e+02 
    0.000    9.569000  0.000000e+00  2.279463e+02 
    0.000    9.672000  0.000000e+00  2.277636e+02 
    0.000    9.774000  0.000000e+00  2.276918e+02 
    0.000    9.877000  0.000000e+00  2.276324e+02 
    0.000    9.980000  0.000000e+00  2.275827e+02 
    0.000   10.083000  0.000000e+00  2.275396e+02 
    0.000   10.186000  0.000000e+00  2.275020e+02 
    0.000   10.289001  0.000000e+00  2.274689e+02 
    0.000   10.392000  0.000000e+00  2.274367e+02 
    0.000   10.495000  0.000000e+00  2.273990e+02 
    0.000   10.598001  0.000000e+00  2.273580e+02 
    0.000   10.700001  0.000000e+00  2.273155e+02 
    0.000   10.803000  0.000000e+00  2.272679e+02 
    0.000   10.906000  0.000000e+00  2.272173e+02 
    0.000   11.009000  0.000000e+00  2.271637e+02 
    0.000   11.112000  0.000000e+00  2.271017e+02 
    0.000   11.215000  0.000000e+00  2.270338e+02 
    0.000   11.318000  0.000000e+00  2.269625e+02 
    0.000   11.421000  0.000000e+00  2.268856e+02 
    0.000   11.524000  0.000000e+00  2.268049e+02 
    0.000   11.627000  0.000000e+00  2.267224e+02 
    0.000   11.729000  0.000000e+00  2.266438e+02 
    0.000   11.832001  0.000000e+00  2.265672e+02 
    0.000   11.935000  0.000000e+00  2.264919e+02 
    0.000   12.038000  0.000000e+00  2.264207e+02 
    0.000   12.141001  0.000000e+00  2.263529e+02 
    0.000   12.244000  0.000000e+00  2.262873e+02 
    0.000   12.347000  0.000000e+00  2.262214e+02 
    0.000   12.450001  0.000000e+00  2.261551e+02 
    0.000   12.553000  0.000000e+00  2.260890e+02 
    0.000   12.655001  0.000000e+00  2.260227e+02 
    0.000   12.758000  0.000000e+00  2.259548e+02 
    0.000   12.861000  0.000000e+00  2.258866e+02 
    0.000   12.964001  0.000000e+00  2.258184e+02 
    0.000   13.067000  0.000000e+00  2.257504e+02 
    0.000   13.170000  0.000000e+00  2.256826e+02 
    0.000   13.273001  0.000000e+00  2.256160e+02 
    0.000   13.376000  0.000000e+00  2.255526e+02 
    0.000   13.479000  0.000000e+00  2.254915e+02 
    0.000   13.581000  0.000000e+00  2.254328e+02 
    0.000   13.684000  0.000000e+00  2.253780e+02 
    0.000   13.787001  0.000000e+00  2.253268e+02 
    0.000   13.890000  0.000000e+00  2.252780e+02 
    0.000   13.993000  0.000000e+00  2.252336e+02 
    0.000   14.096001  0.000000e+00  2.251932e+02 
    0.000   14.199000  0.000000e+00  2.251557e+02 
    0.000   14.302000  0.000000e+00  2.251200e+02 
    0.000   14.405001  0.000000e+00  2.250854e+02 
    0.000   14.507000  0.000000e+00  2.250523e+02 
    0.000   14.610001  0.000000e+00  2.250191e+02 
    0.000   14.713000  0.000000e+00  2.249834e+02 
    0.000   14.816000  0.000000e+00  2.249460e+02 
    0.000   14.919001  0.000000e+00  2.249080e+02 
    0.000   15.022000  0.000000e+00  2.248689e+02 
    0.000   15.125000  0.000000e+00  2.248290e+02 
    0.000   15.228001  0.000000e+00  2.247888e+02 
    0.000   15.331000  0.000000e+00  2.247483e+02 
    0.000   15.433001  0.000000e+00  2.247081e+02 
    0.000   15.536000  0.000000e+00  2.246674e+02 
    0.000   15.639000  0.000000e+00  2.246264e+02 
    0.000   15.742001  0.000000e+00  2.245833e+02 
    0.000   15.845000  0.000000e+00  2.245387e+02 
    0.000   15.948000  0.000000e+00  2.244932e+02 
    0.000   16.051001  0.000000e+00  2.244471e+02 
    0.000   16.154001  0.000000e+00  2.244006e+02 
    0.000   16.257000  0.000000e+00  2.243538e+02 
    0.000   16.360001  0.000000e+00  2.243074e+02 
    0.000   16.462000  0.000000e+00  2.242626e+02 
    0.000   16.565001  0.000000e+00  2.242185e+02 
    0.000   16.668001  0.000000e+00  2.241749e+02 
    0.000   16.771000  0.000000e+00  2.241338e+02 
    0.000   16.874001  0.000000e+00  2.240947e+02 
    0.000   16.977001  0.000000e+00  2.240571e+02 
    0.000   17.080000  0.000000e+00  2.240209e+02 
    0.000   17.183001  0.000000e+00  2.239864e+02 
    0.000   17.286001  0.000000e+00  2.239532e+02 
    0.000   17.388000  0.000000e+00  2.239214e+02 
    0.000   17.491001  0.000000e+00  2.238892e+02 
    0.000   17.594000  0.000000e+00  2.238568e+02 
    0.000   17.697001  0.000000e+00  2.238244e+02 
    0.000   17.800001  0.000000e+00  2.237923e+02 
    0.000   17.903000  0.000000e+00  2.237603e+02 
    0.000   18.006001  0.000000e+00  2.237283e+02 
    0.000   18.109001  0.000000e+00  2.236967e+02 
    0.000   18.212000  0.000000e+00  2.236653e+02 
    0.000   18.314001  0.000000e+00  2.236345e+02 
    0.000   18.417000  0.000000e+00  2.236037e+02 
    0.000   18.520000  0.000000e+00  2.235732e+02 
    0.000   18.623001  0.000000e+00  2.235428e+02 
    0.000   18.726000  0.000000e+00  2.235125e+02 
    0.000   18.829000  0.000000e+00  2.234822e+02 
    0.000   18.932001  0.000000e+00  2.234520e+02 
    0.000   19.035000  0.000000e+00  2.234214e+02 
    0.000   19.138000  0.000000e+00  2.233905e+02 
    0.000   19.240000  0.000000e+00  2.233600e+02 
    0.000   19.343000  0.000000e+00  2.233297e+02 
    0.000   19.446001  0.000000e+00  2.233003e+02 
    0.000   19.549000  0.000000e+00  2.232717e+02 
    0.000   19.652000  0.000000e+00  2.232436e+02 
    0.000   19.755001  0.000000e+00  2.232170e+02 
    0.000   19.858000  0.000000e+00  2.231919e+02 
    0.000   19.961000  0.000000e+00  2.231680e+02 
    0.000   20.064001  0.000000e+00  2.231448e+02 
    0.000   20.363001  0.000000e+00  2.230791e+02 
    0.000   20.859001  0.000000e+00  2.229708e+02 
    0.000   21.354000  0.000000e+00  2.228744e+02 
    0.000   21.850000  0.000000e+00  2.227853e+02 
    0.000   22.346001  0.000000e+00  2.226951e+02 
    0.000   22.842001  0.000000e+00  2.226128e+02 
    0.000   23.337000  0.000000e+00  2.225431e+02 
    0.000   23.833000  0.000000e+00  2.224859e+02 
    0.000   24.329000  0.000000e+00  2.224427e+02 
    0.000   24.825001  0.000000e+00  2.224175e+02 
    0.000   25.320000  0.000000e+00  2.224051e+02 
    0.000   25.816000  0.000000e+00  2.224020e+02 
    0.000   26.312000  0.000000e+00  2.224142e+02 
    0.000   26.808001  0.000000e+00  2.224347e+02 
    0.000   27.302999  0.000000e+00  2.224565e+02 
    0.000   27.799000  0.000000e+00  2.224778e+02 
    0.000   28.295000  0.000000e+00  2.224997e+02 
    0.000   28.791000  0.000000e+00  2.225289e+02 
    0.000   29.286001  0.000000e+00  2.225719e+02 
    0.000   29.782000  0.000000e+00  2.226253e+02 
    0.000   30.278000  0.000000e+00  2.226842e+02 
    0.000   30.774000  0.000000e+00  2.227392e+02 
    0.000   31.269001  0.000000e+00  2.227899e+02 
    0.000   31.764999  0.000000e+00  2.228379e+02 
    0.000   32.260998  0.000000e+00  2.228892e+02 
    0.000   32.757000  0.000000e+00  2.229452e+02 
    0.000   33.251999  0.000000e+00  2.230074e+02 
    0.000   33.747997  0.000000e+00  2.230743e+02 
    0.000   34.243999  0.000000e+00  2.231439e+02 
    0.000   34.739998  0.000000e+00  2.232110e+02 
    0.000   35.234997  0.000000e+00  2.232741e+02 
    0.000   35.730999  0.000000e+00  2.233303e+02 
    0.000   36.226997  0.000000e+00  2.233803e+02 
    0.000   36.723000  0.000000e+00  2.234272e+02 
    0.000   37.217999  0.000000e+00  2.234718e+02 
    0.000   37.713997  0.000000e+00  2.235167e+02 
    0.000   38.209999  0.000000e+00  2.235617e+02 
    0.000   38.705997  0.000000e+00  2.236077e+02 
    0.000   39.202000  0.000000e+00  2.236546e+02 
    0.000   39.696999  0.000000e+00  2.237033e+02 
    0.000   40.196999  0.000000e+00  2.237548e+02 
    0.000   45.196999  0.000000e+00  2.242060e+02 
    0.000   50.196999  0.000000e+00  2.244270e+02 
    0.000   55.196999  0.000000e+00  2.244299e+02 
    0.000   60.196999  0.000000e+00  2.243608e+02 
    0.000   65.196999  0.000000e+00  2.243084e+02 
