    0.000    0.000000  0.000000e+00  3.516386e+02 
    0.000    0.103000  0.000000e+00  3.506758e+02 
    0.000    0.206000  0.000000e+00  3.493532e+02 
    0.000    0.309000  0.000000e+00  3.480405e+02 
    0.000    0.412000  0.000000e+00  3.467211e+02 
    0.000    0.515000  0.000000e+00  3.452859e+02 
    0.000    0.617000  0.000000e+00  3.437491e+02 
    0.000    0.720000  0.000000e+00  3.421943e+02 
    0.000    0.823000  0.000000e+00  3.406540e+02 
    0.000    0.926000  0.000000e+00  3.391151e+02 
    0.000    1.029000  0.000000e+00  3.375551e+02 
    0.000    1.132000  0.000000e+00  3.359526e+02 
    0.000    1.235000  0.000000e+00  3.342666e+02 
    0.000    1.338000  0.000000e+00  3.326139e+02 
    0.000    1.441000  0.000000e+00  3.309968e+02 
    0.000    1.543000  0.000000e+00  3.294036e+02 
    0.000    1.646000  0.000000e+00  3.277545e+02 
    0.000    1.749000  0.000000e+00  3.260428e+02 
    0.000    1.852000  0.000000e+00  3.188517e+02 
    0.000    1.955000  0.000000e+00  3.129402e+02 
    0.000    2.058000  0.000000e+00  3.078421e+02 
    0.000    2.161000  0.000000e+00  3.031448e+02 
    0.000    2.264000  0.000000e+00  2.990981e+02 
    0.000    2.367000  0.000000e+00  2.982617e+02 
    0.000    2.469000  0.000000e+00  2.973025e+02 
    0.000    2.572000  0.000000e+00  2.962461e+02 
    0.000    2.675000  0.000000e+00  2.951419e+02 
    0.000    2.778000  0.000000e+00  2.940091e+02 
    0.000    2.881000  0.000000e+00  2.928539e+02 
    0.000    2.984000  0.000000e+00  2.916736e+02 
    0.000    3.087000  0.000000e+00  2.904811e+02 
    0.000    3.190000  0.000000e+00  2.892713e+02 
    0.000    3.293000  0.000000e+00  2.880563e+02 
    0.000    3.395000  0.000000e+00  2.868371e+02 
    0.000    3.498000  0.000000e+00  2.856039e+02 
    0.000    3.601000  0.000000e+00  2.843714e+02 
    0.000    3.704000  0.000000e+00  2.831375e+02 
    0.000    3.807000  0.000000e+00  2.819091e+02 
    0.000    3.910000  0.000000e+00  2.806892e+02 
    0.000    4.013000  0.000000e+00  2.794790e+02 
    0.000    4.116000  0.000000e+00  2.782712e+02 
    0.000    4.219000  0.000000e+00  2.770611e+02 
    0.000    4.321000  0.000000e+00  2.758649e+02 
    0.000    4.424000  0.000000e+00  2.746678e+02 
    0.000    4.527000  0.000000e+00  2.734849e+02 
    0.000    4.630000  0.000000e+00  2.723123e+02 
    0.000    4.733000  0.000000e+00  2.711307e+02 
    0.000    4.836000  0.000000e+00  2.699560e+02 
    0.000    4.939000  0.000000e+00  2.687899e+02 
    0.000    5.042000  0.000000e+00  2.676325e+02 
    0.000    5.145000  0.000000e+00  2.664914e+02 
    0.000    5.247000  0.000000e+00  2.653687e+02 
    0.000    5.350000  0.000000e+00  2.642493e+02 
    0.000    5.453000  0.000000e+00  2.631472e+02 
    0.000    5.556000  0.000000e+00  2.620554e+02 
    0.000    5.659000  0.000000e+00  2.609773e+02 
    0.000    5.762000  0.000000e+00  2.599165e+02 
    0.000    5.865000  0.000000e+00  2.588744e+02 
    0.000    5.968000  0.000000e+00  2.578517e+02 
    0.000    6.071000  0.000000e+00  2.568519e+02 
    0.000    6.173000  0.000000e+00  2.558826e+02 
    0.000    6.276000  0.000000e+00  2.549279e+02 
    0.000    6.379000  0.000000e+00  2.539977e+02 
    0.000    6.482000  0.000000e+00  2.530930e+02 
    0.000    6.585000  0.000000e+00  2.522132e+02 
    0.000    6.688000  0.000000e+00  2.513544e+02 
    0.000    6.791000  0.000000e+00  2.503783e+02 
    0.000    6.894000  0.000000e+00  2.494440e+02 
    0.000    6.997000  0.000000e+00  2.486445e+02 
    0.000    7.100000  0.000000e+00  2.478735e+02 
    0.000    7.202000  0.000000e+00  2.472567e+02 
    0.000    7.305000  0.000000e+00  2.467459e+02 
    0.000    7.408000  0.000000e+00  2.463437e+02 
    0.000    7.511000  0.000000e+00  2.460797e+02 
    0.000    7.614000  0.000000e+00  2.458924e+02 
    0.000    7.717000  0.000000e+00  2.457654e+02 
    0.000    7.820000  0.000000e+00  2.456545e+02 
    0.000    7.923000  0.000000e+00  2.455826e+02 
    0.000    8.026000  0.000000e+00  2.455040e+02 
    0.000    8.128000  0.000000e+00  2.453170e+02 
    0.000    8.231000  0.000000e+00  2.451330e+02 
    0.000    8.334001  0.000000e+00  2.449925e+02 
    0.000    8.437000  0.000000e+00  2.447459e+02 
    0.000    8.540000  0.000000e+00  2.445786e+02 
    0.000    8.643001  0.000000e+00  2.443817e+02 
    0.000    8.746000  0.000000e+00  2.442482e+02 
    0.000    8.849000  0.000000e+00  2.441109e+02 
    0.000    8.952001  0.000000e+00  2.439746e+02 
    0.000    9.054000  0.000000e+00  2.438399e+02 
    0.000    9.157001  0.000000e+00  2.437050e+02 
    0.000    9.260000  0.000000e+00  2.435865e+02 
    0.000    9.363000  0.000000e+00  2.434796e+02 
    0.000    9.466001  0.000000e+00  2.433793e+02 
    0.000    9.569000  0.000000e+00  2.432847e+02 
    0.000    9.672000  0.000000e+00  2.431948e+02 
    0.000    9.775001  0.000000e+00  2.431129e+02 
    0.000    9.878000  0.000000e+00  2.430493e+02 
    0.000    9.980000  0.000000e+00  2.429998e+02 
    0.000   10.083000  0.000000e+00  2.429544e+02 
    0.000   10.186000  0.000000e+00  2.429042e+02 
    0.000   10.289001  0.000000e+00  2.428519e+02 
    0.000   10.392000  0.000000e+00  2.427992e+02 
    0.000   10.495000  0.000000e+00  2.427447e+02 
    0.000   10.598001  0.000000e+00  2.426898e+02 
    0.000   10.701000  0.000000e+00  2.426339e+02 
    0.000   10.804000  0.000000e+00  2.425737e+02 
    0.000   10.906000  0.000000e+00  2.425116e+02 
    0.000   11.009000  0.000000e+00  2.424458e+02 
    0.000   11.112000  0.000000e+00  2.423703e+02 
    0.000   11.215000  0.000000e+00  2.422879e+02 
    0.000   11.318000  0.000000e+00  2.422024e+02 
    0.000   11.421000  0.000000e+00  2.421148e+02 
    0.000   11.524000  0.000000e+00  2.420259e+02 
    0.000   11.627000  0.000000e+00  2.419364e+02 
    0.000   11.730000  0.000000e+00  2.418465e+02 
    0.000   11.832000  0.000000e+00  2.417572e+02 
    0.000   11.935000  0.000000e+00  2.416671e+02 
    0.000   12.038000  0.000000e+00  2.415762e+02 
    0.000   12.141000  0.000000e+00  2.414846e+02 
    0.000   12.244000  0.000000e+00  2.413929e+02 
    0.000   12.347000  0.000000e+00  2.413040e+02 
    0.000   12.450000  0.000000e+00  2.412179e+02 
    0.000   12.553000  0.000000e+00  2.411337e+02 
    0.000   12.656000  0.000000e+00  2.410538e+02 
    0.000   12.759000  0.000000e+00  2.409787e+02 
    0.000   12.861000  0.000000e+00  2.409076e+02 
    0.000   12.964000  0.000000e+00  2.408385e+02 
    0.000   13.067000  0.000000e+00  2.407720e+02 
    0.000   13.170000  0.000000e+00  2.407077e+02 
    0.000   13.273000  0.000000e+00  2.406451e+02 
    0.000   13.376000  0.000000e+00  2.405841e+02 
    0.000   13.479000  0.000000e+00  2.405245e+02 
    0.000   13.582000  0.000000e+00  2.404662e+02 
    0.000   13.685000  0.000000e+00  2.404088e+02 
    0.000   13.787000  0.000000e+00  2.403529e+02 
    0.000   13.890000  0.000000e+00  2.402973e+02 
    0.000   13.993000  0.000000e+00  2.402423e+02 
    0.000   14.096000  0.000000e+00  2.401878e+02 
    0.000   14.199000  0.000000e+00  2.401338e+02 
    0.000   14.302000  0.000000e+00  2.400809e+02 
    0.000   14.405000  0.000000e+00  2.400290e+02 
    0.000   14.508000  0.000000e+00  2.399782e+02 
    0.000   14.611000  0.000000e+00  2.399281e+02 
    0.000   14.713000  0.000000e+00  2.398788e+02 
    0.000   14.816000  0.000000e+00  2.398296e+02 
    0.000   14.919000  0.000000e+00  2.397810e+02 
    0.000   15.022000  0.000000e+00  2.397323e+02 
    0.000   15.125000  0.000000e+00  2.396834e+02 
    0.000   15.228000  0.000000e+00  2.396347e+02 
    0.000   15.331000  0.000000e+00  2.395871e+02 
    0.000   15.434000  0.000000e+00  2.395410e+02 
    0.000   15.537000  0.000000e+00  2.394961e+02 
    0.000   15.639000  0.000000e+00  2.394530e+02 
    0.000   15.742001  0.000000e+00  2.394126e+02 
    0.000   15.845000  0.000000e+00  2.393746e+02 
    0.000   15.948001  0.000000e+00  2.393385e+02 
    0.000   16.050999  0.000000e+00  2.392998e+02 
    0.000   16.153999  0.000000e+00  2.392578e+02 
    0.000   16.257000  0.000000e+00  2.392139e+02 
    0.000   16.359999  0.000000e+00  2.391684e+02 
    0.000   16.462999  0.000000e+00  2.391208e+02 
    0.000   16.564999  0.000000e+00  2.390721e+02 
    0.000   16.667999  0.000000e+00  2.390220e+02 
    0.000   16.771000  0.000000e+00  2.389723e+02 
    0.000   16.873999  0.000000e+00  2.389232e+02 
    0.000   16.976999  0.000000e+00  2.388743e+02 
    0.000   17.080000  0.000000e+00  2.388263e+02 
    0.000   17.182999  0.000000e+00  2.387803e+02 
    0.000   17.285999  0.000000e+00  2.387355e+02 
    0.000   17.389000  0.000000e+00  2.386917e+02 
    0.000   17.490999  0.000000e+00  2.386501e+02 
    0.000   17.594000  0.000000e+00  2.386094e+02 
    0.000   17.696999  0.000000e+00  2.385699e+02 
    0.000   17.799999  0.000000e+00  2.385316e+02 
    0.000   17.903000  0.000000e+00  2.384948e+02 
    0.000   18.005999  0.000000e+00  2.384593e+02 
    0.000   18.108999  0.000000e+00  2.384249e+02 
    0.000   18.212000  0.000000e+00  2.383911e+02 
    0.000   18.314999  0.000000e+00  2.383577e+02 
    0.000   18.417999  0.000000e+00  2.383249e+02 
    0.000   18.519999  0.000000e+00  2.382928e+02 
    0.000   18.622999  0.000000e+00  2.382607e+02 
    0.000   18.726000  0.000000e+00  2.382287e+02 
    0.000   18.828999  0.000000e+00  2.381970e+02 
    0.000   18.931999  0.000000e+00  2.381656e+02 
    0.000   19.035000  0.000000e+00  2.381347e+02 
    0.000   19.137999  0.000000e+00  2.381042e+02 
    0.000   19.240999  0.000000e+00  2.380740e+02 
    0.000   19.344000  0.000000e+00  2.380436e+02 
    0.000   19.445999  0.000000e+00  2.380128e+02 
    0.000   19.549000  0.000000e+00  2.379814e+02 
    0.000   19.651999  0.000000e+00  2.379499e+02 
    0.000   19.754999  0.000000e+00  2.379183e+02 
    0.000   19.858000  0.000000e+00  2.378867e+02 
    0.000   19.960999  0.000000e+00  2.378550e+02 
    0.000   20.063999  0.000000e+00  2.378233e+02 
    0.000   20.362999  0.000000e+00  2.377347e+02 
    0.000   20.858999  0.000000e+00  2.376041e+02 
    0.000   21.355000  0.000000e+00  2.374949e+02 
    0.000   21.849998  0.000000e+00  2.373953e+02 
    0.000   22.345999  0.000000e+00  2.372983e+02 
    0.000   22.841999  0.000000e+00  2.372004e+02 
    0.000   23.337999  0.000000e+00  2.371090e+02 
    0.000   23.832998  0.000000e+00  2.370374e+02 
    0.000   24.328999  0.000000e+00  2.369906e+02 
    0.000   24.824999  0.000000e+00  2.369669e+02 
    0.000   25.320999  0.000000e+00  2.369524e+02 
    0.000   25.816000  0.000000e+00  2.369474e+02 
    0.000   26.311998  0.000000e+00  2.369514e+02 
    0.000   26.807999  0.000000e+00  2.369583e+02 
    0.000   27.303999  0.000000e+00  2.369704e+02 
    0.000   27.799000  0.000000e+00  2.369898e+02 
    0.000   28.295000  0.000000e+00  2.370149e+02 
    0.000   28.790998  0.000000e+00  2.370464e+02 
    0.000   29.286999  0.000000e+00  2.370862e+02 
    0.000   29.782000  0.000000e+00  2.371324e+02 
    0.000   30.278000  0.000000e+00  2.371829e+02 
    0.000   30.773998  0.000000e+00  2.372366e+02 
    0.000   31.269999  0.000000e+00  2.372924e+02 
    0.000   31.764999  0.000000e+00  2.373490e+02 
    0.000   32.261002  0.000000e+00  2.374064e+02 
    0.000   32.757000  0.000000e+00  2.374638e+02 
    0.000   33.253002  0.000000e+00  2.375206e+02 
    0.000   33.748001  0.000000e+00  2.375783e+02 
    0.000   34.243999  0.000000e+00  2.376383e+02 
    0.000   34.740002  0.000000e+00  2.376997e+02 
    0.000   35.236000  0.000000e+00  2.377616e+02 
    0.000   35.731003  0.000000e+00  2.378203e+02 
    0.000   36.227001  0.000000e+00  2.378759e+02 
    0.000   36.723000  0.000000e+00  2.379277e+02 
    0.000   37.219002  0.000000e+00  2.379764e+02 
    0.000   37.714001  0.000000e+00  2.380210e+02 
    0.000   38.210003  0.000000e+00  2.380619e+02 
    0.000   38.706001  0.000000e+00  2.381030e+02 
    0.000   39.202000  0.000000e+00  2.381453e+02 
    0.000   39.697002  0.000000e+00  2.381907e+02 
    0.000   40.197002  0.000000e+00  2.382411e+02 
    0.000   45.197002  0.000000e+00  2.386905e+02 
    0.000   50.197002  0.000000e+00  2.389174e+02 
    0.000   55.197002  0.000000e+00  2.389130e+02 
    0.000   60.197002  0.000000e+00  2.388449e+02 
    0.000   65.196999  0.000000e+00  2.387926e+02 
