    0.000    0.000000  0.000000e+00  3.525195e+02 
    0.000    0.103000  0.000000e+00  3.515154e+02 
    0.000    0.206000  0.000000e+00  3.503792e+02 
    0.000    0.309000  0.000000e+00  3.491817e+02 
    0.000    0.412000  0.000000e+00  3.478915e+02 
    0.000    0.515000  0.000000e+00  3.431221e+02 
    0.000    0.617000  0.000000e+00  3.384612e+02 
    0.000    0.720000  0.000000e+00  3.345829e+02 
    0.000    0.823000  0.000000e+00  3.312794e+02 
    0.000    0.926000  0.000000e+00  3.282456e+02 
    0.000    1.029000  0.000000e+00  3.252376e+02 
    0.000    1.132000  0.000000e+00  3.220902e+02 
    0.000    1.235000  0.000000e+00  3.188113e+02 
    0.000    1.338000  0.000000e+00  3.157471e+02 
    0.000    1.441000  0.000000e+00  3.127289e+02 
    0.000    1.543000  0.000000e+00  3.096607e+02 
    0.000    1.646000  0.000000e+00  3.065266e+02 
    0.000    1.749000  0.000000e+00  3.055159e+02 
    0.000    1.852000  0.000000e+00  3.015459e+02 
    0.000    1.955000  0.000000e+00  2.992953e+02 
    0.000    2.058000  0.000000e+00  2.970934e+02 
    0.000    2.161000  0.000000e+00  2.940477e+02 
    0.000    2.264000  0.000000e+00  2.933846e+02 
    0.000    2.367000  0.000000e+00  2.925460e+02 
    0.000    2.469000  0.000000e+00  2.915892e+02 
    0.000    2.572000  0.000000e+00  2.905246e+02 
    0.000    2.675000  0.000000e+00  2.893974e+02 
    0.000    2.778000  0.000000e+00  2.882242e+02 
    0.000    2.881000  0.000000e+00  2.870375e+02 
    0.000    2.984000  0.000000e+00  2.858580e+02 
    0.000    3.087000  0.000000e+00  2.846746e+02 
    0.000    3.190000  0.000000e+00  2.834605e+02 
    0.000    3.293000  0.000000e+00  2.822357e+02 
    0.000    3.395000  0.000000e+00  2.810115e+02 
    0.000    3.498000  0.000000e+00  2.797788e+02 
    0.000    3.601000  0.000000e+00  2.785515e+02 
    0.000    3.704000  0.000000e+00  2.773284e+02 
    0.000    3.807000  0.000000e+00  2.761124e+02 
    0.000    3.910000  0.000000e+00  2.748960e+02 
    0.000    4.013000  0.000000e+00  2.736847e+02 
    0.000    4.116000  0.000000e+00  2.724779e+02 
    0.000    4.219000  0.000000e+00  2.712748e+02 
    0.000    4.321000  0.000000e+00  2.700888e+02 
    0.000    4.424000  0.000000e+00  2.688689e+02 
    0.000    4.527000  0.000000e+00  2.675120e+02 
    0.000    4.630000  0.000000e+00  2.658697e+02 
    0.000    4.733000  0.000000e+00  2.637610e+02 
    0.000    4.836000  0.000000e+00  2.612342e+02 
    0.000    4.939000  0.000000e+00  2.584896e+02 
    0.000    5.042000  0.000000e+00  2.558455e+02 
    0.000    5.145000  0.000000e+00  2.535098e+02 
    0.000    5.247000  0.000000e+00  2.514857e+02 
    0.000    5.350000  0.000000e+00  2.495833e+02 
    0.000    5.453000  0.000000e+00  2.475996e+02 
    0.000    5.556000  0.000000e+00  2.454381e+02 
    0.000    5.659000  0.000000e+00  2.432677e+02 
    0.000    5.762000  0.000000e+00  2.412390e+02 
    0.000    5.865000  0.000000e+00  2.393564e+02 
    0.000    5.968000  0.000000e+00  2.374356e+02 
    0.000    6.071000  0.000000e+00  2.354577e+02 
    0.000    6.174000  0.000000e+00  2.332437e+02 
    0.000    6.276000  0.000000e+00  2.303728e+02 
    0.000    6.379000  0.000000e+00  2.264309e+02 
    0.000    6.482000  0.000000e+00  2.216688e+02 
    0.000    6.585000  0.000000e+00  2.164467e+02 
    0.000    6.688000  0.000000e+00  2.111286e+02 
    0.000    6.791000  0.000000e+00  2.061821e+02 
    0.000    6.894000  0.000000e+00  2.009599e+02 
    0.000    6.997000  0.000000e+00  1.963019e+02 
    0.000    7.100000  0.000000e+00  1.925209e+02 
    0.000    7.202000  0.000000e+00  1.878157e+02 
    0.000    7.305000  0.000000e+00  1.844836e+02 
    0.000    7.408000  0.000000e+00  1.833481e+02 
    0.000    7.511000  0.000000e+00  1.832951e+02 
    0.000    7.614000  0.000000e+00  1.833100e+02 
    0.000    7.717000  0.000000e+00  1.833449e+02 
    0.000    7.820000  0.000000e+00  1.833939e+02 
    0.000    7.923000  0.000000e+00  1.834619e+02 
    0.000    8.026000  0.000000e+00  1.835148e+02 
    0.000    8.128000  0.000000e+00  1.835376e+02 
    0.000    8.231000  0.000000e+00  1.835398e+02 
    0.000    8.334000  0.000000e+00  1.835148e+02 
    0.000    8.437000  0.000000e+00  1.834655e+02 
    0.000    8.540000  0.000000e+00  1.833811e+02 
    0.000    8.643000  0.000000e+00  1.833028e+02 
    0.000    8.746000  0.000000e+00  1.832567e+02 
    0.000    8.849000  0.000000e+00  1.832054e+02 
    0.000    8.952000  0.000000e+00  1.831554e+02 
    0.000    9.054000  0.000000e+00  1.831064e+02 
    0.000    9.157000  0.000000e+00  1.830589e+02 
    0.000    9.260000  0.000000e+00  1.829999e+02 
    0.000    9.363000  0.000000e+00  1.829524e+02 
    0.000    9.466000  0.000000e+00  1.829202e+02 
    0.000    9.569000  0.000000e+00  1.829103e+02 
    0.000    9.672000  0.000000e+00  1.829035e+02 
    0.000    9.775000  0.000000e+00  1.829029e+02 
    0.000    9.878000  0.000000e+00  1.829156e+02 
    0.000    9.980000  0.000000e+00  1.829373e+02 
    0.000   10.083000  0.000000e+00  1.829610e+02 
    0.000   10.186000  0.000000e+00  1.829795e+02 
    0.000   10.289000  0.000000e+00  1.829948e+02 
    0.000   10.392000  0.000000e+00  1.830085e+02 
    0.000   10.495000  0.000000e+00  1.830202e+02 
    0.000   10.598000  0.000000e+00  1.830307e+02 
    0.000   10.701000  0.000000e+00  1.830383e+02 
    0.000   10.804000  0.000000e+00  1.830389e+02 
    0.000   10.906000  0.000000e+00  1.830347e+02 
    0.000   11.009000  0.000000e+00  1.830250e+02 
    0.000   11.112000  0.000000e+00  1.830045e+02 
    0.000   11.215000  0.000000e+00  1.829762e+02 
    0.000   11.318000  0.000000e+00  1.829432e+02 
    0.000   11.421000  0.000000e+00  1.829066e+02 
    0.000   11.524000  0.000000e+00  1.828673e+02 
    0.000   11.627000  0.000000e+00  1.828257e+02 
    0.000   11.730000  0.000000e+00  1.827818e+02 
    0.000   11.832000  0.000000e+00  1.827363e+02 
    0.000   11.935000  0.000000e+00  1.826890e+02 
    0.000   12.038000  0.000000e+00  1.826387e+02 
    0.000   12.141000  0.000000e+00  1.825859e+02 
    0.000   12.244000  0.000000e+00  1.825315e+02 
    0.000   12.347000  0.000000e+00  1.824790e+02 
    0.000   12.450000  0.000000e+00  1.824284e+02 
    0.000   12.553000  0.000000e+00  1.823784e+02 
    0.000   12.656000  0.000000e+00  1.823322e+02 
    0.000   12.759000  0.000000e+00  1.822901e+02 
    0.000   12.861000  0.000000e+00  1.822508e+02 
    0.000   12.964000  0.000000e+00  1.822134e+02 
    0.000   13.067000  0.000000e+00  1.821784e+02 
    0.000   13.170000  0.000000e+00  1.821451e+02 
    0.000   13.273000  0.000000e+00  1.821130e+02 
    0.000   13.376000  0.000000e+00  1.820817e+02 
    0.000   13.479000  0.000000e+00  1.820512e+02 
    0.000   13.582000  0.000000e+00  1.820213e+02 
    0.000   13.685000  0.000000e+00  1.819917e+02 
    0.000   13.787000  0.000000e+00  1.819628e+02 
    0.000   13.890000  0.000000e+00  1.819338e+02 
    0.000   13.993000  0.000000e+00  1.819056e+02 
    0.000   14.096000  0.000000e+00  1.818779e+02 
    0.000   14.199000  0.000000e+00  1.818508e+02 
    0.000   14.302000  0.000000e+00  1.818242e+02 
    0.000   14.405000  0.000000e+00  1.817982e+02 
    0.000   14.508000  0.000000e+00  1.817728e+02 
    0.000   14.611000  0.000000e+00  1.817474e+02 
    0.000   14.713000  0.000000e+00  1.817216e+02 
    0.000   14.816000  0.000000e+00  1.816953e+02 
    0.000   14.919000  0.000000e+00  1.816687e+02 
    0.000   15.022000  0.000000e+00  1.816408e+02 
    0.000   15.125000  0.000000e+00  1.816119e+02 
    0.000   15.228000  0.000000e+00  1.815825e+02 
    0.000   15.331000  0.000000e+00  1.815529e+02 
    0.000   15.434000  0.000000e+00  1.815234e+02 
    0.000   15.537000  0.000000e+00  1.814941e+02 
    0.000   15.639000  0.000000e+00  1.814659e+02 
    0.000   15.742000  0.000000e+00  1.814411e+02 
    0.000   15.845000  0.000000e+00  1.814191e+02 
    0.000   15.948000  0.000000e+00  1.813988e+02 
    0.000   16.051001  0.000000e+00  1.813770e+02 
    0.000   16.153999  0.000000e+00  1.813533e+02 
    0.000   16.257000  0.000000e+00  1.813284e+02 
    0.000   16.360001  0.000000e+00  1.813019e+02 
    0.000   16.462999  0.000000e+00  1.812724e+02 
    0.000   16.565001  0.000000e+00  1.812410e+02 
    0.000   16.667999  0.000000e+00  1.812080e+02 
    0.000   16.771000  0.000000e+00  1.811748e+02 
    0.000   16.874001  0.000000e+00  1.811415e+02 
    0.000   16.976999  0.000000e+00  1.811081e+02 
    0.000   17.080000  0.000000e+00  1.810751e+02 
    0.000   17.183001  0.000000e+00  1.810431e+02 
    0.000   17.285999  0.000000e+00  1.810117e+02 
    0.000   17.389000  0.000000e+00  1.809808e+02 
    0.000   17.492001  0.000000e+00  1.809513e+02 
    0.000   17.594000  0.000000e+00  1.809233e+02 
    0.000   17.697001  0.000000e+00  1.808959e+02 
    0.000   17.799999  0.000000e+00  1.808696e+02 
    0.000   17.903000  0.000000e+00  1.808449e+02 
    0.000   18.006001  0.000000e+00  1.808214e+02 
    0.000   18.108999  0.000000e+00  1.807988e+02 
    0.000   18.212000  0.000000e+00  1.807771e+02 
    0.000   18.315001  0.000000e+00  1.807563e+02 
    0.000   18.417999  0.000000e+00  1.807361e+02 
    0.000   18.520000  0.000000e+00  1.807167e+02 
    0.000   18.622999  0.000000e+00  1.806972e+02 
    0.000   18.726000  0.000000e+00  1.806779e+02 
    0.000   18.829000  0.000000e+00  1.806589e+02 
    0.000   18.931999  0.000000e+00  1.806403e+02 
    0.000   19.035000  0.000000e+00  1.806219e+02 
    0.000   19.138000  0.000000e+00  1.806040e+02 
    0.000   19.240999  0.000000e+00  1.805863e+02 
    0.000   19.344000  0.000000e+00  1.805680e+02 
    0.000   19.445999  0.000000e+00  1.805489e+02 
    0.000   19.549000  0.000000e+00  1.805289e+02 
    0.000   19.652000  0.000000e+00  1.805086e+02 
    0.000   19.754999  0.000000e+00  1.804879e+02 
    0.000   19.858000  0.000000e+00  1.804668e+02 
    0.000   19.961000  0.000000e+00  1.804454e+02 
    0.000   20.063999  0.000000e+00  1.804238e+02 
    0.000   20.363001  0.000000e+00  1.803628e+02 
    0.000   20.858999  0.000000e+00  1.802729e+02 
    0.000   21.355000  0.000000e+00  1.802038e+02 
    0.000   21.850000  0.000000e+00  1.801448e+02 
    0.000   22.346001  0.000000e+00  1.800855e+02 
    0.000   22.842001  0.000000e+00  1.800201e+02 
    0.000   23.337999  0.000000e+00  1.799557e+02 
    0.000   23.833000  0.000000e+00  1.799054e+02 
    0.000   24.329000  0.000000e+00  1.798777e+02 
    0.000   24.825001  0.000000e+00  1.798739e+02 
    0.000   25.320999  0.000000e+00  1.798791e+02 
    0.000   25.816000  0.000000e+00  1.798863e+02 
    0.000   26.312000  0.000000e+00  1.799006e+02 
    0.000   26.808001  0.000000e+00  1.799175e+02 
    0.000   27.304001  0.000000e+00  1.799380e+02 
    0.000   27.799000  0.000000e+00  1.799657e+02 
    0.000   28.295000  0.000000e+00  1.800010e+02 
    0.000   28.791000  0.000000e+00  1.800405e+02 
    0.000   29.287001  0.000000e+00  1.800867e+02 
    0.000   29.782000  0.000000e+00  1.801386e+02 
    0.000   30.278000  0.000000e+00  1.801942e+02 
    0.000   30.774000  0.000000e+00  1.802525e+02 
    0.000   31.270000  0.000000e+00  1.803127e+02 
    0.000   31.764999  0.000000e+00  1.803739e+02 
    0.000   32.261002  0.000000e+00  1.804362e+02 
    0.000   32.757000  0.000000e+00  1.804982e+02 
    0.000   33.252998  0.000000e+00  1.805586e+02 
    0.000   33.748001  0.000000e+00  1.806186e+02 
    0.000   34.243999  0.000000e+00  1.806797e+02 
    0.000   34.740002  0.000000e+00  1.807426e+02 
    0.000   35.236000  0.000000e+00  1.808067e+02 
    0.000   35.730999  0.000000e+00  1.808675e+02 
    0.000   36.227001  0.000000e+00  1.809252e+02 
    0.000   36.723000  0.000000e+00  1.809788e+02 
    0.000   37.219002  0.000000e+00  1.810287e+02 
    0.000   37.714001  0.000000e+00  1.810745e+02 
    0.000   38.209999  0.000000e+00  1.811166e+02 
    0.000   38.706001  0.000000e+00  1.811588e+02 
    0.000   39.202000  0.000000e+00  1.812021e+02 
    0.000   39.696999  0.000000e+00  1.812485e+02 
    0.000   40.196999  0.000000e+00  1.812999e+02 
    0.000   45.196999  0.000000e+00  1.817522e+02 
    0.000   50.196999  0.000000e+00  1.819799e+02 
    0.000   55.196999  0.000000e+00  1.819745e+02 
    0.000   60.196999  0.000000e+00  1.819070e+02 
    0.000   65.196999  0.000000e+00  1.818548e+02 
