   67.140    0.000000  4.616501e+00  2.198989e+01 
   67.140    0.102000  4.641767e+00  2.218006e+01 
   67.140    0.205000  4.667133e+00  2.238341e+01 
   67.140    0.308000  4.692327e+00  2.259366e+01 
   67.140    0.411000  4.794788e+00  2.343912e+01 
   67.140    0.514000  4.886552e+00  2.419563e+01 
   67.140    0.617000  4.968823e+00  2.487245e+01 
   67.140    0.720000  5.040723e+00  2.546320e+01 
   67.140    0.823000  5.102780e+00  2.597292e+01 
   67.140    0.926000  5.158370e+00  2.642856e+01 
   67.140    1.029000  5.199440e+00  2.676752e+01 
   67.140    1.131000  5.239568e+00  2.709828e+01 
   67.140    1.234000  5.319610e+00  2.774018e+01 
   67.140    1.337000  5.346815e+00  2.796413e+01 
   67.140    1.440000  5.374075e+00  2.818836e+01 
   67.140    1.543000  5.401203e+00  2.841292e+01 
   67.140    1.646000  5.428182e+00  2.863764e+01 
   67.140    1.749000  5.455066e+00  2.886212e+01 
   67.140    1.852000  5.493020e+00  2.917312e+01 
   67.140    1.955000  1.207137e+02  1.122680e+02 
   67.140    2.057000  2.297859e+02  1.348044e+02 
   67.140    2.160000  2.312629e+02  1.348319e+02 
   67.140    2.263000  2.324061e+02  1.348284e+02 
   67.140    2.366000  2.335373e+02  1.348591e+02 
   67.140    2.469000  2.346566e+02  1.349165e+02 
   67.140    2.572000  2.357645e+02  1.349951e+02 
   67.140    2.675000  2.368609e+02  1.350915e+02 
   67.140    2.778000  2.379475e+02  1.352022e+02 
   67.140    2.881000  2.390234e+02  1.353253e+02 
   67.140    2.983000  2.400768e+02  1.354579e+02 
   67.140    3.086000  2.411285e+02  1.356009e+02 
   67.140    3.189000  2.421700e+02  1.357518e+02 
   67.140    3.292000  2.432024e+02  1.359092e+02 
   67.140    3.395000  2.442271e+02  1.360723e+02 
   67.140    3.498000  2.452448e+02  1.362401e+02 
   67.140    3.601000  2.462585e+02  1.364119e+02 
   67.140    3.704000  2.472712e+02  1.365868e+02 
   67.140    3.807000  2.482845e+02  1.367644e+02 
   67.140    3.909000  2.492920e+02  1.369422e+02 
   67.140    4.012000  2.503153e+02  1.371233e+02 
   67.140    4.115000  2.513436e+02  1.373060e+02 
   67.140    4.218000  2.523755e+02  1.374902e+02 
   67.140    4.321000  2.534084e+02  1.376758e+02 
   67.140    4.424000  2.544368e+02  1.378629e+02 
   67.140    4.527000  2.554560e+02  1.380517e+02 
   67.140    4.630000  2.564633e+02  1.382418e+02 
   67.140    4.733000  2.574568e+02  1.384331e+02 
   67.140    4.835000  2.584252e+02  1.386233e+02 
   67.140    4.938000  2.593871e+02  1.388159e+02 
   67.140    5.041000  2.603334e+02  1.390089e+02 
   67.140    5.144000  2.612620e+02  1.392021e+02 
   67.140    5.247000  2.621726e+02  1.393953e+02 
   67.140    5.350000  2.630645e+02  1.395885e+02 
   67.140    5.453000  2.639372e+02  1.397814e+02 
   67.140    5.556000  2.647919e+02  1.399739e+02 
   67.140    5.659000  2.656280e+02  1.401660e+02 
   67.140    5.761000  2.664381e+02  1.403556e+02 
   67.140    5.864000  2.672395e+02  1.405465e+02 
   67.140    5.967000  2.680238e+02  1.407366e+02 
   67.140    6.070000  2.687924e+02  1.409260e+02 
   67.140    6.173000  2.695475e+02  1.411145e+02 
   67.140    6.276000  2.702909e+02  1.413018e+02 
   67.140    6.379000  2.710249e+02  1.414879e+02 
   67.140    6.482000  2.717502e+02  1.416726e+02 
   67.140    6.585000  2.724688e+02  1.418558e+02 
   67.140    6.687000  2.731767e+02  1.420353e+02 
   67.140    6.790000  2.738877e+02  1.422146e+02 
   67.140    6.893000  2.745907e+02  1.423919e+02 
   67.140    6.996000  2.752805e+02  1.425672e+02 
   67.140    7.099000  2.759524e+02  1.427406e+02 
   67.140    7.202000  2.765975e+02  1.429118e+02 
   67.140    7.305000  2.772095e+02  1.430807e+02 
   67.140    7.408000  2.777848e+02  1.432472e+02 
   67.140    7.511000  2.783193e+02  1.434111e+02 
   67.140    7.614000  2.788065e+02  1.435726e+02 
   67.140    7.716000  2.792525e+02  1.437299e+02 
   67.140    7.819000  2.796855e+02  1.438864e+02 
   67.140    7.922000  2.801028e+02  1.440405e+02 
   67.140    8.025000  2.805109e+02  1.441926e+02 
   67.140    8.127999  2.809174e+02  1.443427e+02 
   67.140    8.231000  2.832622e+02  1.447347e+02 
   67.140    8.334000  4.366838e+02  1.589301e+02 
   67.140    8.436999  4.493310e+02  1.598696e+02 
   67.140    8.540000  4.517269e+02  1.601167e+02 
   67.140    8.641999  4.549650e+02  1.604162e+02 
   67.140    8.745000  4.555401e+02  1.605422e+02 
   67.140    8.848000  4.560975e+02  1.606667e+02 
   67.140    8.950999  4.566450e+02  1.607893e+02 
   67.140    9.054000  4.571864e+02  1.609098e+02 
   67.140    9.157000  4.577210e+02  1.610281e+02 
   67.140    9.259999  4.582480e+02  1.611442e+02 
   67.140    9.363000  4.587671e+02  1.612580e+02 
   67.140    9.466000  4.592781e+02  1.613697e+02 
   67.140    9.568000  4.597766e+02  1.614784e+02 
   67.140    9.671000  4.602723e+02  1.615861e+02 
   67.140    9.773999  4.607585e+02  1.616919e+02 
   67.140    9.877000  4.612325e+02  1.617959e+02 
   67.140    9.980000  4.616937e+02  1.618980e+02 
   67.140   10.082999  4.621771e+02  1.619976e+02 
   67.140   10.186000  4.626511e+02  1.620955e+02 
   67.140   10.289000  4.631162e+02  1.621918e+02 
   67.140   10.391999  4.635738e+02  1.622865e+02 
   67.140   10.493999  4.640213e+02  1.623787e+02 
   67.140   10.596999  4.644677e+02  1.624703e+02 
   67.140   10.700000  4.649074e+02  1.625603e+02 
   67.140   10.802999  4.653395e+02  1.626491e+02 
   67.140   10.905999  4.657637e+02  1.627365e+02 
   67.140   11.009000  4.661812e+02  1.628227e+02 
   67.140   11.112000  4.665938e+02  1.629077e+02 
   67.140   11.214999  4.670020e+02  1.629916e+02 
   67.140   11.318000  4.674056e+02  1.630743e+02 
   67.140   11.420000  4.678005e+02  1.631552e+02 
   67.140   11.523000  4.681944e+02  1.632357e+02 
   67.140   11.625999  4.685832e+02  1.633153e+02 
   67.140   11.729000  4.689666e+02  1.633937e+02 
   67.140   11.832000  4.693445e+02  1.634712e+02 
   67.140   11.934999  4.697170e+02  1.635476e+02 
   67.140   12.037999  4.700845e+02  1.636230e+02 
   67.140   12.141000  4.704470e+02  1.636975e+02 
   67.140   12.243999  4.708045e+02  1.637709e+02 
   67.140   12.346000  4.711537e+02  1.638427e+02 
   67.140   12.448999  4.715014e+02  1.639141e+02 
   67.140   12.552000  4.718442e+02  1.639845e+02 
   67.140   12.655000  4.721823e+02  1.640539e+02 
   67.140   12.757999  4.725157e+02  1.641222e+02 
   67.140   12.861000  4.728448e+02  1.641895e+02 
   67.140   12.964000  4.731699e+02  1.642557e+02 
   67.140   13.066999  4.734911e+02  1.643207e+02 
   67.140   13.170000  4.738085e+02  1.643846e+02 
   67.140   13.273000  4.741220e+02  1.644474e+02 
   67.140   13.375000  4.744290e+02  1.645084e+02 
   67.140   13.478000  4.747353e+02  1.645689e+02 
   67.140   13.580999  4.750381e+02  1.646284e+02 
   67.140   13.684000  4.753374e+02  1.646867e+02 
   67.140   13.787000  4.756333e+02  1.647439e+02 
   67.140   13.889999  4.759258e+02  1.648001e+02 
   67.140   13.993000  4.762151e+02  1.648552e+02 
   67.140   14.096000  4.765013e+02  1.649092e+02 
   67.140   14.198999  4.767842e+02  1.649621e+02 
   67.140   14.301000  4.770612e+02  1.650135e+02 
   67.140   14.403999  4.773379e+02  1.650643e+02 
   67.140   14.507000  4.776114e+02  1.651142e+02 
   67.140   14.610000  4.778817e+02  1.651630e+02 
   67.140   14.712999  4.781489e+02  1.652109e+02 
   67.140   14.816000  4.784130e+02  1.652579e+02 
   67.140   14.919000  4.786739e+02  1.653041e+02 
   67.140   15.021999  4.789317e+02  1.653494e+02 
   67.140   15.125000  4.791863e+02  1.653940e+02 
   67.140   15.226999  4.794354e+02  1.654373e+02 
   67.140   15.330000  4.796838e+02  1.654803e+02 
   67.140   15.433000  4.799292e+02  1.655225e+02 
   67.140   15.535999  4.801717e+02  1.655641e+02 
   67.140   15.639000  4.804111e+02  1.656049e+02 
   67.140   15.742000  4.806476e+02  1.656450e+02 
   67.140   15.844999  4.808813e+02  1.656844e+02 
   67.140   15.947999  4.811123e+02  1.657230e+02 
   67.140   16.051001  4.813407e+02  1.657609e+02 
   67.140   16.153000  4.815645e+02  1.657977e+02 
   67.140   16.256001  4.817880e+02  1.658341e+02 
   67.140   16.359001  4.820091e+02  1.658698e+02 
   67.140   16.462000  4.822278e+02  1.659047e+02 
   67.140   16.565001  4.824443e+02  1.659390e+02 
   67.140   16.668001  4.826586e+02  1.659725e+02 
   67.140   16.771000  4.828708e+02  1.660053e+02 
   67.140   16.874001  4.830811e+02  1.660373e+02 
   67.140   16.977001  4.832895e+02  1.660686e+02 
   67.140   17.079000  4.834941e+02  1.660988e+02 
   67.140   17.182001  4.836992e+02  1.661284e+02 
   67.140   17.285000  4.839028e+02  1.661571e+02 
   67.140   17.388000  4.841050e+02  1.661850e+02 
   67.140   17.491001  4.843060e+02  1.662119e+02 
   67.140   17.594000  4.845059e+02  1.662380e+02 
   67.140   17.697001  4.847046e+02  1.662631e+02 
   67.140   17.800001  4.849019e+02  1.662874e+02 
   67.140   17.903000  4.850979e+02  1.663110e+02 
   67.140   18.006001  4.852924e+02  1.663337e+02 
   67.140   18.108000  4.854836e+02  1.663556e+02 
   67.140   18.211000  4.856749e+02  1.663770e+02 
   67.140   18.314001  4.858646e+02  1.663978e+02 
   67.140   18.417000  4.860524e+02  1.664180e+02 
   67.140   18.520000  4.862386e+02  1.664377e+02 
   67.140   18.623001  4.864232e+02  1.664566e+02 
   67.140   18.726000  4.866064e+02  1.664750e+02 
   67.140   18.829000  4.867879e+02  1.664928e+02 
   67.140   18.932001  4.869680e+02  1.665099e+02 
   67.140   19.034000  4.871451e+02  1.665263e+02 
   67.140   19.137001  4.873228e+02  1.665422e+02 
   67.140   19.240000  4.874991e+02  1.665575e+02 
   67.140   19.343000  4.876741e+02  1.665722e+02 
   67.140   19.446001  4.878477e+02  1.665864e+02 
   67.140   19.549000  4.880201e+02  1.666000e+02 
   67.140   19.652000  4.881912e+02  1.666132e+02 
   67.140   19.755001  4.883608e+02  1.666258e+02 
   67.140   19.858000  4.885292e+02  1.666380e+02 
   67.140   19.960001  4.886946e+02  1.666496e+02 
   67.140   20.063000  4.888606e+02  1.666607e+02 
   67.140   20.363001  4.893391e+02  1.666898e+02 
   67.140   20.858000  4.901059e+02  1.667294e+02 
   67.140   21.354000  4.908462e+02  1.667594e+02 
   67.140   21.850000  4.915598e+02  1.667800e+02 
   67.140   22.346001  4.922419e+02  1.667946e+02 
   67.140   22.841002  4.928843e+02  1.668069e+02 
   67.140   23.337000  4.934857e+02  1.668193e+02 
   67.140   23.833000  4.940459e+02  1.668320e+02 
   67.140   24.329000  4.945705e+02  1.668435e+02 
   67.140   24.824001  4.950628e+02  1.668529e+02 
   67.140   25.320000  4.955248e+02  1.668610e+02 
   67.140   25.816000  4.959560e+02  1.668684e+02 
   67.140   26.312000  4.963586e+02  1.668752e+02 
   67.140   26.807001  4.967347e+02  1.668808e+02 
   67.140   27.303001  4.970879e+02  1.668853e+02 
   67.140   27.799000  4.974178e+02  1.668887e+02 
   67.140   28.295000  4.977256e+02  1.668914e+02 
   67.140   28.790001  4.980132e+02  1.668931e+02 
   67.140   29.286001  4.982852e+02  1.668937e+02 
   67.140   29.782001  4.985436e+02  1.668930e+02 
   67.140   30.278000  4.987903e+02  1.668910e+02 
   67.140   30.773001  4.990266e+02  1.668878e+02 
   67.140   31.269001  4.992550e+02  1.668835e+02 
   67.140   31.765001  4.994767e+02  1.668782e+02 
   67.140   32.261002  4.996938e+02  1.668722e+02 
   67.140   32.756001  4.999078e+02  1.668656e+02 
   67.140   33.251999  5.001212e+02  1.668586e+02 
   67.140   33.748001  5.003351e+02  1.668515e+02 
   67.140   34.243999  5.005508e+02  1.668446e+02 
   67.140   34.739002  5.007692e+02  1.668379e+02 
   67.140   35.235001  5.009925e+02  1.668315e+02 
   67.140   35.730999  5.012213e+02  1.668255e+02 
   67.140   36.227001  5.014559e+02  1.668199e+02 
   67.140   36.722000  5.016960e+02  1.668147e+02 
   67.140   37.218002  5.019417e+02  1.668097e+02 
   67.140   37.714001  5.021915e+02  1.668052e+02 
   67.140   38.209999  5.024438e+02  1.668010e+02 
   67.140   38.705002  5.026962e+02  1.667972e+02 
   67.140   39.201000  5.029478e+02  1.667938e+02 
   67.140   39.697002  5.031959e+02  1.667908e+02 
   67.140   40.197002  5.034372e+02  1.667892e+02 
   67.140   45.197002  5.053221e+02  1.667948e+02 
   67.140   50.197002  5.060323e+02  1.668075e+02 
   67.140   55.197002  5.062846e+02  1.668177e+02 
   67.140   60.197002  5.070623e+02  1.668245e+02 
   67.140   65.196999  5.083074e+02  1.668288e+02 
