   67.706    0.000000  5.563724e-18  5.071527e+00 
   67.706    0.103000  5.593190e-18  5.150831e+00 
   67.706    0.206000  5.622362e-18  5.231310e+00 
   67.706    0.309000  5.651302e-18  5.312143e+00 
   67.706    0.412000  5.680167e-18  5.392907e+00 
   67.706    0.515000  5.708995e-18  5.473343e+00 
   67.706    0.618000  5.737830e-18  5.553382e+00 
   67.706    0.721000  8.965160e-18  8.075446e+00 
   67.706    0.823000  1.798569e-17  1.164562e+01 
   67.706    0.926000  4.329607e-17  1.579334e+01 
   67.706    1.029000  1.265744e-16  2.064764e+01 
   67.706    1.132000  4.362409e-16  2.604405e+01 
   67.706    1.235000  1.727703e-15  3.185226e+01 
   67.706    1.338000  7.836246e-15  3.808103e+01 
   67.706    1.441000  4.123591e-14  4.483009e+01 
   67.706    1.544000  2.491510e-13  5.205716e+01 
   67.706    1.647000  1.712012e-12  5.972128e+01 
   67.706    1.749000  1.300146e-11  6.768420e+01 
   67.706    1.852000  2.245407e-11  7.006363e+01 
   67.706    1.955000  7.589886e-11  7.550833e+01 
   67.706    2.058000  2.911568e-10  8.159644e+01 
   67.706    2.161000  1.572035e-09  8.935518e+01 
   67.706    2.264000  1.585738e-08  1.000621e+02 
   67.706    2.367000  2.987643e-05  1.301712e+02 
   67.706    2.470000  1.550033e-04  1.385987e+02 
   67.706    2.573000  6.468616e-04  1.464130e+02 
   67.706    2.675000  1.536982e-02  1.642881e+02 
   67.706    2.778000  2.615758e-01  1.840974e+02 
   67.706    2.881000  3.183546e+00  2.082464e+02 
   67.706    2.984000  2.902390e+01  2.398728e+02 
   67.706    3.087000  1.996257e+02  2.772684e+02 
   67.706    3.190000  2.210402e+02  2.786739e+02 
   67.706    3.293000  2.358550e+02  2.795248e+02 
   67.706    3.396000  2.466223e+02  2.800712e+02 
   67.706    3.499000  2.549175e+02  2.804538e+02 
   67.706    3.601000  2.613411e+02  2.807230e+02 
   67.706    3.704000  2.661381e+02  2.808943e+02 
   67.706    3.807000  2.690168e+02  2.809504e+02 
   67.706    3.910000  2.701186e+02  2.808984e+02 
   67.706    4.013000  2.712183e+02  2.808619e+02 
   67.706    4.116000  2.723145e+02  2.808391e+02 
   67.706    4.219000  2.734056e+02  2.808288e+02 
   67.706    4.322000  2.744902e+02  2.808297e+02 
   67.706    4.425000  2.755681e+02  2.808408e+02 
   67.706    4.527000  2.766277e+02  2.808607e+02 
   67.706    4.630000  2.776901e+02  2.808888e+02 
   67.706    4.733000  2.787472e+02  2.809238e+02 
   67.706    4.836000  2.815290e+02  2.810980e+02 
   67.706    4.939000  2.843906e+02  2.812826e+02 
   67.706    5.042000  2.873445e+02  2.814783e+02 
   67.706    5.145000  2.903692e+02  2.816835e+02 
   67.706    5.248000  2.965461e+02  2.821281e+02 
   67.706    5.351000  3.041731e+02  2.826733e+02 
   67.706    5.453000  3.121944e+02  2.832373e+02 
   67.706    5.556000  3.206136e+02  2.838184e+02 
   67.706    5.659000  3.261201e+02  2.841928e+02 
   67.706    5.762000  3.271686e+02  2.842638e+02 
   67.706    5.865000  3.281953e+02  2.843398e+02 
   67.706    5.968000  3.291990e+02  2.844199e+02 
   67.706    6.071000  3.301817e+02  2.845034e+02 
   67.706    6.174000  3.311454e+02  2.845898e+02 
   67.706    6.277000  3.320933e+02  2.846783e+02 
   67.706    6.380000  3.330294e+02  2.847683e+02 
   67.706    6.482000  3.339466e+02  2.848589e+02 
   67.706    6.585000  3.348643e+02  2.849514e+02 
   67.706    6.688000  3.357771e+02  2.850446e+02 
   67.706    6.791000  3.366848e+02  2.851384e+02 
   67.706    6.894000  3.375936e+02  2.852323e+02 
   67.706    6.997000  3.385124e+02  2.853256e+02 
   67.706    7.100000  3.396814e+02  2.854496e+02 
   67.706    7.203000  3.408418e+02  2.855752e+02 
   67.706    7.306000  3.419507e+02  2.857022e+02 
   67.706    7.408000  3.444933e+02  2.859250e+02 
   67.706    7.511000  3.472276e+02  2.861655e+02 
   67.706    7.614000  3.501137e+02  2.864210e+02 
   67.706    7.717000  3.527943e+02  2.866633e+02 
   67.706    7.820000  3.555067e+02  2.869064e+02 
   67.706    7.923000  3.581442e+02  2.871420e+02 
   67.706    8.026000  3.609128e+02  2.873839e+02 
   67.706    8.129000  3.634905e+02  2.876098e+02 
   67.706    8.232000  3.660407e+02  2.878311e+02 
   67.706    8.334000  3.685772e+02  2.880490e+02 
   67.706    8.437000  3.710447e+02  2.882619e+02 
   67.706    8.540000  3.734704e+02  2.884713e+02 
   67.706    8.643000  3.751282e+02  2.886294e+02 
   67.706    8.746000  3.755229e+02  2.887029e+02 
   67.706    8.849000  4.447841e+02  2.957887e+02 
   67.706    8.952000  4.452972e+02  2.958572e+02 
   67.706    9.055000  4.458042e+02  2.959244e+02 
   67.706    9.158000  4.463076e+02  2.959901e+02 
   67.706    9.260000  4.468070e+02  2.960534e+02 
   67.706    9.363000  4.473146e+02  2.961154e+02 
   67.706    9.466000  4.477903e+02  2.961772e+02 
   67.706    9.569000  4.482662e+02  2.962371e+02 
   67.706    9.672000  4.487424e+02  2.962953e+02 
   67.706    9.775000  4.492163e+02  2.963517e+02 
   67.706    9.878000  4.496837e+02  2.964065e+02 
   67.706    9.981000  4.501438e+02  2.964598e+02 
   67.706   10.084000  4.505956e+02  2.965117e+02 
   67.706   10.186000  4.510658e+02  2.965608e+02 
   67.706   10.289000  4.515293e+02  2.966093e+02 
   67.706   10.392000  4.519836e+02  2.966568e+02 
   67.706   10.495000  4.524313e+02  2.967033e+02 
   67.706   10.598000  4.528732e+02  2.967489e+02 
   67.706   10.701000  4.533090e+02  2.967936e+02 
   67.706   10.804000  4.537387e+02  2.968377e+02 
   67.706   10.907000  4.541624e+02  2.968811e+02 
   67.706   11.010000  4.545801e+02  2.969238e+02 
   67.706   11.112000  4.549883e+02  2.969657e+02 
   67.706   11.215000  4.553950e+02  2.970074e+02 
   67.706   11.318000  4.557962e+02  2.970487e+02 
   67.706   11.421000  4.561922e+02  2.970896e+02 
   67.706   11.524000  4.565830e+02  2.971301e+02 
   67.706   11.627000  4.569684e+02  2.971702e+02 
   67.706   11.730000  4.573484e+02  2.972099e+02 
   67.706   11.833000  4.577232e+02  2.972491e+02 
   67.706   11.936000  4.580926e+02  2.972879e+02 
   67.706   12.039000  4.584568e+02  2.973263e+02 
   67.706   12.141000  4.588125e+02  2.973637e+02 
   67.706   12.244000  4.591667e+02  2.974010e+02 
   67.706   12.347000  4.595161e+02  2.974378e+02 
   67.706   12.450000  4.598608e+02  2.974740e+02 
   67.706   12.553000  4.602008e+02  2.975097e+02 
   67.706   12.656000  4.605364e+02  2.975448e+02 
   67.706   12.759000  4.608676e+02  2.975792e+02 
   67.706   12.862000  4.611948e+02  2.976131e+02 
   67.706   12.965000  4.615182e+02  2.976463e+02 
   67.706   13.067000  4.618349e+02  2.976784e+02 
   67.706   13.170000  4.621509e+02  2.977102e+02 
   67.706   13.273000  4.624633e+02  2.977413e+02 
   67.706   13.376000  4.627720e+02  2.977717e+02 
   67.706   13.479000  4.630772e+02  2.978013e+02 
   67.706   13.582000  4.633788e+02  2.978301e+02 
   67.706   13.685000  4.636771e+02  2.978582e+02 
   67.706   13.788000  4.639720e+02  2.978854e+02 
   67.706   13.891000  4.642636e+02  2.979118e+02 
   67.706   13.993000  4.645493e+02  2.979371e+02 
   67.706   14.096000  4.648347e+02  2.979619e+02 
   67.706   14.199000  4.651169e+02  2.979857e+02 
   67.706   14.302000  4.653961e+02  2.980088e+02 
   67.706   14.405000  4.656721e+02  2.980311e+02 
   67.706   14.508000  4.659449e+02  2.980527e+02 
   67.706   14.611000  4.662146e+02  2.980736e+02 
   67.706   14.714000  4.664809e+02  2.980941e+02 
   67.706   14.817000  4.667441e+02  2.981140e+02 
   67.706   14.919000  4.670014e+02  2.981332e+02 
   67.706   15.022000  4.672581e+02  2.981522e+02 
   67.706   15.125000  4.675116e+02  2.981707e+02 
   67.706   15.228000  4.677619e+02  2.981887e+02 
   67.706   15.331000  4.680091e+02  2.982064e+02 
   67.706   15.434000  4.682533e+02  2.982236e+02 
   67.706   15.537000  4.684944e+02  2.982403e+02 
   67.706   15.640000  4.687325e+02  2.982566e+02 
   67.706   15.743000  4.689677e+02  2.982725e+02 
   67.706   15.845000  4.691978e+02  2.982878e+02 
   67.706   15.948000  4.694274e+02  2.983028e+02 
   67.706   16.051001  4.696545e+02  2.983174e+02 
   67.706   16.153999  4.698792e+02  2.983316e+02 
   67.706   16.257000  4.701014e+02  2.983453e+02 
   67.706   16.360001  4.703214e+02  2.983586e+02 
   67.706   16.462999  4.705390e+02  2.983714e+02 
   67.706   16.566000  4.707545e+02  2.983838e+02 
   67.706   16.669001  4.709678e+02  2.983956e+02 
   67.706   16.771999  4.711791e+02  2.984068e+02 
   67.706   16.874001  4.713865e+02  2.984173e+02 
   67.706   16.976999  4.715941e+02  2.984273e+02 
   67.706   17.080000  4.718001e+02  2.984366e+02 
   67.706   17.183001  4.720048e+02  2.984449e+02 
   67.706   17.285999  4.722081e+02  2.984524e+02 
   67.706   17.389000  4.724102e+02  2.984590e+02 
   67.706   17.492001  4.726111e+02  2.984646e+02 
   67.706   17.594999  4.728108e+02  2.984694e+02 
   67.706   17.698000  4.730093e+02  2.984732e+02 
   67.706   17.799999  4.732046e+02  2.984763e+02 
   67.706   17.903000  4.734002e+02  2.984789e+02 
   67.706   18.006001  4.735942e+02  2.984808e+02 
   67.706   18.108999  4.737867e+02  2.984821e+02 
   67.706   18.212000  4.739775e+02  2.984830e+02 
   67.706   18.315001  4.741667e+02  2.984834e+02 
   67.706   18.417999  4.743542e+02  2.984834e+02 
   67.706   18.521000  4.745401e+02  2.984829e+02 
   67.706   18.624001  4.747245e+02  2.984818e+02 
   67.706   18.726000  4.749056e+02  2.984803e+02 
   67.706   18.829000  4.750871e+02  2.984783e+02 
   67.706   18.931999  4.752670e+02  2.984758e+02 
   67.706   19.035000  4.754455e+02  2.984729e+02 
   67.706   19.138000  4.756227e+02  2.984695e+02 
   67.706   19.240999  4.757986e+02  2.984657e+02 
   67.706   19.344000  4.759731e+02  2.984614e+02 
   67.706   19.447001  4.761463e+02  2.984568e+02 
   67.706   19.549999  4.763183e+02  2.984517e+02 
   67.706   19.652000  4.764872e+02  2.984463e+02 
   67.706   19.754999  4.766566e+02  2.984404e+02 
   67.706   19.858000  4.768247e+02  2.984341e+02 
   67.706   19.961000  4.769915e+02  2.984275e+02 
   67.706   20.063999  4.771575e+02  2.984202e+02 
   67.706   20.363001  4.776342e+02  2.983961e+02 
   67.706   20.858999  4.784020e+02  2.983499e+02 
   67.706   21.355000  4.791416e+02  2.982964e+02 
   67.706   21.851000  4.798527e+02  2.982373e+02 
   67.706   22.346001  4.805273e+02  2.981776e+02 
   67.706   22.841999  4.811624e+02  2.981213e+02 
   67.706   23.337999  4.817548e+02  2.980706e+02 
   67.706   23.834000  4.823080e+02  2.980240e+02 
   67.706   24.329000  4.828274e+02  2.979792e+02 
   67.706   24.825001  4.833172e+02  2.979355e+02 
   67.706   25.320999  4.837754e+02  2.978944e+02 
   67.706   25.816999  4.842027e+02  2.978561e+02 
   67.706   26.312000  4.846011e+02  2.978202e+02 
   67.706   26.808001  4.849750e+02  2.977857e+02 
   67.706   27.304001  4.853245e+02  2.977528e+02 
   67.706   27.799999  4.856506e+02  2.977217e+02 
   67.706   28.295000  4.859550e+02  2.976919e+02 
   67.706   28.791000  4.862416e+02  2.976628e+02 
   67.706   29.287001  4.865124e+02  2.976342e+02 
   67.706   29.783001  4.867694e+02  2.976057e+02 
   67.706   30.278000  4.870139e+02  2.975774e+02 
   67.706   30.774000  4.872485e+02  2.975492e+02 
   67.706   31.270000  4.874743e+02  2.975211e+02 
   67.706   31.766001  4.876928e+02  2.974932e+02 
   67.706   32.261002  4.879062e+02  2.974656e+02 
   67.706   32.757000  4.881169e+02  2.974383e+02 
   67.706   33.252998  4.883259e+02  2.974117e+02 
   67.706   33.749001  4.885349e+02  2.973860e+02 
   67.706   34.243999  4.887448e+02  2.973618e+02 
   67.706   34.740002  4.889580e+02  2.973387e+02 
   67.706   35.236000  4.891753e+02  2.973171e+02 
   67.706   35.731998  4.893979e+02  2.972969e+02 
   67.706   36.227001  4.896258e+02  2.972780e+02 
   67.706   36.723000  4.898599e+02  2.972603e+02 
   67.706   37.219002  4.900994e+02  2.972438e+02 
   67.706   37.715000  4.903432e+02  2.972284e+02 
   67.706   38.209999  4.905894e+02  2.972141e+02 
   67.706   38.706001  4.908371e+02  2.972009e+02 
   67.706   39.202000  4.910841e+02  2.971888e+02 
   67.706   39.698002  4.913280e+02  2.971779e+02 
   67.706   40.198002  4.915657e+02  2.971693e+02 
   67.706   45.198002  4.934359e+02  2.971344e+02 
   67.706   50.198002  4.941457e+02  2.971311e+02 
   67.706   55.198002  4.943943e+02  2.971343e+02 
   67.706   60.198002  4.951414e+02  2.971379e+02 
   67.706   65.197998  4.963758e+02  2.971405e+02 
