   67.376    0.000000  6.283867e-11  7.126366e+00 
   67.376    0.103000  6.317866e-11  7.230210e+00 
   67.376    0.206000  6.351914e-11  7.335480e+00 
   67.376    0.309000  6.385782e-11  7.441400e+00 
   67.376    0.412000  6.419363e-11  7.547636e+00 
   67.376    0.514000  6.452291e-11  7.652914e+00 
   67.376    0.617000  6.485226e-11  7.759091e+00 
   67.376    0.720000  6.517948e-11  7.864908e+00 
   67.376    0.823000  6.550571e-11  7.970201e+00 
   67.376    0.926000  6.583187e-11  8.074803e+00 
   67.376    1.029000  6.615872e-11  8.178664e+00 
   67.376    1.132000  6.648701e-11  8.281698e+00 
   67.376    1.235000  6.683099e-11  8.385334e+00 
   67.376    1.338000  6.720433e-11  8.491002e+00 
   67.376    1.440000  6.758909e-11  8.596258e+00 
   67.376    1.543000  6.796441e-11  8.700281e+00 
   67.376    1.646000  6.831663e-11  8.801107e+00 
   67.376    1.749000  6.866792e-11  8.901175e+00 
   67.376    1.852000  6.901808e-11  9.000499e+00 
   67.376    1.955000  1.291596e-07  5.081335e+01 
   67.376    2.058000  1.315209e-04  8.947918e+01 
   67.376    2.161000  5.963691e-02  1.295944e+02 
   67.376    2.264000  5.993376e-02  1.294376e+02 
   67.376    2.366000  6.022504e-02  1.293179e+02 
   67.376    2.469000  6.051615e-02  1.292237e+02 
   67.376    2.572000  6.080394e-02  1.291513e+02 
   67.376    2.675000  6.108868e-02  1.290965e+02 
   67.376    2.778000  6.137104e-02  1.290562e+02 
   67.376    2.881000  6.165119e-02  1.290282e+02 
   67.376    2.984000  6.192913e-02  1.290107e+02 
   67.376    3.087000  6.220466e-02  1.290026e+02 
   67.376    3.190000  6.247776e-02  1.290027e+02 
   67.376    3.293000  6.274852e-02  1.290101e+02 
   67.376    3.395000  6.301454e-02  1.290237e+02 
   67.376    3.498000  6.328114e-02  1.290429e+02 
   67.376    3.601000  6.354616e-02  1.290670e+02 
   67.376    3.704000  6.381031e-02  1.290952e+02 
   67.376    3.807000  6.407356e-02  1.291271e+02 
   67.376    3.910000  6.433611e-02  1.291623e+02 
   67.376    4.013000  6.459794e-02  1.292005e+02 
   67.376    4.116000  6.485903e-02  1.292414e+02 
   67.376    4.219000  6.511932e-02  1.292848e+02 
   67.376    4.321000  6.537604e-02  1.293300e+02 
   67.376    4.424000  6.600527e-02  1.294332e+02 
   67.376    4.527000  6.696710e-02  1.295869e+02 
   67.376    4.630000  6.857646e-02  1.298350e+02 
   67.376    4.733000  7.170966e-02  1.302938e+02 
   67.376    4.836000  7.733089e-02  1.310629e+02 
   67.376    4.939000  8.555652e-02  1.320944e+02 
   67.376    5.042000  9.545770e-02  1.332207e+02 
   67.376    5.145000  1.050215e-01  1.342149e+02 
   67.376    5.247000  1.123215e-01  1.349262e+02 
   67.376    5.350000  1.164527e-01  1.353198e+02 
   67.376    5.453000  1.189033e-01  1.355569e+02 
   67.376    5.556000  1.216319e-01  1.358181e+02 
   67.376    5.659000  1.265743e-01  1.362672e+02 
   67.376    5.762000  1.375261e-01  1.371875e+02 
   67.376    5.865000  1.622198e-01  1.390133e+02 
   67.376    5.968000  2.121644e-01  1.420172e+02 
   67.376    6.071000  3.061690e-01  1.462272e+02 
   67.376    6.173000  4.834818e-01  1.516724e+02 
   67.376    6.276000  8.353391e-01  1.585335e+02 
   67.376    6.379000  1.495957e+00  1.663340e+02 
   67.376    6.482000  2.835322e+00  1.755826e+02 
   67.376    6.585000  5.587368e+00  1.863386e+02 
   67.376    6.688000  1.028718e+01  1.970139e+02 
   67.376    6.791000  2.149315e+01  2.113644e+02 
   67.376    6.894000  4.381927e+01  2.269653e+02 
   67.376    6.997000  8.571813e+01  2.433073e+02 
   67.376    7.099000  1.534181e+02  2.586332e+02 
   67.376    7.202000  2.659494e+02  2.735769e+02 
   67.376    7.305000  3.590027e+02  2.815406e+02 
   67.376    7.408000  4.105626e+02  2.849038e+02 
   67.376    7.511000  4.147607e+02  2.851642e+02 
   67.376    7.614000  4.164462e+02  2.852874e+02 
   67.376    7.717000  4.185299e+02  2.854438e+02 
   67.376    7.820000  4.205682e+02  2.856001e+02 
   67.376    7.923000  4.222264e+02  2.857364e+02 
   67.376    8.025001  4.240900e+02  2.858845e+02 
   67.376    8.128000  4.264511e+02  2.860594e+02 
   67.376    8.231000  4.286261e+02  2.862224e+02 
   67.376    8.334001  4.321447e+02  2.864563e+02 
   67.376    8.437000  4.353133e+02  2.866699e+02 
   67.376    8.540000  4.374330e+02  2.868282e+02 
   67.376    8.643001  4.395163e+02  2.869854e+02 
   67.376    8.746000  4.404117e+02  2.870969e+02 
   67.376    8.849000  4.415141e+02  2.872293e+02 
   67.376    8.951000  4.429677e+02  2.873933e+02 
   67.376    9.054000  4.449449e+02  2.876030e+02 
   67.376    9.157001  4.474612e+02  2.878575e+02 
   67.376    9.260000  4.503272e+02  2.881371e+02 
   67.376    9.363000  4.523368e+02  2.882769e+02 
   67.376    9.466001  4.545117e+02  2.884217e+02 
   67.376    9.569000  4.550003e+02  2.884851e+02 
   67.376    9.672000  4.554875e+02  2.885469e+02 
   67.376    9.775001  4.559699e+02  2.886071e+02 
   67.376    9.878000  4.564431e+02  2.886661e+02 
   67.376    9.980000  4.569016e+02  2.887234e+02 
   67.376   10.083000  4.573546e+02  2.887800e+02 
   67.376   10.186000  4.578294e+02  2.888343e+02 
   67.376   10.289001  4.582924e+02  2.888877e+02 
   67.376   10.392000  4.587459e+02  2.889402e+02 
   67.376   10.495000  4.591936e+02  2.889917e+02 
   67.376   10.598001  4.596364e+02  2.890423e+02 
   67.376   10.701000  4.600733e+02  2.890920e+02 
   67.376   10.804000  4.605037e+02  2.891411e+02 
   67.376   10.906000  4.609233e+02  2.891891e+02 
   67.376   11.009000  4.613407e+02  2.892369e+02 
   67.376   11.112000  4.617526e+02  2.892841e+02 
   67.376   11.215000  4.621593e+02  2.893309e+02 
   67.376   11.318000  4.625608e+02  2.893771e+02 
   67.376   11.421000  4.629573e+02  2.894229e+02 
   67.376   11.524000  4.633488e+02  2.894682e+02 
   67.376   11.627000  4.637353e+02  2.895130e+02 
   67.376   11.730000  4.641165e+02  2.895573e+02 
   67.376   11.832000  4.644890e+02  2.896007e+02 
   67.376   11.935000  4.648599e+02  2.896440e+02 
   67.376   12.038000  4.652257e+02  2.896868e+02 
   67.376   12.141000  4.655868e+02  2.897291e+02 
   67.376   12.244000  4.659429e+02  2.897708e+02 
   67.376   12.347000  4.662943e+02  2.898120e+02 
   67.376   12.450000  4.666409e+02  2.898526e+02 
   67.376   12.553000  4.669828e+02  2.898927e+02 
   67.376   12.656000  4.673201e+02  2.899321e+02 
   67.376   12.758000  4.676496e+02  2.899705e+02 
   67.376   12.861000  4.679781e+02  2.900086e+02 
   67.376   12.964000  4.683026e+02  2.900461e+02 
   67.376   13.067000  4.686234e+02  2.900827e+02 
   67.376   13.170000  4.689402e+02  2.901185e+02 
   67.376   13.273000  4.692532e+02  2.901536e+02 
   67.376   13.376000  4.695627e+02  2.901879e+02 
   67.376   13.479000  4.698687e+02  2.902214e+02 
   67.376   13.582000  4.701713e+02  2.902540e+02 
   67.376   13.684000  4.704674e+02  2.902856e+02 
   67.376   13.787000  4.707631e+02  2.903167e+02 
   67.376   13.890000  4.710555e+02  2.903470e+02 
   67.376   13.993000  4.713445e+02  2.903764e+02 
   67.376   14.096000  4.716303e+02  2.904051e+02 
   67.376   14.199000  4.719130e+02  2.904329e+02 
   67.376   14.302000  4.721924e+02  2.904600e+02 
   67.376   14.405000  4.724688e+02  2.904863e+02 
   67.376   14.508000  4.727421e+02  2.905118e+02 
   67.376   14.610001  4.730095e+02  2.905364e+02 
   67.376   14.713000  4.732764e+02  2.905607e+02 
   67.376   14.816000  4.735402e+02  2.905844e+02 
   67.376   14.919000  4.738008e+02  2.906074e+02 
   67.376   15.022000  4.740581e+02  2.906300e+02 
   67.376   15.125000  4.743124e+02  2.906521e+02 
   67.376   15.228000  4.745634e+02  2.906738e+02 
   67.376   15.331000  4.748114e+02  2.906949e+02 
   67.376   15.434000  4.750564e+02  2.907157e+02 
   67.376   15.537000  4.752983e+02  2.907359e+02 
   67.376   15.639000  4.755350e+02  2.907555e+02 
   67.376   15.742001  4.757710e+02  2.907748e+02 
   67.376   15.845000  4.760042e+02  2.907936e+02 
   67.376   15.948001  4.762346e+02  2.908120e+02 
   67.376   16.050999  4.764624e+02  2.908298e+02 
   67.376   16.153999  4.766878e+02  2.908471e+02 
   67.376   16.257000  4.769107e+02  2.908640e+02 
   67.376   16.359999  4.771313e+02  2.908804e+02 
   67.376   16.462999  4.773496e+02  2.908962e+02 
   67.376   16.564999  4.775636e+02  2.909114e+02 
   67.376   16.667999  4.777775e+02  2.909262e+02 
   67.376   16.771000  4.779894e+02  2.909405e+02 
   67.376   16.873999  4.781993e+02  2.909542e+02 
   67.376   16.976999  4.784073e+02  2.909673e+02 
   67.376   17.080000  4.786136e+02  2.909796e+02 
   67.376   17.182999  4.788186e+02  2.909912e+02 
   67.376   17.285999  4.790221e+02  2.910020e+02 
   67.376   17.389000  4.792241e+02  2.910119e+02 
   67.376   17.490999  4.794230e+02  2.910209e+02 
   67.376   17.594000  4.796228e+02  2.910291e+02 
   67.376   17.696999  4.798214e+02  2.910364e+02 
   67.376   17.799999  4.800186e+02  2.910429e+02 
   67.376   17.903000  4.802145e+02  2.910488e+02 
   67.376   18.005999  4.804088e+02  2.910540e+02 
   67.376   18.108999  4.806016e+02  2.910586e+02 
   67.376   18.212000  4.807928e+02  2.910626e+02 
   67.376   18.314999  4.809823e+02  2.910662e+02 
   67.376   18.417000  4.811682e+02  2.910693e+02 
   67.376   18.519999  4.813543e+02  2.910720e+02 
   67.376   18.622999  4.815388e+02  2.910741e+02 
   67.376   18.726000  4.817219e+02  2.910757e+02 
   67.376   18.828999  4.819035e+02  2.910768e+02 
   67.376   18.931999  4.820836e+02  2.910774e+02 
   67.376   19.035000  4.822624e+02  2.910775e+02 
   67.376   19.137999  4.824399e+02  2.910771e+02 
   67.376   19.240999  4.826160e+02  2.910762e+02 
   67.376   19.342999  4.827892e+02  2.910749e+02 
   67.376   19.445999  4.829626e+02  2.910731e+02 
   67.376   19.549000  4.831348e+02  2.910710e+02 
   67.376   19.651999  4.833056e+02  2.910684e+02 
   67.376   19.754999  4.834751e+02  2.910654e+02 
   67.376   19.858000  4.836433e+02  2.910621e+02 
   67.376   19.960999  4.838103e+02  2.910583e+02 
   67.376   20.063999  4.839763e+02  2.910541e+02 
   67.376   20.362999  4.844532e+02  2.910386e+02 
   67.376   20.858999  4.852216e+02  2.910062e+02 
   67.376   21.355000  4.859618e+02  2.909662e+02 
   67.376   21.849998  4.866733e+02  2.909194e+02 
   67.376   22.345999  4.873531e+02  2.908702e+02 
   67.376   22.841999  4.879937e+02  2.908232e+02 
   67.376   23.337999  4.885916e+02  2.907808e+02 
   67.376   23.832998  4.891477e+02  2.907426e+02 
   67.376   24.328999  4.896707e+02  2.907062e+02 
   67.376   24.824999  4.901627e+02  2.906705e+02 
   67.376   25.320999  4.906231e+02  2.906366e+02 
   67.376   25.816000  4.910520e+02  2.906051e+02 
   67.376   26.311998  4.914531e+02  2.905755e+02 
   67.376   26.807999  4.918286e+02  2.905472e+02 
   67.376   27.303999  4.921803e+02  2.905198e+02 
   67.376   27.799000  4.925078e+02  2.904939e+02 
   67.376   28.295000  4.928141e+02  2.904690e+02 
   67.376   28.790998  4.931014e+02  2.904448e+02 
   67.376   29.286999  4.933728e+02  2.904209e+02 
   67.376   29.782000  4.936301e+02  2.903969e+02 
   67.376   30.278000  4.938759e+02  2.903727e+02 
   67.376   30.773998  4.941116e+02  2.903484e+02 
   67.376   31.269999  4.943388e+02  2.903240e+02 
   67.376   31.764999  4.945586e+02  2.902997e+02 
   67.376   32.261002  4.947742e+02  2.902754e+02 
   67.376   32.757000  4.949868e+02  2.902513e+02 
   67.376   33.253002  4.951982e+02  2.902278e+02 
   67.376   33.748001  4.954095e+02  2.902052e+02 
   67.376   34.243999  4.956229e+02  2.901836e+02 
   67.376   34.740002  4.958394e+02  2.901631e+02 
   67.376   35.236000  4.960602e+02  2.901439e+02 
   67.376   35.731003  4.962859e+02  2.901259e+02 
   67.376   36.227001  4.965179e+02  2.901091e+02 
   67.376   36.723000  4.967558e+02  2.900934e+02 
   67.376   37.219002  4.969991e+02  2.900787e+02 
   67.376   37.714001  4.972459e+02  2.900651e+02 
   67.376   38.210003  4.974960e+02  2.900524e+02 
   67.376   38.706001  4.977467e+02  2.900407e+02 
   67.376   39.202000  4.979964e+02  2.900300e+02 
   67.376   39.697002  4.982422e+02  2.900204e+02 
   67.376   40.197002  4.984820e+02  2.900129e+02 
   67.376   45.197002  5.003610e+02  2.899847e+02 
   67.376   50.197002  5.010715e+02  2.899840e+02 
   67.376   55.197002  5.013224e+02  2.899883e+02 
   67.376   60.197002  5.020875e+02  2.899924e+02 
   67.376   65.196999  5.033279e+02  2.899953e+02 
