   67.943    0.000000  9.754236e-09  7.571370e+00 
   67.943    0.103000  9.806455e-09  7.683215e+00 
   67.943    0.206000  9.857841e-09  7.797482e+00 
   67.943    0.309000  9.908875e-09  7.912553e+00 
   67.943    0.412000  9.959773e-09  8.027690e+00 
   67.943    0.515000  1.001071e-08  8.142510e+00 
   67.943    0.618000  1.006177e-08  8.256772e+00 
   67.943    0.721000  1.546632e-08  1.195596e+01 
   67.943    0.824000  3.065601e-08  1.735230e+01 
   67.943    0.926000  7.083759e-08  2.346294e+01 
   67.943    1.029000  1.997379e-07  3.075685e+01 
   67.943    1.132000  6.623862e-07  3.895467e+01 
   67.943    1.235000  2.526576e-06  4.791421e+01 
   67.943    1.338000  1.085493e-05  5.752941e+01 
   67.943    1.441000  5.390830e-05  6.816502e+01 
   67.943    1.544000  3.067664e-04  7.991943e+01 
   67.943    1.647000  1.983758e-03  9.300014e+01 
   67.943    1.750000  1.446473e-02  1.077309e+02 
   67.943    1.852000  1.570765e-02  1.082457e+02 
   67.943    1.955000  1.748672e-02  1.089865e+02 
   67.943    2.058000  1.961662e-02  1.098209e+02 
   67.943    2.161000  2.243312e-02  1.108457e+02 
   67.943    2.264000  2.533086e-02  1.118062e+02 
   67.943    2.367000  7.011367e-02  1.214142e+02 
   67.943    2.470000  4.865072e-01  1.404468e+02 
   67.943    2.573000  5.248774e-01  1.411099e+02 
   67.943    2.676000  5.579562e-01  1.416644e+02 
   67.943    2.778000  5.876605e-01  1.421542e+02 
   67.943    2.881000  4.084551e+00  1.663709e+02 
   67.943    2.984000  2.380700e+01  1.957643e+02 
   67.943    3.087000  1.082955e+02  2.278244e+02 
   67.943    3.190000  1.103714e+02  2.279317e+02 
   67.943    3.293000  1.119551e+02  2.280016e+02 
   67.943    3.396000  1.134347e+02  2.280889e+02 
   67.943    3.499000  1.149811e+02  2.282171e+02 
   67.943    3.602000  1.166401e+02  2.283887e+02 
   67.943    3.705000  1.183178e+02  2.285824e+02 
   67.943    3.807000  1.197827e+02  2.287550e+02 
   67.943    3.910000  1.213467e+02  2.289583e+02 
   67.943    4.013000  1.230200e+02  2.291928e+02 
   67.943    4.116000  1.246085e+02  2.294223e+02 
   67.943    4.219000  1.261451e+02  2.296518e+02 
   67.943    4.322000  1.272639e+02  2.298154e+02 
   67.943    4.425000  1.287904e+02  2.300598e+02 
   67.943    4.528000  1.312185e+02  2.304686e+02 
   67.943    4.631000  1.351348e+02  2.311341e+02 
   67.943    4.733000  1.405004e+02  2.320301e+02 
   67.943    4.836000  1.468447e+02  2.330584e+02 
   67.943    4.939000  1.533274e+02  2.340747e+02 
   67.943    5.042000  1.587286e+02  2.348972e+02 
   67.943    5.145000  1.627166e+02  2.354943e+02 
   67.943    5.248000  1.652175e+02  2.358681e+02 
   67.943    5.351000  1.675706e+02  2.362230e+02 
   67.943    5.454000  1.703226e+02  2.366386e+02 
   67.943    5.557000  1.746586e+02  2.372812e+02 
   67.943    5.659000  1.816740e+02  2.382858e+02 
   67.943    5.762000  1.932938e+02  2.398633e+02 
   67.943    5.865000  2.102796e+02  2.420045e+02 
   67.943    5.968000  2.339930e+02  2.447171e+02 
   67.943    6.071000  2.625601e+02  2.476323e+02 
   67.943    6.174000  2.916129e+02  2.502737e+02 
   67.943    6.277000  3.160471e+02  2.522869e+02 
   67.943    6.380000  3.328215e+02  2.535805e+02 
   67.943    6.483000  3.450097e+02  2.544863e+02 
   67.943    6.585000  3.482530e+02  2.547436e+02 
   67.943    6.688000  3.506528e+02  2.549442e+02 
   67.943    6.791000  3.529911e+02  2.551433e+02 
   67.943    6.894000  3.555132e+02  2.553574e+02 
   67.943    6.997000  3.581487e+02  2.555803e+02 
   67.943    7.100000  3.608448e+02  2.558083e+02 
   67.943    7.203000  3.639875e+02  2.560707e+02 
   67.943    7.306000  3.673721e+02  2.563541e+02 
   67.943    7.409000  3.701376e+02  2.565978e+02 
   67.943    7.511000  3.729394e+02  2.568476e+02 
   67.943    7.614000  3.757672e+02  2.571045e+02 
   67.943    7.717000  3.787516e+02  2.573748e+02 
   67.943    7.820000  3.818131e+02  2.576500e+02 
   67.943    7.923000  3.846484e+02  2.579098e+02 
   67.943    8.026000  3.877177e+02  2.581842e+02 
   67.943    8.129000  3.909301e+02  2.584655e+02 
   67.943    8.231999  3.941794e+02  2.587463e+02 
   67.943    8.335000  3.973036e+02  2.590158e+02 
   67.943    8.436999  4.003752e+02  2.592784e+02 
   67.943    8.540000  4.034520e+02  2.595391e+02 
   67.943    8.643000  4.064049e+02  2.597887e+02 
   67.943    8.745999  4.093628e+02  2.600323e+02 
   67.943    8.849000  4.122504e+02  2.602686e+02 
   67.943    8.952000  4.153825e+02  2.605160e+02 
   67.943    9.054999  4.178664e+02  2.607216e+02 
   67.943    9.158000  4.205573e+02  2.609364e+02 
   67.943    9.261000  4.217340e+02  2.610971e+02 
   67.943    9.363999  4.229033e+02  2.612549e+02 
   67.943    9.466000  4.240624e+02  2.614088e+02 
   67.943    9.568999  4.252430e+02  2.615627e+02 
   67.943    9.672000  4.264225e+02  2.617184e+02 
   67.943    9.775000  4.276044e+02  2.618722e+02 
   67.943    9.877999  4.287921e+02  2.620245e+02 
   67.943    9.981000  4.299798e+02  2.621749e+02 
   67.943   10.084000  4.310041e+02  2.622760e+02 
   67.943   10.186999  4.320547e+02  2.623746e+02 
   67.943   10.290000  4.324986e+02  2.624382e+02 
   67.943   10.392000  4.329293e+02  2.625001e+02 
   67.943   10.495000  4.333564e+02  2.625614e+02 
   67.943   10.598000  4.337759e+02  2.626217e+02 
   67.943   10.701000  4.341887e+02  2.626810e+02 
   67.943   10.804000  4.361653e+02  2.629538e+02 
   67.943   10.907000  4.365701e+02  2.630108e+02 
   67.943   11.009999  4.369698e+02  2.630670e+02 
   67.943   11.113000  4.373643e+02  2.631226e+02 
   67.943   11.216000  4.377536e+02  2.631775e+02 
   67.943   11.318000  4.381339e+02  2.632313e+02 
   67.943   11.421000  4.385127e+02  2.632850e+02 
   67.943   11.524000  4.388863e+02  2.633382e+02 
   67.943   11.627000  4.392546e+02  2.633908e+02 
   67.943   11.730000  4.396177e+02  2.634429e+02 
   67.943   11.833000  4.399753e+02  2.634946e+02 
   67.943   11.936000  4.403277e+02  2.635456e+02 
   67.943   12.039000  4.406750e+02  2.635961e+02 
   67.943   12.142000  4.410173e+02  2.636460e+02 
   67.943   12.243999  4.413515e+02  2.636948e+02 
   67.943   12.347000  4.416842e+02  2.637434e+02 
   67.943   12.450000  4.420124e+02  2.637914e+02 
   67.943   12.552999  4.423361e+02  2.638387e+02 
   67.943   12.656000  4.426555e+02  2.638853e+02 
   67.943   12.759000  4.429709e+02  2.639312e+02 
   67.943   12.862000  4.432827e+02  2.639764e+02 
   67.943   12.965000  4.435907e+02  2.640209e+02 
   67.943   13.068000  4.438952e+02  2.640646e+02 
   67.943   13.170000  4.441933e+02  2.641072e+02 
   67.943   13.273000  4.444907e+02  2.641494e+02 
   67.943   13.375999  4.447848e+02  2.641907e+02 
   67.943   13.479000  4.450756e+02  2.642312e+02 
   67.943   13.582000  4.453632e+02  2.642707e+02 
   67.943   13.684999  4.456477e+02  2.643093e+02 
   67.943   13.788000  4.459292e+02  2.643469e+02 
   67.943   13.891000  4.462076e+02  2.643835e+02 
   67.943   13.993999  4.464830e+02  2.644191e+02 
   67.943   14.097000  4.467555e+02  2.644538e+02 
   67.943   14.198999  4.470224e+02  2.644871e+02 
   67.943   14.302000  4.472888e+02  2.645200e+02 
   67.943   14.405000  4.475520e+02  2.645521e+02 
   67.943   14.507999  4.478120e+02  2.645834e+02 
   67.943   14.611000  4.480689e+02  2.646141e+02 
   67.943   14.714000  4.483225e+02  2.646442e+02 
   67.943   14.816999  4.485731e+02  2.646737e+02 
   67.943   14.920000  4.488204e+02  2.647026e+02 
   67.943   15.023000  4.490647e+02  2.647311e+02 
   67.943   15.125000  4.493036e+02  2.647587e+02 
   67.943   15.228000  4.495418e+02  2.647861e+02 
   67.943   15.330999  4.497771e+02  2.648130e+02 
   67.943   15.434000  4.633664e+02  2.665214e+02 
   67.943   15.537000  4.636067e+02  2.665445e+02 
   67.943   15.639999  4.638440e+02  2.665671e+02 
   67.943   15.743000  4.640785e+02  2.665894e+02 
   67.943   15.846000  4.643101e+02  2.666111e+02 
   67.943   15.948999  4.645391e+02  2.666324e+02 
   67.943   16.051001  4.647633e+02  2.666530e+02 
   67.943   16.153999  4.649874e+02  2.666733e+02 
   67.943   16.257000  4.652091e+02  2.666932e+02 
   67.943   16.360001  4.654285e+02  2.667125e+02 
   67.943   16.462999  4.656456e+02  2.667312e+02 
   67.943   16.566000  4.658606e+02  2.667494e+02 
   67.943   16.669001  4.660735e+02  2.667670e+02 
   67.943   16.771999  4.662844e+02  2.667839e+02 
   67.943   16.875000  4.664937e+02  2.668001e+02 
   67.943   16.976999  4.666991e+02  2.668154e+02 
   67.943   17.080000  4.669051e+02  2.668300e+02 
   67.943   17.183001  4.671098e+02  2.668436e+02 
   67.943   17.285999  4.673134e+02  2.668563e+02 
   67.943   17.389000  4.675157e+02  2.668681e+02 
   67.943   17.492001  4.677167e+02  2.668790e+02 
   67.943   17.594999  4.679164e+02  2.668891e+02 
   67.943   17.698000  4.681149e+02  2.668983e+02 
   67.943   17.801001  4.683118e+02  2.669069e+02 
   67.943   17.903000  4.685053e+02  2.669148e+02 
   67.943   18.006001  4.686991e+02  2.669222e+02 
   67.943   18.108999  4.688912e+02  2.669290e+02 
   67.943   18.212000  4.690817e+02  2.669353e+02 
   67.943   18.315001  4.692707e+02  2.669411e+02 
   67.943   18.417999  4.694580e+02  2.669464e+02 
   67.943   18.521000  4.696437e+02  2.669511e+02 
   67.943   18.624001  4.698280e+02  2.669554e+02 
   67.943   18.726999  4.700107e+02  2.669590e+02 
   67.943   18.830000  4.701920e+02  2.669623e+02 
   67.943   18.931999  4.703700e+02  2.669650e+02 
   67.943   19.035000  4.705483e+02  2.669672e+02 
   67.943   19.138000  4.707253e+02  2.669690e+02 
   67.943   19.240999  4.709010e+02  2.669703e+02 
   67.943   19.344000  4.710753e+02  2.669712e+02 
   67.943   19.447001  4.712484e+02  2.669716e+02 
   67.943   19.549999  4.714202e+02  2.669715e+02 
   67.943   19.653000  4.715907e+02  2.669711e+02 
   67.943   19.756001  4.717599e+02  2.669702e+02 
   67.943   19.858000  4.719263e+02  2.669688e+02 
   67.943   19.961000  4.720932e+02  2.669670e+02 
   67.943   20.063999  4.722591e+02  2.669646e+02 
   67.943   20.364000  4.727368e+02  2.669547e+02 
   67.943   20.858999  4.735020e+02  2.669316e+02 
   67.943   21.355000  4.742406e+02  2.669008e+02 
   67.943   21.851000  4.749497e+02  2.668642e+02 
   67.943   22.347000  4.756224e+02  2.668264e+02 
   67.943   22.841999  4.762519e+02  2.667915e+02 
   67.943   23.337999  4.768396e+02  2.667605e+02 
   67.943   23.834000  4.773895e+02  2.667318e+02 
   67.943   24.330000  4.779080e+02  2.667034e+02 
   67.943   24.824999  4.783951e+02  2.666753e+02 
   67.943   25.320999  4.788507e+02  2.666489e+02 
   67.943   25.816999  4.792758e+02  2.666244e+02 
   67.943   26.313000  4.796733e+02  2.666010e+02 
   67.943   26.808001  4.800445e+02  2.665785e+02 
   67.943   27.303999  4.803920e+02  2.665568e+02 
   67.943   27.799999  4.807166e+02  2.665359e+02 
   67.943   28.296000  4.810205e+02  2.665156e+02 
   67.943   28.791000  4.813058e+02  2.664955e+02 
   67.943   29.287001  4.815759e+02  2.664753e+02 
   67.943   29.782999  4.818323e+02  2.664547e+02 
   67.943   30.278999  4.820763e+02  2.664339e+02 
   67.943   30.774000  4.823091e+02  2.664130e+02 
   67.943   31.270000  4.825335e+02  2.663920e+02 
   67.943   31.765999  4.827504e+02  2.663710e+02 
   67.943   32.262001  4.829621e+02  2.663499e+02 
   67.943   32.757000  4.831701e+02  2.663290e+02 
   67.943   33.253002  4.833770e+02  2.663082e+02 
   67.943   33.749001  4.835837e+02  2.662880e+02 
   67.943   34.245003  4.837917e+02  2.662687e+02 
   67.943   34.740002  4.840021e+02  2.662505e+02 
   67.943   35.236000  4.842169e+02  2.662333e+02 
   67.943   35.732002  4.844370e+02  2.662171e+02 
   67.943   36.228001  4.846626e+02  2.662020e+02 
   67.943   36.723003  4.848935e+02  2.661879e+02 
   67.943   37.219002  4.851302e+02  2.661747e+02 
   67.943   37.715000  4.853711e+02  2.661624e+02 
   67.943   38.211002  4.856153e+02  2.661509e+02 
   67.943   38.706001  4.858602e+02  2.661404e+02 
   67.943   39.202003  4.861052e+02  2.661308e+02 
   67.943   39.698002  4.863473e+02  2.661222e+02 
   67.943   40.198002  4.865835e+02  2.661155e+02 
   67.943   45.198002  4.884469e+02  2.660919e+02 
   67.943   50.198002  4.891555e+02  2.660932e+02 
   67.943   55.198002  4.894026e+02  2.660984e+02 
   67.943   60.198002  4.901361e+02  2.661029e+02 
   67.943   65.197998  4.913668e+02  2.661060e+02 
