    0.000    0.000000  0.000000e+00  3.509563e+02 
    0.000    0.103000  0.000000e+00  3.503618e+02 
    0.000    0.206000  0.000000e+00  3.490484e+02 
    0.000    0.309000  0.000000e+00  3.474453e+02 
    0.000    0.412000  0.000000e+00  3.458995e+02 
    0.000    0.515000  0.000000e+00  3.442640e+02 
    0.000    0.618000  0.000000e+00  3.425576e+02 
    0.000    0.721000  0.000000e+00  3.408279e+02 
    0.000    0.823000  0.000000e+00  3.391057e+02 
    0.000    0.926000  0.000000e+00  3.373400e+02 
    0.000    1.029000  0.000000e+00  3.354506e+02 
    0.000    1.132000  0.000000e+00  3.334335e+02 
    0.000    1.235000  0.000000e+00  3.314913e+02 
    0.000    1.338000  0.000000e+00  3.295667e+02 
    0.000    1.441000  0.000000e+00  3.276009e+02 
    0.000    1.544000  0.000000e+00  3.255765e+02 
    0.000    1.647000  0.000000e+00  3.235396e+02 
    0.000    1.749000  0.000000e+00  3.214969e+02 
    0.000    1.852000  0.000000e+00  3.200279e+02 
    0.000    1.955000  0.000000e+00  3.176985e+02 
    0.000    2.058000  0.000000e+00  3.153301e+02 
    0.000    2.161000  0.000000e+00  3.000714e+02 
    0.000    2.264000  0.000000e+00  2.951577e+02 
    0.000    2.367000  0.000000e+00  2.920760e+02 
    0.000    2.470000  0.000000e+00  2.891500e+02 
    0.000    2.573000  0.000000e+00  2.884032e+02 
    0.000    2.676000  0.000000e+00  2.874005e+02 
    0.000    2.778000  0.000000e+00  2.862413e+02 
    0.000    2.881000  0.000000e+00  2.825158e+02 
    0.000    2.984000  0.000000e+00  2.787635e+02 
    0.000    3.087000  0.000000e+00  2.748900e+02 
    0.000    3.190000  0.000000e+00  2.704994e+02 
    0.000    3.293000  0.000000e+00  2.697477e+02 
    0.000    3.396000  0.000000e+00  2.688530e+02 
    0.000    3.499000  0.000000e+00  2.678836e+02 
    0.000    3.602000  0.000000e+00  2.668620e+02 
    0.000    3.704000  0.000000e+00  2.657937e+02 
    0.000    3.807000  0.000000e+00  2.646960e+02 
    0.000    3.910000  0.000000e+00  2.636048e+02 
    0.000    4.013000  0.000000e+00  2.625052e+02 
    0.000    4.116000  0.000000e+00  2.613986e+02 
    0.000    4.219000  0.000000e+00  2.602796e+02 
    0.000    4.322000  0.000000e+00  2.591588e+02 
    0.000    4.425000  0.000000e+00  2.580284e+02 
    0.000    4.528000  0.000000e+00  2.568735e+02 
    0.000    4.630000  0.000000e+00  2.556940e+02 
    0.000    4.733000  0.000000e+00  2.544746e+02 
    0.000    4.836000  0.000000e+00  2.532368e+02 
    0.000    4.939000  0.000000e+00  2.520014e+02 
    0.000    5.042000  0.000000e+00  2.507578e+02 
    0.000    5.145000  0.000000e+00  2.495239e+02 
    0.000    5.248000  0.000000e+00  2.483330e+02 
    0.000    5.351000  0.000000e+00  2.472010e+02 
    0.000    5.454000  0.000000e+00  2.460735e+02 
    0.000    5.556000  0.000000e+00  2.449617e+02 
    0.000    5.659000  0.000000e+00  2.438531e+02 
    0.000    5.762000  0.000000e+00  2.427616e+02 
    0.000    5.865000  0.000000e+00  2.416468e+02 
    0.000    5.968000  0.000000e+00  2.404613e+02 
    0.000    6.071000  0.000000e+00  2.391900e+02 
    0.000    6.174000  0.000000e+00  2.378554e+02 
    0.000    6.277000  0.000000e+00  2.365240e+02 
    0.000    6.380000  0.000000e+00  2.352206e+02 
    0.000    6.482000  0.000000e+00  2.340456e+02 
    0.000    6.585000  0.000000e+00  2.331381e+02 
    0.000    6.688000  0.000000e+00  2.322519e+02 
    0.000    6.791000  0.000000e+00  2.313795e+02 
    0.000    6.894000  0.000000e+00  2.305357e+02 
    0.000    6.997000  0.000000e+00  2.297511e+02 
    0.000    7.100000  0.000000e+00  2.290065e+02 
    0.000    7.203000  0.000000e+00  2.283574e+02 
    0.000    7.306000  0.000000e+00  2.278307e+02 
    0.000    7.408000  0.000000e+00  2.273934e+02 
    0.000    7.511000  0.000000e+00  2.270618e+02 
    0.000    7.614000  0.000000e+00  2.268147e+02 
    0.000    7.717000  0.000000e+00  2.266065e+02 
    0.000    7.820000  0.000000e+00  2.264359e+02 
    0.000    7.923000  0.000000e+00  2.262957e+02 
    0.000    8.026000  0.000000e+00  2.261706e+02 
    0.000    8.129000  0.000000e+00  2.260544e+02 
    0.000    8.232000  0.000000e+00  2.259498e+02 
    0.000    8.335000  0.000000e+00  2.258407e+02 
    0.000    8.437000  0.000000e+00  2.257139e+02 
    0.000    8.540000  0.000000e+00  2.255876e+02 
    0.000    8.643001  0.000000e+00  2.254323e+02 
    0.000    8.746000  0.000000e+00  2.252663e+02 
    0.000    8.849000  0.000000e+00  2.250902e+02 
    0.000    8.952001  0.000000e+00  2.249019e+02 
    0.000    9.055000  0.000000e+00  2.247173e+02 
    0.000    9.158000  0.000000e+00  2.244683e+02 
    0.000    9.261000  0.000000e+00  2.242886e+02 
    0.000    9.363000  0.000000e+00  2.241136e+02 
    0.000    9.466001  0.000000e+00  2.239431e+02 
    0.000    9.569000  0.000000e+00  2.237828e+02 
    0.000    9.672000  0.000000e+00  2.236290e+02 
    0.000    9.775001  0.000000e+00  2.234816e+02 
    0.000    9.878000  0.000000e+00  2.233492e+02 
    0.000    9.981000  0.000000e+00  2.232310e+02 
    0.000   10.084001  0.000000e+00  2.231273e+02 
    0.000   10.187000  0.000000e+00  2.230365e+02 
    0.000   10.289001  0.000000e+00  2.230118e+02 
    0.000   10.392000  0.000000e+00  2.229862e+02 
    0.000   10.495000  0.000000e+00  2.229516e+02 
    0.000   10.598001  0.000000e+00  2.229112e+02 
    0.000   10.701000  0.000000e+00  2.228680e+02 
    0.000   10.804000  0.000000e+00  2.228211e+02 
    0.000   10.907001  0.000000e+00  2.227720e+02 
    0.000   11.010000  0.000000e+00  2.227206e+02 
    0.000   11.113000  0.000000e+00  2.226631e+02 
    0.000   11.215000  0.000000e+00  2.226019e+02 
    0.000   11.318000  0.000000e+00  2.225373e+02 
    0.000   11.421000  0.000000e+00  2.224672e+02 
    0.000   11.524000  0.000000e+00  2.223931e+02 
    0.000   11.627000  0.000000e+00  2.223172e+02 
    0.000   11.730000  0.000000e+00  2.222447e+02 
    0.000   11.833000  0.000000e+00  2.221749e+02 
    0.000   11.936000  0.000000e+00  2.221065e+02 
    0.000   12.039001  0.000000e+00  2.220408e+02 
    0.000   12.141000  0.000000e+00  2.219779e+02 
    0.000   12.244000  0.000000e+00  2.219159e+02 
    0.000   12.347000  0.000000e+00  2.218532e+02 
    0.000   12.450000  0.000000e+00  2.217895e+02 
    0.000   12.553000  0.000000e+00  2.217256e+02 
    0.000   12.656000  0.000000e+00  2.216607e+02 
    0.000   12.759000  0.000000e+00  2.215944e+02 
    0.000   12.862000  0.000000e+00  2.215276e+02 
    0.000   12.965000  0.000000e+00  2.214607e+02 
    0.000   13.067000  0.000000e+00  2.213946e+02 
    0.000   13.170000  0.000000e+00  2.213282e+02 
    0.000   13.273000  0.000000e+00  2.212629e+02 
    0.000   13.376000  0.000000e+00  2.212007e+02 
    0.000   13.479000  0.000000e+00  2.211408e+02 
    0.000   13.582000  0.000000e+00  2.210826e+02 
    0.000   13.685000  0.000000e+00  2.210285e+02 
    0.000   13.788000  0.000000e+00  2.209775e+02 
    0.000   13.891000  0.000000e+00  2.209286e+02 
    0.000   13.994000  0.000000e+00  2.208841e+02 
    0.000   14.096000  0.000000e+00  2.208441e+02 
    0.000   14.199000  0.000000e+00  2.208065e+02 
    0.000   14.302000  0.000000e+00  2.207715e+02 
    0.000   14.405000  0.000000e+00  2.207387e+02 
    0.000   14.508000  0.000000e+00  2.207078e+02 
    0.000   14.611000  0.000000e+00  2.206775e+02 
    0.000   14.714000  0.000000e+00  2.206453e+02 
    0.000   14.817000  0.000000e+00  2.206117e+02 
    0.000   14.920000  0.000000e+00  2.205778e+02 
    0.000   15.022000  0.000000e+00  2.205428e+02 
    0.000   15.125000  0.000000e+00  2.205063e+02 
    0.000   15.228000  0.000000e+00  2.204693e+02 
    0.000   15.331000  0.000000e+00  2.204321e+02 
    0.000   15.434000  0.000000e+00  2.203948e+02 
    0.000   15.537000  0.000000e+00  2.203576e+02 
    0.000   15.640000  0.000000e+00  2.203199e+02 
    0.000   15.743000  0.000000e+00  2.202791e+02 
    0.000   15.846000  0.000000e+00  2.202359e+02 
    0.000   15.948001  0.000000e+00  2.201917e+02 
    0.000   16.050999  0.000000e+00  2.201461e+02 
    0.000   16.153999  0.000000e+00  2.200995e+02 
    0.000   16.257000  0.000000e+00  2.200524e+02 
    0.000   16.359999  0.000000e+00  2.200055e+02 
    0.000   16.462999  0.000000e+00  2.199596e+02 
    0.000   16.566000  0.000000e+00  2.199145e+02 
    0.000   16.668999  0.000000e+00  2.198700e+02 
    0.000   16.771999  0.000000e+00  2.198281e+02 
    0.000   16.873999  0.000000e+00  2.197889e+02 
    0.000   16.976999  0.000000e+00  2.197509e+02 
    0.000   17.080000  0.000000e+00  2.197146e+02 
    0.000   17.182999  0.000000e+00  2.196805e+02 
    0.000   17.285999  0.000000e+00  2.196480e+02 
    0.000   17.389000  0.000000e+00  2.196167e+02 
    0.000   17.491999  0.000000e+00  2.195858e+02 
    0.000   17.594999  0.000000e+00  2.195552e+02 
    0.000   17.698000  0.000000e+00  2.195249e+02 
    0.000   17.799999  0.000000e+00  2.194953e+02 
    0.000   17.903000  0.000000e+00  2.194655e+02 
    0.000   18.005999  0.000000e+00  2.194359e+02 
    0.000   18.108999  0.000000e+00  2.194066e+02 
    0.000   18.212000  0.000000e+00  2.193775e+02 
    0.000   18.314999  0.000000e+00  2.193487e+02 
    0.000   18.417999  0.000000e+00  2.193202e+02 
    0.000   18.521000  0.000000e+00  2.192920e+02 
    0.000   18.623999  0.000000e+00  2.192639e+02 
    0.000   18.726999  0.000000e+00  2.192360e+02 
    0.000   18.828999  0.000000e+00  2.192085e+02 
    0.000   18.931999  0.000000e+00  2.191806e+02 
    0.000   19.035000  0.000000e+00  2.191521e+02 
    0.000   19.137999  0.000000e+00  2.191233e+02 
    0.000   19.240999  0.000000e+00  2.190943e+02 
    0.000   19.344000  0.000000e+00  2.190654e+02 
    0.000   19.446999  0.000000e+00  2.190367e+02 
    0.000   19.549999  0.000000e+00  2.190081e+02 
    0.000   19.653000  0.000000e+00  2.189798e+02 
    0.000   19.754999  0.000000e+00  2.189530e+02 
    0.000   19.858000  0.000000e+00  2.189272e+02 
    0.000   19.960999  0.000000e+00  2.189024e+02 
    0.000   20.063999  0.000000e+00  2.188783e+02 
    0.000   20.362999  0.000000e+00  2.188128e+02 
    0.000   20.858999  0.000000e+00  2.187102e+02 
    0.000   21.355000  0.000000e+00  2.186170e+02 
    0.000   21.851000  0.000000e+00  2.185323e+02 
    0.000   22.345999  0.000000e+00  2.184473e+02 
    0.000   22.841999  0.000000e+00  2.183657e+02 
    0.000   23.337999  0.000000e+00  2.182971e+02 
    0.000   23.834000  0.000000e+00  2.182429e+02 
    0.000   24.328999  0.000000e+00  2.182012e+02 
    0.000   24.824999  0.000000e+00  2.181755e+02 
    0.000   25.320999  0.000000e+00  2.181649e+02 
    0.000   25.816999  0.000000e+00  2.181629e+02 
    0.000   26.311998  0.000000e+00  2.181749e+02 
    0.000   26.807999  0.000000e+00  2.181960e+02 
    0.000   27.303999  0.000000e+00  2.182192e+02 
    0.000   27.799999  0.000000e+00  2.182417e+02 
    0.000   28.295000  0.000000e+00  2.182652e+02 
    0.000   28.790998  0.000000e+00  2.182951e+02 
    0.000   29.286999  0.000000e+00  2.183379e+02 
    0.000   29.782999  0.000000e+00  2.183907e+02 
    0.000   30.278000  0.000000e+00  2.184491e+02 
    0.000   30.773998  0.000000e+00  2.185047e+02 
    0.000   31.269999  0.000000e+00  2.185570e+02 
    0.000   31.765999  0.000000e+00  2.186071e+02 
    0.000   32.261002  0.000000e+00  2.186594e+02 
    0.000   32.757000  0.000000e+00  2.187154e+02 
    0.000   33.253002  0.000000e+00  2.187774e+02 
    0.000   33.749001  0.000000e+00  2.188441e+02 
    0.000   34.243999  0.000000e+00  2.189133e+02 
    0.000   34.740002  0.000000e+00  2.189800e+02 
    0.000   35.236000  0.000000e+00  2.190426e+02 
    0.000   35.732002  0.000000e+00  2.190994e+02 
    0.000   36.227001  0.000000e+00  2.191512e+02 
    0.000   36.723000  0.000000e+00  2.191992e+02 
    0.000   37.219002  0.000000e+00  2.192441e+02 
    0.000   37.715000  0.000000e+00  2.192887e+02 
    0.000   38.211002  0.000000e+00  2.193332e+02 
    0.000   38.706001  0.000000e+00  2.193783e+02 
    0.000   39.202000  0.000000e+00  2.194244e+02 
    0.000   39.698002  0.000000e+00  2.194725e+02 
    0.000   40.198002  0.000000e+00  2.195240e+02 
    0.000   45.198002  0.000000e+00  2.199761e+02 
    0.000   50.198002  0.000000e+00  2.201979e+02 
    0.000   55.198002  0.000000e+00  2.201995e+02 
    0.000   60.198002  0.000000e+00  2.201305e+02 
    0.000   65.197998  0.000000e+00  2.200782e+02 
