    0.000    0.000000  0.000000e+00  3.514194e+02 
    0.000    0.103000  0.000000e+00  3.505614e+02 
    0.000    0.206000  0.000000e+00  3.493552e+02 
    0.000    0.309000  0.000000e+00  3.479622e+02 
    0.000    0.412000  0.000000e+00  3.464520e+02 
    0.000    0.515000  0.000000e+00  3.449066e+02 
    0.000    0.618000  0.000000e+00  3.433034e+02 
    0.000    0.720000  0.000000e+00  3.416408e+02 
    0.000    0.823000  0.000000e+00  3.398295e+02 
    0.000    0.926000  0.000000e+00  3.379334e+02 
    0.000    1.029000  0.000000e+00  3.360739e+02 
    0.000    1.132000  0.000000e+00  3.343004e+02 
    0.000    1.235000  0.000000e+00  3.326577e+02 
    0.000    1.338000  0.000000e+00  3.310754e+02 
    0.000    1.441000  0.000000e+00  3.225952e+02 
    0.000    1.544000  0.000000e+00  3.183455e+02 
    0.000    1.646000  0.000000e+00  3.155551e+02 
    0.000    1.749000  0.000000e+00  3.135334e+02 
    0.000    1.852000  0.000000e+00  3.120007e+02 
    0.000    1.955000  0.000000e+00  3.107632e+02 
    0.000    2.058000  0.000000e+00  3.096315e+02 
    0.000    2.161000  0.000000e+00  3.084485e+02 
    0.000    2.264000  0.000000e+00  3.071278e+02 
    0.000    2.367000  0.000000e+00  3.055726e+02 
    0.000    2.470000  0.000000e+00  3.038111e+02 
    0.000    2.572000  0.000000e+00  3.019249e+02 
    0.000    2.675000  0.000000e+00  3.000435e+02 
    0.000    2.778000  0.000000e+00  2.983187e+02 
    0.000    2.881000  0.000000e+00  2.967845e+02 
    0.000    2.984000  0.000000e+00  2.953737e+02 
    0.000    3.087000  0.000000e+00  2.940659e+02 
    0.000    3.190000  0.000000e+00  2.928485e+02 
    0.000    3.293000  0.000000e+00  2.916429e+02 
    0.000    3.396000  0.000000e+00  2.904194e+02 
    0.000    3.499000  0.000000e+00  2.891880e+02 
    0.000    3.601000  0.000000e+00  2.879572e+02 
    0.000    3.704000  0.000000e+00  2.867075e+02 
    0.000    3.807000  0.000000e+00  2.854601e+02 
    0.000    3.910000  0.000000e+00  2.842084e+02 
    0.000    4.013000  0.000000e+00  2.829611e+02 
    0.000    4.116000  0.000000e+00  2.817155e+02 
    0.000    4.219000  0.000000e+00  2.804685e+02 
    0.000    4.322000  0.000000e+00  2.792298e+02 
    0.000    4.425000  0.000000e+00  2.779928e+02 
    0.000    4.527000  0.000000e+00  2.767720e+02 
    0.000    4.630000  0.000000e+00  2.755541e+02 
    0.000    4.733000  0.000000e+00  2.743520e+02 
    0.000    4.836000  0.000000e+00  2.731665e+02 
    0.000    4.939000  0.000000e+00  2.719917e+02 
    0.000    5.042000  0.000000e+00  2.708244e+02 
    0.000    5.145000  0.000000e+00  2.696725e+02 
    0.000    5.248000  0.000000e+00  2.685308e+02 
    0.000    5.351000  0.000000e+00  2.674026e+02 
    0.000    5.453000  0.000000e+00  2.663012e+02 
    0.000    5.556000  0.000000e+00  2.652086e+02 
    0.000    5.659000  0.000000e+00  2.641380e+02 
    0.000    5.762000  0.000000e+00  2.630886e+02 
    0.000    5.865000  0.000000e+00  2.620592e+02 
    0.000    5.968000  0.000000e+00  2.610525e+02 
    0.000    6.071000  0.000000e+00  2.600624e+02 
    0.000    6.174000  0.000000e+00  2.590879e+02 
    0.000    6.277000  0.000000e+00  2.581332e+02 
    0.000    6.379000  0.000000e+00  2.572042e+02 
    0.000    6.482000  0.000000e+00  2.562864e+02 
    0.000    6.585000  0.000000e+00  2.553897e+02 
    0.000    6.688000  0.000000e+00  2.545174e+02 
    0.000    6.791000  0.000000e+00  2.536670e+02 
    0.000    6.894000  0.000000e+00  2.528482e+02 
    0.000    6.997000  0.000000e+00  2.520708e+02 
    0.000    7.100000  0.000000e+00  2.513271e+02 
    0.000    7.203000  0.000000e+00  2.506920e+02 
    0.000    7.305000  0.000000e+00  2.501758e+02 
    0.000    7.408000  0.000000e+00  2.495583e+02 
    0.000    7.511000  0.000000e+00  2.491125e+02 
    0.000    7.614000  0.000000e+00  2.487698e+02 
    0.000    7.717000  0.000000e+00  2.485312e+02 
    0.000    7.820000  0.000000e+00  2.482725e+02 
    0.000    7.923000  0.000000e+00  2.480405e+02 
    0.000    8.026000  0.000000e+00  2.478145e+02 
    0.000    8.129000  0.000000e+00  2.476065e+02 
    0.000    8.231000  0.000000e+00  2.474033e+02 
    0.000    8.334001  0.000000e+00  2.472031e+02 
    0.000    8.437000  0.000000e+00  2.469786e+02 
    0.000    8.540000  0.000000e+00  2.467466e+02 
    0.000    8.643001  0.000000e+00  2.464508e+02 
    0.000    8.746000  0.000000e+00  2.461816e+02 
    0.000    8.849000  0.000000e+00  2.458436e+02 
    0.000    8.952001  0.000000e+00  2.455455e+02 
    0.000    9.055000  0.000000e+00  2.454168e+02 
    0.000    9.158000  0.000000e+00  2.452856e+02 
    0.000    9.260000  0.000000e+00  2.451620e+02 
    0.000    9.363000  0.000000e+00  2.450418e+02 
    0.000    9.466001  0.000000e+00  2.449257e+02 
    0.000    9.569000  0.000000e+00  2.448225e+02 
    0.000    9.672000  0.000000e+00  2.447289e+02 
    0.000    9.775001  0.000000e+00  2.446447e+02 
    0.000    9.878000  0.000000e+00  2.445790e+02 
    0.000    9.981000  0.000000e+00  2.445267e+02 
    0.000   10.084001  0.000000e+00  2.444797e+02 
    0.000   10.186000  0.000000e+00  2.444302e+02 
    0.000   10.289001  0.000000e+00  2.443789e+02 
    0.000   10.392000  0.000000e+00  2.443256e+02 
    0.000   10.495000  0.000000e+00  2.442641e+02 
    0.000   10.598001  0.000000e+00  2.441977e+02 
    0.000   10.701000  0.000000e+00  2.441299e+02 
    0.000   10.804000  0.000000e+00  2.440620e+02 
    0.000   10.907001  0.000000e+00  2.439946e+02 
    0.000   11.010000  0.000000e+00  2.439259e+02 
    0.000   11.112000  0.000000e+00  2.438512e+02 
    0.000   11.215000  0.000000e+00  2.437714e+02 
    0.000   11.318000  0.000000e+00  2.436893e+02 
    0.000   11.421000  0.000000e+00  2.436036e+02 
    0.000   11.524000  0.000000e+00  2.435157e+02 
    0.000   11.627000  0.000000e+00  2.434271e+02 
    0.000   11.730000  0.000000e+00  2.433410e+02 
    0.000   11.833000  0.000000e+00  2.432569e+02 
    0.000   11.936000  0.000000e+00  2.431741e+02 
    0.000   12.038000  0.000000e+00  2.430933e+02 
    0.000   12.141000  0.000000e+00  2.430127e+02 
    0.000   12.244000  0.000000e+00  2.429332e+02 
    0.000   12.347000  0.000000e+00  2.428534e+02 
    0.000   12.450000  0.000000e+00  2.427733e+02 
    0.000   12.553000  0.000000e+00  2.426933e+02 
    0.000   12.656000  0.000000e+00  2.426138e+02 
    0.000   12.759000  0.000000e+00  2.425350e+02 
    0.000   12.862000  0.000000e+00  2.424568e+02 
    0.000   12.964000  0.000000e+00  2.423808e+02 
    0.000   13.067000  0.000000e+00  2.423064e+02 
    0.000   13.170000  0.000000e+00  2.422339e+02 
    0.000   13.273000  0.000000e+00  2.421633e+02 
    0.000   13.376000  0.000000e+00  2.420954e+02 
    0.000   13.479000  0.000000e+00  2.420298e+02 
    0.000   13.582000  0.000000e+00  2.419659e+02 
    0.000   13.685000  0.000000e+00  2.419035e+02 
    0.000   13.788000  0.000000e+00  2.418425e+02 
    0.000   13.890000  0.000000e+00  2.417832e+02 
    0.000   13.993000  0.000000e+00  2.417263e+02 
    0.000   14.096000  0.000000e+00  2.416721e+02 
    0.000   14.199000  0.000000e+00  2.416200e+02 
    0.000   14.302000  0.000000e+00  2.415703e+02 
    0.000   14.405000  0.000000e+00  2.415233e+02 
    0.000   14.508000  0.000000e+00  2.414783e+02 
    0.000   14.611000  0.000000e+00  2.414346e+02 
    0.000   14.714000  0.000000e+00  2.413902e+02 
    0.000   14.817000  0.000000e+00  2.413456e+02 
    0.000   14.919000  0.000000e+00  2.413018e+02 
    0.000   15.022000  0.000000e+00  2.412572e+02 
    0.000   15.125000  0.000000e+00  2.412126e+02 
    0.000   15.228000  0.000000e+00  2.411682e+02 
    0.000   15.331000  0.000000e+00  2.411249e+02 
    0.000   15.434000  0.000000e+00  2.410832e+02 
    0.000   15.537000  0.000000e+00  2.410427e+02 
    0.000   15.640000  0.000000e+00  2.410026e+02 
    0.000   15.743000  0.000000e+00  2.409599e+02 
    0.000   15.845000  0.000000e+00  2.409156e+02 
    0.000   15.948001  0.000000e+00  2.408700e+02 
    0.000   16.050999  0.000000e+00  2.408216e+02 
    0.000   16.153999  0.000000e+00  2.407703e+02 
    0.000   16.257000  0.000000e+00  2.407172e+02 
    0.000   16.359999  0.000000e+00  2.406632e+02 
    0.000   16.462999  0.000000e+00  2.406093e+02 
    0.000   16.566000  0.000000e+00  2.405555e+02 
    0.000   16.668999  0.000000e+00  2.405017e+02 
    0.000   16.771000  0.000000e+00  2.404507e+02 
    0.000   16.873999  0.000000e+00  2.404015e+02 
    0.000   16.976999  0.000000e+00  2.403536e+02 
    0.000   17.080000  0.000000e+00  2.403078e+02 
    0.000   17.182999  0.000000e+00  2.402648e+02 
    0.000   17.285999  0.000000e+00  2.402239e+02 
    0.000   17.389000  0.000000e+00  2.401846e+02 
    0.000   17.491999  0.000000e+00  2.401469e+02 
    0.000   17.594999  0.000000e+00  2.401105e+02 
    0.000   17.696999  0.000000e+00  2.400756e+02 
    0.000   17.799999  0.000000e+00  2.400410e+02 
    0.000   17.903000  0.000000e+00  2.400066e+02 
    0.000   18.005999  0.000000e+00  2.399723e+02 
    0.000   18.108999  0.000000e+00  2.399385e+02 
    0.000   18.212000  0.000000e+00  2.399048e+02 
    0.000   18.314999  0.000000e+00  2.398710e+02 
    0.000   18.417999  0.000000e+00  2.398374e+02 
    0.000   18.521000  0.000000e+00  2.398040e+02 
    0.000   18.622999  0.000000e+00  2.397715e+02 
    0.000   18.726000  0.000000e+00  2.397392e+02 
    0.000   18.828999  0.000000e+00  2.397073e+02 
    0.000   18.931999  0.000000e+00  2.396755e+02 
    0.000   19.035000  0.000000e+00  2.396432e+02 
    0.000   19.137999  0.000000e+00  2.396107e+02 
    0.000   19.240999  0.000000e+00  2.395782e+02 
    0.000   19.344000  0.000000e+00  2.395453e+02 
    0.000   19.446999  0.000000e+00  2.395119e+02 
    0.000   19.549999  0.000000e+00  2.394784e+02 
    0.000   19.651999  0.000000e+00  2.394452e+02 
    0.000   19.754999  0.000000e+00  2.394122e+02 
    0.000   19.858000  0.000000e+00  2.393801e+02 
    0.000   19.960999  0.000000e+00  2.393487e+02 
    0.000   20.063999  0.000000e+00  2.393176e+02 
    0.000   20.362999  0.000000e+00  2.392337e+02 
    0.000   20.858999  0.000000e+00  2.391098e+02 
    0.000   21.355000  0.000000e+00  2.389978e+02 
    0.000   21.851000  0.000000e+00  2.388982e+02 
    0.000   22.345999  0.000000e+00  2.387993e+02 
    0.000   22.841999  0.000000e+00  2.387008e+02 
    0.000   23.337999  0.000000e+00  2.386150e+02 
    0.000   23.834000  0.000000e+00  2.385491e+02 
    0.000   24.328999  0.000000e+00  2.385020e+02 
    0.000   24.824999  0.000000e+00  2.384665e+02 
    0.000   25.320999  0.000000e+00  2.384472e+02 
    0.000   25.816999  0.000000e+00  2.384421e+02 
    0.000   26.311998  0.000000e+00  2.384467e+02 
    0.000   26.807999  0.000000e+00  2.384601e+02 
    0.000   27.303999  0.000000e+00  2.384768e+02 
    0.000   27.799999  0.000000e+00  2.384948e+02 
    0.000   28.295000  0.000000e+00  2.385168e+02 
    0.000   28.790998  0.000000e+00  2.385462e+02 
    0.000   29.286999  0.000000e+00  2.385855e+02 
    0.000   29.782999  0.000000e+00  2.386331e+02 
    0.000   30.278000  0.000000e+00  2.386864e+02 
    0.000   30.773998  0.000000e+00  2.387394e+02 
    0.000   31.269999  0.000000e+00  2.387916e+02 
    0.000   31.765999  0.000000e+00  2.388436e+02 
    0.000   32.261002  0.000000e+00  2.388966e+02 
    0.000   32.757000  0.000000e+00  2.389516e+02 
    0.000   33.253002  0.000000e+00  2.390103e+02 
    0.000   33.749001  0.000000e+00  2.390728e+02 
    0.000   34.243999  0.000000e+00  2.391382e+02 
    0.000   34.740002  0.000000e+00  2.392024e+02 
    0.000   35.236000  0.000000e+00  2.392635e+02 
    0.000   35.732002  0.000000e+00  2.393204e+02 
    0.000   36.227001  0.000000e+00  2.393736e+02 
    0.000   36.723000  0.000000e+00  2.394230e+02 
    0.000   37.219002  0.000000e+00  2.394691e+02 
    0.000   37.715000  0.000000e+00  2.395131e+02 
    0.000   38.210003  0.000000e+00  2.395553e+02 
    0.000   38.706001  0.000000e+00  2.395981e+02 
    0.000   39.202000  0.000000e+00  2.396419e+02 
    0.000   39.698002  0.000000e+00  2.396884e+02 
    0.000   40.198002  0.000000e+00  2.397392e+02 
    0.000   45.198002  0.000000e+00  2.401898e+02 
    0.000   50.198002  0.000000e+00  2.404134e+02 
    0.000   55.198002  0.000000e+00  2.404125e+02 
    0.000   60.198002  0.000000e+00  2.403439e+02 
    0.000   65.197998  0.000000e+00  2.402916e+02 
