   68.061    0.000000  1.758154e-05  9.219696e+00 
   68.061    0.103000  1.767702e-05  9.349305e+00 
   68.061    0.206000  1.777120e-05  9.482076e+00 
   68.061    0.308000  1.786373e-05  9.614876e+00 
   68.061    0.411000  1.795692e-05  9.749387e+00 
   68.061    0.514000  1.805027e-05  9.883719e+00 
   68.061    0.617000  2.262289e-05  1.236872e+01 
   68.061    0.720000  3.172276e-05  1.595937e+01 
   68.061    0.823000  4.685169e-05  1.999090e+01 
   68.061    0.926000  7.408192e-05  2.461258e+01 
   68.061    1.029000  1.267580e-04  2.991908e+01 
   68.061    1.132000  2.327238e-04  3.583349e+01 
   68.061    1.234000  4.511482e-04  4.222047e+01 
   68.061    1.337000  9.310258e-04  4.919354e+01 
   68.061    1.440000  2.018898e-03  5.667744e+01 
   68.061    1.543000  4.573453e-03  6.468587e+01 
   68.061    1.646000  1.076165e-02  7.325675e+01 
   68.061    1.749000  2.680197e-02  8.279662e+01 
   68.061    1.852000  8.332236e-02  9.252544e+01 
   68.061    1.955000  2.976250e-01  1.045754e+02 
   68.061    2.058000  1.080490e+00  1.184623e+02 
   68.061    2.160000  3.598007e+00  1.336550e+02 
   68.061    2.263000  1.064489e+01  1.499027e+02 
   68.061    2.366000  2.711197e+01  1.663383e+02 
   68.061    2.469000  5.981001e+01  1.821175e+02 
   68.061    2.572000  1.147730e+02  1.959406e+02 
   68.061    2.675000  1.181395e+02  1.963479e+02 
   68.061    2.778000  1.212554e+02  1.967449e+02 
   68.061    2.881000  1.240687e+02  1.971115e+02 
   68.061    2.984000  1.266793e+02  1.974605e+02 
   68.061    3.086000  1.290318e+02  1.977804e+02 
   68.061    3.189000  1.309416e+02  1.980351e+02 
   68.061    3.292000  1.326285e+02  1.982632e+02 
   68.061    3.395000  1.341614e+02  1.984759e+02 
   68.061    3.498000  1.360346e+02  1.987592e+02 
   68.061    3.601000  1.426222e+02  1.998496e+02 
   68.061    3.704000  1.527932e+02  2.014685e+02 
   68.061    3.807000  1.659227e+02  2.034299e+02 
   68.061    3.910000  1.824149e+02  2.057097e+02 
   68.061    4.012000  2.014213e+02  2.081153e+02 
   68.061    4.115000  2.223625e+02  2.105313e+02 
   68.061    4.218000  2.463618e+02  2.130461e+02 
   68.061    4.321000  2.694468e+02  2.152457e+02 
   68.061    4.424000  2.924724e+02  2.172575e+02 
   68.061    4.527000  3.129199e+02  2.189117e+02 
   68.061    4.630000  3.296225e+02  2.201809e+02 
   68.061    4.733000  3.425284e+02  2.211175e+02 
   68.061    4.836000  3.518290e+02  2.217740e+02 
   68.061    4.938000  3.568283e+02  2.221271e+02 
   68.061    5.041000  3.596473e+02  2.223345e+02 
   68.061    5.144000  3.620726e+02  2.225215e+02 
   68.061    5.247000  3.645692e+02  2.227198e+02 
   68.061    5.350000  3.674426e+02  2.229500e+02 
   68.061    5.453000  3.703034e+02  2.231838e+02 
   68.061    5.556000  3.732400e+02  2.234267e+02 
   68.061    5.659000  3.759663e+02  2.236583e+02 
   68.061    5.762000  3.793204e+02  2.239359e+02 
   68.061    5.865000  3.824560e+02  2.242000e+02 
   68.061    5.967000  3.855746e+02  2.244640e+02 
   68.061    6.070000  3.897616e+02  2.248006e+02 
   68.061    6.173000  3.931410e+02  2.250821e+02 
   68.061    6.276000  3.942925e+02  2.252149e+02 
   68.061    6.379000  3.954344e+02  2.253484e+02 
   68.061    6.482000  3.965681e+02  2.254822e+02 
   68.061    6.585000  3.976977e+02  2.256160e+02 
   68.061    6.688000  3.988305e+02  2.257494e+02 
   68.061    6.791000  3.999688e+02  2.258823e+02 
   68.061    6.893000  4.010917e+02  2.260134e+02 
   68.061    6.996000  4.022072e+02  2.261451e+02 
   68.061    7.099000  4.032955e+02  2.262762e+02 
   68.061    7.202000  4.048110e+02  2.264383e+02 
   68.061    7.305000  4.064375e+02  2.266104e+02 
   68.061    7.408000  4.081775e+02  2.267928e+02 
   68.061    7.511000  4.096411e+02  2.269599e+02 
   68.061    7.614000  4.113002e+02  2.271436e+02 
   68.061    7.717000  4.136443e+02  2.273739e+02 
   68.061    7.819000  4.150793e+02  2.275442e+02 
   68.061    7.922000  4.168569e+02  2.277379e+02 
   68.061    8.025001  4.181654e+02  2.279013e+02 
   68.061    8.128000  4.198185e+02  2.280862e+02 
   68.061    8.231001  4.211215e+02  2.282480e+02 
   68.061    8.334001  4.224030e+02  2.284075e+02 
   68.061    8.437000  4.241398e+02  2.285943e+02 
   68.061    8.540000  4.256553e+02  2.287656e+02 
   68.061    8.643001  4.271644e+02  2.289345e+02 
   68.061    8.745001  4.285009e+02  2.290899e+02 
   68.061    8.848001  4.298502e+02  2.292448e+02 
   68.061    8.951000  4.309438e+02  2.294166e+02 
   68.061    9.054001  4.321777e+02  2.296029e+02 
   68.061    9.157001  4.335685e+02  2.298055e+02 
   68.061    9.260000  4.348743e+02  2.299959e+02 
   68.061    9.363001  4.362660e+02  2.301899e+02 
   68.061    9.466001  4.376852e+02  2.303847e+02 
   68.061    9.569000  4.391049e+02  2.305764e+02 
   68.061    9.671000  4.404987e+02  2.307661e+02 
   68.061    9.774000  4.419489e+02  2.309595e+02 
   68.061    9.877001  4.424078e+02  2.310402e+02 
   68.061    9.980000  4.428633e+02  2.311190e+02 
   68.061   10.083000  4.433135e+02  2.311961e+02 
   68.061   10.186001  4.437885e+02  2.312708e+02 
   68.061   10.289001  4.442542e+02  2.313439e+02 
   68.061   10.392000  4.447111e+02  2.314155e+02 
   68.061   10.495001  4.451602e+02  2.314858e+02 
   68.061   10.598001  4.456014e+02  2.315549e+02 
   68.061   10.700001  4.460312e+02  2.316220e+02 
   68.061   10.803000  4.464587e+02  2.316887e+02 
   68.061   10.906000  4.468800e+02  2.317543e+02 
   68.061   11.009001  4.472955e+02  2.318190e+02 
   68.061   11.112000  4.477060e+02  2.318828e+02 
   68.061   11.215000  4.481116e+02  2.319457e+02 
   68.061   11.318001  4.485122e+02  2.320078e+02 
   68.061   11.421000  4.489077e+02  2.320691e+02 
   68.061   11.524000  4.492983e+02  2.321298e+02 
   68.061   11.626000  4.496797e+02  2.321891e+02 
   68.061   11.729000  4.500594e+02  2.322484e+02 
   68.061   11.832001  4.504334e+02  2.323069e+02 
   68.061   11.935000  4.508017e+02  2.323648e+02 
   68.061   12.038000  4.511647e+02  2.324220e+02 
   68.061   12.141001  4.515223e+02  2.324785e+02 
   68.061   12.244000  4.518747e+02  2.325343e+02 
   68.061   12.347000  4.522224e+02  2.325893e+02 
   68.061   12.450001  4.525654e+02  2.326435e+02 
   68.061   12.552000  4.529006e+02  2.326964e+02 
   68.061   12.655001  4.532346e+02  2.327490e+02 
   68.061   12.758000  4.535642e+02  2.328009e+02 
   68.061   12.861000  4.538897e+02  2.328519e+02 
   68.061   12.964001  4.542115e+02  2.329020e+02 
   68.061   13.067000  4.545295e+02  2.329513e+02 
   68.061   13.170000  4.548439e+02  2.329997e+02 
   68.061   13.273001  4.551548e+02  2.330472e+02 
   68.061   13.376000  4.554622e+02  2.330937e+02 
   68.061   13.478001  4.557632e+02  2.331387e+02 
   68.061   13.581000  4.560639e+02  2.331832e+02 
   68.061   13.684000  4.563614e+02  2.332266e+02 
   68.061   13.787001  4.566558e+02  2.332689e+02 
   68.061   13.890000  4.569471e+02  2.333101e+02 
   68.061   13.993000  4.572351e+02  2.333503e+02 
   68.061   14.096001  4.575201e+02  2.333894e+02 
   68.061   14.199000  4.578018e+02  2.334276e+02 
   68.061   14.302000  4.580802e+02  2.334649e+02 
   68.061   14.404000  4.583526e+02  2.335011e+02 
   68.061   14.507000  4.586243e+02  2.335368e+02 
   68.061   14.610001  4.588926e+02  2.335718e+02 
   68.061   14.713000  4.591577e+02  2.336062e+02 
   68.061   14.816000  4.594194e+02  2.336399e+02 
   68.061   14.919001  4.596778e+02  2.336730e+02 
   68.061   15.022000  4.599331e+02  2.337054e+02 
   68.061   15.125000  4.601853e+02  2.337373e+02 
   68.061   15.228001  4.604344e+02  2.337685e+02 
   68.061   15.330001  4.606780e+02  2.337988e+02 
   68.061   15.433001  4.609210e+02  2.338289e+02 
   68.061   15.536000  4.611609e+02  2.338584e+02 
   68.061   15.639001  4.613979e+02  2.338873e+02 
   68.061   15.742001  4.616320e+02  2.339156e+02 
   68.061   15.845000  4.618633e+02  2.339434e+02 
   68.061   15.948001  4.620920e+02  2.339706e+02 
   68.061   16.050999  4.623181e+02  2.339972e+02 
   68.061   16.153999  4.625419e+02  2.340232e+02 
   68.061   16.257000  4.627632e+02  2.340487e+02 
   68.061   16.358999  4.629801e+02  2.340733e+02 
   68.061   16.462000  4.631970e+02  2.340974e+02 
   68.061   16.564999  4.634117e+02  2.341209e+02 
   68.061   16.667999  4.636243e+02  2.341438e+02 
   68.061   16.771000  4.638351e+02  2.341658e+02 
   68.061   16.873999  4.640443e+02  2.341870e+02 
   68.061   16.976999  4.642517e+02  2.342074e+02 
   68.061   17.080000  4.644578e+02  2.342269e+02 
   68.061   17.182999  4.646626e+02  2.342454e+02 
   68.061   17.285000  4.648643e+02  2.342627e+02 
   68.061   17.387999  4.650666e+02  2.342794e+02 
   68.061   17.490999  4.652676e+02  2.342951e+02 
   68.061   17.594000  4.654673e+02  2.343101e+02 
   68.061   17.696999  4.656657e+02  2.343242e+02 
   68.061   17.799999  4.658625e+02  2.343376e+02 
   68.061   17.903000  4.660578e+02  2.343504e+02 
   68.061   18.005999  4.662515e+02  2.343626e+02 
   68.061   18.108999  4.664435e+02  2.343741e+02 
   68.061   18.210999  4.666320e+02  2.343850e+02 
   68.061   18.313999  4.668209e+02  2.343955e+02 
   68.061   18.417000  4.670081e+02  2.344053e+02 
   68.061   18.519999  4.671938e+02  2.344147e+02 
   68.061   18.622999  4.673780e+02  2.344234e+02 
   68.061   18.726000  4.675607e+02  2.344317e+02 
   68.061   18.828999  4.677418e+02  2.344394e+02 
   68.061   18.931999  4.679214e+02  2.344466e+02 
   68.061   19.035000  4.680997e+02  2.344533e+02 
   68.061   19.136999  4.682749e+02  2.344594e+02 
   68.061   19.240000  4.684504e+02  2.344651e+02 
   68.061   19.343000  4.686247e+02  2.344703e+02 
   68.061   19.445999  4.687977e+02  2.344750e+02 
   68.061   19.549000  4.689695e+02  2.344792e+02 
   68.061   19.652000  4.691400e+02  2.344828e+02 
   68.061   19.754999  4.693093e+02  2.344861e+02 
   68.061   19.858000  4.694773e+02  2.344888e+02 
   68.061   19.960999  4.696441e+02  2.344911e+02 
   68.061   20.063999  4.698100e+02  2.344928e+02 
   68.061   20.362999  4.702856e+02  2.344947e+02 
   68.061   20.858999  4.710516e+02  2.344907e+02 
   68.061   21.354000  4.717880e+02  2.344785e+02 
   68.061   21.850000  4.724958e+02  2.344600e+02 
   68.061   22.345999  4.731660e+02  2.344398e+02 
   68.061   22.841999  4.737934e+02  2.344216e+02 
   68.061   23.337000  4.743765e+02  2.344061e+02 
   68.061   23.833000  4.749243e+02  2.343913e+02 
   68.061   24.328999  4.754416e+02  2.343756e+02 
   68.061   24.824999  4.759279e+02  2.343596e+02 
   68.061   25.320000  4.763810e+02  2.343446e+02 
   68.061   25.816000  4.768048e+02  2.343304e+02 
   68.061   26.312000  4.772012e+02  2.343167e+02 
   68.061   26.807999  4.775721e+02  2.343031e+02 
   68.061   27.302999  4.779178e+02  2.342898e+02 
   68.061   27.799000  4.782418e+02  2.342767e+02 
   68.061   28.295000  4.785455e+02  2.342634e+02 
   68.061   28.791000  4.788313e+02  2.342499e+02 
   68.061   29.285999  4.791008e+02  2.342359e+02 
   68.061   29.782000  4.793570e+02  2.342213e+02 
   68.061   30.278000  4.796006e+02  2.342062e+02 
   68.061   30.774000  4.798334e+02  2.341907e+02 
   68.061   31.268999  4.800567e+02  2.341750e+02 
   68.061   31.764999  4.802729e+02  2.341589e+02 
   68.061   32.260998  4.804838e+02  2.341426e+02 
   68.061   32.757000  4.806913e+02  2.341262e+02 
   68.061   33.251999  4.808967e+02  2.341097e+02 
   68.061   33.748001  4.811024e+02  2.340936e+02 
   68.061   34.243999  4.813092e+02  2.340781e+02 
   68.061   34.739998  4.815187e+02  2.340633e+02 
   68.061   35.235001  4.817319e+02  2.340495e+02 
   68.061   35.730999  4.819506e+02  2.340364e+02 
   68.061   36.227001  4.821748e+02  2.340241e+02 
   68.061   36.723000  4.824048e+02  2.340126e+02 
   68.061   37.217999  4.826395e+02  2.340019e+02 
   68.061   37.714001  4.828791e+02  2.339919e+02 
   68.061   38.209999  4.831219e+02  2.339827e+02 
   68.061   38.706001  4.833662e+02  2.339741e+02 
   68.061   39.201000  4.836097e+02  2.339664e+02 
   68.061   39.696999  4.838510e+02  2.339594e+02 
   68.061   40.196999  4.840864e+02  2.339543e+02 
   68.061   45.196999  4.859460e+02  2.339392e+02 
   68.061   50.196999  4.866539e+02  2.339439e+02 
   68.061   55.196999  4.869002e+02  2.339506e+02 
   68.061   60.196999  4.876270e+02  2.339558e+02 
   68.061   65.197006  4.888557e+02  2.339593e+02 
