    0.000    0.000000  0.000000e+00  3.503033e+02 
    0.000    0.103000  0.000000e+00  3.494032e+02 
    0.000    0.205000  0.000000e+00  3.481533e+02 
    0.000    0.308000  0.000000e+00  3.468537e+02 
    0.000    0.411000  0.000000e+00  3.454898e+02 
    0.000    0.514000  0.000000e+00  3.442555e+02 
    0.000    0.617000  0.000000e+00  3.428839e+02 
    0.000    0.720000  0.000000e+00  3.413385e+02 
    0.000    0.823000  0.000000e+00  3.398209e+02 
    0.000    0.926000  0.000000e+00  3.381435e+02 
    0.000    1.029000  0.000000e+00  3.363546e+02 
    0.000    1.131000  0.000000e+00  3.345357e+02 
    0.000    1.234000  0.000000e+00  3.325554e+02 
    0.000    1.337000  0.000000e+00  3.304796e+02 
    0.000    1.440000  0.000000e+00  3.283393e+02 
    0.000    1.543000  0.000000e+00  3.261607e+02 
    0.000    1.646000  0.000000e+00  3.240824e+02 
    0.000    1.749000  0.000000e+00  3.209519e+02 
    0.000    1.852000  0.000000e+00  3.183258e+02 
    0.000    1.955000  0.000000e+00  3.159316e+02 
    0.000    2.057000  0.000000e+00  3.138218e+02 
    0.000    2.160000  0.000000e+00  3.119593e+02 
    0.000    2.263000  0.000000e+00  3.102594e+02 
    0.000    2.366000  0.000000e+00  3.086857e+02 
    0.000    2.469000  0.000000e+00  3.071974e+02 
    0.000    2.572000  0.000000e+00  3.057646e+02 
    0.000    2.675000  0.000000e+00  3.043846e+02 
    0.000    2.778000  0.000000e+00  3.030002e+02 
    0.000    2.881000  0.000000e+00  3.015307e+02 
    0.000    2.983000  0.000000e+00  2.999052e+02 
    0.000    3.086000  0.000000e+00  2.980385e+02 
    0.000    3.189000  0.000000e+00  2.958821e+02 
    0.000    3.292000  0.000000e+00  2.933799e+02 
    0.000    3.395000  0.000000e+00  2.905139e+02 
    0.000    3.498000  0.000000e+00  2.872475e+02 
    0.000    3.601000  0.000000e+00  2.832455e+02 
    0.000    3.704000  0.000000e+00  2.795552e+02 
    0.000    3.807000  0.000000e+00  2.758281e+02 
    0.000    3.910000  0.000000e+00  2.722498e+02 
    0.000    4.012000  0.000000e+00  2.690826e+02 
    0.000    4.115000  0.000000e+00  2.659825e+02 
    0.000    4.218000  0.000000e+00  2.630543e+02 
    0.000    4.321000  0.000000e+00  2.605727e+02 
    0.000    4.424000  0.000000e+00  2.585532e+02 
    0.000    4.527000  0.000000e+00  2.569382e+02 
    0.000    4.630000  0.000000e+00  2.556065e+02 
    0.000    4.733000  0.000000e+00  2.546049e+02 
    0.000    4.836000  0.000000e+00  2.535952e+02 
    0.000    4.938000  0.000000e+00  2.525882e+02 
    0.000    5.041000  0.000000e+00  2.515724e+02 
    0.000    5.144000  0.000000e+00  2.505635e+02 
    0.000    5.247000  0.000000e+00  2.495040e+02 
    0.000    5.350000  0.000000e+00  2.484506e+02 
    0.000    5.453000  0.000000e+00  2.474024e+02 
    0.000    5.556000  0.000000e+00  2.463511e+02 
    0.000    5.659000  0.000000e+00  2.453253e+02 
    0.000    5.762000  0.000000e+00  2.443076e+02 
    0.000    5.864000  0.000000e+00  2.433007e+02 
    0.000    5.967000  0.000000e+00  2.422910e+02 
    0.000    6.070000  0.000000e+00  2.412885e+02 
    0.000    6.173000  0.000000e+00  2.402982e+02 
    0.000    6.276000  0.000000e+00  2.393119e+02 
    0.000    6.379000  0.000000e+00  2.384604e+02 
    0.000    6.482000  0.000000e+00  2.376312e+02 
    0.000    6.585000  0.000000e+00  2.368259e+02 
    0.000    6.688000  0.000000e+00  2.360590e+02 
    0.000    6.790000  0.000000e+00  2.353266e+02 
    0.000    6.893000  0.000000e+00  2.346543e+02 
    0.000    6.996000  0.000000e+00  2.340732e+02 
    0.000    7.099000  0.000000e+00  2.335556e+02 
    0.000    7.202000  0.000000e+00  2.331561e+02 
    0.000    7.305000  0.000000e+00  2.328601e+02 
    0.000    7.408000  0.000000e+00  2.326280e+02 
    0.000    7.511000  0.000000e+00  2.324845e+02 
    0.000    7.614000  0.000000e+00  2.324000e+02 
    0.000    7.716000  0.000000e+00  2.323400e+02 
    0.000    7.819000  0.000000e+00  2.322698e+02 
    0.000    7.922000  0.000000e+00  2.321955e+02 
    0.000    8.025000  0.000000e+00  2.321021e+02 
    0.000    8.128000  0.000000e+00  2.319719e+02 
    0.000    8.231000  0.000000e+00  2.318201e+02 
    0.000    8.334000  0.000000e+00  2.316580e+02 
    0.000    8.437000  0.000000e+00  2.314902e+02 
    0.000    8.540000  0.000000e+00  2.313192e+02 
    0.000    8.642000  0.000000e+00  2.311533e+02 
    0.000    8.745000  0.000000e+00  2.309896e+02 
    0.000    8.848000  0.000000e+00  2.308276e+02 
    0.000    8.951000  0.000000e+00  2.306773e+02 
    0.000    9.054000  0.000000e+00  2.305359e+02 
    0.000    9.157000  0.000000e+00  2.304019e+02 
    0.000    9.260000  0.000000e+00  2.302951e+02 
    0.000    9.363000  0.000000e+00  2.302080e+02 
    0.000    9.466000  0.000000e+00  2.301341e+02 
    0.000    9.568000  0.000000e+00  2.300782e+02 
    0.000    9.671000  0.000000e+00  2.300347e+02 
    0.000    9.774000  0.000000e+00  2.299973e+02 
    0.000    9.877000  0.000000e+00  2.299577e+02 
    0.000    9.980000  0.000000e+00  2.299176e+02 
    0.000   10.083000  0.000000e+00  2.298776e+02 
    0.000   10.186000  0.000000e+00  2.298355e+02 
    0.000   10.289000  0.000000e+00  2.297928e+02 
    0.000   10.392000  0.000000e+00  2.297540e+02 
    0.000   10.495000  0.000000e+00  2.297252e+02 
    0.000   10.597000  0.000000e+00  2.297043e+02 
    0.000   10.700000  0.000000e+00  2.296817e+02 
    0.000   10.802999  0.000000e+00  2.296442e+02 
    0.000   10.906000  0.000000e+00  2.295970e+02 
    0.000   11.009000  0.000000e+00  2.295433e+02 
    0.000   11.112000  0.000000e+00  2.294791e+02 
    0.000   11.215000  0.000000e+00  2.294077e+02 
    0.000   11.318000  0.000000e+00  2.293324e+02 
    0.000   11.421000  0.000000e+00  2.292542e+02 
    0.000   11.523000  0.000000e+00  2.291747e+02 
    0.000   11.625999  0.000000e+00  2.290932e+02 
    0.000   11.729000  0.000000e+00  2.290105e+02 
    0.000   11.832000  0.000000e+00  2.289269e+02 
    0.000   11.934999  0.000000e+00  2.288431e+02 
    0.000   12.038000  0.000000e+00  2.287625e+02 
    0.000   12.141000  0.000000e+00  2.286845e+02 
    0.000   12.243999  0.000000e+00  2.286082e+02 
    0.000   12.347000  0.000000e+00  2.285350e+02 
    0.000   12.449000  0.000000e+00  2.284654e+02 
    0.000   12.552000  0.000000e+00  2.283972e+02 
    0.000   12.655000  0.000000e+00  2.283321e+02 
    0.000   12.757999  0.000000e+00  2.282704e+02 
    0.000   12.861000  0.000000e+00  2.282112e+02 
    0.000   12.964000  0.000000e+00  2.281532e+02 
    0.000   13.066999  0.000000e+00  2.280958e+02 
    0.000   13.170000  0.000000e+00  2.280390e+02 
    0.000   13.273000  0.000000e+00  2.279823e+02 
    0.000   13.375000  0.000000e+00  2.279249e+02 
    0.000   13.478000  0.000000e+00  2.278661e+02 
    0.000   13.581000  0.000000e+00  2.278073e+02 
    0.000   13.684000  0.000000e+00  2.277487e+02 
    0.000   13.787000  0.000000e+00  2.276902e+02 
    0.000   13.890000  0.000000e+00  2.276320e+02 
    0.000   13.993000  0.000000e+00  2.275766e+02 
    0.000   14.096000  0.000000e+00  2.275238e+02 
    0.000   14.199000  0.000000e+00  2.274727e+02 
    0.000   14.301000  0.000000e+00  2.274250e+02 
    0.000   14.404000  0.000000e+00  2.273804e+02 
    0.000   14.507000  0.000000e+00  2.273383e+02 
    0.000   14.610000  0.000000e+00  2.272979e+02 
    0.000   14.713000  0.000000e+00  2.272579e+02 
    0.000   14.816000  0.000000e+00  2.272184e+02 
    0.000   14.919000  0.000000e+00  2.271797e+02 
    0.000   15.022000  0.000000e+00  2.271404e+02 
    0.000   15.125000  0.000000e+00  2.271006e+02 
    0.000   15.228000  0.000000e+00  2.270607e+02 
    0.000   15.330000  0.000000e+00  2.270213e+02 
    0.000   15.433000  0.000000e+00  2.269816e+02 
    0.000   15.536000  0.000000e+00  2.269420e+02 
    0.000   15.639000  0.000000e+00  2.269025e+02 
    0.000   15.742000  0.000000e+00  2.268619e+02 
    0.000   15.845000  0.000000e+00  2.268205e+02 
    0.000   15.947999  0.000000e+00  2.267789e+02 
    0.000   16.051001  0.000000e+00  2.267388e+02 
    0.000   16.154001  0.000000e+00  2.267008e+02 
    0.000   16.256001  0.000000e+00  2.266643e+02 
    0.000   16.359001  0.000000e+00  2.266285e+02 
    0.000   16.462000  0.000000e+00  2.265936e+02 
    0.000   16.565001  0.000000e+00  2.265594e+02 
    0.000   16.668001  0.000000e+00  2.265259e+02 
    0.000   16.771000  0.000000e+00  2.264902e+02 
    0.000   16.874001  0.000000e+00  2.264524e+02 
    0.000   16.977001  0.000000e+00  2.264134e+02 
    0.000   17.080000  0.000000e+00  2.263739e+02 
    0.000   17.182001  0.000000e+00  2.263345e+02 
    0.000   17.285002  0.000000e+00  2.262946e+02 
    0.000   17.388000  0.000000e+00  2.262545e+02 
    0.000   17.491001  0.000000e+00  2.262147e+02 
    0.000   17.594002  0.000000e+00  2.261750e+02 
    0.000   17.697001  0.000000e+00  2.261355e+02 
    0.000   17.800001  0.000000e+00  2.260964e+02 
    0.000   17.903002  0.000000e+00  2.260577e+02 
    0.000   18.006001  0.000000e+00  2.260195e+02 
    0.000   18.108002  0.000000e+00  2.259821e+02 
    0.000   18.211000  0.000000e+00  2.259458e+02 
    0.000   18.314001  0.000000e+00  2.259112e+02 
    0.000   18.417002  0.000000e+00  2.258777e+02 
    0.000   18.520000  0.000000e+00  2.258454e+02 
    0.000   18.623001  0.000000e+00  2.258144e+02 
    0.000   18.726002  0.000000e+00  2.257847e+02 
    0.000   18.829000  0.000000e+00  2.257559e+02 
    0.000   18.932001  0.000000e+00  2.257278e+02 
    0.000   19.034000  0.000000e+00  2.257007e+02 
    0.000   19.137001  0.000000e+00  2.256738e+02 
    0.000   19.240002  0.000000e+00  2.256475e+02 
    0.000   19.343000  0.000000e+00  2.256216e+02 
    0.000   19.446001  0.000000e+00  2.255961e+02 
    0.000   19.549002  0.000000e+00  2.255711e+02 
    0.000   19.652000  0.000000e+00  2.255464e+02 
    0.000   19.755001  0.000000e+00  2.255211e+02 
    0.000   19.858002  0.000000e+00  2.254948e+02 
    0.000   19.961000  0.000000e+00  2.254681e+02 
    0.000   20.063002  0.000000e+00  2.254413e+02 
    0.000   20.363001  0.000000e+00  2.253575e+02 
    0.000   20.858002  0.000000e+00  2.252245e+02 
    0.000   21.354000  0.000000e+00  2.251154e+02 
    0.000   21.850000  0.000000e+00  2.250271e+02 
    0.000   22.346001  0.000000e+00  2.249469e+02 
    0.000   22.841002  0.000000e+00  2.248696e+02 
    0.000   23.337000  0.000000e+00  2.247930e+02 
    0.000   23.833000  0.000000e+00  2.247236e+02 
    0.000   24.329000  0.000000e+00  2.246765e+02 
    0.000   24.824001  0.000000e+00  2.246562e+02 
    0.000   25.320002  0.000000e+00  2.246523e+02 
    0.000   25.816000  0.000000e+00  2.246515e+02 
    0.000   26.312000  0.000000e+00  2.246441e+02 
    0.000   26.807001  0.000000e+00  2.246451e+02 
    0.000   27.303001  0.000000e+00  2.246627e+02 
    0.000   27.799002  0.000000e+00  2.246918e+02 
    0.000   28.295000  0.000000e+00  2.247251e+02 
    0.000   28.790001  0.000000e+00  2.247656e+02 
    0.000   29.286001  0.000000e+00  2.248086e+02 
    0.000   29.782001  0.000000e+00  2.248540e+02 
    0.000   30.278002  0.000000e+00  2.249042e+02 
    0.000   30.773001  0.000000e+00  2.249620e+02 
    0.000   31.269001  0.000000e+00  2.250226e+02 
    0.000   31.765001  0.000000e+00  2.250812e+02 
    0.000   32.260998  0.000000e+00  2.251368e+02 
    0.000   32.757000  0.000000e+00  2.251908e+02 
    0.000   33.251999  0.000000e+00  2.252449e+02 
    0.000   33.747997  0.000000e+00  2.253010e+02 
    0.000   34.243999  0.000000e+00  2.253593e+02 
    0.000   34.739998  0.000000e+00  2.254215e+02 
    0.000   35.235001  0.000000e+00  2.254867e+02 
    0.000   35.730999  0.000000e+00  2.255500e+02 
    0.000   36.226997  0.000000e+00  2.256105e+02 
    0.000   36.723000  0.000000e+00  2.256640e+02 
    0.000   37.217999  0.000000e+00  2.257113e+02 
    0.000   37.714001  0.000000e+00  2.257551e+02 
    0.000   38.209999  0.000000e+00  2.257961e+02 
    0.000   38.705997  0.000000e+00  2.258382e+02 
    0.000   39.201000  0.000000e+00  2.258821e+02 
    0.000   39.696999  0.000000e+00  2.259286e+02 
    0.000   40.196999  0.000000e+00  2.259780e+02 
    0.000   45.196999  0.000000e+00  2.264248e+02 
    0.000   50.196999  0.000000e+00  2.266464e+02 
    0.000   55.196999  0.000000e+00  2.266411e+02 
    0.000   60.196999  0.000000e+00  2.265746e+02 
    0.000   65.197006  0.000000e+00  2.265218e+02 
