    0.000    0.000000  0.000000e+00  3.513769e+02 
    0.000    0.103000  0.000000e+00  3.504518e+02 
    0.000    0.206000  0.000000e+00  3.491763e+02 
    0.000    0.309000  0.000000e+00  3.478596e+02 
    0.000    0.411000  0.000000e+00  3.465643e+02 
    0.000    0.514000  0.000000e+00  3.453055e+02 
    0.000    0.617000  0.000000e+00  3.439481e+02 
    0.000    0.720000  0.000000e+00  3.423025e+02 
    0.000    0.823000  0.000000e+00  3.405638e+02 
    0.000    0.926000  0.000000e+00  3.385427e+02 
    0.000    1.029000  0.000000e+00  3.362965e+02 
    0.000    1.132000  0.000000e+00  3.339136e+02 
    0.000    1.235000  0.000000e+00  3.312949e+02 
    0.000    1.337000  0.000000e+00  3.285226e+02 
    0.000    1.440000  0.000000e+00  3.256103e+02 
    0.000    1.543000  0.000000e+00  3.226321e+02 
    0.000    1.646000  0.000000e+00  3.197686e+02 
    0.000    1.749000  0.000000e+00  3.174951e+02 
    0.000    1.852000  0.000000e+00  3.068511e+02 
    0.000    1.955000  0.000000e+00  3.020465e+02 
    0.000    2.058000  0.000000e+00  2.986349e+02 
    0.000    2.161000  0.000000e+00  2.956808e+02 
    0.000    2.263000  0.000000e+00  2.928310e+02 
    0.000    2.366000  0.000000e+00  2.897933e+02 
    0.000    2.469000  0.000000e+00  2.888933e+02 
    0.000    2.572000  0.000000e+00  2.878902e+02 
    0.000    2.675000  0.000000e+00  2.868392e+02 
    0.000    2.778000  0.000000e+00  2.857614e+02 
    0.000    2.881000  0.000000e+00  2.846497e+02 
    0.000    2.984000  0.000000e+00  2.835056e+02 
    0.000    3.087000  0.000000e+00  2.823442e+02 
    0.000    3.189000  0.000000e+00  2.811822e+02 
    0.000    3.292000  0.000000e+00  2.800075e+02 
    0.000    3.395000  0.000000e+00  2.788272e+02 
    0.000    3.498000  0.000000e+00  2.776439e+02 
    0.000    3.601000  0.000000e+00  2.764564e+02 
    0.000    3.704000  0.000000e+00  2.752635e+02 
    0.000    3.807000  0.000000e+00  2.740731e+02 
    0.000    3.910000  0.000000e+00  2.728736e+02 
    0.000    4.013000  0.000000e+00  2.716782e+02 
    0.000    4.115000  0.000000e+00  2.704975e+02 
    0.000    4.218000  0.000000e+00  2.693169e+02 
    0.000    4.321000  0.000000e+00  2.681510e+02 
    0.000    4.424000  0.000000e+00  2.669881e+02 
    0.000    4.527000  0.000000e+00  2.658347e+02 
    0.000    4.630000  0.000000e+00  2.646924e+02 
    0.000    4.733000  0.000000e+00  2.635561e+02 
    0.000    4.836000  0.000000e+00  2.624324e+02 
    0.000    4.939000  0.000000e+00  2.613197e+02 
    0.000    5.041000  0.000000e+00  2.577905e+02 
    0.000    5.144000  0.000000e+00  2.567403e+02 
    0.000    5.247000  0.000000e+00  2.556735e+02 
    0.000    5.350000  0.000000e+00  2.545264e+02 
    0.000    5.453000  0.000000e+00  2.528819e+02 
    0.000    5.556000  0.000000e+00  2.481601e+02 
    0.000    5.659000  0.000000e+00  2.471787e+02 
    0.000    5.762000  0.000000e+00  2.462065e+02 
    0.000    5.865000  0.000000e+00  2.452029e+02 
    0.000    5.968000  0.000000e+00  2.442060e+02 
    0.000    6.070000  0.000000e+00  2.432191e+02 
    0.000    6.173000  0.000000e+00  2.422363e+02 
    0.000    6.276000  0.000000e+00  2.412523e+02 
    0.000    6.379000  0.000000e+00  2.403964e+02 
    0.000    6.482000  0.000000e+00  2.395629e+02 
    0.000    6.585000  0.000000e+00  2.387529e+02 
    0.000    6.688000  0.000000e+00  2.379811e+02 
    0.000    6.791000  0.000000e+00  2.372384e+02 
    0.000    6.894000  0.000000e+00  2.365610e+02 
    0.000    6.996000  0.000000e+00  2.359797e+02 
    0.000    7.099000  0.000000e+00  2.354569e+02 
    0.000    7.202000  0.000000e+00  2.350511e+02 
    0.000    7.305000  0.000000e+00  2.347497e+02 
    0.000    7.408000  0.000000e+00  2.345120e+02 
    0.000    7.511000  0.000000e+00  2.343636e+02 
    0.000    7.614000  0.000000e+00  2.342750e+02 
    0.000    7.717000  0.000000e+00  2.342110e+02 
    0.000    7.820000  0.000000e+00  2.341376e+02 
    0.000    7.922000  0.000000e+00  2.340612e+02 
    0.000    8.025000  0.000000e+00  2.339657e+02 
    0.000    8.127999  0.000000e+00  2.338333e+02 
    0.000    8.231000  0.000000e+00  2.336790e+02 
    0.000    8.334000  0.000000e+00  2.335143e+02 
    0.000    8.436999  0.000000e+00  2.333439e+02 
    0.000    8.540000  0.000000e+00  2.331705e+02 
    0.000    8.643000  0.000000e+00  2.330007e+02 
    0.000    8.745999  0.000000e+00  2.328345e+02 
    0.000    8.848000  0.000000e+00  2.326717e+02 
    0.000    8.951000  0.000000e+00  2.325188e+02 
    0.000    9.054000  0.000000e+00  2.323748e+02 
    0.000    9.157000  0.000000e+00  2.322381e+02 
    0.000    9.259999  0.000000e+00  2.321285e+02 
    0.000    9.363000  0.000000e+00  2.320391e+02 
    0.000    9.466000  0.000000e+00  2.319628e+02 
    0.000    9.568999  0.000000e+00  2.319039e+02 
    0.000    9.672000  0.000000e+00  2.318581e+02 
    0.000    9.774000  0.000000e+00  2.318194e+02 
    0.000    9.877000  0.000000e+00  2.317781e+02 
    0.000    9.980000  0.000000e+00  2.317361e+02 
    0.000   10.083000  0.000000e+00  2.316945e+02 
    0.000   10.186000  0.000000e+00  2.316508e+02 
    0.000   10.289000  0.000000e+00  2.316065e+02 
    0.000   10.392000  0.000000e+00  2.315658e+02 
    0.000   10.495000  0.000000e+00  2.315354e+02 
    0.000   10.598000  0.000000e+00  2.315126e+02 
    0.000   10.700000  0.000000e+00  2.314891e+02 
    0.000   10.802999  0.000000e+00  2.314506e+02 
    0.000   10.906000  0.000000e+00  2.314022e+02 
    0.000   11.009000  0.000000e+00  2.313474e+02 
    0.000   11.112000  0.000000e+00  2.312822e+02 
    0.000   11.215000  0.000000e+00  2.312098e+02 
    0.000   11.318000  0.000000e+00  2.311334e+02 
    0.000   11.421000  0.000000e+00  2.310541e+02 
    0.000   11.524000  0.000000e+00  2.309730e+02 
    0.000   11.625999  0.000000e+00  2.308912e+02 
    0.000   11.729000  0.000000e+00  2.308075e+02 
    0.000   11.832000  0.000000e+00  2.307231e+02 
    0.000   11.934999  0.000000e+00  2.306383e+02 
    0.000   12.038000  0.000000e+00  2.305567e+02 
    0.000   12.141000  0.000000e+00  2.304779e+02 
    0.000   12.243999  0.000000e+00  2.304006e+02 
    0.000   12.347000  0.000000e+00  2.303267e+02 
    0.000   12.450000  0.000000e+00  2.302556e+02 
    0.000   12.552999  0.000000e+00  2.301867e+02 
    0.000   12.655000  0.000000e+00  2.301215e+02 
    0.000   12.757999  0.000000e+00  2.300591e+02 
    0.000   12.861000  0.000000e+00  2.299992e+02 
    0.000   12.964000  0.000000e+00  2.299405e+02 
    0.000   13.066999  0.000000e+00  2.298824e+02 
    0.000   13.170000  0.000000e+00  2.298250e+02 
    0.000   13.273000  0.000000e+00  2.297678e+02 
    0.000   13.375999  0.000000e+00  2.297093e+02 
    0.000   13.479000  0.000000e+00  2.296501e+02 
    0.000   13.580999  0.000000e+00  2.295914e+02 
    0.000   13.684000  0.000000e+00  2.295322e+02 
    0.000   13.787000  0.000000e+00  2.294732e+02 
    0.000   13.889999  0.000000e+00  2.294146e+02 
    0.000   13.993000  0.000000e+00  2.293586e+02 
    0.000   14.096000  0.000000e+00  2.293053e+02 
    0.000   14.198999  0.000000e+00  2.292538e+02 
    0.000   14.302000  0.000000e+00  2.292051e+02 
    0.000   14.405000  0.000000e+00  2.291600e+02 
    0.000   14.507000  0.000000e+00  2.291180e+02 
    0.000   14.610000  0.000000e+00  2.290772e+02 
    0.000   14.712999  0.000000e+00  2.290369e+02 
    0.000   14.816000  0.000000e+00  2.289970e+02 
    0.000   14.919000  0.000000e+00  2.289580e+02 
    0.000   15.021999  0.000000e+00  2.289183e+02 
    0.000   15.125000  0.000000e+00  2.288782e+02 
    0.000   15.228000  0.000000e+00  2.288380e+02 
    0.000   15.330999  0.000000e+00  2.287980e+02 
    0.000   15.433000  0.000000e+00  2.287583e+02 
    0.000   15.535999  0.000000e+00  2.287185e+02 
    0.000   15.639000  0.000000e+00  2.286787e+02 
    0.000   15.742000  0.000000e+00  2.286379e+02 
    0.000   15.844999  0.000000e+00  2.285963e+02 
    0.000   15.948000  0.000000e+00  2.285544e+02 
    0.000   16.051001  0.000000e+00  2.285141e+02 
    0.000   16.153999  0.000000e+00  2.284757e+02 
    0.000   16.257000  0.000000e+00  2.284387e+02 
    0.000   16.358999  0.000000e+00  2.284030e+02 
    0.000   16.462000  0.000000e+00  2.283678e+02 
    0.000   16.565001  0.000000e+00  2.283335e+02 
    0.000   16.667999  0.000000e+00  2.282998e+02 
    0.000   16.771000  0.000000e+00  2.282639e+02 
    0.000   16.874001  0.000000e+00  2.282260e+02 
    0.000   16.976999  0.000000e+00  2.281869e+02 
    0.000   17.080000  0.000000e+00  2.281473e+02 
    0.000   17.183001  0.000000e+00  2.281074e+02 
    0.000   17.285999  0.000000e+00  2.280673e+02 
    0.000   17.388000  0.000000e+00  2.280275e+02 
    0.000   17.490999  0.000000e+00  2.279875e+02 
    0.000   17.594000  0.000000e+00  2.279477e+02 
    0.000   17.697001  0.000000e+00  2.279080e+02 
    0.000   17.799999  0.000000e+00  2.278686e+02 
    0.000   17.903000  0.000000e+00  2.278299e+02 
    0.000   18.006001  0.000000e+00  2.277915e+02 
    0.000   18.108999  0.000000e+00  2.277537e+02 
    0.000   18.212000  0.000000e+00  2.277173e+02 
    0.000   18.313999  0.000000e+00  2.276828e+02 
    0.000   18.417000  0.000000e+00  2.276493e+02 
    0.000   18.520000  0.000000e+00  2.276168e+02 
    0.000   18.622999  0.000000e+00  2.275857e+02 
    0.000   18.726000  0.000000e+00  2.275558e+02 
    0.000   18.829000  0.000000e+00  2.275269e+02 
    0.000   18.931999  0.000000e+00  2.274987e+02 
    0.000   19.035000  0.000000e+00  2.274712e+02 
    0.000   19.138000  0.000000e+00  2.274443e+02 
    0.000   19.240000  0.000000e+00  2.274181e+02 
    0.000   19.343000  0.000000e+00  2.273922e+02 
    0.000   19.445999  0.000000e+00  2.273666e+02 
    0.000   19.549000  0.000000e+00  2.273414e+02 
    0.000   19.652000  0.000000e+00  2.273168e+02 
    0.000   19.754999  0.000000e+00  2.272914e+02 
    0.000   19.858000  0.000000e+00  2.272650e+02 
    0.000   19.961000  0.000000e+00  2.272382e+02 
    0.000   20.063999  0.000000e+00  2.272111e+02 
    0.000   20.362999  0.000000e+00  2.271275e+02 
    0.000   20.858999  0.000000e+00  2.269941e+02 
    0.000   21.354000  0.000000e+00  2.268849e+02 
    0.000   21.850000  0.000000e+00  2.267964e+02 
    0.000   22.346001  0.000000e+00  2.267161e+02 
    0.000   22.841999  0.000000e+00  2.266385e+02 
    0.000   23.337000  0.000000e+00  2.265619e+02 
    0.000   23.833000  0.000000e+00  2.264924e+02 
    0.000   24.329000  0.000000e+00  2.264451e+02 
    0.000   24.824999  0.000000e+00  2.264246e+02 
    0.000   25.320000  0.000000e+00  2.264207e+02 
    0.000   25.816000  0.000000e+00  2.264198e+02 
    0.000   26.312000  0.000000e+00  2.264124e+02 
    0.000   26.808001  0.000000e+00  2.264133e+02 
    0.000   27.302999  0.000000e+00  2.264308e+02 
    0.000   27.799000  0.000000e+00  2.264599e+02 
    0.000   28.295000  0.000000e+00  2.264931e+02 
    0.000   28.791000  0.000000e+00  2.265337e+02 
    0.000   29.285999  0.000000e+00  2.265766e+02 
    0.000   29.782000  0.000000e+00  2.266220e+02 
    0.000   30.278000  0.000000e+00  2.266721e+02 
    0.000   30.774000  0.000000e+00  2.267300e+02 
    0.000   31.268999  0.000000e+00  2.267906e+02 
    0.000   31.764999  0.000000e+00  2.268491e+02 
    0.000   32.261002  0.000000e+00  2.269048e+02 
    0.000   32.757000  0.000000e+00  2.269588e+02 
    0.000   33.252003  0.000000e+00  2.270129e+02 
    0.000   33.748001  0.000000e+00  2.270689e+02 
    0.000   34.244003  0.000000e+00  2.271272e+02 
    0.000   34.740002  0.000000e+00  2.271894e+02 
    0.000   35.235001  0.000000e+00  2.272546e+02 
    0.000   35.731003  0.000000e+00  2.273179e+02 
    0.000   36.227001  0.000000e+00  2.273785e+02 
    0.000   36.723003  0.000000e+00  2.274320e+02 
    0.000   37.218002  0.000000e+00  2.274793e+02 
    0.000   37.714001  0.000000e+00  2.275231e+02 
    0.000   38.210003  0.000000e+00  2.275642e+02 
    0.000   38.706001  0.000000e+00  2.276063e+02 
    0.000   39.201000  0.000000e+00  2.276502e+02 
    0.000   39.697002  0.000000e+00  2.276966e+02 
    0.000   40.197002  0.000000e+00  2.277460e+02 
    0.000   45.197002  0.000000e+00  2.281929e+02 
    0.000   50.197002  0.000000e+00  2.284146e+02 
    0.000   55.197002  0.000000e+00  2.284094e+02 
    0.000   60.197002  0.000000e+00  2.283429e+02 
    0.000   65.196999  0.000000e+00  2.282901e+02 
