   68.010    0.000000  3.344225e-15  5.780982e+00 
   68.010    0.103000  3.362620e-15  5.870870e+00 
   68.010    0.206000  3.380815e-15  5.962275e+00 
   68.010    0.309000  3.398897e-15  6.054173e+00 
   68.010    0.412000  3.416929e-15  6.146067e+00 
   68.010    0.515000  3.434961e-15  6.237621e+00 
   68.010    0.618000  3.453027e-15  6.328680e+00 
   68.010    0.720000  7.590599e-15  1.095315e+01 
   68.010    0.823000  2.633662e-14  1.747659e+01 
   68.010    0.926000  1.296709e-13  2.523330e+01 
   68.010    1.029000  8.949698e-13  3.424991e+01 
   68.010    1.132000  8.159071e-12  4.422432e+01 
   68.010    1.235000  9.933785e-11  5.531761e+01 
   68.010    1.338000  1.587598e-09  6.751660e+01 
   68.010    1.441000  3.242445e-08  8.078180e+01 
   68.010    1.544000  8.306446e-07  9.518907e+01 
   68.010    1.646000  2.640230e-05  1.110816e+02 
   68.010    1.749000  1.100285e-03  1.293492e+02 
   68.010    1.852000  1.212952e-03  1.297447e+02 
   68.010    1.955000  1.604783e-03  1.312294e+02 
   68.010    2.058000  2.189065e-03  1.329593e+02 
   68.010    2.161000  3.041666e-03  1.348736e+02 
   68.010    2.264000  5.020505e-03  1.381882e+02 
   68.010    2.367000  8.959204e-03  1.421707e+02 
   68.010    2.470000  1.836114e-02  1.473125e+02 
   68.010    2.572000  4.583747e-02  1.541830e+02 
   68.010    2.675000  1.662207e-01  1.646123e+02 
   68.010    2.778000  1.223341e+00  1.836413e+02 
   68.010    2.881000  3.377717e+01  2.294451e+02 
   68.010    2.984000  4.440836e+01  2.337612e+02 
   68.010    3.087000  5.674852e+01  2.379335e+02 
   68.010    3.190000  6.783775e+01  2.410849e+02 
   68.010    3.293000  7.765508e+01  2.435269e+02 
   68.010    3.396000  8.480713e+01  2.451162e+02 
   68.010    3.498000  9.157391e+01  2.465309e+02 
   68.010    3.601000  9.923736e+01  2.480623e+02 
   68.010    3.704000  1.074257e+02  2.496105e+02 
   68.010    3.807000  1.159308e+02  2.511288e+02 
   68.010    3.910000  1.244994e+02  2.525734e+02 
   68.010    4.013000  1.331049e+02  2.539484e+02 
   68.010    4.116000  1.426443e+02  2.554013e+02 
   68.010    4.219000  1.528679e+02  2.568773e+02 
   68.010    4.322000  1.648016e+02  2.585089e+02 
   68.010    4.424000  1.790702e+02  2.603390e+02 
   68.010    4.527000  1.959874e+02  2.623501e+02 
   68.010    4.630000  2.154975e+02  2.644798e+02 
   68.010    4.733000  2.373945e+02  2.666675e+02 
   68.010    4.836000  2.612620e+02  2.688376e+02 
   68.010    4.939000  2.872840e+02  2.709790e+02 
   68.010    5.042000  3.105582e+02  2.727192e+02 
   68.010    5.145000  3.322655e+02  2.742155e+02 
   68.010    5.248000  3.478065e+02  2.752139e+02 
   68.010    5.350000  3.592683e+02  2.759171e+02 
   68.010    5.453000  3.675203e+02  2.764101e+02 
   68.010    5.556000  3.743805e+02  2.768172e+02 
   68.010    5.659000  3.785095e+02  2.770641e+02 
   68.010    5.762000  3.823092e+02  2.772975e+02 
   68.010    5.865000  3.859337e+02  2.775258e+02 
   68.010    5.968000  3.894734e+02  2.777535e+02 
   68.010    6.071000  3.939064e+02  2.780361e+02 
   68.010    6.174000  3.950708e+02  2.781296e+02 
   68.010    6.276000  3.962080e+02  2.782250e+02 
   68.010    6.379000  3.973442e+02  2.783235e+02 
   68.010    6.482000  3.984698e+02  2.784237e+02 
   68.010    6.585000  3.995877e+02  2.785251e+02 
   68.010    6.688000  4.014014e+02  2.786677e+02 
   68.010    6.791000  4.031853e+02  2.788089e+02 
   68.010    6.894000  4.050420e+02  2.789543e+02 
   68.010    6.997000  4.068738e+02  2.790979e+02 
   68.010    7.100000  4.087736e+02  2.792455e+02 
   68.010    7.203000  4.107697e+02  2.794001e+02 
   68.010    7.305000  4.125498e+02  2.795451e+02 
   68.010    7.408000  4.142939e+02  2.796911e+02 
   68.010    7.511000  4.159179e+02  2.798334e+02 
   68.010    7.614000  4.174564e+02  2.799749e+02 
   68.010    7.717000  4.189173e+02  2.801148e+02 
   68.010    7.820000  4.205459e+02  2.802650e+02 
   68.010    7.923000  4.219009e+02  2.804008e+02 
   68.010    8.026000  4.235396e+02  2.805529e+02 
   68.010    8.129000  4.249889e+02  2.806938e+02 
   68.010    8.231000  4.262911e+02  2.808250e+02 
   68.010    8.334000  4.276964e+02  2.809616e+02 
   68.010    8.437000  4.291376e+02  2.810989e+02 
   68.010    8.540000  4.310872e+02  2.812621e+02 
   68.010    8.643000  4.325062e+02  2.813952e+02 
   68.010    8.746000  4.340570e+02  2.815311e+02 
   68.010    8.849000  4.356030e+02  2.816652e+02 
   68.010    8.952000  4.367436e+02  2.818029e+02 
   68.010    9.055000  4.380572e+02  2.819553e+02 
   68.010    9.157000  4.385457e+02  2.820282e+02 
   68.010    9.260000  4.397468e+02  2.821371e+02 
   68.010    9.363000  4.410421e+02  2.822830e+02 
   68.010    9.466000  4.415240e+02  2.823513e+02 
   68.010    9.569000  4.420091e+02  2.824178e+02 
   68.010    9.672000  4.424992e+02  2.824824e+02 
   68.010    9.775000  4.429592e+02  2.825459e+02 
   68.010    9.878000  4.434171e+02  2.826077e+02 
   68.010    9.981000  4.438722e+02  2.826677e+02 
   68.010   10.083000  4.443181e+02  2.827254e+02 
   68.010   10.186000  4.447932e+02  2.827816e+02 
   68.010   10.289000  4.452590e+02  2.828364e+02 
   68.010   10.392000  4.457160e+02  2.828899e+02 
   68.010   10.495000  4.461652e+02  2.829423e+02 
   68.010   10.598000  4.466065e+02  2.829936e+02 
   68.010   10.701000  4.470407e+02  2.830439e+02 
   68.010   10.804000  4.474688e+02  2.830934e+02 
   68.010   10.907000  4.478908e+02  2.831421e+02 
   68.010   11.009000  4.483030e+02  2.831895e+02 
   68.010   11.112000  4.487140e+02  2.832367e+02 
   68.010   11.215000  4.491200e+02  2.832833e+02 
   68.010   11.318000  4.495208e+02  2.833293e+02 
   68.010   11.421000  4.499164e+02  2.833748e+02 
   68.010   11.524000  4.503070e+02  2.834198e+02 
   68.010   11.627000  4.506922e+02  2.834643e+02 
   68.010   11.730000  4.510717e+02  2.835084e+02 
   68.010   11.833000  4.514455e+02  2.835520e+02 
   68.010   11.934999  4.518099e+02  2.835948e+02 
   68.010   12.038000  4.521725e+02  2.836375e+02 
   68.010   12.141000  4.525300e+02  2.836797e+02 
   68.010   12.243999  4.528824e+02  2.837213e+02 
   68.010   12.347000  4.532299e+02  2.837624e+02 
   68.010   12.450000  4.535729e+02  2.838029e+02 
   68.010   12.552999  4.539113e+02  2.838428e+02 
   68.010   12.656000  4.542451e+02  2.838820e+02 
   68.010   12.759000  4.545747e+02  2.839207e+02 
   68.010   12.862000  4.549003e+02  2.839586e+02 
   68.010   12.964000  4.552190e+02  2.839956e+02 
   68.010   13.066999  4.555372e+02  2.840322e+02 
   68.010   13.170000  4.558517e+02  2.840681e+02 
   68.010   13.273000  4.561626e+02  2.841032e+02 
   68.010   13.375999  4.564701e+02  2.841375e+02 
   68.010   13.479000  4.567741e+02  2.841710e+02 
   68.010   13.582000  4.570747e+02  2.842036e+02 
   68.010   13.684999  4.573722e+02  2.842352e+02 
   68.010   13.788000  4.576665e+02  2.842658e+02 
   68.010   13.890000  4.579549e+02  2.842952e+02 
   68.010   13.993000  4.582430e+02  2.843239e+02 
   68.010   14.096000  4.585280e+02  2.843517e+02 
   68.010   14.199000  4.588098e+02  2.843785e+02 
   68.010   14.302000  4.590883e+02  2.844046e+02 
   68.010   14.405000  4.593635e+02  2.844300e+02 
   68.010   14.507999  4.596354e+02  2.844547e+02 
   68.010   14.611000  4.599040e+02  2.844788e+02 
   68.010   14.714000  4.601692e+02  2.845024e+02 
   68.010   14.816000  4.604286e+02  2.845252e+02 
   68.010   14.919000  4.606872e+02  2.845478e+02 
   68.010   15.022000  4.609426e+02  2.845698e+02 
   68.010   15.125000  4.611949e+02  2.845914e+02 
   68.010   15.228000  4.614785e+02  2.846165e+02 
   68.010   15.331000  4.617246e+02  2.846372e+02 
   68.010   15.434000  4.619678e+02  2.846573e+02 
   68.010   15.537000  4.622079e+02  2.846771e+02 
   68.010   15.640000  4.624450e+02  2.846963e+02 
   68.010   15.742000  4.626769e+02  2.847150e+02 
   68.010   15.845000  4.629084e+02  2.847333e+02 
   68.010   15.947999  4.631372e+02  2.847513e+02 
   68.010   16.051001  4.633635e+02  2.847686e+02 
   68.010   16.154001  4.635874e+02  2.847856e+02 
   68.010   16.257000  4.638089e+02  2.848020e+02 
   68.010   16.360001  4.640281e+02  2.848180e+02 
   68.010   16.463001  4.642451e+02  2.848334e+02 
   68.010   16.566000  4.644599e+02  2.848482e+02 
   68.010   16.668001  4.646706e+02  2.848623e+02 
   68.010   16.771000  4.648815e+02  2.848758e+02 
   68.010   16.874001  4.650906e+02  2.848886e+02 
   68.010   16.977001  4.652980e+02  2.849007e+02 
   68.010   17.080000  4.655040e+02  2.849119e+02 
   68.010   17.183001  4.657087e+02  2.849221e+02 
   68.010   17.286001  4.659123e+02  2.849315e+02 
   68.010   17.389000  4.661146e+02  2.849399e+02 
   68.010   17.492001  4.663155e+02  2.849474e+02 
   68.010   17.595001  4.665152e+02  2.849542e+02 
   68.010   17.697001  4.667117e+02  2.849601e+02 
   68.010   17.800001  4.669085e+02  2.849654e+02 
   68.010   17.903002  4.671038e+02  2.849701e+02 
   68.010   18.006001  4.672975e+02  2.849742e+02 
   68.010   18.109001  4.674895e+02  2.849778e+02 
   68.010   18.212000  4.676799e+02  2.849809e+02 
   68.010   18.315001  4.678687e+02  2.849835e+02 
   68.010   18.418001  4.680560e+02  2.849856e+02 
   68.010   18.521000  4.682417e+02  2.849871e+02 
   68.010   18.623001  4.684240e+02  2.849882e+02 
   68.010   18.726002  4.686068e+02  2.849887e+02 
   68.010   18.829000  4.687879e+02  2.849888e+02 
   68.010   18.932001  4.689676e+02  2.849884e+02 
   68.010   19.035002  4.691458e+02  2.849875e+02 
   68.010   19.138000  4.693228e+02  2.849862e+02 
   68.010   19.241001  4.694984e+02  2.849845e+02 
   68.010   19.344002  4.696726e+02  2.849823e+02 
   68.010   19.447001  4.698456e+02  2.849797e+02 
   68.010   19.549002  4.700157e+02  2.849767e+02 
   68.010   19.652000  4.701862e+02  2.849731e+02 
   68.010   19.755001  4.703554e+02  2.849692e+02 
   68.010   19.858002  4.705234e+02  2.849649e+02 
   68.010   19.961000  4.706902e+02  2.849601e+02 
   68.010   20.064001  4.708560e+02  2.849547e+02 
   68.010   20.363001  4.713318e+02  2.849363e+02 
   68.010   20.859001  4.720982e+02  2.848994e+02 
   68.010   21.355001  4.728363e+02  2.848552e+02 
   68.010   21.850000  4.735435e+02  2.848058e+02 
   68.010   22.346001  4.742155e+02  2.847558e+02 
   68.010   22.842001  4.748452e+02  2.847096e+02 
   68.010   23.338001  4.754319e+02  2.846682e+02 
   68.010   23.833000  4.759801e+02  2.846298e+02 
   68.010   24.329000  4.764981e+02  2.845920e+02 
   68.010   24.825001  4.769857e+02  2.845550e+02 
   68.010   25.321001  4.774408e+02  2.845204e+02 
   68.010   25.816000  4.778646e+02  2.844883e+02 
   68.010   26.312000  4.782616e+02  2.844578e+02 
   68.010   26.808001  4.786331e+02  2.844285e+02 
   68.010   27.304001  4.789802e+02  2.844006e+02 
   68.010   27.800001  4.793044e+02  2.843739e+02 
   68.010   28.295000  4.796073e+02  2.843481e+02 
   68.010   28.791000  4.798929e+02  2.843228e+02 
   68.010   29.287001  4.801628e+02  2.842977e+02 
   68.010   29.783001  4.804188e+02  2.842726e+02 
   68.010   30.278002  4.806620e+02  2.842474e+02 
   68.010   30.774000  4.808950e+02  2.842223e+02 
   68.010   31.270000  4.811190e+02  2.841973e+02 
   68.010   31.766001  4.813355e+02  2.841725e+02 
   68.010   32.260998  4.815461e+02  2.841480e+02 
   68.010   32.757000  4.817539e+02  2.841237e+02 
   68.010   33.252998  4.819600e+02  2.840997e+02 
   68.010   33.749001  4.821661e+02  2.840764e+02 
   68.010   34.243999  4.823730e+02  2.840543e+02 
   68.010   34.739998  4.825832e+02  2.840333e+02 
   68.010   35.236000  4.827974e+02  2.840135e+02 
   68.010   35.731998  4.830167e+02  2.839950e+02 
   68.010   36.226997  4.832412e+02  2.839776e+02 
   68.010   36.723000  4.834718e+02  2.839614e+02 
   68.010   37.218998  4.837077e+02  2.839462e+02 
   68.010   37.715000  4.839479e+02  2.839321e+02 
   68.010   38.209999  4.841909e+02  2.839189e+02 
   68.010   38.705997  4.844356e+02  2.839069e+02 
   68.010   39.202000  4.846800e+02  2.838958e+02 
   68.010   39.697998  4.849216e+02  2.838858e+02 
   68.010   40.197998  4.851574e+02  2.838780e+02 
   68.010   45.197998  4.870184e+02  2.838475e+02 
   68.010   50.197998  4.877265e+02  2.838460e+02 
   68.010   55.197998  4.879731e+02  2.838500e+02 
   68.010   60.197998  4.887031e+02  2.838539e+02 
   68.010   65.198006  4.899323e+02  2.838567e+02 
