   67.022    0.000000  6.192021e+00  2.325335e+01 
   67.022    0.103000  6.226143e+00  2.345594e+01 
   67.022    0.206000  6.260082e+00  2.367056e+01 
   67.022    0.309000  6.293834e+00  2.389247e+01 
   67.022    0.412000  6.327534e+00  2.411898e+01 
   67.022    0.514000  6.360913e+00  2.434633e+01 
   67.022    0.617000  6.394598e+00  2.457815e+01 
   67.022    0.720000  6.428246e+00  2.481165e+01 
   67.022    0.823000  6.461852e+00  2.504632e+01 
   67.022    0.926000  6.495411e+00  2.528178e+01 
   67.022    1.029000  6.528935e+00  2.551773e+01 
   67.022    1.132000  6.562480e+00  2.575378e+01 
   67.022    1.235000  6.596158e+00  2.598957e+01 
   67.022    1.338000  6.630017e+00  2.622496e+01 
   67.022    1.440000  6.663575e+00  2.645773e+01 
   67.022    1.543000  6.697291e+00  2.669264e+01 
   67.022    1.646000  6.730771e+00  2.692728e+01 
   67.022    1.749000  6.764013e+00  2.716145e+01 
   67.022    1.852000  1.054181e+01  4.053997e+01 
   67.022    1.955000  3.006063e+01  7.100505e+01 
   67.022    2.058000  3.709504e+02  1.458780e+02 
   67.022    2.161000  3.743925e+02  1.460016e+02 
   67.022    2.264000  3.762170e+02  1.459621e+02 
   67.022    2.366000  3.780074e+02  1.459623e+02 
   67.022    2.469000  3.798015e+02  1.459925e+02 
   67.022    2.572000  3.815862e+02  1.460463e+02 
   67.022    2.675000  3.833619e+02  1.461197e+02 
   67.022    2.778000  3.851317e+02  1.462090e+02 
   67.022    2.881000  3.868942e+02  1.463121e+02 
   67.022    2.984000  3.886471e+02  1.464274e+02 
   67.022    3.087000  3.903884e+02  1.465536e+02 
   67.022    3.190000  3.921163e+02  1.466894e+02 
   67.022    3.293000  3.938310e+02  1.468336e+02 
   67.022    3.395000  3.955175e+02  1.469835e+02 
   67.022    3.498000  3.972093e+02  1.471412e+02 
   67.022    3.601000  3.988961e+02  1.473039e+02 
   67.022    3.704000  4.005829e+02  1.474706e+02 
   67.022    3.807000  4.022697e+02  1.476409e+02 
   67.022    3.910000  4.039575e+02  1.478144e+02 
   67.022    4.013000  4.056458e+02  1.479906e+02 
   67.022    4.116000  4.073281e+02  1.481695e+02 
   67.022    4.219000  4.089961e+02  1.483513e+02 
   67.022    4.321000  4.106297e+02  1.485338e+02 
   67.022    4.424000  4.122575e+02  1.487204e+02 
   67.022    4.527000  4.138600e+02  1.489090e+02 
   67.022    4.630000  4.154364e+02  1.490991e+02 
   67.022    4.733000  4.169875e+02  1.492902e+02 
   67.022    4.836000  4.185096e+02  1.494823e+02 
   67.022    4.939000  4.200036e+02  1.496749e+02 
   67.022    5.042000  4.214711e+02  1.498679e+02 
   67.022    5.145000  4.229095e+02  1.500611e+02 
   67.022    5.247000  4.243054e+02  1.502523e+02 
   67.022    5.350000  4.256858e+02  1.504454e+02 
   67.022    5.453000  4.270364e+02  1.506381e+02 
   67.022    5.556000  4.283586e+02  1.508305e+02 
   67.022    5.659000  4.296514e+02  1.510224e+02 
   67.022    5.762000  4.309167e+02  1.512136e+02 
   67.022    5.865000  4.321577e+02  1.514040e+02 
   67.022    5.968000  4.333743e+02  1.515936e+02 
   67.022    6.071000  4.345710e+02  1.517820e+02 
   67.022    6.173000  4.357431e+02  1.519672e+02 
   67.022    6.276000  4.369158e+02  1.521525e+02 
   67.022    6.379000  4.380832e+02  1.523361e+02 
   67.022    6.482000  4.392485e+02  1.525179e+02 
   67.022    6.585000  4.404128e+02  1.526979e+02 
   67.022    6.688000  4.415767e+02  1.528760e+02 
   67.022    6.791000  4.427394e+02  1.530521e+02 
   67.022    6.894000  4.438930e+02  1.532263e+02 
   67.022    6.997000  4.450274e+02  1.533985e+02 
   67.022    7.099000  4.461220e+02  1.535672e+02 
   67.022    7.202000  4.471764e+02  1.537356e+02 
   67.022    7.305000  4.481606e+02  1.539018e+02 
   67.022    7.408000  4.490730e+02  1.540655e+02 
   67.022    7.511000  4.499153e+02  1.542268e+02 
   67.022    7.614000  4.506828e+02  1.543857e+02 
   67.022    7.717000  4.513960e+02  1.545421e+02 
   67.022    7.820000  4.520882e+02  1.546960e+02 
   67.022    7.923000  4.527644e+02  1.548476e+02 
   67.022    8.025000  4.534234e+02  1.549955e+02 
   67.022    8.128000  4.540850e+02  1.551428e+02 
   67.022    8.231000  4.547423e+02  1.552880e+02 
   67.022    8.334000  4.553894e+02  1.554311e+02 
   67.022    8.437000  4.560210e+02  1.555719e+02 
   67.022    8.540000  4.566369e+02  1.557105e+02 
   67.022    8.643000  4.572396e+02  1.558467e+02 
   67.022    8.746000  4.578307e+02  1.559804e+02 
   67.022    8.849000  4.584107e+02  1.561117e+02 
   67.022    8.951000  4.589750e+02  1.562392e+02 
   67.022    9.054000  4.595349e+02  1.563655e+02 
   67.022    9.157000  4.600846e+02  1.564893e+02 
   67.022    9.260000  4.606235e+02  1.566105e+02 
   67.022    9.363000  4.611514e+02  1.567292e+02 
   67.022    9.466000  4.616685e+02  1.568454e+02 
   67.022    9.569000  4.621755e+02  1.569594e+02 
   67.022    9.672000  4.626727e+02  1.570713e+02 
   67.022    9.775000  4.631590e+02  1.571809e+02 
   67.022    9.878000  4.636327e+02  1.572885e+02 
   67.022    9.980000  4.640892e+02  1.573929e+02 
   67.022   10.083000  4.645720e+02  1.574958e+02 
   67.022   10.186000  4.650468e+02  1.575968e+02 
   67.022   10.289000  4.655143e+02  1.576961e+02 
   67.022   10.392000  4.659749e+02  1.577936e+02 
   67.022   10.495000  4.664291e+02  1.578893e+02 
   67.022   10.598000  4.668768e+02  1.579834e+02 
   67.022   10.701000  4.673174e+02  1.580758e+02 
   67.022   10.804000  4.677502e+02  1.581668e+02 
   67.022   10.906000  4.681710e+02  1.582554e+02 
   67.022   11.009000  4.685892e+02  1.583436e+02 
   67.022   11.112000  4.690026e+02  1.584306e+02 
   67.022   11.215000  4.694116e+02  1.585164e+02 
   67.022   11.318000  4.698159e+02  1.586010e+02 
   67.022   11.421000  4.702154e+02  1.586844e+02 
   67.022   11.524000  4.706101e+02  1.587667e+02 
   67.022   11.627000  4.709998e+02  1.588479e+02 
   67.022   11.730000  4.713841e+02  1.589281e+02 
   67.022   11.832000  4.717595e+02  1.590064e+02 
   67.022   11.935000  4.721331e+02  1.590845e+02 
   67.022   12.038000  4.725014e+02  1.591615e+02 
   67.022   12.141000  4.728646e+02  1.592375e+02 
   67.022   12.244000  4.732226e+02  1.593125e+02 
   67.022   12.347000  4.735756e+02  1.593864e+02 
   67.022   12.450000  4.739237e+02  1.594593e+02 
   67.022   12.553000  4.742669e+02  1.595311e+02 
   67.022   12.656000  4.746052e+02  1.596019e+02 
   67.022   12.758000  4.749356e+02  1.596708e+02 
   67.022   12.861000  4.752650e+02  1.597394e+02 
   67.022   12.964000  4.755903e+02  1.598068e+02 
   67.022   13.067000  4.759117e+02  1.598730e+02 
   67.022   13.170000  4.762293e+02  1.599382e+02 
   67.022   13.273000  4.765430e+02  1.600021e+02 
   67.022   13.376000  4.768531e+02  1.600650e+02 
   67.022   13.479000  4.771597e+02  1.601267e+02 
   67.022   13.582000  4.774626e+02  1.601873e+02 
   67.022   13.684000  4.777591e+02  1.602462e+02 
   67.022   13.787000  4.780552e+02  1.603047e+02 
   67.022   13.890000  4.783479e+02  1.603620e+02 
   67.022   13.993000  4.786374e+02  1.604182e+02 
   67.022   14.096000  4.789237e+02  1.604733e+02 
   67.022   14.199000  4.792068e+02  1.605272e+02 
   67.022   14.302000  4.794868e+02  1.605801e+02 
   67.022   14.405000  4.797636e+02  1.606319e+02 
   67.022   14.508000  4.800374e+02  1.606827e+02 
   67.022   14.610000  4.803054e+02  1.607319e+02 
   67.022   14.713000  4.805729e+02  1.607807e+02 
   67.022   14.816000  4.808373e+02  1.608286e+02 
   67.022   14.919000  4.810985e+02  1.608756e+02 
   67.022   15.022000  4.813566e+02  1.609218e+02 
   67.022   15.125000  4.816115e+02  1.609671e+02 
   67.022   15.228000  4.818634e+02  1.610116e+02 
   67.022   15.331000  4.821121e+02  1.610554e+02 
   67.022   15.434000  4.823578e+02  1.610983e+02 
   67.022   15.537000  4.826005e+02  1.611406e+02 
   67.022   15.639000  4.828380e+02  1.611817e+02 
   67.022   15.742000  4.830748e+02  1.612224e+02 
   67.022   15.845000  4.833088e+02  1.612624e+02 
   67.022   15.948000  4.835401e+02  1.613017e+02 
   67.022   16.051001  4.837688e+02  1.613403e+02 
   67.022   16.153999  4.839951e+02  1.613780e+02 
   67.022   16.257000  4.842190e+02  1.614150e+02 
   67.022   16.360001  4.844405e+02  1.614512e+02 
   67.022   16.462999  4.846596e+02  1.614868e+02 
   67.022   16.565001  4.848743e+02  1.615212e+02 
   67.022   16.667999  4.850889e+02  1.615553e+02 
   67.022   16.771000  4.853014e+02  1.615886e+02 
   67.022   16.874001  4.855119e+02  1.616211e+02 
   67.022   16.976999  4.857205e+02  1.616530e+02 
   67.022   17.080000  4.859272e+02  1.616840e+02 
   67.022   17.183001  4.861326e+02  1.617141e+02 
   67.022   17.285999  4.863364e+02  1.617433e+02 
   67.022   17.389000  4.865388e+02  1.617717e+02 
   67.022   17.490999  4.867381e+02  1.617989e+02 
   67.022   17.594000  4.869381e+02  1.618255e+02 
   67.022   17.697001  4.871369e+02  1.618511e+02 
   67.022   17.799999  4.873344e+02  1.618760e+02 
   67.022   17.903000  4.875306e+02  1.619000e+02 
   67.022   18.006001  4.877253e+02  1.619233e+02 
   67.022   18.108999  4.879186e+02  1.619458e+02 
   67.022   18.212000  4.881102e+02  1.619677e+02 
   67.022   18.315001  4.883000e+02  1.619890e+02 
   67.022   18.417000  4.884862e+02  1.620096e+02 
   67.022   18.520000  4.886725e+02  1.620297e+02 
   67.022   18.622999  4.888573e+02  1.620492e+02 
   67.022   18.726000  4.890405e+02  1.620680e+02 
   67.022   18.829000  4.892221e+02  1.620863e+02 
   67.022   18.931999  4.894023e+02  1.621040e+02 
   67.022   19.035000  4.895812e+02  1.621209e+02 
   67.022   19.138000  4.897589e+02  1.621373e+02 
   67.022   19.240999  4.899353e+02  1.621530e+02 
   67.022   19.343000  4.901088e+02  1.621680e+02 
   67.022   19.445999  4.902826e+02  1.621826e+02 
   67.022   19.549000  4.904551e+02  1.621967e+02 
   67.022   19.652000  4.906263e+02  1.622102e+02 
   67.022   19.754999  4.907962e+02  1.622232e+02 
   67.022   19.858000  4.909647e+02  1.622357e+02 
   67.022   19.961000  4.911318e+02  1.622478e+02 
   67.022   20.063999  4.912980e+02  1.622593e+02 
   67.022   20.363001  4.917751e+02  1.622894e+02 
   67.022   20.858999  4.925438e+02  1.623309e+02 
   67.022   21.355000  4.932842e+02  1.623626e+02 
   67.022   21.850000  4.939968e+02  1.623848e+02 
   67.022   22.346001  4.946797e+02  1.624006e+02 
   67.022   22.842001  4.953247e+02  1.624140e+02 
   67.022   23.337999  4.959275e+02  1.624272e+02 
   67.022   23.833000  4.964880e+02  1.624406e+02 
   67.022   24.329000  4.970135e+02  1.624530e+02 
   67.022   24.825001  4.975074e+02  1.624633e+02 
   67.022   25.320999  4.979701e+02  1.624720e+02 
   67.022   25.816000  4.984013e+02  1.624800e+02 
   67.022   26.312000  4.988046e+02  1.624874e+02 
   67.022   26.808001  4.991824e+02  1.624936e+02 
   67.022   27.304001  4.995365e+02  1.624985e+02 
   67.022   27.799000  4.998668e+02  1.625023e+02 
   67.022   28.295000  5.001755e+02  1.625052e+02 
   67.022   28.791000  5.004645e+02  1.625073e+02 
   67.022   29.287001  5.007370e+02  1.625083e+02 
   67.022   29.782000  5.009954e+02  1.625080e+02 
   67.022   30.278000  5.012427e+02  1.625063e+02 
   67.022   30.774000  5.014801e+02  1.625034e+02 
   67.022   31.270000  5.017093e+02  1.624993e+02 
   67.022   31.764999  5.019313e+02  1.624943e+02 
   67.022   32.261002  5.021494e+02  1.624885e+02 
   67.022   32.757000  5.023649e+02  1.624821e+02 
   67.022   33.252998  5.025793e+02  1.624754e+02 
   67.022   33.748001  5.027938e+02  1.624686e+02 
   67.022   34.243999  5.030105e+02  1.624619e+02 
   67.022   34.740002  5.032306e+02  1.624554e+02 
   67.022   35.236000  5.034551e+02  1.624492e+02 
   67.022   35.730999  5.036846e+02  1.624434e+02 
   67.022   36.227001  5.039206e+02  1.624380e+02 
   67.022   36.723000  5.041624e+02  1.624329e+02 
   67.022   37.219002  5.044095e+02  1.624281e+02 
   67.022   37.714001  5.046600e+02  1.624237e+02 
   67.022   38.209999  5.049135e+02  1.624197e+02 
   67.022   38.706001  5.051675e+02  1.624160e+02 
   67.022   39.202000  5.054203e+02  1.624127e+02 
   67.022   39.696999  5.056688e+02  1.624099e+02 
   67.022   40.196999  5.059110e+02  1.624083e+02 
   67.022   45.196999  5.077993e+02  1.624146e+02 
   67.022   50.196999  5.085096e+02  1.624277e+02 
   67.022   55.196999  5.087628e+02  1.624380e+02 
   67.022   60.196999  5.095464e+02  1.624449e+02 
   67.022   65.196999  5.107943e+02  1.624492e+02 
