    0.000    0.000000  0.000000e+00  3.535037e+02 
    0.000    0.103000  0.000000e+00  3.526138e+02 
    0.000    0.205000  0.000000e+00  3.513097e+02 
    0.000    0.308000  0.000000e+00  3.497930e+02 
    0.000    0.411000  0.000000e+00  3.482804e+02 
    0.000    0.514000  0.000000e+00  3.467281e+02 
    0.000    0.617000  0.000000e+00  3.388993e+02 
    0.000    0.720000  0.000000e+00  3.334489e+02 
    0.000    0.823000  0.000000e+00  3.294640e+02 
    0.000    0.926000  0.000000e+00  3.261701e+02 
    0.000    1.029000  0.000000e+00  3.231868e+02 
    0.000    1.131000  0.000000e+00  3.201320e+02 
    0.000    1.234000  0.000000e+00  3.172054e+02 
    0.000    1.337000  0.000000e+00  3.144772e+02 
    0.000    1.440000  0.000000e+00  3.119716e+02 
    0.000    1.543000  0.000000e+00  3.096123e+02 
    0.000    1.646000  0.000000e+00  3.069953e+02 
    0.000    1.749000  0.000000e+00  3.058430e+02 
    0.000    1.852000  0.000000e+00  3.039289e+02 
    0.000    1.955000  0.000000e+00  3.024153e+02 
    0.000    2.057000  0.000000e+00  3.011699e+02 
    0.000    2.160000  0.000000e+00  2.970770e+02 
    0.000    2.263000  0.000000e+00  2.938277e+02 
    0.000    2.366000  0.000000e+00  2.929957e+02 
    0.000    2.469000  0.000000e+00  2.920430e+02 
    0.000    2.572000  0.000000e+00  2.910667e+02 
    0.000    2.675000  0.000000e+00  2.893810e+02 
    0.000    2.778000  0.000000e+00  2.873630e+02 
    0.000    2.881000  0.000000e+00  2.848813e+02 
    0.000    2.983000  0.000000e+00  2.818524e+02 
    0.000    3.086000  0.000000e+00  2.782708e+02 
    0.000    3.189000  0.000000e+00  2.742744e+02 
    0.000    3.292000  0.000000e+00  2.697235e+02 
    0.000    3.395000  0.000000e+00  2.689688e+02 
    0.000    3.498000  0.000000e+00  2.680934e+02 
    0.000    3.601000  0.000000e+00  2.671523e+02 
    0.000    3.704000  0.000000e+00  2.661658e+02 
    0.000    3.807000  0.000000e+00  2.651535e+02 
    0.000    3.910000  0.000000e+00  2.641076e+02 
    0.000    4.012000  0.000000e+00  2.630506e+02 
    0.000    4.115000  0.000000e+00  2.619679e+02 
    0.000    4.218000  0.000000e+00  2.608681e+02 
    0.000    4.321000  0.000000e+00  2.597627e+02 
    0.000    4.424000  0.000000e+00  2.586425e+02 
    0.000    4.527000  0.000000e+00  2.574921e+02 
    0.000    4.630000  0.000000e+00  2.563401e+02 
    0.000    4.733000  0.000000e+00  2.551809e+02 
    0.000    4.836000  0.000000e+00  2.540239e+02 
    0.000    4.938000  0.000000e+00  2.529118e+02 
    0.000    5.041000  0.000000e+00  2.517529e+02 
    0.000    5.144000  0.000000e+00  2.505439e+02 
    0.000    5.247000  0.000000e+00  2.492781e+02 
    0.000    5.350000  0.000000e+00  2.478933e+02 
    0.000    5.453000  0.000000e+00  2.463405e+02 
    0.000    5.556000  0.000000e+00  2.445703e+02 
    0.000    5.659000  0.000000e+00  2.426343e+02 
    0.000    5.762000  0.000000e+00  2.405070e+02 
    0.000    5.864000  0.000000e+00  2.381876e+02 
    0.000    5.967000  0.000000e+00  2.355509e+02 
    0.000    6.070000  0.000000e+00  2.327187e+02 
    0.000    6.173000  0.000000e+00  2.295188e+02 
    0.000    6.276000  0.000000e+00  2.260823e+02 
    0.000    6.379000  0.000000e+00  2.230132e+02 
    0.000    6.482000  0.000000e+00  2.198390e+02 
    0.000    6.585000  0.000000e+00  2.170625e+02 
    0.000    6.688000  0.000000e+00  2.141008e+02 
    0.000    6.790000  0.000000e+00  2.125074e+02 
    0.000    6.893000  0.000000e+00  2.118644e+02 
    0.000    6.996000  0.000000e+00  2.112340e+02 
    0.000    7.099000  0.000000e+00  2.106186e+02 
    0.000    7.202000  0.000000e+00  2.101414e+02 
    0.000    7.305000  0.000000e+00  2.098020e+02 
    0.000    7.408000  0.000000e+00  2.095416e+02 
    0.000    7.511000  0.000000e+00  2.094121e+02 
    0.000    7.614000  0.000000e+00  2.092262e+02 
    0.000    7.716000  0.000000e+00  2.090766e+02 
    0.000    7.819000  0.000000e+00  2.089388e+02 
    0.000    7.922000  0.000000e+00  2.088383e+02 
    0.000    8.025000  0.000000e+00  2.087294e+02 
    0.000    8.128000  0.000000e+00  2.086095e+02 
    0.000    8.231000  0.000000e+00  2.084866e+02 
    0.000    8.334000  0.000000e+00  2.083387e+02 
    0.000    8.437000  0.000000e+00  2.081888e+02 
    0.000    8.540000  0.000000e+00  2.080323e+02 
    0.000    8.642000  0.000000e+00  2.078655e+02 
    0.000    8.745000  0.000000e+00  2.077962e+02 
    0.000    8.848000  0.000000e+00  2.077186e+02 
    0.000    8.951000  0.000000e+00  2.076372e+02 
    0.000    9.054000  0.000000e+00  2.075529e+02 
    0.000    9.157000  0.000000e+00  2.074677e+02 
    0.000    9.260000  0.000000e+00  2.073912e+02 
    0.000    9.363000  0.000000e+00  2.073207e+02 
    0.000    9.466000  0.000000e+00  2.072552e+02 
    0.000    9.569000  0.000000e+00  2.072006e+02 
    0.000    9.671000  0.000000e+00  2.071543e+02 
    0.000    9.774000  0.000000e+00  2.071174e+02 
    0.000    9.877000  0.000000e+00  2.070998e+02 
    0.000    9.980000  0.000000e+00  2.070959e+02 
    0.000   10.083000  0.000000e+00  2.070956e+02 
    0.000   10.186000  0.000000e+00  2.070885e+02 
    0.000   10.289000  0.000000e+00  2.070775e+02 
    0.000   10.392000  0.000000e+00  2.070636e+02 
    0.000   10.495000  0.000000e+00  2.070436e+02 
    0.000   10.597000  0.000000e+00  2.070201e+02 
    0.000   10.700000  0.000000e+00  2.069942e+02 
    0.000   10.803000  0.000000e+00  2.069657e+02 
    0.000   10.906000  0.000000e+00  2.069357e+02 
    0.000   11.009000  0.000000e+00  2.069023e+02 
    0.000   11.112000  0.000000e+00  2.068596e+02 
    0.000   11.215000  0.000000e+00  2.068104e+02 
    0.000   11.318000  0.000000e+00  2.067574e+02 
    0.000   11.421000  0.000000e+00  2.067002e+02 
    0.000   11.523000  0.000000e+00  2.066405e+02 
    0.000   11.626000  0.000000e+00  2.065786e+02 
    0.000   11.729000  0.000000e+00  2.065173e+02 
    0.000   11.832000  0.000000e+00  2.064565e+02 
    0.000   11.935000  0.000000e+00  2.063957e+02 
    0.000   12.038000  0.000000e+00  2.063346e+02 
    0.000   12.141000  0.000000e+00  2.062733e+02 
    0.000   12.244000  0.000000e+00  2.062119e+02 
    0.000   12.347000  0.000000e+00  2.061502e+02 
    0.000   12.449000  0.000000e+00  2.060889e+02 
    0.000   12.552000  0.000000e+00  2.060269e+02 
    0.000   12.655000  0.000000e+00  2.059672e+02 
    0.000   12.758000  0.000000e+00  2.059102e+02 
    0.000   12.861000  0.000000e+00  2.058549e+02 
    0.000   12.964000  0.000000e+00  2.058015e+02 
    0.000   13.067000  0.000000e+00  2.057501e+02 
    0.000   13.170000  0.000000e+00  2.057003e+02 
    0.000   13.273000  0.000000e+00  2.056519e+02 
    0.000   13.375000  0.000000e+00  2.056055e+02 
    0.000   13.478000  0.000000e+00  2.055600e+02 
    0.000   13.581000  0.000000e+00  2.055155e+02 
    0.000   13.684000  0.000000e+00  2.054721e+02 
    0.000   13.787000  0.000000e+00  2.054297e+02 
    0.000   13.890000  0.000000e+00  2.053881e+02 
    0.000   13.993000  0.000000e+00  2.053478e+02 
    0.000   14.096000  0.000000e+00  2.053086e+02 
    0.000   14.199000  0.000000e+00  2.052703e+02 
    0.000   14.301000  0.000000e+00  2.052338e+02 
    0.000   14.404000  0.000000e+00  2.051985e+02 
    0.000   14.507000  0.000000e+00  2.051646e+02 
    0.000   14.610000  0.000000e+00  2.051314e+02 
    0.000   14.713000  0.000000e+00  2.050983e+02 
    0.000   14.816000  0.000000e+00  2.050653e+02 
    0.000   14.919000  0.000000e+00  2.050328e+02 
    0.000   15.022000  0.000000e+00  2.049999e+02 
    0.000   15.125000  0.000000e+00  2.049666e+02 
    0.000   15.228000  0.000000e+00  2.049335e+02 
    0.000   15.330000  0.000000e+00  2.049020e+02 
    0.000   15.433000  0.000000e+00  2.048723e+02 
    0.000   15.536000  0.000000e+00  2.048441e+02 
    0.000   15.639000  0.000000e+00  2.048163e+02 
    0.000   15.742000  0.000000e+00  2.047872e+02 
    0.000   15.845000  0.000000e+00  2.047570e+02 
    0.000   15.948000  0.000000e+00  2.047264e+02 
    0.000   16.051001  0.000000e+00  2.046919e+02 
    0.000   16.153999  0.000000e+00  2.046535e+02 
    0.000   16.256001  0.000000e+00  2.046131e+02 
    0.000   16.358999  0.000000e+00  2.045707e+02 
    0.000   16.462000  0.000000e+00  2.045276e+02 
    0.000   16.565001  0.000000e+00  2.044838e+02 
    0.000   16.667999  0.000000e+00  2.044395e+02 
    0.000   16.771000  0.000000e+00  2.043970e+02 
    0.000   16.874001  0.000000e+00  2.043560e+02 
    0.000   16.976999  0.000000e+00  2.043160e+02 
    0.000   17.080000  0.000000e+00  2.042779e+02 
    0.000   17.181999  0.000000e+00  2.042429e+02 
    0.000   17.285000  0.000000e+00  2.042097e+02 
    0.000   17.388000  0.000000e+00  2.041779e+02 
    0.000   17.490999  0.000000e+00  2.041480e+02 
    0.000   17.594000  0.000000e+00  2.041197e+02 
    0.000   17.697001  0.000000e+00  2.040926e+02 
    0.000   17.799999  0.000000e+00  2.040663e+02 
    0.000   17.903000  0.000000e+00  2.040402e+02 
    0.000   18.006001  0.000000e+00  2.040145e+02 
    0.000   18.108000  0.000000e+00  2.039894e+02 
    0.000   18.211000  0.000000e+00  2.039640e+02 
    0.000   18.313999  0.000000e+00  2.039385e+02 
    0.000   18.417000  0.000000e+00  2.039131e+02 
    0.000   18.520000  0.000000e+00  2.038879e+02 
    0.000   18.622999  0.000000e+00  2.038629e+02 
    0.000   18.726000  0.000000e+00  2.038382e+02 
    0.000   18.829000  0.000000e+00  2.038137e+02 
    0.000   18.931999  0.000000e+00  2.037892e+02 
    0.000   19.034000  0.000000e+00  2.037646e+02 
    0.000   19.136999  0.000000e+00  2.037396e+02 
    0.000   19.240000  0.000000e+00  2.037146e+02 
    0.000   19.343000  0.000000e+00  2.036893e+02 
    0.000   19.445999  0.000000e+00  2.036637e+02 
    0.000   19.549000  0.000000e+00  2.036379e+02 
    0.000   19.652000  0.000000e+00  2.036120e+02 
    0.000   19.754999  0.000000e+00  2.035865e+02 
    0.000   19.858000  0.000000e+00  2.035614e+02 
    0.000   19.961000  0.000000e+00  2.035365e+02 
    0.000   20.063000  0.000000e+00  2.035120e+02 
    0.000   20.363001  0.000000e+00  2.034451e+02 
    0.000   20.858000  0.000000e+00  2.033489e+02 
    0.000   21.354000  0.000000e+00  2.032646e+02 
    0.000   21.850000  0.000000e+00  2.031907e+02 
    0.000   22.346001  0.000000e+00  2.031152e+02 
    0.000   22.841000  0.000000e+00  2.030372e+02 
    0.000   23.337000  0.000000e+00  2.029668e+02 
    0.000   23.833000  0.000000e+00  2.029141e+02 
    0.000   24.329000  0.000000e+00  2.028819e+02 
    0.000   24.823999  0.000000e+00  2.028625e+02 
    0.000   25.320000  0.000000e+00  2.028545e+02 
    0.000   25.816000  0.000000e+00  2.028607e+02 
    0.000   26.312000  0.000000e+00  2.028739e+02 
    0.000   26.806999  0.000000e+00  2.028923e+02 
    0.000   27.302999  0.000000e+00  2.029141e+02 
    0.000   27.799000  0.000000e+00  2.029382e+02 
    0.000   28.295000  0.000000e+00  2.029661e+02 
    0.000   28.791000  0.000000e+00  2.030018e+02 
    0.000   29.285999  0.000000e+00  2.030459e+02 
    0.000   29.782000  0.000000e+00  2.030967e+02 
    0.000   30.278000  0.000000e+00  2.031524e+02 
    0.000   30.774000  0.000000e+00  2.032090e+02 
    0.000   31.268999  0.000000e+00  2.032657e+02 
    0.000   31.764999  0.000000e+00  2.033224e+02 
    0.000   32.261002  0.000000e+00  2.033796e+02 
    0.000   32.757000  0.000000e+00  2.034376e+02 
    0.000   33.251999  0.000000e+00  2.034974e+02 
    0.000   33.748001  0.000000e+00  2.035602e+02 
    0.000   34.243999  0.000000e+00  2.036259e+02 
    0.000   34.740002  0.000000e+00  2.036909e+02 
    0.000   35.235001  0.000000e+00  2.037537e+02 
    0.000   35.730999  0.000000e+00  2.038128e+02 
    0.000   36.227001  0.000000e+00  2.038683e+02 
    0.000   36.723000  0.000000e+00  2.039198e+02 
    0.000   37.217999  0.000000e+00  2.039680e+02 
    0.000   37.714001  0.000000e+00  2.040131e+02 
    0.000   38.209999  0.000000e+00  2.040554e+02 
    0.000   38.706001  0.000000e+00  2.040979e+02 
    0.000   39.201000  0.000000e+00  2.041415e+02 
    0.000   39.696999  0.000000e+00  2.041880e+02 
    0.000   40.196999  0.000000e+00  2.042390e+02 
    0.000   45.196999  0.000000e+00  2.046911e+02 
    0.000   50.196999  0.000000e+00  2.049162e+02 
    0.000   55.196999  0.000000e+00  2.049144e+02 
    0.000   60.196999  0.000000e+00  2.048460e+02 
    0.000   65.196999  0.000000e+00  2.047937e+02 
