   67.883    0.000000  7.244242e-12  6.920882e+00 
   67.883    0.103000  7.283960e-12  7.022676e+00 
   67.883    0.205000  7.322856e-12  7.125481e+00 
   67.883    0.308000  7.362025e-12  7.229874e+00 
   67.883    0.411000  7.401183e-12  7.334326e+00 
   67.883    0.514000  7.440344e-12  7.438513e+00 
   67.883    0.617000  7.479542e-12  7.542274e+00 
   67.883    0.720000  7.893393e-12  8.042528e+00 
   67.883    0.823000  8.698648e-12  8.894933e+00 
   67.883    0.926000  9.998468e-12  1.007605e+01 
   67.883    1.029000  1.184664e-11  1.147689e+01 
   67.883    1.132000  1.448991e-11  1.310137e+01 
   67.883    1.234000  1.812379e-11  1.487105e+01 
   67.883    1.337000  2.332413e-11  1.683155e+01 
   67.883    1.440000  3.073583e-11  1.894342e+01 
   67.883    1.543000  4.122866e-11  2.116136e+01 
   67.883    1.646000  5.638965e-11  2.349644e+01 
   67.883    1.749000  7.819648e-11  2.589863e+01 
   67.883    1.852000  8.057514e-11  2.611616e+01 
   67.883    1.955000  8.269016e-11  2.631234e+01 
   67.883    2.058000  8.467286e-11  2.649775e+01 
   67.883    2.160000  8.663813e-11  2.668096e+01 
   67.883    2.263000  8.863976e-11  2.686613e+01 
   67.883    2.366000  9.094298e-11  2.707143e+01 
   67.883    2.469000  9.367045e-11  2.730360e+01 
   67.883    2.572000  9.690514e-11  2.756577e+01 
   67.883    2.675000  1.001414e-10  2.782182e+01 
   67.883    2.778000  1.031019e-10  2.805459e+01 
   67.883    2.881000  1.048947e-10  2.820964e+01 
   67.883    2.984000  6.405747e-07  7.329523e+01 
   67.883    3.086000  1.157787e-03  1.152669e+02 
   67.883    3.189000  4.690741e-01  1.605552e+02 
   67.883    3.292000  2.795759e+01  2.173156e+02 
   67.883    3.395000  3.022473e+02  2.721974e+02 
   67.883    3.498000  3.048163e+02  2.720386e+02 
   67.883    3.601000  3.072622e+02  2.719326e+02 
   67.883    3.704000  3.095596e+02  2.718566e+02 
   67.883    3.807000  3.116779e+02  2.717981e+02 
   67.883    3.910000  3.137099e+02  2.717614e+02 
   67.883    4.012000  3.157258e+02  2.717529e+02 
   67.883    4.115000  3.178161e+02  2.717757e+02 
   67.883    4.218000  3.199846e+02  2.718307e+02 
   67.883    4.321000  3.222269e+02  2.719150e+02 
   67.883    4.424000  3.244917e+02  2.720197e+02 
   67.883    4.527000  3.267093e+02  2.721343e+02 
   67.883    4.630000  3.287388e+02  2.721968e+02 
   67.883    4.733000  3.313867e+02  2.723080e+02 
   67.883    4.836000  3.338057e+02  2.724153e+02 
   67.883    4.938000  3.362578e+02  2.725341e+02 
   67.883    5.041000  3.386187e+02  2.726550e+02 
   67.883    5.144000  3.410981e+02  2.727907e+02 
   67.883    5.247000  3.436960e+02  2.729404e+02 
   67.883    5.350000  3.465253e+02  2.731100e+02 
   67.883    5.453000  3.490014e+02  2.732634e+02 
   67.883    5.556000  3.509510e+02  2.733900e+02 
   67.883    5.659000  3.522870e+02  2.734842e+02 
   67.883    5.762000  3.537082e+02  2.736046e+02 
   67.883    5.864000  3.551035e+02  2.737281e+02 
   67.883    5.967000  3.564939e+02  2.738560e+02 
   67.883    6.070000  3.589126e+02  2.740354e+02 
   67.883    6.173000  3.615893e+02  2.742337e+02 
   67.883    6.276000  3.641506e+02  2.744274e+02 
   67.883    6.379000  3.669291e+02  2.746360e+02 
   67.883    6.482000  3.700146e+02  2.748642e+02 
   67.883    6.585000  3.729781e+02  2.750853e+02 
   67.883    6.688000  3.757635e+02  2.752953e+02 
   67.883    6.790000  3.785636e+02  2.755055e+02 
   67.883    6.893000  3.813354e+02  2.757137e+02 
   67.883    6.996000  3.842885e+02  2.759312e+02 
   67.883    7.099000  3.882656e+02  2.762070e+02 
   67.883    7.202000  3.911062e+02  2.764163e+02 
   67.883    7.305000  3.938024e+02  2.766198e+02 
   67.883    7.408000  3.962897e+02  2.768134e+02 
   67.883    7.511000  3.988528e+02  2.770144e+02 
   67.883    7.614000  4.013171e+02  2.772136e+02 
   67.883    7.717000  4.035462e+02  2.774013e+02 
   67.883    7.819000  4.057494e+02  2.775866e+02 
   67.883    7.922000  4.079271e+02  2.777708e+02 
   67.883    8.025001  4.101203e+02  2.779548e+02 
   67.883    8.128000  4.122465e+02  2.781337e+02 
   67.883    8.231000  4.144060e+02  2.783127e+02 
   67.883    8.334001  4.165078e+02  2.784873e+02 
   67.883    8.437000  4.187523e+02  2.786683e+02 
   67.883    8.540000  4.208961e+02  2.788427e+02 
   67.883    8.643001  4.242651e+02  2.790779e+02 
   67.883    8.745000  4.263568e+02  2.792448e+02 
   67.883    8.848001  4.308636e+02  2.795267e+02 
   67.883    8.951000  4.331286e+02  2.796941e+02 
   67.883    9.054000  4.352513e+02  2.798521e+02 
   67.883    9.157001  4.373824e+02  2.800078e+02 
   67.883    9.260000  4.386044e+02  2.801173e+02 
   67.883    9.363000  4.394993e+02  2.802253e+02 
   67.883    9.466001  4.404295e+02  2.803344e+02 
   67.883    9.569000  4.413513e+02  2.804449e+02 
   67.883    9.671000  4.422864e+02  2.805541e+02 
   67.883    9.774000  4.432315e+02  2.806625e+02 
   67.883    9.877000  4.441795e+02  2.807695e+02 
   67.883    9.980000  4.451190e+02  2.808742e+02 
   67.883   10.083000  4.460432e+02  2.809830e+02 
   67.883   10.186000  4.469717e+02  2.810943e+02 
   67.883   10.289001  4.478702e+02  2.812016e+02 
   67.883   10.392000  4.483312e+02  2.812572e+02 
   67.883   10.495000  4.487844e+02  2.813118e+02 
   67.883   10.597000  4.492369e+02  2.813661e+02 
   67.883   10.700000  4.496705e+02  2.814182e+02 
   67.883   10.803000  4.500987e+02  2.814694e+02 
   67.883   10.906000  4.505217e+02  2.815197e+02 
   67.883   11.009000  4.509393e+02  2.815693e+02 
   67.883   11.112000  4.513515e+02  2.816183e+02 
   67.883   11.215000  4.517583e+02  2.816668e+02 
   67.883   11.318000  4.521597e+02  2.817146e+02 
   67.883   11.421000  4.525556e+02  2.817620e+02 
   67.883   11.523000  4.529423e+02  2.818084e+02 
   67.883   11.626000  4.533273e+02  2.818549e+02 
   67.883   11.729000  4.537068e+02  2.819008e+02 
   67.883   11.832000  4.540809e+02  2.819463e+02 
   67.883   11.935000  4.544494e+02  2.819913e+02 
   67.883   12.038000  4.548126e+02  2.820357e+02 
   67.883   12.141000  4.551708e+02  2.820796e+02 
   67.883   12.244000  4.555239e+02  2.821229e+02 
   67.883   12.347000  4.558721e+02  2.821656e+02 
   67.883   12.449000  4.562124e+02  2.822073e+02 
   67.883   12.552000  4.565513e+02  2.822487e+02 
   67.883   12.655000  4.568857e+02  2.822896e+02 
   67.883   12.758000  4.572159e+02  2.823298e+02 
   67.883   12.861000  4.575424e+02  2.823693e+02 
   67.883   12.964000  4.578650e+02  2.824081e+02 
   67.883   13.067000  4.581839e+02  2.824462e+02 
   67.883   13.170000  4.584991e+02  2.824836e+02 
   67.883   13.273000  4.588105e+02  2.825203e+02 
   67.883   13.376000  4.591185e+02  2.825561e+02 
   67.883   13.478000  4.594200e+02  2.825908e+02 
   67.883   13.581000  4.597210e+02  2.826250e+02 
   67.883   13.684000  4.600188e+02  2.826582e+02 
   67.883   13.787000  4.603134e+02  2.826905e+02 
   67.883   13.890000  4.606048e+02  2.827219e+02 
   67.883   13.993000  4.608931e+02  2.827523e+02 
   67.883   14.096000  4.611783e+02  2.827817e+02 
   67.883   14.199000  4.614605e+02  2.828102e+02 
   67.883   14.302000  4.617394e+02  2.828379e+02 
   67.883   14.404000  4.620125e+02  2.828646e+02 
   67.883   14.507000  4.622849e+02  2.828908e+02 
   67.883   14.610001  4.625540e+02  2.829164e+02 
   67.883   14.713000  4.628198e+02  2.829413e+02 
   67.883   14.816000  4.630824e+02  2.829658e+02 
   67.883   14.919000  4.633416e+02  2.829897e+02 
   67.883   15.022000  4.635975e+02  2.830132e+02 
   67.883   15.125000  4.638503e+02  2.830361e+02 
   67.883   15.228000  4.641000e+02  2.830586e+02 
   67.883   15.330000  4.643442e+02  2.830803e+02 
   67.883   15.433001  4.645877e+02  2.831018e+02 
   67.883   15.536000  4.648283e+02  2.831228e+02 
   67.883   15.639000  4.650658e+02  2.831433e+02 
   67.883   15.742001  4.653004e+02  2.831634e+02 
   67.883   15.845000  4.655323e+02  2.831830e+02 
   67.883   15.948001  4.657614e+02  2.832022e+02 
   67.883   16.050999  4.659881e+02  2.832209e+02 
   67.883   16.153999  4.662123e+02  2.832390e+02 
   67.883   16.255999  4.664320e+02  2.832566e+02 
   67.883   16.358999  4.666515e+02  2.832738e+02 
   67.883   16.462000  4.668688e+02  2.832904e+02 
   67.883   16.564999  4.670839e+02  2.833065e+02 
   67.883   16.667999  4.672969e+02  2.833221e+02 
   67.883   16.771000  4.675079e+02  2.833370e+02 
   67.883   16.873999  4.677172e+02  2.833511e+02 
   67.883   16.976999  4.679247e+02  2.833646e+02 
   67.883   17.080000  4.681307e+02  2.833771e+02 
   67.883   17.181999  4.683334e+02  2.833887e+02 
   67.883   17.285000  4.685370e+02  2.833994e+02 
   67.883   17.387999  4.687392e+02  2.834091e+02 
   67.883   17.490999  4.689402e+02  2.834180e+02 
   67.883   17.594000  4.691400e+02  2.834260e+02 
   67.883   17.696999  4.693385e+02  2.834332e+02 
   67.883   17.799999  4.695356e+02  2.834397e+02 
   67.883   17.903000  4.697310e+02  2.834456e+02 
   67.883   18.005999  4.699249e+02  2.834509e+02 
   67.883   18.108999  4.701172e+02  2.834557e+02 
   67.883   18.210999  4.703059e+02  2.834599e+02 
   67.883   18.313999  4.704949e+02  2.834636e+02 
   67.883   18.417000  4.706823e+02  2.834668e+02 
   67.883   18.519999  4.708682e+02  2.834695e+02 
   67.883   18.622999  4.710524e+02  2.834717e+02 
   67.883   18.726000  4.712353e+02  2.834734e+02 
   67.883   18.828999  4.714166e+02  2.834747e+02 
   67.883   18.931999  4.715964e+02  2.834754e+02 
   67.883   19.035000  4.717748e+02  2.834756e+02 
   67.883   19.136999  4.719501e+02  2.834754e+02 
   67.883   19.240000  4.721259e+02  2.834748e+02 
   67.883   19.342999  4.723002e+02  2.834737e+02 
   67.883   19.445999  4.724734e+02  2.834721e+02 
   67.883   19.549000  4.726452e+02  2.834701e+02 
   67.883   19.651999  4.728158e+02  2.834677e+02 
   67.883   19.754999  4.729851e+02  2.834649e+02 
   67.883   19.858000  4.731532e+02  2.834616e+02 
   67.883   19.960999  4.733200e+02  2.834579e+02 
   67.883   20.063000  4.734844e+02  2.834536e+02 
   67.883   20.362999  4.739623e+02  2.834381e+02 
   67.883   20.858999  4.747295e+02  2.834059e+02 
   67.883   21.354000  4.754669e+02  2.833662e+02 
   67.883   21.849998  4.761765e+02  2.833208e+02 
   67.883   22.345999  4.768499e+02  2.832745e+02 
   67.883   22.841999  4.774816e+02  2.832315e+02 
   67.883   23.337000  4.780692e+02  2.831931e+02 
   67.883   23.832998  4.786198e+02  2.831575e+02 
   67.883   24.328999  4.791387e+02  2.831226e+02 
   67.883   24.824999  4.796272e+02  2.830883e+02 
   67.883   25.320000  4.800824e+02  2.830562e+02 
   67.883   25.816000  4.805079e+02  2.830264e+02 
   67.883   26.311998  4.809058e+02  2.829980e+02 
   67.883   26.807999  4.812783e+02  2.829707e+02 
   67.883   27.302999  4.816255e+02  2.829447e+02 
   67.883   27.799000  4.819504e+02  2.829197e+02 
   67.883   28.295000  4.822547e+02  2.828956e+02 
   67.883   28.790998  4.825409e+02  2.828718e+02 
   67.883   29.285999  4.828108e+02  2.828482e+02 
   67.883   29.782000  4.830674e+02  2.828244e+02 
   67.883   30.278000  4.833117e+02  2.828005e+02 
   67.883   30.773998  4.835454e+02  2.827766e+02 
   67.883   31.268999  4.837697e+02  2.827528e+02 
   67.883   31.764999  4.839870e+02  2.827291e+02 
   67.883   32.261002  4.841993e+02  2.827054e+02 
   67.883   32.757000  4.844084e+02  2.826819e+02 
   67.883   33.252003  4.846155e+02  2.826587e+02 
   67.883   33.748001  4.848229e+02  2.826363e+02 
   67.883   34.243999  4.850314e+02  2.826150e+02 
   67.883   34.740002  4.852428e+02  2.825948e+02 
   67.883   35.235001  4.854578e+02  2.825758e+02 
   67.883   35.731003  4.856784e+02  2.825580e+02 
   67.883   36.227001  4.859047e+02  2.825414e+02 
   67.883   36.723000  4.861367e+02  2.825257e+02 
   67.883   37.218002  4.863736e+02  2.825112e+02 
   67.883   37.714001  4.866152e+02  2.824976e+02 
   67.883   38.210003  4.868600e+02  2.824850e+02 
   67.883   38.706001  4.871060e+02  2.824734e+02 
   67.883   39.201000  4.873509e+02  2.824628e+02 
   67.883   39.697002  4.875935e+02  2.824532e+02 
   67.883   40.197002  4.878301e+02  2.824458e+02 
   67.883   45.197002  4.896956e+02  2.824175e+02 
   67.883   50.197002  4.904046e+02  2.824170e+02 
   67.883   55.197002  4.906521e+02  2.824214e+02 
   67.883   60.197002  4.913888e+02  2.824255e+02 
   67.883   65.196999  4.926207e+02  2.824284e+02 
