   67.039    0.000000  4.027412e+01  3.017243e+01 
   67.039    0.103000  4.049888e+01  3.038213e+01 
   67.039    0.206000  4.072250e+01  3.061084e+01 
   67.039    0.309000  4.160865e+01  3.169296e+01 
   67.039    0.412000  4.242156e+01  3.268648e+01 
   67.039    0.515000  4.273640e+01  3.305241e+01 
   67.039    0.617000  4.328067e+01  3.371306e+01 
   67.039    0.720000  4.396023e+01  3.454346e+01 
   67.039    0.823000  4.431394e+01  3.496314e+01 
   67.039    0.926000  4.466425e+01  3.537955e+01 
   67.039    1.029000  4.500938e+01  3.578991e+01 
   67.039    1.132000  4.534407e+01  3.618744e+01 
   67.039    1.235000  4.566754e+01  3.656997e+01 
   67.039    1.338000  4.597917e+01  3.693543e+01 
   67.039    1.441000  4.621758e+01  3.720844e+01 
   67.039    1.543000  4.645255e+01  3.747979e+01 
   67.039    1.646000  4.668811e+01  3.775461e+01 
   67.039    1.749000  4.692213e+01  3.802985e+01 
   67.039    1.852000  6.112265e+01  4.903263e+01 
   67.039    1.955000  1.088025e+02  7.154147e+01 
   67.039    2.058000  3.720473e+02  1.141491e+02 
   67.039    2.161000  3.738870e+02  1.141640e+02 
   67.039    2.264000  3.757088e+02  1.142233e+02 
   67.039    2.367000  3.775077e+02  1.143135e+02 
   67.039    2.470000  3.792880e+02  1.144266e+02 
   67.039    2.572000  3.810379e+02  1.145556e+02 
   67.039    2.675000  3.827933e+02  1.146999e+02 
   67.039    2.778000  3.845417e+02  1.148551e+02 
   67.039    2.881000  3.862806e+02  1.150199e+02 
   67.039    2.984000  3.880069e+02  1.151930e+02 
   67.039    3.087000  3.897198e+02  1.153734e+02 
   67.039    3.190000  3.914201e+02  1.155599e+02 
   67.039    3.293000  3.931086e+02  1.157516e+02 
   67.039    3.396000  3.947864e+02  1.159477e+02 
   67.039    3.498000  3.964370e+02  1.161457e+02 
   67.039    3.601000  3.980972e+02  1.163486e+02 
   67.039    3.704000  3.997553e+02  1.165538e+02 
   67.039    3.807000  4.014132e+02  1.167608e+02 
   67.039    3.910000  4.030755e+02  1.169692e+02 
   67.039    4.013000  4.047448e+02  1.171786e+02 
   67.039    4.116000  4.064168e+02  1.173889e+02 
   67.039    4.219000  4.080861e+02  1.176002e+02 
   67.039    4.322000  4.097485e+02  1.178125e+02 
   67.039    4.424000  4.113808e+02  1.180235e+02 
   67.039    4.527000  4.130084e+02  1.182374e+02 
   67.039    4.630000  4.146136e+02  1.184518e+02 
   67.039    4.733000  4.161982e+02  1.186665e+02 
   67.039    4.836000  4.177594e+02  1.188811e+02 
   67.039    4.939000  4.192957e+02  1.190956e+02 
   67.039    5.042000  4.208063e+02  1.193097e+02 
   67.039    5.145000  4.222876e+02  1.195234e+02 
   67.039    5.248000  4.237389e+02  1.197366e+02 
   67.039    5.350000  4.251447e+02  1.199471e+02 
   67.039    5.453000  4.265317e+02  1.201588e+02 
   67.039    5.556000  4.278883e+02  1.203697e+02 
   67.039    5.659000  4.292139e+02  1.205797e+02 
   67.039    5.762000  4.305098e+02  1.207886e+02 
   67.039    5.865000  4.317790e+02  1.209964e+02 
   67.039    5.968000  4.330208e+02  1.212031e+02 
   67.039    6.071000  4.342387e+02  1.214084e+02 
   67.039    6.174000  4.354383e+02  1.216121e+02 
   67.039    6.276000  4.366105e+02  1.218122e+02 
   67.039    6.379000  4.377828e+02  1.220124e+02 
   67.039    6.482000  4.389467e+02  1.222106e+02 
   67.039    6.585000  4.401045e+02  1.224067e+02 
   67.039    6.688000  4.412599e+02  1.226006e+02 
   67.039    6.791000  4.424129e+02  1.227922e+02 
   67.039    6.894000  4.435569e+02  1.229816e+02 
   67.039    6.997000  4.446833e+02  1.231687e+02 
   67.039    7.100000  4.457838e+02  1.233536e+02 
   67.039    7.202000  4.468281e+02  1.235344e+02 
   67.039    7.305000  4.478187e+02  1.237144e+02 
   67.039    7.408000  4.487430e+02  1.238917e+02 
   67.039    7.511000  4.495987e+02  1.240662e+02 
   67.039    7.614000  4.503793e+02  1.242379e+02 
   67.039    7.717000  4.511011e+02  1.244069e+02 
   67.039    7.820000  4.517978e+02  1.245731e+02 
   67.039    7.923000  4.524742e+02  1.247367e+02 
   67.039    8.026000  4.531376e+02  1.248979e+02 
   67.039    8.127999  4.537907e+02  1.250553e+02 
   67.039    8.231000  4.544463e+02  1.252121e+02 
   67.039    8.334000  4.550917e+02  1.253666e+02 
   67.039    8.436999  4.557212e+02  1.255187e+02 
   67.039    8.540000  4.563340e+02  1.256685e+02 
   67.039    8.643000  4.569322e+02  1.258158e+02 
   67.039    8.745999  4.575168e+02  1.259606e+02 
   67.039    8.849000  4.580875e+02  1.261029e+02 
   67.039    8.952000  4.586478e+02  1.262426e+02 
   67.039    9.054999  4.592005e+02  1.263797e+02 
   67.039    9.157000  4.597395e+02  1.265129e+02 
   67.039    9.259999  4.602744e+02  1.266449e+02 
   67.039    9.363000  4.607995e+02  1.267741e+02 
   67.039    9.466000  4.613148e+02  1.269009e+02 
   67.039    9.568999  4.618212e+02  1.270253e+02 
   67.039    9.672000  4.623187e+02  1.271474e+02 
   67.039    9.775000  4.628059e+02  1.272672e+02 
   67.039    9.877999  4.632805e+02  1.273848e+02 
   67.039    9.981000  4.637421e+02  1.275002e+02 
   67.039   10.083000  4.642206e+02  1.276120e+02 
   67.039   10.186000  4.646952e+02  1.277229e+02 
   67.039   10.289000  4.651620e+02  1.278319e+02 
   67.039   10.392000  4.656218e+02  1.279390e+02 
   67.039   10.495000  4.660754e+02  1.280443e+02 
   67.039   10.598000  4.665230e+02  1.281478e+02 
   67.039   10.701000  4.669637e+02  1.282496e+02 
   67.039   10.804000  4.673967e+02  1.283497e+02 
   67.039   10.907000  4.678217e+02  1.284484e+02 
   67.039   11.009000  4.682361e+02  1.285446e+02 
   67.039   11.112000  4.686494e+02  1.286404e+02 
   67.039   11.215000  4.690584e+02  1.287349e+02 
   67.039   11.318000  4.694627e+02  1.288280e+02 
   67.039   11.421000  4.698622e+02  1.289199e+02 
   67.039   11.524000  4.702569e+02  1.290106e+02 
   67.039   11.627000  4.706465e+02  1.291000e+02 
   67.039   11.730000  4.710308e+02  1.291882e+02 
   67.039   11.833000  4.714095e+02  1.292753e+02 
   67.039   11.934999  4.717792e+02  1.293603e+02 
   67.039   12.038000  4.721473e+02  1.294450e+02 
   67.039   12.141000  4.725105e+02  1.295286e+02 
   67.039   12.243999  4.728686e+02  1.296110e+02 
   67.039   12.347000  4.732218e+02  1.296923e+02 
   67.039   12.450000  4.735700e+02  1.297724e+02 
   67.039   12.552999  4.739134e+02  1.298514e+02 
   67.039   12.656000  4.742519e+02  1.299292e+02 
   67.039   12.759000  4.745857e+02  1.300058e+02 
   67.039   12.861000  4.749121e+02  1.300805e+02 
   67.039   12.964000  4.752375e+02  1.301547e+02 
   67.039   13.066999  4.755591e+02  1.302277e+02 
   67.039   13.170000  4.758769e+02  1.302994e+02 
   67.039   13.273000  4.761908e+02  1.303699e+02 
   67.039   13.375999  4.765010e+02  1.304392e+02 
   67.039   13.479000  4.768077e+02  1.305073e+02 
   67.039   13.582000  4.771108e+02  1.305742e+02 
   67.039   13.684999  4.774104e+02  1.306400e+02 
   67.039   13.787000  4.777038e+02  1.307039e+02 
   67.039   13.889999  4.779966e+02  1.307673e+02 
   67.039   13.993000  4.782862e+02  1.308296e+02 
   67.039   14.096000  4.785727e+02  1.308907e+02 
   67.039   14.198999  4.788559e+02  1.309506e+02 
   67.039   14.302000  4.791360e+02  1.310094e+02 
   67.039   14.405000  4.794129e+02  1.310671e+02 
   67.039   14.507999  4.796868e+02  1.311236e+02 
   67.039   14.611000  4.799575e+02  1.311791e+02 
   67.039   14.714000  4.802251e+02  1.312336e+02 
   67.039   14.816000  4.804869e+02  1.312866e+02 
   67.039   14.919000  4.807482e+02  1.313392e+02 
   67.039   15.021999  4.810063e+02  1.313909e+02 
   67.039   15.125000  4.812614e+02  1.314417e+02 
   67.039   15.228000  4.815132e+02  1.314916e+02 
   67.039   15.330999  4.817620e+02  1.315406e+02 
   67.039   15.434000  4.820078e+02  1.315889e+02 
   67.039   15.537000  4.822505e+02  1.316364e+02 
   67.039   15.639999  4.824903e+02  1.316830e+02 
   67.039   15.742000  4.827249e+02  1.317284e+02 
   67.039   15.844999  4.829589e+02  1.317735e+02 
   67.039   15.948000  4.831902e+02  1.318178e+02 
   67.039   16.051001  4.834189e+02  1.318612e+02 
   67.039   16.153999  4.836452e+02  1.319039e+02 
   67.039   16.257000  4.838691e+02  1.319457e+02 
   67.039   16.360001  4.840905e+02  1.319867e+02 
   67.039   16.462999  4.843096e+02  1.320270e+02 
   67.039   16.566000  4.845265e+02  1.320665e+02 
   67.039   16.667999  4.847390e+02  1.321048e+02 
   67.039   16.771000  4.849515e+02  1.321427e+02 
   67.039   16.874001  4.851620e+02  1.321799e+02 
   67.039   16.976999  4.853706e+02  1.322162e+02 
   67.039   17.080000  4.855774e+02  1.322517e+02 
   67.039   17.183001  4.857828e+02  1.322863e+02 
   67.039   17.285999  4.859866e+02  1.323201e+02 
   67.039   17.389000  4.861891e+02  1.323529e+02 
   67.039   17.492001  4.863902e+02  1.323848e+02 
   67.039   17.594000  4.865883e+02  1.324155e+02 
   67.039   17.697001  4.867872e+02  1.324456e+02 
   67.039   17.799999  4.869847e+02  1.324748e+02 
   67.039   17.903000  4.871809e+02  1.325032e+02 
   67.039   18.006001  4.873756e+02  1.325309e+02 
   67.039   18.108999  4.875689e+02  1.325578e+02 
   67.039   18.212000  4.877605e+02  1.325840e+02 
   67.039   18.315001  4.879503e+02  1.326096e+02 
   67.039   18.417999  4.881384e+02  1.326345e+02 
   67.039   18.520000  4.883230e+02  1.326586e+02 
   67.039   18.622999  4.885078e+02  1.326823e+02 
   67.039   18.726000  4.886910e+02  1.327054e+02 
   67.039   18.829000  4.888728e+02  1.327278e+02 
   67.039   18.931999  4.890530e+02  1.327495e+02 
   67.039   19.035000  4.892320e+02  1.327706e+02 
   67.039   19.138000  4.894098e+02  1.327910e+02 
   67.039   19.240999  4.895862e+02  1.328108e+02 
   67.039   19.344000  4.897614e+02  1.328300e+02 
   67.039   19.447001  4.899352e+02  1.328486e+02 
   67.039   19.549000  4.901061e+02  1.328665e+02 
   67.039   19.652000  4.902773e+02  1.328840e+02 
   67.039   19.754999  4.904472e+02  1.329010e+02 
   67.039   19.858000  4.906157e+02  1.329175e+02 
   67.039   19.961000  4.907829e+02  1.329335e+02 
   67.039   20.063999  4.909491e+02  1.329489e+02 
   67.039   20.362999  4.914264e+02  1.329902e+02 
   67.039   20.858999  4.921954e+02  1.330500e+02 
   67.039   21.355000  4.929361e+02  1.330994e+02 
   67.039   21.850000  4.936488e+02  1.331388e+02 
   67.039   22.346001  4.943317e+02  1.331714e+02 
   67.039   22.841999  4.949765e+02  1.332006e+02 
   67.039   23.337999  4.955790e+02  1.332285e+02 
   67.039   23.833000  4.961392e+02  1.332554e+02 
   67.039   24.329000  4.966646e+02  1.332803e+02 
   67.039   24.824999  4.971585e+02  1.333025e+02 
   67.039   25.320999  4.976212e+02  1.333223e+02 
   67.039   25.816000  4.980523e+02  1.333406e+02 
   67.039   26.312000  4.984555e+02  1.333576e+02 
   67.039   26.808001  4.988331e+02  1.333728e+02 
   67.039   27.303999  4.991870e+02  1.333861e+02 
   67.039   27.799000  4.995170e+02  1.333978e+02 
   67.039   28.295000  4.998254e+02  1.334081e+02 
   67.039   28.791000  5.001142e+02  1.334171e+02 
   67.039   29.287001  5.003866e+02  1.334246e+02 
   67.039   29.782000  5.006449e+02  1.334305e+02 
   67.039   30.278000  5.008920e+02  1.334346e+02 
   67.039   30.774000  5.011292e+02  1.334373e+02 
   67.039   31.270000  5.013582e+02  1.334386e+02 
   67.039   31.764999  5.015800e+02  1.334388e+02 
   67.039   32.261002  5.017978e+02  1.334379e+02 
   67.039   32.757000  5.020129e+02  1.334362e+02 
   67.039   33.253002  5.022270e+02  1.334338e+02 
   67.039   33.748001  5.024413e+02  1.334312e+02 
   67.039   34.244003  5.026577e+02  1.334284e+02 
   67.039   34.740002  5.028775e+02  1.334255e+02 
   67.039   35.236000  5.031018e+02  1.334228e+02 
   67.039   35.731003  5.033310e+02  1.334201e+02 
   67.039   36.227001  5.035667e+02  1.334176e+02 
   67.039   36.723003  5.038082e+02  1.334153e+02 
   67.039   37.219002  5.040550e+02  1.334131e+02 
   67.039   37.714001  5.043052e+02  1.334111e+02 
   67.039   38.210003  5.045584e+02  1.334093e+02 
   67.039   38.706001  5.048122e+02  1.334077e+02 
   67.039   39.202003  5.050647e+02  1.334063e+02 
   67.039   39.698002  5.053136e+02  1.334052e+02 
   67.039   40.198002  5.055556e+02  1.334052e+02 
   67.039   45.198002  5.074444e+02  1.334202e+02 
   67.039   50.198002  5.081555e+02  1.334366e+02 
   67.039   55.198002  5.084087e+02  1.334484e+02 
   67.039   60.198002  5.091909e+02  1.334559e+02 
   67.039   65.197998  5.104391e+02  1.334606e+02 
