    0.000    0.000000  0.000000e+00  3.488120e+02 
    0.000    0.103000  0.000000e+00  3.479177e+02 
    0.000    0.206000  0.000000e+00  3.466721e+02 
    0.000    0.309000  0.000000e+00  3.452541e+02 
    0.000    0.412000  0.000000e+00  3.437335e+02 
    0.000    0.515000  0.000000e+00  3.421766e+02 
    0.000    0.618000  0.000000e+00  3.405852e+02 
    0.000    0.721000  0.000000e+00  3.389748e+02 
    0.000    0.824000  0.000000e+00  3.374001e+02 
    0.000    0.926000  0.000000e+00  3.358129e+02 
    0.000    1.029000  0.000000e+00  3.342375e+02 
    0.000    1.132000  0.000000e+00  3.327737e+02 
    0.000    1.235000  0.000000e+00  3.312653e+02 
    0.000    1.338000  0.000000e+00  3.297938e+02 
    0.000    1.441000  0.000000e+00  3.282381e+02 
    0.000    1.544000  0.000000e+00  3.265474e+02 
    0.000    1.647000  0.000000e+00  3.247783e+02 
    0.000    1.750000  0.000000e+00  3.232783e+02 
    0.000    1.852000  0.000000e+00  3.221481e+02 
    0.000    1.955000  0.000000e+00  3.209221e+02 
    0.000    2.058000  0.000000e+00  3.196814e+02 
    0.000    2.161000  0.000000e+00  3.182008e+02 
    0.000    2.264000  0.000000e+00  3.166780e+02 
    0.000    2.367000  0.000000e+00  3.152278e+02 
    0.000    2.470000  0.000000e+00  3.138308e+02 
    0.000    2.573000  0.000000e+00  3.124798e+02 
    0.000    2.676000  0.000000e+00  3.111202e+02 
    0.000    2.778000  0.000000e+00  3.097311e+02 
    0.000    2.881000  0.000000e+00  3.083340e+02 
    0.000    2.984000  0.000000e+00  3.069683e+02 
    0.000    3.087000  0.000000e+00  3.056206e+02 
    0.000    3.190000  0.000000e+00  3.042606e+02 
    0.000    3.293000  0.000000e+00  3.029031e+02 
    0.000    3.396000  0.000000e+00  3.015512e+02 
    0.000    3.499000  0.000000e+00  3.002088e+02 
    0.000    3.602000  0.000000e+00  2.988843e+02 
    0.000    3.704000  0.000000e+00  2.975898e+02 
    0.000    3.807000  0.000000e+00  2.963019e+02 
    0.000    3.910000  0.000000e+00  2.950039e+02 
    0.000    4.013000  0.000000e+00  2.937056e+02 
    0.000    4.116000  0.000000e+00  2.924153e+02 
    0.000    4.219000  0.000000e+00  2.911365e+02 
    0.000    4.322000  0.000000e+00  2.898737e+02 
    0.000    4.425000  0.000000e+00  2.886274e+02 
    0.000    4.528000  0.000000e+00  2.874019e+02 
    0.000    4.631000  0.000000e+00  2.861930e+02 
    0.000    4.733000  0.000000e+00  2.849908e+02 
    0.000    4.836000  0.000000e+00  2.837908e+02 
    0.000    4.939000  0.000000e+00  2.826024e+02 
    0.000    5.042000  0.000000e+00  2.814223e+02 
    0.000    5.145000  0.000000e+00  2.802597e+02 
    0.000    5.248000  0.000000e+00  2.791122e+02 
    0.000    5.351000  0.000000e+00  2.779829e+02 
    0.000    5.454000  0.000000e+00  2.768738e+02 
    0.000    5.557000  0.000000e+00  2.757764e+02 
    0.000    5.659000  0.000000e+00  2.747036e+02 
    0.000    5.762000  0.000000e+00  2.736436e+02 
    0.000    5.865000  0.000000e+00  2.726081e+02 
    0.000    5.968000  0.000000e+00  2.715975e+02 
    0.000    6.071000  0.000000e+00  2.706139e+02 
    0.000    6.174000  0.000000e+00  2.696576e+02 
    0.000    6.277000  0.000000e+00  2.687267e+02 
    0.000    6.380000  0.000000e+00  2.678150e+02 
    0.000    6.483000  0.000000e+00  2.669224e+02 
    0.000    6.585000  0.000000e+00  2.660581e+02 
    0.000    6.688000  0.000000e+00  2.652187e+02 
    0.000    6.791000  0.000000e+00  2.644055e+02 
    0.000    6.894000  0.000000e+00  2.636507e+02 
    0.000    6.997000  0.000000e+00  2.629793e+02 
    0.000    7.100000  0.000000e+00  2.623658e+02 
    0.000    7.203000  0.000000e+00  2.618638e+02 
    0.000    7.306000  0.000000e+00  2.614653e+02 
    0.000    7.409000  0.000000e+00  2.611318e+02 
    0.000    7.511000  0.000000e+00  2.609208e+02 
    0.000    7.614000  0.000000e+00  2.607886e+02 
    0.000    7.717000  0.000000e+00  2.606975e+02 
    0.000    7.820000  0.000000e+00  2.606282e+02 
    0.000    7.923000  0.000000e+00  2.605761e+02 
    0.000    8.026000  0.000000e+00  2.605131e+02 
    0.000    8.129000  0.000000e+00  2.604140e+02 
    0.000    8.231999  0.000000e+00  2.602944e+02 
    0.000    8.335000  0.000000e+00  2.601545e+02 
    0.000    8.436999  0.000000e+00  2.599973e+02 
    0.000    8.540000  0.000000e+00  2.598283e+02 
    0.000    8.643000  0.000000e+00  2.596581e+02 
    0.000    8.745999  0.000000e+00  2.594883e+02 
    0.000    8.849000  0.000000e+00  2.593181e+02 
    0.000    8.952000  0.000000e+00  2.591524e+02 
    0.000    9.054999  0.000000e+00  2.589895e+02 
    0.000    9.158000  0.000000e+00  2.588299e+02 
    0.000    9.261000  0.000000e+00  2.586927e+02 
    0.000    9.363000  0.000000e+00  2.585732e+02 
    0.000    9.466000  0.000000e+00  2.584624e+02 
    0.000    9.568999  0.000000e+00  2.583629e+02 
    0.000    9.672000  0.000000e+00  2.582721e+02 
    0.000    9.775000  0.000000e+00  2.581890e+02 
    0.000    9.877999  0.000000e+00  2.581148e+02 
    0.000    9.981000  0.000000e+00  2.580479e+02 
    0.000   10.084000  0.000000e+00  2.579825e+02 
    0.000   10.186999  0.000000e+00  2.579097e+02 
    0.000   10.290000  0.000000e+00  2.578329e+02 
    0.000   10.391999  0.000000e+00  2.577590e+02 
    0.000   10.495000  0.000000e+00  2.576937e+02 
    0.000   10.598000  0.000000e+00  2.576356e+02 
    0.000   10.700999  0.000000e+00  2.575785e+02 
    0.000   10.804000  0.000000e+00  2.575129e+02 
    0.000   10.907000  0.000000e+00  2.574421e+02 
    0.000   11.009999  0.000000e+00  2.573673e+02 
    0.000   11.113000  0.000000e+00  2.572830e+02 
    0.000   11.216000  0.000000e+00  2.571923e+02 
    0.000   11.318000  0.000000e+00  2.570992e+02 
    0.000   11.421000  0.000000e+00  2.570015e+02 
    0.000   11.523999  0.000000e+00  2.569015e+02 
    0.000   11.627000  0.000000e+00  2.568002e+02 
    0.000   11.730000  0.000000e+00  2.566974e+02 
    0.000   11.832999  0.000000e+00  2.565937e+02 
    0.000   11.936000  0.000000e+00  2.564897e+02 
    0.000   12.039000  0.000000e+00  2.563863e+02 
    0.000   12.141999  0.000000e+00  2.562834e+02 
    0.000   12.243999  0.000000e+00  2.561819e+02 
    0.000   12.346999  0.000000e+00  2.560845e+02 
    0.000   12.450000  0.000000e+00  2.559922e+02 
    0.000   12.552999  0.000000e+00  2.559031e+02 
    0.000   12.655999  0.000000e+00  2.558180e+02 
    0.000   12.759000  0.000000e+00  2.557369e+02 
    0.000   12.862000  0.000000e+00  2.556589e+02 
    0.000   12.964999  0.000000e+00  2.555838e+02 
    0.000   13.068000  0.000000e+00  2.555117e+02 
    0.000   13.169999  0.000000e+00  2.554428e+02 
    0.000   13.273000  0.000000e+00  2.553750e+02 
    0.000   13.375999  0.000000e+00  2.553082e+02 
    0.000   13.478999  0.000000e+00  2.552425e+02 
    0.000   13.582000  0.000000e+00  2.551777e+02 
    0.000   13.684999  0.000000e+00  2.551129e+02 
    0.000   13.787999  0.000000e+00  2.550483e+02 
    0.000   13.891000  0.000000e+00  2.549842e+02 
    0.000   13.993999  0.000000e+00  2.549217e+02 
    0.000   14.096000  0.000000e+00  2.548616e+02 
    0.000   14.198999  0.000000e+00  2.548022e+02 
    0.000   14.302000  0.000000e+00  2.547448e+02 
    0.000   14.405000  0.000000e+00  2.546899e+02 
    0.000   14.507999  0.000000e+00  2.546368e+02 
    0.000   14.611000  0.000000e+00  2.545848e+02 
    0.000   14.714000  0.000000e+00  2.545324e+02 
    0.000   14.816999  0.000000e+00  2.544800e+02 
    0.000   14.919999  0.000000e+00  2.544280e+02 
    0.000   15.021999  0.000000e+00  2.543765e+02 
    0.000   15.125000  0.000000e+00  2.543248e+02 
    0.000   15.228000  0.000000e+00  2.542735e+02 
    0.000   15.330999  0.000000e+00  2.542216e+02 
    0.000   15.434000  0.000000e+00  2.541684e+02 
    0.000   15.537000  0.000000e+00  2.541145e+02 
    0.000   15.639999  0.000000e+00  2.540608e+02 
    0.000   15.743000  0.000000e+00  2.540095e+02 
    0.000   15.846000  0.000000e+00  2.539603e+02 
    0.000   15.949000  0.000000e+00  2.539124e+02 
    0.000   16.051001  0.000000e+00  2.538671e+02 
    0.000   16.154001  0.000000e+00  2.538235e+02 
    0.000   16.257000  0.000000e+00  2.537817e+02 
    0.000   16.360001  0.000000e+00  2.537399e+02 
    0.000   16.463001  0.000000e+00  2.536954e+02 
    0.000   16.566000  0.000000e+00  2.536490e+02 
    0.000   16.669001  0.000000e+00  2.536017e+02 
    0.000   16.772001  0.000000e+00  2.535541e+02 
    0.000   16.875000  0.000000e+00  2.535063e+02 
    0.000   16.977001  0.000000e+00  2.534588e+02 
    0.000   17.080000  0.000000e+00  2.534110e+02 
    0.000   17.183001  0.000000e+00  2.533634e+02 
    0.000   17.286001  0.000000e+00  2.533160e+02 
    0.000   17.389000  0.000000e+00  2.532688e+02 
    0.000   17.492001  0.000000e+00  2.532219e+02 
    0.000   17.595001  0.000000e+00  2.531755e+02 
    0.000   17.698000  0.000000e+00  2.531294e+02 
    0.000   17.801001  0.000000e+00  2.530840e+02 
    0.000   17.903000  0.000000e+00  2.530404e+02 
    0.000   18.006001  0.000000e+00  2.529975e+02 
    0.000   18.109001  0.000000e+00  2.529554e+02 
    0.000   18.212000  0.000000e+00  2.529151e+02 
    0.000   18.315001  0.000000e+00  2.528764e+02 
    0.000   18.418001  0.000000e+00  2.528391e+02 
    0.000   18.521000  0.000000e+00  2.528029e+02 
    0.000   18.624001  0.000000e+00  2.527676e+02 
    0.000   18.727001  0.000000e+00  2.527330e+02 
    0.000   18.829000  0.000000e+00  2.526994e+02 
    0.000   18.932001  0.000000e+00  2.526662e+02 
    0.000   19.035000  0.000000e+00  2.526340e+02 
    0.000   19.138000  0.000000e+00  2.526025e+02 
    0.000   19.241001  0.000000e+00  2.525717e+02 
    0.000   19.344000  0.000000e+00  2.525407e+02 
    0.000   19.447001  0.000000e+00  2.525090e+02 
    0.000   19.550001  0.000000e+00  2.524772e+02 
    0.000   19.653000  0.000000e+00  2.524453e+02 
    0.000   19.755001  0.000000e+00  2.524131e+02 
    0.000   19.858000  0.000000e+00  2.523798e+02 
    0.000   19.961000  0.000000e+00  2.523461e+02 
    0.000   20.064001  0.000000e+00  2.523122e+02 
    0.000   20.363001  0.000000e+00  2.522144e+02 
    0.000   20.859001  0.000000e+00  2.520633e+02 
    0.000   21.355001  0.000000e+00  2.519382e+02 
    0.000   21.851000  0.000000e+00  2.518333e+02 
    0.000   22.346001  0.000000e+00  2.517339e+02 
    0.000   22.842001  0.000000e+00  2.516334e+02 
    0.000   23.338001  0.000000e+00  2.515360e+02 
    0.000   23.834000  0.000000e+00  2.514536e+02 
    0.000   24.329000  0.000000e+00  2.513984e+02 
    0.000   24.825001  0.000000e+00  2.513705e+02 
    0.000   25.321001  0.000000e+00  2.513607e+02 
    0.000   25.817001  0.000000e+00  2.513489e+02 
    0.000   26.312000  0.000000e+00  2.513398e+02 
    0.000   26.808001  0.000000e+00  2.513405e+02 
    0.000   27.304001  0.000000e+00  2.513489e+02 
    0.000   27.800001  0.000000e+00  2.513657e+02 
    0.000   28.295000  0.000000e+00  2.513936e+02 
    0.000   28.791000  0.000000e+00  2.514276e+02 
    0.000   29.287001  0.000000e+00  2.514654e+02 
    0.000   29.783001  0.000000e+00  2.515086e+02 
    0.000   30.278000  0.000000e+00  2.515582e+02 
    0.000   30.774000  0.000000e+00  2.516116e+02 
    0.000   31.270000  0.000000e+00  2.516670e+02 
    0.000   31.766001  0.000000e+00  2.517231e+02 
    0.000   32.262001  0.000000e+00  2.517800e+02 
    0.000   32.757000  0.000000e+00  2.518370e+02 
    0.000   33.253002  0.000000e+00  2.518924e+02 
    0.000   33.749001  0.000000e+00  2.519475e+02 
    0.000   34.244999  0.000000e+00  2.520032e+02 
    0.000   34.740002  0.000000e+00  2.520619e+02 
    0.000   35.236000  0.000000e+00  2.521235e+02 
    0.000   35.732002  0.000000e+00  2.521836e+02 
    0.000   36.228001  0.000000e+00  2.522415e+02 
    0.000   36.723000  0.000000e+00  2.522936e+02 
    0.000   37.219002  0.000000e+00  2.523409e+02 
    0.000   37.715000  0.000000e+00  2.523848e+02 
    0.000   38.211002  0.000000e+00  2.524260e+02 
    0.000   38.706001  0.000000e+00  2.524674e+02 
    0.000   39.202000  0.000000e+00  2.525101e+02 
    0.000   39.698002  0.000000e+00  2.525557e+02 
    0.000   40.198002  0.000000e+00  2.526060e+02 
    0.000   45.198002  0.000000e+00  2.530543e+02 
    0.000   50.198002  0.000000e+00  2.532797e+02 
    0.000   55.198002  0.000000e+00  2.532732e+02 
    0.000   60.198002  0.000000e+00  2.532061e+02 
    0.000   65.197998  0.000000e+00  2.531537e+02 
