    0.000    0.000000  0.000000e+00  3.517729e+02 
    0.000    0.103000  0.000000e+00  3.509292e+02 
    0.000    0.205000  0.000000e+00  3.497240e+02 
    0.000    0.308000  0.000000e+00  3.483719e+02 
    0.000    0.411000  0.000000e+00  3.470077e+02 
    0.000    0.514000  0.000000e+00  3.455696e+02 
    0.000    0.617000  0.000000e+00  3.439887e+02 
    0.000    0.720000  0.000000e+00  3.424031e+02 
    0.000    0.823000  0.000000e+00  3.407899e+02 
    0.000    0.926000  0.000000e+00  3.391752e+02 
    0.000    1.029000  0.000000e+00  3.375916e+02 
    0.000    1.131000  0.000000e+00  3.360894e+02 
    0.000    1.234000  0.000000e+00  3.345284e+02 
    0.000    1.337000  0.000000e+00  3.329573e+02 
    0.000    1.440000  0.000000e+00  3.312711e+02 
    0.000    1.543000  0.000000e+00  3.294578e+02 
    0.000    1.646000  0.000000e+00  3.277401e+02 
    0.000    1.749000  0.000000e+00  3.239707e+02 
    0.000    1.852000  0.000000e+00  3.213217e+02 
    0.000    1.955000  0.000000e+00  3.045941e+02 
    0.000    2.057000  0.000000e+00  3.000958e+02 
    0.000    2.160000  0.000000e+00  2.967711e+02 
    0.000    2.263000  0.000000e+00  2.942587e+02 
    0.000    2.366000  0.000000e+00  2.933457e+02 
    0.000    2.469000  0.000000e+00  2.923412e+02 
    0.000    2.572000  0.000000e+00  2.912827e+02 
    0.000    2.675000  0.000000e+00  2.901627e+02 
    0.000    2.778000  0.000000e+00  2.889824e+02 
    0.000    2.881000  0.000000e+00  2.877869e+02 
    0.000    2.983000  0.000000e+00  2.866136e+02 
    0.000    3.086000  0.000000e+00  2.854313e+02 
    0.000    3.189000  0.000000e+00  2.842178e+02 
    0.000    3.292000  0.000000e+00  2.829929e+02 
    0.000    3.395000  0.000000e+00  2.817744e+02 
    0.000    3.498000  0.000000e+00  2.805633e+02 
    0.000    3.601000  0.000000e+00  2.793556e+02 
    0.000    3.704000  0.000000e+00  2.781487e+02 
    0.000    3.807000  0.000000e+00  2.769457e+02 
    0.000    3.909000  0.000000e+00  2.757283e+02 
    0.000    4.012000  0.000000e+00  2.744949e+02 
    0.000    4.115000  0.000000e+00  2.732671e+02 
    0.000    4.218000  0.000000e+00  2.720494e+02 
    0.000    4.321000  0.000000e+00  2.708451e+02 
    0.000    4.424000  0.000000e+00  2.696544e+02 
    0.000    4.527000  0.000000e+00  2.684819e+02 
    0.000    4.630000  0.000000e+00  2.673232e+02 
    0.000    4.733000  0.000000e+00  2.661641e+02 
    0.000    4.835000  0.000000e+00  2.650240e+02 
    0.000    4.938000  0.000000e+00  2.638808e+02 
    0.000    5.041000  0.000000e+00  2.627426e+02 
    0.000    5.144000  0.000000e+00  2.616183e+02 
    0.000    5.247000  0.000000e+00  2.605074e+02 
    0.000    5.350000  0.000000e+00  2.594126e+02 
    0.000    5.453000  0.000000e+00  2.583353e+02 
    0.000    5.556000  0.000000e+00  2.572650e+02 
    0.000    5.659000  0.000000e+00  2.562082e+02 
    0.000    5.761000  0.000000e+00  2.551793e+02 
    0.000    5.864000  0.000000e+00  2.541647e+02 
    0.000    5.967000  0.000000e+00  2.531746e+02 
    0.000    6.070000  0.000000e+00  2.522133e+02 
    0.000    6.173000  0.000000e+00  2.512813e+02 
    0.000    6.276000  0.000000e+00  2.503752e+02 
    0.000    6.379000  0.000000e+00  2.494868e+02 
    0.000    6.482000  0.000000e+00  2.486162e+02 
    0.000    6.585000  0.000000e+00  2.477664e+02 
    0.000    6.688000  0.000000e+00  2.467283e+02 
    0.000    6.790000  0.000000e+00  2.457451e+02 
    0.000    6.893000  0.000000e+00  2.448442e+02 
    0.000    6.996000  0.000000e+00  2.440480e+02 
    0.000    7.099000  0.000000e+00  2.432088e+02 
    0.000    7.202000  0.000000e+00  2.426718e+02 
    0.000    7.305000  0.000000e+00  2.422436e+02 
    0.000    7.408000  0.000000e+00  2.418226e+02 
    0.000    7.511000  0.000000e+00  2.415823e+02 
    0.000    7.614000  0.000000e+00  2.412988e+02 
    0.000    7.716000  0.000000e+00  2.388624e+02 
    0.000    7.819000  0.000000e+00  2.387065e+02 
    0.000    7.922000  0.000000e+00  2.385231e+02 
    0.000    8.025000  0.000000e+00  2.383578e+02 
    0.000    8.128000  0.000000e+00  2.382184e+02 
    0.000    8.231000  0.000000e+00  2.380546e+02 
    0.000    8.334000  0.000000e+00  2.377299e+02 
    0.000    8.437000  0.000000e+00  2.374281e+02 
    0.000    8.540000  0.000000e+00  2.372235e+02 
    0.000    8.642000  0.000000e+00  2.370026e+02 
    0.000    8.745000  0.000000e+00  2.367326e+02 
    0.000    8.848000  0.000000e+00  2.362638e+02 
    0.000    8.951000  0.000000e+00  2.361278e+02 
    0.000    9.054000  0.000000e+00  2.359958e+02 
    0.000    9.157000  0.000000e+00  2.358685e+02 
    0.000    9.260000  0.000000e+00  2.357634e+02 
    0.000    9.363000  0.000000e+00  2.356742e+02 
    0.000    9.466000  0.000000e+00  2.355940e+02 
    0.000    9.568000  0.000000e+00  2.355211e+02 
    0.000    9.671000  0.000000e+00  2.354527e+02 
    0.000    9.774000  0.000000e+00  2.353917e+02 
    0.000    9.877000  0.000000e+00  2.353429e+02 
    0.000    9.980000  0.000000e+00  2.353033e+02 
    0.000   10.083000  0.000000e+00  2.352655e+02 
    0.000   10.186000  0.000000e+00  2.352214e+02 
    0.000   10.289000  0.000000e+00  2.351738e+02 
    0.000   10.392000  0.000000e+00  2.351279e+02 
    0.000   10.494000  0.000000e+00  2.350882e+02 
    0.000   10.597000  0.000000e+00  2.350528e+02 
    0.000   10.700000  0.000000e+00  2.350164e+02 
    0.000   10.803000  0.000000e+00  2.349708e+02 
    0.000   10.906000  0.000000e+00  2.349192e+02 
    0.000   11.009000  0.000000e+00  2.348626e+02 
    0.000   11.112000  0.000000e+00  2.347960e+02 
    0.000   11.215000  0.000000e+00  2.347226e+02 
    0.000   11.318000  0.000000e+00  2.346454e+02 
    0.000   11.420000  0.000000e+00  2.345652e+02 
    0.000   11.523000  0.000000e+00  2.344818e+02 
    0.000   11.626000  0.000000e+00  2.343968e+02 
    0.000   11.729000  0.000000e+00  2.343096e+02 
    0.000   11.832000  0.000000e+00  2.342210e+02 
    0.000   11.935000  0.000000e+00  2.341316e+02 
    0.000   12.038000  0.000000e+00  2.340422e+02 
    0.000   12.141000  0.000000e+00  2.339529e+02 
    0.000   12.244000  0.000000e+00  2.338638e+02 
    0.000   12.347000  0.000000e+00  2.337800e+02 
    0.000   12.449000  0.000000e+00  2.337019e+02 
    0.000   12.552000  0.000000e+00  2.336260e+02 
    0.000   12.655000  0.000000e+00  2.335541e+02 
    0.000   12.758000  0.000000e+00  2.334857e+02 
    0.000   12.861000  0.000000e+00  2.334200e+02 
    0.000   12.964000  0.000000e+00  2.333570e+02 
    0.000   13.067000  0.000000e+00  2.332967e+02 
    0.000   13.170000  0.000000e+00  2.332387e+02 
    0.000   13.273000  0.000000e+00  2.331822e+02 
    0.000   13.375000  0.000000e+00  2.331273e+02 
    0.000   13.478000  0.000000e+00  2.330729e+02 
    0.000   13.581000  0.000000e+00  2.330194e+02 
    0.000   13.684000  0.000000e+00  2.329657e+02 
    0.000   13.787000  0.000000e+00  2.329119e+02 
    0.000   13.890000  0.000000e+00  2.328585e+02 
    0.000   13.993000  0.000000e+00  2.328065e+02 
    0.000   14.096000  0.000000e+00  2.327560e+02 
    0.000   14.199000  0.000000e+00  2.327066e+02 
    0.000   14.301000  0.000000e+00  2.326589e+02 
    0.000   14.404000  0.000000e+00  2.326122e+02 
    0.000   14.507000  0.000000e+00  2.325666e+02 
    0.000   14.610000  0.000000e+00  2.325216e+02 
    0.000   14.713000  0.000000e+00  2.324761e+02 
    0.000   14.816000  0.000000e+00  2.324305e+02 
    0.000   14.919000  0.000000e+00  2.323851e+02 
    0.000   15.022000  0.000000e+00  2.323397e+02 
    0.000   15.125000  0.000000e+00  2.322945e+02 
    0.000   15.227000  0.000000e+00  2.322499e+02 
    0.000   15.330000  0.000000e+00  2.322046e+02 
    0.000   15.433000  0.000000e+00  2.321587e+02 
    0.000   15.536000  0.000000e+00  2.321125e+02 
    0.000   15.639000  0.000000e+00  2.320671e+02 
    0.000   15.742000  0.000000e+00  2.320254e+02 
    0.000   15.845000  0.000000e+00  2.319865e+02 
    0.000   15.948000  0.000000e+00  2.319496e+02 
    0.000   16.051001  0.000000e+00  2.319131e+02 
    0.000   16.153000  0.000000e+00  2.318773e+02 
    0.000   16.256001  0.000000e+00  2.318414e+02 
    0.000   16.358999  0.000000e+00  2.318047e+02 
    0.000   16.462000  0.000000e+00  2.317648e+02 
    0.000   16.565001  0.000000e+00  2.317229e+02 
    0.000   16.667999  0.000000e+00  2.316797e+02 
    0.000   16.771000  0.000000e+00  2.316365e+02 
    0.000   16.874001  0.000000e+00  2.315932e+02 
    0.000   16.976999  0.000000e+00  2.315498e+02 
    0.000   17.080000  0.000000e+00  2.315066e+02 
    0.000   17.181999  0.000000e+00  2.314641e+02 
    0.000   17.285000  0.000000e+00  2.314214e+02 
    0.000   17.388000  0.000000e+00  2.313788e+02 
    0.000   17.490999  0.000000e+00  2.313371e+02 
    0.000   17.594000  0.000000e+00  2.312962e+02 
    0.000   17.697001  0.000000e+00  2.312559e+02 
    0.000   17.799999  0.000000e+00  2.312165e+02 
    0.000   17.903000  0.000000e+00  2.311788e+02 
    0.000   18.006001  0.000000e+00  2.311425e+02 
    0.000   18.108000  0.000000e+00  2.311074e+02 
    0.000   18.211000  0.000000e+00  2.310735e+02 
    0.000   18.313999  0.000000e+00  2.310411e+02 
    0.000   18.417000  0.000000e+00  2.310098e+02 
    0.000   18.520000  0.000000e+00  2.309794e+02 
    0.000   18.622999  0.000000e+00  2.309495e+02 
    0.000   18.726000  0.000000e+00  2.309201e+02 
    0.000   18.829000  0.000000e+00  2.308913e+02 
    0.000   18.931999  0.000000e+00  2.308631e+02 
    0.000   19.034000  0.000000e+00  2.308359e+02 
    0.000   19.136999  0.000000e+00  2.308091e+02 
    0.000   19.240000  0.000000e+00  2.307828e+02 
    0.000   19.343000  0.000000e+00  2.307560e+02 
    0.000   19.445999  0.000000e+00  2.307284e+02 
    0.000   19.549000  0.000000e+00  2.307004e+02 
    0.000   19.652000  0.000000e+00  2.306722e+02 
    0.000   19.754999  0.000000e+00  2.306435e+02 
    0.000   19.858000  0.000000e+00  2.306143e+02 
    0.000   19.959999  0.000000e+00  2.305850e+02 
    0.000   20.063000  0.000000e+00  2.305553e+02 
    0.000   20.363001  0.000000e+00  2.304707e+02 
    0.000   20.858000  0.000000e+00  2.303434e+02 
    0.000   21.354000  0.000000e+00  2.302392e+02 
    0.000   21.850000  0.000000e+00  2.301504e+02 
    0.000   22.346001  0.000000e+00  2.300651e+02 
    0.000   22.841000  0.000000e+00  2.299760e+02 
    0.000   23.337000  0.000000e+00  2.298892e+02 
    0.000   23.833000  0.000000e+00  2.298180e+02 
    0.000   24.329000  0.000000e+00  2.297731e+02 
    0.000   24.823999  0.000000e+00  2.297554e+02 
    0.000   25.320000  0.000000e+00  2.297519e+02 
    0.000   25.816000  0.000000e+00  2.297468e+02 
    0.000   26.312000  0.000000e+00  2.297478e+02 
    0.000   26.806999  0.000000e+00  2.297552e+02 
    0.000   27.302999  0.000000e+00  2.297678e+02 
    0.000   27.799000  0.000000e+00  2.297885e+02 
    0.000   28.295000  0.000000e+00  2.298191e+02 
    0.000   28.790001  0.000000e+00  2.298535e+02 
    0.000   29.285999  0.000000e+00  2.298937e+02 
    0.000   29.782000  0.000000e+00  2.299404e+02 
    0.000   30.278000  0.000000e+00  2.299931e+02 
    0.000   30.773001  0.000000e+00  2.300487e+02 
    0.000   31.268999  0.000000e+00  2.301061e+02 
    0.000   31.764999  0.000000e+00  2.301646e+02 
    0.000   32.261002  0.000000e+00  2.302238e+02 
    0.000   32.756001  0.000000e+00  2.302825e+02 
    0.000   33.251999  0.000000e+00  2.303397e+02 
    0.000   33.748001  0.000000e+00  2.303967e+02 
    0.000   34.243999  0.000000e+00  2.304544e+02 
    0.000   34.738998  0.000000e+00  2.305146e+02 
    0.000   35.235001  0.000000e+00  2.305771e+02 
    0.000   35.730999  0.000000e+00  2.306373e+02 
    0.000   36.227001  0.000000e+00  2.306949e+02 
    0.000   36.722000  0.000000e+00  2.307475e+02 
    0.000   37.217999  0.000000e+00  2.307961e+02 
    0.000   37.714001  0.000000e+00  2.308409e+02 
    0.000   38.209999  0.000000e+00  2.308825e+02 
    0.000   38.705002  0.000000e+00  2.309243e+02 
    0.000   39.201000  0.000000e+00  2.309672e+02 
    0.000   39.696999  0.000000e+00  2.310130e+02 
    0.000   40.196999  0.000000e+00  2.310634e+02 
    0.000   45.196999  0.000000e+00  2.315123e+02 
    0.000   50.196999  0.000000e+00  2.317387e+02 
    0.000   55.196999  0.000000e+00  2.317325e+02 
    0.000   60.196999  0.000000e+00  2.316652e+02 
    0.000   65.196999  0.000000e+00  2.316128e+02 
