   67.452    0.000000  7.275745e-05  1.073538e+01 
   67.452    0.103000  7.315195e-05  1.087628e+01 
   67.452    0.206000  7.354614e-05  1.102022e+01 
   67.452    0.309000  7.393744e-05  1.116584e+01 
   67.452    0.411000  7.432111e-05  1.131095e+01 
   67.452    0.514000  7.470424e-05  1.145789e+01 
   67.452    0.617000  7.508389e-05  1.160485e+01 
   67.452    0.720000  1.039754e-04  1.491226e+01 
   67.452    0.823000  1.468235e-04  1.833582e+01 
   67.452    0.926000  2.116413e-04  2.189266e+01 
   67.452    1.029000  3.121419e-04  2.561522e+01 
   67.452    1.132000  4.726558e-04  2.954067e+01 
   67.452    1.235000  7.404262e-04  3.374896e+01 
   67.452    1.337000  1.210916e-03  3.833822e+01 
   67.452    1.440000  2.119474e-03  4.353683e+01 
   67.452    1.543000  4.065794e-03  4.959022e+01 
   67.452    1.646000  8.884625e-03  5.689563e+01 
   67.452    1.749000  2.355396e-02  6.617665e+01 
   67.452    1.852000  8.258563e-02  7.864026e+01 
   67.452    1.955000  4.056390e-01  9.592598e+01 
   67.452    2.058000  2.543207e+00  1.194341e+02 
   67.452    2.161000  1.622059e+01  1.496522e+02 
   67.452    2.263000  8.422875e+01  1.842921e+02 
   67.452    2.366000  3.395503e+02  2.160862e+02 
   67.452    2.469000  3.416567e+02  2.159388e+02 
   67.452    2.572000  3.436205e+02  2.158413e+02 
   67.452    2.675000  3.452466e+02  2.157523e+02 
   67.452    2.778000  3.468517e+02  2.156973e+02 
   67.452    2.881000  3.484391e+02  2.156695e+02 
   67.452    2.984000  3.500129e+02  2.156636e+02 
   67.452    3.087000  3.515736e+02  2.156764e+02 
   67.452    3.189000  3.531072e+02  2.157049e+02 
   67.452    3.292000  3.546449e+02  2.157475e+02 
   67.452    3.395000  3.561732e+02  2.158021e+02 
   67.452    3.498000  3.576922e+02  2.158674e+02 
   67.452    3.601000  3.592028e+02  2.159421e+02 
   67.452    3.704000  3.607074e+02  2.160250e+02 
   67.452    3.807000  3.622051e+02  2.161154e+02 
   67.452    3.910000  3.636960e+02  2.162124e+02 
   67.452    4.013000  3.651789e+02  2.163154e+02 
   67.452    4.116000  3.669495e+02  2.164607e+02 
   67.452    4.218000  3.687516e+02  2.166162e+02 
   67.452    4.321000  3.706256e+02  2.167854e+02 
   67.452    4.424000  3.725716e+02  2.169682e+02 
   67.452    4.527000  3.746209e+02  2.171682e+02 
   67.452    4.630000  3.760508e+02  2.172954e+02 
   67.452    4.733000  3.774675e+02  2.174255e+02 
   67.452    4.836000  3.788680e+02  2.175582e+02 
   67.452    4.939000  3.802507e+02  2.176932e+02 
   67.452    5.042000  3.816139e+02  2.178302e+02 
   67.452    5.144000  3.829422e+02  2.179678e+02 
   67.452    5.247000  3.842624e+02  2.181083e+02 
   67.452    5.350000  3.855620e+02  2.182501e+02 
   67.452    5.453000  3.868402e+02  2.183931e+02 
   67.452    5.556000  3.880988e+02  2.185369e+02 
   67.452    5.659000  3.893377e+02  2.186815e+02 
   67.452    5.762000  3.905564e+02  2.188266e+02 
   67.452    5.865000  3.917551e+02  2.189721e+02 
   67.452    5.968000  3.929333e+02  2.191180e+02 
   67.452    6.070000  3.940823e+02  2.192624e+02 
   67.452    6.173000  3.952281e+02  2.194082e+02 
   67.452    6.276000  3.963619e+02  2.195535e+02 
   67.452    6.379000  3.974861e+02  2.196983e+02 
   67.452    6.482000  3.986008e+02  2.198426e+02 
   67.452    6.585000  3.997067e+02  2.199864e+02 
   67.452    6.688000  4.008048e+02  2.201295e+02 
   67.452    6.791000  4.030128e+02  2.203458e+02 
   67.452    6.894000  4.051577e+02  2.205569e+02 
   67.452    6.996000  4.078149e+02  2.207992e+02 
   67.452    7.099000  4.101337e+02  2.210192e+02 
   67.452    7.202000  4.125638e+02  2.212475e+02 
   67.452    7.305000  4.147402e+02  2.214615e+02 
   67.452    7.408000  4.169749e+02  2.216812e+02 
   67.452    7.511000  4.192088e+02  2.219022e+02 
   67.452    7.614000  4.213129e+02  2.221160e+02 
   67.452    7.717000  4.233016e+02  2.223226e+02 
   67.452    7.820000  4.251956e+02  2.225215e+02 
   67.452    7.922000  4.268100e+02  2.227006e+02 
   67.452    8.025000  4.283524e+02  2.228745e+02 
   67.452    8.128000  4.303633e+02  2.230749e+02 
   67.452    8.231000  4.321472e+02  2.232595e+02 
   67.452    8.334000  4.349061e+02  2.235007e+02 
   67.452    8.437000  4.368718e+02  2.236929e+02 
   67.452    8.540000  4.383335e+02  2.238543e+02 
   67.452    8.643000  4.399831e+02  2.240263e+02 
   67.452    8.746000  4.413372e+02  2.241804e+02 
   67.452    8.848000  4.424848e+02  2.243555e+02 
   67.452    8.951000  4.438972e+02  2.245591e+02 
   67.452    9.054000  4.456994e+02  2.248031e+02 
   67.452    9.157000  4.478982e+02  2.250866e+02 
   67.452    9.260000  4.502470e+02  2.253810e+02 
   67.452    9.363000  4.524914e+02  2.256586e+02 
   67.452    9.466000  4.529812e+02  2.257473e+02 
   67.452    9.569000  4.534689e+02  2.258340e+02 
   67.452    9.672000  4.539548e+02  2.259187e+02 
   67.452    9.775000  4.544359e+02  2.260016e+02 
   67.452    9.877000  4.549034e+02  2.260818e+02 
   67.452    9.980000  4.553654e+02  2.261610e+02 
   67.452   10.083000  4.558178e+02  2.262384e+02 
   67.452   10.186000  4.562920e+02  2.263134e+02 
   67.452   10.289000  4.567542e+02  2.263870e+02 
   67.452   10.392000  4.572071e+02  2.264592e+02 
   67.452   10.495000  4.576543e+02  2.265301e+02 
   67.452   10.598000  4.580966e+02  2.265997e+02 
   67.452   10.701000  4.585330e+02  2.266681e+02 
   67.452   10.802999  4.589588e+02  2.267348e+02 
   67.452   10.906000  4.593820e+02  2.268011e+02 
   67.452   11.009000  4.597990e+02  2.268665e+02 
   67.452   11.112000  4.602106e+02  2.269310e+02 
   67.452   11.215000  4.606169e+02  2.269947e+02 
   67.452   11.318000  4.610180e+02  2.270575e+02 
   67.452   11.421000  4.614141e+02  2.271196e+02 
   67.452   11.524000  4.618052e+02  2.271809e+02 
   67.452   11.627000  4.621913e+02  2.272415e+02 
   67.452   11.729000  4.625684e+02  2.273007e+02 
   67.452   11.832000  4.629441e+02  2.273597e+02 
   67.452   11.934999  4.633145e+02  2.274179e+02 
   67.452   12.038000  4.636799e+02  2.274753e+02 
   67.452   12.141000  4.640403e+02  2.275319e+02 
   67.452   12.243999  4.643957e+02  2.275878e+02 
   67.452   12.347000  4.647463e+02  2.276428e+02 
   67.452   12.450000  4.650924e+02  2.276971e+02 
   67.452   12.552999  4.654339e+02  2.277505e+02 
   67.452   12.655000  4.657675e+02  2.278026e+02 
   67.452   12.757999  4.660998e+02  2.278543e+02 
   67.452   12.861000  4.664279e+02  2.279051e+02 
   67.452   12.964000  4.667520e+02  2.279551e+02 
   67.452   13.066999  4.670723e+02  2.280041e+02 
   67.452   13.170000  4.673888e+02  2.280521e+02 
   67.452   13.273000  4.677015e+02  2.280993e+02 
   67.452   13.375999  4.680107e+02  2.281454e+02 
   67.452   13.479000  4.683165e+02  2.281906e+02 
   67.452   13.581000  4.686157e+02  2.282345e+02 
   67.452   13.684000  4.689145e+02  2.282778e+02 
   67.452   13.787000  4.692099e+02  2.283201e+02 
   67.452   13.890000  4.695019e+02  2.283616e+02 
   67.452   13.993000  4.697907e+02  2.284020e+02 
   67.452   14.096000  4.700764e+02  2.284415e+02 
   67.452   14.199000  4.703589e+02  2.284801e+02 
   67.452   14.302000  4.706382e+02  2.285177e+02 
   67.452   14.405000  4.709144e+02  2.285545e+02 
   67.452   14.507000  4.711849e+02  2.285900e+02 
   67.452   14.610000  4.714548e+02  2.286250e+02 
   67.452   14.713000  4.717216e+02  2.286593e+02 
   67.452   14.816000  4.719852e+02  2.286930e+02 
   67.452   14.919000  4.722455e+02  2.287259e+02 
   67.452   15.022000  4.725027e+02  2.287582e+02 
   67.452   15.125000  4.727567e+02  2.287898e+02 
   67.452   15.228000  4.730075e+02  2.288209e+02 
   67.452   15.331000  4.732553e+02  2.288513e+02 
   67.452   15.434000  4.735000e+02  2.288812e+02 
   67.452   15.536000  4.737393e+02  2.289102e+02 
   67.452   15.639000  4.739780e+02  2.289388e+02 
   67.452   15.742000  4.742137e+02  2.289669e+02 
   67.452   15.845000  4.744467e+02  2.289943e+02 
   67.452   15.947999  4.746768e+02  2.290211e+02 
   67.452   16.051001  4.749044e+02  2.290474e+02 
   67.452   16.154001  4.751295e+02  2.290731e+02 
   67.452   16.257000  4.753523e+02  2.290982e+02 
   67.452   16.360001  4.755726e+02  2.291227e+02 
   67.452   16.462000  4.757885e+02  2.291464e+02 
   67.452   16.565001  4.760044e+02  2.291697e+02 
   67.452   16.668001  4.762180e+02  2.291925e+02 
   67.452   16.771000  4.764297e+02  2.292146e+02 
   67.452   16.874001  4.766394e+02  2.292359e+02 
   67.452   16.977001  4.768473e+02  2.292567e+02 
   67.452   17.080000  4.770535e+02  2.292766e+02 
   67.452   17.183001  4.772583e+02  2.292957e+02 
   67.452   17.286001  4.774617e+02  2.293138e+02 
   67.452   17.388000  4.776617e+02  2.293310e+02 
   67.452   17.491001  4.778625e+02  2.293473e+02 
   67.452   17.594002  4.780623e+02  2.293628e+02 
   67.452   17.697001  4.782608e+02  2.293773e+02 
   67.452   17.800001  4.784581e+02  2.293910e+02 
   67.452   17.903002  4.786538e+02  2.294040e+02 
   67.452   18.006001  4.788481e+02  2.294163e+02 
   67.452   18.109001  4.790407e+02  2.294279e+02 
   67.452   18.212000  4.792318e+02  2.294390e+02 
   67.452   18.314001  4.794193e+02  2.294494e+02 
   67.452   18.417002  4.796069e+02  2.294594e+02 
   67.452   18.520000  4.797930e+02  2.294689e+02 
   67.452   18.623001  4.799774e+02  2.294777e+02 
   67.452   18.726002  4.801605e+02  2.294861e+02 
   67.452   18.829000  4.803420e+02  2.294938e+02 
   67.452   18.932001  4.805221e+02  2.295010e+02 
   67.452   19.035002  4.807008e+02  2.295077e+02 
   67.452   19.138000  4.808782e+02  2.295138e+02 
   67.452   19.240002  4.810525e+02  2.295194e+02 
   67.452   19.343000  4.812272e+02  2.295245e+02 
   67.452   19.446001  4.814006e+02  2.295292e+02 
   67.452   19.549002  4.815727e+02  2.295334e+02 
   67.452   19.652000  4.817434e+02  2.295371e+02 
   67.452   19.755001  4.819129e+02  2.295404e+02 
   67.452   19.858002  4.820810e+02  2.295432e+02 
   67.452   19.961000  4.822479e+02  2.295457e+02 
   67.452   20.064001  4.824139e+02  2.295475e+02 
   67.452   20.363001  4.828907e+02  2.295495e+02 
   67.452   20.859001  4.836589e+02  2.295455e+02 
   67.452   21.354000  4.843975e+02  2.295329e+02 
   67.452   21.850000  4.851097e+02  2.295127e+02 
   67.452   22.346001  4.857880e+02  2.294893e+02 
   67.452   22.842001  4.864264e+02  2.294668e+02 
   67.452   23.337000  4.870207e+02  2.294472e+02 
   67.452   23.833000  4.875763e+02  2.294297e+02 
   67.452   24.329000  4.880981e+02  2.294125e+02 
   67.452   24.825001  4.885891e+02  2.293949e+02 
   67.452   25.320002  4.890476e+02  2.293779e+02 
   67.452   25.816000  4.894762e+02  2.293621e+02 
   67.452   26.312000  4.898765e+02  2.293470e+02 
   67.452   26.808001  4.902515e+02  2.293322e+02 
   67.452   27.303001  4.906016e+02  2.293175e+02 
   67.452   27.799002  4.909290e+02  2.293033e+02 
   67.452   28.295000  4.912347e+02  2.292895e+02 
   67.452   28.791000  4.915218e+02  2.292755e+02 
   67.452   29.286001  4.917924e+02  2.292612e+02 
   67.452   29.782001  4.920500e+02  2.292463e+02 
   67.452   30.278002  4.922957e+02  2.292307e+02 
   67.452   30.774000  4.925311e+02  2.292147e+02 
   67.452   31.269001  4.927575e+02  2.291982e+02 
   67.452   31.765001  4.929775e+02  2.291813e+02 
   67.452   32.260998  4.931928e+02  2.291640e+02 
   67.452   32.757000  4.934052e+02  2.291467e+02 
   67.452   33.251999  4.936157e+02  2.291297e+02 
   67.452   33.747997  4.938268e+02  2.291131e+02 
   67.452   34.243999  4.940394e+02  2.290972e+02 
   67.452   34.739998  4.942551e+02  2.290821e+02 
   67.452   35.235001  4.944746e+02  2.290679e+02 
   67.452   35.730999  4.946999e+02  2.290546e+02 
   67.452   36.226997  4.949311e+02  2.290421e+02 
   67.452   36.723000  4.951681e+02  2.290305e+02 
   67.452   37.218998  4.954105e+02  2.290196e+02 
   67.452   37.714001  4.956566e+02  2.290095e+02 
   67.452   38.209999  4.959059e+02  2.290001e+02 
   67.452   38.705997  4.961559e+02  2.289914e+02 
   67.452   39.202000  4.964050e+02  2.289836e+02 
   67.452   39.696999  4.966502e+02  2.289765e+02 
   67.452   40.196999  4.968895e+02  2.289713e+02 
   67.452   45.196999  4.987657e+02  2.289562e+02 
   67.452   50.196999  4.994754e+02  2.289608e+02 
   67.452   55.196999  4.997257e+02  2.289675e+02 
   67.452   60.196999  5.004874e+02  2.289727e+02 
   67.452   65.197006  5.017255e+02  2.289761e+02 
