    0.000    0.000000  0.000000e+00  3.509688e+02 
    0.000    0.103000  0.000000e+00  3.500154e+02 
    0.000    0.206000  0.000000e+00  3.487112e+02 
    0.000    0.309000  0.000000e+00  3.474115e+02 
    0.000    0.412000  0.000000e+00  3.461020e+02 
    0.000    0.514000  0.000000e+00  3.446796e+02 
    0.000    0.617000  0.000000e+00  3.431402e+02 
    0.000    0.720000  0.000000e+00  3.415938e+02 
    0.000    0.823000  0.000000e+00  3.400615e+02 
    0.000    0.926000  0.000000e+00  3.385300e+02 
    0.000    1.029000  0.000000e+00  3.369759e+02 
    0.000    1.132000  0.000000e+00  3.353775e+02 
    0.000    1.235000  0.000000e+00  3.336939e+02 
    0.000    1.338000  0.000000e+00  3.320429e+02 
    0.000    1.441000  0.000000e+00  3.304263e+02 
    0.000    1.543000  0.000000e+00  3.288348e+02 
    0.000    1.646000  0.000000e+00  3.271936e+02 
    0.000    1.749000  0.000000e+00  3.254945e+02 
    0.000    1.852000  0.000000e+00  3.237400e+02 
    0.000    1.955000  0.000000e+00  3.224056e+02 
    0.000    2.058000  0.000000e+00  3.127408e+02 
    0.000    2.161000  0.000000e+00  3.073087e+02 
    0.000    2.264000  0.000000e+00  3.034677e+02 
    0.000    2.367000  0.000000e+00  3.025453e+02 
    0.000    2.469000  0.000000e+00  3.015202e+02 
    0.000    2.572000  0.000000e+00  3.004093e+02 
    0.000    2.675000  0.000000e+00  2.992588e+02 
    0.000    2.778000  0.000000e+00  2.980858e+02 
    0.000    2.881000  0.000000e+00  2.968943e+02 
    0.000    2.984000  0.000000e+00  2.956819e+02 
    0.000    3.087000  0.000000e+00  2.944601e+02 
    0.000    3.190000  0.000000e+00  2.932249e+02 
    0.000    3.293000  0.000000e+00  2.919870e+02 
    0.000    3.395000  0.000000e+00  2.907462e+02 
    0.000    3.498000  0.000000e+00  2.894941e+02 
    0.000    3.601000  0.000000e+00  2.882434e+02 
    0.000    3.704000  0.000000e+00  2.869929e+02 
    0.000    3.807000  0.000000e+00  2.857493e+02 
    0.000    3.910000  0.000000e+00  2.845153e+02 
    0.000    4.013000  0.000000e+00  2.832926e+02 
    0.000    4.116000  0.000000e+00  2.820724e+02 
    0.000    4.219000  0.000000e+00  2.808502e+02 
    0.000    4.321000  0.000000e+00  2.796438e+02 
    0.000    4.424000  0.000000e+00  2.784371e+02 
    0.000    4.527000  0.000000e+00  2.772445e+02 
    0.000    4.630000  0.000000e+00  2.760627e+02 
    0.000    4.733000  0.000000e+00  2.748729e+02 
    0.000    4.836000  0.000000e+00  2.736907e+02 
    0.000    4.939000  0.000000e+00  2.725178e+02 
    0.000    5.042000  0.000000e+00  2.713541e+02 
    0.000    5.145000  0.000000e+00  2.702071e+02 
    0.000    5.247000  0.000000e+00  2.690790e+02 
    0.000    5.350000  0.000000e+00  2.679544e+02 
    0.000    5.453000  0.000000e+00  2.668471e+02 
    0.000    5.556000  0.000000e+00  2.657504e+02 
    0.000    5.659000  0.000000e+00  2.646678e+02 
    0.000    5.762000  0.000000e+00  2.636028e+02 
    0.000    5.865000  0.000000e+00  2.625565e+02 
    0.000    5.968000  0.000000e+00  2.615300e+02 
    0.000    6.071000  0.000000e+00  2.605264e+02 
    0.000    6.173000  0.000000e+00  2.595535e+02 
    0.000    6.276000  0.000000e+00  2.585955e+02 
    0.000    6.379000  0.000000e+00  2.576624e+02 
    0.000    6.482000  0.000000e+00  2.567546e+02 
    0.000    6.585000  0.000000e+00  2.558717e+02 
    0.000    6.688000  0.000000e+00  2.550101e+02 
    0.000    6.791000  0.000000e+00  2.540764e+02 
    0.000    6.894000  0.000000e+00  2.532103e+02 
    0.000    6.997000  0.000000e+00  2.524156e+02 
    0.000    7.099000  0.000000e+00  2.516742e+02 
    0.000    7.202000  0.000000e+00  2.510439e+02 
    0.000    7.305000  0.000000e+00  2.505422e+02 
    0.000    7.408000  0.000000e+00  2.501122e+02 
    0.000    7.511000  0.000000e+00  2.498168e+02 
    0.000    7.614000  0.000000e+00  2.495830e+02 
    0.000    7.717000  0.000000e+00  2.494291e+02 
    0.000    7.820000  0.000000e+00  2.492885e+02 
    0.000    7.923000  0.000000e+00  2.491945e+02 
    0.000    8.026000  0.000000e+00  2.491009e+02 
    0.000    8.128000  0.000000e+00  2.489497e+02 
    0.000    8.231000  0.000000e+00  2.487952e+02 
    0.000    8.334001  0.000000e+00  2.486098e+02 
    0.000    8.437000  0.000000e+00  2.484042e+02 
    0.000    8.540000  0.000000e+00  2.482267e+02 
    0.000    8.643001  0.000000e+00  2.480199e+02 
    0.000    8.746000  0.000000e+00  2.478369e+02 
    0.000    8.849000  0.000000e+00  2.476963e+02 
    0.000    8.952001  0.000000e+00  2.475567e+02 
    0.000    9.054000  0.000000e+00  2.474185e+02 
    0.000    9.157001  0.000000e+00  2.472807e+02 
    0.000    9.260000  0.000000e+00  2.471590e+02 
    0.000    9.363000  0.000000e+00  2.470489e+02 
    0.000    9.466001  0.000000e+00  2.469453e+02 
    0.000    9.569000  0.000000e+00  2.468474e+02 
    0.000    9.672000  0.000000e+00  2.467542e+02 
    0.000    9.775001  0.000000e+00  2.466692e+02 
    0.000    9.878000  0.000000e+00  2.466026e+02 
    0.000    9.980000  0.000000e+00  2.465500e+02 
    0.000   10.083000  0.000000e+00  2.465011e+02 
    0.000   10.186000  0.000000e+00  2.464476e+02 
    0.000   10.289001  0.000000e+00  2.463920e+02 
    0.000   10.392000  0.000000e+00  2.463360e+02 
    0.000   10.495000  0.000000e+00  2.462784e+02 
    0.000   10.598001  0.000000e+00  2.462203e+02 
    0.000   10.701000  0.000000e+00  2.461614e+02 
    0.000   10.804000  0.000000e+00  2.460982e+02 
    0.000   10.906000  0.000000e+00  2.460333e+02 
    0.000   11.009000  0.000000e+00  2.459645e+02 
    0.000   11.112000  0.000000e+00  2.458861e+02 
    0.000   11.215000  0.000000e+00  2.458011e+02 
    0.000   11.318000  0.000000e+00  2.457130e+02 
    0.000   11.421000  0.000000e+00  2.456230e+02 
    0.000   11.524000  0.000000e+00  2.455317e+02 
    0.000   11.627000  0.000000e+00  2.454399e+02 
    0.000   11.730000  0.000000e+00  2.453478e+02 
    0.000   11.832001  0.000000e+00  2.452564e+02 
    0.000   11.935000  0.000000e+00  2.451642e+02 
    0.000   12.038000  0.000000e+00  2.450713e+02 
    0.000   12.141001  0.000000e+00  2.449777e+02 
    0.000   12.244000  0.000000e+00  2.448841e+02 
    0.000   12.347000  0.000000e+00  2.447933e+02 
    0.000   12.450001  0.000000e+00  2.447055e+02 
    0.000   12.553000  0.000000e+00  2.446195e+02 
    0.000   12.656000  0.000000e+00  2.445380e+02 
    0.000   12.758000  0.000000e+00  2.444620e+02 
    0.000   12.861000  0.000000e+00  2.443886e+02 
    0.000   12.964001  0.000000e+00  2.443180e+02 
    0.000   13.067000  0.000000e+00  2.442500e+02 
    0.000   13.170000  0.000000e+00  2.441841e+02 
    0.000   13.273001  0.000000e+00  2.441200e+02 
    0.000   13.376000  0.000000e+00  2.440575e+02 
    0.000   13.479000  0.000000e+00  2.439965e+02 
    0.000   13.582001  0.000000e+00  2.439367e+02 
    0.000   13.685000  0.000000e+00  2.438779e+02 
    0.000   13.787001  0.000000e+00  2.438206e+02 
    0.000   13.890000  0.000000e+00  2.437637e+02 
    0.000   13.993000  0.000000e+00  2.437073e+02 
    0.000   14.096001  0.000000e+00  2.436514e+02 
    0.000   14.199000  0.000000e+00  2.435962e+02 
    0.000   14.302000  0.000000e+00  2.435419e+02 
    0.000   14.405001  0.000000e+00  2.434888e+02 
    0.000   14.508000  0.000000e+00  2.434366e+02 
    0.000   14.611000  0.000000e+00  2.433853e+02 
    0.000   14.713000  0.000000e+00  2.433349e+02 
    0.000   14.816000  0.000000e+00  2.432844e+02 
    0.000   14.919001  0.000000e+00  2.432347e+02 
    0.000   15.022000  0.000000e+00  2.431847e+02 
    0.000   15.125000  0.000000e+00  2.431347e+02 
    0.000   15.228001  0.000000e+00  2.430849e+02 
    0.000   15.331000  0.000000e+00  2.430363e+02 
    0.000   15.434000  0.000000e+00  2.429891e+02 
    0.000   15.537001  0.000000e+00  2.429432e+02 
    0.000   15.639000  0.000000e+00  2.428992e+02 
    0.000   15.742001  0.000000e+00  2.428577e+02 
    0.000   15.845000  0.000000e+00  2.428188e+02 
    0.000   15.948000  0.000000e+00  2.427817e+02 
    0.000   16.051001  0.000000e+00  2.427420e+02 
    0.000   16.154001  0.000000e+00  2.426990e+02 
    0.000   16.257000  0.000000e+00  2.426541e+02 
    0.000   16.360001  0.000000e+00  2.426077e+02 
    0.000   16.462999  0.000000e+00  2.425592e+02 
    0.000   16.565001  0.000000e+00  2.425096e+02 
    0.000   16.668001  0.000000e+00  2.424586e+02 
    0.000   16.771000  0.000000e+00  2.424081e+02 
    0.000   16.874001  0.000000e+00  2.423581e+02 
    0.000   16.977001  0.000000e+00  2.423084e+02 
    0.000   17.080000  0.000000e+00  2.422597e+02 
    0.000   17.183001  0.000000e+00  2.422128e+02 
    0.000   17.286001  0.000000e+00  2.421673e+02 
    0.000   17.389000  0.000000e+00  2.421227e+02 
    0.000   17.491001  0.000000e+00  2.420802e+02 
    0.000   17.594000  0.000000e+00  2.420389e+02 
    0.000   17.697001  0.000000e+00  2.419985e+02 
    0.000   17.800001  0.000000e+00  2.419594e+02 
    0.000   17.903000  0.000000e+00  2.419218e+02 
    0.000   18.006001  0.000000e+00  2.418856e+02 
    0.000   18.109001  0.000000e+00  2.418504e+02 
    0.000   18.212000  0.000000e+00  2.418158e+02 
    0.000   18.315001  0.000000e+00  2.417817e+02 
    0.000   18.418001  0.000000e+00  2.417481e+02 
    0.000   18.520000  0.000000e+00  2.417153e+02 
    0.000   18.623001  0.000000e+00  2.416823e+02 
    0.000   18.726000  0.000000e+00  2.416496e+02 
    0.000   18.829000  0.000000e+00  2.416171e+02 
    0.000   18.932001  0.000000e+00  2.415851e+02 
    0.000   19.035000  0.000000e+00  2.415534e+02 
    0.000   19.138000  0.000000e+00  2.415222e+02 
    0.000   19.241001  0.000000e+00  2.414913e+02 
    0.000   19.344000  0.000000e+00  2.414601e+02 
    0.000   19.446001  0.000000e+00  2.414286e+02 
    0.000   19.549000  0.000000e+00  2.413966e+02 
    0.000   19.652000  0.000000e+00  2.413644e+02 
    0.000   19.755001  0.000000e+00  2.413321e+02 
    0.000   19.858000  0.000000e+00  2.412998e+02 
    0.000   19.961000  0.000000e+00  2.412675e+02 
    0.000   20.064001  0.000000e+00  2.412352e+02 
    0.000   20.363001  0.000000e+00  2.411447e+02 
    0.000   20.859001  0.000000e+00  2.410113e+02 
    0.000   21.355000  0.000000e+00  2.408994e+02 
    0.000   21.850000  0.000000e+00  2.407972e+02 
    0.000   22.346001  0.000000e+00  2.406979e+02 
    0.000   22.842001  0.000000e+00  2.405978e+02 
    0.000   23.337999  0.000000e+00  2.405047e+02 
    0.000   23.833000  0.000000e+00  2.404316e+02 
    0.000   24.329000  0.000000e+00  2.403836e+02 
    0.000   24.825001  0.000000e+00  2.403587e+02 
    0.000   25.321001  0.000000e+00  2.403432e+02 
    0.000   25.816000  0.000000e+00  2.403372e+02 
    0.000   26.312000  0.000000e+00  2.403404e+02 
    0.000   26.808001  0.000000e+00  2.403465e+02 
    0.000   27.304001  0.000000e+00  2.403580e+02 
    0.000   27.799000  0.000000e+00  2.403768e+02 
    0.000   28.295000  0.000000e+00  2.404014e+02 
    0.000   28.791000  0.000000e+00  2.404325e+02 
    0.000   29.287001  0.000000e+00  2.404718e+02 
    0.000   29.782000  0.000000e+00  2.405176e+02 
    0.000   30.278000  0.000000e+00  2.405678e+02 
    0.000   30.774000  0.000000e+00  2.406212e+02 
    0.000   31.270000  0.000000e+00  2.406766e+02 
    0.000   31.764999  0.000000e+00  2.407329e+02 
    0.000   32.260998  0.000000e+00  2.407900e+02 
    0.000   32.757000  0.000000e+00  2.408472e+02 
    0.000   33.252998  0.000000e+00  2.409037e+02 
    0.000   33.747997  0.000000e+00  2.409613e+02 
    0.000   34.243999  0.000000e+00  2.410211e+02 
    0.000   34.739998  0.000000e+00  2.410823e+02 
    0.000   35.236000  0.000000e+00  2.411440e+02 
    0.000   35.730999  0.000000e+00  2.412026e+02 
    0.000   36.226997  0.000000e+00  2.412580e+02 
    0.000   36.723000  0.000000e+00  2.413098e+02 
    0.000   37.218998  0.000000e+00  2.413584e+02 
    0.000   37.713997  0.000000e+00  2.414028e+02 
    0.000   38.209999  0.000000e+00  2.414436e+02 
    0.000   38.705997  0.000000e+00  2.414846e+02 
    0.000   39.202000  0.000000e+00  2.415269e+02 
    0.000   39.696999  0.000000e+00  2.415722e+02 
    0.000   40.196999  0.000000e+00  2.416226e+02 
    0.000   45.196999  0.000000e+00  2.420717e+02 
    0.000   50.196999  0.000000e+00  2.422985e+02 
    0.000   55.196999  0.000000e+00  2.422939e+02 
    0.000   60.196999  0.000000e+00  2.422259e+02 
    0.000   65.196999  0.000000e+00  2.421736e+02 
