    0.000    0.000000  0.000000e+00  3.507027e+02 
    0.000    0.103000  0.000000e+00  3.503073e+02 
    0.000    0.206000  0.000000e+00  3.491416e+02 
    0.000    0.309000  0.000000e+00  3.474233e+02 
    0.000    0.412000  0.000000e+00  3.456781e+02 
    0.000    0.515000  0.000000e+00  3.435413e+02 
    0.000    0.618000  0.000000e+00  3.408836e+02 
    0.000    0.721000  0.000000e+00  3.378978e+02 
    0.000    0.824000  0.000000e+00  3.348216e+02 
    0.000    0.927000  0.000000e+00  3.317188e+02 
    0.000    1.029000  0.000000e+00  3.286559e+02 
    0.000    1.132000  0.000000e+00  3.255723e+02 
    0.000    1.235000  0.000000e+00  3.224761e+02 
    0.000    1.338000  0.000000e+00  3.194448e+02 
    0.000    1.441000  0.000000e+00  3.164979e+02 
    0.000    1.544000  0.000000e+00  3.136410e+02 
    0.000    1.647000  0.000000e+00  3.109629e+02 
    0.000    1.750000  0.000000e+00  3.084608e+02 
    0.000    1.853000  0.000000e+00  3.062369e+02 
    0.000    1.955000  0.000000e+00  3.039708e+02 
    0.000    2.058000  0.000000e+00  3.018425e+02 
    0.000    2.161000  0.000000e+00  2.997495e+02 
    0.000    2.264000  0.000000e+00  2.975202e+02 
    0.000    2.367000  0.000000e+00  2.950991e+02 
    0.000    2.470000  0.000000e+00  2.925660e+02 
    0.000    2.573000  0.000000e+00  2.898859e+02 
    0.000    2.676000  0.000000e+00  2.871523e+02 
    0.000    2.779000  0.000000e+00  2.843535e+02 
    0.000    2.881000  0.000000e+00  2.824782e+02 
    0.000    2.984000  0.000000e+00  2.805211e+02 
    0.000    3.087000  0.000000e+00  2.784738e+02 
    0.000    3.190000  0.000000e+00  2.763330e+02 
    0.000    3.293000  0.000000e+00  2.741147e+02 
    0.000    3.396000  0.000000e+00  2.718756e+02 
    0.000    3.499000  0.000000e+00  2.695833e+02 
    0.000    3.602000  0.000000e+00  2.673409e+02 
    0.000    3.705000  0.000000e+00  2.649655e+02 
    0.000    3.807000  0.000000e+00  2.626900e+02 
    0.000    3.910000  0.000000e+00  2.604170e+02 
    0.000    4.013000  0.000000e+00  2.583786e+02 
    0.000    4.116000  0.000000e+00  2.564317e+02 
    0.000    4.219000  0.000000e+00  2.547017e+02 
    0.000    4.322000  0.000000e+00  2.531040e+02 
    0.000    4.425000  0.000000e+00  2.516517e+02 
    0.000    4.528000  0.000000e+00  2.501787e+02 
    0.000    4.631000  0.000000e+00  2.487908e+02 
    0.000    4.733000  0.000000e+00  2.475348e+02 
    0.000    4.836000  0.000000e+00  2.464157e+02 
    0.000    4.939000  0.000000e+00  2.452908e+02 
    0.000    5.042000  0.000000e+00  2.441400e+02 
    0.000    5.145000  0.000000e+00  2.429922e+02 
    0.000    5.248000  0.000000e+00  2.418226e+02 
    0.000    5.351000  0.000000e+00  2.406496e+02 
    0.000    5.454000  0.000000e+00  2.394823e+02 
    0.000    5.557000  0.000000e+00  2.383204e+02 
    0.000    5.659000  0.000000e+00  2.371814e+02 
    0.000    5.762000  0.000000e+00  2.360433e+02 
    0.000    5.865000  0.000000e+00  2.349348e+02 
    0.000    5.968000  0.000000e+00  2.338459e+02 
    0.000    6.071000  0.000000e+00  2.327794e+02 
    0.000    6.174000  0.000000e+00  2.317434e+02 
    0.000    6.277000  0.000000e+00  2.307222e+02 
    0.000    6.380000  0.000000e+00  2.298711e+02 
    0.000    6.483000  0.000000e+00  2.290353e+02 
    0.000    6.586000  0.000000e+00  2.282174e+02 
    0.000    6.688000  0.000000e+00  2.274290e+02 
    0.000    6.791000  0.000000e+00  2.266539e+02 
    0.000    6.894000  0.000000e+00  2.259359e+02 
    0.000    6.997000  0.000000e+00  2.253025e+02 
    0.000    7.100000  0.000000e+00  2.247285e+02 
    0.000    7.203000  0.000000e+00  2.242550e+02 
    0.000    7.306000  0.000000e+00  2.238754e+02 
    0.000    7.409000  0.000000e+00  2.233738e+02 
    0.000    7.512000  0.000000e+00  2.229429e+02 
    0.000    7.614000  0.000000e+00  2.226296e+02 
    0.000    7.717000  0.000000e+00  2.223033e+02 
    0.000    7.820000  0.000000e+00  2.220037e+02 
    0.000    7.923000  0.000000e+00  2.217377e+02 
    0.000    8.026000  0.000000e+00  2.214983e+02 
    0.000    8.129000  0.000000e+00  2.212735e+02 
    0.000    8.232000  0.000000e+00  2.210573e+02 
    0.000    8.335000  0.000000e+00  2.208352e+02 
    0.000    8.438000  0.000000e+00  2.206073e+02 
    0.000    8.540000  0.000000e+00  2.204087e+02 
    0.000    8.643000  0.000000e+00  2.201913e+02 
    0.000    8.746000  0.000000e+00  2.199861e+02 
    0.000    8.849000  0.000000e+00  2.197557e+02 
    0.000    8.952000  0.000000e+00  2.196012e+02 
    0.000    9.055000  0.000000e+00  2.194458e+02 
    0.000    9.158000  0.000000e+00  2.192869e+02 
    0.000    9.261000  0.000000e+00  2.190772e+02 
    0.000    9.364000  0.000000e+00  2.188824e+02 
    0.000    9.466000  0.000000e+00  2.186924e+02 
    0.000    9.569000  0.000000e+00  2.185118e+02 
    0.000    9.672000  0.000000e+00  2.183375e+02 
    0.000    9.775000  0.000000e+00  2.181651e+02 
    0.000    9.878000  0.000000e+00  2.179910e+02 
    0.000    9.981000  0.000000e+00  2.179468e+02 
    0.000   10.084000  0.000000e+00  2.179095e+02 
    0.000   10.187000  0.000000e+00  2.178799e+02 
    0.000   10.290000  0.000000e+00  2.178560e+02 
    0.000   10.392000  0.000000e+00  2.178342e+02 
    0.000   10.495000  0.000000e+00  2.178078e+02 
    0.000   10.598000  0.000000e+00  2.177787e+02 
    0.000   10.701000  0.000000e+00  2.177474e+02 
    0.000   10.804000  0.000000e+00  2.177097e+02 
    0.000   10.907000  0.000000e+00  2.176679e+02 
    0.000   11.010000  0.000000e+00  2.176225e+02 
    0.000   11.113000  0.000000e+00  2.175694e+02 
    0.000   11.216000  0.000000e+00  2.175109e+02 
    0.000   11.318000  0.000000e+00  2.174494e+02 
    0.000   11.421000  0.000000e+00  2.173819e+02 
    0.000   11.524000  0.000000e+00  2.173104e+02 
    0.000   11.627000  0.000000e+00  2.172370e+02 
    0.000   11.730000  0.000000e+00  2.171653e+02 
    0.000   11.833000  0.000000e+00  2.170949e+02 
    0.000   11.936000  0.000000e+00  2.170252e+02 
    0.000   12.039000  0.000000e+00  2.169601e+02 
    0.000   12.142000  0.000000e+00  2.168985e+02 
    0.000   12.245000  0.000000e+00  2.168390e+02 
    0.000   12.347000  0.000000e+00  2.167799e+02 
    0.000   12.450000  0.000000e+00  2.167198e+02 
    0.000   12.552999  0.000000e+00  2.166600e+02 
    0.000   12.656000  0.000000e+00  2.165995e+02 
    0.000   12.759000  0.000000e+00  2.165381e+02 
    0.000   12.862000  0.000000e+00  2.164763e+02 
    0.000   12.965000  0.000000e+00  2.164144e+02 
    0.000   13.068000  0.000000e+00  2.163524e+02 
    0.000   13.171000  0.000000e+00  2.162904e+02 
    0.000   13.273000  0.000000e+00  2.162299e+02 
    0.000   13.375999  0.000000e+00  2.161713e+02 
    0.000   13.479000  0.000000e+00  2.161147e+02 
    0.000   13.582000  0.000000e+00  2.160598e+02 
    0.000   13.684999  0.000000e+00  2.160097e+02 
    0.000   13.788000  0.000000e+00  2.159633e+02 
    0.000   13.891000  0.000000e+00  2.159195e+02 
    0.000   13.993999  0.000000e+00  2.158800e+02 
    0.000   14.097000  0.000000e+00  2.158445e+02 
    0.000   14.199000  0.000000e+00  2.158122e+02 
    0.000   14.302000  0.000000e+00  2.157811e+02 
    0.000   14.405000  0.000000e+00  2.157509e+02 
    0.000   14.507999  0.000000e+00  2.157218e+02 
    0.000   14.611000  0.000000e+00  2.156925e+02 
    0.000   14.714000  0.000000e+00  2.156603e+02 
    0.000   14.816999  0.000000e+00  2.156260e+02 
    0.000   14.920000  0.000000e+00  2.155909e+02 
    0.000   15.023000  0.000000e+00  2.155544e+02 
    0.000   15.125000  0.000000e+00  2.155171e+02 
    0.000   15.228000  0.000000e+00  2.154789e+02 
    0.000   15.331000  0.000000e+00  2.154405e+02 
    0.000   15.434000  0.000000e+00  2.154021e+02 
    0.000   15.537000  0.000000e+00  2.153636e+02 
    0.000   15.640000  0.000000e+00  2.153248e+02 
    0.000   15.743000  0.000000e+00  2.152842e+02 
    0.000   15.846000  0.000000e+00  2.152423e+02 
    0.000   15.949000  0.000000e+00  2.151996e+02 
    0.000   16.051001  0.000000e+00  2.151570e+02 
    0.000   16.154001  0.000000e+00  2.151137e+02 
    0.000   16.257000  0.000000e+00  2.150704e+02 
    0.000   16.360001  0.000000e+00  2.150275e+02 
    0.000   16.463001  0.000000e+00  2.149859e+02 
    0.000   16.566000  0.000000e+00  2.149453e+02 
    0.000   16.669001  0.000000e+00  2.149053e+02 
    0.000   16.772001  0.000000e+00  2.148674e+02 
    0.000   16.875000  0.000000e+00  2.148315e+02 
    0.000   16.978001  0.000000e+00  2.147967e+02 
    0.000   17.080000  0.000000e+00  2.147634e+02 
    0.000   17.183001  0.000000e+00  2.147308e+02 
    0.000   17.286001  0.000000e+00  2.146991e+02 
    0.000   17.389000  0.000000e+00  2.146682e+02 
    0.000   17.492001  0.000000e+00  2.146373e+02 
    0.000   17.595001  0.000000e+00  2.146067e+02 
    0.000   17.698000  0.000000e+00  2.145763e+02 
    0.000   17.801001  0.000000e+00  2.145463e+02 
    0.000   17.904001  0.000000e+00  2.145165e+02 
    0.000   18.006001  0.000000e+00  2.144874e+02 
    0.000   18.109001  0.000000e+00  2.144583e+02 
    0.000   18.212000  0.000000e+00  2.144293e+02 
    0.000   18.315001  0.000000e+00  2.144004e+02 
    0.000   18.418001  0.000000e+00  2.143717e+02 
    0.000   18.521000  0.000000e+00  2.143432e+02 
    0.000   18.624001  0.000000e+00  2.143147e+02 
    0.000   18.727001  0.000000e+00  2.142862e+02 
    0.000   18.830000  0.000000e+00  2.142578e+02 
    0.000   18.932001  0.000000e+00  2.142296e+02 
    0.000   19.035002  0.000000e+00  2.142007e+02 
    0.000   19.138000  0.000000e+00  2.141717e+02 
    0.000   19.241001  0.000000e+00  2.141426e+02 
    0.000   19.344002  0.000000e+00  2.141143e+02 
    0.000   19.447001  0.000000e+00  2.140872e+02 
    0.000   19.550001  0.000000e+00  2.140610e+02 
    0.000   19.653002  0.000000e+00  2.140354e+02 
    0.000   19.756001  0.000000e+00  2.140114e+02 
    0.000   19.858002  0.000000e+00  2.139891e+02 
    0.000   19.961000  0.000000e+00  2.139678e+02 
    0.000   20.064001  0.000000e+00  2.139475e+02 
    0.000   20.364000  0.000000e+00  2.138878e+02 
    0.000   20.859001  0.000000e+00  2.137869e+02 
    0.000   21.355001  0.000000e+00  2.136963e+02 
    0.000   21.851002  0.000000e+00  2.136129e+02 
    0.000   22.347000  0.000000e+00  2.135299e+02 
    0.000   22.842001  0.000000e+00  2.134552e+02 
    0.000   23.338001  0.000000e+00  2.133900e+02 
    0.000   23.834002  0.000000e+00  2.133354e+02 
    0.000   24.330000  0.000000e+00  2.132963e+02 
    0.000   24.825001  0.000000e+00  2.132751e+02 
    0.000   25.321001  0.000000e+00  2.132647e+02 
    0.000   25.817001  0.000000e+00  2.132637e+02 
    0.000   26.313002  0.000000e+00  2.132785e+02 
    0.000   26.808001  0.000000e+00  2.133016e+02 
    0.000   27.304001  0.000000e+00  2.133255e+02 
    0.000   27.800001  0.000000e+00  2.133481e+02 
    0.000   28.296001  0.000000e+00  2.133713e+02 
    0.000   28.791000  0.000000e+00  2.134017e+02 
    0.000   29.287001  0.000000e+00  2.134460e+02 
    0.000   29.783001  0.000000e+00  2.135005e+02 
    0.000   30.279001  0.000000e+00  2.135603e+02 
    0.000   30.774000  0.000000e+00  2.136156e+02 
    0.000   31.270000  0.000000e+00  2.136668e+02 
    0.000   31.766001  0.000000e+00  2.137151e+02 
    0.000   32.261997  0.000000e+00  2.137669e+02 
    0.000   32.757000  0.000000e+00  2.138234e+02 
    0.000   33.252998  0.000000e+00  2.138863e+02 
    0.000   33.749001  0.000000e+00  2.139540e+02 
    0.000   34.244999  0.000000e+00  2.140245e+02 
    0.000   34.739998  0.000000e+00  2.140922e+02 
    0.000   35.236000  0.000000e+00  2.141560e+02 
    0.000   35.731998  0.000000e+00  2.142122e+02 
    0.000   36.228001  0.000000e+00  2.142620e+02 
    0.000   36.723000  0.000000e+00  2.143088e+02 
    0.000   37.218998  0.000000e+00  2.143536e+02 
    0.000   37.715000  0.000000e+00  2.143986e+02 
    0.000   38.210999  0.000000e+00  2.144440e+02 
    0.000   38.705997  0.000000e+00  2.144904e+02 
    0.000   39.202000  0.000000e+00  2.145380e+02 
    0.000   39.697998  0.000000e+00  2.145873e+02 
    0.000   40.197998  0.000000e+00  2.146388e+02 
    0.000   45.197998  0.000000e+00  2.150900e+02 
    0.000   50.197998  0.000000e+00  2.153115e+02 
    0.000   55.197998  0.000000e+00  2.153146e+02 
    0.000   60.197998  0.000000e+00  2.152455e+02 
    0.000   65.198006  0.000000e+00  2.151931e+02 
